------------------------------------
Thu 01 Oct 2026 12:13:38 IDT
SLURM_JOBID:		21944011
SLURM_JOB_NODELIST:	ise-cpu256-14
SLURM_SCRATCH_DIR:	/scratch/shubit/21944011
Allocated Resouces:	cpu - 2 / mem - 61440 MB / gpu - 
SLURM_GPU_INDEX:	
Running as shubit from shimony account with normal QOS
------------------------------------
Thu 01 Oct 2026 12:13:38 IDT

SLURM_JOBID:		 21944011
SLURM_JOB_NODELIST:	 ise-cpu256-14 

--------------------------
date: SM_Grids
number_of_graphs: 10
graph_type: grid
size_of_graphs: [6, 6]
heuristic: bcc_heuristic
snake: False
run_uni: True
run_bi: True
run_multi: False
solution_vertices: []
algorithms: ['IDA']
lookahead: -1
bsd: False
cube_first_dims: 4
cube_buffer_dim: None
backward_sym_generation: False
sym_coil: False
prefix_set: None

---------- SM_Grids/6x6_grid_with_random_blocks_8per_0 ----------
[00:00:00:00:711] Path of length 32 found: [0, 6, 12, 18, 24, 30, 31, 32, 26, 25, 19, 13, 7, 8, 2, 3, 9, 10, 4, 5, 11, 17, 23, 22, 16, 15, 14, 20, 21, 27, 28, 34, 35]
[00:00:00:00:711] ! Unidirectional s-t. expansions: 1,014, time: 711 [ms], path length: 32 [edges], generated: 1,702
[00:00:00:00:168] Path of length 32 found: [35, 34, 28, 29, 23, 17, 11, 5, 4, 3, 2, 8, 7, 13, 19, 20, 14, 15, 9, 10, 16, 22, 21, 27, 26, 32, 31, 25, 24, 18, 12, 6, 0]
[00:00:00:00:168] ! Unidirectional t-s. expansions: 176, time: 168 [ms], path length: 32 [edges], generated: 314
[00:00:00:00:328] Path of length 32 found: [0, 6, 12, 18, 24, 30, 31, 32, 26, 25, 19, 20, 21, 22, 16, 10, 9, 15, 14, 13, 7, 8, 2, 3, 4, 5, 11, 17, 23, 29, 28, 34, 35]
[00:00:00:00:632] ! Bidirectional. expansions: 384, time: 328 [ms], path length: 32 [edges], g_F: 17, g_B: 15, generated: 0, MM: 2, MMPER: 5.0606060606060606%
[00:00:00:00:632] 
---------- SM_Grids/6x6_grid_with_random_blocks_8per_1 ----------
[00:00:00:06:929] Path of length 30 found: [0, 6, 12, 18, 24, 30, 31, 32, 33, 27, 21, 15, 14, 20, 19, 13, 7, 1, 2, 3, 4, 5, 11, 10, 16, 17, 23, 22, 28, 34, 35]
[00:00:00:06:930] ! Unidirectional s-t. expansions: 7,471, time: 6,929 [ms], path length: 30 [edges], generated: 12,904
[00:00:00:07:004] Path of length 30 found: [35, 29, 23, 17, 11, 5, 4, 3, 2, 8, 14, 20, 21, 15, 16, 22, 28, 27, 33, 32, 31, 30, 24, 25, 19, 18, 12, 13, 7, 1, 0]
[00:00:00:07:005] ! Unidirectional t-s. expansions: 7,451, time: 7,004 [ms], path length: 30 [edges], generated: 12,871
[00:00:00:12:077] Path of length 30 found: [0, 6, 12, 18, 24, 30, 31, 25, 19, 13, 7, 1, 2, 8, 14, 20, 21, 27, 33, 34, 28, 22, 16, 10, 4, 5, 11, 17, 23, 29, 35]
[00:00:00:12:332] ! Bidirectional. expansions: 12,052, time: 12,077 [ms], path length: 30 [edges], g_F: 16, g_B: 14, generated: 0, MM: 2, MMPER: 5.451612903225806%
[00:00:00:12:332] 
---------- SM_Grids/6x6_grid_with_random_blocks_8per_2 ----------
[00:00:00:00:370] Path of length 32 found: [0, 6, 12, 18, 24, 30, 31, 25, 19, 13, 7, 1, 2, 8, 9, 3, 4, 5, 11, 10, 16, 15, 21, 20, 26, 32, 33, 27, 28, 22, 23, 29, 35]
[00:00:00:00:370] ! Unidirectional s-t. expansions: 291, time: 370 [ms], path length: 32 [edges], generated: 501
[00:00:00:01:364] Path of length 32 found: [35, 29, 23, 17, 11, 5, 4, 3, 2, 8, 9, 10, 16, 15, 21, 22, 28, 27, 33, 32, 26, 20, 19, 25, 31, 30, 24, 18, 12, 13, 7, 1, 0]
[00:00:00:01:364] ! Unidirectional t-s. expansions: 1,556, time: 1,364 [ms], path length: 32 [edges], generated: 2,531
[00:00:00:01:205] Path of length 32 found: [0, 6, 12, 18, 24, 30, 31, 25, 19, 20, 26, 32, 33, 27, 28, 22, 21, 15, 16, 10, 9, 8, 7, 1, 2, 3, 4, 5, 11, 17, 23, 29, 35]
[00:00:00:01:459] ! Bidirectional. expansions: 1,134, time: 1,205 [ms], path length: 32 [edges], g_F: 17, g_B: 15, generated: 0, MM: 2, MMPER: 5.0606060606060606%
[00:00:00:01:459] 
---------- SM_Grids/6x6_grid_with_random_blocks_8per_3 ----------
[00:00:00:00:495] Path of length 32 found: [0, 6, 12, 18, 24, 30, 31, 25, 26, 32, 33, 27, 21, 20, 14, 13, 7, 1, 2, 8, 9, 3, 4, 5, 11, 10, 16, 17, 23, 22, 28, 29, 35]
[00:00:00:00:495] ! Unidirectional s-t. expansions: 377, time: 495 [ms], path length: 32 [edges], generated: 686
[00:00:00:00:956] Path of length 32 found: [35, 29, 23, 17, 11, 5, 4, 3, 2, 8, 14, 20, 21, 15, 9, 10, 16, 22, 28, 27, 33, 32, 26, 25, 31, 30, 24, 18, 12, 13, 7, 1, 0]
[00:00:00:00:957] ! Unidirectional t-s. expansions: 960, time: 956 [ms], path length: 32 [edges], generated: 1,624
[00:00:00:01:181] Path of length 32 found: [0, 6, 12, 18, 24, 30, 31, 25, 26, 32, 33, 27, 28, 22, 21, 15, 16, 10, 9, 8, 14, 13, 7, 1, 2, 3, 4, 5, 11, 17, 23, 29, 35]
[00:00:00:01:431] ! Bidirectional. expansions: 1,085, time: 1,181 [ms], path length: 32 [edges], g_F: 17, g_B: 15, generated: 0, MM: 2, MMPER: 5.0606060606060606%
[00:00:00:01:432] 
---------- SM_Grids/6x6_grid_with_random_blocks_8per_4 ----------
[00:00:00:01:618] Path of length 32 found: [0, 6, 12, 18, 24, 30, 31, 25, 19, 13, 7, 1, 2, 8, 14, 20, 26, 32, 33, 27, 21, 15, 16, 10, 4, 5, 11, 17, 23, 22, 28, 34, 35]
[00:00:00:01:618] ! Unidirectional s-t. expansions: 1,739, time: 1,618 [ms], path length: 32 [edges], generated: 2,989
[00:00:00:00:876] Path of length 32 found: [35, 29, 23, 17, 11, 5, 4, 10, 16, 15, 14, 8, 2, 1, 7, 13, 19, 25, 26, 20, 21, 22, 28, 27, 33, 32, 31, 30, 24, 18, 12, 6, 0]
[00:00:00:00:876] ! Unidirectional t-s. expansions: 843, time: 876 [ms], path length: 32 [edges], generated: 1,471
[00:00:00:01:823] Path of length 32 found: [0, 6, 12, 18, 24, 30, 31, 25, 19, 13, 7, 1, 2, 8, 14, 20, 26, 27, 33, 34, 28, 22, 21, 15, 16, 10, 4, 5, 11, 17, 23, 29, 35]
[00:00:00:02:077] ! Bidirectional. expansions: 1,771, time: 1,823 [ms], path length: 32 [edges], g_F: 17, g_B: 15, generated: 0, MM: 2, MMPER: 5.0606060606060606%
[00:00:00:02:077] 
---------- SM_Grids/6x6_grid_with_random_blocks_8per_5 ----------
[00:00:00:01:098] Path of length 32 found: [0, 6, 12, 18, 24, 25, 31, 32, 26, 20, 19, 13, 7, 1, 2, 8, 14, 15, 9, 10, 4, 5, 11, 17, 16, 22, 21, 27, 33, 34, 28, 29, 35]
[00:00:00:01:098] ! Unidirectional s-t. expansions: 1,036, time: 1,098 [ms], path length: 32 [edges], generated: 1,863
[00:00:00:01:443] Path of length 32 found: [35, 29, 23, 17, 11, 5, 4, 10, 9, 8, 2, 1, 7, 13, 19, 20, 14, 15, 16, 22, 21, 27, 28, 34, 33, 32, 26, 25, 24, 18, 12, 6, 0]
[00:00:00:01:443] ! Unidirectional t-s. expansions: 1,374, time: 1,443 [ms], path length: 32 [edges], generated: 2,405
[00:00:00:02:440] Path of length 32 found: [0, 6, 12, 18, 24, 25, 31, 32, 26, 27, 33, 34, 28, 22, 16, 15, 14, 20, 19, 13, 7, 1, 2, 8, 9, 10, 4, 5, 11, 17, 23, 29, 35]
[00:00:00:02:698] ! Bidirectional. expansions: 2,488, time: 2,440 [ms], path length: 32 [edges], g_F: 17, g_B: 15, generated: 0, MM: 2, MMPER: 5.0606060606060606%
[00:00:00:02:698] 
---------- SM_Grids/6x6_grid_with_random_blocks_8per_6 ----------
[00:00:00:00:037] Path of length 30 found: [0, 6, 12, 13, 7, 1, 2, 8, 14, 20, 19, 25, 26, 27, 33, 34, 28, 22, 21, 15, 9, 3, 4, 5, 11, 10, 16, 17, 23, 29, 35]
[00:00:00:00:037] ! Unidirectional s-t. expansions: 29, time: 37 [ms], path length: 30 [edges], generated: 51
[00:00:00:00:038] Path of length 30 found: [35, 29, 23, 17, 11, 5, 4, 3, 2, 1, 7, 8, 14, 20, 21, 15, 9, 10, 16, 22, 28, 34, 33, 27, 26, 25, 19, 13, 12, 6, 0]
[00:00:00:00:038] ! Unidirectional t-s. expansions: 29, time: 38 [ms], path length: 30 [edges], generated: 51
[00:00:00:00:039] Path of length 30 found: [0, 6, 12, 13, 7, 1, 2, 8, 14, 20, 19, 25, 26, 27, 33, 34, 28, 22, 21, 15, 16, 10, 9, 3, 4, 5, 11, 17, 23, 29, 35]
[00:00:00:00:295] ! Bidirectional. expansions: 29, time: 39 [ms], path length: 30 [edges], g_F: 16, g_B: 14, generated: 0, MM: 2, MMPER: 5.451612903225806%
[00:00:00:00:295] 
---------- SM_Grids/6x6_grid_with_random_blocks_8per_7 ----------
[00:00:00:00:652] Path of length 32 found: [0, 6, 12, 13, 19, 18, 24, 25, 31, 32, 33, 27, 26, 20, 21, 15, 14, 8, 7, 1, 2, 3, 4, 5, 11, 10, 16, 17, 23, 22, 28, 34, 35]
[00:00:00:00:652] ! Unidirectional s-t. expansions: 636, time: 652 [ms], path length: 32 [edges], generated: 1,053
[00:00:00:00:937] Path of length 32 found: [35, 29, 28, 34, 33, 27, 26, 32, 31, 25, 24, 18, 12, 13, 19, 20, 14, 15, 21, 22, 23, 17, 16, 10, 11, 5, 4, 3, 2, 8, 7, 1, 0]
[00:00:00:00:937] ! Unidirectional t-s. expansions: 860, time: 937 [ms], path length: 32 [edges], generated: 1,478
[00:00:00:01:545] Path of length 32 found: [0, 6, 12, 18, 24, 25, 31, 32, 26, 27, 33, 34, 28, 22, 16, 15, 21, 20, 19, 13, 14, 8, 7, 1, 2, 3, 4, 5, 11, 17, 23, 29, 35]
[00:00:00:01:798] ! Bidirectional. expansions: 1,380, time: 1,545 [ms], path length: 32 [edges], g_F: 17, g_B: 15, generated: 0, MM: 2, MMPER: 5.0606060606060606%
[00:00:00:01:798] 
---------- SM_Grids/6x6_grid_with_random_blocks_8per_8 ----------
[00:00:00:00:538] Path of length 32 found: [0, 6, 12, 18, 24, 30, 31, 25, 19, 13, 7, 1, 2, 8, 14, 20, 26, 32, 33, 27, 21, 15, 16, 10, 4, 5, 11, 17, 23, 22, 28, 29, 35]
[00:00:00:00:539] ! Unidirectional s-t. expansions: 450, time: 538 [ms], path length: 32 [edges], generated: 785
[00:00:00:00:602] Path of length 32 found: [35, 29, 23, 17, 16, 10, 11, 5, 4, 3, 2, 8, 14, 15, 21, 22, 28, 27, 33, 32, 26, 20, 19, 25, 31, 30, 24, 18, 12, 13, 7, 1, 0]
[00:00:00:00:602] ! Unidirectional t-s. expansions: 608, time: 602 [ms], path length: 32 [edges], generated: 1,024
[00:00:00:01:084] Path of length 32 found: [0, 6, 12, 18, 24, 30, 31, 25, 26, 32, 33, 27, 28, 22, 16, 15, 21, 20, 19, 13, 14, 8, 7, 1, 2, 3, 4, 5, 11, 17, 23, 29, 35]
[00:00:00:01:362] ! Bidirectional. expansions: 1,009, time: 1,084 [ms], path length: 32 [edges], g_F: 17, g_B: 15, generated: 0, MM: 2, MMPER: 5.0606060606060606%
[00:00:00:01:362] 
---------- SM_Grids/6x6_grid_with_random_blocks_8per_9 ----------
[00:00:00:00:037] Path of length 30 found: [0, 6, 12, 18, 24, 30, 31, 25, 19, 13, 7, 1, 2, 8, 9, 15, 14, 20, 26, 32, 33, 27, 21, 22, 16, 17, 23, 29, 28, 34, 35]
[00:00:00:00:037] ! Unidirectional s-t. expansions: 29, time: 37 [ms], path length: 30 [edges], generated: 50
[00:00:00:00:035] Path of length 30 found: [35, 29, 23, 17, 16, 15, 9, 8, 2, 1, 7, 13, 14, 20, 19, 25, 26, 27, 21, 22, 28, 34, 33, 32, 31, 30, 24, 18, 12, 6, 0]
[00:00:00:00:035] ! Unidirectional t-s. expansions: 29, time: 35 [ms], path length: 30 [edges], generated: 50
[00:00:00:00:051] Path of length 30 found: [0, 6, 12, 18, 24, 30, 31, 32, 33, 34, 28, 22, 21, 27, 26, 25, 19, 20, 14, 13, 7, 1, 2, 8, 9, 15, 16, 17, 23, 29, 35]
[00:00:00:00:306] ! Bidirectional. expansions: 42, time: 51 [ms], path length: 30 [edges], g_F: 16, g_B: 14, generated: 0, MM: 2, MMPER: 5.451612903225806%

[00:00:00:00:306] average expansions: (1,307, 1,389, 2,137, 0)
[00:00:00:00:306] average time: (1,248, 1,342, 2,177, 0)
[00:00:00:00:307] XIDA: 1,307 , 1,248 (expansions , time[ms])
[00:00:00:00:307] BiXIDA: 2,137 , 2,177 (expansions , time[ms])

