------------------------------------
Thu 01 Oct 2026 12:13:38 IDT
SLURM_JOBID:		21944032
SLURM_JOB_NODELIST:	ise-cpu256-15
SLURM_SCRATCH_DIR:	/scratch/shubit/21944032
Allocated Resouces:	cpu - 2 / mem - 61440 MB / gpu - 
SLURM_GPU_INDEX:	
Running as shubit from shimony account with normal QOS
------------------------------------
Thu 01 Oct 2026 12:13:38 IDT

SLURM_JOBID:		 21944032
SLURM_JOB_NODELIST:	 ise-cpu256-15 

--------------------------
date: SM_Grids
number_of_graphs: 10
graph_type: grid
size_of_graphs: [6, 6]
heuristic: bcc_heuristic
snake: False
run_uni: True
run_bi: True
run_multi: False
solution_vertices: []
algorithms: ['IDA']
lookahead: 3
bsd: False
cube_first_dims: 4
cube_buffer_dim: None
backward_sym_generation: False
sym_coil: False
prefix_set: None

---------- SM_Grids/6x6_grid_with_random_blocks_20per_0 ----------
[00:00:00:00:044] Path of length 26 found: [0, 1, 2, 3, 4, 5, 11, 10, 9, 15, 14, 8, 7, 6, 12, 13, 19, 20, 26, 25, 31, 32, 33, 27, 28, 34, 35]
[00:00:00:00:044] ! Unidirectional s-t. expansions: 13, time: 44 [ms], path length: 26 [edges], generated: 137
[00:00:00:00:023] Path of length 26 found: [35, 34, 28, 27, 33, 32, 31, 25, 26, 20, 19, 13, 12, 6, 7, 8, 14, 15, 9, 10, 11, 5, 4, 3, 2, 1, 0]
[00:00:00:00:023] ! Unidirectional t-s. expansions: 9, time: 23 [ms], path length: 26 [edges], generated: 84
[00:00:00:00:091] Path of length 26 found: [0, 1, 2, 3, 4, 5, 11, 10, 9, 15, 14, 8, 7, 6, 12, 13, 19, 20, 26, 25, 31, 32, 33, 27, 28, 34, 35]
[00:00:00:00:378] ! Bidirectional. expansions: 15, time: 91 [ms], path length: 26 [edges], g_F: 15, g_B: 11, generated: 0, MM: 4, MMPER: 13.814814814814815%
[00:00:00:00:379] 
---------- SM_Grids/6x6_grid_with_random_blocks_20per_1 ----------
[00:00:00:01:329] Path of length 24 found: [0, 6, 12, 18, 19, 13, 7, 1, 2, 8, 14, 20, 21, 15, 9, 3, 4, 5, 11, 10, 16, 22, 28, 29, 35]
[00:00:00:01:329] ! Unidirectional s-t. expansions: 405, time: 1,329 [ms], path length: 24 [edges], generated: 4,223
[00:00:00:00:508] Path of length 24 found: [35, 29, 28, 27, 21, 22, 16, 17, 11, 5, 4, 10, 9, 3, 2, 8, 14, 20, 19, 18, 12, 13, 7, 1, 0]
[00:00:00:00:508] ! Unidirectional t-s. expansions: 174, time: 508 [ms], path length: 24 [edges], generated: 1,882
[00:00:00:01:474] Path of length 24 found: [0, 6, 12, 18, 19, 13, 7, 1, 2, 8, 9, 3, 4, 10, 11, 17, 16, 15, 14, 20, 21, 27, 28, 29, 35]
[00:00:00:01:739] ! Bidirectional. expansions: 245, time: 1,474 [ms], path length: 24 [edges], g_F: 14, g_B: 10, generated: 0, MM: 4, MMPER: 15.0%
[00:00:00:01:739] 
---------- SM_Grids/6x6_grid_with_random_blocks_20per_2 ----------
[00:00:00:00:104] Path of length 24 found: [0, 6, 12, 18, 19, 25, 24, 30, 31, 32, 26, 27, 21, 20, 14, 8, 2, 3, 9, 10, 16, 17, 23, 29, 35]
[00:00:00:00:104] ! Unidirectional s-t. expansions: 33, time: 104 [ms], path length: 24 [edges], generated: 263
[00:00:00:00:044] Path of length 24 found: [35, 29, 23, 17, 11, 10, 9, 3, 2, 8, 14, 20, 21, 27, 26, 32, 31, 30, 24, 25, 19, 18, 12, 6, 0]
[00:00:00:00:044] ! Unidirectional t-s. expansions: 15, time: 44 [ms], path length: 24 [edges], generated: 104
[00:00:00:00:118] Path of length 24 found: [0, 6, 12, 18, 19, 25, 24, 30, 31, 32, 26, 27, 21, 20, 14, 8, 2, 3, 9, 10, 11, 17, 23, 29, 35]
[00:00:00:00:376] ! Bidirectional. expansions: 22, time: 118 [ms], path length: 24 [edges], g_F: 16, g_B: 8, generated: 0, MM: 8, MMPER: 31.0%
[00:00:00:00:376] 
---------- SM_Grids/6x6_grid_with_random_blocks_20per_3 ----------
[00:00:00:00:096] Path of length 24 found: [0, 1, 2, 3, 4, 5, 11, 10, 9, 8, 14, 13, 19, 18, 24, 30, 31, 32, 33, 27, 21, 22, 23, 29, 35]
[00:00:00:00:096] ! Unidirectional s-t. expansions: 39, time: 96 [ms], path length: 24 [edges], generated: 268
[00:00:00:00:056] Path of length 24 found: [35, 29, 23, 22, 21, 27, 33, 32, 31, 30, 24, 18, 19, 13, 14, 15, 9, 10, 11, 5, 4, 3, 2, 1, 0]
[00:00:00:00:056] ! Unidirectional t-s. expansions: 24, time: 56 [ms], path length: 24 [edges], generated: 147
[00:00:00:00:075] Path of length 24 found: [0, 1, 2, 3, 4, 5, 11, 10, 9, 8, 14, 13, 19, 18, 24, 30, 31, 32, 33, 27, 21, 22, 23, 29, 35]
[00:00:00:00:333] ! Bidirectional. expansions: 18, time: 75 [ms], path length: 24 [edges], g_F: 14, g_B: 10, generated: 0, MM: 4, MMPER: 15.0%
[00:00:00:00:334] 
---------- SM_Grids/6x6_grid_with_random_blocks_20per_4 ----------
[00:00:00:00:021] Path of length 20 found: [0, 1, 7, 8, 9, 3, 4, 5, 11, 10, 16, 15, 21, 27, 33, 34, 28, 22, 23, 29, 35]
[00:00:00:00:021] ! Unidirectional s-t. expansions: 7, time: 21 [ms], path length: 20 [edges], generated: 54
[00:00:00:00:028] Path of length 20 found: [35, 29, 23, 22, 28, 34, 33, 27, 21, 15, 16, 10, 11, 5, 4, 3, 9, 8, 7, 1, 0]
[00:00:00:00:029] ! Unidirectional t-s. expansions: 7, time: 28 [ms], path length: 20 [edges], generated: 63
[00:00:00:00:043] Path of length 20 found: [0, 1, 7, 8, 9, 3, 4, 5, 11, 10, 16, 15, 21, 27, 33, 34, 28, 22, 23, 29, 35]
[00:00:00:00:303] ! Bidirectional. expansions: 7, time: 43 [ms], path length: 20 [edges], g_F: 13, g_B: 7, generated: 0, MM: 6, MMPER: 27.571428571428573%
[00:00:00:00:303] 
---------- SM_Grids/6x6_grid_with_random_blocks_20per_5 ----------
[00:00:00:00:145] Path of length 24 found: [0, 6, 12, 13, 14, 20, 26, 25, 24, 30, 31, 32, 33, 27, 21, 15, 9, 3, 4, 10, 16, 22, 28, 34, 35]
[00:00:00:00:145] ! Unidirectional s-t. expansions: 41, time: 145 [ms], path length: 24 [edges], generated: 411
[00:00:00:00:208] Path of length 24 found: [35, 29, 28, 34, 33, 32, 31, 30, 24, 25, 26, 27, 21, 22, 16, 10, 4, 3, 9, 15, 14, 13, 7, 6, 0]
[00:00:00:00:208] ! Unidirectional t-s. expansions: 65, time: 208 [ms], path length: 24 [edges], generated: 612
[00:00:00:00:167] Path of length 24 found: [0, 6, 12, 13, 14, 15, 9, 3, 4, 10, 16, 22, 21, 20, 26, 25, 24, 30, 31, 32, 33, 34, 28, 29, 35]
[00:00:00:00:426] ! Bidirectional. expansions: 24, time: 167 [ms], path length: 24 [edges], g_F: 12, g_B: 12, generated: 0, MM: 0, MMPER: -1.0%
[00:00:00:00:426] 
---------- SM_Grids/6x6_grid_with_random_blocks_20per_6 ----------
[00:00:00:00:183] Path of length 24 found: [0, 6, 12, 18, 24, 25, 31, 32, 26, 20, 14, 8, 2, 3, 4, 5, 11, 10, 9, 15, 16, 22, 28, 34, 35]
[00:00:00:00:183] ! Unidirectional s-t. expansions: 49, time: 183 [ms], path length: 24 [edges], generated: 378
[00:00:00:00:178] Path of length 24 found: [35, 29, 28, 34, 33, 32, 31, 25, 26, 20, 14, 15, 9, 10, 16, 17, 11, 5, 4, 3, 2, 8, 7, 6, 0]
[00:00:00:00:178] ! Unidirectional t-s. expansions: 49, time: 178 [ms], path length: 24 [edges], generated: 425
[00:00:00:00:157] Path of length 24 found: [0, 6, 12, 18, 24, 25, 31, 32, 26, 20, 14, 8, 2, 3, 9, 10, 4, 5, 11, 17, 16, 22, 28, 29, 35]
[00:00:00:00:404] ! Bidirectional. expansions: 27, time: 157 [ms], path length: 24 [edges], g_F: 13, g_B: 11, generated: 0, MM: 2, MMPER: 7.0%
[00:00:00:00:404] 
---------- SM_Grids/6x6_grid_with_random_blocks_20per_7 ----------
[00:00:00:00:039] Path of length 24 found: [0, 1, 7, 6, 12, 18, 19, 25, 31, 32, 26, 20, 14, 15, 9, 10, 11, 17, 16, 22, 28, 27, 33, 34, 35]
[00:00:00:00:039] ! Unidirectional s-t. expansions: 12, time: 39 [ms], path length: 24 [edges], generated: 98
[00:00:00:00:117] Path of length 24 found: [35, 34, 28, 22, 16, 17, 11, 10, 9, 15, 14, 20, 26, 27, 33, 32, 31, 25, 19, 18, 12, 6, 7, 1, 0]
[00:00:00:00:118] ! Unidirectional t-s. expansions: 33, time: 117 [ms], path length: 24 [edges], generated: 278
[00:00:00:00:125] Path of length 24 found: [0, 1, 7, 6, 12, 18, 19, 25, 31, 32, 33, 27, 26, 20, 14, 15, 9, 10, 11, 17, 16, 22, 28, 34, 35]
[00:00:00:00:381] ! Bidirectional. expansions: 20, time: 125 [ms], path length: 24 [edges], g_F: 13, g_B: 11, generated: 0, MM: 2, MMPER: 7.0%
[00:00:00:00:381] 
---------- SM_Grids/6x6_grid_with_random_blocks_20per_8 ----------
[00:00:00:00:023] Path of length 28 found: [0, 1, 7, 6, 12, 18, 19, 25, 24, 30, 31, 32, 26, 27, 33, 34, 28, 22, 21, 15, 14, 8, 9, 10, 16, 17, 23, 29, 35]
[00:00:00:00:023] ! Unidirectional s-t. expansions: 9, time: 23 [ms], path length: 28 [edges], generated: 61
[00:00:00:00:033] Path of length 28 found: [35, 29, 23, 17, 16, 10, 9, 8, 14, 15, 21, 22, 28, 34, 33, 27, 26, 32, 31, 30, 24, 25, 19, 18, 12, 6, 7, 1, 0]
[00:00:00:00:033] ! Unidirectional t-s. expansions: 9, time: 33 [ms], path length: 28 [edges], generated: 80
[00:00:00:00:059] Path of length 28 found: [0, 1, 7, 6, 12, 18, 19, 25, 24, 30, 31, 32, 26, 27, 33, 34, 28, 22, 21, 15, 14, 8, 9, 10, 16, 17, 23, 29, 35]
[00:00:00:00:315] ! Bidirectional. expansions: 9, time: 59 [ms], path length: 28 [edges], g_F: 18, g_B: 10, generated: 0, MM: 8, MMPER: 26.586206896551722%
[00:00:00:00:316] 
---------- SM_Grids/6x6_grid_with_random_blocks_20per_9 ----------
[00:00:00:00:055] Path of length 24 found: [0, 1, 7, 8, 9, 15, 14, 13, 12, 18, 24, 25, 19, 20, 26, 27, 21, 22, 16, 17, 23, 29, 28, 34, 35]
[00:00:00:00:056] ! Unidirectional s-t. expansions: 11, time: 55 [ms], path length: 24 [edges], generated: 139
[00:00:00:00:030] Path of length 24 found: [35, 34, 28, 29, 23, 17, 16, 22, 21, 27, 26, 20, 19, 25, 24, 18, 12, 13, 14, 15, 9, 8, 7, 1, 0]
[00:00:00:00:030] ! Unidirectional t-s. expansions: 8, time: 30 [ms], path length: 24 [edges], generated: 77
[00:00:00:00:082] Path of length 24 found: [0, 1, 7, 8, 9, 15, 14, 13, 12, 18, 24, 25, 19, 20, 26, 27, 21, 22, 16, 17, 23, 29, 28, 34, 35]
[00:00:00:00:342] ! Bidirectional. expansions: 12, time: 82 [ms], path length: 24 [edges], g_F: 15, g_B: 9, generated: 0, MM: 6, MMPER: 23.0%

[00:00:00:00:342] average expansions: (62, 39, 40, 0)
[00:00:00:00:342] average time: (204, 122, 239, 0)
[00:00:00:00:342] XIDA: 39 , 122 (expansions , time[ms])
[00:00:00:00:342] BiXIDA: 40 , 239 (expansions , time[ms])

