------------------------------------
Thu 01 Oct 2026 12:13:38 IDT
SLURM_JOBID:		21944033
SLURM_JOB_NODELIST:	ise-cpu256-15
SLURM_SCRATCH_DIR:	/scratch/shubit/21944033
Allocated Resouces:	cpu - 2 / mem - 61440 MB / gpu - 
SLURM_GPU_INDEX:	
Running as shubit from shimony account with normal QOS
------------------------------------
Thu 01 Oct 2026 12:13:38 IDT

SLURM_JOBID:		 21944033
SLURM_JOB_NODELIST:	 ise-cpu256-15 

--------------------------
date: SM_Grids
number_of_graphs: 10
graph_type: grid
size_of_graphs: [6, 6]
heuristic: bcc_heuristic
snake: False
run_uni: True
run_bi: True
run_multi: False
solution_vertices: []
algorithms: ['IDA']
lookahead: 4
bsd: False
cube_first_dims: 4
cube_buffer_dim: None
backward_sym_generation: False
sym_coil: False
prefix_set: None

---------- SM_Grids/6x6_grid_with_random_blocks_20per_0 ----------
[00:00:00:00:052] Path of length 26 found: [0, 1, 2, 3, 4, 5, 11, 10, 9, 15, 14, 8, 7, 6, 12, 13, 19, 20, 26, 25, 31, 32, 33, 27, 28, 34, 35]
[00:00:00:00:052] ! Unidirectional s-t. expansions: 10, time: 52 [ms], path length: 26 [edges], generated: 182
[00:00:00:00:020] Path of length 26 found: [35, 34, 28, 27, 33, 32, 31, 25, 26, 20, 19, 13, 12, 6, 7, 8, 14, 15, 9, 10, 11, 5, 4, 3, 2, 1, 0]
[00:00:00:00:020] ! Unidirectional t-s. expansions: 7, time: 20 [ms], path length: 26 [edges], generated: 67
[00:00:00:00:033] Path of length 26 found: [0, 1, 2, 3, 4, 5, 11, 10, 9, 15, 14, 8, 7, 6, 12, 13, 19, 20, 26, 25, 31, 32, 33, 27, 28, 34, 35]
[00:00:00:00:319] ! Bidirectional. expansions: 11, time: 33 [ms], path length: 26 [edges], g_F: 13, g_B: 13, generated: 0, MM: 0, MMPER: -1.0%
[00:00:00:00:320] 
---------- SM_Grids/6x6_grid_with_random_blocks_20per_1 ----------
[00:00:00:01:704] Path of length 24 found: [0, 6, 12, 18, 19, 13, 7, 1, 2, 8, 9, 3, 4, 10, 11, 17, 16, 15, 14, 20, 21, 27, 28, 29, 35]
[00:00:00:01:704] ! Unidirectional s-t. expansions: 346, time: 1,704 [ms], path length: 24 [edges], generated: 6,550
[00:00:00:00:724] Path of length 24 found: [35, 29, 28, 27, 21, 22, 16, 17, 11, 5, 4, 10, 9, 3, 2, 1, 7, 8, 14, 20, 19, 13, 12, 6, 0]
[00:00:00:00:724] ! Unidirectional t-s. expansions: 141, time: 724 [ms], path length: 24 [edges], generated: 3,062
[00:00:00:00:777] Path of length 24 found: [0, 6, 12, 18, 19, 20, 14, 13, 7, 1, 2, 8, 9, 3, 4, 5, 11, 17, 16, 22, 21, 27, 28, 29, 35]
[00:00:00:01:043] ! Bidirectional. expansions: 171, time: 777 [ms], path length: 24 [edges], g_F: 12, g_B: 12, generated: 0, MM: 0, MMPER: -1.0%
[00:00:00:01:043] 
---------- SM_Grids/6x6_grid_with_random_blocks_20per_2 ----------
[00:00:00:00:166] Path of length 24 found: [0, 6, 12, 18, 19, 25, 24, 30, 31, 32, 26, 27, 21, 20, 14, 8, 2, 3, 9, 10, 16, 17, 23, 29, 35]
[00:00:00:00:167] ! Unidirectional s-t. expansions: 26, time: 167 [ms], path length: 24 [edges], generated: 443
[00:00:00:00:041] Path of length 24 found: [35, 29, 23, 17, 11, 10, 9, 3, 2, 8, 14, 20, 21, 27, 26, 32, 31, 30, 24, 25, 19, 18, 12, 6, 0]
[00:00:00:00:041] ! Unidirectional t-s. expansions: 12, time: 41 [ms], path length: 24 [edges], generated: 108
[00:00:00:00:049] Path of length 24 found: [0, 6, 12, 18, 19, 25, 24, 30, 31, 32, 26, 27, 21, 20, 14, 8, 2, 3, 9, 10, 11, 17, 23, 29, 35]
[00:00:00:00:308] ! Bidirectional. expansions: 15, time: 49 [ms], path length: 24 [edges], g_F: 12, g_B: 12, generated: 0, MM: 0, MMPER: -1.0%
[00:00:00:00:308] 
---------- SM_Grids/6x6_grid_with_random_blocks_20per_3 ----------
[00:00:00:00:097] Path of length 24 found: [0, 1, 2, 3, 4, 5, 11, 10, 9, 8, 14, 13, 19, 18, 24, 30, 31, 32, 33, 27, 21, 22, 23, 29, 35]
[00:00:00:00:097] ! Unidirectional s-t. expansions: 26, time: 97 [ms], path length: 24 [edges], generated: 297
[00:00:00:00:089] Path of length 24 found: [35, 29, 23, 22, 21, 27, 33, 32, 31, 25, 24, 18, 19, 13, 14, 15, 9, 10, 11, 5, 4, 3, 2, 1, 0]
[00:00:00:00:090] ! Unidirectional t-s. expansions: 19, time: 89 [ms], path length: 24 [edges], generated: 289
[00:00:00:00:039] Path of length 24 found: [0, 1, 2, 3, 4, 5, 11, 10, 9, 8, 14, 13, 19, 18, 24, 30, 31, 32, 33, 27, 21, 22, 23, 29, 35]
[00:00:00:00:294] ! Bidirectional. expansions: 14, time: 39 [ms], path length: 24 [edges], g_F: 12, g_B: 12, generated: 0, MM: 0, MMPER: -1.0%
[00:00:00:00:294] 
---------- SM_Grids/6x6_grid_with_random_blocks_20per_4 ----------
[00:00:00:00:034] Path of length 20 found: [0, 1, 7, 8, 9, 3, 4, 5, 11, 10, 16, 15, 21, 27, 33, 34, 28, 22, 23, 29, 35]
[00:00:00:00:034] ! Unidirectional s-t. expansions: 5, time: 34 [ms], path length: 20 [edges], generated: 88
[00:00:00:00:030] Path of length 20 found: [35, 29, 23, 22, 28, 34, 33, 27, 21, 15, 16, 10, 11, 5, 4, 3, 9, 8, 7, 1, 0]
[00:00:00:00:030] ! Unidirectional t-s. expansions: 5, time: 30 [ms], path length: 20 [edges], generated: 68
[00:00:00:00:020] Path of length 20 found: [0, 1, 7, 8, 9, 3, 4, 5, 11, 10, 16, 15, 21, 27, 33, 34, 28, 22, 23, 29, 35]
[00:00:00:00:284] ! Bidirectional. expansions: 5, time: 20 [ms], path length: 20 [edges], g_F: 10, g_B: 10, generated: 0, MM: 0, MMPER: -1.0%
[00:00:00:00:284] 
---------- SM_Grids/6x6_grid_with_random_blocks_20per_5 ----------
[00:00:00:00:153] Path of length 24 found: [0, 6, 12, 13, 14, 20, 26, 25, 24, 30, 31, 32, 33, 27, 21, 15, 9, 3, 4, 10, 16, 22, 28, 34, 35]
[00:00:00:00:154] ! Unidirectional s-t. expansions: 30, time: 153 [ms], path length: 24 [edges], generated: 509
[00:00:00:00:295] Path of length 24 found: [35, 29, 28, 34, 33, 32, 31, 30, 24, 25, 26, 27, 21, 22, 16, 10, 4, 3, 9, 15, 14, 13, 7, 6, 0]
[00:00:00:00:295] ! Unidirectional t-s. expansions: 47, time: 295 [ms], path length: 24 [edges], generated: 779
[00:00:00:00:058] Path of length 24 found: [0, 6, 12, 13, 14, 15, 9, 3, 4, 10, 16, 22, 21, 20, 26, 25, 24, 30, 31, 32, 33, 34, 28, 29, 35]
[00:00:00:00:314] ! Bidirectional. expansions: 13, time: 58 [ms], path length: 24 [edges], g_F: 12, g_B: 12, generated: 0, MM: 0, MMPER: -1.0%
[00:00:00:00:314] 
---------- SM_Grids/6x6_grid_with_random_blocks_20per_6 ----------
[00:00:00:00:135] Path of length 24 found: [0, 6, 12, 18, 24, 25, 31, 32, 26, 20, 14, 8, 2, 3, 4, 5, 11, 10, 9, 15, 16, 22, 28, 34, 35]
[00:00:00:00:136] ! Unidirectional s-t. expansions: 34, time: 135 [ms], path length: 24 [edges], generated: 445
[00:00:00:00:222] Path of length 24 found: [35, 29, 28, 34, 33, 32, 31, 25, 26, 20, 14, 15, 9, 10, 16, 17, 11, 5, 4, 3, 2, 8, 7, 6, 0]
[00:00:00:00:222] ! Unidirectional t-s. expansions: 32, time: 222 [ms], path length: 24 [edges], generated: 559
[00:00:00:00:055] Path of length 24 found: [0, 6, 12, 18, 24, 25, 31, 32, 26, 20, 14, 8, 2, 3, 9, 10, 4, 5, 11, 17, 16, 22, 28, 29, 35]
[00:00:00:00:315] ! Bidirectional. expansions: 16, time: 55 [ms], path length: 24 [edges], g_F: 12, g_B: 12, generated: 0, MM: 0, MMPER: -1.0%
[00:00:00:00:315] 
---------- SM_Grids/6x6_grid_with_random_blocks_20per_7 ----------
[00:00:00:00:035] Path of length 24 found: [0, 1, 7, 6, 12, 18, 19, 25, 31, 32, 26, 20, 14, 15, 9, 10, 11, 17, 16, 22, 28, 27, 33, 34, 35]
[00:00:00:00:035] ! Unidirectional s-t. expansions: 9, time: 35 [ms], path length: 24 [edges], generated: 91
[00:00:00:00:121] Path of length 24 found: [35, 34, 28, 22, 16, 17, 11, 10, 9, 15, 14, 20, 26, 27, 33, 32, 31, 25, 19, 18, 12, 6, 7, 1, 0]
[00:00:00:00:121] ! Unidirectional t-s. expansions: 25, time: 121 [ms], path length: 24 [edges], generated: 313
[00:00:00:00:036] Path of length 24 found: [0, 1, 7, 6, 12, 18, 19, 25, 31, 32, 33, 27, 26, 20, 14, 15, 9, 10, 11, 17, 16, 22, 28, 34, 35]
[00:00:00:00:290] ! Bidirectional. expansions: 11, time: 36 [ms], path length: 24 [edges], g_F: 12, g_B: 12, generated: 0, MM: 0, MMPER: -1.0%
[00:00:00:00:291] 
---------- SM_Grids/6x6_grid_with_random_blocks_20per_8 ----------
[00:00:00:00:031] Path of length 28 found: [0, 1, 7, 6, 12, 18, 19, 25, 24, 30, 31, 32, 26, 27, 33, 34, 28, 22, 21, 15, 14, 8, 9, 10, 16, 17, 23, 29, 35]
[00:00:00:00:032] ! Unidirectional s-t. expansions: 7, time: 31 [ms], path length: 28 [edges], generated: 96
[00:00:00:00:057] Path of length 28 found: [35, 29, 23, 17, 16, 10, 9, 8, 14, 15, 21, 22, 28, 34, 33, 27, 26, 32, 31, 30, 24, 25, 19, 18, 12, 6, 7, 1, 0]
[00:00:00:00:057] ! Unidirectional t-s. expansions: 7, time: 57 [ms], path length: 28 [edges], generated: 147
[00:00:00:00:032] Path of length 28 found: [0, 1, 7, 6, 12, 18, 19, 25, 24, 30, 31, 32, 26, 27, 33, 34, 28, 22, 21, 15, 14, 8, 9, 10, 16, 17, 23, 29, 35]
[00:00:00:00:288] ! Bidirectional. expansions: 7, time: 32 [ms], path length: 28 [edges], g_F: 14, g_B: 14, generated: 0, MM: 0, MMPER: -1.0%
[00:00:00:00:288] 
---------- SM_Grids/6x6_grid_with_random_blocks_20per_9 ----------
[00:00:00:00:046] Path of length 24 found: [0, 1, 7, 8, 9, 15, 14, 13, 12, 18, 24, 25, 19, 20, 26, 27, 21, 22, 16, 17, 23, 29, 28, 34, 35]
[00:00:00:00:047] ! Unidirectional s-t. expansions: 8, time: 46 [ms], path length: 24 [edges], generated: 127
[00:00:00:00:058] Path of length 24 found: [35, 34, 28, 29, 23, 17, 16, 22, 21, 27, 26, 20, 19, 25, 24, 18, 12, 13, 14, 15, 9, 8, 7, 1, 0]
[00:00:00:00:058] ! Unidirectional t-s. expansions: 6, time: 58 [ms], path length: 24 [edges], generated: 159
[00:00:00:00:042] Path of length 24 found: [0, 1, 7, 8, 9, 15, 14, 13, 12, 18, 24, 25, 19, 20, 26, 27, 21, 22, 16, 17, 23, 29, 28, 34, 35]
[00:00:00:00:300] ! Bidirectional. expansions: 9, time: 42 [ms], path length: 24 [edges], g_F: 12, g_B: 12, generated: 0, MM: 0, MMPER: -1.0%

[00:00:00:00:301] average expansions: (50, 30, 27, 0)
[00:00:00:00:301] average time: (245, 166, 114, 0)
[00:00:00:00:301] XIDA: 30 , 166 (expansions , time[ms])
[00:00:00:00:301] BiXIDA: 27 , 114 (expansions , time[ms])

