------------------------------------
Thu 01 Oct 2026 13:44:05 IDT
SLURM_JOBID:		21947671
SLURM_JOB_NODELIST:	ise-cpu256-08
SLURM_SCRATCH_DIR:	/scratch/shubit/21947671
Allocated Resouces:	cpu - 2 / mem - 61440 MB / gpu - 
SLURM_GPU_INDEX:	
Running as shubit from shimony account with normal QOS
------------------------------------
Thu 01 Oct 2026 13:44:05 IDT

SLURM_JOBID:		 21947671
SLURM_JOB_NODELIST:	 ise-cpu256-08 

--------------------------
date: SM_Grids
number_of_graphs: 10
graph_type: grid
size_of_graphs: [6, 6]
heuristic: bcc_heuristic
snake: False
run_uni: True
run_bi: True
run_multi: False
solution_vertices: []
algorithms: ['DFBnB']
lookahead: 3
bsd: False
cube_first_dims: 4
cube_buffer_dim: None
backward_sym_generation: False
sym_coil: False
prefix_set: None

---------- SM_Grids/6x6_grid_with_random_blocks_8per_0 ----------
[00:00:00:00:993] Path of length 32 found: [0, 6, 12, 18, 24, 30, 31, 32, 26, 25, 19, 13, 7, 8, 2, 3, 9, 15, 14, 20, 21, 27, 28, 22, 16, 10, 4, 5, 11, 17, 23, 29, 35]
[00:00:00:00:994] ! Unidirectional s-t. expansions: 344, time: 993 [ms], path length: 32 [edges], generated: 3,417
[00:00:00:00:244] Path of length 32 found: [35, 34, 28, 29, 23, 17, 11, 5, 4, 3, 2, 8, 7, 13, 19, 20, 14, 15, 9, 10, 16, 22, 21, 27, 26, 25, 31, 30, 24, 18, 12, 6, 0]
[00:00:00:00:245] ! Unidirectional t-s. expansions: 49, time: 245 [ms], path length: 32 [edges], generated: 629
[00:00:00:00:813] Path of length 32 found: [0, 6, 12, 18, 24, 30, 31, 32, 26, 25, 19, 13, 7, 8, 2, 3, 9, 15, 14, 20, 21, 22, 16, 10, 4, 5, 11, 17, 23, 29, 28, 34, 35]
[00:00:00:01:180] ! Bidirectional. expansions: 120, time: 813 [ms], path length: 32 [edges], g_F: 20, g_B: 12, generated: 0, MM: 8, MMPER: 23.242424242424242%
[00:00:00:01:180] 
---------- SM_Grids/6x6_grid_with_random_blocks_8per_1 ----------
[00:00:00:06:690] Path of length 30 found: [0, 6, 12, 18, 24, 30, 31, 25, 19, 13, 7, 1, 2, 8, 14, 20, 21, 15, 16, 10, 4, 5, 11, 17, 23, 22, 28, 27, 33, 34, 35]
[00:00:00:06:690] ! Unidirectional s-t. expansions: 2,112, time: 6,690 [ms], path length: 30 [edges], generated: 18,853
[00:00:00:06:459] Path of length 30 found: [35, 29, 23, 17, 11, 5, 4, 3, 2, 1, 7, 8, 14, 13, 19, 20, 21, 15, 16, 22, 28, 27, 33, 32, 31, 25, 24, 18, 12, 6, 0]
[00:00:00:06:459] ! Unidirectional t-s. expansions: 2,112, time: 6,459 [ms], path length: 30 [edges], generated: 18,852
[00:00:00:17:965] Path of length 30 found: [0, 6, 12, 18, 24, 30, 31, 25, 19, 13, 7, 1, 2, 8, 14, 20, 21, 27, 33, 34, 28, 22, 16, 10, 4, 5, 11, 17, 23, 29, 35]
[00:00:00:18:294] ! Bidirectional. expansions: 2,908, time: 17,965 [ms], path length: 30 [edges], g_F: 19, g_B: 11, generated: 0, MM: 8, MMPER: 24.806451612903224%
[00:00:00:18:294] 
---------- SM_Grids/6x6_grid_with_random_blocks_8per_2 ----------
[00:00:00:00:506] Path of length 32 found: [0, 6, 12, 18, 24, 30, 31, 25, 19, 13, 7, 1, 2, 8, 9, 3, 4, 5, 11, 10, 16, 15, 21, 20, 26, 32, 33, 27, 28, 22, 23, 29, 35]
[00:00:00:00:506] ! Unidirectional s-t. expansions: 87, time: 506 [ms], path length: 32 [edges], generated: 928
[00:00:00:01:748] Path of length 32 found: [35, 29, 23, 17, 11, 5, 4, 3, 2, 1, 7, 8, 9, 10, 16, 15, 21, 22, 28, 27, 33, 32, 26, 20, 19, 25, 31, 30, 24, 18, 12, 6, 0]
[00:00:00:01:748] ! Unidirectional t-s. expansions: 524, time: 1,748 [ms], path length: 32 [edges], generated: 4,777
[00:00:00:02:829] Path of length 32 found: [0, 6, 12, 18, 24, 30, 31, 25, 19, 13, 7, 1, 2, 8, 9, 15, 21, 20, 26, 32, 33, 27, 28, 22, 16, 10, 4, 5, 11, 17, 23, 29, 35]
[00:00:00:03:151] ! Bidirectional. expansions: 276, time: 2,829 [ms], path length: 32 [edges], g_F: 21, g_B: 11, generated: 0, MM: 10, MMPER: 29.303030303030305%
[00:00:00:03:152] 
---------- SM_Grids/6x6_grid_with_random_blocks_8per_3 ----------
[00:00:00:00:731] Path of length 32 found: [0, 6, 12, 18, 24, 30, 31, 25, 26, 32, 33, 27, 21, 20, 14, 13, 7, 1, 2, 8, 9, 3, 4, 5, 11, 10, 16, 17, 23, 22, 28, 29, 35]
[00:00:00:00:731] ! Unidirectional s-t. expansions: 119, time: 731 [ms], path length: 32 [edges], generated: 1,443
[00:00:00:01:299] Path of length 32 found: [35, 29, 23, 17, 11, 5, 4, 3, 2, 1, 7, 13, 14, 8, 9, 10, 16, 15, 21, 22, 28, 27, 33, 32, 26, 25, 31, 30, 24, 18, 12, 6, 0]
[00:00:00:01:300] ! Unidirectional t-s. expansions: 325, time: 1,299 [ms], path length: 32 [edges], generated: 3,151
[00:00:00:03:017] Path of length 32 found: [0, 6, 12, 18, 24, 30, 31, 25, 26, 32, 33, 27, 28, 22, 16, 10, 9, 15, 21, 20, 14, 13, 7, 1, 2, 3, 4, 5, 11, 17, 23, 29, 35]
[00:00:00:03:348] ! Bidirectional. expansions: 322, time: 3,017 [ms], path length: 32 [edges], g_F: 19, g_B: 13, generated: 0, MM: 6, MMPER: 17.181818181818183%
[00:00:00:03:348] 
---------- SM_Grids/6x6_grid_with_random_blocks_8per_4 ----------
[00:00:00:02:220] Path of length 32 found: [0, 6, 12, 18, 24, 30, 31, 25, 19, 13, 7, 1, 2, 8, 14, 20, 26, 32, 33, 27, 21, 15, 16, 10, 4, 5, 11, 17, 23, 22, 28, 34, 35]
[00:00:00:02:220] ! Unidirectional s-t. expansions: 577, time: 2,220 [ms], path length: 32 [edges], generated: 5,837
[00:00:00:01:239] Path of length 32 found: [35, 29, 23, 17, 11, 5, 4, 10, 16, 15, 14, 8, 2, 1, 7, 13, 19, 25, 26, 20, 21, 22, 28, 27, 33, 32, 31, 30, 24, 18, 12, 6, 0]
[00:00:00:01:240] ! Unidirectional t-s. expansions: 272, time: 1,240 [ms], path length: 32 [edges], generated: 3,027
[00:00:00:04:508] Path of length 32 found: [0, 6, 12, 18, 24, 30, 31, 25, 19, 13, 7, 1, 2, 8, 14, 20, 26, 32, 33, 27, 28, 22, 21, 15, 16, 10, 4, 5, 11, 17, 23, 29, 35]
[00:00:00:04:837] ! Bidirectional. expansions: 674, time: 4,508 [ms], path length: 32 [edges], g_F: 19, g_B: 13, generated: 0, MM: 6, MMPER: 17.181818181818183%
[00:00:00:04:837] 
---------- SM_Grids/6x6_grid_with_random_blocks_8per_5 ----------
[00:00:00:01:714] Path of length 32 found: [0, 6, 12, 18, 24, 25, 31, 32, 26, 20, 19, 13, 7, 1, 2, 8, 14, 15, 9, 10, 4, 5, 11, 17, 16, 22, 21, 27, 33, 34, 28, 29, 35]
[00:00:00:01:715] ! Unidirectional s-t. expansions: 342, time: 1,715 [ms], path length: 32 [edges], generated: 4,127
[00:00:00:02:226] Path of length 32 found: [35, 29, 23, 17, 11, 5, 4, 10, 9, 8, 2, 1, 7, 13, 19, 20, 14, 15, 16, 22, 21, 27, 28, 34, 33, 32, 26, 25, 24, 18, 12, 6, 0]
[00:00:00:02:227] ! Unidirectional t-s. expansions: 457, time: 2,226 [ms], path length: 32 [edges], generated: 5,297
[00:00:00:06:474] Path of length 32 found: [0, 6, 12, 18, 24, 25, 31, 32, 26, 20, 19, 13, 7, 1, 2, 8, 14, 15, 21, 27, 33, 34, 28, 22, 16, 10, 4, 5, 11, 17, 23, 29, 35]
[00:00:00:06:800] ! Bidirectional. expansions: 866, time: 6,474 [ms], path length: 32 [edges], g_F: 20, g_B: 12, generated: 0, MM: 8, MMPER: 23.242424242424242%
[00:00:00:06:800] 
---------- SM_Grids/6x6_grid_with_random_blocks_8per_6 ----------
[00:00:00:00:080] Path of length 30 found: [0, 6, 12, 13, 7, 1, 2, 8, 14, 20, 19, 25, 26, 27, 33, 34, 28, 22, 21, 15, 9, 3, 4, 5, 11, 10, 16, 17, 23, 29, 35]
[00:00:00:00:081] ! Unidirectional s-t. expansions: 10, time: 80 [ms], path length: 30 [edges], generated: 129
[00:00:00:00:069] Path of length 30 found: [35, 29, 23, 17, 11, 5, 4, 3, 2, 1, 7, 8, 14, 20, 21, 15, 9, 10, 16, 22, 28, 34, 33, 27, 26, 25, 19, 13, 12, 6, 0]
[00:00:00:00:069] ! Unidirectional t-s. expansions: 10, time: 69 [ms], path length: 30 [edges], generated: 114
[00:00:00:00:124] Path of length 30 found: [0, 6, 12, 13, 7, 1, 2, 8, 14, 20, 19, 25, 26, 27, 33, 34, 28, 22, 21, 15, 16, 10, 9, 3, 4, 5, 11, 17, 23, 29, 35]
[00:00:00:00:509] ! Bidirectional. expansions: 10, time: 124 [ms], path length: 30 [edges], g_F: 19, g_B: 11, generated: 0, MM: 8, MMPER: 24.806451612903224%
[00:00:00:00:509] 
---------- SM_Grids/6x6_grid_with_random_blocks_8per_7 ----------
[00:00:00:00:851] Path of length 32 found: [0, 6, 12, 18, 24, 25, 31, 32, 26, 20, 19, 13, 7, 1, 2, 8, 14, 15, 21, 27, 33, 34, 28, 22, 16, 10, 4, 5, 11, 17, 23, 29, 35]
[00:00:00:00:852] ! Unidirectional s-t. expansions: 207, time: 851 [ms], path length: 32 [edges], generated: 2,011
[00:00:00:01:354] Path of length 32 found: [35, 29, 23, 17, 11, 5, 4, 3, 2, 1, 7, 8, 14, 13, 19, 20, 26, 27, 21, 15, 16, 22, 28, 34, 33, 32, 31, 25, 24, 18, 12, 6, 0]
[00:00:00:01:355] ! Unidirectional t-s. expansions: 283, time: 1,355 [ms], path length: 32 [edges], generated: 2,965
[00:00:00:04:079] Path of length 32 found: [0, 6, 12, 18, 24, 25, 31, 32, 26, 20, 19, 13, 7, 1, 2, 8, 14, 15, 21, 27, 33, 34, 28, 22, 16, 10, 4, 5, 11, 17, 23, 29, 35]
[00:00:00:04:404] ! Bidirectional. expansions: 443, time: 4,080 [ms], path length: 32 [edges], g_F: 20, g_B: 12, generated: 0, MM: 8, MMPER: 23.242424242424242%
[00:00:00:04:404] 
---------- SM_Grids/6x6_grid_with_random_blocks_8per_8 ----------
[00:00:00:00:774] Path of length 32 found: [0, 6, 12, 18, 24, 30, 31, 25, 19, 13, 7, 1, 2, 8, 14, 20, 26, 32, 33, 27, 21, 15, 16, 10, 4, 5, 11, 17, 23, 22, 28, 29, 35]
[00:00:00:00:774] ! Unidirectional s-t. expansions: 145, time: 774 [ms], path length: 32 [edges], generated: 1,623
[00:00:00:00:936] Path of length 32 found: [35, 29, 23, 17, 11, 5, 4, 3, 2, 1, 7, 8, 14, 13, 19, 25, 26, 20, 21, 15, 16, 22, 28, 27, 33, 32, 31, 30, 24, 18, 12, 6, 0]
[00:00:00:00:937] ! Unidirectional t-s. expansions: 211, time: 936 [ms], path length: 32 [edges], generated: 2,087
[00:00:00:03:261] Path of length 32 found: [0, 6, 12, 18, 24, 30, 31, 25, 19, 13, 7, 1, 2, 8, 14, 20, 26, 32, 33, 27, 28, 22, 21, 15, 16, 10, 4, 5, 11, 17, 23, 29, 35]
[00:00:00:03:582] ! Bidirectional. expansions: 338, time: 3,261 [ms], path length: 32 [edges], g_F: 20, g_B: 12, generated: 0, MM: 8, MMPER: 23.242424242424242%
[00:00:00:03:583] 
---------- SM_Grids/6x6_grid_with_random_blocks_8per_9 ----------
[00:00:00:00:077] Path of length 30 found: [0, 6, 12, 18, 24, 30, 31, 25, 19, 13, 7, 1, 2, 8, 9, 15, 14, 20, 26, 32, 33, 27, 21, 22, 16, 17, 23, 29, 28, 34, 35]
[00:00:00:00:078] ! Unidirectional s-t. expansions: 10, time: 77 [ms], path length: 30 [edges], generated: 137
[00:00:00:00:050] Path of length 30 found: [35, 29, 23, 17, 16, 15, 9, 8, 2, 1, 7, 13, 14, 20, 19, 25, 26, 27, 21, 22, 28, 34, 33, 32, 31, 30, 24, 18, 12, 6, 0]
[00:00:00:00:051] ! Unidirectional t-s. expansions: 10, time: 51 [ms], path length: 30 [edges], generated: 88
[00:00:00:00:140] Path of length 30 found: [0, 6, 12, 18, 24, 30, 31, 25, 19, 13, 7, 1, 2, 8, 9, 15, 14, 20, 26, 32, 33, 34, 28, 27, 21, 22, 16, 17, 23, 29, 35]
[00:00:00:00:461] ! Bidirectional. expansions: 14, time: 140 [ms], path length: 30 [edges], g_F: 19, g_B: 11, generated: 0, MM: 8, MMPER: 24.806451612903224%

[00:00:00:00:461] average expansions: (395, 425, 597, 0)
[00:00:00:00:461] average time: (1,464, 1,563, 4,321, 0)
[00:00:00:00:461] XDFBnB: 395 , 1,464 (expansions , time[ms])
[00:00:00:00:461] BiXDFBnB: 597 , 4,321 (expansions , time[ms])

