------------------------------------
Thu 01 Oct 2026 10:43:14 IDT
SLURM_JOBID:		21942658
SLURM_JOB_NODELIST:	ise-cpu256-08
SLURM_SCRATCH_DIR:	/scratch/shubit/21942658
Allocated Resouces:	cpu - 2 / mem - 61440 MB / gpu - 
SLURM_GPU_INDEX:	
Running as shubit from shimony account with normal QOS
------------------------------------
Thu 01 Oct 2026 10:43:14 IDT

SLURM_JOBID:		 21942658
SLURM_JOB_NODELIST:	 ise-cpu256-08 

--------------------------
date: SM_Grids
number_of_graphs: 10
graph_type: grid
size_of_graphs: [6, 6]
heuristic: bcc_heuristic
snake: False
run_uni: True
run_bi: True
run_multi: False
solution_vertices: []
algorithms: ['A']
lookahead: -2
bsd: False
cube_first_dims: 4
cube_buffer_dim: None
backward_sym_generation: False
sym_coil: False
prefix_set: None

---------- SM_Grids/6x6_grid_with_random_blocks_16per_0 ----------
[00:00:00:01:152] Path of length 22 found: [0, 1, 7, 6, 12, 18, 19, 13, 14, 8, 9, 3, 4, 5, 11, 10, 16, 15, 21, 27, 28, 34, 35]
[00:00:00:01:152] ! Unidirectional s-t. expansions: 966, time: 1,152 [ms], path length: 22 [edges], generated: 1,697
[00:00:00:01:148] Path of length 22 found: [35, 29, 28, 27, 21, 22, 16, 17, 11, 5, 4, 3, 9, 15, 14, 20, 19, 18, 12, 13, 7, 1, 0]
[00:00:00:01:148] ! Unidirectional t-s. expansions: 916, time: 1,148 [ms], path length: 22 [edges], generated: 1,661
[00:00:00:00:889] Path of length 22 found: [0, 1, 7, 6, 12, 18, 19, 13, 14, 8, 9, 3, 4, 5, 11, 10, 16, 15, 21, 27, 28, 29, 35]
[00:00:00:01:218] ! Bidirectional. expansions: 966, time: 889 [ms], path length: 22 [edges], g_F: 20, g_B: 2, generated: 0, MM: 18, MMPER: 77.26086956521739%
[00:00:00:01:218] 
---------- SM_Grids/6x6_grid_with_random_blocks_16per_1 ----------
[00:00:00:00:034] Path of length 20 found: [0, 6, 7, 1, 2, 3, 9, 15, 21, 27, 28, 22, 16, 10, 4, 5, 11, 17, 23, 29, 35]
[00:00:00:00:035] ! Unidirectional s-t. expansions: 20, time: 35 [ms], path length: 20 [edges], generated: 32
[00:00:00:00:033] Path of length 20 found: [35, 29, 23, 17, 11, 5, 4, 10, 16, 22, 28, 27, 21, 15, 9, 3, 2, 1, 7, 6, 0]
[00:00:00:00:033] ! Unidirectional t-s. expansions: 20, time: 33 [ms], path length: 20 [edges], generated: 32
[00:00:00:00:027] Path of length 20 found: [0, 6, 7, 1, 2, 3, 9, 15, 21, 27, 28, 22, 16, 10, 4, 5, 11, 17, 23, 29, 35]
[00:00:00:00:321] ! Bidirectional. expansions: 20, time: 27 [ms], path length: 20 [edges], g_F: 9, g_B: 11, generated: 0, MM: 2, MMPER: 8.523809523809524%
[00:00:00:00:322] 
---------- SM_Grids/6x6_grid_with_random_blocks_16per_2 ----------
[00:00:00:00:149] Path of length 20 found: [0, 6, 7, 8, 14, 13, 12, 18, 19, 25, 24, 30, 31, 32, 26, 20, 21, 27, 33, 34, 35]
[00:00:00:00:150] ! Unidirectional s-t. expansions: 81, time: 149 [ms], path length: 20 [edges], generated: 148
[00:00:00:00:037] Path of length 20 found: [35, 34, 28, 27, 21, 20, 14, 8, 7, 13, 19, 25, 26, 32, 31, 30, 24, 18, 12, 6, 0]
[00:00:00:00:037] ! Unidirectional t-s. expansions: 20, time: 37 [ms], path length: 20 [edges], generated: 34
[00:00:00:00:088] Path of length 20 found: [0, 6, 12, 18, 24, 30, 31, 25, 19, 13, 7, 8, 14, 20, 26, 32, 33, 27, 28, 34, 35]
[00:00:00:00:402] ! Bidirectional. expansions: 60, time: 88 [ms], path length: 20 [edges], g_F: 17, g_B: 3, generated: 0, MM: 14, MMPER: 65.66666666666667%
[00:00:00:00:402] 
---------- SM_Grids/6x6_grid_with_random_blocks_16per_3 ----------
[00:00:00:00:228] Path of length 28 found: [0, 6, 12, 13, 7, 8, 14, 20, 19, 25, 24, 30, 31, 32, 33, 27, 21, 22, 16, 10, 9, 3, 4, 5, 11, 17, 23, 29, 35]
[00:00:00:00:228] ! Unidirectional s-t. expansions: 105, time: 228 [ms], path length: 28 [edges], generated: 160
[00:00:00:00:076] Path of length 28 found: [35, 29, 23, 22, 16, 17, 11, 5, 4, 10, 9, 3, 2, 8, 14, 20, 21, 27, 33, 32, 31, 30, 24, 25, 19, 13, 7, 6, 0]
[00:00:00:00:077] ! Unidirectional t-s. expansions: 55, time: 77 [ms], path length: 28 [edges], generated: 83
[00:00:00:00:047] Path of length 28 found: [0, 6, 12, 13, 19, 25, 24, 30, 31, 32, 33, 27, 21, 20, 14, 8, 2, 3, 9, 10, 4, 5, 11, 17, 16, 22, 23, 29, 35]
[00:00:00:00:357] ! Bidirectional. expansions: 42, time: 47 [ms], path length: 28 [edges], g_F: 4, g_B: 24, generated: 0, MM: 20, MMPER: 67.96551724137932%
[00:00:00:00:357] 
---------- SM_Grids/6x6_grid_with_random_blocks_16per_4 ----------
[00:00:00:00:043] Path of length 26 found: [0, 1, 7, 6, 12, 18, 24, 30, 31, 25, 19, 13, 14, 20, 26, 32, 33, 27, 21, 22, 16, 17, 23, 29, 28, 34, 35]
[00:00:00:00:044] ! Unidirectional s-t. expansions: 26, time: 43 [ms], path length: 26 [edges], generated: 42
[00:00:00:00:042] Path of length 26 found: [35, 29, 23, 17, 16, 22, 21, 20, 14, 13, 19, 25, 26, 27, 28, 34, 33, 32, 31, 30, 24, 18, 12, 6, 7, 1, 0]
[00:00:00:00:042] ! Unidirectional t-s. expansions: 26, time: 42 [ms], path length: 26 [edges], generated: 42
[00:00:00:00:031] Path of length 26 found: [0, 1, 7, 6, 12, 18, 24, 30, 31, 25, 19, 13, 14, 20, 26, 32, 33, 27, 21, 22, 16, 17, 23, 29, 28, 34, 35]
[00:00:00:00:338] ! Bidirectional. expansions: 26, time: 31 [ms], path length: 26 [edges], g_F: 24, g_B: 2, generated: 0, MM: 22, MMPER: 80.48148148148148%
[00:00:00:00:338] 
---------- SM_Grids/6x6_grid_with_random_blocks_16per_5 ----------
[00:00:00:00:160] Path of length 28 found: [0, 1, 2, 8, 9, 10, 4, 5, 11, 17, 16, 22, 21, 15, 14, 20, 19, 13, 12, 18, 24, 30, 31, 25, 26, 27, 33, 34, 35]
[00:00:00:00:161] ! Unidirectional s-t. expansions: 108, time: 160 [ms], path length: 28 [edges], generated: 181
[00:00:00:00:376] Path of length 28 found: [35, 34, 33, 27, 28, 22, 16, 17, 11, 5, 4, 10, 9, 15, 21, 20, 26, 25, 31, 30, 24, 18, 19, 13, 14, 8, 2, 1, 0]
[00:00:00:00:376] ! Unidirectional t-s. expansions: 228, time: 376 [ms], path length: 28 [edges], generated: 397
[00:00:00:00:064] Path of length 28 found: [0, 1, 2, 8, 9, 10, 4, 5, 11, 17, 16, 15, 14, 13, 12, 18, 24, 30, 31, 25, 19, 20, 21, 22, 28, 27, 33, 34, 35]
[00:00:00:00:355] ! Bidirectional. expansions: 53, time: 64 [ms], path length: 28 [edges], g_F: 25, g_B: 3, generated: 0, MM: 22, MMPER: 74.86206896551724%
[00:00:00:00:356] 
---------- SM_Grids/6x6_grid_with_random_blocks_16per_6 ----------
[00:00:00:00:305] Path of length 28 found: [0, 1, 2, 8, 7, 6, 12, 13, 19, 18, 24, 30, 31, 32, 33, 27, 26, 20, 14, 15, 9, 10, 16, 17, 23, 22, 28, 34, 35]
[00:00:00:00:306] ! Unidirectional s-t. expansions: 207, time: 305 [ms], path length: 28 [edges], generated: 346
[00:00:00:00:098] Path of length 28 found: [35, 34, 33, 32, 31, 30, 24, 18, 12, 6, 7, 13, 19, 20, 26, 27, 28, 29, 23, 17, 16, 10, 9, 15, 14, 8, 2, 1, 0]
[00:00:00:00:099] ! Unidirectional t-s. expansions: 56, time: 98 [ms], path length: 28 [edges], generated: 96
[00:00:00:00:345] Path of length 28 found: [0, 6, 12, 18, 24, 30, 31, 32, 33, 27, 26, 20, 19, 13, 7, 1, 2, 8, 14, 15, 9, 10, 16, 17, 23, 22, 28, 34, 35]
[00:00:00:00:642] ! Bidirectional. expansions: 285, time: 345 [ms], path length: 28 [edges], g_F: 28, g_B: 0, generated: 0, MM: 28, MMPER: 95.55172413793103%
[00:00:00:00:643] 
---------- SM_Grids/6x6_grid_with_random_blocks_16per_7 ----------
[00:00:00:00:088] Path of length 18 found: [0, 6, 7, 13, 12, 18, 24, 30, 31, 25, 19, 20, 26, 32, 33, 27, 28, 29, 35]
[00:00:00:00:088] ! Unidirectional s-t. expansions: 46, time: 88 [ms], path length: 18 [edges], generated: 84
[00:00:00:00:063] Path of length 18 found: [35, 29, 28, 27, 33, 32, 31, 30, 24, 18, 19, 25, 26, 20, 14, 13, 7, 6, 0]
[00:00:00:00:063] ! Unidirectional t-s. expansions: 40, time: 63 [ms], path length: 18 [edges], generated: 72
[00:00:00:00:068] Path of length 18 found: [0, 6, 7, 13, 12, 18, 24, 30, 31, 25, 19, 20, 26, 32, 33, 27, 28, 29, 35]
[00:00:00:00:365] ! Bidirectional. expansions: 50, time: 69 [ms], path length: 18 [edges], g_F: 15, g_B: 3, generated: 0, MM: 12, MMPER: 62.1578947368421%
[00:00:00:00:365] 
---------- SM_Grids/6x6_grid_with_random_blocks_16per_8 ----------
[00:00:00:00:038] Path of length 22 found: [0, 6, 12, 18, 19, 13, 7, 1, 2, 8, 14, 20, 21, 15, 9, 10, 16, 22, 23, 29, 28, 34, 35]
[00:00:00:00:039] ! Unidirectional s-t. expansions: 22, time: 38 [ms], path length: 22 [edges], generated: 39
[00:00:00:00:037] Path of length 22 found: [35, 34, 28, 29, 23, 22, 16, 10, 9, 8, 2, 1, 7, 13, 14, 15, 21, 20, 19, 18, 12, 6, 0]
[00:00:00:00:037] ! Unidirectional t-s. expansions: 22, time: 37 [ms], path length: 22 [edges], generated: 39
[00:00:00:00:027] Path of length 22 found: [0, 6, 12, 18, 19, 13, 7, 1, 2, 8, 14, 20, 21, 15, 9, 10, 16, 22, 23, 29, 28, 34, 35]
[00:00:00:00:326] ! Bidirectional. expansions: 22, time: 27 [ms], path length: 22 [edges], g_F: 16, g_B: 6, generated: 0, MM: 10, MMPER: 42.47826086956522%
[00:00:00:00:326] 
---------- SM_Grids/6x6_grid_with_random_blocks_16per_9 ----------
[00:00:00:00:174] Path of length 26 found: [0, 6, 12, 18, 24, 30, 31, 25, 26, 32, 33, 27, 21, 20, 14, 15, 16, 10, 4, 5, 11, 17, 23, 22, 28, 34, 35]
[00:00:00:00:174] ! Unidirectional s-t. expansions: 113, time: 174 [ms], path length: 26 [edges], generated: 201
[00:00:00:00:502] Path of length 26 found: [35, 29, 23, 17, 11, 5, 4, 10, 16, 15, 14, 20, 21, 22, 28, 34, 33, 27, 26, 32, 31, 25, 24, 18, 12, 6, 0]
[00:00:00:00:502] ! Unidirectional t-s. expansions: 303, time: 502 [ms], path length: 26 [edges], generated: 540
[00:00:00:00:177] Path of length 26 found: [0, 6, 12, 18, 24, 30, 31, 25, 26, 32, 33, 27, 21, 20, 14, 15, 16, 10, 4, 5, 11, 17, 23, 22, 28, 34, 35]
[00:00:00:00:472] ! Bidirectional. expansions: 173, time: 177 [ms], path length: 26 [edges], g_F: 24, g_B: 2, generated: 0, MM: 22, MMPER: 80.48148148148148%

[00:00:00:00:472] average expansions: (169, 169, 170, 0)
[00:00:00:00:472] average time: (237, 241, 176, 0)
[00:00:00:00:472] XA*: 169 , 237 (expansions , time[ms])
[00:00:00:00:472] BiXA*: 170 , 176 (expansions , time[ms])

