------------------------------------
Thu 01 Oct 2026 15:44:00 IDT
SLURM_JOBID:		21953312
SLURM_JOB_NODELIST:	ise-cpu256-15
SLURM_SCRATCH_DIR:	/scratch/shubit/21953312
Allocated Resouces:	cpu - 2 / mem - 61440 MB / gpu - 
SLURM_GPU_INDEX:	
Running as shubit from shimony account with normal QOS
------------------------------------
Thu 01 Oct 2026 15:44:00 IDT

SLURM_JOBID:		 21953312
SLURM_JOB_NODELIST:	 ise-cpu256-15 

--------------------------
date: SM_Grids
number_of_graphs: 10
graph_type: grid
size_of_graphs: [6, 6]
heuristic: bcc_heuristic
snake: False
run_uni: True
run_bi: True
run_multi: False
solution_vertices: []
algorithms: ['XMM']
lookahead: -2
bsd: False
cube_first_dims: 4
cube_buffer_dim: None
backward_sym_generation: False
sym_coil: False
prefix_set: None

---------- SM_Grids/6x6_grid_with_random_blocks_8per_0 ----------
[00:00:00:01:269] Path of length 32 found: [0, 6, 7, 8, 2, 3, 4, 5, 11, 17, 23, 22, 16, 10, 9, 15, 21, 20, 14, 13, 12, 18, 19, 25, 24, 30, 31, 32, 26, 27, 28, 34, 35]
[00:00:00:01:269] ! Unidirectional s-t. expansions: 983, time: 1,269 [ms], path length: 32 [edges], generated: 1,650
[00:00:00:00:245] Path of length 32 found: [35, 34, 28, 29, 23, 22, 16, 17, 11, 5, 4, 10, 9, 3, 2, 8, 7, 13, 19, 20, 14, 15, 21, 27, 26, 32, 31, 25, 24, 18, 12, 6, 0]
[00:00:00:00:245] ! Unidirectional t-s. expansions: 150, time: 245 [ms], path length: 32 [edges], generated: 267
[00:00:00:00:961] Path of length 32 found: [0, 6, 12, 18, 19, 25, 24, 30, 31, 32, 26, 27, 21, 20, 14, 13, 7, 8, 2, 3, 9, 10, 4, 5, 11, 17, 16, 22, 23, 29, 28, 34, 35]
[00:00:00:01:358] ! Bidirectional. expansions: 295, time: 962 [ms], path length: 32 [edges], g_F: 15, g_B: 17, generated: 567, MM: 2, MMPER: 5.0606060606060606%
[00:00:00:01:359] 
---------- SM_Grids/6x6_grid_with_random_blocks_8per_1 ----------
[00:00:00:09:100] Path of length 30 found: [0, 1, 2, 3, 4, 5, 11, 17, 23, 22, 16, 15, 21, 20, 19, 13, 14, 8, 7, 6, 12, 18, 24, 30, 31, 32, 33, 27, 28, 34, 35]
[00:00:00:09:100] ! Unidirectional s-t. expansions: 5,285, time: 9,100 [ms], path length: 30 [edges], generated: 9,050
[00:00:00:08:000] Path of length 30 found: [35, 34, 33, 32, 31, 30, 24, 18, 12, 13, 19, 20, 14, 15, 16, 22, 21, 27, 28, 29, 23, 17, 11, 5, 4, 3, 2, 8, 7, 1, 0]
[00:00:00:08:001] ! Unidirectional t-s. expansions: 5,285, time: 8,000 [ms], path length: 30 [edges], generated: 9,050
[00:00:00:10:803] Path of length 30 found: [0, 6, 12, 18, 19, 25, 24, 30, 31, 32, 33, 34, 28, 27, 21, 15, 14, 8, 7, 1, 2, 3, 4, 5, 11, 10, 16, 17, 23, 29, 35]
[00:00:00:11:142] ! Bidirectional. expansions: 2,909, time: 10,804 [ms], path length: 30 [edges], g_F: 13, g_B: 17, generated: 5,755, MM: 4, MMPER: 11.903225806451612%
[00:00:00:11:142] 
---------- SM_Grids/6x6_grid_with_random_blocks_8per_2 ----------
[00:00:00:00:564] Path of length 32 found: [0, 6, 12, 18, 24, 30, 31, 32, 33, 27, 28, 22, 16, 15, 21, 20, 26, 25, 19, 13, 7, 1, 2, 8, 9, 3, 4, 10, 11, 17, 23, 29, 35]
[00:00:00:00:565] ! Unidirectional s-t. expansions: 265, time: 565 [ms], path length: 32 [edges], generated: 455
[00:00:00:02:533] Path of length 32 found: [35, 29, 28, 27, 33, 32, 31, 30, 24, 18, 12, 13, 19, 25, 26, 20, 21, 22, 23, 17, 16, 15, 9, 10, 11, 5, 4, 3, 2, 8, 7, 1, 0]
[00:00:00:02:534] ! Unidirectional t-s. expansions: 1,547, time: 2,533 [ms], path length: 32 [edges], generated: 2,514
[00:00:00:02:065] Path of length 32 found: [0, 6, 12, 18, 24, 30, 31, 25, 19, 13, 7, 1, 2, 8, 9, 3, 4, 5, 11, 17, 16, 15, 21, 20, 26, 32, 33, 27, 28, 22, 23, 29, 35]
[00:00:00:02:382] ! Bidirectional. expansions: 618, time: 2,065 [ms], path length: 32 [edges], g_F: 15, g_B: 17, generated: 1,093, MM: 2, MMPER: 5.0606060606060606%
[00:00:00:02:382] 
---------- SM_Grids/6x6_grid_with_random_blocks_8per_3 ----------
[00:00:00:00:752] Path of length 32 found: [0, 6, 12, 18, 24, 30, 31, 25, 26, 32, 33, 27, 28, 22, 16, 15, 21, 20, 14, 13, 7, 1, 2, 8, 9, 3, 4, 10, 11, 17, 23, 29, 35]
[00:00:00:00:752] ! Unidirectional s-t. expansions: 351, time: 752 [ms], path length: 32 [edges], generated: 640
[00:00:00:01:677] Path of length 32 found: [35, 29, 28, 27, 33, 32, 26, 25, 31, 30, 24, 18, 12, 13, 14, 20, 21, 22, 23, 17, 16, 15, 9, 10, 11, 5, 4, 3, 2, 8, 7, 1, 0]
[00:00:00:01:677] ! Unidirectional t-s. expansions: 951, time: 1,677 [ms], path length: 32 [edges], generated: 1,607
[00:00:00:02:231] Path of length 32 found: [0, 6, 12, 18, 24, 30, 31, 25, 26, 32, 33, 27, 21, 20, 14, 13, 7, 1, 2, 3, 9, 15, 16, 10, 4, 5, 11, 17, 23, 22, 28, 29, 35]
[00:00:00:02:523] ! Bidirectional. expansions: 670, time: 2,231 [ms], path length: 32 [edges], g_F: 15, g_B: 17, generated: 1,250, MM: 2, MMPER: 5.0606060606060606%
[00:00:00:02:523] 
---------- SM_Grids/6x6_grid_with_random_blocks_8per_4 ----------
[00:00:00:02:479] Path of length 32 found: [0, 1, 2, 8, 14, 15, 16, 10, 4, 5, 11, 17, 23, 22, 21, 20, 26, 25, 19, 13, 7, 6, 12, 18, 24, 30, 31, 32, 33, 27, 28, 34, 35]
[00:00:00:02:479] ! Unidirectional s-t. expansions: 1,708, time: 2,479 [ms], path length: 32 [edges], generated: 2,937
[00:00:00:01:515] Path of length 32 found: [35, 34, 33, 32, 31, 30, 24, 25, 26, 27, 28, 29, 23, 17, 11, 5, 4, 10, 16, 22, 21, 15, 14, 20, 19, 18, 12, 13, 7, 8, 2, 1, 0]
[00:00:00:01:516] ! Unidirectional t-s. expansions: 815, time: 1,515 [ms], path length: 32 [edges], generated: 1,421
[00:00:00:02:937] Path of length 32 found: [0, 6, 12, 18, 24, 30, 31, 25, 19, 13, 7, 1, 2, 8, 14, 20, 26, 27, 33, 34, 28, 22, 21, 15, 16, 10, 4, 5, 11, 17, 23, 29, 35]
[00:00:00:03:270] ! Bidirectional. expansions: 811, time: 2,937 [ms], path length: 32 [edges], g_F: 15, g_B: 17, generated: 1,506, MM: 2, MMPER: 5.0606060606060606%
[00:00:00:03:271] 
---------- SM_Grids/6x6_grid_with_random_blocks_8per_5 ----------
[00:00:00:01:914] Path of length 32 found: [0, 1, 2, 8, 9, 10, 4, 5, 11, 17, 23, 29, 28, 27, 21, 22, 16, 15, 14, 20, 19, 13, 7, 6, 12, 18, 24, 25, 31, 32, 33, 34, 35]
[00:00:00:01:914] ! Unidirectional s-t. expansions: 1,009, time: 1,914 [ms], path length: 32 [edges], generated: 1,815
[00:00:00:02:512] Path of length 32 found: [35, 34, 33, 27, 28, 29, 23, 22, 21, 15, 16, 17, 11, 5, 4, 10, 9, 8, 2, 1, 7, 13, 14, 20, 26, 32, 31, 25, 19, 18, 12, 6, 0]
[00:00:00:02:513] ! Unidirectional t-s. expansions: 1,347, time: 2,512 [ms], path length: 32 [edges], generated: 2,356
[00:00:00:03:647] Path of length 32 found: [0, 6, 12, 18, 24, 25, 31, 32, 26, 20, 19, 13, 7, 1, 2, 8, 9, 15, 21, 27, 33, 34, 28, 22, 16, 10, 4, 5, 11, 17, 23, 29, 35]
[00:00:00:03:985] ! Bidirectional. expansions: 950, time: 3,647 [ms], path length: 32 [edges], g_F: 15, g_B: 17, generated: 1,789, MM: 2, MMPER: 5.0606060606060606%
[00:00:00:03:986] 
---------- SM_Grids/6x6_grid_with_random_blocks_8per_6 ----------
[00:00:00:00:062] Path of length 30 found: [0, 6, 12, 13, 7, 1, 2, 8, 14, 20, 19, 25, 26, 27, 33, 34, 28, 22, 21, 15, 9, 3, 4, 5, 11, 10, 16, 17, 23, 29, 35]
[00:00:00:00:062] ! Unidirectional s-t. expansions: 30, time: 62 [ms], path length: 30 [edges], generated: 52
[00:00:00:00:064] Path of length 30 found: [35, 29, 23, 17, 11, 5, 4, 3, 2, 1, 7, 8, 14, 20, 21, 15, 9, 10, 16, 22, 28, 34, 33, 27, 26, 25, 19, 13, 12, 6, 0]
[00:00:00:00:064] ! Unidirectional t-s. expansions: 30, time: 64 [ms], path length: 30 [edges], generated: 52
[00:00:00:02:007] Path of length 30 found: [0, 6, 12, 13, 7, 1, 2, 8, 14, 20, 19, 25, 26, 27, 33, 34, 28, 22, 21, 15, 16, 10, 9, 3, 4, 5, 11, 17, 23, 29, 35]
[00:00:00:02:390] ! Bidirectional. expansions: 533, time: 2,008 [ms], path length: 30 [edges], g_F: 15, g_B: 15, generated: 1,049, MM: 0, MMPER: -1.0%
[00:00:00:02:390] 
---------- SM_Grids/6x6_grid_with_random_blocks_8per_7 ----------
[00:00:00:01:072] Path of length 32 found: [0, 1, 7, 6, 12, 13, 19, 18, 24, 25, 31, 32, 33, 27, 26, 20, 21, 15, 14, 8, 2, 3, 4, 5, 11, 10, 16, 17, 23, 22, 28, 34, 35]
[00:00:00:01:073] ! Unidirectional s-t. expansions: 615, time: 1,073 [ms], path length: 32 [edges], generated: 1,015
[00:00:00:01:593] Path of length 32 found: [35, 34, 33, 27, 26, 32, 31, 25, 24, 18, 12, 13, 19, 20, 14, 15, 21, 22, 28, 29, 23, 17, 16, 10, 11, 5, 4, 3, 2, 8, 7, 1, 0]
[00:00:00:01:593] ! Unidirectional t-s. expansions: 851, time: 1,593 [ms], path length: 32 [edges], generated: 1,461
[00:00:00:02:325] Path of length 32 found: [0, 6, 12, 13, 19, 18, 24, 25, 31, 32, 26, 27, 33, 34, 28, 22, 21, 15, 14, 8, 7, 1, 2, 3, 4, 5, 11, 10, 16, 17, 23, 29, 35]
[00:00:00:02:653] ! Bidirectional. expansions: 625, time: 2,325 [ms], path length: 32 [edges], g_F: 15, g_B: 17, generated: 1,182, MM: 2, MMPER: 5.0606060606060606%
[00:00:00:02:653] 
---------- SM_Grids/6x6_grid_with_random_blocks_8per_8 ----------
[00:00:00:00:839] Path of length 32 found: [0, 1, 7, 6, 12, 13, 19, 18, 24, 30, 31, 25, 26, 32, 33, 27, 28, 22, 16, 15, 21, 20, 14, 8, 2, 3, 4, 10, 11, 17, 23, 29, 35]
[00:00:00:00:839] ! Unidirectional s-t. expansions: 424, time: 839 [ms], path length: 32 [edges], generated: 739
[00:00:00:01:038] Path of length 32 found: [35, 29, 28, 27, 33, 32, 31, 30, 24, 25, 26, 20, 19, 18, 12, 13, 14, 15, 21, 22, 23, 17, 16, 10, 11, 5, 4, 3, 2, 8, 7, 1, 0]
[00:00:00:01:038] ! Unidirectional t-s. expansions: 599, time: 1,038 [ms], path length: 32 [edges], generated: 1,008
[00:00:00:01:721] Path of length 32 found: [0, 6, 12, 18, 24, 30, 31, 25, 19, 20, 26, 32, 33, 27, 21, 15, 14, 8, 7, 1, 2, 3, 4, 5, 11, 10, 16, 17, 23, 22, 28, 29, 35]
[00:00:00:02:041] ! Bidirectional. expansions: 482, time: 1,721 [ms], path length: 32 [edges], g_F: 15, g_B: 17, generated: 907, MM: 2, MMPER: 5.0606060606060606%
[00:00:00:02:042] 
---------- SM_Grids/6x6_grid_with_random_blocks_8per_9 ----------
[00:00:00:00:059] Path of length 30 found: [0, 6, 12, 18, 24, 30, 31, 25, 19, 13, 7, 1, 2, 8, 9, 15, 14, 20, 26, 32, 33, 27, 21, 22, 16, 17, 23, 29, 28, 34, 35]
[00:00:00:00:059] ! Unidirectional s-t. expansions: 30, time: 59 [ms], path length: 30 [edges], generated: 51
[00:00:00:00:074] Path of length 30 found: [35, 29, 23, 17, 16, 15, 9, 8, 2, 1, 7, 13, 14, 20, 19, 25, 26, 27, 21, 22, 28, 34, 33, 32, 31, 30, 24, 18, 12, 6, 0]
[00:00:00:00:074] ! Unidirectional t-s. expansions: 30, time: 74 [ms], path length: 30 [edges], generated: 51
[00:00:00:01:475] Path of length 30 found: [0, 6, 12, 18, 24, 30, 31, 25, 19, 13, 7, 1, 2, 8, 9, 15, 14, 20, 26, 32, 33, 34, 28, 27, 21, 22, 16, 17, 23, 29, 35]
[00:00:00:01:788] ! Bidirectional. expansions: 396, time: 1,475 [ms], path length: 30 [edges], g_F: 15, g_B: 15, generated: 768, MM: 0, MMPER: -1.0%

[00:00:00:01:788] average expansions: (1,070, 1,160, 829, 0)
[00:00:00:01:788] average time: (1,811, 1,925, 3,018, 0)
[00:00:00:01:788] XA*: 1,070 , 1,811 (expansions , time[ms])
[00:00:00:01:788] XMM: 829 , 3,018 (expansions , time[ms])

