------------------------------------
Thu 01 Oct 2026 15:50:14 IDT
SLURM_JOBID:		21953332
SLURM_JOB_NODELIST:	ise-cpu256-10
SLURM_SCRATCH_DIR:	/scratch/shubit/21953332
Allocated Resouces:	cpu - 2 / mem - 61440 MB / gpu - 
SLURM_GPU_INDEX:	
Running as shubit from shimony account with normal QOS
------------------------------------
Thu 01 Oct 2026 15:50:14 IDT

SLURM_JOBID:		 21953332
SLURM_JOB_NODELIST:	 ise-cpu256-10 

--------------------------
date: SM_Grids
number_of_graphs: 10
graph_type: grid
size_of_graphs: [6, 6]
heuristic: bcc_heuristic
snake: False
run_uni: True
run_bi: True
run_multi: False
solution_vertices: []
algorithms: ['XMM']
lookahead: 1
bsd: False
cube_first_dims: 4
cube_buffer_dim: None
backward_sym_generation: False
sym_coil: False
prefix_set: None

---------- SM_Grids/6x6_grid_with_random_blocks_20per_0 ----------
[00:00:00:00:053] Path of length 26 found: [0, 1, 2, 3, 4, 5, 11, 10, 9, 15, 14, 8, 7, 6, 12, 13, 19, 20, 26, 25, 31, 32, 33, 27, 28, 34, 35]
[00:00:00:00:053] ! Unidirectional s-t. expansions: 39, time: 53 [ms], path length: 26 [edges], generated: 65
[00:00:00:00:030] Path of length 26 found: [35, 34, 28, 27, 33, 32, 31, 25, 26, 20, 19, 13, 12, 6, 7, 8, 14, 15, 9, 10, 11, 5, 4, 3, 2, 1, 0]
[00:00:00:00:031] ! Unidirectional t-s. expansions: 26, time: 31 [ms], path length: 26 [edges], generated: 41
[00:00:00:00:074] Path of length 26 found: [0, 1, 2, 3, 4, 5, 11, 10, 9, 15, 14, 8, 7, 6, 12, 13, 19, 20, 26, 25, 31, 32, 33, 27, 28, 34, 35]
[00:00:00:00:417] ! Bidirectional. expansions: 39, time: 74 [ms], path length: 26 [edges], g_F: 13, g_B: 13, generated: 68, MM: 0, MMPER: -1.0%
[00:00:00:00:417] 
---------- SM_Grids/6x6_grid_with_random_blocks_20per_1 ----------
[00:00:00:01:319] Path of length 24 found: [0, 1, 2, 3, 4, 5, 11, 17, 16, 10, 9, 8, 14, 13, 7, 6, 12, 18, 19, 20, 21, 27, 28, 29, 35]
[00:00:00:01:319] ! Unidirectional s-t. expansions: 1,041, time: 1,319 [ms], path length: 24 [edges], generated: 1,745
[00:00:00:00:636] Path of length 24 found: [35, 29, 28, 27, 21, 22, 16, 17, 11, 5, 4, 10, 9, 3, 2, 8, 14, 20, 19, 18, 12, 13, 7, 1, 0]
[00:00:00:00:636] ! Unidirectional t-s. expansions: 498, time: 636 [ms], path length: 24 [edges], generated: 892
[00:00:00:01:346] Path of length 24 found: [0, 6, 12, 18, 19, 20, 14, 13, 7, 1, 2, 8, 9, 10, 4, 5, 11, 17, 16, 22, 21, 27, 28, 29, 35]
[00:00:00:01:630] ! Bidirectional. expansions: 515, time: 1,346 [ms], path length: 24 [edges], g_F: 11, g_B: 13, generated: 995, MM: 2, MMPER: 7.0%
[00:00:00:01:631] 
---------- SM_Grids/6x6_grid_with_random_blocks_20per_2 ----------
[00:00:00:00:064] Path of length 24 found: [0, 6, 12, 18, 19, 25, 24, 30, 31, 32, 26, 27, 21, 20, 14, 8, 2, 3, 9, 10, 16, 17, 23, 29, 35]
[00:00:00:00:065] ! Unidirectional s-t. expansions: 41, time: 65 [ms], path length: 24 [edges], generated: 66
[00:00:00:00:040] Path of length 24 found: [35, 29, 23, 17, 11, 10, 9, 3, 2, 8, 14, 20, 21, 27, 26, 32, 31, 30, 24, 25, 19, 18, 12, 6, 0]
[00:00:00:00:040] ! Unidirectional t-s. expansions: 29, time: 40 [ms], path length: 24 [edges], generated: 44
[00:00:00:00:100] Path of length 24 found: [0, 6, 12, 18, 19, 25, 24, 30, 31, 32, 26, 27, 21, 20, 14, 8, 2, 3, 9, 10, 11, 17, 23, 29, 35]
[00:00:00:00:387] ! Bidirectional. expansions: 46, time: 100 [ms], path length: 24 [edges], g_F: 12, g_B: 12, generated: 77, MM: 0, MMPER: -1.0%
[00:00:00:00:388] 
---------- SM_Grids/6x6_grid_with_random_blocks_20per_3 ----------
[00:00:00:00:070] Path of length 24 found: [0, 1, 2, 3, 4, 5, 11, 10, 9, 8, 14, 13, 19, 18, 24, 30, 31, 32, 33, 27, 21, 22, 23, 29, 35]
[00:00:00:00:070] ! Unidirectional s-t. expansions: 58, time: 70 [ms], path length: 24 [edges], generated: 88
[00:00:00:00:050] Path of length 24 found: [35, 29, 23, 22, 21, 27, 33, 32, 31, 30, 24, 18, 19, 13, 14, 15, 9, 10, 11, 5, 4, 3, 2, 1, 0]
[00:00:00:00:050] ! Unidirectional t-s. expansions: 38, time: 50 [ms], path length: 24 [edges], generated: 58
[00:00:00:00:081] Path of length 24 found: [0, 1, 2, 3, 4, 5, 11, 10, 9, 8, 14, 13, 19, 18, 24, 30, 31, 32, 33, 27, 21, 22, 23, 29, 35]
[00:00:00:00:379] ! Bidirectional. expansions: 40, time: 81 [ms], path length: 24 [edges], g_F: 13, g_B: 11, generated: 62, MM: 2, MMPER: 7.0%
[00:00:00:00:379] 
---------- SM_Grids/6x6_grid_with_random_blocks_20per_4 ----------
[00:00:00:00:030] Path of length 20 found: [0, 1, 7, 8, 9, 3, 4, 5, 11, 10, 16, 15, 21, 27, 33, 34, 28, 22, 23, 29, 35]
[00:00:00:00:030] ! Unidirectional s-t. expansions: 20, time: 30 [ms], path length: 20 [edges], generated: 30
[00:00:00:00:031] Path of length 20 found: [35, 29, 23, 22, 28, 34, 33, 27, 21, 15, 16, 10, 11, 5, 4, 3, 9, 8, 7, 1, 0]
[00:00:00:00:031] ! Unidirectional t-s. expansions: 20, time: 31 [ms], path length: 20 [edges], generated: 30
[00:00:00:00:069] Path of length 20 found: [0, 1, 7, 8, 9, 3, 4, 5, 11, 10, 16, 15, 21, 27, 33, 34, 28, 22, 23, 29, 35]
[00:00:00:00:367] ! Bidirectional. expansions: 29, time: 69 [ms], path length: 20 [edges], g_F: 10, g_B: 10, generated: 46, MM: 0, MMPER: -1.0%
[00:00:00:00:367] 
---------- SM_Grids/6x6_grid_with_random_blocks_20per_5 ----------
[00:00:00:00:157] Path of length 24 found: [0, 6, 12, 13, 14, 15, 9, 3, 4, 10, 16, 22, 21, 20, 26, 25, 24, 30, 31, 32, 33, 27, 28, 34, 35]
[00:00:00:00:157] ! Unidirectional s-t. expansions: 101, time: 157 [ms], path length: 24 [edges], generated: 174
[00:00:00:00:207] Path of length 24 found: [35, 29, 28, 34, 33, 32, 31, 30, 24, 25, 26, 27, 21, 22, 16, 10, 4, 3, 9, 15, 14, 13, 7, 6, 0]
[00:00:00:00:207] ! Unidirectional t-s. expansions: 146, time: 207 [ms], path length: 24 [edges], generated: 241
[00:00:00:00:286] Path of length 24 found: [0, 6, 12, 13, 14, 20, 26, 25, 24, 30, 31, 32, 33, 27, 21, 15, 9, 3, 4, 10, 16, 22, 28, 29, 35]
[00:00:00:00:572] ! Bidirectional. expansions: 120, time: 286 [ms], path length: 24 [edges], g_F: 11, g_B: 13, generated: 214, MM: 2, MMPER: 7.0%
[00:00:00:00:572] 
---------- SM_Grids/6x6_grid_with_random_blocks_20per_6 ----------
[00:00:00:00:185] Path of length 24 found: [0, 6, 12, 18, 24, 25, 31, 32, 26, 20, 14, 15, 9, 8, 2, 3, 4, 5, 11, 17, 16, 22, 28, 34, 35]
[00:00:00:00:186] ! Unidirectional s-t. expansions: 74, time: 186 [ms], path length: 24 [edges], generated: 121
[00:00:00:00:148] Path of length 24 found: [35, 29, 28, 22, 16, 17, 11, 5, 4, 10, 9, 3, 2, 8, 14, 20, 26, 32, 31, 25, 24, 18, 12, 6, 0]
[00:00:00:00:148] ! Unidirectional t-s. expansions: 95, time: 148 [ms], path length: 24 [edges], generated: 162
[00:00:00:00:236] Path of length 24 found: [0, 6, 12, 18, 24, 25, 31, 32, 26, 20, 14, 8, 2, 3, 9, 10, 4, 5, 11, 17, 16, 22, 28, 29, 35]
[00:00:00:00:521] ! Bidirectional. expansions: 112, time: 236 [ms], path length: 24 [edges], g_F: 13, g_B: 11, generated: 191, MM: 2, MMPER: 7.0%
[00:00:00:00:522] 
---------- SM_Grids/6x6_grid_with_random_blocks_20per_7 ----------
[00:00:00:00:049] Path of length 24 found: [0, 1, 7, 6, 12, 18, 19, 25, 31, 32, 26, 20, 14, 15, 9, 10, 11, 17, 16, 22, 28, 27, 33, 34, 35]
[00:00:00:00:049] ! Unidirectional s-t. expansions: 34, time: 49 [ms], path length: 24 [edges], generated: 51
[00:00:00:00:074] Path of length 24 found: [35, 34, 33, 32, 31, 25, 26, 27, 28, 22, 16, 17, 11, 10, 9, 15, 14, 20, 19, 18, 12, 6, 7, 1, 0]
[00:00:00:00:074] ! Unidirectional t-s. expansions: 48, time: 74 [ms], path length: 24 [edges], generated: 78
[00:00:00:00:204] Path of length 24 found: [0, 1, 7, 6, 12, 18, 19, 25, 31, 32, 26, 20, 14, 15, 9, 10, 11, 17, 16, 22, 28, 27, 33, 34, 35]
[00:00:00:00:499] ! Bidirectional. expansions: 90, time: 204 [ms], path length: 24 [edges], g_F: 12, g_B: 12, generated: 152, MM: 0, MMPER: -1.0%
[00:00:00:00:499] 
---------- SM_Grids/6x6_grid_with_random_blocks_20per_8 ----------
[00:00:00:00:037] Path of length 28 found: [0, 1, 7, 6, 12, 18, 19, 25, 24, 30, 31, 32, 26, 27, 33, 34, 28, 22, 21, 15, 14, 8, 9, 10, 16, 17, 23, 29, 35]
[00:00:00:00:037] ! Unidirectional s-t. expansions: 28, time: 37 [ms], path length: 28 [edges], generated: 42
[00:00:00:00:054] Path of length 28 found: [35, 29, 23, 17, 16, 10, 9, 8, 14, 15, 21, 22, 28, 34, 33, 27, 26, 32, 31, 30, 24, 25, 19, 18, 12, 6, 7, 1, 0]
[00:00:00:00:055] ! Unidirectional t-s. expansions: 28, time: 54 [ms], path length: 28 [edges], generated: 42
[00:00:00:00:138] Path of length 28 found: [0, 1, 7, 6, 12, 18, 19, 25, 24, 30, 31, 32, 26, 27, 33, 34, 28, 22, 21, 15, 14, 8, 9, 10, 16, 17, 23, 29, 35]
[00:00:00:00:441] ! Bidirectional. expansions: 55, time: 138 [ms], path length: 28 [edges], g_F: 14, g_B: 14, generated: 98, MM: 0, MMPER: -1.0%
[00:00:00:00:441] 
---------- SM_Grids/6x6_grid_with_random_blocks_20per_9 ----------
[00:00:00:00:048] Path of length 24 found: [0, 1, 7, 8, 9, 15, 14, 13, 12, 18, 24, 25, 19, 20, 26, 27, 21, 22, 16, 17, 23, 29, 28, 34, 35]
[00:00:00:00:048] ! Unidirectional s-t. expansions: 31, time: 48 [ms], path length: 24 [edges], generated: 53
[00:00:00:00:037] Path of length 24 found: [35, 34, 28, 29, 23, 17, 16, 22, 21, 27, 26, 20, 19, 25, 24, 18, 12, 13, 14, 15, 9, 8, 7, 1, 0]
[00:00:00:00:037] ! Unidirectional t-s. expansions: 24, time: 37 [ms], path length: 24 [edges], generated: 39
[00:00:00:00:084] Path of length 24 found: [0, 1, 7, 8, 9, 15, 14, 13, 12, 18, 24, 25, 19, 20, 26, 27, 21, 22, 16, 17, 23, 29, 28, 34, 35]
[00:00:00:00:437] ! Bidirectional. expansions: 32, time: 84 [ms], path length: 24 [edges], g_F: 12, g_B: 12, generated: 60, MM: 0, MMPER: -1.0%

[00:00:00:00:437] average expansions: (147, 95, 108, 0)
[00:00:00:00:437] average time: (201, 131, 262, 0)
[00:00:00:00:437] XA*: 95 , 131 (expansions , time[ms])
[00:00:00:00:437] XMM: 108 , 262 (expansions , time[ms])

