------------------------------------
Thu 01 Oct 2026 10:43:14 IDT
SLURM_JOBID:		21942667
SLURM_JOB_NODELIST:	ise-cpu256-10
SLURM_SCRATCH_DIR:	/scratch/shubit/21942667
Allocated Resouces:	cpu - 2 / mem - 61440 MB / gpu - 
SLURM_GPU_INDEX:	
Running as shubit from shimony account with normal QOS
------------------------------------
Thu 01 Oct 2026 10:43:14 IDT

SLURM_JOBID:		 21942667
SLURM_JOB_NODELIST:	 ise-cpu256-10 

--------------------------
date: SM_Grids
number_of_graphs: 10
graph_type: grid
size_of_graphs: [6, 6]
heuristic: bcc_heuristic
snake: False
run_uni: True
run_bi: True
run_multi: False
solution_vertices: []
algorithms: ['A']
lookahead: 2
bsd: False
cube_first_dims: 4
cube_buffer_dim: None
backward_sym_generation: False
sym_coil: False
prefix_set: None

---------- SM_Grids/6x6_grid_with_random_blocks_20per_0 ----------
[00:00:00:00:042] Path of length 26 found: [0, 1, 2, 3, 4, 5, 11, 10, 9, 15, 14, 8, 7, 6, 12, 13, 19, 20, 26, 25, 31, 32, 33, 27, 28, 34, 35]
[00:00:00:00:043] ! Unidirectional s-t. expansions: 20, time: 42 [ms], path length: 26 [edges], generated: 103
[00:00:00:00:019] Path of length 26 found: [35, 34, 28, 27, 33, 32, 31, 25, 26, 20, 19, 13, 12, 6, 7, 8, 14, 15, 9, 10, 11, 5, 4, 3, 2, 1, 0]
[00:00:00:00:019] ! Unidirectional t-s. expansions: 13, time: 19 [ms], path length: 26 [edges], generated: 45
[00:00:00:00:027] Path of length 26 found: [0, 1, 2, 3, 4, 5, 11, 10, 9, 15, 14, 8, 7, 6, 12, 13, 19, 20, 26, 25, 31, 32, 33, 27, 28, 34, 35]
[00:00:00:00:345] ! Bidirectional. expansions: 22, time: 27 [ms], path length: 26 [edges], g_F: 13, g_B: 13, generated: 0, MM: 0, MMPER: -1.0%
[00:00:00:00:346] 
---------- SM_Grids/6x6_grid_with_random_blocks_20per_1 ----------
[00:00:00:01:015] Path of length 24 found: [0, 1, 2, 3, 4, 5, 11, 17, 16, 10, 9, 8, 14, 13, 7, 6, 12, 18, 19, 20, 21, 27, 28, 29, 35]
[00:00:00:01:015] ! Unidirectional s-t. expansions: 539, time: 1,015 [ms], path length: 24 [edges], generated: 2,476
[00:00:00:00:557] Path of length 24 found: [35, 29, 28, 27, 21, 22, 16, 17, 11, 5, 4, 10, 9, 3, 2, 8, 14, 20, 19, 18, 12, 13, 7, 1, 0]
[00:00:00:00:557] ! Unidirectional t-s. expansions: 262, time: 557 [ms], path length: 24 [edges], generated: 1,506
[00:00:00:00:398] Path of length 24 found: [0, 1, 2, 8, 7, 6, 12, 18, 19, 13, 14, 15, 9, 3, 4, 5, 11, 17, 16, 22, 21, 27, 28, 29, 35]
[00:00:00:00:692] ! Bidirectional. expansions: 280, time: 398 [ms], path length: 24 [edges], g_F: 12, g_B: 12, generated: 0, MM: 0, MMPER: -1.0%
[00:00:00:00:692] 
---------- SM_Grids/6x6_grid_with_random_blocks_20per_2 ----------
[00:00:00:00:048] Path of length 24 found: [0, 6, 12, 18, 19, 25, 24, 30, 31, 32, 26, 27, 21, 20, 14, 8, 2, 3, 9, 10, 16, 17, 23, 29, 35]
[00:00:00:00:048] ! Unidirectional s-t. expansions: 19, time: 48 [ms], path length: 24 [edges], generated: 79
[00:00:00:00:032] Path of length 24 found: [35, 29, 23, 17, 11, 10, 9, 3, 2, 8, 14, 20, 21, 27, 26, 32, 31, 30, 24, 25, 19, 18, 12, 6, 0]
[00:00:00:00:032] ! Unidirectional t-s. expansions: 15, time: 32 [ms], path length: 24 [edges], generated: 58
[00:00:00:00:033] Path of length 24 found: [0, 6, 12, 18, 19, 25, 24, 30, 31, 32, 26, 27, 21, 20, 14, 8, 2, 3, 9, 10, 11, 17, 23, 29, 35]
[00:00:00:00:344] ! Bidirectional. expansions: 24, time: 33 [ms], path length: 24 [edges], g_F: 12, g_B: 12, generated: 0, MM: 0, MMPER: -1.0%
[00:00:00:00:344] 
---------- SM_Grids/6x6_grid_with_random_blocks_20per_3 ----------
[00:00:00:00:046] Path of length 24 found: [0, 1, 2, 3, 4, 5, 11, 10, 9, 8, 14, 13, 19, 18, 24, 30, 31, 32, 33, 27, 21, 22, 23, 29, 35]
[00:00:00:00:046] ! Unidirectional s-t. expansions: 29, time: 46 [ms], path length: 24 [edges], generated: 106
[00:00:00:00:036] Path of length 24 found: [35, 29, 23, 22, 21, 27, 33, 32, 31, 30, 24, 18, 19, 13, 14, 15, 9, 10, 11, 5, 4, 3, 2, 1, 0]
[00:00:00:00:037] ! Unidirectional t-s. expansions: 19, time: 37 [ms], path length: 24 [edges], generated: 80
[00:00:00:00:017] Path of length 24 found: [0, 1, 2, 3, 4, 5, 11, 10, 9, 8, 14, 13, 19, 18, 24, 30, 31, 32, 33, 27, 21, 22, 23, 29, 35]
[00:00:00:00:287] ! Bidirectional. expansions: 15, time: 17 [ms], path length: 24 [edges], g_F: 12, g_B: 12, generated: 0, MM: 0, MMPER: -1.0%
[00:00:00:00:287] 
---------- SM_Grids/6x6_grid_with_random_blocks_20per_4 ----------
[00:00:00:00:023] Path of length 20 found: [0, 1, 7, 8, 9, 3, 4, 5, 11, 10, 16, 15, 21, 27, 33, 34, 28, 22, 23, 29, 35]
[00:00:00:00:023] ! Unidirectional s-t. expansions: 10, time: 23 [ms], path length: 20 [edges], generated: 45
[00:00:00:00:021] Path of length 20 found: [35, 29, 23, 22, 28, 34, 33, 27, 21, 15, 16, 10, 11, 5, 4, 3, 9, 8, 7, 1, 0]
[00:00:00:00:021] ! Unidirectional t-s. expansions: 10, time: 21 [ms], path length: 20 [edges], generated: 35
[00:00:00:00:013] Path of length 20 found: [0, 1, 7, 8, 9, 3, 4, 5, 11, 10, 16, 15, 21, 27, 33, 34, 28, 22, 23, 29, 35]
[00:00:00:00:270] ! Bidirectional. expansions: 11, time: 13 [ms], path length: 20 [edges], g_F: 10, g_B: 10, generated: 0, MM: 0, MMPER: -1.0%
[00:00:00:00:270] 
---------- SM_Grids/6x6_grid_with_random_blocks_20per_5 ----------
[00:00:00:00:112] Path of length 24 found: [0, 6, 12, 13, 14, 20, 26, 25, 24, 30, 31, 32, 33, 27, 21, 15, 9, 3, 4, 10, 16, 22, 28, 34, 35]
[00:00:00:00:112] ! Unidirectional s-t. expansions: 53, time: 112 [ms], path length: 24 [edges], generated: 261
[00:00:00:00:143] Path of length 24 found: [35, 29, 28, 34, 33, 32, 31, 30, 24, 25, 26, 27, 21, 22, 16, 10, 4, 3, 9, 15, 14, 13, 7, 6, 0]
[00:00:00:00:144] ! Unidirectional t-s. expansions: 70, time: 143 [ms], path length: 24 [edges], generated: 299
[00:00:00:00:033] Path of length 24 found: [0, 6, 12, 13, 14, 15, 9, 3, 4, 10, 16, 22, 21, 20, 26, 25, 24, 30, 31, 32, 33, 34, 28, 29, 35]
[00:00:00:00:310] ! Bidirectional. expansions: 23, time: 33 [ms], path length: 24 [edges], g_F: 12, g_B: 12, generated: 0, MM: 0, MMPER: -1.0%
[00:00:00:00:310] 
---------- SM_Grids/6x6_grid_with_random_blocks_20per_6 ----------
[00:00:00:00:079] Path of length 24 found: [0, 6, 12, 18, 24, 25, 31, 32, 26, 20, 14, 15, 9, 8, 2, 3, 4, 5, 11, 10, 16, 22, 28, 34, 35]
[00:00:00:00:079] ! Unidirectional s-t. expansions: 39, time: 79 [ms], path length: 24 [edges], generated: 163
[00:00:00:00:107] Path of length 24 found: [35, 29, 28, 22, 16, 17, 11, 5, 4, 10, 9, 3, 2, 8, 14, 20, 26, 32, 31, 25, 24, 18, 12, 6, 0]
[00:00:00:00:107] ! Unidirectional t-s. expansions: 43, time: 107 [ms], path length: 24 [edges], generated: 185
[00:00:00:00:030] Path of length 24 found: [0, 6, 12, 18, 24, 25, 31, 32, 26, 20, 14, 8, 2, 3, 9, 10, 4, 5, 11, 17, 16, 22, 28, 29, 35]
[00:00:00:00:296] ! Bidirectional. expansions: 24, time: 30 [ms], path length: 24 [edges], g_F: 12, g_B: 12, generated: 0, MM: 0, MMPER: -1.0%
[00:00:00:00:296] 
---------- SM_Grids/6x6_grid_with_random_blocks_20per_7 ----------
[00:00:00:00:034] Path of length 24 found: [0, 1, 7, 6, 12, 18, 19, 25, 31, 32, 26, 20, 14, 15, 9, 10, 11, 17, 16, 22, 28, 27, 33, 34, 35]
[00:00:00:00:034] ! Unidirectional s-t. expansions: 17, time: 34 [ms], path length: 24 [edges], generated: 62
[00:00:00:00:060] Path of length 24 found: [35, 34, 33, 32, 31, 25, 26, 27, 28, 22, 16, 17, 11, 10, 9, 15, 14, 20, 19, 18, 12, 6, 7, 1, 0]
[00:00:00:00:060] ! Unidirectional t-s. expansions: 25, time: 60 [ms], path length: 24 [edges], generated: 105
[00:00:00:00:030] Path of length 24 found: [0, 1, 7, 6, 12, 18, 19, 25, 31, 32, 33, 27, 26, 20, 14, 15, 9, 10, 11, 17, 16, 22, 28, 34, 35]
[00:00:00:00:299] ! Bidirectional. expansions: 22, time: 30 [ms], path length: 24 [edges], g_F: 12, g_B: 12, generated: 0, MM: 0, MMPER: -1.0%
[00:00:00:00:299] 
---------- SM_Grids/6x6_grid_with_random_blocks_20per_8 ----------
[00:00:00:00:027] Path of length 28 found: [0, 1, 7, 6, 12, 18, 19, 25, 24, 30, 31, 32, 26, 27, 33, 34, 28, 22, 21, 15, 14, 8, 9, 10, 16, 17, 23, 29, 35]
[00:00:00:00:027] ! Unidirectional s-t. expansions: 14, time: 27 [ms], path length: 28 [edges], generated: 48
[00:00:00:00:035] Path of length 28 found: [35, 29, 23, 17, 16, 10, 9, 8, 14, 15, 21, 22, 28, 34, 33, 27, 26, 32, 31, 30, 24, 25, 19, 18, 12, 6, 7, 1, 0]
[00:00:00:00:035] ! Unidirectional t-s. expansions: 14, time: 35 [ms], path length: 28 [edges], generated: 68
[00:00:00:00:018] Path of length 28 found: [0, 1, 7, 6, 12, 18, 19, 25, 24, 30, 31, 32, 26, 27, 33, 34, 28, 22, 21, 15, 14, 8, 9, 10, 16, 17, 23, 29, 35]
[00:00:00:00:281] ! Bidirectional. expansions: 15, time: 18 [ms], path length: 28 [edges], g_F: 14, g_B: 14, generated: 0, MM: 0, MMPER: -1.0%
[00:00:00:00:282] 
---------- SM_Grids/6x6_grid_with_random_blocks_20per_9 ----------
[00:00:00:00:032] Path of length 24 found: [0, 1, 7, 8, 9, 15, 14, 13, 12, 18, 24, 25, 19, 20, 26, 27, 21, 22, 16, 17, 23, 29, 28, 34, 35]
[00:00:00:00:032] ! Unidirectional s-t. expansions: 15, time: 32 [ms], path length: 24 [edges], generated: 56
[00:00:00:00:033] Path of length 24 found: [35, 34, 28, 29, 23, 17, 16, 22, 21, 27, 26, 20, 19, 25, 24, 18, 12, 13, 14, 15, 9, 8, 7, 1, 0]
[00:00:00:00:033] ! Unidirectional t-s. expansions: 12, time: 33 [ms], path length: 24 [edges], generated: 66
[00:00:00:00:026] Path of length 24 found: [0, 1, 7, 8, 9, 15, 14, 13, 12, 18, 24, 25, 19, 20, 26, 27, 21, 22, 16, 17, 23, 29, 28, 34, 35]
[00:00:00:00:294] ! Bidirectional. expansions: 19, time: 26 [ms], path length: 24 [edges], g_F: 12, g_B: 12, generated: 0, MM: 0, MMPER: -1.0%

[00:00:00:00:294] average expansions: (76, 48, 46, 0)
[00:00:00:00:294] average time: (146, 104, 62, 0)
[00:00:00:00:294] XA*: 48 , 104 (expansions , time[ms])
[00:00:00:00:294] BiXA*: 46 , 62 (expansions , time[ms])

