------------------------------------
Thu 01 Oct 2026 13:43:49 IDT
SLURM_JOBID:		21947668
SLURM_JOB_NODELIST:	ise-cpu256-18
SLURM_SCRATCH_DIR:	/scratch/shubit/21947668
Allocated Resouces:	cpu - 2 / mem - 61440 MB / gpu - 
SLURM_GPU_INDEX:	
Running as shubit from shimony account with normal QOS
------------------------------------
Thu 01 Oct 2026 13:43:49 IDT

SLURM_JOBID:		 21947668
SLURM_JOB_NODELIST:	 ise-cpu256-18 

--------------------------
date: SM_Grids
number_of_graphs: 10
graph_type: grid
size_of_graphs: [6, 6]
heuristic: bcc_heuristic
snake: False
run_uni: True
run_bi: True
run_multi: False
solution_vertices: []
algorithms: ['DFBnB']
lookahead: -1
bsd: False
cube_first_dims: 4
cube_buffer_dim: None
backward_sym_generation: False
sym_coil: False
prefix_set: None

---------- SM_Grids/6x6_grid_with_random_blocks_8per_0 ----------
[00:00:00:00:696] Path of length 32 found: [0, 6, 12, 18, 24, 30, 31, 32, 26, 25, 19, 13, 7, 8, 2, 3, 9, 15, 14, 20, 21, 27, 28, 22, 16, 10, 4, 5, 11, 17, 23, 29, 35]
[00:00:00:00:696] ! Unidirectional s-t. expansions: 991, time: 696 [ms], path length: 32 [edges], generated: 1,661
[00:00:00:00:148] Path of length 32 found: [35, 34, 28, 29, 23, 17, 11, 5, 4, 3, 2, 8, 7, 13, 19, 20, 14, 15, 9, 10, 16, 22, 21, 27, 26, 32, 31, 25, 24, 18, 12, 6, 0]
[00:00:00:00:148] ! Unidirectional t-s. expansions: 150, time: 148 [ms], path length: 32 [edges], generated: 267
[00:00:00:00:321] Path of length 32 found: [0, 6, 12, 18, 24, 30, 31, 32, 26, 25, 19, 20, 21, 22, 16, 10, 9, 15, 14, 13, 7, 8, 2, 3, 4, 5, 11, 17, 23, 29, 28, 34, 35]
[00:00:00:00:604] ! Bidirectional. expansions: 373, time: 321 [ms], path length: 32 [edges], g_F: 17, g_B: 15, generated: 0, MM: 2, MMPER: 5.0606060606060606%
[00:00:00:00:604] 
---------- SM_Grids/6x6_grid_with_random_blocks_8per_1 ----------
[00:00:00:05:351] Path of length 30 found: [0, 6, 12, 18, 24, 30, 31, 25, 19, 13, 7, 1, 2, 8, 14, 20, 21, 15, 16, 10, 4, 5, 11, 17, 23, 22, 28, 27, 33, 34, 35]
[00:00:00:05:351] ! Unidirectional s-t. expansions: 6,216, time: 5,351 [ms], path length: 30 [edges], generated: 10,578
[00:00:00:05:328] Path of length 30 found: [35, 29, 23, 17, 11, 5, 4, 3, 2, 1, 7, 8, 14, 13, 19, 20, 21, 15, 16, 22, 28, 27, 33, 32, 31, 25, 24, 18, 12, 6, 0]
[00:00:00:05:328] ! Unidirectional t-s. expansions: 6,218, time: 5,328 [ms], path length: 30 [edges], generated: 10,580
[00:00:00:08:075] Path of length 30 found: [0, 6, 12, 18, 24, 30, 31, 25, 19, 20, 21, 27, 33, 34, 28, 22, 16, 15, 14, 13, 7, 1, 2, 3, 4, 5, 11, 17, 23, 29, 35]
[00:00:00:08:334] ! Bidirectional. expansions: 9,140, time: 8,075 [ms], path length: 30 [edges], g_F: 16, g_B: 14, generated: 0, MM: 2, MMPER: 5.451612903225806%
[00:00:00:08:334] 
---------- SM_Grids/6x6_grid_with_random_blocks_8per_2 ----------
[00:00:00:00:321] Path of length 32 found: [0, 6, 12, 18, 24, 30, 31, 25, 19, 13, 7, 1, 2, 8, 9, 3, 4, 5, 11, 10, 16, 15, 21, 20, 26, 32, 33, 27, 28, 22, 23, 29, 35]
[00:00:00:00:321] ! Unidirectional s-t. expansions: 271, time: 321 [ms], path length: 32 [edges], generated: 465
[00:00:00:01:313] Path of length 32 found: [35, 29, 23, 17, 11, 5, 4, 3, 2, 1, 7, 8, 9, 10, 16, 15, 21, 22, 28, 27, 33, 32, 26, 20, 19, 25, 31, 30, 24, 18, 12, 6, 0]
[00:00:00:01:313] ! Unidirectional t-s. expansions: 1,553, time: 1,313 [ms], path length: 32 [edges], generated: 2,522
[00:00:00:01:169] Path of length 32 found: [0, 6, 12, 18, 24, 30, 31, 25, 19, 20, 26, 32, 33, 27, 28, 22, 21, 15, 16, 10, 9, 8, 7, 1, 2, 3, 4, 5, 11, 17, 23, 29, 35]
[00:00:00:01:420] ! Bidirectional. expansions: 1,117, time: 1,169 [ms], path length: 32 [edges], g_F: 17, g_B: 15, generated: 0, MM: 2, MMPER: 5.0606060606060606%
[00:00:00:01:420] 
---------- SM_Grids/6x6_grid_with_random_blocks_8per_3 ----------
[00:00:00:00:455] Path of length 32 found: [0, 6, 12, 18, 24, 30, 31, 25, 26, 32, 33, 27, 21, 20, 14, 13, 7, 1, 2, 8, 9, 3, 4, 5, 11, 10, 16, 17, 23, 22, 28, 29, 35]
[00:00:00:00:455] ! Unidirectional s-t. expansions: 357, time: 455 [ms], path length: 32 [edges], generated: 650
[00:00:00:00:957] Path of length 32 found: [35, 29, 23, 17, 11, 5, 4, 3, 2, 1, 7, 13, 14, 8, 9, 10, 16, 15, 21, 22, 28, 27, 33, 32, 26, 25, 31, 30, 24, 18, 12, 6, 0]
[00:00:00:00:957] ! Unidirectional t-s. expansions: 963, time: 957 [ms], path length: 32 [edges], generated: 1,623
[00:00:00:01:112] Path of length 32 found: [0, 6, 12, 18, 24, 30, 31, 25, 26, 32, 33, 27, 28, 22, 21, 15, 16, 10, 9, 8, 14, 13, 7, 1, 2, 3, 4, 5, 11, 17, 23, 29, 35]
[00:00:00:01:357] ! Bidirectional. expansions: 1,059, time: 1,112 [ms], path length: 32 [edges], g_F: 17, g_B: 15, generated: 0, MM: 2, MMPER: 5.0606060606060606%
[00:00:00:01:357] 
---------- SM_Grids/6x6_grid_with_random_blocks_8per_4 ----------
[00:00:00:01:558] Path of length 32 found: [0, 6, 12, 18, 24, 30, 31, 25, 19, 13, 7, 1, 2, 8, 14, 20, 26, 32, 33, 27, 21, 15, 16, 10, 4, 5, 11, 17, 23, 22, 28, 34, 35]
[00:00:00:01:559] ! Unidirectional s-t. expansions: 1,708, time: 1,558 [ms], path length: 32 [edges], generated: 2,937
[00:00:00:00:851] Path of length 32 found: [35, 29, 23, 17, 11, 5, 4, 10, 16, 15, 14, 8, 2, 1, 7, 13, 19, 25, 26, 20, 21, 22, 28, 27, 33, 32, 31, 30, 24, 18, 12, 6, 0]
[00:00:00:00:851] ! Unidirectional t-s. expansions: 821, time: 851 [ms], path length: 32 [edges], generated: 1,428
[00:00:00:01:720] Path of length 32 found: [0, 6, 12, 18, 24, 30, 31, 25, 19, 13, 7, 1, 2, 8, 14, 20, 26, 27, 33, 34, 28, 22, 21, 15, 16, 10, 4, 5, 11, 17, 23, 29, 35]
[00:00:00:01:973] ! Bidirectional. expansions: 1,741, time: 1,720 [ms], path length: 32 [edges], g_F: 17, g_B: 15, generated: 0, MM: 2, MMPER: 5.0606060606060606%
[00:00:00:01:973] 
---------- SM_Grids/6x6_grid_with_random_blocks_8per_5 ----------
[00:00:00:01:108] Path of length 32 found: [0, 6, 12, 18, 24, 25, 31, 32, 26, 20, 19, 13, 7, 1, 2, 8, 14, 15, 9, 10, 4, 5, 11, 17, 16, 22, 21, 27, 33, 34, 28, 29, 35]
[00:00:00:01:108] ! Unidirectional s-t. expansions: 1,011, time: 1,108 [ms], path length: 32 [edges], generated: 1,819
[00:00:00:01:362] Path of length 32 found: [35, 29, 23, 17, 11, 5, 4, 10, 9, 8, 2, 1, 7, 13, 19, 20, 14, 15, 16, 22, 21, 27, 28, 34, 33, 32, 26, 25, 24, 18, 12, 6, 0]
[00:00:00:01:362] ! Unidirectional t-s. expansions: 1,349, time: 1,362 [ms], path length: 32 [edges], generated: 2,358
[00:00:00:02:368] Path of length 32 found: [0, 6, 12, 18, 24, 25, 31, 32, 26, 20, 21, 27, 33, 34, 28, 22, 16, 15, 14, 13, 7, 1, 2, 8, 9, 10, 4, 5, 11, 17, 23, 29, 35]
[00:00:00:02:617] ! Bidirectional. expansions: 2,499, time: 2,368 [ms], path length: 32 [edges], g_F: 17, g_B: 15, generated: 0, MM: 2, MMPER: 5.0606060606060606%
[00:00:00:02:617] 
---------- SM_Grids/6x6_grid_with_random_blocks_8per_6 ----------
[00:00:00:00:037] Path of length 30 found: [0, 6, 12, 13, 7, 1, 2, 8, 14, 20, 19, 25, 26, 27, 33, 34, 28, 22, 21, 15, 9, 3, 4, 5, 11, 10, 16, 17, 23, 29, 35]
[00:00:00:00:037] ! Unidirectional s-t. expansions: 30, time: 37 [ms], path length: 30 [edges], generated: 52
[00:00:00:00:037] Path of length 30 found: [35, 29, 23, 17, 11, 5, 4, 3, 2, 1, 7, 8, 14, 20, 21, 15, 9, 10, 16, 22, 28, 34, 33, 27, 26, 25, 19, 13, 12, 6, 0]
[00:00:00:00:038] ! Unidirectional t-s. expansions: 30, time: 37 [ms], path length: 30 [edges], generated: 52
[00:00:00:00:037] Path of length 30 found: [0, 6, 12, 13, 7, 1, 2, 8, 14, 20, 19, 25, 26, 27, 33, 34, 28, 22, 21, 15, 16, 10, 9, 3, 4, 5, 11, 17, 23, 29, 35]
[00:00:00:00:311] ! Bidirectional. expansions: 29, time: 37 [ms], path length: 30 [edges], g_F: 16, g_B: 14, generated: 0, MM: 2, MMPER: 5.451612903225806%
[00:00:00:00:311] 
---------- SM_Grids/6x6_grid_with_random_blocks_8per_7 ----------
[00:00:00:00:576] Path of length 32 found: [0, 6, 12, 18, 24, 25, 31, 32, 26, 20, 19, 13, 7, 1, 2, 8, 14, 15, 21, 27, 33, 34, 28, 22, 16, 10, 4, 5, 11, 17, 23, 29, 35]
[00:00:00:00:577] ! Unidirectional s-t. expansions: 631, time: 576 [ms], path length: 32 [edges], generated: 1,040
[00:00:00:00:914] Path of length 32 found: [35, 29, 23, 17, 11, 5, 4, 3, 2, 1, 7, 8, 14, 13, 19, 20, 26, 27, 21, 15, 16, 22, 28, 34, 33, 32, 31, 25, 24, 18, 12, 6, 0]
[00:00:00:00:914] ! Unidirectional t-s. expansions: 875, time: 914 [ms], path length: 32 [edges], generated: 1,501
[00:00:00:01:493] Path of length 32 found: [0, 6, 12, 18, 24, 25, 31, 32, 26, 27, 33, 34, 28, 22, 16, 15, 21, 20, 19, 13, 14, 8, 7, 1, 2, 3, 4, 5, 11, 17, 23, 29, 35]
[00:00:00:01:736] ! Bidirectional. expansions: 1,377, time: 1,493 [ms], path length: 32 [edges], g_F: 17, g_B: 15, generated: 0, MM: 2, MMPER: 5.0606060606060606%
[00:00:00:01:737] 
---------- SM_Grids/6x6_grid_with_random_blocks_8per_8 ----------
[00:00:00:00:486] Path of length 32 found: [0, 6, 12, 18, 24, 30, 31, 25, 19, 13, 7, 1, 2, 8, 14, 20, 26, 32, 33, 27, 21, 15, 16, 10, 4, 5, 11, 17, 23, 22, 28, 29, 35]
[00:00:00:00:486] ! Unidirectional s-t. expansions: 438, time: 486 [ms], path length: 32 [edges], generated: 762
[00:00:00:00:576] Path of length 32 found: [35, 29, 23, 17, 11, 5, 4, 3, 2, 1, 7, 8, 14, 13, 19, 25, 26, 20, 21, 15, 16, 22, 28, 27, 33, 32, 31, 30, 24, 18, 12, 6, 0]
[00:00:00:00:576] ! Unidirectional t-s. expansions: 623, time: 576 [ms], path length: 32 [edges], generated: 1,048
[00:00:00:01:020] Path of length 32 found: [0, 6, 12, 18, 24, 30, 31, 25, 26, 32, 33, 27, 28, 22, 16, 15, 21, 20, 19, 13, 14, 8, 7, 1, 2, 3, 4, 5, 11, 17, 23, 29, 35]
[00:00:00:01:274] ! Bidirectional. expansions: 1,018, time: 1,020 [ms], path length: 32 [edges], g_F: 17, g_B: 15, generated: 0, MM: 2, MMPER: 5.0606060606060606%
[00:00:00:01:274] 
---------- SM_Grids/6x6_grid_with_random_blocks_8per_9 ----------
[00:00:00:00:036] Path of length 30 found: [0, 6, 12, 18, 24, 30, 31, 25, 19, 13, 7, 1, 2, 8, 9, 15, 14, 20, 26, 32, 33, 27, 21, 22, 16, 17, 23, 29, 28, 34, 35]
[00:00:00:00:037] ! Unidirectional s-t. expansions: 30, time: 37 [ms], path length: 30 [edges], generated: 51
[00:00:00:00:034] Path of length 30 found: [35, 29, 23, 17, 16, 15, 9, 8, 2, 1, 7, 13, 14, 20, 19, 25, 26, 27, 21, 22, 28, 34, 33, 32, 31, 30, 24, 18, 12, 6, 0]
[00:00:00:00:034] ! Unidirectional t-s. expansions: 30, time: 34 [ms], path length: 30 [edges], generated: 51
[00:00:00:00:063] Path of length 30 found: [0, 6, 12, 18, 24, 30, 31, 32, 33, 34, 28, 22, 21, 27, 26, 25, 19, 20, 14, 13, 7, 1, 2, 8, 9, 15, 16, 17, 23, 29, 35]
[00:00:00:00:303] ! Bidirectional. expansions: 63, time: 63 [ms], path length: 30 [edges], g_F: 16, g_B: 14, generated: 0, MM: 2, MMPER: 5.451612903225806%

[00:00:00:00:303] average expansions: (1,168, 1,261, 1,842, 0)
[00:00:00:00:303] average time: (1,062, 1,152, 1,738, 0)
[00:00:00:00:303] XDFBnB: 1,168 , 1,062 (expansions , time[ms])
[00:00:00:00:303] BiXDFBnB: 1,842 , 1,738 (expansions , time[ms])

