------------------------------------
Thu 01 Oct 2026 13:44:05 IDT
SLURM_JOBID:		21947675
SLURM_JOB_NODELIST:	ise-cpu256-32
SLURM_SCRATCH_DIR:	/scratch/shubit/21947675
Allocated Resouces:	cpu - 2 / mem - 61440 MB / gpu - 
SLURM_GPU_INDEX:	
Running as shubit from shimony account with normal QOS
------------------------------------
Thu 01 Oct 2026 13:44:05 IDT

SLURM_JOBID:		 21947675
SLURM_JOB_NODELIST:	 ise-cpu256-32 

--------------------------
date: SM_Grids
number_of_graphs: 10
graph_type: grid
size_of_graphs: [6, 6]
heuristic: bcc_heuristic
snake: False
run_uni: True
run_bi: True
run_multi: False
solution_vertices: []
algorithms: ['DFBnB']
lookahead: 1
bsd: False
cube_first_dims: 4
cube_buffer_dim: None
backward_sym_generation: False
sym_coil: False
prefix_set: None

---------- SM_Grids/6x6_grid_with_random_blocks_12per_0 ----------
[00:00:00:00:314] Path of length 28 found: [0, 6, 12, 18, 24, 25, 19, 13, 7, 1, 2, 8, 14, 20, 26, 32, 33, 27, 28, 22, 16, 10, 4, 5, 11, 17, 23, 29, 35]
[00:00:00:00:315] ! Unidirectional s-t. expansions: 323, time: 315 [ms], path length: 28 [edges], generated: 563
[00:00:00:00:298] Path of length 28 found: [35, 29, 23, 17, 11, 5, 4, 3, 2, 1, 7, 8, 14, 15, 16, 22, 28, 27, 33, 32, 26, 20, 19, 25, 24, 18, 12, 6, 0]
[00:00:00:00:298] ! Unidirectional t-s. expansions: 400, time: 298 [ms], path length: 28 [edges], generated: 665
[00:00:00:01:988] Path of length 28 found: [0, 6, 12, 18, 24, 25, 19, 13, 7, 1, 2, 8, 14, 20, 26, 32, 33, 27, 28, 22, 16, 10, 4, 5, 11, 17, 23, 29, 35]
[00:00:00:02:299] ! Bidirectional. expansions: 873, time: 1,988 [ms], path length: 28 [edges], g_F: 17, g_B: 11, generated: 0, MM: 6, MMPER: 19.689655172413794%
[00:00:00:02:299] 
---------- SM_Grids/6x6_grid_with_random_blocks_12per_1 ----------
[00:00:00:00:249] Path of length 28 found: [0, 6, 12, 18, 24, 30, 31, 25, 19, 13, 7, 1, 2, 8, 9, 15, 14, 20, 26, 32, 33, 34, 28, 22, 16, 17, 23, 29, 35]
[00:00:00:00:249] ! Unidirectional s-t. expansions: 202, time: 249 [ms], path length: 28 [edges], generated: 356
[00:00:00:00:349] Path of length 28 found: [35, 29, 23, 17, 16, 15, 9, 8, 2, 1, 7, 13, 14, 20, 21, 22, 28, 34, 33, 32, 26, 25, 31, 30, 24, 18, 12, 6, 0]
[00:00:00:00:349] ! Unidirectional t-s. expansions: 321, time: 349 [ms], path length: 28 [edges], generated: 550
[00:00:00:01:639] Path of length 28 found: [0, 6, 12, 18, 24, 30, 31, 25, 19, 13, 7, 1, 2, 8, 14, 20, 26, 32, 33, 34, 28, 22, 21, 15, 16, 17, 23, 29, 35]
[00:00:00:01:921] ! Bidirectional. expansions: 585, time: 1,639 [ms], path length: 28 [edges], g_F: 22, g_B: 6, generated: 0, MM: 16, MMPER: 54.172413793103445%
[00:00:00:01:921] 
---------- SM_Grids/6x6_grid_with_random_blocks_12per_2 ----------
[00:00:00:00:031] Path of length 26 found: [0, 1, 2, 8, 7, 13, 12, 18, 24, 30, 31, 25, 19, 20, 26, 32, 33, 27, 21, 22, 16, 17, 23, 29, 28, 34, 35]
[00:00:00:00:032] ! Unidirectional s-t. expansions: 26, time: 31 [ms], path length: 26 [edges], generated: 44
[00:00:00:00:332] Path of length 26 found: [35, 29, 23, 17, 16, 22, 21, 20, 19, 25, 26, 27, 28, 34, 33, 32, 31, 30, 24, 18, 12, 13, 14, 8, 2, 1, 0]
[00:00:00:00:332] ! Unidirectional t-s. expansions: 337, time: 332 [ms], path length: 26 [edges], generated: 556
[00:00:00:00:405] Path of length 26 found: [0, 1, 2, 8, 7, 13, 12, 18, 24, 30, 31, 32, 33, 34, 28, 27, 26, 25, 19, 20, 21, 22, 16, 17, 23, 29, 35]
[00:00:00:00:739] ! Bidirectional. expansions: 142, time: 405 [ms], path length: 26 [edges], g_F: 15, g_B: 11, generated: 0, MM: 4, MMPER: 13.814814814814815%
[00:00:00:00:739] 
---------- SM_Grids/6x6_grid_with_random_blocks_12per_3 ----------
[00:00:00:00:036] Path of length 30 found: [0, 1, 7, 6, 12, 18, 19, 13, 14, 8, 9, 3, 4, 10, 11, 17, 23, 22, 16, 15, 21, 20, 26, 25, 31, 32, 33, 27, 28, 34, 35]
[00:00:00:00:037] ! Unidirectional s-t. expansions: 30, time: 36 [ms], path length: 30 [edges], generated: 49
[00:00:00:00:377] Path of length 30 found: [35, 34, 28, 27, 33, 32, 31, 25, 26, 20, 21, 15, 16, 22, 23, 17, 11, 10, 4, 3, 9, 8, 14, 13, 19, 18, 12, 6, 7, 1, 0]
[00:00:00:00:378] ! Unidirectional t-s. expansions: 418, time: 377 [ms], path length: 30 [edges], generated: 702
[00:00:00:00:902] Path of length 30 found: [0, 1, 7, 6, 12, 18, 19, 13, 14, 8, 9, 3, 4, 10, 11, 17, 23, 22, 16, 15, 21, 20, 26, 25, 31, 32, 33, 27, 28, 34, 35]
[00:00:00:01:180] ! Bidirectional. expansions: 325, time: 902 [ms], path length: 30 [edges], g_F: 18, g_B: 12, generated: 0, MM: 6, MMPER: 18.35483870967742%
[00:00:00:01:180] 
---------- SM_Grids/6x6_grid_with_random_blocks_12per_4 ----------
[00:00:00:00:112] Path of length 30 found: [0, 6, 12, 18, 24, 30, 31, 25, 26, 32, 33, 27, 21, 20, 14, 13, 7, 8, 9, 3, 4, 5, 11, 10, 16, 17, 23, 29, 28, 34, 35]
[00:00:00:00:113] ! Unidirectional s-t. expansions: 99, time: 112 [ms], path length: 30 [edges], generated: 163
[00:00:00:00:263] Path of length 30 found: [35, 29, 23, 17, 11, 5, 4, 3, 9, 10, 16, 15, 14, 20, 21, 27, 28, 34, 33, 32, 26, 25, 31, 30, 24, 18, 12, 13, 7, 6, 0]
[00:00:00:00:263] ! Unidirectional t-s. expansions: 245, time: 263 [ms], path length: 30 [edges], generated: 405
[00:00:00:01:013] Path of length 30 found: [0, 6, 12, 18, 24, 30, 31, 25, 26, 32, 33, 34, 28, 27, 21, 20, 14, 13, 7, 8, 9, 15, 16, 10, 4, 5, 11, 17, 23, 29, 35]
[00:00:00:01:290] ! Bidirectional. expansions: 408, time: 1,013 [ms], path length: 30 [edges], g_F: 19, g_B: 11, generated: 0, MM: 8, MMPER: 24.806451612903224%
[00:00:00:01:290] 
---------- SM_Grids/6x6_grid_with_random_blocks_12per_5 ----------
[00:00:00:00:190] Path of length 30 found: [0, 6, 12, 18, 24, 30, 31, 32, 26, 20, 19, 13, 7, 1, 2, 8, 9, 3, 4, 5, 11, 10, 16, 17, 23, 22, 21, 27, 33, 34, 35]
[00:00:00:00:191] ! Unidirectional s-t. expansions: 166, time: 191 [ms], path length: 30 [edges], generated: 255
[00:00:00:00:031] Path of length 30 found: [35, 29, 23, 17, 11, 5, 4, 3, 2, 1, 7, 8, 9, 10, 16, 22, 21, 20, 26, 27, 33, 32, 31, 30, 24, 18, 19, 13, 12, 6, 0]
[00:00:00:00:031] ! Unidirectional t-s. expansions: 30, time: 31 [ms], path length: 30 [edges], generated: 45
[00:00:00:00:434] Path of length 30 found: [0, 6, 12, 18, 24, 30, 31, 32, 26, 20, 19, 13, 7, 1, 2, 8, 9, 3, 4, 5, 11, 10, 16, 17, 23, 22, 21, 27, 33, 34, 35]
[00:00:00:00:776] ! Bidirectional. expansions: 165, time: 434 [ms], path length: 30 [edges], g_F: 30, g_B: 0, generated: 0, MM: 30, MMPER: 95.7741935483871%
[00:00:00:00:777] 
---------- SM_Grids/6x6_grid_with_random_blocks_12per_6 ----------
[00:00:00:00:033] Path of length 28 found: [0, 6, 12, 18, 24, 25, 19, 13, 7, 1, 2, 3, 9, 8, 14, 20, 26, 32, 33, 34, 28, 22, 21, 15, 16, 17, 23, 29, 35]
[00:00:00:00:033] ! Unidirectional s-t. expansions: 28, time: 33 [ms], path length: 28 [edges], generated: 46
[00:00:00:00:034] Path of length 28 found: [35, 29, 23, 17, 16, 15, 9, 3, 2, 1, 7, 8, 14, 13, 19, 20, 21, 22, 28, 34, 33, 32, 26, 25, 24, 18, 12, 6, 0]
[00:00:00:00:034] ! Unidirectional t-s. expansions: 28, time: 34 [ms], path length: 28 [edges], generated: 46
[00:00:00:00:069] Path of length 28 found: [0, 6, 12, 18, 24, 25, 19, 13, 7, 1, 2, 3, 9, 8, 14, 20, 26, 32, 33, 34, 28, 22, 21, 15, 16, 17, 23, 29, 35]
[00:00:00:00:349] ! Bidirectional. expansions: 27, time: 69 [ms], path length: 28 [edges], g_F: 22, g_B: 6, generated: 0, MM: 16, MMPER: 54.172413793103445%
[00:00:00:00:349] 
---------- SM_Grids/6x6_grid_with_random_blocks_12per_7 ----------
[00:00:00:00:132] Path of length 30 found: [0, 1, 7, 13, 12, 18, 24, 30, 31, 25, 26, 20, 21, 15, 9, 8, 2, 3, 4, 10, 11, 17, 16, 22, 23, 29, 28, 27, 33, 34, 35]
[00:00:00:00:132] ! Unidirectional s-t. expansions: 122, time: 132 [ms], path length: 30 [edges], generated: 190
[00:00:00:00:321] Path of length 30 found: [35, 29, 23, 17, 11, 10, 4, 3, 2, 8, 9, 15, 16, 22, 21, 20, 26, 27, 28, 34, 33, 32, 31, 25, 24, 18, 12, 13, 7, 1, 0]
[00:00:00:00:321] ! Unidirectional t-s. expansions: 267, time: 321 [ms], path length: 30 [edges], generated: 441
[00:00:00:01:353] Path of length 30 found: [0, 1, 7, 13, 12, 18, 24, 30, 31, 25, 26, 32, 33, 34, 28, 27, 21, 22, 16, 15, 9, 8, 2, 3, 4, 10, 11, 17, 23, 29, 35]
[00:00:00:01:633] ! Bidirectional. expansions: 564, time: 1,353 [ms], path length: 30 [edges], g_F: 15, g_B: 15, generated: 0, MM: 0, MMPER: -1.0%
[00:00:00:01:633] 
---------- SM_Grids/6x6_grid_with_random_blocks_12per_8 ----------
[00:00:00:00:361] Path of length 30 found: [0, 1, 2, 3, 9, 10, 4, 5, 11, 17, 23, 22, 16, 15, 14, 8, 7, 6, 12, 18, 24, 30, 31, 25, 19, 20, 26, 27, 33, 34, 35]
[00:00:00:00:362] ! Unidirectional s-t. expansions: 299, time: 362 [ms], path length: 30 [edges], generated: 515
[00:00:00:00:030] Path of length 30 found: [35, 34, 33, 27, 26, 20, 19, 25, 31, 30, 24, 18, 12, 6, 7, 8, 14, 15, 9, 10, 16, 22, 23, 17, 11, 5, 4, 3, 2, 1, 0]
[00:00:00:00:031] ! Unidirectional t-s. expansions: 30, time: 30 [ms], path length: 30 [edges], generated: 45
[00:00:00:00:818] Path of length 30 found: [0, 1, 2, 3, 9, 10, 4, 5, 11, 17, 23, 22, 16, 15, 14, 8, 7, 6, 12, 18, 24, 30, 31, 25, 19, 20, 26, 27, 33, 34, 35]
[00:00:00:01:095] ! Bidirectional. expansions: 302, time: 818 [ms], path length: 30 [edges], g_F: 23, g_B: 7, generated: 0, MM: 16, MMPER: 50.61290322580645%
[00:00:00:01:095] 
---------- SM_Grids/6x6_grid_with_random_blocks_12per_9 ----------
[00:00:00:00:814] Path of length 26 found: [0, 6, 7, 1, 2, 8, 14, 13, 19, 25, 26, 20, 21, 15, 9, 3, 4, 5, 11, 10, 16, 22, 28, 27, 33, 34, 35]
[00:00:00:00:815] ! Unidirectional s-t. expansions: 644, time: 814 [ms], path length: 26 [edges], generated: 1,216
[00:00:00:00:552] Path of length 26 found: [35, 29, 28, 34, 33, 27, 21, 22, 16, 17, 11, 5, 4, 10, 9, 3, 2, 8, 14, 20, 26, 25, 19, 13, 7, 1, 0]
[00:00:00:00:552] ! Unidirectional t-s. expansions: 567, time: 552 [ms], path length: 26 [edges], generated: 1,010
[00:00:00:01:927] Path of length 26 found: [0, 6, 7, 1, 2, 8, 14, 15, 9, 3, 4, 5, 11, 10, 16, 22, 21, 20, 19, 25, 26, 27, 33, 34, 28, 29, 35]
[00:00:00:02:204] ! Bidirectional. expansions: 712, time: 1,927 [ms], path length: 26 [edges], g_F: 14, g_B: 12, generated: 0, MM: 2, MMPER: 6.407407407407407%

[00:00:00:02:204] average expansions: (194, 264, 410, 0)
[00:00:00:02:204] average time: (228, 259, 1,055, 0)
[00:00:00:02:204] XDFBnB: 194 , 228 (expansions , time[ms])
[00:00:00:02:204] BiXDFBnB: 410 , 1,055 (expansions , time[ms])

