------------------------------------
Thu 01 Oct 2026 12:13:38 IDT
SLURM_JOBID:		21944013
SLURM_JOB_NODELIST:	ise-cpu256-14
SLURM_SCRATCH_DIR:	/scratch/shubit/21944013
Allocated Resouces:	cpu - 2 / mem - 61440 MB / gpu - 
SLURM_GPU_INDEX:	
Running as shubit from shimony account with normal QOS
------------------------------------
Thu 01 Oct 2026 12:13:38 IDT

SLURM_JOBID:		 21944013
SLURM_JOB_NODELIST:	 ise-cpu256-14 

--------------------------
date: SM_Grids
number_of_graphs: 10
graph_type: grid
size_of_graphs: [6, 6]
heuristic: bcc_heuristic
snake: False
run_uni: True
run_bi: True
run_multi: False
solution_vertices: []
algorithms: ['IDA']
lookahead: 2
bsd: False
cube_first_dims: 4
cube_buffer_dim: None
backward_sym_generation: False
sym_coil: False
prefix_set: None

---------- SM_Grids/6x6_grid_with_random_blocks_8per_0 ----------
[00:00:00:00:679] Path of length 32 found: [0, 6, 12, 18, 24, 30, 31, 32, 26, 25, 19, 13, 7, 8, 2, 3, 9, 10, 4, 5, 11, 17, 23, 22, 16, 15, 14, 20, 21, 27, 28, 34, 35]
[00:00:00:00:680] ! Unidirectional s-t. expansions: 530, time: 679 [ms], path length: 32 [edges], generated: 2,579
[00:00:00:00:199] Path of length 32 found: [35, 34, 28, 29, 23, 17, 11, 5, 4, 3, 2, 8, 7, 13, 19, 20, 14, 15, 9, 10, 16, 22, 21, 27, 26, 32, 31, 25, 24, 18, 12, 6, 0]
[00:00:00:00:199] ! Unidirectional t-s. expansions: 94, time: 199 [ms], path length: 32 [edges], generated: 549
[00:00:00:00:236] Path of length 32 found: [0, 6, 12, 18, 24, 30, 31, 32, 26, 25, 19, 20, 21, 22, 16, 10, 9, 15, 14, 13, 7, 8, 2, 3, 4, 5, 11, 17, 23, 29, 28, 34, 35]
[00:00:00:00:534] ! Bidirectional. expansions: 195, time: 236 [ms], path length: 32 [edges], g_F: 16, g_B: 16, generated: 0, MM: 0, MMPER: -1.0%
[00:00:00:00:534] 
---------- SM_Grids/6x6_grid_with_random_blocks_8per_1 ----------
[00:00:00:06:554] Path of length 30 found: [0, 6, 12, 18, 24, 30, 31, 32, 33, 27, 21, 15, 14, 20, 19, 13, 7, 1, 2, 3, 4, 5, 11, 10, 16, 17, 23, 22, 28, 34, 35]
[00:00:00:06:555] ! Unidirectional s-t. expansions: 3,876, time: 6,555 [ms], path length: 30 [edges], generated: 19,036
[00:00:00:06:579] Path of length 30 found: [35, 29, 23, 17, 11, 5, 4, 3, 2, 8, 14, 20, 21, 15, 16, 22, 28, 27, 33, 32, 31, 30, 24, 25, 19, 18, 12, 13, 7, 1, 0]
[00:00:00:06:579] ! Unidirectional t-s. expansions: 3,868, time: 6,579 [ms], path length: 30 [edges], generated: 18,992
[00:00:00:08:694] Path of length 30 found: [0, 6, 12, 18, 24, 30, 31, 25, 19, 13, 7, 1, 2, 8, 14, 20, 21, 27, 33, 34, 28, 22, 16, 10, 4, 5, 11, 17, 23, 29, 35]
[00:00:00:08:950] ! Bidirectional. expansions: 6,090, time: 8,694 [ms], path length: 30 [edges], g_F: 15, g_B: 15, generated: 0, MM: 0, MMPER: -1.0%
[00:00:00:08:950] 
---------- SM_Grids/6x6_grid_with_random_blocks_8per_2 ----------
[00:00:00:00:418] Path of length 32 found: [0, 6, 12, 18, 24, 30, 31, 25, 19, 13, 7, 1, 2, 8, 9, 3, 4, 5, 11, 10, 16, 15, 21, 20, 26, 32, 33, 27, 28, 22, 23, 29, 35]
[00:00:00:00:418] ! Unidirectional s-t. expansions: 154, time: 418 [ms], path length: 32 [edges], generated: 878
[00:00:00:01:308] Path of length 32 found: [35, 29, 23, 17, 11, 5, 4, 3, 2, 8, 9, 10, 16, 15, 21, 22, 28, 27, 33, 32, 26, 20, 19, 25, 31, 30, 24, 18, 12, 13, 7, 1, 0]
[00:00:00:01:308] ! Unidirectional t-s. expansions: 816, time: 1,308 [ms], path length: 32 [edges], generated: 4,035
[00:00:00:00:846] Path of length 32 found: [0, 6, 12, 18, 24, 30, 31, 25, 19, 20, 26, 32, 33, 27, 28, 22, 21, 15, 16, 10, 9, 8, 7, 1, 2, 3, 4, 5, 11, 17, 23, 29, 35]
[00:00:00:01:096] ! Bidirectional. expansions: 582, time: 846 [ms], path length: 32 [edges], g_F: 16, g_B: 16, generated: 0, MM: 0, MMPER: -1.0%
[00:00:00:01:096] 
---------- SM_Grids/6x6_grid_with_random_blocks_8per_3 ----------
[00:00:00:00:572] Path of length 32 found: [0, 6, 12, 18, 24, 30, 31, 25, 26, 32, 33, 27, 21, 20, 14, 13, 7, 1, 2, 8, 9, 3, 4, 5, 11, 10, 16, 17, 23, 22, 28, 29, 35]
[00:00:00:00:572] ! Unidirectional s-t. expansions: 204, time: 572 [ms], path length: 32 [edges], generated: 1,197
[00:00:00:00:944] Path of length 32 found: [35, 29, 23, 17, 11, 5, 4, 3, 2, 8, 14, 20, 21, 15, 9, 10, 16, 22, 28, 27, 33, 32, 26, 25, 31, 30, 24, 18, 12, 13, 7, 1, 0]
[00:00:00:00:945] ! Unidirectional t-s. expansions: 512, time: 944 [ms], path length: 32 [edges], generated: 2,474
[00:00:00:00:815] Path of length 32 found: [0, 6, 12, 18, 24, 30, 31, 25, 26, 32, 33, 27, 28, 22, 21, 15, 16, 10, 9, 8, 14, 13, 7, 1, 2, 3, 4, 5, 11, 17, 23, 29, 35]
[00:00:00:01:070] ! Bidirectional. expansions: 550, time: 815 [ms], path length: 32 [edges], g_F: 16, g_B: 16, generated: 0, MM: 0, MMPER: -1.0%
[00:00:00:01:070] 
---------- SM_Grids/6x6_grid_with_random_blocks_8per_4 ----------
[00:00:00:01:701] Path of length 32 found: [0, 6, 12, 18, 24, 30, 31, 25, 19, 13, 7, 1, 2, 8, 14, 20, 26, 32, 33, 27, 21, 15, 16, 10, 4, 5, 11, 17, 23, 22, 28, 34, 35]
[00:00:00:01:702] ! Unidirectional s-t. expansions: 906, time: 1,701 [ms], path length: 32 [edges], generated: 5,016
[00:00:00:00:965] Path of length 32 found: [35, 29, 23, 17, 11, 5, 4, 10, 16, 15, 14, 8, 2, 1, 7, 13, 19, 25, 26, 20, 21, 22, 28, 27, 33, 32, 31, 30, 24, 18, 12, 6, 0]
[00:00:00:00:965] ! Unidirectional t-s. expansions: 439, time: 965 [ms], path length: 32 [edges], generated: 2,463
[00:00:00:01:255] Path of length 32 found: [0, 6, 12, 18, 24, 30, 31, 25, 19, 13, 7, 1, 2, 8, 14, 20, 26, 27, 33, 34, 28, 22, 21, 15, 16, 10, 4, 5, 11, 17, 23, 29, 35]
[00:00:00:01:513] ! Bidirectional. expansions: 859, time: 1,255 [ms], path length: 32 [edges], g_F: 16, g_B: 16, generated: 0, MM: 0, MMPER: -1.0%
[00:00:00:01:513] 
---------- SM_Grids/6x6_grid_with_random_blocks_8per_5 ----------
[00:00:00:00:963] Path of length 32 found: [0, 6, 12, 18, 24, 25, 31, 32, 26, 20, 19, 13, 7, 1, 2, 8, 14, 15, 9, 10, 4, 5, 11, 17, 16, 22, 21, 27, 33, 34, 28, 29, 35]
[00:00:00:00:964] ! Unidirectional s-t. expansions: 489, time: 963 [ms], path length: 32 [edges], generated: 2,248
[00:00:00:01:288] Path of length 32 found: [35, 29, 23, 17, 11, 5, 4, 10, 9, 8, 2, 1, 7, 13, 19, 20, 14, 15, 16, 22, 21, 27, 28, 34, 33, 32, 26, 25, 24, 18, 12, 6, 0]
[00:00:00:01:288] ! Unidirectional t-s. expansions: 649, time: 1,288 [ms], path length: 32 [edges], generated: 2,991
[00:00:00:01:739] Path of length 32 found: [0, 6, 12, 18, 24, 25, 31, 32, 26, 27, 33, 34, 28, 22, 16, 15, 14, 20, 19, 13, 7, 1, 2, 8, 9, 10, 4, 5, 11, 17, 23, 29, 35]
[00:00:00:01:995] ! Bidirectional. expansions: 1,251, time: 1,739 [ms], path length: 32 [edges], g_F: 16, g_B: 16, generated: 0, MM: 0, MMPER: -1.0%
[00:00:00:01:995] 
---------- SM_Grids/6x6_grid_with_random_blocks_8per_6 ----------
[00:00:00:00:037] Path of length 30 found: [0, 6, 12, 13, 7, 1, 2, 8, 14, 20, 19, 25, 26, 27, 33, 34, 28, 22, 21, 15, 9, 3, 4, 5, 11, 10, 16, 17, 23, 29, 35]
[00:00:00:00:037] ! Unidirectional s-t. expansions: 15, time: 37 [ms], path length: 30 [edges], generated: 71
[00:00:00:00:068] Path of length 30 found: [35, 29, 23, 17, 11, 5, 4, 3, 2, 1, 7, 8, 14, 20, 21, 15, 9, 10, 16, 22, 28, 34, 33, 27, 26, 25, 19, 13, 12, 6, 0]
[00:00:00:00:068] ! Unidirectional t-s. expansions: 15, time: 68 [ms], path length: 30 [edges], generated: 82
[00:00:00:00:028] Path of length 30 found: [0, 6, 12, 13, 7, 1, 2, 8, 14, 20, 19, 25, 26, 27, 33, 34, 28, 22, 21, 15, 16, 10, 9, 3, 4, 5, 11, 17, 23, 29, 35]
[00:00:00:00:281] ! Bidirectional. expansions: 15, time: 29 [ms], path length: 30 [edges], g_F: 15, g_B: 15, generated: 0, MM: 0, MMPER: -1.0%
[00:00:00:00:281] 
---------- SM_Grids/6x6_grid_with_random_blocks_8per_7 ----------
[00:00:00:00:608] Path of length 32 found: [0, 6, 12, 13, 19, 18, 24, 25, 31, 32, 33, 27, 26, 20, 21, 15, 14, 8, 7, 1, 2, 3, 4, 5, 11, 10, 16, 17, 23, 22, 28, 34, 35]
[00:00:00:00:609] ! Unidirectional s-t. expansions: 333, time: 608 [ms], path length: 32 [edges], generated: 1,564
[00:00:00:00:883] Path of length 32 found: [35, 29, 28, 34, 33, 27, 26, 32, 31, 25, 24, 18, 12, 13, 19, 20, 14, 15, 21, 22, 23, 17, 16, 10, 11, 5, 4, 3, 2, 8, 7, 1, 0]
[00:00:00:00:884] ! Unidirectional t-s. expansions: 447, time: 884 [ms], path length: 32 [edges], generated: 2,098
[00:00:00:01:182] Path of length 32 found: [0, 6, 12, 18, 24, 25, 31, 32, 26, 27, 33, 34, 28, 22, 16, 15, 21, 20, 19, 13, 14, 8, 7, 1, 2, 3, 4, 5, 11, 17, 23, 29, 35]
[00:00:00:01:436] ! Bidirectional. expansions: 703, time: 1,182 [ms], path length: 32 [edges], g_F: 16, g_B: 16, generated: 0, MM: 0, MMPER: -1.0%
[00:00:00:01:437] 
---------- SM_Grids/6x6_grid_with_random_blocks_8per_8 ----------
[00:00:00:00:548] Path of length 32 found: [0, 6, 12, 18, 24, 30, 31, 25, 19, 13, 7, 1, 2, 8, 14, 20, 26, 32, 33, 27, 21, 15, 16, 10, 4, 5, 11, 17, 23, 22, 28, 29, 35]
[00:00:00:00:548] ! Unidirectional s-t. expansions: 240, time: 548 [ms], path length: 32 [edges], generated: 1,225
[00:00:00:00:556] Path of length 32 found: [35, 29, 23, 17, 16, 10, 11, 5, 4, 3, 2, 8, 14, 15, 21, 22, 28, 27, 33, 32, 26, 20, 19, 25, 31, 30, 24, 18, 12, 13, 7, 1, 0]
[00:00:00:00:556] ! Unidirectional t-s. expansions: 319, time: 556 [ms], path length: 32 [edges], generated: 1,520
[00:00:00:00:768] Path of length 32 found: [0, 6, 12, 18, 24, 30, 31, 25, 26, 32, 33, 27, 28, 22, 16, 15, 21, 20, 19, 13, 14, 8, 7, 1, 2, 3, 4, 5, 11, 17, 23, 29, 35]
[00:00:00:01:024] ! Bidirectional. expansions: 502, time: 768 [ms], path length: 32 [edges], g_F: 16, g_B: 16, generated: 0, MM: 0, MMPER: -1.0%
[00:00:00:01:024] 
---------- SM_Grids/6x6_grid_with_random_blocks_8per_9 ----------
[00:00:00:00:039] Path of length 30 found: [0, 6, 12, 18, 24, 30, 31, 25, 19, 13, 7, 1, 2, 8, 9, 15, 14, 20, 26, 32, 33, 27, 21, 22, 16, 17, 23, 29, 28, 34, 35]
[00:00:00:00:039] ! Unidirectional s-t. expansions: 15, time: 39 [ms], path length: 30 [edges], generated: 72
[00:00:00:00:035] Path of length 30 found: [35, 29, 23, 17, 16, 15, 9, 8, 2, 1, 7, 13, 14, 20, 19, 25, 26, 27, 21, 22, 28, 34, 33, 32, 31, 30, 24, 18, 12, 6, 0]
[00:00:00:00:035] ! Unidirectional t-s. expansions: 15, time: 35 [ms], path length: 30 [edges], generated: 64
[00:00:00:00:037] Path of length 30 found: [0, 6, 12, 18, 24, 30, 31, 32, 33, 34, 28, 22, 21, 27, 26, 25, 19, 20, 14, 13, 7, 1, 2, 8, 9, 15, 16, 17, 23, 29, 35]
[00:00:00:00:291] ! Bidirectional. expansions: 21, time: 37 [ms], path length: 30 [edges], g_F: 15, g_B: 15, generated: 0, MM: 0, MMPER: -1.0%

[00:00:00:00:291] average expansions: (676, 717, 1,077, 0)
[00:00:00:00:291] average time: (1,212, 1,283, 1,560, 0)
[00:00:00:00:291] XIDA: 676 , 1,212 (expansions , time[ms])
[00:00:00:00:292] BiXIDA: 1,077 , 1,560 (expansions , time[ms])

