------------------------------------
Thu 01 Oct 2026 15:49:59 IDT
SLURM_JOBID:		21953330
SLURM_JOB_NODELIST:	ise-cpu256-10
SLURM_SCRATCH_DIR:	/scratch/shubit/21953330
Allocated Resouces:	cpu - 2 / mem - 61440 MB / gpu - 
SLURM_GPU_INDEX:	
Running as shubit from shimony account with normal QOS
------------------------------------
Thu 01 Oct 2026 15:49:59 IDT

SLURM_JOBID:		 21953330
SLURM_JOB_NODELIST:	 ise-cpu256-10 

--------------------------
date: SM_Grids
number_of_graphs: 10
graph_type: grid
size_of_graphs: [6, 6]
heuristic: bcc_heuristic
snake: False
run_uni: True
run_bi: True
run_multi: False
solution_vertices: []
algorithms: ['XMM']
lookahead: -2
bsd: False
cube_first_dims: 4
cube_buffer_dim: None
backward_sym_generation: False
sym_coil: False
prefix_set: None

---------- SM_Grids/6x6_grid_with_random_blocks_20per_0 ----------
[00:00:00:00:051] Path of length 26 found: [0, 1, 2, 3, 4, 5, 11, 10, 9, 15, 14, 8, 7, 6, 12, 13, 19, 20, 26, 25, 31, 32, 33, 27, 28, 34, 35]
[00:00:00:00:051] ! Unidirectional s-t. expansions: 39, time: 51 [ms], path length: 26 [edges], generated: 65
[00:00:00:00:029] Path of length 26 found: [35, 34, 28, 27, 33, 32, 31, 25, 26, 20, 19, 13, 12, 6, 7, 8, 14, 15, 9, 10, 11, 5, 4, 3, 2, 1, 0]
[00:00:00:00:030] ! Unidirectional t-s. expansions: 26, time: 30 [ms], path length: 26 [edges], generated: 41
[00:00:00:00:074] Path of length 26 found: [0, 1, 2, 3, 4, 5, 11, 10, 9, 15, 14, 8, 7, 6, 12, 13, 19, 20, 26, 25, 31, 32, 33, 27, 28, 34, 35]
[00:00:00:00:521] ! Bidirectional. expansions: 39, time: 74 [ms], path length: 26 [edges], g_F: 13, g_B: 13, generated: 68, MM: 0, MMPER: -1.0%
[00:00:00:00:522] 
---------- SM_Grids/6x6_grid_with_random_blocks_20per_1 ----------
[00:00:00:01:351] Path of length 24 found: [0, 1, 2, 3, 4, 5, 11, 17, 16, 10, 9, 8, 14, 13, 7, 6, 12, 18, 19, 20, 21, 27, 28, 29, 35]
[00:00:00:01:351] ! Unidirectional s-t. expansions: 1,041, time: 1,351 [ms], path length: 24 [edges], generated: 1,745
[00:00:00:00:646] Path of length 24 found: [35, 29, 28, 27, 21, 22, 16, 17, 11, 5, 4, 10, 9, 3, 2, 8, 14, 20, 19, 18, 12, 13, 7, 1, 0]
[00:00:00:00:647] ! Unidirectional t-s. expansions: 498, time: 646 [ms], path length: 24 [edges], generated: 892
[00:00:00:01:357] Path of length 24 found: [0, 6, 12, 18, 19, 20, 14, 13, 7, 1, 2, 8, 9, 10, 4, 5, 11, 17, 16, 22, 21, 27, 28, 29, 35]
[00:00:00:01:644] ! Bidirectional. expansions: 515, time: 1,357 [ms], path length: 24 [edges], g_F: 11, g_B: 13, generated: 995, MM: 2, MMPER: 7.0%
[00:00:00:01:644] 
---------- SM_Grids/6x6_grid_with_random_blocks_20per_2 ----------
[00:00:00:00:061] Path of length 24 found: [0, 6, 12, 18, 19, 25, 24, 30, 31, 32, 26, 27, 21, 20, 14, 8, 2, 3, 9, 10, 16, 17, 23, 29, 35]
[00:00:00:00:062] ! Unidirectional s-t. expansions: 41, time: 61 [ms], path length: 24 [edges], generated: 66
[00:00:00:00:040] Path of length 24 found: [35, 29, 23, 17, 11, 10, 9, 3, 2, 8, 14, 20, 21, 27, 26, 32, 31, 30, 24, 25, 19, 18, 12, 6, 0]
[00:00:00:00:040] ! Unidirectional t-s. expansions: 29, time: 40 [ms], path length: 24 [edges], generated: 44
[00:00:00:00:102] Path of length 24 found: [0, 6, 12, 18, 19, 25, 24, 30, 31, 32, 26, 27, 21, 20, 14, 8, 2, 3, 9, 10, 11, 17, 23, 29, 35]
[00:00:00:00:384] ! Bidirectional. expansions: 46, time: 102 [ms], path length: 24 [edges], g_F: 12, g_B: 12, generated: 77, MM: 0, MMPER: -1.0%
[00:00:00:00:385] 
---------- SM_Grids/6x6_grid_with_random_blocks_20per_3 ----------
[00:00:00:00:072] Path of length 24 found: [0, 1, 2, 3, 4, 5, 11, 10, 9, 8, 14, 13, 19, 18, 24, 30, 31, 32, 33, 27, 21, 22, 23, 29, 35]
[00:00:00:00:072] ! Unidirectional s-t. expansions: 58, time: 72 [ms], path length: 24 [edges], generated: 88
[00:00:00:00:050] Path of length 24 found: [35, 29, 23, 22, 21, 27, 33, 32, 31, 30, 24, 18, 19, 13, 14, 15, 9, 10, 11, 5, 4, 3, 2, 1, 0]
[00:00:00:00:051] ! Unidirectional t-s. expansions: 38, time: 51 [ms], path length: 24 [edges], generated: 58
[00:00:00:00:079] Path of length 24 found: [0, 1, 2, 3, 4, 5, 11, 10, 9, 8, 14, 13, 19, 18, 24, 30, 31, 32, 33, 27, 21, 22, 23, 29, 35]
[00:00:00:00:373] ! Bidirectional. expansions: 40, time: 79 [ms], path length: 24 [edges], g_F: 13, g_B: 11, generated: 62, MM: 2, MMPER: 7.0%
[00:00:00:00:373] 
---------- SM_Grids/6x6_grid_with_random_blocks_20per_4 ----------
[00:00:00:00:029] Path of length 20 found: [0, 1, 7, 8, 9, 3, 4, 5, 11, 10, 16, 15, 21, 27, 33, 34, 28, 22, 23, 29, 35]
[00:00:00:00:030] ! Unidirectional s-t. expansions: 20, time: 29 [ms], path length: 20 [edges], generated: 30
[00:00:00:00:030] Path of length 20 found: [35, 29, 23, 22, 28, 34, 33, 27, 21, 15, 16, 10, 11, 5, 4, 3, 9, 8, 7, 1, 0]
[00:00:00:00:030] ! Unidirectional t-s. expansions: 20, time: 30 [ms], path length: 20 [edges], generated: 30
[00:00:00:00:065] Path of length 20 found: [0, 1, 7, 8, 9, 3, 4, 5, 11, 10, 16, 15, 21, 27, 33, 34, 28, 22, 23, 29, 35]
[00:00:00:00:349] ! Bidirectional. expansions: 29, time: 65 [ms], path length: 20 [edges], g_F: 10, g_B: 10, generated: 46, MM: 0, MMPER: -1.0%
[00:00:00:00:349] 
---------- SM_Grids/6x6_grid_with_random_blocks_20per_5 ----------
[00:00:00:00:147] Path of length 24 found: [0, 6, 12, 13, 14, 15, 9, 3, 4, 10, 16, 22, 21, 20, 26, 25, 24, 30, 31, 32, 33, 27, 28, 34, 35]
[00:00:00:00:147] ! Unidirectional s-t. expansions: 101, time: 147 [ms], path length: 24 [edges], generated: 174
[00:00:00:00:203] Path of length 24 found: [35, 29, 28, 34, 33, 32, 31, 30, 24, 25, 26, 27, 21, 22, 16, 10, 4, 3, 9, 15, 14, 13, 7, 6, 0]
[00:00:00:00:203] ! Unidirectional t-s. expansions: 146, time: 203 [ms], path length: 24 [edges], generated: 241
[00:00:00:00:277] Path of length 24 found: [0, 6, 12, 13, 14, 20, 26, 25, 24, 30, 31, 32, 33, 27, 21, 15, 9, 3, 4, 10, 16, 22, 28, 29, 35]
[00:00:00:00:555] ! Bidirectional. expansions: 120, time: 277 [ms], path length: 24 [edges], g_F: 11, g_B: 13, generated: 214, MM: 2, MMPER: 7.0%
[00:00:00:00:555] 
---------- SM_Grids/6x6_grid_with_random_blocks_20per_6 ----------
[00:00:00:00:156] Path of length 24 found: [0, 6, 12, 18, 24, 25, 31, 32, 26, 20, 14, 15, 9, 8, 2, 3, 4, 5, 11, 17, 16, 22, 28, 34, 35]
[00:00:00:00:156] ! Unidirectional s-t. expansions: 74, time: 156 [ms], path length: 24 [edges], generated: 121
[00:00:00:00:145] Path of length 24 found: [35, 29, 28, 22, 16, 17, 11, 5, 4, 10, 9, 3, 2, 8, 14, 20, 26, 32, 31, 25, 24, 18, 12, 6, 0]
[00:00:00:00:145] ! Unidirectional t-s. expansions: 95, time: 145 [ms], path length: 24 [edges], generated: 162
[00:00:00:00:226] Path of length 24 found: [0, 6, 12, 18, 24, 25, 31, 32, 26, 20, 14, 8, 2, 3, 9, 10, 4, 5, 11, 17, 16, 22, 28, 29, 35]
[00:00:00:00:510] ! Bidirectional. expansions: 112, time: 226 [ms], path length: 24 [edges], g_F: 13, g_B: 11, generated: 191, MM: 2, MMPER: 7.0%
[00:00:00:00:510] 
---------- SM_Grids/6x6_grid_with_random_blocks_20per_7 ----------
[00:00:00:00:048] Path of length 24 found: [0, 1, 7, 6, 12, 18, 19, 25, 31, 32, 26, 20, 14, 15, 9, 10, 11, 17, 16, 22, 28, 27, 33, 34, 35]
[00:00:00:00:048] ! Unidirectional s-t. expansions: 34, time: 48 [ms], path length: 24 [edges], generated: 51
[00:00:00:00:072] Path of length 24 found: [35, 34, 33, 32, 31, 25, 26, 27, 28, 22, 16, 17, 11, 10, 9, 15, 14, 20, 19, 18, 12, 6, 7, 1, 0]
[00:00:00:00:072] ! Unidirectional t-s. expansions: 48, time: 72 [ms], path length: 24 [edges], generated: 78
[00:00:00:00:189] Path of length 24 found: [0, 1, 7, 6, 12, 18, 19, 25, 31, 32, 26, 20, 14, 15, 9, 10, 11, 17, 16, 22, 28, 27, 33, 34, 35]
[00:00:00:00:477] ! Bidirectional. expansions: 90, time: 189 [ms], path length: 24 [edges], g_F: 12, g_B: 12, generated: 152, MM: 0, MMPER: -1.0%
[00:00:00:00:477] 
---------- SM_Grids/6x6_grid_with_random_blocks_20per_8 ----------
[00:00:00:00:038] Path of length 28 found: [0, 1, 7, 6, 12, 18, 19, 25, 24, 30, 31, 32, 26, 27, 33, 34, 28, 22, 21, 15, 14, 8, 9, 10, 16, 17, 23, 29, 35]
[00:00:00:00:039] ! Unidirectional s-t. expansions: 28, time: 38 [ms], path length: 28 [edges], generated: 42
[00:00:00:00:044] Path of length 28 found: [35, 29, 23, 17, 16, 10, 9, 8, 14, 15, 21, 22, 28, 34, 33, 27, 26, 32, 31, 30, 24, 25, 19, 18, 12, 6, 7, 1, 0]
[00:00:00:00:045] ! Unidirectional t-s. expansions: 28, time: 44 [ms], path length: 28 [edges], generated: 42
[00:00:00:00:132] Path of length 28 found: [0, 1, 7, 6, 12, 18, 19, 25, 24, 30, 31, 32, 26, 27, 33, 34, 28, 22, 21, 15, 14, 8, 9, 10, 16, 17, 23, 29, 35]
[00:00:00:00:421] ! Bidirectional. expansions: 55, time: 132 [ms], path length: 28 [edges], g_F: 14, g_B: 14, generated: 98, MM: 0, MMPER: -1.0%
[00:00:00:00:422] 
---------- SM_Grids/6x6_grid_with_random_blocks_20per_9 ----------
[00:00:00:00:049] Path of length 24 found: [0, 1, 7, 8, 9, 15, 14, 13, 12, 18, 24, 25, 19, 20, 26, 27, 21, 22, 16, 17, 23, 29, 28, 34, 35]
[00:00:00:00:049] ! Unidirectional s-t. expansions: 31, time: 49 [ms], path length: 24 [edges], generated: 53
[00:00:00:00:036] Path of length 24 found: [35, 34, 28, 29, 23, 17, 16, 22, 21, 27, 26, 20, 19, 25, 24, 18, 12, 13, 14, 15, 9, 8, 7, 1, 0]
[00:00:00:00:037] ! Unidirectional t-s. expansions: 24, time: 36 [ms], path length: 24 [edges], generated: 39
[00:00:00:00:079] Path of length 24 found: [0, 1, 7, 8, 9, 15, 14, 13, 12, 18, 24, 25, 19, 20, 26, 27, 21, 22, 16, 17, 23, 29, 28, 34, 35]
[00:00:00:00:429] ! Bidirectional. expansions: 32, time: 79 [ms], path length: 24 [edges], g_F: 12, g_B: 12, generated: 60, MM: 0, MMPER: -1.0%

[00:00:00:00:429] average expansions: (147, 95, 108, 0)
[00:00:00:00:429] average time: (200, 130, 258, 0)
[00:00:00:00:429] XA*: 95 , 130 (expansions , time[ms])
[00:00:00:00:429] XMM: 108 , 258 (expansions , time[ms])

