------------------------------------
Thu 01 Oct 2026 13:44:05 IDT
SLURM_JOBID:		21947681
SLURM_JOB_NODELIST:	ise-cpu256-31
SLURM_SCRATCH_DIR:	/scratch/shubit/21947681
Allocated Resouces:	cpu - 2 / mem - 61440 MB / gpu - 
SLURM_GPU_INDEX:	
Running as shubit from shimony account with normal QOS
------------------------------------
Thu 01 Oct 2026 13:44:05 IDT

SLURM_JOBID:		 21947681
SLURM_JOB_NODELIST:	 ise-cpu256-31 

--------------------------
date: SM_Grids
number_of_graphs: 10
graph_type: grid
size_of_graphs: [6, 6]
heuristic: bcc_heuristic
snake: False
run_uni: True
run_bi: True
run_multi: False
solution_vertices: []
algorithms: ['DFBnB']
lookahead: 1
bsd: False
cube_first_dims: 4
cube_buffer_dim: None
backward_sym_generation: False
sym_coil: False
prefix_set: None

---------- SM_Grids/6x6_grid_with_random_blocks_16per_0 ----------
[00:00:00:00:854] Path of length 22 found: [0, 1, 7, 6, 12, 18, 19, 13, 14, 8, 9, 3, 4, 5, 11, 10, 16, 15, 21, 27, 28, 34, 35]
[00:00:00:00:855] ! Unidirectional s-t. expansions: 1,162, time: 855 [ms], path length: 22 [edges], generated: 2,048
[00:00:00:00:749] Path of length 22 found: [35, 29, 28, 27, 21, 22, 16, 17, 11, 5, 4, 3, 9, 15, 14, 8, 7, 13, 19, 18, 12, 6, 0]
[00:00:00:00:750] ! Unidirectional t-s. expansions: 920, time: 749 [ms], path length: 22 [edges], generated: 1,668
[00:00:00:02:221] Path of length 22 found: [0, 1, 7, 6, 12, 18, 19, 13, 14, 8, 9, 3, 4, 5, 11, 10, 16, 22, 21, 27, 28, 29, 35]
[00:00:00:02:539] ! Bidirectional. expansions: 1,093, time: 2,221 [ms], path length: 22 [edges], g_F: 16, g_B: 6, generated: 0, MM: 10, MMPER: 42.47826086956522%
[00:00:00:02:539] 
---------- SM_Grids/6x6_grid_with_random_blocks_16per_1 ----------
[00:00:00:00:024] Path of length 20 found: [0, 6, 7, 1, 2, 3, 9, 15, 21, 27, 28, 22, 16, 10, 4, 5, 11, 17, 23, 29, 35]
[00:00:00:00:024] ! Unidirectional s-t. expansions: 20, time: 24 [ms], path length: 20 [edges], generated: 32
[00:00:00:00:025] Path of length 20 found: [35, 29, 23, 17, 11, 5, 4, 10, 16, 22, 28, 27, 21, 15, 9, 3, 2, 1, 7, 6, 0]
[00:00:00:00:025] ! Unidirectional t-s. expansions: 20, time: 25 [ms], path length: 20 [edges], generated: 32
[00:00:00:00:055] Path of length 20 found: [0, 6, 7, 1, 2, 3, 9, 15, 21, 27, 28, 22, 16, 10, 4, 5, 11, 17, 23, 29, 35]
[00:00:00:00:335] ! Bidirectional. expansions: 19, time: 55 [ms], path length: 20 [edges], g_F: 11, g_B: 9, generated: 0, MM: 2, MMPER: 8.523809523809524%
[00:00:00:00:336] 
---------- SM_Grids/6x6_grid_with_random_blocks_16per_2 ----------
[00:00:00:00:111] Path of length 20 found: [0, 6, 12, 18, 24, 30, 31, 25, 19, 13, 7, 8, 14, 20, 21, 27, 26, 32, 33, 34, 35]
[00:00:00:00:111] ! Unidirectional s-t. expansions: 83, time: 111 [ms], path length: 20 [edges], generated: 150
[00:00:00:00:026] Path of length 20 found: [35, 34, 28, 27, 21, 20, 14, 8, 7, 13, 19, 25, 26, 32, 31, 30, 24, 18, 12, 6, 0]
[00:00:00:00:026] ! Unidirectional t-s. expansions: 20, time: 26 [ms], path length: 20 [edges], generated: 34
[00:00:00:00:217] Path of length 20 found: [0, 6, 12, 18, 24, 30, 31, 25, 19, 13, 7, 8, 14, 20, 26, 32, 33, 27, 28, 34, 35]
[00:00:00:00:505] ! Bidirectional. expansions: 71, time: 217 [ms], path length: 20 [edges], g_F: 17, g_B: 3, generated: 0, MM: 14, MMPER: 65.66666666666667%
[00:00:00:00:506] 
---------- SM_Grids/6x6_grid_with_random_blocks_16per_3 ----------
[00:00:00:00:160] Path of length 28 found: [0, 6, 12, 13, 7, 8, 14, 20, 19, 25, 24, 30, 31, 32, 33, 27, 21, 22, 16, 10, 9, 3, 4, 5, 11, 17, 23, 29, 35]
[00:00:00:00:160] ! Unidirectional s-t. expansions: 140, time: 160 [ms], path length: 28 [edges], generated: 220
[00:00:00:00:058] Path of length 28 found: [35, 29, 23, 17, 11, 5, 4, 3, 2, 8, 9, 10, 16, 22, 21, 27, 33, 32, 31, 30, 24, 25, 19, 20, 14, 13, 7, 6, 0]
[00:00:00:00:059] ! Unidirectional t-s. expansions: 55, time: 58 [ms], path length: 28 [edges], generated: 83
[00:00:00:00:283] Path of length 28 found: [0, 6, 12, 13, 7, 8, 14, 20, 19, 25, 24, 30, 31, 32, 33, 27, 21, 22, 16, 10, 9, 3, 4, 5, 11, 17, 23, 29, 35]
[00:00:00:00:574] ! Bidirectional. expansions: 99, time: 283 [ms], path length: 28 [edges], g_F: 12, g_B: 16, generated: 0, MM: 4, MMPER: 12.793103448275861%
[00:00:00:00:574] 
---------- SM_Grids/6x6_grid_with_random_blocks_16per_4 ----------
[00:00:00:00:029] Path of length 26 found: [0, 1, 7, 6, 12, 18, 24, 30, 31, 25, 19, 13, 14, 20, 26, 32, 33, 27, 21, 22, 16, 17, 23, 29, 28, 34, 35]
[00:00:00:00:029] ! Unidirectional s-t. expansions: 26, time: 29 [ms], path length: 26 [edges], generated: 42
[00:00:00:00:095] Path of length 26 found: [35, 29, 23, 17, 16, 22, 21, 20, 14, 13, 19, 25, 26, 27, 28, 34, 33, 32, 31, 30, 24, 18, 12, 6, 7, 1, 0]
[00:00:00:00:095] ! Unidirectional t-s. expansions: 26, time: 95 [ms], path length: 26 [edges], generated: 42
[00:00:00:00:064] Path of length 26 found: [0, 1, 7, 6, 12, 18, 24, 30, 31, 25, 19, 13, 14, 20, 26, 32, 33, 34, 28, 27, 21, 22, 16, 17, 23, 29, 35]
[00:00:00:00:335] ! Bidirectional. expansions: 25, time: 64 [ms], path length: 26 [edges], g_F: 24, g_B: 2, generated: 0, MM: 22, MMPER: 80.48148148148148%
[00:00:00:00:335] 
---------- SM_Grids/6x6_grid_with_random_blocks_16per_5 ----------
[00:00:00:00:115] Path of length 28 found: [0, 1, 2, 8, 14, 13, 12, 18, 24, 30, 31, 25, 19, 20, 26, 27, 21, 15, 9, 10, 4, 5, 11, 17, 16, 22, 28, 34, 35]
[00:00:00:00:115] ! Unidirectional s-t. expansions: 118, time: 115 [ms], path length: 28 [edges], generated: 195
[00:00:00:00:275] Path of length 28 found: [35, 34, 33, 27, 28, 22, 16, 17, 11, 5, 4, 10, 9, 8, 14, 15, 21, 20, 26, 25, 31, 30, 24, 18, 19, 13, 12, 6, 0]
[00:00:00:00:276] ! Unidirectional t-s. expansions: 238, time: 275 [ms], path length: 28 [edges], generated: 413
[00:00:00:00:640] Path of length 28 found: [0, 6, 12, 13, 19, 18, 24, 30, 31, 25, 26, 20, 21, 15, 14, 8, 9, 10, 4, 5, 11, 17, 16, 22, 28, 27, 33, 34, 35]
[00:00:00:00:920] ! Bidirectional. expansions: 247, time: 640 [ms], path length: 28 [edges], g_F: 9, g_B: 19, generated: 0, MM: 10, MMPER: 33.48275862068966%
[00:00:00:00:921] 
---------- SM_Grids/6x6_grid_with_random_blocks_16per_6 ----------
[00:00:00:00:214] Path of length 28 found: [0, 6, 12, 18, 24, 30, 31, 32, 26, 20, 19, 13, 7, 1, 2, 8, 14, 15, 9, 10, 16, 17, 23, 22, 28, 27, 33, 34, 35]
[00:00:00:00:214] ! Unidirectional s-t. expansions: 209, time: 214 [ms], path length: 28 [edges], generated: 348
[00:00:00:00:087] Path of length 28 found: [35, 29, 23, 17, 16, 10, 9, 15, 14, 8, 2, 1, 7, 13, 19, 20, 26, 27, 28, 34, 33, 32, 31, 30, 24, 18, 12, 6, 0]
[00:00:00:00:088] ! Unidirectional t-s. expansions: 70, time: 87 [ms], path length: 28 [edges], generated: 118
[00:00:00:01:188] Path of length 28 found: [0, 6, 12, 18, 24, 30, 31, 32, 33, 34, 28, 27, 26, 20, 19, 13, 7, 1, 2, 8, 14, 15, 9, 10, 16, 17, 23, 29, 35]
[00:00:00:01:469] ! Bidirectional. expansions: 444, time: 1,189 [ms], path length: 28 [edges], g_F: 19, g_B: 9, generated: 0, MM: 10, MMPER: 33.48275862068966%
[00:00:00:01:469] 
---------- SM_Grids/6x6_grid_with_random_blocks_16per_7 ----------
[00:00:00:00:065] Path of length 18 found: [0, 6, 7, 13, 12, 18, 24, 30, 31, 25, 19, 20, 26, 32, 33, 27, 28, 29, 35]
[00:00:00:00:066] ! Unidirectional s-t. expansions: 46, time: 65 [ms], path length: 18 [edges], generated: 84
[00:00:00:00:121] Path of length 18 found: [35, 29, 28, 27, 21, 20, 14, 13, 19, 25, 26, 32, 31, 30, 24, 18, 12, 6, 0]
[00:00:00:00:121] ! Unidirectional t-s. expansions: 48, time: 121 [ms], path length: 18 [edges], generated: 84
[00:00:00:00:157] Path of length 18 found: [0, 6, 7, 13, 12, 18, 24, 30, 31, 25, 19, 20, 26, 32, 33, 27, 28, 29, 35]
[00:00:00:00:428] ! Bidirectional. expansions: 45, time: 157 [ms], path length: 18 [edges], g_F: 15, g_B: 3, generated: 0, MM: 12, MMPER: 62.1578947368421%
[00:00:00:00:428] 
---------- SM_Grids/6x6_grid_with_random_blocks_16per_8 ----------
[00:00:00:00:027] Path of length 22 found: [0, 6, 12, 18, 19, 13, 7, 1, 2, 8, 14, 20, 21, 15, 9, 10, 16, 22, 23, 29, 28, 34, 35]
[00:00:00:00:027] ! Unidirectional s-t. expansions: 22, time: 27 [ms], path length: 22 [edges], generated: 39
[00:00:00:00:028] Path of length 22 found: [35, 34, 28, 29, 23, 22, 16, 10, 9, 8, 2, 1, 7, 13, 14, 15, 21, 20, 19, 18, 12, 6, 0]
[00:00:00:00:028] ! Unidirectional t-s. expansions: 22, time: 28 [ms], path length: 22 [edges], generated: 39
[00:00:00:00:056] Path of length 22 found: [0, 6, 12, 18, 19, 13, 7, 1, 2, 8, 14, 20, 21, 15, 9, 10, 16, 22, 23, 29, 28, 34, 35]
[00:00:00:00:336] ! Bidirectional. expansions: 21, time: 56 [ms], path length: 22 [edges], g_F: 13, g_B: 9, generated: 0, MM: 4, MMPER: 16.391304347826086%
[00:00:00:00:336] 
---------- SM_Grids/6x6_grid_with_random_blocks_16per_9 ----------
[00:00:00:00:126] Path of length 26 found: [0, 6, 12, 18, 24, 30, 31, 25, 26, 32, 33, 27, 21, 20, 14, 15, 16, 10, 4, 5, 11, 17, 23, 22, 28, 34, 35]
[00:00:00:00:127] ! Unidirectional s-t. expansions: 113, time: 126 [ms], path length: 26 [edges], generated: 201
[00:00:00:00:373] Path of length 26 found: [35, 29, 23, 17, 11, 5, 4, 10, 16, 15, 14, 20, 26, 27, 21, 22, 28, 34, 33, 32, 31, 25, 24, 18, 12, 6, 0]
[00:00:00:00:373] ! Unidirectional t-s. expansions: 316, time: 373 [ms], path length: 26 [edges], generated: 560
[00:00:00:00:770] Path of length 26 found: [0, 6, 12, 18, 24, 30, 31, 32, 33, 34, 28, 22, 21, 27, 26, 20, 14, 15, 16, 10, 4, 5, 11, 17, 23, 29, 35]
[00:00:00:01:052] ! Bidirectional. expansions: 329, time: 771 [ms], path length: 26 [edges], g_F: 13, g_B: 13, generated: 0, MM: 0, MMPER: -1.0%

[00:00:00:01:052] average expansions: (194, 174, 239, 0)
[00:00:00:01:052] average time: (173, 184, 565, 0)
[00:00:00:01:052] XDFBnB: 174 , 173 (expansions , time[ms])
[00:00:00:01:052] BiXDFBnB: 239 , 565 (expansions , time[ms])

