------------------------------------
Thu 01 Oct 2026 10:43:14 IDT
SLURM_JOBID:		21942659
SLURM_JOB_NODELIST:	ise-cpu256-10
SLURM_SCRATCH_DIR:	/scratch/shubit/21942659
Allocated Resouces:	cpu - 2 / mem - 61440 MB / gpu - 
SLURM_GPU_INDEX:	
Running as shubit from shimony account with normal QOS
------------------------------------
Thu 01 Oct 2026 10:43:14 IDT

SLURM_JOBID:		 21942659
SLURM_JOB_NODELIST:	 ise-cpu256-10 

--------------------------
date: SM_Grids
number_of_graphs: 10
graph_type: grid
size_of_graphs: [6, 6]
heuristic: bcc_heuristic
snake: False
run_uni: True
run_bi: True
run_multi: False
solution_vertices: []
algorithms: ['A']
lookahead: -1
bsd: False
cube_first_dims: 4
cube_buffer_dim: None
backward_sym_generation: False
sym_coil: False
prefix_set: None

---------- SM_Grids/6x6_grid_with_random_blocks_16per_0 ----------
[00:00:00:00:993] Path of length 22 found: [0, 1, 7, 6, 12, 18, 19, 13, 14, 8, 9, 3, 4, 5, 11, 10, 16, 15, 21, 27, 28, 34, 35]
[00:00:00:00:993] ! Unidirectional s-t. expansions: 966, time: 993 [ms], path length: 22 [edges], generated: 1,697
[00:00:00:01:066] Path of length 22 found: [35, 29, 28, 27, 21, 22, 16, 17, 11, 5, 4, 3, 9, 15, 14, 20, 19, 18, 12, 13, 7, 1, 0]
[00:00:00:01:067] ! Unidirectional t-s. expansions: 916, time: 1,066 [ms], path length: 22 [edges], generated: 1,661
[00:00:00:00:750] Path of length 22 found: [0, 1, 7, 6, 12, 18, 19, 13, 14, 8, 9, 3, 4, 5, 11, 17, 16, 22, 21, 27, 28, 29, 35]
[00:00:00:01:056] ! Bidirectional. expansions: 912, time: 750 [ms], path length: 22 [edges], g_F: 12, g_B: 10, generated: 0, MM: 2, MMPER: 7.695652173913043%
[00:00:00:01:057] 
---------- SM_Grids/6x6_grid_with_random_blocks_16per_1 ----------
[00:00:00:00:032] Path of length 20 found: [0, 6, 7, 1, 2, 3, 9, 15, 21, 27, 28, 22, 16, 10, 4, 5, 11, 17, 23, 29, 35]
[00:00:00:00:033] ! Unidirectional s-t. expansions: 20, time: 32 [ms], path length: 20 [edges], generated: 32
[00:00:00:00:034] Path of length 20 found: [35, 29, 23, 17, 11, 5, 4, 10, 16, 22, 28, 27, 21, 15, 9, 3, 2, 1, 7, 6, 0]
[00:00:00:00:034] ! Unidirectional t-s. expansions: 20, time: 34 [ms], path length: 20 [edges], generated: 32
[00:00:00:00:026] Path of length 20 found: [0, 6, 7, 1, 2, 3, 9, 15, 21, 27, 28, 22, 16, 10, 4, 5, 11, 17, 23, 29, 35]
[00:00:00:00:294] ! Bidirectional. expansions: 20, time: 26 [ms], path length: 20 [edges], g_F: 11, g_B: 9, generated: 0, MM: 2, MMPER: 8.523809523809524%
[00:00:00:00:295] 
---------- SM_Grids/6x6_grid_with_random_blocks_16per_2 ----------
[00:00:00:00:135] Path of length 20 found: [0, 6, 7, 8, 14, 13, 12, 18, 19, 25, 24, 30, 31, 32, 26, 20, 21, 27, 33, 34, 35]
[00:00:00:00:135] ! Unidirectional s-t. expansions: 81, time: 135 [ms], path length: 20 [edges], generated: 148
[00:00:00:00:032] Path of length 20 found: [35, 34, 28, 27, 21, 20, 14, 8, 7, 13, 19, 25, 26, 32, 31, 30, 24, 18, 12, 6, 0]
[00:00:00:00:032] ! Unidirectional t-s. expansions: 20, time: 32 [ms], path length: 20 [edges], generated: 34
[00:00:00:00:039] Path of length 20 found: [0, 6, 12, 18, 24, 30, 31, 32, 26, 25, 19, 13, 7, 8, 14, 20, 21, 27, 28, 34, 35]
[00:00:00:00:303] ! Bidirectional. expansions: 29, time: 39 [ms], path length: 20 [edges], g_F: 11, g_B: 9, generated: 0, MM: 2, MMPER: 8.523809523809524%
[00:00:00:00:304] 
---------- SM_Grids/6x6_grid_with_random_blocks_16per_3 ----------
[00:00:00:00:163] Path of length 28 found: [0, 6, 12, 13, 7, 8, 14, 20, 19, 25, 24, 30, 31, 32, 33, 27, 21, 22, 16, 10, 9, 3, 4, 5, 11, 17, 23, 29, 35]
[00:00:00:00:163] ! Unidirectional s-t. expansions: 105, time: 163 [ms], path length: 28 [edges], generated: 160
[00:00:00:00:078] Path of length 28 found: [35, 29, 23, 22, 16, 17, 11, 5, 4, 10, 9, 3, 2, 8, 14, 20, 21, 27, 33, 32, 31, 30, 24, 25, 19, 13, 7, 6, 0]
[00:00:00:00:078] ! Unidirectional t-s. expansions: 55, time: 78 [ms], path length: 28 [edges], generated: 83
[00:00:00:00:041] Path of length 28 found: [0, 6, 12, 13, 7, 8, 14, 20, 19, 25, 24, 30, 31, 32, 33, 27, 21, 22, 16, 10, 9, 3, 4, 5, 11, 17, 23, 29, 35]
[00:00:00:00:349] ! Bidirectional. expansions: 36, time: 41 [ms], path length: 28 [edges], g_F: 15, g_B: 13, generated: 0, MM: 2, MMPER: 5.896551724137931%
[00:00:00:00:349] 
---------- SM_Grids/6x6_grid_with_random_blocks_16per_4 ----------
[00:00:00:00:039] Path of length 26 found: [0, 1, 7, 6, 12, 18, 24, 30, 31, 25, 19, 13, 14, 20, 26, 32, 33, 27, 21, 22, 16, 17, 23, 29, 28, 34, 35]
[00:00:00:00:040] ! Unidirectional s-t. expansions: 26, time: 39 [ms], path length: 26 [edges], generated: 42
[00:00:00:00:040] Path of length 26 found: [35, 29, 23, 17, 16, 22, 21, 20, 14, 13, 19, 25, 26, 27, 28, 34, 33, 32, 31, 30, 24, 18, 12, 6, 7, 1, 0]
[00:00:00:00:040] ! Unidirectional t-s. expansions: 26, time: 40 [ms], path length: 26 [edges], generated: 42
[00:00:00:00:030] Path of length 26 found: [0, 1, 7, 6, 12, 18, 24, 30, 31, 32, 33, 34, 28, 27, 26, 25, 19, 13, 14, 20, 21, 22, 16, 17, 23, 29, 35]
[00:00:00:00:304] ! Bidirectional. expansions: 26, time: 30 [ms], path length: 26 [edges], g_F: 14, g_B: 12, generated: 0, MM: 2, MMPER: 6.407407407407407%
[00:00:00:00:305] 
---------- SM_Grids/6x6_grid_with_random_blocks_16per_5 ----------
[00:00:00:00:157] Path of length 28 found: [0, 1, 2, 8, 9, 10, 4, 5, 11, 17, 16, 22, 21, 15, 14, 20, 19, 13, 12, 18, 24, 30, 31, 25, 26, 27, 33, 34, 35]
[00:00:00:00:157] ! Unidirectional s-t. expansions: 108, time: 157 [ms], path length: 28 [edges], generated: 181
[00:00:00:00:357] Path of length 28 found: [35, 34, 33, 27, 28, 22, 16, 17, 11, 5, 4, 10, 9, 15, 21, 20, 26, 25, 31, 30, 24, 18, 19, 13, 14, 8, 2, 1, 0]
[00:00:00:00:357] ! Unidirectional t-s. expansions: 228, time: 357 [ms], path length: 28 [edges], generated: 397
[00:00:00:00:044] Path of length 28 found: [0, 1, 2, 8, 9, 10, 4, 5, 11, 17, 16, 15, 14, 13, 12, 18, 24, 30, 31, 25, 26, 20, 21, 22, 28, 27, 33, 34, 35]
[00:00:00:00:311] ! Bidirectional. expansions: 44, time: 44 [ms], path length: 28 [edges], g_F: 15, g_B: 13, generated: 0, MM: 2, MMPER: 5.896551724137931%
[00:00:00:00:311] 
---------- SM_Grids/6x6_grid_with_random_blocks_16per_6 ----------
[00:00:00:00:280] Path of length 28 found: [0, 1, 2, 8, 7, 6, 12, 13, 19, 18, 24, 30, 31, 32, 33, 27, 26, 20, 14, 15, 9, 10, 16, 17, 23, 22, 28, 34, 35]
[00:00:00:00:280] ! Unidirectional s-t. expansions: 207, time: 280 [ms], path length: 28 [edges], generated: 346
[00:00:00:00:089] Path of length 28 found: [35, 34, 33, 32, 31, 30, 24, 18, 12, 6, 7, 13, 19, 20, 26, 27, 28, 29, 23, 17, 16, 10, 9, 15, 14, 8, 2, 1, 0]
[00:00:00:00:090] ! Unidirectional t-s. expansions: 56, time: 90 [ms], path length: 28 [edges], generated: 96
[00:00:00:00:230] Path of length 28 found: [0, 6, 12, 13, 7, 1, 2, 8, 14, 15, 9, 10, 16, 17, 23, 22, 28, 27, 26, 20, 19, 18, 24, 30, 31, 32, 33, 34, 35]
[00:00:00:00:505] ! Bidirectional. expansions: 186, time: 230 [ms], path length: 28 [edges], g_F: 15, g_B: 13, generated: 0, MM: 2, MMPER: 5.896551724137931%
[00:00:00:00:505] 
---------- SM_Grids/6x6_grid_with_random_blocks_16per_7 ----------
[00:00:00:00:082] Path of length 18 found: [0, 6, 7, 13, 12, 18, 24, 30, 31, 25, 19, 20, 26, 32, 33, 27, 28, 29, 35]
[00:00:00:00:082] ! Unidirectional s-t. expansions: 46, time: 82 [ms], path length: 18 [edges], generated: 84
[00:00:00:00:064] Path of length 18 found: [35, 29, 28, 27, 33, 32, 31, 30, 24, 18, 19, 25, 26, 20, 14, 13, 7, 6, 0]
[00:00:00:00:065] ! Unidirectional t-s. expansions: 40, time: 64 [ms], path length: 18 [edges], generated: 72
[00:00:00:00:042] Path of length 18 found: [0, 6, 7, 13, 12, 18, 24, 30, 31, 32, 26, 25, 19, 20, 21, 27, 28, 29, 35]
[00:00:00:00:316] ! Bidirectional. expansions: 28, time: 42 [ms], path length: 18 [edges], g_F: 10, g_B: 8, generated: 0, MM: 2, MMPER: 9.526315789473685%
[00:00:00:00:316] 
---------- SM_Grids/6x6_grid_with_random_blocks_16per_8 ----------
[00:00:00:00:035] Path of length 22 found: [0, 6, 12, 18, 19, 13, 7, 1, 2, 8, 14, 20, 21, 15, 9, 10, 16, 22, 23, 29, 28, 34, 35]
[00:00:00:00:036] ! Unidirectional s-t. expansions: 22, time: 35 [ms], path length: 22 [edges], generated: 39
[00:00:00:00:036] Path of length 22 found: [35, 34, 28, 29, 23, 22, 16, 10, 9, 8, 2, 1, 7, 13, 14, 15, 21, 20, 19, 18, 12, 6, 0]
[00:00:00:00:036] ! Unidirectional t-s. expansions: 22, time: 36 [ms], path length: 22 [edges], generated: 39
[00:00:00:00:027] Path of length 22 found: [0, 6, 12, 18, 19, 13, 7, 1, 2, 8, 14, 20, 21, 15, 9, 10, 16, 22, 23, 29, 28, 34, 35]
[00:00:00:00:301] ! Bidirectional. expansions: 22, time: 27 [ms], path length: 22 [edges], g_F: 12, g_B: 10, generated: 0, MM: 2, MMPER: 7.695652173913043%
[00:00:00:00:301] 
---------- SM_Grids/6x6_grid_with_random_blocks_16per_9 ----------
[00:00:00:00:173] Path of length 26 found: [0, 6, 12, 18, 24, 30, 31, 25, 26, 32, 33, 27, 21, 20, 14, 15, 16, 10, 4, 5, 11, 17, 23, 22, 28, 34, 35]
[00:00:00:00:173] ! Unidirectional s-t. expansions: 113, time: 173 [ms], path length: 26 [edges], generated: 201
[00:00:00:00:493] Path of length 26 found: [35, 29, 23, 17, 11, 5, 4, 10, 16, 15, 14, 20, 21, 22, 28, 34, 33, 27, 26, 32, 31, 25, 24, 18, 12, 6, 0]
[00:00:00:00:493] ! Unidirectional t-s. expansions: 303, time: 493 [ms], path length: 26 [edges], generated: 540
[00:00:00:00:187] Path of length 26 found: [0, 6, 12, 18, 24, 30, 31, 25, 26, 32, 33, 34, 28, 22, 21, 20, 14, 15, 16, 10, 4, 5, 11, 17, 23, 29, 35]
[00:00:00:00:458] ! Bidirectional. expansions: 173, time: 187 [ms], path length: 26 [edges], g_F: 14, g_B: 12, generated: 0, MM: 2, MMPER: 6.407407407407407%

[00:00:00:00:458] average expansions: (169, 169, 148, 0)
[00:00:00:00:458] average time: (209, 229, 142, 0)
[00:00:00:00:458] XA*: 169 , 209 (expansions , time[ms])
[00:00:00:00:458] BiXA*: 148 , 142 (expansions , time[ms])

