------------------------------------
Thu 01 Oct 2026 12:13:38 IDT
SLURM_JOBID:		21944029
SLURM_JOB_NODELIST:	ise-cpu256-15
SLURM_SCRATCH_DIR:	/scratch/shubit/21944029
Allocated Resouces:	cpu - 2 / mem - 61440 MB / gpu - 
SLURM_GPU_INDEX:	
Running as shubit from shimony account with normal QOS
------------------------------------
Thu 01 Oct 2026 12:13:38 IDT

SLURM_JOBID:		 21944029
SLURM_JOB_NODELIST:	 ise-cpu256-15 

--------------------------
date: SM_Grids
number_of_graphs: 10
graph_type: grid
size_of_graphs: [6, 6]
heuristic: bcc_heuristic
snake: False
run_uni: True
run_bi: True
run_multi: False
solution_vertices: []
algorithms: ['IDA']
lookahead: -1
bsd: False
cube_first_dims: 4
cube_buffer_dim: None
backward_sym_generation: False
sym_coil: False
prefix_set: None

---------- SM_Grids/6x6_grid_with_random_blocks_20per_0 ----------
[00:00:00:00:036] Path of length 26 found: [0, 1, 2, 3, 4, 5, 11, 10, 9, 15, 14, 8, 7, 6, 12, 13, 19, 20, 26, 25, 31, 32, 33, 27, 28, 34, 35]
[00:00:00:00:036] ! Unidirectional s-t. expansions: 38, time: 36 [ms], path length: 26 [edges], generated: 64
[00:00:00:00:020] Path of length 26 found: [35, 34, 28, 27, 33, 32, 31, 25, 26, 20, 19, 13, 12, 6, 7, 8, 14, 15, 9, 10, 11, 5, 4, 3, 2, 1, 0]
[00:00:00:00:021] ! Unidirectional t-s. expansions: 25, time: 20 [ms], path length: 26 [edges], generated: 40
[00:00:00:00:040] Path of length 26 found: [0, 1, 2, 3, 4, 5, 11, 10, 9, 15, 14, 8, 7, 6, 12, 13, 19, 20, 26, 25, 31, 32, 33, 27, 28, 34, 35]
[00:00:00:00:327] ! Bidirectional. expansions: 42, time: 40 [ms], path length: 26 [edges], g_F: 14, g_B: 12, generated: 0, MM: 2, MMPER: 6.407407407407407%
[00:00:00:00:327] 
---------- SM_Grids/6x6_grid_with_random_blocks_20per_1 ----------
[00:00:00:01:061] Path of length 24 found: [0, 6, 12, 18, 19, 13, 7, 1, 2, 8, 14, 20, 21, 15, 9, 3, 4, 5, 11, 10, 16, 22, 28, 29, 35]
[00:00:00:01:061] ! Unidirectional s-t. expansions: 1,254, time: 1,061 [ms], path length: 24 [edges], generated: 2,124
[00:00:00:00:487] Path of length 24 found: [35, 29, 28, 27, 21, 22, 16, 17, 11, 5, 4, 10, 9, 3, 2, 8, 14, 20, 19, 18, 12, 13, 7, 1, 0]
[00:00:00:00:487] ! Unidirectional t-s. expansions: 526, time: 487 [ms], path length: 24 [edges], generated: 940
[00:00:00:00:621] Path of length 24 found: [0, 6, 12, 18, 19, 13, 7, 1, 2, 3, 4, 5, 11, 10, 16, 15, 9, 8, 14, 20, 21, 27, 28, 29, 35]
[00:00:00:00:879] ! Bidirectional. expansions: 655, time: 621 [ms], path length: 24 [edges], g_F: 13, g_B: 11, generated: 0, MM: 2, MMPER: 7.0%
[00:00:00:00:879] 
---------- SM_Grids/6x6_grid_with_random_blocks_20per_2 ----------
[00:00:00:00:123] Path of length 24 found: [0, 6, 12, 18, 19, 25, 24, 30, 31, 32, 26, 27, 21, 20, 14, 8, 2, 3, 9, 10, 16, 17, 23, 29, 35]
[00:00:00:00:123] ! Unidirectional s-t. expansions: 105, time: 123 [ms], path length: 24 [edges], generated: 177
[00:00:00:00:053] Path of length 24 found: [35, 29, 23, 17, 11, 10, 9, 3, 2, 8, 14, 20, 21, 27, 26, 32, 31, 30, 24, 25, 19, 18, 12, 6, 0]
[00:00:00:00:053] ! Unidirectional t-s. expansions: 43, time: 53 [ms], path length: 24 [edges], generated: 67
[00:00:00:00:065] Path of length 24 found: [0, 6, 12, 18, 19, 25, 24, 30, 31, 32, 26, 27, 21, 20, 14, 8, 2, 3, 9, 10, 11, 17, 23, 29, 35]
[00:00:00:00:323] ! Bidirectional. expansions: 59, time: 65 [ms], path length: 24 [edges], g_F: 13, g_B: 11, generated: 0, MM: 2, MMPER: 7.0%
[00:00:00:00:323] 
---------- SM_Grids/6x6_grid_with_random_blocks_20per_3 ----------
[00:00:00:00:099] Path of length 24 found: [0, 1, 2, 3, 4, 5, 11, 10, 9, 8, 14, 13, 19, 18, 24, 30, 31, 32, 33, 27, 21, 22, 23, 29, 35]
[00:00:00:00:099] ! Unidirectional s-t. expansions: 108, time: 99 [ms], path length: 24 [edges], generated: 166
[00:00:00:00:067] Path of length 24 found: [35, 29, 23, 22, 21, 27, 33, 32, 31, 30, 24, 18, 19, 13, 14, 15, 9, 10, 11, 5, 4, 3, 2, 1, 0]
[00:00:00:00:067] ! Unidirectional t-s. expansions: 66, time: 67 [ms], path length: 24 [edges], generated: 101
[00:00:00:00:067] Path of length 24 found: [0, 1, 2, 3, 4, 5, 11, 10, 9, 8, 14, 13, 19, 18, 24, 30, 31, 32, 33, 27, 21, 22, 23, 29, 35]
[00:00:00:00:330] ! Bidirectional. expansions: 69, time: 67 [ms], path length: 24 [edges], g_F: 13, g_B: 11, generated: 0, MM: 2, MMPER: 7.0%
[00:00:00:00:330] 
---------- SM_Grids/6x6_grid_with_random_blocks_20per_4 ----------
[00:00:00:00:021] Path of length 20 found: [0, 1, 7, 8, 9, 3, 4, 5, 11, 10, 16, 15, 21, 27, 33, 34, 28, 22, 23, 29, 35]
[00:00:00:00:021] ! Unidirectional s-t. expansions: 19, time: 21 [ms], path length: 20 [edges], generated: 29
[00:00:00:00:022] Path of length 20 found: [35, 29, 23, 22, 28, 34, 33, 27, 21, 15, 16, 10, 11, 5, 4, 3, 9, 8, 7, 1, 0]
[00:00:00:00:022] ! Unidirectional t-s. expansions: 19, time: 22 [ms], path length: 20 [edges], generated: 29
[00:00:00:00:021] Path of length 20 found: [0, 1, 7, 8, 9, 3, 4, 5, 11, 10, 16, 15, 21, 27, 33, 34, 28, 22, 23, 29, 35]
[00:00:00:00:288] ! Bidirectional. expansions: 19, time: 21 [ms], path length: 20 [edges], g_F: 11, g_B: 9, generated: 0, MM: 2, MMPER: 8.523809523809524%
[00:00:00:00:288] 
---------- SM_Grids/6x6_grid_with_random_blocks_20per_5 ----------
[00:00:00:00:122] Path of length 24 found: [0, 6, 12, 13, 14, 20, 26, 25, 24, 30, 31, 32, 33, 27, 21, 15, 9, 3, 4, 10, 16, 22, 28, 34, 35]
[00:00:00:00:122] ! Unidirectional s-t. expansions: 126, time: 122 [ms], path length: 24 [edges], generated: 215
[00:00:00:00:215] Path of length 24 found: [35, 29, 28, 34, 33, 32, 31, 30, 24, 25, 26, 27, 21, 22, 16, 10, 4, 3, 9, 15, 14, 13, 7, 6, 0]
[00:00:00:00:215] ! Unidirectional t-s. expansions: 180, time: 215 [ms], path length: 24 [edges], generated: 298
[00:00:00:00:070] Path of length 24 found: [0, 6, 12, 13, 14, 15, 9, 3, 4, 10, 16, 22, 21, 20, 26, 25, 24, 30, 31, 32, 33, 34, 28, 29, 35]
[00:00:00:00:333] ! Bidirectional. expansions: 68, time: 71 [ms], path length: 24 [edges], g_F: 13, g_B: 11, generated: 0, MM: 2, MMPER: 7.0%
[00:00:00:00:333] 
---------- SM_Grids/6x6_grid_with_random_blocks_20per_6 ----------
[00:00:00:00:128] Path of length 24 found: [0, 6, 12, 18, 24, 25, 31, 32, 26, 20, 14, 8, 2, 3, 9, 10, 4, 5, 11, 17, 16, 22, 28, 34, 35]
[00:00:00:00:128] ! Unidirectional s-t. expansions: 134, time: 128 [ms], path length: 24 [edges], generated: 214
[00:00:00:00:172] Path of length 24 found: [35, 29, 28, 34, 33, 32, 31, 25, 26, 20, 14, 15, 9, 10, 16, 17, 11, 5, 4, 3, 2, 8, 7, 6, 0]
[00:00:00:00:172] ! Unidirectional t-s. expansions: 147, time: 172 [ms], path length: 24 [edges], generated: 247
[00:00:00:00:089] Path of length 24 found: [0, 6, 12, 18, 24, 25, 31, 32, 26, 20, 14, 8, 2, 3, 9, 10, 4, 5, 11, 17, 16, 22, 28, 29, 35]
[00:00:00:00:351] ! Bidirectional. expansions: 84, time: 89 [ms], path length: 24 [edges], g_F: 13, g_B: 11, generated: 0, MM: 2, MMPER: 7.0%
[00:00:00:00:351] 
---------- SM_Grids/6x6_grid_with_random_blocks_20per_7 ----------
[00:00:00:00:038] Path of length 24 found: [0, 1, 7, 6, 12, 18, 19, 25, 31, 32, 26, 20, 14, 15, 9, 10, 11, 17, 16, 22, 28, 27, 33, 34, 35]
[00:00:00:00:038] ! Unidirectional s-t. expansions: 36, time: 38 [ms], path length: 24 [edges], generated: 56
[00:00:00:00:105] Path of length 24 found: [35, 34, 28, 22, 16, 17, 11, 10, 9, 15, 14, 20, 26, 27, 33, 32, 31, 25, 19, 18, 12, 6, 7, 1, 0]
[00:00:00:00:105] ! Unidirectional t-s. expansions: 93, time: 105 [ms], path length: 24 [edges], generated: 153
[00:00:00:00:051] Path of length 24 found: [0, 1, 7, 6, 12, 18, 19, 25, 31, 32, 33, 27, 26, 20, 14, 15, 9, 10, 11, 17, 16, 22, 28, 34, 35]
[00:00:00:00:316] ! Bidirectional. expansions: 47, time: 51 [ms], path length: 24 [edges], g_F: 13, g_B: 11, generated: 0, MM: 2, MMPER: 7.0%
[00:00:00:00:316] 
---------- SM_Grids/6x6_grid_with_random_blocks_20per_8 ----------
[00:00:00:00:025] Path of length 28 found: [0, 1, 7, 6, 12, 18, 19, 25, 24, 30, 31, 32, 26, 27, 33, 34, 28, 22, 21, 15, 14, 8, 9, 10, 16, 17, 23, 29, 35]
[00:00:00:00:025] ! Unidirectional s-t. expansions: 27, time: 25 [ms], path length: 28 [edges], generated: 41
[00:00:00:00:025] Path of length 28 found: [35, 29, 23, 17, 16, 10, 9, 8, 14, 15, 21, 22, 28, 34, 33, 27, 26, 32, 31, 30, 24, 25, 19, 18, 12, 6, 7, 1, 0]
[00:00:00:00:025] ! Unidirectional t-s. expansions: 27, time: 25 [ms], path length: 28 [edges], generated: 41
[00:00:00:00:026] Path of length 28 found: [0, 1, 7, 6, 12, 18, 19, 25, 24, 30, 31, 32, 26, 27, 33, 34, 28, 22, 21, 15, 14, 8, 9, 10, 16, 17, 23, 29, 35]
[00:00:00:00:287] ! Bidirectional. expansions: 27, time: 26 [ms], path length: 28 [edges], g_F: 15, g_B: 13, generated: 0, MM: 2, MMPER: 5.896551724137931%
[00:00:00:00:287] 
---------- SM_Grids/6x6_grid_with_random_blocks_20per_9 ----------
[00:00:00:00:034] Path of length 24 found: [0, 1, 7, 8, 9, 15, 14, 13, 12, 18, 24, 25, 19, 20, 26, 27, 21, 22, 16, 17, 23, 29, 28, 34, 35]
[00:00:00:00:035] ! Unidirectional s-t. expansions: 30, time: 34 [ms], path length: 24 [edges], generated: 52
[00:00:00:00:024] Path of length 24 found: [35, 34, 28, 29, 23, 17, 16, 22, 21, 27, 26, 20, 19, 25, 24, 18, 12, 13, 14, 15, 9, 8, 7, 1, 0]
[00:00:00:00:025] ! Unidirectional t-s. expansions: 23, time: 24 [ms], path length: 24 [edges], generated: 38
[00:00:00:00:041] Path of length 24 found: [0, 1, 7, 8, 9, 15, 14, 13, 12, 18, 24, 25, 19, 20, 26, 27, 21, 22, 16, 17, 23, 29, 28, 34, 35]
[00:00:00:00:305] ! Bidirectional. expansions: 36, time: 41 [ms], path length: 24 [edges], g_F: 13, g_B: 11, generated: 0, MM: 2, MMPER: 7.0%

[00:00:00:00:305] average expansions: (188, 115, 111, 0)
[00:00:00:00:305] average time: (169, 119, 109, 0)
[00:00:00:00:305] XIDA: 115 , 119 (expansions , time[ms])
[00:00:00:00:305] BiXIDA: 111 , 109 (expansions , time[ms])

