------------------------------------
Thu 01 Oct 2026 10:43:14 IDT
SLURM_JOBID:		21942662
SLURM_JOB_NODELIST:	ise-cpu256-10
SLURM_SCRATCH_DIR:	/scratch/shubit/21942662
Allocated Resouces:	cpu - 2 / mem - 61440 MB / gpu - 
SLURM_GPU_INDEX:	
Running as shubit from shimony account with normal QOS
------------------------------------
Thu 01 Oct 2026 10:43:14 IDT

SLURM_JOBID:		 21942662
SLURM_JOB_NODELIST:	 ise-cpu256-10 

--------------------------
date: SM_Grids
number_of_graphs: 10
graph_type: grid
size_of_graphs: [6, 6]
heuristic: bcc_heuristic
snake: False
run_uni: True
run_bi: True
run_multi: False
solution_vertices: []
algorithms: ['A']
lookahead: 3
bsd: False
cube_first_dims: 4
cube_buffer_dim: None
backward_sym_generation: False
sym_coil: False
prefix_set: None

---------- SM_Grids/6x6_grid_with_random_blocks_16per_0 ----------
[00:00:00:00:755] Path of length 22 found: [0, 1, 7, 6, 12, 18, 19, 13, 14, 8, 9, 3, 4, 10, 11, 17, 16, 15, 21, 27, 28, 34, 35]
[00:00:00:00:755] ! Unidirectional s-t. expansions: 290, time: 755 [ms], path length: 22 [edges], generated: 2,530
[00:00:00:00:744] Path of length 22 found: [35, 29, 28, 27, 21, 22, 16, 17, 11, 5, 4, 3, 9, 8, 14, 20, 19, 18, 12, 6, 7, 1, 0]
[00:00:00:00:744] ! Unidirectional t-s. expansions: 282, time: 744 [ms], path length: 22 [edges], generated: 2,633
[00:00:00:01:511] Path of length 22 found: [0, 1, 7, 6, 12, 18, 19, 13, 14, 8, 9, 3, 4, 10, 11, 17, 16, 22, 21, 27, 28, 29, 35]
[00:00:00:01:801] ! Bidirectional. expansions: 288, time: 1,511 [ms], path length: 22 [edges], g_F: 15, g_B: 7, generated: 0, MM: 8, MMPER: 33.78260869565217%
[00:00:00:01:801] 
---------- SM_Grids/6x6_grid_with_random_blocks_16per_1 ----------
[00:00:00:00:029] Path of length 20 found: [0, 6, 7, 1, 2, 3, 9, 15, 21, 27, 28, 22, 16, 10, 4, 5, 11, 17, 23, 29, 35]
[00:00:00:00:030] ! Unidirectional s-t. expansions: 7, time: 29 [ms], path length: 20 [edges], generated: 67
[00:00:00:00:031] Path of length 20 found: [35, 29, 23, 17, 11, 5, 4, 10, 16, 22, 28, 27, 21, 15, 9, 3, 2, 1, 7, 6, 0]
[00:00:00:00:031] ! Unidirectional t-s. expansions: 7, time: 31 [ms], path length: 20 [edges], generated: 62
[00:00:00:00:039] Path of length 20 found: [0, 6, 7, 1, 2, 3, 9, 15, 21, 27, 28, 22, 16, 10, 4, 5, 11, 17, 23, 29, 35]
[00:00:00:00:295] ! Bidirectional. expansions: 8, time: 39 [ms], path length: 20 [edges], g_F: 11, g_B: 9, generated: 0, MM: 2, MMPER: 8.523809523809524%
[00:00:00:00:295] 
---------- SM_Grids/6x6_grid_with_random_blocks_16per_2 ----------
[00:00:00:00:137] Path of length 20 found: [0, 6, 7, 8, 14, 13, 12, 18, 19, 25, 24, 30, 31, 32, 26, 20, 21, 27, 33, 34, 35]
[00:00:00:00:137] ! Unidirectional s-t. expansions: 27, time: 137 [ms], path length: 20 [edges], generated: 300
[00:00:00:00:035] Path of length 20 found: [35, 34, 28, 27, 21, 20, 14, 8, 7, 13, 19, 25, 26, 32, 31, 30, 24, 18, 12, 6, 0]
[00:00:00:00:036] ! Unidirectional t-s. expansions: 7, time: 35 [ms], path length: 20 [edges], generated: 69
[00:00:00:00:112] Path of length 20 found: [0, 6, 12, 18, 24, 30, 31, 25, 19, 13, 7, 8, 14, 20, 26, 32, 33, 27, 28, 34, 35]
[00:00:00:00:375] ! Bidirectional. expansions: 14, time: 112 [ms], path length: 20 [edges], g_F: 11, g_B: 9, generated: 0, MM: 2, MMPER: 8.523809523809524%
[00:00:00:00:375] 
---------- SM_Grids/6x6_grid_with_random_blocks_16per_3 ----------
[00:00:00:00:129] Path of length 28 found: [0, 6, 12, 13, 7, 8, 14, 20, 19, 25, 24, 30, 31, 32, 33, 27, 21, 22, 16, 10, 9, 3, 4, 5, 11, 17, 23, 29, 35]
[00:00:00:00:130] ! Unidirectional s-t. expansions: 37, time: 130 [ms], path length: 28 [edges], generated: 277
[00:00:00:00:066] Path of length 28 found: [35, 29, 23, 22, 16, 17, 11, 5, 4, 10, 9, 3, 2, 8, 14, 20, 21, 27, 33, 32, 31, 30, 24, 25, 19, 13, 7, 6, 0]
[00:00:00:00:066] ! Unidirectional t-s. expansions: 18, time: 66 [ms], path length: 28 [edges], generated: 145
[00:00:00:00:101] Path of length 28 found: [0, 6, 12, 13, 7, 8, 14, 20, 19, 25, 24, 30, 31, 32, 33, 27, 21, 22, 16, 10, 9, 3, 4, 5, 11, 17, 23, 29, 35]
[00:00:00:00:368] ! Bidirectional. expansions: 13, time: 101 [ms], path length: 28 [edges], g_F: 18, g_B: 10, generated: 0, MM: 8, MMPER: 26.586206896551722%
[00:00:00:00:368] 
---------- SM_Grids/6x6_grid_with_random_blocks_16per_4 ----------
[00:00:00:00:038] Path of length 26 found: [0, 1, 7, 6, 12, 18, 24, 30, 31, 25, 19, 13, 14, 20, 26, 32, 33, 27, 21, 22, 16, 17, 23, 29, 28, 34, 35]
[00:00:00:00:038] ! Unidirectional s-t. expansions: 9, time: 38 [ms], path length: 26 [edges], generated: 83
[00:00:00:00:042] Path of length 26 found: [35, 29, 23, 17, 16, 22, 21, 20, 14, 13, 19, 25, 26, 27, 28, 34, 33, 32, 31, 30, 24, 18, 12, 6, 7, 1, 0]
[00:00:00:00:042] ! Unidirectional t-s. expansions: 9, time: 42 [ms], path length: 26 [edges], generated: 89
[00:00:00:00:069] Path of length 26 found: [0, 1, 7, 6, 12, 18, 24, 30, 31, 25, 19, 13, 14, 20, 26, 32, 33, 34, 28, 27, 21, 22, 16, 17, 23, 29, 35]
[00:00:00:00:345] ! Bidirectional. expansions: 10, time: 69 [ms], path length: 26 [edges], g_F: 16, g_B: 10, generated: 0, MM: 6, MMPER: 21.22222222222222%
[00:00:00:00:345] 
---------- SM_Grids/6x6_grid_with_random_blocks_16per_5 ----------
[00:00:00:00:141] Path of length 28 found: [0, 1, 2, 8, 9, 10, 4, 5, 11, 17, 16, 22, 21, 15, 14, 20, 19, 13, 12, 18, 24, 30, 31, 25, 26, 27, 33, 34, 35]
[00:00:00:00:141] ! Unidirectional s-t. expansions: 37, time: 141 [ms], path length: 28 [edges], generated: 359
[00:00:00:00:352] Path of length 28 found: [35, 34, 33, 27, 28, 22, 16, 17, 11, 5, 4, 10, 9, 15, 21, 20, 26, 25, 31, 30, 24, 18, 12, 13, 14, 8, 2, 1, 0]
[00:00:00:00:353] ! Unidirectional t-s. expansions: 75, time: 352 [ms], path length: 28 [edges], generated: 785
[00:00:00:00:093] Path of length 28 found: [0, 1, 2, 8, 9, 10, 4, 5, 11, 17, 16, 15, 14, 13, 12, 18, 24, 30, 31, 25, 26, 20, 21, 22, 28, 27, 33, 34, 35]
[00:00:00:00:399] ! Bidirectional. expansions: 16, time: 93 [ms], path length: 28 [edges], g_F: 18, g_B: 10, generated: 0, MM: 8, MMPER: 26.586206896551722%
[00:00:00:00:399] 
---------- SM_Grids/6x6_grid_with_random_blocks_16per_6 ----------
[00:00:00:00:247] Path of length 28 found: [0, 1, 2, 8, 7, 6, 12, 13, 19, 18, 24, 30, 31, 32, 33, 27, 26, 20, 14, 15, 9, 10, 16, 17, 23, 22, 28, 34, 35]
[00:00:00:00:247] ! Unidirectional s-t. expansions: 71, time: 247 [ms], path length: 28 [edges], generated: 653
[00:00:00:00:092] Path of length 28 found: [35, 34, 33, 32, 31, 30, 24, 18, 12, 6, 7, 13, 19, 20, 26, 27, 28, 29, 23, 17, 16, 10, 9, 15, 14, 8, 2, 1, 0]
[00:00:00:00:092] ! Unidirectional t-s. expansions: 20, time: 92 [ms], path length: 28 [edges], generated: 198
[00:00:00:00:561] Path of length 28 found: [0, 6, 12, 13, 7, 1, 2, 8, 14, 15, 9, 10, 16, 22, 23, 29, 28, 27, 26, 20, 19, 18, 24, 30, 31, 32, 33, 34, 35]
[00:00:00:00:810] ! Bidirectional. expansions: 74, time: 561 [ms], path length: 28 [edges], g_F: 15, g_B: 13, generated: 0, MM: 2, MMPER: 5.896551724137931%
[00:00:00:00:810] 
---------- SM_Grids/6x6_grid_with_random_blocks_16per_7 ----------
[00:00:00:00:085] Path of length 18 found: [0, 6, 7, 13, 12, 18, 24, 30, 31, 25, 19, 20, 26, 32, 33, 27, 28, 29, 35]
[00:00:00:00:085] ! Unidirectional s-t. expansions: 14, time: 85 [ms], path length: 18 [edges], generated: 172
[00:00:00:00:064] Path of length 18 found: [35, 29, 28, 27, 33, 32, 26, 25, 31, 30, 24, 18, 19, 20, 14, 13, 7, 6, 0]
[00:00:00:00:064] ! Unidirectional t-s. expansions: 14, time: 64 [ms], path length: 18 [edges], generated: 163
[00:00:00:00:086] Path of length 18 found: [0, 6, 7, 13, 12, 18, 24, 30, 31, 32, 26, 25, 19, 20, 21, 27, 28, 29, 35]
[00:00:00:00:331] ! Bidirectional. expansions: 9, time: 86 [ms], path length: 18 [edges], g_F: 10, g_B: 8, generated: 0, MM: 2, MMPER: 9.526315789473685%
[00:00:00:00:331] 
---------- SM_Grids/6x6_grid_with_random_blocks_16per_8 ----------
[00:00:00:00:037] Path of length 22 found: [0, 6, 12, 18, 19, 13, 7, 1, 2, 8, 14, 20, 21, 15, 9, 10, 16, 22, 23, 29, 28, 34, 35]
[00:00:00:00:037] ! Unidirectional s-t. expansions: 8, time: 37 [ms], path length: 22 [edges], generated: 86
[00:00:00:00:035] Path of length 22 found: [35, 34, 28, 29, 23, 22, 16, 10, 9, 8, 2, 1, 7, 13, 14, 15, 21, 20, 19, 18, 12, 6, 0]
[00:00:00:00:035] ! Unidirectional t-s. expansions: 8, time: 35 [ms], path length: 22 [edges], generated: 84
[00:00:00:00:060] Path of length 22 found: [0, 6, 12, 18, 19, 13, 7, 1, 2, 8, 14, 20, 21, 15, 9, 10, 16, 22, 23, 29, 28, 34, 35]
[00:00:00:00:314] ! Bidirectional. expansions: 8, time: 60 [ms], path length: 22 [edges], g_F: 13, g_B: 9, generated: 0, MM: 4, MMPER: 16.391304347826086%
[00:00:00:00:314] 
---------- SM_Grids/6x6_grid_with_random_blocks_16per_9 ----------
[00:00:00:00:171] Path of length 26 found: [0, 6, 12, 18, 24, 30, 31, 25, 26, 32, 33, 27, 21, 20, 14, 15, 16, 10, 4, 5, 11, 17, 23, 22, 28, 34, 35]
[00:00:00:00:171] ! Unidirectional s-t. expansions: 40, time: 171 [ms], path length: 26 [edges], generated: 426
[00:00:00:00:475] Path of length 26 found: [35, 29, 23, 17, 11, 5, 4, 10, 16, 22, 28, 34, 33, 32, 31, 30, 24, 25, 26, 20, 21, 15, 14, 13, 12, 6, 0]
[00:00:00:00:475] ! Unidirectional t-s. expansions: 101, time: 475 [ms], path length: 26 [edges], generated: 1,105
[00:00:00:00:462] Path of length 26 found: [0, 6, 12, 13, 14, 20, 26, 25, 24, 30, 31, 32, 33, 34, 28, 27, 21, 15, 16, 10, 4, 5, 11, 17, 23, 29, 35]
[00:00:00:00:717] ! Bidirectional. expansions: 58, time: 462 [ms], path length: 26 [edges], g_F: 17, g_B: 9, generated: 0, MM: 8, MMPER: 28.62962962962963%

[00:00:00:00:717] average expansions: (54, 54, 50, 0)
[00:00:00:00:717] average time: (177, 194, 309, 0)
[00:00:00:00:717] XA*: 54 , 177 (expansions , time[ms])
[00:00:00:00:717] BiXA*: 50 , 309 (expansions , time[ms])

