------------------------------------
Thu 01 Oct 2026 10:43:14 IDT
SLURM_JOBID:		21942648
SLURM_JOB_NODELIST:	ise-cpu256-09
SLURM_SCRATCH_DIR:	/scratch/shubit/21942648
Allocated Resouces:	cpu - 2 / mem - 61440 MB / gpu - 
SLURM_GPU_INDEX:	
Running as shubit from shimony account with normal QOS
------------------------------------
Thu 01 Oct 2026 10:43:14 IDT

SLURM_JOBID:		 21942648
SLURM_JOB_NODELIST:	 ise-cpu256-09 

--------------------------
date: SM_Grids
number_of_graphs: 10
graph_type: grid
size_of_graphs: [6, 6]
heuristic: bcc_heuristic
snake: False
run_uni: True
run_bi: True
run_multi: False
solution_vertices: []
algorithms: ['A']
lookahead: 1
bsd: False
cube_first_dims: 4
cube_buffer_dim: None
backward_sym_generation: False
sym_coil: False
prefix_set: None

---------- SM_Grids/6x6_grid_with_random_blocks_8per_0 ----------
[00:00:00:01:162] Path of length 32 found: [0, 6, 7, 8, 2, 3, 4, 5, 11, 17, 23, 22, 16, 10, 9, 15, 21, 20, 14, 13, 12, 18, 19, 25, 24, 30, 31, 32, 26, 27, 28, 34, 35]
[00:00:00:01:162] ! Unidirectional s-t. expansions: 983, time: 1,162 [ms], path length: 32 [edges], generated: 1,650
[00:00:00:00:213] Path of length 32 found: [35, 34, 28, 29, 23, 22, 16, 17, 11, 5, 4, 10, 9, 3, 2, 8, 7, 13, 19, 20, 14, 15, 21, 27, 26, 32, 31, 25, 24, 18, 12, 6, 0]
[00:00:00:00:214] ! Unidirectional t-s. expansions: 150, time: 213 [ms], path length: 32 [edges], generated: 267
[00:00:00:01:144] Path of length 32 found: [0, 6, 12, 13, 7, 8, 2, 3, 9, 15, 14, 20, 19, 18, 24, 30, 31, 25, 26, 27, 21, 22, 16, 10, 4, 5, 11, 17, 23, 29, 28, 34, 35]
[00:00:00:01:498] ! Bidirectional. expansions: 570, time: 1,144 [ms], path length: 32 [edges], g_F: 18, g_B: 14, generated: 0, MM: 4, MMPER: 11.121212121212121%
[00:00:00:01:499] 
---------- SM_Grids/6x6_grid_with_random_blocks_8per_1 ----------
[00:00:00:07:789] Path of length 30 found: [0, 1, 2, 3, 4, 5, 11, 17, 23, 22, 16, 15, 21, 20, 19, 13, 14, 8, 7, 6, 12, 18, 24, 30, 31, 32, 33, 27, 28, 34, 35]
[00:00:00:07:789] ! Unidirectional s-t. expansions: 5,285, time: 7,789 [ms], path length: 30 [edges], generated: 9,050
[00:00:00:07:514] Path of length 30 found: [35, 34, 33, 32, 31, 30, 24, 18, 12, 13, 19, 20, 14, 15, 16, 22, 21, 27, 28, 29, 23, 17, 11, 5, 4, 3, 2, 8, 7, 1, 0]
[00:00:00:07:514] ! Unidirectional t-s. expansions: 5,285, time: 7,514 [ms], path length: 30 [edges], generated: 9,050
[00:00:00:27:275] Path of length 30 found: [0, 1, 2, 3, 4, 5, 11, 10, 16, 17, 23, 29, 28, 22, 21, 15, 14, 8, 7, 6, 12, 18, 19, 25, 24, 30, 31, 32, 33, 34, 35]
[00:00:00:27:597] ! Bidirectional. expansions: 12,381, time: 27,275 [ms], path length: 30 [edges], g_F: 18, g_B: 12, generated: 0, MM: 6, MMPER: 18.35483870967742%
[00:00:00:27:597] 
---------- SM_Grids/6x6_grid_with_random_blocks_8per_2 ----------
[00:00:00:00:518] Path of length 32 found: [0, 6, 12, 18, 24, 30, 31, 32, 33, 27, 28, 22, 16, 15, 21, 20, 26, 25, 19, 13, 7, 1, 2, 8, 9, 3, 4, 10, 11, 17, 23, 29, 35]
[00:00:00:00:519] ! Unidirectional s-t. expansions: 265, time: 518 [ms], path length: 32 [edges], generated: 455
[00:00:00:02:294] Path of length 32 found: [35, 29, 28, 27, 33, 32, 31, 30, 24, 18, 12, 13, 19, 25, 26, 20, 21, 22, 23, 17, 16, 15, 9, 10, 11, 5, 4, 3, 2, 8, 7, 1, 0]
[00:00:00:02:294] ! Unidirectional t-s. expansions: 1,547, time: 2,294 [ms], path length: 32 [edges], generated: 2,514
[00:00:00:04:612] Path of length 32 found: [0, 6, 12, 18, 24, 30, 31, 25, 26, 32, 33, 27, 28, 22, 16, 15, 21, 20, 19, 13, 7, 1, 2, 8, 9, 10, 4, 5, 11, 17, 23, 29, 35]
[00:00:00:04:933] ! Bidirectional. expansions: 1,797, time: 4,613 [ms], path length: 32 [edges], g_F: 24, g_B: 8, generated: 0, MM: 16, MMPER: 47.484848484848484%
[00:00:00:04:933] 
---------- SM_Grids/6x6_grid_with_random_blocks_8per_3 ----------
[00:00:00:00:678] Path of length 32 found: [0, 6, 12, 18, 24, 30, 31, 25, 26, 32, 33, 27, 28, 22, 16, 15, 21, 20, 14, 13, 7, 1, 2, 8, 9, 3, 4, 10, 11, 17, 23, 29, 35]
[00:00:00:00:679] ! Unidirectional s-t. expansions: 351, time: 678 [ms], path length: 32 [edges], generated: 640
[00:00:00:01:514] Path of length 32 found: [35, 29, 28, 27, 33, 32, 26, 25, 31, 30, 24, 18, 12, 13, 14, 20, 21, 22, 23, 17, 16, 15, 9, 10, 11, 5, 4, 3, 2, 8, 7, 1, 0]
[00:00:00:01:515] ! Unidirectional t-s. expansions: 951, time: 1,514 [ms], path length: 32 [edges], generated: 1,607
[00:00:00:04:628] Path of length 32 found: [0, 6, 12, 18, 24, 30, 31, 25, 26, 32, 33, 27, 28, 22, 16, 15, 21, 20, 14, 8, 7, 1, 2, 3, 9, 10, 4, 5, 11, 17, 23, 29, 35]
[00:00:00:04:900] ! Bidirectional. expansions: 1,855, time: 4,628 [ms], path length: 32 [edges], g_F: 20, g_B: 12, generated: 0, MM: 8, MMPER: 23.242424242424242%
[00:00:00:04:901] 
---------- SM_Grids/6x6_grid_with_random_blocks_8per_4 ----------
[00:00:00:03:170] Path of length 32 found: [0, 1, 2, 8, 14, 15, 16, 10, 4, 5, 11, 17, 23, 22, 21, 20, 26, 25, 19, 13, 7, 6, 12, 18, 24, 30, 31, 32, 33, 27, 28, 34, 35]
[00:00:00:03:170] ! Unidirectional s-t. expansions: 1,708, time: 3,170 [ms], path length: 32 [edges], generated: 2,937
[00:00:00:01:231] Path of length 32 found: [35, 34, 33, 32, 31, 30, 24, 25, 26, 27, 28, 29, 23, 17, 11, 5, 4, 10, 16, 22, 21, 15, 14, 20, 19, 18, 12, 13, 7, 8, 2, 1, 0]
[00:00:00:01:231] ! Unidirectional t-s. expansions: 815, time: 1,231 [ms], path length: 32 [edges], generated: 1,421
[00:00:00:06:045] Path of length 32 found: [0, 6, 12, 18, 24, 30, 31, 25, 19, 13, 7, 1, 2, 8, 14, 15, 21, 20, 26, 32, 33, 27, 28, 22, 16, 10, 4, 5, 11, 17, 23, 29, 35]
[00:00:00:06:343] ! Bidirectional. expansions: 2,434, time: 6,046 [ms], path length: 32 [edges], g_F: 22, g_B: 10, generated: 0, MM: 12, MMPER: 35.36363636363637%
[00:00:00:06:343] 
---------- SM_Grids/6x6_grid_with_random_blocks_8per_5 ----------
[00:00:00:01:674] Path of length 32 found: [0, 1, 2, 8, 9, 10, 4, 5, 11, 17, 23, 29, 28, 27, 21, 22, 16, 15, 14, 20, 19, 13, 7, 6, 12, 18, 24, 25, 31, 32, 33, 34, 35]
[00:00:00:01:675] ! Unidirectional s-t. expansions: 1,009, time: 1,674 [ms], path length: 32 [edges], generated: 1,815
[00:00:00:02:625] Path of length 32 found: [35, 34, 33, 27, 28, 29, 23, 22, 21, 15, 16, 17, 11, 5, 4, 10, 9, 8, 2, 1, 7, 13, 14, 20, 26, 32, 31, 25, 19, 18, 12, 6, 0]
[00:00:00:02:625] ! Unidirectional t-s. expansions: 1,347, time: 2,625 [ms], path length: 32 [edges], generated: 2,356
[00:00:00:07:911] Path of length 32 found: [0, 6, 7, 1, 2, 8, 9, 15, 21, 20, 14, 13, 12, 18, 24, 25, 31, 32, 26, 27, 33, 34, 28, 22, 16, 10, 4, 5, 11, 17, 23, 29, 35]
[00:00:00:08:211] ! Bidirectional. expansions: 3,133, time: 7,911 [ms], path length: 32 [edges], g_F: 15, g_B: 17, generated: 0, MM: 2, MMPER: 5.0606060606060606%
[00:00:00:08:211] 
---------- SM_Grids/6x6_grid_with_random_blocks_8per_6 ----------
[00:00:00:00:057] Path of length 30 found: [0, 6, 12, 13, 7, 1, 2, 8, 14, 20, 19, 25, 26, 27, 33, 34, 28, 22, 21, 15, 9, 3, 4, 5, 11, 10, 16, 17, 23, 29, 35]
[00:00:00:00:057] ! Unidirectional s-t. expansions: 30, time: 57 [ms], path length: 30 [edges], generated: 52
[00:00:00:00:055] Path of length 30 found: [35, 29, 23, 17, 11, 5, 4, 3, 2, 1, 7, 8, 14, 20, 21, 15, 9, 10, 16, 22, 28, 34, 33, 27, 26, 25, 19, 13, 12, 6, 0]
[00:00:00:00:056] ! Unidirectional t-s. expansions: 30, time: 55 [ms], path length: 30 [edges], generated: 52
[00:00:00:00:082] Path of length 30 found: [0, 6, 12, 13, 7, 1, 2, 8, 14, 20, 19, 25, 26, 27, 33, 34, 28, 22, 21, 15, 16, 10, 9, 3, 4, 5, 11, 17, 23, 29, 35]
[00:00:00:00:387] ! Bidirectional. expansions: 30, time: 83 [ms], path length: 30 [edges], g_F: 16, g_B: 14, generated: 0, MM: 2, MMPER: 5.451612903225806%
[00:00:00:00:388] 
---------- SM_Grids/6x6_grid_with_random_blocks_8per_7 ----------
[00:00:00:00:927] Path of length 32 found: [0, 1, 7, 6, 12, 13, 19, 18, 24, 25, 31, 32, 33, 27, 26, 20, 21, 15, 14, 8, 2, 3, 4, 5, 11, 10, 16, 17, 23, 22, 28, 34, 35]
[00:00:00:00:927] ! Unidirectional s-t. expansions: 615, time: 927 [ms], path length: 32 [edges], generated: 1,015
[00:00:00:01:392] Path of length 32 found: [35, 34, 33, 27, 26, 32, 31, 25, 24, 18, 12, 13, 19, 20, 14, 15, 21, 22, 28, 29, 23, 17, 16, 10, 11, 5, 4, 3, 2, 8, 7, 1, 0]
[00:00:00:01:393] ! Unidirectional t-s. expansions: 851, time: 1,393 [ms], path length: 32 [edges], generated: 1,461
[00:00:00:06:364] Path of length 32 found: [0, 6, 12, 18, 24, 25, 31, 32, 33, 34, 28, 27, 26, 20, 19, 13, 14, 8, 7, 1, 2, 3, 4, 10, 11, 17, 16, 15, 21, 22, 23, 29, 35]
[00:00:00:06:721] ! Bidirectional. expansions: 2,678, time: 6,364 [ms], path length: 32 [edges], g_F: 24, g_B: 8, generated: 0, MM: 16, MMPER: 47.484848484848484%
[00:00:00:06:721] 
---------- SM_Grids/6x6_grid_with_random_blocks_8per_8 ----------
[00:00:00:00:748] Path of length 32 found: [0, 1, 7, 6, 12, 13, 19, 18, 24, 30, 31, 25, 26, 32, 33, 27, 28, 22, 16, 15, 21, 20, 14, 8, 2, 3, 4, 10, 11, 17, 23, 29, 35]
[00:00:00:00:748] ! Unidirectional s-t. expansions: 424, time: 748 [ms], path length: 32 [edges], generated: 739
[00:00:00:00:924] Path of length 32 found: [35, 29, 28, 27, 33, 32, 31, 30, 24, 25, 26, 20, 19, 18, 12, 13, 14, 15, 21, 22, 23, 17, 16, 10, 11, 5, 4, 3, 2, 8, 7, 1, 0]
[00:00:00:00:924] ! Unidirectional t-s. expansions: 599, time: 924 [ms], path length: 32 [edges], generated: 1,008
[00:00:00:04:281] Path of length 32 found: [0, 6, 12, 18, 24, 30, 31, 25, 19, 20, 26, 32, 33, 27, 28, 22, 21, 15, 14, 13, 7, 1, 2, 3, 4, 5, 11, 10, 16, 17, 23, 29, 35]
[00:00:00:04:582] ! Bidirectional. expansions: 1,738, time: 4,281 [ms], path length: 32 [edges], g_F: 22, g_B: 10, generated: 0, MM: 12, MMPER: 35.36363636363637%
[00:00:00:04:583] 
---------- SM_Grids/6x6_grid_with_random_blocks_8per_9 ----------
[00:00:00:00:054] Path of length 30 found: [0, 6, 12, 18, 24, 30, 31, 25, 19, 13, 7, 1, 2, 8, 9, 15, 14, 20, 26, 32, 33, 27, 21, 22, 16, 17, 23, 29, 28, 34, 35]
[00:00:00:00:054] ! Unidirectional s-t. expansions: 30, time: 54 [ms], path length: 30 [edges], generated: 51
[00:00:00:00:052] Path of length 30 found: [35, 29, 23, 17, 16, 15, 9, 8, 2, 1, 7, 13, 14, 20, 19, 25, 26, 27, 21, 22, 28, 34, 33, 32, 31, 30, 24, 18, 12, 6, 0]
[00:00:00:00:052] ! Unidirectional t-s. expansions: 30, time: 52 [ms], path length: 30 [edges], generated: 51
[00:00:00:00:102] Path of length 30 found: [0, 6, 12, 18, 24, 30, 31, 25, 19, 13, 7, 1, 2, 8, 9, 15, 14, 20, 26, 32, 33, 34, 28, 27, 21, 22, 16, 17, 23, 29, 35]
[00:00:00:00:412] ! Bidirectional. expansions: 35, time: 102 [ms], path length: 30 [edges], g_F: 23, g_B: 7, generated: 0, MM: 16, MMPER: 50.61290322580645%

[00:00:00:00:413] average expansions: (1,070, 1,160, 2,665, 0)
[00:00:00:00:413] average time: (1,678, 1,782, 6,245, 0)
[00:00:00:00:413] XA*: 1,070 , 1,678 (expansions , time[ms])
[00:00:00:00:413] BiXA*: 2,665 , 6,245 (expansions , time[ms])

