------------------------------------
Thu 01 Oct 2026 10:43:14 IDT
SLURM_JOBID:		21942664
SLURM_JOB_NODELIST:	ise-cpu256-10
SLURM_SCRATCH_DIR:	/scratch/shubit/21942664
Allocated Resouces:	cpu - 2 / mem - 61440 MB / gpu - 
SLURM_GPU_INDEX:	
Running as shubit from shimony account with normal QOS
------------------------------------
Thu 01 Oct 2026 10:43:14 IDT

SLURM_JOBID:		 21942664
SLURM_JOB_NODELIST:	 ise-cpu256-10 

--------------------------
date: SM_Grids
number_of_graphs: 10
graph_type: grid
size_of_graphs: [6, 6]
heuristic: bcc_heuristic
snake: False
run_uni: True
run_bi: True
run_multi: False
solution_vertices: []
algorithms: ['A']
lookahead: -2
bsd: False
cube_first_dims: 4
cube_buffer_dim: None
backward_sym_generation: False
sym_coil: False
prefix_set: None

---------- SM_Grids/6x6_grid_with_random_blocks_20per_0 ----------
[00:00:00:00:046] Path of length 26 found: [0, 1, 2, 3, 4, 5, 11, 10, 9, 15, 14, 8, 7, 6, 12, 13, 19, 20, 26, 25, 31, 32, 33, 27, 28, 34, 35]
[00:00:00:00:046] ! Unidirectional s-t. expansions: 39, time: 46 [ms], path length: 26 [edges], generated: 65
[00:00:00:00:028] Path of length 26 found: [35, 34, 28, 27, 33, 32, 31, 25, 26, 20, 19, 13, 12, 6, 7, 8, 14, 15, 9, 10, 11, 5, 4, 3, 2, 1, 0]
[00:00:00:00:028] ! Unidirectional t-s. expansions: 26, time: 28 [ms], path length: 26 [edges], generated: 41
[00:00:00:00:045] Path of length 26 found: [0, 1, 2, 3, 4, 5, 11, 10, 9, 15, 14, 8, 7, 6, 12, 13, 19, 20, 26, 25, 31, 32, 33, 27, 28, 34, 35]
[00:00:00:00:343] ! Bidirectional. expansions: 48, time: 45 [ms], path length: 26 [edges], g_F: 15, g_B: 11, generated: 0, MM: 4, MMPER: 13.814814814814815%
[00:00:00:00:343] 
---------- SM_Grids/6x6_grid_with_random_blocks_20per_1 ----------
[00:00:00:01:323] Path of length 24 found: [0, 1, 2, 3, 4, 5, 11, 17, 16, 10, 9, 8, 14, 13, 7, 6, 12, 18, 19, 20, 21, 27, 28, 29, 35]
[00:00:00:01:323] ! Unidirectional s-t. expansions: 1,041, time: 1,323 [ms], path length: 24 [edges], generated: 1,745
[00:00:00:00:624] Path of length 24 found: [35, 29, 28, 27, 21, 22, 16, 17, 11, 5, 4, 10, 9, 3, 2, 8, 14, 20, 19, 18, 12, 13, 7, 1, 0]
[00:00:00:00:624] ! Unidirectional t-s. expansions: 498, time: 624 [ms], path length: 24 [edges], generated: 892
[00:00:00:00:708] Path of length 24 found: [0, 6, 12, 18, 19, 20, 14, 13, 7, 1, 2, 8, 9, 3, 4, 5, 11, 10, 16, 15, 21, 27, 28, 29, 35]
[00:00:00:00:986] ! Bidirectional. expansions: 819, time: 708 [ms], path length: 24 [edges], g_F: 20, g_B: 4, generated: 0, MM: 16, MMPER: 63.0%
[00:00:00:00:986] 
---------- SM_Grids/6x6_grid_with_random_blocks_20per_2 ----------
[00:00:00:00:064] Path of length 24 found: [0, 6, 12, 18, 19, 25, 24, 30, 31, 32, 26, 27, 21, 20, 14, 8, 2, 3, 9, 10, 16, 17, 23, 29, 35]
[00:00:00:00:065] ! Unidirectional s-t. expansions: 41, time: 64 [ms], path length: 24 [edges], generated: 66
[00:00:00:00:040] Path of length 24 found: [35, 29, 23, 17, 11, 10, 9, 3, 2, 8, 14, 20, 21, 27, 26, 32, 31, 30, 24, 25, 19, 18, 12, 6, 0]
[00:00:00:00:040] ! Unidirectional t-s. expansions: 29, time: 40 [ms], path length: 24 [edges], generated: 44
[00:00:00:00:055] Path of length 24 found: [0, 6, 12, 18, 19, 25, 24, 30, 31, 32, 26, 27, 21, 20, 14, 8, 2, 3, 9, 10, 11, 17, 23, 29, 35]
[00:00:00:00:323] ! Bidirectional. expansions: 56, time: 55 [ms], path length: 24 [edges], g_F: 13, g_B: 11, generated: 0, MM: 2, MMPER: 7.0%
[00:00:00:00:323] 
---------- SM_Grids/6x6_grid_with_random_blocks_20per_3 ----------
[00:00:00:00:075] Path of length 24 found: [0, 1, 2, 3, 4, 5, 11, 10, 9, 8, 14, 13, 19, 18, 24, 30, 31, 32, 33, 27, 21, 22, 23, 29, 35]
[00:00:00:00:075] ! Unidirectional s-t. expansions: 58, time: 75 [ms], path length: 24 [edges], generated: 88
[00:00:00:00:049] Path of length 24 found: [35, 29, 23, 22, 21, 27, 33, 32, 31, 30, 24, 18, 19, 13, 14, 15, 9, 10, 11, 5, 4, 3, 2, 1, 0]
[00:00:00:00:050] ! Unidirectional t-s. expansions: 38, time: 49 [ms], path length: 24 [edges], generated: 58
[00:00:00:00:049] Path of length 24 found: [0, 1, 2, 3, 4, 5, 11, 10, 9, 8, 14, 13, 19, 18, 24, 30, 31, 32, 33, 27, 21, 22, 23, 29, 35]
[00:00:00:00:321] ! Bidirectional. expansions: 58, time: 49 [ms], path length: 24 [edges], g_F: 24, g_B: 0, generated: 0, MM: 24, MMPER: 95.0%
[00:00:00:00:321] 
---------- SM_Grids/6x6_grid_with_random_blocks_20per_4 ----------
[00:00:00:00:028] Path of length 20 found: [0, 1, 7, 8, 9, 3, 4, 5, 11, 10, 16, 15, 21, 27, 33, 34, 28, 22, 23, 29, 35]
[00:00:00:00:029] ! Unidirectional s-t. expansions: 20, time: 29 [ms], path length: 20 [edges], generated: 30
[00:00:00:00:035] Path of length 20 found: [35, 29, 23, 22, 28, 34, 33, 27, 21, 15, 16, 10, 11, 5, 4, 3, 9, 8, 7, 1, 0]
[00:00:00:00:035] ! Unidirectional t-s. expansions: 20, time: 35 [ms], path length: 20 [edges], generated: 30
[00:00:00:00:021] Path of length 20 found: [0, 1, 7, 8, 9, 3, 4, 5, 11, 10, 16, 15, 21, 27, 33, 34, 28, 22, 23, 29, 35]
[00:00:00:00:319] ! Bidirectional. expansions: 20, time: 21 [ms], path length: 20 [edges], g_F: 17, g_B: 3, generated: 0, MM: 14, MMPER: 65.66666666666667%
[00:00:00:00:319] 
---------- SM_Grids/6x6_grid_with_random_blocks_20per_5 ----------
[00:00:00:00:141] Path of length 24 found: [0, 6, 12, 13, 14, 15, 9, 3, 4, 10, 16, 22, 21, 20, 26, 25, 24, 30, 31, 32, 33, 27, 28, 34, 35]
[00:00:00:00:141] ! Unidirectional s-t. expansions: 101, time: 141 [ms], path length: 24 [edges], generated: 174
[00:00:00:00:200] Path of length 24 found: [35, 29, 28, 34, 33, 32, 31, 30, 24, 25, 26, 27, 21, 22, 16, 10, 4, 3, 9, 15, 14, 13, 7, 6, 0]
[00:00:00:00:200] ! Unidirectional t-s. expansions: 146, time: 200 [ms], path length: 24 [edges], generated: 241
[00:00:00:00:076] Path of length 24 found: [0, 6, 12, 13, 14, 15, 9, 3, 4, 10, 16, 22, 21, 20, 26, 25, 24, 30, 31, 32, 33, 27, 28, 29, 35]
[00:00:00:00:356] ! Bidirectional. expansions: 71, time: 77 [ms], path length: 24 [edges], g_F: 22, g_B: 2, generated: 0, MM: 20, MMPER: 79.0%
[00:00:00:00:356] 
---------- SM_Grids/6x6_grid_with_random_blocks_20per_6 ----------
[00:00:00:00:096] Path of length 24 found: [0, 6, 12, 18, 24, 25, 31, 32, 26, 20, 14, 15, 9, 8, 2, 3, 4, 5, 11, 17, 16, 22, 28, 34, 35]
[00:00:00:00:096] ! Unidirectional s-t. expansions: 74, time: 96 [ms], path length: 24 [edges], generated: 121
[00:00:00:00:148] Path of length 24 found: [35, 29, 28, 22, 16, 17, 11, 5, 4, 10, 9, 3, 2, 8, 14, 20, 26, 32, 31, 25, 24, 18, 12, 6, 0]
[00:00:00:00:148] ! Unidirectional t-s. expansions: 95, time: 148 [ms], path length: 24 [edges], generated: 162
[00:00:00:00:054] Path of length 24 found: [0, 6, 12, 18, 24, 25, 31, 32, 26, 20, 14, 15, 9, 8, 2, 3, 4, 5, 11, 10, 16, 22, 28, 29, 35]
[00:00:00:00:329] ! Bidirectional. expansions: 60, time: 54 [ms], path length: 24 [edges], g_F: 20, g_B: 4, generated: 0, MM: 16, MMPER: 63.0%
[00:00:00:00:329] 
---------- SM_Grids/6x6_grid_with_random_blocks_20per_7 ----------
[00:00:00:00:047] Path of length 24 found: [0, 1, 7, 6, 12, 18, 19, 25, 31, 32, 26, 20, 14, 15, 9, 10, 11, 17, 16, 22, 28, 27, 33, 34, 35]
[00:00:00:00:048] ! Unidirectional s-t. expansions: 34, time: 47 [ms], path length: 24 [edges], generated: 51
[00:00:00:00:074] Path of length 24 found: [35, 34, 33, 32, 31, 25, 26, 27, 28, 22, 16, 17, 11, 10, 9, 15, 14, 20, 19, 18, 12, 6, 7, 1, 0]
[00:00:00:00:074] ! Unidirectional t-s. expansions: 48, time: 74 [ms], path length: 24 [edges], generated: 78
[00:00:00:00:036] Path of length 24 found: [0, 1, 7, 6, 12, 18, 19, 25, 31, 32, 26, 20, 14, 15, 9, 10, 11, 17, 16, 22, 28, 27, 33, 34, 35]
[00:00:00:00:303] ! Bidirectional. expansions: 34, time: 36 [ms], path length: 24 [edges], g_F: 23, g_B: 1, generated: 0, MM: 22, MMPER: 87.0%
[00:00:00:00:303] 
---------- SM_Grids/6x6_grid_with_random_blocks_20per_8 ----------
[00:00:00:00:034] Path of length 28 found: [0, 1, 7, 6, 12, 18, 19, 25, 24, 30, 31, 32, 26, 27, 33, 34, 28, 22, 21, 15, 14, 8, 9, 10, 16, 17, 23, 29, 35]
[00:00:00:00:035] ! Unidirectional s-t. expansions: 28, time: 34 [ms], path length: 28 [edges], generated: 42
[00:00:00:00:035] Path of length 28 found: [35, 29, 23, 17, 16, 10, 9, 8, 14, 15, 21, 22, 28, 34, 33, 27, 26, 32, 31, 30, 24, 25, 19, 18, 12, 6, 7, 1, 0]
[00:00:00:00:035] ! Unidirectional t-s. expansions: 28, time: 35 [ms], path length: 28 [edges], generated: 42
[00:00:00:00:026] Path of length 28 found: [0, 1, 7, 6, 12, 18, 19, 25, 24, 30, 31, 32, 26, 27, 33, 34, 28, 22, 21, 15, 14, 8, 9, 10, 16, 17, 23, 29, 35]
[00:00:00:00:290] ! Bidirectional. expansions: 28, time: 26 [ms], path length: 28 [edges], g_F: 24, g_B: 4, generated: 0, MM: 20, MMPER: 67.96551724137932%
[00:00:00:00:290] 
---------- SM_Grids/6x6_grid_with_random_blocks_20per_9 ----------
[00:00:00:00:045] Path of length 24 found: [0, 1, 7, 8, 9, 15, 14, 13, 12, 18, 24, 25, 19, 20, 26, 27, 21, 22, 16, 17, 23, 29, 28, 34, 35]
[00:00:00:00:045] ! Unidirectional s-t. expansions: 31, time: 45 [ms], path length: 24 [edges], generated: 53
[00:00:00:00:033] Path of length 24 found: [35, 34, 28, 29, 23, 17, 16, 22, 21, 27, 26, 20, 19, 25, 24, 18, 12, 13, 14, 15, 9, 8, 7, 1, 0]
[00:00:00:00:033] ! Unidirectional t-s. expansions: 24, time: 33 [ms], path length: 24 [edges], generated: 39
[00:00:00:00:037] Path of length 24 found: [0, 1, 7, 8, 9, 15, 14, 13, 12, 18, 24, 25, 19, 20, 26, 27, 21, 22, 16, 17, 23, 29, 28, 34, 35]
[00:00:00:00:296] ! Bidirectional. expansions: 33, time: 37 [ms], path length: 24 [edges], g_F: 22, g_B: 2, generated: 0, MM: 20, MMPER: 79.0%

[00:00:00:00:296] average expansions: (147, 95, 123, 0)
[00:00:00:00:296] average time: (190, 127, 111, 0)
[00:00:00:00:296] XA*: 95 , 127 (expansions , time[ms])
[00:00:00:00:296] BiXA*: 123 , 111 (expansions , time[ms])

