------------------------------------
Thu 01 Oct 2026 15:49:43 IDT
SLURM_JOBID:		21953327
SLURM_JOB_NODELIST:	ise-cpu256-10
SLURM_SCRATCH_DIR:	/scratch/shubit/21953327
Allocated Resouces:	cpu - 2 / mem - 61440 MB / gpu - 
SLURM_GPU_INDEX:	
Running as shubit from shimony account with normal QOS
------------------------------------
Thu 01 Oct 2026 15:49:43 IDT

SLURM_JOBID:		 21953327
SLURM_JOB_NODELIST:	 ise-cpu256-10 

--------------------------
date: SM_Grids
number_of_graphs: 10
graph_type: grid
size_of_graphs: [6, 6]
heuristic: bcc_heuristic
snake: False
run_uni: True
run_bi: True
run_multi: False
solution_vertices: []
algorithms: ['XMM']
lookahead: 2
bsd: False
cube_first_dims: 4
cube_buffer_dim: None
backward_sym_generation: False
sym_coil: False
prefix_set: None

---------- SM_Grids/6x6_grid_with_random_blocks_16per_0 ----------
[00:00:00:00:771] Path of length 22 found: [0, 1, 7, 6, 12, 18, 19, 13, 14, 8, 9, 3, 4, 5, 11, 10, 16, 15, 21, 27, 28, 34, 35]
[00:00:00:00:771] ! Unidirectional s-t. expansions: 493, time: 771 [ms], path length: 22 [edges], generated: 2,196
[00:00:00:00:846] Path of length 22 found: [35, 29, 28, 27, 21, 20, 19, 18, 12, 13, 14, 15, 16, 17, 11, 5, 4, 3, 9, 8, 7, 1, 0]
[00:00:00:00:846] ! Unidirectional t-s. expansions: 479, time: 846 [ms], path length: 22 [edges], generated: 2,546
[00:00:00:01:189] Path of length 22 found: [0, 1, 7, 6, 12, 18, 19, 13, 14, 8, 9, 3, 4, 5, 11, 17, 16, 22, 21, 27, 28, 29, 35]
[00:00:00:01:512] ! Bidirectional. expansions: 474, time: 1,189 [ms], path length: 22 [edges], g_F: 11, g_B: 11, generated: 907, MM: 0, MMPER: -1.0%
[00:00:00:01:513] 
---------- SM_Grids/6x6_grid_with_random_blocks_16per_1 ----------
[00:00:00:00:028] Path of length 20 found: [0, 6, 7, 1, 2, 3, 9, 15, 21, 27, 28, 22, 16, 10, 4, 5, 11, 17, 23, 29, 35]
[00:00:00:00:028] ! Unidirectional s-t. expansions: 10, time: 28 [ms], path length: 20 [edges], generated: 44
[00:00:00:00:028] Path of length 20 found: [35, 29, 23, 17, 11, 5, 4, 10, 16, 22, 28, 27, 21, 15, 9, 3, 2, 1, 7, 6, 0]
[00:00:00:00:029] ! Unidirectional t-s. expansions: 10, time: 28 [ms], path length: 20 [edges], generated: 43
[00:00:00:00:198] Path of length 20 found: [0, 6, 7, 1, 2, 3, 9, 15, 21, 27, 28, 22, 16, 10, 4, 5, 11, 17, 23, 29, 35]
[00:00:00:00:478] ! Bidirectional. expansions: 54, time: 198 [ms], path length: 20 [edges], g_F: 10, g_B: 10, generated: 103, MM: 0, MMPER: -1.0%
[00:00:00:00:478] 
---------- SM_Grids/6x6_grid_with_random_blocks_16per_2 ----------
[00:00:00:00:112] Path of length 20 found: [0, 6, 7, 8, 14, 13, 12, 18, 19, 25, 24, 30, 31, 32, 26, 20, 21, 27, 33, 34, 35]
[00:00:00:00:112] ! Unidirectional s-t. expansions: 38, time: 112 [ms], path length: 20 [edges], generated: 182
[00:00:00:00:026] Path of length 20 found: [35, 34, 28, 27, 21, 20, 14, 8, 7, 13, 19, 25, 26, 32, 31, 30, 24, 18, 12, 6, 0]
[00:00:00:00:027] ! Unidirectional t-s. expansions: 10, time: 26 [ms], path length: 20 [edges], generated: 41
[00:00:00:00:137] Path of length 20 found: [0, 6, 12, 18, 24, 30, 31, 32, 26, 25, 19, 13, 7, 8, 14, 20, 21, 27, 28, 34, 35]
[00:00:00:00:416] ! Bidirectional. expansions: 50, time: 137 [ms], path length: 20 [edges], g_F: 10, g_B: 10, generated: 100, MM: 0, MMPER: -1.0%
[00:00:00:00:416] 
---------- SM_Grids/6x6_grid_with_random_blocks_16per_3 ----------
[00:00:00:00:125] Path of length 28 found: [0, 6, 12, 13, 7, 8, 14, 20, 19, 25, 24, 30, 31, 32, 33, 27, 21, 22, 16, 10, 9, 3, 4, 5, 11, 17, 23, 29, 35]
[00:00:00:00:125] ! Unidirectional s-t. expansions: 53, time: 125 [ms], path length: 28 [edges], generated: 175
[00:00:00:00:065] Path of length 28 found: [35, 29, 23, 22, 16, 17, 11, 5, 4, 10, 9, 3, 2, 8, 14, 20, 21, 27, 33, 32, 31, 30, 24, 25, 19, 13, 7, 6, 0]
[00:00:00:00:065] ! Unidirectional t-s. expansions: 27, time: 65 [ms], path length: 28 [edges], generated: 114
[00:00:00:00:241] Path of length 28 found: [0, 6, 12, 13, 14, 20, 19, 25, 24, 30, 31, 32, 33, 27, 21, 22, 16, 10, 9, 8, 2, 3, 4, 5, 11, 17, 23, 29, 35]
[00:00:00:00:519] ! Bidirectional. expansions: 116, time: 241 [ms], path length: 28 [edges], g_F: 13, g_B: 15, generated: 181, MM: 2, MMPER: 5.896551724137931%
[00:00:00:00:520] 
---------- SM_Grids/6x6_grid_with_random_blocks_16per_4 ----------
[00:00:00:00:037] Path of length 26 found: [0, 1, 7, 6, 12, 18, 24, 30, 31, 25, 19, 13, 14, 20, 26, 32, 33, 27, 21, 22, 16, 17, 23, 29, 28, 34, 35]
[00:00:00:00:037] ! Unidirectional s-t. expansions: 13, time: 37 [ms], path length: 26 [edges], generated: 62
[00:00:00:00:041] Path of length 26 found: [35, 29, 23, 17, 16, 22, 21, 20, 14, 13, 19, 25, 26, 27, 28, 34, 33, 32, 31, 30, 24, 18, 12, 6, 7, 1, 0]
[00:00:00:00:041] ! Unidirectional t-s. expansions: 13, time: 41 [ms], path length: 26 [edges], generated: 54
[00:00:00:00:325] Path of length 26 found: [0, 1, 7, 6, 12, 18, 24, 30, 31, 25, 19, 13, 14, 20, 26, 32, 33, 34, 28, 27, 21, 22, 16, 17, 23, 29, 35]
[00:00:00:00:609] ! Bidirectional. expansions: 100, time: 325 [ms], path length: 26 [edges], g_F: 13, g_B: 13, generated: 180, MM: 0, MMPER: -1.0%
[00:00:00:00:609] 
---------- SM_Grids/6x6_grid_with_random_blocks_16per_5 ----------
[00:00:00:00:131] Path of length 28 found: [0, 1, 2, 8, 9, 10, 4, 5, 11, 17, 16, 22, 21, 15, 14, 20, 19, 13, 12, 18, 24, 30, 31, 25, 26, 27, 33, 34, 35]
[00:00:00:00:131] ! Unidirectional s-t. expansions: 52, time: 131 [ms], path length: 28 [edges], generated: 238
[00:00:00:00:355] Path of length 28 found: [35, 34, 33, 27, 28, 22, 16, 17, 11, 5, 4, 10, 9, 15, 21, 20, 26, 25, 31, 30, 24, 18, 19, 13, 14, 8, 2, 1, 0]
[00:00:00:00:355] ! Unidirectional t-s. expansions: 124, time: 355 [ms], path length: 28 [edges], generated: 646
[00:00:00:00:532] Path of length 28 found: [0, 1, 2, 8, 14, 13, 12, 18, 24, 30, 31, 25, 19, 20, 21, 15, 9, 10, 4, 5, 11, 17, 16, 22, 28, 27, 33, 34, 35]
[00:00:00:00:808] ! Bidirectional. expansions: 213, time: 532 [ms], path length: 28 [edges], g_F: 13, g_B: 15, generated: 382, MM: 2, MMPER: 5.896551724137931%
[00:00:00:00:808] 
---------- SM_Grids/6x6_grid_with_random_blocks_16per_6 ----------
[00:00:00:00:247] Path of length 28 found: [0, 6, 12, 18, 24, 30, 31, 32, 33, 27, 26, 20, 19, 13, 7, 1, 2, 8, 14, 15, 9, 10, 16, 17, 23, 22, 28, 34, 35]
[00:00:00:00:247] ! Unidirectional s-t. expansions: 108, time: 247 [ms], path length: 28 [edges], generated: 501
[00:00:00:00:085] Path of length 28 found: [35, 34, 33, 32, 31, 30, 24, 18, 12, 6, 7, 13, 19, 20, 26, 27, 28, 29, 23, 17, 16, 10, 9, 15, 14, 8, 2, 1, 0]
[00:00:00:00:086] ! Unidirectional t-s. expansions: 29, time: 86 [ms], path length: 28 [edges], generated: 138
[00:00:00:00:369] Path of length 28 found: [0, 6, 12, 13, 7, 1, 2, 8, 14, 15, 9, 10, 16, 17, 23, 29, 28, 27, 26, 20, 19, 18, 24, 30, 31, 32, 33, 34, 35]
[00:00:00:00:651] ! Bidirectional. expansions: 136, time: 369 [ms], path length: 28 [edges], g_F: 13, g_B: 15, generated: 242, MM: 2, MMPER: 5.896551724137931%
[00:00:00:00:652] 
---------- SM_Grids/6x6_grid_with_random_blocks_16per_7 ----------
[00:00:00:00:067] Path of length 18 found: [0, 6, 7, 13, 12, 18, 24, 30, 31, 25, 19, 20, 26, 32, 33, 27, 28, 29, 35]
[00:00:00:00:068] ! Unidirectional s-t. expansions: 21, time: 67 [ms], path length: 18 [edges], generated: 102
[00:00:00:00:049] Path of length 18 found: [35, 29, 28, 27, 33, 32, 31, 30, 24, 18, 19, 25, 26, 20, 14, 13, 7, 6, 0]
[00:00:00:00:049] ! Unidirectional t-s. expansions: 19, time: 49 [ms], path length: 18 [edges], generated: 84
[00:00:00:00:133] Path of length 18 found: [0, 6, 12, 18, 24, 30, 31, 25, 19, 13, 14, 20, 26, 32, 33, 27, 28, 29, 35]
[00:00:00:00:416] ! Bidirectional. expansions: 52, time: 133 [ms], path length: 18 [edges], g_F: 8, g_B: 10, generated: 99, MM: 2, MMPER: 9.526315789473685%
[00:00:00:00:417] 
---------- SM_Grids/6x6_grid_with_random_blocks_16per_8 ----------
[00:00:00:00:035] Path of length 22 found: [0, 6, 12, 18, 19, 13, 7, 1, 2, 8, 14, 20, 21, 15, 9, 10, 16, 22, 23, 29, 28, 34, 35]
[00:00:00:00:035] ! Unidirectional s-t. expansions: 11, time: 35 [ms], path length: 22 [edges], generated: 56
[00:00:00:00:033] Path of length 22 found: [35, 34, 28, 29, 23, 22, 16, 10, 9, 8, 2, 1, 7, 13, 14, 15, 21, 20, 19, 18, 12, 6, 0]
[00:00:00:00:034] ! Unidirectional t-s. expansions: 11, time: 33 [ms], path length: 22 [edges], generated: 54
[00:00:00:00:098] Path of length 22 found: [0, 6, 12, 18, 19, 13, 7, 1, 2, 8, 14, 20, 21, 15, 9, 10, 16, 22, 23, 29, 28, 34, 35]
[00:00:00:00:380] ! Bidirectional. expansions: 36, time: 99 [ms], path length: 22 [edges], g_F: 11, g_B: 11, generated: 69, MM: 0, MMPER: -1.0%
[00:00:00:00:380] 
---------- SM_Grids/6x6_grid_with_random_blocks_16per_9 ----------
[00:00:00:00:155] Path of length 26 found: [0, 6, 12, 18, 24, 30, 31, 25, 26, 32, 33, 27, 21, 20, 14, 15, 16, 10, 4, 5, 11, 17, 23, 22, 28, 34, 35]
[00:00:00:00:155] ! Unidirectional s-t. expansions: 59, time: 155 [ms], path length: 26 [edges], generated: 347
[00:00:00:00:418] Path of length 26 found: [35, 29, 23, 17, 11, 5, 4, 10, 16, 15, 14, 20, 21, 22, 28, 34, 33, 27, 26, 32, 31, 25, 24, 18, 12, 6, 0]
[00:00:00:00:418] ! Unidirectional t-s. expansions: 159, time: 418 [ms], path length: 26 [edges], generated: 790
[00:00:00:00:629] Path of length 26 found: [0, 6, 12, 18, 24, 30, 31, 25, 26, 32, 33, 27, 21, 20, 14, 15, 16, 10, 4, 5, 11, 17, 23, 29, 28, 34, 35]
[00:00:00:00:914] ! Bidirectional. expansions: 225, time: 629 [ms], path length: 26 [edges], g_F: 13, g_B: 13, generated: 414, MM: 0, MMPER: -1.0%

[00:00:00:00:915] average expansions: (86, 88, 146, 0)
[00:00:00:00:915] average time: (171, 195, 385, 0)
[00:00:00:00:915] XA*: 86 , 171 (expansions , time[ms])
[00:00:00:00:915] XMM: 146 , 385 (expansions , time[ms])

