------------------------------------
Thu 01 Oct 2026 10:43:14 IDT
SLURM_JOBID:		21942655
SLURM_JOB_NODELIST:	ise-cpu256-08
SLURM_SCRATCH_DIR:	/scratch/shubit/21942655
Allocated Resouces:	cpu - 2 / mem - 61440 MB / gpu - 
SLURM_GPU_INDEX:	
Running as shubit from shimony account with normal QOS
------------------------------------
Thu 01 Oct 2026 10:43:14 IDT

SLURM_JOBID:		 21942655
SLURM_JOB_NODELIST:	 ise-cpu256-08 

--------------------------
date: SM_Grids
number_of_graphs: 10
graph_type: grid
size_of_graphs: [6, 6]
heuristic: bcc_heuristic
snake: False
run_uni: True
run_bi: True
run_multi: False
solution_vertices: []
algorithms: ['A']
lookahead: 2
bsd: False
cube_first_dims: 4
cube_buffer_dim: None
backward_sym_generation: False
sym_coil: False
prefix_set: None

---------- SM_Grids/6x6_grid_with_random_blocks_12per_0 ----------
[00:00:00:00:376] Path of length 28 found: [0, 6, 12, 18, 24, 25, 26, 32, 33, 27, 28, 22, 16, 15, 14, 20, 19, 13, 7, 1, 2, 3, 4, 10, 11, 17, 23, 29, 35]
[00:00:00:00:376] ! Unidirectional s-t. expansions: 160, time: 376 [ms], path length: 28 [edges], generated: 829
[00:00:00:00:299] Path of length 28 found: [35, 29, 28, 27, 33, 32, 26, 25, 24, 18, 12, 13, 19, 20, 14, 15, 16, 22, 23, 17, 11, 5, 4, 3, 2, 8, 7, 1, 0]
[00:00:00:00:299] ! Unidirectional t-s. expansions: 165, time: 299 [ms], path length: 28 [edges], generated: 812
[00:00:00:00:408] Path of length 28 found: [0, 6, 12, 18, 24, 25, 19, 13, 7, 1, 2, 3, 4, 10, 11, 17, 16, 15, 14, 20, 26, 32, 33, 27, 28, 22, 23, 29, 35]
[00:00:00:00:728] ! Bidirectional. expansions: 284, time: 409 [ms], path length: 28 [edges], g_F: 14, g_B: 14, generated: 0, MM: 0, MMPER: -1.0%
[00:00:00:00:729] 
---------- SM_Grids/6x6_grid_with_random_blocks_12per_1 ----------
[00:00:00:00:245] Path of length 28 found: [0, 6, 12, 18, 24, 30, 31, 32, 33, 34, 28, 22, 21, 20, 26, 25, 19, 13, 7, 1, 2, 8, 14, 15, 16, 17, 23, 29, 35]
[00:00:00:00:246] ! Unidirectional s-t. expansions: 92, time: 246 [ms], path length: 28 [edges], generated: 408
[00:00:00:00:362] Path of length 28 found: [35, 34, 33, 32, 31, 30, 24, 18, 12, 6, 7, 13, 19, 25, 26, 20, 21, 22, 28, 29, 23, 17, 16, 15, 9, 8, 2, 1, 0]
[00:00:00:00:363] ! Unidirectional t-s. expansions: 151, time: 362 [ms], path length: 28 [edges], generated: 679
[00:00:00:00:317] Path of length 28 found: [0, 6, 12, 18, 24, 30, 31, 25, 19, 13, 7, 1, 2, 8, 14, 15, 21, 20, 26, 32, 33, 34, 28, 22, 16, 17, 23, 29, 35]
[00:00:00:00:606] ! Bidirectional. expansions: 215, time: 317 [ms], path length: 28 [edges], g_F: 14, g_B: 14, generated: 0, MM: 0, MMPER: -1.0%
[00:00:00:00:607] 
---------- SM_Grids/6x6_grid_with_random_blocks_12per_2 ----------
[00:00:00:00:033] Path of length 26 found: [0, 1, 2, 8, 7, 13, 12, 18, 24, 30, 31, 25, 19, 20, 26, 32, 33, 27, 21, 22, 16, 17, 23, 29, 28, 34, 35]
[00:00:00:00:034] ! Unidirectional s-t. expansions: 13, time: 33 [ms], path length: 26 [edges], generated: 54
[00:00:00:00:379] Path of length 26 found: [35, 34, 33, 32, 31, 30, 24, 25, 26, 27, 28, 29, 23, 17, 16, 22, 21, 20, 19, 18, 12, 13, 14, 8, 2, 1, 0]
[00:00:00:00:379] ! Unidirectional t-s. expansions: 163, time: 379 [ms], path length: 26 [edges], generated: 734
[00:00:00:00:062] Path of length 26 found: [0, 1, 2, 8, 7, 13, 12, 18, 24, 30, 31, 32, 33, 34, 28, 27, 26, 25, 19, 20, 21, 22, 16, 17, 23, 29, 35]
[00:00:00:00:399] ! Bidirectional. expansions: 28, time: 62 [ms], path length: 26 [edges], g_F: 13, g_B: 13, generated: 0, MM: 0, MMPER: -1.0%
[00:00:00:00:399] 
---------- SM_Grids/6x6_grid_with_random_blocks_12per_3 ----------
[00:00:00:00:049] Path of length 30 found: [0, 1, 7, 6, 12, 18, 19, 13, 14, 8, 9, 3, 4, 10, 11, 17, 23, 22, 16, 15, 21, 20, 26, 25, 31, 32, 33, 27, 28, 34, 35]
[00:00:00:00:049] ! Unidirectional s-t. expansions: 15, time: 49 [ms], path length: 30 [edges], generated: 82
[00:00:00:00:066] Path of length 30 found: [35, 34, 28, 27, 33, 32, 31, 25, 26, 20, 21, 15, 16, 22, 23, 17, 11, 10, 4, 3, 9, 8, 14, 13, 19, 18, 12, 6, 7, 1, 0]
[00:00:00:00:066] ! Unidirectional t-s. expansions: 25, time: 66 [ms], path length: 30 [edges], generated: 108
[00:00:00:00:034] Path of length 30 found: [0, 1, 7, 6, 12, 18, 19, 13, 14, 8, 9, 3, 4, 10, 11, 17, 23, 22, 16, 15, 21, 20, 26, 25, 31, 32, 33, 27, 28, 34, 35]
[00:00:00:00:320] ! Bidirectional. expansions: 21, time: 35 [ms], path length: 30 [edges], g_F: 15, g_B: 15, generated: 0, MM: 0, MMPER: -1.0%
[00:00:00:00:321] 
---------- SM_Grids/6x6_grid_with_random_blocks_12per_4 ----------
[00:00:00:00:162] Path of length 30 found: [0, 6, 7, 8, 9, 3, 4, 5, 11, 10, 16, 17, 23, 29, 28, 27, 26, 20, 21, 15, 14, 13, 12, 18, 24, 30, 31, 32, 33, 34, 35]
[00:00:00:00:162] ! Unidirectional s-t. expansions: 48, time: 162 [ms], path length: 30 [edges], generated: 259
[00:00:00:00:339] Path of length 30 found: [35, 34, 33, 27, 28, 29, 23, 17, 16, 10, 11, 5, 4, 3, 9, 8, 7, 13, 14, 15, 21, 20, 26, 32, 31, 25, 24, 18, 12, 6, 0]
[00:00:00:00:339] ! Unidirectional t-s. expansions: 125, time: 339 [ms], path length: 30 [edges], generated: 601
[00:00:00:00:234] Path of length 30 found: [0, 6, 12, 18, 24, 30, 31, 25, 26, 32, 33, 34, 28, 27, 21, 15, 14, 13, 7, 8, 9, 3, 4, 5, 11, 10, 16, 17, 23, 29, 35]
[00:00:00:00:531] ! Bidirectional. expansions: 148, time: 234 [ms], path length: 30 [edges], g_F: 15, g_B: 15, generated: 0, MM: 0, MMPER: -1.0%
[00:00:00:00:531] 
---------- SM_Grids/6x6_grid_with_random_blocks_12per_5 ----------
[00:00:00:00:262] Path of length 30 found: [0, 6, 12, 18, 24, 30, 31, 32, 26, 20, 19, 13, 7, 1, 2, 8, 9, 3, 4, 5, 11, 10, 16, 17, 23, 22, 21, 27, 33, 34, 35]
[00:00:00:00:262] ! Unidirectional s-t. expansions: 89, time: 262 [ms], path length: 30 [edges], generated: 407
[00:00:00:00:041] Path of length 30 found: [35, 29, 23, 17, 11, 5, 4, 3, 2, 1, 7, 8, 9, 10, 16, 22, 21, 20, 26, 27, 33, 32, 31, 30, 24, 18, 19, 13, 12, 6, 0]
[00:00:00:00:042] ! Unidirectional t-s. expansions: 15, time: 41 [ms], path length: 30 [edges], generated: 63
[00:00:00:00:055] Path of length 30 found: [0, 6, 12, 13, 19, 18, 24, 30, 31, 32, 33, 27, 26, 20, 21, 22, 16, 10, 9, 8, 7, 1, 2, 3, 4, 5, 11, 17, 23, 29, 35]
[00:00:00:00:349] ! Bidirectional. expansions: 34, time: 55 [ms], path length: 30 [edges], g_F: 15, g_B: 15, generated: 0, MM: 0, MMPER: -1.0%
[00:00:00:00:349] 
---------- SM_Grids/6x6_grid_with_random_blocks_12per_6 ----------
[00:00:00:00:039] Path of length 28 found: [0, 6, 12, 18, 24, 25, 19, 13, 7, 1, 2, 3, 9, 8, 14, 20, 26, 32, 33, 34, 28, 22, 21, 15, 16, 17, 23, 29, 35]
[00:00:00:00:039] ! Unidirectional s-t. expansions: 14, time: 39 [ms], path length: 28 [edges], generated: 66
[00:00:00:00:044] Path of length 28 found: [35, 29, 23, 17, 16, 15, 9, 3, 2, 1, 7, 8, 14, 13, 19, 20, 21, 22, 28, 34, 33, 32, 26, 25, 24, 18, 12, 6, 0]
[00:00:00:00:044] ! Unidirectional t-s. expansions: 14, time: 44 [ms], path length: 28 [edges], generated: 70
[00:00:00:00:028] Path of length 28 found: [0, 6, 12, 18, 24, 25, 19, 13, 7, 1, 2, 3, 9, 8, 14, 20, 26, 32, 33, 34, 28, 22, 21, 15, 16, 17, 23, 29, 35]
[00:00:00:00:320] ! Bidirectional. expansions: 15, time: 28 [ms], path length: 28 [edges], g_F: 14, g_B: 14, generated: 0, MM: 0, MMPER: -1.0%
[00:00:00:00:320] 
---------- SM_Grids/6x6_grid_with_random_blocks_12per_7 ----------
[00:00:00:00:128] Path of length 30 found: [0, 1, 2, 3, 4, 10, 11, 17, 23, 29, 28, 22, 16, 15, 9, 8, 7, 13, 12, 18, 24, 30, 31, 25, 26, 20, 21, 27, 33, 34, 35]
[00:00:00:00:129] ! Unidirectional s-t. expansions: 56, time: 128 [ms], path length: 30 [edges], generated: 235
[00:00:00:00:411] Path of length 30 found: [35, 34, 33, 27, 28, 29, 23, 22, 16, 17, 11, 10, 4, 3, 2, 8, 9, 15, 21, 20, 26, 32, 31, 25, 24, 18, 12, 13, 7, 1, 0]
[00:00:00:00:411] ! Unidirectional t-s. expansions: 144, time: 411 [ms], path length: 30 [edges], generated: 686
[00:00:00:00:276] Path of length 30 found: [0, 1, 2, 8, 7, 13, 12, 18, 24, 30, 31, 25, 26, 32, 33, 34, 28, 27, 21, 22, 16, 15, 9, 3, 4, 10, 11, 17, 23, 29, 35]
[00:00:00:00:564] ! Bidirectional. expansions: 177, time: 276 [ms], path length: 30 [edges], g_F: 15, g_B: 15, generated: 0, MM: 0, MMPER: -1.0%
[00:00:00:00:565] 
---------- SM_Grids/6x6_grid_with_random_blocks_12per_8 ----------
[00:00:00:00:135] Path of length 30 found: [0, 1, 2, 3, 9, 10, 4, 5, 11, 17, 23, 22, 16, 15, 14, 8, 7, 6, 12, 18, 24, 30, 31, 25, 19, 20, 26, 27, 33, 34, 35]
[00:00:00:00:135] ! Unidirectional s-t. expansions: 49, time: 135 [ms], path length: 30 [edges], generated: 201
[00:00:00:00:034] Path of length 30 found: [35, 34, 33, 27, 26, 20, 19, 25, 31, 30, 24, 18, 12, 6, 7, 8, 14, 15, 9, 10, 16, 22, 23, 17, 11, 5, 4, 3, 2, 1, 0]
[00:00:00:00:034] ! Unidirectional t-s. expansions: 15, time: 34 [ms], path length: 30 [edges], generated: 57
[00:00:00:00:030] Path of length 30 found: [0, 1, 2, 3, 9, 10, 4, 5, 11, 17, 23, 22, 16, 15, 14, 8, 7, 6, 12, 18, 24, 30, 31, 25, 19, 20, 26, 27, 33, 34, 35]
[00:00:00:00:319] ! Bidirectional. expansions: 19, time: 31 [ms], path length: 30 [edges], g_F: 15, g_B: 15, generated: 0, MM: 0, MMPER: -1.0%
[00:00:00:00:319] 
---------- SM_Grids/6x6_grid_with_random_blocks_12per_9 ----------
[00:00:00:00:999] Path of length 26 found: [0, 6, 7, 1, 2, 3, 4, 5, 11, 17, 16, 10, 9, 8, 14, 13, 19, 25, 26, 20, 21, 22, 28, 27, 33, 34, 35]
[00:00:00:00:999] ! Unidirectional s-t. expansions: 332, time: 999 [ms], path length: 26 [edges], generated: 1,949
[00:00:00:00:633] Path of length 26 found: [35, 29, 28, 34, 33, 27, 26, 25, 19, 20, 21, 22, 16, 17, 11, 5, 4, 10, 9, 3, 2, 8, 14, 13, 7, 1, 0]
[00:00:00:00:634] ! Unidirectional t-s. expansions: 296, time: 634 [ms], path length: 26 [edges], generated: 1,522
[00:00:00:00:348] Path of length 26 found: [0, 6, 7, 1, 2, 8, 9, 3, 4, 5, 11, 10, 16, 15, 21, 20, 14, 13, 19, 25, 26, 27, 33, 34, 28, 29, 35]
[00:00:00:00:621] ! Bidirectional. expansions: 229, time: 349 [ms], path length: 26 [edges], g_F: 13, g_B: 13, generated: 0, MM: 0, MMPER: -1.0%

[00:00:00:00:621] average expansions: (87, 111, 117, 0)
[00:00:00:00:621] average time: (243, 261, 180, 0)
[00:00:00:00:621] XA*: 87 , 243 (expansions , time[ms])
[00:00:00:00:621] BiXA*: 117 , 180 (expansions , time[ms])

