------------------------------------
Thu 01 Oct 2026 13:44:21 IDT
SLURM_JOBID:		21947689
SLURM_JOB_NODELIST:	ise-cpu256-32
SLURM_SCRATCH_DIR:	/scratch/shubit/21947689
Allocated Resouces:	cpu - 2 / mem - 61440 MB / gpu - 
SLURM_GPU_INDEX:	
Running as shubit from shimony account with normal QOS
------------------------------------
Thu 01 Oct 2026 13:44:21 IDT

SLURM_JOBID:		 21947689
SLURM_JOB_NODELIST:	 ise-cpu256-32 

--------------------------
date: SM_Grids
number_of_graphs: 10
graph_type: grid
size_of_graphs: [6, 6]
heuristic: bcc_heuristic
snake: False
run_uni: True
run_bi: True
run_multi: False
solution_vertices: []
algorithms: ['DFBnB']
lookahead: 3
bsd: False
cube_first_dims: 4
cube_buffer_dim: None
backward_sym_generation: False
sym_coil: False
prefix_set: None

---------- SM_Grids/6x6_grid_with_random_blocks_20per_0 ----------
[00:00:00:00:064] Path of length 26 found: [0, 1, 2, 3, 4, 5, 11, 10, 9, 15, 14, 8, 7, 6, 12, 13, 19, 20, 26, 25, 31, 32, 33, 27, 28, 34, 35]
[00:00:00:00:065] ! Unidirectional s-t. expansions: 25, time: 64 [ms], path length: 26 [edges], generated: 239
[00:00:00:00:024] Path of length 26 found: [35, 34, 28, 27, 33, 32, 31, 25, 26, 20, 19, 13, 12, 6, 7, 8, 14, 15, 9, 10, 11, 5, 4, 3, 2, 1, 0]
[00:00:00:00:024] ! Unidirectional t-s. expansions: 9, time: 24 [ms], path length: 26 [edges], generated: 84
[00:00:00:00:168] Path of length 26 found: [0, 1, 2, 3, 4, 5, 11, 10, 9, 15, 14, 8, 7, 6, 12, 13, 19, 20, 26, 25, 31, 32, 33, 27, 28, 34, 35]
[00:00:00:00:476] ! Bidirectional. expansions: 32, time: 168 [ms], path length: 26 [edges], g_F: 15, g_B: 11, generated: 0, MM: 4, MMPER: 13.814814814814815%
[00:00:00:00:476] 
---------- SM_Grids/6x6_grid_with_random_blocks_20per_1 ----------
[00:00:00:01:070] Path of length 24 found: [0, 6, 12, 18, 19, 13, 7, 1, 2, 8, 14, 20, 21, 15, 9, 3, 4, 5, 11, 10, 16, 22, 28, 29, 35]
[00:00:00:01:071] ! Unidirectional s-t. expansions: 348, time: 1,070 [ms], path length: 24 [edges], generated: 3,442
[00:00:00:00:531] Path of length 24 found: [35, 29, 28, 27, 21, 22, 16, 17, 11, 5, 4, 10, 9, 3, 2, 1, 7, 8, 14, 13, 19, 18, 12, 6, 0]
[00:00:00:00:531] ! Unidirectional t-s. expansions: 164, time: 531 [ms], path length: 24 [edges], generated: 1,753
[00:00:00:01:263] Path of length 24 found: [0, 6, 12, 18, 19, 13, 7, 1, 2, 8, 9, 3, 4, 10, 11, 17, 16, 15, 14, 20, 21, 27, 28, 29, 35]
[00:00:00:01:544] ! Bidirectional. expansions: 211, time: 1,263 [ms], path length: 24 [edges], g_F: 14, g_B: 10, generated: 0, MM: 4, MMPER: 15.0%
[00:00:00:01:544] 
---------- SM_Grids/6x6_grid_with_random_blocks_20per_2 ----------
[00:00:00:00:059] Path of length 24 found: [0, 6, 12, 18, 19, 25, 24, 30, 31, 32, 26, 27, 21, 20, 14, 8, 2, 3, 9, 10, 16, 17, 23, 29, 35]
[00:00:00:00:059] ! Unidirectional s-t. expansions: 24, time: 59 [ms], path length: 24 [edges], generated: 168
[00:00:00:00:025] Path of length 24 found: [35, 29, 23, 17, 11, 10, 9, 3, 2, 8, 14, 20, 21, 27, 26, 32, 31, 30, 24, 25, 19, 18, 12, 6, 0]
[00:00:00:00:026] ! Unidirectional t-s. expansions: 9, time: 25 [ms], path length: 24 [edges], generated: 61
[00:00:00:00:102] Path of length 24 found: [0, 6, 12, 18, 19, 25, 24, 30, 31, 32, 26, 27, 21, 20, 14, 8, 2, 3, 9, 10, 11, 17, 23, 29, 35]
[00:00:00:00:378] ! Bidirectional. expansions: 19, time: 102 [ms], path length: 24 [edges], g_F: 16, g_B: 8, generated: 0, MM: 8, MMPER: 31.0%
[00:00:00:00:378] 
---------- SM_Grids/6x6_grid_with_random_blocks_20per_3 ----------
[00:00:00:00:039] Path of length 24 found: [0, 1, 2, 3, 4, 5, 11, 10, 9, 8, 14, 13, 19, 18, 24, 30, 31, 32, 33, 27, 21, 22, 23, 29, 35]
[00:00:00:00:039] ! Unidirectional s-t. expansions: 21, time: 39 [ms], path length: 24 [edges], generated: 129
[00:00:00:00:027] Path of length 24 found: [35, 29, 23, 22, 21, 27, 33, 32, 31, 30, 24, 18, 19, 13, 14, 15, 9, 10, 11, 5, 4, 3, 2, 1, 0]
[00:00:00:00:027] ! Unidirectional t-s. expansions: 13, time: 27 [ms], path length: 24 [edges], generated: 80
[00:00:00:00:039] Path of length 24 found: [0, 1, 2, 3, 4, 5, 11, 10, 9, 8, 14, 13, 19, 18, 24, 30, 31, 32, 33, 27, 21, 22, 23, 29, 35]
[00:00:00:00:315] ! Bidirectional. expansions: 10, time: 39 [ms], path length: 24 [edges], g_F: 14, g_B: 10, generated: 0, MM: 4, MMPER: 15.0%
[00:00:00:00:315] 
---------- SM_Grids/6x6_grid_with_random_blocks_20per_4 ----------
[00:00:00:00:021] Path of length 20 found: [0, 1, 7, 8, 9, 3, 4, 5, 11, 10, 16, 15, 21, 27, 33, 34, 28, 22, 23, 29, 35]
[00:00:00:00:022] ! Unidirectional s-t. expansions: 7, time: 21 [ms], path length: 20 [edges], generated: 54
[00:00:00:00:031] Path of length 20 found: [35, 29, 23, 22, 28, 34, 33, 27, 21, 15, 16, 10, 11, 5, 4, 3, 9, 8, 7, 1, 0]
[00:00:00:00:031] ! Unidirectional t-s. expansions: 7, time: 31 [ms], path length: 20 [edges], generated: 65
[00:00:00:00:042] Path of length 20 found: [0, 1, 7, 8, 9, 3, 4, 5, 11, 10, 16, 15, 21, 27, 33, 34, 28, 22, 23, 29, 35]
[00:00:00:00:322] ! Bidirectional. expansions: 7, time: 42 [ms], path length: 20 [edges], g_F: 13, g_B: 7, generated: 0, MM: 6, MMPER: 27.571428571428573%
[00:00:00:00:322] 
---------- SM_Grids/6x6_grid_with_random_blocks_20per_5 ----------
[00:00:00:00:122] Path of length 24 found: [0, 6, 12, 13, 14, 20, 26, 25, 24, 30, 31, 32, 33, 27, 21, 15, 9, 3, 4, 10, 16, 22, 28, 34, 35]
[00:00:00:00:122] ! Unidirectional s-t. expansions: 35, time: 122 [ms], path length: 24 [edges], generated: 351
[00:00:00:00:164] Path of length 24 found: [35, 29, 28, 34, 33, 32, 31, 30, 24, 25, 26, 27, 21, 22, 16, 10, 4, 3, 9, 15, 14, 13, 7, 6, 0]
[00:00:00:00:165] ! Unidirectional t-s. expansions: 52, time: 164 [ms], path length: 24 [edges], generated: 486
[00:00:00:00:104] Path of length 24 found: [0, 6, 12, 13, 14, 15, 9, 3, 4, 10, 16, 22, 21, 20, 26, 25, 24, 30, 31, 32, 33, 34, 28, 29, 35]
[00:00:00:00:382] ! Bidirectional. expansions: 15, time: 104 [ms], path length: 24 [edges], g_F: 12, g_B: 12, generated: 0, MM: 0, MMPER: -1.0%
[00:00:00:00:383] 
---------- SM_Grids/6x6_grid_with_random_blocks_20per_6 ----------
[00:00:00:00:079] Path of length 24 found: [0, 6, 12, 18, 24, 25, 31, 32, 26, 20, 14, 8, 2, 3, 4, 5, 11, 10, 9, 15, 16, 22, 28, 34, 35]
[00:00:00:00:080] ! Unidirectional s-t. expansions: 27, time: 79 [ms], path length: 24 [edges], generated: 238
[00:00:00:00:115] Path of length 24 found: [35, 29, 28, 34, 33, 32, 31, 25, 26, 20, 14, 15, 9, 10, 16, 17, 11, 5, 4, 3, 2, 8, 7, 6, 0]
[00:00:00:00:115] ! Unidirectional t-s. expansions: 32, time: 115 [ms], path length: 24 [edges], generated: 288
[00:00:00:00:083] Path of length 24 found: [0, 6, 12, 18, 24, 25, 31, 32, 26, 20, 14, 8, 2, 3, 9, 10, 4, 5, 11, 17, 16, 22, 28, 29, 35]
[00:00:00:00:404] ! Bidirectional. expansions: 15, time: 83 [ms], path length: 24 [edges], g_F: 13, g_B: 11, generated: 0, MM: 2, MMPER: 7.0%
[00:00:00:00:404] 
---------- SM_Grids/6x6_grid_with_random_blocks_20per_7 ----------
[00:00:00:00:042] Path of length 24 found: [0, 1, 7, 6, 12, 18, 19, 25, 31, 32, 26, 20, 14, 15, 9, 10, 11, 17, 16, 22, 28, 27, 33, 34, 35]
[00:00:00:00:043] ! Unidirectional s-t. expansions: 15, time: 42 [ms], path length: 24 [edges], generated: 117
[00:00:00:00:066] Path of length 24 found: [35, 34, 28, 22, 16, 17, 11, 10, 9, 15, 14, 20, 26, 27, 33, 32, 31, 25, 19, 18, 12, 6, 7, 1, 0]
[00:00:00:00:066] ! Unidirectional t-s. expansions: 19, time: 66 [ms], path length: 24 [edges], generated: 158
[00:00:00:00:130] Path of length 24 found: [0, 1, 7, 6, 12, 18, 19, 25, 31, 32, 33, 27, 26, 20, 14, 15, 9, 10, 11, 17, 16, 22, 28, 34, 35]
[00:00:00:00:399] ! Bidirectional. expansions: 23, time: 130 [ms], path length: 24 [edges], g_F: 13, g_B: 11, generated: 0, MM: 2, MMPER: 7.0%
[00:00:00:00:400] 
---------- SM_Grids/6x6_grid_with_random_blocks_20per_8 ----------
[00:00:00:00:024] Path of length 28 found: [0, 1, 7, 6, 12, 18, 19, 25, 24, 30, 31, 32, 26, 27, 33, 34, 28, 22, 21, 15, 14, 8, 9, 10, 16, 17, 23, 29, 35]
[00:00:00:00:024] ! Unidirectional s-t. expansions: 10, time: 24 [ms], path length: 28 [edges], generated: 62
[00:00:00:00:034] Path of length 28 found: [35, 29, 23, 17, 16, 10, 9, 8, 14, 15, 21, 22, 28, 34, 33, 27, 26, 32, 31, 30, 24, 25, 19, 18, 12, 6, 7, 1, 0]
[00:00:00:00:035] ! Unidirectional t-s. expansions: 10, time: 34 [ms], path length: 28 [edges], generated: 81
[00:00:00:00:065] Path of length 28 found: [0, 1, 7, 6, 12, 18, 19, 25, 24, 30, 31, 32, 26, 27, 33, 34, 28, 22, 21, 15, 14, 8, 9, 10, 16, 17, 23, 29, 35]
[00:00:00:00:335] ! Bidirectional. expansions: 9, time: 65 [ms], path length: 28 [edges], g_F: 18, g_B: 10, generated: 0, MM: 8, MMPER: 26.586206896551722%
[00:00:00:00:335] 
---------- SM_Grids/6x6_grid_with_random_blocks_20per_9 ----------
[00:00:00:00:180] Path of length 24 found: [0, 1, 7, 8, 9, 15, 14, 13, 12, 18, 24, 25, 19, 20, 26, 27, 21, 22, 16, 17, 23, 29, 28, 34, 35]
[00:00:00:00:180] ! Unidirectional s-t. expansions: 54, time: 180 [ms], path length: 24 [edges], generated: 552
[00:00:00:00:030] Path of length 24 found: [35, 34, 28, 29, 23, 17, 16, 22, 21, 27, 26, 20, 19, 25, 24, 18, 12, 13, 14, 15, 9, 8, 7, 1, 0]
[00:00:00:00:030] ! Unidirectional t-s. expansions: 8, time: 30 [ms], path length: 24 [edges], generated: 77
[00:00:00:00:153] Path of length 24 found: [0, 1, 7, 8, 9, 15, 14, 13, 12, 18, 24, 25, 19, 20, 26, 27, 21, 22, 16, 17, 23, 29, 28, 34, 35]
[00:00:00:00:430] ! Bidirectional. expansions: 23, time: 153 [ms], path length: 24 [edges], g_F: 15, g_B: 9, generated: 0, MM: 6, MMPER: 23.0%

[00:00:00:00:430] average expansions: (57, 32, 36, 0)
[00:00:00:00:430] average time: (170, 105, 215, 0)
[00:00:00:00:430] XDFBnB: 32 , 105 (expansions , time[ms])
[00:00:00:00:430] BiXDFBnB: 36 , 215 (expansions , time[ms])

