------------------------------------
Thu 01 Oct 2026 13:44:37 IDT
SLURM_JOBID:		21947696
SLURM_JOB_NODELIST:	ise-cpu256-03
SLURM_SCRATCH_DIR:	/scratch/shubit/21947696
Allocated Resouces:	cpu - 2 / mem - 61440 MB / gpu - 
SLURM_GPU_INDEX:	
Running as shubit from shimony account with normal QOS
------------------------------------
Thu 01 Oct 2026 13:44:37 IDT

SLURM_JOBID:		 21947696
SLURM_JOB_NODELIST:	 ise-cpu256-03 

--------------------------
date: SM_Grids
number_of_graphs: 10
graph_type: grid
size_of_graphs: [6, 7]
heuristic: bcc_heuristic
snake: False
run_uni: True
run_bi: True
run_multi: False
solution_vertices: []
algorithms: ['DFBnB']
lookahead: 4
bsd: False
cube_first_dims: 4
cube_buffer_dim: None
backward_sym_generation: False
sym_coil: False
prefix_set: None

---------- SM_Grids/6x7_grid_with_random_blocks_8per_0 ----------
[00:00:00:00:090] Path of length 35 found: [0, 7, 14, 21, 28, 35, 36, 29, 22, 15, 8, 1, 2, 3, 10, 9, 16, 23, 30, 37, 38, 31, 24, 25, 18, 11, 12, 19, 26, 27, 34, 33, 32, 39, 40, 41]
[00:00:00:00:091] ! Unidirectional s-t. expansions: 9, time: 91 [ms], path length: 35 [edges], generated: 224
[00:00:00:00:080] Path of length 35 found: [41, 34, 27, 26, 19, 12, 11, 18, 25, 24, 23, 16, 9, 10, 3, 2, 1, 8, 15, 22, 29, 30, 31, 32, 33, 40, 39, 38, 37, 36, 35, 28, 21, 14, 7, 0]
[00:00:00:00:080] ! Unidirectional t-s. expansions: 9, time: 80 [ms], path length: 35 [edges], generated: 195
[00:00:00:00:065] Path of length 35 found: [0, 7, 14, 21, 28, 35, 36, 29, 22, 15, 8, 1, 2, 3, 10, 9, 16, 23, 30, 37, 38, 39, 40, 33, 32, 31, 24, 25, 18, 11, 12, 19, 26, 27, 34, 41]
[00:00:00:00:405] ! Bidirectional. expansions: 9, time: 65 [ms], path length: 35 [edges], g_F: 18, g_B: 17, generated: 0, MM: 1, MMPER: 1.7777777777777777%
[00:00:00:00:405] 
---------- SM_Grids/6x7_grid_with_random_blocks_8per_1 ----------
[00:00:00:02:572] Path of length 37 found: [0, 7, 14, 21, 28, 35, 36, 29, 22, 15, 8, 1, 2, 9, 16, 23, 30, 31, 24, 25, 18, 11, 10, 3, 4, 5, 12, 13, 20, 19, 26, 27, 34, 33, 32, 39, 40, 41]
[00:00:00:02:573] ! Unidirectional s-t. expansions: 349, time: 2,572 [ms], path length: 37 [edges], generated: 6,671
[00:00:00:02:118] Path of length 37 found: [41, 34, 27, 20, 13, 12, 5, 4, 3, 2, 1, 8, 15, 22, 23, 16, 9, 10, 11, 18, 19, 26, 33, 40, 39, 32, 25, 24, 31, 30, 29, 36, 35, 28, 21, 14, 7, 0]
[00:00:00:02:119] ! Unidirectional t-s. expansions: 219, time: 2,119 [ms], path length: 37 [edges], generated: 5,437
[00:00:00:05:231] Path of length 37 found: [0, 7, 14, 21, 28, 35, 36, 29, 22, 15, 16, 23, 30, 31, 24, 25, 32, 39, 40, 33, 26, 19, 18, 11, 10, 9, 8, 1, 2, 3, 4, 5, 12, 13, 20, 27, 34, 41]
[00:00:00:05:544] ! Bidirectional. expansions: 866, time: 5,231 [ms], path length: 37 [edges], g_F: 19, g_B: 18, generated: 0, MM: 1, MMPER: 1.6315789473684212%
[00:00:00:05:544] 
---------- SM_Grids/6x7_grid_with_random_blocks_8per_2 ----------
[00:00:00:03:607] Path of length 37 found: [0, 7, 14, 15, 8, 1, 2, 3, 10, 9, 16, 23, 22, 29, 28, 35, 36, 37, 30, 31, 38, 39, 32, 25, 24, 17, 18, 11, 12, 5, 6, 13, 20, 19, 26, 33, 40, 41]
[00:00:00:03:607] ! Unidirectional s-t. expansions: 495, time: 3,607 [ms], path length: 37 [edges], generated: 10,609
[00:00:00:01:534] Path of length 37 found: [41, 40, 33, 26, 27, 20, 13, 6, 5, 12, 19, 18, 11, 10, 3, 2, 1, 8, 9, 16, 17, 24, 25, 32, 39, 38, 31, 30, 37, 36, 35, 28, 29, 22, 15, 14, 7, 0]
[00:00:00:01:534] ! Unidirectional t-s. expansions: 152, time: 1,534 [ms], path length: 37 [edges], generated: 3,584
[00:00:00:02:404] Path of length 37 found: [0, 7, 14, 15, 8, 1, 2, 3, 10, 9, 16, 23, 22, 29, 28, 35, 36, 37, 30, 31, 38, 39, 32, 25, 24, 17, 18, 11, 12, 5, 6, 13, 20, 27, 26, 33, 40, 41]
[00:00:00:02:710] ! Bidirectional. expansions: 481, time: 2,404 [ms], path length: 37 [edges], g_F: 19, g_B: 18, generated: 0, MM: 1, MMPER: 1.6315789473684212%
[00:00:00:02:710] 
---------- SM_Grids/6x7_grid_with_random_blocks_8per_3 ----------
[00:00:00:05:697] Path of length 35 found: [0, 7, 14, 21, 28, 35, 36, 29, 22, 15, 8, 1, 2, 9, 16, 23, 30, 37, 38, 31, 24, 25, 18, 11, 4, 5, 12, 19, 20, 27, 26, 33, 32, 39, 40, 41]
[00:00:00:05:698] ! Unidirectional s-t. expansions: 865, time: 5,697 [ms], path length: 35 [edges], generated: 15,884
[00:00:00:05:188] Path of length 35 found: [41, 34, 27, 20, 19, 12, 5, 4, 11, 10, 9, 2, 1, 8, 15, 16, 23, 22, 29, 30, 31, 24, 25, 26, 33, 32, 39, 38, 37, 36, 35, 28, 21, 14, 7, 0]
[00:00:00:05:189] ! Unidirectional t-s. expansions: 656, time: 5,188 [ms], path length: 35 [edges], generated: 13,270
[00:00:00:06:884] Path of length 35 found: [0, 7, 14, 21, 28, 35, 36, 29, 22, 15, 8, 1, 2, 9, 16, 23, 30, 37, 38, 31, 32, 39, 40, 33, 26, 25, 18, 11, 4, 5, 12, 19, 20, 27, 34, 41]
[00:00:00:07:205] ! Bidirectional. expansions: 1,142, time: 6,884 [ms], path length: 35 [edges], g_F: 18, g_B: 17, generated: 0, MM: 1, MMPER: 1.7777777777777777%
[00:00:00:07:205] 
---------- SM_Grids/6x7_grid_with_random_blocks_8per_4 ----------
[00:00:00:01:737] Path of length 37 found: [0, 7, 14, 21, 28, 35, 36, 29, 22, 15, 8, 1, 2, 3, 10, 17, 16, 23, 24, 31, 38, 39, 32, 25, 18, 11, 4, 5, 6, 13, 12, 19, 20, 27, 26, 33, 34, 41]
[00:00:00:01:737] ! Unidirectional s-t. expansions: 250, time: 1,737 [ms], path length: 37 [edges], generated: 4,117
[00:00:00:01:214] Path of length 37 found: [41, 34, 27, 20, 13, 6, 5, 4, 3, 2, 1, 8, 15, 16, 23, 24, 17, 10, 11, 12, 19, 18, 25, 26, 33, 32, 31, 38, 37, 36, 35, 28, 29, 22, 21, 14, 7, 0]
[00:00:00:01:214] ! Unidirectional t-s. expansions: 160, time: 1,214 [ms], path length: 37 [edges], generated: 2,957
[00:00:00:01:576] Path of length 37 found: [0, 7, 14, 21, 28, 35, 36, 29, 22, 23, 24, 31, 38, 39, 32, 33, 26, 25, 18, 19, 12, 11, 10, 17, 16, 15, 8, 1, 2, 3, 4, 5, 6, 13, 20, 27, 34, 41]
[00:00:00:01:879] ! Bidirectional. expansions: 332, time: 1,576 [ms], path length: 37 [edges], g_F: 19, g_B: 18, generated: 0, MM: 1, MMPER: 1.6315789473684212%
[00:00:00:01:879] 
---------- SM_Grids/6x7_grid_with_random_blocks_8per_5 ----------
[00:00:00:03:328] Path of length 37 found: [0, 7, 14, 21, 28, 35, 36, 29, 22, 15, 8, 1, 2, 3, 10, 17, 16, 23, 30, 37, 38, 31, 32, 25, 18, 11, 4, 5, 6, 13, 12, 19, 20, 27, 26, 33, 40, 41]
[00:00:00:03:329] ! Unidirectional s-t. expansions: 558, time: 3,329 [ms], path length: 37 [edges], generated: 10,562
[00:00:00:00:533] Path of length 37 found: [41, 40, 33, 26, 27, 20, 13, 6, 5, 4, 3, 2, 1, 8, 15, 22, 29, 30, 23, 16, 17, 10, 11, 12, 19, 18, 25, 32, 31, 38, 37, 36, 35, 28, 21, 14, 7, 0]
[00:00:00:00:534] ! Unidirectional t-s. expansions: 71, time: 534 [ms], path length: 37 [edges], generated: 1,182
[00:00:00:01:728] Path of length 37 found: [0, 7, 14, 21, 28, 35, 36, 29, 22, 15, 8, 1, 2, 3, 10, 17, 16, 23, 30, 31, 38, 39, 32, 25, 18, 19, 12, 11, 4, 5, 6, 13, 20, 27, 26, 33, 40, 41]
[00:00:00:02:035] ! Bidirectional. expansions: 416, time: 1,728 [ms], path length: 37 [edges], g_F: 19, g_B: 18, generated: 0, MM: 1, MMPER: 1.6315789473684212%
[00:00:00:02:035] 
---------- SM_Grids/6x7_grid_with_random_blocks_8per_6 ----------
[00:00:00:03:339] Path of length 37 found: [0, 7, 14, 21, 28, 35, 36, 37, 30, 23, 22, 15, 8, 1, 2, 9, 16, 17, 10, 3, 4, 11, 12, 5, 6, 13, 20, 27, 26, 25, 24, 31, 38, 39, 32, 33, 40, 41]
[00:00:00:03:339] ! Unidirectional s-t. expansions: 578, time: 3,339 [ms], path length: 37 [edges], generated: 9,545
[00:00:00:02:058] Path of length 37 found: [41, 34, 27, 20, 13, 6, 5, 12, 11, 4, 3, 2, 1, 8, 15, 22, 23, 16, 9, 10, 17, 24, 25, 26, 33, 40, 39, 32, 31, 30, 37, 36, 35, 28, 21, 14, 7, 0]
[00:00:00:02:059] ! Unidirectional t-s. expansions: 271, time: 2,058 [ms], path length: 37 [edges], generated: 5,671
[00:00:00:04:230] Path of length 37 found: [0, 7, 14, 21, 28, 35, 36, 37, 30, 31, 38, 39, 40, 33, 26, 25, 24, 17, 10, 9, 16, 23, 22, 15, 8, 1, 2, 3, 4, 11, 12, 5, 6, 13, 20, 27, 34, 41]
[00:00:00:04:539] ! Bidirectional. expansions: 740, time: 4,230 [ms], path length: 37 [edges], g_F: 19, g_B: 18, generated: 0, MM: 1, MMPER: 1.6315789473684212%
[00:00:00:04:539] 
---------- SM_Grids/6x7_grid_with_random_blocks_8per_7 ----------
[00:00:00:53:347] Path of length 35 found: [0, 7, 14, 21, 28, 35, 36, 29, 22, 15, 8, 1, 2, 3, 10, 9, 16, 23, 30, 37, 38, 39, 32, 31, 24, 17, 18, 11, 12, 13, 20, 19, 26, 33, 34, 41]
[00:00:00:53:348] ! Unidirectional s-t. expansions: 9,528, time: 53,347 [ms], path length: 35 [edges], generated: 191,822
[00:00:00:32:317] Path of length 35 found: [41, 34, 27, 20, 13, 12, 11, 10, 3, 2, 1, 8, 9, 16, 15, 22, 29, 30, 23, 24, 17, 18, 25, 26, 33, 32, 31, 38, 37, 36, 35, 28, 21, 14, 7, 0]
[00:00:00:32:317] ! Unidirectional t-s. expansions: 6,382, time: 32,317 [ms], path length: 35 [edges], generated: 109,061
[00:00:00:32:464] Path of length 35 found: [0, 7, 14, 21, 28, 35, 36, 29, 22, 23, 30, 37, 38, 39, 32, 31, 24, 25, 26, 19, 18, 17, 16, 15, 8, 1, 2, 3, 10, 11, 12, 13, 20, 27, 34, 41]
[00:00:00:32:793] ! Bidirectional. expansions: 7,733, time: 32,464 [ms], path length: 35 [edges], g_F: 18, g_B: 17, generated: 0, MM: 1, MMPER: 1.7777777777777777%
[00:00:00:32:793] 
---------- SM_Grids/6x7_grid_with_random_blocks_8per_8 ----------
[00:00:00:35:548] Path of length 35 found: [0, 1, 2, 9, 8, 15, 14, 21, 28, 29, 22, 23, 16, 17, 10, 11, 4, 5, 6, 13, 12, 19, 18, 25, 24, 31, 30, 37, 38, 39, 32, 33, 26, 27, 34, 41]
[00:00:00:35:548] ! Unidirectional s-t. expansions: 6,306, time: 35,548 [ms], path length: 35 [edges], generated: 118,440
[00:00:00:51:062] Valid states checked so far: 200,000, Expansions: 11,888, Global best: 36
[00:00:01:04:431] Path of length 35 found: [41, 34, 27, 20, 13, 6, 5, 4, 11, 12, 19, 18, 17, 10, 9, 16, 23, 30, 31, 24, 25, 32, 33, 40, 39, 38, 37, 36, 29, 22, 21, 14, 15, 8, 1, 0]
[00:00:01:04:431] ! Unidirectional t-s. expansions: 14,739, time: 64,431 [ms], path length: 35 [edges], generated: 248,219
[00:00:00:36:900] Path of length 35 found: [0, 1, 2, 9, 8, 15, 14, 21, 28, 29, 22, 23, 30, 37, 38, 39, 40, 33, 26, 19, 18, 25, 32, 31, 24, 17, 10, 11, 4, 5, 6, 13, 20, 27, 34, 41]
[00:00:00:37:201] ! Bidirectional. expansions: 8,746, time: 36,900 [ms], path length: 35 [edges], g_F: 18, g_B: 17, generated: 0, MM: 1, MMPER: 1.7777777777777777%
[00:00:00:37:202] 
---------- SM_Grids/6x7_grid_with_random_blocks_8per_9 ----------
[00:00:00:00:907] Path of length 37 found: [0, 7, 14, 21, 28, 35, 36, 29, 22, 15, 16, 9, 8, 1, 2, 3, 4, 11, 12, 5, 6, 13, 20, 27, 26, 19, 18, 17, 24, 23, 30, 37, 38, 31, 32, 39, 40, 41]
[00:00:00:00:907] ! Unidirectional s-t. expansions: 90, time: 907 [ms], path length: 37 [edges], generated: 1,985
[00:00:00:00:354] Path of length 37 found: [41, 40, 39, 32, 31, 38, 37, 30, 23, 24, 17, 18, 11, 12, 19, 26, 27, 20, 13, 6, 5, 4, 3, 2, 1, 8, 9, 16, 15, 22, 29, 36, 35, 28, 21, 14, 7, 0]
[00:00:00:00:355] ! Unidirectional t-s. expansions: 64, time: 354 [ms], path length: 37 [edges], generated: 1,040
[00:00:00:01:273] Path of length 37 found: [0, 7, 14, 21, 28, 35, 36, 29, 22, 15, 16, 9, 8, 1, 2, 3, 4, 5, 6, 13, 20, 27, 26, 19, 12, 11, 18, 17, 24, 23, 30, 37, 38, 31, 32, 39, 40, 41]
[00:00:00:01:573] ! Bidirectional. expansions: 229, time: 1,273 [ms], path length: 37 [edges], g_F: 19, g_B: 18, generated: 0, MM: 1, MMPER: 1.6315789473684212%

[00:00:00:01:574] average expansions: (1,903, 2,272, 2,069, 0)
[00:00:00:01:574] average time: (11,017, 10,983, 9,276, 0)
[00:00:00:01:574] XDFBnB: 1,903 , 10,983 (expansions , time[ms])
[00:00:00:01:574] BiXDFBnB: 2,069 , 9,276 (expansions , time[ms])

