------------------------------------
Thu 01 Oct 2026 12:13:38 IDT
SLURM_JOBID:		21944039
SLURM_JOB_NODELIST:	ise-cpu256-15
SLURM_SCRATCH_DIR:	/scratch/shubit/21944039
Allocated Resouces:	cpu - 2 / mem - 61440 MB / gpu - 
SLURM_GPU_INDEX:	
Running as shubit from shimony account with normal QOS
------------------------------------
Thu 01 Oct 2026 12:13:38 IDT

SLURM_JOBID:		 21944039
SLURM_JOB_NODELIST:	 ise-cpu256-15 

--------------------------
date: SM_Grids
number_of_graphs: 10
graph_type: grid
size_of_graphs: [6, 7]
heuristic: bcc_heuristic
snake: False
run_uni: True
run_bi: True
run_multi: False
solution_vertices: []
algorithms: ['IDA']
lookahead: 4
bsd: False
cube_first_dims: 4
cube_buffer_dim: None
backward_sym_generation: False
sym_coil: False
prefix_set: None

---------- SM_Grids/6x7_grid_with_random_blocks_8per_0 ----------
[00:00:00:00:089] Path of length 35 found: [0, 7, 14, 21, 28, 35, 36, 29, 22, 15, 8, 1, 2, 3, 10, 9, 16, 23, 30, 37, 38, 31, 24, 25, 18, 11, 12, 19, 26, 27, 34, 33, 32, 39, 40, 41]
[00:00:00:00:089] ! Unidirectional s-t. expansions: 9, time: 89 [ms], path length: 35 [edges], generated: 224
[00:00:00:00:078] Path of length 35 found: [41, 34, 27, 26, 19, 12, 11, 18, 25, 24, 23, 16, 9, 10, 3, 2, 1, 8, 15, 22, 29, 30, 31, 32, 33, 40, 39, 38, 37, 36, 35, 28, 21, 14, 7, 0]
[00:00:00:00:078] ! Unidirectional t-s. expansions: 9, time: 78 [ms], path length: 35 [edges], generated: 195
[00:00:00:00:063] Path of length 35 found: [0, 7, 14, 21, 28, 35, 36, 29, 22, 15, 8, 1, 2, 3, 10, 9, 16, 23, 30, 37, 38, 39, 40, 33, 32, 31, 24, 25, 18, 11, 12, 19, 26, 27, 34, 41]
[00:00:00:00:376] ! Bidirectional. expansions: 9, time: 63 [ms], path length: 35 [edges], g_F: 18, g_B: 17, generated: 0, MM: 1, MMPER: 1.7777777777777777%
[00:00:00:00:376] 
---------- SM_Grids/6x7_grid_with_random_blocks_8per_1 ----------
[00:00:00:02:534] Path of length 37 found: [0, 7, 14, 21, 28, 35, 36, 29, 22, 15, 16, 9, 8, 1, 2, 3, 10, 11, 4, 5, 12, 13, 20, 19, 18, 25, 24, 23, 30, 31, 38, 39, 32, 33, 26, 27, 34, 41]
[00:00:00:02:534] ! Unidirectional s-t. expansions: 352, time: 2,534 [ms], path length: 37 [edges], generated: 6,811
[00:00:00:02:106] Path of length 37 found: [41, 34, 27, 20, 13, 12, 5, 4, 3, 2, 1, 8, 15, 22, 23, 16, 9, 10, 11, 18, 19, 26, 33, 40, 39, 32, 25, 24, 31, 30, 29, 36, 35, 28, 21, 14, 7, 0]
[00:00:00:02:106] ! Unidirectional t-s. expansions: 225, time: 2,106 [ms], path length: 37 [edges], generated: 5,616
[00:00:00:05:100] Path of length 37 found: [0, 7, 14, 21, 28, 35, 36, 29, 22, 15, 8, 1, 2, 9, 16, 23, 30, 31, 24, 25, 32, 39, 40, 33, 26, 19, 18, 11, 10, 3, 4, 5, 12, 13, 20, 27, 34, 41]
[00:00:00:05:399] ! Bidirectional. expansions: 865, time: 5,100 [ms], path length: 37 [edges], g_F: 19, g_B: 18, generated: 0, MM: 1, MMPER: 1.6315789473684212%
[00:00:00:05:399] 
---------- SM_Grids/6x7_grid_with_random_blocks_8per_2 ----------
[00:00:00:03:625] Path of length 37 found: [0, 7, 14, 15, 8, 1, 2, 3, 10, 9, 16, 23, 22, 29, 28, 35, 36, 37, 30, 31, 38, 39, 32, 25, 24, 17, 18, 11, 12, 5, 6, 13, 20, 19, 26, 33, 40, 41]
[00:00:00:03:625] ! Unidirectional s-t. expansions: 500, time: 3,625 [ms], path length: 37 [edges], generated: 10,784
[00:00:00:01:631] Path of length 37 found: [41, 40, 33, 32, 39, 38, 31, 30, 37, 36, 35, 28, 29, 22, 23, 16, 17, 24, 25, 18, 19, 26, 27, 20, 13, 6, 5, 12, 11, 10, 3, 2, 9, 8, 15, 14, 7, 0]
[00:00:00:01:631] ! Unidirectional t-s. expansions: 154, time: 1,631 [ms], path length: 37 [edges], generated: 3,646
[00:00:00:02:468] Path of length 37 found: [0, 7, 14, 15, 22, 29, 28, 35, 36, 37, 30, 31, 38, 39, 32, 25, 24, 17, 16, 9, 8, 1, 2, 3, 10, 11, 18, 19, 12, 5, 6, 13, 20, 27, 26, 33, 40, 41]
[00:00:00:02:809] ! Bidirectional. expansions: 478, time: 2,469 [ms], path length: 37 [edges], g_F: 19, g_B: 18, generated: 0, MM: 1, MMPER: 1.6315789473684212%
[00:00:00:02:809] 
---------- SM_Grids/6x7_grid_with_random_blocks_8per_3 ----------
[00:00:00:06:834] Path of length 35 found: [0, 7, 14, 21, 28, 35, 36, 29, 22, 15, 8, 1, 2, 9, 16, 23, 30, 37, 38, 39, 32, 31, 24, 25, 18, 11, 4, 5, 12, 19, 20, 27, 26, 33, 40, 41]
[00:00:00:06:835] ! Unidirectional s-t. expansions: 952, time: 6,834 [ms], path length: 35 [edges], generated: 17,782
[00:00:00:07:288] Path of length 35 found: [41, 34, 27, 20, 19, 12, 5, 4, 11, 10, 9, 2, 1, 8, 15, 16, 23, 22, 29, 30, 31, 24, 25, 26, 33, 32, 39, 38, 37, 36, 35, 28, 21, 14, 7, 0]
[00:00:00:07:288] ! Unidirectional t-s. expansions: 815, time: 7,288 [ms], path length: 35 [edges], generated: 17,287
[00:00:00:08:715] Path of length 35 found: [0, 7, 14, 21, 22, 29, 28, 35, 36, 37, 38, 39, 40, 33, 26, 25, 32, 31, 30, 23, 16, 15, 8, 1, 2, 9, 10, 11, 4, 5, 12, 19, 20, 27, 34, 41]
[00:00:00:09:030] ! Bidirectional. expansions: 1,338, time: 8,715 [ms], path length: 35 [edges], g_F: 18, g_B: 17, generated: 0, MM: 1, MMPER: 1.7777777777777777%
[00:00:00:09:030] 
---------- SM_Grids/6x7_grid_with_random_blocks_8per_4 ----------
[00:00:00:01:832] Path of length 37 found: [0, 7, 14, 21, 22, 29, 28, 35, 36, 37, 38, 39, 32, 31, 24, 23, 16, 15, 8, 1, 2, 3, 4, 5, 6, 13, 12, 11, 10, 17, 18, 25, 26, 19, 20, 27, 34, 41]
[00:00:00:01:832] ! Unidirectional s-t. expansions: 251, time: 1,832 [ms], path length: 37 [edges], generated: 4,162
[00:00:00:01:390] Path of length 37 found: [41, 34, 27, 20, 13, 6, 5, 4, 3, 2, 1, 8, 15, 16, 23, 24, 17, 10, 11, 12, 19, 18, 25, 26, 33, 32, 31, 38, 37, 36, 35, 28, 29, 22, 21, 14, 7, 0]
[00:00:00:01:391] ! Unidirectional t-s. expansions: 148, time: 1,390 [ms], path length: 37 [edges], generated: 3,012
[00:00:00:01:619] Path of length 37 found: [0, 7, 14, 15, 8, 1, 2, 3, 4, 11, 10, 17, 16, 23, 22, 21, 28, 35, 36, 37, 38, 39, 32, 31, 24, 25, 18, 19, 12, 5, 6, 13, 20, 27, 26, 33, 34, 41]
[00:00:00:01:943] ! Bidirectional. expansions: 328, time: 1,619 [ms], path length: 37 [edges], g_F: 19, g_B: 18, generated: 0, MM: 1, MMPER: 1.6315789473684212%
[00:00:00:01:944] 
---------- SM_Grids/6x7_grid_with_random_blocks_8per_5 ----------
[00:00:00:03:591] Path of length 37 found: [0, 7, 14, 21, 28, 35, 36, 29, 22, 15, 8, 1, 2, 3, 10, 11, 4, 5, 6, 13, 12, 19, 20, 27, 26, 25, 18, 17, 16, 23, 30, 37, 38, 31, 32, 39, 40, 41]
[00:00:00:03:591] ! Unidirectional s-t. expansions: 560, time: 3,591 [ms], path length: 37 [edges], generated: 10,639
[00:00:00:00:629] Path of length 37 found: [41, 40, 33, 26, 27, 20, 13, 6, 5, 4, 3, 2, 1, 8, 15, 22, 29, 30, 23, 16, 17, 10, 11, 12, 19, 18, 25, 32, 31, 38, 37, 36, 35, 28, 21, 14, 7, 0]
[00:00:00:00:630] ! Unidirectional t-s. expansions: 77, time: 629 [ms], path length: 37 [edges], generated: 1,326
[00:00:00:01:760] Path of length 37 found: [0, 7, 14, 21, 28, 35, 36, 29, 22, 15, 8, 1, 2, 3, 10, 17, 16, 23, 30, 31, 38, 39, 32, 25, 18, 19, 12, 11, 4, 5, 6, 13, 20, 27, 26, 33, 40, 41]
[00:00:00:02:081] ! Bidirectional. expansions: 417, time: 1,760 [ms], path length: 37 [edges], g_F: 19, g_B: 18, generated: 0, MM: 1, MMPER: 1.6315789473684212%
[00:00:00:02:082] 
---------- SM_Grids/6x7_grid_with_random_blocks_8per_6 ----------
[00:00:00:03:602] Path of length 37 found: [0, 7, 14, 21, 28, 35, 36, 37, 30, 23, 22, 15, 8, 1, 2, 9, 16, 17, 10, 3, 4, 11, 12, 5, 6, 13, 20, 27, 26, 25, 24, 31, 38, 39, 32, 33, 40, 41]
[00:00:00:03:602] ! Unidirectional s-t. expansions: 585, time: 3,602 [ms], path length: 37 [edges], generated: 9,736
[00:00:00:02:253] Path of length 37 found: [41, 34, 33, 40, 39, 38, 37, 36, 35, 28, 21, 22, 15, 14, 7, 8, 9, 16, 17, 24, 23, 30, 31, 32, 25, 26, 27, 20, 13, 6, 5, 12, 11, 4, 3, 2, 1, 0]
[00:00:00:02:254] ! Unidirectional t-s. expansions: 273, time: 2,253 [ms], path length: 37 [edges], generated: 5,760
[00:00:00:04:332] Path of length 37 found: [0, 7, 14, 21, 28, 35, 36, 37, 38, 39, 40, 33, 26, 25, 32, 31, 30, 23, 22, 15, 16, 17, 10, 9, 8, 1, 2, 3, 4, 11, 12, 5, 6, 13, 20, 27, 34, 41]
[00:00:00:04:643] ! Bidirectional. expansions: 739, time: 4,332 [ms], path length: 37 [edges], g_F: 19, g_B: 18, generated: 0, MM: 1, MMPER: 1.6315789473684212%
[00:00:00:04:643] 
---------- SM_Grids/6x7_grid_with_random_blocks_8per_7 ----------
[00:00:00:59:085] Valid states checked so far: 200,000, Expansions: 9,688, Global best: 36
[00:00:01:01:577] Path of length 35 found: [0, 7, 14, 21, 28, 35, 36, 29, 22, 15, 8, 1, 2, 3, 10, 9, 16, 23, 30, 37, 38, 39, 32, 31, 24, 17, 18, 11, 12, 13, 20, 19, 26, 33, 34, 41]
[00:00:01:01:577] ! Unidirectional s-t. expansions: 10,079, time: 61,577 [ms], path length: 35 [edges], generated: 207,463
[00:00:00:36:366] Path of length 35 found: [41, 34, 27, 20, 13, 12, 11, 10, 3, 2, 9, 16, 23, 22, 29, 30, 31, 24, 17, 18, 19, 26, 25, 32, 39, 38, 37, 36, 35, 28, 21, 14, 15, 8, 1, 0]
[00:00:00:36:366] ! Unidirectional t-s. expansions: 6,585, time: 36,366 [ms], path length: 35 [edges], generated: 113,766
[00:00:00:37:914] Path of length 35 found: [0, 7, 14, 21, 28, 35, 36, 29, 22, 23, 24, 31, 30, 37, 38, 39, 32, 25, 26, 19, 18, 17, 16, 15, 8, 1, 2, 3, 10, 11, 12, 13, 20, 27, 34, 41]
[00:00:00:38:231] ! Bidirectional. expansions: 8,292, time: 37,914 [ms], path length: 35 [edges], g_F: 18, g_B: 17, generated: 0, MM: 1, MMPER: 1.7777777777777777%
[00:00:00:38:232] 
---------- SM_Grids/6x7_grid_with_random_blocks_8per_8 ----------
[00:00:00:40:939] Path of length 35 found: [0, 1, 2, 9, 8, 15, 14, 21, 28, 29, 22, 23, 16, 17, 10, 11, 4, 5, 6, 13, 12, 19, 20, 27, 26, 25, 24, 31, 30, 37, 38, 39, 32, 33, 40, 41]
[00:00:00:40:940] ! Unidirectional s-t. expansions: 6,545, time: 40,939 [ms], path length: 35 [edges], generated: 124,197
[00:00:01:04:074] Valid states checked so far: 200,000, Expansions: 10,151, Global best: 36
[00:00:01:42:997] Path of length 35 found: [41, 34, 27, 20, 13, 6, 5, 4, 11, 12, 19, 18, 17, 24, 23, 30, 31, 32, 25, 26, 33, 40, 39, 38, 37, 36, 29, 28, 21, 14, 15, 16, 9, 2, 1, 0]
[00:00:01:42:997] ! Unidirectional t-s. expansions: 18,409, time: 102,997 [ms], path length: 35 [edges], generated: 339,908
[00:00:00:48:037] Path of length 35 found: [0, 1, 2, 9, 8, 15, 14, 21, 28, 29, 36, 37, 30, 31, 38, 39, 40, 33, 32, 25, 24, 23, 16, 17, 18, 19, 12, 11, 4, 5, 6, 13, 20, 27, 34, 41]
[00:00:00:48:402] ! Bidirectional. expansions: 9,966, time: 48,037 [ms], path length: 35 [edges], g_F: 18, g_B: 17, generated: 0, MM: 1, MMPER: 1.7777777777777777%
[00:00:00:48:403] 
---------- SM_Grids/6x7_grid_with_random_blocks_8per_9 ----------
[00:00:00:01:068] Path of length 37 found: [0, 7, 14, 21, 28, 35, 36, 29, 22, 15, 16, 9, 8, 1, 2, 3, 4, 11, 12, 5, 6, 13, 20, 27, 26, 19, 18, 17, 24, 23, 30, 37, 38, 31, 32, 39, 40, 41]
[00:00:00:01:069] ! Unidirectional s-t. expansions: 86, time: 1,069 [ms], path length: 37 [edges], generated: 1,997
[00:00:00:00:160] Path of length 37 found: [41, 40, 39, 32, 31, 38, 37, 30, 23, 24, 17, 18, 11, 12, 19, 26, 27, 20, 13, 6, 5, 4, 3, 2, 1, 8, 9, 16, 15, 22, 29, 36, 35, 28, 21, 14, 7, 0]
[00:00:00:00:160] ! Unidirectional t-s. expansions: 12, time: 160 [ms], path length: 37 [edges], generated: 282
[00:00:00:00:406] Path of length 37 found: [0, 7, 14, 21, 28, 35, 36, 29, 22, 15, 16, 9, 8, 1, 2, 3, 4, 5, 6, 13, 20, 27, 26, 19, 12, 11, 18, 17, 24, 23, 30, 37, 38, 31, 32, 39, 40, 41]
[00:00:00:00:736] ! Bidirectional. expansions: 41, time: 406 [ms], path length: 37 [edges], g_F: 19, g_B: 18, generated: 0, MM: 1, MMPER: 1.6315789473684212%

[00:00:00:00:736] average expansions: (1,992, 2,671, 2,247, 0)
[00:00:00:00:736] average time: (12,569, 15,490, 11,042, 0)
[00:00:00:00:736] XIDA: 1,992 , 12,569 (expansions , time[ms])
[00:00:00:00:736] BiXIDA: 2,247 , 11,042 (expansions , time[ms])

