------------------------------------
Thu 01 Oct 2026 10:43:14 IDT
SLURM_JOBID:		21942673
SLURM_JOB_NODELIST:	ise-cpu256-26
SLURM_SCRATCH_DIR:	/scratch/shubit/21942673
Allocated Resouces:	cpu - 2 / mem - 61440 MB / gpu - 
SLURM_GPU_INDEX:	
Running as shubit from shimony account with normal QOS
------------------------------------
Thu 01 Oct 2026 10:43:14 IDT

SLURM_JOBID:		 21942673
SLURM_JOB_NODELIST:	 ise-cpu256-26 

--------------------------
date: SM_Grids
number_of_graphs: 10
graph_type: grid
size_of_graphs: [6, 7]
heuristic: bcc_heuristic
snake: False
run_uni: True
run_bi: True
run_multi: False
solution_vertices: []
algorithms: ['A']
lookahead: 2
bsd: False
cube_first_dims: 4
cube_buffer_dim: None
backward_sym_generation: False
sym_coil: False
prefix_set: None

---------- SM_Grids/6x7_grid_with_random_blocks_8per_0 ----------
[00:00:00:00:071] Path of length 35 found: [0, 7, 14, 21, 28, 35, 36, 29, 22, 15, 8, 1, 2, 3, 10, 9, 16, 23, 30, 37, 38, 31, 24, 25, 18, 11, 12, 19, 26, 27, 34, 33, 32, 39, 40, 41]
[00:00:00:00:071] ! Unidirectional s-t. expansions: 18, time: 71 [ms], path length: 35 [edges], generated: 91
[00:00:00:00:066] Path of length 35 found: [41, 34, 27, 26, 19, 12, 11, 18, 25, 24, 23, 16, 9, 10, 3, 2, 1, 8, 15, 22, 29, 30, 31, 32, 33, 40, 39, 38, 37, 36, 35, 28, 21, 14, 7, 0]
[00:00:00:00:066] ! Unidirectional t-s. expansions: 18, time: 66 [ms], path length: 35 [edges], generated: 87
[00:00:00:00:046] Path of length 35 found: [0, 7, 14, 21, 28, 35, 36, 29, 22, 15, 8, 1, 2, 3, 10, 9, 16, 23, 30, 37, 38, 39, 40, 33, 32, 31, 24, 25, 18, 11, 12, 19, 26, 27, 34, 41]
[00:00:00:00:583] ! Bidirectional. expansions: 18, time: 46 [ms], path length: 35 [edges], g_F: 18, g_B: 17, generated: 0, MM: 1, MMPER: 1.7777777777777777%
[00:00:00:00:584] 
---------- SM_Grids/6x7_grid_with_random_blocks_8per_1 ----------
[00:00:00:02:593] Path of length 37 found: [0, 1, 2, 3, 10, 11, 4, 5, 12, 13, 20, 27, 26, 19, 18, 25, 24, 23, 22, 15, 16, 9, 8, 7, 14, 21, 28, 35, 36, 29, 30, 31, 38, 39, 32, 33, 40, 41]
[00:00:00:02:593] ! Unidirectional s-t. expansions: 694, time: 2,593 [ms], path length: 37 [edges], generated: 3,100
[00:00:00:01:915] Path of length 37 found: [41, 40, 39, 38, 31, 32, 33, 34, 27, 26, 19, 20, 13, 12, 5, 4, 3, 2, 1, 8, 15, 16, 9, 10, 11, 18, 25, 24, 23, 30, 29, 36, 35, 28, 21, 14, 7, 0]
[00:00:00:01:915] ! Unidirectional t-s. expansions: 440, time: 1,915 [ms], path length: 37 [edges], generated: 2,329
[00:00:00:03:682] Path of length 37 found: [0, 7, 14, 21, 28, 35, 36, 29, 22, 15, 8, 1, 2, 3, 10, 9, 16, 23, 30, 31, 38, 39, 40, 33, 32, 25, 26, 19, 18, 11, 4, 5, 12, 13, 20, 27, 34, 41]
[00:00:00:04:121] ! Bidirectional. expansions: 1,695, time: 3,682 [ms], path length: 37 [edges], g_F: 19, g_B: 18, generated: 0, MM: 1, MMPER: 1.6315789473684212%
[00:00:00:04:121] 
---------- SM_Grids/6x7_grid_with_random_blocks_8per_2 ----------
[00:00:00:03:414] Path of length 37 found: [0, 1, 2, 3, 10, 11, 12, 5, 6, 13, 20, 27, 26, 19, 18, 25, 24, 17, 16, 9, 8, 7, 14, 15, 22, 23, 30, 29, 28, 35, 36, 37, 38, 31, 32, 39, 40, 41]
[00:00:00:03:415] ! Unidirectional s-t. expansions: 977, time: 3,415 [ms], path length: 37 [edges], generated: 4,837
[00:00:00:01:150] Path of length 37 found: [41, 40, 39, 38, 31, 30, 37, 36, 35, 28, 29, 22, 23, 16, 17, 24, 25, 32, 33, 26, 27, 20, 13, 6, 5, 12, 19, 18, 11, 10, 3, 2, 9, 8, 15, 14, 7, 0]
[00:00:00:01:150] ! Unidirectional t-s. expansions: 306, time: 1,150 [ms], path length: 37 [edges], generated: 1,500
[00:00:00:02:000] Path of length 37 found: [0, 7, 14, 15, 8, 1, 2, 3, 10, 9, 16, 17, 18, 11, 12, 5, 6, 13, 20, 19, 26, 25, 24, 23, 22, 29, 28, 35, 36, 37, 30, 31, 38, 39, 32, 33, 40, 41]
[00:00:00:02:650] ! Bidirectional. expansions: 961, time: 2,000 [ms], path length: 37 [edges], g_F: 19, g_B: 18, generated: 0, MM: 1, MMPER: 1.6315789473684212%
[00:00:00:02:651] 
---------- SM_Grids/6x7_grid_with_random_blocks_8per_3 ----------
[00:00:00:06:093] Path of length 35 found: [0, 1, 2, 9, 10, 11, 4, 5, 12, 19, 20, 27, 26, 25, 24, 31, 30, 29, 22, 23, 16, 15, 8, 7, 14, 21, 28, 35, 36, 37, 38, 39, 32, 33, 40, 41]
[00:00:00:06:094] ! Unidirectional s-t. expansions: 1,673, time: 6,093 [ms], path length: 35 [edges], generated: 7,457
[00:00:00:05:015] Path of length 35 found: [41, 40, 39, 38, 37, 36, 35, 28, 21, 22, 29, 30, 23, 24, 31, 32, 25, 26, 33, 34, 27, 20, 19, 12, 5, 4, 11, 10, 9, 2, 1, 8, 15, 14, 7, 0]
[00:00:00:05:016] ! Unidirectional t-s. expansions: 1,157, time: 5,016 [ms], path length: 35 [edges], generated: 5,738
[00:00:00:05:682] Path of length 35 found: [0, 7, 14, 21, 22, 23, 16, 15, 8, 1, 2, 9, 10, 11, 4, 5, 12, 19, 20, 27, 34, 33, 32, 25, 24, 31, 30, 29, 28, 35, 36, 37, 38, 39, 40, 41]
[00:00:00:06:096] ! Bidirectional. expansions: 2,261, time: 5,682 [ms], path length: 35 [edges], g_F: 18, g_B: 17, generated: 0, MM: 1, MMPER: 1.7777777777777777%
[00:00:00:06:096] 
---------- SM_Grids/6x7_grid_with_random_blocks_8per_4 ----------
[00:00:00:01:645] Path of length 37 found: [0, 7, 14, 21, 22, 29, 28, 35, 36, 37, 38, 39, 32, 31, 24, 23, 16, 15, 8, 1, 2, 3, 4, 5, 6, 13, 20, 19, 12, 11, 10, 17, 18, 25, 26, 33, 34, 41]
[00:00:00:01:646] ! Unidirectional s-t. expansions: 477, time: 1,645 [ms], path length: 37 [edges], generated: 1,920
[00:00:00:01:227] Path of length 37 found: [41, 34, 33, 26, 27, 20, 19, 12, 13, 6, 5, 4, 11, 10, 3, 2, 1, 8, 15, 22, 23, 16, 17, 18, 25, 24, 31, 32, 39, 38, 37, 36, 29, 28, 21, 14, 7, 0]
[00:00:00:01:227] ! Unidirectional t-s. expansions: 258, time: 1,227 [ms], path length: 37 [edges], generated: 1,280
[00:00:00:01:397] Path of length 37 found: [0, 7, 14, 15, 8, 1, 2, 3, 4, 5, 6, 13, 12, 11, 10, 17, 16, 23, 22, 21, 28, 35, 36, 37, 38, 39, 32, 31, 24, 25, 18, 19, 20, 27, 26, 33, 34, 41]
[00:00:00:01:819] ! Bidirectional. expansions: 644, time: 1,398 [ms], path length: 37 [edges], g_F: 19, g_B: 18, generated: 0, MM: 1, MMPER: 1.6315789473684212%
[00:00:00:01:819] 
---------- SM_Grids/6x7_grid_with_random_blocks_8per_5 ----------
[00:00:00:03:637] Path of length 37 found: [0, 1, 2, 3, 4, 5, 6, 13, 20, 27, 26, 25, 18, 19, 12, 11, 10, 17, 16, 23, 30, 29, 22, 15, 8, 7, 14, 21, 28, 35, 36, 37, 38, 31, 32, 39, 40, 41]
[00:00:00:03:637] ! Unidirectional s-t. expansions: 1,119, time: 3,637 [ms], path length: 37 [edges], generated: 5,277
[00:00:00:00:523] Path of length 37 found: [41, 40, 33, 26, 27, 20, 19, 12, 13, 6, 5, 4, 11, 10, 3, 2, 1, 8, 15, 22, 23, 16, 17, 18, 25, 32, 39, 38, 31, 30, 37, 36, 29, 28, 21, 14, 7, 0]
[00:00:00:00:524] ! Unidirectional t-s. expansions: 143, time: 523 [ms], path length: 37 [edges], generated: 573
[00:00:00:01:688] Path of length 37 found: [0, 7, 14, 21, 28, 35, 36, 29, 22, 15, 8, 1, 2, 3, 10, 17, 16, 23, 30, 31, 38, 39, 32, 25, 18, 19, 12, 11, 4, 5, 6, 13, 20, 27, 26, 33, 40, 41]
[00:00:00:02:213] ! Bidirectional. expansions: 868, time: 1,688 [ms], path length: 37 [edges], g_F: 19, g_B: 18, generated: 0, MM: 1, MMPER: 1.6315789473684212%
[00:00:00:02:214] 
---------- SM_Grids/6x7_grid_with_random_blocks_8per_6 ----------
[00:00:00:03:641] Path of length 37 found: [0, 1, 2, 3, 4, 11, 12, 5, 6, 13, 20, 27, 26, 25, 24, 31, 30, 23, 22, 15, 16, 17, 10, 9, 8, 7, 14, 21, 28, 35, 36, 37, 38, 39, 32, 33, 40, 41]
[00:00:00:03:642] ! Unidirectional s-t. expansions: 1,165, time: 3,641 [ms], path length: 37 [edges], generated: 4,861
[00:00:00:02:317] Path of length 37 found: [41, 40, 39, 38, 37, 36, 35, 28, 21, 22, 15, 14, 7, 8, 9, 16, 17, 24, 23, 30, 31, 32, 25, 26, 33, 34, 27, 20, 13, 6, 5, 12, 11, 4, 3, 2, 1, 0]
[00:00:00:02:318] ! Unidirectional t-s. expansions: 536, time: 2,318 [ms], path length: 37 [edges], generated: 2,875
[00:00:00:02:562] Path of length 37 found: [0, 7, 14, 15, 8, 1, 2, 9, 16, 23, 22, 21, 28, 35, 36, 37, 30, 31, 38, 39, 40, 33, 26, 25, 24, 17, 10, 3, 4, 11, 12, 5, 6, 13, 20, 27, 34, 41]
[00:00:00:03:021] ! Bidirectional. expansions: 1,444, time: 2,562 [ms], path length: 37 [edges], g_F: 19, g_B: 18, generated: 0, MM: 1, MMPER: 1.6315789473684212%
[00:00:00:03:022] 
---------- SM_Grids/6x7_grid_with_random_blocks_8per_7 ----------
[00:00:00:33:657] Expansion 10,000: state None, f=36, g=24
[00:00:00:51:906] Path of length 35 found: [0, 1, 2, 3, 10, 9, 16, 23, 30, 29, 22, 15, 8, 7, 14, 21, 28, 35, 36, 37, 38, 39, 32, 31, 24, 17, 18, 11, 12, 13, 20, 19, 26, 33, 34, 41]
[00:00:00:51:906] ! Unidirectional s-t. expansions: 15,315, time: 51,906 [ms], path length: 35 [edges], generated: 79,975
[00:00:00:31:197] Expansion 10,000: state None, f=36, g=22
[00:00:00:37:278] Path of length 35 found: [41, 34, 33, 32, 39, 38, 31, 30, 37, 36, 35, 28, 29, 22, 21, 14, 15, 16, 17, 24, 25, 26, 27, 20, 13, 12, 19, 18, 11, 10, 3, 2, 9, 8, 1, 0]
[00:00:00:37:281] ! Unidirectional t-s. expansions: 11,860, time: 37,280 [ms], path length: 35 [edges], generated: 51,876
[00:00:00:28:445] Path of length 35 found: [0, 7, 14, 21, 28, 35, 36, 37, 30, 29, 22, 23, 16, 15, 8, 1, 2, 9, 10, 11, 18, 25, 24, 31, 38, 39, 32, 33, 26, 19, 12, 13, 20, 27, 34, 41]
[00:00:00:28:871] ! Bidirectional. expansions: 15,096, time: 28,446 [ms], path length: 35 [edges], g_F: 18, g_B: 17, generated: 0, MM: 1, MMPER: 1.7777777777777777%
[00:00:00:28:871] 
---------- SM_Grids/6x7_grid_with_random_blocks_8per_8 ----------
[00:00:00:31:999] Expansion 10,000: state None, f=36, g=24
[00:00:00:39:027] Path of length 35 found: [0, 1, 2, 9, 8, 15, 14, 21, 28, 29, 36, 37, 38, 39, 32, 25, 24, 31, 30, 23, 16, 17, 10, 11, 4, 5, 6, 13, 12, 19, 20, 27, 26, 33, 40, 41]
[00:00:00:39:028] ! Unidirectional s-t. expansions: 11,929, time: 39,027 [ms], path length: 35 [edges], generated: 54,964
[00:00:00:32:819] Expansion 10,000: state None, f=36, g=28
[00:00:00:53:179] Path of length 35 found: [41, 40, 39, 38, 37, 36, 29, 28, 21, 14, 15, 22, 23, 30, 31, 32, 25, 26, 33, 34, 27, 20, 19, 12, 13, 6, 5, 4, 11, 18, 17, 10, 9, 2, 1, 0]
[00:00:00:53:180] ! Unidirectional t-s. expansions: 15,530, time: 53,179 [ms], path length: 35 [edges], generated: 75,483
[00:00:00:33:150] Path of length 35 found: [0, 1, 2, 9, 8, 15, 14, 21, 28, 29, 36, 37, 38, 31, 30, 23, 16, 17, 10, 11, 4, 5, 6, 13, 12, 19, 20, 27, 26, 25, 32, 39, 40, 33, 34, 41]
[00:00:00:33:605] ! Bidirectional. expansions: 16,987, time: 33,150 [ms], path length: 35 [edges], g_F: 18, g_B: 17, generated: 0, MM: 1, MMPER: 1.7777777777777777%
[00:00:00:33:605] 
---------- SM_Grids/6x7_grid_with_random_blocks_8per_9 ----------
[00:00:00:00:877] Path of length 37 found: [0, 1, 8, 7, 14, 21, 28, 35, 36, 29, 22, 15, 16, 9, 2, 3, 4, 11, 12, 5, 6, 13, 20, 27, 26, 19, 18, 17, 24, 23, 30, 37, 38, 31, 32, 39, 40, 41]
[00:00:00:00:877] ! Unidirectional s-t. expansions: 152, time: 877 [ms], path length: 37 [edges], generated: 873
[00:00:00:00:115] Path of length 37 found: [41, 40, 39, 32, 31, 38, 37, 30, 23, 24, 17, 18, 11, 12, 19, 26, 27, 20, 13, 6, 5, 4, 3, 2, 1, 8, 9, 16, 15, 22, 29, 36, 35, 28, 21, 14, 7, 0]
[00:00:00:00:115] ! Unidirectional t-s. expansions: 24, time: 115 [ms], path length: 37 [edges], generated: 113
[00:00:00:00:238] Path of length 37 found: [0, 7, 14, 21, 28, 35, 36, 29, 22, 15, 16, 9, 8, 1, 2, 3, 4, 5, 6, 13, 20, 27, 26, 19, 12, 11, 18, 17, 24, 23, 30, 37, 38, 31, 32, 39, 40, 41]
[00:00:00:00:669] ! Bidirectional. expansions: 73, time: 238 [ms], path length: 37 [edges], g_F: 19, g_B: 18, generated: 0, MM: 1, MMPER: 1.6315789473684212%

[00:00:00:00:669] average expansions: (3,352, 3,027, 4,005, 0)
[00:00:00:00:669] average time: (11,290, 10,279, 7,889, 0)
[00:00:00:00:669] XA*: 3,027 , 10,279 (expansions , time[ms])
[00:00:00:00:669] BiXA*: 4,005 , 7,889 (expansions , time[ms])

