------------------------------------
Thu 01 Oct 2026 10:43:14 IDT
SLURM_JOBID:		21942691
SLURM_JOB_NODELIST:	ise-cpu256-27
SLURM_SCRATCH_DIR:	/scratch/shubit/21942691
Allocated Resouces:	cpu - 2 / mem - 61440 MB / gpu - 
SLURM_GPU_INDEX:	
Running as shubit from shimony account with normal QOS
------------------------------------
Thu 01 Oct 2026 10:43:14 IDT

SLURM_JOBID:		 21942691
SLURM_JOB_NODELIST:	 ise-cpu256-27 

--------------------------
date: SM_Grids
number_of_graphs: 10
graph_type: grid
size_of_graphs: [6, 7]
heuristic: bcc_heuristic
snake: False
run_uni: True
run_bi: True
run_multi: False
solution_vertices: []
algorithms: ['A']
lookahead: 2
bsd: False
cube_first_dims: 4
cube_buffer_dim: None
backward_sym_generation: False
sym_coil: False
prefix_set: None

---------- SM_Grids/6x7_grid_with_random_blocks_20per_0 ----------
[00:00:00:00:078] Path of length 29 found: [0, 7, 14, 21, 28, 29, 22, 15, 16, 9, 2, 3, 10, 11, 12, 19, 20, 27, 26, 25, 24, 31, 30, 37, 38, 39, 32, 33, 40, 41]
[00:00:00:00:079] ! Unidirectional s-t. expansions: 48, time: 79 [ms], path length: 29 [edges], generated: 177
[00:00:00:00:278] Path of length 29 found: [41, 40, 39, 38, 37, 30, 31, 24, 25, 32, 33, 34, 27, 20, 19, 12, 11, 4, 3, 10, 9, 16, 15, 22, 29, 28, 21, 14, 7, 0]
[00:00:00:00:278] ! Unidirectional t-s. expansions: 135, time: 278 [ms], path length: 29 [edges], generated: 586
[00:00:00:00:296] Path of length 29 found: [0, 7, 14, 21, 28, 29, 22, 15, 16, 9, 2, 3, 10, 11, 12, 19, 20, 27, 34, 33, 32, 25, 24, 31, 30, 37, 38, 39, 40, 41]
[00:00:00:00:614] ! Bidirectional. expansions: 173, time: 296 [ms], path length: 29 [edges], g_F: 15, g_B: 14, generated: 0, MM: 1, MMPER: 2.3333333333333335%
[00:00:00:00:614] 
---------- SM_Grids/6x7_grid_with_random_blocks_20per_1 ----------
[00:00:00:00:027] Path of length 25 found: [0, 7, 8, 15, 14, 21, 22, 29, 28, 35, 36, 37, 30, 31, 38, 39, 32, 33, 26, 19, 12, 13, 20, 27, 34, 41]
[00:00:00:00:027] ! Unidirectional s-t. expansions: 13, time: 27 [ms], path length: 25 [edges], generated: 42
[00:00:00:00:027] Path of length 25 found: [41, 34, 27, 20, 13, 12, 19, 26, 33, 32, 39, 38, 31, 30, 37, 36, 35, 28, 29, 22, 21, 14, 15, 8, 7, 0]
[00:00:00:00:027] ! Unidirectional t-s. expansions: 13, time: 27 [ms], path length: 25 [edges], generated: 41
[00:00:00:00:021] Path of length 25 found: [0, 7, 8, 15, 14, 21, 22, 29, 28, 35, 36, 37, 30, 31, 38, 39, 32, 33, 26, 19, 12, 13, 20, 27, 34, 41]
[00:00:00:00:316] ! Bidirectional. expansions: 13, time: 21 [ms], path length: 25 [edges], g_F: 13, g_B: 12, generated: 0, MM: 1, MMPER: 2.8461538461538463%
[00:00:00:00:316] 
---------- SM_Grids/6x7_grid_with_random_blocks_20per_2 ----------
[00:00:00:00:064] Path of length 29 found: [0, 1, 8, 7, 14, 21, 28, 29, 22, 15, 16, 9, 10, 3, 4, 5, 12, 11, 18, 19, 20, 27, 26, 25, 24, 31, 38, 39, 40, 41]
[00:00:00:00:064] ! Unidirectional s-t. expansions: 23, time: 64 [ms], path length: 29 [edges], generated: 101
[00:00:00:00:033] Path of length 29 found: [41, 40, 39, 38, 31, 24, 25, 26, 27, 20, 19, 18, 11, 12, 5, 4, 3, 10, 9, 16, 15, 22, 29, 28, 21, 14, 7, 8, 1, 0]
[00:00:00:00:033] ! Unidirectional t-s. expansions: 15, time: 33 [ms], path length: 29 [edges], generated: 62
[00:00:00:00:022] Path of length 29 found: [0, 1, 8, 7, 14, 21, 28, 29, 22, 15, 16, 9, 10, 3, 4, 5, 12, 11, 18, 19, 20, 27, 26, 25, 24, 31, 38, 39, 40, 41]
[00:00:00:00:312] ! Bidirectional. expansions: 15, time: 22 [ms], path length: 29 [edges], g_F: 15, g_B: 14, generated: 0, MM: 1, MMPER: 2.3333333333333335%
[00:00:00:00:312] 
---------- SM_Grids/6x7_grid_with_random_blocks_20per_3 ----------
[00:00:00:00:129] Path of length 27 found: [0, 1, 2, 3, 4, 11, 10, 9, 8, 7, 14, 15, 16, 17, 24, 23, 30, 37, 38, 31, 32, 25, 26, 27, 34, 33, 40, 41]
[00:00:00:00:129] ! Unidirectional s-t. expansions: 43, time: 129 [ms], path length: 27 [edges], generated: 228
[00:00:00:00:185] Path of length 27 found: [41, 40, 39, 38, 37, 30, 31, 32, 33, 34, 27, 26, 25, 24, 23, 16, 17, 10, 11, 4, 3, 2, 9, 8, 15, 14, 7, 0]
[00:00:00:00:185] ! Unidirectional t-s. expansions: 81, time: 185 [ms], path length: 27 [edges], generated: 317
[00:00:00:00:291] Path of length 27 found: [0, 7, 14, 15, 8, 1, 2, 3, 4, 11, 10, 9, 16, 23, 24, 31, 30, 37, 38, 39, 40, 33, 32, 25, 26, 27, 34, 41]
[00:00:00:00:605] ! Bidirectional. expansions: 188, time: 291 [ms], path length: 27 [edges], g_F: 14, g_B: 13, generated: 0, MM: 1, MMPER: 2.5714285714285716%
[00:00:00:00:605] 
---------- SM_Grids/6x7_grid_with_random_blocks_20per_4 ----------
[00:00:00:00:036] Path of length 29 found: [0, 7, 14, 15, 22, 29, 30, 23, 16, 9, 10, 17, 24, 31, 38, 39, 32, 25, 18, 11, 4, 5, 6, 13, 20, 27, 26, 33, 34, 41]
[00:00:00:00:036] ! Unidirectional s-t. expansions: 15, time: 36 [ms], path length: 29 [edges], generated: 60
[00:00:00:00:034] Path of length 29 found: [41, 34, 27, 20, 13, 6, 5, 4, 11, 10, 9, 16, 23, 24, 17, 18, 25, 26, 33, 32, 39, 38, 31, 30, 29, 22, 15, 14, 7, 0]
[00:00:00:00:034] ! Unidirectional t-s. expansions: 15, time: 34 [ms], path length: 29 [edges], generated: 57
[00:00:00:00:020] Path of length 29 found: [0, 7, 14, 15, 22, 29, 30, 23, 16, 9, 10, 17, 24, 31, 38, 39, 32, 33, 26, 25, 18, 11, 4, 5, 6, 13, 20, 27, 34, 41]
[00:00:00:00:311] ! Bidirectional. expansions: 15, time: 20 [ms], path length: 29 [edges], g_F: 15, g_B: 14, generated: 0, MM: 1, MMPER: 2.3333333333333335%
[00:00:00:00:311] 
---------- SM_Grids/6x7_grid_with_random_blocks_20per_5 ----------
[00:00:00:00:100] Path of length 19 found: [0, 1, 2, 9, 10, 3, 4, 5, 12, 11, 18, 19, 20, 27, 26, 25, 32, 33, 40, 41]
[00:00:00:00:100] ! Unidirectional s-t. expansions: 32, time: 100 [ms], path length: 19 [edges], generated: 172
[00:00:00:00:089] Path of length 19 found: [41, 40, 33, 32, 25, 26, 27, 20, 19, 12, 5, 4, 11, 18, 17, 10, 3, 2, 1, 0]
[00:00:00:00:089] ! Unidirectional t-s. expansions: 28, time: 89 [ms], path length: 19 [edges], generated: 141
[00:00:00:00:044] Path of length 19 found: [0, 1, 2, 9, 10, 3, 4, 5, 12, 11, 18, 19, 20, 27, 26, 25, 32, 33, 40, 41]
[00:00:00:00:332] ! Bidirectional. expansions: 19, time: 44 [ms], path length: 19 [edges], g_F: 10, g_B: 9, generated: 0, MM: 1, MMPER: 4.0%
[00:00:00:00:332] 
---------- SM_Grids/6x7_grid_with_random_blocks_20per_6 ----------
[00:00:00:00:292] Path of length 27 found: [0, 7, 8, 9, 10, 3, 4, 5, 12, 11, 18, 17, 24, 23, 16, 15, 22, 21, 28, 35, 36, 37, 38, 39, 40, 33, 34, 41]
[00:00:00:00:292] ! Unidirectional s-t. expansions: 119, time: 292 [ms], path length: 27 [edges], generated: 523
[00:00:00:00:217] Path of length 27 found: [41, 34, 33, 40, 39, 38, 37, 36, 35, 28, 21, 22, 23, 24, 17, 18, 19, 12, 5, 4, 3, 10, 9, 16, 15, 8, 1, 0]
[00:00:00:00:217] ! Unidirectional t-s. expansions: 118, time: 217 [ms], path length: 27 [edges], generated: 508
[00:00:00:00:116] Path of length 27 found: [0, 7, 8, 15, 16, 9, 10, 3, 4, 5, 12, 11, 18, 17, 24, 23, 22, 21, 28, 35, 36, 37, 38, 39, 40, 33, 34, 41]
[00:00:00:00:408] ! Bidirectional. expansions: 76, time: 116 [ms], path length: 27 [edges], g_F: 14, g_B: 13, generated: 0, MM: 1, MMPER: 2.5714285714285716%
[00:00:00:00:408] 
---------- SM_Grids/6x7_grid_with_random_blocks_20per_7 ----------
[00:00:00:00:141] Path of length 23 found: [0, 1, 8, 7, 14, 15, 22, 23, 24, 31, 30, 37, 38, 39, 32, 25, 18, 19, 20, 27, 26, 33, 40, 41]
[00:00:00:00:141] ! Unidirectional s-t. expansions: 62, time: 141 [ms], path length: 23 [edges], generated: 286
[00:00:00:00:367] Path of length 23 found: [41, 34, 27, 20, 19, 18, 25, 26, 33, 40, 39, 32, 31, 38, 37, 30, 23, 16, 15, 14, 7, 8, 1, 0]
[00:00:00:00:367] ! Unidirectional t-s. expansions: 156, time: 367 [ms], path length: 23 [edges], generated: 672
[00:00:00:00:113] Path of length 23 found: [0, 1, 8, 7, 14, 15, 22, 23, 24, 25, 18, 19, 20, 27, 34, 33, 32, 31, 30, 37, 38, 39, 40, 41]
[00:00:00:00:403] ! Bidirectional. expansions: 61, time: 113 [ms], path length: 23 [edges], g_F: 12, g_B: 11, generated: 0, MM: 1, MMPER: 3.166666666666667%
[00:00:00:00:403] 
---------- SM_Grids/6x7_grid_with_random_blocks_20per_8 ----------
[00:00:00:00:055] Path of length 27 found: [0, 1, 8, 7, 14, 21, 28, 29, 22, 15, 16, 9, 10, 3, 4, 5, 12, 11, 18, 19, 20, 27, 26, 33, 32, 39, 40, 41]
[00:00:00:00:055] ! Unidirectional s-t. expansions: 19, time: 55 [ms], path length: 27 [edges], generated: 90
[00:00:00:00:035] Path of length 27 found: [41, 40, 39, 32, 33, 26, 27, 20, 19, 18, 11, 12, 5, 4, 3, 10, 9, 16, 15, 22, 29, 28, 21, 14, 7, 8, 1, 0]
[00:00:00:00:035] ! Unidirectional t-s. expansions: 15, time: 35 [ms], path length: 27 [edges], generated: 62
[00:00:00:00:040] Path of length 27 found: [0, 1, 8, 7, 14, 21, 28, 29, 22, 15, 16, 9, 10, 3, 4, 5, 12, 11, 18, 19, 20, 27, 26, 33, 32, 39, 40, 41]
[00:00:00:00:331] ! Bidirectional. expansions: 20, time: 41 [ms], path length: 27 [edges], g_F: 14, g_B: 13, generated: 0, MM: 1, MMPER: 2.5714285714285716%
[00:00:00:00:331] 
---------- SM_Grids/6x7_grid_with_random_blocks_20per_9 ----------
[00:00:00:00:052] Path of length 25 found: [0, 7, 14, 21, 22, 15, 8, 1, 2, 9, 10, 17, 24, 23, 30, 37, 38, 31, 32, 39, 40, 33, 26, 27, 34, 41]
[00:00:00:00:053] ! Unidirectional s-t. expansions: 17, time: 53 [ms], path length: 25 [edges], generated: 87
[00:00:00:00:034] Path of length 25 found: [41, 34, 27, 26, 33, 40, 39, 32, 31, 38, 37, 30, 23, 24, 17, 10, 3, 2, 9, 8, 15, 22, 21, 14, 7, 0]
[00:00:00:00:034] ! Unidirectional t-s. expansions: 13, time: 34 [ms], path length: 25 [edges], generated: 56
[00:00:00:00:043] Path of length 25 found: [0, 7, 14, 21, 22, 15, 8, 1, 2, 9, 10, 17, 24, 23, 30, 37, 38, 31, 32, 39, 40, 33, 26, 27, 34, 41]
[00:00:00:00:331] ! Bidirectional. expansions: 19, time: 43 [ms], path length: 25 [edges], g_F: 13, g_B: 12, generated: 0, MM: 1, MMPER: 2.8461538461538463%

[00:00:00:00:332] average expansions: (39, 59, 60, 0)
[00:00:00:00:332] average time: (98, 130, 101, 0)
[00:00:00:00:332] XA*: 39 , 98 (expansions , time[ms])
[00:00:00:00:332] BiXA*: 60 , 101 (expansions , time[ms])

