------------------------------------
Thu 01 Oct 2026 10:43:14 IDT
SLURM_JOBID:		21942678
SLURM_JOB_NODELIST:	ise-cpu256-28
SLURM_SCRATCH_DIR:	/scratch/shubit/21942678
Allocated Resouces:	cpu - 2 / mem - 61440 MB / gpu - 
SLURM_GPU_INDEX:	
Running as shubit from shimony account with normal QOS
------------------------------------
Thu 01 Oct 2026 10:43:14 IDT

SLURM_JOBID:		 21942678
SLURM_JOB_NODELIST:	 ise-cpu256-28 

--------------------------
date: SM_Grids
number_of_graphs: 10
graph_type: grid
size_of_graphs: [6, 7]
heuristic: bcc_heuristic
snake: False
run_uni: True
run_bi: True
run_multi: False
solution_vertices: []
algorithms: ['A']
lookahead: 1
bsd: False
cube_first_dims: 4
cube_buffer_dim: None
backward_sym_generation: False
sym_coil: False
prefix_set: None

---------- SM_Grids/6x7_grid_with_random_blocks_12per_0 ----------
[00:00:00:00:061] Path of length 35 found: [0, 1, 8, 7, 14, 21, 28, 29, 36, 37, 30, 23, 22, 15, 16, 9, 10, 3, 4, 5, 12, 11, 18, 17, 24, 31, 38, 39, 32, 25, 26, 27, 34, 33, 40, 41]
[00:00:00:00:061] ! Unidirectional s-t. expansions: 35, time: 61 [ms], path length: 35 [edges], generated: 58
[00:00:00:00:064] Path of length 35 found: [41, 34, 27, 26, 25, 18, 11, 12, 5, 4, 3, 10, 9, 16, 17, 24, 23, 30, 31, 32, 33, 40, 39, 38, 37, 36, 29, 28, 21, 22, 15, 14, 7, 8, 1, 0]
[00:00:00:00:064] ! Unidirectional t-s. expansions: 36, time: 64 [ms], path length: 35 [edges], generated: 61
[00:00:00:00:145] Path of length 35 found: [0, 1, 8, 7, 14, 15, 22, 21, 28, 29, 36, 37, 38, 39, 40, 33, 32, 31, 30, 23, 24, 17, 16, 9, 10, 3, 4, 5, 12, 11, 18, 25, 26, 27, 34, 41]
[00:00:00:00:583] ! Bidirectional. expansions: 56, time: 145 [ms], path length: 35 [edges], g_F: 29, g_B: 6, generated: 0, MM: 23, MMPER: 62.888888888888886%
[00:00:00:00:584] 
---------- SM_Grids/6x7_grid_with_random_blocks_12per_1 ----------
[00:00:00:01:868] Path of length 31 found: [0, 7, 14, 21, 28, 35, 36, 37, 30, 29, 22, 23, 16, 15, 8, 1, 2, 9, 10, 17, 18, 19, 12, 13, 20, 27, 26, 33, 32, 39, 40, 41]
[00:00:00:01:868] ! Unidirectional s-t. expansions: 866, time: 1,868 [ms], path length: 31 [edges], generated: 1,470
[00:00:00:00:355] Path of length 31 found: [41, 34, 27, 20, 13, 12, 19, 26, 33, 32, 39, 38, 37, 36, 35, 28, 21, 14, 7, 8, 15, 22, 29, 30, 23, 24, 17, 10, 9, 2, 1, 0]
[00:00:00:00:356] ! Unidirectional t-s. expansions: 178, time: 356 [ms], path length: 31 [edges], generated: 337
[00:00:00:07:735] Path of length 31 found: [0, 7, 14, 21, 28, 35, 36, 29, 22, 15, 8, 1, 2, 9, 10, 17, 16, 23, 30, 37, 38, 39, 32, 33, 26, 19, 12, 13, 20, 27, 34, 41]
[00:00:00:08:099] ! Bidirectional. expansions: 2,195, time: 7,735 [ms], path length: 31 [edges], g_F: 23, g_B: 8, generated: 0, MM: 15, MMPER: 45.875%
[00:00:00:08:099] 
---------- SM_Grids/6x7_grid_with_random_blocks_12per_2 ----------
[00:00:00:03:059] Path of length 33 found: [0, 7, 14, 21, 22, 29, 28, 35, 36, 37, 30, 31, 24, 23, 16, 15, 8, 1, 2, 9, 10, 11, 18, 19, 12, 13, 20, 27, 26, 25, 32, 39, 40, 41]
[00:00:00:03:060] ! Unidirectional s-t. expansions: 1,697, time: 3,060 [ms], path length: 33 [edges], generated: 3,019
[00:00:00:00:494] Path of length 33 found: [41, 40, 39, 32, 31, 30, 37, 36, 35, 28, 29, 22, 21, 14, 15, 16, 23, 24, 25, 26, 27, 20, 13, 12, 19, 18, 11, 10, 3, 2, 9, 8, 1, 0]
[00:00:00:00:494] ! Unidirectional t-s. expansions: 315, time: 494 [ms], path length: 33 [edges], generated: 543
[00:00:00:04:531] Path of length 33 found: [0, 7, 14, 15, 16, 9, 8, 1, 2, 3, 10, 11, 18, 19, 12, 13, 20, 27, 26, 25, 24, 23, 22, 21, 28, 35, 36, 29, 30, 31, 32, 39, 40, 41]
[00:00:00:04:923] ! Bidirectional. expansions: 1,862, time: 4,531 [ms], path length: 33 [edges], g_F: 28, g_B: 5, generated: 0, MM: 23, MMPER: 66.6470588235294%
[00:00:00:04:924] 
---------- SM_Grids/6x7_grid_with_random_blocks_12per_3 ----------
[00:00:00:00:622] Path of length 33 found: [0, 1, 2, 3, 4, 5, 6, 13, 12, 11, 10, 9, 16, 15, 22, 21, 28, 35, 36, 29, 30, 23, 24, 17, 18, 19, 26, 27, 34, 33, 32, 39, 40, 41]
[00:00:00:00:622] ! Unidirectional s-t. expansions: 289, time: 622 [ms], path length: 33 [edges], generated: 507
[00:00:00:00:597] Path of length 33 found: [41, 34, 27, 26, 33, 40, 39, 32, 31, 30, 37, 36, 35, 28, 21, 22, 15, 16, 23, 24, 17, 18, 19, 12, 13, 6, 5, 4, 11, 10, 3, 2, 1, 0]
[00:00:00:00:598] ! Unidirectional t-s. expansions: 311, time: 597 [ms], path length: 33 [edges], generated: 545
[00:00:00:02:158] Path of length 33 found: [0, 1, 2, 9, 16, 15, 22, 21, 28, 35, 36, 29, 30, 23, 24, 17, 18, 11, 10, 3, 4, 5, 6, 13, 12, 19, 26, 27, 34, 33, 32, 39, 40, 41]
[00:00:00:02:528] ! Bidirectional. expansions: 742, time: 2,158 [ms], path length: 33 [edges], g_F: 14, g_B: 19, generated: 0, MM: 5, MMPER: 13.705882352941176%
[00:00:00:02:528] 
---------- SM_Grids/6x7_grid_with_random_blocks_12per_4 ----------
[00:00:00:00:406] Path of length 33 found: [0, 1, 2, 9, 10, 3, 4, 11, 18, 19, 20, 27, 34, 33, 26, 25, 32, 31, 24, 23, 16, 15, 8, 7, 14, 21, 28, 35, 36, 37, 38, 39, 40, 41]
[00:00:00:00:406] ! Unidirectional s-t. expansions: 208, time: 406 [ms], path length: 33 [edges], generated: 324
[00:00:00:00:437] Path of length 33 found: [41, 40, 39, 32, 33, 34, 27, 20, 19, 26, 25, 18, 11, 4, 3, 10, 9, 2, 1, 8, 15, 16, 23, 24, 31, 38, 37, 36, 29, 28, 21, 14, 7, 0]
[00:00:00:00:438] ! Unidirectional t-s. expansions: 219, time: 438 [ms], path length: 33 [edges], generated: 353
[00:00:00:02:836] Path of length 33 found: [0, 7, 14, 21, 28, 35, 36, 37, 38, 39, 40, 33, 26, 25, 32, 31, 24, 23, 16, 15, 8, 1, 2, 9, 10, 3, 4, 11, 18, 19, 20, 27, 34, 41]
[00:00:00:03:211] ! Bidirectional. expansions: 886, time: 2,836 [ms], path length: 33 [edges], g_F: 6, g_B: 27, generated: 0, MM: 21, MMPER: 60.76470588235294%
[00:00:00:03:212] 
---------- SM_Grids/6x7_grid_with_random_blocks_12per_5 ----------
[00:00:00:00:082] Path of length 35 found: [0, 1, 8, 15, 14, 21, 22, 29, 28, 35, 36, 37, 38, 31, 24, 23, 16, 9, 2, 3, 10, 11, 18, 25, 32, 39, 40, 33, 26, 19, 12, 13, 20, 27, 34, 41]
[00:00:00:00:082] ! Unidirectional s-t. expansions: 38, time: 82 [ms], path length: 35 [edges], generated: 60
[00:00:00:00:072] Path of length 35 found: [41, 34, 27, 20, 13, 12, 11, 10, 3, 2, 9, 16, 23, 24, 31, 32, 25, 18, 19, 26, 33, 40, 39, 38, 37, 36, 35, 28, 29, 22, 21, 14, 15, 8, 1, 0]
[00:00:00:00:072] ! Unidirectional t-s. expansions: 35, time: 72 [ms], path length: 35 [edges], generated: 55
[00:00:00:00:132] Path of length 35 found: [0, 1, 8, 15, 14, 21, 22, 29, 28, 35, 36, 37, 38, 31, 32, 39, 40, 33, 26, 19, 18, 25, 24, 23, 16, 9, 2, 3, 10, 11, 12, 13, 20, 27, 34, 41]
[00:00:00:00:504] ! Bidirectional. expansions: 45, time: 132 [ms], path length: 35 [edges], g_F: 28, g_B: 7, generated: 0, MM: 21, MMPER: 57.333333333333336%
[00:00:00:00:504] 
---------- SM_Grids/6x7_grid_with_random_blocks_12per_6 ----------
[00:00:00:00:243] Path of length 29 found: [0, 7, 8, 15, 22, 23, 24, 17, 10, 9, 2, 3, 4, 11, 12, 5, 6, 13, 20, 19, 26, 25, 32, 31, 38, 39, 40, 33, 34, 41]
[00:00:00:00:244] ! Unidirectional s-t. expansions: 104, time: 244 [ms], path length: 29 [edges], generated: 179
[00:00:00:00:980] Path of length 29 found: [41, 40, 39, 38, 31, 32, 25, 26, 33, 34, 27, 20, 19, 12, 13, 6, 5, 4, 3, 2, 9, 10, 17, 24, 23, 22, 15, 8, 1, 0]
[00:00:00:00:980] ! Unidirectional t-s. expansions: 465, time: 980 [ms], path length: 29 [edges], generated: 787
[00:00:00:03:370] Path of length 29 found: [0, 1, 2, 9, 8, 15, 22, 23, 24, 17, 10, 3, 4, 11, 12, 5, 6, 13, 20, 27, 26, 25, 32, 31, 38, 39, 40, 33, 34, 41]
[00:00:00:03:775] ! Bidirectional. expansions: 936, time: 3,370 [ms], path length: 29 [edges], g_F: 17, g_B: 12, generated: 0, MM: 5, MMPER: 15.666666666666668%
[00:00:00:03:775] 
---------- SM_Grids/6x7_grid_with_random_blocks_12per_7 ----------
[00:00:00:02:007] Path of length 33 found: [0, 1, 8, 7, 14, 15, 22, 21, 28, 35, 36, 37, 38, 39, 32, 31, 24, 23, 16, 9, 10, 3, 4, 5, 6, 13, 12, 11, 18, 25, 26, 33, 34, 41]
[00:00:00:02:008] ! Unidirectional s-t. expansions: 1,033, time: 2,007 [ms], path length: 33 [edges], generated: 1,732
[00:00:00:01:253] Path of length 33 found: [41, 34, 33, 26, 27, 20, 13, 6, 5, 4, 3, 10, 11, 18, 25, 24, 31, 32, 39, 38, 37, 36, 35, 28, 29, 22, 21, 14, 15, 16, 9, 8, 1, 0]
[00:00:00:01:254] ! Unidirectional t-s. expansions: 671, time: 1,253 [ms], path length: 33 [edges], generated: 1,132
[00:00:00:07:570] Path of length 33 found: [0, 1, 8, 7, 14, 15, 16, 9, 10, 3, 4, 11, 12, 5, 6, 13, 20, 27, 26, 25, 24, 23, 22, 21, 28, 35, 36, 37, 38, 39, 32, 33, 34, 41]
[00:00:00:07:946] ! Bidirectional. expansions: 2,537, time: 7,570 [ms], path length: 33 [edges], g_F: 26, g_B: 7, generated: 0, MM: 19, MMPER: 54.88235294117647%
[00:00:00:07:946] 
---------- SM_Grids/6x7_grid_with_random_blocks_12per_8 ----------
[00:00:00:00:201] Path of length 33 found: [0, 7, 8, 15, 14, 21, 22, 29, 36, 37, 38, 39, 32, 33, 26, 19, 18, 25, 24, 31, 30, 23, 16, 17, 10, 3, 4, 5, 12, 13, 20, 27, 34, 41]
[00:00:00:00:201] ! Unidirectional s-t. expansions: 102, time: 201 [ms], path length: 33 [edges], generated: 173
[00:00:00:00:342] Path of length 33 found: [41, 34, 33, 26, 27, 20, 19, 12, 13, 6, 5, 4, 3, 10, 17, 18, 25, 32, 39, 38, 37, 36, 29, 30, 31, 24, 23, 16, 15, 22, 21, 14, 7, 0]
[00:00:00:00:342] ! Unidirectional t-s. expansions: 159, time: 342 [ms], path length: 33 [edges], generated: 286
[00:00:00:00:709] Path of length 33 found: [0, 7, 8, 15, 14, 21, 22, 29, 36, 37, 30, 23, 16, 17, 10, 3, 4, 5, 6, 13, 12, 19, 18, 25, 24, 31, 38, 39, 32, 33, 26, 27, 34, 41]
[00:00:00:01:019] ! Bidirectional. expansions: 294, time: 709 [ms], path length: 33 [edges], g_F: 21, g_B: 12, generated: 0, MM: 9, MMPER: 25.470588235294116%
[00:00:00:01:019] 
---------- SM_Grids/6x7_grid_with_random_blocks_12per_9 ----------
[00:00:00:00:434] Path of length 33 found: [0, 7, 14, 15, 22, 21, 28, 29, 30, 37, 38, 39, 40, 33, 32, 31, 24, 25, 18, 17, 16, 9, 2, 3, 10, 11, 4, 5, 12, 13, 20, 27, 34, 41]
[00:00:00:00:434] ! Unidirectional s-t. expansions: 268, time: 434 [ms], path length: 33 [edges], generated: 459
[00:00:00:01:243] Path of length 33 found: [41, 40, 39, 32, 33, 34, 27, 20, 13, 6, 5, 12, 11, 4, 3, 10, 17, 18, 25, 24, 31, 38, 37, 30, 29, 28, 21, 22, 15, 16, 9, 2, 1, 0]
[00:00:00:01:243] ! Unidirectional t-s. expansions: 716, time: 1,243 [ms], path length: 33 [edges], generated: 1,220
[00:00:00:01:842] Path of length 33 found: [0, 1, 2, 9, 16, 15, 22, 21, 28, 29, 30, 37, 38, 39, 40, 33, 32, 31, 24, 25, 18, 17, 10, 3, 4, 11, 12, 5, 6, 13, 20, 27, 34, 41]
[00:00:00:02:160] ! Bidirectional. expansions: 751, time: 1,842 [ms], path length: 33 [edges], g_F: 5, g_B: 28, generated: 0, MM: 23, MMPER: 66.6470588235294%

[00:00:00:02:160] average expansions: (464, 310, 1,030, 0)
[00:00:00:02:160] average time: (898, 584, 3,103, 0)
[00:00:00:02:160] XA*: 310 , 584 (expansions , time[ms])
[00:00:00:02:160] BiXA*: 1,030 , 3,103 (expansions , time[ms])

