------------------------------------
Thu 01 Oct 2026 10:43:14 IDT
SLURM_JOBID:		21942674
SLURM_JOB_NODELIST:	ise-cpu256-28
SLURM_SCRATCH_DIR:	/scratch/shubit/21942674
Allocated Resouces:	cpu - 2 / mem - 61440 MB / gpu - 
SLURM_GPU_INDEX:	
Running as shubit from shimony account with normal QOS
------------------------------------
Thu 01 Oct 2026 10:43:14 IDT

SLURM_JOBID:		 21942674
SLURM_JOB_NODELIST:	 ise-cpu256-28 

--------------------------
date: SM_Grids
number_of_graphs: 10
graph_type: grid
size_of_graphs: [6, 7]
heuristic: bcc_heuristic
snake: False
run_uni: True
run_bi: True
run_multi: False
solution_vertices: []
algorithms: ['A']
lookahead: 3
bsd: False
cube_first_dims: 4
cube_buffer_dim: None
backward_sym_generation: False
sym_coil: False
prefix_set: None

---------- SM_Grids/6x7_grid_with_random_blocks_8per_0 ----------
[00:00:00:00:065] Path of length 35 found: [0, 7, 14, 21, 28, 35, 36, 29, 22, 15, 8, 1, 2, 3, 10, 9, 16, 23, 30, 37, 38, 31, 24, 25, 18, 11, 12, 19, 26, 27, 34, 33, 32, 39, 40, 41]
[00:00:00:00:066] ! Unidirectional s-t. expansions: 12, time: 65 [ms], path length: 35 [edges], generated: 139
[00:00:00:00:063] Path of length 35 found: [41, 34, 27, 26, 19, 12, 11, 18, 25, 24, 23, 16, 9, 10, 3, 2, 1, 8, 15, 22, 29, 30, 31, 32, 33, 40, 39, 38, 37, 36, 35, 28, 21, 14, 7, 0]
[00:00:00:00:063] ! Unidirectional t-s. expansions: 12, time: 63 [ms], path length: 35 [edges], generated: 137
[00:00:00:00:101] Path of length 35 found: [0, 7, 14, 21, 28, 35, 36, 29, 22, 15, 8, 1, 2, 3, 10, 9, 16, 23, 30, 37, 38, 39, 40, 33, 32, 31, 24, 25, 18, 11, 12, 19, 26, 27, 34, 41]
[00:00:00:00:472] ! Bidirectional. expansions: 13, time: 101 [ms], path length: 35 [edges], g_F: 23, g_B: 12, generated: 0, MM: 11, MMPER: 29.555555555555557%
[00:00:00:00:472] 
---------- SM_Grids/6x7_grid_with_random_blocks_8per_1 ----------
[00:00:00:02:263] Path of length 37 found: [0, 1, 2, 3, 10, 11, 4, 5, 12, 13, 20, 27, 26, 19, 18, 25, 24, 23, 22, 15, 16, 9, 8, 7, 14, 21, 28, 35, 36, 29, 30, 31, 38, 39, 32, 33, 40, 41]
[00:00:00:02:263] ! Unidirectional s-t. expansions: 482, time: 2,263 [ms], path length: 37 [edges], generated: 4,884
[00:00:00:01:803] Path of length 37 found: [41, 40, 39, 38, 31, 32, 33, 34, 27, 26, 19, 20, 13, 12, 5, 4, 3, 2, 1, 8, 15, 16, 9, 10, 11, 18, 25, 24, 23, 30, 29, 36, 35, 28, 21, 14, 7, 0]
[00:00:00:01:803] ! Unidirectional t-s. expansions: 286, time: 1,803 [ms], path length: 37 [edges], generated: 3,147
[00:00:00:11:331] Path of length 37 found: [0, 7, 14, 21, 28, 35, 36, 29, 22, 15, 8, 1, 2, 3, 10, 9, 16, 23, 30, 31, 24, 25, 32, 39, 40, 33, 26, 19, 18, 11, 4, 5, 12, 13, 20, 27, 34, 41]
[00:00:00:11:670] ! Bidirectional. expansions: 1,206, time: 11,332 [ms], path length: 37 [edges], g_F: 22, g_B: 15, generated: 0, MM: 7, MMPER: 17.42105263157895%
[00:00:00:11:670] 
---------- SM_Grids/6x7_grid_with_random_blocks_8per_2 ----------
[00:00:00:03:128] Path of length 37 found: [0, 1, 2, 3, 10, 11, 12, 5, 6, 13, 20, 27, 26, 19, 18, 25, 24, 17, 16, 9, 8, 7, 14, 15, 22, 23, 30, 29, 28, 35, 36, 37, 38, 31, 32, 39, 40, 41]
[00:00:00:03:129] ! Unidirectional s-t. expansions: 611, time: 3,129 [ms], path length: 37 [edges], generated: 6,414
[00:00:00:01:327] Path of length 37 found: [41, 40, 39, 38, 31, 30, 37, 36, 35, 28, 29, 22, 23, 16, 17, 24, 25, 32, 33, 26, 27, 20, 13, 6, 5, 12, 19, 18, 11, 10, 3, 2, 9, 8, 15, 14, 7, 0]
[00:00:00:01:327] ! Unidirectional t-s. expansions: 217, time: 1,327 [ms], path length: 37 [edges], generated: 2,562
[00:00:00:05:925] Path of length 37 found: [0, 7, 14, 15, 8, 1, 2, 3, 10, 9, 16, 17, 18, 11, 12, 5, 6, 13, 20, 19, 26, 25, 24, 23, 22, 29, 28, 35, 36, 37, 30, 31, 38, 39, 32, 33, 40, 41]
[00:00:00:06:319] ! Bidirectional. expansions: 687, time: 5,925 [ms], path length: 37 [edges], g_F: 21, g_B: 16, generated: 0, MM: 5, MMPER: 12.157894736842104%
[00:00:00:06:319] 
---------- SM_Grids/6x7_grid_with_random_blocks_8per_3 ----------
[00:00:00:06:022] Path of length 35 found: [0, 7, 14, 21, 22, 29, 28, 35, 36, 37, 38, 39, 32, 25, 24, 31, 30, 23, 16, 15, 8, 1, 2, 9, 10, 11, 4, 5, 12, 19, 20, 27, 26, 33, 40, 41]
[00:00:00:06:022] ! Unidirectional s-t. expansions: 1,157, time: 6,022 [ms], path length: 35 [edges], generated: 11,917
[00:00:00:04:906] Path of length 35 found: [41, 40, 39, 38, 37, 36, 35, 28, 21, 22, 29, 30, 23, 24, 31, 32, 25, 26, 33, 34, 27, 20, 19, 12, 5, 4, 11, 10, 9, 2, 1, 8, 15, 14, 7, 0]
[00:00:00:04:906] ! Unidirectional t-s. expansions: 737, time: 4,906 [ms], path length: 35 [edges], generated: 8,068
[00:00:00:17:595] Path of length 35 found: [0, 7, 14, 21, 22, 23, 16, 15, 8, 1, 2, 9, 10, 11, 4, 5, 12, 19, 20, 27, 26, 25, 24, 31, 30, 29, 28, 35, 36, 37, 38, 39, 40, 33, 34, 41]
[00:00:00:18:020] ! Bidirectional. expansions: 1,720, time: 17,595 [ms], path length: 35 [edges], g_F: 22, g_B: 13, generated: 0, MM: 9, MMPER: 24.0%
[00:00:00:18:020] 
---------- SM_Grids/6x7_grid_with_random_blocks_8per_4 ----------
[00:00:00:01:905] Path of length 37 found: [0, 7, 14, 21, 22, 29, 28, 35, 36, 37, 38, 39, 32, 31, 24, 23, 16, 15, 8, 1, 2, 3, 4, 5, 6, 13, 20, 19, 12, 11, 10, 17, 18, 25, 26, 33, 34, 41]
[00:00:00:01:905] ! Unidirectional s-t. expansions: 305, time: 1,905 [ms], path length: 37 [edges], generated: 3,214
[00:00:00:01:140] Path of length 37 found: [41, 34, 33, 26, 27, 20, 19, 12, 13, 6, 5, 4, 11, 10, 3, 2, 1, 8, 15, 22, 23, 16, 17, 18, 25, 24, 31, 32, 39, 38, 37, 36, 29, 28, 21, 14, 7, 0]
[00:00:00:01:141] ! Unidirectional t-s. expansions: 177, time: 1,140 [ms], path length: 37 [edges], generated: 1,809
[00:00:00:04:406] Path of length 37 found: [0, 7, 14, 15, 8, 1, 2, 3, 4, 5, 6, 13, 12, 11, 10, 17, 16, 23, 22, 21, 28, 35, 36, 37, 38, 39, 32, 31, 24, 25, 18, 19, 20, 27, 26, 33, 34, 41]
[00:00:00:04:775] ! Bidirectional. expansions: 454, time: 4,406 [ms], path length: 37 [edges], g_F: 23, g_B: 14, generated: 0, MM: 9, MMPER: 22.68421052631579%
[00:00:00:04:775] 
---------- SM_Grids/6x7_grid_with_random_blocks_8per_5 ----------
[00:00:00:03:579] Path of length 37 found: [0, 1, 2, 3, 4, 5, 6, 13, 20, 27, 26, 25, 18, 19, 12, 11, 10, 17, 16, 23, 30, 29, 22, 15, 8, 7, 14, 21, 28, 35, 36, 37, 38, 31, 32, 39, 40, 41]
[00:00:00:03:579] ! Unidirectional s-t. expansions: 719, time: 3,579 [ms], path length: 37 [edges], generated: 6,878
[00:00:00:00:666] Path of length 37 found: [41, 40, 33, 26, 27, 20, 19, 12, 13, 6, 5, 4, 11, 10, 3, 2, 1, 8, 15, 22, 23, 16, 17, 18, 25, 32, 39, 38, 31, 30, 37, 36, 29, 28, 21, 14, 7, 0]
[00:00:00:00:667] ! Unidirectional t-s. expansions: 103, time: 666 [ms], path length: 37 [edges], generated: 1,049
[00:00:00:05:144] Path of length 37 found: [0, 7, 14, 21, 28, 35, 36, 29, 22, 15, 8, 1, 2, 3, 10, 17, 16, 23, 30, 37, 38, 31, 32, 25, 18, 19, 12, 11, 4, 5, 6, 13, 20, 27, 26, 33, 40, 41]
[00:00:00:05:445] ! Bidirectional. expansions: 663, time: 5,144 [ms], path length: 37 [edges], g_F: 21, g_B: 16, generated: 0, MM: 5, MMPER: 12.157894736842104%
[00:00:00:05:445] 
---------- SM_Grids/6x7_grid_with_random_blocks_8per_6 ----------
[00:00:00:03:789] Path of length 37 found: [0, 1, 2, 9, 16, 23, 22, 15, 8, 7, 14, 21, 28, 35, 36, 37, 30, 31, 38, 39, 32, 25, 24, 17, 10, 3, 4, 11, 12, 5, 6, 13, 20, 27, 34, 33, 40, 41]
[00:00:00:03:790] ! Unidirectional s-t. expansions: 812, time: 3,790 [ms], path length: 37 [edges], generated: 7,523
[00:00:00:01:942] Path of length 37 found: [41, 40, 39, 38, 31, 32, 25, 26, 33, 34, 27, 20, 13, 6, 5, 12, 11, 4, 3, 10, 17, 24, 23, 30, 37, 36, 35, 28, 21, 22, 15, 14, 7, 8, 9, 2, 1, 0]
[00:00:00:01:942] ! Unidirectional t-s. expansions: 334, time: 1,942 [ms], path length: 37 [edges], generated: 3,567
[00:00:00:10:086] Path of length 37 found: [0, 7, 14, 15, 8, 1, 2, 9, 16, 23, 22, 21, 28, 35, 36, 37, 30, 31, 38, 39, 32, 33, 26, 25, 24, 17, 10, 3, 4, 11, 12, 5, 6, 13, 20, 27, 34, 41]
[00:00:00:10:446] ! Bidirectional. expansions: 1,079, time: 10,086 [ms], path length: 37 [edges], g_F: 22, g_B: 15, generated: 0, MM: 7, MMPER: 17.42105263157895%
[00:00:00:10:446] 
---------- SM_Grids/6x7_grid_with_random_blocks_8per_7 ----------
[00:00:00:45:265] Path of length 35 found: [0, 1, 2, 3, 10, 11, 12, 13, 20, 19, 18, 17, 24, 23, 30, 29, 22, 15, 16, 9, 8, 7, 14, 21, 28, 35, 36, 37, 38, 31, 32, 33, 26, 27, 34, 41]
[00:00:00:45:266] ! Unidirectional s-t. expansions: 9,534, time: 45,266 [ms], path length: 35 [edges], generated: 99,928
[00:00:00:37:142] Path of length 35 found: [41, 34, 33, 32, 39, 38, 37, 36, 35, 28, 29, 22, 21, 14, 15, 16, 23, 30, 31, 24, 25, 26, 27, 20, 13, 12, 19, 18, 11, 10, 3, 2, 9, 8, 1, 0]
[00:00:00:37:143] ! Unidirectional t-s. expansions: 8,445, time: 37,143 [ms], path length: 35 [edges], generated: 85,952
[00:00:01:27:117] Path of length 35 found: [0, 7, 14, 21, 28, 35, 36, 29, 22, 15, 16, 9, 8, 1, 2, 3, 10, 11, 18, 17, 24, 23, 30, 37, 38, 39, 32, 33, 26, 19, 12, 13, 20, 27, 34, 41]
[00:00:01:27:481] ! Bidirectional. expansions: 11,480, time: 87,117 [ms], path length: 35 [edges], g_F: 21, g_B: 14, generated: 0, MM: 7, MMPER: 18.444444444444443%
[00:00:01:27:481] 
---------- SM_Grids/6x7_grid_with_random_blocks_8per_8 ----------
[00:00:00:39:282] Path of length 35 found: [0, 1, 2, 9, 10, 11, 4, 5, 6, 13, 12, 19, 20, 27, 26, 25, 18, 17, 24, 31, 30, 23, 16, 15, 14, 21, 28, 29, 36, 37, 38, 39, 32, 33, 40, 41]
[00:00:00:39:282] ! Unidirectional s-t. expansions: 8,285, time: 39,282 [ms], path length: 35 [edges], generated: 89,674
[00:00:00:48:694] Path of length 35 found: [41, 40, 39, 38, 37, 36, 29, 28, 21, 14, 15, 22, 23, 30, 31, 32, 25, 26, 33, 34, 27, 20, 19, 12, 13, 6, 5, 4, 11, 18, 17, 10, 9, 2, 1, 0]
[00:00:00:48:694] ! Unidirectional t-s. expansions: 9,736, time: 48,694 [ms], path length: 35 [edges], generated: 101,295
[00:00:01:37:319] Path of length 35 found: [0, 1, 2, 9, 16, 23, 22, 15, 14, 21, 28, 29, 36, 37, 30, 31, 38, 39, 40, 33, 26, 25, 18, 17, 10, 11, 4, 5, 6, 13, 12, 19, 20, 27, 34, 41]
[00:00:01:37:688] ! Bidirectional. expansions: 12,522, time: 97,319 [ms], path length: 35 [edges], g_F: 22, g_B: 13, generated: 0, MM: 9, MMPER: 24.0%
[00:00:01:37:688] 
---------- SM_Grids/6x7_grid_with_random_blocks_8per_9 ----------
[00:00:00:00:817] Path of length 37 found: [0, 1, 8, 7, 14, 21, 28, 35, 36, 29, 22, 15, 16, 9, 2, 3, 4, 11, 12, 5, 6, 13, 20, 27, 26, 19, 18, 17, 24, 23, 30, 37, 38, 31, 32, 39, 40, 41]
[00:00:00:00:817] ! Unidirectional s-t. expansions: 106, time: 817 [ms], path length: 37 [edges], generated: 1,163
[00:00:00:00:091] Path of length 37 found: [41, 40, 39, 32, 31, 38, 37, 30, 23, 24, 17, 18, 11, 12, 19, 26, 27, 20, 13, 6, 5, 4, 3, 2, 1, 8, 9, 16, 15, 22, 29, 36, 35, 28, 21, 14, 7, 0]
[00:00:00:00:091] ! Unidirectional t-s. expansions: 16, time: 91 [ms], path length: 37 [edges], generated: 124
[00:00:00:00:921] Path of length 37 found: [0, 7, 14, 21, 28, 35, 36, 29, 22, 15, 16, 9, 8, 1, 2, 3, 4, 11, 12, 5, 6, 13, 20, 27, 26, 19, 18, 17, 24, 23, 30, 37, 38, 31, 32, 39, 40, 41]
[00:00:00:01:325] ! Bidirectional. expansions: 70, time: 921 [ms], path length: 37 [edges], g_F: 23, g_B: 14, generated: 0, MM: 9, MMPER: 22.68421052631579%

[00:00:00:01:325] average expansions: (2,202, 2,006, 2,989, 0)
[00:00:00:01:325] average time: (10,612, 9,778, 23,995, 0)
[00:00:00:01:326] XA*: 2,006 , 9,778 (expansions , time[ms])
[00:00:00:01:326] BiXA*: 2,989 , 23,995 (expansions , time[ms])

