------------------------------------
Thu 01 Oct 2026 13:44:37 IDT
SLURM_JOBID:		21947700
SLURM_JOB_NODELIST:	ise-cpu256-32
SLURM_SCRATCH_DIR:	/scratch/shubit/21947700
Allocated Resouces:	cpu - 2 / mem - 61440 MB / gpu - 
SLURM_GPU_INDEX:	
Running as shubit from shimony account with normal QOS
------------------------------------
Thu 01 Oct 2026 13:44:37 IDT

SLURM_JOBID:		 21947700
SLURM_JOB_NODELIST:	 ise-cpu256-32 

--------------------------
date: SM_Grids
number_of_graphs: 10
graph_type: grid
size_of_graphs: [6, 7]
heuristic: bcc_heuristic
snake: False
run_uni: True
run_bi: True
run_multi: False
solution_vertices: []
algorithms: ['DFBnB']
lookahead: 2
bsd: False
cube_first_dims: 4
cube_buffer_dim: None
backward_sym_generation: False
sym_coil: False
prefix_set: None

---------- SM_Grids/6x7_grid_with_random_blocks_12per_0 ----------
[00:00:00:00:042] Path of length 35 found: [0, 1, 8, 7, 14, 21, 28, 29, 36, 37, 30, 23, 22, 15, 16, 9, 10, 3, 4, 5, 12, 11, 18, 17, 24, 31, 38, 39, 32, 25, 26, 27, 34, 33, 40, 41]
[00:00:00:00:043] ! Unidirectional s-t. expansions: 18, time: 42 [ms], path length: 35 [edges], generated: 90
[00:00:00:00:038] Path of length 35 found: [41, 34, 27, 26, 25, 18, 11, 12, 5, 4, 3, 10, 9, 16, 17, 24, 23, 30, 31, 32, 33, 40, 39, 38, 37, 36, 29, 28, 21, 22, 15, 14, 7, 8, 1, 0]
[00:00:00:00:038] ! Unidirectional t-s. expansions: 18, time: 38 [ms], path length: 35 [edges], generated: 85
[00:00:00:00:063] Path of length 35 found: [0, 1, 8, 7, 14, 21, 28, 29, 36, 37, 38, 39, 40, 33, 32, 31, 30, 23, 22, 15, 16, 9, 10, 3, 4, 5, 12, 11, 18, 17, 24, 25, 26, 27, 34, 41]
[00:00:00:00:416] ! Bidirectional. expansions: 44, time: 63 [ms], path length: 35 [edges], g_F: 18, g_B: 17, generated: 0, MM: 1, MMPER: 1.7777777777777777%
[00:00:00:00:417] 
---------- SM_Grids/6x7_grid_with_random_blocks_12per_1 ----------
[00:00:00:01:105] Path of length 31 found: [0, 7, 14, 21, 28, 35, 36, 29, 22, 15, 8, 1, 2, 9, 10, 17, 16, 23, 30, 37, 38, 39, 32, 33, 26, 19, 12, 13, 20, 27, 34, 41]
[00:00:00:01:106] ! Unidirectional s-t. expansions: 463, time: 1,106 [ms], path length: 31 [edges], generated: 1,936
[00:00:00:00:239] Path of length 31 found: [41, 34, 27, 20, 13, 12, 19, 26, 33, 32, 39, 38, 37, 30, 23, 24, 17, 10, 9, 2, 1, 8, 15, 22, 29, 36, 35, 28, 21, 14, 7, 0]
[00:00:00:00:239] ! Unidirectional t-s. expansions: 100, time: 239 [ms], path length: 31 [edges], generated: 568
[00:00:00:00:523] Path of length 31 found: [0, 7, 14, 21, 28, 35, 36, 29, 22, 15, 8, 1, 2, 9, 10, 17, 16, 23, 30, 37, 38, 39, 32, 33, 26, 19, 12, 13, 20, 27, 34, 41]
[00:00:00:00:837] ! Bidirectional. expansions: 224, time: 523 [ms], path length: 31 [edges], g_F: 16, g_B: 15, generated: 0, MM: 1, MMPER: 2.125%
[00:00:00:00:837] 
---------- SM_Grids/6x7_grid_with_random_blocks_12per_2 ----------
[00:00:00:01:892] Path of length 33 found: [0, 7, 14, 21, 28, 35, 36, 37, 30, 29, 22, 15, 8, 1, 2, 3, 10, 9, 16, 23, 24, 31, 32, 25, 18, 11, 12, 13, 20, 19, 26, 27, 34, 41]
[00:00:00:01:893] ! Unidirectional s-t. expansions: 851, time: 1,892 [ms], path length: 33 [edges], generated: 3,906
[00:00:00:00:275] Path of length 33 found: [41, 40, 39, 32, 25, 18, 19, 26, 27, 20, 13, 12, 11, 10, 3, 2, 1, 8, 9, 16, 15, 22, 23, 24, 31, 30, 37, 36, 29, 28, 21, 14, 7, 0]
[00:00:00:00:275] ! Unidirectional t-s. expansions: 153, time: 275 [ms], path length: 33 [edges], generated: 635
[00:00:00:00:440] Path of length 33 found: [0, 7, 14, 21, 28, 35, 36, 37, 30, 31, 24, 23, 22, 15, 16, 9, 8, 1, 2, 3, 10, 11, 12, 13, 20, 27, 26, 19, 18, 25, 32, 39, 40, 41]
[00:00:00:00:767] ! Bidirectional. expansions: 210, time: 440 [ms], path length: 33 [edges], g_F: 17, g_B: 16, generated: 0, MM: 1, MMPER: 1.9411764705882355%
[00:00:00:00:768] 
---------- SM_Grids/6x7_grid_with_random_blocks_12per_3 ----------
[00:00:00:00:453] Path of length 33 found: [0, 1, 2, 9, 16, 15, 22, 21, 28, 35, 36, 29, 30, 23, 24, 17, 10, 3, 4, 5, 6, 13, 12, 11, 18, 19, 26, 27, 34, 33, 32, 39, 40, 41]
[00:00:00:00:453] ! Unidirectional s-t. expansions: 150, time: 453 [ms], path length: 33 [edges], generated: 764
[00:00:00:00:333] Path of length 33 found: [41, 34, 27, 26, 33, 40, 39, 32, 31, 24, 23, 30, 37, 36, 35, 28, 21, 22, 15, 16, 9, 10, 17, 18, 19, 12, 13, 6, 5, 4, 3, 2, 1, 0]
[00:00:00:00:334] ! Unidirectional t-s. expansions: 163, time: 334 [ms], path length: 33 [edges], generated: 706
[00:00:00:00:296] Path of length 33 found: [0, 1, 2, 9, 10, 3, 4, 5, 6, 13, 12, 11, 18, 17, 16, 15, 22, 21, 28, 35, 36, 37, 30, 23, 24, 31, 32, 39, 40, 33, 26, 27, 34, 41]
[00:00:00:00:615] ! Bidirectional. expansions: 209, time: 296 [ms], path length: 33 [edges], g_F: 17, g_B: 16, generated: 0, MM: 1, MMPER: 1.9411764705882355%
[00:00:00:00:615] 
---------- SM_Grids/6x7_grid_with_random_blocks_12per_4 ----------
[00:00:00:00:258] Path of length 33 found: [0, 7, 14, 21, 28, 35, 36, 37, 38, 31, 24, 23, 16, 15, 8, 1, 2, 9, 10, 3, 4, 11, 18, 25, 32, 39, 40, 33, 26, 19, 20, 27, 34, 41]
[00:00:00:00:259] ! Unidirectional s-t. expansions: 121, time: 259 [ms], path length: 33 [edges], generated: 486
[00:00:00:00:291] Path of length 33 found: [41, 34, 27, 20, 19, 18, 11, 4, 3, 10, 9, 2, 1, 8, 15, 16, 23, 24, 31, 32, 25, 26, 33, 40, 39, 38, 37, 36, 29, 28, 21, 14, 7, 0]
[00:00:00:00:292] ! Unidirectional t-s. expansions: 108, time: 291 [ms], path length: 33 [edges], generated: 510
[00:00:00:00:471] Path of length 33 found: [0, 7, 14, 21, 28, 35, 36, 37, 38, 31, 32, 39, 40, 33, 26, 25, 24, 23, 16, 15, 8, 1, 2, 9, 10, 3, 4, 11, 18, 19, 20, 27, 34, 41]
[00:00:00:00:785] ! Bidirectional. expansions: 183, time: 471 [ms], path length: 33 [edges], g_F: 17, g_B: 16, generated: 0, MM: 1, MMPER: 1.9411764705882355%
[00:00:00:00:785] 
---------- SM_Grids/6x7_grid_with_random_blocks_12per_5 ----------
[00:00:00:00:098] Path of length 35 found: [0, 1, 8, 15, 14, 21, 22, 29, 28, 35, 36, 37, 38, 31, 24, 23, 16, 9, 2, 3, 10, 11, 18, 25, 32, 39, 40, 33, 26, 19, 12, 13, 20, 27, 34, 41]
[00:00:00:00:098] ! Unidirectional s-t. expansions: 56, time: 98 [ms], path length: 35 [edges], generated: 226
[00:00:00:00:042] Path of length 35 found: [41, 34, 27, 20, 13, 12, 11, 10, 3, 2, 9, 16, 23, 24, 31, 32, 25, 18, 19, 26, 33, 40, 39, 38, 37, 36, 35, 28, 29, 22, 21, 14, 15, 8, 1, 0]
[00:00:00:00:042] ! Unidirectional t-s. expansions: 18, time: 42 [ms], path length: 35 [edges], generated: 71
[00:00:00:00:069] Path of length 35 found: [0, 1, 8, 15, 14, 21, 22, 29, 28, 35, 36, 37, 38, 31, 32, 39, 40, 33, 26, 19, 18, 25, 24, 23, 16, 9, 2, 3, 10, 11, 12, 13, 20, 27, 34, 41]
[00:00:00:00:382] ! Bidirectional. expansions: 40, time: 70 [ms], path length: 35 [edges], g_F: 18, g_B: 17, generated: 0, MM: 1, MMPER: 1.7777777777777777%
[00:00:00:00:382] 
---------- SM_Grids/6x7_grid_with_random_blocks_12per_6 ----------
[00:00:00:00:206] Path of length 29 found: [0, 7, 8, 15, 22, 23, 24, 17, 10, 9, 2, 3, 4, 11, 12, 5, 6, 13, 20, 19, 26, 25, 32, 31, 38, 39, 40, 33, 34, 41]
[00:00:00:00:206] ! Unidirectional s-t. expansions: 55, time: 206 [ms], path length: 29 [edges], generated: 286
[00:00:00:00:600] Path of length 29 found: [41, 34, 27, 20, 13, 6, 5, 4, 3, 2, 9, 10, 11, 12, 19, 26, 25, 32, 33, 40, 39, 38, 31, 24, 23, 22, 15, 8, 1, 0]
[00:00:00:00:600] ! Unidirectional t-s. expansions: 261, time: 600 [ms], path length: 29 [edges], generated: 1,106
[00:00:00:00:474] Path of length 29 found: [0, 7, 8, 15, 22, 23, 24, 31, 38, 39, 40, 33, 32, 25, 26, 19, 12, 11, 10, 9, 2, 3, 4, 5, 6, 13, 20, 27, 34, 41]
[00:00:00:00:774] ! Bidirectional. expansions: 213, time: 474 [ms], path length: 29 [edges], g_F: 15, g_B: 14, generated: 0, MM: 1, MMPER: 2.3333333333333335%
[00:00:00:00:774] 
---------- SM_Grids/6x7_grid_with_random_blocks_12per_7 ----------
[00:00:00:01:116] Path of length 33 found: [0, 1, 8, 7, 14, 21, 28, 35, 36, 29, 22, 15, 16, 9, 10, 3, 4, 5, 6, 13, 12, 11, 18, 25, 24, 31, 38, 39, 32, 33, 26, 27, 34, 41]
[00:00:00:01:116] ! Unidirectional s-t. expansions: 509, time: 1,116 [ms], path length: 33 [edges], generated: 2,259
[00:00:00:00:739] Path of length 33 found: [41, 34, 27, 20, 13, 6, 5, 12, 11, 4, 3, 10, 9, 16, 15, 22, 23, 24, 25, 26, 33, 32, 31, 38, 37, 36, 29, 28, 21, 14, 7, 8, 1, 0]
[00:00:00:00:739] ! Unidirectional t-s. expansions: 372, time: 739 [ms], path length: 33 [edges], generated: 1,615
[00:00:00:01:487] Path of length 33 found: [0, 1, 8, 7, 14, 21, 28, 35, 36, 37, 38, 39, 32, 33, 26, 25, 24, 23, 22, 15, 16, 9, 10, 3, 4, 11, 12, 5, 6, 13, 20, 27, 34, 41]
[00:00:00:01:792] ! Bidirectional. expansions: 797, time: 1,487 [ms], path length: 33 [edges], g_F: 17, g_B: 16, generated: 0, MM: 1, MMPER: 1.9411764705882355%
[00:00:00:01:792] 
---------- SM_Grids/6x7_grid_with_random_blocks_12per_8 ----------
[00:00:00:00:110] Path of length 33 found: [0, 7, 8, 15, 14, 21, 22, 29, 36, 37, 30, 23, 16, 17, 10, 3, 4, 5, 6, 13, 12, 19, 18, 25, 24, 31, 38, 39, 32, 33, 26, 27, 34, 41]
[00:00:00:00:110] ! Unidirectional s-t. expansions: 51, time: 110 [ms], path length: 33 [edges], generated: 218
[00:00:00:00:289] Path of length 33 found: [41, 34, 27, 20, 13, 6, 5, 4, 3, 10, 17, 16, 23, 30, 31, 24, 25, 18, 19, 26, 33, 32, 39, 38, 37, 36, 29, 22, 21, 14, 15, 8, 7, 0]
[00:00:00:00:289] ! Unidirectional t-s. expansions: 94, time: 289 [ms], path length: 33 [edges], generated: 475
[00:00:00:00:175] Path of length 33 found: [0, 7, 8, 15, 14, 21, 22, 29, 36, 37, 30, 31, 38, 39, 32, 33, 26, 19, 18, 25, 24, 23, 16, 17, 10, 3, 4, 5, 6, 13, 20, 27, 34, 41]
[00:00:00:00:481] ! Bidirectional. expansions: 104, time: 176 [ms], path length: 33 [edges], g_F: 17, g_B: 16, generated: 0, MM: 1, MMPER: 1.9411764705882355%
[00:00:00:00:482] 
---------- SM_Grids/6x7_grid_with_random_blocks_12per_9 ----------
[00:00:00:00:293] Path of length 33 found: [0, 7, 14, 21, 28, 29, 22, 15, 16, 9, 2, 3, 10, 17, 24, 31, 30, 37, 38, 39, 32, 25, 18, 11, 4, 5, 12, 13, 20, 27, 34, 33, 40, 41]
[00:00:00:00:293] ! Unidirectional s-t. expansions: 127, time: 293 [ms], path length: 33 [edges], generated: 547
[00:00:00:00:784] Path of length 33 found: [41, 34, 27, 20, 13, 6, 5, 12, 11, 4, 3, 10, 9, 16, 17, 18, 25, 24, 31, 32, 33, 40, 39, 38, 37, 30, 29, 28, 21, 22, 15, 14, 7, 0]
[00:00:00:00:784] ! Unidirectional t-s. expansions: 340, time: 784 [ms], path length: 33 [edges], generated: 1,496
[00:00:00:00:334] Path of length 33 found: [0, 7, 14, 21, 28, 29, 22, 15, 16, 9, 2, 3, 10, 17, 24, 31, 30, 37, 38, 39, 40, 33, 32, 25, 18, 11, 12, 5, 6, 13, 20, 27, 34, 41]
[00:00:00:00:650] ! Bidirectional. expansions: 172, time: 334 [ms], path length: 33 [edges], g_F: 17, g_B: 16, generated: 0, MM: 1, MMPER: 1.9411764705882355%

[00:00:00:00:650] average expansions: (240, 163, 220, 0)
[00:00:00:00:650] average time: (558, 363, 433, 0)
[00:00:00:00:651] XDFBnB: 163 , 363 (expansions , time[ms])
[00:00:00:00:651] BiXDFBnB: 220 , 433 (expansions , time[ms])

