------------------------------------
Thu 01 Oct 2026 13:45:26 IDT
SLURM_JOBID:		21947718
SLURM_JOB_NODELIST:	ise-cpu256-01
SLURM_SCRATCH_DIR:	/scratch/shubit/21947718
Allocated Resouces:	cpu - 2 / mem - 61440 MB / gpu - 
SLURM_GPU_INDEX:	
Running as shubit from shimony account with normal QOS
------------------------------------
Thu 01 Oct 2026 13:45:26 IDT

SLURM_JOBID:		 21947718
SLURM_JOB_NODELIST:	 ise-cpu256-01 

--------------------------
date: SM_Grids
number_of_graphs: 10
graph_type: grid
size_of_graphs: [6, 8]
heuristic: bcc_heuristic
snake: False
run_uni: True
run_bi: True
run_multi: False
solution_vertices: []
algorithms: ['DFBnB']
lookahead: 2
bsd: False
cube_first_dims: 4
cube_buffer_dim: None
backward_sym_generation: False
sym_coil: False
prefix_set: None

---------- SM_Grids/6x8_grid_with_random_blocks_8per_0 ----------
[00:00:01:11:953] Valid states checked so far: 200,000, Expansions: 45,955, Global best: 41
[00:00:02:31:671] Valid states checked so far: 400,000, Expansions: 90,980, Global best: 41
[00:00:03:17:396] Path of length 40 found: [0, 1, 9, 8, 16, 24, 32, 40, 41, 33, 25, 17, 18, 10, 11, 3, 4, 12, 20, 19, 27, 26, 34, 42, 43, 35, 36, 28, 29, 21, 13, 5, 6, 14, 15, 23, 31, 30, 38, 46, 47]
[00:00:03:17:396] ! Unidirectional s-t. expansions: 116,256, time: 197,396 [ms], path length: 40 [edges], generated: 512,908
[00:00:01:12:794] Valid states checked so far: 200,000, Expansions: 40,875, Global best: 41
[00:00:02:21:635] Valid states checked so far: 400,000, Expansions: 81,877, Global best: 41
[00:00:02:31:855] Path of length 40 found: [47, 46, 38, 39, 31, 23, 15, 7, 6, 14, 13, 5, 4, 3, 11, 12, 20, 21, 29, 37, 36, 28, 27, 19, 18, 10, 9, 17, 25, 26, 34, 35, 43, 42, 41, 33, 32, 24, 16, 8, 0]
[00:00:02:31:856] ! Unidirectional t-s. expansions: 88,127, time: 151,855 [ms], path length: 40 [edges], generated: 429,133
[00:00:01:23:130] Expansions: 50,000. F states: 94,279, B states: 101,680. Checks: 196,971)
[00:00:02:15:271] Path of length 40 found: [0, 1, 9, 8, 16, 24, 32, 40, 41, 33, 25, 17, 18, 10, 11, 19, 27, 26, 34, 42, 43, 35, 36, 28, 29, 21, 20, 12, 4, 5, 13, 14, 6, 7, 15, 23, 31, 39, 38, 46, 47]
[00:00:02:15:668] ! Bidirectional. expansions: 82,081, time: 135,271 [ms], path length: 40 [edges], g_F: 20, g_B: 20, generated: 0, MM: 0, MMPER: -1.0%
[00:00:02:15:669] 
---------- SM_Grids/6x8_grid_with_random_blocks_8per_1 ----------
[00:00:00:03:752] Path of length 42 found: [0, 8, 16, 24, 32, 40, 41, 33, 25, 17, 18, 10, 11, 3, 4, 12, 20, 19, 27, 26, 34, 42, 43, 35, 36, 28, 29, 21, 13, 14, 6, 7, 15, 23, 22, 30, 31, 39, 38, 37, 45, 46, 47]
[00:00:00:03:752] ! Unidirectional s-t. expansions: 1,290, time: 3,752 [ms], path length: 42 [edges], generated: 7,445
[00:00:00:20:355] Path of length 42 found: [47, 39, 31, 23, 15, 7, 6, 14, 13, 12, 4, 3, 11, 10, 18, 17, 25, 33, 34, 26, 27, 19, 20, 28, 36, 37, 29, 21, 22, 30, 38, 46, 45, 44, 43, 42, 41, 40, 32, 24, 16, 8, 0]
[00:00:00:20:356] ! Unidirectional t-s. expansions: 8,835, time: 20,355 [ms], path length: 42 [edges], generated: 44,725
[00:00:00:08:465] Path of length 42 found: [0, 8, 16, 24, 32, 40, 41, 33, 25, 17, 18, 26, 34, 42, 43, 35, 36, 44, 45, 46, 38, 37, 29, 30, 22, 21, 20, 28, 27, 19, 11, 3, 4, 12, 13, 14, 6, 7, 15, 23, 31, 39, 47]
[00:00:00:08:847] ! Bidirectional. expansions: 4,479, time: 8,465 [ms], path length: 42 [edges], g_F: 21, g_B: 21, generated: 0, MM: 0, MMPER: -1.0%
[00:00:00:08:847] 
---------- SM_Grids/6x8_grid_with_random_blocks_8per_2 ----------
[00:00:00:49:948] Path of length 40 found: [0, 8, 16, 24, 32, 40, 41, 42, 34, 33, 25, 17, 9, 1, 2, 3, 11, 10, 18, 26, 27, 19, 20, 28, 36, 44, 45, 37, 29, 21, 22, 14, 6, 7, 15, 23, 31, 30, 38, 46, 47]
[00:00:00:49:948] ! Unidirectional s-t. expansions: 23,869, time: 49,948 [ms], path length: 40 [edges], generated: 133,738
[00:00:00:37:257] Path of length 40 found: [47, 39, 31, 23, 15, 7, 6, 14, 22, 21, 20, 12, 11, 3, 2, 1, 9, 10, 18, 19, 27, 28, 29, 30, 38, 46, 45, 37, 36, 35, 34, 26, 25, 33, 41, 40, 32, 24, 16, 8, 0]
[00:00:00:37:258] ! Unidirectional t-s. expansions: 19,020, time: 37,258 [ms], path length: 40 [edges], generated: 101,797
[00:00:00:59:347] Path of length 40 found: [0, 8, 16, 24, 32, 40, 41, 42, 34, 33, 25, 17, 9, 1, 2, 3, 11, 10, 18, 26, 27, 35, 36, 37, 45, 46, 38, 30, 29, 28, 20, 21, 22, 14, 6, 7, 15, 23, 31, 39, 47]
[00:00:00:59:725] ! Bidirectional. expansions: 35,973, time: 59,347 [ms], path length: 40 [edges], g_F: 20, g_B: 20, generated: 0, MM: 0, MMPER: -1.0%
[00:00:00:59:725] 
---------- SM_Grids/6x8_grid_with_random_blocks_8per_3 ----------
[00:00:00:23:042] Path of length 42 found: [0, 8, 9, 1, 2, 10, 18, 17, 25, 24, 32, 40, 41, 33, 34, 26, 27, 19, 11, 3, 4, 12, 20, 28, 36, 35, 43, 44, 45, 37, 29, 21, 13, 14, 6, 7, 15, 23, 31, 30, 38, 46, 47]
[00:00:00:23:042] ! Unidirectional s-t. expansions: 11,677, time: 23,042 [ms], path length: 42 [edges], generated: 57,493
[00:00:00:36:148] Path of length 42 found: [47, 39, 31, 23, 15, 7, 6, 14, 13, 12, 4, 3, 2, 10, 11, 19, 18, 26, 34, 35, 27, 28, 20, 21, 29, 30, 38, 46, 45, 37, 36, 44, 43, 42, 41, 40, 32, 24, 25, 17, 9, 1, 0]
[00:00:00:36:148] ! Unidirectional t-s. expansions: 18,345, time: 36,148 [ms], path length: 42 [edges], generated: 89,282
[00:00:00:20:038] Path of length 42 found: [0, 8, 9, 1, 2, 10, 18, 17, 25, 24, 32, 40, 41, 33, 34, 42, 43, 44, 45, 46, 38, 30, 29, 21, 20, 28, 36, 35, 27, 19, 11, 3, 4, 12, 13, 14, 6, 7, 15, 23, 31, 39, 47]
[00:00:00:20:392] ! Bidirectional. expansions: 11,598, time: 20,038 [ms], path length: 42 [edges], g_F: 21, g_B: 21, generated: 0, MM: 0, MMPER: -1.0%
[00:00:00:20:393] 
---------- SM_Grids/6x8_grid_with_random_blocks_8per_4 ----------
[00:00:01:23:276] Valid states checked so far: 200,000, Expansions: 45,113, Global best: 43
[00:00:01:30:490] Path of length 42 found: [0, 1, 9, 17, 16, 24, 32, 40, 41, 33, 25, 26, 18, 10, 2, 3, 11, 19, 27, 35, 34, 42, 43, 44, 45, 37, 36, 28, 20, 12, 4, 5, 6, 7, 15, 14, 13, 21, 29, 30, 38, 39, 47]
[00:00:01:30:491] ! Unidirectional s-t. expansions: 48,772, time: 90,490 [ms], path length: 42 [edges], generated: 216,256
[00:00:00:40:245] Path of length 42 found: [47, 39, 31, 30, 38, 37, 45, 44, 36, 28, 29, 21, 22, 14, 15, 7, 6, 5, 13, 12, 4, 3, 2, 10, 11, 19, 18, 26, 27, 35, 43, 42, 34, 33, 41, 40, 32, 24, 16, 17, 9, 1, 0]
[00:00:00:40:246] ! Unidirectional t-s. expansions: 19,838, time: 40,245 [ms], path length: 42 [edges], generated: 86,176
[00:00:00:30:231] Path of length 42 found: [0, 1, 9, 17, 16, 24, 32, 40, 41, 33, 25, 26, 34, 42, 43, 35, 27, 19, 18, 10, 2, 3, 4, 12, 13, 5, 6, 7, 15, 14, 22, 21, 29, 28, 36, 44, 45, 37, 38, 30, 31, 39, 47]
[00:00:00:30:585] ! Bidirectional. expansions: 17,884, time: 30,231 [ms], path length: 42 [edges], g_F: 21, g_B: 21, generated: 0, MM: 0, MMPER: -1.0%
[00:00:00:30:585] 
---------- SM_Grids/6x8_grid_with_random_blocks_8per_5 ----------
[00:00:00:07:505] Path of length 42 found: [0, 8, 16, 17, 9, 1, 2, 10, 18, 26, 25, 33, 32, 40, 41, 42, 43, 44, 36, 28, 27, 19, 11, 3, 4, 5, 13, 12, 20, 21, 29, 37, 45, 46, 38, 30, 22, 14, 15, 23, 31, 39, 47]
[00:00:00:07:505] ! Unidirectional s-t. expansions: 2,815, time: 7,505 [ms], path length: 42 [edges], generated: 13,377
[00:00:00:08:941] Path of length 42 found: [47, 39, 31, 23, 15, 14, 13, 5, 4, 3, 2, 1, 9, 10, 18, 26, 27, 19, 11, 12, 20, 28, 36, 37, 29, 21, 22, 30, 38, 46, 45, 44, 43, 42, 41, 40, 32, 33, 25, 17, 16, 8, 0]
[00:00:00:08:942] ! Unidirectional t-s. expansions: 3,601, time: 8,942 [ms], path length: 42 [edges], generated: 15,815
[00:00:00:14:059] Path of length 42 found: [0, 8, 16, 17, 9, 1, 2, 10, 18, 26, 25, 33, 32, 40, 41, 42, 43, 44, 45, 46, 38, 30, 22, 21, 29, 37, 36, 28, 27, 19, 20, 12, 11, 3, 4, 5, 13, 14, 15, 23, 31, 39, 47]
[00:00:00:14:428] ! Bidirectional. expansions: 6,824, time: 14,059 [ms], path length: 42 [edges], g_F: 21, g_B: 21, generated: 0, MM: 0, MMPER: -1.0%
[00:00:00:14:428] 
---------- SM_Grids/6x8_grid_with_random_blocks_8per_6 ----------
[00:00:00:12:411] Path of length 42 found: [0, 8, 16, 24, 32, 40, 41, 33, 25, 17, 18, 10, 11, 19, 27, 26, 34, 42, 43, 35, 36, 44, 45, 37, 29, 28, 20, 12, 4, 5, 13, 21, 22, 14, 6, 7, 15, 23, 31, 30, 38, 46, 47]
[00:00:00:12:412] ! Unidirectional s-t. expansions: 5,285, time: 12,411 [ms], path length: 42 [edges], generated: 29,127
[00:00:00:45:030] Path of length 42 found: [47, 39, 31, 23, 15, 7, 6, 5, 4, 12, 11, 10, 18, 17, 25, 33, 34, 26, 27, 19, 20, 28, 36, 37, 29, 21, 13, 14, 22, 30, 38, 46, 45, 44, 43, 42, 41, 40, 32, 24, 16, 8, 0]
[00:00:00:45:030] ! Unidirectional t-s. expansions: 19,922, time: 45,030 [ms], path length: 42 [edges], generated: 104,240
[00:00:00:19:343] Path of length 42 found: [0, 8, 16, 24, 32, 40, 41, 33, 25, 17, 18, 26, 34, 42, 43, 44, 45, 46, 38, 37, 29, 30, 22, 14, 13, 21, 20, 28, 36, 35, 27, 19, 11, 12, 4, 5, 6, 7, 15, 23, 31, 39, 47]
[00:00:00:19:703] ! Bidirectional. expansions: 10,267, time: 19,343 [ms], path length: 42 [edges], g_F: 21, g_B: 21, generated: 0, MM: 0, MMPER: -1.0%
[00:00:00:19:703] 
---------- SM_Grids/6x8_grid_with_random_blocks_8per_7 ----------
[00:00:00:00:090] Path of length 44 found: [0, 8, 16, 24, 32, 40, 41, 33, 25, 17, 9, 1, 2, 10, 18, 26, 34, 42, 43, 35, 27, 19, 20, 12, 11, 3, 4, 5, 6, 14, 15, 23, 22, 21, 29, 37, 36, 44, 45, 46, 38, 30, 31, 39, 47]
[00:00:00:00:091] ! Unidirectional s-t. expansions: 32, time: 90 [ms], path length: 44 [edges], generated: 148
[00:00:00:00:074] Path of length 44 found: [47, 39, 31, 23, 15, 14, 6, 5, 4, 3, 2, 1, 9, 17, 25, 33, 34, 26, 18, 10, 11, 12, 20, 19, 27, 35, 36, 37, 29, 21, 22, 30, 38, 46, 45, 44, 43, 42, 41, 40, 32, 24, 16, 8, 0]
[00:00:00:00:074] ! Unidirectional t-s. expansions: 22, time: 74 [ms], path length: 44 [edges], generated: 107
[00:00:00:00:052] Path of length 44 found: [0, 8, 16, 24, 32, 40, 41, 33, 25, 17, 9, 1, 2, 10, 18, 26, 34, 42, 43, 44, 45, 46, 38, 30, 22, 21, 29, 37, 36, 35, 27, 19, 20, 12, 11, 3, 4, 5, 6, 14, 15, 23, 31, 39, 47]
[00:00:00:00:414] ! Bidirectional. expansions: 22, time: 53 [ms], path length: 44 [edges], g_F: 22, g_B: 22, generated: 0, MM: 0, MMPER: -1.0%
[00:00:00:00:414] 
---------- SM_Grids/6x8_grid_with_random_blocks_8per_8 ----------
[00:00:00:25:078] Path of length 42 found: [0, 8, 16, 24, 32, 40, 41, 33, 25, 17, 9, 1, 2, 10, 18, 26, 27, 35, 43, 44, 36, 28, 20, 19, 11, 3, 4, 12, 13, 5, 6, 7, 15, 14, 22, 21, 29, 37, 38, 30, 31, 39, 47]
[00:00:00:25:078] ! Unidirectional s-t. expansions: 9,096, time: 25,078 [ms], path length: 42 [edges], generated: 46,210
[00:00:00:10:065] Path of length 42 found: [47, 46, 38, 39, 31, 30, 22, 14, 15, 7, 6, 5, 4, 3, 2, 1, 9, 17, 25, 26, 18, 10, 11, 19, 27, 28, 20, 12, 13, 21, 29, 37, 36, 35, 43, 42, 41, 33, 32, 24, 16, 8, 0]
[00:00:00:10:065] ! Unidirectional t-s. expansions: 4,781, time: 10,065 [ms], path length: 42 [edges], generated: 23,335
[00:00:00:14:868] Path of length 42 found: [0, 8, 16, 24, 32, 40, 41, 33, 25, 17, 9, 1, 2, 10, 18, 26, 27, 35, 43, 44, 36, 28, 29, 21, 13, 12, 20, 19, 11, 3, 4, 5, 6, 7, 15, 14, 22, 30, 31, 39, 38, 46, 47]
[00:00:00:15:234] ! Bidirectional. expansions: 8,124, time: 14,868 [ms], path length: 42 [edges], g_F: 21, g_B: 21, generated: 0, MM: 0, MMPER: -1.0%
[00:00:00:15:234] 
---------- SM_Grids/6x8_grid_with_random_blocks_8per_9 ----------
[00:00:00:24:600] Path of length 44 found: [0, 1, 9, 10, 2, 3, 11, 12, 20, 28, 27, 19, 18, 26, 25, 17, 16, 24, 32, 33, 41, 42, 34, 35, 43, 44, 36, 37, 45, 46, 38, 30, 29, 21, 13, 5, 6, 7, 15, 14, 22, 23, 31, 39, 47]
[00:00:00:24:600] ! Unidirectional s-t. expansions: 11,239, time: 24,600 [ms], path length: 44 [edges], generated: 59,593
[00:00:00:01:075] Path of length 44 found: [47, 39, 31, 23, 15, 7, 6, 5, 13, 14, 22, 21, 29, 30, 38, 46, 45, 37, 36, 44, 43, 35, 34, 42, 41, 33, 32, 24, 16, 17, 25, 26, 18, 19, 27, 28, 20, 12, 11, 3, 2, 10, 9, 1, 0]
[00:00:00:01:075] ! Unidirectional t-s. expansions: 444, time: 1,075 [ms], path length: 44 [edges], generated: 2,059
[00:00:00:04:987] Path of length 44 found: [0, 1, 9, 10, 2, 3, 11, 12, 20, 28, 27, 19, 18, 26, 25, 17, 16, 24, 32, 33, 41, 42, 34, 35, 43, 44, 36, 37, 45, 46, 38, 30, 29, 21, 22, 14, 13, 5, 6, 7, 15, 23, 31, 39, 47]
[00:00:00:05:371] ! Bidirectional. expansions: 2,965, time: 4,987 [ms], path length: 44 [edges], g_F: 22, g_B: 22, generated: 0, MM: 0, MMPER: -1.0%

[00:00:00:05:372] average expansions: (23,033, 18,294, 18,022, 0)
[00:00:00:05:372] average time: (43,431, 35,105, 30,666, 0)
[00:00:00:05:372] XDFBnB: 18,294 , 35,105 (expansions , time[ms])
[00:00:00:05:372] BiXDFBnB: 18,022 , 30,666 (expansions , time[ms])

