------------------------------------
Thu 01 Oct 2026 13:45:43 IDT
SLURM_JOBID:		21947725
SLURM_JOB_NODELIST:	ise-cpu256-32
SLURM_SCRATCH_DIR:	/scratch/shubit/21947725
Allocated Resouces:	cpu - 2 / mem - 61440 MB / gpu - 
SLURM_GPU_INDEX:	
Running as shubit from shimony account with normal QOS
------------------------------------
Thu 01 Oct 2026 13:45:43 IDT

SLURM_JOBID:		 21947725
SLURM_JOB_NODELIST:	 ise-cpu256-32 

--------------------------
date: SM_Grids
number_of_graphs: 10
graph_type: grid
size_of_graphs: [6, 8]
heuristic: bcc_heuristic
snake: False
run_uni: True
run_bi: True
run_multi: False
solution_vertices: []
algorithms: ['DFBnB']
lookahead: 3
bsd: False
cube_first_dims: 4
cube_buffer_dim: None
backward_sym_generation: False
sym_coil: False
prefix_set: None

---------- SM_Grids/6x8_grid_with_random_blocks_12per_0 ----------
[00:00:00:02:467] Path of length 40 found: [0, 8, 16, 24, 32, 40, 41, 42, 34, 26, 18, 17, 9, 1, 2, 10, 11, 3, 4, 5, 13, 21, 20, 19, 27, 35, 43, 44, 36, 28, 29, 37, 38, 30, 22, 14, 15, 23, 31, 39, 47]
[00:00:00:02:467] ! Unidirectional s-t. expansions: 810, time: 2,467 [ms], path length: 40 [edges], generated: 7,345
[00:00:00:00:734] Path of length 40 found: [47, 46, 38, 39, 31, 23, 15, 14, 13, 5, 4, 3, 2, 1, 9, 17, 18, 10, 11, 19, 20, 21, 22, 30, 29, 28, 27, 26, 34, 35, 36, 44, 43, 42, 41, 40, 32, 24, 16, 8, 0]
[00:00:00:00:734] ! Unidirectional t-s. expansions: 205, time: 734 [ms], path length: 40 [edges], generated: 2,021
[00:00:00:01:794] Path of length 40 found: [0, 8, 16, 24, 32, 40, 41, 42, 34, 26, 18, 17, 9, 1, 2, 10, 11, 3, 4, 5, 13, 21, 20, 19, 27, 35, 43, 44, 36, 37, 29, 30, 22, 14, 15, 23, 31, 39, 38, 46, 47]
[00:00:00:02:204] ! Bidirectional. expansions: 249, time: 1,794 [ms], path length: 40 [edges], g_F: 27, g_B: 13, generated: 0, MM: 14, MMPER: 33.146341463414636%
[00:00:00:02:204] 
---------- SM_Grids/6x8_grid_with_random_blocks_12per_1 ----------
[00:00:00:01:437] Path of length 40 found: [0, 8, 16, 24, 25, 33, 32, 40, 41, 42, 34, 35, 27, 19, 18, 10, 9, 1, 2, 3, 11, 12, 4, 5, 6, 14, 13, 21, 20, 28, 36, 44, 45, 37, 29, 30, 31, 39, 38, 46, 47]
[00:00:00:01:437] ! Unidirectional s-t. expansions: 260, time: 1,437 [ms], path length: 40 [edges], generated: 2,949
[00:00:00:02:448] Path of length 40 found: [47, 39, 31, 30, 22, 14, 6, 5, 4, 3, 2, 1, 9, 10, 18, 19, 11, 12, 13, 21, 20, 28, 29, 37, 38, 46, 45, 44, 36, 35, 34, 42, 41, 40, 32, 33, 25, 24, 16, 8, 0]
[00:00:00:02:448] ! Unidirectional t-s. expansions: 436, time: 2,448 [ms], path length: 40 [edges], generated: 4,833
[00:00:00:06:436] Path of length 40 found: [0, 8, 16, 24, 25, 33, 32, 40, 41, 42, 34, 35, 27, 19, 20, 28, 36, 44, 45, 46, 38, 37, 29, 21, 13, 12, 11, 10, 9, 1, 2, 3, 4, 5, 6, 14, 22, 30, 31, 39, 47]
[00:00:00:06:802] ! Bidirectional. expansions: 734, time: 6,436 [ms], path length: 40 [edges], g_F: 23, g_B: 17, generated: 0, MM: 6, MMPER: 13.634146341463415%
[00:00:00:06:802] 
---------- SM_Grids/6x8_grid_with_random_blocks_12per_2 ----------
[00:00:00:01:408] Path of length 40 found: [0, 8, 16, 24, 32, 33, 41, 42, 43, 35, 34, 26, 25, 17, 18, 10, 9, 1, 2, 3, 11, 12, 20, 28, 29, 21, 13, 5, 6, 7, 15, 14, 22, 23, 31, 30, 38, 37, 45, 46, 47]
[00:00:00:01:408] ! Unidirectional s-t. expansions: 344, time: 1,408 [ms], path length: 40 [edges], generated: 3,621
[00:00:00:01:016] Path of length 40 found: [47, 39, 31, 23, 15, 7, 6, 5, 13, 14, 22, 21, 20, 28, 29, 30, 38, 37, 45, 44, 43, 35, 34, 42, 41, 33, 32, 24, 16, 8, 9, 17, 25, 26, 18, 10, 11, 3, 2, 1, 0]
[00:00:00:01:016] ! Unidirectional t-s. expansions: 133, time: 1,016 [ms], path length: 40 [edges], generated: 1,426
[00:00:00:16:830] Path of length 40 found: [0, 8, 16, 24, 32, 33, 41, 42, 43, 35, 34, 26, 25, 17, 18, 10, 9, 1, 2, 3, 11, 12, 20, 28, 29, 37, 45, 46, 38, 30, 22, 14, 13, 5, 6, 7, 15, 23, 31, 39, 47]
[00:00:00:17:223] ! Bidirectional. expansions: 1,546, time: 16,830 [ms], path length: 40 [edges], g_F: 24, g_B: 16, generated: 0, MM: 8, MMPER: 18.51219512195122%
[00:00:00:17:223] 
---------- SM_Grids/6x8_grid_with_random_blocks_12per_3 ----------
[00:00:00:00:255] Path of length 40 found: [0, 1, 9, 8, 16, 24, 32, 33, 25, 26, 34, 35, 43, 44, 36, 28, 27, 19, 18, 10, 11, 3, 4, 12, 20, 21, 13, 5, 6, 7, 15, 14, 22, 23, 31, 30, 38, 37, 45, 46, 47]
[00:00:00:00:256] ! Unidirectional s-t. expansions: 76, time: 256 [ms], path length: 40 [edges], generated: 745
[00:00:00:00:906] Path of length 40 found: [47, 39, 31, 23, 15, 7, 6, 5, 4, 3, 11, 10, 18, 19, 27, 28, 20, 12, 13, 21, 22, 30, 38, 46, 45, 37, 36, 44, 43, 35, 34, 26, 25, 33, 32, 24, 16, 8, 9, 1, 0]
[00:00:00:00:906] ! Unidirectional t-s. expansions: 137, time: 906 [ms], path length: 40 [edges], generated: 1,485
[00:00:00:00:852] Path of length 40 found: [0, 1, 9, 8, 16, 24, 32, 33, 25, 26, 34, 35, 43, 44, 36, 37, 45, 46, 38, 30, 22, 14, 13, 12, 20, 28, 27, 19, 18, 10, 11, 3, 4, 5, 6, 7, 15, 23, 31, 39, 47]
[00:00:00:01:218] ! Bidirectional. expansions: 70, time: 852 [ms], path length: 40 [edges], g_F: 23, g_B: 17, generated: 0, MM: 6, MMPER: 13.634146341463415%
[00:00:00:01:218] 
---------- SM_Grids/6x8_grid_with_random_blocks_12per_4 ----------
[00:00:00:00:095] Path of length 40 found: [0, 8, 16, 24, 32, 40, 41, 33, 25, 17, 9, 1, 2, 3, 4, 5, 6, 14, 13, 12, 11, 10, 18, 19, 27, 26, 34, 42, 43, 35, 36, 44, 45, 37, 29, 30, 31, 39, 38, 46, 47]
[00:00:00:00:096] ! Unidirectional s-t. expansions: 14, time: 96 [ms], path length: 40 [edges], generated: 157
[00:00:00:00:082] Path of length 40 found: [47, 39, 31, 30, 29, 37, 38, 46, 45, 44, 36, 35, 43, 42, 34, 26, 27, 19, 11, 12, 13, 14, 6, 5, 4, 3, 2, 1, 9, 10, 18, 17, 25, 33, 41, 40, 32, 24, 16, 8, 0]
[00:00:00:00:082] ! Unidirectional t-s. expansions: 14, time: 82 [ms], path length: 40 [edges], generated: 140
[00:00:00:00:143] Path of length 40 found: [0, 8, 16, 24, 32, 40, 41, 33, 25, 17, 9, 1, 2, 3, 4, 5, 6, 14, 13, 12, 11, 10, 18, 19, 27, 26, 34, 42, 43, 35, 36, 44, 45, 46, 38, 37, 29, 30, 31, 39, 47]
[00:00:00:00:534] ! Bidirectional. expansions: 13, time: 143 [ms], path length: 40 [edges], g_F: 25, g_B: 15, generated: 0, MM: 10, MMPER: 23.390243902439025%
[00:00:00:00:534] 
---------- SM_Grids/6x8_grid_with_random_blocks_12per_5 ----------
[00:00:00:00:124] Path of length 42 found: [0, 8, 16, 24, 32, 40, 41, 33, 34, 42, 43, 44, 36, 28, 20, 19, 27, 26, 18, 17, 9, 1, 2, 10, 11, 3, 4, 12, 13, 5, 6, 7, 15, 14, 22, 23, 31, 39, 38, 37, 45, 46, 47]
[00:00:00:00:125] ! Unidirectional s-t. expansions: 28, time: 124 [ms], path length: 42 [edges], generated: 238
[00:00:00:00:220] Path of length 42 found: [47, 39, 31, 23, 22, 14, 15, 7, 6, 5, 13, 12, 4, 3, 11, 10, 2, 1, 9, 17, 18, 26, 27, 19, 20, 28, 36, 37, 38, 46, 45, 44, 43, 42, 34, 33, 41, 40, 32, 24, 16, 8, 0]
[00:00:00:00:220] ! Unidirectional t-s. expansions: 61, time: 220 [ms], path length: 42 [edges], generated: 497
[00:00:00:00:136] Path of length 42 found: [0, 8, 16, 24, 32, 40, 41, 33, 34, 42, 43, 44, 45, 46, 38, 37, 36, 28, 20, 19, 27, 26, 18, 17, 9, 1, 2, 10, 11, 3, 4, 12, 13, 5, 6, 7, 15, 14, 22, 23, 31, 39, 47]
[00:00:00:00:499] ! Bidirectional. expansions: 16, time: 136 [ms], path length: 42 [edges], g_F: 25, g_B: 17, generated: 0, MM: 8, MMPER: 17.6046511627907%
[00:00:00:00:500] 
---------- SM_Grids/6x8_grid_with_random_blocks_12per_6 ----------
[00:00:00:04:654] Path of length 40 found: [0, 8, 16, 24, 32, 40, 41, 33, 25, 17, 9, 1, 2, 10, 18, 26, 34, 35, 43, 44, 36, 37, 29, 21, 20, 28, 27, 19, 11, 3, 4, 12, 13, 14, 6, 7, 15, 23, 31, 39, 47]
[00:00:00:04:655] ! Unidirectional s-t. expansions: 1,030, time: 4,654 [ms], path length: 40 [edges], generated: 10,058
[00:00:00:00:269] Path of length 40 found: [47, 39, 31, 23, 15, 7, 6, 14, 22, 21, 13, 12, 4, 3, 2, 1, 9, 17, 25, 26, 18, 10, 11, 19, 20, 28, 29, 37, 36, 44, 43, 35, 34, 33, 41, 40, 32, 24, 16, 8, 0]
[00:00:00:00:270] ! Unidirectional t-s. expansions: 50, time: 269 [ms], path length: 40 [edges], generated: 594
[00:00:00:02:981] Path of length 40 found: [0, 8, 16, 24, 32, 40, 41, 33, 25, 17, 9, 1, 2, 10, 18, 26, 34, 35, 43, 44, 36, 37, 29, 28, 20, 19, 11, 3, 4, 12, 13, 21, 22, 14, 6, 7, 15, 23, 31, 39, 47]
[00:00:00:03:369] ! Bidirectional. expansions: 304, time: 2,981 [ms], path length: 40 [edges], g_F: 25, g_B: 15, generated: 0, MM: 10, MMPER: 23.390243902439025%
[00:00:00:03:370] 
---------- SM_Grids/6x8_grid_with_random_blocks_12per_7 ----------
[00:00:00:00:618] Path of length 38 found: [0, 1, 2, 10, 9, 17, 16, 24, 32, 40, 41, 33, 25, 26, 18, 19, 11, 12, 4, 5, 13, 21, 20, 28, 27, 35, 34, 42, 43, 44, 36, 37, 29, 30, 31, 39, 38, 46, 47]
[00:00:00:00:618] ! Unidirectional s-t. expansions: 90, time: 618 [ms], path length: 38 [edges], generated: 1,123
[00:00:00:11:080] Path of length 38 found: [47, 39, 31, 30, 29, 21, 13, 5, 4, 12, 11, 19, 20, 28, 27, 26, 25, 33, 34, 35, 36, 37, 38, 46, 45, 44, 43, 42, 41, 40, 32, 24, 16, 17, 9, 10, 2, 1, 0]
[00:00:00:11:081] ! Unidirectional t-s. expansions: 2,586, time: 11,081 [ms], path length: 38 [edges], generated: 26,259
[00:00:00:03:584] Path of length 38 found: [0, 1, 2, 10, 9, 17, 16, 24, 32, 40, 41, 33, 25, 26, 18, 19, 27, 35, 34, 42, 43, 44, 45, 46, 38, 37, 36, 28, 20, 12, 4, 5, 13, 21, 29, 30, 31, 39, 47]
[00:00:00:03:947] ! Bidirectional. expansions: 388, time: 3,584 [ms], path length: 38 [edges], g_F: 23, g_B: 15, generated: 0, MM: 8, MMPER: 19.512820512820515%
[00:00:00:03:947] 
---------- SM_Grids/6x8_grid_with_random_blocks_12per_8 ----------
[00:00:00:07:206] Path of length 40 found: [0, 8, 16, 24, 32, 40, 41, 42, 34, 26, 18, 17, 9, 1, 2, 10, 11, 3, 4, 12, 20, 19, 27, 35, 43, 44, 45, 37, 36, 28, 29, 21, 13, 14, 6, 7, 15, 23, 31, 39, 47]
[00:00:00:07:207] ! Unidirectional s-t. expansions: 1,386, time: 7,206 [ms], path length: 40 [edges], generated: 14,182
[00:00:00:00:509] Path of length 40 found: [47, 39, 31, 23, 15, 7, 6, 14, 22, 21, 13, 12, 4, 3, 2, 1, 9, 17, 18, 10, 11, 19, 20, 28, 29, 37, 45, 44, 36, 35, 27, 26, 34, 42, 41, 40, 32, 24, 16, 8, 0]
[00:00:00:00:509] ! Unidirectional t-s. expansions: 68, time: 509 [ms], path length: 40 [edges], generated: 862
[00:00:00:02:616] Path of length 40 found: [0, 8, 16, 24, 32, 40, 41, 42, 34, 26, 18, 17, 9, 1, 2, 10, 11, 3, 4, 12, 20, 19, 27, 35, 43, 44, 45, 37, 36, 28, 29, 21, 22, 14, 6, 7, 15, 23, 31, 39, 47]
[00:00:00:02:984] ! Bidirectional. expansions: 216, time: 2,616 [ms], path length: 40 [edges], g_F: 27, g_B: 13, generated: 0, MM: 14, MMPER: 33.146341463414636%
[00:00:00:02:984] 
---------- SM_Grids/6x8_grid_with_random_blocks_12per_9 ----------
[00:00:00:00:434] Path of length 40 found: [0, 1, 9, 8, 16, 24, 32, 40, 41, 33, 25, 17, 18, 10, 11, 3, 4, 5, 13, 12, 20, 19, 27, 26, 34, 42, 43, 35, 36, 44, 45, 37, 29, 30, 22, 23, 31, 39, 38, 46, 47]
[00:00:00:00:435] ! Unidirectional s-t. expansions: 66, time: 434 [ms], path length: 40 [edges], generated: 761
[00:00:00:01:826] Path of length 40 found: [47, 39, 31, 23, 22, 14, 13, 5, 4, 3, 11, 12, 20, 19, 18, 10, 9, 17, 25, 33, 34, 26, 27, 35, 36, 37, 29, 30, 38, 46, 45, 44, 43, 42, 41, 40, 32, 24, 16, 8, 0]
[00:00:00:01:826] ! Unidirectional t-s. expansions: 470, time: 1,826 [ms], path length: 40 [edges], generated: 4,349
[00:00:00:02:492] Path of length 40 found: [0, 1, 9, 8, 16, 24, 32, 40, 41, 33, 25, 17, 18, 26, 34, 42, 43, 44, 45, 46, 38, 30, 29, 37, 36, 35, 27, 19, 20, 12, 11, 3, 4, 5, 13, 14, 22, 23, 31, 39, 47]
[00:00:00:02:871] ! Bidirectional. expansions: 224, time: 2,492 [ms], path length: 40 [edges], g_F: 23, g_B: 17, generated: 0, MM: 6, MMPER: 13.634146341463415%

[00:00:00:02:871] average expansions: (410, 416, 376, 0)
[00:00:00:02:871] average time: (1,870, 1,909, 3,786, 0)
[00:00:00:02:871] XDFBnB: 410 , 1,870 (expansions , time[ms])
[00:00:00:02:871] BiXDFBnB: 376 , 3,786 (expansions , time[ms])

