------------------------------------
Thu 01 Oct 2026 13:46:31 IDT
SLURM_JOBID:		21947728
SLURM_JOB_NODELIST:	ise-cpu256-32
SLURM_SCRATCH_DIR:	/scratch/shubit/21947728
Allocated Resouces:	cpu - 2 / mem - 61440 MB / gpu - 
SLURM_GPU_INDEX:	
Running as shubit from shimony account with normal QOS
------------------------------------
Thu 01 Oct 2026 13:46:31 IDT

SLURM_JOBID:		 21947728
SLURM_JOB_NODELIST:	 ise-cpu256-32 

--------------------------
date: SM_Grids
number_of_graphs: 10
graph_type: grid
size_of_graphs: [6, 8]
heuristic: bcc_heuristic
snake: False
run_uni: True
run_bi: True
run_multi: False
solution_vertices: []
algorithms: ['DFBnB']
lookahead: -1
bsd: False
cube_first_dims: 4
cube_buffer_dim: None
backward_sym_generation: False
sym_coil: False
prefix_set: None

---------- SM_Grids/6x8_grid_with_random_blocks_16per_0 ----------
[00:00:00:11:046] Path of length 34 found: [0, 8, 16, 24, 25, 17, 9, 1, 2, 10, 18, 26, 34, 42, 43, 35, 36, 28, 20, 19, 11, 3, 4, 5, 6, 14, 15, 23, 31, 30, 38, 37, 45, 46, 47]
[00:00:00:11:046] ! Unidirectional s-t. expansions: 10,288, time: 11,046 [ms], path length: 34 [edges], generated: 16,623
[00:00:00:06:078] Path of length 34 found: [47, 39, 31, 23, 15, 7, 6, 5, 4, 3, 2, 1, 9, 17, 18, 10, 11, 19, 20, 28, 36, 37, 38, 46, 45, 44, 43, 35, 34, 26, 25, 24, 16, 8, 0]
[00:00:00:06:078] ! Unidirectional t-s. expansions: 5,386, time: 6,078 [ms], path length: 34 [edges], generated: 9,086
[00:00:00:11:475] Path of length 34 found: [0, 8, 16, 24, 25, 17, 9, 1, 2, 10, 18, 26, 34, 42, 43, 44, 45, 46, 38, 37, 36, 28, 20, 19, 11, 3, 4, 5, 6, 7, 15, 23, 31, 39, 47]
[00:00:00:11:857] ! Bidirectional. expansions: 9,848, time: 11,475 [ms], path length: 34 [edges], g_F: 18, g_B: 16, generated: 0, MM: 2, MMPER: 4.714285714285714%
[00:00:00:11:857] 
---------- SM_Grids/6x8_grid_with_random_blocks_16per_1 ----------
[00:00:00:00:891] Path of length 32 found: [0, 8, 9, 1, 2, 10, 18, 17, 25, 26, 27, 19, 20, 12, 11, 3, 4, 5, 13, 14, 22, 21, 29, 28, 36, 35, 43, 44, 45, 46, 38, 39, 47]
[00:00:00:00:892] ! Unidirectional s-t. expansions: 516, time: 891 [ms], path length: 32 [edges], generated: 985
[00:00:00:00:262] Path of length 32 found: [47, 39, 38, 46, 45, 44, 43, 35, 36, 28, 29, 21, 22, 14, 13, 5, 4, 3, 11, 12, 20, 19, 27, 26, 25, 17, 18, 10, 2, 1, 9, 8, 0]
[00:00:00:00:263] ! Unidirectional t-s. expansions: 171, time: 262 [ms], path length: 32 [edges], generated: 305
[00:00:00:00:152] Path of length 32 found: [0, 8, 9, 1, 2, 10, 18, 17, 25, 26, 27, 19, 20, 12, 11, 3, 4, 5, 13, 14, 22, 21, 29, 28, 36, 35, 43, 44, 45, 46, 38, 39, 47]
[00:00:00:00:507] ! Bidirectional. expansions: 93, time: 153 [ms], path length: 32 [edges], g_F: 17, g_B: 15, generated: 0, MM: 2, MMPER: 5.0606060606060606%
[00:00:00:00:508] 
---------- SM_Grids/6x8_grid_with_random_blocks_16per_2 ----------
[00:00:00:00:415] Path of length 38 found: [0, 8, 16, 24, 32, 40, 41, 33, 25, 17, 9, 1, 2, 3, 11, 12, 13, 14, 6, 7, 15, 23, 22, 21, 20, 19, 18, 26, 34, 35, 43, 44, 36, 37, 45, 46, 38, 39, 47]
[00:00:00:00:415] ! Unidirectional s-t. expansions: 276, time: 415 [ms], path length: 38 [edges], generated: 451
[00:00:00:00:255] Path of length 38 found: [47, 39, 38, 46, 45, 37, 36, 44, 43, 35, 27, 19, 20, 21, 22, 23, 15, 7, 6, 14, 13, 12, 11, 3, 2, 1, 9, 17, 18, 26, 34, 33, 41, 40, 32, 24, 16, 8, 0]
[00:00:00:00:255] ! Unidirectional t-s. expansions: 173, time: 255 [ms], path length: 38 [edges], generated: 296
[00:00:00:00:474] Path of length 38 found: [0, 8, 16, 24, 32, 40, 41, 33, 25, 17, 9, 1, 2, 3, 11, 12, 13, 14, 6, 7, 15, 23, 22, 21, 20, 19, 18, 26, 34, 35, 43, 44, 36, 37, 45, 46, 38, 39, 47]
[00:00:00:00:834] ! Bidirectional. expansions: 341, time: 474 [ms], path length: 38 [edges], g_F: 20, g_B: 18, generated: 0, MM: 2, MMPER: 4.128205128205129%
[00:00:00:00:834] 
---------- SM_Grids/6x8_grid_with_random_blocks_16per_3 ----------
[00:00:00:00:053] Path of length 40 found: [0, 8, 16, 24, 32, 40, 41, 42, 34, 33, 25, 17, 9, 1, 2, 3, 11, 19, 27, 35, 36, 28, 29, 37, 45, 46, 38, 30, 22, 14, 13, 12, 4, 5, 6, 7, 15, 23, 31, 39, 47]
[00:00:00:00:053] ! Unidirectional s-t. expansions: 40, time: 53 [ms], path length: 40 [edges], generated: 60
[00:00:00:00:154] Path of length 40 found: [47, 39, 31, 23, 15, 7, 6, 5, 4, 12, 13, 14, 22, 30, 38, 46, 45, 37, 29, 28, 36, 35, 27, 19, 11, 3, 2, 1, 9, 17, 25, 33, 34, 42, 41, 40, 32, 24, 16, 8, 0]
[00:00:00:00:154] ! Unidirectional t-s. expansions: 95, time: 154 [ms], path length: 40 [edges], generated: 146
[00:00:00:00:056] Path of length 40 found: [0, 8, 16, 24, 32, 40, 41, 42, 34, 33, 25, 17, 9, 1, 2, 3, 11, 19, 27, 35, 36, 28, 29, 37, 45, 46, 38, 30, 22, 14, 13, 12, 4, 5, 6, 7, 15, 23, 31, 39, 47]
[00:00:00:00:416] ! Bidirectional. expansions: 39, time: 56 [ms], path length: 40 [edges], g_F: 21, g_B: 19, generated: 0, MM: 2, MMPER: 3.8780487804878048%
[00:00:00:00:416] 
---------- SM_Grids/6x8_grid_with_random_blocks_16per_4 ----------
[00:00:00:01:475] Path of length 34 found: [0, 8, 16, 24, 25, 17, 9, 1, 2, 3, 11, 10, 18, 26, 27, 19, 20, 12, 13, 5, 6, 7, 15, 14, 22, 21, 29, 28, 36, 35, 43, 44, 45, 46, 47]
[00:00:00:01:476] ! Unidirectional s-t. expansions: 878, time: 1,475 [ms], path length: 34 [edges], generated: 1,637
[00:00:00:00:789] Path of length 34 found: [47, 46, 45, 44, 43, 35, 36, 28, 20, 21, 29, 30, 22, 23, 15, 7, 6, 5, 13, 12, 11, 3, 2, 1, 9, 10, 18, 19, 27, 26, 25, 17, 16, 8, 0]
[00:00:00:00:789] ! Unidirectional t-s. expansions: 644, time: 789 [ms], path length: 34 [edges], generated: 1,147
[00:00:00:01:595] Path of length 34 found: [0, 8, 16, 24, 25, 17, 9, 1, 2, 10, 18, 26, 27, 19, 11, 12, 13, 5, 6, 7, 15, 23, 22, 30, 29, 21, 20, 28, 36, 35, 43, 44, 45, 46, 47]
[00:00:00:01:957] ! Bidirectional. expansions: 1,298, time: 1,595 [ms], path length: 34 [edges], g_F: 18, g_B: 16, generated: 0, MM: 2, MMPER: 4.714285714285714%
[00:00:00:01:957] 
---------- SM_Grids/6x8_grid_with_random_blocks_16per_5 ----------
[00:00:00:00:101] Path of length 38 found: [0, 1, 2, 10, 11, 19, 27, 26, 25, 17, 16, 24, 32, 40, 41, 33, 34, 42, 43, 35, 36, 44, 45, 37, 29, 21, 13, 5, 6, 14, 15, 23, 22, 30, 31, 39, 38, 46, 47]
[00:00:00:00:101] ! Unidirectional s-t. expansions: 38, time: 101 [ms], path length: 38 [edges], generated: 60
[00:00:00:01:235] Path of length 38 found: [47, 39, 31, 23, 15, 14, 6, 5, 13, 21, 22, 30, 29, 37, 38, 46, 45, 44, 36, 35, 43, 42, 34, 33, 41, 40, 32, 24, 16, 17, 25, 26, 27, 19, 11, 10, 2, 1, 0]
[00:00:00:01:235] ! Unidirectional t-s. expansions: 799, time: 1,235 [ms], path length: 38 [edges], generated: 1,338
[00:00:00:00:108] Path of length 38 found: [0, 1, 2, 10, 11, 19, 27, 26, 25, 17, 16, 24, 32, 40, 41, 33, 34, 42, 43, 35, 36, 44, 45, 46, 38, 37, 29, 30, 22, 21, 13, 5, 6, 14, 15, 23, 31, 39, 47]
[00:00:00:00:468] ! Bidirectional. expansions: 62, time: 108 [ms], path length: 38 [edges], g_F: 20, g_B: 18, generated: 0, MM: 2, MMPER: 4.128205128205129%
[00:00:00:00:468] 
---------- SM_Grids/6x8_grid_with_random_blocks_16per_6 ----------
[00:00:00:00:454] Path of length 36 found: [0, 8, 16, 24, 32, 40, 41, 33, 25, 17, 18, 10, 9, 1, 2, 3, 11, 12, 13, 5, 6, 14, 22, 21, 29, 28, 27, 26, 34, 35, 43, 44, 36, 37, 45, 46, 47]
[00:00:00:00:454] ! Unidirectional s-t. expansions: 298, time: 454 [ms], path length: 36 [edges], generated: 491
[00:00:00:00:263] Path of length 36 found: [47, 46, 45, 37, 29, 30, 22, 14, 6, 5, 13, 12, 11, 3, 2, 1, 9, 10, 18, 17, 25, 26, 27, 28, 36, 44, 43, 35, 34, 33, 41, 40, 32, 24, 16, 8, 0]
[00:00:00:00:264] ! Unidirectional t-s. expansions: 166, time: 263 [ms], path length: 36 [edges], generated: 287
[00:00:00:00:722] Path of length 36 found: [0, 8, 16, 24, 32, 40, 41, 33, 34, 35, 43, 44, 36, 28, 27, 26, 25, 17, 18, 10, 9, 1, 2, 3, 11, 12, 13, 5, 6, 14, 22, 30, 29, 37, 45, 46, 47]
[00:00:00:01:087] ! Bidirectional. expansions: 474, time: 723 [ms], path length: 36 [edges], g_F: 19, g_B: 17, generated: 0, MM: 2, MMPER: 4.405405405405405%
[00:00:00:01:088] 
---------- SM_Grids/6x8_grid_with_random_blocks_16per_7 ----------
[00:00:00:01:834] Path of length 38 found: [0, 8, 16, 24, 32, 40, 41, 42, 43, 35, 34, 26, 25, 17, 9, 1, 2, 10, 18, 19, 27, 28, 20, 12, 11, 3, 4, 5, 13, 14, 15, 23, 31, 30, 29, 37, 38, 39, 47]
[00:00:00:01:834] ! Unidirectional s-t. expansions: 1,277, time: 1,834 [ms], path length: 38 [edges], generated: 2,002
[00:00:00:01:923] Path of length 38 found: [47, 39, 31, 23, 15, 14, 13, 5, 4, 3, 2, 1, 9, 17, 25, 26, 18, 10, 11, 12, 20, 19, 27, 28, 29, 30, 38, 37, 36, 35, 34, 42, 41, 40, 32, 24, 16, 8, 0]
[00:00:00:01:924] ! Unidirectional t-s. expansions: 1,394, time: 1,923 [ms], path length: 38 [edges], generated: 2,504
[00:00:00:03:609] Path of length 38 found: [0, 8, 16, 24, 32, 40, 41, 42, 43, 35, 36, 37, 38, 30, 29, 28, 20, 12, 11, 10, 18, 19, 27, 26, 25, 17, 9, 1, 2, 3, 4, 5, 13, 14, 15, 23, 31, 39, 47]
[00:00:00:03:983] ! Bidirectional. expansions: 2,803, time: 3,609 [ms], path length: 38 [edges], g_F: 20, g_B: 18, generated: 0, MM: 2, MMPER: 4.128205128205129%
[00:00:00:03:984] 
---------- SM_Grids/6x8_grid_with_random_blocks_16per_8 ----------
[00:00:00:00:058] Path of length 36 found: [0, 8, 9, 17, 16, 24, 32, 40, 41, 33, 25, 26, 27, 19, 20, 28, 36, 35, 43, 44, 45, 37, 29, 21, 13, 5, 6, 14, 15, 23, 22, 30, 31, 39, 38, 46, 47]
[00:00:00:00:059] ! Unidirectional s-t. expansions: 37, time: 58 [ms], path length: 36 [edges], generated: 60
[00:00:00:00:491] Path of length 36 found: [47, 39, 31, 23, 15, 14, 6, 5, 13, 21, 22, 30, 29, 28, 20, 19, 27, 35, 36, 37, 38, 46, 45, 44, 43, 42, 41, 40, 32, 33, 25, 24, 16, 17, 9, 8, 0]
[00:00:00:00:491] ! Unidirectional t-s. expansions: 270, time: 491 [ms], path length: 36 [edges], generated: 474
[00:00:00:00:305] Path of length 36 found: [0, 8, 9, 17, 16, 24, 32, 40, 41, 33, 25, 26, 27, 19, 20, 28, 36, 35, 43, 44, 45, 46, 38, 37, 29, 30, 22, 21, 13, 5, 6, 14, 15, 23, 31, 39, 47]
[00:00:00:00:672] ! Bidirectional. expansions: 167, time: 305 [ms], path length: 36 [edges], g_F: 19, g_B: 17, generated: 0, MM: 2, MMPER: 4.405405405405405%
[00:00:00:00:672] 
---------- SM_Grids/6x8_grid_with_random_blocks_16per_9 ----------
[00:00:00:02:552] Path of length 38 found: [0, 1, 9, 17, 25, 24, 32, 40, 41, 33, 34, 42, 43, 35, 36, 28, 29, 21, 13, 12, 20, 19, 27, 26, 18, 10, 2, 3, 4, 5, 6, 14, 22, 23, 31, 39, 38, 46, 47]
[00:00:00:02:553] ! Unidirectional s-t. expansions: 1,805, time: 2,552 [ms], path length: 38 [edges], generated: 3,173
[00:00:00:00:874] Path of length 38 found: [47, 39, 38, 46, 45, 44, 36, 35, 43, 42, 34, 33, 41, 40, 32, 24, 25, 17, 9, 10, 18, 26, 27, 19, 20, 28, 29, 21, 22, 14, 6, 5, 13, 12, 4, 3, 2, 1, 0]
[00:00:00:00:874] ! Unidirectional t-s. expansions: 677, time: 874 [ms], path length: 38 [edges], generated: 1,156
[00:00:00:00:940] Path of length 38 found: [0, 1, 9, 17, 18, 10, 2, 3, 4, 12, 13, 5, 6, 14, 22, 21, 29, 28, 20, 19, 27, 26, 25, 24, 32, 40, 41, 33, 34, 42, 43, 35, 36, 44, 45, 46, 38, 39, 47]
[00:00:00:01:300] ! Bidirectional. expansions: 787, time: 940 [ms], path length: 38 [edges], g_F: 20, g_B: 18, generated: 0, MM: 2, MMPER: 4.128205128205129%

[00:00:00:01:301] average expansions: (1,545, 978, 1,591, 0)
[00:00:00:01:301] average time: (1,888, 1,232, 1,944, 0)
[00:00:00:01:301] XDFBnB: 978 , 1,232 (expansions , time[ms])
[00:00:00:01:301] BiXDFBnB: 1,591 , 1,944 (expansions , time[ms])

