------------------------------------
Thu 01 Oct 2026 16:13:06 IDT
SLURM_JOBID:		21953376
SLURM_JOB_NODELIST:	ise-cpu256-08
SLURM_SCRATCH_DIR:	/scratch/shubit/21953376
Allocated Resouces:	cpu - 2 / mem - 61440 MB / gpu - 
SLURM_GPU_INDEX:	
Running as shubit from shimony account with normal QOS
------------------------------------
Thu 01 Oct 2026 16:13:06 IDT

SLURM_JOBID:		 21953376
SLURM_JOB_NODELIST:	 ise-cpu256-08 

--------------------------
date: SM_Grids
number_of_graphs: 10
graph_type: grid
size_of_graphs: [6, 8]
heuristic: bcc_heuristic
snake: False
run_uni: True
run_bi: True
run_multi: False
solution_vertices: []
algorithms: ['XMM']
lookahead: 3
bsd: False
cube_first_dims: 4
cube_buffer_dim: None
backward_sym_generation: False
sym_coil: False
prefix_set: None

---------- SM_Grids/6x8_grid_with_random_blocks_16per_0 ----------
[00:00:00:07:962] Path of length 34 found: [0, 1, 2, 3, 11, 19, 18, 17, 9, 8, 16, 24, 25, 26, 34, 42, 43, 35, 36, 28, 20, 12, 4, 5, 6, 14, 15, 23, 31, 30, 38, 37, 45, 46, 47]
[00:00:00:07:962] ! Unidirectional s-t. expansions: 2,038, time: 7,962 [ms], path length: 34 [edges], generated: 16,113
[00:00:00:06:169] Path of length 34 found: [47, 46, 45, 37, 38, 30, 31, 23, 15, 7, 6, 5, 4, 12, 11, 3, 2, 1, 9, 10, 18, 19, 20, 28, 36, 35, 43, 42, 34, 26, 25, 17, 16, 8, 0]
[00:00:00:06:169] ! Unidirectional t-s. expansions: 1,435, time: 6,169 [ms], path length: 34 [edges], generated: 12,511
[00:00:00:12:808] Path of length 34 found: [0, 8, 16, 24, 25, 17, 9, 1, 2, 3, 4, 5, 6, 14, 15, 23, 31, 30, 38, 37, 36, 28, 20, 12, 11, 19, 18, 26, 34, 42, 43, 44, 45, 46, 47]
[00:00:00:13:236] ! Bidirectional. expansions: 3,566, time: 12,808 [ms], path length: 34 [edges], g_F: 17, g_B: 17, generated: 6,568, MM: 0, MMPER: -1.0%
[00:00:00:13:237] 
---------- SM_Grids/6x8_grid_with_random_blocks_16per_1 ----------
[00:00:00:01:344] Path of length 32 found: [0, 8, 9, 1, 2, 10, 18, 17, 25, 26, 27, 35, 43, 44, 36, 28, 29, 21, 20, 19, 11, 3, 4, 12, 13, 14, 22, 23, 31, 39, 38, 46, 47]
[00:00:00:01:345] ! Unidirectional s-t. expansions: 161, time: 1,345 [ms], path length: 32 [edges], generated: 1,932
[00:00:00:00:254] Path of length 32 found: [47, 46, 38, 39, 31, 23, 22, 14, 13, 5, 4, 3, 2, 10, 18, 19, 11, 12, 20, 21, 29, 28, 36, 44, 43, 35, 27, 26, 25, 17, 9, 1, 0]
[00:00:00:00:254] ! Unidirectional t-s. expansions: 43, time: 254 [ms], path length: 32 [edges], generated: 488
[00:00:00:01:595] Path of length 32 found: [0, 8, 9, 1, 2, 10, 18, 17, 25, 26, 27, 35, 43, 44, 36, 28, 29, 21, 20, 12, 11, 3, 4, 5, 13, 14, 22, 23, 31, 39, 38, 46, 47]
[00:00:00:01:978] ! Bidirectional. expansions: 422, time: 1,595 [ms], path length: 32 [edges], g_F: 15, g_B: 17, generated: 821, MM: 2, MMPER: 5.0606060606060606%
[00:00:00:01:978] 
---------- SM_Grids/6x8_grid_with_random_blocks_16per_2 ----------
[00:00:00:00:577] Path of length 38 found: [0, 1, 2, 3, 11, 12, 13, 14, 6, 7, 15, 23, 22, 21, 20, 19, 18, 17, 9, 8, 16, 24, 32, 40, 41, 33, 25, 26, 34, 35, 43, 44, 36, 37, 45, 46, 38, 39, 47]
[00:00:00:00:578] ! Unidirectional s-t. expansions: 83, time: 578 [ms], path length: 38 [edges], generated: 775
[00:00:00:00:296] Path of length 38 found: [47, 46, 45, 44, 43, 35, 36, 37, 38, 39, 31, 23, 15, 7, 6, 14, 22, 21, 13, 12, 20, 19, 11, 3, 2, 1, 9, 17, 18, 26, 34, 33, 41, 40, 32, 24, 16, 8, 0]
[00:00:00:00:296] ! Unidirectional t-s. expansions: 57, time: 296 [ms], path length: 38 [edges], generated: 524
[00:00:00:00:860] Path of length 38 found: [0, 8, 16, 17, 9, 1, 2, 3, 11, 12, 13, 14, 6, 7, 15, 23, 22, 21, 20, 19, 27, 26, 25, 24, 32, 40, 41, 33, 34, 35, 43, 44, 36, 37, 45, 46, 38, 39, 47]
[00:00:00:01:228] ! Bidirectional. expansions: 257, time: 860 [ms], path length: 38 [edges], g_F: 18, g_B: 20, generated: 431, MM: 2, MMPER: 4.128205128205129%
[00:00:00:01:228] 
---------- SM_Grids/6x8_grid_with_random_blocks_16per_3 ----------
[00:00:00:00:070] Path of length 40 found: [0, 8, 16, 24, 32, 40, 41, 42, 34, 33, 25, 17, 9, 1, 2, 3, 11, 19, 27, 35, 36, 28, 29, 37, 45, 46, 38, 30, 22, 14, 13, 12, 4, 5, 6, 7, 15, 23, 31, 39, 47]
[00:00:00:00:071] ! Unidirectional s-t. expansions: 14, time: 70 [ms], path length: 40 [edges], generated: 109
[00:00:00:00:076] Path of length 40 found: [47, 39, 31, 23, 15, 7, 6, 5, 4, 12, 13, 14, 22, 30, 38, 46, 45, 37, 29, 28, 36, 35, 27, 19, 11, 3, 2, 1, 9, 17, 25, 33, 34, 42, 41, 40, 32, 24, 16, 8, 0]
[00:00:00:00:076] ! Unidirectional t-s. expansions: 15, time: 76 [ms], path length: 40 [edges], generated: 120
[00:00:00:00:792] Path of length 40 found: [0, 8, 16, 24, 32, 40, 41, 42, 34, 33, 25, 17, 9, 1, 2, 3, 11, 19, 27, 35, 36, 28, 29, 37, 45, 46, 38, 30, 22, 14, 13, 12, 4, 5, 6, 7, 15, 23, 31, 39, 47]
[00:00:00:01:139] ! Bidirectional. expansions: 266, time: 792 [ms], path length: 40 [edges], g_F: 20, g_B: 20, generated: 420, MM: 0, MMPER: -1.0%
[00:00:00:01:139] 
---------- SM_Grids/6x8_grid_with_random_blocks_16per_4 ----------
[00:00:00:01:941] Path of length 34 found: [0, 1, 2, 3, 11, 10, 18, 17, 9, 8, 16, 24, 25, 26, 27, 19, 20, 12, 13, 5, 6, 7, 15, 14, 22, 21, 29, 28, 36, 35, 43, 44, 45, 46, 47]
[00:00:00:01:941] ! Unidirectional s-t. expansions: 256, time: 1,941 [ms], path length: 34 [edges], generated: 3,208
[00:00:00:01:033] Path of length 34 found: [47, 46, 45, 44, 43, 35, 36, 28, 27, 26, 25, 24, 16, 8, 9, 17, 18, 19, 20, 21, 29, 30, 22, 23, 15, 7, 6, 5, 13, 12, 11, 3, 2, 1, 0]
[00:00:00:01:033] ! Unidirectional t-s. expansions: 216, time: 1,033 [ms], path length: 34 [edges], generated: 2,373
[00:00:00:03:064] Path of length 34 found: [0, 8, 16, 24, 25, 17, 9, 1, 2, 3, 11, 10, 18, 26, 27, 19, 20, 12, 13, 5, 6, 7, 15, 23, 22, 30, 29, 28, 36, 35, 43, 44, 45, 46, 47]
[00:00:00:03:459] ! Bidirectional. expansions: 736, time: 3,064 [ms], path length: 34 [edges], g_F: 18, g_B: 16, generated: 1,447, MM: 2, MMPER: 4.714285714285714%
[00:00:00:03:460] 
---------- SM_Grids/6x8_grid_with_random_blocks_16per_5 ----------
[00:00:00:00:075] Path of length 38 found: [0, 1, 2, 10, 11, 19, 27, 26, 25, 17, 16, 24, 32, 40, 41, 33, 34, 42, 43, 35, 36, 44, 45, 37, 29, 21, 13, 5, 6, 14, 15, 23, 22, 30, 31, 39, 38, 46, 47]
[00:00:00:00:076] ! Unidirectional s-t. expansions: 13, time: 75 [ms], path length: 38 [edges], generated: 113
[00:00:00:01:609] Path of length 38 found: [47, 39, 31, 23, 15, 14, 6, 5, 13, 21, 22, 30, 29, 37, 38, 46, 45, 44, 36, 35, 43, 42, 34, 33, 41, 40, 32, 24, 16, 17, 25, 26, 27, 19, 11, 10, 2, 1, 0]
[00:00:00:01:609] ! Unidirectional t-s. expansions: 239, time: 1,609 [ms], path length: 38 [edges], generated: 2,259
[00:00:00:03:957] Path of length 38 found: [0, 1, 2, 10, 11, 19, 27, 26, 25, 17, 16, 24, 32, 40, 41, 33, 34, 42, 43, 35, 36, 44, 45, 37, 29, 21, 13, 5, 6, 14, 15, 23, 22, 30, 31, 39, 38, 46, 47]
[00:00:00:04:344] ! Bidirectional. expansions: 1,182, time: 3,957 [ms], path length: 38 [edges], g_F: 18, g_B: 20, generated: 1,959, MM: 2, MMPER: 4.128205128205129%
[00:00:00:04:345] 
---------- SM_Grids/6x8_grid_with_random_blocks_16per_6 ----------
[00:00:00:00:534] Path of length 36 found: [0, 1, 9, 8, 16, 17, 25, 24, 32, 40, 41, 33, 34, 35, 43, 44, 36, 28, 27, 26, 18, 10, 2, 3, 11, 12, 13, 5, 6, 14, 22, 21, 29, 37, 45, 46, 47]
[00:00:00:00:535] ! Unidirectional s-t. expansions: 86, time: 535 [ms], path length: 36 [edges], generated: 779
[00:00:00:00:366] Path of length 36 found: [47, 46, 45, 44, 43, 35, 34, 33, 41, 40, 32, 24, 25, 17, 16, 8, 9, 10, 18, 26, 27, 28, 36, 37, 29, 21, 22, 14, 6, 5, 13, 12, 11, 3, 2, 1, 0]
[00:00:00:00:367] ! Unidirectional t-s. expansions: 48, time: 367 [ms], path length: 36 [edges], generated: 557
[00:00:00:00:929] Path of length 36 found: [0, 8, 16, 17, 18, 10, 9, 1, 2, 3, 11, 12, 13, 5, 6, 14, 22, 30, 29, 37, 36, 28, 27, 26, 25, 24, 32, 40, 41, 33, 34, 35, 43, 44, 45, 46, 47]
[00:00:00:01:326] ! Bidirectional. expansions: 258, time: 929 [ms], path length: 36 [edges], g_F: 17, g_B: 19, generated: 446, MM: 2, MMPER: 4.405405405405405%
[00:00:00:01:326] 
---------- SM_Grids/6x8_grid_with_random_blocks_16per_7 ----------
[00:00:00:02:517] Path of length 38 found: [0, 1, 2, 3, 4, 5, 13, 14, 15, 23, 31, 30, 29, 28, 27, 26, 25, 17, 18, 19, 20, 12, 11, 10, 9, 8, 16, 24, 32, 40, 41, 42, 34, 35, 36, 37, 38, 39, 47]
[00:00:00:02:518] ! Unidirectional s-t. expansions: 421, time: 2,517 [ms], path length: 38 [edges], generated: 3,891
[00:00:00:02:721] Path of length 38 found: [47, 39, 38, 37, 36, 28, 29, 30, 31, 23, 15, 14, 13, 5, 4, 3, 11, 12, 20, 19, 27, 26, 34, 35, 43, 42, 41, 40, 32, 24, 25, 17, 16, 8, 9, 10, 2, 1, 0]
[00:00:00:02:722] ! Unidirectional t-s. expansions: 460, time: 2,721 [ms], path length: 38 [edges], generated: 4,974
[00:00:00:04:551] Path of length 38 found: [0, 8, 16, 24, 32, 40, 41, 42, 43, 35, 34, 26, 25, 17, 9, 1, 2, 10, 18, 19, 20, 12, 11, 3, 4, 5, 13, 14, 15, 23, 31, 30, 29, 28, 36, 37, 38, 39, 47]
[00:00:00:04:946] ! Bidirectional. expansions: 1,242, time: 4,551 [ms], path length: 38 [edges], g_F: 18, g_B: 20, generated: 2,220, MM: 2, MMPER: 4.128205128205129%
[00:00:00:04:947] 
---------- SM_Grids/6x8_grid_with_random_blocks_16per_8 ----------
[00:00:00:00:104] Path of length 36 found: [0, 8, 9, 17, 16, 24, 32, 40, 41, 33, 25, 26, 27, 19, 20, 28, 36, 35, 43, 44, 45, 37, 29, 21, 13, 5, 6, 14, 15, 23, 22, 30, 31, 39, 38, 46, 47]
[00:00:00:00:104] ! Unidirectional s-t. expansions: 13, time: 104 [ms], path length: 36 [edges], generated: 146
[00:00:00:00:808] Path of length 36 found: [47, 46, 45, 44, 36, 37, 38, 39, 31, 30, 22, 23, 15, 14, 6, 5, 13, 21, 29, 28, 20, 19, 27, 35, 43, 42, 41, 40, 32, 33, 25, 24, 16, 17, 9, 8, 0]
[00:00:00:00:808] ! Unidirectional t-s. expansions: 91, time: 808 [ms], path length: 36 [edges], generated: 1,068
[00:00:00:01:701] Path of length 36 found: [0, 8, 9, 17, 16, 24, 32, 40, 41, 33, 25, 26, 27, 19, 20, 28, 36, 35, 43, 44, 45, 46, 38, 37, 29, 30, 22, 21, 13, 5, 6, 14, 15, 23, 31, 39, 47]
[00:00:00:02:088] ! Bidirectional. expansions: 455, time: 1,701 [ms], path length: 36 [edges], g_F: 17, g_B: 19, generated: 838, MM: 2, MMPER: 4.405405405405405%
[00:00:00:02:088] 
---------- SM_Grids/6x8_grid_with_random_blocks_16per_9 ----------
[00:00:00:02:948] Path of length 38 found: [0, 1, 2, 3, 4, 5, 6, 14, 13, 12, 20, 19, 27, 26, 18, 10, 9, 17, 25, 24, 32, 40, 41, 33, 34, 42, 43, 35, 36, 28, 29, 21, 22, 23, 31, 39, 38, 46, 47]
[00:00:00:02:949] ! Unidirectional s-t. expansions: 484, time: 2,948 [ms], path length: 38 [edges], generated: 4,993
[00:00:00:00:786] Path of length 38 found: [47, 46, 38, 39, 31, 23, 22, 21, 29, 28, 20, 12, 13, 14, 6, 5, 4, 3, 2, 10, 18, 19, 27, 35, 36, 44, 43, 42, 41, 40, 32, 33, 34, 26, 25, 17, 9, 1, 0]
[00:00:00:00:786] ! Unidirectional t-s. expansions: 142, time: 786 [ms], path length: 38 [edges], generated: 1,582
[00:00:00:02:694] Path of length 38 found: [0, 1, 9, 10, 2, 3, 4, 12, 20, 19, 18, 17, 25, 24, 32, 40, 41, 33, 34, 42, 43, 44, 36, 35, 27, 28, 29, 21, 13, 5, 6, 14, 22, 23, 31, 39, 38, 46, 47]
[00:00:00:03:040] ! Bidirectional. expansions: 812, time: 2,694 [ms], path length: 38 [edges], g_F: 19, g_B: 19, generated: 1,501, MM: 0, MMPER: -1.0%

[00:00:00:03:040] average expansions: (357, 275, 920, 0)
[00:00:00:03:040] average time: (1,808, 1,412, 3,295, 0)
[00:00:00:03:040] XA*: 275 , 1,412 (expansions , time[ms])
[00:00:00:03:040] XMM: 920 , 3,295 (expansions , time[ms])

