------------------------------------
Thu 01 Oct 2026 10:43:19 IDT
SLURM_JOBID:		21942716
SLURM_JOB_NODELIST:	ise-cpu256-29
SLURM_SCRATCH_DIR:	/scratch/shubit/21942716
Allocated Resouces:	cpu - 2 / mem - 61440 MB / gpu - 
SLURM_GPU_INDEX:	
Running as shubit from shimony account with normal QOS
------------------------------------
Thu 01 Oct 2026 10:43:19 IDT

SLURM_JOBID:		 21942716
SLURM_JOB_NODELIST:	 ise-cpu256-29 

--------------------------
date: SM_Grids
number_of_graphs: 10
graph_type: grid
size_of_graphs: [6, 8]
heuristic: bcc_heuristic
snake: False
run_uni: True
run_bi: True
run_multi: False
solution_vertices: []
algorithms: ['A']
lookahead: 3
bsd: False
cube_first_dims: 4
cube_buffer_dim: None
backward_sym_generation: False
sym_coil: False
prefix_set: None

---------- SM_Grids/6x8_grid_with_random_blocks_20per_0 ----------
[00:00:00:00:091] Path of length 30 found: [0, 1, 2, 3, 11, 10, 18, 17, 16, 24, 32, 40, 41, 42, 34, 35, 27, 19, 20, 21, 13, 5, 6, 7, 15, 14, 22, 30, 31, 39, 47]
[00:00:00:00:092] ! Unidirectional s-t. expansions: 29, time: 92 [ms], path length: 30 [edges], generated: 196
[00:00:00:00:114] Path of length 30 found: [47, 39, 31, 30, 22, 23, 15, 7, 6, 5, 13, 21, 20, 19, 27, 35, 34, 42, 41, 40, 32, 24, 16, 17, 18, 10, 11, 3, 2, 1, 0]
[00:00:00:00:114] ! Unidirectional t-s. expansions: 39, time: 114 [ms], path length: 30 [edges], generated: 273
[00:00:00:00:156] Path of length 30 found: [0, 1, 2, 3, 11, 10, 18, 17, 16, 24, 32, 40, 41, 42, 34, 35, 27, 19, 20, 21, 13, 5, 6, 7, 15, 23, 22, 30, 31, 39, 47]
[00:00:00:00:532] ! Bidirectional. expansions: 24, time: 156 [ms], path length: 30 [edges], g_F: 19, g_B: 11, generated: 0, MM: 8, MMPER: 24.806451612903224%
[00:00:00:00:532] 
---------- SM_Grids/6x8_grid_with_random_blocks_20per_1 ----------
[00:00:00:00:241] Path of length 34 found: [0, 1, 2, 3, 11, 19, 27, 26, 34, 33, 25, 24, 32, 40, 41, 42, 43, 44, 45, 37, 36, 28, 20, 21, 13, 5, 6, 14, 15, 23, 31, 30, 38, 39, 47]
[00:00:00:00:241] ! Unidirectional s-t. expansions: 61, time: 241 [ms], path length: 34 [edges], generated: 482
[00:00:00:00:595] Path of length 34 found: [47, 39, 38, 30, 31, 23, 15, 7, 6, 5, 13, 21, 20, 28, 36, 37, 45, 44, 43, 35, 34, 42, 41, 40, 32, 24, 25, 26, 27, 19, 11, 3, 2, 1, 0]
[00:00:00:00:595] ! Unidirectional t-s. expansions: 121, time: 595 [ms], path length: 34 [edges], generated: 1,390
[00:00:00:00:301] Path of length 34 found: [0, 1, 2, 3, 11, 19, 27, 26, 34, 33, 25, 24, 32, 40, 41, 42, 43, 44, 45, 37, 36, 28, 20, 21, 13, 5, 6, 14, 15, 23, 31, 30, 38, 39, 47]
[00:00:00:00:666] ! Bidirectional. expansions: 51, time: 301 [ms], path length: 34 [edges], g_F: 19, g_B: 15, generated: 0, MM: 4, MMPER: 10.428571428571429%
[00:00:00:00:667] 
---------- SM_Grids/6x8_grid_with_random_blocks_20per_2 ----------
[00:00:00:00:130] Path of length 32 found: [0, 1, 2, 3, 11, 10, 9, 8, 16, 17, 25, 24, 32, 33, 34, 35, 43, 44, 36, 28, 29, 21, 13, 14, 6, 7, 15, 23, 31, 30, 38, 46, 47]
[00:00:00:00:131] ! Unidirectional s-t. expansions: 41, time: 130 [ms], path length: 32 [edges], generated: 281
[00:00:00:00:176] Path of length 32 found: [47, 46, 38, 39, 31, 23, 15, 7, 6, 14, 13, 21, 29, 28, 36, 44, 43, 35, 34, 26, 25, 33, 32, 24, 16, 8, 9, 10, 11, 3, 2, 1, 0]
[00:00:00:00:176] ! Unidirectional t-s. expansions: 47, time: 176 [ms], path length: 32 [edges], generated: 356
[00:00:00:00:380] Path of length 32 found: [0, 1, 2, 3, 11, 10, 9, 8, 16, 17, 25, 24, 32, 33, 34, 35, 43, 44, 36, 28, 29, 21, 13, 14, 6, 7, 15, 23, 31, 39, 38, 46, 47]
[00:00:00:00:726] ! Bidirectional. expansions: 69, time: 380 [ms], path length: 32 [edges], g_F: 18, g_B: 14, generated: 0, MM: 4, MMPER: 11.121212121212121%
[00:00:00:00:726] 
---------- SM_Grids/6x8_grid_with_random_blocks_20per_3 ----------
[00:00:00:00:098] Path of length 34 found: [0, 8, 16, 24, 32, 40, 41, 33, 34, 42, 43, 44, 36, 35, 27, 26, 18, 10, 11, 12, 13, 14, 6, 7, 15, 23, 22, 21, 29, 37, 45, 46, 38, 39, 47]
[00:00:00:00:098] ! Unidirectional s-t. expansions: 24, time: 98 [ms], path length: 34 [edges], generated: 182
[00:00:00:00:222] Path of length 34 found: [47, 46, 45, 37, 38, 39, 31, 23, 15, 7, 6, 14, 22, 21, 13, 12, 11, 10, 18, 26, 27, 35, 36, 44, 43, 42, 34, 33, 41, 40, 32, 24, 16, 8, 0]
[00:00:00:00:223] ! Unidirectional t-s. expansions: 46, time: 222 [ms], path length: 34 [edges], generated: 364
[00:00:00:00:310] Path of length 34 found: [0, 8, 16, 24, 32, 40, 41, 33, 34, 42, 43, 44, 45, 46, 38, 37, 36, 35, 27, 26, 18, 10, 11, 12, 13, 21, 22, 14, 6, 7, 15, 23, 31, 39, 47]
[00:00:00:00:646] ! Bidirectional. expansions: 36, time: 310 [ms], path length: 34 [edges], g_F: 21, g_B: 13, generated: 0, MM: 8, MMPER: 21.857142857142858%
[00:00:00:00:646] 
---------- SM_Grids/6x8_grid_with_random_blocks_20per_4 ----------
[00:00:00:00:240] Path of length 32 found: [0, 8, 16, 24, 32, 40, 41, 33, 34, 26, 25, 17, 9, 1, 2, 10, 11, 19, 20, 12, 4, 5, 6, 14, 22, 23, 31, 39, 38, 37, 45, 46, 47]
[00:00:00:00:241] ! Unidirectional s-t. expansions: 60, time: 240 [ms], path length: 32 [edges], generated: 480
[00:00:00:00:169] Path of length 32 found: [47, 46, 45, 37, 38, 39, 31, 23, 15, 14, 6, 5, 4, 12, 20, 19, 11, 3, 2, 1, 9, 17, 25, 26, 34, 33, 41, 40, 32, 24, 16, 8, 0]
[00:00:00:00:169] ! Unidirectional t-s. expansions: 41, time: 169 [ms], path length: 32 [edges], generated: 425
[00:00:00:00:335] Path of length 32 found: [0, 8, 16, 24, 32, 40, 41, 33, 34, 26, 25, 17, 9, 1, 2, 10, 11, 19, 20, 12, 4, 5, 6, 14, 15, 23, 31, 39, 38, 37, 45, 46, 47]
[00:00:00:00:678] ! Bidirectional. expansions: 65, time: 335 [ms], path length: 32 [edges], g_F: 15, g_B: 17, generated: 0, MM: 2, MMPER: 5.0606060606060606%
[00:00:00:00:678] 
---------- SM_Grids/6x8_grid_with_random_blocks_20per_5 ----------
[00:00:00:00:516] Path of length 28 found: [0, 1, 2, 3, 4, 12, 20, 19, 11, 10, 9, 8, 16, 17, 18, 26, 25, 24, 32, 40, 41, 42, 43, 44, 45, 37, 38, 46, 47]
[00:00:00:00:517] ! Unidirectional s-t. expansions: 73, time: 517 [ms], path length: 28 [edges], generated: 780
[00:00:00:00:109] Path of length 28 found: [47, 46, 38, 37, 45, 44, 43, 42, 41, 40, 32, 24, 25, 17, 16, 8, 9, 10, 18, 26, 27, 19, 11, 12, 4, 3, 2, 1, 0]
[00:00:00:00:109] ! Unidirectional t-s. expansions: 20, time: 109 [ms], path length: 28 [edges], generated: 232
[00:00:00:00:546] Path of length 28 found: [0, 8, 9, 1, 2, 10, 11, 3, 4, 12, 20, 19, 27, 26, 18, 17, 16, 24, 32, 40, 41, 42, 43, 44, 45, 37, 38, 46, 47]
[00:00:00:00:890] ! Bidirectional. expansions: 74, time: 547 [ms], path length: 28 [edges], g_F: 16, g_B: 12, generated: 0, MM: 4, MMPER: 12.793103448275861%
[00:00:00:00:890] 
---------- SM_Grids/6x8_grid_with_random_blocks_20per_6 ----------
[00:00:00:00:162] Path of length 28 found: [0, 8, 16, 17, 25, 24, 32, 40, 41, 33, 34, 35, 27, 19, 18, 10, 2, 3, 11, 12, 20, 28, 36, 44, 45, 37, 38, 39, 47]
[00:00:00:00:162] ! Unidirectional s-t. expansions: 26, time: 162 [ms], path length: 28 [edges], generated: 280
[00:00:00:00:153] Path of length 28 found: [47, 39, 38, 37, 29, 28, 36, 44, 43, 35, 27, 19, 20, 12, 11, 3, 2, 10, 18, 17, 25, 33, 41, 40, 32, 24, 16, 8, 0]
[00:00:00:00:153] ! Unidirectional t-s. expansions: 32, time: 153 [ms], path length: 28 [edges], generated: 284
[00:00:00:00:264] Path of length 28 found: [0, 8, 16, 24, 32, 40, 41, 33, 25, 17, 18, 10, 2, 3, 11, 12, 20, 19, 27, 35, 43, 44, 36, 28, 29, 37, 38, 39, 47]
[00:00:00:00:598] ! Bidirectional. expansions: 23, time: 264 [ms], path length: 28 [edges], g_F: 14, g_B: 14, generated: 0, MM: 0, MMPER: -1.0%
[00:00:00:00:599] 
---------- SM_Grids/6x8_grid_with_random_blocks_20per_7 ----------
[00:00:00:00:074] Path of length 32 found: [0, 8, 16, 17, 25, 33, 41, 42, 34, 26, 18, 10, 9, 1, 2, 3, 4, 5, 6, 14, 13, 12, 20, 28, 36, 37, 45, 46, 38, 30, 31, 39, 47]
[00:00:00:00:075] ! Unidirectional s-t. expansions: 17, time: 74 [ms], path length: 32 [edges], generated: 127
[00:00:00:00:048] Path of length 32 found: [47, 39, 31, 30, 38, 46, 45, 37, 36, 28, 20, 21, 13, 14, 6, 5, 4, 3, 2, 1, 9, 10, 18, 26, 34, 42, 41, 33, 25, 17, 16, 8, 0]
[00:00:00:00:048] ! Unidirectional t-s. expansions: 11, time: 48 [ms], path length: 32 [edges], generated: 90
[00:00:00:00:176] Path of length 32 found: [0, 1, 9, 8, 16, 17, 25, 33, 41, 42, 34, 26, 18, 10, 2, 3, 4, 5, 6, 14, 13, 21, 20, 28, 36, 37, 45, 46, 38, 30, 31, 39, 47]
[00:00:00:00:516] ! Bidirectional. expansions: 22, time: 176 [ms], path length: 32 [edges], g_F: 18, g_B: 14, generated: 0, MM: 4, MMPER: 11.121212121212121%
[00:00:00:00:516] 
---------- SM_Grids/6x8_grid_with_random_blocks_20per_8 ----------
[00:00:00:00:071] Path of length 34 found: [0, 8, 16, 17, 9, 10, 11, 19, 27, 26, 25, 33, 34, 35, 43, 44, 45, 37, 36, 28, 29, 21, 20, 12, 13, 5, 6, 14, 22, 23, 31, 30, 38, 39, 47]
[00:00:00:00:071] ! Unidirectional s-t. expansions: 14, time: 71 [ms], path length: 34 [edges], generated: 139
[00:00:00:00:357] Path of length 34 found: [47, 39, 38, 30, 31, 23, 22, 14, 6, 5, 13, 21, 29, 28, 36, 37, 45, 44, 43, 35, 34, 33, 25, 26, 27, 19, 20, 12, 11, 10, 9, 17, 16, 8, 0]
[00:00:00:00:357] ! Unidirectional t-s. expansions: 51, time: 357 [ms], path length: 34 [edges], generated: 549
[00:00:00:00:102] Path of length 34 found: [0, 1, 9, 8, 16, 17, 25, 33, 34, 26, 27, 19, 11, 12, 20, 28, 36, 35, 43, 44, 45, 37, 38, 30, 29, 21, 13, 5, 6, 14, 22, 23, 31, 39, 47]
[00:00:00:00:448] ! Bidirectional. expansions: 12, time: 102 [ms], path length: 34 [edges], g_F: 21, g_B: 13, generated: 0, MM: 8, MMPER: 21.857142857142858%
[00:00:00:00:448] 
---------- SM_Grids/6x8_grid_with_random_blocks_20per_9 ----------
[00:00:00:00:080] Path of length 28 found: [0, 1, 2, 3, 11, 10, 9, 17, 16, 24, 32, 40, 41, 33, 34, 42, 43, 35, 27, 19, 20, 28, 36, 37, 45, 46, 38, 39, 47]
[00:00:00:00:080] ! Unidirectional s-t. expansions: 18, time: 80 [ms], path length: 28 [edges], generated: 168
[00:00:00:00:102] Path of length 28 found: [47, 39, 38, 46, 45, 37, 29, 28, 20, 19, 27, 26, 34, 35, 43, 42, 41, 33, 32, 24, 16, 17, 9, 10, 11, 3, 2, 1, 0]
[00:00:00:00:102] ! Unidirectional t-s. expansions: 19, time: 102 [ms], path length: 28 [edges], generated: 186
[00:00:00:00:162] Path of length 28 found: [0, 1, 2, 3, 11, 10, 9, 17, 16, 24, 32, 40, 41, 33, 34, 42, 43, 35, 27, 19, 20, 28, 29, 37, 45, 46, 38, 39, 47]
[00:00:00:00:491] ! Bidirectional. expansions: 18, time: 162 [ms], path length: 28 [edges], g_F: 19, g_B: 9, generated: 0, MM: 10, MMPER: 33.48275862068966%

[00:00:00:00:492] average expansions: (36, 43, 39, 0)
[00:00:00:00:492] average time: (170, 204, 273, 0)
[00:00:00:00:492] XA*: 36 , 170 (expansions , time[ms])
[00:00:00:00:492] BiXA*: 39 , 273 (expansions , time[ms])

