------------------------------------
Thu 01 Oct 2026 10:43:19 IDT
SLURM_JOBID:		21942715
SLURM_JOB_NODELIST:	ise-cpu256-29
SLURM_SCRATCH_DIR:	/scratch/shubit/21942715
Allocated Resouces:	cpu - 2 / mem - 61440 MB / gpu - 
SLURM_GPU_INDEX:	
Running as shubit from shimony account with normal QOS
------------------------------------
Thu 01 Oct 2026 10:43:19 IDT

SLURM_JOBID:		 21942715
SLURM_JOB_NODELIST:	 ise-cpu256-29 

--------------------------
date: SM_Grids
number_of_graphs: 10
graph_type: grid
size_of_graphs: [6, 8]
heuristic: bcc_heuristic
snake: False
run_uni: True
run_bi: True
run_multi: False
solution_vertices: []
algorithms: ['A']
lookahead: 2
bsd: False
cube_first_dims: 4
cube_buffer_dim: None
backward_sym_generation: False
sym_coil: False
prefix_set: None

---------- SM_Grids/6x8_grid_with_random_blocks_20per_0 ----------
[00:00:00:00:102] Path of length 30 found: [0, 1, 2, 3, 11, 10, 18, 17, 16, 24, 32, 40, 41, 42, 34, 35, 27, 19, 20, 21, 13, 5, 6, 7, 15, 14, 22, 30, 31, 39, 47]
[00:00:00:00:102] ! Unidirectional s-t. expansions: 46, time: 102 [ms], path length: 30 [edges], generated: 176
[00:00:00:00:115] Path of length 30 found: [47, 39, 31, 30, 22, 23, 15, 7, 6, 5, 13, 21, 20, 19, 27, 35, 34, 42, 41, 40, 32, 24, 25, 17, 18, 10, 11, 3, 2, 1, 0]
[00:00:00:00:115] ! Unidirectional t-s. expansions: 64, time: 115 [ms], path length: 30 [edges], generated: 212
[00:00:00:00:062] Path of length 30 found: [0, 1, 2, 3, 11, 10, 18, 17, 16, 24, 32, 40, 41, 42, 34, 35, 27, 19, 20, 21, 13, 5, 6, 7, 15, 23, 22, 30, 31, 39, 47]
[00:00:00:00:455] ! Bidirectional. expansions: 37, time: 62 [ms], path length: 30 [edges], g_F: 15, g_B: 15, generated: 0, MM: 0, MMPER: -1.0%
[00:00:00:00:455] 
---------- SM_Grids/6x8_grid_with_random_blocks_20per_1 ----------
[00:00:00:00:220] Path of length 34 found: [0, 1, 2, 3, 11, 19, 27, 26, 34, 33, 25, 24, 32, 40, 41, 42, 43, 44, 45, 37, 36, 28, 20, 21, 13, 5, 6, 14, 15, 23, 31, 30, 38, 39, 47]
[00:00:00:00:220] ! Unidirectional s-t. expansions: 94, time: 220 [ms], path length: 34 [edges], generated: 357
[00:00:00:00:514] Path of length 34 found: [47, 39, 38, 30, 31, 23, 15, 7, 6, 5, 13, 21, 20, 28, 36, 37, 45, 44, 43, 35, 34, 42, 41, 40, 32, 24, 25, 26, 27, 19, 11, 3, 2, 1, 0]
[00:00:00:00:514] ! Unidirectional t-s. expansions: 186, time: 514 [ms], path length: 34 [edges], generated: 993
[00:00:00:00:112] Path of length 34 found: [0, 1, 2, 3, 11, 19, 27, 26, 25, 24, 32, 40, 41, 33, 34, 42, 43, 44, 45, 37, 36, 28, 20, 21, 13, 5, 6, 7, 15, 23, 31, 30, 38, 39, 47]
[00:00:00:00:448] ! Bidirectional. expansions: 77, time: 112 [ms], path length: 34 [edges], g_F: 17, g_B: 17, generated: 0, MM: 0, MMPER: -1.0%
[00:00:00:00:448] 
---------- SM_Grids/6x8_grid_with_random_blocks_20per_2 ----------
[00:00:00:00:145] Path of length 32 found: [0, 1, 2, 3, 11, 10, 9, 8, 16, 17, 25, 24, 32, 33, 34, 35, 43, 44, 36, 28, 29, 21, 13, 14, 6, 7, 15, 23, 31, 30, 38, 46, 47]
[00:00:00:00:145] ! Unidirectional s-t. expansions: 66, time: 145 [ms], path length: 32 [edges], generated: 286
[00:00:00:00:197] Path of length 32 found: [47, 46, 38, 39, 31, 23, 15, 7, 6, 14, 13, 21, 29, 28, 36, 44, 43, 35, 34, 26, 25, 33, 32, 24, 16, 17, 9, 10, 11, 3, 2, 1, 0]
[00:00:00:00:198] ! Unidirectional t-s. expansions: 75, time: 197 [ms], path length: 32 [edges], generated: 365
[00:00:00:00:130] Path of length 32 found: [0, 1, 2, 3, 11, 10, 9, 8, 16, 17, 25, 24, 32, 33, 34, 35, 43, 44, 36, 28, 29, 21, 13, 14, 6, 7, 15, 23, 31, 39, 38, 46, 47]
[00:00:00:00:500] ! Bidirectional. expansions: 86, time: 130 [ms], path length: 32 [edges], g_F: 16, g_B: 16, generated: 0, MM: 0, MMPER: -1.0%
[00:00:00:00:500] 
---------- SM_Grids/6x8_grid_with_random_blocks_20per_3 ----------
[00:00:00:00:080] Path of length 34 found: [0, 8, 16, 24, 32, 40, 41, 33, 34, 42, 43, 44, 36, 35, 27, 26, 18, 10, 11, 12, 13, 14, 6, 7, 15, 23, 22, 21, 29, 37, 45, 46, 38, 39, 47]
[00:00:00:00:080] ! Unidirectional s-t. expansions: 30, time: 80 [ms], path length: 34 [edges], generated: 122
[00:00:00:00:221] Path of length 34 found: [47, 46, 45, 44, 36, 37, 38, 39, 31, 23, 15, 7, 6, 14, 22, 21, 13, 12, 11, 10, 18, 26, 27, 35, 43, 42, 34, 33, 41, 40, 32, 24, 16, 8, 0]
[00:00:00:00:221] ! Unidirectional t-s. expansions: 71, time: 221 [ms], path length: 34 [edges], generated: 292
[00:00:00:00:101] Path of length 34 found: [0, 8, 16, 24, 32, 40, 41, 33, 34, 42, 43, 44, 45, 37, 36, 35, 27, 26, 18, 10, 11, 12, 13, 21, 22, 14, 6, 7, 15, 23, 31, 39, 38, 46, 47]
[00:00:00:00:435] ! Bidirectional. expansions: 54, time: 101 [ms], path length: 34 [edges], g_F: 17, g_B: 17, generated: 0, MM: 0, MMPER: -1.0%
[00:00:00:00:435] 
---------- SM_Grids/6x8_grid_with_random_blocks_20per_4 ----------
[00:00:00:00:260] Path of length 32 found: [0, 8, 16, 24, 32, 40, 41, 42, 34, 26, 25, 17, 9, 1, 2, 10, 11, 19, 20, 12, 4, 5, 6, 14, 22, 23, 31, 39, 38, 37, 45, 46, 47]
[00:00:00:00:261] ! Unidirectional s-t. expansions: 101, time: 260 [ms], path length: 32 [edges], generated: 444
[00:00:00:00:167] Path of length 32 found: [47, 46, 45, 37, 38, 39, 31, 23, 15, 14, 6, 5, 4, 12, 20, 19, 11, 3, 2, 10, 9, 17, 25, 26, 34, 42, 41, 33, 32, 24, 16, 8, 0]
[00:00:00:00:168] ! Unidirectional t-s. expansions: 68, time: 167 [ms], path length: 32 [edges], generated: 357
[00:00:00:00:134] Path of length 32 found: [0, 8, 16, 24, 32, 40, 41, 42, 34, 26, 25, 17, 9, 1, 2, 10, 11, 19, 20, 12, 4, 5, 6, 14, 15, 23, 31, 39, 38, 37, 45, 46, 47]
[00:00:00:00:468] ! Bidirectional. expansions: 105, time: 135 [ms], path length: 32 [edges], g_F: 16, g_B: 16, generated: 0, MM: 0, MMPER: -1.0%
[00:00:00:00:469] 
---------- SM_Grids/6x8_grid_with_random_blocks_20per_5 ----------
[00:00:00:00:420] Path of length 28 found: [0, 1, 2, 3, 4, 12, 20, 19, 11, 10, 9, 8, 16, 17, 18, 26, 25, 24, 32, 40, 41, 42, 43, 44, 45, 37, 38, 46, 47]
[00:00:00:00:420] ! Unidirectional s-t. expansions: 116, time: 420 [ms], path length: 28 [edges], generated: 592
[00:00:00:00:078] Path of length 28 found: [47, 46, 38, 37, 45, 44, 43, 42, 41, 40, 32, 24, 25, 17, 16, 8, 9, 10, 18, 26, 27, 19, 20, 12, 4, 3, 2, 1, 0]
[00:00:00:00:078] ! Unidirectional t-s. expansions: 28, time: 78 [ms], path length: 28 [edges], generated: 125
[00:00:00:00:175] Path of length 28 found: [0, 8, 16, 17, 9, 1, 2, 10, 11, 3, 4, 12, 20, 19, 18, 26, 25, 24, 32, 40, 41, 42, 43, 44, 45, 37, 38, 46, 47]
[00:00:00:00:515] ! Bidirectional. expansions: 96, time: 175 [ms], path length: 28 [edges], g_F: 14, g_B: 14, generated: 0, MM: 0, MMPER: -1.0%
[00:00:00:00:515] 
---------- SM_Grids/6x8_grid_with_random_blocks_20per_6 ----------
[00:00:00:00:125] Path of length 28 found: [0, 8, 16, 17, 25, 24, 32, 40, 41, 33, 34, 35, 27, 19, 18, 10, 2, 3, 11, 12, 20, 28, 36, 44, 45, 37, 38, 39, 47]
[00:00:00:00:125] ! Unidirectional s-t. expansions: 36, time: 125 [ms], path length: 28 [edges], generated: 175
[00:00:00:00:134] Path of length 28 found: [47, 39, 38, 37, 29, 28, 36, 44, 43, 35, 27, 19, 20, 12, 11, 3, 2, 10, 18, 17, 25, 33, 41, 40, 32, 24, 16, 8, 0]
[00:00:00:00:134] ! Unidirectional t-s. expansions: 48, time: 134 [ms], path length: 28 [edges], generated: 188
[00:00:00:00:061] Path of length 28 found: [0, 8, 16, 24, 32, 40, 41, 33, 25, 17, 18, 10, 2, 3, 11, 12, 20, 19, 27, 35, 43, 44, 36, 28, 29, 37, 38, 39, 47]
[00:00:00:00:400] ! Bidirectional. expansions: 30, time: 61 [ms], path length: 28 [edges], g_F: 14, g_B: 14, generated: 0, MM: 0, MMPER: -1.0%
[00:00:00:00:400] 
---------- SM_Grids/6x8_grid_with_random_blocks_20per_7 ----------
[00:00:00:00:080] Path of length 32 found: [0, 8, 16, 17, 25, 33, 41, 42, 34, 26, 18, 10, 9, 1, 2, 3, 4, 5, 6, 14, 13, 12, 20, 28, 36, 37, 45, 46, 38, 30, 31, 39, 47]
[00:00:00:00:080] ! Unidirectional s-t. expansions: 28, time: 80 [ms], path length: 32 [edges], generated: 119
[00:00:00:00:042] Path of length 32 found: [47, 39, 31, 30, 38, 46, 45, 37, 36, 28, 20, 21, 13, 14, 6, 5, 4, 3, 2, 1, 9, 10, 18, 26, 34, 42, 41, 33, 25, 17, 16, 8, 0]
[00:00:00:00:043] ! Unidirectional t-s. expansions: 16, time: 42 [ms], path length: 32 [edges], generated: 73
[00:00:00:00:058] Path of length 32 found: [0, 8, 16, 17, 25, 33, 41, 42, 34, 26, 18, 10, 9, 1, 2, 3, 4, 5, 6, 14, 13, 21, 20, 28, 36, 37, 45, 46, 38, 30, 31, 39, 47]
[00:00:00:00:395] ! Bidirectional. expansions: 31, time: 58 [ms], path length: 32 [edges], g_F: 16, g_B: 16, generated: 0, MM: 0, MMPER: -1.0%
[00:00:00:00:395] 
---------- SM_Grids/6x8_grid_with_random_blocks_20per_8 ----------
[00:00:00:00:053] Path of length 34 found: [0, 1, 9, 8, 16, 17, 25, 33, 34, 26, 27, 19, 11, 12, 20, 28, 36, 35, 43, 44, 45, 37, 29, 21, 13, 5, 6, 14, 22, 23, 31, 30, 38, 39, 47]
[00:00:00:00:054] ! Unidirectional s-t. expansions: 17, time: 53 [ms], path length: 34 [edges], generated: 88
[00:00:00:00:257] Path of length 34 found: [47, 39, 38, 30, 31, 23, 22, 14, 6, 5, 13, 21, 29, 28, 36, 37, 45, 44, 43, 35, 34, 33, 25, 26, 27, 19, 20, 12, 11, 10, 9, 17, 16, 8, 0]
[00:00:00:00:257] ! Unidirectional t-s. expansions: 82, time: 257 [ms], path length: 34 [edges], generated: 386
[00:00:00:00:040] Path of length 34 found: [0, 1, 9, 8, 16, 17, 25, 33, 34, 26, 27, 28, 36, 35, 43, 44, 45, 37, 38, 30, 29, 21, 20, 19, 11, 12, 13, 5, 6, 14, 22, 23, 31, 39, 47]
[00:00:00:00:459] ! Bidirectional. expansions: 23, time: 41 [ms], path length: 34 [edges], g_F: 17, g_B: 17, generated: 0, MM: 0, MMPER: -1.0%
[00:00:00:00:459] 
---------- SM_Grids/6x8_grid_with_random_blocks_20per_9 ----------
[00:00:00:00:063] Path of length 28 found: [0, 1, 2, 3, 11, 10, 9, 17, 16, 24, 32, 40, 41, 33, 34, 42, 43, 35, 27, 19, 20, 28, 36, 37, 45, 46, 38, 39, 47]
[00:00:00:00:063] ! Unidirectional s-t. expansions: 24, time: 63 [ms], path length: 28 [edges], generated: 99
[00:00:00:00:084] Path of length 28 found: [47, 39, 38, 46, 45, 37, 29, 28, 20, 19, 27, 26, 34, 35, 43, 42, 41, 33, 32, 24, 16, 17, 9, 10, 11, 3, 2, 1, 0]
[00:00:00:00:084] ! Unidirectional t-s. expansions: 29, time: 84 [ms], path length: 28 [edges], generated: 127
[00:00:00:00:044] Path of length 28 found: [0, 1, 2, 3, 11, 10, 9, 17, 16, 24, 32, 40, 41, 42, 43, 35, 34, 26, 27, 19, 20, 28, 29, 37, 45, 46, 38, 39, 47]
[00:00:00:00:372] ! Bidirectional. expansions: 25, time: 44 [ms], path length: 28 [edges], g_F: 14, g_B: 14, generated: 0, MM: 0, MMPER: -1.0%

[00:00:00:00:372] average expansions: (56, 67, 56, 0)
[00:00:00:00:372] average time: (155, 181, 92, 0)
[00:00:00:00:372] XA*: 56 , 155 (expansions , time[ms])
[00:00:00:00:372] BiXA*: 56 , 92 (expansions , time[ms])

