------------------------------------
Thu 01 Oct 2026 12:13:53 IDT
SLURM_JOBID:		21944073
SLURM_JOB_NODELIST:	ise-cpu256-15
SLURM_SCRATCH_DIR:	/scratch/shubit/21944073
Allocated Resouces:	cpu - 2 / mem - 61440 MB / gpu - 
SLURM_GPU_INDEX:	
Running as shubit from shimony account with normal QOS
------------------------------------
Thu 01 Oct 2026 12:13:53 IDT

SLURM_JOBID:		 21944073
SLURM_JOB_NODELIST:	 ise-cpu256-15 

--------------------------
date: SM_Grids
number_of_graphs: 10
graph_type: grid
size_of_graphs: [6, 8]
heuristic: bcc_heuristic
snake: False
run_uni: True
run_bi: True
run_multi: False
solution_vertices: []
algorithms: ['IDA']
lookahead: 2
bsd: False
cube_first_dims: 4
cube_buffer_dim: None
backward_sym_generation: False
sym_coil: False
prefix_set: None

---------- SM_Grids/6x8_grid_with_random_blocks_16per_0 ----------
[00:00:00:14:164] Path of length 34 found: [0, 8, 16, 24, 25, 17, 9, 1, 2, 10, 18, 26, 34, 42, 43, 44, 45, 37, 36, 28, 20, 19, 11, 3, 4, 5, 6, 14, 15, 23, 31, 30, 38, 46, 47]
[00:00:00:14:165] ! Unidirectional s-t. expansions: 7,891, time: 14,165 [ms], path length: 34 [edges], generated: 34,421
[00:00:00:07:350] Path of length 34 found: [47, 39, 31, 23, 15, 7, 6, 5, 4, 3, 2, 10, 18, 19, 11, 12, 20, 28, 36, 37, 38, 46, 45, 44, 43, 35, 34, 26, 25, 24, 16, 17, 9, 1, 0]
[00:00:00:07:350] ! Unidirectional t-s. expansions: 3,632, time: 7,350 [ms], path length: 34 [edges], generated: 17,726
[00:00:00:11:583] Path of length 34 found: [0, 8, 16, 24, 25, 26, 34, 42, 43, 44, 45, 46, 38, 37, 36, 28, 20, 12, 11, 10, 18, 17, 9, 1, 2, 3, 4, 5, 6, 7, 15, 23, 31, 39, 47]
[00:00:00:11:939] ! Bidirectional. expansions: 6,869, time: 11,583 [ms], path length: 34 [edges], g_F: 17, g_B: 17, generated: 0, MM: 0, MMPER: -1.0%
[00:00:00:11:939] 
---------- SM_Grids/6x8_grid_with_random_blocks_16per_1 ----------
[00:00:00:00:982] Path of length 32 found: [0, 8, 9, 1, 2, 10, 18, 17, 25, 26, 27, 19, 20, 12, 11, 3, 4, 5, 13, 14, 22, 21, 29, 28, 36, 35, 43, 44, 45, 46, 38, 39, 47]
[00:00:00:00:982] ! Unidirectional s-t. expansions: 283, time: 982 [ms], path length: 32 [edges], generated: 1,633
[00:00:00:00:194] Path of length 32 found: [47, 46, 38, 39, 31, 23, 22, 14, 13, 5, 4, 3, 2, 10, 18, 19, 11, 12, 20, 21, 29, 28, 36, 44, 43, 35, 27, 26, 25, 17, 9, 1, 0]
[00:00:00:00:195] ! Unidirectional t-s. expansions: 71, time: 194 [ms], path length: 32 [edges], generated: 394
[00:00:00:00:117] Path of length 32 found: [0, 8, 9, 1, 2, 10, 18, 17, 25, 26, 27, 19, 20, 12, 11, 3, 4, 5, 13, 14, 22, 21, 29, 28, 36, 35, 43, 44, 45, 46, 38, 39, 47]
[00:00:00:00:448] ! Bidirectional. expansions: 47, time: 117 [ms], path length: 32 [edges], g_F: 16, g_B: 16, generated: 0, MM: 0, MMPER: -1.0%
[00:00:00:00:448] 
---------- SM_Grids/6x8_grid_with_random_blocks_16per_2 ----------
[00:00:00:00:499] Path of length 38 found: [0, 8, 16, 24, 32, 40, 41, 33, 25, 17, 9, 1, 2, 3, 11, 12, 13, 14, 6, 7, 15, 23, 22, 21, 20, 19, 18, 26, 34, 35, 43, 44, 36, 37, 45, 46, 38, 39, 47]
[00:00:00:00:499] ! Unidirectional s-t. expansions: 171, time: 499 [ms], path length: 38 [edges], generated: 706
[00:00:00:00:275] Path of length 38 found: [47, 46, 45, 44, 43, 35, 36, 37, 38, 39, 31, 23, 15, 7, 6, 14, 22, 21, 13, 12, 20, 19, 11, 3, 2, 1, 9, 17, 18, 26, 34, 33, 41, 40, 32, 24, 16, 8, 0]
[00:00:00:00:276] ! Unidirectional t-s. expansions: 114, time: 275 [ms], path length: 38 [edges], generated: 477
[00:00:00:00:420] Path of length 38 found: [0, 8, 16, 24, 32, 40, 41, 33, 25, 17, 9, 1, 2, 3, 11, 12, 13, 14, 6, 7, 15, 23, 22, 21, 20, 19, 18, 26, 34, 35, 43, 44, 36, 37, 45, 46, 38, 39, 47]
[00:00:00:00:770] ! Bidirectional. expansions: 211, time: 420 [ms], path length: 38 [edges], g_F: 19, g_B: 19, generated: 0, MM: 0, MMPER: -1.0%
[00:00:00:00:771] 
---------- SM_Grids/6x8_grid_with_random_blocks_16per_3 ----------
[00:00:00:00:053] Path of length 40 found: [0, 8, 16, 24, 32, 40, 41, 42, 34, 33, 25, 17, 9, 1, 2, 3, 11, 19, 27, 35, 36, 28, 29, 37, 45, 46, 38, 30, 22, 14, 13, 12, 4, 5, 6, 7, 15, 23, 31, 39, 47]
[00:00:00:00:053] ! Unidirectional s-t. expansions: 20, time: 53 [ms], path length: 40 [edges], generated: 87
[00:00:00:00:049] Path of length 40 found: [47, 39, 31, 23, 15, 7, 6, 5, 4, 12, 13, 14, 22, 30, 38, 46, 45, 37, 29, 28, 36, 35, 27, 19, 11, 3, 2, 1, 9, 17, 25, 33, 34, 42, 41, 40, 32, 24, 16, 8, 0]
[00:00:00:00:049] ! Unidirectional t-s. expansions: 20, time: 49 [ms], path length: 40 [edges], generated: 79
[00:00:00:00:038] Path of length 40 found: [0, 8, 16, 24, 32, 40, 41, 42, 34, 33, 25, 17, 9, 1, 2, 3, 11, 19, 27, 35, 36, 28, 29, 37, 45, 46, 38, 30, 22, 14, 13, 12, 4, 5, 6, 7, 15, 23, 31, 39, 47]
[00:00:00:00:374] ! Bidirectional. expansions: 20, time: 38 [ms], path length: 40 [edges], g_F: 20, g_B: 20, generated: 0, MM: 0, MMPER: -1.0%
[00:00:00:00:374] 
---------- SM_Grids/6x8_grid_with_random_blocks_16per_4 ----------
[00:00:00:01:925] Path of length 34 found: [0, 8, 16, 24, 25, 17, 9, 1, 2, 3, 11, 10, 18, 26, 27, 19, 20, 12, 13, 5, 6, 7, 15, 14, 22, 21, 29, 28, 36, 35, 43, 44, 45, 46, 47]
[00:00:00:01:926] ! Unidirectional s-t. expansions: 530, time: 1,925 [ms], path length: 34 [edges], generated: 3,223
[00:00:00:00:944] Path of length 34 found: [47, 46, 45, 44, 43, 35, 36, 28, 20, 21, 29, 30, 22, 23, 15, 7, 6, 5, 13, 12, 11, 3, 2, 10, 18, 19, 27, 26, 25, 24, 16, 17, 9, 1, 0]
[00:00:00:00:944] ! Unidirectional t-s. expansions: 386, time: 944 [ms], path length: 34 [edges], generated: 2,163
[00:00:00:01:280] Path of length 34 found: [0, 8, 16, 24, 25, 17, 9, 1, 2, 10, 18, 26, 27, 19, 11, 12, 13, 5, 6, 7, 15, 23, 22, 30, 29, 21, 20, 28, 36, 35, 43, 44, 45, 46, 47]
[00:00:00:01:623] ! Bidirectional. expansions: 743, time: 1,280 [ms], path length: 34 [edges], g_F: 17, g_B: 17, generated: 0, MM: 0, MMPER: -1.0%
[00:00:00:01:623] 
---------- SM_Grids/6x8_grid_with_random_blocks_16per_5 ----------
[00:00:00:00:068] Path of length 38 found: [0, 1, 2, 10, 11, 19, 27, 26, 25, 17, 16, 24, 32, 40, 41, 33, 34, 42, 43, 35, 36, 44, 45, 37, 29, 21, 13, 5, 6, 14, 15, 23, 22, 30, 31, 39, 38, 46, 47]
[00:00:00:00:068] ! Unidirectional s-t. expansions: 23, time: 68 [ms], path length: 38 [edges], generated: 103
[00:00:00:01:866] Path of length 38 found: [47, 39, 31, 23, 15, 14, 6, 5, 13, 21, 22, 30, 29, 37, 38, 46, 45, 44, 36, 35, 43, 42, 34, 33, 41, 40, 32, 24, 16, 17, 25, 26, 27, 19, 11, 10, 2, 1, 0]
[00:00:00:01:867] ! Unidirectional t-s. expansions: 655, time: 1,866 [ms], path length: 38 [edges], generated: 2,795
[00:00:00:00:099] Path of length 38 found: [0, 1, 2, 10, 11, 19, 27, 26, 25, 17, 16, 24, 32, 40, 41, 33, 34, 42, 43, 35, 36, 44, 45, 46, 38, 37, 29, 30, 22, 21, 13, 5, 6, 14, 15, 23, 31, 39, 47]
[00:00:00:00:431] ! Bidirectional. expansions: 41, time: 99 [ms], path length: 38 [edges], g_F: 19, g_B: 19, generated: 0, MM: 0, MMPER: -1.0%
[00:00:00:00:431] 
---------- SM_Grids/6x8_grid_with_random_blocks_16per_6 ----------
[00:00:00:00:405] Path of length 36 found: [0, 8, 16, 24, 32, 40, 41, 33, 25, 17, 18, 10, 9, 1, 2, 3, 11, 12, 13, 5, 6, 14, 22, 21, 29, 28, 27, 26, 34, 35, 43, 44, 36, 37, 45, 46, 47]
[00:00:00:00:405] ! Unidirectional s-t. expansions: 149, time: 405 [ms], path length: 36 [edges], generated: 660
[00:00:00:00:241] Path of length 36 found: [47, 46, 45, 37, 29, 30, 22, 14, 6, 5, 13, 12, 11, 3, 2, 1, 9, 10, 18, 17, 25, 26, 27, 28, 36, 44, 43, 35, 34, 33, 41, 40, 32, 24, 16, 8, 0]
[00:00:00:00:241] ! Unidirectional t-s. expansions: 88, time: 241 [ms], path length: 36 [edges], generated: 417
[00:00:00:00:494] Path of length 36 found: [0, 8, 16, 24, 32, 40, 41, 33, 34, 35, 43, 44, 36, 28, 27, 26, 25, 17, 18, 10, 9, 1, 2, 3, 11, 12, 13, 5, 6, 14, 22, 30, 29, 37, 45, 46, 47]
[00:00:00:00:838] ! Bidirectional. expansions: 244, time: 494 [ms], path length: 36 [edges], g_F: 18, g_B: 18, generated: 0, MM: 0, MMPER: -1.0%
[00:00:00:00:838] 
---------- SM_Grids/6x8_grid_with_random_blocks_16per_7 ----------
[00:00:00:01:578] Path of length 38 found: [0, 8, 16, 24, 32, 40, 41, 42, 43, 35, 34, 26, 25, 17, 9, 1, 2, 10, 18, 19, 27, 28, 20, 12, 11, 3, 4, 5, 13, 14, 15, 23, 31, 30, 29, 37, 38, 39, 47]
[00:00:00:01:578] ! Unidirectional s-t. expansions: 634, time: 1,578 [ms], path length: 38 [edges], generated: 2,708
[00:00:00:01:689] Path of length 38 found: [47, 39, 31, 23, 15, 14, 13, 5, 4, 3, 2, 1, 9, 17, 25, 26, 18, 10, 11, 12, 20, 19, 27, 28, 29, 30, 38, 37, 36, 35, 34, 42, 41, 40, 32, 24, 16, 8, 0]
[00:00:00:01:690] ! Unidirectional t-s. expansions: 670, time: 1,689 [ms], path length: 38 [edges], generated: 3,454
[00:00:00:02:116] Path of length 38 found: [0, 8, 16, 24, 32, 40, 41, 42, 43, 35, 36, 37, 38, 30, 29, 28, 20, 12, 11, 10, 18, 19, 27, 26, 25, 17, 9, 1, 2, 3, 4, 5, 13, 14, 15, 23, 31, 39, 47]
[00:00:00:02:462] ! Bidirectional. expansions: 1,410, time: 2,116 [ms], path length: 38 [edges], g_F: 19, g_B: 19, generated: 0, MM: 0, MMPER: -1.0%
[00:00:00:02:462] 
---------- SM_Grids/6x8_grid_with_random_blocks_16per_8 ----------
[00:00:00:00:070] Path of length 36 found: [0, 8, 9, 17, 16, 24, 32, 40, 41, 33, 25, 26, 27, 19, 20, 28, 36, 35, 43, 44, 45, 37, 29, 21, 13, 5, 6, 14, 15, 23, 22, 30, 31, 39, 38, 46, 47]
[00:00:00:00:071] ! Unidirectional s-t. expansions: 24, time: 70 [ms], path length: 36 [edges], generated: 105
[00:00:00:00:493] Path of length 36 found: [47, 39, 31, 23, 15, 14, 6, 5, 13, 21, 22, 30, 29, 28, 20, 19, 27, 35, 36, 37, 38, 46, 45, 44, 43, 42, 41, 40, 32, 33, 25, 24, 16, 17, 9, 8, 0]
[00:00:00:00:493] ! Unidirectional t-s. expansions: 150, time: 493 [ms], path length: 36 [edges], generated: 712
[00:00:00:00:269] Path of length 36 found: [0, 8, 9, 17, 16, 24, 32, 40, 41, 33, 25, 26, 27, 19, 20, 28, 36, 35, 43, 44, 45, 46, 38, 37, 29, 30, 22, 21, 13, 5, 6, 14, 15, 23, 31, 39, 47]
[00:00:00:00:625] ! Bidirectional. expansions: 100, time: 269 [ms], path length: 36 [edges], g_F: 18, g_B: 18, generated: 0, MM: 0, MMPER: -1.0%
[00:00:00:00:625] 
---------- SM_Grids/6x8_grid_with_random_blocks_16per_9 ----------
[00:00:00:02:581] Path of length 38 found: [0, 1, 9, 17, 25, 24, 32, 40, 41, 33, 34, 42, 43, 35, 36, 28, 29, 21, 13, 12, 20, 19, 27, 26, 18, 10, 2, 3, 4, 5, 6, 14, 22, 23, 31, 39, 38, 46, 47]
[00:00:00:02:581] ! Unidirectional s-t. expansions: 969, time: 2,581 [ms], path length: 38 [edges], generated: 4,855
[00:00:00:00:584] Path of length 38 found: [47, 46, 38, 39, 31, 23, 22, 14, 6, 5, 4, 3, 2, 10, 18, 26, 34, 35, 27, 19, 20, 12, 13, 21, 29, 28, 36, 44, 43, 42, 41, 40, 32, 24, 25, 17, 9, 1, 0]
[00:00:00:00:585] ! Unidirectional t-s. expansions: 249, time: 584 [ms], path length: 38 [edges], generated: 1,277
[00:00:00:00:324] Path of length 38 found: [0, 1, 9, 17, 18, 10, 2, 3, 4, 12, 20, 19, 27, 26, 25, 24, 32, 40, 41, 33, 34, 35, 43, 44, 36, 28, 29, 21, 13, 5, 6, 14, 22, 23, 31, 39, 38, 46, 47]
[00:00:00:00:660] ! Bidirectional. expansions: 247, time: 324 [ms], path length: 38 [edges], g_F: 19, g_B: 19, generated: 0, MM: 0, MMPER: -1.0%

[00:00:00:00:660] average expansions: (1,069, 604, 993, 0)
[00:00:00:00:660] average time: (2,233, 1,368, 1,674, 0)
[00:00:00:00:660] XIDA: 604 , 1,368 (expansions , time[ms])
[00:00:00:00:660] BiXIDA: 993 , 1,674 (expansions , time[ms])

