------------------------------------
Thu 01 Oct 2026 13:45:43 IDT
SLURM_JOBID:		21947724
SLURM_JOB_NODELIST:	ise-cpu256-08
SLURM_SCRATCH_DIR:	/scratch/shubit/21947724
Allocated Resouces:	cpu - 2 / mem - 61440 MB / gpu - 
SLURM_GPU_INDEX:	
Running as shubit from shimony account with normal QOS
------------------------------------
Thu 01 Oct 2026 13:45:43 IDT

SLURM_JOBID:		 21947724
SLURM_JOB_NODELIST:	 ise-cpu256-08 

--------------------------
date: SM_Grids
number_of_graphs: 10
graph_type: grid
size_of_graphs: [6, 8]
heuristic: bcc_heuristic
snake: False
run_uni: True
run_bi: True
run_multi: False
solution_vertices: []
algorithms: ['DFBnB']
lookahead: 2
bsd: False
cube_first_dims: 4
cube_buffer_dim: None
backward_sym_generation: False
sym_coil: False
prefix_set: None

---------- SM_Grids/6x8_grid_with_random_blocks_12per_0 ----------
[00:00:00:02:662] Path of length 40 found: [0, 8, 16, 24, 32, 40, 41, 42, 34, 26, 18, 17, 9, 1, 2, 10, 11, 3, 4, 5, 13, 21, 20, 19, 27, 35, 43, 44, 36, 28, 29, 37, 38, 30, 22, 14, 15, 23, 31, 39, 47]
[00:00:00:02:662] ! Unidirectional s-t. expansions: 1,293, time: 2,662 [ms], path length: 40 [edges], generated: 5,735
[00:00:00:00:893] Path of length 40 found: [47, 46, 38, 39, 31, 23, 15, 14, 13, 5, 4, 3, 2, 1, 9, 17, 18, 10, 11, 19, 27, 28, 20, 21, 22, 30, 29, 37, 36, 44, 43, 35, 34, 42, 41, 40, 32, 24, 16, 8, 0]
[00:00:00:00:893] ! Unidirectional t-s. expansions: 326, time: 893 [ms], path length: 40 [edges], generated: 1,593
[00:00:00:00:780] Path of length 40 found: [0, 8, 16, 24, 32, 40, 41, 42, 34, 26, 27, 35, 43, 44, 36, 37, 29, 30, 22, 21, 20, 19, 11, 10, 18, 17, 9, 1, 2, 3, 4, 5, 13, 14, 15, 23, 31, 39, 38, 46, 47]
[00:00:00:01:255] ! Bidirectional. expansions: 387, time: 780 [ms], path length: 40 [edges], g_F: 20, g_B: 20, generated: 0, MM: 0, MMPER: -1.0%
[00:00:00:01:255] 
---------- SM_Grids/6x8_grid_with_random_blocks_12per_1 ----------
[00:00:00:01:140] Path of length 40 found: [0, 8, 16, 24, 25, 33, 32, 40, 41, 42, 34, 35, 27, 19, 18, 10, 9, 1, 2, 3, 11, 12, 4, 5, 6, 14, 13, 21, 20, 28, 36, 44, 45, 37, 29, 30, 31, 39, 38, 46, 47]
[00:00:00:01:141] ! Unidirectional s-t. expansions: 357, time: 1,141 [ms], path length: 40 [edges], generated: 1,676
[00:00:00:02:189] Path of length 40 found: [47, 39, 31, 30, 22, 14, 6, 5, 4, 3, 2, 1, 9, 10, 18, 19, 11, 12, 13, 21, 20, 28, 29, 37, 38, 46, 45, 44, 36, 35, 34, 42, 41, 40, 32, 33, 25, 24, 16, 8, 0]
[00:00:00:02:189] ! Unidirectional t-s. expansions: 623, time: 2,189 [ms], path length: 40 [edges], generated: 3,023
[00:00:00:02:279] Path of length 40 found: [0, 8, 16, 24, 25, 33, 32, 40, 41, 42, 34, 35, 27, 19, 20, 28, 36, 44, 45, 46, 38, 37, 29, 21, 13, 12, 11, 10, 9, 1, 2, 3, 4, 5, 6, 14, 22, 30, 31, 39, 47]
[00:00:00:02:697] ! Bidirectional. expansions: 1,127, time: 2,279 [ms], path length: 40 [edges], g_F: 20, g_B: 20, generated: 0, MM: 0, MMPER: -1.0%
[00:00:00:02:697] 
---------- SM_Grids/6x8_grid_with_random_blocks_12per_2 ----------
[00:00:00:01:498] Path of length 40 found: [0, 8, 16, 24, 32, 33, 41, 42, 43, 35, 34, 26, 25, 17, 18, 10, 9, 1, 2, 3, 11, 12, 20, 28, 29, 21, 13, 5, 6, 7, 15, 14, 22, 23, 31, 30, 38, 37, 45, 46, 47]
[00:00:00:01:499] ! Unidirectional s-t. expansions: 577, time: 1,498 [ms], path length: 40 [edges], generated: 3,059
[00:00:00:01:050] Path of length 40 found: [47, 39, 31, 23, 15, 7, 6, 5, 13, 14, 22, 21, 20, 28, 29, 30, 38, 37, 45, 44, 43, 35, 34, 42, 41, 33, 32, 24, 16, 8, 9, 17, 25, 26, 18, 10, 11, 3, 2, 1, 0]
[00:00:00:01:050] ! Unidirectional t-s. expansions: 216, time: 1,050 [ms], path length: 40 [edges], generated: 1,091
[00:00:00:05:498] Path of length 40 found: [0, 8, 16, 24, 32, 33, 41, 42, 43, 35, 34, 26, 25, 17, 18, 10, 9, 1, 2, 3, 11, 12, 20, 21, 29, 37, 45, 46, 38, 30, 22, 14, 13, 5, 6, 7, 15, 23, 31, 39, 47]
[00:00:00:05:927] ! Bidirectional. expansions: 2,323, time: 5,498 [ms], path length: 40 [edges], g_F: 20, g_B: 20, generated: 0, MM: 0, MMPER: -1.0%
[00:00:00:05:927] 
---------- SM_Grids/6x8_grid_with_random_blocks_12per_3 ----------
[00:00:00:00:262] Path of length 40 found: [0, 1, 9, 8, 16, 24, 32, 33, 25, 26, 34, 35, 43, 44, 36, 28, 27, 19, 18, 10, 11, 3, 4, 12, 20, 21, 13, 5, 6, 7, 15, 14, 22, 23, 31, 30, 38, 37, 45, 46, 47]
[00:00:00:00:263] ! Unidirectional s-t. expansions: 115, time: 263 [ms], path length: 40 [edges], generated: 553
[00:00:00:01:015] Path of length 40 found: [47, 39, 31, 23, 15, 7, 6, 5, 4, 3, 11, 10, 18, 19, 27, 28, 20, 12, 13, 21, 22, 30, 38, 46, 45, 37, 36, 44, 43, 35, 34, 26, 25, 33, 32, 24, 16, 8, 9, 1, 0]
[00:00:00:01:016] ! Unidirectional t-s. expansions: 226, time: 1,015 [ms], path length: 40 [edges], generated: 1,211
[00:00:00:00:305] Path of length 40 found: [0, 1, 9, 8, 16, 24, 32, 33, 25, 26, 34, 35, 43, 44, 36, 37, 45, 46, 38, 30, 22, 21, 13, 12, 20, 28, 27, 19, 18, 10, 11, 3, 4, 5, 6, 7, 15, 23, 31, 39, 47]
[00:00:00:00:735] ! Bidirectional. expansions: 101, time: 305 [ms], path length: 40 [edges], g_F: 20, g_B: 20, generated: 0, MM: 0, MMPER: -1.0%
[00:00:00:00:735] 
---------- SM_Grids/6x8_grid_with_random_blocks_12per_4 ----------
[00:00:00:00:182] Path of length 40 found: [0, 8, 16, 24, 32, 40, 41, 33, 25, 17, 9, 1, 2, 3, 4, 5, 6, 14, 13, 12, 11, 10, 18, 19, 27, 26, 34, 42, 43, 35, 36, 44, 45, 37, 29, 30, 31, 39, 38, 46, 47]
[00:00:00:00:183] ! Unidirectional s-t. expansions: 20, time: 182 [ms], path length: 40 [edges], generated: 102
[00:00:00:00:071] Path of length 40 found: [47, 39, 31, 30, 29, 37, 38, 46, 45, 44, 36, 35, 43, 42, 34, 26, 27, 19, 11, 12, 13, 14, 6, 5, 4, 3, 2, 1, 9, 10, 18, 17, 25, 33, 41, 40, 32, 24, 16, 8, 0]
[00:00:00:00:072] ! Unidirectional t-s. expansions: 20, time: 71 [ms], path length: 40 [edges], generated: 87
[00:00:00:00:056] Path of length 40 found: [0, 8, 16, 24, 32, 40, 41, 33, 25, 17, 9, 1, 2, 3, 4, 5, 6, 14, 13, 12, 11, 10, 18, 19, 27, 26, 34, 42, 43, 35, 36, 44, 45, 46, 38, 37, 29, 30, 31, 39, 47]
[00:00:00:00:481] ! Bidirectional. expansions: 20, time: 56 [ms], path length: 40 [edges], g_F: 20, g_B: 20, generated: 0, MM: 0, MMPER: -1.0%
[00:00:00:00:482] 
---------- SM_Grids/6x8_grid_with_random_blocks_12per_5 ----------
[00:00:00:00:112] Path of length 42 found: [0, 8, 16, 24, 32, 40, 41, 33, 34, 42, 43, 44, 36, 28, 20, 19, 27, 26, 18, 17, 9, 1, 2, 10, 11, 3, 4, 12, 13, 5, 6, 7, 15, 14, 22, 23, 31, 39, 38, 37, 45, 46, 47]
[00:00:00:00:112] ! Unidirectional s-t. expansions: 40, time: 112 [ms], path length: 42 [edges], generated: 167
[00:00:00:00:230] Path of length 42 found: [47, 39, 31, 23, 22, 14, 15, 7, 6, 5, 13, 12, 4, 3, 11, 10, 2, 1, 9, 17, 18, 26, 27, 19, 20, 28, 36, 37, 38, 46, 45, 44, 43, 42, 34, 33, 41, 40, 32, 24, 16, 8, 0]
[00:00:00:00:230] ! Unidirectional t-s. expansions: 96, time: 230 [ms], path length: 42 [edges], generated: 383
[00:00:00:00:058] Path of length 42 found: [0, 8, 16, 24, 32, 40, 41, 33, 34, 42, 43, 44, 45, 46, 38, 37, 36, 28, 20, 19, 27, 26, 18, 17, 9, 1, 2, 10, 11, 3, 4, 12, 13, 5, 6, 7, 15, 14, 22, 23, 31, 39, 47]
[00:00:00:00:475] ! Bidirectional. expansions: 30, time: 58 [ms], path length: 42 [edges], g_F: 21, g_B: 21, generated: 0, MM: 0, MMPER: -1.0%
[00:00:00:00:475] 
---------- SM_Grids/6x8_grid_with_random_blocks_12per_6 ----------
[00:00:00:04:227] Path of length 40 found: [0, 8, 16, 24, 32, 40, 41, 33, 25, 17, 9, 1, 2, 10, 18, 26, 34, 35, 43, 44, 36, 37, 29, 21, 20, 28, 27, 19, 11, 3, 4, 12, 13, 14, 6, 7, 15, 23, 31, 39, 47]
[00:00:00:04:227] ! Unidirectional s-t. expansions: 1,445, time: 4,227 [ms], path length: 40 [edges], generated: 6,309
[00:00:00:00:180] Path of length 40 found: [47, 39, 31, 23, 15, 7, 6, 14, 22, 21, 13, 12, 4, 3, 2, 1, 9, 17, 25, 26, 18, 10, 11, 19, 20, 28, 29, 37, 36, 44, 43, 35, 34, 33, 41, 40, 32, 24, 16, 8, 0]
[00:00:00:00:181] ! Unidirectional t-s. expansions: 68, time: 181 [ms], path length: 40 [edges], generated: 291
[00:00:00:00:749] Path of length 40 found: [0, 8, 16, 24, 32, 40, 41, 33, 25, 17, 9, 1, 2, 10, 18, 26, 34, 35, 43, 44, 36, 37, 29, 28, 20, 19, 11, 3, 4, 12, 13, 21, 22, 14, 6, 7, 15, 23, 31, 39, 47]
[00:00:00:01:171] ! Bidirectional. expansions: 318, time: 749 [ms], path length: 40 [edges], g_F: 20, g_B: 20, generated: 0, MM: 0, MMPER: -1.0%
[00:00:00:01:171] 
---------- SM_Grids/6x8_grid_with_random_blocks_12per_7 ----------
[00:00:00:00:422] Path of length 38 found: [0, 1, 2, 10, 9, 17, 16, 24, 32, 40, 41, 33, 25, 26, 18, 19, 11, 12, 4, 5, 13, 21, 20, 28, 27, 35, 34, 42, 43, 44, 36, 37, 29, 30, 31, 39, 38, 46, 47]
[00:00:00:00:422] ! Unidirectional s-t. expansions: 126, time: 422 [ms], path length: 38 [edges], generated: 574
[00:00:00:10:281] Path of length 38 found: [47, 39, 31, 30, 29, 21, 13, 5, 4, 12, 11, 19, 20, 28, 27, 26, 25, 33, 34, 35, 36, 37, 38, 46, 45, 44, 43, 42, 41, 40, 32, 24, 16, 17, 18, 10, 2, 1, 0]
[00:00:00:10:282] ! Unidirectional t-s. expansions: 3,964, time: 10,282 [ms], path length: 38 [edges], generated: 18,342
[00:00:00:01:230] Path of length 38 found: [0, 1, 2, 10, 9, 17, 16, 24, 32, 40, 41, 33, 25, 26, 34, 42, 43, 44, 45, 46, 38, 37, 36, 35, 27, 28, 20, 19, 11, 12, 4, 5, 13, 21, 29, 30, 31, 39, 47]
[00:00:00:01:647] ! Bidirectional. expansions: 593, time: 1,230 [ms], path length: 38 [edges], g_F: 19, g_B: 19, generated: 0, MM: 0, MMPER: -1.0%
[00:00:00:01:648] 
---------- SM_Grids/6x8_grid_with_random_blocks_12per_8 ----------
[00:00:00:05:458] Path of length 40 found: [0, 8, 16, 24, 32, 40, 41, 42, 34, 26, 18, 17, 9, 1, 2, 10, 11, 3, 4, 12, 20, 19, 27, 35, 43, 44, 45, 37, 36, 28, 29, 21, 13, 14, 6, 7, 15, 23, 31, 39, 47]
[00:00:00:05:459] ! Unidirectional s-t. expansions: 1,907, time: 5,459 [ms], path length: 40 [edges], generated: 8,272
[00:00:00:00:324] Path of length 40 found: [47, 39, 31, 23, 15, 7, 6, 14, 22, 21, 13, 12, 4, 3, 2, 1, 9, 17, 18, 10, 11, 19, 20, 28, 29, 37, 45, 44, 36, 35, 27, 26, 34, 42, 41, 40, 32, 24, 16, 8, 0]
[00:00:00:00:324] ! Unidirectional t-s. expansions: 96, time: 324 [ms], path length: 40 [edges], generated: 442
[00:00:00:00:702] Path of length 40 found: [0, 8, 16, 24, 32, 40, 41, 42, 34, 26, 27, 35, 43, 44, 45, 37, 29, 28, 20, 19, 11, 10, 18, 17, 9, 1, 2, 3, 4, 12, 13, 21, 22, 14, 6, 7, 15, 23, 31, 39, 47]
[00:00:00:01:083] ! Bidirectional. expansions: 303, time: 703 [ms], path length: 40 [edges], g_F: 20, g_B: 20, generated: 0, MM: 0, MMPER: -1.0%
[00:00:00:01:083] 
---------- SM_Grids/6x8_grid_with_random_blocks_12per_9 ----------
[00:00:00:00:394] Path of length 40 found: [0, 1, 9, 8, 16, 24, 32, 40, 41, 33, 25, 17, 18, 10, 11, 3, 4, 5, 13, 12, 20, 19, 27, 26, 34, 42, 43, 35, 36, 44, 45, 37, 29, 30, 22, 23, 31, 39, 38, 46, 47]
[00:00:00:00:394] ! Unidirectional s-t. expansions: 100, time: 394 [ms], path length: 40 [edges], generated: 591
[00:00:00:01:559] Path of length 40 found: [47, 39, 31, 23, 22, 14, 13, 5, 4, 3, 11, 12, 20, 19, 18, 10, 9, 17, 25, 33, 34, 26, 27, 35, 36, 37, 29, 30, 38, 46, 45, 44, 43, 42, 41, 40, 32, 24, 16, 8, 0]
[00:00:00:01:560] ! Unidirectional t-s. expansions: 737, time: 1,560 [ms], path length: 40 [edges], generated: 3,542
[00:00:00:00:814] Path of length 40 found: [0, 1, 9, 8, 16, 24, 32, 40, 41, 33, 25, 17, 18, 26, 34, 42, 43, 44, 45, 46, 38, 30, 29, 37, 36, 35, 27, 19, 20, 12, 11, 3, 4, 5, 13, 14, 22, 23, 31, 39, 47]
[00:00:00:01:308] ! Bidirectional. expansions: 341, time: 814 [ms], path length: 40 [edges], g_F: 20, g_B: 20, generated: 0, MM: 0, MMPER: -1.0%

[00:00:00:01:308] average expansions: (598, 637, 554, 0)
[00:00:00:01:308] average time: (1,636, 1,780, 1,247, 0)
[00:00:00:01:308] XDFBnB: 598 , 1,636 (expansions , time[ms])
[00:00:00:01:308] BiXDFBnB: 554 , 1,247 (expansions , time[ms])

