------------------------------------
Thu 01 Oct 2026 10:43:19 IDT
SLURM_JOBID:		21942713
SLURM_JOB_NODELIST:	ise-cpu256-29
SLURM_SCRATCH_DIR:	/scratch/shubit/21942713
Allocated Resouces:	cpu - 2 / mem - 61440 MB / gpu - 
SLURM_GPU_INDEX:	
Running as shubit from shimony account with normal QOS
------------------------------------
Thu 01 Oct 2026 10:43:19 IDT

SLURM_JOBID:		 21942713
SLURM_JOB_NODELIST:	 ise-cpu256-29 

--------------------------
date: SM_Grids
number_of_graphs: 10
graph_type: grid
size_of_graphs: [6, 8]
heuristic: bcc_heuristic
snake: False
run_uni: True
run_bi: True
run_multi: False
solution_vertices: []
algorithms: ['A']
lookahead: -1
bsd: False
cube_first_dims: 4
cube_buffer_dim: None
backward_sym_generation: False
sym_coil: False
prefix_set: None

---------- SM_Grids/6x8_grid_with_random_blocks_20per_0 ----------
[00:00:00:00:130] Path of length 30 found: [0, 1, 2, 3, 11, 10, 18, 17, 16, 24, 32, 40, 41, 42, 34, 35, 27, 19, 20, 21, 13, 5, 6, 7, 15, 14, 22, 30, 31, 39, 47]
[00:00:00:00:130] ! Unidirectional s-t. expansions: 93, time: 130 [ms], path length: 30 [edges], generated: 139
[00:00:00:00:167] Path of length 30 found: [47, 39, 31, 30, 22, 23, 15, 7, 6, 5, 13, 21, 20, 19, 27, 35, 34, 42, 41, 40, 32, 24, 25, 17, 18, 10, 11, 3, 2, 1, 0]
[00:00:00:00:167] ! Unidirectional t-s. expansions: 129, time: 167 [ms], path length: 30 [edges], generated: 190
[00:00:00:00:079] Path of length 30 found: [0, 1, 2, 3, 11, 10, 18, 17, 16, 24, 32, 40, 41, 42, 34, 35, 27, 19, 20, 21, 13, 5, 6, 7, 15, 23, 22, 30, 31, 39, 47]
[00:00:00:00:441] ! Bidirectional. expansions: 67, time: 79 [ms], path length: 30 [edges], g_F: 16, g_B: 14, generated: 0, MM: 2, MMPER: 5.451612903225806%
[00:00:00:00:441] 
---------- SM_Grids/6x8_grid_with_random_blocks_20per_1 ----------
[00:00:00:00:285] Path of length 34 found: [0, 1, 2, 3, 11, 19, 27, 26, 34, 33, 25, 24, 32, 40, 41, 42, 43, 44, 45, 37, 36, 28, 20, 21, 13, 5, 6, 14, 15, 23, 31, 30, 38, 39, 47]
[00:00:00:00:285] ! Unidirectional s-t. expansions: 186, time: 285 [ms], path length: 34 [edges], generated: 283
[00:00:00:00:548] Path of length 34 found: [47, 39, 38, 30, 31, 23, 15, 7, 6, 5, 13, 21, 20, 28, 36, 37, 45, 44, 43, 35, 34, 42, 41, 40, 32, 24, 25, 26, 27, 19, 11, 3, 2, 1, 0]
[00:00:00:00:548] ! Unidirectional t-s. expansions: 350, time: 548 [ms], path length: 34 [edges], generated: 637
[00:00:00:00:156] Path of length 34 found: [0, 1, 2, 3, 11, 19, 27, 26, 25, 24, 32, 40, 41, 33, 34, 42, 43, 44, 45, 37, 36, 28, 20, 21, 13, 5, 6, 7, 15, 23, 31, 30, 38, 39, 47]
[00:00:00:00:483] ! Bidirectional. expansions: 155, time: 156 [ms], path length: 34 [edges], g_F: 18, g_B: 16, generated: 0, MM: 2, MMPER: 4.714285714285714%
[00:00:00:00:483] 
---------- SM_Grids/6x8_grid_with_random_blocks_20per_2 ----------
[00:00:00:00:180] Path of length 32 found: [0, 1, 2, 3, 11, 10, 9, 8, 16, 17, 25, 24, 32, 33, 34, 35, 43, 44, 36, 28, 29, 21, 13, 14, 6, 7, 15, 23, 31, 30, 38, 46, 47]
[00:00:00:00:180] ! Unidirectional s-t. expansions: 126, time: 180 [ms], path length: 32 [edges], generated: 204
[00:00:00:00:237] Path of length 32 found: [47, 46, 38, 39, 31, 23, 15, 7, 6, 14, 13, 21, 29, 28, 36, 44, 43, 35, 34, 26, 25, 33, 32, 24, 16, 17, 9, 10, 11, 3, 2, 1, 0]
[00:00:00:00:237] ! Unidirectional t-s. expansions: 149, time: 237 [ms], path length: 32 [edges], generated: 237
[00:00:00:00:191] Path of length 32 found: [0, 1, 2, 3, 11, 10, 9, 8, 16, 17, 25, 24, 32, 33, 34, 35, 43, 44, 36, 28, 29, 21, 13, 14, 6, 7, 15, 23, 31, 39, 38, 46, 47]
[00:00:00:00:527] ! Bidirectional. expansions: 179, time: 191 [ms], path length: 32 [edges], g_F: 17, g_B: 15, generated: 0, MM: 2, MMPER: 5.0606060606060606%
[00:00:00:00:527] 
---------- SM_Grids/6x8_grid_with_random_blocks_20per_3 ----------
[00:00:00:00:106] Path of length 34 found: [0, 8, 16, 24, 32, 40, 41, 33, 34, 42, 43, 44, 36, 35, 27, 26, 18, 10, 11, 12, 13, 14, 6, 7, 15, 23, 22, 21, 29, 37, 45, 46, 38, 39, 47]
[00:00:00:00:106] ! Unidirectional s-t. expansions: 66, time: 106 [ms], path length: 34 [edges], generated: 106
[00:00:00:00:250] Path of length 34 found: [47, 46, 45, 44, 36, 37, 38, 39, 31, 23, 15, 7, 6, 14, 22, 21, 13, 12, 11, 10, 18, 26, 27, 35, 43, 42, 34, 33, 41, 40, 32, 24, 16, 8, 0]
[00:00:00:00:250] ! Unidirectional t-s. expansions: 139, time: 250 [ms], path length: 34 [edges], generated: 219
[00:00:00:00:178] Path of length 34 found: [0, 8, 16, 24, 32, 40, 41, 33, 34, 42, 43, 44, 45, 37, 36, 35, 27, 26, 18, 10, 11, 12, 13, 21, 22, 14, 6, 7, 15, 23, 31, 39, 38, 46, 47]
[00:00:00:00:501] ! Bidirectional. expansions: 104, time: 178 [ms], path length: 34 [edges], g_F: 18, g_B: 16, generated: 0, MM: 2, MMPER: 4.714285714285714%
[00:00:00:00:501] 
---------- SM_Grids/6x8_grid_with_random_blocks_20per_4 ----------
[00:00:00:00:344] Path of length 32 found: [0, 8, 16, 24, 32, 40, 41, 42, 34, 26, 25, 17, 9, 1, 2, 10, 11, 19, 20, 12, 4, 5, 6, 14, 22, 23, 31, 39, 38, 37, 45, 46, 47]
[00:00:00:00:344] ! Unidirectional s-t. expansions: 211, time: 344 [ms], path length: 32 [edges], generated: 356
[00:00:00:00:203] Path of length 32 found: [47, 46, 45, 37, 38, 39, 31, 23, 15, 14, 6, 5, 4, 12, 20, 19, 11, 3, 2, 10, 9, 17, 25, 26, 34, 42, 41, 33, 32, 24, 16, 8, 0]
[00:00:00:00:204] ! Unidirectional t-s. expansions: 133, time: 203 [ms], path length: 32 [edges], generated: 238
[00:00:00:00:189] Path of length 32 found: [0, 8, 16, 24, 32, 40, 41, 42, 34, 26, 25, 17, 9, 1, 2, 10, 11, 19, 20, 12, 4, 5, 6, 14, 15, 23, 31, 39, 38, 37, 45, 46, 47]
[00:00:00:00:515] ! Bidirectional. expansions: 205, time: 189 [ms], path length: 32 [edges], g_F: 17, g_B: 15, generated: 0, MM: 2, MMPER: 5.0606060606060606%
[00:00:00:00:516] 
---------- SM_Grids/6x8_grid_with_random_blocks_20per_5 ----------
[00:00:00:00:484] Path of length 28 found: [0, 1, 2, 3, 4, 12, 20, 19, 11, 10, 9, 8, 16, 17, 18, 26, 25, 24, 32, 40, 41, 42, 43, 44, 45, 37, 38, 46, 47]
[00:00:00:00:484] ! Unidirectional s-t. expansions: 229, time: 484 [ms], path length: 28 [edges], generated: 431
[00:00:00:00:109] Path of length 28 found: [47, 46, 38, 37, 45, 44, 43, 42, 41, 40, 32, 24, 25, 17, 16, 8, 9, 10, 18, 26, 27, 19, 20, 12, 4, 3, 2, 1, 0]
[00:00:00:00:109] ! Unidirectional t-s. expansions: 59, time: 109 [ms], path length: 28 [edges], generated: 109
[00:00:00:00:270] Path of length 28 found: [0, 8, 16, 17, 9, 1, 2, 10, 11, 3, 4, 12, 20, 19, 18, 26, 25, 24, 32, 40, 41, 42, 43, 44, 45, 37, 38, 46, 47]
[00:00:00:00:603] ! Bidirectional. expansions: 197, time: 270 [ms], path length: 28 [edges], g_F: 15, g_B: 13, generated: 0, MM: 2, MMPER: 5.896551724137931%
[00:00:00:00:603] 
---------- SM_Grids/6x8_grid_with_random_blocks_20per_6 ----------
[00:00:00:00:157] Path of length 28 found: [0, 8, 16, 17, 25, 24, 32, 40, 41, 33, 34, 35, 27, 19, 18, 10, 2, 3, 11, 12, 20, 28, 36, 44, 45, 37, 38, 39, 47]
[00:00:00:00:158] ! Unidirectional s-t. expansions: 79, time: 157 [ms], path length: 28 [edges], generated: 142
[00:00:00:00:172] Path of length 28 found: [47, 39, 38, 37, 29, 28, 36, 44, 43, 35, 27, 19, 20, 12, 11, 3, 2, 10, 18, 17, 25, 33, 41, 40, 32, 24, 16, 8, 0]
[00:00:00:00:172] ! Unidirectional t-s. expansions: 95, time: 172 [ms], path length: 28 [edges], generated: 158
[00:00:00:00:089] Path of length 28 found: [0, 8, 16, 24, 32, 40, 41, 33, 25, 17, 18, 10, 2, 3, 11, 12, 20, 19, 27, 35, 43, 44, 36, 28, 29, 37, 38, 39, 47]
[00:00:00:00:424] ! Bidirectional. expansions: 59, time: 89 [ms], path length: 28 [edges], g_F: 15, g_B: 13, generated: 0, MM: 2, MMPER: 5.896551724137931%
[00:00:00:00:424] 
---------- SM_Grids/6x8_grid_with_random_blocks_20per_7 ----------
[00:00:00:00:097] Path of length 32 found: [0, 8, 16, 17, 25, 33, 41, 42, 34, 26, 18, 10, 9, 1, 2, 3, 4, 5, 6, 14, 13, 12, 20, 28, 36, 37, 45, 46, 38, 30, 31, 39, 47]
[00:00:00:00:097] ! Unidirectional s-t. expansions: 54, time: 97 [ms], path length: 32 [edges], generated: 90
[00:00:00:00:052] Path of length 32 found: [47, 39, 31, 30, 38, 46, 45, 37, 36, 28, 20, 21, 13, 14, 6, 5, 4, 3, 2, 1, 9, 10, 18, 26, 34, 42, 41, 33, 25, 17, 16, 8, 0]
[00:00:00:00:053] ! Unidirectional t-s. expansions: 32, time: 52 [ms], path length: 32 [edges], generated: 52
[00:00:00:00:079] Path of length 32 found: [0, 1, 9, 8, 16, 17, 25, 33, 41, 42, 34, 26, 18, 10, 2, 3, 4, 5, 6, 14, 13, 21, 20, 28, 36, 37, 45, 46, 38, 30, 31, 39, 47]
[00:00:00:00:416] ! Bidirectional. expansions: 61, time: 79 [ms], path length: 32 [edges], g_F: 17, g_B: 15, generated: 0, MM: 2, MMPER: 5.0606060606060606%
[00:00:00:00:416] 
---------- SM_Grids/6x8_grid_with_random_blocks_20per_8 ----------
[00:00:00:00:059] Path of length 34 found: [0, 1, 9, 8, 16, 17, 25, 33, 34, 26, 27, 19, 11, 12, 20, 28, 36, 35, 43, 44, 45, 37, 29, 21, 13, 5, 6, 14, 22, 23, 31, 30, 38, 39, 47]
[00:00:00:00:059] ! Unidirectional s-t. expansions: 34, time: 59 [ms], path length: 34 [edges], generated: 56
[00:00:00:00:278] Path of length 34 found: [47, 39, 38, 30, 31, 23, 22, 14, 6, 5, 13, 21, 29, 28, 36, 37, 45, 44, 43, 35, 34, 33, 25, 26, 27, 19, 20, 12, 11, 10, 9, 17, 16, 8, 0]
[00:00:00:00:278] ! Unidirectional t-s. expansions: 153, time: 278 [ms], path length: 34 [edges], generated: 259
[00:00:00:00:053] Path of length 34 found: [0, 1, 9, 8, 16, 17, 25, 33, 34, 26, 27, 28, 36, 35, 43, 44, 45, 37, 38, 30, 29, 21, 20, 19, 11, 12, 13, 5, 6, 14, 22, 23, 31, 39, 47]
[00:00:00:00:392] ! Bidirectional. expansions: 44, time: 53 [ms], path length: 34 [edges], g_F: 18, g_B: 16, generated: 0, MM: 2, MMPER: 4.714285714285714%
[00:00:00:00:393] 
---------- SM_Grids/6x8_grid_with_random_blocks_20per_9 ----------
[00:00:00:00:083] Path of length 28 found: [0, 1, 2, 3, 11, 10, 9, 17, 16, 24, 32, 40, 41, 33, 34, 42, 43, 35, 27, 19, 20, 28, 36, 37, 45, 46, 38, 39, 47]
[00:00:00:00:083] ! Unidirectional s-t. expansions: 50, time: 83 [ms], path length: 28 [edges], generated: 81
[00:00:00:00:097] Path of length 28 found: [47, 39, 38, 46, 45, 37, 29, 28, 20, 19, 27, 26, 34, 35, 43, 42, 41, 33, 32, 24, 16, 17, 9, 10, 11, 3, 2, 1, 0]
[00:00:00:00:097] ! Unidirectional t-s. expansions: 55, time: 97 [ms], path length: 28 [edges], generated: 92
[00:00:00:00:061] Path of length 28 found: [0, 1, 2, 3, 11, 10, 9, 17, 16, 24, 32, 40, 41, 42, 43, 35, 34, 26, 27, 19, 20, 28, 29, 37, 45, 46, 38, 39, 47]
[00:00:00:00:455] ! Bidirectional. expansions: 48, time: 61 [ms], path length: 28 [edges], g_F: 15, g_B: 13, generated: 0, MM: 2, MMPER: 5.896551724137931%

[00:00:00:00:455] average expansions: (113, 129, 112, 0)
[00:00:00:00:455] average time: (192, 211, 134, 0)
[00:00:00:00:455] XA*: 113 , 192 (expansions , time[ms])
[00:00:00:00:455] BiXA*: 112 , 134 (expansions , time[ms])

