------------------------------------
Thu 01 Oct 2026 12:13:50 IDT
SLURM_JOBID:		21944063
SLURM_JOB_NODELIST:	ise-cpu256-04
SLURM_SCRATCH_DIR:	/scratch/shubit/21944063
Allocated Resouces:	cpu - 2 / mem - 61440 MB / gpu - 
SLURM_GPU_INDEX:	
Running as shubit from shimony account with normal QOS
------------------------------------
Thu 01 Oct 2026 12:13:50 IDT

SLURM_JOBID:		 21944063
SLURM_JOB_NODELIST:	 ise-cpu256-04 

--------------------------
date: SM_Grids
number_of_graphs: 10
graph_type: grid
size_of_graphs: [6, 8]
heuristic: bcc_heuristic
snake: False
run_uni: True
run_bi: True
run_multi: False
solution_vertices: []
algorithms: ['IDA']
lookahead: 4
bsd: False
cube_first_dims: 4
cube_buffer_dim: None
backward_sym_generation: False
sym_coil: False
prefix_set: None

---------- SM_Grids/6x8_grid_with_random_blocks_8per_0 ----------
[00:00:01:11:835] Valid states checked so far: 200,000, Expansions: 9,697, Global best: 33
[00:00:02:17:139] Valid states checked so far: 400,000, Expansions: 21,030, Global best: 41
[00:00:03:09:761] Valid states checked so far: 600,000, Expansions: 34,939, Global best: 41
[00:00:04:07:847] Valid states checked so far: 800,000, Expansions: 47,984, Global best: 41
[00:00:05:04:211] Valid states checked so far: 1,000,000, Expansions: 61,375, Global best: 41
[00:00:06:02:202] Path of length 40 found: [0, 1, 9, 8, 16, 24, 32, 40, 41, 33, 25, 17, 18, 10, 11, 3, 4, 12, 20, 19, 27, 26, 34, 42, 43, 35, 36, 28, 29, 21, 13, 5, 6, 14, 15, 23, 31, 30, 38, 46, 47]
[00:00:06:02:202] ! Unidirectional s-t. expansions: 72,792, time: 362,202 [ms], path length: 40 [edges], generated: 1,186,437
[00:00:01:06:814] Valid states checked so far: 200,000, Expansions: 8,804, Global best: 41
[00:00:02:00:382] Valid states checked so far: 400,000, Expansions: 19,604, Global best: 41
[00:00:02:50:918] Valid states checked so far: 600,000, Expansions: 30,820, Global best: 41
[00:00:03:41:983] Valid states checked so far: 800,000, Expansions: 41,902, Global best: 41
[00:00:04:10:934] Path of length 40 found: [47, 46, 38, 39, 31, 23, 15, 7, 6, 14, 13, 5, 4, 3, 11, 12, 20, 21, 29, 37, 36, 28, 27, 19, 18, 26, 25, 33, 34, 35, 43, 42, 41, 40, 32, 24, 16, 8, 9, 1, 0]
[00:00:04:10:934] ! Unidirectional t-s. expansions: 47,638, time: 250,934 [ms], path length: 40 [edges], generated: 900,071
[00:00:03:59:538] Path of length 40 found: [0, 1, 9, 8, 16, 24, 32, 40, 41, 33, 25, 17, 18, 19, 27, 26, 34, 42, 43, 35, 36, 28, 29, 21, 20, 12, 11, 3, 4, 5, 13, 14, 6, 7, 15, 23, 31, 39, 38, 46, 47]
[00:00:03:59:900] ! Bidirectional. expansions: 50,302, time: 239,538 [ms], path length: 40 [edges], g_F: 20, g_B: 20, generated: 0, MM: 0, MMPER: -1.0%
[00:00:03:59:900] 
---------- SM_Grids/6x8_grid_with_random_blocks_8per_1 ----------
[00:00:00:06:623] Path of length 42 found: [0, 8, 16, 24, 32, 40, 41, 33, 25, 17, 18, 10, 11, 3, 4, 12, 13, 21, 22, 14, 6, 7, 15, 23, 31, 30, 29, 28, 20, 19, 27, 26, 34, 42, 43, 35, 36, 44, 45, 37, 38, 46, 47]
[00:00:00:06:623] ! Unidirectional s-t. expansions: 647, time: 6,623 [ms], path length: 42 [edges], generated: 16,740
[00:00:00:32:193] Path of length 42 found: [47, 39, 31, 23, 15, 7, 6, 14, 13, 12, 4, 3, 11, 10, 18, 17, 25, 33, 34, 26, 27, 19, 20, 28, 36, 37, 29, 21, 22, 30, 38, 46, 45, 44, 43, 42, 41, 40, 32, 24, 16, 8, 0]
[00:00:00:32:193] ! Unidirectional t-s. expansions: 4,347, time: 32,193 [ms], path length: 42 [edges], generated: 91,658
[00:00:00:16:030] Path of length 42 found: [0, 8, 16, 24, 32, 40, 41, 33, 25, 17, 18, 10, 11, 3, 4, 12, 20, 19, 27, 26, 34, 42, 43, 44, 45, 46, 38, 37, 36, 28, 29, 30, 22, 21, 13, 14, 6, 7, 15, 23, 31, 39, 47]
[00:00:00:16:382] ! Bidirectional. expansions: 2,456, time: 16,030 [ms], path length: 42 [edges], g_F: 21, g_B: 21, generated: 0, MM: 0, MMPER: -1.0%
[00:00:00:16:382] 
---------- SM_Grids/6x8_grid_with_random_blocks_8per_2 ----------
[00:00:01:01:107] Valid states checked so far: 200,000, Expansions: 8,584, Global best: 41
[00:00:01:31:171] Path of length 40 found: [0, 8, 16, 24, 32, 40, 41, 42, 34, 33, 25, 17, 9, 1, 2, 3, 11, 10, 18, 26, 27, 19, 20, 28, 36, 44, 45, 37, 29, 21, 22, 14, 6, 7, 15, 23, 31, 30, 38, 46, 47]
[00:00:01:31:171] ! Unidirectional s-t. expansions: 13,492, time: 91,171 [ms], path length: 40 [edges], generated: 308,412
[00:00:00:56:752] Valid states checked so far: 200,000, Expansions: 9,094, Global best: 41
[00:00:01:02:553] Path of length 40 found: [47, 39, 31, 23, 15, 7, 6, 14, 22, 21, 20, 12, 11, 3, 2, 1, 9, 10, 18, 19, 27, 28, 29, 30, 38, 37, 45, 44, 36, 35, 34, 42, 41, 40, 32, 33, 25, 17, 16, 8, 0]
[00:00:01:02:553] ! Unidirectional t-s. expansions: 10,013, time: 62,553 [ms], path length: 40 [edges], generated: 218,783
[00:00:01:49:206] Path of length 40 found: [0, 8, 16, 24, 25, 33, 32, 40, 41, 42, 34, 35, 27, 26, 18, 17, 9, 1, 2, 10, 11, 12, 20, 28, 36, 37, 45, 46, 38, 30, 29, 21, 22, 14, 6, 7, 15, 23, 31, 39, 47]
[00:00:01:49:527] ! Bidirectional. expansions: 22,617, time: 109,206 [ms], path length: 40 [edges], g_F: 20, g_B: 20, generated: 0, MM: 0, MMPER: -1.0%
[00:00:01:49:527] 
---------- SM_Grids/6x8_grid_with_random_blocks_8per_3 ----------
[00:00:00:32:892] Path of length 42 found: [0, 8, 9, 1, 2, 10, 18, 17, 25, 24, 32, 40, 41, 33, 34, 26, 27, 19, 11, 3, 4, 12, 20, 28, 36, 35, 43, 44, 45, 37, 29, 21, 13, 14, 6, 7, 15, 23, 31, 30, 38, 46, 47]
[00:00:00:32:892] ! Unidirectional s-t. expansions: 5,998, time: 32,892 [ms], path length: 42 [edges], generated: 107,336
[00:00:01:00:110] Path of length 42 found: [47, 39, 31, 23, 15, 7, 6, 14, 13, 12, 4, 3, 2, 10, 11, 19, 18, 26, 34, 35, 27, 28, 20, 21, 29, 30, 38, 46, 45, 37, 36, 44, 43, 42, 41, 40, 32, 24, 25, 17, 9, 1, 0]
[00:00:01:00:110] ! Unidirectional t-s. expansions: 9,941, time: 60,110 [ms], path length: 42 [edges], generated: 190,484
[00:00:00:34:848] Path of length 42 found: [0, 8, 9, 1, 2, 10, 18, 17, 25, 24, 32, 40, 41, 33, 34, 42, 43, 44, 45, 46, 38, 30, 29, 21, 20, 28, 36, 35, 27, 19, 11, 3, 4, 12, 13, 14, 6, 7, 15, 23, 31, 39, 47]
[00:00:00:35:171] ! Bidirectional. expansions: 6,749, time: 34,848 [ms], path length: 42 [edges], g_F: 21, g_B: 21, generated: 0, MM: 0, MMPER: -1.0%
[00:00:00:35:172] 
---------- SM_Grids/6x8_grid_with_random_blocks_8per_4 ----------
[00:00:01:02:522] Valid states checked so far: 200,000, Expansions: 11,350, Global best: 41
[00:00:02:05:347] Valid states checked so far: 400,000, Expansions: 22,555, Global best: 41
[00:00:02:21:344] Path of length 42 found: [0, 1, 9, 17, 16, 24, 32, 40, 41, 33, 25, 26, 18, 10, 2, 3, 11, 19, 27, 35, 34, 42, 43, 44, 45, 37, 36, 28, 20, 12, 4, 5, 6, 7, 15, 14, 13, 21, 29, 30, 38, 39, 47]
[00:00:02:21:344] ! Unidirectional s-t. expansions: 25,325, time: 141,344 [ms], path length: 42 [edges], generated: 448,880
[00:00:01:02:330] Path of length 42 found: [47, 39, 31, 30, 38, 37, 45, 44, 36, 28, 29, 21, 22, 14, 15, 7, 6, 5, 4, 3, 2, 10, 11, 12, 20, 19, 18, 26, 27, 35, 43, 42, 34, 33, 41, 40, 32, 24, 16, 17, 9, 1, 0]
[00:00:01:02:331] ! Unidirectional t-s. expansions: 9,825, time: 62,330 [ms], path length: 42 [edges], generated: 185,731
[00:00:00:36:992] Path of length 42 found: [0, 1, 9, 17, 16, 24, 32, 40, 41, 33, 25, 26, 34, 42, 43, 35, 27, 19, 18, 10, 2, 3, 4, 12, 13, 5, 6, 7, 15, 14, 22, 21, 29, 28, 36, 44, 45, 37, 38, 30, 31, 39, 47]
[00:00:00:37:335] ! Bidirectional. expansions: 8,269, time: 36,992 [ms], path length: 42 [edges], g_F: 21, g_B: 21, generated: 0, MM: 0, MMPER: -1.0%
[00:00:00:37:335] 
---------- SM_Grids/6x8_grid_with_random_blocks_8per_5 ----------
[00:00:00:11:260] Path of length 42 found: [0, 8, 16, 17, 9, 1, 2, 10, 18, 19, 11, 3, 4, 5, 13, 12, 20, 28, 27, 26, 25, 33, 32, 40, 41, 42, 43, 44, 36, 37, 45, 46, 38, 30, 29, 21, 22, 14, 15, 23, 31, 39, 47]
[00:00:00:11:260] ! Unidirectional s-t. expansions: 1,454, time: 11,260 [ms], path length: 42 [edges], generated: 28,276
[00:00:00:13:415] Path of length 42 found: [47, 39, 31, 23, 15, 14, 13, 5, 4, 3, 2, 1, 9, 10, 18, 26, 27, 19, 11, 12, 20, 28, 36, 37, 29, 21, 22, 30, 38, 46, 45, 44, 43, 42, 41, 40, 32, 33, 25, 17, 16, 8, 0]
[00:00:00:13:415] ! Unidirectional t-s. expansions: 1,811, time: 13,415 [ms], path length: 42 [edges], generated: 33,882
[00:00:00:19:088] Path of length 42 found: [0, 8, 16, 17, 9, 1, 2, 10, 18, 26, 25, 33, 32, 40, 41, 42, 43, 44, 45, 46, 38, 30, 22, 21, 29, 37, 36, 28, 27, 19, 20, 12, 11, 3, 4, 5, 13, 14, 15, 23, 31, 39, 47]
[00:00:00:19:415] ! Bidirectional. expansions: 3,105, time: 19,088 [ms], path length: 42 [edges], g_F: 21, g_B: 21, generated: 0, MM: 0, MMPER: -1.0%
[00:00:00:19:415] 
---------- SM_Grids/6x8_grid_with_random_blocks_8per_6 ----------
[00:00:00:18:175] Path of length 42 found: [0, 8, 16, 24, 32, 40, 41, 33, 25, 17, 18, 10, 11, 19, 27, 26, 34, 42, 43, 35, 36, 44, 45, 37, 29, 28, 20, 12, 4, 5, 13, 21, 22, 14, 6, 7, 15, 23, 31, 30, 38, 46, 47]
[00:00:00:18:175] ! Unidirectional s-t. expansions: 2,642, time: 18,175 [ms], path length: 42 [edges], generated: 58,022
[00:00:01:03:232] Valid states checked so far: 200,000, Expansions: 9,281, Global best: 41
[00:00:01:06:918] Path of length 42 found: [47, 39, 31, 23, 15, 7, 6, 5, 4, 12, 11, 10, 18, 17, 25, 33, 34, 26, 27, 19, 20, 28, 29, 21, 13, 14, 22, 30, 38, 46, 45, 37, 36, 35, 43, 42, 41, 40, 32, 24, 16, 8, 0]
[00:00:01:06:918] ! Unidirectional t-s. expansions: 9,798, time: 66,918 [ms], path length: 42 [edges], generated: 210,450
[00:00:00:36:942] Path of length 42 found: [0, 8, 16, 24, 32, 40, 41, 33, 25, 17, 18, 10, 11, 19, 27, 26, 34, 42, 43, 35, 36, 44, 45, 46, 38, 30, 22, 14, 13, 21, 29, 28, 20, 12, 4, 5, 6, 7, 15, 23, 31, 39, 47]
[00:00:00:37:286] ! Bidirectional. expansions: 5,695, time: 36,942 [ms], path length: 42 [edges], g_F: 21, g_B: 21, generated: 0, MM: 0, MMPER: -1.0%
[00:00:00:37:287] 
---------- SM_Grids/6x8_grid_with_random_blocks_8per_7 ----------
[00:00:00:00:207] Path of length 44 found: [0, 8, 16, 24, 32, 40, 41, 33, 25, 17, 9, 1, 2, 10, 18, 26, 34, 42, 43, 35, 27, 19, 20, 12, 11, 3, 4, 5, 6, 14, 15, 23, 22, 21, 29, 37, 36, 44, 45, 46, 38, 30, 31, 39, 47]
[00:00:00:00:207] ! Unidirectional s-t. expansions: 12, time: 207 [ms], path length: 44 [edges], generated: 268
[00:00:00:00:157] Path of length 44 found: [47, 39, 31, 23, 15, 14, 6, 5, 4, 3, 2, 1, 9, 17, 25, 33, 34, 26, 18, 10, 11, 12, 20, 19, 27, 35, 36, 37, 29, 21, 22, 30, 38, 46, 45, 44, 43, 42, 41, 40, 32, 24, 16, 8, 0]
[00:00:00:00:157] ! Unidirectional t-s. expansions: 11, time: 157 [ms], path length: 44 [edges], generated: 253
[00:00:00:00:094] Path of length 44 found: [0, 8, 16, 24, 32, 40, 41, 33, 25, 17, 9, 1, 2, 10, 18, 26, 34, 42, 43, 44, 45, 46, 38, 30, 22, 21, 29, 37, 36, 35, 27, 19, 20, 12, 11, 3, 4, 5, 6, 14, 15, 23, 31, 39, 47]
[00:00:00:00:436] ! Bidirectional. expansions: 11, time: 94 [ms], path length: 44 [edges], g_F: 22, g_B: 22, generated: 0, MM: 0, MMPER: -1.0%
[00:00:00:00:436] 
---------- SM_Grids/6x8_grid_with_random_blocks_8per_8 ----------
[00:00:00:47:514] Path of length 42 found: [0, 8, 16, 24, 32, 40, 41, 33, 25, 17, 9, 1, 2, 10, 18, 26, 27, 35, 43, 44, 36, 28, 20, 19, 11, 3, 4, 12, 13, 5, 6, 7, 15, 14, 22, 21, 29, 37, 38, 30, 31, 39, 47]
[00:00:00:47:515] ! Unidirectional s-t. expansions: 5,235, time: 47,514 [ms], path length: 42 [edges], generated: 111,448
[00:00:00:17:897] Path of length 42 found: [47, 46, 38, 39, 31, 30, 22, 14, 15, 7, 6, 5, 4, 3, 2, 10, 18, 26, 27, 19, 11, 12, 13, 21, 20, 28, 29, 37, 36, 35, 43, 42, 41, 40, 32, 33, 25, 24, 16, 17, 9, 1, 0]
[00:00:00:17:897] ! Unidirectional t-s. expansions: 2,820, time: 17,897 [ms], path length: 42 [edges], generated: 52,703
[00:00:00:26:590] Path of length 42 found: [0, 8, 16, 24, 32, 40, 41, 33, 25, 17, 9, 1, 2, 10, 18, 26, 27, 35, 43, 44, 36, 28, 29, 21, 13, 12, 20, 19, 11, 3, 4, 5, 6, 7, 15, 14, 22, 30, 31, 39, 38, 46, 47]
[00:00:00:26:937] ! Bidirectional. expansions: 5,203, time: 26,590 [ms], path length: 42 [edges], g_F: 21, g_B: 21, generated: 0, MM: 0, MMPER: -1.0%
[00:00:00:26:938] 
---------- SM_Grids/6x8_grid_with_random_blocks_8per_9 ----------
[00:00:00:00:788] Path of length 44 found: [0, 1, 9, 10, 2, 3, 11, 12, 20, 28, 27, 19, 18, 26, 25, 17, 16, 24, 32, 33, 41, 42, 34, 35, 43, 44, 36, 37, 45, 46, 38, 30, 29, 21, 13, 5, 6, 7, 15, 14, 22, 23, 31, 39, 47]
[00:00:00:00:788] ! Unidirectional s-t. expansions: 54, time: 788 [ms], path length: 44 [edges], generated: 1,352
[00:00:00:00:416] Path of length 44 found: [47, 39, 31, 23, 15, 7, 6, 5, 13, 14, 22, 21, 29, 30, 38, 46, 45, 37, 36, 44, 43, 35, 34, 42, 41, 33, 32, 24, 16, 17, 25, 26, 18, 19, 27, 28, 20, 12, 11, 3, 2, 10, 9, 1, 0]
[00:00:00:00:416] ! Unidirectional t-s. expansions: 24, time: 416 [ms], path length: 44 [edges], generated: 733
[00:00:00:00:438] Path of length 44 found: [0, 1, 9, 10, 2, 3, 11, 12, 20, 28, 27, 19, 18, 26, 25, 17, 16, 24, 32, 33, 41, 42, 34, 35, 43, 44, 36, 37, 45, 46, 38, 30, 29, 21, 22, 14, 13, 5, 6, 7, 15, 23, 31, 39, 47]
[00:00:00:00:785] ! Bidirectional. expansions: 42, time: 438 [ms], path length: 44 [edges], g_F: 22, g_B: 22, generated: 0, MM: 0, MMPER: -1.0%

[00:00:00:00:785] average expansions: (12,765, 9,623, 10,445, 0)
[00:00:00:00:785] average time: (71,218, 56,692, 51,977, 0)
[00:00:00:00:785] XIDA: 9,623 , 56,692 (expansions , time[ms])
[00:00:00:00:785] BiXIDA: 10,445 , 51,977 (expansions , time[ms])

