------------------------------------
Thu 01 Oct 2026 12:13:50 IDT
SLURM_JOBID:		21944059
SLURM_JOB_NODELIST:	ise-cpu256-01
SLURM_SCRATCH_DIR:	/scratch/shubit/21944059
Allocated Resouces:	cpu - 2 / mem - 61440 MB / gpu - 
SLURM_GPU_INDEX:	
Running as shubit from shimony account with normal QOS
------------------------------------
Thu 01 Oct 2026 12:13:50 IDT

SLURM_JOBID:		 21944059
SLURM_JOB_NODELIST:	 ise-cpu256-01 

--------------------------
date: SM_Grids
number_of_graphs: 10
graph_type: grid
size_of_graphs: [6, 8]
heuristic: bcc_heuristic
snake: False
run_uni: True
run_bi: True
run_multi: False
solution_vertices: []
algorithms: ['IDA']
lookahead: -1
bsd: False
cube_first_dims: 4
cube_buffer_dim: None
backward_sym_generation: False
sym_coil: False
prefix_set: None

---------- SM_Grids/6x8_grid_with_random_blocks_8per_0 ----------
[00:00:02:10:731] Valid states checked so far: 200,000, Expansions: 116,225, Global best: 41
[00:00:04:04:173] Valid states checked so far: 400,000, Expansions: 237,404, Global best: 41
[00:00:04:56:588] Path of length 40 found: [0, 1, 9, 8, 16, 24, 32, 40, 41, 33, 25, 17, 18, 10, 11, 3, 4, 12, 20, 19, 27, 26, 34, 42, 43, 35, 36, 28, 29, 21, 13, 5, 6, 14, 15, 23, 31, 30, 38, 46, 47]
[00:00:04:56:588] ! Unidirectional s-t. expansions: 292,359, time: 296,588 [ms], path length: 40 [edges], generated: 490,429
[00:00:02:02:482] Valid states checked so far: 200,000, Expansions: 116,660, Global best: 41
[00:00:03:10:790] Path of length 40 found: [47, 46, 38, 39, 31, 23, 15, 7, 6, 14, 13, 5, 4, 3, 11, 12, 20, 21, 29, 37, 36, 28, 27, 19, 18, 26, 25, 33, 34, 35, 43, 42, 41, 40, 32, 24, 16, 17, 9, 1, 0]
[00:00:03:10:790] ! Unidirectional t-s. expansions: 186,750, time: 190,790 [ms], path length: 40 [edges], generated: 317,877
[00:00:03:55:129] Path of length 40 found: [0, 1, 9, 8, 16, 24, 32, 40, 41, 33, 25, 17, 18, 10, 11, 19, 27, 26, 34, 42, 43, 35, 36, 28, 29, 21, 20, 12, 4, 5, 13, 14, 6, 7, 15, 23, 31, 39, 38, 46, 47]
[00:00:03:55:529] ! Bidirectional. expansions: 185,712, time: 235,129 [ms], path length: 40 [edges], g_F: 21, g_B: 19, generated: 0, MM: 2, MMPER: 3.8780487804878048%
[00:00:03:55:529] 
---------- SM_Grids/6x8_grid_with_random_blocks_8per_1 ----------
[00:00:00:03:594] Path of length 42 found: [0, 8, 16, 24, 32, 40, 41, 33, 25, 17, 18, 10, 11, 3, 4, 12, 13, 21, 22, 14, 6, 7, 15, 23, 31, 30, 29, 28, 20, 19, 27, 26, 34, 42, 43, 35, 36, 44, 45, 37, 38, 46, 47]
[00:00:00:03:594] ! Unidirectional s-t. expansions: 2,489, time: 3,594 [ms], path length: 42 [edges], generated: 4,506
[00:00:00:20:783] Path of length 42 found: [47, 39, 31, 23, 15, 7, 6, 14, 13, 12, 4, 3, 11, 10, 18, 17, 25, 33, 34, 26, 27, 19, 20, 28, 36, 37, 29, 21, 22, 30, 38, 46, 45, 44, 43, 42, 41, 40, 32, 24, 16, 8, 0]
[00:00:00:20:784] ! Unidirectional t-s. expansions: 16,945, time: 20,783 [ms], path length: 42 [edges], generated: 27,992
[00:00:00:12:014] Path of length 42 found: [0, 8, 16, 24, 32, 40, 41, 33, 25, 17, 18, 10, 11, 3, 4, 12, 20, 19, 27, 26, 34, 42, 43, 44, 45, 46, 38, 37, 36, 28, 29, 30, 22, 21, 13, 14, 6, 7, 15, 23, 31, 39, 47]
[00:00:00:12:439] ! Bidirectional. expansions: 8,706, time: 12,014 [ms], path length: 42 [edges], g_F: 22, g_B: 20, generated: 0, MM: 2, MMPER: 3.6511627906976747%
[00:00:00:12:439] 
---------- SM_Grids/6x8_grid_with_random_blocks_8per_2 ----------
[00:00:01:02:227] Path of length 40 found: [0, 8, 16, 24, 32, 40, 41, 42, 34, 33, 25, 17, 9, 1, 2, 3, 11, 10, 18, 26, 27, 19, 20, 28, 36, 44, 45, 37, 29, 21, 22, 14, 6, 7, 15, 23, 31, 30, 38, 46, 47]
[00:00:01:02:228] ! Unidirectional s-t. expansions: 50,243, time: 62,227 [ms], path length: 40 [edges], generated: 89,931
[00:00:00:46:963] Path of length 40 found: [47, 39, 31, 23, 15, 7, 6, 14, 22, 21, 20, 12, 11, 3, 2, 10, 18, 19, 27, 28, 29, 30, 38, 46, 45, 37, 36, 35, 34, 26, 25, 33, 41, 40, 32, 24, 16, 17, 9, 1, 0]
[00:00:00:46:963] ! Unidirectional t-s. expansions: 39,593, time: 46,963 [ms], path length: 40 [edges], generated: 70,749
[00:00:01:56:534] Path of length 40 found: [0, 8, 16, 24, 32, 40, 41, 42, 34, 33, 25, 17, 9, 1, 2, 3, 11, 10, 18, 26, 27, 35, 36, 37, 45, 46, 38, 30, 29, 28, 20, 21, 22, 14, 6, 7, 15, 23, 31, 39, 47]
[00:00:01:56:928] ! Bidirectional. expansions: 86,200, time: 116,534 [ms], path length: 40 [edges], g_F: 21, g_B: 19, generated: 0, MM: 2, MMPER: 3.8780487804878048%
[00:00:01:56:929] 
---------- SM_Grids/6x8_grid_with_random_blocks_8per_3 ----------
[00:00:00:26:294] Path of length 42 found: [0, 8, 9, 1, 2, 10, 18, 17, 25, 24, 32, 40, 41, 33, 34, 26, 27, 19, 11, 3, 4, 12, 20, 28, 36, 35, 43, 44, 45, 37, 29, 21, 13, 14, 6, 7, 15, 23, 31, 30, 38, 46, 47]
[00:00:00:26:294] ! Unidirectional s-t. expansions: 22,816, time: 26,294 [ms], path length: 42 [edges], generated: 37,792
[00:00:00:44:799] Path of length 42 found: [47, 39, 31, 23, 15, 7, 6, 14, 13, 12, 4, 3, 2, 10, 11, 19, 18, 26, 34, 35, 27, 28, 20, 21, 29, 30, 38, 46, 45, 37, 36, 44, 43, 42, 41, 40, 32, 24, 25, 17, 9, 1, 0]
[00:00:00:44:799] ! Unidirectional t-s. expansions: 37,730, time: 44,799 [ms], path length: 42 [edges], generated: 63,812
[00:00:00:33:957] Path of length 42 found: [0, 8, 9, 1, 2, 10, 18, 17, 25, 24, 32, 40, 41, 33, 34, 42, 43, 44, 45, 46, 38, 30, 29, 21, 20, 28, 36, 35, 27, 19, 11, 3, 4, 12, 13, 14, 6, 7, 15, 23, 31, 39, 47]
[00:00:00:34:316] ! Bidirectional. expansions: 24,711, time: 33,957 [ms], path length: 42 [edges], g_F: 22, g_B: 20, generated: 0, MM: 2, MMPER: 3.6511627906976747%
[00:00:00:34:317] 
---------- SM_Grids/6x8_grid_with_random_blocks_8per_4 ----------
[00:00:01:58:008] Path of length 42 found: [0, 1, 9, 17, 16, 24, 32, 40, 41, 33, 25, 26, 18, 10, 2, 3, 11, 19, 27, 35, 34, 42, 43, 44, 45, 37, 36, 28, 20, 12, 4, 5, 6, 7, 15, 14, 13, 21, 29, 30, 38, 39, 47]
[00:00:01:58:008] ! Unidirectional s-t. expansions: 109,342, time: 118,008 [ms], path length: 42 [edges], generated: 175,843
[00:00:00:50:764] Path of length 42 found: [47, 39, 31, 30, 38, 37, 45, 44, 36, 28, 29, 21, 22, 14, 15, 7, 6, 5, 13, 12, 4, 3, 2, 10, 11, 19, 18, 26, 27, 35, 43, 42, 34, 33, 41, 40, 32, 24, 16, 17, 9, 1, 0]
[00:00:00:50:764] ! Unidirectional t-s. expansions: 42,015, time: 50,764 [ms], path length: 42 [edges], generated: 71,676
[00:00:00:48:309] Path of length 42 found: [0, 1, 9, 17, 16, 24, 32, 40, 41, 33, 25, 26, 34, 42, 43, 35, 27, 19, 18, 10, 2, 3, 4, 12, 13, 5, 6, 7, 15, 14, 22, 21, 29, 28, 36, 44, 45, 37, 38, 30, 31, 39, 47]
[00:00:00:48:652] ! Bidirectional. expansions: 36,301, time: 48,309 [ms], path length: 42 [edges], g_F: 22, g_B: 20, generated: 0, MM: 2, MMPER: 3.6511627906976747%
[00:00:00:48:652] 
---------- SM_Grids/6x8_grid_with_random_blocks_8per_5 ----------
[00:00:00:08:833] Path of length 42 found: [0, 8, 16, 17, 9, 1, 2, 10, 18, 26, 25, 33, 32, 40, 41, 42, 43, 44, 36, 28, 27, 19, 11, 3, 4, 5, 13, 12, 20, 21, 29, 37, 45, 46, 38, 30, 22, 14, 15, 23, 31, 39, 47]
[00:00:00:08:833] ! Unidirectional s-t. expansions: 5,967, time: 8,833 [ms], path length: 42 [edges], generated: 10,535
[00:00:00:10:373] Path of length 42 found: [47, 39, 31, 23, 15, 14, 13, 5, 4, 3, 2, 1, 9, 10, 18, 26, 27, 19, 11, 12, 20, 28, 36, 37, 29, 21, 22, 30, 38, 46, 45, 44, 43, 42, 41, 40, 32, 33, 25, 17, 16, 8, 0]
[00:00:00:10:373] ! Unidirectional t-s. expansions: 7,555, time: 10,373 [ms], path length: 42 [edges], generated: 12,172
[00:00:00:20:895] Path of length 42 found: [0, 8, 16, 17, 9, 1, 2, 10, 18, 26, 25, 33, 32, 40, 41, 42, 43, 44, 45, 46, 38, 30, 22, 21, 29, 37, 36, 28, 27, 19, 20, 12, 11, 3, 4, 5, 13, 14, 15, 23, 31, 39, 47]
[00:00:00:21:260] ! Bidirectional. expansions: 13,549, time: 20,895 [ms], path length: 42 [edges], g_F: 22, g_B: 20, generated: 0, MM: 2, MMPER: 3.6511627906976747%
[00:00:00:21:260] 
---------- SM_Grids/6x8_grid_with_random_blocks_8per_6 ----------
[00:00:00:12:589] Path of length 42 found: [0, 8, 16, 24, 32, 40, 41, 33, 25, 17, 18, 10, 11, 19, 27, 26, 34, 42, 43, 35, 36, 44, 45, 37, 29, 28, 20, 12, 4, 5, 13, 21, 22, 14, 6, 7, 15, 23, 31, 30, 38, 46, 47]
[00:00:00:12:589] ! Unidirectional s-t. expansions: 10,157, time: 12,589 [ms], path length: 42 [edges], generated: 17,735
[00:00:00:46:241] Path of length 42 found: [47, 39, 31, 23, 15, 7, 6, 5, 4, 12, 11, 10, 18, 17, 25, 33, 34, 26, 27, 19, 20, 28, 36, 37, 29, 21, 13, 14, 22, 30, 38, 46, 45, 44, 43, 42, 41, 40, 32, 24, 16, 8, 0]
[00:00:00:46:241] ! Unidirectional t-s. expansions: 37,835, time: 46,241 [ms], path length: 42 [edges], generated: 63,744
[00:00:00:27:604] Path of length 42 found: [0, 8, 16, 24, 32, 40, 41, 33, 25, 17, 18, 10, 11, 19, 27, 26, 34, 42, 43, 35, 36, 44, 45, 46, 38, 30, 22, 14, 13, 21, 29, 28, 20, 12, 4, 5, 6, 7, 15, 23, 31, 39, 47]
[00:00:00:28:066] ! Bidirectional. expansions: 20,064, time: 27,604 [ms], path length: 42 [edges], g_F: 22, g_B: 20, generated: 0, MM: 2, MMPER: 3.6511627906976747%
[00:00:00:28:066] 
---------- SM_Grids/6x8_grid_with_random_blocks_8per_7 ----------
[00:00:00:00:074] Path of length 44 found: [0, 8, 16, 24, 32, 40, 41, 33, 25, 17, 9, 1, 2, 10, 18, 26, 34, 42, 43, 35, 27, 19, 20, 12, 11, 3, 4, 5, 6, 14, 15, 23, 22, 21, 29, 37, 36, 44, 45, 46, 38, 30, 31, 39, 47]
[00:00:00:00:075] ! Unidirectional s-t. expansions: 46, time: 74 [ms], path length: 44 [edges], generated: 76
[00:00:00:00:070] Path of length 44 found: [47, 39, 31, 23, 15, 14, 6, 5, 4, 3, 2, 1, 9, 17, 25, 33, 34, 26, 18, 10, 11, 12, 20, 19, 27, 35, 36, 37, 29, 21, 22, 30, 38, 46, 45, 44, 43, 42, 41, 40, 32, 24, 16, 8, 0]
[00:00:00:00:071] ! Unidirectional t-s. expansions: 43, time: 70 [ms], path length: 44 [edges], generated: 71
[00:00:00:00:071] Path of length 44 found: [0, 8, 16, 24, 32, 40, 41, 33, 25, 17, 9, 1, 2, 10, 18, 26, 34, 42, 43, 44, 45, 46, 38, 30, 22, 21, 29, 37, 36, 35, 27, 19, 20, 12, 11, 3, 4, 5, 6, 14, 15, 23, 31, 39, 47]
[00:00:00:00:435] ! Bidirectional. expansions: 43, time: 71 [ms], path length: 44 [edges], g_F: 23, g_B: 21, generated: 0, MM: 2, MMPER: 3.4444444444444446%
[00:00:00:00:435] 
---------- SM_Grids/6x8_grid_with_random_blocks_8per_8 ----------
[00:00:00:31:779] Path of length 42 found: [0, 8, 16, 24, 32, 40, 41, 33, 25, 17, 9, 1, 2, 10, 18, 26, 27, 35, 43, 44, 36, 28, 20, 19, 11, 3, 4, 12, 13, 5, 6, 7, 15, 14, 22, 21, 29, 37, 38, 30, 31, 39, 47]
[00:00:00:31:780] ! Unidirectional s-t. expansions: 20,683, time: 31,779 [ms], path length: 42 [edges], generated: 35,338
[00:00:00:13:981] Path of length 42 found: [47, 46, 38, 39, 31, 30, 22, 14, 15, 7, 6, 5, 4, 3, 2, 10, 18, 26, 27, 19, 11, 12, 13, 21, 20, 28, 29, 37, 36, 35, 43, 42, 41, 40, 32, 33, 25, 24, 16, 17, 9, 1, 0]
[00:00:00:13:981] ! Unidirectional t-s. expansions: 10,858, time: 13,981 [ms], path length: 42 [edges], generated: 18,534
[00:00:00:27:300] Path of length 42 found: [0, 8, 16, 24, 32, 40, 41, 33, 25, 17, 9, 1, 2, 10, 18, 26, 27, 35, 43, 44, 36, 28, 29, 21, 13, 12, 20, 19, 11, 3, 4, 5, 6, 7, 15, 14, 22, 30, 31, 39, 38, 46, 47]
[00:00:00:27:668] ! Bidirectional. expansions: 18,949, time: 27,300 [ms], path length: 42 [edges], g_F: 22, g_B: 20, generated: 0, MM: 2, MMPER: 3.6511627906976747%
[00:00:00:27:668] 
---------- SM_Grids/6x8_grid_with_random_blocks_8per_9 ----------
[00:00:00:00:464] Path of length 44 found: [0, 1, 9, 10, 2, 3, 11, 12, 20, 28, 27, 19, 18, 26, 25, 17, 16, 24, 32, 33, 41, 42, 34, 35, 43, 44, 36, 37, 45, 46, 38, 30, 29, 21, 13, 5, 6, 7, 15, 14, 22, 23, 31, 39, 47]
[00:00:00:00:464] ! Unidirectional s-t. expansions: 222, time: 464 [ms], path length: 44 [edges], generated: 409
[00:00:00:00:155] Path of length 44 found: [47, 39, 31, 23, 15, 7, 6, 5, 13, 14, 22, 21, 29, 30, 38, 46, 45, 37, 36, 44, 43, 35, 34, 42, 41, 33, 32, 24, 16, 17, 25, 26, 18, 19, 27, 28, 20, 12, 11, 3, 2, 10, 9, 1, 0]
[00:00:00:00:155] ! Unidirectional t-s. expansions: 94, time: 155 [ms], path length: 44 [edges], generated: 168
[00:00:00:00:345] Path of length 44 found: [0, 1, 9, 10, 2, 3, 11, 12, 20, 28, 27, 19, 18, 26, 25, 17, 16, 24, 32, 33, 41, 42, 34, 35, 43, 44, 36, 37, 45, 46, 38, 30, 29, 21, 22, 14, 13, 5, 6, 7, 15, 23, 31, 39, 47]
[00:00:00:00:797] ! Bidirectional. expansions: 175, time: 346 [ms], path length: 44 [edges], g_F: 23, g_B: 21, generated: 0, MM: 2, MMPER: 3.4444444444444446%

[00:00:00:00:797] average expansions: (51,432, 37,942, 39,441, 0)
[00:00:00:00:797] average time: (56,045, 42,492, 52,216, 0)
[00:00:00:00:797] XIDA: 37,942 , 42,492 (expansions , time[ms])
[00:00:00:00:797] BiXIDA: 39,441 , 52,216 (expansions , time[ms])

