------------------------------------
Thu 01 Oct 2026 10:43:14 IDT
SLURM_JOBID:		21942697
SLURM_JOB_NODELIST:	ise-cpu256-30
SLURM_SCRATCH_DIR:	/scratch/shubit/21942697
Allocated Resouces:	cpu - 2 / mem - 61440 MB / gpu - 
SLURM_GPU_INDEX:	
Running as shubit from shimony account with normal QOS
------------------------------------
Thu 01 Oct 2026 10:43:14 IDT

SLURM_JOBID:		 21942697
SLURM_JOB_NODELIST:	 ise-cpu256-30 

--------------------------
date: SM_Grids
number_of_graphs: 10
graph_type: grid
size_of_graphs: [6, 8]
heuristic: bcc_heuristic
snake: False
run_uni: True
run_bi: True
run_multi: False
solution_vertices: []
algorithms: ['A']
lookahead: 2
bsd: False
cube_first_dims: 4
cube_buffer_dim: None
backward_sym_generation: False
sym_coil: False
prefix_set: None

---------- SM_Grids/6x8_grid_with_random_blocks_8per_0 ----------
[00:00:00:30:333] Expansion 10,000: state None, f=42, g=32
[00:00:00:59:315] Expansion 20,000: state None, f=42, g=26
[00:00:01:14:881] Expansion 30,000: state None, f=41, g=36
[00:00:01:37:989] Expansion 40,000: state None, f=41, g=28
[00:00:02:13:345] Expansion 50,000: state None, f=41, g=18
[00:00:02:16:442] Path of length 40 found: [0, 1, 9, 8, 16, 17, 18, 10, 11, 3, 4, 5, 6, 7, 15, 23, 31, 30, 29, 21, 13, 12, 20, 19, 27, 26, 34, 33, 25, 24, 32, 40, 41, 42, 43, 35, 36, 37, 38, 46, 47]
[00:00:02:16:443] ! Unidirectional s-t. expansions: 50,540, time: 136,442 [ms], path length: 40 [edges], generated: 243,794
[00:00:00:32:995] Expansion 10,000: state None, f=41, g=32
[00:00:00:53:050] Expansion 20,000: state None, f=41, g=38
[00:00:01:15:481] Expansion 30,000: state None, f=41, g=28
[00:00:01:37:621] Expansion 40,000: state None, f=41, g=30
[00:00:02:02:418] Expansion 50,000: state None, f=41, g=18
[00:00:02:26:274] Expansion 60,000: state None, f=41, g=26
[00:00:02:42:361] Path of length 40 found: [47, 46, 38, 39, 31, 30, 29, 37, 36, 44, 43, 42, 41, 40, 32, 33, 25, 24, 16, 17, 18, 26, 34, 35, 27, 28, 20, 21, 13, 14, 15, 7, 6, 5, 4, 3, 11, 10, 9, 1, 0]
[00:00:02:42:362] ! Unidirectional t-s. expansions: 65,833, time: 162,361 [ms], path length: 40 [edges], generated: 325,668
[00:00:01:14:945] Expansions: 50,000. F states: 95,365, B states: 102,323. Checks: 200,509)
[00:00:02:11:306] Path of length 40 found: [0, 1, 9, 8, 16, 24, 25, 17, 18, 10, 11, 3, 4, 5, 6, 7, 15, 14, 13, 12, 20, 19, 27, 26, 34, 33, 32, 40, 41, 42, 43, 44, 36, 37, 29, 30, 31, 39, 38, 46, 47]
[00:00:02:11:676] ! Bidirectional. expansions: 82,082, time: 131,306 [ms], path length: 40 [edges], g_F: 20, g_B: 20, generated: 0, MM: 0, MMPER: -1.0%
[00:00:02:11:676] 
---------- SM_Grids/6x8_grid_with_random_blocks_8per_1 ----------
[00:00:00:04:272] Path of length 42 found: [0, 8, 16, 24, 32, 40, 41, 33, 25, 17, 18, 10, 11, 3, 4, 12, 13, 21, 22, 14, 6, 7, 15, 23, 31, 30, 29, 28, 20, 19, 27, 26, 34, 42, 43, 35, 36, 44, 45, 37, 38, 46, 47]
[00:00:00:04:272] ! Unidirectional s-t. expansions: 1,282, time: 4,272 [ms], path length: 42 [edges], generated: 7,412
[00:00:00:26:763] Path of length 42 found: [47, 46, 45, 44, 43, 42, 41, 40, 32, 33, 34, 35, 36, 37, 38, 39, 31, 30, 29, 28, 27, 19, 20, 21, 22, 23, 15, 7, 6, 14, 13, 12, 4, 3, 11, 10, 18, 26, 25, 17, 16, 8, 0]
[00:00:00:26:763] ! Unidirectional t-s. expansions: 8,828, time: 26,763 [ms], path length: 42 [edges], generated: 44,708
[00:00:00:08:184] Path of length 42 found: [0, 8, 16, 24, 32, 40, 41, 33, 25, 17, 18, 10, 11, 3, 4, 12, 20, 19, 27, 26, 34, 42, 43, 44, 45, 46, 38, 37, 36, 28, 29, 30, 22, 21, 13, 14, 6, 7, 15, 23, 31, 39, 47]
[00:00:00:08:530] ! Bidirectional. expansions: 4,470, time: 8,184 [ms], path length: 42 [edges], g_F: 21, g_B: 21, generated: 0, MM: 0, MMPER: -1.0%
[00:00:00:08:531] 
---------- SM_Grids/6x8_grid_with_random_blocks_8per_2 ----------
[00:00:00:29:632] Expansion 10,000: state None, f=41, g=34
[00:00:00:42:099] Path of length 40 found: [0, 1, 2, 3, 11, 12, 20, 21, 22, 14, 6, 7, 15, 23, 31, 30, 29, 28, 27, 19, 18, 10, 9, 8, 16, 17, 25, 24, 32, 40, 41, 33, 34, 35, 36, 44, 45, 37, 38, 46, 47]
[00:00:00:42:099] ! Unidirectional s-t. expansions: 14,111, time: 42,099 [ms], path length: 40 [edges], generated: 78,065
[00:00:00:27:900] Expansion 10,000: state None, f=41, g=32
[00:00:00:30:526] Path of length 40 found: [47, 39, 31, 23, 15, 7, 6, 14, 22, 30, 29, 37, 38, 46, 45, 44, 36, 35, 34, 42, 41, 40, 32, 33, 25, 24, 16, 17, 18, 26, 27, 28, 20, 12, 11, 3, 2, 10, 9, 1, 0]
[00:00:00:30:526] ! Unidirectional t-s. expansions: 10,817, time: 30,526 [ms], path length: 40 [edges], generated: 56,951
[00:00:00:58:318] Path of length 40 found: [0, 8, 16, 24, 25, 33, 32, 40, 41, 42, 34, 35, 27, 26, 18, 17, 9, 1, 2, 10, 11, 12, 20, 21, 29, 37, 36, 44, 45, 46, 38, 30, 22, 14, 6, 7, 15, 23, 31, 39, 47]
[00:00:00:58:648] ! Bidirectional. expansions: 35,974, time: 58,318 [ms], path length: 40 [edges], g_F: 20, g_B: 20, generated: 0, MM: 0, MMPER: -1.0%
[00:00:00:58:648] 
---------- SM_Grids/6x8_grid_with_random_blocks_8per_3 ----------
[00:00:00:25:720] Expansion 10,000: state None, f=43, g=16
[00:00:00:26:931] Path of length 42 found: [0, 8, 9, 1, 2, 3, 4, 12, 13, 14, 6, 7, 15, 23, 31, 30, 29, 21, 20, 28, 36, 35, 34, 26, 27, 19, 11, 10, 18, 17, 25, 24, 32, 40, 41, 42, 43, 44, 45, 37, 38, 46, 47]
[00:00:00:26:931] ! Unidirectional s-t. expansions: 10,433, time: 26,931 [ms], path length: 42 [edges], generated: 51,847
[00:00:00:27:231] Expansion 10,000: state None, f=43, g=22
[00:00:00:39:575] Path of length 42 found: [47, 46, 45, 44, 43, 35, 36, 37, 29, 30, 38, 39, 31, 23, 15, 7, 6, 14, 13, 21, 20, 28, 27, 19, 11, 12, 4, 3, 2, 10, 18, 26, 34, 42, 41, 40, 32, 24, 25, 17, 9, 1, 0]
[00:00:00:39:576] ! Unidirectional t-s. expansions: 14,677, time: 39,575 [ms], path length: 42 [edges], generated: 72,631
[00:00:00:19:026] Path of length 42 found: [0, 8, 9, 1, 2, 3, 4, 12, 11, 10, 18, 17, 25, 24, 32, 40, 41, 33, 34, 42, 43, 35, 36, 28, 27, 19, 20, 21, 13, 14, 6, 7, 15, 23, 31, 30, 29, 37, 45, 46, 38, 39, 47]
[00:00:00:19:366] ! Bidirectional. expansions: 11,599, time: 19,026 [ms], path length: 42 [edges], g_F: 21, g_B: 21, generated: 0, MM: 0, MMPER: -1.0%
[00:00:00:19:366] 
---------- SM_Grids/6x8_grid_with_random_blocks_8per_4 ----------
[00:00:00:25:055] Expansion 10,000: state None, f=43, g=28
[00:00:00:49:192] Expansion 20,000: state None, f=43, g=26
[00:00:01:15:447] Expansion 30,000: state None, f=43, g=28
[00:00:01:30:704] Path of length 42 found: [0, 1, 9, 17, 16, 24, 32, 40, 41, 42, 43, 44, 45, 37, 36, 28, 20, 21, 13, 12, 11, 19, 27, 35, 34, 33, 25, 26, 18, 10, 2, 3, 4, 5, 6, 7, 15, 14, 22, 30, 38, 39, 47]
[00:00:01:30:704] ! Unidirectional s-t. expansions: 35,695, time: 90,704 [ms], path length: 42 [edges], generated: 157,618
[00:00:00:26:345] Expansion 10,000: state None, f=43, g=28
[00:00:00:50:187] Path of length 42 found: [47, 39, 31, 30, 38, 37, 45, 44, 36, 35, 43, 42, 41, 40, 32, 24, 16, 17, 25, 33, 34, 26, 27, 19, 20, 28, 29, 21, 22, 14, 15, 7, 6, 5, 13, 12, 4, 3, 11, 10, 2, 1, 0]
[00:00:00:50:187] ! Unidirectional t-s. expansions: 19,224, time: 50,187 [ms], path length: 42 [edges], generated: 83,657
[00:00:00:28:722] Path of length 42 found: [0, 1, 9, 17, 16, 24, 32, 40, 41, 33, 25, 26, 34, 42, 43, 35, 27, 19, 18, 10, 2, 3, 4, 12, 13, 5, 6, 7, 15, 14, 22, 21, 29, 28, 36, 44, 45, 37, 38, 30, 31, 39, 47]
[00:00:00:29:056] ! Bidirectional. expansions: 17,885, time: 28,722 [ms], path length: 42 [edges], g_F: 21, g_B: 21, generated: 0, MM: 0, MMPER: -1.0%
[00:00:00:29:056] 
---------- SM_Grids/6x8_grid_with_random_blocks_8per_5 ----------
[00:00:00:08:730] Path of length 42 found: [0, 1, 9, 8, 16, 17, 25, 26, 34, 33, 32, 40, 41, 42, 43, 44, 36, 37, 45, 46, 38, 30, 29, 21, 20, 28, 27, 19, 18, 10, 2, 3, 11, 12, 4, 5, 13, 14, 22, 23, 31, 39, 47]
[00:00:00:08:730] ! Unidirectional s-t. expansions: 2,802, time: 8,730 [ms], path length: 42 [edges], generated: 13,314
[00:00:00:10:519] Path of length 42 found: [47, 46, 45, 37, 38, 39, 31, 30, 29, 21, 22, 23, 15, 14, 13, 5, 4, 3, 2, 1, 9, 10, 11, 12, 20, 19, 27, 28, 36, 44, 43, 42, 41, 40, 32, 33, 34, 26, 18, 17, 16, 8, 0]
[00:00:00:10:519] ! Unidirectional t-s. expansions: 3,599, time: 10,519 [ms], path length: 42 [edges], generated: 15,807
[00:00:00:13:181] Path of length 42 found: [0, 8, 16, 17, 9, 1, 2, 10, 18, 19, 11, 3, 4, 5, 13, 12, 20, 28, 27, 26, 25, 33, 32, 40, 41, 42, 43, 44, 36, 37, 45, 46, 38, 30, 29, 21, 22, 14, 15, 23, 31, 39, 47]
[00:00:00:13:522] ! Bidirectional. expansions: 6,817, time: 13,182 [ms], path length: 42 [edges], g_F: 21, g_B: 21, generated: 0, MM: 0, MMPER: -1.0%
[00:00:00:13:523] 
---------- SM_Grids/6x8_grid_with_random_blocks_8per_6 ----------
[00:00:00:14:468] Path of length 42 found: [0, 8, 16, 24, 32, 40, 41, 33, 25, 17, 18, 10, 11, 19, 27, 26, 34, 42, 43, 35, 36, 44, 45, 37, 29, 28, 20, 12, 4, 5, 13, 21, 22, 14, 6, 7, 15, 23, 31, 30, 38, 46, 47]
[00:00:00:14:468] ! Unidirectional s-t. expansions: 5,285, time: 14,468 [ms], path length: 42 [edges], generated: 29,127
[00:00:00:27:984] Expansion 10,000: state None, f=43, g=18
[00:00:00:56:495] Path of length 42 found: [47, 46, 45, 44, 43, 42, 41, 40, 32, 33, 34, 35, 36, 37, 38, 39, 31, 30, 29, 28, 27, 19, 20, 21, 22, 23, 15, 7, 6, 14, 13, 5, 4, 12, 11, 10, 18, 26, 25, 17, 16, 8, 0]
[00:00:00:56:496] ! Unidirectional t-s. expansions: 19,914, time: 56,495 [ms], path length: 42 [edges], generated: 104,220
[00:00:00:17:116] Path of length 42 found: [0, 8, 16, 24, 32, 40, 41, 33, 25, 17, 18, 10, 11, 19, 27, 26, 34, 42, 43, 35, 36, 44, 45, 46, 38, 30, 22, 14, 13, 21, 29, 28, 20, 12, 4, 5, 6, 7, 15, 23, 31, 39, 47]
[00:00:00:17:450] ! Bidirectional. expansions: 10,258, time: 17,116 [ms], path length: 42 [edges], g_F: 21, g_B: 21, generated: 0, MM: 0, MMPER: -1.0%
[00:00:00:17:451] 
---------- SM_Grids/6x8_grid_with_random_blocks_8per_7 ----------
[00:00:00:00:090] Path of length 44 found: [0, 8, 16, 24, 32, 40, 41, 33, 25, 17, 9, 1, 2, 10, 18, 26, 34, 42, 43, 35, 27, 19, 20, 12, 11, 3, 4, 5, 6, 14, 15, 23, 22, 21, 29, 37, 36, 44, 45, 46, 38, 30, 31, 39, 47]
[00:00:00:00:090] ! Unidirectional s-t. expansions: 24, time: 90 [ms], path length: 44 [edges], generated: 116
[00:00:00:00:081] Path of length 44 found: [47, 39, 31, 23, 15, 14, 6, 5, 4, 3, 2, 1, 9, 17, 25, 33, 34, 26, 18, 10, 11, 12, 20, 19, 27, 35, 36, 37, 29, 21, 22, 30, 38, 46, 45, 44, 43, 42, 41, 40, 32, 24, 16, 8, 0]
[00:00:00:00:082] ! Unidirectional t-s. expansions: 22, time: 81 [ms], path length: 44 [edges], generated: 107
[00:00:00:00:048] Path of length 44 found: [0, 8, 16, 24, 32, 40, 41, 33, 25, 17, 9, 1, 2, 10, 18, 26, 34, 42, 43, 44, 45, 46, 38, 30, 22, 21, 29, 37, 36, 35, 27, 19, 20, 12, 11, 3, 4, 5, 6, 14, 15, 23, 31, 39, 47]
[00:00:00:00:378] ! Bidirectional. expansions: 23, time: 48 [ms], path length: 44 [edges], g_F: 22, g_B: 22, generated: 0, MM: 0, MMPER: -1.0%
[00:00:00:00:378] 
---------- SM_Grids/6x8_grid_with_random_blocks_8per_8 ----------
[00:00:00:22:200] Path of length 42 found: [0, 8, 16, 24, 25, 33, 32, 40, 41, 42, 43, 44, 36, 35, 27, 26, 18, 17, 9, 1, 2, 10, 11, 3, 4, 5, 6, 7, 15, 14, 22, 21, 13, 12, 20, 28, 29, 37, 38, 30, 31, 39, 47]
[00:00:00:22:200] ! Unidirectional s-t. expansions: 6,582, time: 22,200 [ms], path length: 42 [edges], generated: 34,229
[00:00:00:10:411] Path of length 42 found: [47, 46, 38, 39, 31, 30, 22, 21, 13, 14, 15, 7, 6, 5, 4, 12, 11, 3, 2, 10, 18, 19, 20, 28, 29, 37, 36, 44, 43, 35, 27, 26, 25, 33, 41, 40, 32, 24, 16, 17, 9, 1, 0]
[00:00:00:10:411] ! Unidirectional t-s. expansions: 3,831, time: 10,411 [ms], path length: 42 [edges], generated: 19,063
[00:00:00:13:859] Path of length 42 found: [0, 8, 16, 17, 9, 1, 2, 10, 18, 19, 11, 3, 4, 12, 20, 28, 27, 26, 25, 24, 32, 40, 41, 42, 43, 35, 36, 37, 29, 21, 13, 5, 6, 7, 15, 14, 22, 30, 31, 39, 38, 46, 47]
[00:00:00:14:195] ! Bidirectional. expansions: 8,125, time: 13,859 [ms], path length: 42 [edges], g_F: 21, g_B: 21, generated: 0, MM: 0, MMPER: -1.0%
[00:00:00:14:195] 
---------- SM_Grids/6x8_grid_with_random_blocks_8per_9 ----------
[00:00:00:00:518] Path of length 44 found: [0, 1, 9, 10, 2, 3, 11, 12, 20, 28, 27, 19, 18, 26, 25, 17, 16, 24, 32, 33, 41, 42, 34, 35, 43, 44, 36, 37, 45, 46, 38, 30, 29, 21, 13, 5, 6, 7, 15, 14, 22, 23, 31, 39, 47]
[00:00:00:00:518] ! Unidirectional s-t. expansions: 108, time: 518 [ms], path length: 44 [edges], generated: 585
[00:00:00:00:195] Path of length 44 found: [47, 39, 31, 23, 15, 7, 6, 5, 13, 14, 22, 21, 29, 30, 38, 46, 45, 37, 36, 44, 43, 35, 34, 42, 41, 33, 32, 24, 16, 17, 25, 26, 18, 19, 27, 28, 20, 12, 11, 3, 2, 10, 9, 1, 0]
[00:00:00:00:196] ! Unidirectional t-s. expansions: 49, time: 195 [ms], path length: 44 [edges], generated: 298
[00:00:00:00:243] Path of length 44 found: [0, 1, 9, 10, 2, 3, 11, 12, 20, 28, 27, 19, 18, 26, 25, 17, 16, 24, 32, 33, 41, 42, 34, 35, 43, 44, 36, 37, 45, 46, 38, 30, 29, 21, 22, 14, 13, 5, 6, 7, 15, 23, 31, 39, 47]
[00:00:00:00:572] ! Bidirectional. expansions: 89, time: 243 [ms], path length: 44 [edges], g_F: 22, g_B: 22, generated: 0, MM: 0, MMPER: -1.0%

[00:00:00:00:572] average expansions: (12,686, 14,679, 17,732, 0)
[00:00:00:00:572] average time: (34,645, 38,711, 29,000, 0)
[00:00:00:00:572] XA*: 12,686 , 34,645 (expansions , time[ms])
[00:00:00:00:572] BiXA*: 17,732 , 29,000 (expansions , time[ms])

