------------------------------------
Thu 01 Oct 2026 15:58:02 IDT
SLURM_JOBID:		21953360
SLURM_JOB_NODELIST:	ise-cpu256-09
SLURM_SCRATCH_DIR:	/scratch/shubit/21953360
Allocated Resouces:	cpu - 2 / mem - 61440 MB / gpu - 
SLURM_GPU_INDEX:	
Running as shubit from shimony account with normal QOS
------------------------------------
Thu 01 Oct 2026 15:58:02 IDT

SLURM_JOBID:		 21953360
SLURM_JOB_NODELIST:	 ise-cpu256-09 

--------------------------
date: SM_Grids
number_of_graphs: 10
graph_type: grid
size_of_graphs: [6, 8]
heuristic: bcc_heuristic
snake: False
run_uni: True
run_bi: True
run_multi: False
solution_vertices: []
algorithms: ['XMM']
lookahead: -2
bsd: False
cube_first_dims: 4
cube_buffer_dim: None
backward_sym_generation: False
sym_coil: False
prefix_set: None

---------- SM_Grids/6x8_grid_with_random_blocks_8per_0 ----------
[00:00:00:22:365] Expansion 10,000: state None, f=42, g=24
[00:00:00:43:738] Expansion 20,000: state None, f=42, g=29
[00:00:01:05:832] Expansion 30,000: state None, f=42, g=24
[00:00:01:27:521] Expansion 40,000: state None, f=41, g=36
[00:00:01:42:920] Expansion 50,000: state None, f=41, g=31
[00:00:02:00:014] Expansion 60,000: state None, f=41, g=29
[00:00:02:19:573] Expansion 70,000: state None, f=41, g=22
[00:00:02:41:051] Expansion 80,000: state None, f=41, g=19
[00:00:03:06:332] Expansion 90,000: state None, f=41, g=18
[00:00:03:26:687] Path of length 40 found: [0, 1, 9, 8, 16, 17, 25, 24, 32, 40, 41, 33, 34, 42, 43, 44, 36, 35, 27, 26, 18, 10, 11, 3, 4, 12, 20, 28, 29, 21, 13, 5, 6, 14, 15, 23, 31, 30, 38, 46, 47]
[00:00:03:26:687] ! Unidirectional s-t. expansions: 96,668, time: 206,687 [ms], path length: 40 [edges], generated: 165,912
[00:00:00:24:466] Expansion 10,000: state None, f=42, g=33
[00:00:00:45:744] Expansion 20,000: state None, f=41, g=33
[00:00:01:02:147] Expansion 30,000: state None, f=41, g=30
[00:00:01:20:097] Expansion 40,000: state None, f=41, g=26
[00:00:01:38:029] Expansion 50,000: state None, f=41, g=35
[00:00:01:56:494] Expansion 60,000: state None, f=41, g=28
[00:00:02:15:300] Expansion 70,000: state None, f=41, g=36
[00:00:02:34:642] Expansion 80,000: state None, f=41, g=35
[00:00:02:54:231] Expansion 90,000: state None, f=41, g=36
[00:00:03:14:275] Expansion 100,000: state None, f=41, g=26
[00:00:03:33:338] Expansion 110,000: state None, f=41, g=33
[00:00:03:53:210] Expansion 120,000: state None, f=41, g=38
[00:00:04:10:081] Path of length 40 found: [47, 46, 38, 39, 31, 23, 15, 7, 6, 14, 13, 5, 4, 3, 11, 12, 20, 21, 29, 37, 36, 44, 43, 42, 41, 40, 32, 24, 16, 17, 25, 33, 34, 35, 27, 19, 18, 10, 9, 1, 0]
[00:00:04:10:083] ! Unidirectional t-s. expansions: 126,537, time: 250,082 [ms], path length: 40 [edges], generated: 215,123
[00:00:01:34:200] Expansion 20,000: f=41, g=15
[00:00:02:41:530] Path of length 40 found: [0, 1, 9, 8, 16, 24, 32, 40, 41, 33, 25, 17, 18, 10, 11, 3, 4, 5, 6, 7, 15, 14, 13, 21, 20, 28, 27, 35, 34, 42, 43, 44, 36, 37, 29, 30, 31, 39, 38, 46, 47]
[00:00:02:42:013] ! Bidirectional. expansions: 32,948, time: 161,530 [ms], path length: 40 [edges], g_F: 21, g_B: 19, generated: 66,638, MM: 2, MMPER: 3.8780487804878048%
[00:00:02:42:013] 
---------- SM_Grids/6x8_grid_with_random_blocks_8per_1 ----------
[00:00:00:05:848] Path of length 42 found: [0, 8, 16, 17, 18, 10, 11, 3, 4, 12, 13, 14, 6, 7, 15, 23, 31, 30, 22, 21, 29, 28, 20, 19, 27, 26, 34, 33, 25, 24, 32, 40, 41, 42, 43, 35, 36, 44, 45, 37, 38, 46, 47]
[00:00:00:05:849] ! Unidirectional s-t. expansions: 2,452, time: 5,848 [ms], path length: 42 [edges], generated: 4,441
[00:00:00:20:458] Expansion 10,000: state None, f=43, g=29
[00:00:00:35:689] Path of length 42 found: [47, 46, 45, 44, 43, 42, 41, 40, 32, 33, 34, 35, 36, 37, 38, 39, 31, 30, 29, 28, 27, 19, 20, 21, 22, 23, 15, 7, 6, 14, 13, 12, 4, 3, 11, 10, 18, 26, 25, 17, 16, 8, 0]
[00:00:00:35:689] ! Unidirectional t-s. expansions: 16,907, time: 35,689 [ms], path length: 42 [edges], generated: 27,926
[00:00:00:21:720] Path of length 42 found: [0, 8, 16, 24, 32, 40, 41, 33, 25, 17, 18, 10, 11, 3, 4, 12, 20, 19, 27, 26, 34, 35, 43, 44, 45, 46, 38, 37, 36, 28, 29, 30, 22, 21, 13, 14, 6, 7, 15, 23, 31, 39, 47]
[00:00:00:22:162] ! Bidirectional. expansions: 4,911, time: 21,720 [ms], path length: 42 [edges], g_F: 20, g_B: 22, generated: 9,227, MM: 2, MMPER: 3.6511627906976747%
[00:00:00:22:163] 
---------- SM_Grids/6x8_grid_with_random_blocks_8per_2 ----------
[00:00:00:22:226] Expansion 10,000: state None, f=41, g=20
[00:00:00:42:414] Expansion 20,000: state None, f=41, g=30
[00:00:00:58:582] Path of length 40 found: [0, 8, 16, 24, 32, 40, 41, 42, 34, 33, 25, 17, 18, 10, 9, 1, 2, 3, 11, 12, 20, 19, 27, 35, 36, 44, 45, 37, 29, 21, 22, 14, 6, 7, 15, 23, 31, 30, 38, 46, 47]
[00:00:00:58:583] ! Unidirectional s-t. expansions: 27,106, time: 58,582 [ms], path length: 40 [edges], generated: 48,374
[00:00:00:20:423] Expansion 10,000: state None, f=41, g=27
[00:00:00:41:019] Expansion 20,000: state None, f=41, g=14
[00:00:00:43:817] Path of length 40 found: [47, 46, 45, 44, 36, 37, 38, 39, 31, 23, 15, 7, 6, 14, 22, 30, 29, 21, 20, 12, 11, 3, 2, 10, 18, 19, 27, 35, 34, 26, 25, 33, 41, 40, 32, 24, 16, 17, 9, 1, 0]
[00:00:00:43:818] ! Unidirectional t-s. expansions: 21,068, time: 43,817 [ms], path length: 40 [edges], generated: 37,240
[00:00:00:39:128] Path of length 40 found: [0, 8, 16, 24, 25, 33, 32, 40, 41, 42, 34, 35, 36, 44, 45, 46, 38, 37, 29, 28, 27, 19, 18, 10, 9, 1, 2, 3, 11, 12, 20, 21, 22, 14, 6, 7, 15, 23, 31, 39, 47]
[00:00:00:39:582] ! Bidirectional. expansions: 8,123, time: 39,128 [ms], path length: 40 [edges], g_F: 18, g_B: 22, generated: 15,891, MM: 4, MMPER: 8.75609756097561%
[00:00:00:39:582] 
---------- SM_Grids/6x8_grid_with_random_blocks_8per_3 ----------
[00:00:00:19:947] Expansion 10,000: state None, f=43, g=18
[00:00:00:40:863] Path of length 42 found: [0, 8, 9, 1, 2, 10, 11, 3, 4, 12, 20, 19, 27, 26, 18, 17, 25, 24, 32, 40, 41, 33, 34, 42, 43, 44, 45, 37, 36, 28, 29, 21, 13, 14, 6, 7, 15, 23, 31, 30, 38, 46, 47]
[00:00:00:40:864] ! Unidirectional s-t. expansions: 19,908, time: 40,864 [ms], path length: 42 [edges], generated: 33,025
[00:00:00:20:733] Expansion 10,000: state None, f=43, g=33
[00:00:00:42:643] Expansion 20,000: state None, f=43, g=22
[00:00:00:59:538] Path of length 42 found: [47, 46, 45, 44, 43, 42, 41, 40, 32, 24, 25, 33, 34, 35, 36, 37, 29, 30, 38, 39, 31, 23, 15, 7, 6, 14, 13, 21, 20, 28, 27, 26, 18, 19, 11, 12, 4, 3, 2, 10, 9, 1, 0]
[00:00:00:59:539] ! Unidirectional t-s. expansions: 28,132, time: 59,539 [ms], path length: 42 [edges], generated: 47,750
[00:00:00:44:520] Path of length 42 found: [0, 8, 9, 1, 2, 10, 11, 3, 4, 12, 20, 19, 27, 26, 18, 17, 25, 24, 32, 40, 41, 42, 34, 35, 43, 44, 36, 37, 45, 46, 38, 30, 29, 21, 13, 14, 6, 7, 15, 23, 31, 39, 47]
[00:00:00:44:964] ! Bidirectional. expansions: 9,507, time: 44,520 [ms], path length: 42 [edges], g_F: 20, g_B: 22, generated: 18,424, MM: 2, MMPER: 3.6511627906976747%
[00:00:00:44:965] 
---------- SM_Grids/6x8_grid_with_random_blocks_8per_4 ----------
[00:00:00:22:234] Expansion 10,000: state None, f=43, g=34
[00:00:00:40:247] Expansion 20,000: state None, f=43, g=27
[00:00:00:59:073] Expansion 30,000: state None, f=43, g=31
[00:00:01:18:327] Expansion 40,000: state None, f=43, g=27
[00:00:01:38:362] Expansion 50,000: state None, f=43, g=11
[00:00:01:58:405] Expansion 60,000: state None, f=43, g=36
[00:00:02:17:725] Expansion 70,000: state None, f=43, g=28
[00:00:02:27:007] Path of length 42 found: [0, 1, 9, 17, 16, 24, 32, 40, 41, 42, 43, 44, 45, 37, 36, 28, 20, 21, 13, 12, 11, 19, 27, 35, 34, 33, 25, 26, 18, 10, 2, 3, 4, 5, 6, 7, 15, 14, 22, 30, 38, 39, 47]
[00:00:02:27:008] ! Unidirectional s-t. expansions: 73,990, time: 147,008 [ms], path length: 42 [edges], generated: 118,419
[00:00:00:21:394] Expansion 10,000: state None, f=43, g=30
[00:00:00:42:035] Expansion 20,000: state None, f=43, g=23
[00:00:01:02:387] Expansion 30,000: state None, f=43, g=31
[00:00:01:23:809] Expansion 40,000: state None, f=43, g=31
[00:00:01:24:794] Path of length 42 found: [47, 39, 31, 30, 38, 37, 45, 44, 36, 35, 43, 42, 41, 40, 32, 24, 16, 17, 25, 33, 34, 26, 27, 19, 20, 28, 29, 21, 22, 14, 15, 7, 6, 5, 13, 12, 4, 3, 11, 10, 2, 1, 0]
[00:00:01:24:794] ! Unidirectional t-s. expansions: 40,294, time: 84,794 [ms], path length: 42 [edges], generated: 68,666
[00:00:01:23:924] Path of length 42 found: [0, 1, 9, 17, 16, 24, 32, 40, 41, 33, 25, 26, 18, 10, 2, 3, 11, 19, 20, 12, 4, 5, 6, 7, 15, 14, 22, 21, 29, 28, 36, 35, 34, 42, 43, 44, 45, 37, 38, 30, 31, 39, 47]
[00:00:01:24:378] ! Bidirectional. expansions: 17,567, time: 83,924 [ms], path length: 42 [edges], g_F: 20, g_B: 22, generated: 34,065, MM: 2, MMPER: 3.6511627906976747%
[00:00:01:24:379] 
---------- SM_Grids/6x8_grid_with_random_blocks_8per_5 ----------
[00:00:00:13:957] Path of length 42 found: [0, 1, 9, 8, 16, 17, 25, 26, 34, 33, 32, 40, 41, 42, 43, 44, 36, 37, 45, 46, 38, 30, 29, 21, 20, 28, 27, 19, 18, 10, 2, 3, 11, 12, 4, 5, 13, 14, 22, 23, 31, 39, 47]
[00:00:00:13:958] ! Unidirectional s-t. expansions: 5,930, time: 13,958 [ms], path length: 42 [edges], generated: 10,469
[00:00:00:17:139] Path of length 42 found: [47, 46, 45, 37, 38, 39, 31, 30, 29, 21, 22, 23, 15, 14, 13, 5, 4, 3, 2, 1, 9, 10, 11, 12, 20, 19, 27, 28, 36, 44, 43, 42, 41, 40, 32, 33, 34, 26, 18, 17, 16, 8, 0]
[00:00:00:17:140] ! Unidirectional t-s. expansions: 7,518, time: 17,139 [ms], path length: 42 [edges], generated: 12,106
[00:00:00:20:208] Path of length 42 found: [0, 8, 16, 17, 9, 1, 2, 10, 18, 19, 11, 3, 4, 5, 13, 12, 20, 28, 27, 26, 25, 33, 32, 40, 41, 42, 43, 44, 36, 37, 45, 46, 38, 30, 29, 21, 22, 14, 15, 23, 31, 39, 47]
[00:00:00:20:663] ! Bidirectional. expansions: 4,285, time: 20,208 [ms], path length: 42 [edges], g_F: 20, g_B: 22, generated: 8,087, MM: 2, MMPER: 3.6511627906976747%
[00:00:00:20:664] 
---------- SM_Grids/6x8_grid_with_random_blocks_8per_6 ----------
[00:00:00:20:453] Expansion 10,000: state None, f=43, g=36
[00:00:00:20:835] Path of length 42 found: [0, 8, 16, 17, 18, 10, 11, 12, 4, 5, 6, 7, 15, 23, 31, 30, 22, 14, 13, 21, 29, 28, 20, 19, 27, 26, 34, 33, 25, 24, 32, 40, 41, 42, 43, 35, 36, 44, 45, 37, 38, 46, 47]
[00:00:00:20:836] ! Unidirectional s-t. expansions: 10,116, time: 20,835 [ms], path length: 42 [edges], generated: 17,664
[00:00:00:20:243] Expansion 10,000: state None, f=43, g=18
[00:00:00:41:156] Expansion 20,000: state None, f=43, g=35
[00:00:01:02:659] Expansion 30,000: state None, f=43, g=24
[00:00:01:18:316] Path of length 42 found: [47, 46, 45, 44, 43, 42, 41, 40, 32, 33, 34, 35, 36, 37, 38, 39, 31, 30, 29, 28, 27, 19, 20, 21, 22, 23, 15, 7, 6, 14, 13, 5, 4, 12, 11, 10, 18, 26, 25, 17, 16, 8, 0]
[00:00:01:18:317] ! Unidirectional t-s. expansions: 37,797, time: 78,316 [ms], path length: 42 [edges], generated: 63,676
[00:00:00:40:130] Path of length 42 found: [0, 8, 16, 24, 32, 40, 41, 33, 25, 17, 18, 10, 11, 19, 27, 26, 34, 42, 43, 35, 36, 37, 45, 46, 38, 30, 22, 14, 13, 21, 29, 28, 20, 12, 4, 5, 6, 7, 15, 23, 31, 39, 47]
[00:00:00:40:490] ! Bidirectional. expansions: 8,554, time: 40,131 [ms], path length: 42 [edges], g_F: 20, g_B: 22, generated: 16,324, MM: 2, MMPER: 3.6511627906976747%
[00:00:00:40:490] 
---------- SM_Grids/6x8_grid_with_random_blocks_8per_7 ----------
[00:00:00:00:105] Path of length 44 found: [0, 8, 16, 24, 32, 40, 41, 33, 25, 17, 9, 1, 2, 10, 18, 26, 34, 42, 43, 35, 27, 19, 20, 12, 11, 3, 4, 5, 6, 14, 15, 23, 22, 21, 29, 37, 36, 44, 45, 46, 38, 30, 31, 39, 47]
[00:00:00:00:105] ! Unidirectional s-t. expansions: 47, time: 105 [ms], path length: 44 [edges], generated: 77
[00:00:00:00:123] Path of length 44 found: [47, 39, 31, 23, 15, 14, 6, 5, 4, 3, 2, 1, 9, 17, 25, 33, 34, 26, 18, 10, 11, 12, 20, 19, 27, 35, 36, 37, 29, 21, 22, 30, 38, 46, 45, 44, 43, 42, 41, 40, 32, 24, 16, 8, 0]
[00:00:00:00:123] ! Unidirectional t-s. expansions: 44, time: 123 [ms], path length: 44 [edges], generated: 72
[00:00:00:18:881] Path of length 44 found: [0, 8, 16, 24, 32, 40, 41, 33, 25, 17, 9, 1, 2, 10, 18, 26, 34, 42, 43, 35, 27, 19, 20, 12, 11, 3, 4, 5, 6, 14, 15, 23, 22, 21, 29, 37, 36, 44, 45, 46, 38, 30, 31, 39, 47]
[00:00:00:19:323] ! Bidirectional. expansions: 4,027, time: 18,881 [ms], path length: 44 [edges], g_F: 22, g_B: 22, generated: 7,597, MM: 0, MMPER: -1.0%
[00:00:00:19:324] 
---------- SM_Grids/6x8_grid_with_random_blocks_8per_8 ----------
[00:00:00:24:624] Expansion 10,000: state None, f=43, g=30
[00:00:00:30:949] Path of length 42 found: [0, 8, 16, 24, 25, 33, 32, 40, 41, 42, 43, 44, 36, 35, 27, 26, 18, 17, 9, 1, 2, 10, 11, 3, 4, 5, 6, 7, 15, 14, 22, 21, 13, 12, 20, 28, 29, 37, 38, 30, 31, 39, 47]
[00:00:00:30:950] ! Unidirectional s-t. expansions: 12,647, time: 30,949 [ms], path length: 42 [edges], generated: 21,861
[00:00:00:16:236] Path of length 42 found: [47, 46, 38, 39, 31, 30, 29, 37, 36, 44, 43, 35, 27, 28, 20, 21, 22, 14, 15, 7, 6, 5, 13, 12, 4, 3, 2, 10, 11, 19, 18, 26, 25, 33, 41, 40, 32, 24, 16, 17, 9, 1, 0]
[00:00:00:16:237] ! Unidirectional t-s. expansions: 7,367, time: 16,236 [ms], path length: 42 [edges], generated: 12,688
[00:00:00:32:278] Path of length 42 found: [0, 8, 9, 1, 2, 10, 11, 3, 4, 12, 20, 19, 27, 26, 18, 17, 16, 24, 25, 33, 32, 40, 41, 42, 43, 44, 36, 37, 29, 21, 13, 5, 6, 7, 15, 14, 22, 30, 31, 39, 38, 46, 47]
[00:00:00:32:724] ! Bidirectional. expansions: 6,998, time: 32,278 [ms], path length: 42 [edges], g_F: 22, g_B: 20, generated: 13,141, MM: 2, MMPER: 3.6511627906976747%
[00:00:00:32:724] 
---------- SM_Grids/6x8_grid_with_random_blocks_8per_9 ----------
[00:00:00:00:709] Path of length 44 found: [0, 1, 9, 10, 2, 3, 11, 12, 20, 28, 27, 19, 18, 26, 25, 17, 16, 24, 32, 33, 41, 42, 34, 35, 43, 44, 36, 37, 45, 46, 38, 30, 29, 21, 13, 5, 6, 7, 15, 14, 22, 23, 31, 39, 47]
[00:00:00:00:709] ! Unidirectional s-t. expansions: 223, time: 709 [ms], path length: 44 [edges], generated: 410
[00:00:00:00:244] Path of length 44 found: [47, 39, 31, 23, 15, 7, 6, 5, 13, 14, 22, 21, 29, 30, 38, 46, 45, 37, 36, 44, 43, 35, 34, 42, 41, 33, 32, 24, 16, 17, 25, 26, 18, 19, 27, 28, 20, 12, 11, 3, 2, 10, 9, 1, 0]
[00:00:00:00:244] ! Unidirectional t-s. expansions: 95, time: 244 [ms], path length: 44 [edges], generated: 169
[00:00:00:10:334] Path of length 44 found: [0, 1, 9, 10, 2, 3, 11, 12, 20, 28, 27, 19, 18, 26, 25, 17, 16, 24, 32, 33, 41, 42, 34, 35, 43, 44, 36, 37, 45, 46, 38, 30, 29, 21, 22, 14, 13, 5, 6, 7, 15, 23, 31, 39, 47]
[00:00:00:10:768] ! Bidirectional. expansions: 2,370, time: 10,334 [ms], path length: 44 [edges], g_F: 22, g_B: 22, generated: 4,305, MM: 0, MMPER: -1.0%

[00:00:00:10:769] average expansions: (24,909, 28,576, 9,929, 0)
[00:00:00:10:769] average time: (52,554, 58,598, 47,265, 0)
[00:00:00:10:769] XA*: 24,909 , 52,554 (expansions , time[ms])
[00:00:00:10:769] XMM: 9,929 , 47,265 (expansions , time[ms])

