------------------------------------
Thu 01 Oct 2026 16:14:40 IDT
SLURM_JOBID:		21953380
SLURM_JOB_NODELIST:	ise-cpu256-02
SLURM_SCRATCH_DIR:	/scratch/shubit/21953380
Allocated Resouces:	cpu - 2 / mem - 61440 MB / gpu - 
SLURM_GPU_INDEX:	
Running as shubit from shimony account with normal QOS
------------------------------------
Thu 01 Oct 2026 16:14:40 IDT

SLURM_JOBID:		 21953380
SLURM_JOB_NODELIST:	 ise-cpu256-02 

--------------------------
date: SM_Grids
number_of_graphs: 10
graph_type: grid
size_of_graphs: [6, 8]
heuristic: bcc_heuristic
snake: False
run_uni: True
run_bi: True
run_multi: False
solution_vertices: []
algorithms: ['XMM']
lookahead: 1
bsd: False
cube_first_dims: 4
cube_buffer_dim: None
backward_sym_generation: False
sym_coil: False
prefix_set: None

---------- SM_Grids/6x8_grid_with_random_blocks_20per_0 ----------
[00:00:00:00:137] Path of length 30 found: [0, 1, 2, 3, 11, 10, 18, 17, 16, 24, 32, 40, 41, 42, 34, 35, 27, 19, 20, 21, 13, 5, 6, 7, 15, 14, 22, 30, 31, 39, 47]
[00:00:00:00:137] ! Unidirectional s-t. expansions: 93, time: 137 [ms], path length: 30 [edges], generated: 139
[00:00:00:00:177] Path of length 30 found: [47, 39, 31, 30, 22, 23, 15, 7, 6, 5, 13, 21, 20, 19, 27, 35, 34, 42, 41, 40, 32, 24, 25, 17, 18, 10, 11, 3, 2, 1, 0]
[00:00:00:00:177] ! Unidirectional t-s. expansions: 129, time: 177 [ms], path length: 30 [edges], generated: 190
[00:00:00:00:257] Path of length 30 found: [0, 1, 2, 3, 11, 10, 18, 17, 16, 24, 32, 40, 41, 42, 34, 35, 27, 19, 20, 21, 13, 5, 6, 7, 15, 23, 22, 30, 31, 39, 47]
[00:00:00:00:645] ! Bidirectional. expansions: 136, time: 257 [ms], path length: 30 [edges], g_F: 16, g_B: 14, generated: 210, MM: 2, MMPER: 5.451612903225806%
[00:00:00:00:646] 
---------- SM_Grids/6x8_grid_with_random_blocks_20per_1 ----------
[00:00:00:00:298] Path of length 34 found: [0, 1, 2, 3, 11, 19, 27, 26, 34, 33, 25, 24, 32, 40, 41, 42, 43, 44, 45, 37, 36, 28, 20, 21, 13, 5, 6, 14, 15, 23, 31, 30, 38, 39, 47]
[00:00:00:00:298] ! Unidirectional s-t. expansions: 186, time: 298 [ms], path length: 34 [edges], generated: 283
[00:00:00:00:578] Path of length 34 found: [47, 39, 38, 30, 31, 23, 15, 7, 6, 5, 13, 21, 20, 28, 36, 37, 45, 44, 43, 35, 34, 42, 41, 40, 32, 24, 25, 26, 27, 19, 11, 3, 2, 1, 0]
[00:00:00:00:579] ! Unidirectional t-s. expansions: 350, time: 579 [ms], path length: 34 [edges], generated: 637
[00:00:00:00:572] Path of length 34 found: [0, 1, 2, 3, 11, 19, 27, 26, 25, 24, 32, 40, 41, 33, 34, 42, 43, 44, 45, 37, 36, 28, 20, 21, 13, 5, 6, 7, 15, 23, 31, 30, 38, 39, 47]
[00:00:00:00:925] ! Bidirectional. expansions: 208, time: 572 [ms], path length: 34 [edges], g_F: 15, g_B: 19, generated: 357, MM: 4, MMPER: 10.428571428571429%
[00:00:00:00:925] 
---------- SM_Grids/6x8_grid_with_random_blocks_20per_2 ----------
[00:00:00:00:196] Path of length 32 found: [0, 1, 2, 3, 11, 10, 9, 8, 16, 17, 25, 24, 32, 33, 34, 35, 43, 44, 36, 28, 29, 21, 13, 14, 6, 7, 15, 23, 31, 30, 38, 46, 47]
[00:00:00:00:196] ! Unidirectional s-t. expansions: 126, time: 196 [ms], path length: 32 [edges], generated: 204
[00:00:00:00:254] Path of length 32 found: [47, 46, 38, 39, 31, 23, 15, 7, 6, 14, 13, 21, 29, 28, 36, 44, 43, 35, 34, 26, 25, 33, 32, 24, 16, 17, 9, 10, 11, 3, 2, 1, 0]
[00:00:00:00:255] ! Unidirectional t-s. expansions: 149, time: 255 [ms], path length: 32 [edges], generated: 237
[00:00:00:00:328] Path of length 32 found: [0, 1, 2, 3, 11, 10, 9, 8, 16, 17, 25, 24, 32, 33, 34, 35, 43, 44, 36, 28, 29, 21, 13, 14, 6, 7, 15, 23, 31, 39, 38, 46, 47]
[00:00:00:00:678] ! Bidirectional. expansions: 118, time: 328 [ms], path length: 32 [edges], g_F: 17, g_B: 15, generated: 187, MM: 2, MMPER: 5.0606060606060606%
[00:00:00:00:678] 
---------- SM_Grids/6x8_grid_with_random_blocks_20per_3 ----------
[00:00:00:00:118] Path of length 34 found: [0, 8, 16, 24, 32, 40, 41, 33, 34, 42, 43, 44, 36, 35, 27, 26, 18, 10, 11, 12, 13, 14, 6, 7, 15, 23, 22, 21, 29, 37, 45, 46, 38, 39, 47]
[00:00:00:00:119] ! Unidirectional s-t. expansions: 66, time: 119 [ms], path length: 34 [edges], generated: 106
[00:00:00:00:277] Path of length 34 found: [47, 46, 45, 44, 36, 37, 38, 39, 31, 23, 15, 7, 6, 14, 22, 21, 13, 12, 11, 10, 18, 26, 27, 35, 43, 42, 34, 33, 41, 40, 32, 24, 16, 8, 0]
[00:00:00:00:277] ! Unidirectional t-s. expansions: 139, time: 277 [ms], path length: 34 [edges], generated: 219
[00:00:00:00:416] Path of length 34 found: [0, 8, 16, 24, 32, 40, 41, 33, 34, 42, 43, 35, 27, 26, 18, 10, 11, 12, 13, 21, 22, 14, 6, 7, 15, 23, 31, 39, 38, 37, 36, 44, 45, 46, 47]
[00:00:00:00:766] ! Bidirectional. expansions: 158, time: 416 [ms], path length: 34 [edges], g_F: 16, g_B: 18, generated: 253, MM: 2, MMPER: 4.714285714285714%
[00:00:00:00:767] 
---------- SM_Grids/6x8_grid_with_random_blocks_20per_4 ----------
[00:00:00:00:369] Path of length 32 found: [0, 8, 16, 24, 32, 40, 41, 42, 34, 26, 25, 17, 9, 1, 2, 10, 11, 19, 20, 12, 4, 5, 6, 14, 22, 23, 31, 39, 38, 37, 45, 46, 47]
[00:00:00:00:369] ! Unidirectional s-t. expansions: 211, time: 369 [ms], path length: 32 [edges], generated: 356
[00:00:00:00:215] Path of length 32 found: [47, 46, 45, 37, 38, 39, 31, 23, 15, 14, 6, 5, 4, 12, 20, 19, 11, 3, 2, 10, 9, 17, 25, 26, 34, 42, 41, 33, 32, 24, 16, 8, 0]
[00:00:00:00:216] ! Unidirectional t-s. expansions: 133, time: 215 [ms], path length: 32 [edges], generated: 238
[00:00:00:00:449] Path of length 32 found: [0, 8, 16, 24, 32, 40, 41, 42, 34, 26, 25, 17, 9, 1, 2, 10, 11, 19, 20, 12, 4, 5, 6, 14, 15, 23, 31, 39, 38, 37, 45, 46, 47]
[00:00:00:00:797] ! Bidirectional. expansions: 143, time: 449 [ms], path length: 32 [edges], g_F: 17, g_B: 15, generated: 257, MM: 2, MMPER: 5.0606060606060606%
[00:00:00:00:798] 
---------- SM_Grids/6x8_grid_with_random_blocks_20per_5 ----------
[00:00:00:00:496] Path of length 28 found: [0, 1, 2, 3, 4, 12, 20, 19, 11, 10, 9, 8, 16, 17, 18, 26, 25, 24, 32, 40, 41, 42, 43, 44, 45, 37, 38, 46, 47]
[00:00:00:00:496] ! Unidirectional s-t. expansions: 229, time: 496 [ms], path length: 28 [edges], generated: 431
[00:00:00:00:111] Path of length 28 found: [47, 46, 38, 37, 45, 44, 43, 42, 41, 40, 32, 24, 25, 17, 16, 8, 9, 10, 18, 26, 27, 19, 20, 12, 4, 3, 2, 1, 0]
[00:00:00:00:111] ! Unidirectional t-s. expansions: 59, time: 111 [ms], path length: 28 [edges], generated: 109
[00:00:00:00:655] Path of length 28 found: [0, 8, 9, 1, 2, 10, 11, 3, 4, 12, 20, 19, 18, 26, 25, 17, 16, 24, 32, 40, 41, 42, 43, 44, 45, 37, 38, 46, 47]
[00:00:00:01:006] ! Bidirectional. expansions: 218, time: 655 [ms], path length: 28 [edges], g_F: 14, g_B: 14, generated: 412, MM: 0, MMPER: -1.0%
[00:00:00:01:006] 
---------- SM_Grids/6x8_grid_with_random_blocks_20per_6 ----------
[00:00:00:00:166] Path of length 28 found: [0, 8, 16, 17, 25, 24, 32, 40, 41, 33, 34, 35, 27, 19, 18, 10, 2, 3, 11, 12, 20, 28, 36, 44, 45, 37, 38, 39, 47]
[00:00:00:00:166] ! Unidirectional s-t. expansions: 79, time: 166 [ms], path length: 28 [edges], generated: 142
[00:00:00:00:185] Path of length 28 found: [47, 39, 38, 37, 29, 28, 36, 44, 43, 35, 27, 19, 20, 12, 11, 3, 2, 10, 18, 17, 25, 33, 41, 40, 32, 24, 16, 8, 0]
[00:00:00:00:185] ! Unidirectional t-s. expansions: 95, time: 185 [ms], path length: 28 [edges], generated: 158
[00:00:00:00:356] Path of length 28 found: [0, 8, 16, 24, 32, 40, 41, 33, 25, 17, 18, 10, 2, 3, 11, 12, 20, 19, 27, 35, 43, 44, 36, 28, 29, 37, 38, 39, 47]
[00:00:00:00:709] ! Bidirectional. expansions: 127, time: 356 [ms], path length: 28 [edges], g_F: 13, g_B: 15, generated: 224, MM: 2, MMPER: 5.896551724137931%
[00:00:00:00:709] 
---------- SM_Grids/6x8_grid_with_random_blocks_20per_7 ----------
[00:00:00:00:104] Path of length 32 found: [0, 8, 16, 17, 25, 33, 41, 42, 34, 26, 18, 10, 9, 1, 2, 3, 4, 5, 6, 14, 13, 12, 20, 28, 36, 37, 45, 46, 38, 30, 31, 39, 47]
[00:00:00:00:104] ! Unidirectional s-t. expansions: 54, time: 104 [ms], path length: 32 [edges], generated: 90
[00:00:00:00:056] Path of length 32 found: [47, 39, 31, 30, 38, 46, 45, 37, 36, 28, 20, 21, 13, 14, 6, 5, 4, 3, 2, 1, 9, 10, 18, 26, 34, 42, 41, 33, 25, 17, 16, 8, 0]
[00:00:00:00:056] ! Unidirectional t-s. expansions: 32, time: 56 [ms], path length: 32 [edges], generated: 52
[00:00:00:00:200] Path of length 32 found: [0, 1, 9, 8, 16, 17, 25, 33, 41, 42, 34, 26, 18, 10, 2, 3, 4, 5, 6, 14, 13, 21, 20, 28, 36, 37, 45, 46, 38, 30, 31, 39, 47]
[00:00:00:00:556] ! Bidirectional. expansions: 49, time: 201 [ms], path length: 32 [edges], g_F: 16, g_B: 16, generated: 80, MM: 0, MMPER: -1.0%
[00:00:00:00:557] 
---------- SM_Grids/6x8_grid_with_random_blocks_20per_8 ----------
[00:00:00:00:062] Path of length 34 found: [0, 1, 9, 8, 16, 17, 25, 33, 34, 26, 27, 19, 11, 12, 20, 28, 36, 35, 43, 44, 45, 37, 29, 21, 13, 5, 6, 14, 22, 23, 31, 30, 38, 39, 47]
[00:00:00:00:062] ! Unidirectional s-t. expansions: 34, time: 62 [ms], path length: 34 [edges], generated: 56
[00:00:00:00:287] Path of length 34 found: [47, 39, 38, 30, 31, 23, 22, 14, 6, 5, 13, 21, 29, 28, 36, 37, 45, 44, 43, 35, 34, 33, 25, 26, 27, 19, 20, 12, 11, 10, 9, 17, 16, 8, 0]
[00:00:00:00:287] ! Unidirectional t-s. expansions: 153, time: 287 [ms], path length: 34 [edges], generated: 259
[00:00:00:00:860] Path of length 34 found: [0, 1, 9, 8, 16, 17, 25, 33, 34, 26, 27, 19, 11, 12, 20, 28, 36, 35, 43, 44, 45, 37, 38, 30, 29, 21, 13, 5, 6, 14, 22, 23, 31, 39, 47]
[00:00:00:01:213] ! Bidirectional. expansions: 257, time: 860 [ms], path length: 34 [edges], g_F: 16, g_B: 18, generated: 484, MM: 2, MMPER: 4.714285714285714%
[00:00:00:01:214] 
---------- SM_Grids/6x8_grid_with_random_blocks_20per_9 ----------
[00:00:00:00:091] Path of length 28 found: [0, 1, 2, 3, 11, 10, 9, 17, 16, 24, 32, 40, 41, 33, 34, 42, 43, 35, 27, 19, 20, 28, 36, 37, 45, 46, 38, 39, 47]
[00:00:00:00:091] ! Unidirectional s-t. expansions: 50, time: 91 [ms], path length: 28 [edges], generated: 81
[00:00:00:00:102] Path of length 28 found: [47, 39, 38, 46, 45, 37, 29, 28, 20, 19, 27, 26, 34, 35, 43, 42, 41, 33, 32, 24, 16, 17, 9, 10, 11, 3, 2, 1, 0]
[00:00:00:00:102] ! Unidirectional t-s. expansions: 55, time: 102 [ms], path length: 28 [edges], generated: 92
[00:00:00:00:167] Path of length 28 found: [0, 1, 2, 3, 11, 10, 9, 17, 16, 24, 32, 40, 41, 42, 43, 35, 34, 26, 27, 19, 20, 28, 29, 37, 45, 46, 38, 39, 47]
[00:00:00:00:521] ! Bidirectional. expansions: 61, time: 168 [ms], path length: 28 [edges], g_F: 13, g_B: 15, generated: 106, MM: 2, MMPER: 5.896551724137931%

[00:00:00:00:521] average expansions: (113, 129, 148, 0)
[00:00:00:00:522] average time: (204, 224, 426, 0)
[00:00:00:00:522] XA*: 113 , 204 (expansions , time[ms])
[00:00:00:00:522] XMM: 148 , 426 (expansions , time[ms])

