------------------------------------
Thu 01 Oct 2026 12:13:50 IDT
SLURM_JOBID:		21944064
SLURM_JOB_NODELIST:	ise-cpu256-08
SLURM_SCRATCH_DIR:	/scratch/shubit/21944064
Allocated Resouces:	cpu - 2 / mem - 61440 MB / gpu - 
SLURM_GPU_INDEX:	
Running as shubit from shimony account with normal QOS
------------------------------------
Thu 01 Oct 2026 12:13:50 IDT

SLURM_JOBID:		 21944064
SLURM_JOB_NODELIST:	 ise-cpu256-08 

--------------------------
date: SM_Grids
number_of_graphs: 10
graph_type: grid
size_of_graphs: [6, 8]
heuristic: bcc_heuristic
snake: False
run_uni: True
run_bi: True
run_multi: False
solution_vertices: []
algorithms: ['IDA']
lookahead: -2
bsd: False
cube_first_dims: 4
cube_buffer_dim: None
backward_sym_generation: False
sym_coil: False
prefix_set: None

---------- SM_Grids/6x8_grid_with_random_blocks_12per_0 ----------
[00:00:00:02:630] Path of length 40 found: [0, 8, 16, 24, 32, 40, 41, 42, 34, 26, 18, 17, 9, 1, 2, 10, 11, 3, 4, 5, 13, 21, 22, 14, 15, 23, 31, 30, 29, 28, 20, 19, 27, 35, 43, 44, 36, 37, 38, 46, 47]
[00:00:00:02:630] ! Unidirectional s-t. expansions: 2,512, time: 2,630 [ms], path length: 40 [edges], generated: 3,963
[00:00:00:00:792] Path of length 40 found: [47, 46, 38, 39, 31, 23, 15, 14, 13, 5, 4, 3, 2, 10, 11, 19, 18, 26, 34, 35, 27, 28, 20, 21, 22, 30, 29, 37, 36, 44, 43, 42, 41, 40, 32, 24, 16, 17, 9, 1, 0]
[00:00:00:00:792] ! Unidirectional t-s. expansions: 613, time: 792 [ms], path length: 40 [edges], generated: 1,013
[00:00:00:01:709] Path of length 40 found: [0, 8, 16, 24, 32, 40, 41, 42, 34, 26, 27, 35, 43, 44, 36, 37, 29, 28, 20, 19, 11, 10, 18, 17, 9, 1, 2, 3, 4, 5, 13, 21, 22, 14, 15, 23, 31, 30, 38, 46, 47]
[00:00:00:02:114] ! Bidirectional. expansions: 1,265, time: 1,709 [ms], path length: 40 [edges], g_F: 38, g_B: 2, generated: 0, MM: 36, MMPER: 86.8048780487805%
[00:00:00:02:114] 
---------- SM_Grids/6x8_grid_with_random_blocks_12per_1 ----------
[00:00:00:01:259] Path of length 40 found: [0, 8, 16, 24, 25, 33, 32, 40, 41, 42, 34, 35, 27, 19, 18, 10, 9, 1, 2, 3, 11, 12, 4, 5, 6, 14, 13, 21, 20, 28, 36, 44, 45, 37, 29, 30, 31, 39, 38, 46, 47]
[00:00:00:01:259] ! Unidirectional s-t. expansions: 786, time: 1,259 [ms], path length: 40 [edges], generated: 1,419
[00:00:00:02:274] Path of length 40 found: [47, 39, 31, 30, 22, 14, 6, 5, 4, 3, 2, 1, 9, 10, 18, 19, 11, 12, 13, 21, 20, 28, 29, 37, 38, 46, 45, 44, 36, 35, 34, 42, 41, 40, 32, 33, 25, 24, 16, 8, 0]
[00:00:00:02:275] ! Unidirectional t-s. expansions: 1,408, time: 2,274 [ms], path length: 40 [edges], generated: 2,587
[00:00:00:01:945] Path of length 40 found: [0, 8, 16, 24, 25, 33, 32, 40, 41, 42, 34, 35, 27, 19, 18, 10, 9, 1, 2, 3, 11, 12, 4, 5, 6, 14, 13, 21, 20, 28, 36, 44, 45, 46, 38, 37, 29, 30, 31, 39, 47]
[00:00:00:02:320] ! Bidirectional. expansions: 1,223, time: 1,945 [ms], path length: 40 [edges], g_F: 37, g_B: 3, generated: 0, MM: 34, MMPER: 81.92682926829268%
[00:00:00:02:320] 
---------- SM_Grids/6x8_grid_with_random_blocks_12per_2 ----------
[00:00:00:01:692] Path of length 40 found: [0, 8, 16, 17, 9, 1, 2, 3, 11, 10, 18, 26, 25, 24, 32, 33, 41, 42, 34, 35, 43, 44, 45, 37, 29, 28, 20, 12, 13, 5, 6, 7, 15, 14, 22, 23, 31, 30, 38, 46, 47]
[00:00:00:01:692] ! Unidirectional s-t. expansions: 1,275, time: 1,692 [ms], path length: 40 [edges], generated: 2,243
[00:00:00:01:059] Path of length 40 found: [47, 39, 31, 23, 15, 7, 6, 5, 13, 14, 22, 21, 20, 28, 29, 30, 38, 37, 45, 44, 43, 35, 34, 42, 41, 33, 32, 24, 16, 8, 9, 17, 25, 26, 18, 10, 11, 3, 2, 1, 0]
[00:00:00:01:059] ! Unidirectional t-s. expansions: 484, time: 1,059 [ms], path length: 40 [edges], generated: 893
[00:00:00:06:025] Path of length 40 found: [0, 8, 16, 24, 32, 33, 41, 42, 43, 35, 34, 26, 25, 17, 18, 10, 9, 1, 2, 3, 11, 12, 20, 28, 29, 37, 45, 46, 38, 30, 22, 14, 13, 5, 6, 7, 15, 23, 31, 39, 47]
[00:00:00:06:384] ! Bidirectional. expansions: 3,553, time: 6,025 [ms], path length: 40 [edges], g_F: 32, g_B: 8, generated: 0, MM: 24, MMPER: 57.53658536585366%
[00:00:00:06:385] 
---------- SM_Grids/6x8_grid_with_random_blocks_12per_3 ----------
[00:00:00:00:298] Path of length 40 found: [0, 1, 9, 8, 16, 24, 32, 33, 25, 26, 34, 35, 43, 44, 45, 37, 36, 28, 27, 19, 18, 10, 11, 3, 4, 12, 20, 21, 13, 5, 6, 7, 15, 14, 22, 23, 31, 30, 38, 46, 47]
[00:00:00:00:299] ! Unidirectional s-t. expansions: 259, time: 299 [ms], path length: 40 [edges], generated: 424
[00:00:00:00:756] Path of length 40 found: [47, 39, 31, 23, 15, 7, 6, 5, 4, 3, 11, 10, 18, 19, 27, 28, 20, 12, 13, 21, 22, 30, 38, 46, 45, 37, 36, 44, 43, 35, 34, 26, 25, 33, 32, 24, 16, 8, 9, 1, 0]
[00:00:00:00:756] ! Unidirectional t-s. expansions: 384, time: 756 [ms], path length: 40 [edges], generated: 693
[00:00:00:00:342] Path of length 40 found: [0, 1, 9, 8, 16, 24, 32, 33, 25, 26, 34, 35, 43, 44, 36, 37, 45, 46, 38, 30, 22, 21, 20, 28, 27, 19, 18, 10, 11, 3, 4, 12, 13, 14, 6, 7, 15, 23, 31, 39, 47]
[00:00:00:00:699] ! Bidirectional. expansions: 244, time: 342 [ms], path length: 40 [edges], g_F: 32, g_B: 8, generated: 0, MM: 24, MMPER: 57.53658536585366%
[00:00:00:00:700] 
---------- SM_Grids/6x8_grid_with_random_blocks_12per_4 ----------
[00:00:00:00:095] Path of length 40 found: [0, 8, 16, 24, 32, 40, 41, 33, 25, 17, 9, 1, 2, 3, 4, 5, 6, 14, 13, 12, 11, 10, 18, 19, 27, 26, 34, 42, 43, 35, 36, 44, 45, 37, 29, 30, 31, 39, 38, 46, 47]
[00:00:00:00:095] ! Unidirectional s-t. expansions: 39, time: 95 [ms], path length: 40 [edges], generated: 65
[00:00:00:00:061] Path of length 40 found: [47, 39, 31, 30, 29, 37, 38, 46, 45, 44, 36, 35, 43, 42, 34, 26, 27, 19, 11, 12, 13, 14, 6, 5, 4, 3, 2, 1, 9, 10, 18, 17, 25, 33, 41, 40, 32, 24, 16, 8, 0]
[00:00:00:00:062] ! Unidirectional t-s. expansions: 39, time: 61 [ms], path length: 40 [edges], generated: 65
[00:00:00:00:067] Path of length 40 found: [0, 8, 16, 24, 32, 40, 41, 33, 25, 17, 9, 1, 2, 3, 4, 5, 6, 14, 13, 12, 11, 10, 18, 19, 27, 26, 34, 42, 43, 35, 36, 44, 45, 37, 29, 30, 31, 39, 38, 46, 47]
[00:00:00:00:438] ! Bidirectional. expansions: 39, time: 67 [ms], path length: 40 [edges], g_F: 40, g_B: 0, generated: 0, MM: 40, MMPER: 96.5609756097561%
[00:00:00:00:439] 
---------- SM_Grids/6x8_grid_with_random_blocks_12per_5 ----------
[00:00:00:00:074] Path of length 42 found: [0, 8, 16, 24, 32, 40, 41, 33, 34, 42, 43, 44, 36, 28, 20, 19, 27, 26, 18, 17, 9, 1, 2, 10, 11, 3, 4, 12, 13, 5, 6, 7, 15, 14, 22, 23, 31, 39, 38, 37, 45, 46, 47]
[00:00:00:00:074] ! Unidirectional s-t. expansions: 49, time: 74 [ms], path length: 42 [edges], generated: 78
[00:00:00:00:090] Path of length 42 found: [47, 39, 31, 23, 22, 14, 15, 7, 6, 5, 13, 12, 4, 3, 11, 10, 2, 1, 9, 17, 18, 26, 27, 19, 20, 28, 36, 37, 38, 46, 45, 44, 43, 42, 34, 33, 41, 40, 32, 24, 16, 8, 0]
[00:00:00:00:090] ! Unidirectional t-s. expansions: 61, time: 90 [ms], path length: 42 [edges], generated: 101
[00:00:00:00:087] Path of length 42 found: [0, 8, 16, 24, 32, 40, 41, 33, 34, 42, 43, 44, 36, 28, 20, 19, 27, 26, 18, 17, 9, 1, 2, 10, 11, 3, 4, 12, 13, 5, 6, 7, 15, 14, 22, 23, 31, 39, 38, 37, 45, 46, 47]
[00:00:00:00:455] ! Bidirectional. expansions: 58, time: 88 [ms], path length: 42 [edges], g_F: 33, g_B: 9, generated: 0, MM: 24, MMPER: 54.81395348837209%
[00:00:00:00:456] 
---------- SM_Grids/6x8_grid_with_random_blocks_12per_6 ----------
[00:00:00:04:099] Path of length 40 found: [0, 8, 16, 24, 32, 40, 41, 33, 25, 17, 9, 1, 2, 10, 18, 26, 34, 35, 43, 44, 36, 37, 29, 21, 20, 28, 27, 19, 11, 3, 4, 12, 13, 14, 6, 7, 15, 23, 31, 39, 47]
[00:00:00:04:099] ! Unidirectional s-t. expansions: 3,016, time: 4,099 [ms], path length: 40 [edges], generated: 4,857
[00:00:00:00:234] Path of length 40 found: [47, 39, 31, 23, 15, 7, 6, 14, 22, 21, 13, 12, 4, 3, 2, 1, 9, 17, 25, 26, 18, 10, 11, 19, 20, 28, 29, 37, 36, 44, 43, 35, 34, 33, 41, 40, 32, 24, 16, 8, 0]
[00:00:00:00:235] ! Unidirectional t-s. expansions: 165, time: 235 [ms], path length: 40 [edges], generated: 287
[00:00:00:01:193] Path of length 40 found: [0, 8, 16, 24, 32, 40, 41, 33, 25, 17, 9, 1, 2, 10, 18, 26, 34, 35, 43, 44, 36, 37, 29, 28, 27, 19, 11, 3, 4, 12, 20, 21, 22, 14, 6, 7, 15, 23, 31, 39, 47]
[00:00:00:01:549] ! Bidirectional. expansions: 934, time: 1,193 [ms], path length: 40 [edges], g_F: 31, g_B: 9, generated: 0, MM: 22, MMPER: 52.65853658536585%
[00:00:00:01:549] 
---------- SM_Grids/6x8_grid_with_random_blocks_12per_7 ----------
[00:00:00:00:474] Path of length 38 found: [0, 1, 2, 10, 9, 17, 16, 24, 32, 40, 41, 33, 25, 26, 18, 19, 11, 12, 4, 5, 13, 21, 20, 28, 27, 35, 34, 42, 43, 44, 36, 37, 29, 30, 31, 39, 38, 46, 47]
[00:00:00:00:474] ! Unidirectional s-t. expansions: 297, time: 474 [ms], path length: 38 [edges], generated: 536
[00:00:00:09:327] Path of length 38 found: [47, 39, 31, 30, 29, 21, 13, 5, 4, 12, 11, 10, 18, 26, 25, 33, 34, 35, 27, 19, 20, 28, 36, 37, 38, 46, 45, 44, 43, 42, 41, 40, 32, 24, 16, 17, 9, 1, 0]
[00:00:00:09:327] ! Unidirectional t-s. expansions: 8,253, time: 9,327 [ms], path length: 38 [edges], generated: 13,384
[00:00:00:01:574] Path of length 38 found: [0, 1, 2, 10, 9, 17, 16, 24, 32, 40, 41, 33, 25, 26, 18, 19, 11, 12, 4, 5, 13, 21, 20, 28, 27, 35, 34, 42, 43, 44, 45, 46, 38, 37, 29, 30, 31, 39, 47]
[00:00:00:01:942] ! Bidirectional. expansions: 1,018, time: 1,574 [ms], path length: 38 [edges], g_F: 34, g_B: 4, generated: 0, MM: 30, MMPER: 75.92307692307692%
[00:00:00:01:942] 
---------- SM_Grids/6x8_grid_with_random_blocks_12per_8 ----------
[00:00:00:07:359] Path of length 40 found: [0, 8, 16, 24, 32, 40, 41, 42, 34, 26, 18, 17, 9, 1, 2, 10, 11, 3, 4, 12, 20, 19, 27, 35, 43, 44, 45, 37, 36, 28, 29, 21, 13, 14, 6, 7, 15, 23, 31, 39, 47]
[00:00:00:07:359] ! Unidirectional s-t. expansions: 4,985, time: 7,359 [ms], path length: 40 [edges], generated: 8,407
[00:00:00:00:386] Path of length 40 found: [47, 39, 31, 23, 15, 7, 6, 14, 22, 21, 13, 12, 4, 3, 2, 1, 9, 17, 18, 10, 11, 19, 20, 28, 29, 37, 45, 44, 36, 35, 27, 26, 34, 42, 41, 40, 32, 24, 16, 8, 0]
[00:00:00:00:386] ! Unidirectional t-s. expansions: 233, time: 386 [ms], path length: 40 [edges], generated: 424
[00:00:00:01:409] Path of length 40 found: [0, 8, 16, 24, 32, 40, 41, 42, 34, 26, 18, 17, 9, 1, 2, 10, 11, 3, 4, 12, 13, 14, 6, 7, 15, 23, 22, 21, 29, 28, 20, 19, 27, 35, 43, 44, 36, 37, 38, 39, 47]
[00:00:00:01:761] ! Bidirectional. expansions: 1,048, time: 1,409 [ms], path length: 40 [edges], g_F: 37, g_B: 3, generated: 0, MM: 34, MMPER: 81.92682926829268%
[00:00:00:01:761] 
---------- SM_Grids/6x8_grid_with_random_blocks_12per_9 ----------
[00:00:00:00:350] Path of length 40 found: [0, 1, 9, 8, 16, 24, 32, 40, 41, 33, 25, 17, 18, 10, 11, 3, 4, 5, 13, 12, 20, 19, 27, 26, 34, 42, 43, 35, 36, 44, 45, 37, 29, 30, 22, 23, 31, 39, 38, 46, 47]
[00:00:00:00:350] ! Unidirectional s-t. expansions: 214, time: 350 [ms], path length: 40 [edges], generated: 382
[00:00:00:01:732] Path of length 40 found: [47, 39, 31, 23, 22, 14, 13, 5, 4, 3, 11, 12, 20, 19, 27, 26, 25, 33, 34, 35, 36, 37, 29, 30, 38, 46, 45, 44, 43, 42, 41, 40, 32, 24, 16, 17, 18, 10, 9, 1, 0]
[00:00:00:01:732] ! Unidirectional t-s. expansions: 1,439, time: 1,732 [ms], path length: 40 [edges], generated: 2,343
[00:00:00:01:001] Path of length 40 found: [0, 1, 9, 8, 16, 24, 32, 40, 41, 33, 25, 17, 18, 26, 34, 42, 43, 44, 45, 46, 38, 30, 29, 37, 36, 35, 27, 19, 20, 12, 11, 3, 4, 5, 13, 14, 22, 23, 31, 39, 47]
[00:00:00:01:371] ! Bidirectional. expansions: 566, time: 1,001 [ms], path length: 40 [edges], g_F: 30, g_B: 10, generated: 0, MM: 20, MMPER: 47.78048780487805%

[00:00:00:01:371] average expansions: (1,343, 1,308, 995, 0)
[00:00:00:01:371] average time: (1,833, 1,671, 1,535, 0)
[00:00:00:01:371] XIDA: 1,308 , 1,671 (expansions , time[ms])
[00:00:00:01:371] BiXIDA: 995 , 1,535 (expansions , time[ms])

