------------------------------------
Thu 01 Oct 2026 16:00:24 IDT
SLURM_JOBID:		21953364
SLURM_JOB_NODELIST:	ise-cpu256-04
SLURM_SCRATCH_DIR:	/scratch/shubit/21953364
Allocated Resouces:	cpu - 2 / mem - 61440 MB / gpu - 
SLURM_GPU_INDEX:	
Running as shubit from shimony account with normal QOS
------------------------------------
Thu 01 Oct 2026 16:00:24 IDT

SLURM_JOBID:		 21953364
SLURM_JOB_NODELIST:	 ise-cpu256-04 

--------------------------
date: SM_Grids
number_of_graphs: 10
graph_type: grid
size_of_graphs: [6, 8]
heuristic: bcc_heuristic
snake: False
run_uni: True
run_bi: True
run_multi: False
solution_vertices: []
algorithms: ['XMM']
lookahead: 3
bsd: False
cube_first_dims: 4
cube_buffer_dim: None
backward_sym_generation: False
sym_coil: False
prefix_set: None

---------- SM_Grids/6x8_grid_with_random_blocks_8per_0 ----------
[00:00:00:54:593] Expansion 10,000: state None, f=42, g=30
[00:00:01:28:094] Expansion 20,000: state None, f=41, g=36
[00:00:02:25:742] Expansion 30,000: state None, f=41, g=12
[00:00:02:34:688] Path of length 40 found: [0, 1, 9, 8, 16, 17, 25, 24, 32, 40, 41, 33, 34, 42, 43, 44, 36, 35, 27, 26, 18, 10, 11, 3, 4, 12, 20, 28, 29, 21, 13, 5, 6, 14, 15, 23, 31, 30, 38, 46, 47]
[00:00:02:34:689] ! Unidirectional s-t. expansions: 30,887, time: 154,688 [ms], path length: 40 [edges], generated: 301,832
[00:00:00:49:362] Expansion 10,000: state None, f=41, g=30
[00:00:01:24:239] Expansion 20,000: state None, f=41, g=30
[00:00:02:05:096] Expansion 30,000: state None, f=41, g=33
[00:00:02:49:507] Expansion 40,000: state None, f=41, g=36
[00:00:02:55:599] Path of length 40 found: [47, 46, 38, 39, 31, 23, 15, 7, 6, 14, 13, 5, 4, 3, 11, 12, 20, 21, 29, 28, 36, 44, 43, 42, 41, 40, 32, 24, 16, 17, 25, 33, 34, 35, 27, 19, 18, 10, 9, 1, 0]
[00:00:02:55:599] ! Unidirectional t-s. expansions: 40,726, time: 175,599 [ms], path length: 40 [edges], generated: 397,296
[00:00:01:23:541] Expansion 20,000: f=41, g=15
[00:00:02:23:428] Path of length 40 found: [0, 1, 9, 8, 16, 24, 32, 40, 41, 33, 25, 17, 18, 10, 11, 3, 4, 5, 6, 7, 15, 14, 13, 21, 20, 28, 27, 35, 34, 42, 43, 44, 36, 37, 29, 30, 31, 39, 38, 46, 47]
[00:00:02:23:857] ! Bidirectional. expansions: 32,948, time: 143,428 [ms], path length: 40 [edges], g_F: 21, g_B: 19, generated: 66,638, MM: 2, MMPER: 3.8780487804878048%
[00:00:02:23:857] 
---------- SM_Grids/6x8_grid_with_random_blocks_8per_1 ----------
[00:00:00:05:444] Path of length 42 found: [0, 8, 16, 24, 32, 40, 41, 33, 25, 17, 18, 10, 11, 3, 4, 12, 13, 21, 22, 14, 6, 7, 15, 23, 31, 30, 29, 28, 20, 19, 27, 26, 34, 42, 43, 35, 36, 44, 45, 37, 38, 46, 47]
[00:00:00:05:445] ! Unidirectional s-t. expansions: 810, time: 5,444 [ms], path length: 42 [edges], generated: 9,946
[00:00:00:30:207] Path of length 42 found: [47, 46, 45, 44, 43, 35, 36, 37, 38, 39, 31, 30, 29, 28, 27, 19, 20, 21, 22, 23, 15, 7, 6, 14, 13, 12, 4, 3, 11, 10, 18, 17, 25, 26, 34, 42, 41, 33, 32, 24, 16, 8, 0]
[00:00:00:30:207] ! Unidirectional t-s. expansions: 5,530, time: 30,207 [ms], path length: 42 [edges], generated: 56,995
[00:00:00:19:996] Path of length 42 found: [0, 8, 16, 24, 32, 40, 41, 33, 25, 17, 18, 10, 11, 3, 4, 12, 20, 19, 27, 26, 34, 35, 43, 44, 45, 46, 38, 37, 36, 28, 29, 30, 22, 21, 13, 14, 6, 7, 15, 23, 31, 39, 47]
[00:00:00:20:375] ! Bidirectional. expansions: 4,911, time: 19,996 [ms], path length: 42 [edges], g_F: 20, g_B: 22, generated: 9,227, MM: 2, MMPER: 3.6511627906976747%
[00:00:00:20:375] 
---------- SM_Grids/6x8_grid_with_random_blocks_8per_2 ----------
[00:00:00:47:345] Path of length 40 found: [0, 1, 9, 10, 2, 3, 11, 12, 20, 21, 22, 14, 6, 7, 15, 23, 31, 30, 29, 28, 27, 19, 18, 26, 25, 17, 16, 24, 32, 40, 41, 42, 34, 35, 36, 44, 45, 46, 38, 39, 47]
[00:00:00:47:346] ! Unidirectional s-t. expansions: 8,651, time: 47,345 [ms], path length: 40 [edges], generated: 98,904
[00:00:00:33:901] Path of length 40 found: [47, 39, 31, 23, 15, 7, 6, 14, 22, 30, 29, 37, 38, 46, 45, 44, 36, 35, 34, 42, 41, 40, 32, 33, 25, 24, 16, 8, 9, 17, 18, 26, 27, 28, 20, 12, 11, 3, 2, 1, 0]
[00:00:00:33:901] ! Unidirectional t-s. expansions: 6,968, time: 33,901 [ms], path length: 40 [edges], generated: 75,371
[00:00:00:33:876] Path of length 40 found: [0, 8, 16, 24, 25, 33, 32, 40, 41, 42, 34, 35, 36, 44, 45, 46, 38, 37, 29, 28, 27, 19, 18, 10, 9, 1, 2, 3, 11, 12, 20, 21, 22, 14, 6, 7, 15, 23, 31, 39, 47]
[00:00:00:34:276] ! Bidirectional. expansions: 8,123, time: 33,876 [ms], path length: 40 [edges], g_F: 18, g_B: 22, generated: 15,891, MM: 4, MMPER: 8.75609756097561%
[00:00:00:34:276] 
---------- SM_Grids/6x8_grid_with_random_blocks_8per_3 ----------
[00:00:00:29:692] Path of length 42 found: [0, 8, 9, 1, 2, 3, 4, 12, 13, 14, 6, 7, 15, 23, 31, 30, 29, 21, 20, 19, 11, 10, 18, 17, 25, 24, 32, 40, 41, 33, 34, 26, 27, 28, 36, 35, 43, 44, 45, 37, 38, 46, 47]
[00:00:00:29:692] ! Unidirectional s-t. expansions: 6,618, time: 29,692 [ms], path length: 42 [edges], generated: 63,266
[00:00:00:46:248] Path of length 42 found: [47, 46, 45, 44, 43, 35, 36, 37, 29, 30, 38, 39, 31, 23, 15, 7, 6, 14, 13, 21, 20, 28, 27, 19, 11, 12, 4, 3, 2, 10, 18, 26, 34, 42, 41, 40, 32, 24, 25, 17, 9, 1, 0]
[00:00:00:46:249] ! Unidirectional t-s. expansions: 9,130, time: 46,248 [ms], path length: 42 [edges], generated: 94,925
[00:00:00:39:524] Path of length 42 found: [0, 8, 9, 1, 2, 10, 11, 3, 4, 12, 20, 19, 27, 26, 18, 17, 25, 24, 32, 40, 41, 42, 34, 35, 43, 44, 36, 37, 45, 46, 38, 30, 29, 21, 13, 14, 6, 7, 15, 23, 31, 39, 47]
[00:00:00:39:907] ! Bidirectional. expansions: 9,507, time: 39,524 [ms], path length: 42 [edges], g_F: 20, g_B: 22, generated: 18,424, MM: 2, MMPER: 3.6511627906976747%
[00:00:00:39:907] 
---------- SM_Grids/6x8_grid_with_random_blocks_8per_4 ----------
[00:00:00:43:496] Expansion 10,000: state None, f=43, g=27
[00:00:01:25:301] Expansion 20,000: state None, f=43, g=18
[00:00:01:49:424] Path of length 42 found: [0, 1, 2, 3, 4, 5, 6, 7, 15, 14, 13, 12, 11, 19, 27, 35, 34, 33, 25, 26, 18, 10, 9, 17, 16, 24, 32, 40, 41, 42, 43, 44, 45, 37, 36, 28, 20, 21, 29, 30, 38, 39, 47]
[00:00:01:49:424] ! Unidirectional s-t. expansions: 25,666, time: 109,424 [ms], path length: 42 [edges], generated: 240,787
[00:00:00:48:613] Expansion 10,000: state None, f=43, g=15
[00:00:01:07:590] Path of length 42 found: [47, 39, 31, 30, 38, 37, 45, 44, 43, 42, 41, 40, 32, 24, 16, 17, 25, 33, 34, 26, 27, 35, 36, 28, 29, 21, 22, 14, 15, 7, 6, 5, 13, 12, 4, 3, 11, 19, 18, 10, 2, 1, 0]
[00:00:01:07:591] ! Unidirectional t-s. expansions: 13,760, time: 67,590 [ms], path length: 42 [edges], generated: 147,222
[00:00:01:13:381] Path of length 42 found: [0, 1, 9, 17, 16, 24, 32, 40, 41, 33, 25, 26, 18, 10, 2, 3, 11, 19, 20, 12, 4, 5, 6, 7, 15, 14, 22, 21, 29, 28, 36, 35, 34, 42, 43, 44, 45, 37, 38, 30, 31, 39, 47]
[00:00:01:13:774] ! Bidirectional. expansions: 17,567, time: 73,381 [ms], path length: 42 [edges], g_F: 20, g_B: 22, generated: 34,065, MM: 2, MMPER: 3.6511627906976747%
[00:00:01:13:774] 
---------- SM_Grids/6x8_grid_with_random_blocks_8per_5 ----------
[00:00:00:11:794] Path of length 42 found: [0, 1, 9, 8, 16, 17, 25, 26, 34, 33, 32, 40, 41, 42, 43, 44, 36, 37, 45, 46, 38, 30, 29, 21, 20, 28, 27, 19, 18, 10, 2, 3, 11, 12, 4, 5, 13, 14, 22, 23, 31, 39, 47]
[00:00:00:11:794] ! Unidirectional s-t. expansions: 2,001, time: 11,794 [ms], path length: 42 [edges], generated: 21,393
[00:00:00:13:888] Path of length 42 found: [47, 46, 45, 37, 38, 39, 31, 30, 29, 21, 22, 23, 15, 14, 13, 5, 4, 3, 2, 1, 9, 10, 11, 12, 20, 19, 27, 28, 36, 44, 43, 42, 41, 40, 32, 33, 34, 26, 18, 17, 16, 8, 0]
[00:00:00:13:889] ! Unidirectional t-s. expansions: 2,516, time: 13,888 [ms], path length: 42 [edges], generated: 24,496
[00:00:00:17:200] Path of length 42 found: [0, 8, 16, 17, 9, 1, 2, 10, 18, 19, 11, 3, 4, 5, 13, 12, 20, 28, 27, 26, 25, 33, 32, 40, 41, 42, 43, 44, 36, 37, 45, 46, 38, 30, 29, 21, 22, 14, 15, 23, 31, 39, 47]
[00:00:00:17:589] ! Bidirectional. expansions: 4,285, time: 17,200 [ms], path length: 42 [edges], g_F: 20, g_B: 22, generated: 8,087, MM: 2, MMPER: 3.6511627906976747%
[00:00:00:17:589] 
---------- SM_Grids/6x8_grid_with_random_blocks_8per_6 ----------
[00:00:00:17:011] Path of length 42 found: [0, 8, 16, 24, 32, 40, 41, 33, 25, 17, 18, 10, 11, 19, 27, 26, 34, 42, 43, 35, 36, 44, 45, 37, 29, 28, 20, 12, 4, 5, 13, 21, 22, 14, 6, 7, 15, 23, 31, 30, 38, 46, 47]
[00:00:00:17:012] ! Unidirectional s-t. expansions: 3,356, time: 17,011 [ms], path length: 42 [edges], generated: 37,027
[00:00:00:48:434] Expansion 10,000: state None, f=43, g=15
[00:00:01:01:198] Path of length 42 found: [47, 46, 45, 44, 43, 35, 36, 37, 38, 39, 31, 30, 29, 28, 27, 19, 20, 21, 22, 23, 15, 7, 6, 14, 13, 5, 4, 12, 11, 10, 18, 17, 25, 26, 34, 42, 41, 33, 32, 24, 16, 8, 0]
[00:00:01:01:201] ! Unidirectional t-s. expansions: 12,316, time: 61,200 [ms], path length: 42 [edges], generated: 126,657
[00:00:00:35:479] Path of length 42 found: [0, 8, 16, 24, 32, 40, 41, 33, 25, 17, 18, 10, 11, 19, 27, 26, 34, 42, 43, 35, 36, 37, 45, 46, 38, 30, 22, 14, 13, 21, 29, 28, 20, 12, 4, 5, 6, 7, 15, 23, 31, 39, 47]
[00:00:00:35:856] ! Bidirectional. expansions: 8,554, time: 35,480 [ms], path length: 42 [edges], g_F: 20, g_B: 22, generated: 16,324, MM: 2, MMPER: 3.6511627906976747%
[00:00:00:35:856] 
---------- SM_Grids/6x8_grid_with_random_blocks_8per_7 ----------
[00:00:00:00:140] Path of length 44 found: [0, 8, 16, 24, 32, 40, 41, 33, 25, 17, 9, 1, 2, 10, 18, 26, 34, 42, 43, 35, 27, 19, 20, 12, 11, 3, 4, 5, 6, 14, 15, 23, 22, 21, 29, 37, 36, 44, 45, 46, 38, 30, 31, 39, 47]
[00:00:00:00:140] ! Unidirectional s-t. expansions: 16, time: 140 [ms], path length: 44 [edges], generated: 167
[00:00:00:00:116] Path of length 44 found: [47, 39, 31, 23, 15, 14, 6, 5, 4, 3, 2, 1, 9, 17, 25, 33, 34, 26, 18, 10, 11, 12, 20, 19, 27, 35, 36, 37, 29, 21, 22, 30, 38, 46, 45, 44, 43, 42, 41, 40, 32, 24, 16, 8, 0]
[00:00:00:00:117] ! Unidirectional t-s. expansions: 15, time: 116 [ms], path length: 44 [edges], generated: 157
[00:00:00:16:020] Path of length 44 found: [0, 8, 16, 24, 32, 40, 41, 33, 25, 17, 9, 1, 2, 10, 18, 26, 34, 42, 43, 35, 27, 19, 20, 12, 11, 3, 4, 5, 6, 14, 15, 23, 22, 21, 29, 37, 36, 44, 45, 46, 38, 30, 31, 39, 47]
[00:00:00:16:423] ! Bidirectional. expansions: 4,027, time: 16,020 [ms], path length: 44 [edges], g_F: 22, g_B: 22, generated: 7,597, MM: 0, MMPER: -1.0%
[00:00:00:16:423] 
---------- SM_Grids/6x8_grid_with_random_blocks_8per_8 ----------
[00:00:00:27:473] Path of length 42 found: [0, 8, 16, 24, 25, 33, 32, 40, 41, 42, 43, 44, 36, 35, 27, 26, 18, 17, 9, 1, 2, 10, 11, 3, 4, 5, 6, 7, 15, 14, 22, 21, 13, 12, 20, 28, 29, 37, 38, 30, 31, 39, 47]
[00:00:00:27:474] ! Unidirectional s-t. expansions: 4,139, time: 27,474 [ms], path length: 42 [edges], generated: 44,242
[00:00:00:12:397] Path of length 42 found: [47, 46, 38, 39, 31, 30, 22, 21, 13, 14, 15, 7, 6, 5, 4, 12, 11, 3, 2, 10, 18, 19, 20, 28, 29, 37, 36, 44, 43, 35, 27, 26, 25, 33, 41, 40, 32, 24, 16, 17, 9, 1, 0]
[00:00:00:12:397] ! Unidirectional t-s. expansions: 2,481, time: 12,397 [ms], path length: 42 [edges], generated: 24,789
[00:00:00:28:192] Path of length 42 found: [0, 8, 9, 1, 2, 10, 11, 3, 4, 12, 20, 19, 27, 26, 18, 17, 16, 24, 25, 33, 32, 40, 41, 42, 43, 44, 36, 37, 29, 21, 13, 5, 6, 7, 15, 14, 22, 30, 31, 39, 38, 46, 47]
[00:00:00:28:594] ! Bidirectional. expansions: 6,998, time: 28,193 [ms], path length: 42 [edges], g_F: 22, g_B: 20, generated: 13,141, MM: 2, MMPER: 3.6511627906976747%
[00:00:00:28:595] 
---------- SM_Grids/6x8_grid_with_random_blocks_8per_9 ----------
[00:00:00:00:744] Path of length 44 found: [0, 1, 9, 10, 2, 3, 11, 12, 20, 28, 27, 19, 18, 26, 25, 17, 16, 24, 32, 33, 41, 42, 34, 35, 43, 44, 36, 37, 45, 46, 38, 30, 29, 21, 13, 5, 6, 7, 15, 14, 22, 23, 31, 39, 47]
[00:00:00:00:744] ! Unidirectional s-t. expansions: 77, time: 744 [ms], path length: 44 [edges], generated: 986
[00:00:00:00:278] Path of length 44 found: [47, 39, 31, 23, 15, 7, 6, 5, 13, 14, 22, 21, 29, 30, 38, 46, 45, 37, 36, 44, 43, 35, 34, 42, 41, 33, 32, 24, 16, 17, 25, 26, 18, 19, 27, 28, 20, 12, 11, 3, 2, 10, 9, 1, 0]
[00:00:00:00:279] ! Unidirectional t-s. expansions: 31, time: 278 [ms], path length: 44 [edges], generated: 417
[00:00:00:09:431] Path of length 44 found: [0, 1, 9, 10, 2, 3, 11, 12, 20, 28, 27, 19, 18, 26, 25, 17, 16, 24, 32, 33, 41, 42, 34, 35, 43, 44, 36, 37, 45, 46, 38, 30, 29, 21, 22, 14, 13, 5, 6, 7, 15, 23, 31, 39, 47]
[00:00:00:09:836] ! Bidirectional. expansions: 2,370, time: 9,431 [ms], path length: 44 [edges], g_F: 22, g_B: 22, generated: 4,305, MM: 0, MMPER: -1.0%

[00:00:00:09:836] average expansions: (8,222, 9,347, 9,929, 0)
[00:00:00:09:836] average time: (40,376, 44,142, 41,653, 0)
[00:00:00:09:836] XA*: 8,222 , 40,376 (expansions , time[ms])
[00:00:00:09:836] XMM: 9,929 , 41,653 (expansions , time[ms])

