------------------------------------
Thu 01 Oct 2026 13:46:47 IDT
SLURM_JOBID:		21947730
SLURM_JOB_NODELIST:	ise-cpu256-08
SLURM_SCRATCH_DIR:	/scratch/shubit/21947730
Allocated Resouces:	cpu - 2 / mem - 61440 MB / gpu - 
SLURM_GPU_INDEX:	
Running as shubit from shimony account with normal QOS
------------------------------------
Thu 01 Oct 2026 13:46:47 IDT

SLURM_JOBID:		 21947730
SLURM_JOB_NODELIST:	 ise-cpu256-08 

--------------------------
date: SM_Grids
number_of_graphs: 10
graph_type: grid
size_of_graphs: [6, 8]
heuristic: bcc_heuristic
snake: False
run_uni: True
run_bi: True
run_multi: False
solution_vertices: []
algorithms: ['DFBnB']
lookahead: 2
bsd: False
cube_first_dims: 4
cube_buffer_dim: None
backward_sym_generation: False
sym_coil: False
prefix_set: None

---------- SM_Grids/6x8_grid_with_random_blocks_16per_0 ----------
[00:00:00:09:598] Path of length 34 found: [0, 8, 16, 24, 25, 17, 9, 1, 2, 10, 18, 26, 34, 42, 43, 35, 36, 28, 20, 19, 11, 3, 4, 5, 6, 14, 15, 23, 31, 30, 38, 37, 45, 46, 47]
[00:00:00:09:598] ! Unidirectional s-t. expansions: 5,278, time: 9,598 [ms], path length: 34 [edges], generated: 22,962
[00:00:00:05:741] Path of length 34 found: [47, 39, 31, 23, 15, 7, 6, 5, 4, 3, 2, 1, 9, 17, 18, 10, 11, 19, 20, 28, 36, 37, 38, 46, 45, 44, 43, 35, 34, 26, 25, 24, 16, 8, 0]
[00:00:00:05:742] ! Unidirectional t-s. expansions: 2,780, time: 5,742 [ms], path length: 34 [edges], generated: 13,419
[00:00:00:08:104] Path of length 34 found: [0, 8, 16, 24, 25, 17, 9, 1, 2, 10, 18, 26, 34, 42, 43, 44, 45, 46, 38, 37, 36, 28, 20, 19, 11, 3, 4, 5, 6, 7, 15, 23, 31, 39, 47]
[00:00:00:08:562] ! Bidirectional. expansions: 4,917, time: 8,104 [ms], path length: 34 [edges], g_F: 17, g_B: 17, generated: 0, MM: 0, MMPER: -1.0%
[00:00:00:08:563] 
---------- SM_Grids/6x8_grid_with_random_blocks_16per_1 ----------
[00:00:00:01:010] Path of length 32 found: [0, 8, 9, 1, 2, 10, 18, 17, 25, 26, 27, 19, 20, 12, 11, 3, 4, 5, 13, 14, 22, 21, 29, 28, 36, 35, 43, 44, 45, 46, 38, 39, 47]
[00:00:00:01:011] ! Unidirectional s-t. expansions: 240, time: 1,010 [ms], path length: 32 [edges], generated: 1,348
[00:00:00:00:183] Path of length 32 found: [47, 46, 38, 39, 31, 23, 22, 14, 13, 5, 4, 3, 2, 10, 18, 19, 11, 12, 20, 21, 29, 28, 36, 44, 43, 35, 27, 26, 25, 17, 9, 1, 0]
[00:00:00:00:183] ! Unidirectional t-s. expansions: 63, time: 183 [ms], path length: 32 [edges], generated: 353
[00:00:00:00:119] Path of length 32 found: [0, 8, 9, 1, 2, 10, 18, 17, 25, 26, 27, 19, 20, 12, 11, 3, 4, 5, 13, 14, 22, 21, 29, 28, 36, 35, 43, 44, 45, 46, 38, 39, 47]
[00:00:00:00:529] ! Bidirectional. expansions: 42, time: 119 [ms], path length: 32 [edges], g_F: 16, g_B: 16, generated: 0, MM: 0, MMPER: -1.0%
[00:00:00:00:530] 
---------- SM_Grids/6x8_grid_with_random_blocks_16per_2 ----------
[00:00:00:00:377] Path of length 38 found: [0, 8, 16, 24, 32, 40, 41, 33, 25, 17, 9, 1, 2, 3, 11, 12, 13, 14, 6, 7, 15, 23, 22, 21, 20, 19, 18, 26, 34, 35, 43, 44, 36, 37, 45, 46, 38, 39, 47]
[00:00:00:00:378] ! Unidirectional s-t. expansions: 129, time: 377 [ms], path length: 38 [edges], generated: 507
[00:00:00:00:500] Path of length 38 found: [47, 46, 45, 44, 43, 35, 36, 37, 38, 39, 31, 23, 15, 7, 6, 14, 22, 21, 13, 12, 20, 19, 11, 3, 2, 1, 9, 17, 18, 26, 34, 33, 41, 40, 32, 24, 16, 8, 0]
[00:00:00:00:501] ! Unidirectional t-s. expansions: 167, time: 501 [ms], path length: 38 [edges], generated: 715
[00:00:00:00:360] Path of length 38 found: [0, 8, 16, 24, 32, 40, 41, 33, 25, 17, 9, 1, 2, 3, 11, 12, 13, 14, 6, 7, 15, 23, 22, 21, 20, 19, 18, 26, 34, 35, 43, 44, 36, 37, 45, 46, 38, 39, 47]
[00:00:00:00:774] ! Bidirectional. expansions: 167, time: 360 [ms], path length: 38 [edges], g_F: 19, g_B: 19, generated: 0, MM: 0, MMPER: -1.0%
[00:00:00:00:774] 
---------- SM_Grids/6x8_grid_with_random_blocks_16per_3 ----------
[00:00:00:00:062] Path of length 40 found: [0, 8, 16, 24, 32, 40, 41, 42, 34, 33, 25, 17, 9, 1, 2, 3, 11, 19, 27, 35, 36, 28, 29, 37, 45, 46, 38, 30, 22, 14, 13, 12, 4, 5, 6, 7, 15, 23, 31, 39, 47]
[00:00:00:00:062] ! Unidirectional s-t. expansions: 20, time: 62 [ms], path length: 40 [edges], generated: 87
[00:00:00:00:060] Path of length 40 found: [47, 39, 31, 23, 15, 7, 6, 5, 4, 12, 13, 14, 22, 30, 38, 46, 45, 37, 29, 28, 36, 35, 27, 19, 11, 3, 2, 1, 9, 17, 25, 33, 34, 42, 41, 40, 32, 24, 16, 8, 0]
[00:00:00:00:061] ! Unidirectional t-s. expansions: 20, time: 61 [ms], path length: 40 [edges], generated: 79
[00:00:00:00:047] Path of length 40 found: [0, 8, 16, 24, 32, 40, 41, 42, 34, 33, 25, 17, 9, 1, 2, 3, 11, 19, 27, 35, 36, 28, 29, 37, 45, 46, 38, 30, 22, 14, 13, 12, 4, 5, 6, 7, 15, 23, 31, 39, 47]
[00:00:00:00:527] ! Bidirectional. expansions: 20, time: 47 [ms], path length: 40 [edges], g_F: 20, g_B: 20, generated: 0, MM: 0, MMPER: -1.0%
[00:00:00:00:527] 
---------- SM_Grids/6x8_grid_with_random_blocks_16per_4 ----------
[00:00:00:01:765] Path of length 34 found: [0, 8, 16, 24, 25, 17, 9, 1, 2, 3, 11, 10, 18, 26, 27, 19, 20, 12, 13, 5, 6, 7, 15, 14, 22, 21, 29, 28, 36, 35, 43, 44, 45, 46, 47]
[00:00:00:01:765] ! Unidirectional s-t. expansions: 458, time: 1,765 [ms], path length: 34 [edges], generated: 2,742
[00:00:00:00:895] Path of length 34 found: [47, 46, 45, 44, 43, 35, 36, 28, 20, 21, 29, 30, 22, 23, 15, 7, 6, 5, 13, 12, 11, 3, 2, 1, 9, 10, 18, 19, 27, 26, 25, 17, 16, 8, 0]
[00:00:00:00:896] ! Unidirectional t-s. expansions: 334, time: 896 [ms], path length: 34 [edges], generated: 1,883
[00:00:00:01:247] Path of length 34 found: [0, 8, 16, 24, 25, 17, 9, 1, 2, 10, 18, 26, 27, 19, 11, 12, 13, 5, 6, 7, 15, 23, 22, 30, 29, 21, 20, 28, 36, 35, 43, 44, 45, 46, 47]
[00:00:00:01:659] ! Bidirectional. expansions: 651, time: 1,247 [ms], path length: 34 [edges], g_F: 17, g_B: 17, generated: 0, MM: 0, MMPER: -1.0%
[00:00:00:01:660] 
---------- SM_Grids/6x8_grid_with_random_blocks_16per_5 ----------
[00:00:00:00:063] Path of length 38 found: [0, 1, 2, 10, 11, 19, 27, 26, 25, 17, 16, 24, 32, 40, 41, 33, 34, 42, 43, 35, 36, 44, 45, 37, 29, 21, 13, 5, 6, 14, 15, 23, 22, 30, 31, 39, 38, 46, 47]
[00:00:00:00:064] ! Unidirectional s-t. expansions: 19, time: 63 [ms], path length: 38 [edges], generated: 89
[00:00:00:01:374] Path of length 38 found: [47, 39, 31, 23, 15, 14, 6, 5, 13, 21, 22, 30, 29, 37, 38, 46, 45, 44, 36, 35, 43, 42, 34, 33, 41, 40, 32, 24, 16, 17, 25, 26, 27, 19, 11, 10, 2, 1, 0]
[00:00:00:01:375] ! Unidirectional t-s. expansions: 414, time: 1,374 [ms], path length: 38 [edges], generated: 1,807
[00:00:00:00:104] Path of length 38 found: [0, 1, 2, 10, 11, 19, 27, 26, 25, 17, 16, 24, 32, 40, 41, 33, 34, 42, 43, 35, 36, 44, 45, 46, 38, 37, 29, 30, 22, 21, 13, 5, 6, 14, 15, 23, 31, 39, 47]
[00:00:00:00:513] ! Bidirectional. expansions: 35, time: 104 [ms], path length: 38 [edges], g_F: 19, g_B: 19, generated: 0, MM: 0, MMPER: -1.0%
[00:00:00:00:513] 
---------- SM_Grids/6x8_grid_with_random_blocks_16per_6 ----------
[00:00:00:00:463] Path of length 36 found: [0, 8, 16, 24, 32, 40, 41, 33, 25, 17, 18, 10, 9, 1, 2, 3, 11, 12, 13, 5, 6, 14, 22, 21, 29, 28, 27, 26, 34, 35, 43, 44, 36, 37, 45, 46, 47]
[00:00:00:00:463] ! Unidirectional s-t. expansions: 152, time: 463 [ms], path length: 36 [edges], generated: 667
[00:00:00:00:268] Path of length 36 found: [47, 46, 45, 37, 29, 30, 22, 14, 6, 5, 13, 12, 11, 3, 2, 1, 9, 10, 18, 17, 25, 26, 27, 28, 36, 44, 43, 35, 34, 33, 41, 40, 32, 24, 16, 8, 0]
[00:00:00:00:268] ! Unidirectional t-s. expansions: 84, time: 268 [ms], path length: 36 [edges], generated: 394
[00:00:00:00:538] Path of length 36 found: [0, 8, 16, 24, 32, 40, 41, 33, 34, 35, 43, 44, 36, 28, 27, 26, 25, 17, 18, 10, 9, 1, 2, 3, 11, 12, 13, 5, 6, 14, 22, 30, 29, 37, 45, 46, 47]
[00:00:00:00:942] ! Bidirectional. expansions: 237, time: 538 [ms], path length: 36 [edges], g_F: 18, g_B: 18, generated: 0, MM: 0, MMPER: -1.0%
[00:00:00:00:943] 
---------- SM_Grids/6x8_grid_with_random_blocks_16per_7 ----------
[00:00:00:01:895] Path of length 38 found: [0, 8, 16, 24, 32, 40, 41, 42, 43, 35, 34, 26, 25, 17, 9, 1, 2, 10, 18, 19, 27, 28, 20, 12, 11, 3, 4, 5, 13, 14, 15, 23, 31, 30, 29, 37, 38, 39, 47]
[00:00:00:01:896] ! Unidirectional s-t. expansions: 623, time: 1,896 [ms], path length: 38 [edges], generated: 2,659
[00:00:00:01:923] Path of length 38 found: [47, 39, 31, 23, 15, 14, 13, 5, 4, 3, 2, 1, 9, 17, 25, 26, 18, 10, 11, 12, 20, 19, 27, 28, 29, 30, 38, 37, 36, 35, 34, 42, 41, 40, 32, 24, 16, 8, 0]
[00:00:00:01:923] ! Unidirectional t-s. expansions: 655, time: 1,923 [ms], path length: 38 [edges], generated: 3,372
[00:00:00:02:492] Path of length 38 found: [0, 8, 16, 24, 32, 40, 41, 42, 43, 35, 36, 37, 38, 30, 29, 28, 20, 12, 11, 10, 18, 19, 27, 26, 25, 17, 9, 1, 2, 3, 4, 5, 13, 14, 15, 23, 31, 39, 47]
[00:00:00:02:903] ! Bidirectional. expansions: 1,400, time: 2,492 [ms], path length: 38 [edges], g_F: 19, g_B: 19, generated: 0, MM: 0, MMPER: -1.0%
[00:00:00:02:903] 
---------- SM_Grids/6x8_grid_with_random_blocks_16per_8 ----------
[00:00:00:00:136] Path of length 36 found: [0, 8, 9, 17, 16, 24, 32, 40, 41, 33, 25, 26, 27, 19, 20, 28, 36, 35, 43, 44, 45, 37, 29, 21, 13, 5, 6, 14, 15, 23, 22, 30, 31, 39, 38, 46, 47]
[00:00:00:00:136] ! Unidirectional s-t. expansions: 19, time: 136 [ms], path length: 36 [edges], generated: 87
[00:00:00:00:536] Path of length 36 found: [47, 39, 31, 23, 15, 14, 6, 5, 13, 21, 22, 30, 29, 28, 20, 19, 27, 35, 36, 37, 38, 46, 45, 44, 43, 42, 41, 40, 32, 33, 25, 24, 16, 17, 9, 8, 0]
[00:00:00:00:536] ! Unidirectional t-s. expansions: 141, time: 536 [ms], path length: 36 [edges], generated: 670
[00:00:00:00:292] Path of length 36 found: [0, 8, 9, 17, 16, 24, 32, 40, 41, 33, 25, 26, 27, 19, 20, 28, 36, 35, 43, 44, 45, 46, 38, 37, 29, 30, 22, 21, 13, 5, 6, 14, 15, 23, 31, 39, 47]
[00:00:00:00:716] ! Bidirectional. expansions: 91, time: 292 [ms], path length: 36 [edges], g_F: 18, g_B: 18, generated: 0, MM: 0, MMPER: -1.0%
[00:00:00:00:716] 
---------- SM_Grids/6x8_grid_with_random_blocks_16per_9 ----------
[00:00:00:02:283] Path of length 38 found: [0, 1, 9, 17, 25, 24, 32, 40, 41, 33, 34, 42, 43, 35, 36, 28, 29, 21, 13, 12, 20, 19, 27, 26, 18, 10, 2, 3, 4, 5, 6, 14, 22, 23, 31, 39, 38, 46, 47]
[00:00:00:02:283] ! Unidirectional s-t. expansions: 807, time: 2,283 [ms], path length: 38 [edges], generated: 3,918
[00:00:00:00:577] Path of length 38 found: [47, 46, 38, 39, 31, 23, 22, 14, 6, 5, 4, 3, 2, 10, 18, 26, 34, 35, 27, 19, 20, 12, 13, 21, 29, 28, 36, 44, 43, 42, 41, 40, 32, 24, 25, 17, 9, 1, 0]
[00:00:00:00:577] ! Unidirectional t-s. expansions: 231, time: 577 [ms], path length: 38 [edges], generated: 1,187
[00:00:00:00:582] Path of length 38 found: [0, 1, 9, 17, 18, 10, 2, 3, 4, 12, 13, 5, 6, 14, 22, 21, 29, 28, 20, 19, 27, 26, 25, 24, 32, 40, 41, 33, 34, 42, 43, 35, 36, 44, 45, 46, 38, 39, 47]
[00:00:00:00:927] ! Bidirectional. expansions: 402, time: 582 [ms], path length: 38 [edges], g_F: 19, g_B: 19, generated: 0, MM: 0, MMPER: -1.0%

[00:00:00:00:927] average expansions: (774, 489, 796, 0)
[00:00:00:00:927] average time: (1,765, 1,206, 1,388, 0)
[00:00:00:00:927] XDFBnB: 489 , 1,206 (expansions , time[ms])
[00:00:00:00:927] BiXDFBnB: 796 , 1,388 (expansions , time[ms])

