------------------------------------
Thu 01 Oct 2026 10:43:14 IDT
SLURM_JOBID:		21942730
SLURM_JOB_NODELIST:	ise-cpu256-32
SLURM_SCRATCH_DIR:	/scratch/shubit/21942730
Allocated Resouces:	cpu - 2 / mem - 61440 MB / gpu - 
SLURM_GPU_INDEX:	
Running as shubit from shimony account with normal QOS
------------------------------------
Thu 01 Oct 2026 10:43:14 IDT

SLURM_JOBID:		 21942730
SLURM_JOB_NODELIST:	 ise-cpu256-32 

--------------------------
date: SM_Grids
number_of_graphs: 10
graph_type: grid
size_of_graphs: [7, 7]
heuristic: bcc_heuristic
snake: False
run_uni: True
run_bi: True
run_multi: False
solution_vertices: []
algorithms: ['A']
lookahead: -2
bsd: False
cube_first_dims: 4
cube_buffer_dim: None
backward_sym_generation: False
sym_coil: False
prefix_set: None

---------- SM_Grids/7x7_grid_with_random_blocks_16per_0 ----------
[00:00:00:00:053] Path of length 34 found: [0, 1, 8, 7, 14, 21, 22, 29, 28, 35, 42, 43, 36, 37, 30, 31, 24, 17, 18, 25, 32, 39, 38, 45, 46, 47, 40, 33, 26, 19, 20, 27, 34, 41, 48]
[00:00:00:00:053] ! Unidirectional s-t. expansions: 34, time: 53 [ms], path length: 34 [edges], generated: 59
[00:00:00:02:232] Path of length 34 found: [48, 47, 46, 45, 44, 43, 42, 35, 36, 37, 38, 39, 40, 41, 34, 33, 32, 25, 26, 27, 20, 19, 18, 17, 24, 31, 30, 29, 22, 21, 14, 7, 8, 1, 0]
[00:00:00:02:232] ! Unidirectional t-s. expansions: 1,514, time: 2,232 [ms], path length: 34 [edges], generated: 2,609
[00:00:00:00:146] Path of length 34 found: [0, 1, 8, 7, 14, 21, 22, 29, 28, 35, 42, 43, 36, 37, 44, 45, 38, 31, 24, 17, 18, 25, 32, 39, 46, 47, 40, 33, 26, 19, 20, 27, 34, 41, 48]
[00:00:00:00:511] ! Bidirectional. expansions: 108, time: 146 [ms], path length: 34 [edges], g_F: 19, g_B: 15, generated: 0, MM: 4, MMPER: 10.428571428571429%
[00:00:00:00:511] 
---------- SM_Grids/7x7_grid_with_random_blocks_16per_1 ----------
[00:00:00:00:074] Path of length 40 found: [0, 1, 2, 3, 4, 5, 12, 13, 20, 27, 26, 19, 18, 11, 10, 9, 16, 15, 22, 21, 28, 35, 42, 43, 36, 29, 30, 37, 44, 45, 38, 31, 24, 25, 32, 39, 46, 47, 40, 41, 48]
[00:00:00:00:074] ! Unidirectional s-t. expansions: 42, time: 74 [ms], path length: 40 [edges], generated: 65
[00:00:00:00:070] Path of length 40 found: [48, 41, 40, 47, 46, 39, 32, 25, 24, 31, 30, 29, 36, 37, 38, 45, 44, 43, 42, 35, 28, 21, 22, 15, 16, 9, 10, 11, 18, 19, 26, 27, 20, 13, 12, 5, 4, 3, 2, 1, 0]
[00:00:00:00:070] ! Unidirectional t-s. expansions: 40, time: 70 [ms], path length: 40 [edges], generated: 60
[00:00:00:00:053] Path of length 40 found: [0, 1, 2, 3, 4, 5, 12, 13, 20, 27, 26, 19, 18, 11, 10, 9, 16, 15, 22, 21, 28, 35, 42, 43, 36, 29, 30, 37, 44, 45, 38, 31, 24, 25, 32, 39, 46, 47, 40, 41, 48]
[00:00:00:00:388] ! Bidirectional. expansions: 42, time: 53 [ms], path length: 40 [edges], g_F: 33, g_B: 7, generated: 0, MM: 26, MMPER: 62.41463414634146%
[00:00:00:00:389] 
---------- SM_Grids/7x7_grid_with_random_blocks_16per_2 ----------
[00:00:00:01:009] Path of length 38 found: [0, 7, 8, 1, 2, 9, 16, 23, 22, 29, 28, 35, 36, 43, 44, 45, 38, 37, 30, 31, 32, 25, 18, 17, 10, 3, 4, 5, 6, 13, 12, 19, 26, 27, 34, 33, 40, 47, 48]
[00:00:00:01:009] ! Unidirectional s-t. expansions: 541, time: 1,009 [ms], path length: 38 [edges], generated: 900
[00:00:00:00:442] Path of length 38 found: [48, 47, 40, 33, 34, 27, 26, 25, 32, 31, 30, 37, 38, 45, 44, 43, 36, 35, 28, 29, 22, 23, 16, 17, 18, 19, 12, 13, 6, 5, 4, 11, 10, 3, 2, 9, 8, 1, 0]
[00:00:00:00:442] ! Unidirectional t-s. expansions: 255, time: 442 [ms], path length: 38 [edges], generated: 419
[00:00:00:00:422] Path of length 38 found: [0, 7, 8, 1, 2, 9, 16, 23, 22, 29, 28, 35, 36, 43, 44, 45, 38, 37, 30, 31, 32, 25, 18, 17, 10, 3, 4, 5, 6, 13, 12, 19, 26, 27, 34, 33, 40, 47, 48]
[00:00:00:00:761] ! Bidirectional. expansions: 268, time: 422 [ms], path length: 38 [edges], g_F: 35, g_B: 3, generated: 0, MM: 32, MMPER: 81.05128205128206%
[00:00:00:00:761] 
---------- SM_Grids/7x7_grid_with_random_blocks_16per_3 ----------
[00:00:00:00:766] Path of length 38 found: [0, 1, 2, 3, 4, 11, 12, 19, 18, 17, 24, 23, 16, 15, 8, 7, 14, 21, 22, 29, 28, 35, 42, 43, 36, 37, 30, 31, 32, 25, 26, 27, 34, 33, 40, 39, 46, 47, 48]
[00:00:00:00:766] ! Unidirectional s-t. expansions: 424, time: 766 [ms], path length: 38 [edges], generated: 696
[00:00:00:00:529] Path of length 38 found: [48, 47, 46, 39, 40, 41, 34, 27, 26, 33, 32, 25, 18, 19, 12, 11, 4, 3, 2, 1, 8, 15, 22, 23, 16, 17, 24, 31, 30, 37, 36, 43, 42, 35, 28, 21, 14, 7, 0]
[00:00:00:00:530] ! Unidirectional t-s. expansions: 292, time: 529 [ms], path length: 38 [edges], generated: 508
[00:00:00:01:268] Path of length 38 found: [0, 7, 14, 21, 28, 35, 42, 43, 36, 37, 30, 29, 22, 15, 8, 1, 2, 3, 4, 11, 12, 19, 18, 17, 16, 23, 24, 31, 32, 25, 26, 27, 34, 41, 40, 39, 46, 47, 48]
[00:00:00:01:607] ! Bidirectional. expansions: 1,077, time: 1,268 [ms], path length: 38 [edges], g_F: 30, g_B: 8, generated: 0, MM: 22, MMPER: 55.41025641025641%
[00:00:00:01:608] 
---------- SM_Grids/7x7_grid_with_random_blocks_16per_4 ----------
[00:00:00:00:957] Path of length 38 found: [0, 7, 14, 21, 28, 29, 36, 35, 42, 43, 44, 45, 38, 31, 30, 23, 16, 9, 8, 1, 2, 3, 10, 11, 12, 5, 6, 13, 20, 19, 18, 25, 26, 27, 34, 33, 40, 47, 48]
[00:00:00:00:958] ! Unidirectional s-t. expansions: 616, time: 957 [ms], path length: 38 [edges], generated: 937
[00:00:00:00:894] Path of length 38 found: [48, 47, 40, 41, 34, 33, 26, 25, 18, 19, 20, 13, 6, 5, 12, 11, 10, 3, 2, 1, 8, 9, 16, 23, 30, 31, 38, 45, 44, 43, 42, 35, 36, 29, 22, 21, 14, 7, 0]
[00:00:00:00:894] ! Unidirectional t-s. expansions: 548, time: 894 [ms], path length: 38 [edges], generated: 859
[00:00:00:01:271] Path of length 38 found: [0, 7, 8, 1, 2, 3, 10, 9, 16, 23, 22, 21, 28, 35, 42, 43, 36, 29, 30, 31, 38, 45, 46, 47, 40, 33, 26, 25, 18, 11, 12, 5, 6, 13, 20, 27, 34, 41, 48]
[00:00:00:01:610] ! Bidirectional. expansions: 1,118, time: 1,271 [ms], path length: 38 [edges], g_F: 27, g_B: 11, generated: 0, MM: 16, MMPER: 40.02564102564103%
[00:00:00:01:610] 
---------- SM_Grids/7x7_grid_with_random_blocks_16per_5 ----------
[00:00:00:00:071] Path of length 38 found: [0, 7, 14, 21, 28, 29, 22, 15, 8, 1, 2, 9, 16, 23, 30, 37, 38, 31, 24, 17, 18, 11, 4, 5, 6, 13, 12, 19, 20, 27, 26, 25, 32, 39, 40, 33, 34, 41, 48]
[00:00:00:00:072] ! Unidirectional s-t. expansions: 38, time: 71 [ms], path length: 38 [edges], generated: 64
[00:00:00:00:073] Path of length 38 found: [48, 41, 34, 27, 20, 13, 6, 5, 4, 11, 12, 19, 18, 17, 16, 9, 2, 1, 8, 15, 22, 23, 24, 31, 32, 25, 26, 33, 40, 39, 38, 37, 30, 29, 28, 21, 14, 7, 0]
[00:00:00:00:073] ! Unidirectional t-s. expansions: 38, time: 73 [ms], path length: 38 [edges], generated: 64
[00:00:00:00:052] Path of length 38 found: [0, 7, 14, 21, 28, 29, 22, 15, 8, 1, 2, 9, 16, 23, 30, 37, 38, 31, 24, 17, 18, 25, 32, 39, 40, 33, 26, 19, 12, 11, 4, 5, 6, 13, 20, 27, 34, 41, 48]
[00:00:00:00:422] ! Bidirectional. expansions: 38, time: 52 [ms], path length: 38 [edges], g_F: 23, g_B: 15, generated: 0, MM: 8, MMPER: 19.512820512820515%
[00:00:00:00:423] 
---------- SM_Grids/7x7_grid_with_random_blocks_16per_6 ----------
[00:00:00:00:066] Path of length 36 found: [0, 1, 8, 15, 22, 23, 16, 9, 2, 3, 10, 17, 24, 31, 30, 37, 44, 45, 46, 39, 32, 25, 18, 11, 4, 5, 6, 13, 12, 19, 20, 27, 26, 33, 34, 41, 48]
[00:00:00:00:067] ! Unidirectional s-t. expansions: 36, time: 67 [ms], path length: 36 [edges], generated: 58
[00:00:00:00:067] Path of length 36 found: [48, 41, 34, 27, 20, 13, 6, 5, 4, 3, 2, 9, 16, 17, 10, 11, 12, 19, 18, 25, 26, 33, 32, 39, 46, 45, 44, 37, 30, 31, 24, 23, 22, 15, 8, 1, 0]
[00:00:00:00:067] ! Unidirectional t-s. expansions: 36, time: 67 [ms], path length: 36 [edges], generated: 58
[00:00:00:00:048] Path of length 36 found: [0, 1, 8, 15, 22, 23, 16, 17, 24, 31, 30, 37, 44, 45, 46, 39, 32, 33, 26, 25, 18, 19, 12, 11, 10, 9, 2, 3, 4, 5, 6, 13, 20, 27, 34, 41, 48]
[00:00:00:00:380] ! Bidirectional. expansions: 36, time: 48 [ms], path length: 36 [edges], g_F: 25, g_B: 11, generated: 0, MM: 14, MMPER: 36.83783783783784%
[00:00:00:00:380] 
---------- SM_Grids/7x7_grid_with_random_blocks_16per_7 ----------
[00:00:00:01:047] Path of length 38 found: [0, 7, 8, 1, 2, 3, 10, 17, 16, 15, 22, 21, 28, 35, 42, 43, 36, 37, 30, 31, 24, 25, 18, 19, 12, 11, 4, 5, 6, 13, 20, 27, 26, 33, 40, 39, 46, 47, 48]
[00:00:00:01:047] ! Unidirectional s-t. expansions: 576, time: 1,047 [ms], path length: 38 [edges], generated: 964
[00:00:00:01:127] Path of length 38 found: [48, 47, 46, 39, 40, 33, 34, 27, 26, 25, 24, 31, 30, 37, 36, 43, 42, 35, 28, 21, 14, 7, 8, 15, 16, 17, 18, 19, 20, 13, 6, 5, 12, 11, 4, 3, 2, 1, 0]
[00:00:00:01:127] ! Unidirectional t-s. expansions: 651, time: 1,127 [ms], path length: 38 [edges], generated: 1,092
[00:00:00:00:950] Path of length 38 found: [0, 1, 2, 3, 4, 11, 10, 17, 16, 15, 8, 7, 14, 21, 28, 35, 42, 43, 36, 37, 30, 31, 24, 25, 26, 19, 12, 5, 6, 13, 20, 27, 34, 33, 40, 39, 46, 47, 48]
[00:00:00:01:291] ! Bidirectional. expansions: 863, time: 950 [ms], path length: 38 [edges], g_F: 6, g_B: 32, generated: 0, MM: 26, MMPER: 65.66666666666667%
[00:00:00:01:292] 
---------- SM_Grids/7x7_grid_with_random_blocks_16per_8 ----------
[00:00:00:05:885] Path of length 38 found: [0, 1, 8, 15, 22, 21, 28, 29, 36, 35, 42, 43, 44, 37, 30, 31, 32, 25, 24, 17, 16, 9, 2, 3, 10, 11, 4, 5, 6, 13, 12, 19, 20, 27, 26, 33, 40, 47, 48]
[00:00:00:05:885] ! Unidirectional s-t. expansions: 3,605, time: 5,885 [ms], path length: 38 [edges], generated: 5,926
[00:00:00:04:854] Path of length 38 found: [48, 47, 40, 33, 34, 27, 26, 19, 20, 13, 6, 5, 12, 11, 4, 3, 10, 17, 24, 25, 32, 31, 30, 37, 44, 43, 42, 35, 36, 29, 28, 21, 22, 15, 16, 9, 2, 1, 0]
[00:00:00:04:855] ! Unidirectional t-s. expansions: 3,070, time: 4,854 [ms], path length: 38 [edges], generated: 5,089
[00:00:00:03:888] Path of length 38 found: [0, 1, 8, 9, 2, 3, 4, 5, 6, 13, 12, 11, 10, 17, 16, 15, 22, 21, 28, 35, 42, 43, 44, 37, 36, 29, 30, 31, 24, 25, 18, 19, 20, 27, 26, 33, 40, 47, 48]
[00:00:00:04:219] ! Bidirectional. expansions: 4,424, time: 3,889 [ms], path length: 38 [edges], g_F: 35, g_B: 3, generated: 0, MM: 32, MMPER: 81.05128205128206%
[00:00:00:04:220] 
---------- SM_Grids/7x7_grid_with_random_blocks_16per_9 ----------
[00:00:00:04:876] Path of length 36 found: [0, 7, 8, 1, 2, 3, 10, 17, 18, 19, 20, 27, 34, 33, 26, 25, 32, 31, 24, 23, 16, 15, 22, 21, 28, 29, 36, 35, 42, 43, 44, 45, 46, 39, 40, 47, 48]
[00:00:00:04:876] ! Unidirectional s-t. expansions: 2,820, time: 4,876 [ms], path length: 36 [edges], generated: 4,939
[00:00:00:06:851] Path of length 36 found: [48, 47, 40, 41, 34, 33, 26, 27, 20, 19, 18, 25, 24, 31, 32, 39, 46, 45, 44, 37, 36, 43, 42, 35, 28, 21, 22, 23, 16, 17, 10, 3, 2, 9, 8, 1, 0]
[00:00:00:06:851] ! Unidirectional t-s. expansions: 4,196, time: 6,851 [ms], path length: 36 [edges], generated: 7,064
[00:00:00:06:701] Path of length 36 found: [0, 7, 8, 1, 2, 3, 10, 9, 16, 17, 18, 25, 26, 19, 20, 27, 34, 33, 32, 31, 24, 23, 22, 21, 28, 29, 36, 35, 42, 43, 44, 45, 46, 39, 40, 41, 48]
[00:00:00:07:027] ! Bidirectional. expansions: 5,564, time: 6,701 [ms], path length: 36 [edges], g_F: 34, g_B: 2, generated: 0, MM: 32, MMPER: 85.48648648648648%

[00:00:00:07:028] average expansions: (873, 1,064, 1,354, 0)
[00:00:00:07:028] average time: (1,480, 1,714, 1,480, 0)
[00:00:00:07:028] XA*: 873 , 1,480 (expansions , time[ms])
[00:00:00:07:028] BiXA*: 1,354 , 1,480 (expansions , time[ms])

