------------------------------------
Thu 01 Oct 2026 12:14:09 IDT
SLURM_JOBID:		21944094
SLURM_JOB_NODELIST:	ise-cpu256-28
SLURM_SCRATCH_DIR:	/scratch/shubit/21944094
Allocated Resouces:	cpu - 2 / mem - 61440 MB / gpu - 
SLURM_GPU_INDEX:	
Running as shubit from shimony account with normal QOS
------------------------------------
Thu 01 Oct 2026 12:14:09 IDT

SLURM_JOBID:		 21944094
SLURM_JOB_NODELIST:	 ise-cpu256-28 

--------------------------
date: SM_Grids
number_of_graphs: 10
graph_type: grid
size_of_graphs: [7, 7]
heuristic: bcc_heuristic
snake: False
run_uni: True
run_bi: True
run_multi: False
solution_vertices: []
algorithms: ['IDA']
lookahead: -2
bsd: False
cube_first_dims: 4
cube_buffer_dim: None
backward_sym_generation: False
sym_coil: False
prefix_set: None

---------- SM_Grids/7x7_grid_with_random_blocks_16per_0 ----------
[00:00:00:00:079] Path of length 34 found: [0, 1, 8, 7, 14, 21, 22, 29, 28, 35, 42, 43, 36, 37, 30, 31, 24, 17, 18, 25, 32, 39, 38, 45, 46, 47, 40, 33, 26, 19, 20, 27, 34, 41, 48]
[00:00:00:00:079] ! Unidirectional s-t. expansions: 47, time: 79 [ms], path length: 34 [edges], generated: 81
[00:00:00:02:289] Path of length 34 found: [48, 41, 34, 27, 20, 19, 18, 17, 24, 31, 30, 29, 36, 37, 38, 39, 32, 25, 26, 33, 40, 47, 46, 45, 44, 43, 42, 35, 28, 21, 14, 7, 8, 1, 0]
[00:00:00:02:289] ! Unidirectional t-s. expansions: 1,541, time: 2,289 [ms], path length: 34 [edges], generated: 2,657
[00:00:00:00:293] Path of length 34 found: [0, 1, 8, 7, 14, 21, 22, 29, 28, 35, 42, 43, 36, 37, 30, 31, 38, 45, 46, 47, 40, 39, 32, 33, 26, 25, 24, 17, 18, 19, 20, 27, 34, 41, 48]
[00:00:00:00:762] ! Bidirectional. expansions: 136, time: 293 [ms], path length: 34 [edges], g_F: 27, g_B: 7, generated: 0, MM: 20, MMPER: 56.142857142857146%
[00:00:00:00:762] 
---------- SM_Grids/7x7_grid_with_random_blocks_16per_1 ----------
[00:00:00:00:079] Path of length 40 found: [0, 1, 2, 3, 4, 5, 12, 13, 20, 27, 26, 19, 18, 11, 10, 9, 16, 15, 22, 21, 28, 35, 42, 43, 36, 29, 30, 37, 44, 45, 38, 31, 24, 25, 32, 39, 46, 47, 40, 41, 48]
[00:00:00:00:079] ! Unidirectional s-t. expansions: 41, time: 79 [ms], path length: 40 [edges], generated: 64
[00:00:00:00:070] Path of length 40 found: [48, 41, 40, 47, 46, 39, 32, 25, 24, 31, 30, 29, 36, 37, 38, 45, 44, 43, 42, 35, 28, 21, 22, 15, 16, 9, 10, 11, 18, 19, 26, 27, 20, 13, 12, 5, 4, 3, 2, 1, 0]
[00:00:00:00:070] ! Unidirectional t-s. expansions: 39, time: 70 [ms], path length: 40 [edges], generated: 59
[00:00:00:00:070] Path of length 40 found: [0, 1, 2, 3, 4, 5, 12, 13, 20, 27, 26, 19, 18, 11, 10, 9, 16, 15, 22, 21, 28, 35, 42, 43, 36, 29, 30, 37, 44, 45, 38, 31, 24, 25, 32, 39, 46, 47, 40, 41, 48]
[00:00:00:00:535] ! Bidirectional. expansions: 41, time: 70 [ms], path length: 40 [edges], g_F: 33, g_B: 7, generated: 0, MM: 26, MMPER: 62.41463414634146%
[00:00:00:00:536] 
---------- SM_Grids/7x7_grid_with_random_blocks_16per_2 ----------
[00:00:00:01:212] Path of length 38 found: [0, 7, 8, 1, 2, 9, 16, 23, 22, 29, 28, 35, 36, 43, 44, 45, 38, 37, 30, 31, 32, 25, 18, 17, 10, 3, 4, 5, 6, 13, 12, 19, 26, 27, 34, 33, 40, 47, 48]
[00:00:00:01:212] ! Unidirectional s-t. expansions: 672, time: 1,212 [ms], path length: 38 [edges], generated: 1,123
[00:00:00:00:461] Path of length 38 found: [48, 47, 40, 33, 34, 27, 26, 19, 12, 13, 6, 5, 4, 11, 18, 25, 32, 31, 30, 37, 38, 45, 44, 43, 36, 35, 28, 29, 22, 23, 16, 17, 10, 3, 2, 9, 8, 1, 0]
[00:00:00:00:462] ! Unidirectional t-s. expansions: 292, time: 461 [ms], path length: 38 [edges], generated: 479
[00:00:00:00:663] Path of length 38 found: [0, 7, 8, 1, 2, 9, 16, 23, 22, 29, 28, 35, 36, 43, 44, 45, 38, 37, 30, 31, 32, 25, 18, 17, 10, 3, 4, 5, 6, 13, 12, 19, 26, 27, 34, 33, 40, 47, 48]
[00:00:00:01:099] ! Bidirectional. expansions: 341, time: 664 [ms], path length: 38 [edges], g_F: 35, g_B: 3, generated: 0, MM: 32, MMPER: 81.05128205128206%
[00:00:00:01:100] 
---------- SM_Grids/7x7_grid_with_random_blocks_16per_3 ----------
[00:00:00:00:716] Path of length 38 found: [0, 7, 14, 21, 28, 35, 42, 43, 36, 37, 30, 29, 22, 15, 8, 1, 2, 3, 4, 11, 12, 19, 18, 17, 16, 23, 24, 31, 32, 25, 26, 27, 34, 33, 40, 39, 46, 47, 48]
[00:00:00:00:716] ! Unidirectional s-t. expansions: 458, time: 716 [ms], path length: 38 [edges], generated: 752
[00:00:00:00:589] Path of length 38 found: [48, 41, 34, 27, 26, 33, 40, 47, 46, 39, 32, 25, 18, 19, 12, 11, 4, 3, 2, 1, 8, 15, 22, 23, 16, 17, 24, 31, 30, 37, 36, 43, 42, 35, 28, 21, 14, 7, 0]
[00:00:00:00:589] ! Unidirectional t-s. expansions: 322, time: 589 [ms], path length: 38 [edges], generated: 561
[00:00:00:01:686] Path of length 38 found: [0, 7, 14, 21, 28, 35, 42, 43, 36, 37, 30, 29, 22, 15, 8, 1, 2, 3, 4, 11, 12, 19, 18, 17, 16, 23, 24, 31, 32, 25, 26, 27, 34, 41, 40, 39, 46, 47, 48]
[00:00:00:02:101] ! Bidirectional. expansions: 1,077, time: 1,686 [ms], path length: 38 [edges], g_F: 30, g_B: 8, generated: 0, MM: 22, MMPER: 55.41025641025641%
[00:00:00:02:101] 
---------- SM_Grids/7x7_grid_with_random_blocks_16per_4 ----------
[00:00:00:01:182] Path of length 38 found: [0, 7, 14, 21, 28, 35, 42, 43, 44, 45, 38, 31, 30, 29, 22, 23, 16, 9, 8, 1, 2, 3, 10, 11, 18, 25, 26, 19, 12, 5, 6, 13, 20, 27, 34, 33, 40, 47, 48]
[00:00:00:01:183] ! Unidirectional s-t. expansions: 813, time: 1,182 [ms], path length: 38 [edges], generated: 1,266
[00:00:00:00:893] Path of length 38 found: [48, 41, 34, 27, 20, 13, 6, 5, 12, 11, 18, 25, 26, 33, 40, 47, 46, 45, 38, 31, 30, 23, 22, 29, 36, 43, 42, 35, 28, 21, 14, 7, 8, 9, 10, 3, 2, 1, 0]
[00:00:00:00:893] ! Unidirectional t-s. expansions: 643, time: 893 [ms], path length: 38 [edges], generated: 1,017
[00:00:00:02:368] Path of length 38 found: [0, 7, 14, 21, 22, 29, 28, 35, 42, 43, 44, 45, 38, 31, 30, 23, 16, 9, 8, 1, 2, 3, 10, 11, 18, 25, 26, 19, 12, 5, 6, 13, 20, 27, 34, 33, 40, 41, 48]
[00:00:00:02:756] ! Bidirectional. expansions: 1,451, time: 2,368 [ms], path length: 38 [edges], g_F: 6, g_B: 32, generated: 0, MM: 26, MMPER: 65.66666666666667%
[00:00:00:02:756] 
---------- SM_Grids/7x7_grid_with_random_blocks_16per_5 ----------
[00:00:00:00:065] Path of length 38 found: [0, 7, 14, 21, 28, 29, 22, 15, 8, 1, 2, 9, 16, 23, 30, 37, 38, 31, 24, 17, 18, 11, 4, 5, 6, 13, 12, 19, 20, 27, 26, 25, 32, 39, 40, 33, 34, 41, 48]
[00:00:00:00:065] ! Unidirectional s-t. expansions: 37, time: 65 [ms], path length: 38 [edges], generated: 63
[00:00:00:00:062] Path of length 38 found: [48, 41, 34, 27, 20, 13, 6, 5, 4, 11, 12, 19, 18, 17, 16, 9, 2, 1, 8, 15, 22, 23, 24, 31, 32, 25, 26, 33, 40, 39, 38, 37, 30, 29, 28, 21, 14, 7, 0]
[00:00:00:00:062] ! Unidirectional t-s. expansions: 37, time: 62 [ms], path length: 38 [edges], generated: 63
[00:00:00:00:064] Path of length 38 found: [0, 7, 14, 21, 28, 29, 22, 15, 8, 1, 2, 9, 16, 23, 30, 37, 38, 31, 24, 17, 18, 25, 32, 39, 40, 33, 26, 19, 12, 11, 4, 5, 6, 13, 20, 27, 34, 41, 48]
[00:00:00:00:452] ! Bidirectional. expansions: 37, time: 64 [ms], path length: 38 [edges], g_F: 23, g_B: 15, generated: 0, MM: 8, MMPER: 19.512820512820515%
[00:00:00:00:452] 
---------- SM_Grids/7x7_grid_with_random_blocks_16per_6 ----------
[00:00:00:00:060] Path of length 36 found: [0, 1, 8, 15, 22, 23, 16, 9, 2, 3, 10, 17, 24, 31, 30, 37, 44, 45, 46, 39, 32, 25, 18, 11, 4, 5, 6, 13, 12, 19, 20, 27, 26, 33, 34, 41, 48]
[00:00:00:00:060] ! Unidirectional s-t. expansions: 35, time: 60 [ms], path length: 36 [edges], generated: 57
[00:00:00:00:056] Path of length 36 found: [48, 41, 34, 27, 20, 13, 6, 5, 4, 3, 2, 9, 16, 17, 10, 11, 12, 19, 18, 25, 26, 33, 32, 39, 46, 45, 44, 37, 30, 31, 24, 23, 22, 15, 8, 1, 0]
[00:00:00:00:057] ! Unidirectional t-s. expansions: 35, time: 56 [ms], path length: 36 [edges], generated: 57
[00:00:00:00:090] Path of length 36 found: [0, 1, 8, 15, 22, 23, 16, 17, 24, 31, 30, 37, 44, 45, 46, 39, 32, 33, 26, 25, 18, 19, 12, 11, 10, 9, 2, 3, 4, 5, 6, 13, 20, 27, 34, 41, 48]
[00:00:00:00:443] ! Bidirectional. expansions: 35, time: 90 [ms], path length: 36 [edges], g_F: 25, g_B: 11, generated: 0, MM: 14, MMPER: 36.83783783783784%
[00:00:00:00:443] 
---------- SM_Grids/7x7_grid_with_random_blocks_16per_7 ----------
[00:00:00:01:000] Path of length 38 found: [0, 7, 14, 21, 28, 35, 42, 43, 36, 37, 30, 31, 24, 17, 16, 15, 8, 1, 2, 3, 10, 11, 4, 5, 6, 13, 12, 19, 18, 25, 26, 27, 34, 33, 40, 39, 46, 47, 48]
[00:00:00:01:000] ! Unidirectional s-t. expansions: 685, time: 1,000 [ms], path length: 38 [edges], generated: 1,165
[00:00:00:01:045] Path of length 38 found: [48, 47, 46, 39, 40, 33, 34, 27, 20, 13, 6, 5, 4, 3, 2, 1, 8, 15, 16, 17, 10, 11, 12, 19, 18, 25, 24, 31, 30, 37, 36, 43, 42, 35, 28, 21, 14, 7, 0]
[00:00:00:01:045] ! Unidirectional t-s. expansions: 824, time: 1,045 [ms], path length: 38 [edges], generated: 1,383
[00:00:00:01:701] Path of length 38 found: [0, 7, 14, 21, 28, 35, 42, 43, 36, 37, 30, 31, 24, 25, 18, 11, 10, 17, 16, 15, 8, 1, 2, 3, 4, 5, 6, 13, 12, 19, 26, 27, 34, 33, 40, 39, 46, 47, 48]
[00:00:00:02:225] ! Bidirectional. expansions: 1,166, time: 1,702 [ms], path length: 38 [edges], g_F: 29, g_B: 9, generated: 0, MM: 20, MMPER: 50.282051282051285%
[00:00:00:02:225] 
---------- SM_Grids/7x7_grid_with_random_blocks_16per_8 ----------
[00:00:00:06:881] Path of length 38 found: [0, 1, 8, 15, 22, 21, 28, 35, 42, 43, 44, 37, 36, 29, 30, 31, 24, 17, 16, 9, 2, 3, 10, 11, 4, 5, 6, 13, 12, 19, 18, 25, 26, 27, 34, 33, 40, 47, 48]
[00:00:00:06:882] ! Unidirectional s-t. expansions: 4,784, time: 6,881 [ms], path length: 38 [edges], generated: 7,925
[00:00:00:04:594] Path of length 38 found: [48, 47, 40, 33, 34, 27, 20, 13, 6, 5, 4, 3, 2, 9, 16, 17, 10, 11, 12, 19, 18, 25, 24, 31, 30, 29, 36, 37, 44, 43, 42, 35, 28, 21, 22, 15, 8, 1, 0]
[00:00:00:04:594] ! Unidirectional t-s. expansions: 3,314, time: 4,594 [ms], path length: 38 [edges], generated: 5,502
[00:00:00:06:414] Path of length 38 found: [0, 1, 8, 15, 22, 21, 28, 35, 42, 43, 44, 37, 36, 29, 30, 31, 24, 25, 18, 11, 10, 17, 16, 9, 2, 3, 4, 5, 6, 13, 12, 19, 20, 27, 26, 33, 40, 47, 48]
[00:00:00:06:886] ! Bidirectional. expansions: 4,814, time: 6,414 [ms], path length: 38 [edges], g_F: 35, g_B: 3, generated: 0, MM: 32, MMPER: 81.05128205128206%
[00:00:00:06:887] 
---------- SM_Grids/7x7_grid_with_random_blocks_16per_9 ----------
[00:00:00:07:011] Path of length 36 found: [0, 7, 8, 1, 2, 3, 10, 9, 16, 15, 22, 21, 28, 29, 36, 35, 42, 43, 44, 45, 46, 39, 32, 31, 24, 17, 18, 25, 26, 19, 20, 27, 34, 33, 40, 47, 48]
[00:00:00:07:011] ! Unidirectional s-t. expansions: 4,511, time: 7,011 [ms], path length: 36 [edges], generated: 7,821
[00:00:00:09:206] Path of length 36 found: [48, 41, 34, 27, 20, 19, 18, 17, 10, 3, 2, 9, 16, 23, 24, 31, 32, 25, 26, 33, 40, 39, 46, 45, 44, 37, 36, 43, 42, 35, 28, 21, 22, 15, 8, 1, 0]
[00:00:00:09:206] ! Unidirectional t-s. expansions: 6,586, time: 9,206 [ms], path length: 36 [edges], generated: 11,078
[00:00:00:12:038] Path of length 36 found: [0, 7, 8, 1, 2, 3, 10, 9, 16, 17, 18, 25, 26, 19, 20, 27, 34, 33, 32, 31, 24, 23, 22, 21, 28, 29, 36, 35, 42, 43, 44, 45, 46, 39, 40, 41, 48]
[00:00:00:12:464] ! Bidirectional. expansions: 7,114, time: 12,038 [ms], path length: 36 [edges], g_F: 34, g_B: 2, generated: 0, MM: 32, MMPER: 85.48648648648648%

[00:00:00:12:465] average expansions: (1,208, 1,363, 1,621, 0)
[00:00:00:12:465] average time: (1,828, 1,926, 2,539, 0)
[00:00:00:12:465] XIDA: 1,208 , 1,828 (expansions , time[ms])
[00:00:00:12:465] BiXIDA: 1,621 , 2,539 (expansions , time[ms])

