------------------------------------
Thu 01 Oct 2026 13:48:08 IDT
SLURM_JOBID:		21947743
SLURM_JOB_NODELIST:	ise-cpu256-32
SLURM_SCRATCH_DIR:	/scratch/shubit/21947743
Allocated Resouces:	cpu - 2 / mem - 61440 MB / gpu - 
SLURM_GPU_INDEX:	
Running as shubit from shimony account with normal QOS
------------------------------------
Thu 01 Oct 2026 13:48:08 IDT

SLURM_JOBID:		 21947743
SLURM_JOB_NODELIST:	 ise-cpu256-32 

--------------------------
date: SM_Grids
number_of_graphs: 10
graph_type: grid
size_of_graphs: [7, 7]
heuristic: bcc_heuristic
snake: False
run_uni: True
run_bi: True
run_multi: False
solution_vertices: []
algorithms: ['DFBnB']
lookahead: 3
bsd: False
cube_first_dims: 4
cube_buffer_dim: None
backward_sym_generation: False
sym_coil: False
prefix_set: None

---------- SM_Grids/7x7_grid_with_random_blocks_8per_0 ----------
[00:00:00:05:856] Path of length 44 found: [0, 7, 8, 1, 2, 9, 16, 15, 22, 21, 28, 35, 42, 43, 36, 29, 30, 37, 44, 45, 38, 31, 32, 25, 18, 17, 10, 3, 4, 11, 12, 5, 6, 13, 20, 19, 26, 27, 34, 33, 40, 39, 46, 47, 48]
[00:00:00:05:856] ! Unidirectional s-t. expansions: 1,724, time: 5,856 [ms], path length: 44 [edges], generated: 17,190
[00:00:00:24:264] Path of length 44 found: [48, 41, 34, 27, 20, 13, 6, 5, 4, 3, 2, 9, 16, 17, 10, 11, 12, 19, 18, 25, 26, 33, 32, 31, 30, 29, 36, 37, 38, 39, 40, 47, 46, 45, 44, 43, 42, 35, 28, 21, 22, 15, 8, 1, 0]
[00:00:00:24:264] ! Unidirectional t-s. expansions: 7,438, time: 24,264 [ms], path length: 44 [edges], generated: 66,433
[00:00:00:28:930] Path of length 44 found: [0, 7, 8, 1, 2, 9, 16, 15, 22, 21, 28, 35, 42, 43, 36, 29, 30, 37, 44, 45, 38, 31, 32, 39, 46, 47, 40, 33, 26, 19, 12, 11, 18, 17, 10, 3, 4, 5, 6, 13, 20, 27, 34, 41, 48]
[00:00:00:29:359] ! Bidirectional. expansions: 3,258, time: 28,930 [ms], path length: 44 [edges], g_F: 26, g_B: 18, generated: 0, MM: 8, MMPER: 16.77777777777778%
[00:00:00:29:359] 
---------- SM_Grids/7x7_grid_with_random_blocks_8per_1 ----------
[00:00:00:41:654] Path of length 42 found: [0, 7, 14, 21, 28, 35, 42, 43, 36, 29, 22, 15, 8, 9, 2, 3, 10, 17, 16, 23, 30, 31, 24, 25, 18, 11, 4, 5, 6, 13, 12, 19, 20, 27, 26, 33, 32, 39, 46, 47, 40, 41, 48]
[00:00:00:41:655] ! Unidirectional s-t. expansions: 8,530, time: 41,654 [ms], path length: 42 [edges], generated: 96,863
[00:00:01:07:514] Path of length 42 found: [48, 41, 34, 27, 20, 13, 6, 5, 4, 3, 2, 9, 8, 15, 22, 23, 16, 17, 10, 11, 12, 19, 18, 25, 26, 33, 40, 47, 46, 39, 32, 31, 30, 29, 36, 43, 42, 35, 28, 21, 14, 7, 0]
[00:00:01:07:514] ! Unidirectional t-s. expansions: 17,221, time: 67,514 [ms], path length: 42 [edges], generated: 169,483
[00:00:01:51:224] Path of length 42 found: [0, 7, 14, 21, 28, 35, 42, 43, 36, 29, 22, 15, 16, 23, 30, 31, 38, 39, 46, 47, 40, 33, 26, 19, 12, 11, 18, 25, 24, 17, 10, 9, 2, 3, 4, 5, 6, 13, 20, 27, 34, 41, 48]
[00:00:01:51:600] ! Bidirectional. expansions: 13,124, time: 111,224 [ms], path length: 42 [edges], g_F: 25, g_B: 17, generated: 0, MM: 8, MMPER: 17.6046511627907%
[00:00:01:51:600] 
---------- SM_Grids/7x7_grid_with_random_blocks_8per_2 ----------
[00:00:00:12:806] Path of length 44 found: [0, 7, 14, 21, 28, 35, 36, 43, 44, 37, 30, 29, 22, 15, 8, 9, 2, 3, 10, 17, 16, 23, 24, 31, 38, 45, 46, 39, 32, 33, 26, 19, 18, 11, 4, 5, 12, 13, 20, 27, 34, 41, 40, 47, 48]
[00:00:00:12:806] ! Unidirectional s-t. expansions: 2,592, time: 12,806 [ms], path length: 44 [edges], generated: 28,273
[00:00:00:24:306] Path of length 44 found: [48, 41, 34, 27, 20, 13, 6, 5, 4, 3, 2, 9, 8, 15, 22, 29, 30, 37, 38, 31, 24, 23, 16, 17, 10, 11, 18, 19, 26, 33, 32, 39, 40, 47, 46, 45, 44, 43, 36, 35, 28, 21, 14, 7, 0]
[00:00:00:24:306] ! Unidirectional t-s. expansions: 5,061, time: 24,306 [ms], path length: 44 [edges], generated: 52,459
[00:00:00:57:541] Path of length 44 found: [0, 7, 14, 21, 28, 35, 36, 43, 44, 37, 30, 29, 22, 15, 8, 9, 16, 23, 24, 31, 38, 45, 46, 47, 40, 39, 32, 33, 26, 19, 12, 11, 18, 17, 10, 3, 4, 5, 6, 13, 20, 27, 34, 41, 48]
[00:00:00:57:903] ! Bidirectional. expansions: 6,366, time: 57,541 [ms], path length: 44 [edges], g_F: 27, g_B: 17, generated: 0, MM: 10, MMPER: 21.22222222222222%
[00:00:00:57:903] 
---------- SM_Grids/7x7_grid_with_random_blocks_8per_3 ----------
[00:00:00:32:826] Path of length 44 found: [0, 7, 14, 21, 28, 35, 42, 43, 44, 37, 30, 29, 22, 23, 16, 9, 8, 1, 2, 3, 10, 17, 24, 31, 38, 45, 46, 39, 32, 25, 18, 11, 4, 5, 6, 13, 12, 19, 20, 27, 26, 33, 40, 47, 48]
[00:00:00:32:826] ! Unidirectional s-t. expansions: 10,849, time: 32,826 [ms], path length: 44 [edges], generated: 90,959
[00:00:00:01:941] Path of length 44 found: [48, 41, 40, 47, 46, 39, 32, 33, 26, 27, 20, 13, 6, 5, 4, 3, 2, 1, 8, 9, 16, 17, 10, 11, 12, 19, 18, 25, 24, 23, 22, 29, 30, 31, 38, 37, 44, 43, 42, 35, 28, 21, 14, 7, 0]
[00:00:00:01:941] ! Unidirectional t-s. expansions: 327, time: 1,941 [ms], path length: 44 [edges], generated: 3,785
[00:00:00:09:754] Path of length 44 found: [0, 7, 14, 21, 28, 35, 42, 43, 44, 45, 38, 37, 30, 29, 22, 23, 16, 9, 8, 1, 2, 3, 10, 17, 24, 25, 18, 19, 12, 11, 4, 5, 6, 13, 20, 27, 26, 33, 32, 39, 46, 47, 40, 41, 48]
[00:00:00:10:134] ! Bidirectional. expansions: 936, time: 9,754 [ms], path length: 44 [edges], g_F: 26, g_B: 18, generated: 0, MM: 8, MMPER: 16.77777777777778%
[00:00:00:10:134] 
---------- SM_Grids/7x7_grid_with_random_blocks_8per_4 ----------
[00:00:00:01:194] Path of length 44 found: [0, 7, 14, 21, 28, 35, 42, 43, 36, 29, 22, 15, 8, 1, 2, 9, 16, 23, 30, 37, 38, 45, 46, 39, 32, 31, 24, 25, 18, 11, 4, 5, 6, 13, 12, 19, 20, 27, 26, 33, 34, 41, 40, 47, 48]
[00:00:00:01:194] ! Unidirectional s-t. expansions: 202, time: 1,194 [ms], path length: 44 [edges], generated: 2,092
[00:00:00:04:322] Path of length 44 found: [48, 41, 34, 27, 20, 13, 6, 5, 4, 11, 10, 9, 2, 1, 8, 15, 16, 23, 22, 29, 30, 31, 24, 25, 18, 19, 26, 33, 32, 39, 40, 47, 46, 45, 38, 37, 36, 43, 42, 35, 28, 21, 14, 7, 0]
[00:00:00:04:322] ! Unidirectional t-s. expansions: 713, time: 4,322 [ms], path length: 44 [edges], generated: 7,842
[00:00:00:12:992] Path of length 44 found: [0, 7, 14, 21, 28, 35, 42, 43, 36, 29, 22, 15, 8, 1, 2, 9, 16, 23, 24, 31, 30, 37, 38, 45, 46, 47, 40, 39, 32, 33, 26, 25, 18, 19, 12, 11, 4, 5, 6, 13, 20, 27, 34, 41, 48]
[00:00:00:13:371] ! Bidirectional. expansions: 1,140, time: 12,992 [ms], path length: 44 [edges], g_F: 25, g_B: 19, generated: 0, MM: 6, MMPER: 12.333333333333334%
[00:00:00:13:371] 
---------- SM_Grids/7x7_grid_with_random_blocks_8per_5 ----------
[00:00:00:02:617] Path of length 44 found: [0, 7, 14, 21, 28, 35, 42, 43, 36, 29, 22, 15, 8, 1, 2, 9, 10, 17, 24, 23, 30, 37, 44, 45, 46, 39, 38, 31, 32, 25, 18, 11, 12, 5, 6, 13, 20, 19, 26, 27, 34, 33, 40, 41, 48]
[00:00:00:02:617] ! Unidirectional s-t. expansions: 455, time: 2,617 [ms], path length: 44 [edges], generated: 4,716
[00:00:00:11:991] Path of length 44 found: [48, 41, 34, 27, 20, 13, 6, 5, 12, 11, 10, 3, 2, 1, 8, 15, 22, 29, 36, 37, 38, 31, 30, 23, 24, 17, 18, 19, 26, 25, 32, 33, 40, 39, 46, 45, 44, 43, 42, 35, 28, 21, 14, 7, 0]
[00:00:00:11:991] ! Unidirectional t-s. expansions: 3,356, time: 11,991 [ms], path length: 44 [edges], generated: 29,370
[00:00:00:12:262] Path of length 44 found: [0, 7, 14, 21, 28, 35, 42, 43, 36, 29, 22, 15, 8, 1, 2, 9, 10, 17, 24, 23, 30, 31, 38, 37, 44, 45, 46, 39, 40, 33, 32, 25, 26, 19, 18, 11, 12, 5, 6, 13, 20, 27, 34, 41, 48]
[00:00:00:12:621] ! Bidirectional. expansions: 1,341, time: 12,263 [ms], path length: 44 [edges], g_F: 27, g_B: 17, generated: 0, MM: 10, MMPER: 21.22222222222222%
[00:00:00:12:622] 
---------- SM_Grids/7x7_grid_with_random_blocks_8per_6 ----------
[00:00:00:14:117] Path of length 44 found: [0, 1, 8, 15, 14, 21, 28, 35, 42, 43, 36, 29, 22, 23, 16, 9, 2, 3, 4, 11, 18, 17, 24, 25, 26, 19, 12, 5, 6, 13, 20, 27, 34, 33, 40, 39, 38, 31, 30, 37, 44, 45, 46, 47, 48]
[00:00:00:14:118] ! Unidirectional s-t. expansions: 4,254, time: 14,117 [ms], path length: 44 [edges], generated: 37,251
[00:00:00:06:690] Path of length 44 found: [48, 41, 34, 27, 20, 13, 6, 5, 4, 3, 2, 9, 16, 23, 22, 29, 36, 37, 30, 31, 24, 17, 18, 11, 12, 19, 26, 33, 40, 47, 46, 39, 38, 45, 44, 43, 42, 35, 28, 21, 14, 15, 8, 1, 0]
[00:00:00:06:690] ! Unidirectional t-s. expansions: 1,194, time: 6,690 [ms], path length: 44 [edges], generated: 12,497
[00:00:00:29:066] Path of length 44 found: [0, 1, 8, 15, 14, 21, 28, 35, 42, 43, 36, 29, 22, 23, 30, 37, 44, 45, 38, 39, 46, 47, 40, 33, 26, 19, 12, 11, 18, 25, 24, 17, 16, 9, 2, 3, 4, 5, 6, 13, 20, 27, 34, 41, 48]
[00:00:00:29:430] ! Bidirectional. expansions: 3,273, time: 29,066 [ms], path length: 44 [edges], g_F: 26, g_B: 18, generated: 0, MM: 8, MMPER: 16.77777777777778%
[00:00:00:29:430] 
---------- SM_Grids/7x7_grid_with_random_blocks_8per_7 ----------
[00:00:01:17:904] Valid states checked so far: 200,000, Expansions: 20,724, Global best: 43
[00:00:02:33:801] Valid states checked so far: 400,000, Expansions: 41,374, Global best: 43
[00:00:02:38:288] Path of length 42 found: [0, 7, 14, 21, 28, 35, 42, 43, 36, 29, 22, 15, 8, 1, 2, 9, 16, 23, 30, 37, 44, 45, 38, 31, 24, 17, 10, 3, 4, 5, 12, 11, 18, 19, 26, 25, 32, 39, 46, 47, 40, 41, 48]
[00:00:02:38:288] ! Unidirectional s-t. expansions: 42,656, time: 158,288 [ms], path length: 42 [edges], generated: 411,919
[00:00:00:30:305] Path of length 42 found: [48, 41, 40, 47, 46, 39, 32, 33, 26, 19, 12, 5, 4, 3, 2, 1, 8, 15, 22, 29, 36, 37, 30, 23, 16, 9, 10, 11, 18, 17, 24, 31, 38, 45, 44, 43, 42, 35, 28, 21, 14, 7, 0]
[00:00:00:30:306] ! Unidirectional t-s. expansions: 7,211, time: 30,305 [ms], path length: 42 [edges], generated: 77,570
[00:00:01:34:704] Path of length 42 found: [0, 7, 14, 21, 28, 35, 42, 43, 36, 29, 22, 15, 8, 1, 2, 9, 16, 23, 30, 37, 44, 45, 38, 31, 24, 17, 18, 11, 10, 3, 4, 5, 12, 19, 26, 33, 32, 39, 46, 47, 40, 41, 48]
[00:00:01:35:084] ! Bidirectional. expansions: 10,875, time: 94,705 [ms], path length: 42 [edges], g_F: 24, g_B: 18, generated: 0, MM: 6, MMPER: 12.953488372093023%
[00:00:01:35:084] 
---------- SM_Grids/7x7_grid_with_random_blocks_8per_8 ----------
[00:00:01:30:849] Valid states checked so far: 200,000, Expansions: 20,111, Global best: 43
[00:00:01:44:915] Path of length 42 found: [0, 7, 8, 1, 2, 9, 16, 17, 10, 3, 4, 11, 18, 25, 24, 23, 22, 21, 28, 35, 42, 43, 44, 37, 38, 31, 32, 39, 46, 47, 40, 33, 26, 19, 12, 5, 6, 13, 20, 27, 34, 41, 48]
[00:00:01:44:916] ! Unidirectional s-t. expansions: 23,213, time: 104,916 [ms], path length: 42 [edges], generated: 229,854
[00:00:01:24:031] Valid states checked so far: 200,000, Expansions: 21,403, Global best: 43
[00:00:02:50:521] Valid states checked so far: 400,000, Expansions: 42,325, Global best: 43
[00:00:02:56:656] Path of length 42 found: [48, 41, 34, 27, 20, 13, 6, 5, 4, 3, 2, 9, 16, 23, 24, 17, 10, 11, 12, 19, 18, 25, 26, 33, 32, 31, 38, 39, 40, 47, 46, 45, 44, 43, 42, 35, 28, 21, 22, 15, 8, 1, 0]
[00:00:02:56:656] ! Unidirectional t-s. expansions: 43,465, time: 176,656 [ms], path length: 42 [edges], generated: 412,196
[00:00:07:17:174] Expansions: 50,000. F states: 318,224, B states: 149,938. Checks: 794,165)
[00:00:07:19:028] Path of length 42 found: [0, 7, 8, 1, 2, 9, 16, 15, 22, 21, 28, 35, 42, 43, 44, 37, 38, 45, 46, 47, 40, 39, 32, 31, 24, 25, 26, 19, 12, 11, 18, 17, 10, 3, 4, 5, 6, 13, 20, 27, 34, 41, 48]
[00:00:07:19:388] ! Bidirectional. expansions: 50,183, time: 439,028 [ms], path length: 42 [edges], g_F: 28, g_B: 14, generated: 0, MM: 14, MMPER: 31.558139534883722%
[00:00:07:19:388] 
---------- SM_Grids/7x7_grid_with_random_blocks_8per_9 ----------
[00:00:00:18:092] Path of length 44 found: [0, 7, 14, 21, 28, 35, 42, 43, 36, 29, 22, 15, 8, 1, 2, 9, 16, 23, 30, 37, 44, 45, 46, 39, 38, 31, 32, 25, 18, 17, 10, 3, 4, 11, 12, 5, 6, 13, 20, 27, 26, 33, 40, 41, 48]
[00:00:00:18:093] ! Unidirectional s-t. expansions: 3,925, time: 18,093 [ms], path length: 44 [edges], generated: 38,358
[00:00:00:03:761] Path of length 44 found: [48, 41, 34, 27, 20, 13, 6, 5, 12, 11, 4, 3, 2, 1, 8, 15, 22, 29, 36, 37, 30, 23, 16, 9, 10, 17, 18, 25, 26, 33, 40, 39, 32, 31, 38, 45, 44, 43, 42, 35, 28, 21, 14, 7, 0]
[00:00:00:03:762] ! Unidirectional t-s. expansions: 689, time: 3,762 [ms], path length: 44 [edges], generated: 6,919
[00:00:00:33:262] Path of length 44 found: [0, 7, 14, 21, 28, 35, 42, 43, 36, 29, 22, 15, 8, 1, 2, 9, 16, 23, 30, 37, 44, 45, 46, 39, 38, 31, 32, 33, 26, 25, 18, 17, 10, 3, 4, 11, 12, 5, 6, 13, 20, 27, 34, 41, 48]
[00:00:00:33:653] ! Bidirectional. expansions: 3,401, time: 33,262 [ms], path length: 44 [edges], g_F: 28, g_B: 16, generated: 0, MM: 12, MMPER: 25.666666666666668%

[00:00:00:33:653] average expansions: (9,840, 8,668, 9,390, 0)
[00:00:00:33:653] average time: (39,237, 35,175, 82,876, 0)
[00:00:00:33:653] XDFBnB: 8,668 , 35,175 (expansions , time[ms])
[00:00:00:33:653] BiXDFBnB: 9,390 , 82,876 (expansions , time[ms])

