------------------------------------
Thu 01 Oct 2026 12:14:08 IDT
SLURM_JOBID:		21944082
SLURM_JOB_NODELIST:	ise-cpu256-01
SLURM_SCRATCH_DIR:	/scratch/shubit/21944082
Allocated Resouces:	cpu - 2 / mem - 61440 MB / gpu - 
SLURM_GPU_INDEX:	
Running as shubit from shimony account with normal QOS
------------------------------------
Thu 01 Oct 2026 12:14:09 IDT

SLURM_JOBID:		 21944082
SLURM_JOB_NODELIST:	 ise-cpu256-01 

--------------------------
date: SM_Grids
number_of_graphs: 10
graph_type: grid
size_of_graphs: [7, 7]
heuristic: bcc_heuristic
snake: False
run_uni: True
run_bi: True
run_multi: False
solution_vertices: []
algorithms: ['IDA']
lookahead: -2
bsd: False
cube_first_dims: 4
cube_buffer_dim: None
backward_sym_generation: False
sym_coil: False
prefix_set: None

---------- SM_Grids/7x7_grid_with_random_blocks_8per_0 ----------
[00:00:00:05:559] Path of length 44 found: [0, 7, 8, 1, 2, 9, 16, 15, 22, 21, 28, 35, 42, 43, 36, 29, 30, 37, 44, 45, 46, 39, 38, 31, 32, 25, 18, 17, 10, 3, 4, 11, 12, 5, 6, 13, 20, 19, 26, 27, 34, 33, 40, 47, 48]
[00:00:00:05:560] ! Unidirectional s-t. expansions: 5,058, time: 5,559 [ms], path length: 44 [edges], generated: 8,588
[00:00:00:23:423] Path of length 44 found: [48, 41, 34, 27, 20, 13, 6, 5, 4, 3, 2, 9, 16, 17, 10, 11, 12, 19, 18, 25, 26, 33, 32, 31, 30, 29, 36, 37, 38, 39, 40, 47, 46, 45, 44, 43, 42, 35, 28, 21, 22, 15, 8, 1, 0]
[00:00:00:23:423] ! Unidirectional t-s. expansions: 21,160, time: 23,423 [ms], path length: 44 [edges], generated: 33,903
[00:00:00:11:965] Path of length 44 found: [0, 7, 8, 1, 2, 9, 10, 3, 4, 11, 18, 17, 16, 15, 22, 21, 28, 35, 42, 43, 36, 29, 30, 31, 38, 37, 44, 45, 46, 47, 40, 33, 32, 25, 26, 19, 12, 5, 6, 13, 20, 27, 34, 41, 48]
[00:00:00:12:386] ! Bidirectional. expansions: 9,103, time: 11,965 [ms], path length: 44 [edges], g_F: 32, g_B: 12, generated: 0, MM: 20, MMPER: 43.44444444444444%
[00:00:00:12:386] 
---------- SM_Grids/7x7_grid_with_random_blocks_8per_1 ----------
[00:00:00:38:453] Path of length 42 found: [0, 7, 14, 21, 28, 35, 42, 43, 36, 29, 22, 15, 8, 9, 2, 3, 10, 17, 16, 23, 30, 31, 24, 25, 18, 11, 4, 5, 6, 13, 12, 19, 20, 27, 26, 33, 32, 39, 46, 47, 40, 41, 48]
[00:00:00:38:454] ! Unidirectional s-t. expansions: 27,277, time: 38,453 [ms], path length: 42 [edges], generated: 48,487
[00:00:01:10:896] Path of length 42 found: [48, 41, 34, 27, 20, 13, 6, 5, 4, 3, 2, 9, 8, 15, 22, 23, 16, 17, 10, 11, 12, 19, 18, 25, 26, 33, 40, 47, 46, 39, 32, 31, 30, 29, 36, 43, 42, 35, 28, 21, 14, 7, 0]
[00:00:01:10:896] ! Unidirectional t-s. expansions: 53,243, time: 70,896 [ms], path length: 42 [edges], generated: 91,643
[00:00:01:12:086] Path of length 42 found: [0, 7, 14, 21, 28, 35, 42, 43, 36, 29, 22, 15, 8, 9, 2, 3, 10, 17, 16, 23, 30, 31, 24, 25, 32, 39, 46, 47, 40, 33, 26, 19, 12, 11, 4, 5, 6, 13, 20, 27, 34, 41, 48]
[00:00:01:12:448] ! Bidirectional. expansions: 49,360, time: 72,086 [ms], path length: 42 [edges], g_F: 33, g_B: 9, generated: 0, MM: 24, MMPER: 54.81395348837209%
[00:00:01:12:448] 
---------- SM_Grids/7x7_grid_with_random_blocks_8per_2 ----------
[00:00:00:10:926] Path of length 44 found: [0, 7, 14, 21, 28, 35, 36, 43, 44, 37, 30, 29, 22, 15, 8, 9, 2, 3, 10, 17, 16, 23, 24, 31, 38, 45, 46, 39, 32, 33, 26, 19, 18, 11, 4, 5, 12, 13, 20, 27, 34, 41, 40, 47, 48]
[00:00:00:10:927] ! Unidirectional s-t. expansions: 7,818, time: 10,926 [ms], path length: 44 [edges], generated: 13,602
[00:00:00:20:704] Path of length 44 found: [48, 41, 34, 27, 20, 13, 6, 5, 4, 3, 2, 9, 8, 15, 22, 29, 30, 37, 38, 31, 24, 23, 16, 17, 10, 11, 18, 19, 26, 33, 32, 39, 40, 47, 46, 45, 44, 43, 36, 35, 28, 21, 14, 7, 0]
[00:00:00:20:704] ! Unidirectional t-s. expansions: 14,939, time: 20,704 [ms], path length: 44 [edges], generated: 25,218
[00:00:00:20:595] Path of length 44 found: [0, 7, 14, 21, 28, 35, 36, 43, 44, 37, 30, 29, 22, 15, 8, 9, 2, 3, 10, 17, 16, 23, 24, 31, 38, 45, 46, 47, 40, 39, 32, 33, 26, 19, 12, 11, 4, 5, 6, 13, 20, 27, 34, 41, 48]
[00:00:00:20:976] ! Bidirectional. expansions: 13,644, time: 20,595 [ms], path length: 44 [edges], g_F: 35, g_B: 9, generated: 0, MM: 26, MMPER: 56.77777777777778%
[00:00:00:20:976] 
---------- SM_Grids/7x7_grid_with_random_blocks_8per_3 ----------
[00:00:00:32:013] Path of length 44 found: [0, 7, 14, 21, 28, 35, 42, 43, 44, 37, 30, 29, 22, 23, 16, 9, 8, 1, 2, 3, 10, 17, 24, 31, 38, 45, 46, 39, 32, 25, 18, 11, 4, 5, 6, 13, 12, 19, 20, 27, 26, 33, 40, 47, 48]
[00:00:00:32:013] ! Unidirectional s-t. expansions: 31,512, time: 32,013 [ms], path length: 44 [edges], generated: 48,560
[00:00:00:01:538] Path of length 44 found: [48, 41, 40, 47, 46, 39, 32, 33, 26, 27, 20, 13, 6, 5, 4, 3, 2, 1, 8, 9, 16, 17, 10, 11, 12, 19, 18, 25, 24, 23, 22, 29, 30, 31, 38, 37, 44, 43, 42, 35, 28, 21, 14, 7, 0]
[00:00:00:01:538] ! Unidirectional t-s. expansions: 1,015, time: 1,538 [ms], path length: 44 [edges], generated: 1,820
[00:00:00:17:212] Path of length 44 found: [0, 7, 14, 21, 28, 35, 42, 43, 44, 37, 30, 29, 22, 23, 16, 9, 8, 1, 2, 3, 10, 17, 24, 25, 18, 11, 4, 5, 6, 13, 12, 19, 20, 27, 26, 33, 32, 31, 38, 45, 46, 39, 40, 41, 48]
[00:00:00:17:606] ! Bidirectional. expansions: 14,948, time: 17,212 [ms], path length: 44 [edges], g_F: 42, g_B: 2, generated: 0, MM: 40, MMPER: 87.88888888888889%
[00:00:00:17:606] 
---------- SM_Grids/7x7_grid_with_random_blocks_8per_4 ----------
[00:00:00:00:974] Path of length 44 found: [0, 7, 14, 21, 28, 35, 42, 43, 36, 29, 22, 15, 8, 1, 2, 9, 16, 23, 30, 37, 38, 45, 46, 39, 32, 31, 24, 25, 18, 11, 4, 5, 6, 13, 12, 19, 20, 27, 26, 33, 34, 41, 40, 47, 48]
[00:00:00:00:975] ! Unidirectional s-t. expansions: 621, time: 974 [ms], path length: 44 [edges], generated: 1,030
[00:00:00:03:677] Path of length 44 found: [48, 41, 34, 27, 20, 13, 6, 5, 4, 11, 10, 9, 2, 1, 8, 15, 16, 23, 22, 29, 30, 31, 24, 25, 18, 19, 26, 33, 32, 39, 40, 47, 46, 45, 38, 37, 36, 43, 42, 35, 28, 21, 14, 7, 0]
[00:00:00:03:677] ! Unidirectional t-s. expansions: 2,168, time: 3,677 [ms], path length: 44 [edges], generated: 3,671
[00:00:00:02:591] Path of length 44 found: [0, 7, 14, 21, 28, 35, 42, 43, 36, 29, 22, 15, 8, 1, 2, 9, 16, 23, 30, 37, 38, 45, 46, 47, 40, 39, 32, 31, 24, 25, 18, 11, 4, 5, 6, 13, 12, 19, 20, 27, 26, 33, 34, 41, 48]
[00:00:00:02:967] ! Bidirectional. expansions: 1,410, time: 2,591 [ms], path length: 44 [edges], g_F: 41, g_B: 3, generated: 0, MM: 38, MMPER: 83.44444444444444%
[00:00:00:02:967] 
---------- SM_Grids/7x7_grid_with_random_blocks_8per_5 ----------
[00:00:00:02:303] Path of length 44 found: [0, 7, 14, 21, 28, 35, 42, 43, 36, 29, 22, 15, 8, 1, 2, 9, 10, 17, 24, 23, 30, 37, 44, 45, 46, 39, 38, 31, 32, 25, 18, 11, 12, 5, 6, 13, 20, 19, 26, 27, 34, 33, 40, 41, 48]
[00:00:00:02:303] ! Unidirectional s-t. expansions: 1,390, time: 2,303 [ms], path length: 44 [edges], generated: 2,330
[00:00:00:11:112] Path of length 44 found: [48, 41, 34, 27, 20, 13, 6, 5, 12, 11, 18, 19, 26, 25, 32, 33, 40, 39, 46, 45, 38, 31, 30, 29, 36, 37, 44, 43, 42, 35, 28, 21, 14, 15, 22, 23, 24, 17, 10, 3, 2, 9, 8, 1, 0]
[00:00:00:11:113] ! Unidirectional t-s. expansions: 9,889, time: 11,113 [ms], path length: 44 [edges], generated: 15,616
[00:00:00:04:234] Path of length 44 found: [0, 7, 14, 21, 28, 35, 42, 43, 36, 29, 30, 31, 38, 37, 44, 45, 46, 39, 40, 33, 32, 25, 26, 19, 18, 17, 24, 23, 22, 15, 8, 1, 2, 9, 10, 11, 12, 5, 6, 13, 20, 27, 34, 41, 48]
[00:00:00:04:590] ! Bidirectional. expansions: 2,602, time: 4,234 [ms], path length: 44 [edges], g_F: 34, g_B: 10, generated: 0, MM: 24, MMPER: 52.333333333333336%
[00:00:00:04:590] 
---------- SM_Grids/7x7_grid_with_random_blocks_8per_6 ----------
[00:00:00:13:657] Path of length 44 found: [0, 1, 8, 15, 14, 21, 28, 35, 42, 43, 36, 29, 22, 23, 30, 37, 44, 45, 46, 39, 38, 31, 24, 17, 16, 9, 2, 3, 4, 11, 18, 25, 26, 19, 12, 5, 6, 13, 20, 27, 34, 33, 40, 47, 48]
[00:00:00:13:657] ! Unidirectional s-t. expansions: 12,640, time: 13,657 [ms], path length: 44 [edges], generated: 20,130
[00:00:00:05:555] Path of length 44 found: [48, 41, 34, 27, 20, 13, 6, 5, 4, 3, 2, 9, 16, 23, 22, 29, 36, 37, 30, 31, 24, 17, 18, 11, 12, 19, 26, 33, 40, 47, 46, 39, 38, 45, 44, 43, 42, 35, 28, 21, 14, 15, 8, 1, 0]
[00:00:00:05:555] ! Unidirectional t-s. expansions: 3,556, time: 5,555 [ms], path length: 44 [edges], generated: 6,085
[00:00:00:18:927] Path of length 44 found: [0, 1, 8, 15, 14, 21, 28, 35, 42, 43, 36, 29, 22, 23, 30, 37, 44, 45, 46, 47, 40, 39, 38, 31, 24, 25, 18, 17, 16, 9, 2, 3, 4, 11, 12, 5, 6, 13, 20, 19, 26, 33, 34, 41, 48]
[00:00:00:19:326] ! Bidirectional. expansions: 14,052, time: 18,927 [ms], path length: 44 [edges], g_F: 40, g_B: 4, generated: 0, MM: 36, MMPER: 79.0%
[00:00:00:19:326] 
---------- SM_Grids/7x7_grid_with_random_blocks_8per_7 ----------
[00:00:02:16:203] Valid states checked so far: 200,000, Expansions: 119,086, Global best: 43
[00:00:02:27:552] Path of length 42 found: [0, 7, 14, 21, 28, 35, 42, 43, 36, 29, 22, 15, 8, 1, 2, 9, 16, 23, 30, 37, 44, 45, 46, 39, 38, 31, 24, 17, 10, 3, 4, 5, 12, 11, 18, 19, 26, 25, 32, 33, 40, 47, 48]
[00:00:02:27:552] ! Unidirectional s-t. expansions: 129,857, time: 147,552 [ms], path length: 42 [edges], generated: 217,483
[00:00:00:26:614] Path of length 42 found: [48, 41, 40, 47, 46, 39, 32, 33, 26, 19, 12, 5, 4, 3, 2, 9, 16, 17, 10, 11, 18, 25, 24, 23, 22, 29, 36, 37, 30, 31, 38, 45, 44, 43, 42, 35, 28, 21, 14, 15, 8, 1, 0]
[00:00:00:26:614] ! Unidirectional t-s. expansions: 21,733, time: 26,614 [ms], path length: 42 [edges], generated: 38,651
[00:00:01:27:752] Path of length 42 found: [0, 7, 14, 21, 28, 35, 42, 43, 36, 29, 22, 15, 8, 1, 2, 9, 16, 17, 10, 3, 4, 5, 12, 11, 18, 19, 26, 33, 32, 25, 24, 23, 30, 31, 38, 37, 44, 45, 46, 39, 40, 41, 48]
[00:00:01:28:173] ! Bidirectional. expansions: 64,280, time: 87,752 [ms], path length: 42 [edges], g_F: 40, g_B: 2, generated: 0, MM: 38, MMPER: 87.37209302325581%
[00:00:01:28:173] 
---------- SM_Grids/7x7_grid_with_random_blocks_8per_8 ----------
[00:00:02:08:497] Path of length 42 found: [0, 7, 8, 1, 2, 9, 16, 15, 22, 21, 28, 35, 42, 43, 44, 37, 38, 45, 46, 39, 32, 31, 24, 17, 10, 3, 4, 11, 18, 25, 26, 19, 12, 5, 6, 13, 20, 27, 34, 33, 40, 47, 48]
[00:00:02:08:498] ! Unidirectional s-t. expansions: 87,390, time: 128,498 [ms], path length: 42 [edges], generated: 155,342
[00:00:02:42:022] Valid states checked so far: 200,000, Expansions: 119,144, Global best: 43
[00:00:03:52:132] Path of length 42 found: [48, 41, 34, 27, 20, 13, 6, 5, 4, 3, 2, 9, 16, 23, 24, 17, 10, 11, 12, 19, 18, 25, 26, 33, 32, 31, 38, 39, 40, 47, 46, 45, 44, 43, 42, 35, 28, 21, 22, 15, 8, 1, 0]
[00:00:03:52:132] ! Unidirectional t-s. expansions: 174,649, time: 232,132 [ms], path length: 42 [edges], generated: 294,280
[00:00:03:44:332] Path of length 42 found: [0, 7, 8, 1, 2, 9, 16, 15, 22, 21, 28, 35, 42, 43, 44, 37, 38, 31, 24, 17, 10, 3, 4, 11, 18, 25, 32, 39, 46, 47, 40, 33, 26, 19, 12, 5, 6, 13, 20, 27, 34, 41, 48]
[00:00:03:44:736] ! Bidirectional. expansions: 140,878, time: 224,332 [ms], path length: 42 [edges], g_F: 8, g_B: 34, generated: 0, MM: 26, MMPER: 59.46511627906977%
[00:00:03:44:736] 
---------- SM_Grids/7x7_grid_with_random_blocks_8per_9 ----------
[00:00:00:16:557] Path of length 44 found: [0, 7, 14, 21, 28, 35, 42, 43, 36, 29, 22, 15, 8, 1, 2, 9, 16, 23, 30, 37, 44, 45, 46, 39, 38, 31, 32, 25, 18, 17, 10, 3, 4, 11, 12, 5, 6, 13, 20, 27, 26, 33, 40, 41, 48]
[00:00:00:16:557] ! Unidirectional s-t. expansions: 11,976, time: 16,557 [ms], path length: 44 [edges], generated: 19,458
[00:00:00:03:407] Path of length 44 found: [48, 41, 34, 27, 20, 13, 6, 5, 12, 11, 4, 3, 2, 1, 8, 15, 22, 29, 36, 37, 30, 23, 16, 9, 10, 17, 18, 25, 26, 33, 40, 39, 32, 31, 38, 45, 44, 43, 42, 35, 28, 21, 14, 7, 0]
[00:00:00:03:407] ! Unidirectional t-s. expansions: 2,121, time: 3,407 [ms], path length: 44 [edges], generated: 3,597
[00:00:00:23:227] Path of length 44 found: [0, 7, 14, 21, 28, 35, 42, 43, 36, 29, 22, 15, 8, 1, 2, 9, 16, 23, 30, 37, 44, 45, 46, 39, 38, 31, 32, 25, 18, 17, 10, 3, 4, 11, 12, 5, 6, 13, 20, 27, 26, 33, 40, 41, 48]
[00:00:00:23:608] ! Bidirectional. expansions: 15,159, time: 23,227 [ms], path length: 44 [edges], g_F: 41, g_B: 3, generated: 0, MM: 38, MMPER: 83.44444444444444%

[00:00:00:23:608] average expansions: (31,554, 30,447, 32,544, 0)
[00:00:00:23:608] average time: (39,649, 39,906, 48,292, 0)
[00:00:00:23:608] XIDA: 30,447 , 39,649 (expansions , time[ms])
[00:00:00:23:608] BiXIDA: 32,544 , 48,292 (expansions , time[ms])

