------------------------------------
Thu 01 Oct 2026 10:43:14 IDT
SLURM_JOBID:		21942726
SLURM_JOB_NODELIST:	ise-cpu256-32
SLURM_SCRATCH_DIR:	/scratch/shubit/21942726
Allocated Resouces:	cpu - 2 / mem - 61440 MB / gpu - 
SLURM_GPU_INDEX:	
Running as shubit from shimony account with normal QOS
------------------------------------
Thu 01 Oct 2026 10:43:14 IDT

SLURM_JOBID:		 21942726
SLURM_JOB_NODELIST:	 ise-cpu256-32 

--------------------------
date: SM_Grids
number_of_graphs: 10
graph_type: grid
size_of_graphs: [7, 7]
heuristic: bcc_heuristic
snake: False
run_uni: True
run_bi: True
run_multi: False
solution_vertices: []
algorithms: ['A']
lookahead: 1
bsd: False
cube_first_dims: 4
cube_buffer_dim: None
backward_sym_generation: False
sym_coil: False
prefix_set: None

---------- SM_Grids/7x7_grid_with_random_blocks_12per_0 ----------
[00:00:00:01:671] Path of length 38 found: [0, 1, 2, 3, 4, 11, 18, 19, 26, 33, 32, 39, 38, 37, 30, 31, 24, 17, 10, 9, 16, 15, 8, 7, 14, 21, 22, 29, 28, 35, 42, 43, 44, 45, 46, 47, 40, 41, 48]
[00:00:00:01:671] ! Unidirectional s-t. expansions: 919, time: 1,671 [ms], path length: 38 [edges], generated: 1,672
[00:00:00:01:124] Path of length 38 found: [48, 41, 40, 47, 46, 45, 44, 43, 42, 35, 36, 37, 30, 29, 28, 21, 22, 15, 14, 7, 8, 9, 16, 17, 24, 31, 38, 39, 32, 33, 26, 19, 18, 11, 4, 3, 2, 1, 0]
[00:00:00:01:125] ! Unidirectional t-s. expansions: 741, time: 1,124 [ms], path length: 38 [edges], generated: 1,266
[00:00:00:11:113] Path of length 38 found: [0, 7, 8, 1, 2, 9, 10, 3, 4, 11, 18, 19, 26, 33, 32, 31, 24, 17, 16, 15, 14, 21, 28, 29, 30, 37, 36, 35, 42, 43, 44, 45, 38, 39, 46, 47, 40, 41, 48]
[00:00:00:11:474] ! Bidirectional. expansions: 4,043, time: 11,113 [ms], path length: 38 [edges], g_F: 23, g_B: 15, generated: 0, MM: 8, MMPER: 19.512820512820515%
[00:00:00:11:474] 
---------- SM_Grids/7x7_grid_with_random_blocks_12per_1 ----------
[00:00:00:04:491] Path of length 40 found: [0, 1, 2, 3, 4, 11, 18, 19, 20, 27, 34, 33, 26, 25, 32, 31, 30, 23, 22, 15, 16, 17, 10, 9, 8, 7, 14, 21, 28, 29, 36, 35, 42, 43, 44, 45, 46, 39, 40, 47, 48]
[00:00:00:04:491] ! Unidirectional s-t. expansions: 2,603, time: 4,491 [ms], path length: 40 [edges], generated: 4,246
[00:00:00:01:170] Path of length 40 found: [48, 47, 46, 45, 44, 43, 42, 35, 36, 29, 28, 21, 22, 15, 14, 7, 8, 9, 10, 17, 16, 23, 30, 31, 32, 39, 40, 41, 34, 33, 26, 27, 20, 19, 18, 11, 4, 3, 2, 1, 0]
[00:00:00:01:170] ! Unidirectional t-s. expansions: 559, time: 1,170 [ms], path length: 40 [edges], generated: 1,004
[00:00:00:17:818] Path of length 40 found: [0, 7, 14, 21, 28, 29, 36, 35, 42, 43, 44, 45, 46, 39, 40, 33, 32, 31, 30, 23, 22, 15, 16, 17, 10, 9, 8, 1, 2, 3, 4, 11, 18, 25, 26, 19, 20, 27, 34, 41, 48]
[00:00:00:18:160] ! Bidirectional. expansions: 5,238, time: 17,818 [ms], path length: 40 [edges], g_F: 14, g_B: 26, generated: 0, MM: 12, MMPER: 28.26829268292683%
[00:00:00:18:160] 
---------- SM_Grids/7x7_grid_with_random_blocks_12per_2 ----------
[00:00:00:08:774] Path of length 38 found: [0, 1, 2, 3, 4, 11, 18, 19, 26, 25, 32, 31, 24, 23, 22, 15, 16, 17, 10, 9, 8, 7, 14, 21, 28, 29, 30, 37, 36, 43, 44, 45, 38, 39, 40, 33, 34, 41, 48]
[00:00:00:08:775] ! Unidirectional s-t. expansions: 4,991, time: 8,774 [ms], path length: 38 [edges], generated: 8,660
[00:00:00:01:217] Path of length 38 found: [48, 47, 40, 41, 34, 33, 32, 39, 38, 45, 44, 43, 36, 37, 30, 31, 24, 25, 26, 19, 18, 17, 10, 11, 4, 3, 2, 9, 16, 23, 22, 29, 28, 21, 14, 15, 8, 1, 0]
[00:00:00:01:218] ! Unidirectional t-s. expansions: 671, time: 1,217 [ms], path length: 38 [edges], generated: 1,226
[00:00:00:10:627] Path of length 38 found: [0, 7, 14, 21, 28, 29, 22, 15, 16, 17, 10, 9, 8, 1, 2, 3, 4, 11, 18, 19, 26, 25, 24, 23, 30, 37, 36, 43, 44, 45, 38, 39, 32, 33, 34, 41, 40, 47, 48]
[00:00:00:10:972] ! Bidirectional. expansions: 3,437, time: 10,627 [ms], path length: 38 [edges], g_F: 24, g_B: 14, generated: 0, MM: 10, MMPER: 24.641025641025642%
[00:00:00:10:972] 
---------- SM_Grids/7x7_grid_with_random_blocks_12per_3 ----------
[00:00:00:00:081] Path of length 42 found: [0, 7, 14, 21, 28, 35, 42, 43, 36, 37, 30, 29, 22, 15, 8, 1, 2, 9, 16, 23, 24, 17, 10, 3, 4, 5, 6, 13, 12, 19, 20, 27, 26, 25, 32, 39, 46, 47, 40, 33, 34, 41, 48]
[00:00:00:00:082] ! Unidirectional s-t. expansions: 42, time: 81 [ms], path length: 42 [edges], generated: 67
[00:00:00:00:101] Path of length 42 found: [48, 41, 34, 33, 40, 47, 46, 39, 32, 25, 26, 27, 20, 19, 12, 13, 6, 5, 4, 3, 2, 1, 8, 15, 16, 9, 10, 17, 24, 23, 22, 29, 30, 37, 36, 43, 42, 35, 28, 21, 14, 7, 0]
[00:00:00:00:101] ! Unidirectional t-s. expansions: 49, time: 101 [ms], path length: 42 [edges], generated: 81
[00:00:00:00:439] Path of length 42 found: [0, 7, 14, 21, 28, 35, 42, 43, 36, 37, 30, 29, 22, 15, 8, 1, 2, 9, 16, 23, 24, 17, 10, 3, 4, 5, 6, 13, 12, 19, 20, 27, 26, 25, 32, 39, 46, 47, 40, 33, 34, 41, 48]
[00:00:00:00:807] ! Bidirectional. expansions: 139, time: 439 [ms], path length: 42 [edges], g_F: 32, g_B: 10, generated: 0, MM: 22, MMPER: 50.16279069767442%
[00:00:00:00:807] 
---------- SM_Grids/7x7_grid_with_random_blocks_12per_4 ----------
[00:00:00:00:079] Path of length 42 found: [0, 7, 8, 1, 2, 9, 16, 15, 22, 21, 28, 29, 36, 43, 44, 45, 38, 31, 30, 23, 24, 17, 10, 3, 4, 11, 18, 19, 12, 5, 6, 13, 20, 27, 26, 33, 32, 39, 46, 47, 40, 41, 48]
[00:00:00:00:079] ! Unidirectional s-t. expansions: 42, time: 79 [ms], path length: 42 [edges], generated: 67
[00:00:00:00:123] Path of length 42 found: [48, 41, 40, 47, 46, 39, 32, 33, 26, 27, 20, 13, 6, 5, 4, 3, 10, 11, 12, 19, 18, 17, 24, 23, 30, 31, 38, 45, 44, 43, 36, 29, 28, 21, 22, 15, 16, 9, 2, 1, 8, 7, 0]
[00:00:00:00:124] ! Unidirectional t-s. expansions: 67, time: 124 [ms], path length: 42 [edges], generated: 114
[00:00:00:00:125] Path of length 42 found: [0, 7, 8, 1, 2, 9, 16, 15, 22, 21, 28, 29, 36, 43, 44, 45, 38, 31, 30, 23, 24, 17, 18, 19, 12, 11, 10, 3, 4, 5, 6, 13, 20, 27, 26, 33, 32, 39, 46, 47, 40, 41, 48]
[00:00:00:00:455] ! Bidirectional. expansions: 42, time: 125 [ms], path length: 42 [edges], g_F: 25, g_B: 17, generated: 0, MM: 8, MMPER: 17.6046511627907%
[00:00:00:00:456] 
---------- SM_Grids/7x7_grid_with_random_blocks_12per_5 ----------
[00:00:00:09:442] Path of length 40 found: [0, 1, 2, 9, 16, 15, 8, 7, 14, 21, 22, 29, 28, 35, 42, 43, 36, 37, 30, 23, 24, 25, 18, 19, 12, 11, 4, 5, 6, 13, 20, 27, 26, 33, 32, 31, 38, 45, 46, 47, 48]
[00:00:00:09:442] ! Unidirectional s-t. expansions: 5,172, time: 9,442 [ms], path length: 40 [edges], generated: 9,030
[00:00:00:03:047] Path of length 40 found: [48, 47, 46, 45, 38, 37, 36, 43, 42, 35, 28, 21, 22, 29, 30, 23, 24, 31, 32, 33, 34, 27, 26, 25, 18, 19, 20, 13, 6, 5, 4, 11, 10, 9, 2, 1, 8, 15, 14, 7, 0]
[00:00:00:03:048] ! Unidirectional t-s. expansions: 1,600, time: 3,047 [ms], path length: 40 [edges], generated: 2,930
[00:00:00:17:420] Path of length 40 found: [0, 7, 14, 21, 28, 35, 42, 43, 36, 37, 30, 29, 22, 23, 16, 15, 8, 1, 2, 9, 10, 11, 4, 5, 6, 13, 12, 19, 20, 27, 34, 33, 26, 25, 24, 31, 38, 45, 46, 47, 48]
[00:00:00:17:750] ! Bidirectional. expansions: 6,745, time: 17,420 [ms], path length: 40 [edges], g_F: 35, g_B: 5, generated: 0, MM: 30, MMPER: 72.17073170731707%
[00:00:00:17:750] 
---------- SM_Grids/7x7_grid_with_random_blocks_12per_6 ----------
[00:00:00:17:457] Expansion 10,000: state None, f=41, g=23
[00:00:00:18:647] Path of length 40 found: [0, 7, 14, 21, 22, 23, 30, 37, 36, 29, 28, 35, 42, 43, 44, 45, 38, 31, 24, 17, 16, 15, 8, 1, 2, 3, 4, 11, 12, 5, 6, 13, 20, 27, 26, 25, 32, 39, 46, 47, 48]
[00:00:00:18:647] ! Unidirectional s-t. expansions: 10,562, time: 18,647 [ms], path length: 40 [edges], generated: 17,617
[00:00:00:07:429] Path of length 40 found: [48, 41, 34, 27, 20, 13, 6, 5, 12, 11, 4, 3, 2, 1, 8, 15, 16, 17, 18, 25, 32, 39, 46, 45, 44, 43, 42, 35, 36, 37, 38, 31, 24, 23, 30, 29, 22, 21, 14, 7, 0]
[00:00:00:07:430] ! Unidirectional t-s. expansions: 3,967, time: 7,429 [ms], path length: 40 [edges], generated: 6,768
[00:00:00:34:471] Path of length 40 found: [0, 7, 14, 21, 28, 35, 42, 43, 36, 29, 22, 15, 8, 1, 2, 3, 4, 5, 6, 13, 12, 11, 18, 17, 16, 23, 30, 37, 44, 45, 46, 39, 38, 31, 24, 25, 26, 27, 34, 41, 48]
[00:00:00:34:779] ! Bidirectional. expansions: 15,217, time: 34,471 [ms], path length: 40 [edges], g_F: 35, g_B: 5, generated: 0, MM: 30, MMPER: 72.17073170731707%
[00:00:00:34:779] 
---------- SM_Grids/7x7_grid_with_random_blocks_12per_7 ----------
[00:00:00:04:728] Path of length 40 found: [0, 1, 2, 3, 4, 11, 12, 13, 20, 19, 18, 17, 10, 9, 16, 15, 8, 7, 14, 21, 28, 29, 36, 35, 42, 43, 44, 45, 46, 39, 38, 31, 30, 23, 24, 25, 32, 33, 40, 41, 48]
[00:00:00:04:728] ! Unidirectional s-t. expansions: 2,815, time: 4,728 [ms], path length: 40 [edges], generated: 4,717
[00:00:00:01:350] Path of length 40 found: [48, 41, 34, 33, 40, 39, 46, 45, 44, 43, 42, 35, 36, 29, 28, 21, 14, 7, 8, 15, 16, 9, 10, 17, 24, 23, 30, 31, 32, 25, 26, 19, 20, 13, 12, 11, 4, 3, 2, 1, 0]
[00:00:00:01:350] ! Unidirectional t-s. expansions: 690, time: 1,350 [ms], path length: 40 [edges], generated: 1,299
[00:00:00:11:677] Path of length 40 found: [0, 7, 8, 1, 2, 3, 4, 11, 12, 13, 20, 19, 18, 17, 10, 9, 16, 15, 14, 21, 28, 29, 36, 35, 42, 43, 44, 45, 38, 39, 32, 31, 30, 23, 24, 25, 26, 33, 34, 41, 48]
[00:00:00:11:979] ! Bidirectional. expansions: 4,226, time: 11,677 [ms], path length: 40 [edges], g_F: 29, g_B: 11, generated: 0, MM: 18, MMPER: 42.90243902439025%
[00:00:00:11:979] 
---------- SM_Grids/7x7_grid_with_random_blocks_12per_8 ----------
[00:00:00:04:465] Path of length 42 found: [0, 1, 2, 3, 4, 5, 6, 13, 12, 19, 20, 27, 26, 33, 32, 25, 18, 17, 10, 9, 16, 15, 8, 7, 14, 21, 28, 35, 42, 43, 44, 37, 36, 29, 22, 23, 30, 31, 38, 39, 46, 47, 48]
[00:00:00:04:465] ! Unidirectional s-t. expansions: 2,528, time: 4,465 [ms], path length: 42 [edges], generated: 4,272
[00:00:00:01:961] Path of length 42 found: [48, 47, 46, 39, 38, 31, 32, 33, 26, 27, 20, 19, 12, 13, 6, 5, 4, 3, 10, 9, 2, 1, 8, 15, 16, 17, 18, 25, 24, 23, 30, 37, 44, 43, 42, 35, 36, 29, 22, 21, 14, 7, 0]
[00:00:00:01:961] ! Unidirectional t-s. expansions: 1,159, time: 1,961 [ms], path length: 42 [edges], generated: 2,083
[00:00:00:14:381] Path of length 42 found: [0, 7, 14, 21, 22, 15, 8, 1, 2, 9, 16, 23, 30, 29, 28, 35, 42, 43, 36, 37, 38, 31, 24, 25, 18, 17, 10, 3, 4, 5, 6, 13, 12, 19, 20, 27, 26, 33, 32, 39, 46, 47, 48]
[00:00:00:14:682] ! Bidirectional. expansions: 5,750, time: 14,381 [ms], path length: 42 [edges], g_F: 19, g_B: 23, generated: 0, MM: 4, MMPER: 8.30232558139535%
[00:00:00:14:682] 
---------- SM_Grids/7x7_grid_with_random_blocks_12per_9 ----------
[00:00:00:05:035] Path of length 40 found: [0, 1, 2, 3, 4, 5, 6, 13, 20, 19, 12, 11, 18, 17, 10, 9, 16, 15, 8, 7, 14, 21, 28, 29, 36, 37, 38, 45, 46, 39, 32, 31, 30, 23, 24, 25, 26, 33, 34, 41, 48]
[00:00:00:05:035] ! Unidirectional s-t. expansions: 2,950, time: 5,035 [ms], path length: 40 [edges], generated: 5,120
[00:00:00:09:553] Path of length 40 found: [48, 41, 34, 33, 32, 39, 46, 45, 38, 37, 36, 29, 28, 21, 14, 15, 16, 23, 30, 31, 24, 25, 26, 27, 20, 19, 18, 17, 10, 11, 12, 13, 6, 5, 4, 3, 2, 9, 8, 1, 0]
[00:00:00:09:554] ! Unidirectional t-s. expansions: 6,341, time: 9,553 [ms], path length: 40 [edges], generated: 10,530
[00:00:00:21:343] Path of length 40 found: [0, 7, 14, 21, 28, 29, 36, 37, 30, 31, 38, 45, 46, 39, 32, 25, 26, 19, 12, 11, 18, 17, 24, 23, 16, 15, 8, 1, 2, 9, 10, 3, 4, 5, 6, 13, 20, 27, 34, 41, 48]
[00:00:00:21:639] ! Bidirectional. expansions: 8,694, time: 21,343 [ms], path length: 40 [edges], g_F: 16, g_B: 24, generated: 0, MM: 8, MMPER: 18.51219512195122%

[00:00:00:21:640] average expansions: (3,262, 1,584, 5,353, 0)
[00:00:00:21:640] average time: (5,741, 2,708, 13,941, 0)
[00:00:00:21:640] XA*: 1,584 , 2,708 (expansions , time[ms])
[00:00:00:21:640] BiXA*: 5,353 , 13,941 (expansions , time[ms])

