------------------------------------
Thu 01 Oct 2026 13:48:41 IDT
SLURM_JOBID:		21947746
SLURM_JOB_NODELIST:	ise-cpu256-03
SLURM_SCRATCH_DIR:	/scratch/shubit/21947746
Allocated Resouces:	cpu - 2 / mem - 61440 MB / gpu - 
SLURM_GPU_INDEX:	
Running as shubit from shimony account with normal QOS
------------------------------------
Thu 01 Oct 2026 13:48:41 IDT

SLURM_JOBID:		 21947746
SLURM_JOB_NODELIST:	 ise-cpu256-03 

--------------------------
date: SM_Grids
number_of_graphs: 10
graph_type: grid
size_of_graphs: [7, 7]
heuristic: bcc_heuristic
snake: False
run_uni: True
run_bi: True
run_multi: False
solution_vertices: []
algorithms: ['DFBnB']
lookahead: -1
bsd: False
cube_first_dims: 4
cube_buffer_dim: None
backward_sym_generation: False
sym_coil: False
prefix_set: None

---------- SM_Grids/7x7_grid_with_random_blocks_12per_0 ----------
[00:00:00:01:560] Path of length 38 found: [0, 7, 14, 21, 28, 35, 42, 43, 36, 29, 22, 15, 8, 1, 2, 9, 16, 17, 10, 3, 4, 11, 18, 19, 26, 33, 32, 31, 30, 37, 44, 45, 38, 39, 46, 47, 40, 41, 48]
[00:00:00:01:560] ! Unidirectional s-t. expansions: 931, time: 1,560 [ms], path length: 38 [edges], generated: 1,693
[00:00:00:01:104] Path of length 38 found: [48, 41, 40, 47, 46, 39, 32, 33, 26, 19, 18, 11, 4, 3, 2, 1, 8, 15, 16, 9, 10, 17, 24, 31, 30, 29, 36, 37, 38, 45, 44, 43, 42, 35, 28, 21, 14, 7, 0]
[00:00:00:01:105] ! Unidirectional t-s. expansions: 749, time: 1,105 [ms], path length: 38 [edges], generated: 1,276
[00:00:00:03:601] Path of length 38 found: [0, 7, 14, 21, 28, 35, 42, 43, 36, 29, 30, 37, 44, 45, 38, 31, 24, 17, 10, 9, 16, 15, 8, 1, 2, 3, 4, 11, 18, 19, 26, 33, 32, 39, 46, 47, 40, 41, 48]
[00:00:00:04:030] ! Bidirectional. expansions: 2,410, time: 3,601 [ms], path length: 38 [edges], g_F: 20, g_B: 18, generated: 0, MM: 2, MMPER: 4.128205128205129%
[00:00:00:04:031] 
---------- SM_Grids/7x7_grid_with_random_blocks_12per_1 ----------
[00:00:00:04:828] Path of length 40 found: [0, 7, 14, 21, 28, 29, 36, 35, 42, 43, 44, 45, 46, 39, 32, 31, 30, 23, 22, 15, 8, 1, 2, 9, 16, 17, 10, 3, 4, 11, 18, 25, 26, 19, 20, 27, 34, 33, 40, 47, 48]
[00:00:00:04:828] ! Unidirectional s-t. expansions: 3,592, time: 4,828 [ms], path length: 40 [edges], generated: 5,951
[00:00:00:00:990] Path of length 40 found: [48, 41, 34, 27, 20, 19, 18, 11, 4, 3, 2, 1, 8, 9, 10, 17, 16, 15, 22, 23, 30, 31, 32, 25, 26, 33, 40, 39, 46, 45, 44, 43, 42, 35, 36, 29, 28, 21, 14, 7, 0]
[00:00:00:00:991] ! Unidirectional t-s. expansions: 563, time: 990 [ms], path length: 40 [edges], generated: 1,008
[00:00:00:05:628] Path of length 40 found: [0, 7, 14, 21, 28, 29, 36, 35, 42, 43, 44, 45, 46, 47, 40, 33, 26, 25, 32, 31, 30, 23, 22, 15, 16, 17, 10, 9, 8, 1, 2, 3, 4, 11, 18, 19, 20, 27, 34, 41, 48]
[00:00:00:06:044] ! Bidirectional. expansions: 3,317, time: 5,628 [ms], path length: 40 [edges], g_F: 21, g_B: 19, generated: 0, MM: 2, MMPER: 3.8780487804878048%
[00:00:00:06:044] 
---------- SM_Grids/7x7_grid_with_random_blocks_12per_2 ----------
[00:00:00:07:109] Path of length 38 found: [0, 7, 14, 21, 28, 29, 22, 15, 8, 1, 2, 9, 16, 23, 30, 37, 36, 43, 44, 45, 38, 31, 24, 17, 10, 3, 4, 11, 18, 19, 26, 25, 32, 39, 40, 33, 34, 41, 48]
[00:00:00:07:110] ! Unidirectional s-t. expansions: 4,991, time: 7,109 [ms], path length: 38 [edges], generated: 8,660
[00:00:00:01:036] Path of length 38 found: [48, 47, 40, 41, 34, 33, 26, 19, 18, 11, 4, 3, 2, 1, 8, 15, 22, 23, 16, 9, 10, 17, 24, 25, 32, 39, 38, 31, 30, 37, 44, 43, 36, 29, 28, 21, 14, 7, 0]
[00:00:00:01:037] ! Unidirectional t-s. expansions: 681, time: 1,037 [ms], path length: 38 [edges], generated: 1,240
[00:00:00:02:751] Path of length 38 found: [0, 7, 14, 21, 28, 29, 22, 15, 8, 1, 2, 9, 16, 23, 30, 37, 36, 43, 44, 45, 38, 31, 32, 25, 24, 17, 10, 3, 4, 11, 18, 19, 26, 33, 34, 41, 40, 47, 48]
[00:00:00:03:125] ! Bidirectional. expansions: 1,757, time: 2,751 [ms], path length: 38 [edges], g_F: 20, g_B: 18, generated: 0, MM: 2, MMPER: 4.128205128205129%
[00:00:00:03:126] 
---------- SM_Grids/7x7_grid_with_random_blocks_12per_3 ----------
[00:00:00:00:126] Path of length 42 found: [0, 7, 14, 21, 28, 35, 42, 43, 36, 37, 30, 29, 22, 15, 8, 1, 2, 9, 16, 23, 24, 17, 10, 3, 4, 5, 6, 13, 12, 19, 20, 27, 26, 25, 32, 39, 46, 47, 40, 33, 34, 41, 48]
[00:00:00:00:126] ! Unidirectional s-t. expansions: 42, time: 126 [ms], path length: 42 [edges], generated: 67
[00:00:00:00:289] Path of length 42 found: [48, 41, 34, 33, 40, 47, 46, 39, 32, 25, 26, 27, 20, 19, 12, 13, 6, 5, 4, 3, 2, 1, 8, 15, 16, 9, 10, 17, 24, 23, 22, 29, 30, 37, 36, 43, 42, 35, 28, 21, 14, 7, 0]
[00:00:00:00:290] ! Unidirectional t-s. expansions: 235, time: 290 [ms], path length: 42 [edges], generated: 406
[00:00:00:00:210] Path of length 42 found: [0, 7, 14, 21, 28, 35, 42, 43, 36, 37, 30, 29, 22, 15, 8, 1, 2, 9, 16, 23, 24, 17, 10, 3, 4, 5, 6, 13, 12, 19, 20, 27, 26, 25, 32, 39, 46, 47, 40, 33, 34, 41, 48]
[00:00:00:00:588] ! Bidirectional. expansions: 130, time: 210 [ms], path length: 42 [edges], g_F: 22, g_B: 20, generated: 0, MM: 2, MMPER: 3.6511627906976747%
[00:00:00:00:588] 
---------- SM_Grids/7x7_grid_with_random_blocks_12per_4 ----------
[00:00:00:00:070] Path of length 42 found: [0, 7, 8, 1, 2, 9, 16, 15, 22, 21, 28, 29, 36, 43, 44, 45, 38, 31, 30, 23, 24, 17, 10, 3, 4, 11, 18, 19, 12, 5, 6, 13, 20, 27, 26, 33, 32, 39, 46, 47, 40, 41, 48]
[00:00:00:00:070] ! Unidirectional s-t. expansions: 42, time: 70 [ms], path length: 42 [edges], generated: 67
[00:00:00:00:151] Path of length 42 found: [48, 41, 40, 47, 46, 39, 32, 33, 26, 27, 20, 13, 6, 5, 4, 3, 10, 11, 12, 19, 18, 17, 24, 23, 30, 31, 38, 45, 44, 43, 36, 29, 28, 21, 22, 15, 16, 9, 2, 1, 8, 7, 0]
[00:00:00:00:152] ! Unidirectional t-s. expansions: 136, time: 152 [ms], path length: 42 [edges], generated: 211
[00:00:00:00:067] Path of length 42 found: [0, 7, 8, 1, 2, 9, 16, 15, 22, 21, 28, 29, 36, 43, 44, 45, 38, 31, 30, 23, 24, 17, 18, 19, 12, 11, 10, 3, 4, 5, 6, 13, 20, 27, 26, 33, 32, 39, 46, 47, 40, 41, 48]
[00:00:00:00:445] ! Bidirectional. expansions: 41, time: 68 [ms], path length: 42 [edges], g_F: 22, g_B: 20, generated: 0, MM: 2, MMPER: 3.6511627906976747%
[00:00:00:00:446] 
---------- SM_Grids/7x7_grid_with_random_blocks_12per_5 ----------
[00:00:00:09:098] Path of length 40 found: [0, 7, 14, 21, 28, 35, 42, 43, 36, 29, 22, 15, 8, 1, 2, 9, 16, 23, 24, 25, 18, 11, 4, 5, 6, 13, 12, 19, 20, 27, 26, 33, 32, 31, 30, 37, 38, 45, 46, 47, 48]
[00:00:00:09:099] ! Unidirectional s-t. expansions: 6,203, time: 9,099 [ms], path length: 40 [edges], generated: 10,764
[00:00:00:03:072] Path of length 40 found: [48, 47, 46, 45, 38, 31, 24, 25, 32, 33, 34, 27, 26, 19, 20, 13, 6, 5, 4, 11, 10, 9, 2, 1, 8, 15, 16, 23, 22, 29, 30, 37, 36, 43, 42, 35, 28, 21, 14, 7, 0]
[00:00:00:03:072] ! Unidirectional t-s. expansions: 2,019, time: 3,072 [ms], path length: 40 [edges], generated: 3,682
[00:00:00:04:178] Path of length 40 found: [0, 7, 14, 21, 28, 35, 42, 43, 36, 37, 30, 29, 22, 23, 16, 15, 8, 1, 2, 9, 10, 11, 4, 5, 6, 13, 20, 19, 26, 27, 34, 33, 32, 25, 24, 31, 38, 45, 46, 47, 48]
[00:00:00:04:562] ! Bidirectional. expansions: 3,135, time: 4,178 [ms], path length: 40 [edges], g_F: 21, g_B: 19, generated: 0, MM: 2, MMPER: 3.8780487804878048%
[00:00:00:04:562] 
---------- SM_Grids/7x7_grid_with_random_blocks_12per_6 ----------
[00:00:00:18:266] Path of length 40 found: [0, 7, 14, 21, 28, 35, 42, 43, 36, 29, 22, 15, 8, 1, 2, 3, 4, 11, 12, 5, 6, 13, 20, 27, 26, 25, 18, 17, 16, 23, 24, 31, 30, 37, 44, 45, 38, 39, 46, 47, 48]
[00:00:00:18:267] ! Unidirectional s-t. expansions: 13,071, time: 18,267 [ms], path length: 40 [edges], generated: 21,750
[00:00:00:06:536] Path of length 40 found: [48, 41, 34, 27, 20, 13, 6, 5, 12, 11, 4, 3, 2, 1, 8, 15, 22, 29, 36, 37, 30, 23, 16, 17, 18, 25, 24, 31, 32, 39, 38, 45, 44, 43, 42, 35, 28, 21, 14, 7, 0]
[00:00:00:06:536] ! Unidirectional t-s. expansions: 3,973, time: 6,536 [ms], path length: 40 [edges], generated: 6,774
[00:00:00:08:077] Path of length 40 found: [0, 7, 14, 21, 28, 35, 42, 43, 36, 29, 22, 23, 30, 37, 44, 45, 46, 39, 38, 31, 24, 25, 18, 17, 16, 15, 8, 1, 2, 3, 4, 11, 12, 5, 6, 13, 20, 27, 34, 41, 48]
[00:00:00:08:509] ! Bidirectional. expansions: 5,868, time: 8,078 [ms], path length: 40 [edges], g_F: 21, g_B: 19, generated: 0, MM: 2, MMPER: 3.8780487804878048%
[00:00:00:08:510] 
---------- SM_Grids/7x7_grid_with_random_blocks_12per_7 ----------
[00:00:00:04:645] Path of length 40 found: [0, 7, 14, 21, 28, 35, 42, 43, 36, 29, 30, 23, 16, 15, 8, 1, 2, 9, 10, 3, 4, 11, 12, 13, 20, 19, 18, 17, 24, 31, 38, 45, 46, 39, 32, 25, 26, 33, 40, 41, 48]
[00:00:00:04:646] ! Unidirectional s-t. expansions: 3,256, time: 4,645 [ms], path length: 40 [edges], generated: 5,451
[00:00:00:01:260] Path of length 40 found: [48, 41, 34, 33, 40, 39, 46, 45, 38, 31, 32, 25, 26, 19, 20, 13, 12, 11, 4, 3, 2, 1, 8, 15, 16, 9, 10, 17, 24, 23, 30, 29, 36, 43, 42, 35, 28, 21, 14, 7, 0]
[00:00:00:01:261] ! Unidirectional t-s. expansions: 704, time: 1,261 [ms], path length: 40 [edges], generated: 1,323
[00:00:00:03:617] Path of length 40 found: [0, 7, 14, 21, 28, 35, 42, 43, 36, 29, 30, 23, 16, 15, 8, 1, 2, 9, 10, 3, 4, 11, 12, 13, 20, 19, 18, 17, 24, 25, 32, 31, 38, 45, 46, 39, 40, 33, 34, 41, 48]
[00:00:00:04:004] ! Bidirectional. expansions: 1,907, time: 3,617 [ms], path length: 40 [edges], g_F: 21, g_B: 19, generated: 0, MM: 2, MMPER: 3.8780487804878048%
[00:00:00:04:004] 
---------- SM_Grids/7x7_grid_with_random_blocks_12per_8 ----------
[00:00:00:04:073] Path of length 42 found: [0, 7, 14, 21, 28, 35, 42, 43, 44, 37, 36, 29, 22, 15, 8, 1, 2, 9, 16, 23, 30, 31, 24, 25, 18, 17, 10, 3, 4, 5, 6, 13, 12, 19, 20, 27, 26, 33, 32, 39, 46, 47, 48]
[00:00:00:04:073] ! Unidirectional s-t. expansions: 2,567, time: 4,073 [ms], path length: 42 [edges], generated: 4,335
[00:00:00:01:799] Path of length 42 found: [48, 47, 46, 39, 32, 33, 26, 27, 20, 13, 6, 5, 12, 19, 18, 25, 24, 17, 10, 3, 2, 1, 8, 9, 16, 15, 22, 23, 30, 31, 38, 37, 44, 43, 42, 35, 36, 29, 28, 21, 14, 7, 0]
[00:00:00:01:800] ! Unidirectional t-s. expansions: 1,185, time: 1,800 [ms], path length: 42 [edges], generated: 2,127
[00:00:00:05:681] Path of length 42 found: [0, 7, 14, 21, 28, 35, 42, 43, 44, 37, 36, 29, 22, 15, 8, 1, 2, 9, 16, 23, 30, 31, 24, 25, 18, 17, 10, 3, 4, 5, 6, 13, 12, 19, 20, 27, 26, 33, 32, 39, 46, 47, 48]
[00:00:00:06:058] ! Bidirectional. expansions: 3,663, time: 5,681 [ms], path length: 42 [edges], g_F: 22, g_B: 20, generated: 0, MM: 2, MMPER: 3.6511627906976747%
[00:00:00:06:058] 
---------- SM_Grids/7x7_grid_with_random_blocks_12per_9 ----------
[00:00:00:04:477] Path of length 40 found: [0, 7, 14, 21, 28, 29, 36, 37, 30, 23, 16, 15, 8, 1, 2, 9, 10, 3, 4, 11, 18, 17, 24, 31, 38, 45, 46, 39, 32, 25, 26, 19, 12, 5, 6, 13, 20, 27, 34, 41, 48]
[00:00:00:04:478] ! Unidirectional s-t. expansions: 2,956, time: 4,477 [ms], path length: 40 [edges], generated: 5,128
[00:00:00:08:132] Path of length 40 found: [48, 41, 34, 27, 20, 13, 6, 5, 4, 3, 2, 1, 8, 15, 16, 9, 10, 17, 24, 25, 18, 11, 12, 19, 26, 33, 32, 39, 46, 45, 38, 31, 30, 37, 36, 29, 28, 21, 14, 7, 0]
[00:00:00:08:133] ! Unidirectional t-s. expansions: 6,361, time: 8,133 [ms], path length: 40 [edges], generated: 10,559
[00:00:00:06:822] Path of length 40 found: [0, 7, 14, 21, 28, 29, 36, 37, 30, 23, 16, 17, 24, 31, 38, 45, 46, 39, 32, 33, 26, 25, 18, 19, 12, 11, 10, 9, 8, 1, 2, 3, 4, 5, 6, 13, 20, 27, 34, 41, 48]
[00:00:00:07:211] ! Bidirectional. expansions: 4,690, time: 6,822 [ms], path length: 40 [edges], g_F: 21, g_B: 19, generated: 0, MM: 2, MMPER: 3.8780487804878048%

[00:00:00:07:211] average expansions: (3,765, 1,661, 2,692, 0)
[00:00:00:07:211] average time: (5,425, 2,438, 4,063, 0)
[00:00:00:07:211] XDFBnB: 1,661 , 2,438 (expansions , time[ms])
[00:00:00:07:211] BiXDFBnB: 2,692 , 4,063 (expansions , time[ms])

