------------------------------------
Thu 01 Oct 2026 13:50:50 IDT
SLURM_JOBID:		21947755
SLURM_JOB_NODELIST:	ise-cpu256-01
SLURM_SCRATCH_DIR:	/scratch/shubit/21947755
Allocated Resouces:	cpu - 2 / mem - 61440 MB / gpu - 
SLURM_GPU_INDEX:	
Running as shubit from shimony account with normal QOS
------------------------------------
Thu 01 Oct 2026 13:50:51 IDT

SLURM_JOBID:		 21947755
SLURM_JOB_NODELIST:	 ise-cpu256-01 

--------------------------
date: SM_Grids
number_of_graphs: 10
graph_type: grid
size_of_graphs: [7, 7]
heuristic: bcc_heuristic
snake: False
run_uni: True
run_bi: True
run_multi: False
solution_vertices: []
algorithms: ['DFBnB']
lookahead: 3
bsd: False
cube_first_dims: 4
cube_buffer_dim: None
backward_sym_generation: False
sym_coil: False
prefix_set: None

---------- SM_Grids/7x7_grid_with_random_blocks_16per_0 ----------
[00:00:00:00:056] Path of length 34 found: [0, 1, 8, 7, 14, 21, 22, 29, 28, 35, 42, 43, 36, 37, 30, 31, 24, 17, 18, 25, 32, 39, 38, 45, 46, 47, 40, 33, 26, 19, 20, 27, 34, 41, 48]
[00:00:00:00:056] ! Unidirectional s-t. expansions: 12, time: 56 [ms], path length: 34 [edges], generated: 135
[00:00:00:02:230] Path of length 34 found: [48, 41, 34, 27, 20, 19, 18, 17, 24, 31, 30, 37, 38, 39, 32, 25, 26, 33, 40, 47, 46, 45, 44, 43, 42, 35, 36, 29, 22, 21, 14, 7, 8, 1, 0]
[00:00:00:02:230] ! Unidirectional t-s. expansions: 535, time: 2,230 [ms], path length: 34 [edges], generated: 5,565
[00:00:00:01:139] Path of length 34 found: [0, 1, 8, 7, 14, 21, 22, 29, 28, 35, 42, 43, 36, 37, 30, 31, 38, 45, 46, 47, 40, 39, 32, 33, 26, 25, 24, 17, 18, 19, 20, 27, 34, 41, 48]
[00:00:00:01:511] ! Bidirectional. expansions: 85, time: 1,139 [ms], path length: 34 [edges], g_F: 21, g_B: 13, generated: 0, MM: 8, MMPER: 21.857142857142858%
[00:00:00:01:511] 
---------- SM_Grids/7x7_grid_with_random_blocks_16per_1 ----------
[00:00:00:00:256] Path of length 40 found: [0, 1, 2, 3, 4, 5, 12, 13, 20, 27, 26, 19, 18, 11, 10, 9, 16, 15, 22, 21, 28, 35, 42, 43, 36, 29, 30, 37, 44, 45, 38, 31, 24, 25, 32, 39, 46, 47, 40, 41, 48]
[00:00:00:00:257] ! Unidirectional s-t. expansions: 54, time: 256 [ms], path length: 40 [edges], generated: 553
[00:00:00:00:064] Path of length 40 found: [48, 41, 40, 47, 46, 39, 32, 25, 24, 31, 30, 29, 36, 37, 38, 45, 44, 43, 42, 35, 28, 21, 22, 15, 16, 9, 10, 11, 18, 19, 26, 27, 20, 13, 12, 5, 4, 3, 2, 1, 0]
[00:00:00:00:064] ! Unidirectional t-s. expansions: 14, time: 64 [ms], path length: 40 [edges], generated: 114
[00:00:00:01:328] Path of length 40 found: [0, 1, 2, 3, 4, 5, 12, 13, 20, 27, 26, 19, 18, 11, 10, 9, 16, 15, 22, 21, 28, 35, 42, 43, 44, 45, 38, 37, 36, 29, 30, 31, 24, 25, 32, 39, 46, 47, 40, 41, 48]
[00:00:00:01:671] ! Bidirectional. expansions: 145, time: 1,329 [ms], path length: 40 [edges], g_F: 26, g_B: 14, generated: 0, MM: 12, MMPER: 28.26829268292683%
[00:00:00:01:671] 
---------- SM_Grids/7x7_grid_with_random_blocks_16per_2 ----------
[00:00:00:00:942] Path of length 38 found: [0, 7, 8, 1, 2, 9, 16, 23, 22, 29, 28, 35, 36, 43, 44, 45, 38, 37, 30, 31, 32, 25, 18, 17, 10, 3, 4, 5, 6, 13, 12, 19, 26, 27, 34, 33, 40, 47, 48]
[00:00:00:00:943] ! Unidirectional s-t. expansions: 193, time: 942 [ms], path length: 38 [edges], generated: 1,875
[00:00:00:00:402] Path of length 38 found: [48, 47, 40, 33, 34, 27, 26, 19, 12, 13, 6, 5, 4, 3, 10, 11, 18, 25, 32, 31, 30, 37, 38, 45, 44, 43, 36, 35, 28, 29, 22, 23, 16, 9, 2, 1, 8, 7, 0]
[00:00:00:00:403] ! Unidirectional t-s. expansions: 94, time: 402 [ms], path length: 38 [edges], generated: 895
[00:00:00:01:137] Path of length 38 found: [0, 7, 8, 1, 2, 9, 16, 23, 22, 29, 28, 35, 36, 43, 44, 45, 38, 37, 30, 31, 32, 25, 18, 11, 10, 3, 4, 5, 6, 13, 12, 19, 26, 27, 34, 33, 40, 47, 48]
[00:00:00:01:598] ! Bidirectional. expansions: 122, time: 1,137 [ms], path length: 38 [edges], g_F: 23, g_B: 15, generated: 0, MM: 8, MMPER: 19.512820512820515%
[00:00:00:01:599] 
---------- SM_Grids/7x7_grid_with_random_blocks_16per_3 ----------
[00:00:00:00:706] Path of length 38 found: [0, 7, 14, 21, 28, 35, 42, 43, 36, 37, 30, 29, 22, 15, 8, 1, 2, 3, 4, 11, 12, 19, 18, 17, 16, 23, 24, 31, 32, 25, 26, 27, 34, 33, 40, 39, 46, 47, 48]
[00:00:00:00:706] ! Unidirectional s-t. expansions: 143, time: 706 [ms], path length: 38 [edges], generated: 1,455
[00:00:00:00:493] Path of length 38 found: [48, 41, 34, 27, 26, 33, 40, 47, 46, 39, 32, 25, 18, 19, 12, 11, 4, 3, 2, 1, 8, 15, 22, 23, 16, 17, 24, 31, 30, 37, 36, 43, 42, 35, 28, 21, 14, 7, 0]
[00:00:00:00:494] ! Unidirectional t-s. expansions: 96, time: 493 [ms], path length: 38 [edges], generated: 1,040
[00:00:00:02:295] Path of length 38 found: [0, 7, 14, 21, 28, 35, 42, 43, 36, 37, 30, 29, 22, 15, 8, 1, 2, 3, 4, 11, 12, 19, 18, 17, 16, 23, 24, 31, 32, 39, 46, 47, 40, 33, 26, 27, 34, 41, 48]
[00:00:00:02:632] ! Bidirectional. expansions: 297, time: 2,295 [ms], path length: 38 [edges], g_F: 22, g_B: 16, generated: 0, MM: 6, MMPER: 14.384615384615385%
[00:00:00:02:632] 
---------- SM_Grids/7x7_grid_with_random_blocks_16per_4 ----------
[00:00:00:00:739] Path of length 38 found: [0, 7, 14, 21, 28, 35, 42, 43, 44, 45, 38, 31, 30, 29, 22, 23, 16, 9, 8, 1, 2, 3, 10, 11, 18, 25, 26, 19, 12, 5, 6, 13, 20, 27, 34, 33, 40, 47, 48]
[00:00:00:00:739] ! Unidirectional s-t. expansions: 240, time: 739 [ms], path length: 38 [edges], generated: 1,789
[00:00:00:00:627] Path of length 38 found: [48, 41, 34, 27, 20, 13, 6, 5, 12, 11, 18, 25, 26, 33, 40, 47, 46, 45, 38, 31, 30, 23, 22, 29, 36, 43, 42, 35, 28, 21, 14, 7, 8, 9, 10, 3, 2, 1, 0]
[00:00:00:00:628] ! Unidirectional t-s. expansions: 187, time: 627 [ms], path length: 38 [edges], generated: 1,502
[00:00:00:02:802] Path of length 38 found: [0, 7, 8, 1, 2, 3, 10, 9, 16, 23, 22, 21, 28, 35, 42, 43, 36, 29, 30, 31, 38, 45, 46, 47, 40, 33, 26, 25, 18, 11, 12, 5, 6, 13, 20, 27, 34, 41, 48]
[00:00:00:03:152] ! Bidirectional. expansions: 247, time: 2,802 [ms], path length: 38 [edges], g_F: 22, g_B: 16, generated: 0, MM: 6, MMPER: 14.384615384615385%
[00:00:00:03:152] 
---------- SM_Grids/7x7_grid_with_random_blocks_16per_5 ----------
[00:00:00:00:085] Path of length 38 found: [0, 7, 14, 21, 28, 29, 22, 15, 8, 1, 2, 9, 16, 23, 30, 37, 38, 31, 24, 17, 18, 11, 4, 5, 6, 13, 12, 19, 20, 27, 26, 25, 32, 39, 40, 33, 34, 41, 48]
[00:00:00:00:086] ! Unidirectional s-t. expansions: 13, time: 85 [ms], path length: 38 [edges], generated: 153
[00:00:00:00:079] Path of length 38 found: [48, 41, 34, 27, 20, 13, 6, 5, 4, 11, 12, 19, 18, 17, 16, 9, 2, 1, 8, 15, 22, 23, 24, 31, 32, 25, 26, 33, 40, 39, 38, 37, 30, 29, 28, 21, 14, 7, 0]
[00:00:00:00:080] ! Unidirectional t-s. expansions: 13, time: 80 [ms], path length: 38 [edges], generated: 140
[00:00:00:00:119] Path of length 38 found: [0, 7, 14, 21, 28, 29, 22, 15, 8, 1, 2, 9, 16, 23, 30, 37, 38, 39, 40, 33, 26, 25, 32, 31, 24, 17, 18, 19, 12, 11, 4, 5, 6, 13, 20, 27, 34, 41, 48]
[00:00:00:00:485] ! Bidirectional. expansions: 13, time: 119 [ms], path length: 38 [edges], g_F: 20, g_B: 18, generated: 0, MM: 2, MMPER: 4.128205128205129%
[00:00:00:00:485] 
---------- SM_Grids/7x7_grid_with_random_blocks_16per_6 ----------
[00:00:00:00:074] Path of length 36 found: [0, 1, 8, 15, 22, 23, 16, 9, 2, 3, 10, 17, 24, 31, 30, 37, 44, 45, 46, 39, 32, 25, 18, 11, 4, 5, 6, 13, 12, 19, 20, 27, 26, 33, 34, 41, 48]
[00:00:00:00:074] ! Unidirectional s-t. expansions: 12, time: 74 [ms], path length: 36 [edges], generated: 132
[00:00:00:00:072] Path of length 36 found: [48, 41, 34, 27, 20, 13, 6, 5, 4, 3, 2, 9, 16, 17, 10, 11, 12, 19, 18, 25, 26, 33, 32, 39, 46, 45, 44, 37, 30, 31, 24, 23, 22, 15, 8, 1, 0]
[00:00:00:00:072] ! Unidirectional t-s. expansions: 12, time: 72 [ms], path length: 36 [edges], generated: 122
[00:00:00:00:125] Path of length 36 found: [0, 1, 8, 15, 22, 23, 16, 9, 2, 3, 10, 17, 24, 31, 30, 37, 44, 45, 46, 39, 32, 33, 26, 25, 18, 19, 12, 11, 4, 5, 6, 13, 20, 27, 34, 41, 48]
[00:00:00:00:464] ! Bidirectional. expansions: 12, time: 125 [ms], path length: 36 [edges], g_F: 21, g_B: 15, generated: 0, MM: 6, MMPER: 15.216216216216218%
[00:00:00:00:464] 
---------- SM_Grids/7x7_grid_with_random_blocks_16per_7 ----------
[00:00:00:00:907] Path of length 38 found: [0, 7, 14, 21, 28, 35, 42, 43, 36, 37, 30, 31, 24, 17, 16, 15, 8, 1, 2, 3, 10, 11, 4, 5, 6, 13, 12, 19, 18, 25, 26, 27, 34, 33, 40, 39, 46, 47, 48]
[00:00:00:00:908] ! Unidirectional s-t. expansions: 195, time: 907 [ms], path length: 38 [edges], generated: 1,813
[00:00:00:00:876] Path of length 38 found: [48, 47, 46, 39, 40, 33, 34, 27, 20, 13, 6, 5, 4, 3, 2, 1, 8, 15, 16, 17, 10, 11, 18, 19, 26, 25, 24, 31, 30, 37, 36, 43, 42, 35, 28, 21, 14, 7, 0]
[00:00:00:00:876] ! Unidirectional t-s. expansions: 224, time: 876 [ms], path length: 38 [edges], generated: 2,068
[00:00:00:01:605] Path of length 38 found: [0, 7, 14, 21, 28, 35, 42, 43, 36, 37, 30, 31, 24, 17, 16, 15, 8, 1, 2, 3, 10, 11, 18, 25, 26, 19, 12, 5, 6, 13, 20, 27, 34, 33, 40, 39, 46, 47, 48]
[00:00:00:01:952] ! Bidirectional. expansions: 266, time: 1,605 [ms], path length: 38 [edges], g_F: 24, g_B: 14, generated: 0, MM: 10, MMPER: 24.641025641025642%
[00:00:00:01:952] 
---------- SM_Grids/7x7_grid_with_random_blocks_16per_8 ----------
[00:00:00:05:698] Path of length 38 found: [0, 1, 8, 15, 22, 21, 28, 35, 42, 43, 44, 37, 36, 29, 30, 31, 24, 17, 16, 9, 2, 3, 10, 11, 4, 5, 6, 13, 12, 19, 18, 25, 26, 27, 34, 33, 40, 47, 48]
[00:00:00:05:699] ! Unidirectional s-t. expansions: 1,490, time: 5,699 [ms], path length: 38 [edges], generated: 14,584
[00:00:00:03:934] Path of length 38 found: [48, 47, 40, 33, 34, 27, 20, 13, 6, 5, 4, 3, 2, 9, 16, 17, 10, 11, 12, 19, 18, 25, 24, 31, 30, 29, 36, 37, 44, 43, 42, 35, 28, 21, 22, 15, 8, 1, 0]
[00:00:00:03:934] ! Unidirectional t-s. expansions: 1,056, time: 3,934 [ms], path length: 38 [edges], generated: 10,255
[00:00:00:09:226] Path of length 38 found: [0, 1, 8, 15, 22, 21, 28, 35, 42, 43, 44, 37, 36, 29, 30, 31, 32, 25, 26, 19, 12, 11, 10, 17, 16, 9, 2, 3, 4, 5, 6, 13, 20, 27, 34, 33, 40, 47, 48]
[00:00:00:09:573] ! Bidirectional. expansions: 1,292, time: 9,226 [ms], path length: 38 [edges], g_F: 22, g_B: 16, generated: 0, MM: 6, MMPER: 14.384615384615385%
[00:00:00:09:573] 
---------- SM_Grids/7x7_grid_with_random_blocks_16per_9 ----------
[00:00:00:04:366] Path of length 36 found: [0, 7, 8, 1, 2, 3, 10, 9, 16, 15, 22, 21, 28, 35, 42, 43, 36, 37, 44, 45, 46, 39, 32, 31, 24, 17, 18, 25, 26, 19, 20, 27, 34, 33, 40, 47, 48]
[00:00:00:04:366] ! Unidirectional s-t. expansions: 1,193, time: 4,366 [ms], path length: 36 [edges], generated: 10,923
[00:00:00:05:979] Path of length 36 found: [48, 41, 34, 27, 20, 19, 18, 17, 10, 3, 2, 9, 16, 23, 24, 31, 32, 25, 26, 33, 40, 39, 46, 45, 44, 37, 36, 43, 42, 35, 28, 21, 22, 15, 8, 1, 0]
[00:00:00:05:979] ! Unidirectional t-s. expansions: 1,775, time: 5,979 [ms], path length: 36 [edges], generated: 17,276
[00:00:00:20:302] Path of length 36 found: [0, 7, 8, 1, 2, 3, 10, 9, 16, 15, 22, 21, 28, 29, 36, 35, 42, 43, 44, 45, 46, 39, 40, 33, 26, 25, 32, 31, 24, 17, 18, 19, 20, 27, 34, 41, 48]
[00:00:00:20:646] ! Bidirectional. expansions: 2,352, time: 20,302 [ms], path length: 36 [edges], g_F: 24, g_B: 12, generated: 0, MM: 12, MMPER: 31.432432432432435%

[00:00:00:20:646] average expansions: (354, 401, 483, 0)
[00:00:00:20:646] average time: (1,383, 1,476, 4,008, 0)
[00:00:00:20:646] XDFBnB: 354 , 1,383 (expansions , time[ms])
[00:00:00:20:646] BiXDFBnB: 483 , 4,008 (expansions , time[ms])

