------------------------------------
Thu 01 Oct 2026 10:43:14 IDT
SLURM_JOBID:		21942738
SLURM_JOB_NODELIST:	ise-cpu256-31
SLURM_SCRATCH_DIR:	/scratch/shubit/21942738
Allocated Resouces:	cpu - 2 / mem - 61440 MB / gpu - 
SLURM_GPU_INDEX:	
Running as shubit from shimony account with normal QOS
------------------------------------
Thu 01 Oct 2026 10:43:14 IDT

SLURM_JOBID:		 21942738
SLURM_JOB_NODELIST:	 ise-cpu256-31 

--------------------------
date: SM_Grids
number_of_graphs: 10
graph_type: grid
size_of_graphs: [7, 7]
heuristic: bcc_heuristic
snake: False
run_uni: True
run_bi: True
run_multi: False
solution_vertices: []
algorithms: ['A']
lookahead: 1
bsd: False
cube_first_dims: 4
cube_buffer_dim: None
backward_sym_generation: False
sym_coil: False
prefix_set: None

---------- SM_Grids/7x7_grid_with_random_blocks_20per_0 ----------
[00:00:00:00:044] Path of length 28 found: [0, 1, 2, 9, 8, 7, 14, 21, 28, 35, 42, 43, 36, 29, 22, 23, 24, 31, 38, 45, 46, 39, 32, 33, 34, 41, 40, 47, 48]
[00:00:00:00:044] ! Unidirectional s-t. expansions: 30, time: 44 [ms], path length: 28 [edges], generated: 48
[00:00:00:00:088] Path of length 28 found: [48, 47, 40, 41, 34, 33, 32, 39, 46, 45, 38, 31, 24, 23, 22, 29, 36, 43, 42, 35, 28, 21, 14, 7, 8, 9, 2, 1, 0]
[00:00:00:00:088] ! Unidirectional t-s. expansions: 55, time: 88 [ms], path length: 28 [edges], generated: 92
[00:00:00:00:400] Path of length 28 found: [0, 1, 2, 9, 8, 7, 14, 21, 28, 35, 42, 43, 36, 29, 22, 23, 24, 31, 38, 45, 46, 47, 40, 39, 32, 33, 34, 41, 48]
[00:00:00:00:762] ! Bidirectional. expansions: 160, time: 400 [ms], path length: 28 [edges], g_F: 19, g_B: 9, generated: 0, MM: 10, MMPER: 33.48275862068966%
[00:00:00:00:762] 
---------- SM_Grids/7x7_grid_with_random_blocks_20per_1 ----------
[00:00:00:00:103] Path of length 32 found: [0, 7, 8, 9, 2, 3, 10, 11, 18, 17, 16, 15, 14, 21, 22, 29, 36, 35, 42, 43, 44, 37, 30, 31, 32, 39, 40, 33, 26, 27, 34, 41, 48]
[00:00:00:00:103] ! Unidirectional s-t. expansions: 59, time: 103 [ms], path length: 32 [edges], generated: 94
[00:00:00:00:091] Path of length 32 found: [48, 47, 40, 41, 34, 27, 26, 33, 32, 31, 30, 37, 44, 43, 42, 35, 36, 29, 22, 21, 14, 15, 16, 17, 18, 11, 10, 3, 2, 9, 8, 7, 0]
[00:00:00:00:092] ! Unidirectional t-s. expansions: 50, time: 91 [ms], path length: 32 [edges], generated: 81
[00:00:00:00:329] Path of length 32 found: [0, 7, 14, 15, 8, 9, 2, 3, 10, 11, 18, 17, 16, 23, 22, 29, 36, 35, 42, 43, 44, 37, 30, 31, 32, 33, 26, 27, 34, 41, 40, 47, 48]
[00:00:00:00:663] ! Bidirectional. expansions: 99, time: 329 [ms], path length: 32 [edges], g_F: 28, g_B: 4, generated: 0, MM: 24, MMPER: 71.72727272727273%
[00:00:00:00:664] 
---------- SM_Grids/7x7_grid_with_random_blocks_20per_2 ----------
[00:00:00:00:064] Path of length 38 found: [0, 7, 8, 1, 2, 9, 10, 3, 4, 11, 18, 25, 32, 31, 30, 29, 28, 35, 42, 43, 44, 45, 38, 39, 46, 47, 40, 33, 26, 19, 12, 5, 6, 13, 20, 27, 34, 41, 48]
[00:00:00:00:064] ! Unidirectional s-t. expansions: 38, time: 64 [ms], path length: 38 [edges], generated: 59
[00:00:00:01:569] Path of length 38 found: [48, 47, 46, 45, 44, 43, 42, 35, 28, 29, 30, 31, 38, 39, 40, 41, 34, 33, 32, 25, 26, 27, 20, 19, 18, 17, 10, 11, 12, 13, 6, 5, 4, 3, 2, 9, 8, 1, 0]
[00:00:00:01:569] ! Unidirectional t-s. expansions: 1,190, time: 1,569 [ms], path length: 38 [edges], generated: 1,819
[00:00:00:01:248] Path of length 38 found: [0, 7, 8, 1, 2, 9, 10, 3, 4, 11, 18, 25, 32, 31, 30, 29, 28, 35, 42, 43, 44, 45, 38, 39, 46, 47, 40, 33, 26, 19, 12, 5, 6, 13, 20, 27, 34, 41, 48]
[00:00:00:01:581] ! Bidirectional. expansions: 502, time: 1,249 [ms], path length: 38 [edges], g_F: 9, g_B: 29, generated: 0, MM: 20, MMPER: 50.282051282051285%
[00:00:00:01:581] 
---------- SM_Grids/7x7_grid_with_random_blocks_20per_3 ----------
[00:00:00:00:255] Path of length 36 found: [0, 1, 2, 3, 4, 11, 12, 19, 20, 27, 34, 33, 32, 25, 24, 17, 16, 9, 8, 7, 14, 21, 22, 23, 30, 37, 36, 35, 42, 43, 44, 45, 38, 39, 40, 47, 48]
[00:00:00:00:255] ! Unidirectional s-t. expansions: 133, time: 255 [ms], path length: 36 [edges], generated: 237
[00:00:00:00:328] Path of length 36 found: [48, 47, 40, 33, 34, 27, 20, 19, 12, 11, 4, 3, 2, 1, 8, 9, 16, 17, 24, 25, 32, 39, 38, 45, 44, 43, 42, 35, 36, 37, 30, 23, 22, 21, 14, 7, 0]
[00:00:00:00:329] ! Unidirectional t-s. expansions: 192, time: 328 [ms], path length: 36 [edges], generated: 334
[00:00:00:01:030] Path of length 36 found: [0, 1, 2, 3, 4, 11, 12, 19, 20, 27, 34, 33, 32, 25, 24, 31, 30, 23, 16, 9, 8, 7, 14, 21, 28, 35, 42, 43, 36, 37, 44, 45, 38, 39, 40, 47, 48]
[00:00:00:01:371] ! Bidirectional. expansions: 393, time: 1,030 [ms], path length: 36 [edges], g_F: 23, g_B: 13, generated: 0, MM: 10, MMPER: 26.027027027027028%
[00:00:00:01:371] 
---------- SM_Grids/7x7_grid_with_random_blocks_20per_4 ----------
[00:00:00:00:218] Path of length 36 found: [0, 7, 8, 1, 2, 3, 4, 11, 18, 25, 24, 17, 10, 9, 16, 15, 22, 23, 30, 29, 28, 35, 36, 37, 44, 45, 38, 39, 32, 33, 26, 27, 34, 41, 40, 47, 48]
[00:00:00:00:218] ! Unidirectional s-t. expansions: 107, time: 218 [ms], path length: 36 [edges], generated: 192
[00:00:00:00:168] Path of length 36 found: [48, 41, 34, 27, 26, 25, 32, 33, 40, 47, 46, 39, 38, 45, 44, 37, 36, 35, 28, 29, 30, 23, 22, 15, 16, 9, 10, 17, 18, 11, 4, 3, 2, 1, 8, 7, 0]
[00:00:00:00:168] ! Unidirectional t-s. expansions: 74, time: 168 [ms], path length: 36 [edges], generated: 133
[00:00:00:01:977] Path of length 36 found: [0, 7, 8, 1, 2, 9, 10, 3, 4, 11, 18, 25, 24, 17, 16, 15, 22, 23, 30, 29, 28, 35, 36, 37, 44, 45, 46, 47, 40, 39, 32, 33, 26, 27, 34, 41, 48]
[00:00:00:02:316] ! Bidirectional. expansions: 642, time: 1,977 [ms], path length: 36 [edges], g_F: 25, g_B: 11, generated: 0, MM: 14, MMPER: 36.83783783783784%
[00:00:00:02:316] 
---------- SM_Grids/7x7_grid_with_random_blocks_20per_5 ----------
[00:00:00:00:923] Path of length 34 found: [0, 1, 2, 3, 4, 5, 6, 13, 12, 19, 18, 25, 24, 17, 10, 9, 16, 15, 8, 7, 14, 21, 28, 35, 42, 43, 36, 29, 30, 31, 38, 39, 40, 47, 48]
[00:00:00:00:923] ! Unidirectional s-t. expansions: 577, time: 923 [ms], path length: 34 [edges], generated: 848
[00:00:00:00:264] Path of length 34 found: [48, 47, 40, 39, 38, 31, 30, 29, 36, 43, 42, 35, 28, 21, 14, 7, 8, 15, 16, 9, 10, 17, 24, 25, 18, 19, 20, 13, 6, 5, 4, 3, 2, 1, 0]
[00:00:00:00:264] ! Unidirectional t-s. expansions: 157, time: 264 [ms], path length: 34 [edges], generated: 274
[00:00:00:01:305] Path of length 34 found: [0, 1, 2, 9, 16, 15, 8, 7, 14, 21, 28, 35, 42, 43, 36, 29, 30, 31, 24, 17, 10, 3, 4, 5, 12, 13, 20, 19, 18, 25, 32, 39, 40, 47, 48]
[00:00:00:01:641] ! Bidirectional. expansions: 467, time: 1,305 [ms], path length: 34 [edges], g_F: 25, g_B: 9, generated: 0, MM: 16, MMPER: 44.714285714285715%
[00:00:00:01:641] 
---------- SM_Grids/7x7_grid_with_random_blocks_20per_6 ----------
[00:00:00:00:057] Path of length 34 found: [0, 1, 8, 7, 14, 21, 28, 29, 22, 23, 30, 31, 32, 25, 18, 17, 16, 9, 10, 3, 4, 5, 6, 13, 12, 19, 20, 27, 26, 33, 34, 41, 40, 47, 48]
[00:00:00:00:057] ! Unidirectional s-t. expansions: 34, time: 57 [ms], path length: 34 [edges], generated: 50
[00:00:00:00:105] Path of length 34 found: [48, 47, 40, 41, 34, 27, 20, 19, 12, 13, 6, 5, 4, 3, 10, 9, 16, 17, 18, 25, 26, 33, 32, 31, 30, 23, 22, 29, 28, 21, 14, 7, 8, 1, 0]
[00:00:00:00:106] ! Unidirectional t-s. expansions: 37, time: 105 [ms], path length: 34 [edges], generated: 55
[00:00:00:00:131] Path of length 34 found: [0, 1, 8, 7, 14, 21, 28, 29, 22, 23, 30, 31, 32, 33, 26, 25, 18, 17, 16, 9, 10, 3, 4, 5, 6, 13, 12, 19, 20, 27, 34, 41, 40, 47, 48]
[00:00:00:00:459] ! Bidirectional. expansions: 51, time: 131 [ms], path length: 34 [edges], g_F: 26, g_B: 8, generated: 0, MM: 18, MMPER: 50.42857142857143%
[00:00:00:00:459] 
---------- SM_Grids/7x7_grid_with_random_blocks_20per_7 ----------
[00:00:00:00:234] Path of length 28 found: [0, 1, 2, 3, 4, 5, 6, 13, 12, 11, 10, 9, 16, 23, 24, 17, 18, 19, 26, 25, 32, 31, 38, 39, 46, 47, 40, 41, 48]
[00:00:00:00:234] ! Unidirectional s-t. expansions: 116, time: 234 [ms], path length: 28 [edges], generated: 208
[00:00:00:00:189] Path of length 28 found: [48, 41, 40, 47, 46, 39, 38, 31, 32, 33, 26, 25, 24, 23, 16, 17, 18, 19, 12, 13, 6, 5, 4, 11, 10, 3, 2, 1, 0]
[00:00:00:00:190] ! Unidirectional t-s. expansions: 100, time: 189 [ms], path length: 28 [edges], generated: 178
[00:00:00:00:450] Path of length 28 found: [0, 1, 2, 3, 4, 5, 6, 13, 12, 11, 10, 9, 16, 23, 24, 17, 18, 19, 26, 33, 32, 31, 38, 39, 46, 47, 40, 41, 48]
[00:00:00:00:778] ! Bidirectional. expansions: 151, time: 450 [ms], path length: 28 [edges], g_F: 16, g_B: 12, generated: 0, MM: 4, MMPER: 12.793103448275861%
[00:00:00:00:778] 
---------- SM_Grids/7x7_grid_with_random_blocks_20per_8 ----------
[00:00:00:00:066] Path of length 38 found: [0, 7, 14, 15, 8, 1, 2, 9, 10, 3, 4, 5, 12, 11, 18, 17, 16, 23, 30, 29, 28, 35, 42, 43, 44, 45, 46, 39, 38, 31, 32, 25, 26, 27, 34, 33, 40, 41, 48]
[00:00:00:00:066] ! Unidirectional s-t. expansions: 39, time: 66 [ms], path length: 38 [edges], generated: 58
[00:00:00:00:097] Path of length 38 found: [48, 41, 40, 33, 34, 27, 26, 25, 32, 31, 38, 39, 46, 45, 44, 43, 42, 35, 28, 29, 30, 23, 16, 9, 10, 17, 18, 11, 12, 5, 4, 3, 2, 1, 8, 15, 14, 7, 0]
[00:00:00:00:097] ! Unidirectional t-s. expansions: 53, time: 97 [ms], path length: 38 [edges], generated: 82
[00:00:00:00:367] Path of length 38 found: [0, 7, 14, 15, 8, 1, 2, 9, 10, 3, 4, 5, 12, 11, 18, 17, 16, 23, 30, 29, 28, 35, 42, 43, 44, 45, 46, 39, 38, 31, 32, 25, 26, 27, 34, 33, 40, 41, 48]
[00:00:00:00:689] ! Bidirectional. expansions: 136, time: 367 [ms], path length: 38 [edges], g_F: 28, g_B: 10, generated: 0, MM: 18, MMPER: 45.15384615384615%
[00:00:00:00:689] 
---------- SM_Grids/7x7_grid_with_random_blocks_20per_9 ----------
[00:00:00:00:422] Path of length 36 found: [0, 7, 8, 15, 22, 23, 30, 37, 36, 29, 28, 35, 42, 43, 44, 45, 46, 39, 40, 33, 32, 25, 18, 17, 10, 9, 2, 3, 4, 5, 12, 13, 20, 27, 34, 41, 48]
[00:00:00:00:422] ! Unidirectional s-t. expansions: 265, time: 422 [ms], path length: 36 [edges], generated: 397
[00:00:00:00:522] Path of length 36 found: [48, 41, 34, 27, 20, 13, 6, 5, 4, 3, 2, 9, 10, 17, 18, 25, 32, 33, 40, 39, 46, 45, 44, 43, 42, 35, 28, 29, 36, 37, 30, 23, 22, 15, 8, 1, 0]
[00:00:00:00:522] ! Unidirectional t-s. expansions: 369, time: 522 [ms], path length: 36 [edges], generated: 563
[00:00:00:01:255] Path of length 36 found: [0, 1, 2, 3, 4, 5, 12, 13, 20, 27, 34, 33, 32, 25, 18, 17, 10, 9, 8, 15, 22, 23, 30, 29, 28, 35, 42, 43, 36, 37, 44, 45, 46, 39, 40, 41, 48]
[00:00:00:01:571] ! Bidirectional. expansions: 443, time: 1,255 [ms], path length: 36 [edges], g_F: 22, g_B: 14, generated: 0, MM: 8, MMPER: 20.62162162162162%

[00:00:00:01:571] average expansions: (140, 228, 304, 0)
[00:00:00:01:571] average time: (239, 342, 849, 0)
[00:00:00:01:571] XA*: 140 , 239 (expansions , time[ms])
[00:00:00:01:571] BiXA*: 304 , 849 (expansions , time[ms])

