------------------------------------
Thu 01 Oct 2026 10:43:19 IDT
SLURM_JOBID:		21942721
SLURM_JOB_NODELIST:	ise-cpu256-29
SLURM_SCRATCH_DIR:	/scratch/shubit/21942721
Allocated Resouces:	cpu - 2 / mem - 61440 MB / gpu - 
SLURM_GPU_INDEX:	
Running as shubit from shimony account with normal QOS
------------------------------------
Thu 01 Oct 2026 10:43:19 IDT

SLURM_JOBID:		 21942721
SLURM_JOB_NODELIST:	 ise-cpu256-29 

--------------------------
date: SM_Grids
number_of_graphs: 10
graph_type: grid
size_of_graphs: [7, 7]
heuristic: bcc_heuristic
snake: False
run_uni: True
run_bi: True
run_multi: False
solution_vertices: []
algorithms: ['A']
lookahead: 2
bsd: False
cube_first_dims: 4
cube_buffer_dim: None
backward_sym_generation: False
sym_coil: False
prefix_set: None

---------- SM_Grids/7x7_grid_with_random_blocks_8per_0 ----------
[00:00:00:05:376] Path of length 44 found: [0, 7, 8, 1, 2, 9, 16, 15, 22, 21, 28, 35, 42, 43, 36, 29, 30, 37, 44, 45, 46, 39, 38, 31, 32, 25, 18, 17, 10, 3, 4, 11, 12, 5, 6, 13, 20, 19, 26, 27, 34, 33, 40, 47, 48]
[00:00:00:05:376] ! Unidirectional s-t. expansions: 2,626, time: 5,376 [ms], path length: 44 [edges], generated: 14,214
[00:00:00:21:425] Expansion 10,000: state None, f=45, g=20
[00:00:00:24:037] Path of length 44 found: [48, 41, 34, 27, 20, 13, 6, 5, 4, 3, 2, 9, 16, 17, 10, 11, 12, 19, 18, 25, 26, 33, 32, 31, 30, 29, 36, 37, 38, 39, 40, 47, 46, 45, 44, 43, 42, 35, 28, 21, 22, 15, 8, 1, 0]
[00:00:00:24:038] ! Unidirectional t-s. expansions: 11,080, time: 24,037 [ms], path length: 44 [edges], generated: 51,054
[00:00:00:08:870] Path of length 44 found: [0, 7, 8, 1, 2, 9, 16, 15, 22, 21, 28, 35, 42, 43, 36, 29, 30, 31, 38, 37, 44, 45, 46, 39, 40, 33, 32, 25, 26, 19, 12, 11, 18, 17, 10, 3, 4, 5, 6, 13, 20, 27, 34, 41, 48]
[00:00:00:09:231] ! Bidirectional. expansions: 4,994, time: 8,870 [ms], path length: 44 [edges], g_F: 22, g_B: 22, generated: 0, MM: 0, MMPER: -1.0%
[00:00:00:09:232] 
---------- SM_Grids/7x7_grid_with_random_blocks_8per_1 ----------
[00:00:00:28:658] Expansion 10,000: state None, f=43, g=28
[00:00:00:33:760] Path of length 42 found: [0, 7, 8, 15, 14, 21, 28, 35, 42, 43, 36, 29, 22, 23, 30, 31, 38, 39, 46, 47, 40, 33, 32, 25, 24, 17, 16, 9, 2, 3, 10, 11, 4, 5, 6, 13, 12, 19, 26, 27, 34, 41, 48]
[00:00:00:33:760] ! Unidirectional s-t. expansions: 11,617, time: 33,760 [ms], path length: 42 [edges], generated: 54,664
[00:00:00:28:690] Expansion 10,000: state None, f=43, g=22
[00:00:00:51:661] Path of length 42 found: [48, 47, 46, 39, 38, 31, 32, 33, 40, 41, 34, 27, 26, 25, 18, 19, 20, 13, 6, 5, 12, 11, 4, 3, 2, 9, 10, 17, 24, 23, 30, 29, 36, 43, 42, 35, 28, 21, 22, 15, 8, 7, 0]
[00:00:00:51:661] ! Unidirectional t-s. expansions: 18,191, time: 51,661 [ms], path length: 42 [edges], generated: 80,043
[00:00:00:32:036] Path of length 42 found: [0, 7, 14, 21, 28, 35, 42, 43, 36, 29, 22, 15, 8, 9, 2, 3, 10, 17, 16, 23, 30, 31, 32, 39, 46, 47, 40, 33, 26, 25, 18, 19, 12, 11, 4, 5, 6, 13, 20, 27, 34, 41, 48]
[00:00:00:32:374] ! Bidirectional. expansions: 19,307, time: 32,036 [ms], path length: 42 [edges], g_F: 21, g_B: 21, generated: 0, MM: 0, MMPER: -1.0%
[00:00:00:32:375] 
---------- SM_Grids/7x7_grid_with_random_blocks_8per_2 ----------
[00:00:00:10:713] Path of length 44 found: [0, 7, 8, 15, 14, 21, 22, 29, 28, 35, 36, 43, 44, 45, 46, 47, 40, 33, 32, 39, 38, 37, 30, 31, 24, 23, 16, 17, 18, 11, 10, 9, 2, 3, 4, 5, 6, 13, 12, 19, 26, 27, 34, 41, 48]
[00:00:00:10:713] ! Unidirectional s-t. expansions: 3,698, time: 10,713 [ms], path length: 44 [edges], generated: 16,704
[00:00:00:21:224] Path of length 44 found: [48, 47, 46, 45, 44, 43, 36, 35, 28, 21, 22, 29, 30, 37, 38, 39, 40, 41, 34, 27, 20, 13, 6, 5, 12, 11, 4, 3, 2, 9, 10, 17, 18, 19, 26, 33, 32, 31, 24, 23, 16, 15, 8, 7, 0]
[00:00:00:21:224] ! Unidirectional t-s. expansions: 7,183, time: 21,224 [ms], path length: 44 [edges], generated: 32,817
[00:00:00:16:837] Path of length 44 found: [0, 7, 14, 21, 28, 35, 36, 43, 44, 37, 38, 45, 46, 47, 40, 39, 32, 33, 26, 19, 12, 11, 10, 17, 16, 23, 24, 31, 30, 29, 22, 15, 8, 9, 2, 3, 4, 5, 6, 13, 20, 27, 34, 41, 48]
[00:00:00:17:190] ! Bidirectional. expansions: 10,258, time: 16,837 [ms], path length: 44 [edges], g_F: 22, g_B: 22, generated: 0, MM: 0, MMPER: -1.0%
[00:00:00:17:190] 
---------- SM_Grids/7x7_grid_with_random_blocks_8per_3 ----------
[00:00:00:21:272] Expansion 10,000: state None, f=45, g=28
[00:00:00:34:904] Path of length 44 found: [0, 7, 14, 21, 28, 35, 42, 43, 44, 37, 30, 29, 22, 23, 16, 9, 8, 1, 2, 3, 10, 17, 24, 31, 38, 45, 46, 39, 32, 25, 18, 11, 4, 5, 6, 13, 12, 19, 20, 27, 26, 33, 40, 47, 48]
[00:00:00:34:905] ! Unidirectional s-t. expansions: 16,242, time: 34,904 [ms], path length: 44 [edges], generated: 68,244
[00:00:00:01:876] Path of length 44 found: [48, 41, 40, 47, 46, 39, 32, 33, 26, 27, 20, 19, 18, 25, 24, 17, 10, 11, 12, 13, 6, 5, 4, 3, 2, 1, 8, 9, 16, 23, 22, 29, 30, 31, 38, 37, 44, 43, 42, 35, 28, 21, 14, 7, 0]
[00:00:00:01:877] ! Unidirectional t-s. expansions: 529, time: 1,877 [ms], path length: 44 [edges], generated: 2,883
[00:00:00:02:348] Path of length 44 found: [0, 1, 2, 9, 8, 7, 14, 21, 22, 29, 28, 35, 42, 43, 44, 45, 38, 37, 30, 31, 24, 23, 16, 17, 18, 19, 12, 11, 10, 3, 4, 5, 6, 13, 20, 27, 26, 33, 32, 39, 46, 47, 40, 41, 48]
[00:00:00:02:689] ! Bidirectional. expansions: 1,243, time: 2,348 [ms], path length: 44 [edges], g_F: 22, g_B: 22, generated: 0, MM: 0, MMPER: -1.0%
[00:00:00:02:690] 
---------- SM_Grids/7x7_grid_with_random_blocks_8per_4 ----------
[00:00:00:01:013] Path of length 44 found: [0, 7, 14, 21, 22, 29, 28, 35, 42, 43, 36, 37, 38, 45, 46, 47, 40, 39, 32, 33, 26, 19, 18, 25, 24, 31, 30, 23, 16, 15, 8, 1, 2, 9, 10, 11, 4, 5, 12, 13, 20, 27, 34, 41, 48]
[00:00:00:01:013] ! Unidirectional s-t. expansions: 277, time: 1,013 [ms], path length: 44 [edges], generated: 1,331
[00:00:00:03:854] Path of length 44 found: [48, 47, 46, 45, 38, 39, 40, 41, 34, 33, 32, 31, 30, 37, 36, 43, 42, 35, 28, 29, 22, 21, 14, 7, 8, 15, 16, 23, 24, 25, 18, 19, 26, 27, 20, 13, 6, 5, 4, 11, 10, 9, 2, 1, 0]
[00:00:00:03:854] ! Unidirectional t-s. expansions: 1,014, time: 3,854 [ms], path length: 44 [edges], generated: 5,097
[00:00:00:03:217] Path of length 44 found: [0, 7, 14, 21, 28, 35, 42, 43, 36, 29, 22, 23, 16, 15, 8, 1, 2, 9, 10, 11, 4, 5, 12, 13, 20, 19, 18, 25, 24, 31, 30, 37, 38, 45, 46, 47, 40, 39, 32, 33, 26, 27, 34, 41, 48]
[00:00:00:03:558] ! Bidirectional. expansions: 1,625, time: 3,217 [ms], path length: 44 [edges], g_F: 22, g_B: 22, generated: 0, MM: 0, MMPER: -1.0%
[00:00:00:03:558] 
---------- SM_Grids/7x7_grid_with_random_blocks_8per_5 ----------
[00:00:00:02:346] Path of length 44 found: [0, 1, 2, 3, 10, 9, 8, 7, 14, 15, 22, 21, 28, 29, 36, 35, 42, 43, 44, 45, 46, 39, 40, 33, 26, 25, 32, 31, 38, 37, 30, 23, 24, 17, 18, 11, 12, 5, 6, 13, 20, 27, 34, 41, 48]
[00:00:00:02:346] ! Unidirectional s-t. expansions: 708, time: 2,346 [ms], path length: 44 [edges], generated: 3,334
[00:00:00:11:949] Path of length 44 found: [48, 41, 34, 27, 20, 13, 6, 5, 12, 11, 18, 19, 26, 25, 32, 33, 40, 39, 46, 45, 38, 31, 30, 29, 36, 37, 44, 43, 42, 35, 28, 21, 14, 15, 22, 23, 24, 17, 10, 3, 2, 9, 8, 1, 0]
[00:00:00:11:949] ! Unidirectional t-s. expansions: 5,036, time: 11,949 [ms], path length: 44 [edges], generated: 21,398
[00:00:00:03:665] Path of length 44 found: [0, 7, 14, 21, 28, 35, 42, 43, 44, 45, 46, 39, 32, 31, 38, 37, 36, 29, 30, 23, 22, 15, 8, 1, 2, 3, 10, 17, 24, 25, 26, 19, 18, 11, 12, 5, 6, 13, 20, 27, 34, 33, 40, 41, 48]
[00:00:00:04:005] ! Bidirectional. expansions: 2,010, time: 3,665 [ms], path length: 44 [edges], g_F: 22, g_B: 22, generated: 0, MM: 0, MMPER: -1.0%
[00:00:00:04:005] 
---------- SM_Grids/7x7_grid_with_random_blocks_8per_6 ----------
[00:00:00:15:504] Path of length 44 found: [0, 1, 8, 15, 14, 21, 28, 35, 42, 43, 36, 29, 22, 23, 30, 37, 44, 45, 46, 39, 38, 31, 24, 17, 16, 9, 2, 3, 4, 11, 18, 25, 26, 19, 12, 5, 6, 13, 20, 27, 34, 33, 40, 47, 48]
[00:00:00:15:504] ! Unidirectional s-t. expansions: 6,532, time: 15,504 [ms], path length: 44 [edges], generated: 30,912
[00:00:00:06:593] Path of length 44 found: [48, 41, 34, 27, 20, 13, 6, 5, 12, 19, 26, 33, 40, 47, 46, 39, 38, 45, 44, 43, 42, 35, 28, 21, 14, 15, 8, 9, 16, 23, 22, 29, 36, 37, 30, 31, 24, 17, 18, 11, 4, 3, 2, 1, 0]
[00:00:00:06:593] ! Unidirectional t-s. expansions: 1,853, time: 6,593 [ms], path length: 44 [edges], generated: 9,742
[00:00:00:08:429] Path of length 44 found: [0, 1, 8, 15, 14, 21, 28, 35, 42, 43, 36, 29, 22, 23, 30, 31, 38, 37, 44, 45, 46, 39, 40, 33, 26, 19, 12, 11, 18, 25, 24, 17, 16, 9, 2, 3, 4, 5, 6, 13, 20, 27, 34, 41, 48]
[00:00:00:08:768] ! Bidirectional. expansions: 4,975, time: 8,430 [ms], path length: 44 [edges], g_F: 22, g_B: 22, generated: 0, MM: 0, MMPER: -1.0%
[00:00:00:08:768] 
---------- SM_Grids/7x7_grid_with_random_blocks_8per_7 ----------
[00:00:00:24:979] Expansion 10,000: state None, f=43, g=28
[00:00:00:50:468] Expansion 20,000: state None, f=43, g=22
[00:00:01:15:578] Expansion 30,000: state None, f=43, g=38
[00:00:01:39:714] Expansion 40,000: state None, f=43, g=40
[00:00:02:05:382] Expansion 50,000: state None, f=43, g=30
[00:00:02:30:692] Expansion 60,000: state None, f=43, g=32
[00:00:02:49:996] Path of length 42 found: [0, 7, 14, 21, 28, 35, 42, 43, 36, 29, 22, 15, 8, 1, 2, 9, 16, 23, 30, 37, 44, 45, 46, 39, 38, 31, 24, 17, 10, 3, 4, 5, 12, 11, 18, 19, 26, 25, 32, 33, 40, 47, 48]
[00:00:02:49:996] ! Unidirectional s-t. expansions: 67,913, time: 169,996 [ms], path length: 42 [edges], generated: 331,585
[00:00:00:28:021] Expansion 10,000: state None, f=43, g=30
[00:00:00:32:023] Path of length 42 found: [48, 41, 40, 47, 46, 39, 32, 33, 26, 19, 12, 5, 4, 3, 2, 9, 16, 17, 10, 11, 18, 25, 24, 23, 22, 29, 36, 37, 30, 31, 38, 45, 44, 43, 42, 35, 28, 21, 14, 15, 8, 1, 0]
[00:00:00:32:024] ! Unidirectional t-s. expansions: 11,378, time: 32,023 [ms], path length: 42 [edges], generated: 63,625
[00:00:00:26:125] Path of length 42 found: [0, 7, 14, 21, 28, 35, 42, 43, 36, 29, 22, 15, 16, 23, 30, 37, 44, 45, 38, 31, 24, 17, 18, 11, 10, 9, 8, 1, 2, 3, 4, 5, 12, 19, 26, 33, 32, 39, 46, 47, 40, 41, 48]
[00:00:00:26:524] ! Bidirectional. expansions: 16,469, time: 26,125 [ms], path length: 42 [edges], g_F: 21, g_B: 21, generated: 0, MM: 0, MMPER: -1.0%
[00:00:00:26:524] 
---------- SM_Grids/7x7_grid_with_random_blocks_8per_8 ----------
[00:00:00:31:575] Expansion 10,000: state None, f=43, g=22
[00:00:01:06:838] Expansion 20,000: state None, f=43, g=18
[00:00:01:15:959] Path of length 42 found: [0, 7, 8, 1, 2, 9, 10, 3, 4, 5, 6, 13, 20, 19, 12, 11, 18, 17, 24, 23, 16, 15, 22, 21, 28, 35, 42, 43, 44, 37, 38, 45, 46, 39, 32, 25, 26, 27, 34, 33, 40, 47, 48]
[00:00:01:15:959] ! Unidirectional s-t. expansions: 22,394, time: 75,959 [ms], path length: 42 [edges], generated: 120,877
[00:00:00:34:428] Expansion 10,000: state None, f=43, g=40
[00:00:00:59:464] Expansion 20,000: state None, f=43, g=20
[00:00:01:25:855] Expansion 30,000: state None, f=43, g=26
[00:00:01:53:927] Expansion 40,000: state None, f=43, g=12
[00:00:02:09:921] Path of length 42 found: [48, 47, 46, 39, 40, 41, 34, 33, 32, 25, 26, 27, 20, 19, 18, 17, 10, 11, 12, 13, 6, 5, 4, 3, 2, 9, 16, 23, 24, 31, 38, 37, 44, 43, 42, 35, 28, 21, 22, 15, 8, 1, 0]
[00:00:02:09:922] ! Unidirectional t-s. expansions: 44,096, time: 129,921 [ms], path length: 42 [edges], generated: 220,851
[00:00:01:22:992] Expansions: 50,000. F states: 93,686, B states: 90,535. Checks: 170,854)
[00:00:01:56:320] Path of length 42 found: [0, 7, 8, 1, 2, 9, 10, 3, 4, 11, 18, 25, 32, 39, 38, 31, 24, 17, 16, 15, 22, 21, 28, 35, 42, 43, 44, 45, 46, 47, 40, 33, 26, 19, 12, 5, 6, 13, 20, 27, 34, 41, 48]
[00:00:01:56:659] ! Bidirectional. expansions: 64,312, time: 116,320 [ms], path length: 42 [edges], g_F: 21, g_B: 21, generated: 0, MM: 0, MMPER: -1.0%
[00:00:01:56:659] 
---------- SM_Grids/7x7_grid_with_random_blocks_8per_9 ----------
[00:00:00:15:652] Path of length 44 found: [0, 1, 2, 3, 4, 11, 12, 5, 6, 13, 20, 27, 26, 25, 18, 17, 10, 9, 16, 23, 30, 31, 38, 37, 36, 29, 22, 15, 8, 7, 14, 21, 28, 35, 42, 43, 44, 45, 46, 39, 32, 33, 40, 41, 48]
[00:00:00:15:652] ! Unidirectional s-t. expansions: 5,682, time: 15,652 [ms], path length: 44 [edges], generated: 24,809
[00:00:00:03:067] Path of length 44 found: [48, 41, 40, 39, 46, 45, 44, 43, 42, 35, 36, 29, 28, 21, 22, 15, 14, 7, 8, 9, 16, 23, 30, 37, 38, 31, 32, 25, 26, 33, 34, 27, 20, 13, 6, 5, 12, 11, 18, 17, 10, 3, 2, 1, 0]
[00:00:00:03:068] ! Unidirectional t-s. expansions: 988, time: 3,067 [ms], path length: 44 [edges], generated: 4,523
[00:00:00:07:753] Path of length 44 found: [0, 7, 14, 21, 28, 35, 42, 43, 36, 29, 22, 15, 16, 23, 30, 31, 38, 37, 44, 45, 46, 39, 32, 33, 26, 25, 18, 17, 10, 9, 8, 1, 2, 3, 4, 11, 12, 5, 6, 13, 20, 27, 34, 41, 48]
[00:00:00:08:093] ! Bidirectional. expansions: 4,659, time: 7,753 [ms], path length: 44 [edges], g_F: 22, g_B: 22, generated: 0, MM: 0, MMPER: -1.0%

[00:00:00:08:093] average expansions: (13,769, 10,135, 12,985, 0)
[00:00:00:08:093] average time: (36,522, 28,621, 22,560, 0)
[00:00:00:08:093] XA*: 10,135 , 28,621 (expansions , time[ms])
[00:00:00:08:093] BiXA*: 12,985 , 22,560 (expansions , time[ms])

