------------------------------------
Thu 01 Oct 2026 16:24:30 IDT
SLURM_JOBID:		21953398
SLURM_JOB_NODELIST:	ise-cpu256-03
SLURM_SCRATCH_DIR:	/scratch/shubit/21953398
Allocated Resouces:	cpu - 2 / mem - 61440 MB / gpu - 
SLURM_GPU_INDEX:	
Running as shubit from shimony account with normal QOS
------------------------------------
Thu 01 Oct 2026 16:24:30 IDT

SLURM_JOBID:		 21953398
SLURM_JOB_NODELIST:	 ise-cpu256-03 

--------------------------
date: SM_Grids
number_of_graphs: 10
graph_type: grid
size_of_graphs: [7, 7]
heuristic: bcc_heuristic
snake: False
run_uni: True
run_bi: True
run_multi: False
solution_vertices: []
algorithms: ['XMM']
lookahead: 1
bsd: False
cube_first_dims: 4
cube_buffer_dim: None
backward_sym_generation: False
sym_coil: False
prefix_set: None

---------- SM_Grids/7x7_grid_with_random_blocks_16per_0 ----------
[00:00:00:00:052] Path of length 34 found: [0, 1, 8, 7, 14, 21, 22, 29, 28, 35, 42, 43, 36, 37, 30, 31, 24, 17, 18, 25, 32, 39, 38, 45, 46, 47, 40, 33, 26, 19, 20, 27, 34, 41, 48]
[00:00:00:00:052] ! Unidirectional s-t. expansions: 34, time: 52 [ms], path length: 34 [edges], generated: 59
[00:00:00:02:156] Path of length 34 found: [48, 47, 46, 45, 44, 43, 42, 35, 36, 37, 38, 39, 40, 41, 34, 33, 32, 25, 26, 27, 20, 19, 18, 17, 24, 31, 30, 29, 22, 21, 14, 7, 8, 1, 0]
[00:00:00:02:156] ! Unidirectional t-s. expansions: 1,514, time: 2,156 [ms], path length: 34 [edges], generated: 2,609
[00:00:00:02:044] Path of length 34 found: [0, 1, 8, 7, 14, 21, 22, 29, 28, 35, 42, 43, 36, 37, 30, 31, 24, 17, 18, 25, 32, 39, 38, 45, 46, 47, 40, 33, 26, 19, 20, 27, 34, 41, 48]
[00:00:00:02:397] ! Bidirectional. expansions: 777, time: 2,044 [ms], path length: 34 [edges], g_F: 16, g_B: 18, generated: 1,513, MM: 2, MMPER: 4.714285714285714%
[00:00:00:02:397] 
---------- SM_Grids/7x7_grid_with_random_blocks_16per_1 ----------
[00:00:00:00:073] Path of length 40 found: [0, 1, 2, 3, 4, 5, 12, 13, 20, 27, 26, 19, 18, 11, 10, 9, 16, 15, 22, 21, 28, 35, 42, 43, 36, 29, 30, 37, 44, 45, 38, 31, 24, 25, 32, 39, 46, 47, 40, 41, 48]
[00:00:00:00:073] ! Unidirectional s-t. expansions: 42, time: 73 [ms], path length: 40 [edges], generated: 65
[00:00:00:00:069] Path of length 40 found: [48, 41, 40, 47, 46, 39, 32, 25, 24, 31, 30, 29, 36, 37, 38, 45, 44, 43, 42, 35, 28, 21, 22, 15, 16, 9, 10, 11, 18, 19, 26, 27, 20, 13, 12, 5, 4, 3, 2, 1, 0]
[00:00:00:00:069] ! Unidirectional t-s. expansions: 40, time: 69 [ms], path length: 40 [edges], generated: 60
[00:00:00:00:428] Path of length 40 found: [0, 1, 2, 3, 4, 5, 12, 13, 20, 27, 26, 19, 18, 11, 10, 9, 16, 15, 22, 21, 28, 35, 42, 43, 44, 45, 38, 37, 36, 29, 30, 31, 24, 25, 32, 39, 46, 47, 40, 41, 48]
[00:00:00:00:761] ! Bidirectional. expansions: 155, time: 428 [ms], path length: 40 [edges], g_F: 20, g_B: 20, generated: 260, MM: 0, MMPER: -1.0%
[00:00:00:00:761] 
---------- SM_Grids/7x7_grid_with_random_blocks_16per_2 ----------
[00:00:00:00:988] Path of length 38 found: [0, 7, 8, 1, 2, 9, 16, 23, 22, 29, 28, 35, 36, 43, 44, 45, 38, 37, 30, 31, 32, 25, 18, 17, 10, 3, 4, 5, 6, 13, 12, 19, 26, 27, 34, 33, 40, 47, 48]
[00:00:00:00:989] ! Unidirectional s-t. expansions: 541, time: 989 [ms], path length: 38 [edges], generated: 900
[00:00:00:00:431] Path of length 38 found: [48, 47, 40, 33, 34, 27, 26, 25, 32, 31, 30, 37, 38, 45, 44, 43, 36, 35, 28, 29, 22, 23, 16, 17, 18, 19, 12, 13, 6, 5, 4, 11, 10, 3, 2, 9, 8, 1, 0]
[00:00:00:00:431] ! Unidirectional t-s. expansions: 255, time: 431 [ms], path length: 38 [edges], generated: 419
[00:00:00:01:268] Path of length 38 found: [0, 7, 8, 1, 2, 9, 16, 17, 10, 3, 4, 5, 6, 13, 12, 11, 18, 19, 26, 27, 34, 33, 32, 31, 30, 23, 22, 29, 28, 35, 36, 43, 44, 37, 38, 45, 46, 47, 48]
[00:00:00:01:589] ! Bidirectional. expansions: 467, time: 1,268 [ms], path length: 38 [edges], g_F: 19, g_B: 19, generated: 789, MM: 0, MMPER: -1.0%
[00:00:00:01:589] 
---------- SM_Grids/7x7_grid_with_random_blocks_16per_3 ----------
[00:00:00:00:744] Path of length 38 found: [0, 1, 2, 3, 4, 11, 12, 19, 18, 17, 24, 23, 16, 15, 8, 7, 14, 21, 22, 29, 28, 35, 42, 43, 36, 37, 30, 31, 32, 25, 26, 27, 34, 33, 40, 39, 46, 47, 48]
[00:00:00:00:745] ! Unidirectional s-t. expansions: 424, time: 744 [ms], path length: 38 [edges], generated: 696
[00:00:00:00:526] Path of length 38 found: [48, 47, 46, 39, 40, 41, 34, 27, 26, 33, 32, 25, 18, 19, 12, 11, 4, 3, 2, 1, 8, 15, 22, 23, 16, 17, 24, 31, 30, 37, 36, 43, 42, 35, 28, 21, 14, 7, 0]
[00:00:00:00:526] ! Unidirectional t-s. expansions: 292, time: 526 [ms], path length: 38 [edges], generated: 508
[00:00:00:00:951] Path of length 38 found: [0, 7, 14, 15, 8, 1, 2, 3, 4, 11, 12, 19, 18, 17, 16, 23, 22, 21, 28, 35, 42, 43, 36, 37, 30, 31, 24, 25, 32, 39, 46, 47, 40, 33, 26, 27, 34, 41, 48]
[00:00:00:01:279] ! Bidirectional. expansions: 335, time: 951 [ms], path length: 38 [edges], g_F: 18, g_B: 20, generated: 583, MM: 2, MMPER: 4.128205128205129%
[00:00:00:01:280] 
---------- SM_Grids/7x7_grid_with_random_blocks_16per_4 ----------
[00:00:00:00:943] Path of length 38 found: [0, 7, 14, 21, 28, 29, 36, 35, 42, 43, 44, 45, 38, 31, 30, 23, 16, 9, 8, 1, 2, 3, 10, 11, 12, 5, 6, 13, 20, 19, 18, 25, 26, 27, 34, 33, 40, 47, 48]
[00:00:00:00:944] ! Unidirectional s-t. expansions: 616, time: 943 [ms], path length: 38 [edges], generated: 937
[00:00:00:00:876] Path of length 38 found: [48, 47, 40, 41, 34, 33, 26, 25, 18, 19, 20, 13, 6, 5, 12, 11, 10, 3, 2, 1, 8, 9, 16, 23, 30, 31, 38, 45, 44, 43, 42, 35, 36, 29, 22, 21, 14, 7, 0]
[00:00:00:00:876] ! Unidirectional t-s. expansions: 548, time: 876 [ms], path length: 38 [edges], generated: 859
[00:00:00:01:007] Path of length 38 found: [0, 7, 8, 1, 2, 3, 10, 9, 16, 23, 22, 21, 28, 35, 42, 43, 36, 29, 30, 31, 38, 45, 46, 47, 40, 33, 26, 25, 18, 11, 12, 5, 6, 13, 20, 27, 34, 41, 48]
[00:00:00:01:331] ! Bidirectional. expansions: 400, time: 1,007 [ms], path length: 38 [edges], g_F: 18, g_B: 20, generated: 621, MM: 2, MMPER: 4.128205128205129%
[00:00:00:01:331] 
---------- SM_Grids/7x7_grid_with_random_blocks_16per_5 ----------
[00:00:00:00:071] Path of length 38 found: [0, 7, 14, 21, 28, 29, 22, 15, 8, 1, 2, 9, 16, 23, 30, 37, 38, 31, 24, 17, 18, 11, 4, 5, 6, 13, 12, 19, 20, 27, 26, 25, 32, 39, 40, 33, 34, 41, 48]
[00:00:00:00:071] ! Unidirectional s-t. expansions: 38, time: 71 [ms], path length: 38 [edges], generated: 64
[00:00:00:00:072] Path of length 38 found: [48, 41, 34, 27, 20, 13, 6, 5, 4, 11, 12, 19, 18, 17, 16, 9, 2, 1, 8, 15, 22, 23, 24, 31, 32, 25, 26, 33, 40, 39, 38, 37, 30, 29, 28, 21, 14, 7, 0]
[00:00:00:00:072] ! Unidirectional t-s. expansions: 38, time: 72 [ms], path length: 38 [edges], generated: 64
[00:00:00:01:403] Path of length 38 found: [0, 7, 14, 21, 28, 29, 22, 15, 8, 1, 2, 9, 16, 23, 30, 37, 38, 31, 24, 17, 18, 25, 32, 39, 40, 33, 26, 19, 12, 11, 4, 5, 6, 13, 20, 27, 34, 41, 48]
[00:00:00:01:725] ! Bidirectional. expansions: 456, time: 1,403 [ms], path length: 38 [edges], g_F: 19, g_B: 19, generated: 856, MM: 0, MMPER: -1.0%
[00:00:00:01:726] 
---------- SM_Grids/7x7_grid_with_random_blocks_16per_6 ----------
[00:00:00:00:067] Path of length 36 found: [0, 1, 8, 15, 22, 23, 16, 9, 2, 3, 10, 17, 24, 31, 30, 37, 44, 45, 46, 39, 32, 25, 18, 11, 4, 5, 6, 13, 12, 19, 20, 27, 26, 33, 34, 41, 48]
[00:00:00:00:067] ! Unidirectional s-t. expansions: 36, time: 67 [ms], path length: 36 [edges], generated: 58
[00:00:00:00:069] Path of length 36 found: [48, 41, 34, 27, 20, 13, 6, 5, 4, 3, 2, 9, 16, 17, 10, 11, 12, 19, 18, 25, 26, 33, 32, 39, 46, 45, 44, 37, 30, 31, 24, 23, 22, 15, 8, 1, 0]
[00:00:00:00:069] ! Unidirectional t-s. expansions: 36, time: 69 [ms], path length: 36 [edges], generated: 58
[00:00:00:01:384] Path of length 36 found: [0, 1, 8, 15, 22, 23, 16, 9, 2, 3, 10, 17, 24, 31, 30, 37, 44, 45, 46, 39, 32, 33, 26, 25, 18, 19, 12, 11, 4, 5, 6, 13, 20, 27, 34, 41, 48]
[00:00:00:01:710] ! Bidirectional. expansions: 446, time: 1,384 [ms], path length: 36 [edges], g_F: 18, g_B: 18, generated: 851, MM: 0, MMPER: -1.0%
[00:00:00:01:710] 
---------- SM_Grids/7x7_grid_with_random_blocks_16per_7 ----------
[00:00:00:01:077] Path of length 38 found: [0, 7, 8, 1, 2, 3, 10, 17, 16, 15, 22, 21, 28, 35, 42, 43, 36, 37, 30, 31, 24, 25, 18, 19, 12, 11, 4, 5, 6, 13, 20, 27, 26, 33, 40, 39, 46, 47, 48]
[00:00:00:01:078] ! Unidirectional s-t. expansions: 576, time: 1,078 [ms], path length: 38 [edges], generated: 964
[00:00:00:01:127] Path of length 38 found: [48, 47, 46, 39, 40, 33, 34, 27, 26, 25, 24, 31, 30, 37, 36, 43, 42, 35, 28, 21, 14, 7, 8, 15, 16, 17, 18, 19, 20, 13, 6, 5, 12, 11, 4, 3, 2, 1, 0]
[00:00:00:01:128] ! Unidirectional t-s. expansions: 651, time: 1,127 [ms], path length: 38 [edges], generated: 1,092
[00:00:00:01:926] Path of length 38 found: [0, 7, 8, 1, 2, 3, 4, 5, 6, 13, 12, 11, 10, 17, 16, 15, 14, 21, 28, 35, 42, 43, 36, 37, 30, 31, 24, 25, 26, 19, 20, 27, 34, 33, 40, 39, 46, 47, 48]
[00:00:00:02:270] ! Bidirectional. expansions: 694, time: 1,926 [ms], path length: 38 [edges], g_F: 18, g_B: 20, generated: 1,220, MM: 2, MMPER: 4.128205128205129%
[00:00:00:02:271] 
---------- SM_Grids/7x7_grid_with_random_blocks_16per_8 ----------
[00:00:00:05:910] Path of length 38 found: [0, 1, 8, 15, 22, 21, 28, 29, 36, 35, 42, 43, 44, 37, 30, 31, 32, 25, 24, 17, 16, 9, 2, 3, 10, 11, 4, 5, 6, 13, 12, 19, 20, 27, 26, 33, 40, 47, 48]
[00:00:00:05:911] ! Unidirectional s-t. expansions: 3,605, time: 5,910 [ms], path length: 38 [edges], generated: 5,926
[00:00:00:04:987] Path of length 38 found: [48, 47, 40, 33, 34, 27, 26, 19, 20, 13, 6, 5, 12, 11, 4, 3, 10, 17, 24, 25, 32, 31, 30, 37, 44, 43, 42, 35, 36, 29, 28, 21, 22, 15, 16, 9, 2, 1, 0]
[00:00:00:04:987] ! Unidirectional t-s. expansions: 3,070, time: 4,987 [ms], path length: 38 [edges], generated: 5,089
[00:00:00:06:295] Path of length 38 found: [0, 1, 8, 15, 22, 21, 28, 35, 42, 43, 44, 37, 36, 29, 30, 31, 32, 25, 24, 17, 10, 9, 2, 3, 4, 11, 12, 5, 6, 13, 20, 19, 26, 27, 34, 33, 40, 47, 48]
[00:00:00:06:630] ! Bidirectional. expansions: 2,066, time: 6,295 [ms], path length: 38 [edges], g_F: 18, g_B: 20, generated: 3,731, MM: 2, MMPER: 4.128205128205129%
[00:00:00:06:630] 
---------- SM_Grids/7x7_grid_with_random_blocks_16per_9 ----------
[00:00:00:04:939] Path of length 36 found: [0, 7, 8, 1, 2, 3, 10, 17, 18, 19, 20, 27, 34, 33, 26, 25, 32, 31, 24, 23, 16, 15, 22, 21, 28, 29, 36, 35, 42, 43, 44, 45, 46, 39, 40, 47, 48]
[00:00:00:04:940] ! Unidirectional s-t. expansions: 2,820, time: 4,939 [ms], path length: 36 [edges], generated: 4,939
[00:00:00:06:759] Path of length 36 found: [48, 47, 40, 41, 34, 33, 26, 27, 20, 19, 18, 25, 24, 31, 32, 39, 46, 45, 44, 37, 36, 43, 42, 35, 28, 21, 22, 23, 16, 17, 10, 3, 2, 9, 8, 1, 0]
[00:00:00:06:759] ! Unidirectional t-s. expansions: 4,196, time: 6,759 [ms], path length: 36 [edges], generated: 7,064
[00:00:00:07:575] Path of length 36 found: [0, 7, 8, 1, 2, 3, 10, 9, 16, 17, 18, 25, 32, 31, 24, 23, 22, 21, 28, 35, 42, 43, 36, 37, 44, 45, 46, 47, 40, 33, 26, 19, 20, 27, 34, 41, 48]
[00:00:00:07:914] ! Bidirectional. expansions: 2,367, time: 7,575 [ms], path length: 36 [edges], g_F: 17, g_B: 19, generated: 4,465, MM: 2, MMPER: 4.405405405405405%

[00:00:00:07:914] average expansions: (873, 1,064, 816, 0)
[00:00:00:07:914] average time: (1,487, 1,707, 2,428, 0)
[00:00:00:07:914] XA*: 873 , 1,487 (expansions , time[ms])
[00:00:00:07:914] XMM: 816 , 2,428 (expansions , time[ms])

