------------------------------------
Thu 01 Oct 2026 12:14:09 IDT
SLURM_JOBID:		21944092
SLURM_JOB_NODELIST:	ise-cpu256-14
SLURM_SCRATCH_DIR:	/scratch/shubit/21944092
Allocated Resouces:	cpu - 2 / mem - 61440 MB / gpu - 
SLURM_GPU_INDEX:	
Running as shubit from shimony account with normal QOS
------------------------------------
Thu 01 Oct 2026 12:14:09 IDT

SLURM_JOBID:		 21944092
SLURM_JOB_NODELIST:	 ise-cpu256-14 

--------------------------
date: SM_Grids
number_of_graphs: 10
graph_type: grid
size_of_graphs: [7, 7]
heuristic: bcc_heuristic
snake: False
run_uni: True
run_bi: True
run_multi: False
solution_vertices: []
algorithms: ['IDA']
lookahead: 3
bsd: False
cube_first_dims: 4
cube_buffer_dim: None
backward_sym_generation: False
sym_coil: False
prefix_set: None

---------- SM_Grids/7x7_grid_with_random_blocks_12per_0 ----------
[00:00:00:01:822] Path of length 38 found: [0, 7, 14, 21, 28, 35, 42, 43, 36, 29, 22, 15, 8, 1, 2, 9, 16, 17, 10, 3, 4, 11, 18, 19, 26, 33, 32, 31, 30, 37, 44, 45, 38, 39, 46, 47, 40, 41, 48]
[00:00:00:01:822] ! Unidirectional s-t. expansions: 314, time: 1,822 [ms], path length: 38 [edges], generated: 3,648
[00:00:00:01:162] Path of length 38 found: [48, 41, 40, 47, 46, 39, 32, 33, 26, 19, 18, 11, 4, 3, 2, 1, 8, 15, 16, 9, 10, 17, 24, 31, 30, 37, 38, 45, 44, 43, 42, 35, 36, 29, 22, 21, 14, 7, 0]
[00:00:00:01:162] ! Unidirectional t-s. expansions: 268, time: 1,162 [ms], path length: 38 [edges], generated: 2,697
[00:00:00:06:176] Path of length 38 found: [0, 7, 14, 15, 22, 21, 28, 35, 42, 43, 44, 37, 36, 29, 30, 31, 24, 17, 16, 9, 8, 1, 2, 3, 10, 11, 18, 19, 26, 33, 32, 39, 38, 45, 46, 47, 40, 41, 48]
[00:00:00:06:528] ! Bidirectional. expansions: 687, time: 6,176 [ms], path length: 38 [edges], g_F: 24, g_B: 14, generated: 0, MM: 10, MMPER: 24.641025641025642%
[00:00:00:06:528] 
---------- SM_Grids/7x7_grid_with_random_blocks_12per_1 ----------
[00:00:00:03:425] Path of length 40 found: [0, 7, 14, 21, 28, 29, 36, 35, 42, 43, 44, 45, 46, 39, 32, 31, 30, 23, 22, 15, 8, 1, 2, 9, 16, 17, 10, 3, 4, 11, 18, 25, 26, 19, 20, 27, 34, 33, 40, 47, 48]
[00:00:00:03:426] ! Unidirectional s-t. expansions: 859, time: 3,426 [ms], path length: 40 [edges], generated: 8,023
[00:00:00:01:155] Path of length 40 found: [48, 41, 34, 27, 20, 19, 18, 11, 4, 3, 2, 1, 8, 9, 10, 17, 16, 15, 22, 23, 30, 31, 32, 25, 26, 33, 40, 39, 46, 45, 44, 43, 42, 35, 36, 29, 28, 21, 14, 7, 0]
[00:00:00:01:155] ! Unidirectional t-s. expansions: 199, time: 1,155 [ms], path length: 40 [edges], generated: 2,221
[00:00:00:11:903] Path of length 40 found: [0, 7, 14, 15, 8, 1, 2, 9, 16, 17, 10, 3, 4, 11, 18, 25, 26, 19, 20, 27, 34, 33, 40, 39, 32, 31, 30, 23, 22, 21, 28, 29, 36, 35, 42, 43, 44, 45, 46, 47, 48]
[00:00:00:12:237] ! Bidirectional. expansions: 1,054, time: 11,903 [ms], path length: 40 [edges], g_F: 23, g_B: 17, generated: 0, MM: 6, MMPER: 13.634146341463415%
[00:00:00:12:237] 
---------- SM_Grids/7x7_grid_with_random_blocks_12per_2 ----------
[00:00:00:07:866] Path of length 38 found: [0, 7, 14, 21, 28, 29, 22, 15, 8, 1, 2, 9, 16, 23, 30, 37, 36, 43, 44, 45, 38, 31, 24, 17, 10, 3, 4, 11, 18, 19, 26, 25, 32, 39, 40, 33, 34, 41, 48]
[00:00:00:07:866] ! Unidirectional s-t. expansions: 1,697, time: 7,866 [ms], path length: 38 [edges], generated: 18,735
[00:00:00:01:195] Path of length 38 found: [48, 47, 40, 41, 34, 33, 26, 19, 18, 25, 24, 31, 32, 39, 38, 45, 44, 43, 36, 37, 30, 23, 22, 29, 28, 21, 14, 15, 16, 17, 10, 11, 4, 3, 2, 9, 8, 1, 0]
[00:00:00:01:195] ! Unidirectional t-s. expansions: 230, time: 1,195 [ms], path length: 38 [edges], generated: 2,816
[00:00:00:06:349] Path of length 38 found: [0, 7, 14, 21, 28, 29, 22, 15, 8, 1, 2, 9, 16, 17, 10, 3, 4, 11, 18, 19, 26, 25, 24, 23, 30, 37, 36, 43, 44, 45, 38, 39, 32, 33, 34, 41, 40, 47, 48]
[00:00:00:06:680] ! Bidirectional. expansions: 635, time: 6,349 [ms], path length: 38 [edges], g_F: 23, g_B: 15, generated: 0, MM: 8, MMPER: 19.512820512820515%
[00:00:00:06:680] 
---------- SM_Grids/7x7_grid_with_random_blocks_12per_3 ----------
[00:00:00:00:074] Path of length 42 found: [0, 7, 14, 21, 28, 35, 42, 43, 36, 37, 30, 29, 22, 15, 8, 1, 2, 9, 16, 23, 24, 17, 10, 3, 4, 5, 6, 13, 12, 19, 20, 27, 26, 25, 32, 39, 46, 47, 40, 33, 34, 41, 48]
[00:00:00:00:075] ! Unidirectional s-t. expansions: 14, time: 74 [ms], path length: 42 [edges], generated: 123
[00:00:00:00:096] Path of length 42 found: [48, 41, 34, 33, 40, 47, 46, 39, 32, 25, 26, 27, 20, 19, 12, 13, 6, 5, 4, 3, 2, 1, 8, 15, 16, 9, 10, 17, 24, 23, 22, 29, 30, 37, 36, 43, 42, 35, 28, 21, 14, 7, 0]
[00:00:00:00:097] ! Unidirectional t-s. expansions: 16, time: 97 [ms], path length: 42 [edges], generated: 159
[00:00:00:00:203] Path of length 42 found: [0, 7, 14, 21, 28, 35, 42, 43, 36, 37, 30, 29, 22, 15, 8, 1, 2, 9, 16, 23, 24, 17, 10, 3, 4, 5, 6, 13, 12, 19, 20, 27, 26, 25, 32, 39, 46, 47, 40, 33, 34, 41, 48]
[00:00:00:00:543] ! Bidirectional. expansions: 19, time: 203 [ms], path length: 42 [edges], g_F: 27, g_B: 15, generated: 0, MM: 12, MMPER: 26.906976744186046%
[00:00:00:00:543] 
---------- SM_Grids/7x7_grid_with_random_blocks_12per_4 ----------
[00:00:00:00:077] Path of length 42 found: [0, 7, 8, 1, 2, 9, 16, 15, 22, 21, 28, 29, 36, 43, 44, 45, 38, 31, 30, 23, 24, 17, 10, 3, 4, 11, 18, 19, 12, 5, 6, 13, 20, 27, 26, 33, 32, 39, 46, 47, 40, 41, 48]
[00:00:00:00:077] ! Unidirectional s-t. expansions: 14, time: 77 [ms], path length: 42 [edges], generated: 139
[00:00:00:00:124] Path of length 42 found: [48, 41, 40, 47, 46, 39, 32, 33, 26, 27, 20, 13, 6, 5, 4, 3, 10, 11, 12, 19, 18, 17, 24, 23, 30, 31, 38, 45, 44, 43, 36, 29, 28, 21, 22, 15, 16, 9, 2, 1, 8, 7, 0]
[00:00:00:00:125] ! Unidirectional t-s. expansions: 22, time: 124 [ms], path length: 42 [edges], generated: 204
[00:00:00:00:136] Path of length 42 found: [0, 7, 8, 1, 2, 9, 16, 15, 22, 21, 28, 29, 36, 43, 44, 45, 38, 31, 30, 23, 24, 17, 10, 3, 4, 11, 18, 19, 12, 5, 6, 13, 20, 27, 26, 33, 32, 39, 46, 47, 40, 41, 48]
[00:00:00:00:460] ! Bidirectional. expansions: 14, time: 136 [ms], path length: 42 [edges], g_F: 27, g_B: 15, generated: 0, MM: 12, MMPER: 26.906976744186046%
[00:00:00:00:460] 
---------- SM_Grids/7x7_grid_with_random_blocks_12per_5 ----------
[00:00:00:11:700] Path of length 40 found: [0, 7, 14, 21, 28, 35, 42, 43, 36, 29, 22, 15, 8, 1, 2, 9, 16, 23, 24, 25, 18, 11, 4, 5, 6, 13, 12, 19, 20, 27, 26, 33, 32, 31, 30, 37, 38, 45, 46, 47, 48]
[00:00:00:11:701] ! Unidirectional s-t. expansions: 2,756, time: 11,701 [ms], path length: 40 [edges], generated: 26,482
[00:00:00:04:111] Path of length 40 found: [48, 47, 46, 45, 38, 31, 24, 25, 32, 33, 34, 27, 26, 19, 20, 13, 6, 5, 4, 11, 10, 9, 2, 1, 8, 15, 16, 23, 22, 29, 30, 37, 36, 43, 42, 35, 28, 21, 14, 7, 0]
[00:00:00:04:111] ! Unidirectional t-s. expansions: 844, time: 4,111 [ms], path length: 40 [edges], generated: 9,577
[00:00:00:08:550] Path of length 40 found: [0, 7, 14, 21, 28, 35, 42, 43, 36, 37, 30, 29, 22, 23, 16, 15, 8, 1, 2, 9, 10, 11, 4, 5, 6, 13, 20, 19, 26, 27, 34, 33, 32, 25, 24, 31, 38, 45, 46, 47, 48]
[00:00:00:08:880] ! Bidirectional. expansions: 1,141, time: 8,550 [ms], path length: 40 [edges], g_F: 24, g_B: 16, generated: 0, MM: 8, MMPER: 18.51219512195122%
[00:00:00:08:880] 
---------- SM_Grids/7x7_grid_with_random_blocks_12per_6 ----------
[00:00:00:22:332] Path of length 40 found: [0, 7, 14, 21, 28, 35, 42, 43, 36, 29, 22, 15, 8, 1, 2, 3, 4, 11, 12, 5, 6, 13, 20, 27, 26, 25, 18, 17, 16, 23, 24, 31, 30, 37, 44, 45, 38, 39, 46, 47, 48]
[00:00:00:22:332] ! Unidirectional s-t. expansions: 6,028, time: 22,332 [ms], path length: 40 [edges], generated: 52,959
[00:00:00:05:985] Path of length 40 found: [48, 41, 34, 27, 20, 13, 6, 5, 12, 11, 4, 3, 2, 1, 8, 15, 22, 29, 36, 37, 30, 23, 16, 17, 18, 25, 24, 31, 38, 39, 46, 45, 44, 43, 42, 35, 28, 21, 14, 7, 0]
[00:00:00:05:985] ! Unidirectional t-s. expansions: 1,346, time: 5,985 [ms], path length: 40 [edges], generated: 13,343
[00:00:00:13:535] Path of length 40 found: [0, 7, 14, 21, 28, 35, 42, 43, 36, 29, 30, 37, 44, 45, 46, 39, 38, 31, 32, 25, 18, 17, 24, 23, 16, 15, 8, 1, 2, 3, 4, 11, 12, 5, 6, 13, 20, 27, 34, 41, 48]
[00:00:00:13:879] ! Bidirectional. expansions: 1,805, time: 13,535 [ms], path length: 40 [edges], g_F: 26, g_B: 14, generated: 0, MM: 12, MMPER: 28.26829268292683%
[00:00:00:13:879] 
---------- SM_Grids/7x7_grid_with_random_blocks_12per_7 ----------
[00:00:00:05:459] Path of length 40 found: [0, 7, 14, 21, 28, 35, 42, 43, 36, 29, 30, 23, 16, 15, 8, 1, 2, 9, 10, 3, 4, 11, 12, 13, 20, 19, 18, 17, 24, 31, 38, 45, 46, 39, 32, 25, 26, 33, 40, 41, 48]
[00:00:00:05:459] ! Unidirectional s-t. expansions: 1,253, time: 5,459 [ms], path length: 40 [edges], generated: 12,085
[00:00:00:01:531] Path of length 40 found: [48, 41, 34, 33, 40, 39, 46, 45, 38, 31, 32, 25, 26, 19, 20, 13, 12, 11, 4, 3, 2, 1, 8, 15, 16, 9, 10, 17, 24, 23, 30, 29, 36, 43, 42, 35, 28, 21, 14, 7, 0]
[00:00:00:01:531] ! Unidirectional t-s. expansions: 247, time: 1,531 [ms], path length: 40 [edges], generated: 2,910
[00:00:00:07:699] Path of length 40 found: [0, 7, 8, 1, 2, 9, 16, 15, 14, 21, 28, 29, 36, 35, 42, 43, 44, 45, 38, 31, 30, 23, 24, 17, 10, 3, 4, 11, 12, 13, 20, 19, 26, 25, 32, 39, 40, 33, 34, 41, 48]
[00:00:00:08:039] ! Bidirectional. expansions: 688, time: 7,699 [ms], path length: 40 [edges], g_F: 26, g_B: 14, generated: 0, MM: 12, MMPER: 28.26829268292683%
[00:00:00:08:039] 
---------- SM_Grids/7x7_grid_with_random_blocks_12per_8 ----------
[00:00:00:04:600] Path of length 42 found: [0, 7, 14, 21, 28, 35, 42, 43, 44, 37, 36, 29, 22, 15, 8, 1, 2, 9, 16, 23, 30, 31, 24, 25, 18, 17, 10, 3, 4, 5, 6, 13, 12, 19, 20, 27, 26, 33, 32, 39, 46, 47, 48]
[00:00:00:04:601] ! Unidirectional s-t. expansions: 834, time: 4,601 [ms], path length: 42 [edges], generated: 9,532
[00:00:00:01:968] Path of length 42 found: [48, 47, 46, 39, 32, 33, 26, 27, 20, 13, 6, 5, 12, 19, 18, 25, 24, 17, 10, 3, 2, 1, 8, 9, 16, 15, 22, 23, 30, 31, 38, 37, 44, 43, 42, 35, 36, 29, 28, 21, 14, 7, 0]
[00:00:00:01:969] ! Unidirectional t-s. expansions: 392, time: 1,968 [ms], path length: 42 [edges], generated: 4,597
[00:00:00:11:482] Path of length 42 found: [0, 7, 14, 15, 8, 1, 2, 9, 10, 3, 4, 5, 6, 13, 12, 19, 20, 27, 26, 33, 32, 25, 18, 17, 16, 23, 22, 21, 28, 35, 42, 43, 44, 37, 36, 29, 30, 31, 38, 39, 46, 47, 48]
[00:00:00:11:820] ! Bidirectional. expansions: 1,169, time: 11,483 [ms], path length: 42 [edges], g_F: 25, g_B: 17, generated: 0, MM: 8, MMPER: 17.6046511627907%
[00:00:00:11:820] 
---------- SM_Grids/7x7_grid_with_random_blocks_12per_9 ----------
[00:00:00:05:126] Path of length 40 found: [0, 7, 14, 21, 28, 29, 36, 37, 30, 23, 16, 15, 8, 1, 2, 9, 10, 3, 4, 11, 12, 5, 6, 13, 20, 19, 18, 17, 24, 31, 38, 45, 46, 39, 32, 25, 26, 33, 34, 41, 48]
[00:00:00:05:126] ! Unidirectional s-t. expansions: 1,019, time: 5,126 [ms], path length: 40 [edges], generated: 11,489
[00:00:00:08:444] Path of length 40 found: [48, 41, 34, 27, 20, 13, 6, 5, 4, 3, 2, 9, 16, 23, 30, 31, 24, 17, 10, 11, 12, 19, 18, 25, 26, 33, 32, 39, 46, 45, 38, 37, 36, 29, 28, 21, 14, 7, 8, 1, 0]
[00:00:00:08:444] ! Unidirectional t-s. expansions: 2,103, time: 8,444 [ms], path length: 40 [edges], generated: 21,048
[00:00:00:12:397] Path of length 40 found: [0, 7, 14, 21, 28, 29, 36, 37, 30, 23, 24, 31, 38, 45, 46, 39, 32, 33, 26, 25, 18, 19, 12, 11, 10, 9, 16, 15, 8, 1, 2, 3, 4, 5, 6, 13, 20, 27, 34, 41, 48]
[00:00:00:12:739] ! Bidirectional. expansions: 1,474, time: 12,397 [ms], path length: 40 [edges], g_F: 23, g_B: 17, generated: 0, MM: 6, MMPER: 13.634146341463415%

[00:00:00:12:740] average expansions: (1,479, 567, 869, 0)
[00:00:00:12:740] average time: (6,248, 2,577, 7,843, 0)
[00:00:00:12:740] XIDA: 567 , 2,577 (expansions , time[ms])
[00:00:00:12:740] BiXIDA: 869 , 7,843 (expansions , time[ms])

