------------------------------------
Thu 01 Oct 2026 12:14:19 IDT
SLURM_JOBID:		21944099
SLURM_JOB_NODELIST:	ise-cpu256-06
SLURM_SCRATCH_DIR:	/scratch/shubit/21944099
Allocated Resouces:	cpu - 2 / mem - 61440 MB / gpu - 
SLURM_GPU_INDEX:	
Running as shubit from shimony account with normal QOS
------------------------------------
Thu 01 Oct 2026 12:14:19 IDT

SLURM_JOBID:		 21944099
SLURM_JOB_NODELIST:	 ise-cpu256-06 

--------------------------
date: SM_Grids
number_of_graphs: 10
graph_type: grid
size_of_graphs: [7, 7]
heuristic: bcc_heuristic
snake: False
run_uni: True
run_bi: True
run_multi: False
solution_vertices: []
algorithms: ['IDA']
lookahead: 4
bsd: False
cube_first_dims: 4
cube_buffer_dim: None
backward_sym_generation: False
sym_coil: False
prefix_set: None

---------- SM_Grids/7x7_grid_with_random_blocks_16per_0 ----------
[00:00:00:00:108] Path of length 34 found: [0, 1, 8, 7, 14, 21, 22, 29, 28, 35, 42, 43, 36, 37, 30, 31, 24, 17, 18, 25, 32, 39, 38, 45, 46, 47, 40, 33, 26, 19, 20, 27, 34, 41, 48]
[00:00:00:00:108] ! Unidirectional s-t. expansions: 13, time: 108 [ms], path length: 34 [edges], generated: 233
[00:00:00:03:064] Path of length 34 found: [48, 41, 34, 27, 20, 19, 18, 17, 24, 31, 30, 37, 38, 39, 32, 25, 26, 33, 40, 47, 46, 45, 44, 43, 42, 35, 28, 29, 22, 21, 14, 7, 8, 1, 0]
[00:00:00:03:064] ! Unidirectional t-s. expansions: 328, time: 3,064 [ms], path length: 34 [edges], generated: 6,581
[00:00:00:00:698] Path of length 34 found: [0, 1, 8, 7, 14, 21, 22, 29, 28, 35, 42, 43, 44, 45, 46, 47, 40, 33, 26, 25, 32, 39, 38, 37, 30, 31, 24, 17, 18, 19, 20, 27, 34, 41, 48]
[00:00:00:01:106] ! Bidirectional. expansions: 111, time: 698 [ms], path length: 34 [edges], g_F: 17, g_B: 17, generated: 0, MM: 0, MMPER: -1.0%
[00:00:00:01:106] 
---------- SM_Grids/7x7_grid_with_random_blocks_16per_1 ----------
[00:00:00:00:115] Path of length 40 found: [0, 1, 2, 3, 4, 5, 12, 13, 20, 27, 26, 19, 18, 11, 10, 9, 16, 15, 22, 21, 28, 35, 42, 43, 36, 29, 30, 37, 44, 45, 38, 31, 24, 25, 32, 39, 46, 47, 40, 41, 48]
[00:00:00:00:115] ! Unidirectional s-t. expansions: 11, time: 115 [ms], path length: 40 [edges], generated: 210
[00:00:00:00:093] Path of length 40 found: [48, 41, 40, 47, 46, 39, 32, 25, 24, 31, 30, 29, 36, 37, 38, 45, 44, 43, 42, 35, 28, 21, 22, 15, 16, 9, 10, 11, 18, 19, 26, 27, 20, 13, 12, 5, 4, 3, 2, 1, 0]
[00:00:00:00:094] ! Unidirectional t-s. expansions: 10, time: 93 [ms], path length: 40 [edges], generated: 151
[00:00:00:00:093] Path of length 40 found: [0, 1, 2, 3, 4, 5, 12, 13, 20, 27, 26, 19, 18, 11, 10, 9, 16, 15, 22, 21, 28, 35, 42, 43, 44, 45, 38, 37, 36, 29, 30, 31, 24, 25, 32, 39, 46, 47, 40, 41, 48]
[00:00:00:00:512] ! Bidirectional. expansions: 11, time: 93 [ms], path length: 40 [edges], g_F: 20, g_B: 20, generated: 0, MM: 0, MMPER: -1.0%
[00:00:00:00:513] 
---------- SM_Grids/7x7_grid_with_random_blocks_16per_2 ----------
[00:00:00:01:555] Path of length 38 found: [0, 7, 8, 1, 2, 9, 16, 23, 22, 29, 28, 35, 36, 43, 44, 45, 38, 37, 30, 31, 32, 25, 18, 17, 10, 3, 4, 5, 6, 13, 12, 19, 26, 27, 34, 33, 40, 47, 48]
[00:00:00:01:555] ! Unidirectional s-t. expansions: 161, time: 1,555 [ms], path length: 38 [edges], generated: 2,977
[00:00:00:00:633] Path of length 38 found: [48, 47, 40, 33, 34, 27, 26, 19, 12, 13, 6, 5, 4, 11, 18, 25, 32, 31, 30, 37, 38, 45, 44, 43, 36, 35, 28, 29, 22, 23, 16, 17, 10, 3, 2, 9, 8, 1, 0]
[00:00:00:00:634] ! Unidirectional t-s. expansions: 72, time: 633 [ms], path length: 38 [edges], generated: 1,370
[00:00:00:00:691] Path of length 38 found: [0, 7, 8, 1, 2, 3, 4, 5, 6, 13, 12, 19, 26, 27, 34, 33, 32, 25, 18, 11, 10, 9, 16, 23, 22, 29, 28, 35, 36, 43, 44, 37, 30, 31, 38, 45, 46, 47, 48]
[00:00:00:01:072] ! Bidirectional. expansions: 101, time: 691 [ms], path length: 38 [edges], g_F: 19, g_B: 19, generated: 0, MM: 0, MMPER: -1.0%
[00:00:00:01:073] 
---------- SM_Grids/7x7_grid_with_random_blocks_16per_3 ----------
[00:00:00:01:298] Path of length 38 found: [0, 7, 14, 21, 28, 35, 42, 43, 36, 37, 30, 29, 22, 15, 8, 1, 2, 3, 4, 11, 12, 19, 18, 17, 16, 23, 24, 31, 32, 25, 26, 27, 34, 33, 40, 39, 46, 47, 48]
[00:00:00:01:299] ! Unidirectional s-t. expansions: 116, time: 1,299 [ms], path length: 38 [edges], generated: 2,619
[00:00:00:01:157] Path of length 38 found: [48, 41, 34, 27, 26, 33, 40, 47, 46, 39, 32, 25, 18, 19, 12, 11, 4, 3, 2, 1, 8, 15, 22, 23, 16, 17, 24, 31, 30, 29, 36, 43, 42, 35, 28, 21, 14, 7, 0]
[00:00:00:01:158] ! Unidirectional t-s. expansions: 83, time: 1,158 [ms], path length: 38 [edges], generated: 2,167
[00:00:00:01:066] Path of length 38 found: [0, 7, 14, 15, 8, 1, 2, 3, 4, 11, 12, 19, 18, 25, 24, 17, 16, 23, 22, 21, 28, 35, 42, 43, 36, 37, 30, 31, 32, 39, 46, 47, 40, 33, 26, 27, 34, 41, 48]
[00:00:00:01:489] ! Bidirectional. expansions: 185, time: 1,066 [ms], path length: 38 [edges], g_F: 19, g_B: 19, generated: 0, MM: 0, MMPER: -1.0%
[00:00:00:01:489] 
---------- SM_Grids/7x7_grid_with_random_blocks_16per_4 ----------
[00:00:00:01:319] Path of length 38 found: [0, 7, 14, 21, 28, 35, 42, 43, 44, 45, 38, 31, 30, 29, 22, 23, 16, 9, 8, 1, 2, 3, 10, 11, 18, 25, 26, 19, 12, 5, 6, 13, 20, 27, 34, 33, 40, 47, 48]
[00:00:00:01:319] ! Unidirectional s-t. expansions: 205, time: 1,319 [ms], path length: 38 [edges], generated: 3,043
[00:00:00:01:111] Path of length 38 found: [48, 41, 34, 27, 20, 13, 6, 5, 12, 11, 18, 25, 26, 33, 40, 47, 46, 45, 38, 31, 30, 29, 36, 43, 42, 35, 28, 21, 22, 23, 16, 9, 10, 3, 2, 1, 8, 7, 0]
[00:00:00:01:111] ! Unidirectional t-s. expansions: 159, time: 1,111 [ms], path length: 38 [edges], generated: 2,317
[00:00:00:02:667] Path of length 38 found: [0, 7, 14, 21, 28, 35, 42, 43, 44, 45, 38, 31, 30, 29, 22, 23, 16, 9, 8, 1, 2, 3, 10, 11, 18, 25, 26, 19, 12, 5, 6, 13, 20, 27, 34, 33, 40, 41, 48]
[00:00:00:03:046] ! Bidirectional. expansions: 319, time: 2,667 [ms], path length: 38 [edges], g_F: 19, g_B: 19, generated: 0, MM: 0, MMPER: -1.0%
[00:00:00:03:046] 
---------- SM_Grids/7x7_grid_with_random_blocks_16per_5 ----------
[00:00:00:00:148] Path of length 38 found: [0, 7, 14, 21, 28, 29, 22, 15, 8, 1, 2, 9, 16, 23, 30, 37, 38, 31, 24, 17, 18, 11, 4, 5, 6, 13, 12, 19, 20, 27, 26, 25, 32, 39, 40, 33, 34, 41, 48]
[00:00:00:00:149] ! Unidirectional s-t. expansions: 10, time: 148 [ms], path length: 38 [edges], generated: 265
[00:00:00:00:130] Path of length 38 found: [48, 41, 34, 27, 20, 13, 6, 5, 4, 11, 12, 19, 18, 17, 16, 9, 2, 1, 8, 15, 22, 23, 24, 31, 32, 25, 26, 33, 40, 39, 38, 37, 30, 29, 28, 21, 14, 7, 0]
[00:00:00:00:130] ! Unidirectional t-s. expansions: 10, time: 130 [ms], path length: 38 [edges], generated: 214
[00:00:00:00:080] Path of length 38 found: [0, 7, 14, 21, 28, 29, 22, 15, 8, 1, 2, 9, 16, 23, 30, 37, 38, 39, 40, 33, 26, 25, 32, 31, 24, 17, 18, 19, 12, 11, 4, 5, 6, 13, 20, 27, 34, 41, 48]
[00:00:00:00:447] ! Bidirectional. expansions: 10, time: 80 [ms], path length: 38 [edges], g_F: 19, g_B: 19, generated: 0, MM: 0, MMPER: -1.0%
[00:00:00:00:447] 
---------- SM_Grids/7x7_grid_with_random_blocks_16per_6 ----------
[00:00:00:00:096] Path of length 36 found: [0, 1, 8, 15, 22, 23, 16, 9, 2, 3, 10, 17, 24, 31, 30, 37, 44, 45, 46, 39, 32, 25, 18, 11, 4, 5, 6, 13, 12, 19, 20, 27, 26, 33, 34, 41, 48]
[00:00:00:00:096] ! Unidirectional s-t. expansions: 9, time: 96 [ms], path length: 36 [edges], generated: 174
[00:00:00:00:130] Path of length 36 found: [48, 41, 34, 27, 20, 13, 6, 5, 4, 3, 2, 9, 16, 17, 10, 11, 12, 19, 18, 25, 26, 33, 32, 39, 46, 45, 44, 37, 30, 31, 24, 23, 22, 15, 8, 1, 0]
[00:00:00:00:130] ! Unidirectional t-s. expansions: 9, time: 130 [ms], path length: 36 [edges], generated: 204
[00:00:00:00:065] Path of length 36 found: [0, 1, 8, 15, 22, 23, 16, 9, 2, 3, 10, 17, 24, 31, 30, 37, 44, 45, 46, 39, 32, 33, 26, 25, 18, 19, 12, 11, 4, 5, 6, 13, 20, 27, 34, 41, 48]
[00:00:00:00:446] ! Bidirectional. expansions: 9, time: 65 [ms], path length: 36 [edges], g_F: 18, g_B: 18, generated: 0, MM: 0, MMPER: -1.0%
[00:00:00:00:446] 
---------- SM_Grids/7x7_grid_with_random_blocks_16per_7 ----------
[00:00:00:01:512] Path of length 38 found: [0, 7, 8, 1, 2, 3, 10, 17, 16, 15, 14, 21, 28, 35, 42, 43, 36, 37, 30, 31, 24, 25, 18, 11, 4, 5, 6, 13, 12, 19, 26, 27, 34, 33, 40, 39, 46, 47, 48]
[00:00:00:01:513] ! Unidirectional s-t. expansions: 160, time: 1,513 [ms], path length: 38 [edges], generated: 2,619
[00:00:00:01:475] Path of length 38 found: [48, 47, 46, 39, 40, 33, 34, 27, 20, 13, 6, 5, 4, 3, 2, 1, 8, 15, 16, 17, 10, 11, 18, 19, 26, 25, 24, 31, 30, 37, 36, 43, 42, 35, 28, 21, 14, 7, 0]
[00:00:00:01:475] ! Unidirectional t-s. expansions: 198, time: 1,475 [ms], path length: 38 [edges], generated: 3,090
[00:00:00:00:952] Path of length 38 found: [0, 7, 14, 21, 28, 35, 42, 43, 36, 37, 30, 31, 24, 25, 26, 19, 12, 11, 10, 17, 16, 15, 8, 1, 2, 3, 4, 5, 6, 13, 20, 27, 34, 33, 40, 39, 46, 47, 48]
[00:00:00:01:323] ! Bidirectional. expansions: 230, time: 952 [ms], path length: 38 [edges], g_F: 19, g_B: 19, generated: 0, MM: 0, MMPER: -1.0%
[00:00:00:01:323] 
---------- SM_Grids/7x7_grid_with_random_blocks_16per_8 ----------
[00:00:00:08:309] Path of length 38 found: [0, 1, 8, 15, 22, 21, 28, 35, 42, 43, 44, 37, 36, 29, 30, 31, 24, 17, 16, 9, 2, 3, 10, 11, 4, 5, 6, 13, 12, 19, 18, 25, 26, 27, 34, 33, 40, 47, 48]
[00:00:00:08:309] ! Unidirectional s-t. expansions: 1,121, time: 8,309 [ms], path length: 38 [edges], generated: 20,157
[00:00:00:04:880] Path of length 38 found: [48, 47, 40, 33, 34, 27, 20, 13, 6, 5, 4, 3, 2, 9, 16, 17, 10, 11, 18, 19, 26, 25, 24, 31, 30, 29, 36, 37, 44, 43, 42, 35, 28, 21, 22, 15, 8, 1, 0]
[00:00:00:04:880] ! Unidirectional t-s. expansions: 784, time: 4,880 [ms], path length: 38 [edges], generated: 12,346
[00:00:00:04:273] Path of length 38 found: [0, 1, 8, 15, 22, 21, 28, 35, 42, 43, 44, 37, 36, 29, 30, 31, 24, 25, 18, 19, 12, 11, 10, 17, 16, 9, 2, 3, 4, 5, 6, 13, 20, 27, 34, 33, 40, 47, 48]
[00:00:00:04:630] ! Bidirectional. expansions: 922, time: 4,273 [ms], path length: 38 [edges], g_F: 19, g_B: 19, generated: 0, MM: 0, MMPER: -1.0%
[00:00:00:04:630] 
---------- SM_Grids/7x7_grid_with_random_blocks_16per_9 ----------
[00:00:00:09:160] Path of length 36 found: [0, 7, 8, 1, 2, 3, 10, 9, 16, 15, 22, 21, 28, 35, 42, 43, 36, 37, 44, 45, 46, 39, 32, 31, 24, 17, 18, 25, 26, 19, 20, 27, 34, 33, 40, 47, 48]
[00:00:00:09:161] ! Unidirectional s-t. expansions: 1,192, time: 9,160 [ms], path length: 36 [edges], generated: 22,350
[00:00:00:11:337] Path of length 36 found: [48, 41, 34, 27, 20, 19, 18, 17, 10, 3, 2, 9, 16, 23, 24, 31, 32, 25, 26, 33, 40, 39, 46, 45, 44, 37, 36, 43, 42, 35, 28, 21, 22, 15, 8, 1, 0]
[00:00:00:11:337] ! Unidirectional t-s. expansions: 1,622, time: 11,337 [ms], path length: 36 [edges], generated: 29,433
[00:00:00:13:533] Path of length 36 found: [0, 7, 8, 1, 2, 3, 10, 9, 16, 17, 24, 23, 22, 21, 28, 29, 36, 35, 42, 43, 44, 45, 46, 47, 40, 39, 32, 33, 26, 25, 18, 19, 20, 27, 34, 41, 48]
[00:00:00:13:908] ! Bidirectional. expansions: 2,319, time: 13,533 [ms], path length: 36 [edges], g_F: 18, g_B: 18, generated: 0, MM: 0, MMPER: -1.0%

[00:00:00:13:908] average expansions: (300, 328, 422, 0)
[00:00:00:13:908] average time: (2,362, 2,401, 2,412, 0)
[00:00:00:13:908] XIDA: 300 , 2,362 (expansions , time[ms])
[00:00:00:13:908] BiXIDA: 422 , 2,412 (expansions , time[ms])

