------------------------------------
Thu 01 Oct 2026 13:48:08 IDT
SLURM_JOBID:		21947741
SLURM_JOB_NODELIST:	ise-cpu256-08
SLURM_SCRATCH_DIR:	/scratch/shubit/21947741
Allocated Resouces:	cpu - 2 / mem - 61440 MB / gpu - 
SLURM_GPU_INDEX:	
Running as shubit from shimony account with normal QOS
------------------------------------
Thu 01 Oct 2026 13:48:08 IDT

SLURM_JOBID:		 21947741
SLURM_JOB_NODELIST:	 ise-cpu256-08 

--------------------------
date: SM_Grids
number_of_graphs: 10
graph_type: grid
size_of_graphs: [7, 7]
heuristic: bcc_heuristic
snake: False
run_uni: True
run_bi: True
run_multi: False
solution_vertices: []
algorithms: ['DFBnB']
lookahead: 1
bsd: False
cube_first_dims: 4
cube_buffer_dim: None
backward_sym_generation: False
sym_coil: False
prefix_set: None

---------- SM_Grids/7x7_grid_with_random_blocks_8per_0 ----------
[00:00:00:05:697] Path of length 44 found: [0, 7, 8, 1, 2, 9, 16, 15, 22, 21, 28, 35, 42, 43, 36, 29, 30, 37, 44, 45, 38, 31, 32, 25, 18, 17, 10, 3, 4, 11, 12, 5, 6, 13, 20, 19, 26, 27, 34, 33, 40, 39, 46, 47, 48]
[00:00:00:05:698] ! Unidirectional s-t. expansions: 5,017, time: 5,698 [ms], path length: 44 [edges], generated: 8,518
[00:00:00:24:898] Path of length 44 found: [48, 41, 34, 27, 20, 13, 6, 5, 4, 3, 2, 9, 16, 17, 10, 11, 12, 19, 18, 25, 26, 33, 32, 31, 30, 29, 36, 37, 38, 39, 40, 47, 46, 45, 44, 43, 42, 35, 28, 21, 22, 15, 8, 1, 0]
[00:00:00:24:899] ! Unidirectional t-s. expansions: 21,117, time: 24,898 [ms], path length: 44 [edges], generated: 33,831
[00:00:00:51:939] Path of length 44 found: [0, 7, 8, 15, 22, 21, 28, 35, 42, 43, 36, 29, 30, 37, 44, 45, 38, 31, 32, 39, 46, 47, 40, 33, 26, 25, 18, 19, 12, 11, 10, 17, 16, 9, 2, 3, 4, 5, 6, 13, 20, 27, 34, 41, 48]
[00:00:00:52:399] ! Bidirectional. expansions: 14,774, time: 51,939 [ms], path length: 44 [edges], g_F: 22, g_B: 22, generated: 0, MM: 0, MMPER: -1.0%
[00:00:00:52:399] 
---------- SM_Grids/7x7_grid_with_random_blocks_8per_1 ----------
[00:00:00:38:182] Path of length 42 found: [0, 7, 14, 21, 28, 35, 42, 43, 36, 29, 22, 15, 8, 9, 2, 3, 10, 17, 16, 23, 30, 31, 24, 25, 18, 11, 4, 5, 6, 13, 12, 19, 20, 27, 26, 33, 32, 39, 46, 47, 40, 41, 48]
[00:00:00:38:183] ! Unidirectional s-t. expansions: 26,147, time: 38,183 [ms], path length: 42 [edges], generated: 46,378
[00:00:01:08:557] Path of length 42 found: [48, 41, 34, 27, 20, 13, 6, 5, 4, 3, 2, 9, 8, 15, 22, 23, 16, 17, 10, 11, 12, 19, 18, 25, 26, 33, 40, 47, 46, 39, 32, 31, 30, 29, 36, 43, 42, 35, 28, 21, 14, 7, 0]
[00:00:01:08:558] ! Unidirectional t-s. expansions: 50,419, time: 68,557 [ms], path length: 42 [edges], generated: 86,655
[00:00:02:54:860] Expansions: 50,000. F states: 56,253, B states: 36,161. Checks: 228,700)
[00:00:03:15:531] Path of length 42 found: [0, 7, 14, 21, 28, 35, 42, 43, 36, 29, 30, 31, 38, 39, 46, 47, 40, 33, 32, 25, 26, 19, 12, 11, 10, 17, 16, 23, 22, 15, 8, 9, 2, 3, 4, 5, 6, 13, 20, 27, 34, 41, 48]
[00:00:03:16:001] ! Bidirectional. expansions: 55,453, time: 195,531 [ms], path length: 42 [edges], g_F: 25, g_B: 17, generated: 0, MM: 8, MMPER: 17.6046511627907%
[00:00:03:16:001] 
---------- SM_Grids/7x7_grid_with_random_blocks_8per_2 ----------
[00:00:00:11:813] Path of length 44 found: [0, 7, 14, 21, 28, 35, 36, 43, 44, 37, 30, 29, 22, 15, 8, 9, 2, 3, 10, 17, 16, 23, 24, 31, 38, 45, 46, 39, 32, 33, 26, 19, 18, 11, 4, 5, 12, 13, 20, 27, 34, 41, 40, 47, 48]
[00:00:00:11:813] ! Unidirectional s-t. expansions: 7,783, time: 11,813 [ms], path length: 44 [edges], generated: 13,538
[00:00:00:22:122] Path of length 44 found: [48, 41, 34, 27, 20, 13, 6, 5, 4, 3, 2, 9, 8, 15, 22, 29, 30, 37, 38, 31, 24, 23, 16, 17, 10, 11, 18, 19, 26, 33, 32, 39, 40, 47, 46, 45, 44, 43, 36, 35, 28, 21, 14, 7, 0]
[00:00:00:22:123] ! Unidirectional t-s. expansions: 15,054, time: 22,122 [ms], path length: 44 [edges], generated: 25,383
[00:00:01:41:853] Path of length 44 found: [0, 7, 14, 21, 28, 35, 36, 43, 44, 37, 30, 29, 22, 15, 16, 23, 24, 31, 38, 45, 46, 47, 40, 39, 32, 33, 26, 19, 12, 11, 18, 17, 10, 9, 2, 3, 4, 5, 6, 13, 20, 27, 34, 41, 48]
[00:00:01:42:271] ! Bidirectional. expansions: 29,386, time: 101,853 [ms], path length: 44 [edges], g_F: 30, g_B: 14, generated: 0, MM: 16, MMPER: 34.55555555555556%
[00:00:01:42:271] 
---------- SM_Grids/7x7_grid_with_random_blocks_8per_3 ----------
[00:00:00:34:363] Path of length 44 found: [0, 7, 14, 21, 28, 35, 42, 43, 44, 37, 30, 29, 22, 23, 16, 9, 8, 1, 2, 3, 10, 17, 24, 31, 38, 45, 46, 39, 32, 25, 18, 11, 4, 5, 6, 13, 12, 19, 20, 27, 26, 33, 40, 47, 48]
[00:00:00:34:364] ! Unidirectional s-t. expansions: 31,469, time: 34,363 [ms], path length: 44 [edges], generated: 48,489
[00:00:00:01:652] Path of length 44 found: [48, 41, 40, 47, 46, 39, 32, 33, 26, 27, 20, 13, 6, 5, 4, 3, 2, 1, 8, 9, 16, 17, 10, 11, 12, 19, 18, 25, 24, 23, 22, 29, 30, 31, 38, 37, 44, 43, 42, 35, 28, 21, 14, 7, 0]
[00:00:00:01:653] ! Unidirectional t-s. expansions: 981, time: 1,652 [ms], path length: 44 [edges], generated: 1,758
[00:00:00:25:193] Path of length 44 found: [0, 7, 14, 21, 28, 35, 42, 43, 44, 45, 38, 37, 30, 29, 22, 23, 24, 25, 18, 19, 12, 11, 10, 17, 16, 9, 8, 1, 2, 3, 4, 5, 6, 13, 20, 27, 26, 33, 32, 39, 46, 47, 40, 41, 48]
[00:00:00:25:609] ! Bidirectional. expansions: 7,297, time: 25,193 [ms], path length: 44 [edges], g_F: 15, g_B: 29, generated: 0, MM: 14, MMPER: 30.11111111111111%
[00:00:00:25:609] 
---------- SM_Grids/7x7_grid_with_random_blocks_8per_4 ----------
[00:00:00:01:085] Path of length 44 found: [0, 7, 14, 21, 28, 35, 42, 43, 36, 29, 22, 15, 8, 1, 2, 9, 16, 23, 30, 37, 38, 45, 46, 39, 32, 31, 24, 25, 18, 11, 4, 5, 6, 13, 12, 19, 20, 27, 26, 33, 34, 41, 40, 47, 48]
[00:00:00:01:086] ! Unidirectional s-t. expansions: 606, time: 1,085 [ms], path length: 44 [edges], generated: 1,003
[00:00:00:03:921] Path of length 44 found: [48, 41, 34, 27, 20, 13, 6, 5, 4, 11, 10, 9, 2, 1, 8, 15, 16, 23, 22, 29, 30, 31, 24, 25, 18, 19, 26, 33, 32, 39, 40, 47, 46, 45, 38, 37, 36, 43, 42, 35, 28, 21, 14, 7, 0]
[00:00:00:03:921] ! Unidirectional t-s. expansions: 2,159, time: 3,921 [ms], path length: 44 [edges], generated: 3,653
[00:00:00:25:481] Path of length 44 found: [0, 7, 14, 21, 28, 35, 42, 43, 36, 29, 22, 15, 8, 1, 2, 9, 16, 23, 24, 31, 30, 37, 38, 45, 46, 47, 40, 39, 32, 33, 26, 25, 18, 19, 12, 11, 4, 5, 6, 13, 20, 27, 34, 41, 48]
[00:00:00:25:905] ! Bidirectional. expansions: 6,465, time: 25,481 [ms], path length: 44 [edges], g_F: 27, g_B: 17, generated: 0, MM: 10, MMPER: 21.22222222222222%
[00:00:00:25:905] 
---------- SM_Grids/7x7_grid_with_random_blocks_8per_5 ----------
[00:00:00:02:478] Path of length 44 found: [0, 7, 14, 21, 28, 35, 42, 43, 36, 29, 22, 15, 8, 1, 2, 9, 10, 17, 24, 23, 30, 37, 44, 45, 46, 39, 38, 31, 32, 25, 18, 11, 12, 5, 6, 13, 20, 19, 26, 27, 34, 33, 40, 41, 48]
[00:00:00:02:479] ! Unidirectional s-t. expansions: 1,376, time: 2,478 [ms], path length: 44 [edges], generated: 2,304
[00:00:00:11:900] Path of length 44 found: [48, 41, 34, 27, 20, 13, 6, 5, 12, 11, 10, 3, 2, 9, 8, 15, 22, 29, 36, 37, 38, 31, 30, 23, 24, 17, 18, 19, 26, 25, 32, 33, 40, 39, 46, 45, 44, 43, 42, 35, 28, 21, 14, 7, 0]
[00:00:00:11:900] ! Unidirectional t-s. expansions: 9,932, time: 11,900 [ms], path length: 44 [edges], generated: 15,684
[00:00:00:55:959] Path of length 44 found: [0, 7, 14, 21, 28, 35, 42, 43, 36, 29, 22, 15, 8, 1, 2, 9, 10, 17, 24, 23, 30, 31, 38, 37, 44, 45, 46, 39, 40, 33, 32, 25, 26, 19, 18, 11, 12, 5, 6, 13, 20, 27, 34, 41, 48]
[00:00:00:56:410] ! Bidirectional. expansions: 17,349, time: 55,959 [ms], path length: 44 [edges], g_F: 16, g_B: 28, generated: 0, MM: 12, MMPER: 25.666666666666668%
[00:00:00:56:410] 
---------- SM_Grids/7x7_grid_with_random_blocks_8per_6 ----------
[00:00:00:14:740] Path of length 44 found: [0, 1, 8, 15, 14, 21, 28, 35, 42, 43, 36, 29, 22, 23, 16, 9, 2, 3, 4, 11, 18, 17, 24, 25, 26, 19, 12, 5, 6, 13, 20, 27, 34, 33, 40, 39, 38, 31, 30, 37, 44, 45, 46, 47, 48]
[00:00:00:14:740] ! Unidirectional s-t. expansions: 12,605, time: 14,740 [ms], path length: 44 [edges], generated: 20,070
[00:00:00:05:967] Path of length 44 found: [48, 41, 34, 27, 20, 13, 6, 5, 4, 3, 2, 9, 16, 23, 22, 29, 36, 37, 30, 31, 24, 17, 18, 11, 12, 19, 26, 33, 40, 47, 46, 39, 38, 45, 44, 43, 42, 35, 28, 21, 14, 15, 8, 1, 0]
[00:00:00:05:967] ! Unidirectional t-s. expansions: 3,534, time: 5,967 [ms], path length: 44 [edges], generated: 6,037
[00:00:00:51:735] Path of length 44 found: [0, 1, 8, 15, 14, 21, 28, 35, 42, 43, 36, 29, 22, 23, 30, 37, 44, 45, 38, 39, 46, 47, 40, 33, 26, 19, 12, 11, 18, 25, 24, 17, 16, 9, 2, 3, 4, 5, 6, 13, 20, 27, 34, 41, 48]
[00:00:00:52:133] ! Bidirectional. expansions: 16,099, time: 51,735 [ms], path length: 44 [edges], g_F: 28, g_B: 16, generated: 0, MM: 12, MMPER: 25.666666666666668%
[00:00:00:52:134] 
---------- SM_Grids/7x7_grid_with_random_blocks_8per_7 ----------
[00:00:02:24:636] Valid states checked so far: 200,000, Expansions: 119,088, Global best: 43
[00:00:02:37:055] Path of length 42 found: [0, 7, 14, 21, 28, 35, 42, 43, 36, 29, 22, 15, 8, 1, 2, 9, 16, 23, 30, 37, 44, 45, 38, 31, 24, 17, 10, 3, 4, 5, 12, 11, 18, 19, 26, 25, 32, 33, 40, 39, 46, 47, 48]
[00:00:02:37:055] ! Unidirectional s-t. expansions: 129,818, time: 157,055 [ms], path length: 42 [edges], generated: 217,411
[00:00:00:29:234] Path of length 42 found: [48, 41, 40, 47, 46, 39, 32, 33, 26, 19, 12, 5, 4, 3, 2, 1, 8, 15, 22, 29, 36, 37, 30, 23, 16, 9, 10, 11, 18, 17, 24, 31, 38, 45, 44, 43, 42, 35, 28, 21, 14, 7, 0]
[00:00:00:29:235] ! Unidirectional t-s. expansions: 21,730, time: 29,234 [ms], path length: 42 [edges], generated: 38,633
[00:00:03:05:180] Expansions: 50,000. F states: 56,647, B states: 35,724. Checks: 234,815)
[00:00:03:39:895] Path of length 42 found: [0, 7, 14, 21, 28, 35, 42, 43, 36, 29, 22, 15, 8, 1, 2, 9, 16, 23, 30, 37, 44, 45, 38, 31, 24, 17, 10, 3, 4, 5, 12, 11, 18, 19, 26, 25, 32, 33, 40, 39, 46, 47, 48]
[00:00:03:40:335] ! Bidirectional. expansions: 60,587, time: 219,895 [ms], path length: 42 [edges], g_F: 41, g_B: 1, generated: 0, MM: 40, MMPER: 92.02325581395348%
[00:00:03:40:335] 
---------- SM_Grids/7x7_grid_with_random_blocks_8per_8 ----------
[00:00:01:48:309] Path of length 42 found: [0, 7, 8, 1, 2, 9, 16, 15, 22, 21, 28, 35, 42, 43, 44, 37, 38, 45, 46, 39, 32, 31, 24, 17, 10, 3, 4, 11, 18, 25, 26, 19, 12, 5, 6, 13, 20, 27, 34, 33, 40, 47, 48]
[00:00:01:48:310] ! Unidirectional s-t. expansions: 69,642, time: 108,310 [ms], path length: 42 [edges], generated: 121,724
[00:00:02:48:903] Valid states checked so far: 200,000, Expansions: 117,462, Global best: 43
[00:00:03:10:616] Path of length 42 found: [48, 41, 34, 27, 20, 13, 6, 5, 4, 3, 2, 9, 16, 23, 24, 17, 10, 11, 12, 19, 18, 25, 26, 33, 32, 31, 38, 39, 40, 47, 46, 45, 44, 43, 42, 35, 28, 21, 22, 15, 8, 1, 0]
[00:00:03:10:617] ! Unidirectional t-s. expansions: 133,539, time: 190,617 [ms], path length: 42 [edges], generated: 226,954
[00:00:02:46:389] Expansions: 50,000. F states: 49,869, B states: 39,625. Checks: 220,300)
[00:00:05:43:220] Expansions: 100,000. F states: 110,328, B states: 68,476. Checks: 438,171)
[00:00:08:36:194] Expansions: 150,000. F states: 176,059, B states: 94,616. Checks: 658,990)
[00:00:11:35:712] Expansions: 200,000. F states: 229,513, B states: 132,329. Checks: 882,593)
[00:00:14:26:316] Expansions: 250,000. F states: 272,675, B states: 177,322. Checks: 1,099,810)
[00:00:17:09:664] Expansions: 300,000. F states: 329,349, B states: 210,592. Checks: 1,323,197)
[00:00:19:28:306] Path of length 42 found: [0, 7, 8, 15, 22, 21, 28, 35, 42, 43, 44, 45, 46, 47, 40, 39, 38, 31, 32, 33, 26, 25, 18, 19, 12, 11, 10, 17, 24, 23, 16, 9, 2, 3, 4, 5, 6, 13, 20, 27, 34, 41, 48]
[00:00:19:28:709] ! Bidirectional. expansions: 345,799, time: 1,168,306 [ms], path length: 42 [edges], g_F: 15, g_B: 27, generated: 0, MM: 12, MMPER: 26.906976744186046%
[00:00:19:28:709] 
---------- SM_Grids/7x7_grid_with_random_blocks_8per_9 ----------
[00:00:00:16:224] Path of length 44 found: [0, 7, 14, 21, 28, 35, 42, 43, 36, 29, 22, 15, 8, 1, 2, 9, 16, 23, 30, 37, 44, 45, 46, 39, 38, 31, 32, 25, 18, 17, 10, 3, 4, 11, 12, 5, 6, 13, 20, 27, 26, 33, 40, 41, 48]
[00:00:00:16:224] ! Unidirectional s-t. expansions: 11,935, time: 16,224 [ms], path length: 44 [edges], generated: 19,390
[00:00:00:03:290] Path of length 44 found: [48, 41, 34, 27, 20, 13, 6, 5, 12, 11, 4, 3, 2, 1, 8, 15, 22, 29, 36, 37, 30, 23, 16, 9, 10, 17, 18, 25, 26, 33, 40, 39, 32, 31, 38, 45, 44, 43, 42, 35, 28, 21, 14, 7, 0]
[00:00:00:03:290] ! Unidirectional t-s. expansions: 2,090, time: 3,290 [ms], path length: 44 [edges], generated: 3,538
[00:00:01:16:544] Path of length 44 found: [0, 7, 14, 21, 28, 35, 42, 43, 36, 29, 22, 15, 8, 1, 2, 9, 16, 23, 30, 37, 44, 45, 46, 39, 38, 31, 32, 33, 26, 25, 18, 17, 10, 3, 4, 11, 12, 5, 6, 13, 20, 27, 34, 41, 48]
[00:00:01:16:962] ! Bidirectional. expansions: 23,430, time: 76,544 [ms], path length: 44 [edges], g_F: 26, g_B: 18, generated: 0, MM: 8, MMPER: 16.77777777777778%

[00:00:01:16:962] average expansions: (29,640, 26,056, 57,664, 0)
[00:00:01:16:962] average time: (38,995, 36,216, 197,244, 0)
[00:00:01:16:962] XDFBnB: 26,056 , 36,216 (expansions , time[ms])
[00:00:01:16:962] BiXDFBnB: 57,664 , 197,244 (expansions , time[ms])

