------------------------------------
Thu 01 Oct 2026 12:14:40 IDT
SLURM_JOBID:		21944107
SLURM_JOB_NODELIST:	ise-cpu256-02
SLURM_SCRATCH_DIR:	/scratch/shubit/21944107
Allocated Resouces:	cpu - 2 / mem - 61440 MB / gpu - 
SLURM_GPU_INDEX:	
Running as shubit from shimony account with normal QOS
------------------------------------
Thu 01 Oct 2026 12:14:40 IDT

SLURM_JOBID:		 21944107
SLURM_JOB_NODELIST:	 ise-cpu256-02 

--------------------------
date: SM_Grids
number_of_graphs: 10
graph_type: grid
size_of_graphs: [7, 8]
heuristic: bcc_heuristic
snake: False
run_uni: True
run_bi: True
run_multi: False
solution_vertices: []
algorithms: ['IDA']
lookahead: -1
bsd: False
cube_first_dims: 4
cube_buffer_dim: None
backward_sym_generation: False
sym_coil: False
prefix_set: None

---------- SM_Grids/7x8_grid_with_random_blocks_8per_0 ----------
[00:00:02:59:525] Valid states checked so far: 200,000, Expansions: 119,240, Global best: 40
[00:00:05:32:331] Valid states checked so far: 400,000, Expansions: 243,357, Global best: 40
[00:00:08:16:632] Valid states checked so far: 600,000, Expansions: 364,803, Global best: 40
[00:00:10:51:900] Valid states checked so far: 800,000, Expansions: 487,790, Global best: 40
[00:00:13:24:036] Valid states checked so far: 1,000,000, Expansions: 610,281, Global best: 40
[00:00:15:22:773] Path of length 47 found: [0, 8, 16, 24, 32, 33, 25, 17, 9, 1, 2, 10, 18, 26, 34, 42, 50, 51, 52, 53, 45, 44, 36, 35, 27, 19, 11, 3, 4, 12, 20, 28, 29, 37, 38, 30, 22, 21, 13, 5, 6, 14, 15, 23, 31, 39, 47, 55]
[00:00:15:22:773] ! Unidirectional s-t. expansions: 703,259, time: 922,773 [ms], path length: 47 [edges], generated: 1,148,272
[00:00:03:00:879] Valid states checked so far: 200,000, Expansions: 111,380, Global best: 48
[00:00:05:47:791] Valid states checked so far: 400,000, Expansions: 223,346, Global best: 48
[00:00:07:45:416] Path of length 47 found: [55, 47, 39, 31, 23, 15, 7, 6, 5, 4, 3, 2, 10, 18, 19, 11, 12, 20, 28, 27, 35, 36, 37, 29, 21, 13, 14, 22, 30, 38, 46, 45, 44, 52, 51, 50, 42, 34, 26, 25, 33, 32, 24, 16, 17, 9, 1, 0]
[00:00:07:45:417] ! Unidirectional t-s. expansions: 307,432, time: 465,416 [ms], path length: 47 [edges], generated: 546,497
[00:00:15:00:495] Path of length 47 found: [0, 8, 16, 24, 32, 33, 25, 17, 9, 1, 2, 10, 18, 26, 34, 42, 50, 51, 52, 44, 45, 46, 38, 30, 29, 21, 22, 14, 13, 12, 20, 28, 36, 35, 27, 19, 11, 3, 4, 5, 6, 7, 15, 23, 31, 39, 47, 55]
[00:00:15:00:959] ! Bidirectional. expansions: 595,034, time: 900,495 [ms], path length: 47 [edges], g_F: 24, g_B: 23, generated: 0, MM: 1, MMPER: 1.0833333333333335%
[00:00:15:00:959] 
---------- SM_Grids/7x8_grid_with_random_blocks_8per_1 ----------
[00:00:00:22:966] Path of length 49 found: [0, 1, 9, 17, 16, 24, 32, 40, 48, 49, 41, 42, 34, 33, 25, 26, 18, 19, 27, 28, 20, 12, 11, 3, 4, 5, 13, 21, 29, 30, 22, 14, 6, 7, 15, 23, 31, 39, 38, 37, 36, 44, 43, 51, 52, 53, 45, 46, 54, 55]
[00:00:00:22:966] ! Unidirectional s-t. expansions: 14,482, time: 22,966 [ms], path length: 49 [edges], generated: 25,696
[00:00:02:47:832] Path of length 49 found: [55, 47, 39, 31, 23, 15, 7, 6, 5, 4, 3, 11, 19, 18, 26, 27, 28, 20, 12, 13, 14, 22, 21, 29, 30, 38, 37, 36, 44, 45, 46, 54, 53, 52, 51, 43, 42, 34, 33, 41, 49, 48, 40, 32, 24, 16, 17, 9, 1, 0]
[00:00:02:47:832] ! Unidirectional t-s. expansions: 107,309, time: 167,832 [ms], path length: 49 [edges], generated: 180,577
[00:00:01:13:843] Path of length 49 found: [0, 1, 9, 17, 16, 24, 32, 40, 48, 49, 41, 33, 25, 26, 34, 42, 43, 51, 52, 44, 36, 37, 45, 53, 54, 46, 38, 30, 29, 21, 22, 14, 13, 12, 20, 28, 27, 19, 11, 3, 4, 5, 6, 7, 15, 23, 31, 39, 47, 55]
[00:00:01:14:277] ! Bidirectional. expansions: 44,784, time: 73,843 [ms], path length: 49 [edges], g_F: 25, g_B: 24, generated: 0, MM: 1, MMPER: 1.0%
[00:00:01:14:277] 
---------- SM_Grids/7x8_grid_with_random_blocks_8per_2 ----------
[00:00:01:13:433] Path of length 47 found: [0, 8, 16, 24, 32, 40, 41, 49, 50, 42, 34, 33, 25, 17, 9, 1, 2, 3, 11, 10, 18, 26, 27, 19, 20, 12, 13, 21, 29, 28, 36, 35, 43, 51, 52, 44, 45, 37, 38, 30, 22, 23, 31, 39, 47, 46, 54, 55]
[00:00:01:13:434] ! Unidirectional s-t. expansions: 42,128, time: 73,434 [ms], path length: 47 [edges], generated: 75,977
[00:00:02:35:181] Valid states checked so far: 200,000, Expansions: 119,243, Global best: 48
[00:00:03:52:404] Path of length 47 found: [55, 47, 39, 31, 23, 22, 21, 13, 12, 11, 3, 2, 10, 18, 26, 25, 33, 34, 42, 43, 35, 27, 19, 20, 28, 36, 44, 45, 37, 29, 30, 38, 46, 54, 53, 52, 51, 50, 49, 41, 40, 32, 24, 16, 17, 9, 1, 0]
[00:00:03:52:405] ! Unidirectional t-s. expansions: 179,476, time: 232,405 [ms], path length: 47 [edges], generated: 301,696
[00:00:03:40:314] Path of length 47 found: [0, 8, 16, 24, 32, 40, 41, 49, 50, 42, 34, 33, 25, 26, 27, 35, 43, 51, 52, 44, 45, 53, 54, 46, 38, 30, 29, 37, 36, 28, 20, 19, 18, 17, 9, 1, 2, 3, 11, 12, 13, 21, 22, 23, 31, 39, 47, 55]
[00:00:03:40:733] ! Bidirectional. expansions: 137,170, time: 220,314 [ms], path length: 47 [edges], g_F: 24, g_B: 23, generated: 0, MM: 1, MMPER: 1.0833333333333335%
[00:00:03:40:733] 
---------- SM_Grids/7x8_grid_with_random_blocks_8per_3 ----------
[00:00:00:15:786] Path of length 49 found: [0, 8, 16, 24, 32, 40, 48, 49, 41, 33, 34, 42, 50, 51, 43, 35, 27, 26, 18, 17, 9, 1, 2, 10, 11, 3, 4, 12, 20, 28, 36, 44, 45, 37, 29, 21, 13, 5, 6, 7, 15, 14, 22, 23, 31, 39, 38, 46, 47, 55]
[00:00:00:15:787] ! Unidirectional s-t. expansions: 8,717, time: 15,786 [ms], path length: 49 [edges], generated: 14,979
[00:00:01:14:299] Path of length 49 found: [55, 47, 39, 31, 23, 15, 7, 6, 5, 4, 3, 2, 10, 18, 26, 27, 19, 11, 12, 13, 14, 22, 21, 20, 28, 29, 37, 38, 46, 45, 44, 36, 35, 34, 33, 41, 42, 43, 51, 50, 49, 48, 40, 32, 24, 16, 17, 9, 1, 0]
[00:00:01:14:299] ! Unidirectional t-s. expansions: 55,887, time: 74,299 [ms], path length: 49 [edges], generated: 92,378
[00:00:01:04:876] Path of length 49 found: [0, 8, 16, 24, 32, 40, 48, 49, 41, 33, 34, 42, 50, 51, 43, 44, 45, 46, 38, 37, 36, 35, 27, 26, 18, 17, 9, 1, 2, 3, 11, 19, 20, 28, 29, 21, 22, 14, 13, 12, 4, 5, 6, 7, 15, 23, 31, 39, 47, 55]
[00:00:01:05:312] ! Bidirectional. expansions: 42,888, time: 64,876 [ms], path length: 49 [edges], g_F: 25, g_B: 24, generated: 0, MM: 1, MMPER: 1.0%
[00:00:01:05:313] 
---------- SM_Grids/7x8_grid_with_random_blocks_8per_4 ----------
[00:00:00:38:315] Path of length 49 found: [0, 8, 16, 24, 32, 40, 48, 49, 41, 33, 25, 17, 9, 1, 2, 10, 11, 19, 27, 26, 34, 42, 50, 51, 43, 35, 36, 28, 20, 21, 13, 5, 6, 7, 15, 14, 22, 23, 31, 30, 29, 37, 45, 44, 52, 53, 54, 46, 47, 55]
[00:00:00:38:316] ! Unidirectional s-t. expansions: 26,458, time: 38,316 [ms], path length: 49 [edges], generated: 46,509
[00:00:00:11:006] Path of length 49 found: [55, 47, 39, 31, 23, 15, 7, 6, 5, 13, 14, 22, 30, 29, 21, 20, 19, 11, 10, 2, 1, 9, 17, 25, 33, 41, 42, 34, 26, 27, 28, 36, 35, 43, 44, 45, 46, 54, 53, 52, 51, 50, 49, 48, 40, 32, 24, 16, 8, 0]
[00:00:00:11:007] ! Unidirectional t-s. expansions: 6,189, time: 11,007 [ms], path length: 49 [edges], generated: 10,476
[00:00:00:30:993] Path of length 49 found: [0, 8, 16, 24, 32, 40, 48, 49, 41, 42, 50, 51, 43, 44, 52, 53, 54, 46, 45, 37, 36, 28, 27, 35, 34, 33, 25, 17, 9, 1, 2, 10, 11, 19, 20, 21, 29, 30, 22, 14, 13, 5, 6, 7, 15, 23, 31, 39, 47, 55]
[00:00:00:31:476] ! Bidirectional. expansions: 18,384, time: 30,993 [ms], path length: 49 [edges], g_F: 25, g_B: 24, generated: 0, MM: 1, MMPER: 1.0%
[00:00:00:31:476] 
---------- SM_Grids/7x8_grid_with_random_blocks_8per_5 ----------
[00:00:00:23:044] Path of length 49 found: [0, 8, 16, 24, 32, 40, 48, 49, 41, 33, 34, 26, 25, 17, 9, 1, 2, 10, 18, 19, 27, 28, 36, 44, 43, 51, 52, 53, 45, 37, 38, 30, 22, 21, 13, 12, 11, 3, 4, 5, 6, 14, 15, 23, 31, 39, 47, 46, 54, 55]
[00:00:00:23:045] ! Unidirectional s-t. expansions: 12,214, time: 23,045 [ms], path length: 49 [edges], generated: 20,865
[00:00:00:16:040] Path of length 49 found: [55, 47, 39, 38, 30, 31, 23, 15, 7, 6, 14, 22, 21, 13, 5, 4, 12, 11, 3, 2, 10, 18, 19, 27, 28, 36, 37, 45, 46, 54, 53, 52, 44, 43, 51, 50, 49, 48, 40, 41, 33, 34, 26, 25, 24, 16, 17, 9, 1, 0]
[00:00:00:16:040] ! Unidirectional t-s. expansions: 9,180, time: 16,040 [ms], path length: 49 [edges], generated: 15,544
[00:00:01:23:252] Path of length 49 found: [0, 8, 16, 24, 32, 40, 48, 49, 41, 33, 34, 26, 25, 17, 9, 1, 2, 3, 4, 5, 6, 7, 15, 23, 22, 21, 13, 12, 11, 10, 18, 19, 27, 28, 36, 44, 43, 51, 52, 53, 54, 46, 45, 37, 38, 30, 31, 39, 47, 55]
[00:00:01:23:683] ! Bidirectional. expansions: 38,493, time: 83,252 [ms], path length: 49 [edges], g_F: 25, g_B: 24, generated: 0, MM: 1, MMPER: 1.0%
[00:00:01:23:684] 
---------- SM_Grids/7x8_grid_with_random_blocks_8per_6 ----------
[00:00:00:48:459] Path of length 49 found: [0, 8, 16, 24, 32, 40, 48, 49, 41, 33, 25, 17, 9, 1, 2, 10, 18, 26, 34, 42, 50, 51, 43, 35, 27, 19, 11, 12, 20, 28, 36, 44, 45, 53, 54, 46, 38, 37, 29, 21, 22, 14, 6, 7, 15, 23, 31, 39, 47, 55]
[00:00:00:48:459] ! Unidirectional s-t. expansions: 30,867, time: 48,459 [ms], path length: 49 [edges], generated: 53,570
[00:00:00:22:505] Path of length 49 found: [55, 47, 39, 31, 23, 15, 7, 6, 14, 22, 21, 20, 12, 11, 10, 2, 1, 9, 17, 25, 33, 41, 42, 34, 26, 18, 19, 27, 35, 36, 28, 29, 30, 38, 46, 54, 53, 45, 44, 43, 51, 50, 49, 48, 40, 32, 24, 16, 8, 0]
[00:00:00:22:506] ! Unidirectional t-s. expansions: 13,188, time: 22,505 [ms], path length: 49 [edges], generated: 23,496
[00:00:01:32:853] Path of length 49 found: [0, 8, 16, 24, 32, 40, 48, 49, 41, 33, 25, 17, 9, 1, 2, 10, 18, 26, 34, 42, 50, 51, 43, 35, 36, 37, 45, 53, 54, 46, 38, 30, 29, 28, 27, 19, 11, 12, 20, 21, 22, 14, 6, 7, 15, 23, 31, 39, 47, 55]
[00:00:01:33:305] ! Bidirectional. expansions: 56,944, time: 92,853 [ms], path length: 49 [edges], g_F: 25, g_B: 24, generated: 0, MM: 1, MMPER: 1.0%
[00:00:01:33:305] 
---------- SM_Grids/7x8_grid_with_random_blocks_8per_7 ----------
[00:00:00:00:141] Path of length 51 found: [0, 1, 9, 17, 16, 24, 32, 40, 48, 49, 41, 33, 25, 26, 18, 10, 2, 3, 11, 19, 20, 12, 4, 5, 13, 21, 29, 28, 36, 35, 34, 42, 43, 51, 52, 53, 45, 37, 38, 30, 22, 14, 6, 7, 15, 23, 31, 39, 47, 46, 54, 55]
[00:00:00:00:142] ! Unidirectional s-t. expansions: 50, time: 141 [ms], path length: 51 [edges], generated: 82
[00:00:00:00:106] Path of length 51 found: [55, 47, 39, 31, 23, 15, 7, 6, 5, 4, 3, 2, 10, 18, 26, 25, 33, 34, 35, 36, 28, 20, 19, 11, 12, 13, 14, 22, 21, 29, 30, 38, 37, 45, 46, 54, 53, 52, 51, 43, 42, 41, 49, 48, 40, 32, 24, 16, 17, 9, 1, 0]
[00:00:00:00:106] ! Unidirectional t-s. expansions: 50, time: 106 [ms], path length: 51 [edges], generated: 82
[00:00:00:00:123] Path of length 51 found: [0, 1, 9, 17, 16, 24, 32, 40, 48, 49, 41, 33, 25, 26, 18, 19, 20, 28, 36, 35, 34, 42, 43, 51, 52, 53, 54, 46, 45, 37, 38, 30, 29, 21, 22, 14, 13, 12, 11, 10, 2, 3, 4, 5, 6, 7, 15, 23, 31, 39, 47, 55]
[00:00:00:00:568] ! Bidirectional. expansions: 57, time: 123 [ms], path length: 51 [edges], g_F: 26, g_B: 25, generated: 0, MM: 1, MMPER: 0.9230769230769231%
[00:00:00:00:569] 
---------- SM_Grids/7x8_grid_with_random_blocks_8per_8 ----------
[00:00:00:00:111] Path of length 51 found: [0, 8, 16, 24, 32, 40, 48, 49, 41, 33, 25, 17, 9, 1, 2, 10, 18, 26, 27, 35, 34, 42, 43, 51, 52, 44, 45, 53, 54, 46, 38, 37, 29, 30, 22, 14, 13, 12, 20, 19, 11, 3, 4, 5, 6, 7, 15, 23, 31, 39, 47, 55]
[00:00:00:00:111] ! Unidirectional s-t. expansions: 53, time: 111 [ms], path length: 51 [edges], generated: 88
[00:00:00:00:115] Path of length 51 found: [55, 47, 39, 31, 23, 15, 7, 6, 5, 4, 3, 2, 1, 9, 17, 25, 33, 34, 35, 27, 26, 18, 10, 11, 19, 20, 12, 13, 14, 22, 30, 29, 37, 38, 46, 54, 53, 45, 44, 52, 51, 43, 42, 41, 49, 48, 40, 32, 24, 16, 8, 0]
[00:00:00:00:115] ! Unidirectional t-s. expansions: 57, time: 115 [ms], path length: 51 [edges], generated: 95
[00:00:00:00:115] Path of length 51 found: [0, 8, 16, 24, 32, 40, 48, 49, 41, 33, 25, 17, 18, 26, 27, 35, 34, 42, 43, 51, 52, 44, 45, 53, 54, 46, 38, 37, 29, 30, 22, 14, 13, 12, 20, 19, 11, 10, 9, 1, 2, 3, 4, 5, 6, 7, 15, 23, 31, 39, 47, 55]
[00:00:00:00:571] ! Bidirectional. expansions: 57, time: 115 [ms], path length: 51 [edges], g_F: 26, g_B: 25, generated: 0, MM: 1, MMPER: 0.9230769230769231%
[00:00:00:00:571] 
---------- SM_Grids/7x8_grid_with_random_blocks_8per_9 ----------
[00:00:02:47:465] Path of length 49 found: [0, 1, 9, 8, 16, 24, 32, 40, 41, 49, 50, 42, 34, 33, 25, 17, 18, 10, 11, 3, 4, 12, 20, 19, 27, 35, 43, 51, 52, 44, 36, 28, 29, 30, 22, 14, 13, 5, 6, 7, 15, 23, 31, 39, 38, 37, 45, 46, 54, 55]
[00:00:02:47:465] ! Unidirectional s-t. expansions: 124,530, time: 167,465 [ms], path length: 49 [edges], generated: 199,220
[00:00:02:29:448] Path of length 49 found: [55, 54, 46, 47, 39, 31, 23, 15, 7, 6, 5, 4, 3, 11, 10, 18, 26, 25, 33, 34, 42, 43, 35, 27, 19, 20, 12, 13, 14, 22, 30, 38, 37, 29, 28, 36, 44, 52, 51, 50, 49, 41, 40, 32, 24, 16, 17, 9, 1, 0]
[00:00:02:29:448] ! Unidirectional t-s. expansions: 112,624, time: 149,448 [ms], path length: 49 [edges], generated: 179,299
[00:00:01:01:931] Path of length 49 found: [0, 1, 9, 8, 16, 24, 32, 40, 41, 49, 50, 42, 43, 51, 52, 44, 36, 35, 27, 26, 34, 33, 25, 17, 18, 10, 11, 3, 4, 12, 20, 28, 29, 37, 38, 30, 22, 14, 13, 5, 6, 7, 15, 23, 31, 39, 47, 46, 54, 55]
[00:00:01:02:383] ! Bidirectional. expansions: 34,476, time: 61,931 [ms], path length: 49 [edges], g_F: 25, g_B: 24, generated: 0, MM: 1, MMPER: 1.0%

[00:00:01:02:384] average expansions: (96,276, 79,139, 96,829, 0)
[00:00:01:02:384] average time: (131,250, 113,917, 152,880, 0)
[00:00:01:02:384] XIDA: 79,139 , 113,917 (expansions , time[ms])
[00:00:01:02:384] BiXIDA: 96,829 , 152,880 (expansions , time[ms])

