------------------------------------
Thu 01 Oct 2026 16:41:29 IDT
SLURM_JOBID:		21953423
SLURM_JOB_NODELIST:	ise-cpu256-08
SLURM_SCRATCH_DIR:	/scratch/shubit/21953423
Allocated Resouces:	cpu - 2 / mem - 61440 MB / gpu - 
SLURM_GPU_INDEX:	
Running as shubit from shimony account with normal QOS
------------------------------------
Thu 01 Oct 2026 16:41:29 IDT

SLURM_JOBID:		 21953423
SLURM_JOB_NODELIST:	 ise-cpu256-08 

--------------------------
date: SM_Grids
number_of_graphs: 10
graph_type: grid
size_of_graphs: [7, 8]
heuristic: bcc_heuristic
snake: False
run_uni: True
run_bi: True
run_multi: False
solution_vertices: []
algorithms: ['XMM']
lookahead: 2
bsd: False
cube_first_dims: 4
cube_buffer_dim: None
backward_sym_generation: False
sym_coil: False
prefix_set: None

---------- SM_Grids/7x8_grid_with_random_blocks_16per_0 ----------
[00:00:00:01:537] Path of length 43 found: [0, 1, 2, 3, 4, 5, 13, 12, 20, 28, 29, 30, 22, 14, 15, 23, 31, 39, 47, 46, 45, 37, 36, 35, 27, 19, 18, 17, 25, 24, 32, 33, 41, 40, 48, 49, 50, 42, 43, 51, 52, 53, 54, 55]
[00:00:00:01:538] ! Unidirectional s-t. expansions: 449, time: 1,537 [ms], path length: 43 [edges], generated: 2,395
[00:00:00:08:956] Path of length 43 found: [55, 54, 53, 52, 51, 50, 49, 48, 40, 32, 24, 25, 33, 41, 42, 43, 35, 27, 26, 18, 19, 20, 28, 29, 37, 36, 44, 45, 46, 47, 39, 31, 30, 22, 23, 15, 14, 13, 5, 4, 3, 2, 1, 0]
[00:00:00:08:957] ! Unidirectional t-s. expansions: 2,490, time: 8,957 [ms], path length: 43 [edges], generated: 10,359
[00:00:00:11:704] Path of length 43 found: [0, 1, 2, 3, 4, 5, 13, 12, 20, 19, 27, 26, 18, 17, 25, 24, 32, 33, 41, 40, 48, 49, 50, 51, 43, 35, 36, 37, 29, 30, 22, 14, 15, 23, 31, 39, 47, 46, 45, 44, 52, 53, 54, 55]
[00:00:00:12:178] ! Bidirectional. expansions: 2,721, time: 11,704 [ms], path length: 43 [edges], g_F: 20, g_B: 23, generated: 4,889, MM: 3, MMPER: 5.818181818181818%
[00:00:00:12:179] 
---------- SM_Grids/7x8_grid_with_random_blocks_16per_1 ----------
[00:00:00:00:103] Path of length 39 found: [0, 1, 9, 8, 16, 17, 25, 26, 18, 10, 11, 19, 27, 35, 34, 42, 43, 51, 52, 44, 36, 28, 20, 12, 13, 14, 22, 21, 29, 37, 45, 53, 54, 46, 38, 30, 31, 39, 47, 55]
[00:00:00:00:103] ! Unidirectional s-t. expansions: 20, time: 103 [ms], path length: 39 [edges], generated: 107
[00:00:00:00:101] Path of length 39 found: [55, 47, 39, 31, 30, 22, 14, 13, 12, 11, 10, 18, 19, 27, 35, 36, 28, 20, 21, 29, 37, 38, 46, 54, 53, 45, 44, 52, 51, 43, 42, 34, 26, 25, 17, 16, 8, 9, 1, 0]
[00:00:00:00:101] ! Unidirectional t-s. expansions: 20, time: 101 [ms], path length: 39 [edges], generated: 109
[00:00:00:05:356] Path of length 39 found: [0, 1, 9, 8, 16, 17, 25, 26, 18, 10, 11, 19, 27, 35, 34, 42, 43, 51, 52, 44, 45, 53, 54, 46, 38, 37, 36, 28, 29, 21, 20, 12, 13, 14, 22, 30, 31, 39, 47, 55]
[00:00:00:05:827] ! Bidirectional. expansions: 1,135, time: 5,356 [ms], path length: 39 [edges], g_F: 19, g_B: 20, generated: 2,198, MM: 1, MMPER: 1.5%
[00:00:00:05:827] 
---------- SM_Grids/7x8_grid_with_random_blocks_16per_2 ----------
[00:00:00:01:179] Path of length 43 found: [0, 1, 9, 8, 16, 24, 25, 17, 18, 26, 34, 33, 41, 40, 48, 49, 50, 51, 52, 44, 43, 35, 27, 28, 20, 12, 11, 3, 4, 5, 13, 14, 6, 7, 15, 23, 22, 21, 29, 37, 38, 39, 47, 55]
[00:00:00:01:180] ! Unidirectional s-t. expansions: 323, time: 1,179 [ms], path length: 43 [edges], generated: 1,331
[00:00:00:00:596] Path of length 43 found: [55, 47, 39, 38, 37, 29, 28, 20, 21, 22, 23, 15, 7, 6, 14, 13, 5, 4, 12, 11, 3, 2, 1, 9, 17, 18, 26, 27, 35, 43, 44, 52, 51, 50, 49, 48, 40, 41, 33, 25, 24, 16, 8, 0]
[00:00:00:00:596] ! Unidirectional t-s. expansions: 128, time: 596 [ms], path length: 43 [edges], generated: 618
[00:00:00:01:200] Path of length 43 found: [0, 8, 16, 24, 32, 33, 41, 40, 48, 49, 50, 51, 52, 44, 43, 35, 34, 26, 18, 17, 9, 1, 2, 3, 11, 12, 4, 5, 6, 7, 15, 23, 22, 14, 13, 21, 20, 28, 29, 37, 38, 39, 47, 55]
[00:00:00:01:661] ! Bidirectional. expansions: 277, time: 1,200 [ms], path length: 43 [edges], g_F: 20, g_B: 23, generated: 493, MM: 3, MMPER: 5.818181818181818%
[00:00:00:01:661] 
---------- SM_Grids/7x8_grid_with_random_blocks_16per_3 ----------
[00:00:00:05:848] Path of length 43 found: [0, 1, 2, 3, 4, 12, 11, 19, 18, 10, 9, 17, 16, 24, 32, 33, 34, 42, 41, 40, 48, 49, 50, 51, 43, 44, 52, 53, 45, 46, 38, 30, 29, 28, 20, 21, 13, 14, 22, 23, 31, 39, 47, 55]
[00:00:00:05:848] ! Unidirectional s-t. expansions: 1,395, time: 5,848 [ms], path length: 43 [edges], generated: 6,191
[00:00:00:07:685] Path of length 43 found: [55, 47, 46, 38, 39, 31, 30, 29, 21, 22, 23, 15, 14, 13, 12, 4, 3, 11, 19, 27, 28, 36, 44, 45, 53, 52, 51, 43, 42, 34, 33, 41, 49, 48, 40, 32, 24, 16, 17, 18, 10, 2, 1, 0]
[00:00:00:07:686] ! Unidirectional t-s. expansions: 2,000, time: 7,686 [ms], path length: 43 [edges], generated: 10,200
[00:00:00:13:986] Path of length 43 found: [0, 1, 9, 17, 16, 24, 32, 33, 34, 42, 41, 40, 48, 49, 50, 51, 52, 53, 45, 44, 36, 28, 27, 19, 11, 10, 2, 3, 4, 12, 13, 21, 29, 30, 22, 14, 15, 23, 31, 39, 38, 46, 47, 55]
[00:00:00:14:445] ! Bidirectional. expansions: 3,257, time: 13,986 [ms], path length: 43 [edges], g_F: 22, g_B: 21, generated: 5,982, MM: 1, MMPER: 1.272727272727273%
[00:00:00:14:445] 
---------- SM_Grids/7x8_grid_with_random_blocks_16per_4 ----------
[00:00:00:00:176] Path of length 47 found: [0, 8, 16, 24, 32, 40, 48, 49, 41, 33, 25, 17, 9, 1, 2, 3, 11, 19, 18, 26, 34, 42, 50, 51, 43, 35, 36, 28, 20, 12, 13, 5, 6, 14, 22, 30, 31, 39, 38, 37, 45, 44, 52, 53, 54, 46, 47, 55]
[00:00:00:00:176] ! Unidirectional s-t. expansions: 24, time: 176 [ms], path length: 47 [edges], generated: 106
[00:00:00:00:105] Path of length 47 found: [55, 47, 39, 31, 30, 22, 14, 6, 5, 13, 12, 11, 3, 2, 1, 9, 17, 25, 33, 41, 42, 34, 26, 18, 19, 20, 28, 36, 35, 43, 44, 45, 37, 38, 46, 54, 53, 52, 51, 50, 49, 48, 40, 32, 24, 16, 8, 0]
[00:00:00:00:106] ! Unidirectional t-s. expansions: 24, time: 105 [ms], path length: 47 [edges], generated: 100
[00:00:00:10:070] Path of length 47 found: [0, 8, 16, 24, 32, 40, 48, 49, 41, 33, 25, 17, 9, 1, 2, 3, 11, 19, 18, 26, 34, 42, 50, 51, 52, 53, 54, 46, 38, 37, 45, 44, 43, 35, 36, 28, 20, 12, 13, 5, 6, 14, 22, 30, 31, 39, 47, 55]
[00:00:00:10:534] ! Bidirectional. expansions: 2,460, time: 10,070 [ms], path length: 47 [edges], g_F: 23, g_B: 24, generated: 4,207, MM: 1, MMPER: 1.0833333333333335%
[00:00:00:10:534] 
---------- SM_Grids/7x8_grid_with_random_blocks_16per_5 ----------
[00:00:00:04:783] Path of length 45 found: [0, 1, 2, 3, 4, 12, 20, 19, 11, 10, 9, 8, 16, 17, 18, 26, 34, 33, 32, 40, 41, 49, 50, 42, 43, 35, 27, 28, 29, 21, 13, 5, 6, 14, 15, 23, 31, 30, 38, 37, 45, 44, 52, 53, 54, 55]
[00:00:00:04:783] ! Unidirectional s-t. expansions: 1,053, time: 4,783 [ms], path length: 45 [edges], generated: 5,268
[00:00:00:01:198] Path of length 45 found: [55, 54, 53, 52, 44, 45, 37, 29, 30, 38, 39, 31, 23, 15, 7, 6, 14, 13, 5, 4, 12, 20, 28, 27, 35, 43, 42, 50, 49, 41, 40, 32, 33, 34, 26, 18, 19, 11, 3, 2, 10, 9, 17, 16, 8, 0]
[00:00:00:01:199] ! Unidirectional t-s. expansions: 300, time: 1,199 [ms], path length: 45 [edges], generated: 1,367
[00:00:00:04:149] Path of length 45 found: [0, 8, 16, 17, 18, 26, 34, 33, 32, 40, 41, 49, 50, 42, 43, 35, 27, 28, 20, 19, 11, 10, 9, 1, 2, 3, 4, 5, 13, 14, 6, 7, 15, 23, 31, 39, 38, 30, 29, 37, 45, 44, 52, 53, 54, 55]
[00:00:00:04:602] ! Bidirectional. expansions: 921, time: 4,149 [ms], path length: 45 [edges], g_F: 23, g_B: 22, generated: 1,701, MM: 1, MMPER: 1.1739130434782608%
[00:00:00:04:602] 
---------- SM_Grids/7x8_grid_with_random_blocks_16per_6 ----------
[00:00:00:00:082] Path of length 45 found: [0, 1, 9, 17, 16, 24, 32, 33, 25, 26, 34, 35, 27, 19, 18, 10, 2, 3, 11, 12, 4, 5, 13, 14, 6, 7, 15, 23, 31, 30, 29, 21, 20, 28, 36, 44, 43, 51, 52, 53, 45, 37, 38, 46, 54, 55]
[00:00:00:00:082] ! Unidirectional s-t. expansions: 23, time: 82 [ms], path length: 45 [edges], generated: 92
[00:00:00:00:138] Path of length 45 found: [55, 54, 46, 38, 30, 31, 23, 15, 7, 6, 14, 13, 5, 4, 3, 2, 10, 18, 19, 11, 12, 20, 21, 29, 37, 45, 53, 52, 51, 43, 44, 36, 28, 27, 35, 34, 26, 25, 33, 32, 24, 16, 17, 9, 1, 0]
[00:00:00:00:138] ! Unidirectional t-s. expansions: 33, time: 138 [ms], path length: 45 [edges], generated: 143
[00:00:00:06:669] Path of length 45 found: [0, 1, 9, 17, 16, 24, 32, 33, 25, 26, 34, 35, 27, 19, 18, 10, 2, 3, 11, 12, 4, 5, 13, 14, 6, 7, 15, 23, 31, 30, 29, 21, 20, 28, 36, 44, 43, 51, 52, 53, 45, 37, 38, 46, 54, 55]
[00:00:00:07:126] ! Bidirectional. expansions: 1,512, time: 6,669 [ms], path length: 45 [edges], g_F: 22, g_B: 23, generated: 2,796, MM: 1, MMPER: 1.1739130434782608%
[00:00:00:07:127] 
---------- SM_Grids/7x8_grid_with_random_blocks_16per_7 ----------
[00:00:00:00:103] Path of length 47 found: [0, 1, 9, 8, 16, 17, 25, 24, 32, 40, 48, 49, 41, 33, 34, 42, 50, 51, 43, 44, 52, 53, 45, 37, 36, 28, 27, 19, 11, 3, 4, 12, 20, 21, 13, 14, 6, 7, 15, 23, 22, 30, 38, 39, 47, 46, 54, 55]
[00:00:00:00:104] ! Unidirectional s-t. expansions: 24, time: 103 [ms], path length: 47 [edges], generated: 93
[00:00:00:00:086] Path of length 47 found: [55, 47, 39, 38, 30, 22, 23, 15, 7, 6, 14, 13, 21, 20, 12, 4, 3, 11, 19, 27, 28, 36, 37, 45, 46, 54, 53, 52, 44, 43, 51, 50, 42, 34, 33, 41, 49, 48, 40, 32, 24, 25, 17, 16, 8, 9, 1, 0]
[00:00:00:00:087] ! Unidirectional t-s. expansions: 24, time: 87 [ms], path length: 47 [edges], generated: 86
[00:00:00:00:315] Path of length 47 found: [0, 1, 9, 8, 16, 17, 25, 24, 32, 40, 48, 49, 41, 33, 34, 42, 50, 51, 43, 44, 52, 53, 45, 37, 36, 28, 27, 19, 11, 3, 4, 12, 20, 21, 13, 14, 6, 7, 15, 23, 22, 30, 38, 39, 47, 46, 54, 55]
[00:00:00:00:775] ! Bidirectional. expansions: 76, time: 315 [ms], path length: 47 [edges], g_F: 23, g_B: 24, generated: 121, MM: 1, MMPER: 1.0833333333333335%
[00:00:00:00:775] 
---------- SM_Grids/7x8_grid_with_random_blocks_16per_8 ----------
[00:00:00:05:846] Path of length 43 found: [0, 8, 16, 17, 9, 10, 2, 3, 4, 5, 6, 7, 15, 23, 31, 39, 47, 46, 38, 30, 29, 21, 13, 12, 20, 19, 18, 26, 25, 33, 32, 40, 41, 42, 50, 51, 43, 35, 36, 44, 45, 53, 54, 55]
[00:00:00:05:846] ! Unidirectional s-t. expansions: 1,468, time: 5,846 [ms], path length: 43 [edges], generated: 7,554
[00:00:00:08:154] Path of length 43 found: [55, 54, 53, 45, 46, 47, 39, 38, 30, 31, 23, 15, 7, 6, 5, 13, 12, 4, 3, 2, 10, 18, 19, 20, 21, 29, 28, 36, 44, 43, 51, 50, 42, 41, 40, 32, 33, 34, 26, 25, 17, 9, 8, 0]
[00:00:00:08:155] ! Unidirectional t-s. expansions: 2,320, time: 8,154 [ms], path length: 43 [edges], generated: 9,518
[00:00:00:24:151] Path of length 43 found: [0, 8, 16, 17, 9, 10, 2, 3, 4, 12, 13, 5, 6, 7, 15, 23, 31, 39, 38, 30, 29, 21, 20, 28, 36, 35, 34, 26, 25, 33, 32, 40, 41, 42, 50, 51, 43, 44, 45, 53, 54, 46, 47, 55]
[00:00:00:24:622] ! Bidirectional. expansions: 5,781, time: 24,151 [ms], path length: 43 [edges], g_F: 21, g_B: 22, generated: 10,391, MM: 1, MMPER: 1.272727272727273%
[00:00:00:24:622] 
---------- SM_Grids/7x8_grid_with_random_blocks_16per_9 ----------
[00:00:00:00:604] Path of length 45 found: [0, 8, 16, 24, 25, 26, 34, 35, 43, 42, 41, 49, 50, 51, 52, 44, 45, 37, 38, 30, 22, 14, 13, 12, 20, 28, 27, 19, 18, 17, 9, 1, 2, 3, 4, 5, 6, 7, 15, 23, 31, 39, 47, 46, 54, 55]
[00:00:00:00:605] ! Unidirectional s-t. expansions: 115, time: 605 [ms], path length: 45 [edges], generated: 579
[00:00:00:00:592] Path of length 45 found: [55, 54, 46, 47, 39, 38, 37, 45, 44, 52, 51, 50, 49, 41, 42, 43, 35, 34, 26, 25, 24, 16, 17, 18, 19, 27, 28, 20, 12, 13, 14, 22, 30, 31, 23, 15, 7, 6, 5, 4, 3, 2, 10, 9, 1, 0]
[00:00:00:00:593] ! Unidirectional t-s. expansions: 179, time: 592 [ms], path length: 45 [edges], generated: 727
[00:00:00:00:675] Path of length 45 found: [0, 8, 16, 24, 25, 17, 18, 10, 9, 1, 2, 3, 4, 5, 6, 7, 15, 23, 22, 14, 13, 12, 20, 28, 27, 26, 34, 35, 43, 42, 41, 49, 50, 51, 52, 44, 45, 37, 38, 30, 31, 39, 47, 46, 54, 55]
[00:00:00:01:151] ! Bidirectional. expansions: 157, time: 675 [ms], path length: 45 [edges], g_F: 22, g_B: 23, generated: 258, MM: 1, MMPER: 1.1739130434782608%

[00:00:00:01:152] average expansions: (489, 752, 1,830, 0)
[00:00:00:01:152] average time: (2,026, 2,762, 7,828, 0)
[00:00:00:01:152] XA*: 489 , 2,026 (expansions , time[ms])
[00:00:00:01:152] XMM: 1,830 , 7,828 (expansions , time[ms])

