------------------------------------
Thu 01 Oct 2026 10:43:38 IDT
SLURM_JOBID:		21942755
SLURM_JOB_NODELIST:	ise-cpu256-12
SLURM_SCRATCH_DIR:	/scratch/shubit/21942755
Allocated Resouces:	cpu - 2 / mem - 61440 MB / gpu - 
SLURM_GPU_INDEX:	
Running as shubit from shimony account with normal QOS
------------------------------------
Thu 01 Oct 2026 10:43:38 IDT

SLURM_JOBID:		 21942755
SLURM_JOB_NODELIST:	 ise-cpu256-12 

--------------------------
date: SM_Grids
number_of_graphs: 10
graph_type: grid
size_of_graphs: [7, 8]
heuristic: bcc_heuristic
snake: False
run_uni: True
run_bi: True
run_multi: False
solution_vertices: []
algorithms: ['A']
lookahead: -1
bsd: False
cube_first_dims: 4
cube_buffer_dim: None
backward_sym_generation: False
sym_coil: False
prefix_set: None

---------- SM_Grids/7x8_grid_with_random_blocks_16per_0 ----------
[00:00:00:01:431] Path of length 43 found: [0, 1, 2, 3, 4, 5, 13, 12, 20, 28, 29, 30, 22, 14, 15, 23, 31, 39, 47, 46, 45, 37, 36, 35, 27, 19, 18, 17, 25, 24, 32, 33, 41, 40, 48, 49, 50, 42, 43, 51, 52, 53, 54, 55]
[00:00:00:01:432] ! Unidirectional s-t. expansions: 857, time: 1,432 [ms], path length: 43 [edges], generated: 1,524
[00:00:00:09:105] Path of length 43 found: [55, 54, 53, 52, 51, 50, 49, 48, 40, 32, 24, 25, 33, 41, 42, 43, 35, 27, 26, 18, 19, 20, 28, 29, 37, 36, 44, 45, 46, 47, 39, 31, 30, 22, 23, 15, 14, 13, 5, 4, 3, 2, 1, 0]
[00:00:00:09:106] ! Unidirectional t-s. expansions: 5,104, time: 9,105 [ms], path length: 43 [edges], generated: 8,592
[00:00:00:02:992] Path of length 43 found: [0, 1, 2, 3, 4, 5, 13, 12, 20, 28, 29, 30, 22, 14, 15, 23, 31, 39, 47, 46, 45, 37, 36, 35, 27, 26, 18, 17, 25, 24, 32, 33, 41, 40, 48, 49, 50, 42, 43, 51, 52, 53, 54, 55]
[00:00:00:03:414] ! Bidirectional. expansions: 2,315, time: 2,992 [ms], path length: 43 [edges], g_F: 22, g_B: 21, generated: 0, MM: 1, MMPER: 1.272727272727273%
[00:00:00:03:414] 
---------- SM_Grids/7x8_grid_with_random_blocks_16per_1 ----------
[00:00:00:00:091] Path of length 39 found: [0, 1, 9, 8, 16, 17, 25, 26, 18, 10, 11, 19, 27, 35, 34, 42, 43, 51, 52, 44, 36, 28, 20, 12, 13, 14, 22, 21, 29, 37, 45, 53, 54, 46, 38, 30, 31, 39, 47, 55]
[00:00:00:00:091] ! Unidirectional s-t. expansions: 39, time: 91 [ms], path length: 39 [edges], generated: 69
[00:00:00:00:095] Path of length 39 found: [55, 47, 39, 31, 30, 22, 14, 13, 12, 11, 10, 18, 19, 27, 35, 36, 28, 20, 21, 29, 37, 38, 46, 54, 53, 45, 44, 52, 51, 43, 42, 34, 26, 25, 17, 16, 8, 9, 1, 0]
[00:00:00:00:095] ! Unidirectional t-s. expansions: 39, time: 95 [ms], path length: 39 [edges], generated: 69
[00:00:00:00:069] Path of length 39 found: [0, 1, 9, 8, 16, 17, 25, 26, 18, 10, 11, 19, 27, 35, 34, 42, 43, 51, 52, 53, 54, 46, 38, 37, 45, 44, 36, 28, 29, 21, 20, 12, 13, 14, 22, 30, 31, 39, 47, 55]
[00:00:00:00:465] ! Bidirectional. expansions: 39, time: 69 [ms], path length: 39 [edges], g_F: 20, g_B: 19, generated: 0, MM: 1, MMPER: 1.5%
[00:00:00:00:466] 
---------- SM_Grids/7x8_grid_with_random_blocks_16per_2 ----------
[00:00:00:01:372] Path of length 43 found: [0, 1, 9, 8, 16, 24, 25, 17, 18, 26, 34, 33, 41, 40, 48, 49, 50, 51, 52, 44, 43, 35, 27, 28, 20, 12, 11, 3, 4, 5, 13, 14, 6, 7, 15, 23, 22, 21, 29, 37, 38, 39, 47, 55]
[00:00:00:01:372] ! Unidirectional s-t. expansions: 698, time: 1,372 [ms], path length: 43 [edges], generated: 1,191
[00:00:00:00:561] Path of length 43 found: [55, 47, 39, 38, 37, 29, 28, 20, 21, 22, 23, 15, 7, 6, 14, 13, 5, 4, 12, 11, 3, 2, 1, 9, 17, 18, 26, 27, 35, 43, 44, 52, 51, 50, 49, 48, 40, 41, 33, 25, 24, 16, 8, 0]
[00:00:00:00:562] ! Unidirectional t-s. expansions: 237, time: 561 [ms], path length: 43 [edges], generated: 419
[00:00:00:01:321] Path of length 43 found: [0, 8, 16, 24, 32, 33, 41, 40, 48, 49, 50, 51, 52, 44, 43, 35, 27, 26, 18, 17, 9, 1, 2, 3, 11, 12, 4, 5, 6, 7, 15, 23, 22, 14, 13, 21, 20, 28, 29, 37, 38, 39, 47, 55]
[00:00:00:01:715] ! Bidirectional. expansions: 862, time: 1,321 [ms], path length: 43 [edges], g_F: 22, g_B: 21, generated: 0, MM: 1, MMPER: 1.272727272727273%
[00:00:00:01:715] 
---------- SM_Grids/7x8_grid_with_random_blocks_16per_3 ----------
[00:00:00:06:671] Path of length 43 found: [0, 1, 2, 3, 4, 12, 11, 19, 18, 10, 9, 17, 16, 24, 32, 33, 34, 42, 41, 40, 48, 49, 50, 51, 43, 44, 52, 53, 45, 46, 38, 30, 29, 28, 20, 21, 13, 14, 22, 23, 31, 39, 47, 55]
[00:00:00:06:672] ! Unidirectional s-t. expansions: 2,971, time: 6,671 [ms], path length: 43 [edges], generated: 5,207
[00:00:00:07:674] Path of length 43 found: [55, 47, 46, 38, 39, 31, 30, 29, 21, 22, 23, 15, 14, 13, 12, 4, 3, 11, 19, 27, 28, 36, 44, 45, 53, 52, 51, 43, 42, 34, 33, 41, 49, 48, 40, 32, 24, 16, 17, 18, 10, 2, 1, 0]
[00:00:00:07:674] ! Unidirectional t-s. expansions: 3,809, time: 7,674 [ms], path length: 43 [edges], generated: 6,660
[00:00:00:16:556] Path of length 43 found: [0, 1, 9, 17, 16, 24, 32, 40, 48, 49, 41, 33, 34, 42, 50, 51, 52, 53, 45, 44, 36, 28, 27, 19, 18, 10, 2, 3, 4, 12, 13, 21, 29, 30, 22, 14, 15, 23, 31, 39, 38, 46, 47, 55]
[00:00:00:16:958] ! Bidirectional. expansions: 11,802, time: 16,556 [ms], path length: 43 [edges], g_F: 22, g_B: 21, generated: 0, MM: 1, MMPER: 1.272727272727273%
[00:00:00:16:958] 
---------- SM_Grids/7x8_grid_with_random_blocks_16per_4 ----------
[00:00:00:00:102] Path of length 47 found: [0, 8, 16, 24, 32, 40, 48, 49, 41, 33, 25, 17, 9, 1, 2, 3, 11, 19, 18, 26, 34, 42, 50, 51, 43, 35, 36, 28, 20, 12, 13, 5, 6, 14, 22, 30, 31, 39, 38, 37, 45, 44, 52, 53, 54, 46, 47, 55]
[00:00:00:00:102] ! Unidirectional s-t. expansions: 47, time: 102 [ms], path length: 47 [edges], generated: 73
[00:00:00:00:101] Path of length 47 found: [55, 47, 39, 31, 30, 22, 14, 6, 5, 13, 12, 11, 3, 2, 1, 9, 17, 25, 33, 41, 42, 34, 26, 18, 19, 20, 28, 36, 35, 43, 44, 45, 37, 38, 46, 54, 53, 52, 51, 50, 49, 48, 40, 32, 24, 16, 8, 0]
[00:00:00:00:101] ! Unidirectional t-s. expansions: 47, time: 101 [ms], path length: 47 [edges], generated: 73
[00:00:00:00:075] Path of length 47 found: [0, 8, 16, 24, 32, 40, 48, 49, 41, 33, 25, 17, 9, 1, 2, 3, 11, 19, 18, 26, 34, 42, 50, 51, 52, 53, 54, 46, 38, 37, 45, 44, 43, 35, 36, 28, 20, 12, 13, 5, 6, 14, 22, 30, 31, 39, 47, 55]
[00:00:00:00:472] ! Bidirectional. expansions: 48, time: 75 [ms], path length: 47 [edges], g_F: 24, g_B: 23, generated: 0, MM: 1, MMPER: 1.0833333333333335%
[00:00:00:00:472] 
---------- SM_Grids/7x8_grid_with_random_blocks_16per_5 ----------
[00:00:00:04:592] Path of length 45 found: [0, 1, 2, 3, 4, 12, 20, 19, 11, 10, 9, 8, 16, 17, 18, 26, 34, 33, 32, 40, 41, 49, 50, 42, 43, 35, 27, 28, 29, 21, 13, 5, 6, 14, 15, 23, 31, 30, 38, 37, 45, 44, 52, 53, 54, 55]
[00:00:00:04:593] ! Unidirectional s-t. expansions: 1,995, time: 4,592 [ms], path length: 45 [edges], generated: 3,442
[00:00:00:01:362] Path of length 45 found: [55, 54, 53, 52, 44, 45, 37, 29, 30, 38, 39, 31, 23, 15, 7, 6, 14, 13, 5, 4, 12, 20, 28, 27, 35, 43, 42, 50, 49, 41, 40, 32, 33, 34, 26, 18, 19, 11, 3, 2, 10, 9, 17, 16, 8, 0]
[00:00:00:01:363] ! Unidirectional t-s. expansions: 621, time: 1,362 [ms], path length: 45 [edges], generated: 1,119
[00:00:00:03:046] Path of length 45 found: [0, 8, 16, 17, 9, 1, 2, 10, 18, 26, 34, 33, 32, 40, 41, 49, 50, 42, 43, 35, 27, 28, 20, 19, 11, 3, 4, 5, 13, 14, 6, 7, 15, 23, 31, 39, 38, 30, 29, 37, 45, 44, 52, 53, 54, 55]
[00:00:00:03:437] ! Bidirectional. expansions: 2,320, time: 3,046 [ms], path length: 45 [edges], g_F: 23, g_B: 22, generated: 0, MM: 1, MMPER: 1.1739130434782608%
[00:00:00:03:437] 
---------- SM_Grids/7x8_grid_with_random_blocks_16per_6 ----------
[00:00:00:00:102] Path of length 45 found: [0, 1, 9, 17, 16, 24, 32, 33, 25, 26, 34, 35, 27, 19, 18, 10, 2, 3, 11, 12, 4, 5, 13, 14, 6, 7, 15, 23, 31, 30, 29, 21, 20, 28, 36, 44, 43, 51, 52, 53, 45, 37, 38, 46, 54, 55]
[00:00:00:00:102] ! Unidirectional s-t. expansions: 45, time: 102 [ms], path length: 45 [edges], generated: 75
[00:00:00:00:147] Path of length 45 found: [55, 54, 46, 38, 30, 31, 23, 15, 7, 6, 14, 13, 5, 4, 3, 2, 10, 18, 19, 11, 12, 20, 21, 29, 37, 45, 53, 52, 51, 43, 44, 36, 28, 27, 35, 34, 26, 25, 33, 32, 24, 16, 17, 9, 1, 0]
[00:00:00:00:148] ! Unidirectional t-s. expansions: 66, time: 148 [ms], path length: 45 [edges], generated: 114
[00:00:00:00:073] Path of length 45 found: [0, 1, 9, 17, 16, 24, 32, 33, 25, 26, 34, 35, 27, 28, 36, 44, 43, 51, 52, 53, 45, 37, 29, 21, 20, 12, 11, 19, 18, 10, 2, 3, 4, 5, 13, 14, 6, 7, 15, 23, 31, 30, 38, 46, 54, 55]
[00:00:00:00:466] ! Bidirectional. expansions: 45, time: 73 [ms], path length: 45 [edges], g_F: 23, g_B: 22, generated: 0, MM: 1, MMPER: 1.1739130434782608%
[00:00:00:00:466] 
---------- SM_Grids/7x8_grid_with_random_blocks_16per_7 ----------
[00:00:00:00:098] Path of length 47 found: [0, 1, 9, 8, 16, 17, 25, 24, 32, 40, 48, 49, 41, 33, 34, 42, 50, 51, 43, 44, 52, 53, 45, 37, 36, 28, 27, 19, 11, 3, 4, 12, 20, 21, 13, 14, 6, 7, 15, 23, 22, 30, 38, 39, 47, 46, 54, 55]
[00:00:00:00:099] ! Unidirectional s-t. expansions: 47, time: 98 [ms], path length: 47 [edges], generated: 71
[00:00:00:00:099] Path of length 47 found: [55, 47, 39, 38, 30, 22, 23, 15, 7, 6, 14, 13, 21, 20, 12, 4, 3, 11, 19, 27, 28, 36, 37, 45, 46, 54, 53, 52, 44, 43, 51, 50, 42, 34, 33, 41, 49, 48, 40, 32, 24, 25, 17, 16, 8, 9, 1, 0]
[00:00:00:00:099] ! Unidirectional t-s. expansions: 47, time: 99 [ms], path length: 47 [edges], generated: 71
[00:00:00:00:069] Path of length 47 found: [0, 1, 9, 8, 16, 17, 25, 24, 32, 40, 48, 49, 41, 33, 34, 42, 50, 51, 43, 44, 52, 53, 54, 46, 45, 37, 36, 28, 27, 19, 11, 3, 4, 12, 20, 21, 13, 14, 6, 7, 15, 23, 22, 30, 38, 39, 47, 55]
[00:00:00:00:464] ! Bidirectional. expansions: 47, time: 69 [ms], path length: 47 [edges], g_F: 24, g_B: 23, generated: 0, MM: 1, MMPER: 1.0833333333333335%
[00:00:00:00:464] 
---------- SM_Grids/7x8_grid_with_random_blocks_16per_8 ----------
[00:00:00:05:760] Path of length 43 found: [0, 8, 16, 17, 9, 10, 2, 3, 4, 5, 6, 7, 15, 23, 31, 39, 47, 46, 38, 30, 29, 21, 13, 12, 20, 19, 18, 26, 25, 33, 32, 40, 41, 42, 50, 51, 43, 35, 36, 44, 45, 53, 54, 55]
[00:00:00:05:760] ! Unidirectional s-t. expansions: 2,812, time: 5,760 [ms], path length: 43 [edges], generated: 4,925
[00:00:00:09:459] Path of length 43 found: [55, 54, 53, 45, 46, 47, 39, 38, 30, 31, 23, 15, 7, 6, 5, 13, 12, 4, 3, 2, 10, 18, 19, 20, 21, 29, 28, 36, 44, 43, 51, 50, 42, 41, 40, 32, 33, 34, 26, 25, 17, 9, 8, 0]
[00:00:00:09:460] ! Unidirectional t-s. expansions: 4,722, time: 9,459 [ms], path length: 43 [edges], generated: 7,822
[00:00:00:08:763] Path of length 43 found: [0, 8, 16, 17, 9, 10, 2, 3, 4, 12, 13, 5, 6, 7, 15, 23, 31, 39, 47, 46, 38, 30, 29, 28, 20, 19, 18, 26, 25, 33, 32, 40, 41, 42, 50, 51, 43, 35, 36, 44, 45, 53, 54, 55]
[00:00:00:09:179] ! Bidirectional. expansions: 7,444, time: 8,763 [ms], path length: 43 [edges], g_F: 22, g_B: 21, generated: 0, MM: 1, MMPER: 1.272727272727273%
[00:00:00:09:179] 
---------- SM_Grids/7x8_grid_with_random_blocks_16per_9 ----------
[00:00:00:00:531] Path of length 45 found: [0, 8, 16, 24, 25, 26, 34, 35, 43, 42, 41, 49, 50, 51, 52, 44, 45, 37, 38, 30, 22, 14, 13, 12, 20, 28, 27, 19, 18, 17, 9, 1, 2, 3, 4, 5, 6, 7, 15, 23, 31, 39, 47, 46, 54, 55]
[00:00:00:00:532] ! Unidirectional s-t. expansions: 218, time: 531 [ms], path length: 45 [edges], generated: 362
[00:00:00:00:692] Path of length 45 found: [55, 54, 46, 47, 39, 38, 37, 45, 44, 52, 51, 50, 49, 41, 42, 43, 35, 34, 26, 25, 24, 16, 17, 18, 19, 27, 28, 20, 12, 13, 14, 22, 30, 31, 23, 15, 7, 6, 5, 4, 3, 2, 10, 9, 1, 0]
[00:00:00:00:692] ! Unidirectional t-s. expansions: 378, time: 692 [ms], path length: 45 [edges], generated: 596
[00:00:00:00:690] Path of length 45 found: [0, 8, 16, 24, 25, 17, 18, 10, 9, 1, 2, 3, 4, 5, 6, 7, 15, 23, 22, 14, 13, 12, 20, 19, 27, 26, 34, 35, 43, 42, 41, 49, 50, 51, 52, 44, 45, 37, 38, 30, 31, 39, 47, 46, 54, 55]
[00:00:00:01:074] ! Bidirectional. expansions: 510, time: 690 [ms], path length: 45 [edges], g_F: 23, g_B: 22, generated: 0, MM: 1, MMPER: 1.1739130434782608%

[00:00:00:01:074] average expansions: (973, 1,507, 2,543, 0)
[00:00:00:01:074] average time: (2,075, 2,930, 3,365, 0)
[00:00:00:01:074] XA*: 973 , 2,075 (expansions , time[ms])
[00:00:00:01:074] BiXA*: 2,543 , 3,365 (expansions , time[ms])

