------------------------------------
Thu 01 Oct 2026 13:57:21 IDT
SLURM_JOBID:		21947778
SLURM_JOB_NODELIST:	ise-cpu256-08
SLURM_SCRATCH_DIR:	/scratch/shubit/21947778
Allocated Resouces:	cpu - 2 / mem - 61440 MB / gpu - 
SLURM_GPU_INDEX:	
Running as shubit from shimony account with normal QOS
------------------------------------
Thu 01 Oct 2026 13:57:21 IDT

SLURM_JOBID:		 21947778
SLURM_JOB_NODELIST:	 ise-cpu256-08 

--------------------------
date: SM_Grids
number_of_graphs: 10
graph_type: grid
size_of_graphs: [7, 8]
heuristic: bcc_heuristic
snake: False
run_uni: True
run_bi: True
run_multi: False
solution_vertices: []
algorithms: ['DFBnB']
lookahead: 2
bsd: False
cube_first_dims: 4
cube_buffer_dim: None
backward_sym_generation: False
sym_coil: False
prefix_set: None

---------- SM_Grids/7x8_grid_with_random_blocks_16per_0 ----------
[00:00:00:01:407] Path of length 43 found: [0, 1, 2, 3, 4, 5, 13, 12, 20, 19, 18, 17, 25, 24, 32, 33, 41, 40, 48, 49, 50, 42, 43, 51, 52, 44, 36, 35, 27, 28, 29, 30, 22, 14, 15, 23, 31, 39, 47, 46, 45, 53, 54, 55]
[00:00:00:01:407] ! Unidirectional s-t. expansions: 463, time: 1,407 [ms], path length: 43 [edges], generated: 2,467
[00:00:00:08:638] Path of length 43 found: [55, 47, 39, 31, 23, 15, 14, 22, 30, 29, 28, 27, 35, 43, 44, 36, 37, 45, 46, 54, 53, 52, 51, 50, 42, 41, 49, 48, 40, 32, 24, 25, 26, 18, 19, 20, 12, 13, 5, 4, 3, 2, 1, 0]
[00:00:00:08:638] ! Unidirectional t-s. expansions: 3,218, time: 8,638 [ms], path length: 43 [edges], generated: 13,676
[00:00:00:02:571] Path of length 43 found: [0, 1, 2, 3, 4, 5, 13, 12, 20, 19, 18, 17, 25, 24, 32, 33, 41, 40, 48, 49, 50, 51, 52, 53, 54, 46, 45, 37, 36, 44, 43, 35, 27, 28, 29, 30, 22, 14, 15, 23, 31, 39, 47, 55]
[00:00:00:03:082] ! Bidirectional. expansions: 1,164, time: 2,571 [ms], path length: 43 [edges], g_F: 22, g_B: 21, generated: 0, MM: 1, MMPER: 1.272727272727273%
[00:00:00:03:082] 
---------- SM_Grids/7x8_grid_with_random_blocks_16per_1 ----------
[00:00:00:00:094] Path of length 39 found: [0, 1, 9, 8, 16, 17, 25, 26, 18, 10, 11, 19, 27, 35, 34, 42, 43, 51, 52, 44, 36, 28, 20, 12, 13, 14, 22, 21, 29, 37, 45, 53, 54, 46, 38, 30, 31, 39, 47, 55]
[00:00:00:00:094] ! Unidirectional s-t. expansions: 20, time: 94 [ms], path length: 39 [edges], generated: 107
[00:00:00:00:099] Path of length 39 found: [55, 47, 39, 31, 30, 22, 14, 13, 12, 11, 10, 18, 19, 27, 35, 36, 28, 20, 21, 29, 37, 38, 46, 54, 53, 45, 44, 52, 51, 43, 42, 34, 26, 25, 17, 16, 8, 9, 1, 0]
[00:00:00:00:099] ! Unidirectional t-s. expansions: 20, time: 99 [ms], path length: 39 [edges], generated: 109
[00:00:00:00:066] Path of length 39 found: [0, 1, 9, 8, 16, 17, 25, 26, 18, 10, 11, 19, 27, 35, 34, 42, 43, 51, 52, 53, 54, 46, 38, 37, 45, 44, 36, 28, 29, 21, 20, 12, 13, 14, 22, 30, 31, 39, 47, 55]
[00:00:00:00:604] ! Bidirectional. expansions: 19, time: 66 [ms], path length: 39 [edges], g_F: 20, g_B: 19, generated: 0, MM: 1, MMPER: 1.5%
[00:00:00:00:605] 
---------- SM_Grids/7x8_grid_with_random_blocks_16per_2 ----------
[00:00:00:01:059] Path of length 43 found: [0, 8, 16, 24, 32, 40, 48, 49, 50, 51, 52, 44, 43, 35, 27, 26, 34, 33, 25, 17, 9, 1, 2, 3, 11, 12, 4, 5, 13, 14, 6, 7, 15, 23, 22, 21, 20, 28, 29, 37, 38, 39, 47, 55]
[00:00:00:01:060] ! Unidirectional s-t. expansions: 376, time: 1,059 [ms], path length: 43 [edges], generated: 1,542
[00:00:00:00:604] Path of length 43 found: [55, 47, 39, 38, 37, 29, 21, 13, 14, 22, 23, 15, 7, 6, 5, 4, 3, 11, 12, 20, 28, 27, 26, 18, 17, 25, 33, 34, 35, 43, 44, 52, 51, 50, 49, 41, 40, 32, 24, 16, 8, 9, 1, 0]
[00:00:00:00:604] ! Unidirectional t-s. expansions: 169, time: 604 [ms], path length: 43 [edges], generated: 795
[00:00:00:01:363] Path of length 43 found: [0, 8, 16, 24, 32, 40, 48, 49, 50, 51, 52, 44, 43, 35, 27, 26, 34, 33, 25, 17, 9, 1, 2, 3, 11, 12, 4, 5, 6, 7, 15, 23, 22, 14, 13, 21, 20, 28, 29, 37, 38, 39, 47, 55]
[00:00:00:01:830] ! Bidirectional. expansions: 540, time: 1,363 [ms], path length: 43 [edges], g_F: 22, g_B: 21, generated: 0, MM: 1, MMPER: 1.272727272727273%
[00:00:00:01:830] 
---------- SM_Grids/7x8_grid_with_random_blocks_16per_3 ----------
[00:00:00:05:800] Path of length 43 found: [0, 1, 9, 17, 16, 24, 32, 40, 48, 49, 41, 33, 34, 42, 50, 51, 43, 44, 52, 53, 45, 46, 38, 30, 22, 21, 29, 28, 27, 19, 18, 10, 2, 3, 11, 12, 13, 14, 15, 23, 31, 39, 47, 55]
[00:00:00:05:801] ! Unidirectional s-t. expansions: 1,674, time: 5,801 [ms], path length: 43 [edges], generated: 7,409
[00:00:00:07:523] Path of length 43 found: [55, 47, 39, 31, 23, 15, 14, 13, 12, 4, 3, 2, 10, 11, 19, 27, 28, 20, 21, 29, 30, 38, 46, 45, 53, 52, 44, 43, 51, 50, 42, 34, 33, 41, 49, 48, 40, 32, 24, 16, 17, 9, 1, 0]
[00:00:00:07:524] ! Unidirectional t-s. expansions: 2,630, time: 7,523 [ms], path length: 43 [edges], generated: 13,044
[00:00:00:13:891] Path of length 43 found: [0, 1, 9, 17, 16, 24, 32, 40, 48, 49, 41, 33, 34, 42, 50, 51, 43, 44, 52, 53, 45, 46, 38, 30, 29, 21, 20, 28, 27, 19, 18, 10, 2, 3, 4, 12, 13, 14, 15, 23, 31, 39, 47, 55]
[00:00:00:14:362] ! Bidirectional. expansions: 5,857, time: 13,891 [ms], path length: 43 [edges], g_F: 22, g_B: 21, generated: 0, MM: 1, MMPER: 1.272727272727273%
[00:00:00:14:363] 
---------- SM_Grids/7x8_grid_with_random_blocks_16per_4 ----------
[00:00:00:00:089] Path of length 47 found: [0, 8, 16, 24, 32, 40, 48, 49, 41, 33, 25, 17, 9, 1, 2, 3, 11, 19, 18, 26, 34, 42, 50, 51, 43, 35, 36, 28, 20, 12, 13, 5, 6, 14, 22, 30, 31, 39, 38, 37, 45, 44, 52, 53, 54, 46, 47, 55]
[00:00:00:00:090] ! Unidirectional s-t. expansions: 24, time: 90 [ms], path length: 47 [edges], generated: 106
[00:00:00:00:086] Path of length 47 found: [55, 47, 39, 31, 30, 22, 14, 6, 5, 13, 12, 11, 3, 2, 1, 9, 17, 25, 33, 41, 42, 34, 26, 18, 19, 20, 28, 36, 35, 43, 44, 45, 37, 38, 46, 54, 53, 52, 51, 50, 49, 48, 40, 32, 24, 16, 8, 0]
[00:00:00:00:087] ! Unidirectional t-s. expansions: 24, time: 86 [ms], path length: 47 [edges], generated: 100
[00:00:00:00:077] Path of length 47 found: [0, 8, 16, 24, 32, 40, 48, 49, 41, 33, 25, 17, 9, 1, 2, 3, 11, 19, 18, 26, 34, 42, 50, 51, 52, 53, 54, 46, 38, 37, 45, 44, 43, 35, 36, 28, 20, 12, 13, 5, 6, 14, 22, 30, 31, 39, 47, 55]
[00:00:00:00:537] ! Bidirectional. expansions: 33, time: 78 [ms], path length: 47 [edges], g_F: 24, g_B: 23, generated: 0, MM: 1, MMPER: 1.0833333333333335%
[00:00:00:00:538] 
---------- SM_Grids/7x8_grid_with_random_blocks_16per_5 ----------
[00:00:00:05:543] Path of length 45 found: [0, 8, 16, 17, 9, 1, 2, 10, 18, 26, 34, 33, 32, 40, 41, 49, 50, 42, 43, 35, 27, 19, 11, 3, 4, 12, 20, 28, 29, 21, 13, 5, 6, 14, 15, 23, 31, 30, 38, 37, 45, 44, 52, 53, 54, 55]
[00:00:00:05:544] ! Unidirectional s-t. expansions: 1,619, time: 5,543 [ms], path length: 45 [edges], generated: 7,669
[00:00:00:00:964] Path of length 45 found: [55, 54, 53, 52, 44, 45, 37, 29, 30, 38, 39, 31, 23, 15, 7, 6, 14, 13, 5, 4, 3, 2, 1, 9, 10, 11, 12, 20, 28, 27, 35, 43, 42, 50, 49, 41, 40, 32, 33, 34, 26, 18, 17, 16, 8, 0]
[00:00:00:00:965] ! Unidirectional t-s. expansions: 306, time: 964 [ms], path length: 45 [edges], generated: 1,392
[00:00:00:02:624] Path of length 45 found: [0, 8, 16, 17, 9, 1, 2, 10, 18, 26, 34, 33, 32, 40, 41, 49, 50, 42, 43, 35, 27, 28, 20, 19, 11, 3, 4, 5, 13, 14, 6, 7, 15, 23, 31, 39, 38, 30, 29, 37, 45, 44, 52, 53, 54, 55]
[00:00:00:03:088] ! Bidirectional. expansions: 1,115, time: 2,624 [ms], path length: 45 [edges], g_F: 23, g_B: 22, generated: 0, MM: 1, MMPER: 1.1739130434782608%
[00:00:00:03:089] 
---------- SM_Grids/7x8_grid_with_random_blocks_16per_6 ----------
[00:00:00:00:078] Path of length 45 found: [0, 1, 9, 17, 16, 24, 32, 33, 25, 26, 34, 35, 27, 19, 18, 10, 2, 3, 11, 12, 4, 5, 13, 14, 6, 7, 15, 23, 31, 30, 29, 21, 20, 28, 36, 44, 43, 51, 52, 53, 45, 37, 38, 46, 54, 55]
[00:00:00:00:078] ! Unidirectional s-t. expansions: 23, time: 78 [ms], path length: 45 [edges], generated: 92
[00:00:00:00:247] Path of length 45 found: [55, 54, 46, 38, 30, 31, 23, 15, 7, 6, 14, 13, 5, 4, 3, 2, 10, 18, 19, 11, 12, 20, 21, 29, 37, 45, 53, 52, 51, 43, 44, 36, 28, 27, 35, 34, 26, 25, 33, 32, 24, 16, 17, 9, 1, 0]
[00:00:00:00:247] ! Unidirectional t-s. expansions: 104, time: 247 [ms], path length: 45 [edges], generated: 452
[00:00:00:00:075] Path of length 45 found: [0, 1, 9, 17, 16, 24, 32, 33, 25, 26, 34, 35, 27, 28, 36, 44, 43, 51, 52, 53, 45, 37, 29, 21, 20, 12, 11, 19, 18, 10, 2, 3, 4, 5, 13, 14, 6, 7, 15, 23, 31, 30, 38, 46, 54, 55]
[00:00:00:00:535] ! Bidirectional. expansions: 22, time: 75 [ms], path length: 45 [edges], g_F: 23, g_B: 22, generated: 0, MM: 1, MMPER: 1.1739130434782608%
[00:00:00:00:535] 
---------- SM_Grids/7x8_grid_with_random_blocks_16per_7 ----------
[00:00:00:00:078] Path of length 47 found: [0, 1, 9, 8, 16, 17, 25, 24, 32, 40, 48, 49, 41, 33, 34, 42, 50, 51, 43, 44, 52, 53, 45, 37, 36, 28, 27, 19, 11, 3, 4, 12, 20, 21, 13, 14, 6, 7, 15, 23, 22, 30, 38, 39, 47, 46, 54, 55]
[00:00:00:00:078] ! Unidirectional s-t. expansions: 24, time: 78 [ms], path length: 47 [edges], generated: 93
[00:00:00:00:070] Path of length 47 found: [55, 47, 39, 38, 30, 22, 23, 15, 7, 6, 14, 13, 21, 20, 12, 4, 3, 11, 19, 27, 28, 36, 37, 45, 46, 54, 53, 52, 44, 43, 51, 50, 42, 34, 33, 41, 49, 48, 40, 32, 24, 25, 17, 16, 8, 9, 1, 0]
[00:00:00:00:071] ! Unidirectional t-s. expansions: 24, time: 70 [ms], path length: 47 [edges], generated: 86
[00:00:00:00:058] Path of length 47 found: [0, 1, 9, 8, 16, 17, 25, 24, 32, 40, 48, 49, 41, 33, 34, 42, 50, 51, 43, 44, 52, 53, 54, 46, 45, 37, 36, 28, 27, 19, 11, 3, 4, 12, 20, 21, 13, 14, 6, 7, 15, 23, 22, 30, 38, 39, 47, 55]
[00:00:00:00:529] ! Bidirectional. expansions: 23, time: 58 [ms], path length: 47 [edges], g_F: 24, g_B: 23, generated: 0, MM: 1, MMPER: 1.0833333333333335%
[00:00:00:00:529] 
---------- SM_Grids/7x8_grid_with_random_blocks_16per_8 ----------
[00:00:00:05:086] Path of length 43 found: [0, 8, 16, 17, 9, 10, 2, 3, 4, 12, 20, 19, 18, 26, 25, 33, 32, 40, 41, 42, 50, 51, 43, 35, 36, 28, 29, 21, 13, 5, 6, 7, 15, 23, 31, 30, 38, 37, 45, 53, 54, 46, 47, 55]
[00:00:00:05:087] ! Unidirectional s-t. expansions: 1,571, time: 5,086 [ms], path length: 43 [edges], generated: 8,066
[00:00:00:08:274] Path of length 43 found: [55, 47, 39, 31, 23, 15, 7, 6, 5, 4, 3, 2, 10, 18, 19, 20, 12, 13, 21, 29, 28, 36, 37, 38, 46, 54, 53, 45, 44, 43, 51, 50, 42, 41, 40, 32, 33, 34, 26, 25, 17, 9, 8, 0]
[00:00:00:08:275] ! Unidirectional t-s. expansions: 3,176, time: 8,275 [ms], path length: 43 [edges], generated: 12,918
[00:00:00:07:454] Path of length 43 found: [0, 8, 16, 17, 9, 10, 2, 3, 4, 12, 20, 19, 18, 26, 25, 33, 32, 40, 41, 42, 34, 35, 43, 44, 45, 53, 54, 46, 38, 37, 36, 28, 29, 21, 13, 5, 6, 7, 15, 23, 31, 39, 47, 55]
[00:00:00:07:929] ! Bidirectional. expansions: 3,738, time: 7,454 [ms], path length: 43 [edges], g_F: 22, g_B: 21, generated: 0, MM: 1, MMPER: 1.272727272727273%
[00:00:00:07:930] 
---------- SM_Grids/7x8_grid_with_random_blocks_16per_9 ----------
[00:00:00:00:653] Path of length 45 found: [0, 8, 16, 24, 25, 17, 9, 1, 2, 10, 18, 19, 20, 28, 27, 26, 34, 35, 43, 42, 41, 49, 50, 51, 52, 44, 45, 37, 38, 30, 22, 14, 13, 12, 4, 5, 6, 7, 15, 23, 31, 39, 47, 46, 54, 55]
[00:00:00:00:653] ! Unidirectional s-t. expansions: 154, time: 653 [ms], path length: 45 [edges], generated: 746
[00:00:00:00:487] Path of length 45 found: [55, 54, 46, 47, 39, 31, 23, 15, 7, 6, 5, 4, 3, 2, 1, 9, 10, 18, 19, 27, 28, 20, 12, 13, 14, 22, 30, 38, 37, 45, 44, 52, 51, 50, 49, 41, 42, 43, 35, 34, 26, 25, 17, 16, 8, 0]
[00:00:00:00:487] ! Unidirectional t-s. expansions: 180, time: 487 [ms], path length: 45 [edges], generated: 730
[00:00:00:00:689] Path of length 45 found: [0, 8, 16, 24, 25, 17, 9, 1, 2, 10, 18, 19, 20, 28, 27, 26, 34, 35, 43, 42, 41, 49, 50, 51, 52, 44, 45, 37, 38, 30, 22, 14, 13, 12, 4, 5, 6, 7, 15, 23, 31, 39, 47, 46, 54, 55]
[00:00:00:01:232] ! Bidirectional. expansions: 298, time: 689 [ms], path length: 45 [edges], g_F: 23, g_B: 22, generated: 0, MM: 1, MMPER: 1.1739130434782608%

[00:00:00:01:232] average expansions: (595, 985, 1,281, 0)
[00:00:00:01:232] average time: (1,989, 2,699, 2,887, 0)
[00:00:00:01:232] XDFBnB: 595 , 1,989 (expansions , time[ms])
[00:00:00:01:232] BiXDFBnB: 1,281 , 2,887 (expansions , time[ms])

