------------------------------------
Thu 01 Oct 2026 16:43:19 IDT
SLURM_JOBID:		21953428
SLURM_JOB_NODELIST:	ise-cpu256-14
SLURM_SCRATCH_DIR:	/scratch/shubit/21953428
Allocated Resouces:	cpu - 2 / mem - 61440 MB / gpu - 
SLURM_GPU_INDEX:	
Running as shubit from shimony account with normal QOS
------------------------------------
Thu 01 Oct 2026 16:43:19 IDT

SLURM_JOBID:		 21953428
SLURM_JOB_NODELIST:	 ise-cpu256-14 

--------------------------
date: SM_Grids
number_of_graphs: 10
graph_type: grid
size_of_graphs: [7, 8]
heuristic: bcc_heuristic
snake: False
run_uni: True
run_bi: True
run_multi: False
solution_vertices: []
algorithms: ['XMM']
lookahead: 1
bsd: False
cube_first_dims: 4
cube_buffer_dim: None
backward_sym_generation: False
sym_coil: False
prefix_set: None

---------- SM_Grids/7x8_grid_with_random_blocks_20per_0 ----------
[00:00:00:00:142] Path of length 29 found: [0, 1, 9, 8, 16, 17, 25, 26, 18, 19, 20, 21, 13, 12, 11, 3, 4, 5, 6, 7, 15, 14, 22, 30, 38, 37, 45, 46, 47, 55]
[00:00:00:00:142] ! Unidirectional s-t. expansions: 67, time: 142 [ms], path length: 29 [edges], generated: 118
[00:00:00:00:057] Path of length 29 found: [55, 47, 46, 45, 37, 38, 30, 22, 23, 15, 7, 6, 14, 13, 5, 4, 3, 11, 12, 20, 19, 18, 26, 25, 17, 16, 8, 9, 1, 0]
[00:00:00:00:057] ! Unidirectional t-s. expansions: 30, time: 57 [ms], path length: 29 [edges], generated: 48
[00:00:00:00:139] Path of length 29 found: [0, 1, 9, 8, 16, 17, 25, 26, 18, 19, 11, 3, 4, 12, 20, 21, 13, 14, 6, 7, 15, 23, 22, 30, 38, 37, 45, 46, 47, 55]
[00:00:00:00:625] ! Bidirectional. expansions: 43, time: 139 [ms], path length: 29 [edges], g_F: 15, g_B: 14, generated: 77, MM: 1, MMPER: 2.3333333333333335%
[00:00:00:00:625] 
---------- SM_Grids/7x8_grid_with_random_blocks_20per_1 ----------
[00:00:00:00:746] Path of length 39 found: [0, 8, 9, 10, 2, 3, 11, 12, 4, 5, 13, 14, 22, 30, 31, 39, 38, 37, 29, 21, 20, 28, 27, 26, 18, 17, 16, 24, 32, 40, 41, 42, 34, 35, 43, 44, 45, 46, 54, 55]
[00:00:00:00:746] ! Unidirectional s-t. expansions: 327, time: 746 [ms], path length: 39 [edges], generated: 575
[00:00:00:01:170] Path of length 39 found: [55, 54, 46, 45, 44, 36, 37, 38, 39, 31, 30, 29, 28, 20, 21, 22, 14, 13, 5, 4, 12, 11, 3, 2, 10, 9, 17, 18, 26, 27, 35, 34, 42, 41, 40, 32, 24, 16, 8, 0]
[00:00:00:01:170] ! Unidirectional t-s. expansions: 507, time: 1,170 [ms], path length: 39 [edges], generated: 885
[00:00:00:01:524] Path of length 39 found: [0, 8, 9, 17, 16, 24, 32, 40, 41, 42, 43, 44, 45, 37, 29, 21, 20, 28, 36, 35, 34, 26, 18, 10, 2, 3, 11, 12, 4, 5, 13, 14, 22, 30, 31, 39, 38, 46, 54, 55]
[00:00:00:01:972] ! Bidirectional. expansions: 387, time: 1,524 [ms], path length: 39 [edges], g_F: 19, g_B: 20, generated: 697, MM: 1, MMPER: 1.5%
[00:00:00:01:972] 
---------- SM_Grids/7x8_grid_with_random_blocks_20per_2 ----------
[00:00:00:00:076] Path of length 31 found: [0, 1, 9, 17, 16, 24, 32, 40, 48, 49, 41, 33, 25, 26, 18, 10, 2, 3, 11, 19, 27, 28, 36, 35, 34, 42, 43, 44, 45, 53, 54, 55]
[00:00:00:00:076] ! Unidirectional s-t. expansions: 31, time: 76 [ms], path length: 31 [edges], generated: 47
[00:00:00:00:069] Path of length 31 found: [55, 54, 53, 45, 44, 36, 28, 27, 19, 11, 3, 2, 10, 18, 26, 25, 33, 34, 35, 43, 42, 41, 49, 48, 40, 32, 24, 16, 17, 9, 1, 0]
[00:00:00:00:069] ! Unidirectional t-s. expansions: 31, time: 69 [ms], path length: 31 [edges], generated: 48
[00:00:00:00:523] Path of length 31 found: [0, 1, 9, 17, 16, 24, 32, 40, 48, 49, 41, 33, 25, 26, 18, 10, 2, 3, 11, 19, 27, 28, 36, 35, 34, 42, 43, 44, 45, 53, 54, 55]
[00:00:00:00:977] ! Bidirectional. expansions: 141, time: 523 [ms], path length: 31 [edges], g_F: 15, g_B: 16, generated: 267, MM: 1, MMPER: 2.125%
[00:00:00:00:977] 
---------- SM_Grids/7x8_grid_with_random_blocks_20per_3 ----------
[00:00:00:00:079] Path of length 35 found: [0, 1, 9, 8, 16, 24, 32, 33, 25, 17, 18, 10, 11, 19, 20, 12, 4, 5, 13, 21, 29, 37, 45, 46, 38, 30, 22, 14, 6, 7, 15, 23, 31, 39, 47, 55]
[00:00:00:00:079] ! Unidirectional s-t. expansions: 35, time: 79 [ms], path length: 35 [edges], generated: 58
[00:00:00:01:227] Path of length 35 found: [55, 47, 46, 45, 37, 38, 39, 31, 30, 29, 21, 22, 23, 15, 7, 6, 14, 13, 5, 4, 12, 20, 19, 11, 10, 18, 26, 25, 33, 32, 24, 16, 17, 9, 1, 0]
[00:00:00:01:227] ! Unidirectional t-s. expansions: 589, time: 1,227 [ms], path length: 35 [edges], generated: 977
[00:00:00:01:045] Path of length 35 found: [0, 1, 9, 8, 16, 24, 32, 33, 25, 17, 18, 10, 11, 19, 20, 12, 4, 5, 13, 21, 29, 37, 45, 46, 38, 30, 22, 14, 6, 7, 15, 23, 31, 39, 47, 55]
[00:00:00:01:491] ! Bidirectional. expansions: 278, time: 1,045 [ms], path length: 35 [edges], g_F: 17, g_B: 18, generated: 482, MM: 1, MMPER: 1.7777777777777777%
[00:00:00:01:491] 
---------- SM_Grids/7x8_grid_with_random_blocks_20per_4 ----------
[00:00:00:00:621] Path of length 35 found: [0, 1, 2, 3, 4, 5, 6, 14, 15, 23, 31, 30, 22, 21, 13, 12, 20, 19, 18, 10, 9, 8, 16, 17, 25, 26, 34, 35, 27, 28, 29, 37, 38, 46, 47, 55]
[00:00:00:00:621] ! Unidirectional s-t. expansions: 319, time: 621 [ms], path length: 35 [edges], generated: 527
[00:00:00:00:076] Path of length 35 found: [55, 47, 46, 38, 37, 29, 21, 22, 30, 31, 23, 15, 14, 6, 5, 13, 12, 4, 3, 2, 1, 9, 10, 18, 19, 20, 28, 27, 35, 34, 26, 25, 17, 16, 8, 0]
[00:00:00:00:076] ! Unidirectional t-s. expansions: 35, time: 76 [ms], path length: 35 [edges], generated: 57
[00:00:00:00:455] Path of length 35 found: [0, 8, 16, 17, 25, 26, 34, 35, 27, 28, 20, 19, 18, 10, 9, 1, 2, 3, 4, 12, 13, 5, 6, 14, 15, 23, 31, 30, 22, 21, 29, 37, 38, 46, 47, 55]
[00:00:00:00:917] ! Bidirectional. expansions: 131, time: 455 [ms], path length: 35 [edges], g_F: 18, g_B: 17, generated: 229, MM: 1, MMPER: 1.7777777777777777%
[00:00:00:00:918] 
---------- SM_Grids/7x8_grid_with_random_blocks_20per_5 ----------
[00:00:00:00:629] Path of length 37 found: [0, 1, 9, 17, 25, 26, 18, 10, 2, 3, 4, 5, 6, 7, 15, 23, 31, 30, 22, 14, 13, 12, 20, 28, 27, 35, 34, 42, 41, 49, 50, 51, 43, 44, 45, 46, 47, 55]
[00:00:00:00:630] ! Unidirectional s-t. expansions: 251, time: 629 [ms], path length: 37 [edges], generated: 460
[00:00:00:00:341] Path of length 37 found: [55, 47, 39, 31, 30, 22, 23, 15, 7, 6, 14, 13, 5, 4, 3, 11, 12, 20, 28, 27, 35, 43, 44, 52, 51, 50, 49, 41, 42, 34, 26, 25, 17, 18, 10, 2, 1, 0]
[00:00:00:00:341] ! Unidirectional t-s. expansions: 169, time: 341 [ms], path length: 37 [edges], generated: 274
[00:00:00:01:046] Path of length 37 found: [0, 1, 2, 3, 11, 10, 9, 17, 25, 26, 34, 42, 41, 49, 50, 51, 52, 44, 43, 35, 27, 28, 20, 12, 4, 5, 13, 14, 6, 7, 15, 23, 22, 30, 31, 39, 47, 55]
[00:00:00:01:508] ! Bidirectional. expansions: 253, time: 1,046 [ms], path length: 37 [edges], g_F: 18, g_B: 19, generated: 462, MM: 1, MMPER: 1.6315789473684212%
[00:00:00:01:508] 
---------- SM_Grids/7x8_grid_with_random_blocks_20per_6 ----------
[00:00:00:00:734] Path of length 37 found: [0, 1, 2, 10, 9, 8, 16, 17, 25, 26, 34, 42, 50, 51, 52, 53, 54, 46, 45, 44, 43, 35, 27, 28, 29, 21, 13, 5, 6, 7, 15, 14, 22, 30, 38, 39, 47, 55]
[00:00:00:00:734] ! Unidirectional s-t. expansions: 340, time: 734 [ms], path length: 37 [edges], generated: 542
[00:00:00:01:034] Path of length 37 found: [55, 47, 39, 38, 30, 22, 23, 15, 7, 6, 5, 13, 21, 29, 28, 27, 35, 43, 44, 45, 46, 54, 53, 52, 51, 50, 42, 34, 26, 25, 17, 16, 8, 9, 10, 2, 1, 0]
[00:00:00:01:034] ! Unidirectional t-s. expansions: 489, time: 1,034 [ms], path length: 37 [edges], generated: 753
[00:00:00:01:434] Path of length 37 found: [0, 1, 2, 10, 9, 8, 16, 17, 25, 26, 34, 42, 50, 51, 43, 35, 27, 28, 29, 21, 13, 5, 6, 7, 15, 23, 22, 30, 38, 39, 47, 46, 45, 44, 52, 53, 54, 55]
[00:00:00:01:881] ! Bidirectional. expansions: 384, time: 1,434 [ms], path length: 37 [edges], g_F: 18, g_B: 19, generated: 620, MM: 1, MMPER: 1.6315789473684212%
[00:00:00:01:881] 
---------- SM_Grids/7x8_grid_with_random_blocks_20per_7 ----------
[00:00:00:00:442] Path of length 39 found: [0, 8, 9, 10, 11, 19, 18, 26, 25, 17, 16, 24, 32, 33, 34, 42, 50, 51, 52, 44, 45, 37, 36, 28, 29, 21, 13, 5, 6, 7, 15, 23, 22, 30, 31, 39, 47, 46, 54, 55]
[00:00:00:00:442] ! Unidirectional s-t. expansions: 184, time: 442 [ms], path length: 39 [edges], generated: 320
[00:00:00:00:116] Path of length 39 found: [55, 54, 46, 47, 39, 31, 23, 15, 7, 6, 5, 13, 21, 22, 30, 29, 28, 36, 37, 45, 44, 52, 51, 50, 42, 34, 26, 18, 19, 11, 10, 9, 17, 25, 33, 32, 24, 16, 8, 0]
[00:00:00:00:116] ! Unidirectional t-s. expansions: 53, time: 116 [ms], path length: 39 [edges], generated: 82
[00:00:00:00:672] Path of length 39 found: [0, 8, 9, 10, 11, 19, 18, 26, 25, 17, 16, 24, 32, 33, 34, 42, 50, 51, 52, 44, 45, 37, 36, 28, 29, 30, 22, 21, 13, 5, 6, 7, 15, 23, 31, 39, 47, 46, 54, 55]
[00:00:00:01:203] ! Bidirectional. expansions: 203, time: 672 [ms], path length: 39 [edges], g_F: 19, g_B: 20, generated: 344, MM: 1, MMPER: 1.5%
[00:00:00:01:203] 
---------- SM_Grids/7x8_grid_with_random_blocks_20per_8 ----------
[00:00:00:02:065] Path of length 39 found: [0, 1, 9, 17, 16, 24, 32, 40, 41, 33, 34, 26, 18, 10, 2, 3, 4, 12, 20, 28, 29, 21, 13, 5, 6, 14, 22, 30, 38, 37, 36, 35, 43, 51, 52, 53, 45, 46, 54, 55]
[00:00:00:02:066] ! Unidirectional s-t. expansions: 1,106, time: 2,066 [ms], path length: 39 [edges], generated: 1,795
[00:00:00:01:379] Path of length 39 found: [55, 47, 46, 54, 53, 52, 51, 43, 35, 34, 33, 41, 40, 32, 24, 16, 17, 9, 10, 18, 26, 27, 28, 36, 37, 38, 30, 29, 21, 20, 12, 13, 14, 6, 5, 4, 3, 2, 1, 0]
[00:00:00:01:379] ! Unidirectional t-s. expansions: 542, time: 1,379 [ms], path length: 39 [edges], generated: 969
[00:00:00:02:838] Path of length 39 found: [0, 1, 9, 10, 2, 3, 4, 12, 20, 21, 13, 5, 6, 14, 22, 30, 38, 37, 29, 28, 27, 26, 18, 17, 16, 24, 32, 40, 41, 33, 34, 35, 43, 51, 52, 53, 54, 46, 47, 55]
[00:00:00:03:283] ! Bidirectional. expansions: 712, time: 2,838 [ms], path length: 39 [edges], g_F: 20, g_B: 19, generated: 1,292, MM: 1, MMPER: 1.5%
[00:00:00:03:283] 
---------- SM_Grids/7x8_grid_with_random_blocks_20per_9 ----------
[00:00:00:00:172] Path of length 33 found: [0, 8, 16, 17, 18, 19, 11, 3, 4, 12, 20, 28, 27, 26, 25, 33, 32, 40, 48, 49, 41, 42, 34, 35, 36, 44, 45, 37, 38, 39, 47, 46, 54, 55]
[00:00:00:00:173] ! Unidirectional s-t. expansions: 65, time: 173 [ms], path length: 33 [edges], generated: 113
[00:00:00:01:068] Path of length 33 found: [55, 54, 46, 47, 39, 38, 37, 45, 44, 36, 35, 34, 42, 50, 49, 48, 40, 32, 33, 25, 26, 27, 28, 20, 12, 4, 3, 11, 19, 18, 17, 16, 8, 0]
[00:00:00:01:068] ! Unidirectional t-s. expansions: 425, time: 1,068 [ms], path length: 33 [edges], generated: 818
[00:00:00:01:272] Path of length 33 found: [0, 8, 16, 17, 18, 19, 11, 3, 4, 12, 20, 28, 27, 26, 25, 33, 32, 40, 48, 49, 50, 42, 34, 35, 36, 44, 45, 37, 38, 39, 47, 46, 54, 55]
[00:00:00:01:801] ! Bidirectional. expansions: 294, time: 1,273 [ms], path length: 33 [edges], g_F: 15, g_B: 18, generated: 596, MM: 3, MMPER: 7.8235294117647065%

[00:00:00:01:801] average expansions: (272, 287, 283, 0)
[00:00:00:01:801] average time: (571, 654, 1,095, 0)
[00:00:00:01:801] XA*: 272 , 571 (expansions , time[ms])
[00:00:00:01:801] XMM: 283 , 1,095 (expansions , time[ms])

