------------------------------------
Thu 01 Oct 2026 10:43:38 IDT
SLURM_JOBID:		21942747
SLURM_JOB_NODELIST:	ise-cpu256-08
SLURM_SCRATCH_DIR:	/scratch/shubit/21942747
Allocated Resouces:	cpu - 2 / mem - 61440 MB / gpu - 
SLURM_GPU_INDEX:	
Running as shubit from shimony account with normal QOS
------------------------------------
Thu 01 Oct 2026 10:43:38 IDT

SLURM_JOBID:		 21942747
SLURM_JOB_NODELIST:	 ise-cpu256-08 

--------------------------
date: SM_Grids
number_of_graphs: 10
graph_type: grid
size_of_graphs: [7, 8]
heuristic: bcc_heuristic
snake: False
run_uni: True
run_bi: True
run_multi: False
solution_vertices: []
algorithms: ['A']
lookahead: 4
bsd: False
cube_first_dims: 4
cube_buffer_dim: None
backward_sym_generation: False
sym_coil: False
prefix_set: None

---------- SM_Grids/7x8_grid_with_random_blocks_8per_0 ----------
[00:00:01:47:416] Expansion 10,000: state None, f=49, g=24
[00:00:03:27:017] Expansion 20,000: state None, f=48, g=36
[00:00:04:25:014] Expansion 30,000: state None, f=48, g=36
[00:00:05:33:066] Expansion 40,000: state None, f=48, g=36
[00:00:06:38:524] Expansion 50,000: state None, f=48, g=28
[00:00:07:53:872] Expansion 60,000: state None, f=48, g=28
[00:00:09:05:767] Expansion 70,000: state None, f=48, g=36
[00:00:10:21:505] Expansion 80,000: state None, f=48, g=40
[00:00:11:35:070] Expansion 90,000: state None, f=48, g=20
[00:00:11:55:262] Path of length 47 found: [0, 1, 2, 3, 4, 5, 6, 7, 15, 23, 31, 30, 22, 14, 13, 12, 11, 10, 18, 26, 25, 17, 9, 8, 16, 24, 32, 33, 34, 42, 50, 51, 52, 53, 45, 44, 36, 35, 27, 19, 20, 28, 29, 37, 38, 46, 47, 55]
[00:00:11:55:264] ! Unidirectional s-t. expansions: 91,974, time: 715,264 [ms], path length: 47 [edges], generated: 1,671,033
[00:00:01:50:434] Expansion 10,000: state None, f=48, g=44
[00:00:03:30:193] Expansion 20,000: state None, f=48, g=28
[00:00:05:06:625] Expansion 30,000: state None, f=48, g=40
[00:00:06:30:249] Expansion 40,000: state None, f=48, g=40
[00:00:08:05:379] Expansion 50,000: state None, f=48, g=40
[00:00:09:01:047] Path of length 47 found: [55, 47, 46, 38, 39, 31, 30, 29, 37, 36, 44, 45, 53, 52, 51, 50, 42, 34, 35, 27, 28, 20, 21, 22, 23, 15, 7, 6, 14, 13, 5, 4, 12, 11, 3, 2, 10, 18, 26, 25, 33, 32, 24, 16, 17, 9, 1, 0]
[00:00:09:01:048] ! Unidirectional t-s. expansions: 57,173, time: 541,047 [ms], path length: 47 [edges], generated: 1,115,735
[00:00:03:52:774] Expansions: 50,000. F states: 347,323, B states: 400,986. Checks: 738,961)
[00:00:08:54:422] Expansions: 100,000. F states: 704,102, B states: 803,930. Checks: 1,495,640)
[00:00:12:47:212] Path of length 47 found: [0, 8, 16, 24, 32, 33, 25, 17, 9, 1, 2, 10, 18, 26, 27, 28, 36, 35, 34, 42, 50, 51, 52, 44, 45, 37, 38, 30, 29, 21, 22, 14, 13, 12, 20, 19, 11, 3, 4, 5, 6, 7, 15, 23, 31, 39, 47, 55]
[00:00:12:47:668] ! Bidirectional. expansions: 137,463, time: 767,212 [ms], path length: 47 [edges], g_F: 24, g_B: 23, generated: 0, MM: 1, MMPER: 1.0833333333333335%
[00:00:12:47:668] 
---------- SM_Grids/7x8_grid_with_random_blocks_8per_1 ----------
[00:00:00:32:014] Path of length 49 found: [0, 1, 9, 17, 16, 24, 25, 33, 32, 40, 48, 49, 41, 42, 34, 26, 18, 19, 27, 28, 36, 44, 43, 51, 52, 53, 45, 37, 29, 30, 22, 21, 20, 12, 11, 3, 4, 5, 13, 14, 6, 7, 15, 23, 31, 39, 47, 46, 54, 55]
[00:00:00:32:015] ! Unidirectional s-t. expansions: 3,435, time: 32,014 [ms], path length: 49 [edges], generated: 63,793
[00:00:01:43:435] Expansion 10,000: state None, f=50, g=24
[00:00:02:27:243] Path of length 49 found: [55, 54, 53, 52, 51, 43, 42, 41, 49, 48, 40, 32, 24, 16, 17, 25, 33, 34, 26, 18, 19, 27, 28, 29, 30, 38, 37, 36, 44, 45, 46, 47, 39, 31, 23, 22, 14, 15, 7, 6, 5, 13, 21, 20, 12, 4, 3, 2, 1, 0]
[00:00:02:27:243] ! Unidirectional t-s. expansions: 14,108, time: 147,243 [ms], path length: 49 [edges], generated: 278,921
[00:00:01:04:525] Path of length 49 found: [0, 1, 9, 17, 16, 24, 32, 40, 48, 49, 41, 42, 34, 33, 25, 26, 18, 19, 27, 28, 36, 44, 43, 51, 52, 53, 45, 46, 38, 37, 29, 30, 22, 14, 13, 21, 20, 12, 11, 3, 4, 5, 6, 7, 15, 23, 31, 39, 47, 55]
[00:00:01:04:914] ! Bidirectional. expansions: 11,065, time: 64,525 [ms], path length: 49 [edges], g_F: 25, g_B: 24, generated: 0, MM: 1, MMPER: 1.0%
[00:00:01:04:914] 
---------- SM_Grids/7x8_grid_with_random_blocks_8per_2 ----------
[00:00:01:56:128] Expansion 10,000: state None, f=48, g=32
[00:00:02:09:213] Path of length 47 found: [0, 1, 2, 3, 11, 10, 18, 17, 9, 8, 16, 24, 25, 33, 32, 40, 41, 49, 50, 42, 34, 26, 27, 19, 20, 12, 13, 21, 22, 23, 31, 39, 47, 46, 45, 37, 38, 30, 29, 28, 36, 44, 43, 51, 52, 53, 54, 55]
[00:00:02:09:213] ! Unidirectional s-t. expansions: 11,133, time: 129,213 [ms], path length: 47 [edges], generated: 276,833
[00:00:01:08:861] Expansion 10,000: state None, f=48, g=28
[00:00:02:20:939] Expansion 20,000: state None, f=48, g=40
[00:00:03:33:465] Expansion 30,000: state None, f=48, g=44
[00:00:04:44:625] Expansion 40,000: state None, f=48, g=28
[00:00:05:07:159] Path of length 47 found: [55, 47, 39, 31, 23, 22, 21, 13, 12, 11, 3, 2, 10, 18, 26, 25, 33, 34, 42, 43, 35, 27, 19, 20, 28, 36, 44, 45, 37, 29, 30, 38, 46, 54, 53, 52, 51, 50, 49, 41, 40, 32, 24, 16, 17, 9, 1, 0]
[00:00:05:07:159] ! Unidirectional t-s. expansions: 43,200, time: 307,159 [ms], path length: 47 [edges], generated: 746,157
[00:00:04:33:757] Path of length 47 found: [0, 8, 16, 24, 32, 40, 41, 49, 50, 42, 43, 51, 52, 44, 45, 53, 54, 46, 38, 30, 29, 37, 36, 28, 27, 26, 34, 33, 25, 17, 18, 10, 9, 1, 2, 3, 11, 19, 20, 12, 13, 21, 22, 23, 31, 39, 47, 55]
[00:00:04:34:227] ! Bidirectional. expansions: 35,294, time: 273,757 [ms], path length: 47 [edges], g_F: 24, g_B: 23, generated: 0, MM: 1, MMPER: 1.0833333333333335%
[00:00:04:34:227] 
---------- SM_Grids/7x8_grid_with_random_blocks_8per_3 ----------
[00:00:00:32:256] Path of length 49 found: [0, 8, 16, 24, 32, 33, 41, 40, 48, 49, 50, 51, 43, 42, 34, 26, 18, 17, 9, 1, 2, 10, 11, 3, 4, 5, 6, 7, 15, 23, 31, 39, 38, 37, 29, 21, 22, 14, 13, 12, 20, 28, 27, 35, 36, 44, 45, 46, 47, 55]
[00:00:00:32:257] ! Unidirectional s-t. expansions: 2,276, time: 32,256 [ms], path length: 49 [edges], generated: 53,304
[00:00:01:32:655] Expansion 10,000: state None, f=50, g=28
[00:00:01:58:184] Path of length 49 found: [55, 47, 46, 45, 44, 36, 37, 38, 39, 31, 23, 22, 21, 29, 28, 20, 19, 11, 12, 13, 14, 15, 7, 6, 5, 4, 3, 2, 10, 18, 26, 27, 35, 43, 51, 50, 49, 48, 40, 41, 42, 34, 33, 32, 24, 16, 8, 9, 1, 0]
[00:00:01:58:185] ! Unidirectional t-s. expansions: 13,190, time: 118,185 [ms], path length: 49 [edges], generated: 231,413
[00:00:01:10:059] Path of length 49 found: [0, 8, 16, 24, 32, 40, 48, 49, 41, 33, 34, 42, 50, 51, 43, 35, 27, 26, 18, 17, 9, 1, 2, 10, 11, 19, 20, 28, 36, 44, 45, 46, 38, 37, 29, 21, 22, 14, 13, 12, 4, 5, 6, 7, 15, 23, 31, 39, 47, 55]
[00:00:01:10:449] ! Bidirectional. expansions: 10,862, time: 70,059 [ms], path length: 49 [edges], g_F: 25, g_B: 24, generated: 0, MM: 1, MMPER: 1.0%
[00:00:01:10:449] 
---------- SM_Grids/7x8_grid_with_random_blocks_8per_4 ----------
[00:00:01:07:379] Path of length 49 found: [0, 1, 2, 10, 11, 19, 20, 28, 36, 44, 43, 42, 41, 33, 34, 35, 27, 26, 25, 17, 9, 8, 16, 24, 32, 40, 48, 49, 50, 51, 52, 53, 54, 46, 45, 37, 29, 21, 13, 5, 6, 7, 15, 14, 22, 30, 31, 39, 47, 55]
[00:00:01:07:380] ! Unidirectional s-t. expansions: 7,120, time: 67,379 [ms], path length: 49 [edges], generated: 145,297
[00:00:00:17:341] Path of length 49 found: [55, 54, 46, 47, 39, 31, 23, 15, 7, 6, 5, 13, 14, 22, 30, 29, 21, 20, 28, 36, 37, 45, 53, 52, 44, 43, 51, 50, 49, 48, 40, 32, 24, 16, 8, 9, 17, 25, 33, 41, 42, 34, 26, 27, 19, 11, 10, 2, 1, 0]
[00:00:00:17:342] ! Unidirectional t-s. expansions: 1,460, time: 17,342 [ms], path length: 49 [edges], generated: 26,071
[00:00:00:29:881] Path of length 49 found: [0, 8, 16, 24, 32, 40, 48, 49, 41, 33, 25, 17, 9, 1, 2, 10, 11, 19, 27, 26, 34, 35, 43, 42, 50, 51, 52, 53, 54, 46, 45, 37, 36, 28, 20, 21, 29, 30, 22, 14, 13, 5, 6, 7, 15, 23, 31, 39, 47, 55]
[00:00:00:30:351] ! Bidirectional. expansions: 4,415, time: 29,881 [ms], path length: 49 [edges], g_F: 25, g_B: 24, generated: 0, MM: 1, MMPER: 1.0%
[00:00:00:30:352] 
---------- SM_Grids/7x8_grid_with_random_blocks_8per_5 ----------
[00:00:00:31:078] Path of length 49 found: [0, 8, 16, 24, 32, 40, 48, 49, 41, 33, 34, 26, 25, 17, 18, 10, 9, 1, 2, 3, 4, 12, 11, 19, 27, 28, 36, 37, 45, 44, 43, 51, 52, 53, 54, 46, 38, 30, 22, 21, 13, 14, 6, 7, 15, 23, 31, 39, 47, 55]
[00:00:00:31:078] ! Unidirectional s-t. expansions: 2,298, time: 31,078 [ms], path length: 49 [edges], generated: 47,436
[00:00:00:20:053] Path of length 49 found: [55, 54, 46, 47, 39, 38, 30, 31, 23, 22, 21, 13, 14, 15, 7, 6, 5, 4, 12, 11, 3, 2, 1, 9, 10, 18, 19, 27, 28, 36, 37, 45, 53, 52, 44, 43, 51, 50, 49, 48, 40, 32, 33, 34, 26, 25, 17, 16, 8, 0]
[00:00:00:20:054] ! Unidirectional t-s. expansions: 1,826, time: 20,054 [ms], path length: 49 [edges], generated: 32,656
[00:00:01:18:647] Path of length 49 found: [0, 1, 9, 8, 16, 17, 25, 24, 32, 40, 48, 49, 41, 33, 34, 26, 18, 10, 2, 3, 4, 5, 6, 14, 15, 23, 22, 21, 13, 12, 11, 19, 27, 28, 36, 44, 43, 51, 52, 53, 54, 46, 45, 37, 38, 30, 31, 39, 47, 55]
[00:00:01:19:152] ! Bidirectional. expansions: 7,541, time: 78,647 [ms], path length: 49 [edges], g_F: 25, g_B: 24, generated: 0, MM: 1, MMPER: 1.0%
[00:00:01:19:152] 
---------- SM_Grids/7x8_grid_with_random_blocks_8per_6 ----------
[00:00:01:40:517] Path of length 49 found: [0, 1, 2, 10, 11, 12, 20, 21, 22, 14, 6, 7, 15, 23, 31, 39, 47, 46, 38, 30, 29, 28, 27, 19, 18, 26, 34, 42, 41, 33, 25, 17, 9, 8, 16, 24, 32, 40, 48, 49, 50, 51, 43, 35, 36, 44, 45, 53, 54, 55]
[00:00:01:40:518] ! Unidirectional s-t. expansions: 7,944, time: 100,517 [ms], path length: 49 [edges], generated: 200,003
[00:00:00:40:209] Path of length 49 found: [55, 54, 53, 45, 46, 47, 39, 38, 37, 36, 44, 43, 51, 50, 49, 48, 40, 41, 42, 34, 35, 27, 28, 29, 30, 31, 23, 15, 7, 6, 14, 22, 21, 20, 12, 11, 19, 18, 26, 25, 33, 32, 24, 16, 17, 9, 10, 2, 1, 0]
[00:00:00:40:209] ! Unidirectional t-s. expansions: 3,158, time: 40,209 [ms], path length: 49 [edges], generated: 68,048
[00:00:01:25:878] Path of length 49 found: [0, 8, 16, 24, 32, 40, 48, 49, 41, 33, 25, 17, 9, 1, 2, 10, 18, 26, 34, 42, 50, 51, 43, 35, 36, 37, 45, 53, 54, 46, 38, 30, 29, 28, 27, 19, 11, 12, 20, 21, 22, 14, 6, 7, 15, 23, 31, 39, 47, 55]
[00:00:01:26:395] ! Bidirectional. expansions: 13,575, time: 85,878 [ms], path length: 49 [edges], g_F: 25, g_B: 24, generated: 0, MM: 1, MMPER: 1.0%
[00:00:01:26:396] 
---------- SM_Grids/7x8_grid_with_random_blocks_8per_7 ----------
[00:00:00:00:207] Path of length 51 found: [0, 1, 9, 17, 16, 24, 32, 40, 48, 49, 41, 33, 25, 26, 18, 10, 2, 3, 11, 19, 20, 12, 4, 5, 13, 21, 29, 28, 36, 35, 34, 42, 43, 51, 52, 53, 45, 37, 38, 30, 22, 14, 6, 7, 15, 23, 31, 39, 47, 46, 54, 55]
[00:00:00:00:207] ! Unidirectional s-t. expansions: 13, time: 207 [ms], path length: 51 [edges], generated: 274
[00:00:00:00:296] Path of length 51 found: [55, 47, 39, 31, 23, 15, 7, 6, 5, 4, 3, 2, 10, 18, 26, 25, 33, 34, 35, 36, 28, 20, 19, 11, 12, 13, 14, 22, 21, 29, 30, 38, 37, 45, 46, 54, 53, 52, 51, 43, 42, 41, 49, 48, 40, 32, 24, 16, 17, 9, 1, 0]
[00:00:00:00:297] ! Unidirectional t-s. expansions: 13, time: 296 [ms], path length: 51 [edges], generated: 327
[00:00:00:00:144] Path of length 51 found: [0, 1, 9, 17, 16, 24, 32, 40, 48, 49, 41, 33, 25, 26, 18, 19, 20, 28, 36, 35, 34, 42, 43, 51, 52, 53, 54, 46, 45, 37, 38, 30, 29, 21, 22, 14, 13, 12, 11, 10, 2, 3, 4, 5, 6, 7, 15, 23, 31, 39, 47, 55]
[00:00:00:00:606] ! Bidirectional. expansions: 16, time: 144 [ms], path length: 51 [edges], g_F: 26, g_B: 25, generated: 0, MM: 1, MMPER: 0.9230769230769231%
[00:00:00:00:607] 
---------- SM_Grids/7x8_grid_with_random_blocks_8per_8 ----------
[00:00:00:00:386] Path of length 51 found: [0, 8, 16, 24, 32, 40, 48, 49, 41, 33, 25, 17, 9, 1, 2, 10, 18, 26, 27, 35, 34, 42, 43, 51, 52, 44, 45, 53, 54, 46, 38, 37, 29, 30, 22, 14, 13, 12, 20, 19, 11, 3, 4, 5, 6, 7, 15, 23, 31, 39, 47, 55]
[00:00:00:00:386] ! Unidirectional s-t. expansions: 14, time: 386 [ms], path length: 51 [edges], generated: 317
[00:00:00:00:239] Path of length 51 found: [55, 47, 39, 31, 23, 15, 7, 6, 5, 4, 3, 2, 1, 9, 17, 25, 33, 34, 35, 27, 26, 18, 10, 11, 19, 20, 12, 13, 14, 22, 30, 29, 37, 38, 46, 54, 53, 45, 44, 52, 51, 43, 42, 41, 49, 48, 40, 32, 24, 16, 8, 0]
[00:00:00:00:239] ! Unidirectional t-s. expansions: 14, time: 239 [ms], path length: 51 [edges], generated: 266
[00:00:00:00:176] Path of length 51 found: [0, 8, 16, 24, 32, 40, 48, 49, 41, 33, 25, 17, 18, 26, 27, 35, 34, 42, 43, 51, 52, 44, 45, 53, 54, 46, 38, 37, 29, 30, 22, 14, 13, 12, 20, 19, 11, 10, 9, 1, 2, 3, 4, 5, 6, 7, 15, 23, 31, 39, 47, 55]
[00:00:00:00:638] ! Bidirectional. expansions: 17, time: 176 [ms], path length: 51 [edges], g_F: 26, g_B: 25, generated: 0, MM: 1, MMPER: 0.9230769230769231%
[00:00:00:00:639] 
---------- SM_Grids/7x8_grid_with_random_blocks_8per_9 ----------
[00:00:01:22:810] Expansion 10,000: state None, f=50, g=20
[00:00:02:48:377] Expansion 20,000: state None, f=50, g=36
[00:00:03:55:911] Path of length 49 found: [0, 1, 9, 8, 16, 17, 18, 10, 11, 3, 4, 12, 20, 19, 27, 26, 34, 33, 25, 24, 32, 40, 41, 49, 50, 42, 43, 51, 52, 44, 45, 37, 36, 28, 29, 30, 22, 14, 13, 5, 6, 7, 15, 23, 31, 39, 47, 46, 54, 55]
[00:00:03:55:912] ! Unidirectional s-t. expansions: 28,091, time: 235,911 [ms], path length: 49 [edges], generated: 483,519
[00:00:01:27:917] Expansion 10,000: state None, f=50, g=32
[00:00:02:51:605] Expansion 20,000: state None, f=50, g=44
[00:00:03:39:550] Path of length 49 found: [55, 54, 46, 47, 39, 38, 30, 31, 23, 22, 14, 15, 7, 6, 5, 13, 12, 4, 3, 11, 10, 18, 19, 27, 35, 36, 28, 29, 37, 45, 44, 52, 51, 43, 42, 50, 49, 41, 40, 32, 33, 34, 26, 25, 24, 16, 8, 9, 1, 0]
[00:00:03:39:551] ! Unidirectional t-s. expansions: 25,469, time: 219,551 [ms], path length: 49 [edges], generated: 444,229
[00:00:01:21:019] Path of length 49 found: [0, 1, 9, 8, 16, 17, 18, 10, 11, 3, 4, 12, 13, 5, 6, 7, 15, 14, 22, 23, 31, 30, 29, 28, 20, 19, 27, 26, 34, 33, 25, 24, 32, 40, 41, 49, 50, 42, 43, 51, 52, 44, 45, 37, 38, 39, 47, 46, 54, 55]
[00:00:01:21:508] ! Bidirectional. expansions: 8,536, time: 81,019 [ms], path length: 49 [edges], g_F: 25, g_B: 24, generated: 0, MM: 1, MMPER: 1.0%

[00:00:01:21:509] average expansions: (15,430, 15,961, 22,878, 0)
[00:00:01:21:509] average time: (134,422, 141,132, 145,130, 0)
[00:00:01:21:509] XA*: 15,430 , 134,422 (expansions , time[ms])
[00:00:01:21:509] BiXA*: 22,878 , 145,130 (expansions , time[ms])

