------------------------------------
Thu 01 Oct 2026 13:59:46 IDT
SLURM_JOBID:		21947781
SLURM_JOB_NODELIST:	ise-cpu256-03
SLURM_SCRATCH_DIR:	/scratch/shubit/21947781
Allocated Resouces:	cpu - 2 / mem - 61440 MB / gpu - 
SLURM_GPU_INDEX:	
Running as shubit from shimony account with normal QOS
------------------------------------
Thu 01 Oct 2026 13:59:47 IDT

SLURM_JOBID:		 21947781
SLURM_JOB_NODELIST:	 ise-cpu256-03 

--------------------------
date: SM_Grids
number_of_graphs: 10
graph_type: grid
size_of_graphs: [7, 8]
heuristic: bcc_heuristic
snake: False
run_uni: True
run_bi: True
run_multi: False
solution_vertices: []
algorithms: ['DFBnB']
lookahead: -2
bsd: False
cube_first_dims: 4
cube_buffer_dim: None
backward_sym_generation: False
sym_coil: False
prefix_set: None

---------- SM_Grids/7x8_grid_with_random_blocks_20per_0 ----------
[00:00:00:00:115] Path of length 29 found: [0, 1, 9, 8, 16, 17, 25, 26, 18, 19, 11, 3, 4, 12, 20, 21, 13, 5, 6, 7, 15, 14, 22, 30, 38, 37, 45, 46, 47, 55]
[00:00:00:00:115] ! Unidirectional s-t. expansions: 67, time: 115 [ms], path length: 29 [edges], generated: 118
[00:00:00:00:086] Path of length 29 found: [55, 47, 46, 45, 37, 38, 30, 22, 23, 15, 7, 6, 14, 13, 5, 4, 3, 11, 12, 20, 19, 18, 26, 25, 17, 16, 8, 9, 1, 0]
[00:00:00:00:086] ! Unidirectional t-s. expansions: 53, time: 86 [ms], path length: 29 [edges], generated: 85
[00:00:00:00:139] Path of length 29 found: [0, 1, 9, 8, 16, 17, 25, 26, 18, 19, 11, 3, 4, 12, 20, 21, 13, 5, 6, 7, 15, 14, 22, 30, 38, 37, 45, 46, 47, 55]
[00:00:00:00:637] ! Bidirectional. expansions: 74, time: 139 [ms], path length: 29 [edges], g_F: 27, g_B: 2, generated: 0, MM: 25, MMPER: 82.33333333333333%
[00:00:00:00:637] 
---------- SM_Grids/7x8_grid_with_random_blocks_20per_1 ----------
[00:00:00:00:588] Path of length 39 found: [0, 8, 16, 24, 32, 40, 41, 42, 34, 26, 18, 17, 9, 10, 2, 3, 11, 12, 4, 5, 13, 14, 22, 21, 20, 28, 27, 35, 43, 44, 36, 37, 29, 30, 31, 39, 38, 46, 54, 55]
[00:00:00:00:588] ! Unidirectional s-t. expansions: 329, time: 588 [ms], path length: 39 [edges], generated: 578
[00:00:00:00:993] Path of length 39 found: [55, 54, 46, 38, 39, 31, 30, 22, 14, 13, 5, 4, 3, 2, 10, 11, 12, 20, 21, 29, 28, 27, 26, 34, 35, 36, 37, 45, 44, 43, 42, 41, 40, 32, 24, 16, 17, 9, 8, 0]
[00:00:00:00:994] ! Unidirectional t-s. expansions: 515, time: 993 [ms], path length: 39 [edges], generated: 897
[00:00:00:00:872] Path of length 39 found: [0, 8, 16, 24, 32, 40, 41, 42, 34, 26, 18, 17, 9, 10, 2, 3, 11, 12, 4, 5, 13, 14, 22, 21, 20, 28, 27, 35, 43, 44, 36, 37, 29, 30, 31, 39, 38, 46, 54, 55]
[00:00:00:01:316] ! Bidirectional. expansions: 490, time: 873 [ms], path length: 39 [edges], g_F: 36, g_B: 3, generated: 0, MM: 33, MMPER: 81.5%
[00:00:00:01:316] 
---------- SM_Grids/7x8_grid_with_random_blocks_20per_2 ----------
[00:00:00:00:061] Path of length 31 found: [0, 1, 9, 17, 16, 24, 32, 40, 48, 49, 41, 33, 25, 26, 18, 10, 2, 3, 11, 19, 27, 28, 36, 35, 34, 42, 43, 44, 45, 53, 54, 55]
[00:00:00:00:062] ! Unidirectional s-t. expansions: 31, time: 61 [ms], path length: 31 [edges], generated: 47
[00:00:00:00:049] Path of length 31 found: [55, 54, 53, 45, 44, 36, 28, 27, 19, 11, 3, 2, 10, 18, 26, 25, 33, 34, 35, 43, 42, 41, 49, 48, 40, 32, 24, 16, 17, 9, 1, 0]
[00:00:00:00:049] ! Unidirectional t-s. expansions: 31, time: 49 [ms], path length: 31 [edges], generated: 48
[00:00:00:00:070] Path of length 31 found: [0, 1, 9, 17, 16, 24, 32, 40, 48, 49, 41, 42, 43, 35, 34, 33, 25, 26, 18, 10, 2, 3, 11, 19, 27, 28, 36, 44, 45, 53, 54, 55]
[00:00:00:00:608] ! Bidirectional. expansions: 39, time: 70 [ms], path length: 31 [edges], g_F: 24, g_B: 7, generated: 0, MM: 17, MMPER: 52.125%
[00:00:00:00:608] 
---------- SM_Grids/7x8_grid_with_random_blocks_20per_3 ----------
[00:00:00:00:061] Path of length 35 found: [0, 1, 9, 8, 16, 24, 32, 33, 25, 17, 18, 10, 11, 19, 20, 12, 4, 5, 13, 21, 29, 37, 45, 46, 38, 30, 22, 14, 6, 7, 15, 23, 31, 39, 47, 55]
[00:00:00:00:061] ! Unidirectional s-t. expansions: 35, time: 61 [ms], path length: 35 [edges], generated: 58
[00:00:00:00:932] Path of length 35 found: [55, 47, 39, 31, 23, 15, 7, 6, 5, 4, 12, 13, 14, 22, 30, 38, 46, 45, 37, 29, 21, 20, 19, 11, 10, 9, 17, 18, 26, 25, 33, 32, 24, 16, 8, 0]
[00:00:00:00:932] ! Unidirectional t-s. expansions: 597, time: 932 [ms], path length: 35 [edges], generated: 989
[00:00:00:00:180] Path of length 35 found: [0, 1, 9, 8, 16, 24, 32, 33, 25, 17, 18, 10, 11, 19, 20, 21, 29, 37, 45, 46, 38, 30, 22, 14, 13, 12, 4, 5, 6, 7, 15, 23, 31, 39, 47, 55]
[00:00:00:00:622] ! Bidirectional. expansions: 86, time: 180 [ms], path length: 35 [edges], g_F: 25, g_B: 10, generated: 0, MM: 15, MMPER: 40.666666666666664%
[00:00:00:00:622] 
---------- SM_Grids/7x8_grid_with_random_blocks_20per_4 ----------
[00:00:00:00:463] Path of length 35 found: [0, 8, 16, 17, 25, 26, 34, 35, 27, 19, 18, 10, 9, 1, 2, 3, 4, 12, 20, 28, 29, 37, 38, 30, 22, 21, 13, 5, 6, 14, 15, 23, 31, 39, 47, 55]
[00:00:00:00:463] ! Unidirectional s-t. expansions: 329, time: 463 [ms], path length: 35 [edges], generated: 541
[00:00:00:00:060] Path of length 35 found: [55, 47, 46, 38, 37, 29, 21, 22, 30, 31, 23, 15, 14, 6, 5, 13, 12, 4, 3, 2, 1, 9, 10, 18, 19, 20, 28, 27, 35, 34, 26, 25, 17, 16, 8, 0]
[00:00:00:00:060] ! Unidirectional t-s. expansions: 35, time: 60 [ms], path length: 35 [edges], generated: 57
[00:00:00:00:366] Path of length 35 found: [0, 8, 16, 17, 25, 26, 34, 35, 27, 19, 18, 10, 9, 1, 2, 3, 4, 12, 20, 28, 29, 21, 13, 5, 6, 14, 15, 23, 22, 30, 31, 39, 38, 46, 47, 55]
[00:00:00:00:887] ! Bidirectional. expansions: 222, time: 366 [ms], path length: 35 [edges], g_F: 32, g_B: 3, generated: 0, MM: 29, MMPER: 79.55555555555556%
[00:00:00:00:888] 
---------- SM_Grids/7x8_grid_with_random_blocks_20per_5 ----------
[00:00:00:00:617] Path of length 37 found: [0, 1, 9, 17, 25, 26, 18, 10, 2, 3, 4, 5, 6, 7, 15, 23, 31, 30, 22, 14, 13, 12, 20, 28, 27, 35, 34, 42, 41, 49, 50, 51, 43, 44, 45, 46, 47, 55]
[00:00:00:00:617] ! Unidirectional s-t. expansions: 327, time: 617 [ms], path length: 37 [edges], generated: 576
[00:00:00:00:277] Path of length 37 found: [55, 47, 46, 45, 44, 52, 51, 50, 49, 41, 42, 43, 35, 34, 26, 27, 28, 20, 12, 13, 14, 22, 30, 31, 23, 15, 7, 6, 5, 4, 3, 11, 10, 18, 17, 9, 1, 0]
[00:00:00:00:277] ! Unidirectional t-s. expansions: 171, time: 277 [ms], path length: 37 [edges], generated: 278
[00:00:00:00:410] Path of length 37 found: [0, 1, 9, 17, 18, 10, 2, 3, 4, 5, 6, 7, 15, 23, 31, 30, 22, 14, 13, 12, 20, 28, 27, 26, 34, 35, 43, 42, 41, 49, 50, 51, 52, 44, 45, 46, 47, 55]
[00:00:00:00:838] ! Bidirectional. expansions: 200, time: 410 [ms], path length: 37 [edges], g_F: 23, g_B: 14, generated: 0, MM: 9, MMPER: 22.68421052631579%
[00:00:00:00:839] 
---------- SM_Grids/7x8_grid_with_random_blocks_20per_6 ----------
[00:00:00:00:540] Path of length 37 found: [0, 8, 16, 17, 9, 1, 2, 10, 18, 26, 34, 42, 50, 51, 43, 35, 27, 28, 29, 21, 13, 5, 6, 7, 15, 14, 22, 30, 38, 39, 47, 46, 45, 44, 52, 53, 54, 55]
[00:00:00:00:541] ! Unidirectional s-t. expansions: 346, time: 541 [ms], path length: 37 [edges], generated: 552
[00:00:00:00:779] Path of length 37 found: [55, 47, 39, 38, 30, 22, 23, 15, 7, 6, 5, 13, 21, 29, 28, 27, 35, 43, 44, 45, 46, 54, 53, 52, 51, 50, 42, 34, 26, 25, 17, 16, 8, 9, 10, 2, 1, 0]
[00:00:00:00:779] ! Unidirectional t-s. expansions: 489, time: 779 [ms], path length: 37 [edges], generated: 753
[00:00:00:01:265] Path of length 37 found: [0, 8, 16, 17, 9, 1, 2, 10, 18, 26, 34, 42, 50, 51, 52, 53, 54, 46, 45, 44, 43, 35, 27, 28, 29, 21, 13, 5, 6, 7, 15, 14, 22, 30, 38, 39, 47, 55]
[00:00:00:01:695] ! Bidirectional. expansions: 715, time: 1,265 [ms], path length: 37 [edges], g_F: 32, g_B: 5, generated: 0, MM: 27, MMPER: 70.05263157894737%
[00:00:00:01:695] 
---------- SM_Grids/7x8_grid_with_random_blocks_20per_7 ----------
[00:00:00:00:387] Path of length 39 found: [0, 8, 16, 24, 32, 33, 25, 17, 9, 10, 11, 19, 18, 26, 34, 42, 50, 51, 52, 44, 45, 37, 36, 28, 29, 21, 13, 5, 6, 7, 15, 23, 22, 30, 31, 39, 47, 46, 54, 55]
[00:00:00:00:388] ! Unidirectional s-t. expansions: 240, time: 388 [ms], path length: 39 [edges], generated: 398
[00:00:00:00:093] Path of length 39 found: [55, 54, 46, 47, 39, 31, 23, 15, 7, 6, 5, 13, 21, 22, 30, 29, 28, 36, 37, 45, 44, 52, 51, 50, 42, 34, 26, 18, 19, 11, 10, 9, 17, 25, 33, 32, 24, 16, 8, 0]
[00:00:00:00:094] ! Unidirectional t-s. expansions: 53, time: 93 [ms], path length: 39 [edges], generated: 82
[00:00:00:00:555] Path of length 39 found: [0, 8, 16, 24, 32, 33, 25, 17, 9, 10, 11, 19, 18, 26, 34, 42, 50, 51, 52, 44, 45, 37, 36, 28, 29, 30, 22, 21, 13, 5, 6, 7, 15, 23, 31, 39, 47, 46, 54, 55]
[00:00:00:00:986] ! Bidirectional. expansions: 305, time: 555 [ms], path length: 39 [edges], g_F: 22, g_B: 17, generated: 0, MM: 5, MMPER: 11.5%
[00:00:00:00:986] 
---------- SM_Grids/7x8_grid_with_random_blocks_20per_8 ----------
[00:00:00:02:109] Path of length 39 found: [0, 1, 9, 17, 16, 24, 32, 40, 41, 33, 34, 26, 18, 10, 2, 3, 4, 12, 20, 28, 27, 35, 43, 51, 52, 53, 45, 37, 29, 21, 13, 5, 6, 14, 22, 30, 38, 46, 54, 55]
[00:00:00:02:109] ! Unidirectional s-t. expansions: 1,633, time: 2,109 [ms], path length: 39 [edges], generated: 2,568
[00:00:00:01:162] Path of length 39 found: [55, 47, 46, 54, 53, 52, 51, 43, 35, 27, 28, 36, 37, 38, 30, 29, 21, 20, 12, 13, 14, 6, 5, 4, 3, 2, 10, 18, 26, 34, 33, 41, 40, 32, 24, 16, 17, 9, 1, 0]
[00:00:00:01:163] ! Unidirectional t-s. expansions: 554, time: 1,162 [ms], path length: 39 [edges], generated: 986
[00:00:00:02:825] Path of length 39 found: [0, 1, 9, 17, 16, 24, 32, 40, 41, 33, 34, 26, 18, 10, 2, 3, 4, 12, 20, 28, 27, 35, 43, 51, 52, 53, 45, 37, 29, 21, 13, 5, 6, 14, 22, 30, 38, 46, 47, 55]
[00:00:00:03:327] ! Bidirectional. expansions: 1,937, time: 2,825 [ms], path length: 39 [edges], g_F: 37, g_B: 2, generated: 0, MM: 35, MMPER: 86.5%
[00:00:00:03:327] 
---------- SM_Grids/7x8_grid_with_random_blocks_20per_9 ----------
[00:00:00:00:156] Path of length 33 found: [0, 8, 16, 17, 25, 33, 32, 40, 48, 49, 41, 42, 34, 26, 18, 19, 11, 3, 4, 12, 20, 28, 27, 35, 36, 44, 45, 37, 38, 39, 47, 46, 54, 55]
[00:00:00:00:156] ! Unidirectional s-t. expansions: 75, time: 156 [ms], path length: 33 [edges], generated: 132
[00:00:00:00:839] Path of length 33 found: [55, 54, 46, 47, 39, 38, 37, 45, 44, 36, 28, 20, 12, 4, 3, 11, 19, 18, 26, 27, 35, 34, 42, 50, 49, 48, 40, 32, 33, 25, 17, 16, 8, 0]
[00:00:00:00:839] ! Unidirectional t-s. expansions: 425, time: 839 [ms], path length: 33 [edges], generated: 819
[00:00:00:00:173] Path of length 33 found: [0, 8, 16, 17, 25, 33, 32, 40, 48, 49, 41, 42, 34, 26, 18, 19, 11, 3, 4, 12, 20, 28, 27, 35, 36, 44, 45, 37, 38, 39, 47, 46, 54, 55]
[00:00:00:00:614] ! Bidirectional. expansions: 80, time: 173 [ms], path length: 33 [edges], g_F: 31, g_B: 2, generated: 0, MM: 29, MMPER: 84.29411764705883%

[00:00:00:00:614] average expansions: (341, 292, 415, 0)
[00:00:00:00:614] average time: (510, 527, 686, 0)
[00:00:00:00:614] XDFBnB: 292 , 510 (expansions , time[ms])
[00:00:00:00:614] BiXDFBnB: 415 , 686 (expansions , time[ms])

