------------------------------------
Thu 01 Oct 2026 12:15:11 IDT
SLURM_JOBID:		21944127
SLURM_JOB_NODELIST:	ise-cpu256-15
SLURM_SCRATCH_DIR:	/scratch/shubit/21944127
Allocated Resouces:	cpu - 2 / mem - 61440 MB / gpu - 
SLURM_GPU_INDEX:	
Running as shubit from shimony account with normal QOS
------------------------------------
Thu 01 Oct 2026 12:15:11 IDT

SLURM_JOBID:		 21944127
SLURM_JOB_NODELIST:	 ise-cpu256-15 

--------------------------
date: SM_Grids
number_of_graphs: 10
graph_type: grid
size_of_graphs: [7, 8]
heuristic: bcc_heuristic
snake: False
run_uni: True
run_bi: True
run_multi: False
solution_vertices: []
algorithms: ['IDA']
lookahead: 2
bsd: False
cube_first_dims: 4
cube_buffer_dim: None
backward_sym_generation: False
sym_coil: False
prefix_set: None

---------- SM_Grids/7x8_grid_with_random_blocks_20per_0 ----------
[00:00:00:00:207] Path of length 29 found: [0, 1, 9, 8, 16, 17, 25, 26, 18, 19, 11, 3, 4, 12, 20, 21, 13, 5, 6, 7, 15, 14, 22, 30, 38, 37, 45, 46, 47, 55]
[00:00:00:00:207] ! Unidirectional s-t. expansions: 66, time: 207 [ms], path length: 29 [edges], generated: 325
[00:00:00:00:058] Path of length 29 found: [55, 47, 46, 45, 37, 38, 30, 22, 23, 15, 7, 6, 14, 13, 5, 4, 3, 11, 12, 20, 19, 18, 26, 25, 17, 16, 8, 9, 1, 0]
[00:00:00:00:058] ! Unidirectional t-s. expansions: 23, time: 58 [ms], path length: 29 [edges], generated: 83
[00:00:00:00:169] Path of length 29 found: [0, 1, 9, 8, 16, 17, 25, 26, 18, 19, 11, 3, 4, 12, 20, 21, 13, 14, 6, 7, 15, 23, 22, 30, 38, 37, 45, 46, 47, 55]
[00:00:00:00:596] ! Bidirectional. expansions: 65, time: 169 [ms], path length: 29 [edges], g_F: 15, g_B: 14, generated: 0, MM: 1, MMPER: 2.3333333333333335%
[00:00:00:00:597] 
---------- SM_Grids/7x8_grid_with_random_blocks_20per_1 ----------
[00:00:00:00:478] Path of length 39 found: [0, 8, 16, 24, 32, 40, 41, 42, 34, 26, 18, 17, 9, 10, 2, 3, 11, 12, 4, 5, 13, 14, 22, 21, 20, 28, 27, 35, 43, 44, 36, 37, 29, 30, 31, 39, 38, 46, 54, 55]
[00:00:00:00:478] ! Unidirectional s-t. expansions: 170, time: 478 [ms], path length: 39 [edges], generated: 731
[00:00:00:00:898] Path of length 39 found: [55, 54, 46, 38, 39, 31, 30, 22, 14, 13, 5, 4, 3, 2, 10, 11, 12, 20, 21, 29, 28, 27, 26, 34, 35, 36, 37, 45, 44, 43, 42, 41, 40, 32, 24, 16, 17, 9, 8, 0]
[00:00:00:00:898] ! Unidirectional t-s. expansions: 286, time: 898 [ms], path length: 39 [edges], generated: 1,416
[00:00:00:00:750] Path of length 39 found: [0, 8, 9, 17, 16, 24, 32, 40, 41, 42, 43, 44, 45, 37, 29, 21, 20, 28, 36, 35, 34, 26, 18, 10, 2, 3, 11, 12, 4, 5, 13, 14, 22, 30, 31, 39, 38, 46, 54, 55]
[00:00:00:01:154] ! Bidirectional. expansions: 360, time: 750 [ms], path length: 39 [edges], g_F: 20, g_B: 19, generated: 0, MM: 1, MMPER: 1.5%
[00:00:00:01:154] 
---------- SM_Grids/7x8_grid_with_random_blocks_20per_2 ----------
[00:00:00:00:051] Path of length 31 found: [0, 1, 9, 17, 16, 24, 32, 40, 48, 49, 41, 33, 25, 26, 18, 10, 2, 3, 11, 19, 27, 28, 36, 35, 34, 42, 43, 44, 45, 53, 54, 55]
[00:00:00:00:052] ! Unidirectional s-t. expansions: 15, time: 52 [ms], path length: 31 [edges], generated: 61
[00:00:00:00:047] Path of length 31 found: [55, 54, 53, 45, 44, 36, 28, 27, 19, 11, 3, 2, 10, 18, 26, 25, 33, 34, 35, 43, 42, 41, 49, 48, 40, 32, 24, 16, 17, 9, 1, 0]
[00:00:00:00:047] ! Unidirectional t-s. expansions: 15, time: 47 [ms], path length: 31 [edges], generated: 63
[00:00:00:00:033] Path of length 31 found: [0, 1, 9, 17, 16, 24, 32, 40, 48, 49, 41, 42, 43, 35, 34, 33, 25, 26, 18, 10, 2, 3, 11, 19, 27, 28, 36, 44, 45, 53, 54, 55]
[00:00:00:00:436] ! Bidirectional. expansions: 15, time: 33 [ms], path length: 31 [edges], g_F: 16, g_B: 15, generated: 0, MM: 1, MMPER: 2.125%
[00:00:00:00:436] 
---------- SM_Grids/7x8_grid_with_random_blocks_20per_3 ----------
[00:00:00:00:088] Path of length 35 found: [0, 1, 9, 8, 16, 24, 32, 33, 25, 17, 18, 10, 11, 19, 20, 12, 4, 5, 13, 21, 29, 37, 45, 46, 38, 30, 22, 14, 6, 7, 15, 23, 31, 39, 47, 55]
[00:00:00:00:088] ! Unidirectional s-t. expansions: 22, time: 88 [ms], path length: 35 [edges], generated: 112
[00:00:00:00:838] Path of length 35 found: [55, 47, 39, 31, 23, 15, 7, 6, 5, 4, 12, 13, 14, 22, 30, 38, 46, 45, 37, 29, 21, 20, 19, 11, 10, 18, 26, 25, 33, 32, 24, 16, 17, 9, 1, 0]
[00:00:00:00:838] ! Unidirectional t-s. expansions: 296, time: 838 [ms], path length: 35 [edges], generated: 1,344
[00:00:00:00:180] Path of length 35 found: [0, 1, 9, 8, 16, 24, 32, 33, 25, 17, 18, 10, 11, 19, 20, 21, 29, 37, 45, 46, 38, 30, 22, 14, 13, 12, 4, 5, 6, 7, 15, 23, 31, 39, 47, 55]
[00:00:00:00:575] ! Bidirectional. expansions: 60, time: 180 [ms], path length: 35 [edges], g_F: 18, g_B: 17, generated: 0, MM: 1, MMPER: 1.7777777777777777%
[00:00:00:00:575] 
---------- SM_Grids/7x8_grid_with_random_blocks_20per_4 ----------
[00:00:00:00:477] Path of length 35 found: [0, 8, 16, 17, 25, 26, 34, 35, 27, 19, 18, 10, 9, 1, 2, 3, 4, 12, 13, 5, 6, 14, 15, 23, 31, 30, 22, 21, 20, 28, 29, 37, 38, 46, 47, 55]
[00:00:00:00:478] ! Unidirectional s-t. expansions: 184, time: 477 [ms], path length: 35 [edges], generated: 877
[00:00:00:00:058] Path of length 35 found: [55, 47, 46, 38, 37, 29, 21, 22, 30, 31, 23, 15, 14, 6, 5, 13, 12, 4, 3, 2, 1, 9, 10, 18, 19, 20, 28, 27, 35, 34, 26, 25, 17, 16, 8, 0]
[00:00:00:00:058] ! Unidirectional t-s. expansions: 19, time: 58 [ms], path length: 35 [edges], generated: 78
[00:00:00:00:078] Path of length 35 found: [0, 8, 16, 17, 25, 26, 34, 35, 27, 28, 20, 19, 18, 10, 9, 1, 2, 3, 4, 12, 13, 5, 6, 14, 15, 23, 31, 30, 22, 21, 29, 37, 38, 46, 47, 55]
[00:00:00:00:470] ! Bidirectional. expansions: 26, time: 78 [ms], path length: 35 [edges], g_F: 18, g_B: 17, generated: 0, MM: 1, MMPER: 1.7777777777777777%
[00:00:00:00:470] 
---------- SM_Grids/7x8_grid_with_random_blocks_20per_5 ----------
[00:00:00:00:920] Path of length 37 found: [0, 1, 9, 17, 25, 26, 18, 10, 2, 3, 4, 5, 6, 7, 15, 23, 31, 30, 22, 14, 13, 12, 20, 28, 27, 35, 34, 42, 41, 49, 50, 51, 43, 44, 45, 46, 47, 55]
[00:00:00:00:921] ! Unidirectional s-t. expansions: 251, time: 921 [ms], path length: 37 [edges], generated: 1,143
[00:00:00:00:292] Path of length 37 found: [55, 47, 39, 31, 30, 22, 23, 15, 7, 6, 14, 13, 5, 4, 3, 11, 12, 20, 28, 27, 35, 43, 44, 52, 51, 50, 49, 41, 42, 34, 26, 25, 17, 18, 10, 2, 1, 0]
[00:00:00:00:292] ! Unidirectional t-s. expansions: 113, time: 292 [ms], path length: 37 [edges], generated: 495
[00:00:00:00:289] Path of length 37 found: [0, 1, 9, 17, 25, 26, 18, 10, 2, 3, 4, 5, 6, 7, 15, 23, 31, 30, 22, 14, 13, 12, 20, 28, 27, 35, 34, 42, 41, 49, 50, 51, 52, 44, 45, 46, 47, 55]
[00:00:00:00:687] ! Bidirectional. expansions: 110, time: 290 [ms], path length: 37 [edges], g_F: 19, g_B: 18, generated: 0, MM: 1, MMPER: 1.6315789473684212%
[00:00:00:00:687] 
---------- SM_Grids/7x8_grid_with_random_blocks_20per_6 ----------
[00:00:00:00:570] Path of length 37 found: [0, 8, 16, 17, 9, 1, 2, 10, 18, 26, 34, 42, 50, 51, 43, 35, 27, 28, 29, 21, 13, 5, 6, 7, 15, 14, 22, 30, 38, 39, 47, 46, 45, 44, 52, 53, 54, 55]
[00:00:00:00:570] ! Unidirectional s-t. expansions: 198, time: 570 [ms], path length: 37 [edges], generated: 910
[00:00:00:00:810] Path of length 37 found: [55, 47, 39, 38, 30, 22, 23, 15, 7, 6, 5, 13, 21, 29, 28, 27, 35, 43, 44, 45, 46, 54, 53, 52, 51, 50, 42, 34, 26, 25, 17, 16, 8, 9, 10, 2, 1, 0]
[00:00:00:00:810] ! Unidirectional t-s. expansions: 307, time: 810 [ms], path length: 37 [edges], generated: 1,261
[00:00:00:00:750] Path of length 37 found: [0, 8, 16, 17, 9, 1, 2, 10, 18, 26, 27, 28, 29, 21, 13, 5, 6, 7, 15, 14, 22, 30, 38, 39, 47, 46, 45, 44, 43, 35, 34, 42, 50, 51, 52, 53, 54, 55]
[00:00:00:01:149] ! Bidirectional. expansions: 298, time: 750 [ms], path length: 37 [edges], g_F: 19, g_B: 18, generated: 0, MM: 1, MMPER: 1.6315789473684212%
[00:00:00:01:149] 
---------- SM_Grids/7x8_grid_with_random_blocks_20per_7 ----------
[00:00:00:00:446] Path of length 39 found: [0, 8, 16, 24, 32, 33, 25, 17, 9, 10, 11, 19, 18, 26, 34, 42, 50, 51, 52, 44, 45, 37, 36, 28, 29, 21, 13, 5, 6, 7, 15, 23, 22, 30, 31, 39, 47, 46, 54, 55]
[00:00:00:00:447] ! Unidirectional s-t. expansions: 128, time: 446 [ms], path length: 39 [edges], generated: 604
[00:00:00:00:137] Path of length 39 found: [55, 54, 46, 47, 39, 31, 23, 15, 7, 6, 5, 13, 21, 22, 30, 29, 28, 36, 37, 45, 44, 52, 51, 50, 42, 34, 26, 18, 19, 11, 10, 9, 17, 25, 33, 32, 24, 16, 8, 0]
[00:00:00:00:137] ! Unidirectional t-s. expansions: 44, time: 137 [ms], path length: 39 [edges], generated: 166
[00:00:00:00:498] Path of length 39 found: [0, 8, 16, 24, 32, 33, 25, 17, 9, 10, 11, 19, 18, 26, 34, 42, 50, 51, 52, 44, 45, 37, 36, 28, 29, 30, 22, 21, 13, 5, 6, 7, 15, 23, 31, 39, 47, 46, 54, 55]
[00:00:00:00:897] ! Bidirectional. expansions: 209, time: 498 [ms], path length: 39 [edges], g_F: 20, g_B: 19, generated: 0, MM: 1, MMPER: 1.5%
[00:00:00:00:898] 
---------- SM_Grids/7x8_grid_with_random_blocks_20per_8 ----------
[00:00:00:02:258] Path of length 39 found: [0, 1, 9, 17, 16, 24, 32, 40, 41, 33, 34, 26, 18, 10, 2, 3, 4, 12, 20, 28, 27, 35, 43, 51, 52, 53, 45, 37, 29, 21, 13, 5, 6, 14, 22, 30, 38, 46, 54, 55]
[00:00:00:02:259] ! Unidirectional s-t. expansions: 1,048, time: 2,258 [ms], path length: 39 [edges], generated: 4,322
[00:00:00:01:130] Path of length 39 found: [55, 47, 46, 54, 53, 52, 51, 43, 35, 27, 28, 36, 37, 38, 30, 29, 21, 20, 12, 13, 14, 6, 5, 4, 3, 2, 10, 18, 26, 34, 33, 41, 40, 32, 24, 16, 17, 9, 1, 0]
[00:00:00:01:130] ! Unidirectional t-s. expansions: 301, time: 1,130 [ms], path length: 39 [edges], generated: 1,663
[00:00:00:01:674] Path of length 39 found: [0, 1, 9, 17, 16, 24, 32, 40, 41, 33, 34, 26, 18, 10, 2, 3, 4, 12, 20, 28, 27, 35, 43, 51, 52, 53, 45, 37, 29, 21, 13, 5, 6, 14, 22, 30, 38, 46, 47, 55]
[00:00:00:02:068] ! Bidirectional. expansions: 813, time: 1,674 [ms], path length: 39 [edges], g_F: 20, g_B: 19, generated: 0, MM: 1, MMPER: 1.5%
[00:00:00:02:068] 
---------- SM_Grids/7x8_grid_with_random_blocks_20per_9 ----------
[00:00:00:00:176] Path of length 33 found: [0, 8, 16, 17, 25, 33, 32, 40, 48, 49, 41, 42, 34, 26, 18, 19, 11, 3, 4, 12, 20, 28, 27, 35, 36, 44, 45, 37, 38, 39, 47, 46, 54, 55]
[00:00:00:00:176] ! Unidirectional s-t. expansions: 42, time: 176 [ms], path length: 33 [edges], generated: 179
[00:00:00:01:134] Path of length 33 found: [55, 54, 46, 47, 39, 38, 37, 45, 44, 36, 28, 20, 12, 4, 3, 11, 19, 18, 26, 27, 35, 34, 42, 50, 49, 48, 40, 32, 33, 25, 17, 16, 8, 0]
[00:00:00:01:135] ! Unidirectional t-s. expansions: 337, time: 1,134 [ms], path length: 33 [edges], generated: 1,742
[00:00:00:00:110] Path of length 33 found: [0, 8, 16, 17, 18, 19, 11, 3, 4, 12, 20, 28, 27, 26, 25, 33, 32, 40, 48, 49, 50, 42, 34, 35, 36, 44, 45, 37, 38, 39, 47, 46, 54, 55]
[00:00:00:00:500] ! Bidirectional. expansions: 46, time: 110 [ms], path length: 33 [edges], g_F: 17, g_B: 16, generated: 0, MM: 1, MMPER: 1.9411764705882355%

[00:00:00:00:501] average expansions: (212, 174, 200, 0)
[00:00:00:00:501] average time: (567, 540, 453, 0)
[00:00:00:00:501] XIDA: 174 , 540 (expansions , time[ms])
[00:00:00:00:501] BiXIDA: 200 , 453 (expansions , time[ms])

