------------------------------------
Thu 01 Oct 2026 10:43:14 IDT
SLURM_JOBID:		21942746
SLURM_JOB_NODELIST:	ise-cpu256-31
SLURM_SCRATCH_DIR:	/scratch/shubit/21942746
Allocated Resouces:	cpu - 2 / mem - 61440 MB / gpu - 
SLURM_GPU_INDEX:	
Running as shubit from shimony account with normal QOS
------------------------------------
Thu 01 Oct 2026 10:43:14 IDT

SLURM_JOBID:		 21942746
SLURM_JOB_NODELIST:	 ise-cpu256-31 

--------------------------
date: SM_Grids
number_of_graphs: 10
graph_type: grid
size_of_graphs: [7, 8]
heuristic: bcc_heuristic
snake: False
run_uni: True
run_bi: True
run_multi: False
solution_vertices: []
algorithms: ['A']
lookahead: 3
bsd: False
cube_first_dims: 4
cube_buffer_dim: None
backward_sym_generation: False
sym_coil: False
prefix_set: None

---------- SM_Grids/7x8_grid_with_random_blocks_8per_0 ----------
[00:00:00:57:262] Expansion 10,000: state None, f=49, g=12
[00:00:01:55:409] Expansion 20,000: state None, f=49, g=21
[00:00:02:36:020] Expansion 30,000: state None, f=48, g=42
[00:00:03:15:132] Expansion 40,000: state None, f=48, g=39
[00:00:03:55:068] Expansion 50,000: state None, f=48, g=33
[00:00:04:36:684] Expansion 60,000: state None, f=48, g=42
[00:00:05:19:004] Expansion 70,000: state None, f=48, g=24
[00:00:06:02:847] Expansion 80,000: state None, f=48, g=39
[00:00:06:46:491] Expansion 90,000: state None, f=48, g=36
[00:00:07:29:654] Expansion 100,000: state None, f=48, g=39
[00:00:08:13:000] Expansion 110,000: state None, f=48, g=30
[00:00:08:58:756] Expansion 120,000: state None, f=48, g=33
[00:00:09:23:626] Path of length 47 found: [0, 1, 2, 3, 4, 5, 6, 7, 15, 23, 31, 30, 29, 28, 36, 35, 27, 26, 25, 17, 18, 19, 20, 21, 22, 14, 13, 12, 11, 10, 9, 8, 16, 24, 32, 33, 34, 42, 50, 51, 52, 44, 45, 46, 38, 39, 47, 55]
[00:00:09:23:626] ! Unidirectional s-t. expansions: 124,527, time: 563,626 [ms], path length: 47 [edges], generated: 1,203,224
[00:00:01:01:701] Expansion 10,000: state None, f=48, g=27
[00:00:01:54:048] Expansion 20,000: state None, f=48, g=24
[00:00:02:47:453] Expansion 30,000: state None, f=48, g=21
[00:00:03:37:298] Expansion 40,000: state None, f=48, g=27
[00:00:04:32:025] Expansion 50,000: state None, f=48, g=42
[00:00:05:20:380] Expansion 60,000: state None, f=48, g=21
[00:00:06:06:903] Expansion 70,000: state None, f=48, g=42
[00:00:06:50:572] Expansion 80,000: state None, f=48, g=30
[00:00:06:54:281] Path of length 47 found: [55, 47, 46, 38, 39, 31, 30, 29, 37, 36, 44, 45, 53, 52, 51, 50, 42, 34, 35, 27, 28, 20, 21, 22, 23, 15, 7, 6, 14, 13, 5, 4, 12, 11, 3, 2, 10, 18, 26, 25, 33, 32, 24, 16, 17, 9, 1, 0]
[00:00:06:54:281] ! Unidirectional t-s. expansions: 80,645, time: 414,281 [ms], path length: 47 [edges], generated: 887,422
[00:00:05:34:497] Expansions: 50,000. F states: 326,065, B states: 167,272. Checks: 854,969)
[00:00:11:27:096] Expansions: 100,000. F states: 645,973, B states: 339,322. Checks: 1,697,401)
[00:00:18:17:318] Expansions: 150,000. F states: 964,855, B states: 515,674. Checks: 2,553,581)
[00:00:22:27:798] Path of length 47 found: [0, 8, 16, 24, 32, 33, 25, 17, 9, 1, 2, 10, 18, 19, 20, 28, 36, 35, 27, 26, 34, 42, 50, 51, 52, 44, 45, 37, 38, 30, 29, 21, 22, 14, 13, 12, 11, 3, 4, 5, 6, 7, 15, 23, 31, 39, 47, 55]
[00:00:22:28:168] ! Bidirectional. expansions: 180,124, time: 1,347,799 [ms], path length: 47 [edges], g_F: 25, g_B: 22, generated: 0, MM: 3, MMPER: 5.25%
[00:00:22:28:168] 
---------- SM_Grids/7x8_grid_with_random_blocks_8per_1 ----------
[00:00:00:25:268] Path of length 49 found: [0, 1, 9, 17, 16, 24, 25, 33, 32, 40, 48, 49, 41, 42, 34, 26, 18, 19, 27, 28, 36, 44, 43, 51, 52, 53, 45, 37, 29, 30, 22, 21, 20, 12, 11, 3, 4, 5, 13, 14, 6, 7, 15, 23, 31, 39, 47, 46, 54, 55]
[00:00:00:25:268] ! Unidirectional s-t. expansions: 4,796, time: 25,268 [ms], path length: 49 [edges], generated: 53,347
[00:00:00:53:923] Expansion 10,000: state None, f=50, g=18
[00:00:01:45:554] Path of length 49 found: [55, 54, 53, 52, 51, 43, 44, 45, 46, 47, 39, 38, 30, 31, 23, 22, 14, 15, 7, 6, 5, 13, 21, 29, 37, 36, 28, 27, 26, 34, 42, 41, 49, 48, 40, 32, 33, 25, 24, 16, 17, 18, 19, 11, 12, 4, 3, 2, 1, 0]
[00:00:01:45:554] ! Unidirectional t-s. expansions: 19,436, time: 105,554 [ms], path length: 49 [edges], generated: 200,959
[00:00:01:57:315] Path of length 49 found: [0, 1, 9, 17, 16, 24, 32, 40, 48, 49, 41, 42, 34, 33, 25, 26, 18, 19, 27, 28, 36, 44, 43, 51, 52, 53, 45, 46, 38, 37, 29, 30, 22, 14, 13, 21, 20, 12, 11, 3, 4, 5, 6, 7, 15, 23, 31, 39, 47, 55]
[00:00:01:57:669] ! Bidirectional. expansions: 14,140, time: 117,315 [ms], path length: 49 [edges], g_F: 28, g_B: 21, generated: 0, MM: 7, MMPER: 13.0%
[00:00:01:57:669] 
---------- SM_Grids/7x8_grid_with_random_blocks_8per_2 ----------
[00:00:01:00:354] Expansion 10,000: state None, f=48, g=27
[00:00:01:24:487] Path of length 47 found: [0, 1, 2, 3, 11, 10, 18, 26, 34, 33, 25, 17, 9, 8, 16, 24, 32, 40, 41, 49, 50, 42, 43, 51, 52, 44, 45, 53, 54, 46, 38, 37, 29, 28, 36, 35, 27, 19, 20, 12, 13, 21, 22, 30, 31, 39, 47, 55]
[00:00:01:24:487] ! Unidirectional s-t. expansions: 14,018, time: 84,487 [ms], path length: 47 [edges], generated: 169,056
[00:00:00:40:634] Expansion 10,000: state None, f=48, g=39
[00:00:01:21:589] Expansion 20,000: state None, f=48, g=39
[00:00:02:03:247] Expansion 30,000: state None, f=48, g=45
[00:00:02:44:915] Expansion 40,000: state None, f=48, g=30
[00:00:03:25:681] Expansion 50,000: state None, f=48, g=39
[00:00:04:06:986] Expansion 60,000: state None, f=48, g=45
[00:00:04:10:319] Path of length 47 found: [55, 47, 39, 31, 23, 22, 21, 13, 12, 11, 3, 2, 10, 18, 26, 25, 33, 34, 42, 43, 35, 27, 19, 20, 28, 36, 44, 45, 37, 29, 30, 38, 46, 54, 53, 52, 51, 50, 49, 41, 40, 32, 24, 16, 17, 9, 1, 0]
[00:00:04:10:319] ! Unidirectional t-s. expansions: 60,775, time: 250,319 [ms], path length: 47 [edges], generated: 599,921
[00:00:05:54:166] Path of length 47 found: [0, 8, 16, 24, 32, 40, 41, 49, 50, 42, 34, 33, 25, 17, 9, 1, 2, 3, 11, 10, 18, 26, 27, 19, 20, 12, 13, 21, 29, 28, 36, 35, 43, 51, 52, 53, 54, 46, 45, 37, 38, 30, 22, 23, 31, 39, 47, 55]
[00:00:05:54:524] ! Bidirectional. expansions: 43,365, time: 354,166 [ms], path length: 47 [edges], g_F: 31, g_B: 16, generated: 0, MM: 15, MMPER: 30.25%
[00:00:05:54:524] 
---------- SM_Grids/7x8_grid_with_random_blocks_8per_3 ----------
[00:00:00:17:588] Path of length 49 found: [0, 1, 2, 3, 4, 5, 6, 7, 15, 23, 31, 39, 38, 37, 29, 21, 22, 14, 13, 12, 20, 19, 11, 10, 18, 17, 9, 8, 16, 24, 32, 33, 41, 40, 48, 49, 50, 51, 43, 42, 34, 26, 27, 35, 36, 44, 45, 46, 47, 55]
[00:00:00:17:589] ! Unidirectional s-t. expansions: 2,945, time: 17,588 [ms], path length: 49 [edges], generated: 32,853
[00:00:00:43:370] Expansion 10,000: state None, f=50, g=24
[00:00:01:18:114] Path of length 49 found: [55, 47, 46, 45, 44, 36, 37, 38, 39, 31, 23, 22, 21, 29, 28, 20, 19, 11, 12, 13, 14, 15, 7, 6, 5, 4, 3, 2, 10, 18, 26, 27, 35, 43, 51, 50, 49, 48, 40, 41, 42, 34, 33, 32, 24, 16, 8, 9, 1, 0]
[00:00:01:18:114] ! Unidirectional t-s. expansions: 18,294, time: 78,114 [ms], path length: 49 [edges], generated: 179,792
[00:00:01:32:603] Path of length 49 found: [0, 8, 16, 24, 32, 40, 48, 49, 41, 33, 34, 42, 50, 51, 43, 35, 36, 44, 45, 46, 38, 37, 29, 28, 27, 26, 18, 10, 9, 1, 2, 3, 11, 19, 20, 21, 22, 14, 13, 12, 4, 5, 6, 7, 15, 23, 31, 39, 47, 55]
[00:00:01:32:951] ! Bidirectional. expansions: 12,975, time: 92,603 [ms], path length: 49 [edges], g_F: 29, g_B: 20, generated: 0, MM: 9, MMPER: 17.0%
[00:00:01:32:951] 
---------- SM_Grids/7x8_grid_with_random_blocks_8per_4 ----------
[00:00:00:39:071] Path of length 49 found: [0, 8, 16, 24, 32, 33, 41, 40, 48, 49, 50, 42, 34, 26, 25, 17, 9, 1, 2, 10, 11, 19, 27, 28, 20, 21, 29, 30, 22, 14, 13, 5, 6, 7, 15, 23, 31, 39, 47, 46, 45, 37, 36, 44, 43, 51, 52, 53, 54, 55]
[00:00:00:39:071] ! Unidirectional s-t. expansions: 8,884, time: 39,071 [ms], path length: 49 [edges], generated: 90,616
[00:00:00:12:009] Path of length 49 found: [55, 54, 46, 47, 39, 31, 23, 15, 7, 6, 5, 13, 14, 22, 30, 29, 21, 20, 28, 36, 37, 45, 53, 52, 44, 43, 51, 50, 42, 41, 49, 48, 40, 32, 24, 16, 8, 9, 17, 25, 26, 34, 35, 27, 19, 11, 10, 2, 1, 0]
[00:00:00:12:009] ! Unidirectional t-s. expansions: 2,042, time: 12,009 [ms], path length: 49 [edges], generated: 21,748
[00:00:01:07:859] Path of length 49 found: [0, 8, 16, 24, 32, 40, 48, 49, 41, 33, 25, 17, 9, 1, 2, 10, 11, 19, 27, 26, 34, 35, 43, 42, 50, 51, 52, 53, 54, 46, 45, 37, 36, 28, 20, 21, 29, 30, 22, 14, 13, 5, 6, 7, 15, 23, 31, 39, 47, 55]
[00:00:01:08:197] ! Bidirectional. expansions: 7,778, time: 67,859 [ms], path length: 49 [edges], g_F: 29, g_B: 20, generated: 0, MM: 9, MMPER: 17.0%
[00:00:01:08:197] 
---------- SM_Grids/7x8_grid_with_random_blocks_8per_5 ----------
[00:00:00:18:292] Path of length 49 found: [0, 8, 16, 24, 32, 40, 48, 49, 41, 33, 34, 26, 25, 17, 18, 19, 27, 28, 36, 37, 45, 44, 43, 51, 52, 53, 54, 46, 38, 30, 22, 21, 13, 12, 11, 10, 9, 1, 2, 3, 4, 5, 6, 14, 15, 23, 31, 39, 47, 55]
[00:00:00:18:293] ! Unidirectional s-t. expansions: 3,206, time: 18,292 [ms], path length: 49 [edges], generated: 32,588
[00:00:00:12:772] Path of length 49 found: [55, 54, 46, 47, 39, 38, 30, 31, 23, 22, 21, 13, 14, 15, 7, 6, 5, 4, 12, 11, 3, 2, 1, 9, 10, 18, 19, 27, 28, 36, 37, 45, 53, 52, 44, 43, 51, 50, 49, 48, 40, 41, 33, 34, 26, 25, 17, 16, 8, 0]
[00:00:00:12:773] ! Unidirectional t-s. expansions: 2,422, time: 12,772 [ms], path length: 49 [edges], generated: 23,889
[00:00:02:25:146] Path of length 49 found: [0, 1, 2, 3, 11, 12, 4, 5, 13, 21, 22, 14, 6, 7, 15, 23, 31, 30, 38, 39, 47, 46, 45, 37, 36, 28, 27, 26, 25, 17, 18, 10, 9, 8, 16, 24, 32, 33, 41, 40, 48, 49, 50, 51, 43, 44, 52, 53, 54, 55]
[00:00:02:25:484] ! Bidirectional. expansions: 12,746, time: 145,147 [ms], path length: 49 [edges], g_F: 29, g_B: 20, generated: 0, MM: 9, MMPER: 17.0%
[00:00:02:25:484] 
---------- SM_Grids/7x8_grid_with_random_blocks_8per_6 ----------
[00:00:00:53:149] Expansion 10,000: state None, f=50, g=30
[00:00:00:55:754] Path of length 49 found: [0, 1, 2, 10, 18, 26, 34, 42, 41, 33, 25, 17, 9, 8, 16, 24, 32, 40, 48, 49, 50, 51, 43, 35, 27, 19, 11, 12, 20, 21, 22, 14, 6, 7, 15, 23, 31, 39, 47, 46, 38, 30, 29, 37, 36, 44, 45, 53, 54, 55]
[00:00:00:55:754] ! Unidirectional s-t. expansions: 10,471, time: 55,754 [ms], path length: 49 [edges], generated: 121,469
[00:00:00:26:041] Path of length 49 found: [55, 54, 53, 45, 46, 47, 39, 38, 37, 36, 44, 43, 51, 50, 49, 48, 40, 41, 42, 34, 35, 27, 28, 29, 30, 31, 23, 15, 7, 6, 14, 22, 21, 20, 12, 11, 19, 18, 26, 25, 33, 32, 24, 16, 17, 9, 10, 2, 1, 0]
[00:00:00:26:041] ! Unidirectional t-s. expansions: 4,391, time: 26,041 [ms], path length: 49 [edges], generated: 52,383
[00:00:02:47:007] Path of length 49 found: [0, 8, 16, 24, 32, 40, 48, 49, 41, 33, 25, 17, 9, 1, 2, 10, 18, 26, 34, 42, 50, 51, 43, 44, 45, 53, 54, 46, 38, 37, 29, 28, 36, 35, 27, 19, 11, 12, 20, 21, 22, 14, 6, 7, 15, 23, 31, 39, 47, 55]
[00:00:02:47:350] ! Bidirectional. expansions: 21,673, time: 167,007 [ms], path length: 49 [edges], g_F: 29, g_B: 20, generated: 0, MM: 9, MMPER: 17.0%
[00:00:02:47:350] 
---------- SM_Grids/7x8_grid_with_random_blocks_8per_7 ----------
[00:00:00:00:125] Path of length 51 found: [0, 1, 9, 17, 16, 24, 32, 40, 48, 49, 41, 33, 25, 26, 18, 10, 2, 3, 11, 19, 20, 12, 4, 5, 13, 21, 29, 28, 36, 35, 34, 42, 43, 51, 52, 53, 45, 37, 38, 30, 22, 14, 6, 7, 15, 23, 31, 39, 47, 46, 54, 55]
[00:00:00:00:126] ! Unidirectional s-t. expansions: 17, time: 125 [ms], path length: 51 [edges], generated: 180
[00:00:00:00:138] Path of length 51 found: [55, 47, 39, 31, 23, 15, 7, 6, 5, 4, 3, 2, 10, 18, 26, 25, 33, 34, 35, 36, 28, 20, 19, 11, 12, 13, 14, 22, 21, 29, 30, 38, 37, 45, 46, 54, 53, 52, 51, 43, 42, 41, 49, 48, 40, 32, 24, 16, 17, 9, 1, 0]
[00:00:00:00:139] ! Unidirectional t-s. expansions: 17, time: 139 [ms], path length: 51 [edges], generated: 189
[00:00:00:00:192] Path of length 51 found: [0, 1, 9, 17, 16, 24, 32, 40, 48, 49, 41, 33, 25, 26, 18, 19, 20, 28, 36, 35, 34, 42, 43, 51, 52, 53, 54, 46, 45, 37, 38, 30, 29, 21, 22, 14, 13, 12, 11, 10, 2, 3, 4, 5, 6, 7, 15, 23, 31, 39, 47, 55]
[00:00:00:00:525] ! Bidirectional. expansions: 18, time: 192 [ms], path length: 51 [edges], g_F: 29, g_B: 22, generated: 0, MM: 7, MMPER: 12.461538461538462%
[00:00:00:00:525] 
---------- SM_Grids/7x8_grid_with_random_blocks_8per_8 ----------
[00:00:00:00:138] Path of length 51 found: [0, 8, 16, 24, 32, 40, 48, 49, 41, 33, 25, 17, 9, 1, 2, 10, 18, 26, 27, 35, 34, 42, 43, 51, 52, 44, 45, 53, 54, 46, 38, 37, 29, 30, 22, 14, 13, 12, 20, 19, 11, 3, 4, 5, 6, 7, 15, 23, 31, 39, 47, 55]
[00:00:00:00:138] ! Unidirectional s-t. expansions: 18, time: 138 [ms], path length: 51 [edges], generated: 200
[00:00:00:00:162] Path of length 51 found: [55, 47, 39, 31, 23, 15, 7, 6, 5, 4, 3, 2, 1, 9, 17, 25, 33, 34, 35, 27, 26, 18, 10, 11, 19, 20, 12, 13, 14, 22, 30, 29, 37, 38, 46, 54, 53, 45, 44, 52, 51, 43, 42, 41, 49, 48, 40, 32, 24, 16, 8, 0]
[00:00:00:00:162] ! Unidirectional t-s. expansions: 19, time: 162 [ms], path length: 51 [edges], generated: 194
[00:00:00:00:180] Path of length 51 found: [0, 8, 16, 24, 32, 40, 48, 49, 41, 33, 25, 17, 9, 1, 2, 10, 18, 26, 27, 35, 34, 42, 43, 51, 52, 44, 45, 53, 54, 46, 38, 37, 29, 30, 22, 14, 13, 12, 20, 19, 11, 3, 4, 5, 6, 7, 15, 23, 31, 39, 47, 55]
[00:00:00:00:512] ! Bidirectional. expansions: 19, time: 180 [ms], path length: 51 [edges], g_F: 30, g_B: 21, generated: 0, MM: 9, MMPER: 16.307692307692307%
[00:00:00:00:512] 
---------- SM_Grids/7x8_grid_with_random_blocks_8per_9 ----------
[00:00:00:39:193] Expansion 10,000: state None, f=50, g=39
[00:00:01:18:207] Expansion 20,000: state None, f=50, g=42
[00:00:01:58:494] Expansion 30,000: state None, f=50, g=36
[00:00:02:35:348] Path of length 49 found: [0, 1, 9, 8, 16, 17, 18, 10, 11, 3, 4, 12, 20, 19, 27, 26, 34, 33, 25, 24, 32, 40, 41, 49, 50, 42, 43, 51, 52, 44, 45, 37, 36, 28, 29, 30, 22, 14, 13, 5, 6, 7, 15, 23, 31, 39, 47, 46, 54, 55]
[00:00:02:35:348] ! Unidirectional s-t. expansions: 39,085, time: 155,348 [ms], path length: 49 [edges], generated: 359,853
[00:00:00:40:540] Expansion 10,000: state None, f=50, g=18
[00:00:01:20:284] Expansion 20,000: state None, f=50, g=27
[00:00:02:00:189] Expansion 30,000: state None, f=50, g=30
[00:00:02:22:439] Path of length 49 found: [55, 54, 46, 47, 39, 31, 23, 22, 14, 15, 7, 6, 5, 13, 12, 4, 3, 11, 10, 18, 19, 27, 35, 36, 28, 29, 30, 38, 37, 45, 44, 52, 51, 43, 42, 50, 49, 41, 40, 32, 33, 34, 26, 25, 24, 16, 8, 9, 1, 0]
[00:00:02:22:440] ! Unidirectional t-s. expansions: 35,439, time: 142,439 [ms], path length: 49 [edges], generated: 326,903
[00:00:01:49:576] Path of length 49 found: [0, 1, 9, 8, 16, 24, 25, 17, 18, 10, 11, 3, 4, 12, 13, 5, 6, 7, 15, 14, 22, 23, 31, 30, 29, 28, 20, 19, 27, 26, 34, 33, 32, 40, 41, 49, 50, 42, 43, 51, 52, 44, 45, 37, 38, 39, 47, 46, 54, 55]
[00:00:01:49:915] ! Bidirectional. expansions: 11,772, time: 109,576 [ms], path length: 49 [edges], g_F: 30, g_B: 19, generated: 0, MM: 11, MMPER: 21.0%

[00:00:01:49:915] average expansions: (20,797, 22,348, 30,461, 0)
[00:00:01:49:915] average time: (95,970, 104,183, 240,184, 0)
[00:00:01:49:915] XA*: 20,797 , 95,970 (expansions , time[ms])
[00:00:01:49:915] BiXA*: 30,461 , 240,184 (expansions , time[ms])

