------------------------------------
Thu 01 Oct 2026 16:36:14 IDT
SLURM_JOBID:		21953416
SLURM_JOB_NODELIST:	ise-cpu256-25
SLURM_SCRATCH_DIR:	/scratch/shubit/21953416
Allocated Resouces:	cpu - 2 / mem - 61440 MB / gpu - 
SLURM_GPU_INDEX:	
Running as shubit from shimony account with normal QOS
------------------------------------
Thu 01 Oct 2026 16:36:15 IDT

SLURM_JOBID:		 21953416
SLURM_JOB_NODELIST:	 ise-cpu256-25 

--------------------------
date: SM_Grids
number_of_graphs: 10
graph_type: grid
size_of_graphs: [7, 8]
heuristic: bcc_heuristic
snake: False
run_uni: True
run_bi: True
run_multi: False
solution_vertices: []
algorithms: ['XMM']
lookahead: 1
bsd: False
cube_first_dims: 4
cube_buffer_dim: None
backward_sym_generation: False
sym_coil: False
prefix_set: None

---------- SM_Grids/7x8_grid_with_random_blocks_12per_0 ----------
[00:00:00:15:135] Expansion 10,000: state None, f=48, g=28
[00:00:00:32:032] Expansion 20,000: state None, f=48, g=35
[00:00:00:32:825] Path of length 47 found: [0, 1, 2, 3, 4, 5, 6, 7, 15, 23, 31, 30, 29, 28, 27, 19, 20, 21, 22, 14, 13, 12, 11, 10, 18, 26, 34, 42, 41, 33, 25, 17, 16, 24, 32, 40, 48, 49, 50, 51, 43, 44, 45, 37, 38, 46, 47, 55]
[00:00:00:32:825] ! Unidirectional s-t. expansions: 20,326, time: 32,825 [ms], path length: 47 [edges], generated: 32,937
[00:00:00:10:072] Path of length 47 found: [55, 47, 46, 45, 44, 43, 51, 50, 49, 48, 40, 41, 42, 34, 33, 32, 24, 16, 17, 25, 26, 18, 19, 27, 28, 20, 21, 22, 30, 29, 37, 38, 39, 31, 23, 15, 7, 6, 14, 13, 5, 4, 12, 11, 3, 2, 1, 0]
[00:00:00:10:072] ! Unidirectional t-s. expansions: 5,591, time: 10,072 [ms], path length: 47 [edges], generated: 9,610
[00:00:00:03:841] Path of length 47 found: [0, 1, 2, 10, 18, 17, 16, 24, 32, 40, 48, 49, 41, 33, 25, 26, 34, 42, 50, 51, 43, 44, 45, 37, 38, 30, 29, 21, 22, 14, 13, 12, 20, 28, 27, 19, 11, 3, 4, 5, 6, 7, 15, 23, 31, 39, 47, 55]
[00:00:00:04:228] ! Bidirectional. expansions: 1,039, time: 3,841 [ms], path length: 47 [edges], g_F: 23, g_B: 24, generated: 1,900, MM: 1, MMPER: 1.0833333333333335%
[00:00:00:04:228] 
---------- SM_Grids/7x8_grid_with_random_blocks_12per_1 ----------
[00:00:00:11:427] Path of length 47 found: [0, 8, 9, 10, 2, 3, 4, 12, 11, 19, 27, 35, 34, 33, 25, 26, 18, 17, 16, 24, 32, 40, 41, 42, 50, 51, 43, 44, 36, 28, 20, 21, 13, 5, 6, 14, 15, 23, 22, 30, 38, 37, 45, 53, 54, 46, 47, 55]
[00:00:00:11:427] ! Unidirectional s-t. expansions: 5,589, time: 11,427 [ms], path length: 47 [edges], generated: 9,176
[00:00:00:00:116] Path of length 47 found: [55, 54, 53, 45, 46, 47, 39, 38, 30, 22, 23, 15, 14, 6, 5, 4, 3, 2, 10, 9, 17, 25, 33, 34, 26, 18, 19, 11, 12, 13, 21, 20, 28, 27, 35, 36, 44, 43, 51, 50, 42, 41, 40, 32, 24, 16, 8, 0]
[00:00:00:00:116] ! Unidirectional t-s. expansions: 50, time: 116 [ms], path length: 47 [edges], generated: 85
[00:00:00:08:429] Path of length 47 found: [0, 8, 16, 24, 32, 40, 41, 42, 50, 51, 43, 44, 36, 28, 20, 21, 13, 12, 11, 19, 18, 26, 27, 35, 34, 33, 25, 17, 9, 10, 2, 3, 4, 5, 6, 14, 15, 23, 22, 30, 38, 39, 47, 46, 45, 53, 54, 55]
[00:00:00:08:802] ! Bidirectional. expansions: 2,222, time: 8,429 [ms], path length: 47 [edges], g_F: 24, g_B: 23, generated: 4,039, MM: 1, MMPER: 1.0833333333333335%
[00:00:00:08:802] 
---------- SM_Grids/7x8_grid_with_random_blocks_12per_2 ----------
[00:00:00:13:606] Path of length 45 found: [0, 1, 2, 3, 4, 5, 6, 7, 15, 14, 13, 21, 22, 23, 31, 39, 38, 37, 29, 28, 20, 19, 11, 10, 18, 17, 9, 8, 16, 24, 32, 40, 48, 49, 41, 33, 34, 26, 27, 35, 43, 44, 52, 53, 54, 55]
[00:00:00:13:607] ! Unidirectional s-t. expansions: 6,493, time: 13,606 [ms], path length: 45 [edges], generated: 10,962
[00:00:00:01:954] Path of length 45 found: [55, 54, 53, 52, 44, 43, 35, 36, 28, 27, 26, 34, 33, 41, 49, 48, 40, 32, 24, 16, 8, 9, 17, 18, 10, 11, 19, 20, 21, 29, 37, 38, 39, 31, 23, 22, 14, 15, 7, 6, 5, 4, 3, 2, 1, 0]
[00:00:00:01:954] ! Unidirectional t-s. expansions: 830, time: 1,954 [ms], path length: 45 [edges], generated: 1,492
[00:00:00:05:760] Path of length 45 found: [0, 1, 2, 3, 4, 5, 6, 7, 15, 14, 13, 21, 22, 23, 31, 39, 38, 37, 29, 28, 20, 19, 11, 10, 18, 17, 9, 8, 16, 24, 32, 40, 48, 49, 41, 33, 34, 26, 27, 35, 43, 44, 52, 53, 54, 55]
[00:00:00:06:130] ! Bidirectional. expansions: 1,468, time: 5,760 [ms], path length: 45 [edges], g_F: 23, g_B: 22, generated: 2,648, MM: 1, MMPER: 1.1739130434782608%
[00:00:00:06:131] 
---------- SM_Grids/7x8_grid_with_random_blocks_12per_3 ----------
[00:00:00:21:051] Expansion 10,000: state None, f=46, g=31
[00:00:00:43:102] Expansion 20,000: state None, f=46, g=20
[00:00:01:04:392] Expansion 30,000: state None, f=46, g=29
[00:00:01:25:570] Expansion 40,000: state None, f=46, g=39
[00:00:01:43:308] Path of length 45 found: [0, 1, 2, 3, 4, 5, 6, 14, 22, 21, 29, 28, 36, 35, 43, 42, 34, 26, 27, 19, 20, 12, 11, 10, 9, 8, 16, 17, 25, 24, 32, 33, 41, 49, 50, 51, 52, 44, 45, 37, 38, 30, 31, 39, 47, 55]
[00:00:01:43:308] ! Unidirectional s-t. expansions: 47,827, time: 103,308 [ms], path length: 45 [edges], generated: 83,098
[00:00:00:21:028] Expansion 10,000: state None, f=46, g=36
[00:00:00:38:990] Expansion 20,000: state None, f=46, g=36
[00:00:00:57:670] Expansion 30,000: state None, f=46, g=37
[00:00:01:15:253] Expansion 40,000: state None, f=46, g=37
[00:00:01:32:350] Path of length 45 found: [55, 47, 46, 45, 53, 52, 51, 50, 49, 41, 33, 32, 24, 16, 17, 25, 26, 34, 42, 43, 44, 36, 37, 38, 39, 31, 30, 29, 28, 27, 19, 20, 21, 22, 14, 6, 5, 4, 12, 11, 3, 2, 10, 9, 1, 0]
[00:00:01:32:350] ! Unidirectional t-s. expansions: 49,224, time: 92,350 [ms], path length: 45 [edges], generated: 81,475
[00:00:01:17:265] Path of length 45 found: [0, 8, 16, 24, 32, 33, 41, 49, 50, 42, 34, 35, 43, 51, 52, 53, 45, 44, 36, 28, 27, 26, 25, 17, 9, 10, 2, 3, 11, 19, 20, 12, 4, 5, 6, 14, 22, 21, 29, 30, 31, 39, 38, 46, 47, 55]
[00:00:01:17:643] ! Bidirectional. expansions: 18,958, time: 77,265 [ms], path length: 45 [edges], g_F: 23, g_B: 22, generated: 36,538, MM: 1, MMPER: 1.1739130434782608%
[00:00:01:17:643] 
---------- SM_Grids/7x8_grid_with_random_blocks_12per_4 ----------
[00:00:00:19:699] Expansion 10,000: state None, f=46, g=37
[00:00:00:38:122] Expansion 20,000: state None, f=46, g=35
[00:00:00:56:537] Path of length 45 found: [0, 1, 2, 10, 9, 17, 18, 19, 11, 12, 20, 21, 13, 5, 6, 7, 15, 23, 22, 30, 31, 39, 38, 37, 36, 28, 27, 35, 34, 33, 25, 24, 32, 40, 48, 49, 41, 42, 43, 51, 52, 53, 45, 46, 54, 55]
[00:00:00:56:538] ! Unidirectional s-t. expansions: 28,883, time: 56,537 [ms], path length: 45 [edges], generated: 50,261
[00:00:00:18:928] Expansion 10,000: state None, f=47, g=17
[00:00:00:35:851] Expansion 20,000: state None, f=46, g=26
[00:00:00:56:827] Expansion 30,000: state None, f=46, g=7
[00:00:00:59:762] Path of length 45 found: [55, 54, 46, 47, 39, 31, 23, 15, 7, 6, 5, 4, 12, 13, 21, 22, 30, 38, 37, 45, 53, 52, 51, 50, 49, 48, 40, 32, 24, 16, 17, 25, 33, 41, 42, 43, 35, 36, 28, 20, 19, 11, 10, 2, 1, 0]
[00:00:00:59:763] ! Unidirectional t-s. expansions: 31,025, time: 59,762 [ms], path length: 45 [edges], generated: 51,896
[00:00:00:56:098] Path of length 45 found: [0, 1, 2, 10, 9, 17, 16, 24, 25, 33, 32, 40, 48, 49, 41, 42, 34, 35, 43, 51, 52, 53, 45, 46, 38, 37, 36, 28, 27, 19, 20, 21, 13, 12, 4, 5, 6, 7, 15, 23, 22, 30, 31, 39, 47, 55]
[00:00:00:56:474] ! Bidirectional. expansions: 15,575, time: 56,099 [ms], path length: 45 [edges], g_F: 21, g_B: 24, generated: 27,617, MM: 3, MMPER: 5.521739130434782%
[00:00:00:56:474] 
---------- SM_Grids/7x8_grid_with_random_blocks_12per_5 ----------
[00:00:00:22:769] Expansion 10,000: state None, f=46, g=35
[00:00:00:45:705] Expansion 20,000: state None, f=46, g=22
[00:00:00:54:271] Path of length 45 found: [0, 8, 16, 17, 25, 33, 32, 40, 48, 49, 50, 51, 52, 53, 45, 46, 38, 30, 29, 21, 20, 28, 36, 35, 34, 26, 27, 19, 18, 10, 9, 1, 2, 3, 11, 12, 4, 5, 13, 14, 22, 23, 31, 39, 47, 55]
[00:00:00:54:272] ! Unidirectional s-t. expansions: 23,354, time: 54,271 [ms], path length: 45 [edges], generated: 42,156
[00:00:00:19:947] Expansion 10,000: state None, f=46, g=15
[00:00:00:20:191] Path of length 45 found: [55, 47, 46, 45, 53, 52, 51, 50, 49, 48, 40, 32, 33, 34, 35, 36, 28, 27, 26, 25, 17, 16, 8, 9, 10, 18, 19, 20, 21, 29, 30, 38, 39, 31, 23, 22, 14, 6, 5, 13, 12, 4, 3, 2, 1, 0]
[00:00:00:20:191] ! Unidirectional t-s. expansions: 10,055, time: 20,191 [ms], path length: 45 [edges], generated: 17,548
[00:00:00:35:900] Path of length 45 found: [0, 1, 2, 3, 4, 5, 6, 14, 13, 12, 11, 10, 9, 8, 16, 17, 25, 33, 32, 40, 48, 49, 50, 51, 52, 53, 45, 46, 38, 30, 29, 28, 36, 35, 34, 26, 27, 19, 20, 21, 22, 23, 31, 39, 47, 55]
[00:00:00:36:267] ! Bidirectional. expansions: 9,064, time: 35,900 [ms], path length: 45 [edges], g_F: 21, g_B: 24, generated: 17,553, MM: 3, MMPER: 5.521739130434782%
[00:00:00:36:267] 
---------- SM_Grids/7x8_grid_with_random_blocks_12per_6 ----------
[00:00:00:00:107] Path of length 47 found: [0, 8, 9, 17, 18, 10, 2, 3, 11, 19, 27, 26, 34, 33, 32, 40, 48, 49, 41, 42, 50, 51, 43, 35, 36, 28, 20, 21, 29, 37, 45, 44, 52, 53, 54, 46, 38, 30, 22, 14, 6, 7, 15, 23, 31, 39, 47, 55]
[00:00:00:00:107] ! Unidirectional s-t. expansions: 47, time: 107 [ms], path length: 47 [edges], generated: 78
[00:00:00:00:213] Path of length 47 found: [55, 47, 39, 31, 23, 15, 7, 6, 14, 22, 21, 20, 28, 36, 35, 43, 44, 45, 37, 29, 30, 38, 46, 54, 53, 52, 51, 50, 42, 41, 49, 48, 40, 32, 33, 34, 26, 27, 19, 11, 3, 2, 10, 18, 17, 9, 8, 0]
[00:00:00:00:213] ! Unidirectional t-s. expansions: 93, time: 213 [ms], path length: 47 [edges], generated: 158
[00:00:00:10:269] Path of length 47 found: [0, 8, 9, 17, 18, 10, 2, 3, 11, 19, 27, 26, 34, 33, 32, 40, 48, 49, 41, 42, 50, 51, 43, 35, 36, 44, 52, 53, 54, 46, 45, 37, 38, 30, 29, 28, 20, 21, 22, 14, 6, 7, 15, 23, 31, 39, 47, 55]
[00:00:00:10:639] ! Bidirectional. expansions: 2,753, time: 10,269 [ms], path length: 47 [edges], g_F: 23, g_B: 24, generated: 5,033, MM: 1, MMPER: 1.0833333333333335%
[00:00:00:10:640] 
---------- SM_Grids/7x8_grid_with_random_blocks_12per_7 ----------
[00:00:00:00:144] Path of length 47 found: [0, 8, 9, 1, 2, 10, 18, 17, 25, 33, 41, 49, 50, 42, 34, 26, 27, 35, 43, 51, 52, 44, 36, 28, 20, 19, 11, 3, 4, 12, 13, 5, 6, 14, 15, 23, 31, 30, 29, 37, 45, 53, 54, 46, 38, 39, 47, 55]
[00:00:00:00:144] ! Unidirectional s-t. expansions: 61, time: 144 [ms], path length: 47 [edges], generated: 104
[00:00:00:00:680] Path of length 47 found: [55, 47, 39, 31, 23, 15, 14, 6, 5, 13, 12, 4, 3, 11, 19, 20, 28, 27, 26, 34, 42, 43, 35, 36, 44, 45, 37, 29, 30, 38, 46, 54, 53, 52, 51, 50, 49, 41, 33, 25, 17, 18, 10, 2, 1, 9, 8, 0]
[00:00:00:00:680] ! Unidirectional t-s. expansions: 355, time: 680 [ms], path length: 47 [edges], generated: 634
[00:00:00:38:724] Path of length 47 found: [0, 8, 9, 1, 2, 10, 18, 17, 25, 33, 41, 49, 50, 42, 34, 26, 27, 35, 43, 51, 52, 44, 36, 28, 20, 19, 11, 3, 4, 12, 13, 5, 6, 14, 15, 23, 31, 30, 29, 37, 45, 53, 54, 46, 38, 39, 47, 55]
[00:00:00:39:104] ! Bidirectional. expansions: 10,185, time: 38,724 [ms], path length: 47 [edges], g_F: 23, g_B: 24, generated: 18,647, MM: 1, MMPER: 1.0833333333333335%
[00:00:00:39:104] 
---------- SM_Grids/7x8_grid_with_random_blocks_12per_8 ----------
[00:00:00:20:552] Expansion 10,000: state None, f=48, g=30
[00:00:00:20:804] Path of length 47 found: [0, 1, 2, 3, 4, 5, 6, 7, 15, 14, 22, 21, 13, 12, 20, 19, 11, 10, 18, 17, 9, 8, 16, 24, 32, 33, 34, 26, 27, 35, 43, 42, 50, 51, 52, 53, 54, 46, 45, 44, 36, 28, 29, 30, 31, 39, 47, 55]
[00:00:00:20:804] ! Unidirectional s-t. expansions: 10,065, time: 20,804 [ms], path length: 47 [edges], generated: 17,878
[00:00:00:17:381] Expansion 10,000: state None, f=48, g=35
[00:00:00:35:111] Expansion 20,000: state None, f=48, g=30
[00:00:00:52:863] Expansion 30,000: state None, f=48, g=9
[00:00:01:10:375] Path of length 47 found: [55, 54, 53, 52, 51, 50, 42, 43, 44, 45, 46, 47, 39, 31, 30, 29, 37, 36, 35, 34, 33, 32, 24, 16, 17, 18, 26, 27, 28, 20, 19, 11, 12, 13, 21, 22, 14, 15, 7, 6, 5, 4, 3, 2, 10, 9, 1, 0]
[00:00:01:10:375] ! Unidirectional t-s. expansions: 39,972, time: 70,375 [ms], path length: 47 [edges], generated: 65,422
[00:00:00:23:434] Path of length 47 found: [0, 8, 16, 24, 32, 33, 34, 26, 18, 17, 9, 1, 2, 10, 11, 3, 4, 12, 20, 19, 27, 35, 43, 42, 50, 51, 52, 53, 54, 46, 45, 44, 36, 37, 29, 21, 13, 5, 6, 7, 15, 14, 22, 30, 31, 39, 47, 55]
[00:00:00:23:813] ! Bidirectional. expansions: 5,852, time: 23,434 [ms], path length: 47 [edges], g_F: 23, g_B: 24, generated: 11,287, MM: 1, MMPER: 1.0833333333333335%
[00:00:00:23:813] 
---------- SM_Grids/7x8_grid_with_random_blocks_12per_9 ----------
[00:00:00:01:441] Path of length 47 found: [0, 8, 16, 17, 25, 24, 32, 33, 34, 42, 41, 40, 48, 49, 50, 51, 43, 44, 36, 35, 27, 26, 18, 10, 2, 3, 11, 19, 20, 28, 29, 21, 13, 5, 6, 7, 15, 14, 22, 23, 31, 30, 38, 39, 47, 46, 54, 55]
[00:00:00:01:441] ! Unidirectional s-t. expansions: 565, time: 1,441 [ms], path length: 47 [edges], generated: 982
[00:00:00:01:264] Path of length 47 found: [55, 54, 46, 47, 39, 38, 30, 31, 23, 22, 14, 15, 7, 6, 5, 13, 21, 29, 28, 36, 44, 43, 51, 50, 49, 48, 40, 32, 33, 41, 42, 34, 35, 27, 19, 20, 12, 11, 3, 2, 10, 18, 26, 25, 17, 16, 8, 0]
[00:00:00:01:264] ! Unidirectional t-s. expansions: 708, time: 1,264 [ms], path length: 47 [edges], generated: 1,204
[00:00:00:00:395] Path of length 47 found: [0, 8, 16, 24, 32, 40, 48, 49, 41, 33, 25, 17, 18, 10, 2, 3, 11, 19, 27, 26, 34, 42, 50, 51, 43, 44, 36, 28, 29, 21, 20, 12, 13, 5, 6, 7, 15, 14, 22, 23, 31, 30, 38, 39, 47, 46, 54, 55]
[00:00:00:00:766] ! Bidirectional. expansions: 106, time: 395 [ms], path length: 47 [edges], g_F: 23, g_B: 24, generated: 196, MM: 1, MMPER: 1.0833333333333335%

[00:00:00:00:767] average expansions: (14,321, 13,790, 6,722, 0)
[00:00:00:00:767] average time: (29,447, 25,698, 26,012, 0)
[00:00:00:00:767] XA*: 13,790 , 25,698 (expansions , time[ms])
[00:00:00:00:767] XMM: 6,722 , 26,012 (expansions , time[ms])

