------------------------------------
Thu 01 Oct 2026 13:53:17 IDT
SLURM_JOBID:		21947773
SLURM_JOB_NODELIST:	ise-cpu256-08
SLURM_SCRATCH_DIR:	/scratch/shubit/21947773
Allocated Resouces:	cpu - 2 / mem - 61440 MB / gpu - 
SLURM_GPU_INDEX:	
Running as shubit from shimony account with normal QOS
------------------------------------
Thu 01 Oct 2026 13:53:18 IDT

SLURM_JOBID:		 21947773
SLURM_JOB_NODELIST:	 ise-cpu256-08 

--------------------------
date: SM_Grids
number_of_graphs: 10
graph_type: grid
size_of_graphs: [7, 8]
heuristic: bcc_heuristic
snake: False
run_uni: True
run_bi: True
run_multi: False
solution_vertices: []
algorithms: ['DFBnB']
lookahead: 3
bsd: False
cube_first_dims: 4
cube_buffer_dim: None
backward_sym_generation: False
sym_coil: False
prefix_set: None

---------- SM_Grids/7x8_grid_with_random_blocks_12per_0 ----------
[00:00:00:28:395] Path of length 47 found: [0, 1, 2, 10, 18, 17, 16, 24, 32, 40, 48, 49, 41, 33, 25, 26, 34, 42, 50, 51, 43, 44, 45, 37, 29, 21, 13, 12, 20, 28, 27, 19, 11, 3, 4, 5, 6, 7, 15, 14, 22, 23, 31, 30, 38, 46, 47, 55]
[00:00:00:28:395] ! Unidirectional s-t. expansions: 6,596, time: 28,395 [ms], path length: 47 [edges], generated: 63,992
[00:00:00:09:401] Path of length 47 found: [55, 47, 39, 31, 23, 15, 7, 6, 5, 4, 3, 11, 19, 27, 28, 20, 12, 13, 14, 22, 21, 29, 37, 38, 46, 45, 44, 43, 51, 50, 42, 34, 26, 25, 33, 41, 49, 48, 40, 32, 24, 16, 17, 18, 10, 2, 1, 0]
[00:00:00:09:401] ! Unidirectional t-s. expansions: 1,842, time: 9,401 [ms], path length: 47 [edges], generated: 19,782
[00:00:00:57:032] Path of length 47 found: [0, 1, 2, 10, 18, 17, 16, 24, 32, 40, 48, 49, 41, 33, 25, 26, 34, 42, 50, 51, 43, 44, 45, 46, 38, 37, 29, 30, 22, 14, 13, 12, 20, 28, 27, 19, 11, 3, 4, 5, 6, 7, 15, 23, 31, 39, 47, 55]
[00:00:00:57:553] ! Bidirectional. expansions: 5,416, time: 57,032 [ms], path length: 47 [edges], g_F: 29, g_B: 18, generated: 0, MM: 11, MMPER: 21.916666666666668%
[00:00:00:57:553] 
---------- SM_Grids/7x8_grid_with_random_blocks_12per_1 ----------
[00:00:00:11:521] Path of length 47 found: [0, 8, 16, 24, 32, 40, 41, 33, 25, 17, 9, 10, 2, 3, 11, 19, 18, 26, 34, 42, 50, 51, 43, 35, 27, 28, 20, 21, 13, 12, 4, 5, 6, 14, 15, 23, 22, 30, 38, 37, 36, 44, 45, 53, 54, 46, 47, 55]
[00:00:00:11:521] ! Unidirectional s-t. expansions: 1,887, time: 11,521 [ms], path length: 47 [edges], generated: 18,580
[00:00:00:00:185] Path of length 47 found: [55, 47, 39, 38, 46, 54, 53, 45, 37, 36, 44, 43, 51, 50, 42, 34, 35, 27, 28, 20, 12, 13, 21, 22, 23, 15, 14, 6, 5, 4, 3, 2, 10, 11, 19, 18, 26, 25, 33, 41, 40, 32, 24, 16, 17, 9, 8, 0]
[00:00:00:00:186] ! Unidirectional t-s. expansions: 18, time: 185 [ms], path length: 47 [edges], generated: 204
[00:00:00:04:230] Path of length 47 found: [0, 8, 16, 24, 32, 40, 41, 33, 25, 26, 18, 17, 9, 10, 2, 3, 4, 5, 6, 14, 15, 23, 22, 21, 13, 12, 11, 19, 20, 28, 27, 35, 34, 42, 50, 51, 43, 44, 36, 37, 45, 53, 54, 46, 38, 39, 47, 55]
[00:00:00:04:695] ! Bidirectional. expansions: 277, time: 4,230 [ms], path length: 47 [edges], g_F: 30, g_B: 17, generated: 0, MM: 13, MMPER: 26.083333333333332%
[00:00:00:04:695] 
---------- SM_Grids/7x8_grid_with_random_blocks_12per_2 ----------
[00:00:00:15:912] Path of length 45 found: [0, 8, 16, 24, 32, 40, 48, 49, 41, 33, 34, 26, 18, 17, 9, 1, 2, 10, 11, 3, 4, 5, 13, 21, 22, 14, 6, 7, 15, 23, 31, 39, 38, 37, 29, 28, 20, 19, 27, 35, 43, 44, 52, 53, 54, 55]
[00:00:00:15:913] ! Unidirectional s-t. expansions: 2,856, time: 15,913 [ms], path length: 45 [edges], generated: 26,136
[00:00:00:01:834] Path of length 45 found: [55, 54, 53, 52, 44, 43, 35, 27, 19, 20, 28, 36, 37, 38, 39, 31, 23, 15, 7, 6, 14, 22, 21, 13, 5, 4, 3, 11, 10, 2, 1, 9, 17, 18, 26, 34, 33, 41, 49, 48, 40, 32, 24, 16, 8, 0]
[00:00:00:01:834] ! Unidirectional t-s. expansions: 281, time: 1,834 [ms], path length: 45 [edges], generated: 2,888
[00:00:00:11:614] Path of length 45 found: [0, 8, 16, 24, 32, 40, 48, 49, 41, 33, 34, 26, 27, 35, 43, 44, 52, 53, 45, 37, 29, 28, 20, 19, 11, 10, 18, 17, 9, 1, 2, 3, 4, 5, 13, 21, 22, 14, 6, 7, 15, 23, 31, 39, 47, 55]
[00:00:00:12:146] ! Bidirectional. expansions: 910, time: 11,614 [ms], path length: 45 [edges], g_F: 29, g_B: 16, generated: 0, MM: 13, MMPER: 27.26086956521739%
[00:00:00:12:146] 
---------- SM_Grids/7x8_grid_with_random_blocks_12per_3 ----------
[00:00:01:31:919] Path of length 45 found: [0, 8, 16, 24, 32, 33, 25, 17, 9, 1, 2, 10, 11, 3, 4, 5, 6, 14, 22, 21, 20, 19, 27, 26, 34, 42, 41, 49, 50, 51, 43, 35, 36, 44, 52, 53, 45, 37, 29, 30, 31, 39, 38, 46, 47, 55]
[00:00:01:31:920] ! Unidirectional s-t. expansions: 17,253, time: 91,919 [ms], path length: 45 [edges], generated: 179,385
[00:00:01:31:684] Path of length 45 found: [55, 47, 39, 31, 30, 22, 14, 6, 5, 4, 3, 2, 1, 9, 10, 11, 19, 27, 26, 34, 42, 43, 35, 36, 28, 20, 21, 29, 37, 38, 46, 45, 44, 52, 51, 50, 49, 41, 33, 32, 24, 25, 17, 16, 8, 0]
[00:00:01:31:685] ! Unidirectional t-s. expansions: 21,100, time: 91,685 [ms], path length: 45 [edges], generated: 194,828
[00:00:04:00:950] Path of length 45 found: [0, 8, 16, 24, 32, 33, 25, 17, 9, 1, 2, 10, 11, 19, 27, 26, 34, 42, 41, 49, 50, 51, 43, 44, 52, 53, 45, 46, 38, 37, 36, 28, 29, 21, 20, 12, 4, 5, 6, 14, 22, 30, 31, 39, 47, 55]
[00:00:04:01:470] ! Bidirectional. expansions: 21,081, time: 240,950 [ms], path length: 45 [edges], g_F: 27, g_B: 18, generated: 0, MM: 9, MMPER: 18.565217391304348%
[00:00:04:01:471] 
---------- SM_Grids/7x8_grid_with_random_blocks_12per_4 ----------
[00:00:00:57:572] Path of length 45 found: [0, 1, 2, 10, 9, 17, 16, 24, 25, 33, 32, 40, 48, 49, 41, 42, 34, 35, 43, 51, 52, 53, 45, 37, 36, 28, 27, 19, 11, 12, 20, 21, 13, 5, 6, 7, 15, 23, 22, 30, 31, 39, 38, 46, 54, 55]
[00:00:00:57:572] ! Unidirectional s-t. expansions: 11,281, time: 57,572 [ms], path length: 45 [edges], generated: 105,583
[00:00:01:20:079] Path of length 45 found: [55, 47, 39, 31, 23, 15, 7, 6, 5, 4, 12, 13, 21, 22, 30, 38, 37, 45, 46, 54, 53, 52, 51, 43, 42, 50, 49, 48, 40, 32, 24, 16, 17, 25, 33, 34, 35, 27, 28, 20, 19, 11, 10, 2, 1, 0]
[00:00:01:20:080] ! Unidirectional t-s. expansions: 19,162, time: 80,079 [ms], path length: 45 [edges], generated: 168,216
[00:00:03:38:079] Path of length 45 found: [0, 1, 2, 10, 9, 17, 16, 24, 25, 33, 32, 40, 48, 49, 41, 42, 34, 35, 43, 51, 52, 53, 54, 46, 45, 37, 38, 30, 22, 21, 20, 28, 27, 19, 11, 12, 4, 5, 6, 7, 15, 23, 31, 39, 47, 55]
[00:00:03:38:584] ! Bidirectional. expansions: 22,756, time: 218,079 [ms], path length: 45 [edges], g_F: 29, g_B: 16, generated: 0, MM: 13, MMPER: 27.26086956521739%
[00:00:03:38:585] 
---------- SM_Grids/7x8_grid_with_random_blocks_12per_5 ----------
[00:00:01:26:597] Path of length 45 found: [0, 8, 16, 17, 9, 1, 2, 10, 18, 26, 25, 33, 32, 40, 48, 49, 50, 51, 52, 53, 45, 46, 38, 30, 29, 21, 13, 12, 20, 28, 36, 35, 27, 19, 11, 3, 4, 5, 6, 14, 22, 23, 31, 39, 47, 55]
[00:00:01:26:598] ! Unidirectional s-t. expansions: 12,856, time: 86,597 [ms], path length: 45 [edges], generated: 130,690
[00:00:00:21:835] Path of length 45 found: [55, 47, 39, 31, 23, 22, 14, 6, 5, 4, 3, 2, 1, 9, 10, 18, 26, 34, 35, 36, 28, 27, 19, 11, 12, 20, 21, 29, 30, 38, 46, 45, 53, 52, 51, 50, 49, 41, 40, 32, 33, 25, 17, 16, 8, 0]
[00:00:00:21:836] ! Unidirectional t-s. expansions: 3,975, time: 21,835 [ms], path length: 45 [edges], generated: 38,487
[00:00:02:14:100] Path of length 45 found: [0, 8, 16, 17, 9, 1, 2, 10, 18, 26, 25, 33, 32, 40, 48, 49, 50, 51, 52, 53, 45, 46, 38, 30, 29, 21, 13, 12, 20, 28, 36, 35, 27, 19, 11, 3, 4, 5, 6, 14, 22, 23, 31, 39, 47, 55]
[00:00:02:14:669] ! Bidirectional. expansions: 13,007, time: 134,100 [ms], path length: 45 [edges], g_F: 27, g_B: 18, generated: 0, MM: 9, MMPER: 18.565217391304348%
[00:00:02:14:669] 
---------- SM_Grids/7x8_grid_with_random_blocks_12per_6 ----------
[00:00:00:00:155] Path of length 47 found: [0, 8, 9, 17, 18, 10, 2, 3, 11, 19, 27, 26, 34, 33, 32, 40, 48, 49, 41, 42, 50, 51, 43, 35, 36, 28, 20, 21, 29, 37, 45, 44, 52, 53, 54, 46, 38, 30, 22, 14, 6, 7, 15, 23, 31, 39, 47, 55]
[00:00:00:00:156] ! Unidirectional s-t. expansions: 16, time: 155 [ms], path length: 47 [edges], generated: 196
[00:00:00:01:290] Path of length 47 found: [55, 47, 39, 31, 23, 15, 7, 6, 14, 22, 21, 20, 28, 36, 35, 43, 44, 45, 37, 29, 30, 38, 46, 54, 53, 52, 51, 50, 42, 41, 49, 48, 40, 32, 33, 34, 26, 27, 19, 11, 3, 2, 10, 18, 17, 9, 8, 0]
[00:00:00:01:291] ! Unidirectional t-s. expansions: 260, time: 1,290 [ms], path length: 47 [edges], generated: 2,391
[00:00:00:00:251] Path of length 47 found: [0, 8, 9, 17, 18, 10, 2, 3, 11, 19, 27, 26, 34, 33, 32, 40, 48, 49, 41, 42, 50, 51, 43, 35, 36, 44, 52, 53, 54, 46, 45, 37, 38, 30, 29, 28, 20, 21, 22, 14, 6, 7, 15, 23, 31, 39, 47, 55]
[00:00:00:00:854] ! Bidirectional. expansions: 16, time: 251 [ms], path length: 47 [edges], g_F: 30, g_B: 17, generated: 0, MM: 13, MMPER: 26.083333333333332%
[00:00:00:00:855] 
---------- SM_Grids/7x8_grid_with_random_blocks_12per_7 ----------
[00:00:00:00:439] Path of length 47 found: [0, 8, 9, 1, 2, 10, 18, 17, 25, 33, 41, 49, 50, 42, 34, 26, 27, 35, 43, 51, 52, 44, 36, 28, 20, 19, 11, 3, 4, 12, 13, 5, 6, 14, 15, 23, 31, 30, 29, 37, 45, 53, 54, 46, 38, 39, 47, 55]
[00:00:00:00:439] ! Unidirectional s-t. expansions: 74, time: 439 [ms], path length: 47 [edges], generated: 850
[00:00:00:02:982] Path of length 47 found: [55, 47, 39, 31, 23, 15, 14, 6, 5, 13, 12, 4, 3, 11, 19, 20, 28, 27, 26, 34, 42, 43, 35, 36, 44, 45, 37, 29, 30, 38, 46, 54, 53, 52, 51, 50, 49, 41, 33, 25, 17, 18, 10, 2, 1, 9, 8, 0]
[00:00:00:02:983] ! Unidirectional t-s. expansions: 781, time: 2,982 [ms], path length: 47 [edges], generated: 6,646
[00:00:00:00:275] Path of length 47 found: [0, 8, 9, 1, 2, 10, 18, 17, 25, 33, 41, 49, 50, 42, 34, 26, 27, 35, 43, 51, 52, 44, 36, 37, 45, 53, 54, 46, 38, 30, 29, 28, 20, 19, 11, 3, 4, 12, 13, 5, 6, 14, 15, 23, 31, 39, 47, 55]
[00:00:00:00:809] ! Bidirectional. expansions: 16, time: 275 [ms], path length: 47 [edges], g_F: 29, g_B: 18, generated: 0, MM: 11, MMPER: 21.916666666666668%
[00:00:00:00:809] 
---------- SM_Grids/7x8_grid_with_random_blocks_12per_8 ----------
[00:00:00:23:598] Path of length 47 found: [0, 8, 16, 24, 32, 33, 34, 26, 18, 17, 9, 1, 2, 10, 11, 3, 4, 12, 20, 19, 27, 35, 43, 42, 50, 51, 52, 44, 36, 28, 29, 21, 13, 5, 6, 7, 15, 14, 22, 30, 31, 39, 47, 46, 45, 53, 54, 55]
[00:00:00:23:599] ! Unidirectional s-t. expansions: 3,357, time: 23,598 [ms], path length: 47 [edges], generated: 38,367
[00:00:01:02:509] Path of length 47 found: [55, 47, 39, 31, 30, 22, 14, 15, 7, 6, 5, 4, 3, 2, 1, 9, 17, 18, 10, 11, 19, 27, 35, 43, 44, 36, 28, 20, 12, 13, 21, 29, 37, 45, 46, 54, 53, 52, 51, 50, 42, 34, 33, 32, 24, 16, 8, 0]
[00:00:01:02:510] ! Unidirectional t-s. expansions: 13,602, time: 62,509 [ms], path length: 47 [edges], generated: 122,280
[00:00:01:25:247] Path of length 47 found: [0, 8, 16, 24, 32, 33, 34, 26, 18, 17, 9, 1, 2, 10, 11, 3, 4, 12, 20, 19, 27, 35, 43, 42, 50, 51, 52, 53, 54, 46, 45, 37, 36, 28, 29, 21, 13, 5, 6, 7, 15, 14, 22, 30, 31, 39, 47, 55]
[00:00:01:25:829] ! Bidirectional. expansions: 8,538, time: 85,247 [ms], path length: 47 [edges], g_F: 27, g_B: 20, generated: 0, MM: 7, MMPER: 13.583333333333334%
[00:00:01:25:830] 
---------- SM_Grids/7x8_grid_with_random_blocks_12per_9 ----------
[00:00:00:02:033] Path of length 47 found: [0, 8, 16, 24, 32, 40, 48, 49, 41, 33, 25, 17, 18, 10, 2, 3, 11, 19, 27, 26, 34, 42, 50, 51, 43, 35, 36, 28, 29, 21, 20, 12, 13, 5, 6, 7, 15, 14, 22, 23, 31, 30, 38, 39, 47, 46, 54, 55]
[00:00:00:02:035] ! Unidirectional s-t. expansions: 207, time: 2,034 [ms], path length: 47 [edges], generated: 2,371
[00:00:00:01:228] Path of length 47 found: [55, 54, 46, 47, 39, 38, 30, 31, 23, 15, 7, 6, 5, 13, 14, 22, 21, 29, 28, 20, 12, 11, 3, 2, 10, 18, 19, 27, 26, 34, 35, 36, 44, 43, 51, 50, 42, 41, 49, 48, 40, 32, 33, 25, 17, 16, 8, 0]
[00:00:00:01:229] ! Unidirectional t-s. expansions: 228, time: 1,228 [ms], path length: 47 [edges], generated: 2,404
[00:00:00:04:365] Path of length 47 found: [0, 8, 16, 24, 32, 40, 48, 49, 41, 33, 25, 17, 18, 10, 2, 3, 11, 12, 20, 19, 27, 26, 34, 42, 50, 51, 43, 35, 36, 28, 29, 21, 22, 14, 13, 5, 6, 7, 15, 23, 31, 30, 38, 39, 47, 46, 54, 55]
[00:00:00:04:861] ! Bidirectional. expansions: 440, time: 4,365 [ms], path length: 47 [edges], g_F: 26, g_B: 21, generated: 0, MM: 5, MMPER: 9.416666666666666%

[00:00:00:04:862] average expansions: (5,638, 6,125, 7,246, 0)
[00:00:00:04:862] average time: (31,814, 27,303, 75,614, 0)
[00:00:00:04:862] XDFBnB: 5,638 , 27,303 (expansions , time[ms])
[00:00:00:04:862] BiXDFBnB: 7,246 , 75,614 (expansions , time[ms])

