------------------------------------
Thu 01 Oct 2026 10:43:38 IDT
SLURM_JOBID:		21942783
SLURM_JOB_NODELIST:	ise-cpu256-27
SLURM_SCRATCH_DIR:	/scratch/shubit/21942783
Allocated Resouces:	cpu - 2 / mem - 61440 MB / gpu - 
SLURM_GPU_INDEX:	
Running as shubit from shimony account with normal QOS
------------------------------------
Thu 01 Oct 2026 10:43:38 IDT

SLURM_JOBID:		 21942783
SLURM_JOB_NODELIST:	 ise-cpu256-27 

--------------------------
date: SM_Grids
number_of_graphs: 10
graph_type: grid
size_of_graphs: [8, 8]
heuristic: bcc_heuristic
snake: False
run_uni: True
run_bi: True
run_multi: False
solution_vertices: []
algorithms: ['A']
lookahead: 3
bsd: False
cube_first_dims: 4
cube_buffer_dim: None
backward_sym_generation: False
sym_coil: False
prefix_set: None

---------- SM_Grids/8x8_grid_with_random_blocks_16per_0 ----------
[00:00:00:00:924] Path of length 44 found: [0, 1, 9, 10, 2, 3, 11, 19, 18, 26, 34, 42, 41, 33, 25, 24, 32, 40, 48, 49, 50, 51, 43, 44, 36, 37, 29, 28, 20, 12, 13, 5, 6, 7, 15, 14, 22, 23, 31, 30, 38, 46, 47, 55, 63]
[00:00:00:00:924] ! Unidirectional s-t. expansions: 193, time: 924 [ms], path length: 44 [edges], generated: 1,895
[00:00:00:00:547] Path of length 44 found: [63, 55, 47, 46, 38, 39, 31, 30, 22, 23, 15, 7, 6, 5, 13, 12, 20, 28, 29, 37, 36, 44, 43, 35, 34, 33, 41, 42, 50, 49, 48, 40, 32, 24, 25, 26, 18, 19, 11, 3, 2, 10, 9, 1, 0]
[00:00:00:00:547] ! Unidirectional t-s. expansions: 78, time: 547 [ms], path length: 44 [edges], generated: 782
[00:00:00:03:257] Path of length 44 found: [0, 1, 9, 10, 2, 3, 11, 12, 20, 19, 18, 26, 34, 33, 25, 24, 32, 40, 48, 49, 41, 42, 50, 51, 43, 35, 36, 28, 29, 30, 22, 14, 13, 5, 6, 7, 15, 23, 31, 39, 38, 46, 47, 55, 63]
[00:00:00:03:717] ! Bidirectional. expansions: 500, time: 3,257 [ms], path length: 44 [edges], g_F: 25, g_B: 19, generated: 0, MM: 6, MMPER: 12.333333333333334%
[00:00:00:03:717] 
---------- SM_Grids/8x8_grid_with_random_blocks_16per_1 ----------
[00:00:00:00:149] Path of length 44 found: [0, 8, 9, 10, 2, 3, 4, 12, 11, 19, 18, 26, 25, 24, 32, 33, 41, 42, 34, 35, 43, 44, 36, 28, 20, 21, 29, 30, 22, 14, 15, 23, 31, 39, 38, 46, 47, 55, 54, 53, 52, 60, 61, 62, 63]
[00:00:00:00:149] ! Unidirectional s-t. expansions: 17, time: 149 [ms], path length: 44 [edges], generated: 197
[00:00:00:04:728] Path of length 44 found: [63, 62, 61, 60, 52, 53, 54, 55, 47, 46, 38, 39, 31, 23, 15, 14, 22, 30, 29, 21, 20, 12, 4, 3, 2, 10, 11, 19, 18, 26, 27, 28, 36, 44, 43, 35, 34, 42, 41, 33, 25, 24, 16, 8, 0]
[00:00:00:04:728] ! Unidirectional t-s. expansions: 552, time: 4,728 [ms], path length: 44 [edges], generated: 6,855
[00:00:00:00:827] Path of length 44 found: [0, 8, 9, 10, 2, 3, 4, 12, 11, 19, 18, 26, 25, 24, 32, 33, 41, 42, 34, 35, 43, 44, 36, 28, 20, 21, 29, 30, 22, 14, 15, 23, 31, 39, 38, 46, 47, 55, 54, 53, 52, 60, 61, 62, 63]
[00:00:00:01:288] ! Bidirectional. expansions: 46, time: 827 [ms], path length: 44 [edges], g_F: 26, g_B: 18, generated: 0, MM: 8, MMPER: 16.77777777777778%
[00:00:00:01:288] 
---------- SM_Grids/8x8_grid_with_random_blocks_16per_2 ----------
[00:00:00:08:542] Path of length 44 found: [0, 1, 2, 3, 11, 19, 20, 21, 29, 30, 38, 46, 47, 55, 54, 53, 45, 44, 36, 28, 27, 26, 18, 17, 16, 24, 32, 40, 48, 56, 57, 58, 50, 49, 41, 33, 34, 42, 43, 51, 59, 60, 61, 62, 63]
[00:00:00:08:543] ! Unidirectional s-t. expansions: 1,357, time: 8,542 [ms], path length: 44 [edges], generated: 14,561
[00:00:00:18:504] Path of length 44 found: [63, 62, 54, 55, 47, 46, 38, 30, 29, 21, 20, 28, 36, 44, 45, 53, 52, 60, 59, 58, 57, 56, 48, 49, 50, 51, 43, 42, 34, 33, 41, 40, 32, 24, 16, 17, 18, 26, 27, 19, 11, 3, 2, 1, 0]
[00:00:00:18:504] ! Unidirectional t-s. expansions: 3,226, time: 18,504 [ms], path length: 44 [edges], generated: 28,708
[00:00:00:21:234] Path of length 44 found: [0, 1, 2, 3, 11, 10, 18, 17, 16, 24, 32, 40, 48, 56, 57, 58, 50, 49, 41, 33, 34, 42, 43, 51, 59, 60, 61, 53, 45, 44, 36, 28, 27, 19, 20, 21, 29, 30, 38, 46, 47, 55, 54, 62, 63]
[00:00:00:21:670] ! Bidirectional. expansions: 1,856, time: 21,234 [ms], path length: 44 [edges], g_F: 28, g_B: 16, generated: 0, MM: 12, MMPER: 25.666666666666668%
[00:00:00:21:670] 
---------- SM_Grids/8x8_grid_with_random_blocks_16per_3 ----------
[00:00:00:29:784] Path of length 44 found: [0, 8, 16, 24, 25, 17, 18, 10, 11, 12, 13, 14, 15, 23, 31, 30, 38, 39, 47, 46, 45, 44, 43, 35, 36, 28, 29, 21, 20, 19, 27, 26, 34, 33, 41, 49, 50, 51, 52, 60, 61, 53, 54, 62, 63]
[00:00:00:29:784] ! Unidirectional s-t. expansions: 5,714, time: 29,784 [ms], path length: 44 [edges], generated: 57,317
[00:00:00:50:050] Expansion 10,000: state None, f=45, g=9
[00:00:01:01:956] Path of length 44 found: [63, 55, 47, 39, 31, 23, 15, 14, 13, 12, 11, 10, 18, 19, 27, 35, 34, 42, 43, 44, 36, 28, 20, 21, 29, 30, 38, 46, 45, 53, 54, 62, 61, 60, 52, 51, 50, 49, 41, 33, 25, 17, 16, 8, 0]
[00:00:01:01:957] ! Unidirectional t-s. expansions: 12,251, time: 61,956 [ms], path length: 44 [edges], generated: 117,521
[00:00:01:30:300] Path of length 44 found: [0, 8, 16, 24, 25, 17, 18, 10, 11, 12, 13, 14, 15, 23, 31, 39, 47, 46, 38, 30, 29, 21, 20, 19, 27, 28, 36, 35, 34, 33, 41, 49, 50, 51, 43, 44, 45, 53, 52, 60, 61, 62, 54, 55, 63]
[00:00:01:30:724] ! Bidirectional. expansions: 9,449, time: 90,300 [ms], path length: 44 [edges], g_F: 29, g_B: 15, generated: 0, MM: 14, MMPER: 30.11111111111111%
[00:00:01:30:725] 
---------- SM_Grids/8x8_grid_with_random_blocks_16per_4 ----------
[00:00:00:01:593] Path of length 48 found: [0, 1, 9, 8, 16, 17, 25, 33, 32, 40, 48, 56, 57, 49, 41, 42, 50, 51, 52, 60, 61, 53, 45, 44, 36, 37, 29, 28, 27, 35, 34, 26, 18, 10, 11, 3, 4, 12, 13, 14, 22, 30, 38, 39, 47, 46, 54, 62, 63]
[00:00:00:01:594] ! Unidirectional s-t. expansions: 279, time: 1,593 [ms], path length: 48 [edges], generated: 2,830
[00:00:00:04:748] Path of length 48 found: [63, 55, 47, 39, 38, 37, 36, 44, 45, 46, 54, 62, 61, 60, 52, 51, 50, 42, 41, 49, 57, 56, 48, 40, 32, 33, 25, 26, 34, 35, 27, 28, 29, 30, 22, 14, 13, 12, 4, 3, 11, 10, 18, 17, 16, 8, 9, 1, 0]
[00:00:00:04:749] ! Unidirectional t-s. expansions: 596, time: 4,748 [ms], path length: 48 [edges], generated: 6,414
[00:00:00:07:372] Path of length 48 found: [0, 1, 9, 8, 16, 17, 25, 26, 18, 10, 11, 3, 4, 12, 13, 14, 22, 30, 29, 37, 38, 39, 47, 55, 54, 46, 45, 44, 36, 28, 27, 35, 34, 33, 32, 40, 48, 56, 57, 49, 41, 42, 50, 51, 52, 60, 61, 62, 63]
[00:00:00:07:801] ! Bidirectional. expansions: 557, time: 7,372 [ms], path length: 48 [edges], g_F: 28, g_B: 20, generated: 0, MM: 8, MMPER: 15.326530612244898%
[00:00:00:07:801] 
---------- SM_Grids/8x8_grid_with_random_blocks_16per_5 ----------
[00:00:00:04:084] Path of length 50 found: [0, 8, 16, 24, 32, 33, 34, 26, 25, 17, 9, 1, 2, 10, 11, 19, 20, 12, 4, 5, 6, 14, 15, 23, 22, 30, 29, 28, 36, 35, 43, 44, 52, 51, 50, 49, 48, 56, 57, 58, 59, 60, 61, 53, 45, 46, 38, 39, 47, 55, 63]
[00:00:00:04:084] ! Unidirectional s-t. expansions: 677, time: 4,084 [ms], path length: 50 [edges], generated: 6,464
[00:00:00:03:158] Path of length 50 found: [63, 55, 47, 46, 45, 53, 61, 60, 59, 58, 57, 56, 48, 49, 50, 51, 52, 44, 43, 35, 36, 28, 29, 30, 38, 39, 31, 23, 15, 14, 6, 5, 4, 12, 20, 19, 11, 3, 2, 10, 9, 17, 25, 26, 34, 33, 32, 24, 16, 8, 0]
[00:00:00:03:159] ! Unidirectional t-s. expansions: 460, time: 3,158 [ms], path length: 50 [edges], generated: 4,319
[00:00:00:16:480] Path of length 50 found: [0, 8, 16, 24, 32, 33, 34, 26, 25, 17, 9, 10, 2, 3, 11, 19, 20, 12, 4, 5, 6, 14, 15, 23, 22, 30, 29, 28, 36, 35, 43, 51, 50, 49, 48, 56, 57, 58, 59, 60, 61, 53, 52, 44, 45, 46, 38, 39, 47, 55, 63]
[00:00:00:16:902] ! Bidirectional. expansions: 1,331, time: 16,480 [ms], path length: 50 [edges], g_F: 28, g_B: 22, generated: 0, MM: 6, MMPER: 10.764705882352942%
[00:00:00:16:902] 
---------- SM_Grids/8x8_grid_with_random_blocks_16per_6 ----------
[00:00:00:00:541] Path of length 48 found: [0, 1, 9, 8, 16, 17, 25, 24, 32, 33, 41, 40, 48, 49, 50, 42, 34, 35, 27, 26, 18, 10, 11, 19, 20, 21, 22, 14, 13, 5, 6, 7, 15, 23, 31, 30, 29, 37, 36, 44, 52, 53, 45, 46, 47, 55, 54, 62, 63]
[00:00:00:00:541] ! Unidirectional s-t. expansions: 78, time: 541 [ms], path length: 48 [edges], generated: 738
[00:00:00:00:169] Path of length 48 found: [63, 62, 54, 55, 47, 46, 38, 30, 31, 23, 22, 14, 15, 7, 6, 5, 13, 21, 29, 37, 45, 53, 52, 44, 36, 35, 27, 19, 11, 10, 18, 17, 25, 26, 34, 33, 41, 42, 50, 49, 48, 40, 32, 24, 16, 8, 9, 1, 0]
[00:00:00:00:170] ! Unidirectional t-s. expansions: 22, time: 170 [ms], path length: 48 [edges], generated: 213
[00:00:00:01:397] Path of length 48 found: [0, 1, 9, 8, 16, 24, 32, 40, 48, 49, 50, 42, 41, 33, 34, 26, 25, 17, 18, 10, 11, 19, 27, 35, 36, 44, 52, 53, 45, 37, 29, 21, 22, 14, 13, 5, 6, 7, 15, 23, 31, 30, 38, 46, 47, 55, 54, 62, 63]
[00:00:00:01:814] ! Bidirectional. expansions: 113, time: 1,397 [ms], path length: 48 [edges], g_F: 27, g_B: 21, generated: 0, MM: 6, MMPER: 11.244897959183673%
[00:00:00:01:815] 
---------- SM_Grids/8x8_grid_with_random_blocks_16per_7 ----------
[00:00:00:34:680] Path of length 48 found: [0, 8, 9, 10, 2, 3, 11, 19, 18, 17, 16, 24, 32, 40, 48, 56, 57, 58, 59, 60, 61, 53, 45, 44, 43, 51, 50, 49, 41, 33, 34, 35, 27, 28, 20, 21, 13, 14, 6, 7, 15, 23, 31, 30, 38, 46, 54, 55, 63]
[00:00:00:34:681] ! Unidirectional s-t. expansions: 6,484, time: 34,681 [ms], path length: 48 [edges], generated: 58,944
[00:00:00:22:651] Path of length 48 found: [63, 55, 54, 46, 38, 30, 31, 23, 15, 7, 6, 14, 13, 12, 20, 28, 27, 19, 11, 3, 2, 10, 9, 17, 18, 26, 34, 35, 43, 44, 45, 53, 61, 60, 59, 51, 50, 58, 57, 56, 48, 49, 41, 33, 32, 24, 16, 8, 0]
[00:00:00:22:652] ! Unidirectional t-s. expansions: 4,440, time: 22,652 [ms], path length: 48 [edges], generated: 43,800
[00:00:01:15:782] Path of length 48 found: [0, 8, 9, 10, 2, 3, 11, 19, 27, 28, 20, 12, 13, 14, 6, 7, 15, 23, 31, 30, 38, 37, 45, 44, 43, 51, 50, 42, 41, 33, 34, 26, 18, 17, 16, 24, 32, 40, 48, 56, 57, 58, 59, 60, 61, 53, 54, 55, 63]
[00:00:01:16:180] ! Bidirectional. expansions: 11,742, time: 75,782 [ms], path length: 48 [edges], g_F: 28, g_B: 20, generated: 0, MM: 8, MMPER: 15.326530612244898%
[00:00:01:16:181] 
---------- SM_Grids/8x8_grid_with_random_blocks_16per_8 ----------
[00:00:00:06:610] Path of length 50 found: [0, 8, 16, 17, 18, 19, 20, 12, 11, 10, 9, 1, 2, 3, 4, 5, 6, 7, 15, 23, 22, 14, 13, 21, 29, 28, 36, 35, 34, 33, 32, 40, 48, 56, 57, 49, 41, 42, 50, 51, 59, 60, 61, 53, 45, 37, 38, 46, 54, 62, 63]
[00:00:00:06:610] ! Unidirectional s-t. expansions: 1,101, time: 6,610 [ms], path length: 50 [edges], generated: 10,633
[00:00:00:00:484] Path of length 50 found: [63, 62, 54, 46, 38, 37, 45, 53, 61, 60, 59, 51, 50, 49, 57, 56, 48, 40, 32, 33, 41, 42, 43, 35, 34, 26, 18, 19, 20, 28, 29, 21, 22, 23, 15, 7, 6, 14, 13, 5, 4, 12, 11, 3, 2, 10, 9, 17, 16, 8, 0]
[00:00:00:00:484] ! Unidirectional t-s. expansions: 99, time: 484 [ms], path length: 50 [edges], generated: 926
[00:00:00:08:329] Path of length 50 found: [0, 8, 16, 17, 9, 1, 2, 3, 4, 5, 6, 7, 15, 23, 22, 14, 13, 12, 11, 10, 18, 19, 20, 21, 29, 28, 36, 35, 34, 33, 32, 40, 48, 56, 57, 49, 50, 42, 43, 51, 59, 60, 61, 53, 45, 37, 38, 46, 54, 62, 63]
[00:00:00:08:727] ! Bidirectional. expansions: 937, time: 8,329 [ms], path length: 50 [edges], g_F: 30, g_B: 20, generated: 0, MM: 10, MMPER: 18.607843137254903%
[00:00:00:08:727] 
---------- SM_Grids/8x8_grid_with_random_blocks_16per_9 ----------
[00:00:00:01:242] Path of length 46 found: [0, 8, 9, 1, 2, 3, 11, 12, 4, 5, 6, 7, 15, 14, 13, 21, 20, 28, 27, 26, 18, 17, 25, 24, 32, 33, 41, 42, 50, 58, 59, 51, 43, 44, 36, 37, 38, 30, 31, 39, 47, 55, 54, 53, 61, 62, 63]
[00:00:00:01:242] ! Unidirectional s-t. expansions: 207, time: 1,242 [ms], path length: 46 [edges], generated: 2,051
[00:00:00:00:849] Path of length 46 found: [63, 62, 54, 55, 47, 39, 31, 30, 38, 37, 45, 53, 52, 51, 59, 58, 50, 42, 43, 44, 36, 28, 20, 21, 13, 14, 15, 7, 6, 5, 4, 12, 11, 3, 2, 1, 9, 17, 18, 26, 25, 33, 32, 24, 16, 8, 0]
[00:00:00:00:850] ! Unidirectional t-s. expansions: 107, time: 849 [ms], path length: 46 [edges], generated: 1,304
[00:00:00:04:474] Path of length 46 found: [0, 8, 9, 1, 2, 3, 11, 12, 4, 5, 6, 7, 15, 14, 13, 21, 20, 28, 27, 26, 18, 17, 16, 24, 32, 33, 41, 42, 50, 58, 59, 51, 52, 44, 36, 37, 38, 30, 31, 39, 47, 55, 54, 53, 61, 62, 63]
[00:00:00:04:867] ! Bidirectional. expansions: 541, time: 4,474 [ms], path length: 46 [edges], g_F: 30, g_B: 16, generated: 0, MM: 14, MMPER: 28.78723404255319%

[00:00:00:04:867] average expansions: (1,611, 2,183, 2,707, 0)
[00:00:00:04:867] average time: (8,815, 11,780, 22,945, 0)
[00:00:00:04:867] XA*: 1,611 , 8,815 (expansions , time[ms])
[00:00:00:04:868] BiXA*: 2,707 , 22,945 (expansions , time[ms])

