------------------------------------
Thu 01 Oct 2026 17:12:51 IDT
SLURM_JOBID:		21953448
SLURM_JOB_NODELIST:	ise-cpu256-01
SLURM_SCRATCH_DIR:	/scratch/shubit/21953448
Allocated Resouces:	cpu - 2 / mem - 61440 MB / gpu - 
SLURM_GPU_INDEX:	
Running as shubit from shimony account with normal QOS
------------------------------------
Thu 01 Oct 2026 17:12:51 IDT

SLURM_JOBID:		 21953448
SLURM_JOB_NODELIST:	 ise-cpu256-01 

--------------------------
date: SM_Grids
number_of_graphs: 10
graph_type: grid
size_of_graphs: [8, 8]
heuristic: bcc_heuristic
snake: False
run_uni: True
run_bi: True
run_multi: False
solution_vertices: []
algorithms: ['XMM']
lookahead: 3
bsd: False
cube_first_dims: 4
cube_buffer_dim: None
backward_sym_generation: False
sym_coil: False
prefix_set: None

---------- SM_Grids/8x8_grid_with_random_blocks_16per_0 ----------
[00:00:00:01:005] Path of length 44 found: [0, 1, 9, 10, 2, 3, 11, 19, 18, 26, 34, 42, 41, 33, 25, 24, 32, 40, 48, 49, 50, 51, 43, 44, 36, 37, 29, 28, 20, 12, 13, 5, 6, 7, 15, 14, 22, 23, 31, 30, 38, 46, 47, 55, 63]
[00:00:00:01:005] ! Unidirectional s-t. expansions: 193, time: 1,005 [ms], path length: 44 [edges], generated: 1,895
[00:00:00:00:606] Path of length 44 found: [63, 55, 47, 46, 38, 39, 31, 30, 22, 23, 15, 7, 6, 5, 13, 12, 20, 28, 29, 37, 36, 44, 43, 35, 34, 33, 41, 42, 50, 49, 48, 40, 32, 24, 25, 26, 18, 19, 11, 3, 2, 10, 9, 1, 0]
[00:00:00:00:606] ! Unidirectional t-s. expansions: 78, time: 606 [ms], path length: 44 [edges], generated: 782
[00:00:00:01:313] Path of length 44 found: [0, 1, 9, 10, 2, 3, 11, 19, 18, 26, 25, 24, 32, 40, 48, 49, 41, 33, 34, 42, 50, 51, 43, 44, 36, 37, 29, 28, 20, 12, 13, 5, 6, 7, 15, 23, 22, 30, 31, 39, 38, 46, 47, 55, 63]
[00:00:00:01:872] ! Bidirectional. expansions: 357, time: 1,313 [ms], path length: 44 [edges], g_F: 23, g_B: 21, generated: 639, MM: 2, MMPER: 3.4444444444444446%
[00:00:00:01:873] 
---------- SM_Grids/8x8_grid_with_random_blocks_16per_1 ----------
[00:00:00:00:157] Path of length 44 found: [0, 8, 9, 10, 2, 3, 4, 12, 11, 19, 18, 26, 25, 24, 32, 33, 41, 42, 34, 35, 43, 44, 36, 28, 20, 21, 29, 30, 22, 14, 15, 23, 31, 39, 38, 46, 47, 55, 54, 53, 52, 60, 61, 62, 63]
[00:00:00:00:158] ! Unidirectional s-t. expansions: 17, time: 158 [ms], path length: 44 [edges], generated: 197
[00:00:00:05:119] Path of length 44 found: [63, 62, 61, 60, 52, 53, 54, 55, 47, 46, 38, 39, 31, 23, 15, 14, 22, 30, 29, 21, 20, 12, 4, 3, 2, 10, 11, 19, 18, 26, 27, 28, 36, 44, 43, 35, 34, 42, 41, 33, 25, 24, 16, 8, 0]
[00:00:00:05:120] ! Unidirectional t-s. expansions: 552, time: 5,119 [ms], path length: 44 [edges], generated: 6,855
[00:00:00:09:514] Path of length 44 found: [0, 8, 9, 10, 2, 3, 4, 12, 11, 19, 18, 26, 25, 24, 32, 33, 41, 42, 34, 35, 43, 44, 36, 28, 20, 21, 29, 30, 22, 14, 15, 23, 31, 39, 38, 46, 47, 55, 54, 53, 52, 60, 61, 62, 63]
[00:00:00:09:960] ! Bidirectional. expansions: 2,062, time: 9,514 [ms], path length: 44 [edges], g_F: 21, g_B: 23, generated: 3,973, MM: 2, MMPER: 3.4444444444444446%
[00:00:00:09:960] 
---------- SM_Grids/8x8_grid_with_random_blocks_16per_2 ----------
[00:00:00:09:399] Path of length 44 found: [0, 1, 2, 3, 11, 19, 20, 21, 29, 30, 38, 46, 47, 55, 54, 53, 45, 44, 36, 28, 27, 26, 18, 17, 16, 24, 32, 40, 48, 56, 57, 58, 50, 49, 41, 33, 34, 42, 43, 51, 59, 60, 61, 62, 63]
[00:00:00:09:399] ! Unidirectional s-t. expansions: 1,357, time: 9,399 [ms], path length: 44 [edges], generated: 14,561
[00:00:00:20:501] Path of length 44 found: [63, 62, 54, 55, 47, 46, 38, 30, 29, 21, 20, 28, 36, 44, 45, 53, 52, 60, 59, 58, 57, 56, 48, 49, 50, 51, 43, 42, 34, 33, 41, 40, 32, 24, 16, 17, 18, 26, 27, 19, 11, 3, 2, 1, 0]
[00:00:00:20:502] ! Unidirectional t-s. expansions: 3,226, time: 20,501 [ms], path length: 44 [edges], generated: 28,708
[00:00:00:24:260] Path of length 44 found: [0, 1, 2, 3, 11, 10, 18, 17, 16, 24, 32, 40, 48, 56, 57, 49, 41, 33, 34, 26, 27, 19, 20, 21, 29, 30, 38, 46, 47, 55, 54, 53, 45, 44, 52, 51, 43, 42, 50, 58, 59, 60, 61, 62, 63]
[00:00:00:24:736] ! Bidirectional. expansions: 5,565, time: 24,260 [ms], path length: 44 [edges], g_F: 21, g_B: 23, generated: 10,271, MM: 2, MMPER: 3.4444444444444446%
[00:00:00:24:737] 
---------- SM_Grids/8x8_grid_with_random_blocks_16per_3 ----------
[00:00:00:32:856] Path of length 44 found: [0, 8, 16, 24, 25, 17, 18, 10, 11, 12, 13, 14, 15, 23, 31, 30, 38, 39, 47, 46, 45, 44, 43, 35, 36, 28, 29, 21, 20, 19, 27, 26, 34, 33, 41, 49, 50, 51, 52, 60, 61, 53, 54, 62, 63]
[00:00:00:32:857] ! Unidirectional s-t. expansions: 5,714, time: 32,856 [ms], path length: 44 [edges], generated: 57,317
[00:00:00:53:805] Expansion 10,000: state None, f=45, g=9
[00:00:01:06:995] Path of length 44 found: [63, 55, 47, 39, 31, 23, 15, 14, 13, 12, 11, 10, 18, 19, 27, 35, 34, 42, 43, 44, 36, 28, 20, 21, 29, 30, 38, 46, 45, 53, 54, 62, 61, 60, 52, 51, 50, 49, 41, 33, 25, 17, 16, 8, 0]
[00:00:01:06:995] ! Unidirectional t-s. expansions: 12,251, time: 66,995 [ms], path length: 44 [edges], generated: 117,521
[00:00:00:51:599] Path of length 44 found: [0, 8, 16, 24, 25, 17, 18, 10, 11, 12, 13, 14, 15, 23, 31, 30, 38, 39, 47, 55, 54, 46, 45, 44, 36, 28, 29, 21, 20, 19, 27, 35, 34, 33, 41, 49, 50, 42, 43, 51, 52, 60, 61, 62, 63]
[00:00:00:52:077] ! Bidirectional. expansions: 11,487, time: 51,599 [ms], path length: 44 [edges], g_F: 21, g_B: 23, generated: 21,635, MM: 2, MMPER: 3.4444444444444446%
[00:00:00:52:077] 
---------- SM_Grids/8x8_grid_with_random_blocks_16per_4 ----------
[00:00:00:01:738] Path of length 48 found: [0, 1, 9, 8, 16, 17, 25, 33, 32, 40, 48, 56, 57, 49, 41, 42, 50, 51, 52, 60, 61, 53, 45, 44, 36, 37, 29, 28, 27, 35, 34, 26, 18, 10, 11, 3, 4, 12, 13, 14, 22, 30, 38, 39, 47, 46, 54, 62, 63]
[00:00:00:01:740] ! Unidirectional s-t. expansions: 279, time: 1,738 [ms], path length: 48 [edges], generated: 2,830
[00:00:00:04:981] Path of length 48 found: [63, 55, 47, 39, 38, 37, 36, 44, 45, 46, 54, 62, 61, 60, 52, 51, 50, 42, 41, 49, 57, 56, 48, 40, 32, 33, 25, 26, 34, 35, 27, 28, 29, 30, 22, 14, 13, 12, 4, 3, 11, 10, 18, 17, 16, 8, 9, 1, 0]
[00:00:00:04:981] ! Unidirectional t-s. expansions: 596, time: 4,981 [ms], path length: 48 [edges], generated: 6,414
[00:00:00:06:085] Path of length 48 found: [0, 1, 9, 8, 16, 17, 25, 33, 32, 40, 48, 56, 57, 49, 41, 42, 50, 51, 52, 60, 61, 62, 54, 53, 45, 44, 36, 28, 27, 35, 34, 26, 18, 10, 11, 3, 4, 12, 13, 14, 22, 30, 29, 37, 38, 39, 47, 55, 63]
[00:00:00:06:550] ! Bidirectional. expansions: 1,410, time: 6,085 [ms], path length: 48 [edges], g_F: 25, g_B: 23, generated: 2,574, MM: 2, MMPER: 3.0816326530612246%
[00:00:00:06:550] 
---------- SM_Grids/8x8_grid_with_random_blocks_16per_5 ----------
[00:00:00:04:355] Path of length 50 found: [0, 8, 16, 24, 32, 33, 34, 26, 25, 17, 9, 1, 2, 10, 11, 19, 20, 12, 4, 5, 6, 14, 15, 23, 22, 30, 29, 28, 36, 35, 43, 44, 52, 51, 50, 49, 48, 56, 57, 58, 59, 60, 61, 53, 45, 46, 38, 39, 47, 55, 63]
[00:00:00:04:355] ! Unidirectional s-t. expansions: 677, time: 4,355 [ms], path length: 50 [edges], generated: 6,464
[00:00:00:03:488] Path of length 50 found: [63, 55, 47, 46, 45, 53, 61, 60, 59, 58, 57, 56, 48, 49, 50, 51, 52, 44, 43, 35, 36, 28, 29, 30, 38, 39, 31, 23, 15, 14, 6, 5, 4, 12, 20, 19, 11, 3, 2, 10, 9, 17, 25, 26, 34, 33, 32, 24, 16, 8, 0]
[00:00:00:03:488] ! Unidirectional t-s. expansions: 460, time: 3,488 [ms], path length: 50 [edges], generated: 4,319
[00:00:00:08:649] Path of length 50 found: [0, 8, 16, 24, 32, 33, 34, 26, 25, 17, 9, 1, 2, 10, 11, 19, 20, 12, 4, 5, 6, 14, 15, 23, 22, 30, 29, 28, 36, 35, 43, 51, 50, 49, 48, 56, 57, 58, 59, 60, 52, 44, 45, 53, 54, 46, 38, 39, 47, 55, 63]
[00:00:00:09:128] ! Bidirectional. expansions: 2,119, time: 8,649 [ms], path length: 50 [edges], g_F: 24, g_B: 26, generated: 3,611, MM: 2, MMPER: 2.9215686274509802%
[00:00:00:09:129] 
---------- SM_Grids/8x8_grid_with_random_blocks_16per_6 ----------
[00:00:00:00:584] Path of length 48 found: [0, 1, 9, 8, 16, 17, 25, 24, 32, 33, 41, 40, 48, 49, 50, 42, 34, 35, 27, 26, 18, 10, 11, 19, 20, 21, 22, 14, 13, 5, 6, 7, 15, 23, 31, 30, 29, 37, 36, 44, 52, 53, 45, 46, 47, 55, 54, 62, 63]
[00:00:00:00:584] ! Unidirectional s-t. expansions: 78, time: 584 [ms], path length: 48 [edges], generated: 738
[00:00:00:00:180] Path of length 48 found: [63, 62, 54, 55, 47, 46, 38, 30, 31, 23, 22, 14, 15, 7, 6, 5, 13, 21, 29, 37, 45, 53, 52, 44, 36, 35, 27, 19, 11, 10, 18, 17, 25, 26, 34, 33, 41, 42, 50, 49, 48, 40, 32, 24, 16, 8, 9, 1, 0]
[00:00:00:00:180] ! Unidirectional t-s. expansions: 22, time: 180 [ms], path length: 48 [edges], generated: 213
[00:00:00:00:631] Path of length 48 found: [0, 1, 9, 8, 16, 24, 32, 40, 48, 49, 50, 42, 41, 33, 34, 35, 27, 26, 25, 17, 18, 10, 11, 19, 20, 21, 22, 14, 13, 5, 6, 7, 15, 23, 31, 30, 38, 37, 36, 44, 52, 53, 45, 46, 47, 55, 54, 62, 63]
[00:00:00:01:094] ! Bidirectional. expansions: 161, time: 631 [ms], path length: 48 [edges], g_F: 24, g_B: 24, generated: 275, MM: 0, MMPER: -1.0%
[00:00:00:01:094] 
---------- SM_Grids/8x8_grid_with_random_blocks_16per_7 ----------
[00:00:00:37:951] Path of length 48 found: [0, 8, 9, 10, 2, 3, 11, 19, 18, 17, 16, 24, 32, 40, 48, 56, 57, 58, 59, 60, 61, 53, 45, 44, 43, 51, 50, 49, 41, 33, 34, 35, 27, 28, 20, 21, 13, 14, 6, 7, 15, 23, 31, 30, 38, 46, 54, 55, 63]
[00:00:00:37:952] ! Unidirectional s-t. expansions: 6,484, time: 37,952 [ms], path length: 48 [edges], generated: 58,944
[00:00:00:25:198] Path of length 48 found: [63, 55, 54, 46, 38, 30, 31, 23, 15, 7, 6, 14, 13, 12, 20, 28, 27, 19, 11, 3, 2, 10, 9, 17, 18, 26, 34, 35, 43, 44, 45, 53, 61, 60, 59, 51, 50, 58, 57, 56, 48, 49, 41, 33, 32, 24, 16, 8, 0]
[00:00:00:25:198] ! Unidirectional t-s. expansions: 4,440, time: 25,198 [ms], path length: 48 [edges], generated: 43,800
[00:00:00:51:390] Path of length 48 found: [0, 8, 9, 10, 2, 3, 11, 19, 18, 17, 16, 24, 32, 40, 48, 56, 57, 49, 41, 33, 34, 26, 27, 28, 20, 21, 13, 14, 6, 7, 15, 23, 31, 30, 38, 37, 45, 44, 43, 51, 50, 58, 59, 60, 61, 53, 54, 55, 63]
[00:00:00:51:859] ! Bidirectional. expansions: 11,373, time: 51,390 [ms], path length: 48 [edges], g_F: 25, g_B: 23, generated: 20,805, MM: 2, MMPER: 3.0816326530612246%
[00:00:00:51:859] 
---------- SM_Grids/8x8_grid_with_random_blocks_16per_8 ----------
[00:00:00:07:227] Path of length 50 found: [0, 8, 16, 17, 18, 19, 20, 12, 11, 10, 9, 1, 2, 3, 4, 5, 6, 7, 15, 23, 22, 14, 13, 21, 29, 28, 36, 35, 34, 33, 32, 40, 48, 56, 57, 49, 41, 42, 50, 51, 59, 60, 61, 53, 45, 37, 38, 46, 54, 62, 63]
[00:00:00:07:227] ! Unidirectional s-t. expansions: 1,101, time: 7,227 [ms], path length: 50 [edges], generated: 10,633
[00:00:00:00:539] Path of length 50 found: [63, 62, 54, 46, 38, 37, 45, 53, 61, 60, 59, 51, 50, 49, 57, 56, 48, 40, 32, 33, 41, 42, 43, 35, 34, 26, 18, 19, 20, 28, 29, 21, 22, 23, 15, 7, 6, 14, 13, 5, 4, 12, 11, 3, 2, 10, 9, 17, 16, 8, 0]
[00:00:00:00:539] ! Unidirectional t-s. expansions: 99, time: 539 [ms], path length: 50 [edges], generated: 926
[00:00:00:05:647] Path of length 50 found: [0, 8, 16, 17, 9, 1, 2, 3, 4, 5, 6, 7, 15, 23, 22, 14, 13, 21, 29, 28, 20, 12, 11, 10, 18, 26, 34, 35, 43, 42, 41, 33, 32, 40, 48, 56, 57, 49, 50, 51, 59, 60, 61, 53, 45, 37, 38, 46, 54, 62, 63]
[00:00:00:06:100] ! Bidirectional. expansions: 1,479, time: 5,647 [ms], path length: 50 [edges], g_F: 24, g_B: 26, generated: 2,504, MM: 2, MMPER: 2.9215686274509802%
[00:00:00:06:100] 
---------- SM_Grids/8x8_grid_with_random_blocks_16per_9 ----------
[00:00:00:01:448] Path of length 46 found: [0, 8, 9, 1, 2, 3, 11, 12, 4, 5, 6, 7, 15, 14, 13, 21, 20, 28, 27, 26, 18, 17, 25, 24, 32, 33, 41, 42, 50, 58, 59, 51, 43, 44, 36, 37, 38, 30, 31, 39, 47, 55, 54, 53, 61, 62, 63]
[00:00:00:01:448] ! Unidirectional s-t. expansions: 207, time: 1,448 [ms], path length: 46 [edges], generated: 2,051
[00:00:00:00:943] Path of length 46 found: [63, 62, 54, 55, 47, 39, 31, 30, 38, 37, 45, 53, 52, 51, 59, 58, 50, 42, 43, 44, 36, 28, 20, 21, 13, 14, 15, 7, 6, 5, 4, 12, 11, 3, 2, 1, 9, 17, 18, 26, 25, 33, 32, 24, 16, 8, 0]
[00:00:00:00:944] ! Unidirectional t-s. expansions: 107, time: 943 [ms], path length: 46 [edges], generated: 1,304
[00:00:00:02:226] Path of length 46 found: [0, 8, 16, 24, 25, 17, 9, 1, 2, 3, 11, 12, 4, 5, 6, 7, 15, 14, 13, 21, 20, 28, 27, 26, 34, 33, 41, 42, 50, 58, 59, 51, 52, 44, 45, 37, 38, 30, 31, 39, 47, 55, 54, 53, 61, 62, 63]
[00:00:00:02:684] ! Bidirectional. expansions: 588, time: 2,226 [ms], path length: 46 [edges], g_F: 24, g_B: 22, generated: 991, MM: 2, MMPER: 3.25531914893617%

[00:00:00:02:684] average expansions: (1,611, 2,183, 3,660, 0)
[00:00:00:02:684] average time: (9,672, 12,855, 16,131, 0)
[00:00:00:02:684] XA*: 1,611 , 9,672 (expansions , time[ms])
[00:00:00:02:684] XMM: 3,660 , 16,131 (expansions , time[ms])

