------------------------------------
Thu 01 Oct 2026 14:06:33 IDT
SLURM_JOBID:		21947795
SLURM_JOB_NODELIST:	ise-cpu256-27
SLURM_SCRATCH_DIR:	/scratch/shubit/21947795
Allocated Resouces:	cpu - 2 / mem - 61440 MB / gpu - 
SLURM_GPU_INDEX:	
Running as shubit from shimony account with normal QOS
------------------------------------
Thu 01 Oct 2026 14:06:33 IDT

SLURM_JOBID:		 21947795
SLURM_JOB_NODELIST:	 ise-cpu256-27 

--------------------------
date: SM_Grids
number_of_graphs: 10
graph_type: grid
size_of_graphs: [8, 8]
heuristic: bcc_heuristic
snake: False
run_uni: True
run_bi: True
run_multi: False
solution_vertices: []
algorithms: ['DFBnB']
lookahead: 1
bsd: False
cube_first_dims: 4
cube_buffer_dim: None
backward_sym_generation: False
sym_coil: False
prefix_set: None

---------- SM_Grids/8x8_grid_with_random_blocks_12per_0 ----------
[00:00:00:23:753] Path of length 52 found: [0, 8, 16, 24, 25, 17, 9, 1, 2, 10, 18, 26, 34, 33, 41, 40, 48, 56, 57, 58, 50, 42, 43, 35, 27, 19, 11, 3, 4, 12, 20, 21, 13, 14, 22, 30, 31, 39, 47, 55, 54, 53, 45, 37, 36, 44, 52, 51, 59, 60, 61, 62, 63]
[00:00:00:23:753] ! Unidirectional s-t. expansions: 14,646, time: 23,753 [ms], path length: 52 [edges], generated: 24,004
[00:00:00:31:447] Path of length 52 found: [63, 55, 47, 39, 31, 30, 22, 14, 13, 21, 20, 12, 4, 3, 2, 1, 9, 17, 18, 10, 11, 19, 27, 28, 36, 37, 45, 44, 43, 35, 34, 42, 50, 51, 52, 53, 54, 62, 61, 60, 59, 58, 57, 56, 48, 40, 41, 33, 25, 24, 16, 8, 0]
[00:00:00:31:447] ! Unidirectional t-s. expansions: 24,338, time: 31,447 [ms], path length: 52 [edges], generated: 38,099
[00:00:02:40:432] Path of length 52 found: [0, 8, 16, 24, 25, 17, 9, 1, 2, 10, 18, 26, 34, 33, 41, 40, 48, 56, 57, 58, 50, 42, 43, 51, 59, 60, 61, 62, 54, 53, 52, 44, 45, 37, 36, 35, 27, 19, 11, 3, 4, 12, 20, 21, 13, 14, 22, 30, 31, 39, 47, 55, 63]
[00:00:02:40:882] ! Bidirectional. expansions: 40,626, time: 160,432 [ms], path length: 52 [edges], g_F: 41, g_B: 11, generated: 0, MM: 30, MMPER: 55.60377358490566%
[00:00:02:40:882] 
---------- SM_Grids/8x8_grid_with_random_blocks_12per_1 ----------
[00:00:00:02:617] Path of length 52 found: [0, 8, 16, 24, 32, 33, 25, 17, 9, 1, 2, 10, 11, 3, 4, 12, 13, 5, 6, 7, 15, 14, 22, 21, 20, 19, 27, 26, 34, 42, 41, 49, 50, 58, 59, 51, 52, 60, 61, 53, 45, 44, 36, 28, 29, 37, 38, 39, 47, 46, 54, 62, 63]
[00:00:00:02:618] ! Unidirectional s-t. expansions: 1,633, time: 2,617 [ms], path length: 52 [edges], generated: 2,704
[00:00:00:02:354] Path of length 52 found: [63, 55, 47, 39, 38, 37, 29, 21, 22, 14, 15, 7, 6, 5, 13, 12, 4, 3, 11, 10, 2, 1, 9, 17, 25, 26, 27, 19, 20, 28, 36, 44, 52, 53, 45, 46, 54, 62, 61, 60, 59, 51, 50, 49, 41, 42, 34, 33, 32, 24, 16, 8, 0]
[00:00:00:02:355] ! Unidirectional t-s. expansions: 1,303, time: 2,354 [ms], path length: 52 [edges], generated: 2,238
[00:00:00:55:693] Path of length 52 found: [0, 8, 16, 24, 32, 33, 25, 17, 9, 1, 2, 10, 11, 3, 4, 12, 13, 5, 6, 7, 15, 14, 22, 21, 20, 19, 27, 26, 34, 42, 41, 49, 50, 58, 59, 60, 61, 62, 54, 46, 45, 53, 52, 44, 36, 28, 29, 37, 38, 39, 47, 55, 63]
[00:00:00:56:130] ! Bidirectional. expansions: 12,031, time: 55,693 [ms], path length: 52 [edges], g_F: 41, g_B: 11, generated: 0, MM: 30, MMPER: 55.60377358490566%
[00:00:00:56:130] 
---------- SM_Grids/8x8_grid_with_random_blocks_12per_2 ----------
[00:00:00:37:493] Path of length 50 found: [0, 8, 16, 24, 32, 33, 25, 17, 9, 1, 2, 10, 18, 19, 27, 28, 20, 12, 11, 3, 4, 5, 13, 21, 22, 14, 15, 23, 31, 30, 29, 37, 36, 44, 43, 42, 50, 49, 57, 58, 59, 51, 52, 60, 61, 62, 54, 46, 47, 55, 63]
[00:00:00:37:493] ! Unidirectional s-t. expansions: 19,801, time: 37,493 [ms], path length: 50 [edges], generated: 35,564
[00:00:00:11:530] Path of length 50 found: [63, 55, 47, 46, 54, 62, 61, 60, 52, 44, 43, 51, 59, 58, 57, 49, 50, 42, 34, 33, 32, 24, 25, 17, 16, 8, 9, 10, 18, 19, 27, 28, 36, 37, 38, 30, 29, 21, 22, 23, 15, 14, 13, 5, 4, 12, 11, 3, 2, 1, 0]
[00:00:00:11:530] ! Unidirectional t-s. expansions: 6,370, time: 11,530 [ms], path length: 50 [edges], generated: 11,920
[00:00:03:17:285] Path of length 50 found: [0, 8, 16, 24, 32, 33, 25, 17, 9, 1, 2, 10, 18, 19, 27, 28, 20, 12, 11, 3, 4, 5, 13, 21, 22, 14, 15, 23, 31, 30, 38, 37, 45, 44, 43, 42, 50, 49, 57, 58, 59, 51, 52, 60, 61, 62, 54, 46, 47, 55, 63]
[00:00:03:17:710] ! Bidirectional. expansions: 46,354, time: 197,285 [ms], path length: 50 [edges], g_F: 27, g_B: 23, generated: 0, MM: 4, MMPER: 6.8431372549019605%
[00:00:03:17:710] 
---------- SM_Grids/8x8_grid_with_random_blocks_12per_3 ----------
[00:00:00:11:059] Path of length 54 found: [0, 8, 16, 24, 32, 33, 41, 49, 48, 56, 57, 58, 50, 51, 59, 60, 52, 44, 43, 35, 36, 37, 29, 30, 22, 14, 13, 12, 20, 19, 27, 26, 25, 17, 18, 10, 9, 1, 2, 3, 4, 5, 6, 7, 15, 23, 31, 39, 38, 46, 47, 55, 54, 62, 63]
[00:00:00:11:060] ! Unidirectional s-t. expansions: 6,537, time: 11,059 [ms], path length: 54 [edges], generated: 10,793
[00:00:00:10:189] Path of length 54 found: [63, 55, 47, 39, 31, 23, 15, 7, 6, 5, 4, 3, 2, 1, 9, 10, 18, 17, 25, 26, 27, 19, 20, 12, 13, 14, 22, 30, 29, 37, 38, 46, 54, 62, 61, 60, 52, 44, 36, 35, 43, 51, 59, 58, 57, 56, 48, 49, 41, 33, 32, 24, 16, 8, 0]
[00:00:00:10:190] ! Unidirectional t-s. expansions: 4,983, time: 10,189 [ms], path length: 54 [edges], generated: 8,334
[00:00:03:03:944] Path of length 54 found: [0, 8, 16, 24, 32, 33, 41, 49, 48, 56, 57, 58, 50, 51, 59, 60, 61, 62, 54, 46, 45, 44, 43, 35, 36, 37, 29, 30, 22, 14, 13, 12, 20, 19, 27, 26, 25, 17, 18, 10, 9, 1, 2, 3, 4, 5, 6, 7, 15, 23, 31, 39, 47, 55, 63]
[00:00:03:04:371] ! Bidirectional. expansions: 42,323, time: 183,944 [ms], path length: 54 [edges], g_F: 24, g_B: 30, generated: 0, MM: 6, MMPER: 9.909090909090908%
[00:00:03:04:371] 
---------- SM_Grids/8x8_grid_with_random_blocks_12per_4 ----------
[00:00:00:00:666] Path of length 54 found: [0, 8, 16, 24, 25, 17, 9, 10, 18, 26, 34, 33, 41, 49, 48, 56, 57, 58, 50, 42, 43, 51, 59, 60, 52, 44, 36, 35, 27, 19, 11, 12, 4, 5, 6, 14, 13, 21, 20, 28, 29, 37, 38, 30, 22, 23, 31, 39, 47, 55, 54, 53, 61, 62, 63]
[00:00:00:00:666] ! Unidirectional s-t. expansions: 383, time: 666 [ms], path length: 54 [edges], generated: 678
[00:00:00:00:106] Path of length 54 found: [63, 55, 47, 39, 31, 23, 22, 14, 6, 5, 4, 12, 13, 21, 20, 19, 11, 10, 9, 17, 18, 26, 34, 42, 50, 51, 43, 35, 27, 28, 29, 30, 38, 37, 36, 44, 52, 53, 54, 62, 61, 60, 59, 58, 57, 56, 48, 49, 41, 33, 25, 24, 16, 8, 0]
[00:00:00:00:106] ! Unidirectional t-s. expansions: 54, time: 106 [ms], path length: 54 [edges], generated: 91
[00:00:00:03:737] Path of length 54 found: [0, 8, 16, 24, 25, 17, 9, 10, 18, 26, 34, 33, 41, 49, 48, 56, 57, 58, 50, 42, 43, 51, 59, 60, 61, 62, 54, 53, 52, 44, 36, 35, 27, 28, 20, 19, 11, 12, 4, 5, 6, 14, 13, 21, 29, 37, 38, 30, 22, 23, 31, 39, 47, 55, 63]
[00:00:00:04:168] ! Bidirectional. expansions: 996, time: 3,737 [ms], path length: 54 [edges], g_F: 27, g_B: 27, generated: 0, MM: 0, MMPER: -1.0%
[00:00:00:04:168] 
---------- SM_Grids/8x8_grid_with_random_blocks_12per_5 ----------
[00:00:00:32:217] Path of length 52 found: [0, 8, 16, 24, 32, 40, 41, 33, 25, 17, 9, 1, 2, 3, 11, 19, 27, 35, 34, 42, 50, 58, 59, 51, 43, 44, 52, 60, 61, 53, 45, 37, 29, 28, 20, 21, 13, 12, 4, 5, 6, 14, 15, 23, 22, 30, 31, 39, 38, 46, 47, 55, 63]
[00:00:00:32:218] ! Unidirectional s-t. expansions: 17,136, time: 32,217 [ms], path length: 52 [edges], generated: 30,426
[00:00:00:15:542] Path of length 52 found: [63, 55, 47, 39, 31, 23, 15, 14, 6, 5, 4, 3, 2, 1, 9, 17, 18, 19, 27, 28, 20, 12, 13, 21, 22, 30, 29, 37, 38, 46, 45, 44, 52, 53, 61, 60, 59, 58, 50, 51, 43, 35, 34, 42, 41, 40, 32, 33, 25, 24, 16, 8, 0]
[00:00:00:15:542] ! Unidirectional t-s. expansions: 9,474, time: 15,542 [ms], path length: 52 [edges], generated: 15,886
[00:00:01:51:191] Path of length 52 found: [0, 8, 16, 24, 32, 40, 41, 33, 25, 17, 9, 1, 2, 3, 11, 19, 20, 28, 27, 35, 34, 42, 50, 58, 59, 60, 61, 53, 52, 51, 43, 44, 45, 46, 38, 37, 29, 30, 22, 21, 13, 12, 4, 5, 6, 14, 15, 23, 31, 39, 47, 55, 63]
[00:00:01:51:614] ! Bidirectional. expansions: 28,156, time: 111,192 [ms], path length: 52 [edges], g_F: 15, g_B: 37, generated: 0, MM: 22, MMPER: 40.509433962264154%
[00:00:01:51:614] 
---------- SM_Grids/8x8_grid_with_random_blocks_12per_6 ----------
[00:00:00:46:413] Path of length 52 found: [0, 8, 16, 24, 32, 40, 48, 49, 41, 42, 50, 51, 59, 60, 61, 53, 45, 44, 43, 35, 34, 26, 25, 17, 9, 1, 2, 10, 18, 19, 27, 28, 20, 12, 11, 3, 4, 5, 13, 14, 6, 7, 15, 23, 22, 21, 29, 37, 38, 46, 54, 62, 63]
[00:00:00:46:414] ! Unidirectional s-t. expansions: 31,302, time: 46,413 [ms], path length: 52 [edges], generated: 50,527
[00:00:00:36:194] Path of length 52 found: [63, 62, 54, 46, 38, 37, 29, 21, 13, 14, 22, 23, 15, 7, 6, 5, 4, 3, 2, 1, 9, 17, 25, 26, 18, 10, 11, 12, 20, 19, 27, 28, 36, 35, 34, 42, 43, 44, 45, 53, 61, 60, 59, 51, 50, 49, 41, 40, 32, 24, 16, 8, 0]
[00:00:00:36:195] ! Unidirectional t-s. expansions: 24,818, time: 36,194 [ms], path length: 52 [edges], generated: 41,609
[00:00:03:03:674] Expansions: 50,000. F states: 57,325, B states: 31,727. Checks: 216,949)
[00:00:05:22:666] Path of length 52 found: [0, 8, 16, 24, 32, 40, 48, 49, 41, 42, 50, 51, 59, 60, 61, 53, 45, 44, 43, 35, 36, 28, 27, 19, 20, 12, 11, 10, 18, 26, 25, 17, 9, 1, 2, 3, 4, 5, 6, 7, 15, 23, 22, 14, 13, 21, 29, 37, 38, 46, 54, 62, 63]
[00:00:05:23:110] ! Bidirectional. expansions: 87,964, time: 322,666 [ms], path length: 52 [edges], g_F: 26, g_B: 26, generated: 0, MM: 0, MMPER: -1.0%
[00:00:05:23:110] 
---------- SM_Grids/8x8_grid_with_random_blocks_12per_7 ----------
[00:00:02:50:248] Valid states checked so far: 200,000, Expansions: 115,519, Global best: 53
[00:00:05:43:987] Valid states checked so far: 400,000, Expansions: 232,064, Global best: 53
[00:00:06:46:589] Path of length 52 found: [0, 8, 16, 24, 32, 40, 48, 56, 57, 58, 59, 60, 52, 44, 36, 28, 27, 26, 34, 35, 43, 42, 41, 33, 25, 17, 9, 10, 18, 19, 20, 12, 13, 5, 6, 7, 15, 14, 22, 23, 31, 30, 38, 37, 45, 53, 61, 62, 54, 46, 47, 55, 63]
[00:00:06:46:589] ! Unidirectional s-t. expansions: 273,370, time: 406,589 [ms], path length: 52 [edges], generated: 469,500
[00:00:03:01:512] Valid states checked so far: 200,000, Expansions: 119,574, Global best: 53
[00:00:06:05:085] Valid states checked so far: 400,000, Expansions: 237,285, Global best: 53
[00:00:06:09:597] Path of length 52 found: [63, 55, 47, 39, 31, 23, 15, 7, 6, 5, 13, 12, 20, 21, 22, 30, 38, 37, 36, 28, 27, 19, 18, 10, 9, 17, 25, 26, 34, 35, 43, 44, 52, 53, 45, 46, 54, 62, 61, 60, 59, 58, 57, 56, 48, 49, 41, 33, 32, 24, 16, 8, 0]
[00:00:06:09:598] ! Unidirectional t-s. expansions: 239,510, time: 369,597 [ms], path length: 52 [edges], generated: 403,865
[00:00:02:51:865] Expansions: 50,000. F states: 48,663, B states: 45,008. Checks: 211,248)
[00:00:05:31:620] Expansions: 100,000. F states: 108,370, B states: 75,079. Checks: 425,029)
[00:00:08:15:447] Expansions: 150,000. F states: 168,694, B states: 102,746. Checks: 634,584)
[00:00:10:55:390] Expansions: 200,000. F states: 228,321, B states: 130,544. Checks: 843,301)
[00:00:13:43:148] Expansions: 250,000. F states: 280,776, B states: 168,245. Checks: 1,054,990)
[00:00:16:48:530] Expansions: 300,000. F states: 329,431, B states: 211,597. Checks: 1,272,341)
[00:00:19:33:055] Expansions: 350,000. F states: 387,925, B states: 244,359. Checks: 1,488,762)
[00:00:22:17:844] Expansions: 400,000. F states: 434,582, B states: 286,464. Checks: 1,699,771)
[00:00:25:21:369] Expansions: 450,000. F states: 487,597, B states: 324,311. Checks: 1,919,849)
[00:00:28:15:481] Expansions: 500,000. F states: 537,247, B states: 363,245. Checks: 2,130,647)
[00:00:31:04:286] Expansions: 550,000. F states: 583,348, B states: 406,933. Checks: 2,348,984)
[00:00:33:56:108] Expansions: 600,000. F states: 641,152, B states: 441,931. Checks: 2,574,637)
[00:00:36:47:534] Expansions: 650,000. F states: 697,715, B states: 476,421. Checks: 2,784,753)
[00:00:39:39:210] Expansions: 700,000. F states: 745,065, B states: 518,175. Checks: 2,993,341)
[00:00:42:39:528] Expansions: 750,000. F states: 791,043, B states: 561,991. Checks: 3,208,201)
[00:00:45:29:229] Expansions: 800,000. F states: 833,919, B states: 609,636. Checks: 3,425,536)
[00:00:48:22:422] Expansions: 850,000. F states: 884,633, B states: 648,511. Checks: 3,639,037)
[00:00:51:11:500] Expansions: 900,000. F states: 930,417, B states: 691,732. Checks: 3,852,840)
[00:00:53:53:111] Expansions: 950,000. F states: 980,447, B states: 730,921. Checks: 4,063,991)
[00:00:56:01:943] Path of length 52 found: [0, 8, 16, 24, 32, 40, 48, 56, 57, 58, 59, 60, 52, 53, 61, 62, 54, 46, 45, 44, 43, 42, 41, 33, 34, 26, 25, 17, 9, 10, 18, 19, 27, 28, 36, 37, 38, 30, 22, 21, 20, 12, 13, 5, 6, 7, 15, 23, 31, 39, 47, 55, 63]
[00:00:56:02:346] ! Bidirectional. expansions: 989,309, time: 3,361,943 [ms], path length: 52 [edges], g_F: 16, g_B: 36, generated: 0, MM: 20, MMPER: 36.735849056603776%
[00:00:56:02:346] 
---------- SM_Grids/8x8_grid_with_random_blocks_12per_8 ----------
[00:00:00:11:625] Path of length 54 found: [0, 8, 16, 24, 32, 33, 41, 49, 48, 56, 57, 58, 59, 60, 52, 53, 45, 37, 29, 21, 13, 12, 20, 19, 27, 28, 36, 44, 43, 35, 34, 26, 25, 17, 18, 10, 9, 1, 2, 3, 4, 5, 6, 7, 15, 14, 22, 23, 31, 30, 38, 46, 47, 55, 63]
[00:00:00:11:625] ! Unidirectional s-t. expansions: 8,424, time: 11,625 [ms], path length: 54 [edges], generated: 13,871
[00:00:00:08:539] Path of length 54 found: [63, 55, 47, 39, 31, 23, 15, 7, 6, 5, 4, 3, 2, 1, 9, 10, 18, 17, 25, 26, 34, 35, 43, 44, 36, 28, 27, 19, 20, 12, 13, 14, 22, 21, 29, 30, 38, 37, 45, 53, 52, 60, 59, 58, 57, 56, 48, 49, 41, 33, 32, 24, 16, 8, 0]
[00:00:00:08:540] ! Unidirectional t-s. expansions: 5,429, time: 8,539 [ms], path length: 54 [edges], generated: 9,446
[00:00:01:10:353] Path of length 54 found: [0, 8, 16, 24, 32, 33, 41, 49, 48, 56, 57, 58, 59, 60, 52, 53, 45, 46, 38, 37, 29, 30, 22, 14, 13, 12, 20, 19, 27, 28, 36, 44, 43, 35, 34, 26, 25, 17, 18, 10, 9, 1, 2, 3, 4, 5, 6, 7, 15, 23, 31, 39, 47, 55, 63]
[00:00:01:10:733] ! Bidirectional. expansions: 18,889, time: 70,353 [ms], path length: 54 [edges], g_F: 26, g_B: 28, generated: 0, MM: 2, MMPER: 2.6363636363636362%
[00:00:01:10:734] 
---------- SM_Grids/8x8_grid_with_random_blocks_12per_9 ----------
[00:00:02:29:653] Path of length 52 found: [0, 8, 9, 1, 2, 10, 18, 26, 25, 24, 32, 40, 48, 56, 57, 49, 41, 33, 34, 35, 43, 51, 50, 58, 59, 60, 52, 53, 45, 37, 36, 28, 27, 19, 11, 12, 20, 21, 13, 5, 6, 7, 15, 23, 31, 30, 38, 46, 47, 55, 54, 62, 63]
[00:00:02:29:654] ! Unidirectional s-t. expansions: 107,860, time: 149,653 [ms], path length: 52 [edges], generated: 181,731
[00:00:02:49:438] Valid states checked so far: 200,000, Expansions: 117,417, Global best: 53
[00:00:03:43:038] Path of length 52 found: [63, 55, 47, 46, 38, 30, 31, 23, 15, 7, 6, 5, 4, 12, 13, 21, 20, 19, 11, 10, 18, 26, 25, 33, 34, 35, 27, 28, 36, 37, 45, 53, 54, 62, 61, 60, 52, 51, 59, 58, 50, 49, 57, 56, 48, 40, 32, 24, 16, 8, 9, 1, 0]
[00:00:03:43:038] ! Unidirectional t-s. expansions: 154,934, time: 223,038 [ms], path length: 52 [edges], generated: 263,786
[00:00:02:35:380] Expansions: 50,000. F states: 27,760, B states: 58,504. Checks: 196,002)
[00:00:05:15:259] Expansions: 100,000. F states: 51,048, B states: 120,972. Checks: 389,756)
[00:00:07:50:987] Expansions: 150,000. F states: 83,056, B states: 178,007. Checks: 596,448)
[00:00:10:37:719] Expansions: 200,000. F states: 128,383, B states: 223,192. Checks: 817,075)
[00:00:13:16:575] Expansions: 250,000. F states: 174,978, B states: 267,270. Checks: 1,034,482)
[00:00:16:00:959] Expansions: 300,000. F states: 216,467, B states: 314,986. Checks: 1,251,355)
[00:00:18:27:378] Path of length 52 found: [0, 8, 9, 1, 2, 10, 18, 26, 25, 24, 32, 33, 41, 40, 48, 56, 57, 49, 50, 58, 59, 51, 52, 60, 61, 62, 54, 53, 45, 37, 29, 28, 36, 35, 27, 19, 20, 21, 13, 12, 4, 5, 6, 7, 15, 23, 31, 30, 38, 46, 47, 55, 63]
[00:00:18:27:771] ! Bidirectional. expansions: 344,821, time: 1,107,378 [ms], path length: 52 [edges], g_F: 27, g_B: 25, generated: 0, MM: 2, MMPER: 2.7735849056603774%

[00:00:18:27:771] average expansions: (48,109, 47,121, 161,147, 0)
[00:00:18:27:771] average time: (72,208, 70,854, 557,462, 0)
[00:00:18:27:772] XDFBnB: 47,121 , 70,854 (expansions , time[ms])
[00:00:18:27:772] BiXDFBnB: 161,147 , 557,462 (expansions , time[ms])

