------------------------------------
Thu 01 Oct 2026 12:15:42 IDT
SLURM_JOBID:		21944139
SLURM_JOB_NODELIST:	ise-cpu256-15
SLURM_SCRATCH_DIR:	/scratch/shubit/21944139
Allocated Resouces:	cpu - 2 / mem - 61440 MB / gpu - 
SLURM_GPU_INDEX:	
Running as shubit from shimony account with normal QOS
------------------------------------
Thu 01 Oct 2026 12:15:42 IDT

SLURM_JOBID:		 21944139
SLURM_JOB_NODELIST:	 ise-cpu256-15 

--------------------------
date: SM_Grids
number_of_graphs: 10
graph_type: grid
size_of_graphs: [8, 8]
heuristic: bcc_heuristic
snake: False
run_uni: True
run_bi: True
run_multi: False
solution_vertices: []
algorithms: ['IDA']
lookahead: 2
bsd: False
cube_first_dims: 4
cube_buffer_dim: None
backward_sym_generation: False
sym_coil: False
prefix_set: None

---------- SM_Grids/8x8_grid_with_random_blocks_12per_0 ----------
[00:00:00:24:610] Path of length 52 found: [0, 8, 16, 24, 25, 17, 9, 1, 2, 10, 18, 26, 34, 33, 41, 40, 48, 56, 57, 58, 50, 42, 43, 35, 27, 19, 11, 3, 4, 12, 20, 21, 13, 14, 22, 30, 31, 39, 47, 55, 54, 53, 45, 37, 36, 44, 52, 51, 59, 60, 61, 62, 63]
[00:00:00:24:610] ! Unidirectional s-t. expansions: 7,700, time: 24,610 [ms], path length: 52 [edges], generated: 38,667
[00:00:00:29:964] Path of length 52 found: [63, 55, 47, 39, 31, 30, 22, 14, 13, 21, 20, 12, 4, 3, 2, 10, 11, 19, 18, 26, 34, 42, 50, 51, 43, 35, 27, 28, 36, 37, 45, 44, 52, 53, 54, 62, 61, 60, 59, 58, 57, 56, 48, 40, 41, 33, 25, 24, 16, 17, 9, 1, 0]
[00:00:00:29:965] ! Unidirectional t-s. expansions: 12,516, time: 29,965 [ms], path length: 52 [edges], generated: 59,174
[00:00:00:19:553] Path of length 52 found: [0, 8, 16, 24, 25, 17, 9, 1, 2, 10, 18, 26, 34, 33, 41, 40, 48, 56, 57, 58, 59, 60, 61, 62, 54, 53, 45, 44, 52, 51, 50, 42, 43, 35, 36, 28, 27, 19, 11, 3, 4, 12, 20, 21, 13, 14, 22, 30, 31, 39, 47, 55, 63]
[00:00:00:20:059] ! Bidirectional. expansions: 8,406, time: 19,553 [ms], path length: 52 [edges], g_F: 26, g_B: 26, generated: 0, MM: 0, MMPER: -1.0%
[00:00:00:20:059] 
---------- SM_Grids/8x8_grid_with_random_blocks_12per_1 ----------
[00:00:00:02:716] Path of length 52 found: [0, 8, 16, 24, 32, 33, 25, 17, 9, 1, 2, 10, 11, 3, 4, 12, 13, 5, 6, 7, 15, 14, 22, 21, 20, 19, 27, 26, 34, 42, 41, 49, 50, 58, 59, 51, 52, 60, 61, 53, 45, 44, 36, 28, 29, 37, 38, 39, 47, 46, 54, 62, 63]
[00:00:00:02:716] ! Unidirectional s-t. expansions: 856, time: 2,716 [ms], path length: 52 [edges], generated: 4,196
[00:00:00:01:991] Path of length 52 found: [63, 55, 47, 39, 38, 37, 29, 21, 22, 14, 15, 7, 6, 5, 13, 12, 4, 3, 11, 10, 2, 1, 9, 17, 25, 26, 27, 19, 20, 28, 36, 44, 52, 53, 45, 46, 54, 62, 61, 60, 59, 51, 50, 49, 41, 42, 34, 33, 32, 24, 16, 8, 0]
[00:00:00:01:991] ! Unidirectional t-s. expansions: 445, time: 1,991 [ms], path length: 52 [edges], generated: 2,215
[00:00:00:08:580] Path of length 52 found: [0, 8, 16, 24, 32, 33, 25, 17, 9, 1, 2, 10, 11, 3, 4, 12, 13, 5, 6, 7, 15, 14, 22, 21, 20, 19, 27, 26, 34, 42, 41, 49, 50, 51, 59, 60, 61, 62, 54, 46, 45, 53, 52, 44, 36, 28, 29, 37, 38, 39, 47, 55, 63]
[00:00:00:09:034] ! Bidirectional. expansions: 2,677, time: 8,580 [ms], path length: 52 [edges], g_F: 26, g_B: 26, generated: 0, MM: 0, MMPER: -1.0%
[00:00:00:09:034] 
---------- SM_Grids/8x8_grid_with_random_blocks_12per_2 ----------
[00:00:00:41:631] Path of length 50 found: [0, 8, 16, 24, 32, 33, 25, 17, 9, 1, 2, 10, 18, 19, 27, 28, 20, 12, 11, 3, 4, 5, 13, 21, 22, 14, 15, 23, 31, 30, 29, 37, 36, 44, 43, 42, 50, 49, 57, 58, 59, 51, 52, 60, 61, 62, 54, 46, 47, 55, 63]
[00:00:00:41:632] ! Unidirectional s-t. expansions: 11,614, time: 41,631 [ms], path length: 50 [edges], generated: 54,422
[00:00:00:10:995] Path of length 50 found: [63, 55, 47, 46, 54, 62, 61, 60, 52, 51, 59, 58, 57, 49, 50, 42, 34, 33, 32, 24, 25, 17, 16, 8, 9, 10, 18, 19, 27, 28, 36, 44, 45, 37, 38, 30, 29, 21, 22, 23, 15, 14, 13, 5, 4, 12, 11, 3, 2, 1, 0]
[00:00:00:10:996] ! Unidirectional t-s. expansions: 3,285, time: 10,995 [ms], path length: 50 [edges], generated: 15,814
[00:00:00:39:029] Path of length 50 found: [0, 8, 16, 24, 32, 33, 25, 17, 9, 1, 2, 10, 18, 19, 27, 28, 20, 12, 11, 3, 4, 5, 13, 14, 15, 23, 22, 21, 29, 30, 38, 37, 36, 44, 43, 42, 50, 49, 57, 58, 59, 51, 52, 60, 61, 62, 54, 46, 47, 55, 63]
[00:00:00:39:507] ! Bidirectional. expansions: 13,962, time: 39,029 [ms], path length: 50 [edges], g_F: 25, g_B: 25, generated: 0, MM: 0, MMPER: -1.0%
[00:00:00:39:507] 
---------- SM_Grids/8x8_grid_with_random_blocks_12per_3 ----------
[00:00:00:10:476] Path of length 54 found: [0, 8, 16, 24, 32, 33, 41, 49, 48, 56, 57, 58, 50, 51, 59, 60, 52, 44, 43, 35, 36, 37, 29, 30, 22, 14, 13, 12, 20, 19, 27, 26, 25, 17, 18, 10, 9, 1, 2, 3, 4, 5, 6, 7, 15, 23, 31, 39, 38, 46, 47, 55, 54, 62, 63]
[00:00:00:10:476] ! Unidirectional s-t. expansions: 3,518, time: 10,476 [ms], path length: 54 [edges], generated: 14,268
[00:00:00:09:229] Path of length 54 found: [63, 55, 47, 39, 31, 23, 15, 7, 6, 5, 4, 3, 2, 1, 9, 10, 18, 17, 25, 26, 27, 19, 20, 12, 13, 14, 22, 30, 29, 37, 38, 46, 54, 62, 61, 60, 52, 44, 36, 35, 43, 51, 59, 58, 57, 56, 48, 49, 41, 33, 32, 24, 16, 8, 0]
[00:00:00:09:230] ! Unidirectional t-s. expansions: 2,594, time: 9,229 [ms], path length: 54 [edges], generated: 10,832
[00:00:00:28:400] Path of length 54 found: [0, 8, 16, 24, 32, 33, 41, 49, 48, 56, 57, 58, 50, 51, 59, 60, 61, 62, 54, 46, 45, 44, 43, 35, 36, 37, 29, 30, 22, 14, 13, 12, 20, 19, 27, 26, 25, 17, 18, 10, 9, 1, 2, 3, 4, 5, 6, 7, 15, 23, 31, 39, 47, 55, 63]
[00:00:00:28:899] ! Bidirectional. expansions: 10,940, time: 28,400 [ms], path length: 54 [edges], g_F: 27, g_B: 27, generated: 0, MM: 0, MMPER: -1.0%
[00:00:00:28:899] 
---------- SM_Grids/8x8_grid_with_random_blocks_12per_4 ----------
[00:00:00:00:205] Path of length 54 found: [0, 8, 16, 24, 25, 17, 9, 10, 18, 26, 34, 33, 41, 49, 48, 56, 57, 58, 50, 42, 43, 51, 59, 60, 52, 44, 36, 35, 27, 19, 11, 12, 4, 5, 6, 14, 13, 21, 20, 28, 29, 37, 38, 30, 22, 23, 31, 39, 47, 55, 54, 53, 61, 62, 63]
[00:00:00:00:205] ! Unidirectional s-t. expansions: 54, time: 205 [ms], path length: 54 [edges], generated: 262
[00:00:00:00:107] Path of length 54 found: [63, 55, 47, 39, 31, 23, 22, 14, 6, 5, 4, 12, 13, 21, 20, 19, 11, 10, 9, 17, 18, 26, 34, 42, 50, 51, 43, 35, 27, 28, 29, 30, 38, 37, 36, 44, 52, 53, 54, 62, 61, 60, 59, 58, 57, 56, 48, 49, 41, 33, 25, 24, 16, 8, 0]
[00:00:00:00:107] ! Unidirectional t-s. expansions: 27, time: 107 [ms], path length: 54 [edges], generated: 124
[00:00:00:00:135] Path of length 54 found: [0, 8, 16, 24, 25, 17, 9, 10, 11, 19, 18, 26, 27, 35, 34, 33, 41, 49, 48, 56, 57, 58, 50, 42, 43, 51, 59, 60, 61, 62, 54, 53, 52, 44, 36, 37, 38, 30, 29, 28, 20, 21, 13, 12, 4, 5, 6, 14, 22, 23, 31, 39, 47, 55, 63]
[00:00:00:00:588] ! Bidirectional. expansions: 39, time: 135 [ms], path length: 54 [edges], g_F: 27, g_B: 27, generated: 0, MM: 0, MMPER: -1.0%
[00:00:00:00:588] 
---------- SM_Grids/8x8_grid_with_random_blocks_12per_5 ----------
[00:00:00:32:006] Path of length 52 found: [0, 8, 16, 24, 32, 40, 41, 33, 25, 17, 9, 1, 2, 3, 11, 19, 27, 35, 34, 42, 50, 58, 59, 51, 43, 44, 52, 60, 61, 53, 45, 37, 29, 28, 20, 21, 13, 12, 4, 5, 6, 14, 15, 23, 22, 30, 31, 39, 38, 46, 47, 55, 63]
[00:00:00:32:006] ! Unidirectional s-t. expansions: 9,368, time: 32,006 [ms], path length: 52 [edges], generated: 45,174
[00:00:00:13:859] Path of length 52 found: [63, 55, 47, 39, 31, 23, 15, 14, 6, 5, 4, 3, 2, 1, 9, 17, 18, 19, 27, 28, 20, 12, 13, 21, 22, 30, 29, 37, 38, 46, 45, 44, 52, 53, 61, 60, 59, 58, 50, 51, 43, 35, 34, 42, 41, 40, 32, 33, 25, 24, 16, 8, 0]
[00:00:00:13:860] ! Unidirectional t-s. expansions: 4,362, time: 13,860 [ms], path length: 52 [edges], generated: 20,727
[00:00:00:11:620] Path of length 52 found: [0, 8, 16, 24, 25, 33, 32, 40, 41, 42, 34, 35, 27, 28, 20, 12, 11, 19, 18, 17, 9, 1, 2, 3, 4, 5, 13, 14, 15, 23, 31, 39, 47, 46, 38, 30, 22, 21, 29, 37, 45, 44, 43, 51, 50, 58, 59, 60, 52, 53, 61, 62, 63]
[00:00:00:12:078] ! Bidirectional. expansions: 4,260, time: 11,620 [ms], path length: 52 [edges], g_F: 26, g_B: 26, generated: 0, MM: 0, MMPER: -1.0%
[00:00:00:12:078] 
---------- SM_Grids/8x8_grid_with_random_blocks_12per_6 ----------
[00:00:00:39:772] Path of length 52 found: [0, 8, 16, 24, 32, 40, 48, 49, 41, 42, 50, 51, 59, 60, 61, 53, 45, 44, 43, 35, 34, 26, 25, 17, 9, 1, 2, 10, 18, 19, 27, 28, 20, 12, 11, 3, 4, 5, 13, 14, 6, 7, 15, 23, 22, 21, 29, 37, 38, 46, 54, 62, 63]
[00:00:00:39:773] ! Unidirectional s-t. expansions: 15,177, time: 39,772 [ms], path length: 52 [edges], generated: 62,968
[00:00:00:30:476] Path of length 52 found: [63, 62, 54, 46, 38, 37, 29, 21, 13, 14, 22, 23, 15, 7, 6, 5, 4, 3, 2, 1, 9, 17, 25, 26, 18, 10, 11, 12, 20, 19, 27, 28, 36, 35, 34, 42, 43, 44, 45, 53, 61, 60, 59, 51, 50, 49, 41, 40, 32, 24, 16, 8, 0]
[00:00:00:30:476] ! Unidirectional t-s. expansions: 11,825, time: 30,476 [ms], path length: 52 [edges], generated: 51,120
[00:00:00:44:588] Path of length 52 found: [0, 8, 16, 17, 9, 1, 2, 3, 4, 5, 6, 7, 15, 23, 22, 14, 13, 12, 11, 10, 18, 26, 25, 24, 32, 40, 48, 49, 50, 51, 59, 60, 61, 53, 45, 44, 43, 42, 34, 35, 36, 28, 27, 19, 20, 21, 29, 37, 38, 46, 54, 62, 63]
[00:00:00:45:080] ! Bidirectional. expansions: 18,265, time: 44,588 [ms], path length: 52 [edges], g_F: 26, g_B: 26, generated: 0, MM: 0, MMPER: -1.0%
[00:00:00:45:080] 
---------- SM_Grids/8x8_grid_with_random_blocks_12per_7 ----------
[00:00:02:01:132] Valid states checked so far: 200,000, Expansions: 38,525, Global best: 53
[00:00:03:42:368] Valid states checked so far: 400,000, Expansions: 77,899, Global best: 53
[00:00:05:27:089] Valid states checked so far: 600,000, Expansions: 117,646, Global best: 53
[00:00:07:13:344] Valid states checked so far: 800,000, Expansions: 157,862, Global best: 53
[00:00:07:22:018] Path of length 52 found: [0, 8, 16, 24, 32, 40, 48, 56, 57, 58, 59, 60, 61, 53, 52, 44, 45, 37, 36, 28, 27, 26, 34, 35, 43, 42, 41, 33, 25, 17, 9, 10, 18, 19, 20, 12, 13, 5, 6, 7, 15, 14, 22, 23, 31, 30, 38, 39, 47, 46, 54, 62, 63]
[00:00:07:22:019] ! Unidirectional s-t. expansions: 160,583, time: 442,018 [ms], path length: 52 [edges], generated: 814,600
[00:00:02:04:976] Valid states checked so far: 200,000, Expansions: 39,788, Global best: 41
[00:00:03:56:389] Valid states checked so far: 400,000, Expansions: 80,878, Global best: 41
[00:00:05:51:457] Valid states checked so far: 600,000, Expansions: 121,213, Global best: 41
[00:00:06:56:980] Path of length 52 found: [63, 55, 47, 39, 31, 23, 15, 7, 6, 5, 13, 12, 20, 21, 22, 30, 38, 37, 36, 28, 27, 19, 18, 10, 9, 17, 25, 26, 34, 35, 43, 44, 52, 53, 45, 46, 54, 62, 61, 60, 59, 58, 57, 56, 48, 49, 41, 33, 32, 24, 16, 8, 0]
[00:00:06:56:980] ! Unidirectional t-s. expansions: 144,231, time: 416,980 [ms], path length: 52 [edges], generated: 713,762
[00:00:11:50:807] Path of length 52 found: [0, 8, 16, 24, 32, 40, 48, 56, 57, 58, 59, 60, 52, 44, 43, 35, 34, 42, 41, 33, 25, 17, 9, 10, 18, 26, 27, 28, 36, 37, 45, 53, 61, 62, 54, 46, 38, 30, 22, 21, 20, 12, 13, 5, 6, 7, 15, 23, 31, 39, 47, 55, 63]
[00:00:11:51:269] ! Bidirectional. expansions: 289,246, time: 710,807 [ms], path length: 52 [edges], g_F: 26, g_B: 26, generated: 0, MM: 0, MMPER: -1.0%
[00:00:11:51:269] 
---------- SM_Grids/8x8_grid_with_random_blocks_12per_8 ----------
[00:00:00:13:438] Path of length 54 found: [0, 8, 16, 24, 32, 33, 41, 49, 48, 56, 57, 58, 59, 60, 52, 53, 45, 37, 29, 21, 13, 12, 20, 19, 27, 28, 36, 44, 43, 35, 34, 26, 25, 17, 18, 10, 9, 1, 2, 3, 4, 5, 6, 7, 15, 14, 22, 23, 31, 30, 38, 46, 47, 55, 63]
[00:00:00:13:438] ! Unidirectional s-t. expansions: 4,376, time: 13,438 [ms], path length: 54 [edges], generated: 22,505
[00:00:00:09:505] Path of length 54 found: [63, 55, 47, 39, 31, 23, 15, 7, 6, 5, 4, 3, 2, 1, 9, 10, 18, 17, 25, 26, 34, 35, 43, 44, 36, 28, 27, 19, 20, 12, 13, 14, 22, 21, 29, 30, 38, 37, 45, 53, 52, 60, 59, 58, 57, 56, 48, 49, 41, 33, 32, 24, 16, 8, 0]
[00:00:00:09:506] ! Unidirectional t-s. expansions: 2,846, time: 9,505 [ms], path length: 54 [edges], generated: 14,874
[00:00:00:09:581] Path of length 54 found: [0, 8, 16, 17, 25, 24, 32, 33, 41, 49, 48, 56, 57, 58, 59, 60, 52, 53, 45, 46, 38, 37, 29, 30, 22, 14, 13, 12, 20, 19, 27, 28, 36, 44, 43, 35, 34, 26, 18, 10, 9, 1, 2, 3, 4, 5, 6, 7, 15, 23, 31, 39, 47, 55, 63]
[00:00:00:10:031] ! Bidirectional. expansions: 3,913, time: 9,581 [ms], path length: 54 [edges], g_F: 27, g_B: 27, generated: 0, MM: 0, MMPER: -1.0%
[00:00:00:10:031] 
---------- SM_Grids/8x8_grid_with_random_blocks_12per_9 ----------
[00:00:02:11:041] Valid states checked so far: 200,000, Expansions: 47,484, Global best: 43
[00:00:02:46:082] Path of length 52 found: [0, 1, 2, 10, 9, 8, 16, 24, 32, 40, 48, 56, 57, 49, 41, 33, 25, 26, 18, 19, 11, 12, 4, 5, 6, 7, 15, 23, 31, 30, 29, 21, 20, 28, 27, 35, 43, 51, 50, 58, 59, 60, 52, 53, 45, 37, 38, 46, 47, 55, 54, 62, 63]
[00:00:02:46:082] ! Unidirectional s-t. expansions: 60,122, time: 166,082 [ms], path length: 52 [edges], generated: 253,659
[00:00:02:22:579] Valid states checked so far: 200,000, Expansions: 47,462, Global best: 0
[00:00:04:33:272] Valid states checked so far: 400,000, Expansions: 95,310, Global best: 0
[00:00:04:36:978] Path of length 52 found: [63, 55, 47, 46, 38, 30, 31, 23, 15, 7, 6, 5, 4, 12, 13, 21, 20, 19, 11, 10, 18, 26, 25, 33, 34, 35, 27, 28, 36, 37, 45, 53, 54, 62, 61, 60, 52, 51, 59, 58, 50, 49, 57, 56, 48, 40, 32, 24, 16, 8, 9, 1, 0]
[00:00:04:36:978] ! Unidirectional t-s. expansions: 96,319, time: 276,978 [ms], path length: 52 [edges], generated: 403,990
[00:00:04:40:215] Path of length 52 found: [0, 8, 9, 1, 2, 10, 18, 26, 27, 19, 20, 28, 36, 35, 34, 33, 25, 24, 32, 40, 41, 49, 48, 56, 57, 58, 50, 51, 52, 60, 61, 62, 54, 53, 45, 37, 29, 21, 13, 12, 4, 5, 6, 7, 15, 23, 31, 30, 38, 46, 47, 55, 63]
[00:00:04:40:680] ! Bidirectional. expansions: 127,947, time: 280,215 [ms], path length: 52 [edges], g_F: 26, g_B: 26, generated: 0, MM: 0, MMPER: -1.0%

[00:00:04:40:680] average expansions: (27,337, 27,845, 47,966, 0)
[00:00:04:40:680] average time: (77,295, 80,009, 115,251, 0)
[00:00:04:40:680] XIDA: 27,337 , 77,295 (expansions , time[ms])
[00:00:04:40:680] BiXIDA: 47,966 , 115,251 (expansions , time[ms])

