------------------------------------
Thu 01 Oct 2026 12:15:42 IDT
SLURM_JOBID:		21944137
SLURM_JOB_NODELIST:	ise-cpu256-15
SLURM_SCRATCH_DIR:	/scratch/shubit/21944137
Allocated Resouces:	cpu - 2 / mem - 61440 MB / gpu - 
SLURM_GPU_INDEX:	
Running as shubit from shimony account with normal QOS
------------------------------------
Thu 01 Oct 2026 12:15:42 IDT

SLURM_JOBID:		 21944137
SLURM_JOB_NODELIST:	 ise-cpu256-15 

--------------------------
date: SM_Grids
number_of_graphs: 10
graph_type: grid
size_of_graphs: [8, 8]
heuristic: bcc_heuristic
snake: False
run_uni: True
run_bi: True
run_multi: False
solution_vertices: []
algorithms: ['IDA']
lookahead: -1
bsd: False
cube_first_dims: 4
cube_buffer_dim: None
backward_sym_generation: False
sym_coil: False
prefix_set: None

---------- SM_Grids/8x8_grid_with_random_blocks_12per_0 ----------
[00:00:00:24:537] Path of length 52 found: [0, 8, 16, 24, 25, 17, 9, 1, 2, 10, 18, 26, 34, 33, 41, 40, 48, 56, 57, 58, 50, 42, 43, 35, 27, 19, 11, 3, 4, 12, 20, 21, 13, 14, 22, 30, 31, 39, 47, 55, 54, 53, 45, 37, 36, 44, 52, 51, 59, 60, 61, 62, 63]
[00:00:00:24:537] ! Unidirectional s-t. expansions: 14,676, time: 24,537 [ms], path length: 52 [edges], generated: 24,058
[00:00:00:32:725] Path of length 52 found: [63, 55, 47, 39, 31, 30, 22, 14, 13, 21, 20, 12, 4, 3, 2, 10, 11, 19, 18, 26, 34, 42, 50, 51, 43, 35, 27, 28, 36, 37, 45, 44, 52, 53, 54, 62, 61, 60, 59, 58, 57, 56, 48, 40, 41, 33, 25, 24, 16, 17, 9, 1, 0]
[00:00:00:32:725] ! Unidirectional t-s. expansions: 24,333, time: 32,725 [ms], path length: 52 [edges], generated: 38,100
[00:00:00:30:031] Path of length 52 found: [0, 8, 16, 24, 25, 17, 9, 1, 2, 10, 18, 26, 34, 33, 41, 40, 48, 56, 57, 58, 59, 60, 61, 62, 54, 53, 45, 44, 52, 51, 50, 42, 43, 35, 36, 28, 27, 19, 11, 3, 4, 12, 20, 21, 13, 14, 22, 30, 31, 39, 47, 55, 63]
[00:00:00:30:525] ! Bidirectional. expansions: 16,900, time: 30,031 [ms], path length: 52 [edges], g_F: 27, g_B: 25, generated: 0, MM: 2, MMPER: 2.7735849056603774%
[00:00:00:30:525] 
---------- SM_Grids/8x8_grid_with_random_blocks_12per_1 ----------
[00:00:00:02:831] Path of length 52 found: [0, 8, 16, 24, 32, 33, 25, 17, 9, 1, 2, 10, 11, 3, 4, 12, 13, 5, 6, 7, 15, 14, 22, 21, 20, 19, 27, 26, 34, 42, 41, 49, 50, 58, 59, 51, 52, 60, 61, 53, 45, 44, 36, 28, 29, 37, 38, 39, 47, 46, 54, 62, 63]
[00:00:00:02:831] ! Unidirectional s-t. expansions: 1,684, time: 2,831 [ms], path length: 52 [edges], generated: 2,789
[00:00:00:01:944] Path of length 52 found: [63, 55, 47, 39, 38, 37, 29, 21, 22, 14, 15, 7, 6, 5, 13, 12, 4, 3, 11, 10, 2, 1, 9, 17, 25, 26, 27, 19, 20, 28, 36, 44, 52, 53, 45, 46, 54, 62, 61, 60, 59, 51, 50, 49, 41, 42, 34, 33, 32, 24, 16, 8, 0]
[00:00:00:01:944] ! Unidirectional t-s. expansions: 865, time: 1,944 [ms], path length: 52 [edges], generated: 1,493
[00:00:00:11:962] Path of length 52 found: [0, 8, 16, 24, 32, 33, 25, 17, 9, 1, 2, 10, 11, 3, 4, 12, 13, 5, 6, 7, 15, 14, 22, 21, 20, 19, 27, 26, 34, 42, 41, 49, 50, 51, 59, 60, 61, 62, 54, 46, 45, 53, 52, 44, 36, 28, 29, 37, 38, 39, 47, 55, 63]
[00:00:00:12:421] ! Bidirectional. expansions: 5,364, time: 11,962 [ms], path length: 52 [edges], g_F: 27, g_B: 25, generated: 0, MM: 2, MMPER: 2.7735849056603774%
[00:00:00:12:421] 
---------- SM_Grids/8x8_grid_with_random_blocks_12per_2 ----------
[00:00:00:49:624] Path of length 50 found: [0, 8, 16, 24, 32, 33, 25, 17, 9, 1, 2, 10, 18, 19, 27, 28, 20, 12, 11, 3, 4, 5, 13, 21, 22, 14, 15, 23, 31, 30, 29, 37, 36, 44, 43, 42, 50, 49, 57, 58, 59, 51, 52, 60, 61, 62, 54, 46, 47, 55, 63]
[00:00:00:49:624] ! Unidirectional s-t. expansions: 24,872, time: 49,624 [ms], path length: 50 [edges], generated: 44,842
[00:00:00:12:891] Path of length 50 found: [63, 55, 47, 46, 54, 62, 61, 60, 52, 44, 43, 51, 59, 58, 57, 49, 50, 42, 34, 33, 32, 24, 25, 17, 16, 8, 9, 10, 18, 19, 27, 28, 36, 37, 38, 30, 29, 21, 22, 23, 15, 14, 13, 5, 4, 12, 11, 3, 2, 1, 0]
[00:00:00:12:891] ! Unidirectional t-s. expansions: 6,831, time: 12,891 [ms], path length: 50 [edges], generated: 12,775
[00:00:00:54:872] Path of length 50 found: [0, 8, 16, 24, 32, 33, 25, 17, 9, 1, 2, 10, 18, 19, 27, 28, 20, 12, 11, 3, 4, 5, 13, 14, 15, 23, 22, 21, 29, 30, 38, 37, 36, 44, 43, 42, 50, 49, 57, 58, 59, 51, 52, 60, 61, 62, 54, 46, 47, 55, 63]
[00:00:00:55:306] ! Bidirectional. expansions: 28,196, time: 54,872 [ms], path length: 50 [edges], g_F: 26, g_B: 24, generated: 0, MM: 2, MMPER: 2.9215686274509802%
[00:00:00:55:306] 
---------- SM_Grids/8x8_grid_with_random_blocks_12per_3 ----------
[00:00:00:12:842] Path of length 54 found: [0, 8, 16, 24, 32, 33, 41, 49, 48, 56, 57, 58, 50, 51, 59, 60, 52, 44, 43, 35, 36, 37, 29, 30, 22, 14, 13, 12, 20, 19, 27, 26, 25, 17, 18, 10, 9, 1, 2, 3, 4, 5, 6, 7, 15, 23, 31, 39, 38, 46, 47, 55, 54, 62, 63]
[00:00:00:12:842] ! Unidirectional s-t. expansions: 7,276, time: 12,842 [ms], path length: 54 [edges], generated: 12,013
[00:00:00:11:294] Path of length 54 found: [63, 55, 47, 39, 31, 23, 15, 7, 6, 5, 4, 3, 2, 1, 9, 10, 18, 17, 25, 26, 27, 19, 20, 12, 13, 14, 22, 30, 29, 37, 38, 46, 54, 62, 61, 60, 52, 44, 36, 35, 43, 51, 59, 58, 57, 56, 48, 49, 41, 33, 32, 24, 16, 8, 0]
[00:00:00:11:294] ! Unidirectional t-s. expansions: 5,441, time: 11,294 [ms], path length: 54 [edges], generated: 9,107
[00:00:00:42:050] Path of length 54 found: [0, 8, 16, 24, 32, 33, 41, 49, 48, 56, 57, 58, 50, 51, 59, 60, 61, 62, 54, 46, 45, 44, 43, 35, 36, 37, 29, 30, 22, 14, 13, 12, 20, 19, 27, 26, 25, 17, 18, 10, 9, 1, 2, 3, 4, 5, 6, 7, 15, 23, 31, 39, 47, 55, 63]
[00:00:00:42:500] ! Bidirectional. expansions: 21,881, time: 42,050 [ms], path length: 54 [edges], g_F: 28, g_B: 26, generated: 0, MM: 2, MMPER: 2.6363636363636362%
[00:00:00:42:500] 
---------- SM_Grids/8x8_grid_with_random_blocks_12per_4 ----------
[00:00:00:00:215] Path of length 54 found: [0, 8, 16, 24, 25, 17, 9, 10, 18, 26, 34, 33, 41, 49, 48, 56, 57, 58, 50, 42, 43, 51, 59, 60, 52, 44, 36, 35, 27, 19, 11, 12, 4, 5, 6, 14, 13, 21, 20, 28, 29, 37, 38, 30, 22, 23, 31, 39, 47, 55, 54, 53, 61, 62, 63]
[00:00:00:00:215] ! Unidirectional s-t. expansions: 109, time: 215 [ms], path length: 54 [edges], generated: 192
[00:00:00:00:111] Path of length 54 found: [63, 55, 47, 39, 31, 23, 22, 14, 6, 5, 4, 12, 13, 21, 20, 19, 11, 10, 9, 17, 18, 26, 34, 42, 50, 51, 43, 35, 27, 28, 29, 30, 38, 37, 36, 44, 52, 53, 54, 62, 61, 60, 59, 58, 57, 56, 48, 49, 41, 33, 25, 24, 16, 8, 0]
[00:00:00:00:111] ! Unidirectional t-s. expansions: 53, time: 111 [ms], path length: 54 [edges], generated: 90
[00:00:00:00:195] Path of length 54 found: [0, 8, 16, 24, 25, 17, 9, 10, 11, 19, 18, 26, 27, 35, 34, 33, 41, 49, 48, 56, 57, 58, 50, 42, 43, 51, 59, 60, 61, 62, 54, 53, 52, 44, 36, 37, 38, 30, 29, 28, 20, 21, 13, 12, 4, 5, 6, 14, 22, 23, 31, 39, 47, 55, 63]
[00:00:00:00:643] ! Bidirectional. expansions: 84, time: 195 [ms], path length: 54 [edges], g_F: 28, g_B: 26, generated: 0, MM: 2, MMPER: 2.6363636363636362%
[00:00:00:00:644] 
---------- SM_Grids/8x8_grid_with_random_blocks_12per_5 ----------
[00:00:00:34:412] Path of length 52 found: [0, 8, 16, 24, 32, 40, 41, 33, 25, 17, 9, 1, 2, 3, 11, 19, 27, 35, 34, 42, 50, 58, 59, 51, 43, 44, 52, 60, 61, 53, 45, 37, 29, 28, 20, 21, 13, 12, 4, 5, 6, 14, 15, 23, 22, 30, 31, 39, 38, 46, 47, 55, 63]
[00:00:00:34:412] ! Unidirectional s-t. expansions: 17,701, time: 34,412 [ms], path length: 52 [edges], generated: 31,438
[00:00:00:15:601] Path of length 52 found: [63, 55, 47, 39, 31, 23, 15, 14, 6, 5, 4, 3, 2, 1, 9, 17, 18, 19, 27, 28, 20, 12, 13, 21, 22, 30, 29, 37, 38, 46, 45, 44, 52, 53, 61, 60, 59, 58, 50, 51, 43, 35, 34, 42, 41, 40, 32, 33, 25, 24, 16, 8, 0]
[00:00:00:15:601] ! Unidirectional t-s. expansions: 9,328, time: 15,601 [ms], path length: 52 [edges], generated: 15,629
[00:00:00:16:274] Path of length 52 found: [0, 8, 16, 24, 25, 33, 32, 40, 41, 42, 34, 35, 27, 28, 20, 12, 11, 19, 18, 17, 9, 1, 2, 3, 4, 5, 13, 14, 15, 23, 31, 39, 47, 46, 38, 30, 22, 21, 29, 37, 45, 44, 43, 51, 50, 58, 59, 60, 52, 53, 61, 62, 63]
[00:00:00:16:704] ! Bidirectional. expansions: 8,359, time: 16,274 [ms], path length: 52 [edges], g_F: 27, g_B: 25, generated: 0, MM: 2, MMPER: 2.7735849056603774%
[00:00:00:16:704] 
---------- SM_Grids/8x8_grid_with_random_blocks_12per_6 ----------
[00:00:00:47:290] Path of length 52 found: [0, 8, 16, 24, 32, 40, 48, 49, 41, 42, 50, 51, 59, 60, 61, 53, 45, 44, 43, 35, 34, 26, 25, 17, 9, 1, 2, 10, 18, 19, 27, 28, 20, 12, 11, 3, 4, 5, 13, 14, 6, 7, 15, 23, 22, 21, 29, 37, 38, 46, 54, 62, 63]
[00:00:00:47:290] ! Unidirectional s-t. expansions: 31,333, time: 47,290 [ms], path length: 52 [edges], generated: 50,585
[00:00:00:37:152] Path of length 52 found: [63, 62, 54, 46, 38, 37, 29, 21, 13, 14, 22, 23, 15, 7, 6, 5, 4, 3, 2, 1, 9, 17, 25, 26, 18, 10, 11, 12, 20, 19, 27, 28, 36, 35, 34, 42, 43, 44, 45, 53, 61, 60, 59, 51, 50, 49, 41, 40, 32, 24, 16, 8, 0]
[00:00:00:37:152] ! Unidirectional t-s. expansions: 24,863, time: 37,152 [ms], path length: 52 [edges], generated: 41,690
[00:00:01:06:239] Path of length 52 found: [0, 8, 16, 17, 9, 1, 2, 3, 4, 5, 6, 7, 15, 23, 22, 14, 13, 12, 11, 10, 18, 26, 25, 24, 32, 40, 48, 49, 50, 51, 59, 60, 61, 53, 45, 44, 43, 42, 34, 35, 36, 28, 27, 19, 20, 21, 29, 37, 38, 46, 54, 62, 63]
[00:00:01:06:681] ! Bidirectional. expansions: 36,697, time: 66,239 [ms], path length: 52 [edges], g_F: 27, g_B: 25, generated: 0, MM: 2, MMPER: 2.7735849056603774%
[00:00:01:06:681] 
---------- SM_Grids/8x8_grid_with_random_blocks_12per_7 ----------
[00:00:03:03:303] Valid states checked so far: 200,000, Expansions: 114,569, Global best: 53
[00:00:05:52:181] Valid states checked so far: 400,000, Expansions: 230,371, Global best: 53
[00:00:07:46:941] Path of length 52 found: [0, 8, 16, 24, 32, 40, 48, 56, 57, 58, 59, 60, 61, 53, 52, 44, 45, 37, 36, 28, 27, 26, 34, 35, 43, 42, 41, 33, 25, 17, 9, 10, 18, 19, 20, 12, 13, 5, 6, 7, 15, 14, 22, 23, 31, 30, 38, 39, 47, 46, 54, 62, 63]
[00:00:07:46:941] ! Unidirectional s-t. expansions: 309,131, time: 466,941 [ms], path length: 52 [edges], generated: 533,155
[00:00:03:08:436] Valid states checked so far: 200,000, Expansions: 119,046, Global best: 41
[00:00:06:07:228] Valid states checked so far: 400,000, Expansions: 237,373, Global best: 41
[00:00:07:11:733] Path of length 52 found: [63, 55, 47, 39, 31, 23, 15, 7, 6, 5, 13, 12, 20, 21, 22, 30, 38, 37, 36, 28, 27, 19, 18, 10, 9, 17, 25, 26, 34, 35, 43, 44, 52, 53, 45, 46, 54, 62, 61, 60, 59, 58, 57, 56, 48, 49, 41, 33, 32, 24, 16, 8, 0]
[00:00:07:11:734] ! Unidirectional t-s. expansions: 278,223, time: 431,734 [ms], path length: 52 [edges], generated: 471,138
[00:00:17:19:672] Path of length 52 found: [0, 8, 16, 24, 32, 40, 48, 56, 57, 58, 59, 60, 52, 44, 43, 35, 34, 42, 41, 33, 25, 17, 9, 10, 18, 26, 27, 28, 36, 37, 45, 53, 61, 62, 54, 46, 38, 30, 22, 21, 20, 12, 13, 5, 6, 7, 15, 23, 31, 39, 47, 55, 63]
[00:00:17:20:136] ! Bidirectional. expansions: 586,162, time: 1,039,672 [ms], path length: 52 [edges], g_F: 27, g_B: 25, generated: 0, MM: 2, MMPER: 2.7735849056603774%
[00:00:17:20:136] 
---------- SM_Grids/8x8_grid_with_random_blocks_12per_8 ----------
[00:00:00:13:567] Path of length 54 found: [0, 8, 16, 24, 32, 33, 41, 49, 48, 56, 57, 58, 59, 60, 52, 53, 45, 37, 29, 21, 13, 12, 20, 19, 27, 28, 36, 44, 43, 35, 34, 26, 25, 17, 18, 10, 9, 1, 2, 3, 4, 5, 6, 7, 15, 14, 22, 23, 31, 30, 38, 46, 47, 55, 63]
[00:00:00:13:567] ! Unidirectional s-t. expansions: 8,474, time: 13,567 [ms], path length: 54 [edges], generated: 13,953
[00:00:00:09:804] Path of length 54 found: [63, 55, 47, 39, 31, 23, 15, 7, 6, 5, 4, 3, 2, 1, 9, 10, 18, 17, 25, 26, 34, 35, 43, 44, 36, 28, 27, 19, 20, 12, 13, 14, 22, 21, 29, 30, 38, 37, 45, 53, 52, 60, 59, 58, 57, 56, 48, 49, 41, 33, 32, 24, 16, 8, 0]
[00:00:00:09:805] ! Unidirectional t-s. expansions: 5,465, time: 9,804 [ms], path length: 54 [edges], generated: 9,514
[00:00:00:14:681] Path of length 54 found: [0, 8, 16, 17, 25, 24, 32, 33, 41, 49, 48, 56, 57, 58, 59, 60, 52, 53, 45, 46, 38, 37, 29, 30, 22, 14, 13, 12, 20, 19, 27, 28, 36, 44, 43, 35, 34, 26, 18, 10, 9, 1, 2, 3, 4, 5, 6, 7, 15, 23, 31, 39, 47, 55, 63]
[00:00:00:15:121] ! Bidirectional. expansions: 7,757, time: 14,681 [ms], path length: 54 [edges], g_F: 28, g_B: 26, generated: 0, MM: 2, MMPER: 2.6363636363636362%
[00:00:00:15:122] 
---------- SM_Grids/8x8_grid_with_random_blocks_12per_9 ----------
[00:00:03:14:214] Valid states checked so far: 200,000, Expansions: 117,370, Global best: 43
[00:00:03:26:653] Path of length 52 found: [0, 8, 9, 1, 2, 10, 18, 26, 25, 24, 32, 40, 48, 56, 57, 49, 41, 33, 34, 35, 43, 51, 50, 58, 59, 60, 52, 53, 45, 37, 36, 28, 27, 19, 11, 12, 20, 21, 13, 5, 6, 7, 15, 23, 31, 30, 38, 46, 47, 55, 54, 62, 63]
[00:00:03:26:653] ! Unidirectional s-t. expansions: 124,817, time: 206,653 [ms], path length: 52 [edges], generated: 212,749
[00:00:03:21:114] Valid states checked so far: 200,000, Expansions: 115,954, Global best: 0
[00:00:05:40:783] Path of length 52 found: [63, 55, 47, 46, 38, 30, 31, 23, 15, 7, 6, 5, 4, 12, 13, 21, 20, 19, 11, 10, 18, 26, 25, 33, 34, 35, 27, 28, 36, 37, 45, 53, 54, 62, 61, 60, 52, 51, 59, 58, 50, 49, 57, 56, 48, 40, 32, 24, 16, 8, 9, 1, 0]
[00:00:05:40:784] ! Unidirectional t-s. expansions: 202,704, time: 340,784 [ms], path length: 52 [edges], generated: 347,584
[00:00:07:04:375] Path of length 52 found: [0, 8, 9, 1, 2, 10, 18, 26, 27, 19, 20, 28, 36, 35, 34, 33, 25, 24, 32, 40, 41, 49, 48, 56, 57, 58, 50, 51, 52, 60, 61, 62, 54, 53, 45, 37, 29, 21, 13, 12, 4, 5, 6, 7, 15, 23, 31, 30, 38, 46, 47, 55, 63]
[00:00:07:04:819] ! Bidirectional. expansions: 255,606, time: 424,375 [ms], path length: 52 [edges], g_F: 27, g_B: 25, generated: 0, MM: 2, MMPER: 2.7735849056603774%

[00:00:07:04:819] average expansions: (54,007, 55,811, 96,701, 0)
[00:00:07:04:820] average time: (85,891, 89,404, 170,035, 0)
[00:00:07:04:820] XIDA: 54,007 , 85,891 (expansions , time[ms])
[00:00:07:04:820] BiXIDA: 96,701 , 170,035 (expansions , time[ms])

