------------------------------------
Thu 01 Oct 2026 12:15:57 IDT
SLURM_JOBID:		21944145
SLURM_JOB_NODELIST:	ise-cpu256-09
SLURM_SCRATCH_DIR:	/scratch/shubit/21944145
Allocated Resouces:	cpu - 2 / mem - 61440 MB / gpu - 
SLURM_GPU_INDEX:	
Running as shubit from shimony account with normal QOS
------------------------------------
Thu 01 Oct 2026 12:15:57 IDT

SLURM_JOBID:		 21944145
SLURM_JOB_NODELIST:	 ise-cpu256-09 

--------------------------
date: SM_Grids
number_of_graphs: 10
graph_type: grid
size_of_graphs: [8, 8]
heuristic: bcc_heuristic
snake: False
run_uni: True
run_bi: True
run_multi: False
solution_vertices: []
algorithms: ['IDA']
lookahead: 2
bsd: False
cube_first_dims: 4
cube_buffer_dim: None
backward_sym_generation: False
sym_coil: False
prefix_set: None

---------- SM_Grids/8x8_grid_with_random_blocks_16per_0 ----------
[00:00:00:01:516] Path of length 44 found: [0, 1, 9, 10, 2, 3, 11, 19, 18, 26, 25, 24, 32, 40, 48, 49, 41, 33, 34, 42, 50, 51, 43, 35, 36, 28, 20, 12, 13, 5, 6, 7, 15, 14, 22, 23, 31, 30, 29, 37, 38, 46, 47, 55, 63]
[00:00:00:01:516] ! Unidirectional s-t. expansions: 568, time: 1,516 [ms], path length: 44 [edges], generated: 2,766
[00:00:00:00:674] Path of length 44 found: [63, 55, 47, 46, 38, 39, 31, 23, 15, 7, 6, 5, 13, 14, 22, 30, 29, 37, 36, 44, 43, 35, 34, 33, 41, 42, 50, 49, 48, 40, 32, 24, 25, 26, 18, 19, 20, 12, 11, 3, 2, 10, 9, 1, 0]
[00:00:00:00:674] ! Unidirectional t-s. expansions: 152, time: 674 [ms], path length: 44 [edges], generated: 786
[00:00:00:01:493] Path of length 44 found: [0, 1, 9, 10, 2, 3, 11, 19, 18, 26, 25, 24, 32, 40, 48, 49, 41, 33, 34, 42, 50, 51, 43, 35, 36, 37, 29, 28, 20, 12, 13, 5, 6, 7, 15, 14, 22, 23, 31, 39, 38, 46, 47, 55, 63]
[00:00:00:01:954] ! Bidirectional. expansions: 778, time: 1,493 [ms], path length: 44 [edges], g_F: 22, g_B: 22, generated: 0, MM: 0, MMPER: -1.0%
[00:00:00:01:954] 
---------- SM_Grids/8x8_grid_with_random_blocks_16per_1 ----------
[00:00:00:00:126] Path of length 44 found: [0, 8, 16, 24, 32, 33, 25, 26, 18, 10, 2, 3, 4, 12, 11, 19, 27, 35, 34, 42, 43, 44, 36, 28, 20, 21, 29, 30, 22, 14, 15, 23, 31, 39, 38, 46, 47, 55, 54, 53, 52, 60, 61, 62, 63]
[00:00:00:00:126] ! Unidirectional s-t. expansions: 35, time: 126 [ms], path length: 44 [edges], generated: 135
[00:00:00:10:160] Path of length 44 found: [63, 62, 61, 60, 52, 53, 54, 55, 47, 46, 38, 39, 31, 23, 15, 14, 22, 30, 29, 21, 20, 12, 4, 3, 2, 10, 11, 19, 18, 26, 34, 35, 27, 28, 36, 44, 43, 42, 41, 33, 25, 24, 16, 8, 0]
[00:00:00:10:161] ! Unidirectional t-s. expansions: 2,856, time: 10,160 [ms], path length: 44 [edges], generated: 13,790
[00:00:00:02:210] Path of length 44 found: [0, 8, 16, 24, 32, 33, 25, 26, 18, 10, 2, 3, 4, 12, 11, 19, 27, 35, 34, 42, 43, 44, 36, 28, 20, 21, 29, 30, 22, 14, 15, 23, 31, 39, 38, 46, 47, 55, 54, 53, 52, 60, 61, 62, 63]
[00:00:00:02:643] ! Bidirectional. expansions: 761, time: 2,210 [ms], path length: 44 [edges], g_F: 22, g_B: 22, generated: 0, MM: 0, MMPER: -1.0%
[00:00:00:02:643] 
---------- SM_Grids/8x8_grid_with_random_blocks_16per_2 ----------
[00:00:00:06:941] Path of length 44 found: [0, 8, 16, 24, 32, 40, 48, 56, 57, 49, 41, 33, 34, 26, 18, 10, 2, 3, 11, 19, 27, 28, 20, 21, 29, 30, 38, 46, 47, 55, 54, 53, 45, 44, 43, 42, 50, 58, 59, 51, 52, 60, 61, 62, 63]
[00:00:00:06:941] ! Unidirectional s-t. expansions: 2,095, time: 6,941 [ms], path length: 44 [edges], generated: 10,413
[00:00:00:26:410] Path of length 44 found: [63, 55, 47, 46, 38, 30, 29, 21, 20, 19, 11, 3, 2, 10, 18, 26, 27, 28, 36, 44, 45, 53, 54, 62, 61, 60, 52, 51, 43, 42, 34, 33, 41, 49, 50, 58, 57, 56, 48, 40, 32, 24, 16, 8, 0]
[00:00:00:26:410] ! Unidirectional t-s. expansions: 9,584, time: 26,410 [ms], path length: 44 [edges], generated: 41,625
[00:00:00:05:802] Path of length 44 found: [0, 8, 16, 24, 32, 40, 48, 56, 57, 49, 41, 33, 34, 42, 43, 51, 50, 58, 59, 60, 61, 53, 45, 44, 36, 28, 27, 26, 18, 10, 2, 3, 11, 19, 20, 21, 29, 30, 38, 46, 47, 55, 54, 62, 63]
[00:00:00:06:231] ! Bidirectional. expansions: 2,253, time: 5,802 [ms], path length: 44 [edges], g_F: 22, g_B: 22, generated: 0, MM: 0, MMPER: -1.0%
[00:00:00:06:232] 
---------- SM_Grids/8x8_grid_with_random_blocks_16per_3 ----------
[00:00:00:24:881] Path of length 44 found: [0, 8, 16, 24, 25, 17, 18, 10, 11, 19, 27, 26, 34, 33, 41, 49, 50, 42, 43, 35, 36, 28, 29, 21, 20, 12, 13, 14, 15, 23, 31, 30, 38, 39, 47, 46, 45, 44, 52, 60, 61, 53, 54, 62, 63]
[00:00:00:24:881] ! Unidirectional s-t. expansions: 8,950, time: 24,881 [ms], path length: 44 [edges], generated: 46,438
[00:00:01:13:555] Path of length 44 found: [63, 55, 47, 39, 31, 23, 15, 14, 13, 12, 11, 10, 18, 26, 34, 42, 43, 35, 36, 28, 27, 19, 20, 21, 29, 30, 38, 46, 45, 53, 54, 62, 61, 60, 52, 51, 50, 49, 41, 33, 25, 17, 16, 8, 0]
[00:00:01:13:555] ! Unidirectional t-s. expansions: 31,152, time: 73,555 [ms], path length: 44 [edges], generated: 143,194
[00:00:00:32:007] Path of length 44 found: [0, 8, 16, 24, 25, 17, 18, 10, 11, 19, 27, 26, 34, 33, 41, 49, 50, 42, 43, 35, 36, 44, 52, 60, 61, 62, 54, 53, 45, 46, 38, 30, 29, 21, 20, 12, 13, 14, 15, 23, 31, 39, 47, 55, 63]
[00:00:00:32:483] ! Bidirectional. expansions: 12,838, time: 32,007 [ms], path length: 44 [edges], g_F: 22, g_B: 22, generated: 0, MM: 0, MMPER: -1.0%
[00:00:00:32:483] 
---------- SM_Grids/8x8_grid_with_random_blocks_16per_4 ----------
[00:00:00:01:425] Path of length 48 found: [0, 1, 9, 8, 16, 17, 25, 33, 32, 40, 48, 56, 57, 49, 41, 42, 50, 51, 52, 60, 61, 53, 45, 44, 36, 37, 29, 28, 27, 35, 34, 26, 18, 10, 11, 3, 4, 12, 13, 14, 22, 30, 38, 39, 47, 46, 54, 62, 63]
[00:00:00:01:426] ! Unidirectional s-t. expansions: 460, time: 1,426 [ms], path length: 48 [edges], generated: 2,305
[00:00:00:04:175] Path of length 48 found: [63, 55, 47, 39, 38, 30, 22, 14, 13, 12, 4, 3, 11, 10, 18, 26, 34, 35, 27, 28, 29, 37, 36, 44, 45, 46, 54, 62, 61, 53, 52, 51, 50, 42, 41, 49, 57, 56, 48, 40, 32, 33, 25, 17, 16, 8, 9, 1, 0]
[00:00:00:04:176] ! Unidirectional t-s. expansions: 977, time: 4,176 [ms], path length: 48 [edges], generated: 4,855
[00:00:00:03:370] Path of length 48 found: [0, 1, 9, 8, 16, 17, 25, 33, 32, 40, 48, 56, 57, 49, 41, 42, 50, 51, 52, 60, 61, 62, 54, 46, 45, 44, 36, 37, 29, 28, 27, 35, 34, 26, 18, 10, 11, 3, 4, 12, 13, 14, 22, 30, 38, 39, 47, 55, 63]
[00:00:00:03:832] ! Bidirectional. expansions: 1,087, time: 3,370 [ms], path length: 48 [edges], g_F: 24, g_B: 24, generated: 0, MM: 0, MMPER: -1.0%
[00:00:00:03:832] 
---------- SM_Grids/8x8_grid_with_random_blocks_16per_5 ----------
[00:00:00:04:729] Path of length 50 found: [0, 8, 16, 24, 32, 33, 34, 26, 25, 17, 9, 1, 2, 10, 11, 19, 20, 12, 4, 5, 6, 14, 15, 23, 22, 30, 29, 28, 36, 35, 43, 51, 50, 49, 48, 56, 57, 58, 59, 60, 61, 53, 52, 44, 45, 46, 38, 39, 47, 55, 63]
[00:00:00:04:730] ! Unidirectional s-t. expansions: 1,416, time: 4,729 [ms], path length: 50 [edges], generated: 6,086
[00:00:00:05:302] Path of length 50 found: [63, 55, 47, 39, 38, 46, 54, 53, 45, 44, 52, 60, 59, 58, 57, 56, 48, 49, 50, 51, 43, 35, 36, 28, 29, 30, 31, 23, 15, 14, 6, 5, 4, 12, 20, 19, 11, 3, 2, 10, 9, 17, 25, 26, 34, 33, 32, 24, 16, 8, 0]
[00:00:00:05:302] ! Unidirectional t-s. expansions: 1,455, time: 5,302 [ms], path length: 50 [edges], generated: 6,538
[00:00:00:08:069] Path of length 50 found: [0, 8, 16, 24, 32, 33, 34, 26, 25, 17, 9, 1, 2, 10, 11, 19, 20, 12, 4, 5, 6, 14, 15, 23, 22, 30, 29, 28, 36, 35, 43, 51, 50, 49, 48, 56, 57, 58, 59, 60, 52, 44, 45, 53, 54, 46, 38, 39, 47, 55, 63]
[00:00:00:08:533] ! Bidirectional. expansions: 2,754, time: 8,069 [ms], path length: 50 [edges], g_F: 25, g_B: 25, generated: 0, MM: 0, MMPER: -1.0%
[00:00:00:08:533] 
---------- SM_Grids/8x8_grid_with_random_blocks_16per_6 ----------
[00:00:00:00:555] Path of length 48 found: [0, 1, 9, 8, 16, 24, 32, 40, 48, 49, 50, 42, 41, 33, 25, 17, 18, 10, 11, 19, 27, 26, 34, 35, 36, 44, 52, 53, 45, 37, 29, 21, 13, 5, 6, 7, 15, 14, 22, 23, 31, 30, 38, 46, 47, 55, 54, 62, 63]
[00:00:00:00:555] ! Unidirectional s-t. expansions: 128, time: 555 [ms], path length: 48 [edges], generated: 620
[00:00:00:00:200] Path of length 48 found: [63, 62, 54, 55, 47, 46, 38, 30, 31, 23, 15, 7, 6, 5, 13, 14, 22, 21, 29, 37, 45, 53, 52, 44, 36, 35, 27, 19, 11, 10, 18, 17, 25, 26, 34, 33, 41, 42, 50, 49, 48, 40, 32, 24, 16, 8, 9, 1, 0]
[00:00:00:00:200] ! Unidirectional t-s. expansions: 42, time: 200 [ms], path length: 48 [edges], generated: 210
[00:00:00:00:506] Path of length 48 found: [0, 1, 9, 8, 16, 24, 32, 40, 48, 49, 50, 42, 41, 33, 25, 17, 18, 10, 11, 19, 27, 26, 34, 35, 36, 44, 52, 53, 45, 37, 29, 21, 22, 14, 13, 5, 6, 7, 15, 23, 31, 30, 38, 46, 47, 55, 54, 62, 63]
[00:00:00:00:963] ! Bidirectional. expansions: 165, time: 506 [ms], path length: 48 [edges], g_F: 24, g_B: 24, generated: 0, MM: 0, MMPER: -1.0%
[00:00:00:00:963] 
---------- SM_Grids/8x8_grid_with_random_blocks_16per_7 ----------
[00:00:01:19:800] Path of length 48 found: [0, 8, 16, 24, 32, 40, 48, 56, 57, 49, 41, 33, 34, 26, 18, 17, 9, 10, 2, 3, 11, 19, 27, 28, 20, 12, 13, 14, 6, 7, 15, 23, 31, 30, 38, 37, 45, 44, 43, 42, 50, 58, 59, 60, 61, 53, 54, 55, 63]
[00:00:01:19:800] ! Unidirectional s-t. expansions: 26,677, time: 79,800 [ms], path length: 48 [edges], generated: 122,024
[00:00:00:36:468] Path of length 48 found: [63, 55, 54, 46, 38, 30, 31, 23, 15, 7, 6, 14, 13, 21, 20, 12, 11, 3, 2, 10, 9, 17, 18, 19, 27, 26, 34, 35, 43, 44, 45, 53, 61, 60, 59, 51, 50, 42, 41, 49, 57, 56, 48, 40, 32, 24, 16, 8, 0]
[00:00:00:36:468] ! Unidirectional t-s. expansions: 12,206, time: 36,468 [ms], path length: 48 [edges], generated: 61,751
[00:00:00:55:405] Path of length 48 found: [0, 8, 16, 24, 32, 40, 48, 56, 57, 49, 41, 33, 34, 42, 50, 58, 59, 60, 61, 53, 45, 44, 43, 35, 27, 26, 18, 17, 9, 10, 2, 3, 11, 12, 20, 21, 13, 14, 6, 7, 15, 23, 31, 30, 38, 46, 54, 55, 63]
[00:00:00:55:859] ! Bidirectional. expansions: 26,505, time: 55,405 [ms], path length: 48 [edges], g_F: 24, g_B: 24, generated: 0, MM: 0, MMPER: -1.0%
[00:00:00:55:860] 
---------- SM_Grids/8x8_grid_with_random_blocks_16per_8 ----------
[00:00:00:07:174] Path of length 50 found: [0, 8, 16, 17, 9, 1, 2, 10, 18, 19, 11, 3, 4, 5, 6, 7, 15, 23, 22, 14, 13, 12, 20, 21, 29, 28, 36, 35, 34, 33, 32, 40, 48, 56, 57, 49, 41, 42, 50, 51, 59, 60, 61, 53, 45, 37, 38, 46, 54, 62, 63]
[00:00:00:07:175] ! Unidirectional s-t. expansions: 2,050, time: 7,174 [ms], path length: 50 [edges], generated: 9,385
[00:00:00:00:683] Path of length 50 found: [63, 62, 54, 46, 38, 37, 45, 53, 61, 60, 59, 51, 43, 42, 50, 49, 57, 56, 48, 40, 32, 33, 34, 35, 36, 28, 29, 21, 13, 14, 22, 23, 15, 7, 6, 5, 4, 3, 2, 1, 9, 10, 11, 12, 20, 19, 18, 17, 16, 8, 0]
[00:00:00:00:683] ! Unidirectional t-s. expansions: 204, time: 683 [ms], path length: 50 [edges], generated: 975
[00:00:00:03:806] Path of length 50 found: [0, 8, 16, 17, 9, 1, 2, 3, 4, 5, 13, 14, 6, 7, 15, 23, 22, 21, 29, 37, 36, 28, 20, 12, 11, 10, 18, 26, 34, 35, 43, 42, 41, 33, 32, 40, 48, 56, 57, 49, 50, 51, 59, 60, 61, 53, 45, 46, 54, 62, 63]
[00:00:00:04:267] ! Bidirectional. expansions: 1,577, time: 3,807 [ms], path length: 50 [edges], g_F: 25, g_B: 25, generated: 0, MM: 0, MMPER: -1.0%
[00:00:00:04:268] 
---------- SM_Grids/8x8_grid_with_random_blocks_16per_9 ----------
[00:00:00:02:407] Path of length 46 found: [0, 8, 16, 24, 32, 33, 25, 17, 9, 1, 2, 3, 11, 12, 4, 5, 6, 7, 15, 14, 13, 21, 20, 28, 27, 26, 34, 42, 50, 58, 59, 51, 43, 44, 36, 37, 38, 30, 31, 39, 47, 55, 54, 53, 61, 62, 63]
[00:00:00:02:407] ! Unidirectional s-t. expansions: 687, time: 2,407 [ms], path length: 46 [edges], generated: 2,836
[00:00:00:00:972] Path of length 46 found: [63, 62, 61, 53, 54, 55, 47, 39, 31, 30, 38, 37, 45, 44, 52, 51, 59, 58, 50, 42, 41, 33, 32, 24, 16, 8, 9, 17, 25, 26, 27, 28, 20, 21, 13, 14, 15, 7, 6, 5, 4, 12, 11, 3, 2, 1, 0]
[00:00:00:00:973] ! Unidirectional t-s. expansions: 237, time: 972 [ms], path length: 46 [edges], generated: 1,096
[00:00:00:03:404] Path of length 46 found: [0, 8, 16, 24, 32, 33, 25, 17, 9, 1, 2, 3, 11, 12, 4, 5, 6, 7, 15, 14, 13, 21, 20, 28, 27, 26, 34, 42, 50, 58, 59, 51, 52, 44, 45, 37, 38, 30, 31, 39, 47, 55, 54, 53, 61, 62, 63]
[00:00:00:03:901] ! Bidirectional. expansions: 1,266, time: 3,405 [ms], path length: 46 [edges], g_F: 23, g_B: 23, generated: 0, MM: 0, MMPER: -1.0%

[00:00:00:03:901] average expansions: (4,307, 5,886, 4,998, 0)
[00:00:00:03:901] average time: (12,956, 15,860, 11,607, 0)
[00:00:00:03:901] XIDA: 4,307 , 12,956 (expansions , time[ms])
[00:00:00:03:902] BiXIDA: 4,998 , 11,607 (expansions , time[ms])

