------------------------------------
Thu 01 Oct 2026 14:01:42 IDT
SLURM_JOBID:		21947789
SLURM_JOB_NODELIST:	ise-cpu256-03
SLURM_SCRATCH_DIR:	/scratch/shubit/21947789
Allocated Resouces:	cpu - 2 / mem - 61440 MB / gpu - 
SLURM_GPU_INDEX:	
Running as shubit from shimony account with normal QOS
------------------------------------
Thu 01 Oct 2026 14:01:42 IDT

SLURM_JOBID:		 21947789
SLURM_JOB_NODELIST:	 ise-cpu256-03 

--------------------------
date: SM_Grids
number_of_graphs: 10
graph_type: grid
size_of_graphs: [8, 8]
heuristic: bcc_heuristic
snake: False
run_uni: True
run_bi: True
run_multi: False
solution_vertices: []
algorithms: ['DFBnB']
lookahead: 1
bsd: False
cube_first_dims: 4
cube_buffer_dim: None
backward_sym_generation: False
sym_coil: False
prefix_set: None

---------- SM_Grids/8x8_grid_with_random_blocks_8per_0 ----------
[00:00:03:28:010] Valid states checked so far: 200,000, Expansions: 114,071, Global best: 55
[00:00:06:50:824] Valid states checked so far: 400,000, Expansions: 227,955, Global best: 55
[00:00:10:26:518] Valid states checked so far: 600,000, Expansions: 338,356, Global best: 55
[00:00:10:54:437] Path of length 56 found: [0, 8, 9, 17, 16, 24, 32, 40, 41, 49, 57, 58, 59, 51, 43, 42, 34, 33, 25, 26, 18, 19, 11, 10, 2, 3, 4, 5, 13, 21, 20, 28, 27, 35, 36, 44, 45, 37, 29, 30, 22, 14, 6, 7, 15, 23, 31, 39, 38, 46, 47, 55, 54, 53, 61, 62, 63]
[00:00:10:54:437] ! Unidirectional s-t. expansions: 352,557, time: 654,437 [ms], path length: 56 [edges], generated: 626,224
[00:00:00:21:823] Path of length 56 found: [63, 55, 47, 39, 31, 23, 15, 7, 6, 5, 4, 3, 2, 10, 11, 19, 18, 26, 25, 33, 34, 42, 43, 44, 36, 35, 27, 28, 20, 21, 13, 14, 22, 30, 29, 37, 38, 46, 45, 53, 54, 62, 61, 60, 59, 58, 57, 49, 41, 40, 32, 24, 16, 17, 9, 8, 0]
[00:00:00:21:823] ! Unidirectional t-s. expansions: 8,438, time: 21,823 [ms], path length: 56 [edges], generated: 15,432
[00:00:03:26:136] Expansions: 50,000. F states: 47,966, B states: 46,210. Checks: 221,073)
[00:00:07:05:960] Expansions: 100,000. F states: 92,423, B states: 94,525. Checks: 432,073)
[00:00:10:23:694] Expansions: 150,000. F states: 135,694, B states: 142,909. Checks: 643,860)
[00:00:13:31:845] Expansions: 200,000. F states: 184,662, B states: 183,404. Checks: 850,168)
[00:00:16:34:260] Expansions: 250,000. F states: 214,805, B states: 247,383. Checks: 1,063,154)
[00:00:19:59:301] Expansions: 300,000. F states: 256,048, B states: 296,637. Checks: 1,276,630)
[00:00:23:01:321] Expansions: 350,000. F states: 309,715, B states: 335,020. Checks: 1,492,088)
[00:00:26:10:537] Expansions: 400,000. F states: 361,024, B states: 372,357. Checks: 1,699,485)
[00:00:29:26:435] Expansions: 450,000. F states: 423,956, B states: 398,591. Checks: 1,906,401)
[00:00:32:38:616] Expansions: 500,000. F states: 491,569, B states: 420,040. Checks: 2,103,791)
[00:00:35:55:710] Expansions: 550,000. F states: 549,407, B states: 450,159. Checks: 2,309,922)
[00:00:39:05:442] Expansions: 600,000. F states: 609,696, B states: 479,459. Checks: 2,520,419)
[00:00:42:16:382] Expansions: 650,000. F states: 650,908, B states: 531,420. Checks: 2,732,445)
[00:00:45:31:412] Expansions: 700,000. F states: 697,929, B states: 576,447. Checks: 2,945,773)
[00:00:48:43:051] Expansions: 750,000. F states: 767,364, B states: 596,073. Checks: 3,145,003)
[00:00:52:03:390] Expansions: 800,000. F states: 815,704, B states: 637,060. Checks: 3,348,252)
[00:00:55:23:085] Expansions: 850,000. F states: 863,678, B states: 677,004. Checks: 3,553,902)
[00:00:59:11:535] Expansions: 900,000. F states: 910,458, B states: 721,205. Checks: 3,770,225)
[00:01:03:16:175] Expansions: 950,000. F states: 958,634, B states: 764,043. Checks: 3,985,277)
[00:01:07:07:821] Expansions: 1,000,000. F states: 1,009,159, B states: 803,744. Checks: 4,197,770)
[00:01:10:42:537] Expansions: 1,050,000. F states: 1,079,468, B states: 822,724. Checks: 4,402,429)
[00:01:14:28:649] Expansions: 1,100,000. F states: 1,141,677, B states: 849,618. Checks: 4,605,710)
[00:01:18:01:395] Expansions: 1,150,000. F states: 1,194,664, B states: 885,878. Checks: 4,817,139)
[00:01:21:59:251] Expansions: 1,200,000. F states: 1,233,908, B states: 935,458. Checks: 5,030,607)
[00:01:25:24:004] Expansions: 1,250,000. F states: 1,307,442, B states: 951,306. Checks: 5,232,226)
[00:01:29:22:456] Expansions: 1,300,000. F states: 1,346,072, B states: 1,001,286. Checks: 5,453,465)
[00:01:30:01:061] Path of length 56 found: [0, 8, 9, 17, 16, 24, 32, 40, 41, 49, 57, 58, 59, 60, 61, 62, 54, 53, 45, 46, 38, 37, 29, 30, 22, 14, 13, 21, 20, 28, 27, 35, 36, 44, 43, 42, 34, 33, 25, 26, 18, 19, 11, 10, 2, 3, 4, 5, 6, 7, 15, 23, 31, 39, 47, 55, 63]
[00:01:30:01:602] ! Bidirectional. expansions: 1,307,006, time: 5,401,061 [ms], path length: 56 [edges], g_F: 27, g_B: 29, generated: 0, MM: 2, MMPER: 2.508771929824561%
[00:01:30:01:602] 
---------- SM_Grids/8x8_grid_with_random_blocks_8per_1 ----------
[00:00:03:00:496] Path of length 56 found: [0, 8, 16, 24, 32, 40, 48, 56, 57, 49, 41, 42, 50, 51, 59, 60, 52, 44, 43, 35, 34, 26, 18, 17, 9, 1, 2, 10, 11, 3, 4, 12, 20, 28, 36, 37, 29, 21, 13, 5, 6, 7, 15, 14, 22, 23, 31, 30, 38, 39, 47, 46, 54, 53, 61, 62, 63]
[00:00:03:00:497] ! Unidirectional s-t. expansions: 87,497, time: 180,496 [ms], path length: 56 [edges], generated: 150,127
[00:00:03:59:564] Valid states checked so far: 200,000, Expansions: 120,244, Global best: 57
[00:00:04:59:837] Path of length 56 found: [63, 55, 47, 39, 31, 23, 15, 7, 6, 5, 4, 3, 2, 1, 9, 17, 18, 26, 34, 35, 43, 44, 36, 28, 20, 19, 11, 12, 13, 14, 22, 21, 29, 37, 38, 46, 54, 62, 61, 53, 52, 60, 59, 51, 50, 42, 41, 49, 57, 56, 48, 40, 32, 24, 16, 8, 0]
[00:00:04:59:838] ! Unidirectional t-s. expansions: 149,029, time: 299,837 [ms], path length: 56 [edges], generated: 250,566
[00:00:04:02:026] Expansions: 50,000. F states: 40,648, B states: 48,374. Checks: 207,236)
[00:00:08:04:658] Expansions: 100,000. F states: 77,353, B states: 101,699. Checks: 420,906)
[00:00:12:18:268] Expansions: 150,000. F states: 113,250, B states: 156,232. Checks: 645,812)
[00:00:16:24:476] Expansions: 200,000. F states: 159,343, B states: 201,587. Checks: 869,059)
[00:00:20:34:016] Expansions: 250,000. F states: 192,895, B states: 258,271. Checks: 1,080,997)
[00:00:24:39:626] Expansions: 300,000. F states: 214,382, B states: 325,461. Checks: 1,285,509)
[00:00:29:01:653] Expansions: 350,000. F states: 249,121, B states: 382,418. Checks: 1,509,209)
[00:00:32:57:778] Expansions: 400,000. F states: 279,463, B states: 442,119. Checks: 1,733,213)
[00:00:36:53:355] Expansions: 450,000. F states: 317,248, B states: 494,468. Checks: 1,950,194)
[00:00:40:54:041] Expansions: 500,000. F states: 357,799, B states: 545,440. Checks: 2,171,814)
[00:00:43:34:829] Path of length 56 found: [0, 8, 16, 24, 32, 40, 48, 56, 57, 49, 41, 42, 50, 51, 59, 60, 52, 53, 61, 62, 54, 46, 38, 30, 22, 14, 13, 12, 11, 19, 20, 21, 29, 28, 36, 44, 43, 35, 34, 26, 18, 17, 9, 1, 2, 3, 4, 5, 6, 7, 15, 23, 31, 39, 47, 55, 63]
[00:00:43:35:367] ! Bidirectional. expansions: 534,305, time: 2,614,829 [ms], path length: 56 [edges], g_F: 34, g_B: 22, generated: 0, MM: 12, MMPER: 20.05263157894737%
[00:00:43:35:368] 
---------- SM_Grids/8x8_grid_with_random_blocks_8per_2 ----------
[00:00:00:00:637] Path of length 58 found: [0, 8, 16, 24, 32, 40, 48, 56, 57, 49, 41, 42, 34, 35, 27, 26, 25, 17, 18, 10, 9, 1, 2, 3, 11, 12, 20, 21, 13, 5, 6, 7, 15, 14, 22, 23, 31, 30, 29, 37, 36, 44, 43, 51, 50, 58, 59, 60, 52, 53, 45, 46, 38, 39, 47, 55, 54, 62, 63]
[00:00:00:00:638] ! Unidirectional s-t. expansions: 437, time: 638 [ms], path length: 58 [edges], generated: 718
[00:00:00:00:125] Path of length 58 found: [63, 62, 54, 55, 47, 39, 31, 23, 15, 7, 6, 5, 13, 14, 22, 21, 20, 12, 11, 3, 2, 1, 9, 10, 18, 17, 25, 26, 27, 35, 34, 42, 41, 49, 50, 51, 43, 44, 36, 37, 29, 30, 38, 46, 45, 53, 52, 60, 59, 58, 57, 56, 48, 40, 32, 24, 16, 8, 0]
[00:00:00:00:126] ! Unidirectional t-s. expansions: 58, time: 125 [ms], path length: 58 [edges], generated: 94
[00:00:00:05:088] Path of length 58 found: [0, 8, 16, 24, 32, 40, 48, 56, 57, 49, 41, 42, 34, 35, 27, 26, 25, 17, 18, 10, 9, 1, 2, 3, 11, 12, 20, 21, 29, 37, 36, 44, 43, 51, 50, 58, 59, 60, 52, 53, 45, 46, 38, 30, 22, 14, 13, 5, 6, 7, 15, 23, 31, 39, 47, 55, 54, 62, 63]
[00:00:00:05:664] ! Bidirectional. expansions: 890, time: 5,088 [ms], path length: 58 [edges], g_F: 22, g_B: 36, generated: 0, MM: 14, MMPER: 22.728813559322035%
[00:00:00:05:665] 
---------- SM_Grids/8x8_grid_with_random_blocks_8per_3 ----------
[00:00:00:11:691] Path of length 56 found: [0, 8, 16, 17, 25, 33, 32, 40, 41, 49, 48, 56, 57, 58, 50, 51, 59, 60, 52, 44, 43, 35, 34, 26, 18, 10, 2, 3, 4, 12, 20, 19, 27, 28, 36, 37, 29, 21, 13, 5, 6, 7, 15, 14, 22, 30, 31, 39, 47, 46, 45, 53, 61, 62, 54, 55, 63]
[00:00:00:11:692] ! Unidirectional s-t. expansions: 6,257, time: 11,692 [ms], path length: 56 [edges], generated: 10,651
[00:00:02:27:173] Path of length 56 found: [63, 55, 47, 39, 31, 23, 15, 7, 6, 5, 4, 3, 2, 10, 18, 26, 34, 35, 43, 44, 36, 28, 27, 19, 20, 12, 13, 14, 22, 21, 29, 37, 45, 46, 54, 62, 61, 53, 52, 60, 59, 51, 50, 58, 57, 56, 48, 49, 41, 40, 32, 33, 25, 17, 16, 8, 0]
[00:00:02:27:174] ! Unidirectional t-s. expansions: 69,174, time: 147,173 [ms], path length: 56 [edges], generated: 117,071
[00:00:03:53:149] Expansions: 50,000. F states: 15,603, B states: 68,827. Checks: 187,455)
[00:00:05:45:365] Path of length 56 found: [0, 8, 16, 17, 25, 33, 32, 40, 41, 49, 48, 56, 57, 58, 50, 51, 59, 60, 52, 53, 61, 62, 54, 46, 45, 37, 29, 30, 22, 14, 13, 12, 20, 19, 27, 28, 36, 44, 43, 35, 34, 26, 18, 10, 2, 3, 4, 5, 6, 7, 15, 23, 31, 39, 47, 55, 63]
[00:00:05:45:880] ! Bidirectional. expansions: 74,050, time: 345,365 [ms], path length: 56 [edges], g_F: 32, g_B: 24, generated: 0, MM: 8, MMPER: 13.035087719298245%
[00:00:05:45:880] 
---------- SM_Grids/8x8_grid_with_random_blocks_8per_4 ----------
[00:00:03:36:989] Valid states checked so far: 200,000, Expansions: 119,052, Global best: 53
[00:00:07:22:212] Valid states checked so far: 400,000, Expansions: 236,417, Global best: 53
[00:00:11:03:170] Valid states checked so far: 600,000, Expansions: 355,320, Global best: 53
[00:00:14:52:731] Valid states checked so far: 800,000, Expansions: 473,199, Global best: 53
[00:00:18:34:879] Valid states checked so far: 1,000,000, Expansions: 592,644, Global best: 53
[00:00:22:27:449] Valid states checked so far: 1,200,000, Expansions: 711,250, Global best: 53
[00:00:26:26:517] Valid states checked so far: 1,400,000, Expansions: 828,380, Global best: 53
[00:00:30:29:961] Valid states checked so far: 1,600,000, Expansions: 944,590, Global best: 53
[00:00:34:08:787] Valid states checked so far: 1,800,000, Expansions: 1,063,180, Global best: 53
[00:00:37:56:827] Valid states checked so far: 2,000,000, Expansions: 1,183,740, Global best: 53
[00:00:41:41:980] Valid states checked so far: 2,200,000, Expansions: 1,302,680, Global best: 53
[00:00:45:19:475] Valid states checked so far: 2,400,000, Expansions: 1,423,381, Global best: 53
[00:00:48:29:130] Path of length 52 found: [0, 8, 16, 24, 32, 40, 48, 56, 57, 49, 41, 33, 25, 17, 9, 1, 2, 10, 18, 26, 34, 42, 43, 51, 59, 60, 52, 44, 36, 35, 27, 19, 11, 3, 4, 12, 20, 28, 29, 21, 13, 14, 22, 30, 31, 39, 38, 46, 47, 55, 54, 62, 63]
[00:00:48:29:131] ! Unidirectional s-t. expansions: 1,509,255, time: 2,909,130 [ms], path length: 52 [edges], generated: 2,544,464
[00:00:03:44:933] Valid states checked so far: 200,000, Expansions: 114,668, Global best: 53
[00:00:03:57:297] Path of length 52 found: [63, 62, 54, 53, 52, 60, 59, 51, 43, 44, 36, 28, 20, 21, 29, 37, 38, 46, 47, 39, 31, 30, 22, 14, 13, 12, 4, 3, 2, 1, 9, 17, 25, 26, 18, 10, 11, 19, 27, 35, 34, 42, 41, 49, 57, 56, 48, 40, 32, 24, 16, 8, 0]
[00:00:03:57:298] ! Unidirectional t-s. expansions: 120,695, time: 237,297 [ms], path length: 52 [edges], generated: 210,727
[00:00:03:46:715] Expansions: 50,000. F states: 45,542, B states: 48,283. Checks: 228,936)
[00:00:07:38:452] Expansions: 100,000. F states: 112,576, B states: 70,093. Checks: 447,061)
[00:00:11:34:103] Expansions: 150,000. F states: 167,952, B states: 105,400. Checks: 667,638)
[00:00:15:36:643] Expansions: 200,000. F states: 222,416, B states: 142,939. Checks: 890,319)
[00:00:19:27:126] Expansions: 250,000. F states: 273,883, B states: 181,949. Checks: 1,111,060)
[00:00:23:33:856] Expansions: 300,000. F states: 334,626, B states: 212,749. Checks: 1,337,978)
[00:00:27:36:208] Expansions: 350,000. F states: 386,323, B states: 252,734. Checks: 1,560,123)
[00:00:31:40:471] Expansions: 400,000. F states: 450,598, B states: 279,540. Checks: 1,792,841)
[00:00:35:58:908] Expansions: 450,000. F states: 514,443, B states: 305,529. Checks: 2,019,343)
[00:00:39:41:523] Expansions: 500,000. F states: 579,058, B states: 330,998. Checks: 2,232,275)
[00:00:44:05:651] Expansions: 550,000. F states: 648,650, B states: 354,495. Checks: 2,465,276)
[00:00:48:24:757] Expansions: 600,000. F states: 702,412, B states: 392,391. Checks: 2,691,562)
[00:00:52:23:243] Expansions: 650,000. F states: 758,165, B states: 429,094. Checks: 2,906,581)
[00:00:56:18:528] Expansions: 700,000. F states: 810,222, B states: 468,500. Checks: 3,128,087)
[00:01:00:15:772] Expansions: 750,000. F states: 865,179, B states: 504,791. Checks: 3,349,589)
[00:01:04:00:911] Expansions: 800,000. F states: 930,183, B states: 529,149. Checks: 3,573,225)
[00:01:07:49:277] Expansions: 850,000. F states: 985,650, B states: 566,069. Checks: 3,797,637)
[00:01:11:35:352] Expansions: 900,000. F states: 1,044,705, B states: 596,173. Checks: 4,020,691)
[00:01:15:08:750] Expansions: 950,000. F states: 1,108,837, B states: 619,872. Checks: 4,242,617)
[00:01:19:08:760] Path of length 52 found: [0, 8, 16, 24, 32, 40, 48, 56, 57, 49, 41, 33, 25, 17, 9, 1, 2, 10, 18, 26, 34, 42, 43, 51, 59, 60, 52, 44, 36, 35, 27, 19, 11, 3, 4, 12, 20, 28, 29, 21, 13, 14, 22, 30, 31, 39, 38, 46, 47, 55, 54, 62, 63]
[00:01:19:09:269] ! Bidirectional. expansions: 998,936, time: 4,748,760 [ms], path length: 52 [edges], g_F: 42, g_B: 10, generated: 0, MM: 32, MMPER: 59.37735849056604%
[00:01:19:09:269] 
---------- SM_Grids/8x8_grid_with_random_blocks_8per_5 ----------
[00:00:03:06:648] Valid states checked so far: 200,000, Expansions: 118,785, Global best: 55
[00:00:06:11:677] Valid states checked so far: 400,000, Expansions: 238,046, Global best: 55
[00:00:09:47:801] Valid states checked so far: 600,000, Expansions: 357,928, Global best: 55
[00:00:13:10:620] Valid states checked so far: 800,000, Expansions: 476,562, Global best: 55
[00:00:15:07:426] Path of length 54 found: [0, 1, 2, 3, 11, 12, 4, 5, 13, 21, 20, 28, 27, 26, 18, 17, 16, 24, 25, 33, 32, 40, 48, 56, 57, 49, 41, 42, 34, 35, 43, 51, 50, 58, 59, 60, 61, 53, 52, 44, 36, 37, 29, 30, 22, 14, 6, 7, 15, 23, 31, 39, 47, 55, 63]
[00:00:15:07:427] ! Unidirectional s-t. expansions: 540,981, time: 907,426 [ms], path length: 54 [edges], generated: 909,861
[00:00:03:10:874] Valid states checked so far: 200,000, Expansions: 111,080, Global best: 55
[00:00:06:33:577] Valid states checked so far: 400,000, Expansions: 221,229, Global best: 55
[00:00:10:24:497] Valid states checked so far: 600,000, Expansions: 330,175, Global best: 55
[00:00:13:27:473] Valid states checked so far: 800,000, Expansions: 441,477, Global best: 55
[00:00:16:49:070] Valid states checked so far: 1,000,000, Expansions: 552,070, Global best: 55
[00:00:20:09:472] Valid states checked so far: 1,200,000, Expansions: 658,639, Global best: 55
[00:00:22:29:925] Path of length 54 found: [63, 55, 47, 39, 31, 23, 15, 7, 6, 5, 4, 3, 11, 12, 20, 28, 29, 21, 13, 14, 22, 30, 38, 37, 36, 35, 27, 26, 18, 17, 25, 33, 34, 42, 41, 49, 50, 51, 43, 44, 45, 53, 52, 60, 59, 58, 57, 56, 48, 40, 32, 24, 16, 8, 0]
[00:00:22:29:926] ! Unidirectional t-s. expansions: 729,797, time: 1,349,925 [ms], path length: 54 [edges], generated: 1,333,905
[00:00:02:53:523] Expansions: 50,000. F states: 39,188, B states: 50,179. Checks: 203,533)
[00:00:05:53:020] Expansions: 100,000. F states: 70,928, B states: 108,357. Checks: 401,000)
[00:00:08:49:989] Expansions: 150,000. F states: 100,663, B states: 166,862. Checks: 596,172)
[00:00:12:00:107] Expansions: 200,000. F states: 134,043, B states: 225,428. Checks: 795,206)
[00:00:15:03:452] Expansions: 250,000. F states: 166,352, B states: 282,143. Checks: 990,391)
[00:00:18:32:480] Expansions: 300,000. F states: 197,801, B states: 339,955. Checks: 1,185,379)
[00:00:21:59:718] Expansions: 350,000. F states: 240,252, B states: 389,691. Checks: 1,385,890)
[00:00:25:24:723] Expansions: 400,000. F states: 276,876, B states: 443,506. Checks: 1,583,613)
[00:00:28:19:778] Expansions: 450,000. F states: 306,788, B states: 502,308. Checks: 1,776,544)
[00:00:31:19:065] Expansions: 500,000. F states: 336,657, B states: 561,754. Checks: 1,970,054)
[00:00:34:45:947] Expansions: 550,000. F states: 361,693, B states: 624,382. Checks: 2,162,121)
[00:00:37:57:674] Expansions: 600,000. F states: 412,315, B states: 664,630. Checks: 2,367,527)
[00:00:40:50:899] Expansions: 650,000. F states: 471,912, B states: 697,519. Checks: 2,575,038)
[00:00:44:07:746] Expansions: 700,000. F states: 519,859, B states: 741,960. Checks: 2,780,310)
[00:00:47:36:604] Expansions: 750,000. F states: 558,318, B states: 795,566. Checks: 2,982,482)
[00:00:51:06:432] Expansions: 800,000. F states: 598,883, B states: 847,742. Checks: 3,189,808)
[00:00:54:37:750] Expansions: 850,000. F states: 638,108, B states: 900,757. Checks: 3,392,875)
[00:00:57:42:102] Path of length 54 found: [0, 8, 16, 24, 32, 40, 48, 56, 57, 49, 41, 33, 25, 17, 18, 26, 34, 42, 50, 58, 59, 51, 43, 35, 36, 44, 52, 60, 61, 53, 45, 37, 38, 30, 22, 14, 13, 21, 29, 28, 20, 12, 11, 3, 4, 5, 6, 7, 15, 23, 31, 39, 47, 55, 63]
[00:00:57:42:620] ! Bidirectional. expansions: 891,427, time: 3,462,102 [ms], path length: 54 [edges], g_F: 37, g_B: 17, generated: 0, MM: 20, MMPER: 35.36363636363637%
[00:00:57:42:620] 
---------- SM_Grids/8x8_grid_with_random_blocks_8per_6 ----------
[00:00:02:39:120] Valid states checked so far: 200,000, Expansions: 124,485, Global best: 57
[00:00:05:23:560] Valid states checked so far: 400,000, Expansions: 249,598, Global best: 57
[00:00:08:14:550] Valid states checked so far: 600,000, Expansions: 374,386, Global best: 57
[00:00:10:56:582] Valid states checked so far: 800,000, Expansions: 499,893, Global best: 57
[00:00:13:42:762] Valid states checked so far: 1,000,000, Expansions: 623,955, Global best: 57
[00:00:16:25:392] Valid states checked so far: 1,200,000, Expansions: 746,689, Global best: 57
[00:00:19:15:054] Valid states checked so far: 1,400,000, Expansions: 872,765, Global best: 57
[00:00:22:16:455] Valid states checked so far: 1,600,000, Expansions: 998,670, Global best: 57
[00:00:25:13:531] Valid states checked so far: 1,800,000, Expansions: 1,124,481, Global best: 57
[00:00:28:03:957] Valid states checked so far: 2,000,000, Expansions: 1,250,740, Global best: 57
[00:00:31:00:587] Valid states checked so far: 2,200,000, Expansions: 1,375,098, Global best: 57
[00:00:33:56:493] Valid states checked so far: 2,400,000, Expansions: 1,500,955, Global best: 57
[00:00:36:54:085] Valid states checked so far: 2,600,000, Expansions: 1,626,980, Global best: 57
[00:00:39:49:126] Valid states checked so far: 2,800,000, Expansions: 1,752,716, Global best: 57
[00:00:42:42:312] Valid states checked so far: 3,000,000, Expansions: 1,877,826, Global best: 57
[00:00:45:39:595] Valid states checked so far: 3,200,000, Expansions: 2,003,724, Global best: 57
[00:00:48:40:944] Valid states checked so far: 3,400,000, Expansions: 2,128,892, Global best: 57
[00:00:51:47:506] Valid states checked so far: 3,600,000, Expansions: 2,253,264, Global best: 57
[00:00:54:37:758] Valid states checked so far: 3,800,000, Expansions: 2,378,083, Global best: 57
[00:00:57:32:736] Valid states checked so far: 4,000,000, Expansions: 2,505,281, Global best: 57
[00:01:00:19:996] Valid states checked so far: 4,200,000, Expansions: 2,632,479, Global best: 57
[00:01:03:13:680] Valid states checked so far: 4,400,000, Expansions: 2,758,289, Global best: 57
[00:01:06:03:429] Valid states checked so far: 4,600,000, Expansions: 2,884,559, Global best: 57
[00:01:08:56:422] Valid states checked so far: 4,800,000, Expansions: 3,012,036, Global best: 57
[00:01:11:52:910] Valid states checked so far: 5,000,000, Expansions: 3,137,869, Global best: 57
[00:01:14:36:691] Valid states checked so far: 5,200,000, Expansions: 3,262,397, Global best: 57
[00:01:17:39:782] Valid states checked so far: 5,400,000, Expansions: 3,388,218, Global best: 57
[00:01:20:32:062] Valid states checked so far: 5,600,000, Expansions: 3,515,432, Global best: 57
[00:01:23:24:003] Valid states checked so far: 5,800,000, Expansions: 3,641,076, Global best: 57
[00:01:26:20:138] Valid states checked so far: 6,000,000, Expansions: 3,768,531, Global best: 57
[00:01:29:09:781] Valid states checked so far: 6,200,000, Expansions: 3,894,252, Global best: 57
[00:01:32:02:084] Valid states checked so far: 6,400,000, Expansions: 4,019,376, Global best: 57
[00:01:34:51:266] Valid states checked so far: 6,600,000, Expansions: 4,144,954, Global best: 57
[00:01:37:48:069] Valid states checked so far: 6,800,000, Expansions: 4,272,882, Global best: 57
[00:01:40:38:722] Valid states checked so far: 7,000,000, Expansions: 4,399,405, Global best: 57
[00:01:43:26:043] Valid states checked so far: 7,200,000, Expansions: 4,526,570, Global best: 57
[00:01:46:25:722] Valid states checked so far: 7,400,000, Expansions: 4,652,669, Global best: 57
[00:01:49:21:357] Valid states checked so far: 7,600,000, Expansions: 4,778,277, Global best: 57
[00:01:52:18:865] Valid states checked so far: 7,800,000, Expansions: 4,902,593, Global best: 57
[00:01:55:09:710] Valid states checked so far: 8,000,000, Expansions: 5,030,085, Global best: 57
[00:01:58:03:940] Valid states checked so far: 8,200,000, Expansions: 5,156,720, Global best: 57
[00:02:01:01:719] Valid states checked so far: 8,400,000, Expansions: 5,285,004, Global best: 57
[00:02:04:16:661] Valid states checked so far: 8,600,000, Expansions: 5,408,343, Global best: 57
[00:02:07:07:500] Valid states checked so far: 8,800,000, Expansions: 5,533,243, Global best: 57
[00:02:09:51:188] Valid states checked so far: 9,000,000, Expansions: 5,656,735, Global best: 57
[00:02:12:52:880] Valid states checked so far: 9,200,000, Expansions: 5,782,239, Global best: 57
[00:02:15:42:666] Valid states checked so far: 9,400,000, Expansions: 5,907,661, Global best: 57
[00:02:18:26:220] Valid states checked so far: 9,600,000, Expansions: 6,033,485, Global best: 57
[00:02:21:12:609] Valid states checked so far: 9,800,000, Expansions: 6,158,176, Global best: 57
[00:02:23:48:755] Valid states checked so far: 10,000,000, Expansions: 6,282,846, Global best: 57
[00:02:26:38:589] Valid states checked so far: 10,200,000, Expansions: 6,408,648, Global best: 57
[00:02:29:18:914] Valid states checked so far: 10,400,000, Expansions: 6,535,969, Global best: 57
[00:02:31:55:288] Valid states checked so far: 10,600,000, Expansions: 6,661,466, Global best: 57
[00:02:34:36:989] Valid states checked so far: 10,800,000, Expansions: 6,788,853, Global best: 57
[00:02:37:22:104] Valid states checked so far: 11,000,000, Expansions: 6,912,331, Global best: 57
[00:02:39:50:913] Valid states checked so far: 11,200,000, Expansions: 7,036,299, Global best: 57
[00:02:42:34:596] Valid states checked so far: 11,400,000, Expansions: 7,161,301, Global best: 57
[00:02:45:04:829] Valid states checked so far: 11,600,000, Expansions: 7,286,042, Global best: 57
[00:02:47:44:832] Valid states checked so far: 11,800,000, Expansions: 7,410,378, Global best: 57
[00:02:50:19:355] Valid states checked so far: 12,000,000, Expansions: 7,537,756, Global best: 57
[00:02:52:52:171] Valid states checked so far: 12,200,000, Expansions: 7,662,795, Global best: 57
[00:02:55:26:015] Valid states checked so far: 12,400,000, Expansions: 7,787,304, Global best: 57
[00:02:58:12:044] Valid states checked so far: 12,600,000, Expansions: 7,914,037, Global best: 57
[00:03:00:58:601] Valid states checked so far: 12,800,000, Expansions: 8,041,818, Global best: 57
[00:03:03:36:887] Valid states checked so far: 13,000,000, Expansions: 8,168,776, Global best: 57
[00:03:06:16:331] Valid states checked so far: 13,200,000, Expansions: 8,296,085, Global best: 57
[00:03:09:01:636] Valid states checked so far: 13,400,000, Expansions: 8,422,133, Global best: 57
[00:03:11:44:256] Valid states checked so far: 13,600,000, Expansions: 8,546,249, Global best: 57
[00:03:14:28:073] Valid states checked so far: 13,800,000, Expansions: 8,671,615, Global best: 57
[00:03:17:20:891] Valid states checked so far: 14,000,000, Expansions: 8,796,336, Global best: 57
[00:03:20:26:994] Valid states checked so far: 14,200,000, Expansions: 8,922,166, Global best: 57
[00:03:23:43:062] Valid states checked so far: 14,400,000, Expansions: 9,049,099, Global best: 57
[00:03:26:31:521] Valid states checked so far: 14,600,000, Expansions: 9,172,864, Global best: 57
[00:03:29:22:542] Valid states checked so far: 14,800,000, Expansions: 9,297,975, Global best: 57
[00:03:32:12:796] Valid states checked so far: 15,000,000, Expansions: 9,424,445, Global best: 57
[00:03:34:59:539] Valid states checked so far: 15,200,000, Expansions: 9,552,740, Global best: 57
[00:03:37:47:562] Valid states checked so far: 15,400,000, Expansions: 9,680,605, Global best: 57
[00:03:40:30:619] Valid states checked so far: 15,600,000, Expansions: 9,808,513, Global best: 57
[00:03:43:15:921] Valid states checked so far: 15,800,000, Expansions: 9,934,157, Global best: 57
[00:03:46:08:797] Valid states checked so far: 16,000,000, Expansions: 10,062,830, Global best: 57
[00:03:49:06:370] Valid states checked so far: 16,200,000, Expansions: 10,190,960, Global best: 57
[00:03:52:00:613] Valid states checked so far: 16,400,000, Expansions: 10,320,887, Global best: 57
[00:03:55:03:859] Valid states checked so far: 16,600,000, Expansions: 10,447,524, Global best: 57
[00:03:58:02:524] Valid states checked so far: 16,800,000, Expansions: 10,577,851, Global best: 57
[00:04:01:11:668] Valid states checked so far: 17,000,000, Expansions: 10,704,860, Global best: 57
[00:04:03:29:266] Path of length 56 found: [0, 8, 16, 24, 32, 40, 48, 49, 41, 33, 25, 17, 9, 1, 2, 10, 18, 26, 34, 42, 50, 58, 59, 51, 43, 35, 27, 19, 11, 3, 4, 12, 20, 28, 36, 44, 52, 53, 45, 37, 29, 21, 13, 5, 6, 14, 15, 23, 22, 30, 31, 39, 38, 46, 54, 62, 63]
[00:04:03:29:267] ! Unidirectional s-t. expansions: 10,803,333, time: 14,609,266 [ms], path length: 56 [edges], generated: 17,151,992
[00:00:03:32:234] Valid states checked so far: 200,000, Expansions: 110,532, Global best: 57
[00:00:06:52:041] Valid states checked so far: 400,000, Expansions: 220,704, Global best: 57
[00:00:10:05:662] Valid states checked so far: 600,000, Expansions: 332,010, Global best: 57
[00:00:13:17:588] Valid states checked so far: 800,000, Expansions: 444,152, Global best: 57
[00:00:16:36:054] Valid states checked so far: 1,000,000, Expansions: 554,328, Global best: 57
[00:00:19:52:315] Valid states checked so far: 1,200,000, Expansions: 667,262, Global best: 57
[00:00:23:06:358] Valid states checked so far: 1,400,000, Expansions: 780,546, Global best: 57
[00:00:26:18:589] Valid states checked so far: 1,600,000, Expansions: 891,593, Global best: 57
[00:00:29:31:240] Valid states checked so far: 1,800,000, Expansions: 1,005,187, Global best: 57
[00:00:32:48:097] Valid states checked so far: 2,000,000, Expansions: 1,119,668, Global best: 57
[00:00:36:00:807] Valid states checked so far: 2,200,000, Expansions: 1,236,453, Global best: 57
[00:00:38:37:498] Path of length 56 found: [63, 62, 61, 53, 54, 46, 47, 39, 31, 23, 15, 14, 6, 5, 4, 3, 2, 1, 9, 17, 25, 33, 41, 42, 34, 26, 18, 10, 11, 19, 27, 35, 36, 28, 20, 12, 13, 21, 22, 30, 29, 37, 45, 44, 43, 51, 59, 58, 50, 49, 48, 40, 32, 24, 16, 8, 0]
[00:00:38:37:498] ! Unidirectional t-s. expansions: 1,332,439, time: 2,317,498 [ms], path length: 56 [edges], generated: 2,364,591
[00:00:03:00:796] Expansions: 50,000. F states: 51,439, B states: 42,892. Checks: 236,660)
[00:00:06:05:521] Expansions: 100,000. F states: 102,734, B states: 86,719. Checks: 473,610)
[00:00:09:19:260] Expansions: 150,000. F states: 152,864, B states: 128,827. Checks: 709,441)
[00:00:12:38:552] Expansions: 200,000. F states: 210,130, B states: 162,931. Checks: 944,465)
[00:00:15:49:867] Expansions: 250,000. F states: 257,857, B states: 208,375. Checks: 1,181,119)
[00:00:19:06:450] Expansions: 300,000. F states: 319,149, B states: 237,159. Checks: 1,418,077)
[00:00:22:15:523] Expansions: 350,000. F states: 370,743, B states: 280,599. Checks: 1,657,854)
[00:00:25:17:875] Expansions: 400,000. F states: 435,701, B states: 312,617. Checks: 1,899,708)
[00:00:28:18:924] Expansions: 450,000. F states: 501,711, B states: 340,141. Checks: 2,138,236)
[00:00:31:13:170] Expansions: 500,000. F states: 571,677, B states: 363,280. Checks: 2,376,431)
[00:00:34:08:297] Expansions: 550,000. F states: 635,618, B states: 391,847. Checks: 2,614,379)
[00:00:37:26:784] Expansions: 600,000. F states: 685,659, B states: 434,490. Checks: 2,850,080)
[00:00:40:35:871] Expansions: 650,000. F states: 735,451, B states: 477,817. Checks: 3,085,540)
[00:00:43:55:410] Expansions: 700,000. F states: 783,557, B states: 521,174. Checks: 3,320,606)
[00:00:47:32:176] Expansions: 750,000. F states: 837,447, B states: 558,009. Checks: 3,555,461)
[00:00:50:55:052] Expansions: 800,000. F states: 903,804, B states: 585,577. Checks: 3,795,800)
[00:00:54:13:708] Expansions: 850,000. F states: 959,642, B states: 621,569. Checks: 4,030,973)
[00:00:57:24:956] Expansions: 900,000. F states: 1,010,310, B states: 662,259. Checks: 4,267,443)
[00:01:00:54:544] Expansions: 950,000. F states: 1,067,816, B states: 694,213. Checks: 4,503,113)
[00:01:04:43:749] Expansions: 1,000,000. F states: 1,113,652, B states: 740,155. Checks: 4,734,497)
[00:01:08:34:004] Expansions: 1,050,000. F states: 1,162,214, B states: 784,793. Checks: 4,968,704)
[00:01:12:19:203] Expansions: 1,100,000. F states: 1,211,257, B states: 829,535. Checks: 5,203,999)
[00:01:15:59:222] Expansions: 1,150,000. F states: 1,259,909, B states: 873,370. Checks: 5,439,852)
[00:01:19:46:361] Expansions: 1,200,000. F states: 1,309,955, B states: 913,713. Checks: 5,671,647)
[00:01:23:34:676] Expansions: 1,250,000. F states: 1,361,075, B states: 956,465. Checks: 5,908,297)
[00:01:27:19:290] Expansions: 1,300,000. F states: 1,412,513, B states: 995,618. Checks: 6,140,703)
[00:01:30:53:913] Expansions: 1,350,000. F states: 1,467,149, B states: 1,032,654. Checks: 6,375,276)
[00:01:34:44:062] Expansions: 1,400,000. F states: 1,517,284, B states: 1,073,277. Checks: 6,606,417)
[00:01:38:10:419] Expansions: 1,450,000. F states: 1,555,873, B states: 1,126,752. Checks: 6,841,743)
[00:01:41:42:987] Expansions: 1,500,000. F states: 1,597,964, B states: 1,177,435. Checks: 7,075,457)
[00:01:45:14:804] Expansions: 1,550,000. F states: 1,647,089, B states: 1,220,983. Checks: 7,311,584)
[00:01:48:42:496] Expansions: 1,600,000. F states: 1,693,371, B states: 1,265,442. Checks: 7,542,236)
[00:01:52:12:842] Expansions: 1,650,000. F states: 1,746,349, B states: 1,304,150. Checks: 7,773,426)
[00:01:55:41:551] Expansions: 1,700,000. F states: 1,795,765, B states: 1,348,925. Checks: 8,011,452)
[00:01:59:11:291] Expansions: 1,750,000. F states: 1,845,412, B states: 1,392,359. Checks: 8,248,739)
[00:02:02:45:364] Expansions: 1,800,000. F states: 1,906,799, B states: 1,423,417. Checks: 8,488,274)
[00:02:06:33:892] Expansions: 1,850,000. F states: 1,964,599, B states: 1,456,895. Checks: 8,724,998)
[00:02:10:04:936] Expansions: 1,900,000. F states: 2,024,349, B states: 1,488,106. Checks: 8,961,119)
[00:02:13:40:230] Expansions: 1,950,000. F states: 2,069,751, B states: 1,533,838. Checks: 9,194,321)
[00:02:17:15:292] Expansions: 2,000,000. F states: 2,108,962, B states: 1,586,736. Checks: 9,428,819)
[00:02:21:07:656] Expansions: 2,050,000. F states: 2,163,374, B states: 1,624,059. Checks: 9,666,733)
[00:02:24:55:510] Expansions: 2,100,000. F states: 2,214,965, B states: 1,662,600. Checks: 9,898,826)
[00:02:28:47:822] Expansions: 2,150,000. F states: 2,257,515, B states: 1,710,401. Checks: 10,133,537)
[00:02:32:39:690] Expansions: 2,200,000. F states: 2,303,119, B states: 1,756,722. Checks: 10,367,776)
[00:02:36:33:921] Expansions: 2,250,000. F states: 2,357,058, B states: 1,794,907. Checks: 10,604,200)
[00:02:40:28:723] Expansions: 2,300,000. F states: 2,409,033, B states: 1,833,482. Checks: 10,838,271)
[00:02:44:19:837] Expansions: 2,350,000. F states: 2,452,934, B states: 1,881,064. Checks: 11,072,265)
[00:02:47:57:116] Expansions: 2,400,000. F states: 2,503,260, B states: 1,923,714. Checks: 11,305,712)
[00:02:51:52:447] Expansions: 2,450,000. F states: 2,554,580, B states: 1,965,732. Checks: 11,543,619)
[00:02:55:47:317] Expansions: 2,500,000. F states: 2,602,587, B states: 2,008,647. Checks: 11,776,717)
[00:02:59:51:137] Expansions: 2,550,000. F states: 2,658,999, B states: 2,045,107. Checks: 12,012,500)
[00:03:03:28:281] Expansions: 2,600,000. F states: 2,706,719, B states: 2,091,715. Checks: 12,247,929)
[00:03:07:12:446] Expansions: 2,650,000. F states: 2,762,057, B states: 2,128,394. Checks: 12,486,191)
[00:03:11:10:258] Expansions: 2,700,000. F states: 2,823,510, B states: 2,158,557. Checks: 12,718,977)
[00:03:14:36:336] Expansions: 2,750,000. F states: 2,881,524, B states: 2,190,958. Checks: 12,946,480)
[00:03:18:08:926] Expansions: 2,800,000. F states: 2,936,945, B states: 2,227,623. Checks: 13,178,996)
[00:03:21:25:715] Expansions: 2,850,000. F states: 2,998,024, B states: 2,258,247. Checks: 13,411,025)
[00:03:24:48:242] Expansions: 2,900,000. F states: 3,049,478, B states: 2,299,837. Checks: 13,644,690)
[00:03:28:04:077] Expansions: 2,950,000. F states: 3,085,041, B states: 2,357,813. Checks: 13,880,540)
[00:03:31:22:868] Expansions: 3,000,000. F states: 3,132,915, B states: 2,404,265. Checks: 14,118,123)
[00:03:35:00:026] Expansions: 3,050,000. F states: 3,185,506, B states: 2,445,817. Checks: 14,357,554)
[00:03:38:16:774] Expansions: 3,100,000. F states: 3,244,064, B states: 2,480,881. Checks: 14,597,335)
[00:03:41:55:096] Expansions: 3,150,000. F states: 3,302,237, B states: 2,515,458. Checks: 14,835,723)
[00:03:45:30:089] Expansions: 3,200,000. F states: 3,351,709, B states: 2,557,812. Checks: 15,073,427)
[00:03:49:09:840] Expansions: 3,250,000. F states: 3,404,266, B states: 2,597,192. Checks: 15,308,373)
[00:03:52:28:637] Expansions: 3,300,000. F states: 3,466,128, B states: 2,628,403. Checks: 15,548,091)
[00:03:55:58:031] Expansions: 3,350,000. F states: 3,523,633, B states: 2,661,845. Checks: 15,785,359)
[00:03:59:22:227] Expansions: 3,400,000. F states: 3,565,433, B states: 2,711,063. Checks: 16,019,968)
[00:04:02:50:577] Expansions: 3,450,000. F states: 3,619,869, B states: 2,747,866. Checks: 16,257,552)
[00:04:06:17:222] Expansions: 3,500,000. F states: 3,670,158, B states: 2,788,520. Checks: 16,492,305)
[00:04:10:03:594] Expansions: 3,550,000. F states: 3,724,257, B states: 2,826,866. Checks: 16,728,558)
[00:04:13:28:706] Expansions: 3,600,000. F states: 3,782,780, B states: 2,861,007. Checks: 16,963,085)
[00:04:17:00:235] Expansions: 3,650,000. F states: 3,840,410, B states: 2,893,148. Checks: 17,194,410)
[00:04:20:37:864] Expansions: 3,700,000. F states: 3,894,578, B states: 2,930,829. Checks: 17,430,446)
[00:04:23:59:357] Expansions: 3,750,000. F states: 3,956,306, B states: 2,960,561. Checks: 17,662,730)
[00:04:27:11:586] Expansions: 3,800,000. F states: 4,014,039, B states: 2,995,545. Checks: 17,898,660)
[00:04:30:16:123] Expansions: 3,850,000. F states: 4,053,459, B states: 3,049,036. Checks: 18,136,365)
[00:04:33:31:129] Expansions: 3,900,000. F states: 4,099,291, B states: 3,096,151. Checks: 18,372,362)
[00:04:36:42:279] Expansions: 3,950,000. F states: 4,160,937, B states: 3,129,800. Checks: 18,613,711)
[00:04:40:10:700] Expansions: 4,000,000. F states: 4,214,341, B states: 3,168,902. Checks: 18,850,530)
[00:04:43:35:701] Expansions: 4,050,000. F states: 4,265,025, B states: 3,210,353. Checks: 19,085,662)
[00:04:47:05:560] Expansions: 4,100,000. F states: 4,316,672, B states: 3,251,417. Checks: 19,320,943)
[00:04:50:38:654] Expansions: 4,150,000. F states: 4,376,988, B states: 3,284,238. Checks: 19,560,119)
[00:04:53:54:037] Expansions: 4,200,000. F states: 4,432,702, B states: 3,320,854. Checks: 19,797,802)
[00:04:57:28:537] Expansions: 4,250,000. F states: 4,478,557, B states: 3,366,133. Checks: 20,027,491)
[00:05:00:57:442] Expansions: 4,300,000. F states: 4,516,453, B states: 3,419,727. Checks: 20,262,671)
[00:05:04:30:013] Expansions: 4,350,000. F states: 4,566,513, B states: 3,462,948. Checks: 20,498,988)
[00:05:07:53:803] Expansions: 4,400,000. F states: 4,623,505, B states: 3,499,209. Checks: 20,734,201)
[00:05:11:20:944] Expansions: 4,450,000. F states: 4,681,858, B states: 3,532,208. Checks: 20,971,021)
[00:05:15:02:331] Expansions: 4,500,000. F states: 4,729,426, B states: 3,574,751. Checks: 21,198,532)
[00:05:18:26:056] Expansions: 4,550,000. F states: 4,765,774, B states: 3,629,845. Checks: 21,433,407)
[00:05:21:48:217] Expansions: 4,600,000. F states: 4,812,932, B states: 3,674,074. Checks: 21,661,779)
[00:05:25:01:963] Expansions: 4,650,000. F states: 4,859,988, B states: 3,720,592. Checks: 21,899,637)
[00:05:28:41:926] Expansions: 4,700,000. F states: 4,908,712, B states: 3,763,923. Checks: 22,132,982)
[00:05:32:03:650] Expansions: 4,750,000. F states: 4,957,462, B states: 3,808,786. Checks: 22,368,856)
[00:05:35:35:453] Expansions: 4,800,000. F states: 5,009,165, B states: 3,848,630. Checks: 22,603,772)
[00:05:39:07:974] Expansions: 4,850,000. F states: 5,062,520, B states: 3,887,193. Checks: 22,839,109)
[00:05:42:35:732] Expansions: 4,900,000. F states: 5,113,825, B states: 3,927,464. Checks: 23,073,576)
[00:05:46:03:923] Expansions: 4,950,000. F states: 5,155,783, B states: 3,976,928. Checks: 23,305,380)
[00:05:49:34:930] Expansions: 5,000,000. F states: 5,211,550, B states: 4,012,008. Checks: 23,538,210)
[00:05:53:12:970] Expansions: 5,050,000. F states: 5,251,585, B states: 4,062,442. Checks: 23,768,263)
[00:05:57:05:379] Expansions: 5,100,000. F states: 5,304,435, B states: 4,100,207. Checks: 23,998,137)
[00:06:00:47:333] Expansions: 5,150,000. F states: 5,330,348, B states: 4,166,047. Checks: 24,230,359)
[00:06:04:32:693] Expansions: 5,200,000. F states: 5,350,179, B states: 4,237,630. Checks: 24,470,015)
[00:06:08:00:639] Expansions: 5,250,000. F states: 5,409,220, B states: 4,270,893. Checks: 24,705,599)
[00:06:11:28:914] Expansions: 5,300,000. F states: 5,469,383, B states: 4,303,152. Checks: 24,942,721)
[00:06:14:55:004] Expansions: 5,350,000. F states: 5,525,157, B states: 4,339,735. Checks: 25,176,472)
[00:06:18:33:454] Expansions: 5,400,000. F states: 5,581,951, B states: 4,373,669. Checks: 25,407,821)
[00:06:22:04:971] Expansions: 5,450,000. F states: 5,632,259, B states: 4,414,349. Checks: 25,634,450)
[00:06:25:32:844] Expansions: 5,500,000. F states: 5,687,432, B states: 4,449,862. Checks: 25,860,366)
[00:06:28:34:429] Expansions: 5,550,000. F states: 5,729,434, B states: 4,498,771. Checks: 26,083,494)
[00:06:31:53:963] Expansions: 5,600,000. F states: 5,774,678, B states: 4,549,870. Checks: 26,324,369)
[00:06:35:15:116] Expansions: 5,650,000. F states: 5,823,897, B states: 4,595,767. Checks: 26,563,767)
[00:06:38:44:182] Expansions: 5,700,000. F states: 5,885,006, B states: 4,625,149. Checks: 26,801,141)
[00:06:42:11:740] Expansions: 5,750,000. F states: 5,934,937, B states: 4,668,758. Checks: 27,041,987)
[00:06:45:49:080] Expansions: 5,800,000. F states: 5,991,991, B states: 4,701,340. Checks: 27,276,283)
[00:06:49:02:705] Expansions: 5,850,000. F states: 6,023,567, B states: 4,765,330. Checks: 27,512,752)
[00:06:52:51:806] Expansions: 5,900,000. F states: 6,076,184, B states: 4,803,483. Checks: 27,748,216)
[00:06:53:17:577] Path of length 56 found: [0, 8, 16, 24, 32, 40, 48, 49, 41, 33, 25, 17, 9, 1, 2, 10, 18, 26, 34, 42, 50, 58, 59, 51, 52, 44, 45, 37, 38, 30, 22, 21, 13, 12, 20, 28, 36, 35, 27, 19, 11, 3, 4, 5, 6, 14, 15, 23, 31, 39, 47, 46, 54, 53, 61, 62, 63]
[00:06:53:18:132] ! Bidirectional. expansions: 5,905,676, time: 24,797,578 [ms], path length: 56 [edges], g_F: 34, g_B: 22, generated: 0, MM: 12, MMPER: 20.05263157894737%
[00:06:53:18:132] 
---------- SM_Grids/8x8_grid_with_random_blocks_8per_7 ----------
[00:00:00:00:270] Path of length 56 found: [0, 8, 16, 24, 32, 40, 48, 56, 57, 49, 41, 33, 25, 17, 18, 10, 2, 3, 11, 12, 4, 5, 6, 14, 22, 23, 31, 30, 29, 21, 20, 28, 27, 26, 34, 35, 43, 51, 50, 58, 59, 60, 52, 44, 36, 37, 45, 53, 61, 62, 54, 46, 38, 39, 47, 55, 63]
[00:00:00:00:271] ! Unidirectional s-t. expansions: 56, time: 270 [ms], path length: 56 [edges], generated: 93
[00:00:02:55:401] Path of length 56 found: [63, 55, 47, 39, 31, 23, 22, 14, 6, 5, 4, 3, 2, 10, 11, 12, 20, 21, 29, 30, 38, 37, 36, 28, 27, 26, 18, 17, 25, 33, 34, 35, 43, 44, 52, 53, 45, 46, 54, 62, 61, 60, 59, 51, 50, 58, 57, 56, 48, 49, 41, 40, 32, 24, 16, 8, 0]
[00:00:02:55:402] ! Unidirectional t-s. expansions: 79,760, time: 175,401 [ms], path length: 56 [edges], generated: 128,797
[00:00:04:00:466] Expansions: 50,000. F states: 9,040, B states: 71,347. Checks: 180,854)
[00:00:06:25:311] Path of length 56 found: [0, 8, 16, 24, 32, 40, 48, 56, 57, 49, 41, 33, 25, 17, 18, 26, 34, 35, 27, 28, 36, 44, 43, 51, 50, 58, 59, 60, 52, 53, 61, 62, 54, 46, 45, 37, 38, 30, 29, 21, 20, 12, 11, 10, 2, 3, 4, 5, 6, 14, 22, 23, 31, 39, 47, 55, 63]
[00:00:06:25:939] ! Bidirectional. expansions: 79,711, time: 385,311 [ms], path length: 56 [edges], g_F: 26, g_B: 30, generated: 0, MM: 4, MMPER: 6.017543859649122%
[00:00:06:25:939] 
---------- SM_Grids/8x8_grid_with_random_blocks_8per_8 ----------
[00:00:00:00:175] Path of length 58 found: [0, 1, 9, 17, 16, 24, 32, 33, 25, 26, 18, 10, 2, 3, 11, 19, 27, 35, 34, 42, 41, 49, 48, 56, 57, 58, 59, 51, 43, 44, 36, 28, 20, 21, 13, 12, 4, 5, 6, 7, 15, 23, 31, 30, 29, 37, 45, 53, 52, 60, 61, 62, 54, 46, 38, 39, 47, 55, 63]
[00:00:00:00:176] ! Unidirectional s-t. expansions: 82, time: 176 [ms], path length: 58 [edges], generated: 132
[00:00:00:11:719] Path of length 58 found: [63, 55, 47, 39, 31, 23, 15, 7, 6, 5, 4, 3, 2, 10, 18, 19, 11, 12, 13, 21, 20, 28, 27, 35, 43, 51, 52, 44, 36, 37, 29, 30, 38, 46, 45, 53, 54, 62, 61, 60, 59, 58, 57, 56, 48, 49, 41, 42, 34, 26, 25, 33, 32, 24, 16, 17, 9, 1, 0]
[00:00:00:11:720] ! Unidirectional t-s. expansions: 7,990, time: 11,719 [ms], path length: 58 [edges], generated: 11,800
[00:00:00:00:295] Path of length 58 found: [0, 1, 9, 17, 16, 24, 32, 33, 25, 26, 18, 10, 2, 3, 11, 19, 27, 35, 34, 42, 41, 49, 48, 56, 57, 58, 59, 60, 61, 62, 54, 46, 38, 30, 29, 37, 45, 53, 52, 51, 43, 44, 36, 28, 20, 21, 13, 12, 4, 5, 6, 7, 15, 23, 31, 39, 47, 55, 63]
[00:00:00:00:827] ! Bidirectional. expansions: 57, time: 295 [ms], path length: 58 [edges], g_F: 35, g_B: 23, generated: 0, MM: 12, MMPER: 19.338983050847457%
[00:00:00:00:827] 
---------- SM_Grids/8x8_grid_with_random_blocks_8per_9 ----------
[00:00:00:30:177] Path of length 56 found: [0, 8, 16, 24, 32, 40, 48, 56, 57, 49, 50, 58, 59, 51, 43, 42, 34, 33, 25, 26, 18, 10, 2, 3, 11, 19, 27, 35, 36, 28, 20, 12, 4, 5, 6, 7, 15, 14, 13, 21, 22, 30, 29, 37, 45, 53, 52, 60, 61, 62, 54, 46, 38, 39, 47, 55, 63]
[00:00:00:30:178] ! Unidirectional s-t. expansions: 14,774, time: 30,178 [ms], path length: 56 [edges], generated: 25,445
[00:00:04:23:951] Valid states checked so far: 200,000, Expansions: 115,969, Global best: 57
[00:00:06:44:134] Path of length 56 found: [63, 55, 47, 39, 31, 30, 22, 14, 15, 7, 6, 5, 4, 3, 2, 10, 18, 26, 25, 33, 34, 42, 43, 35, 27, 19, 11, 12, 13, 21, 20, 28, 36, 37, 38, 46, 45, 53, 54, 62, 61, 60, 52, 51, 59, 58, 50, 49, 57, 56, 48, 40, 32, 24, 16, 8, 0]
[00:00:06:44:135] ! Unidirectional t-s. expansions: 179,201, time: 404,134 [ms], path length: 56 [edges], generated: 308,984
[00:00:04:06:857] Expansions: 50,000. F states: 15,124, B states: 71,156. Checks: 189,703)
[00:00:08:01:044] Expansions: 100,000. F states: 27,205, B states: 145,342. Checks: 377,900)
[00:00:12:05:096] Expansions: 150,000. F states: 44,646, B states: 215,039. Checks: 569,297)
[00:00:15:10:484] Path of length 56 found: [0, 8, 16, 24, 32, 40, 48, 56, 57, 49, 50, 58, 59, 51, 52, 60, 61, 62, 54, 53, 45, 46, 38, 37, 29, 28, 20, 21, 13, 12, 11, 19, 27, 35, 43, 42, 34, 33, 25, 26, 18, 10, 2, 3, 4, 5, 6, 7, 15, 14, 22, 30, 31, 39, 47, 55, 63]
[00:00:15:11:017] ! Bidirectional. expansions: 189,906, time: 910,484 [ms], path length: 56 [edges], g_F: 25, g_B: 31, generated: 0, MM: 6, MMPER: 9.526315789473685%

[00:00:15:11:018] average expansions: (1,331,523, 267,658, 998,196, 0)
[00:00:15:11:018] average time: (1,930,371, 496,493, 4,267,087, 0)
[00:00:15:11:018] XDFBnB: 267,658 , 496,493 (expansions , time[ms])
[00:00:15:11:018] BiXDFBnB: 998,196 , 4,267,087 (expansions , time[ms])

