------------------------------------
Thu 01 Oct 2026 10:43:38 IDT
SLURM_JOBID:		21942782
SLURM_JOB_NODELIST:	ise-cpu256-27
SLURM_SCRATCH_DIR:	/scratch/shubit/21942782
Allocated Resouces:	cpu - 2 / mem - 61440 MB / gpu - 
SLURM_GPU_INDEX:	
Running as shubit from shimony account with normal QOS
------------------------------------
Thu 01 Oct 2026 10:43:38 IDT

SLURM_JOBID:		 21942782
SLURM_JOB_NODELIST:	 ise-cpu256-27 

--------------------------
date: SM_Grids
number_of_graphs: 10
graph_type: grid
size_of_graphs: [8, 8]
heuristic: bcc_heuristic
snake: False
run_uni: True
run_bi: True
run_multi: False
solution_vertices: []
algorithms: ['A']
lookahead: 2
bsd: False
cube_first_dims: 4
cube_buffer_dim: None
backward_sym_generation: False
sym_coil: False
prefix_set: None

---------- SM_Grids/8x8_grid_with_random_blocks_16per_0 ----------
[00:00:00:00:852] Path of length 44 found: [0, 1, 9, 10, 2, 3, 11, 19, 18, 26, 34, 42, 41, 33, 25, 24, 32, 40, 48, 49, 50, 51, 43, 44, 36, 37, 29, 28, 20, 12, 13, 5, 6, 7, 15, 14, 22, 23, 31, 30, 38, 46, 47, 55, 63]
[00:00:00:00:852] ! Unidirectional s-t. expansions: 301, time: 852 [ms], path length: 44 [edges], generated: 1,443
[00:00:00:00:489] Path of length 44 found: [63, 55, 47, 46, 38, 39, 31, 30, 22, 23, 15, 7, 6, 5, 13, 12, 20, 28, 29, 37, 36, 44, 43, 35, 34, 33, 41, 42, 50, 49, 48, 40, 32, 24, 25, 26, 18, 19, 11, 3, 2, 10, 9, 1, 0]
[00:00:00:00:489] ! Unidirectional t-s. expansions: 126, time: 489 [ms], path length: 44 [edges], generated: 645
[00:00:00:00:977] Path of length 44 found: [0, 1, 9, 10, 2, 3, 11, 12, 20, 19, 18, 26, 25, 24, 32, 40, 48, 49, 41, 33, 34, 42, 50, 51, 43, 44, 36, 28, 29, 30, 22, 14, 13, 5, 6, 7, 15, 23, 31, 39, 38, 46, 47, 55, 63]
[00:00:00:01:450] ! Bidirectional. expansions: 665, time: 977 [ms], path length: 44 [edges], g_F: 22, g_B: 22, generated: 0, MM: 0, MMPER: -1.0%
[00:00:00:01:451] 
---------- SM_Grids/8x8_grid_with_random_blocks_16per_1 ----------
[00:00:00:00:096] Path of length 44 found: [0, 8, 9, 10, 2, 3, 4, 12, 11, 19, 18, 26, 25, 24, 32, 33, 41, 42, 34, 35, 43, 44, 36, 28, 20, 21, 29, 30, 22, 14, 15, 23, 31, 39, 38, 46, 47, 55, 54, 53, 52, 60, 61, 62, 63]
[00:00:00:00:097] ! Unidirectional s-t. expansions: 25, time: 96 [ms], path length: 44 [edges], generated: 94
[00:00:00:03:420] Path of length 44 found: [63, 62, 61, 60, 52, 53, 54, 55, 47, 46, 38, 39, 31, 23, 15, 14, 22, 30, 29, 21, 20, 12, 4, 3, 2, 10, 11, 19, 18, 26, 27, 28, 36, 44, 43, 35, 34, 42, 41, 33, 25, 24, 16, 8, 0]
[00:00:00:03:421] ! Unidirectional t-s. expansions: 780, time: 3,420 [ms], path length: 44 [edges], generated: 3,740
[00:00:00:00:227] Path of length 44 found: [0, 8, 9, 10, 2, 3, 4, 12, 11, 19, 18, 26, 25, 24, 32, 33, 41, 42, 34, 35, 43, 44, 36, 28, 20, 21, 29, 30, 22, 14, 15, 23, 31, 39, 38, 46, 47, 55, 54, 53, 52, 60, 61, 62, 63]
[00:00:00:00:660] ! Bidirectional. expansions: 65, time: 227 [ms], path length: 44 [edges], g_F: 22, g_B: 22, generated: 0, MM: 0, MMPER: -1.0%
[00:00:00:00:661] 
---------- SM_Grids/8x8_grid_with_random_blocks_16per_2 ----------
[00:00:00:07:306] Path of length 44 found: [0, 1, 2, 3, 11, 19, 20, 21, 29, 30, 38, 46, 47, 55, 54, 53, 45, 44, 36, 28, 27, 26, 18, 17, 16, 24, 32, 40, 48, 56, 57, 58, 50, 49, 41, 33, 34, 42, 43, 51, 59, 60, 61, 62, 63]
[00:00:00:07:306] ! Unidirectional s-t. expansions: 1,920, time: 7,306 [ms], path length: 44 [edges], generated: 9,438
[00:00:00:17:353] Path of length 44 found: [63, 62, 54, 55, 47, 46, 38, 30, 29, 21, 20, 28, 36, 44, 45, 53, 52, 60, 59, 58, 57, 56, 48, 49, 50, 51, 43, 42, 34, 33, 41, 40, 32, 24, 16, 17, 18, 26, 27, 19, 11, 3, 2, 1, 0]
[00:00:00:17:353] ! Unidirectional t-s. expansions: 4,914, time: 17,353 [ms], path length: 44 [edges], generated: 21,277
[00:00:00:04:993] Path of length 44 found: [0, 8, 16, 24, 32, 40, 48, 56, 57, 49, 41, 33, 34, 42, 43, 51, 50, 58, 59, 60, 61, 53, 45, 44, 36, 28, 27, 26, 18, 10, 2, 3, 11, 19, 20, 21, 29, 30, 38, 46, 47, 55, 54, 62, 63]
[00:00:00:05:435] ! Bidirectional. expansions: 2,090, time: 4,993 [ms], path length: 44 [edges], g_F: 22, g_B: 22, generated: 0, MM: 0, MMPER: -1.0%
[00:00:00:05:436] 
---------- SM_Grids/8x8_grid_with_random_blocks_16per_3 ----------
[00:00:00:29:112] Path of length 44 found: [0, 8, 16, 24, 25, 17, 18, 10, 11, 12, 13, 14, 15, 23, 31, 30, 38, 39, 47, 46, 45, 44, 43, 35, 36, 28, 29, 21, 20, 19, 27, 26, 34, 33, 41, 49, 50, 51, 52, 60, 61, 53, 54, 62, 63]
[00:00:00:29:112] ! Unidirectional s-t. expansions: 8,857, time: 29,112 [ms], path length: 44 [edges], generated: 45,884
[00:00:00:30:820] Expansion 10,000: state None, f=45, g=22
[00:00:00:58:548] Path of length 44 found: [63, 55, 47, 39, 31, 23, 15, 14, 13, 12, 11, 10, 18, 19, 27, 35, 34, 42, 43, 44, 36, 28, 20, 21, 29, 30, 38, 46, 45, 53, 54, 62, 61, 60, 52, 51, 50, 49, 41, 33, 25, 17, 16, 8, 0]
[00:00:00:58:549] ! Unidirectional t-s. expansions: 18,992, time: 58,549 [ms], path length: 44 [edges], generated: 87,479
[00:00:00:28:115] Path of length 44 found: [0, 8, 16, 24, 25, 17, 18, 10, 11, 12, 13, 14, 15, 23, 31, 30, 29, 21, 20, 19, 27, 26, 34, 33, 41, 49, 50, 51, 43, 35, 36, 44, 52, 60, 61, 62, 54, 53, 45, 46, 38, 39, 47, 55, 63]
[00:00:00:28:532] ! Bidirectional. expansions: 12,351, time: 28,115 [ms], path length: 44 [edges], g_F: 22, g_B: 22, generated: 0, MM: 0, MMPER: -1.0%
[00:00:00:28:532] 
---------- SM_Grids/8x8_grid_with_random_blocks_16per_4 ----------
[00:00:00:01:380] Path of length 48 found: [0, 1, 9, 8, 16, 17, 25, 33, 32, 40, 48, 56, 57, 49, 41, 42, 50, 51, 52, 60, 61, 53, 45, 44, 36, 37, 29, 28, 27, 35, 34, 26, 18, 10, 11, 3, 4, 12, 13, 14, 22, 30, 38, 39, 47, 46, 54, 62, 63]
[00:00:00:01:380] ! Unidirectional s-t. expansions: 422, time: 1,380 [ms], path length: 48 [edges], generated: 2,090
[00:00:00:03:777] Path of length 48 found: [63, 62, 61, 60, 52, 51, 50, 42, 41, 49, 57, 56, 48, 40, 32, 33, 25, 26, 34, 35, 27, 28, 29, 37, 36, 44, 45, 53, 54, 55, 47, 39, 38, 30, 22, 14, 13, 12, 4, 3, 11, 10, 18, 17, 16, 8, 9, 1, 0]
[00:00:00:03:777] ! Unidirectional t-s. expansions: 840, time: 3,777 [ms], path length: 48 [edges], generated: 4,118
[00:00:00:02:636] Path of length 48 found: [0, 1, 9, 8, 16, 17, 25, 26, 18, 10, 11, 3, 4, 12, 13, 14, 22, 30, 29, 37, 38, 39, 47, 46, 54, 53, 45, 44, 36, 28, 27, 35, 34, 33, 32, 40, 48, 56, 57, 49, 41, 42, 50, 51, 52, 60, 61, 62, 63]
[00:00:00:03:058] ! Bidirectional. expansions: 923, time: 2,636 [ms], path length: 48 [edges], g_F: 24, g_B: 24, generated: 0, MM: 0, MMPER: -1.0%
[00:00:00:03:058] 
---------- SM_Grids/8x8_grid_with_random_blocks_16per_5 ----------
[00:00:00:03:583] Path of length 50 found: [0, 8, 16, 24, 32, 33, 34, 26, 25, 17, 9, 1, 2, 10, 11, 19, 20, 12, 4, 5, 6, 14, 15, 23, 31, 39, 38, 30, 29, 28, 36, 35, 43, 44, 52, 51, 50, 49, 48, 56, 57, 58, 59, 60, 61, 53, 45, 46, 54, 55, 63]
[00:00:00:03:584] ! Unidirectional s-t. expansions: 990, time: 3,583 [ms], path length: 50 [edges], generated: 4,224
[00:00:00:02:986] Path of length 50 found: [63, 55, 47, 46, 54, 53, 61, 60, 59, 58, 57, 56, 48, 49, 50, 51, 52, 44, 43, 35, 36, 28, 29, 30, 38, 39, 31, 23, 15, 14, 6, 5, 4, 12, 20, 19, 11, 3, 2, 10, 9, 17, 25, 26, 34, 33, 32, 24, 16, 8, 0]
[00:00:00:02:986] ! Unidirectional t-s. expansions: 710, time: 2,986 [ms], path length: 50 [edges], generated: 3,348
[00:00:00:04:769] Path of length 50 found: [0, 8, 16, 24, 32, 33, 34, 26, 25, 17, 9, 1, 2, 10, 11, 19, 20, 12, 4, 5, 6, 14, 15, 23, 22, 30, 29, 28, 36, 35, 43, 51, 50, 49, 48, 56, 57, 58, 59, 60, 52, 44, 45, 53, 54, 46, 38, 39, 47, 55, 63]
[00:00:00:05:188] ! Bidirectional. expansions: 1,902, time: 4,769 [ms], path length: 50 [edges], g_F: 25, g_B: 25, generated: 0, MM: 0, MMPER: -1.0%
[00:00:00:05:188] 
---------- SM_Grids/8x8_grid_with_random_blocks_16per_6 ----------
[00:00:00:00:450] Path of length 48 found: [0, 1, 9, 8, 16, 17, 25, 24, 32, 33, 41, 40, 48, 49, 50, 42, 34, 35, 27, 26, 18, 10, 11, 19, 20, 21, 22, 14, 13, 5, 6, 7, 15, 23, 31, 30, 29, 37, 36, 44, 52, 53, 45, 46, 47, 55, 54, 62, 63]
[00:00:00:00:451] ! Unidirectional s-t. expansions: 109, time: 451 [ms], path length: 48 [edges], generated: 514
[00:00:00:00:155] Path of length 48 found: [63, 62, 54, 55, 47, 46, 38, 30, 31, 23, 22, 14, 15, 7, 6, 5, 13, 21, 29, 37, 45, 53, 52, 44, 36, 35, 27, 19, 11, 10, 18, 17, 25, 26, 34, 33, 41, 42, 50, 49, 48, 40, 32, 24, 16, 8, 9, 1, 0]
[00:00:00:00:155] ! Unidirectional t-s. expansions: 33, time: 155 [ms], path length: 48 [edges], generated: 162
[00:00:00:00:404] Path of length 48 found: [0, 1, 9, 8, 16, 24, 32, 40, 48, 49, 50, 42, 41, 33, 25, 17, 18, 10, 11, 19, 27, 26, 34, 35, 36, 44, 52, 53, 45, 37, 29, 21, 22, 14, 13, 5, 6, 7, 15, 23, 31, 30, 38, 46, 47, 55, 54, 62, 63]
[00:00:00:00:824] ! Bidirectional. expansions: 148, time: 404 [ms], path length: 48 [edges], g_F: 24, g_B: 24, generated: 0, MM: 0, MMPER: -1.0%
[00:00:00:00:825] 
---------- SM_Grids/8x8_grid_with_random_blocks_16per_7 ----------
[00:00:00:33:538] Expansion 10,000: state None, f=49, g=16
[00:00:00:34:810] Path of length 48 found: [0, 8, 9, 10, 2, 3, 11, 19, 18, 17, 16, 24, 32, 40, 48, 56, 57, 58, 59, 60, 61, 53, 45, 44, 43, 51, 50, 49, 41, 33, 34, 35, 27, 28, 20, 21, 13, 14, 6, 7, 15, 23, 31, 30, 38, 46, 54, 55, 63]
[00:00:00:34:811] ! Unidirectional s-t. expansions: 10,242, time: 34,810 [ms], path length: 48 [edges], generated: 47,404
[00:00:00:23:135] Path of length 48 found: [63, 55, 54, 46, 38, 30, 31, 23, 15, 7, 6, 14, 13, 21, 20, 12, 11, 3, 2, 10, 9, 17, 18, 19, 27, 26, 34, 35, 43, 44, 45, 53, 61, 60, 59, 51, 50, 58, 57, 56, 48, 49, 41, 33, 32, 24, 16, 8, 0]
[00:00:00:23:135] ! Unidirectional t-s. expansions: 7,110, time: 23,135 [ms], path length: 48 [edges], generated: 36,423
[00:00:00:29:274] Path of length 48 found: [0, 8, 16, 17, 9, 10, 2, 3, 11, 19, 18, 26, 27, 28, 20, 12, 13, 14, 6, 7, 15, 23, 31, 30, 38, 37, 45, 44, 43, 42, 34, 33, 32, 40, 41, 49, 48, 56, 57, 58, 50, 51, 59, 60, 61, 53, 54, 55, 63]
[00:00:00:29:696] ! Bidirectional. expansions: 17,085, time: 29,274 [ms], path length: 48 [edges], g_F: 24, g_B: 24, generated: 0, MM: 0, MMPER: -1.0%
[00:00:00:29:696] 
---------- SM_Grids/8x8_grid_with_random_blocks_16per_8 ----------
[00:00:00:05:809] Path of length 50 found: [0, 8, 16, 17, 18, 19, 20, 12, 11, 10, 9, 1, 2, 3, 4, 5, 6, 7, 15, 23, 22, 14, 13, 21, 29, 28, 36, 35, 34, 33, 32, 40, 48, 56, 57, 49, 41, 42, 50, 51, 59, 60, 61, 53, 45, 37, 38, 46, 54, 62, 63]
[00:00:00:05:809] ! Unidirectional s-t. expansions: 1,579, time: 5,809 [ms], path length: 50 [edges], generated: 7,114
[00:00:00:00:550] Path of length 50 found: [63, 62, 54, 46, 38, 37, 45, 53, 61, 60, 59, 51, 50, 49, 57, 56, 48, 40, 32, 33, 41, 42, 43, 35, 34, 26, 18, 19, 20, 28, 29, 21, 22, 23, 15, 7, 6, 14, 13, 5, 4, 12, 11, 3, 2, 10, 9, 17, 16, 8, 0]
[00:00:00:00:550] ! Unidirectional t-s. expansions: 163, time: 550 [ms], path length: 50 [edges], generated: 812
[00:00:00:02:943] Path of length 50 found: [0, 8, 16, 17, 9, 1, 2, 3, 4, 5, 13, 14, 6, 7, 15, 23, 22, 21, 29, 37, 36, 28, 20, 12, 11, 10, 18, 26, 34, 35, 43, 42, 41, 33, 32, 40, 48, 56, 57, 49, 50, 51, 59, 60, 61, 53, 45, 46, 54, 62, 63]
[00:00:00:03:364] ! Bidirectional. expansions: 1,383, time: 2,943 [ms], path length: 50 [edges], g_F: 25, g_B: 25, generated: 0, MM: 0, MMPER: -1.0%
[00:00:00:03:364] 
---------- SM_Grids/8x8_grid_with_random_blocks_16per_9 ----------
[00:00:00:01:206] Path of length 46 found: [0, 1, 2, 3, 11, 12, 4, 5, 6, 7, 15, 14, 13, 21, 20, 28, 27, 26, 18, 17, 9, 8, 16, 24, 32, 33, 41, 42, 50, 58, 59, 51, 43, 44, 36, 37, 38, 30, 31, 39, 47, 55, 54, 53, 61, 62, 63]
[00:00:00:01:207] ! Unidirectional s-t. expansions: 315, time: 1,206 [ms], path length: 46 [edges], generated: 1,296
[00:00:00:00:624] Path of length 46 found: [63, 62, 54, 55, 47, 39, 31, 30, 38, 37, 45, 53, 52, 51, 59, 58, 50, 42, 43, 44, 36, 28, 20, 21, 13, 14, 15, 7, 6, 5, 4, 12, 11, 3, 2, 1, 9, 17, 18, 26, 34, 33, 25, 24, 16, 8, 0]
[00:00:00:00:624] ! Unidirectional t-s. expansions: 142, time: 624 [ms], path length: 46 [edges], generated: 711
[00:00:00:01:530] Path of length 46 found: [0, 8, 9, 1, 2, 3, 11, 12, 4, 5, 6, 7, 15, 14, 13, 21, 20, 28, 27, 26, 18, 17, 16, 24, 25, 33, 34, 42, 50, 58, 59, 51, 52, 44, 45, 37, 38, 30, 31, 39, 47, 55, 54, 53, 61, 62, 63]
[00:00:00:01:951] ! Bidirectional. expansions: 690, time: 1,531 [ms], path length: 46 [edges], g_F: 23, g_B: 23, generated: 0, MM: 0, MMPER: -1.0%

[00:00:00:01:951] average expansions: (2,476, 3,381, 3,730, 0)
[00:00:00:01:951] average time: (8,460, 11,104, 7,587, 0)
[00:00:00:01:952] XA*: 2,476 , 8,460 (expansions , time[ms])
[00:00:00:01:952] BiXA*: 3,730 , 7,587 (expansions , time[ms])

