------------------------------------
Thu 01 Oct 2026 10:43:38 IDT
SLURM_JOBID:		21942770
SLURM_JOB_NODELIST:	ise-cpu256-10
SLURM_SCRATCH_DIR:	/scratch/shubit/21942770
Allocated Resouces:	cpu - 2 / mem - 61440 MB / gpu - 
SLURM_GPU_INDEX:	
Running as shubit from shimony account with normal QOS
------------------------------------
Thu 01 Oct 2026 10:43:38 IDT

SLURM_JOBID:		 21942770
SLURM_JOB_NODELIST:	 ise-cpu256-10 

--------------------------
date: SM_Grids
number_of_graphs: 10
graph_type: grid
size_of_graphs: [8, 8]
heuristic: bcc_heuristic
snake: False
run_uni: True
run_bi: True
run_multi: False
solution_vertices: []
algorithms: ['A']
lookahead: 3
bsd: False
cube_first_dims: 4
cube_buffer_dim: None
backward_sym_generation: False
sym_coil: False
prefix_set: None

---------- SM_Grids/8x8_grid_with_random_blocks_8per_0 ----------
[00:00:00:02:707] Path of length 56 found: [0, 8, 9, 17, 16, 24, 25, 26, 18, 19, 11, 10, 2, 3, 4, 5, 6, 7, 15, 23, 31, 39, 47, 55, 54, 53, 45, 46, 38, 37, 29, 30, 22, 14, 13, 21, 20, 28, 27, 35, 36, 44, 43, 42, 34, 33, 32, 40, 41, 49, 57, 58, 59, 60, 61, 62, 63]
[00:00:00:02:707] ! Unidirectional s-t. expansions: 355, time: 2,707 [ms], path length: 56 [edges], generated: 4,266
[00:00:00:23:838] Path of length 56 found: [63, 55, 47, 46, 38, 39, 31, 30, 29, 37, 36, 35, 27, 28, 20, 21, 22, 23, 15, 7, 6, 14, 13, 5, 4, 3, 2, 10, 11, 19, 18, 26, 25, 33, 34, 42, 43, 44, 45, 53, 54, 62, 61, 60, 59, 58, 57, 49, 41, 40, 32, 24, 16, 17, 9, 8, 0]
[00:00:00:23:838] ! Unidirectional t-s. expansions: 2,552, time: 23,838 [ms], path length: 56 [edges], generated: 31,151
[00:00:00:37:784] Path of length 56 found: [0, 8, 9, 17, 16, 24, 25, 26, 18, 19, 11, 10, 2, 3, 4, 5, 6, 7, 15, 14, 13, 21, 20, 28, 27, 35, 36, 44, 43, 42, 34, 33, 32, 40, 41, 49, 57, 58, 59, 60, 61, 62, 54, 53, 45, 46, 38, 37, 29, 30, 22, 23, 31, 39, 47, 55, 63]
[00:00:00:38:213] ! Bidirectional. expansions: 2,060, time: 37,784 [ms], path length: 56 [edges], g_F: 34, g_B: 22, generated: 0, MM: 12, MMPER: 20.05263157894737%
[00:00:00:38:214] 
---------- SM_Grids/8x8_grid_with_random_blocks_8per_1 ----------
[00:00:01:03:652] Expansion 10,000: state None, f=57, g=33
[00:00:02:07:434] Expansion 20,000: state None, f=57, g=27
[00:00:02:37:252] Path of length 56 found: [0, 8, 16, 24, 32, 40, 48, 56, 57, 49, 41, 42, 50, 51, 59, 60, 61, 53, 52, 44, 43, 35, 34, 26, 18, 17, 9, 1, 2, 10, 11, 3, 4, 12, 20, 28, 36, 37, 29, 21, 13, 5, 6, 7, 15, 14, 22, 23, 31, 30, 38, 39, 47, 46, 54, 62, 63]
[00:00:02:37:253] ! Unidirectional s-t. expansions: 25,081, time: 157,253 [ms], path length: 56 [edges], generated: 251,950
[00:00:00:54:909] Expansion 10,000: state None, f=57, g=39
[00:00:02:01:345] Expansion 20,000: state None, f=57, g=27
[00:00:03:06:416] Expansion 30,000: state None, f=57, g=12
[00:00:04:12:511] Expansion 40,000: state None, f=57, g=48
[00:00:04:46:641] Path of length 56 found: [63, 62, 61, 53, 52, 60, 59, 51, 50, 42, 41, 49, 57, 56, 48, 40, 32, 24, 16, 17, 18, 26, 34, 35, 43, 44, 36, 37, 38, 46, 54, 55, 47, 39, 31, 23, 15, 7, 6, 5, 4, 12, 13, 14, 22, 30, 29, 21, 20, 19, 11, 3, 2, 10, 9, 1, 0]
[00:00:04:46:642] ! Unidirectional t-s. expansions: 45,070, time: 286,641 [ms], path length: 56 [edges], generated: 446,578
[00:00:09:25:924] Expansions: 50,000. F states: 301,656, B states: 168,468. Checks: 805,272)
[00:00:14:02:165] Path of length 56 found: [0, 8, 16, 24, 32, 40, 48, 56, 57, 49, 41, 42, 50, 51, 59, 60, 52, 53, 61, 62, 54, 46, 38, 37, 36, 44, 43, 35, 34, 26, 18, 17, 9, 1, 2, 3, 11, 12, 4, 5, 13, 21, 20, 28, 29, 30, 22, 14, 6, 7, 15, 23, 31, 39, 47, 55, 63]
[00:00:14:02:581] ! Bidirectional. expansions: 71,808, time: 842,165 [ms], path length: 56 [edges], g_F: 33, g_B: 23, generated: 0, MM: 10, MMPER: 16.54385964912281%
[00:00:14:02:581] 
---------- SM_Grids/8x8_grid_with_random_blocks_8per_2 ----------
[00:00:00:00:181] Path of length 58 found: [0, 8, 16, 24, 32, 40, 48, 56, 57, 49, 41, 42, 34, 35, 27, 26, 25, 17, 18, 10, 9, 1, 2, 3, 11, 12, 20, 21, 13, 5, 6, 7, 15, 14, 22, 23, 31, 30, 29, 37, 36, 44, 43, 51, 50, 58, 59, 60, 52, 53, 45, 46, 38, 39, 47, 55, 54, 62, 63]
[00:00:00:00:181] ! Unidirectional s-t. expansions: 20, time: 181 [ms], path length: 58 [edges], generated: 230
[00:00:00:00:166] Path of length 58 found: [63, 62, 54, 55, 47, 39, 31, 23, 15, 7, 6, 5, 13, 14, 22, 21, 20, 12, 11, 3, 2, 1, 9, 10, 18, 17, 25, 26, 27, 35, 34, 42, 41, 49, 50, 51, 43, 44, 36, 37, 29, 30, 38, 46, 45, 53, 52, 60, 59, 58, 57, 56, 48, 40, 32, 24, 16, 8, 0]
[00:00:00:00:166] ! Unidirectional t-s. expansions: 20, time: 166 [ms], path length: 58 [edges], generated: 199
[00:00:00:00:275] Path of length 58 found: [0, 8, 16, 24, 32, 40, 48, 56, 57, 49, 41, 42, 34, 35, 27, 26, 25, 17, 18, 10, 9, 1, 2, 3, 11, 12, 20, 21, 29, 37, 36, 44, 43, 51, 50, 58, 59, 60, 52, 53, 45, 46, 38, 30, 22, 14, 13, 5, 6, 7, 15, 23, 31, 39, 47, 55, 54, 62, 63]
[00:00:00:00:685] ! Bidirectional. expansions: 21, time: 275 [ms], path length: 58 [edges], g_F: 38, g_B: 20, generated: 0, MM: 18, MMPER: 29.508474576271187%
[00:00:00:00:685] 
---------- SM_Grids/8x8_grid_with_random_blocks_8per_3 ----------
[00:00:00:13:113] Path of length 56 found: [0, 8, 16, 17, 25, 26, 34, 35, 43, 51, 50, 49, 41, 33, 32, 40, 48, 56, 57, 58, 59, 60, 61, 53, 52, 44, 45, 37, 36, 28, 27, 19, 18, 10, 2, 3, 4, 12, 20, 21, 29, 30, 22, 14, 13, 5, 6, 7, 15, 23, 31, 39, 47, 46, 54, 62, 63]
[00:00:00:13:113] ! Unidirectional s-t. expansions: 2,073, time: 13,113 [ms], path length: 56 [edges], generated: 21,453
[00:00:01:07:017] Expansion 10,000: state None, f=57, g=18
[00:00:02:08:716] Path of length 56 found: [63, 62, 61, 53, 52, 60, 59, 51, 50, 58, 57, 56, 48, 49, 41, 40, 32, 33, 25, 26, 34, 35, 43, 44, 36, 28, 27, 19, 20, 21, 13, 14, 22, 30, 29, 37, 45, 46, 54, 55, 47, 39, 31, 23, 15, 7, 6, 5, 4, 3, 2, 10, 18, 17, 16, 8, 0]
[00:00:02:08:716] ! Unidirectional t-s. expansions: 17,695, time: 128,716 [ms], path length: 56 [edges], generated: 180,492
[00:00:01:12:484] Path of length 56 found: [0, 8, 16, 17, 25, 33, 32, 40, 41, 49, 48, 56, 57, 58, 50, 51, 59, 60, 52, 53, 61, 62, 54, 46, 45, 37, 29, 30, 22, 14, 13, 12, 20, 28, 36, 44, 43, 35, 34, 26, 27, 19, 18, 10, 2, 3, 4, 5, 6, 7, 15, 23, 31, 39, 47, 55, 63]
[00:00:01:12:899] ! Bidirectional. expansions: 6,276, time: 72,484 [ms], path length: 56 [edges], g_F: 31, g_B: 25, generated: 0, MM: 6, MMPER: 9.526315789473685%
[00:00:01:12:899] 
---------- SM_Grids/8x8_grid_with_random_blocks_8per_4 ----------
[00:00:01:04:526] Expansion 10,000: state None, f=55, g=27
[00:00:02:09:666] Expansion 20,000: state None, f=55, g=12
[00:00:03:17:168] Expansion 30,000: state None, f=55, g=24
[00:00:04:18:155] Expansion 40,000: state None, f=54, g=30
[00:00:05:34:236] Expansion 50,000: state None, f=54, g=27
[00:00:06:55:196] Expansion 60,000: state None, f=53, g=48
[00:00:07:43:758] Expansion 70,000: state None, f=53, g=36
[00:00:08:39:868] Expansion 80,000: state None, f=53, g=33
[00:00:09:38:735] Expansion 90,000: state None, f=53, g=30
[00:00:10:40:923] Expansion 100,000: state None, f=53, g=30
[00:00:11:38:736] Expansion 110,000: state None, f=53, g=21
[00:00:12:44:294] Expansion 120,000: state None, f=53, g=42
[00:00:13:43:808] Expansion 130,000: state None, f=53, g=39
[00:00:14:48:192] Expansion 140,000: state None, f=53, g=24
[00:00:15:52:042] Expansion 150,000: state None, f=53, g=36
[00:00:16:50:595] Expansion 160,000: state None, f=53, g=15
[00:00:17:58:486] Expansion 170,000: state None, f=53, g=21
[00:00:19:08:979] Expansion 180,000: state None, f=53, g=30
[00:00:20:13:878] Expansion 190,000: state None, f=53, g=21
[00:00:21:32:614] Expansion 200,000: state None, f=53, g=33
[00:00:22:46:966] Expansion 210,000: state None, f=53, g=33
[00:00:24:02:869] Expansion 220,000: state None, f=53, g=24
[00:00:25:18:673] Expansion 230,000: state None, f=53, g=21
[00:00:26:38:420] Expansion 240,000: state None, f=53, g=36
[00:00:27:55:700] Expansion 250,000: state None, f=53, g=30
[00:00:28:17:319] Path of length 52 found: [0, 1, 2, 3, 4, 12, 13, 14, 22, 30, 31, 39, 47, 46, 38, 37, 36, 44, 43, 42, 41, 33, 34, 35, 27, 28, 29, 21, 20, 19, 11, 10, 18, 26, 25, 17, 9, 8, 16, 24, 32, 40, 48, 56, 57, 58, 59, 60, 52, 53, 54, 62, 63]
[00:00:28:17:322] ! Unidirectional s-t. expansions: 251,559, time: 1,697,320 [ms], path length: 52 [edges], generated: 2,500,421
[00:00:01:07:439] Expansion 10,000: state None, f=53, g=30
[00:00:02:22:123] Expansion 20,000: state None, f=53, g=39
[00:00:03:28:065] Expansion 30,000: state None, f=53, g=27
[00:00:03:44:609] Path of length 52 found: [63, 62, 54, 55, 47, 46, 38, 39, 31, 30, 29, 37, 36, 35, 27, 28, 20, 21, 22, 14, 13, 12, 4, 3, 2, 1, 9, 10, 11, 19, 18, 26, 34, 42, 43, 51, 52, 60, 59, 58, 57, 56, 48, 49, 41, 40, 32, 33, 25, 17, 16, 8, 0]
[00:00:03:44:612] ! Unidirectional t-s. expansions: 31,867, time: 224,611 [ms], path length: 52 [edges], generated: 338,481
[00:00:07:32:605] Expansions: 50,000. F states: 297,996, B states: 168,122. Checks: 791,301)
[00:00:18:13:758] Expansions: 100,000. F states: 634,914, B states: 357,599. Checks: 1,713,862)
[00:00:24:31:422] Path of length 52 found: [0, 8, 9, 1, 2, 10, 11, 3, 4, 12, 20, 19, 18, 17, 16, 24, 25, 33, 32, 40, 41, 49, 48, 56, 57, 58, 59, 60, 52, 44, 43, 42, 34, 26, 27, 28, 36, 37, 29, 21, 13, 14, 22, 30, 31, 39, 38, 46, 47, 55, 54, 62, 63]
[00:00:24:31:871] ! Bidirectional. expansions: 124,884, time: 1,471,422 [ms], path length: 52 [edges], g_F: 31, g_B: 21, generated: 0, MM: 10, MMPER: 17.867924528301888%
[00:00:24:31:872] 
---------- SM_Grids/8x8_grid_with_random_blocks_8per_5 ----------
[00:00:01:00:146] Expansion 10,000: state None, f=56, g=33
[00:00:02:10:278] Expansion 20,000: state None, f=56, g=30
[00:00:03:04:933] Expansion 30,000: state None, f=55, g=42
[00:00:03:57:070] Expansion 40,000: state None, f=55, g=33
[00:00:04:51:916] Expansion 50,000: state None, f=55, g=36
[00:00:05:48:939] Expansion 60,000: state None, f=55, g=21
[00:00:06:53:963] Expansion 70,000: state None, f=55, g=36
[00:00:08:03:237] Expansion 80,000: state None, f=55, g=33
[00:00:09:20:400] Expansion 90,000: state None, f=55, g=21
[00:00:09:53:510] Path of length 54 found: [0, 1, 2, 3, 11, 12, 4, 5, 6, 7, 15, 23, 22, 14, 13, 21, 20, 28, 27, 35, 43, 44, 52, 51, 50, 49, 41, 42, 34, 33, 25, 26, 18, 17, 16, 24, 32, 40, 48, 56, 57, 58, 59, 60, 61, 53, 45, 37, 29, 30, 38, 39, 47, 55, 63]
[00:00:09:53:510] ! Unidirectional s-t. expansions: 93,371, time: 593,510 [ms], path length: 54 [edges], generated: 939,815
[00:00:01:13:750] Expansion 10,000: state None, f=57, g=33
[00:00:02:30:464] Expansion 20,000: state None, f=56, g=33
[00:00:03:49:754] Expansion 30,000: state None, f=56, g=27
[00:00:05:09:291] Expansion 40,000: state None, f=56, g=33
[00:00:05:59:721] Expansion 50,000: state None, f=55, g=33
[00:00:06:58:927] Expansion 60,000: state None, f=55, g=33
[00:00:08:05:261] Expansion 70,000: state None, f=55, g=24
[00:00:09:12:299] Expansion 80,000: state None, f=55, g=36
[00:00:10:28:408] Expansion 90,000: state None, f=55, g=45
[00:00:11:42:067] Expansion 100,000: state None, f=55, g=30
[00:00:12:59:719] Expansion 110,000: state None, f=55, g=15
[00:00:14:16:976] Expansion 120,000: state None, f=55, g=30
[00:00:15:33:173] Expansion 130,000: state None, f=55, g=27
[00:00:16:53:820] Path of length 54 found: [63, 55, 47, 39, 38, 37, 45, 44, 43, 35, 34, 42, 50, 51, 52, 53, 61, 60, 59, 58, 57, 56, 48, 49, 41, 40, 32, 33, 25, 24, 16, 17, 18, 26, 27, 28, 29, 30, 31, 23, 22, 14, 15, 7, 6, 5, 13, 21, 20, 12, 4, 3, 2, 1, 0]
[00:00:16:53:821] ! Unidirectional t-s. expansions: 139,809, time: 1,013,821 [ms], path length: 54 [edges], generated: 1,514,987
[00:00:08:09:019] Expansions: 50,000. F states: 357,872, B states: 178,161. Checks: 937,541)
[00:00:12:27:118] Path of length 54 found: [0, 1, 2, 3, 11, 12, 4, 5, 13, 21, 20, 28, 29, 30, 22, 14, 6, 7, 15, 23, 31, 39, 38, 37, 45, 44, 36, 35, 43, 42, 34, 33, 25, 26, 18, 17, 16, 24, 32, 40, 48, 56, 57, 49, 50, 58, 59, 51, 52, 60, 61, 53, 54, 55, 63]
[00:00:12:27:585] ! Bidirectional. expansions: 75,752, time: 747,118 [ms], path length: 54 [edges], g_F: 31, g_B: 23, generated: 0, MM: 8, MMPER: 13.545454545454545%
[00:00:12:27:585] 
---------- SM_Grids/8x8_grid_with_random_blocks_8per_6 ----------
[00:00:01:04:767] Expansion 10,000: state None, f=58, g=39
[00:00:02:10:087] Expansion 20,000: state None, f=58, g=42
[00:00:03:11:031] Expansion 30,000: state None, f=58, g=36
[00:00:04:16:335] Expansion 40,000: state None, f=58, g=42
[00:00:05:25:502] Expansion 50,000: state None, f=58, g=45
[00:00:06:34:177] Expansion 60,000: state None, f=58, g=51
[00:00:07:43:801] Expansion 70,000: state None, f=58, g=48
[00:00:08:50:616] Expansion 80,000: state None, f=58, g=48
[00:00:09:59:567] Expansion 90,000: state None, f=58, g=42
[00:00:11:09:081] Expansion 100,000: state None, f=58, g=30
[00:00:12:22:675] Expansion 110,000: state None, f=58, g=24
[00:00:13:31:839] Expansion 120,000: state None, f=58, g=39
[00:00:14:39:483] Expansion 130,000: state None, f=58, g=48
[00:00:15:47:818] Expansion 140,000: state None, f=58, g=39
[00:00:16:57:447] Expansion 150,000: state None, f=58, g=45
[00:00:18:03:008] Expansion 160,000: state None, f=58, g=42
[00:00:19:08:488] Expansion 170,000: state None, f=58, g=30
[00:00:20:19:564] Expansion 180,000: state None, f=58, g=39
[00:00:21:31:381] Expansion 190,000: state None, f=58, g=42
[00:00:22:41:803] Expansion 200,000: state None, f=58, g=45
[00:00:23:51:287] Expansion 210,000: state None, f=58, g=27
[00:00:25:04:072] Expansion 220,000: state None, f=58, g=33
[00:00:26:12:086] Expansion 230,000: state None, f=58, g=36
[00:00:27:18:672] Expansion 240,000: state None, f=58, g=42
[00:00:28:29:064] Expansion 250,000: state None, f=58, g=42
[00:00:29:39:256] Expansion 260,000: state None, f=58, g=45
[00:00:30:54:870] Expansion 270,000: state None, f=58, g=36
[00:00:32:08:780] Expansion 280,000: state None, f=58, g=39
[00:00:33:18:952] Expansion 290,000: state None, f=58, g=48
[00:00:34:22:318] Expansion 300,000: state None, f=58, g=39
[00:00:35:21:125] Expansion 310,000: state None, f=58, g=42
[00:00:36:07:559] Expansion 320,000: state None, f=57, g=39
[00:00:36:51:075] Expansion 330,000: state None, f=57, g=51
[00:00:37:35:192] Expansion 340,000: state None, f=57, g=33
[00:00:38:19:523] Expansion 350,000: state None, f=57, g=39
[00:00:39:01:675] Expansion 360,000: state None, f=57, g=51
[00:00:39:47:891] Expansion 370,000: state None, f=57, g=36
[00:00:40:35:938] Expansion 380,000: state None, f=57, g=36
[00:00:41:22:240] Expansion 390,000: state None, f=57, g=42
[00:00:42:18:789] Expansion 400,000: state None, f=57, g=42
[00:00:43:06:454] Expansion 410,000: state None, f=57, g=48
[00:00:43:56:220] Expansion 420,000: state None, f=57, g=36
[00:00:44:44:046] Expansion 430,000: state None, f=57, g=24
[00:00:45:35:680] Expansion 440,000: state None, f=57, g=39
[00:00:46:27:014] Expansion 450,000: state None, f=57, g=36
[00:00:47:14:792] Expansion 460,000: state None, f=57, g=45
[00:00:48:03:528] Expansion 470,000: state None, f=57, g=45
[00:00:48:49:412] Expansion 480,000: state None, f=57, g=45
[00:00:49:36:549] Expansion 490,000: state None, f=57, g=36
[00:00:50:27:504] Expansion 500,000: state None, f=57, g=48
[00:00:51:19:307] Expansion 510,000: state None, f=57, g=45
[00:00:52:18:205] Expansion 520,000: state None, f=57, g=36
[00:00:53:08:265] Expansion 530,000: state None, f=57, g=24
[00:00:53:57:312] Expansion 540,000: state None, f=57, g=42
[00:00:54:43:422] Expansion 550,000: state None, f=57, g=51
[00:00:55:32:233] Expansion 560,000: state None, f=57, g=42
[00:00:56:26:123] Expansion 570,000: state None, f=57, g=48
[00:00:57:14:750] Expansion 580,000: state None, f=57, g=42
[00:00:57:59:252] Expansion 590,000: state None, f=57, g=36
[00:00:58:41:149] Expansion 600,000: state None, f=57, g=51
[00:00:59:28:158] Expansion 610,000: state None, f=57, g=30
[00:01:00:18:128] Expansion 620,000: state None, f=57, g=33
[00:01:01:02:302] Expansion 630,000: state None, f=57, g=48
[00:01:01:50:452] Expansion 640,000: state None, f=57, g=48
[00:01:02:33:190] Expansion 650,000: state None, f=57, g=45
[00:01:03:30:987] Expansion 660,000: state None, f=57, g=39
[00:01:04:18:470] Expansion 670,000: state None, f=57, g=36
[00:01:05:05:399] Expansion 680,000: state None, f=57, g=45
[00:01:05:53:438] Expansion 690,000: state None, f=57, g=42
[00:01:06:41:071] Expansion 700,000: state None, f=57, g=30
[00:01:07:25:059] Expansion 710,000: state None, f=57, g=51
[00:01:08:08:418] Expansion 720,000: state None, f=57, g=48
[00:01:08:56:530] Expansion 730,000: state None, f=57, g=42
[00:01:09:39:601] Expansion 740,000: state None, f=57, g=36
[00:01:10:24:380] Expansion 750,000: state None, f=57, g=30
[00:01:11:07:250] Expansion 760,000: state None, f=57, g=39
[00:01:11:50:395] Expansion 770,000: state None, f=57, g=48
[00:01:12:38:740] Expansion 780,000: state None, f=57, g=45
[00:01:13:27:357] Expansion 790,000: state None, f=57, g=30
[00:01:14:15:414] Expansion 800,000: state None, f=57, g=45
[00:01:15:02:609] Expansion 810,000: state None, f=57, g=42
[00:01:15:48:531] Expansion 820,000: state None, f=57, g=51
[00:01:16:43:555] Expansion 830,000: state None, f=57, g=42
[00:01:17:29:313] Expansion 840,000: state None, f=57, g=24
[00:01:18:16:863] Expansion 850,000: state None, f=57, g=39
[00:01:19:01:019] Expansion 860,000: state None, f=57, g=45
[00:01:19:43:889] Expansion 870,000: state None, f=57, g=45
[00:01:20:27:089] Expansion 880,000: state None, f=57, g=51
[00:01:21:10:116] Expansion 890,000: state None, f=57, g=48
[00:01:21:53:054] Expansion 900,000: state None, f=57, g=45
[00:01:22:41:365] Expansion 910,000: state None, f=57, g=24
[00:01:23:30:570] Expansion 920,000: state None, f=57, g=45
[00:01:24:24:471] Expansion 930,000: state None, f=57, g=27
[00:01:25:15:003] Expansion 940,000: state None, f=57, g=33
[00:01:26:01:576] Expansion 950,000: state None, f=57, g=39
[00:01:26:48:587] Expansion 960,000: state None, f=57, g=36
[00:01:27:38:330] Expansion 970,000: state None, f=57, g=48
[00:01:28:27:611] Expansion 980,000: state None, f=57, g=48
[00:01:29:17:884] Expansion 990,000: state None, f=57, g=42
[00:01:30:08:244] Expansion 1,000,000: state None, f=57, g=30
[00:01:30:59:708] Expansion 1,010,000: state None, f=57, g=39
[00:01:31:43:642] Expansion 1,020,000: state None, f=57, g=42
[00:01:32:40:749] Expansion 1,030,000: state None, f=57, g=51
[00:01:33:23:408] Expansion 1,040,000: state None, f=57, g=51
[00:01:34:15:862] Expansion 1,050,000: state None, f=57, g=42
[00:01:35:08:000] Expansion 1,060,000: state None, f=57, g=45
[00:01:35:54:297] Expansion 1,070,000: state None, f=57, g=39
[00:01:36:39:582] Expansion 1,080,000: state None, f=57, g=39
[00:01:37:28:466] Expansion 1,090,000: state None, f=57, g=33
[00:01:38:13:505] Expansion 1,100,000: state None, f=57, g=36
[00:01:38:59:520] Expansion 1,110,000: state None, f=57, g=36
[00:01:39:46:071] Expansion 1,120,000: state None, f=57, g=36
[00:01:40:30:115] Expansion 1,130,000: state None, f=57, g=48
[00:01:41:16:785] Expansion 1,140,000: state None, f=57, g=39
[00:01:42:06:363] Expansion 1,150,000: state None, f=57, g=45
[00:01:42:53:312] Expansion 1,160,000: state None, f=57, g=42
[00:01:43:41:367] Expansion 1,170,000: state None, f=57, g=24
[00:01:44:29:132] Expansion 1,180,000: state None, f=57, g=51
[00:01:45:17:433] Expansion 1,190,000: state None, f=57, g=30
[00:01:46:02:775] Expansion 1,200,000: state None, f=57, g=42
[00:01:46:46:665] Expansion 1,210,000: state None, f=57, g=33
[00:01:47:33:957] Expansion 1,220,000: state None, f=57, g=48
[00:01:48:16:799] Expansion 1,230,000: state None, f=57, g=36
[00:01:49:01:987] Expansion 1,240,000: state None, f=57, g=42
[00:01:49:46:253] Expansion 1,250,000: state None, f=57, g=48
[00:01:50:58:088] Expansion 1,260,000: state None, f=57, g=33
[00:01:52:03:263] Expansion 1,270,000: state None, f=57, g=27
[00:01:52:51:530] Expansion 1,280,000: state None, f=57, g=51
[00:01:53:52:903] Expansion 1,290,000: state None, f=57, g=33
[00:01:54:46:645] Expansion 1,300,000: state None, f=57, g=45
[00:01:55:44:270] Expansion 1,310,000: state None, f=57, g=33
[00:01:56:34:139] Expansion 1,320,000: state None, f=57, g=42
[00:01:57:18:641] Expansion 1,330,000: state None, f=57, g=33
[00:01:58:05:303] Expansion 1,340,000: state None, f=57, g=45
[00:01:58:55:963] Expansion 1,350,000: state None, f=57, g=48
[00:01:59:40:846] Expansion 1,360,000: state None, f=57, g=33
[00:02:00:24:048] Expansion 1,370,000: state None, f=57, g=48
[00:02:01:09:646] Expansion 1,380,000: state None, f=57, g=36
[00:02:01:49:112] Expansion 1,390,000: state None, f=57, g=48
[00:02:02:30:778] Expansion 1,400,000: state None, f=57, g=45
[00:02:03:37:588] Expansion 1,410,000: state None, f=57, g=30
[00:02:04:33:401] Expansion 1,420,000: state None, f=57, g=48
[00:02:05:19:204] Expansion 1,430,000: state None, f=57, g=39
[00:02:06:05:222] Expansion 1,440,000: state None, f=57, g=21
[00:02:06:54:777] Expansion 1,450,000: state None, f=57, g=33
[00:02:07:39:311] Expansion 1,460,000: state None, f=57, g=42
[00:02:08:26:974] Expansion 1,470,000: state None, f=57, g=48
[00:02:09:10:449] Expansion 1,480,000: state None, f=57, g=30
[00:02:09:56:579] Expansion 1,490,000: state None, f=57, g=48
[00:02:10:50:312] Expansion 1,500,000: state None, f=57, g=33
[00:02:13:27:481] Path of length 56 found: [0, 1, 2, 3, 4, 5, 6, 14, 15, 23, 22, 21, 13, 12, 20, 28, 27, 35, 43, 42, 41, 33, 34, 26, 25, 17, 18, 19, 11, 10, 9, 8, 16, 24, 32, 40, 48, 49, 50, 58, 59, 51, 52, 44, 36, 37, 29, 30, 31, 39, 38, 46, 54, 53, 61, 62, 63]
[00:02:13:27:483] ! Unidirectional s-t. expansions: 1,508,993, time: 8,007,481 [ms], path length: 56 [edges], generated: 14,705,663
[00:00:01:07:553] Expansion 10,000: state None, f=57, g=36
[00:00:02:16:953] Expansion 20,000: state None, f=57, g=36
[00:00:03:28:005] Expansion 30,000: state None, f=57, g=33
[00:00:04:41:147] Expansion 40,000: state None, f=57, g=30
[00:00:05:45:292] Expansion 50,000: state None, f=57, g=45
[00:00:06:52:519] Expansion 60,000: state None, f=57, g=39
[00:00:07:55:644] Expansion 70,000: state None, f=57, g=45
[00:00:09:00:422] Expansion 80,000: state None, f=57, g=39
[00:00:10:03:815] Expansion 90,000: state None, f=57, g=36
[00:00:11:04:470] Expansion 100,000: state None, f=57, g=27
[00:00:12:05:482] Expansion 110,000: state None, f=57, g=42
[00:00:13:07:714] Expansion 120,000: state None, f=57, g=36
[00:00:14:13:369] Expansion 130,000: state None, f=57, g=33
[00:00:15:18:837] Expansion 140,000: state None, f=57, g=30
[00:00:16:20:416] Expansion 150,000: state None, f=57, g=30
[00:00:17:26:011] Expansion 160,000: state None, f=57, g=30
[00:00:18:33:960] Expansion 170,000: state None, f=57, g=36
[00:00:19:37:699] Expansion 180,000: state None, f=57, g=39
[00:00:20:50:135] Expansion 190,000: state None, f=57, g=30
[00:00:22:02:607] Expansion 200,000: state None, f=57, g=30
[00:00:23:05:575] Expansion 210,000: state None, f=57, g=48
[00:00:24:11:236] Expansion 220,000: state None, f=57, g=36
[00:00:25:24:109] Expansion 230,000: state None, f=57, g=27
[00:00:26:34:296] Expansion 240,000: state None, f=57, g=39
[00:00:27:40:493] Expansion 250,000: state None, f=57, g=45
[00:00:28:51:657] Expansion 260,000: state None, f=57, g=30
[00:00:30:04:767] Expansion 270,000: state None, f=57, g=36
[00:00:31:10:237] Expansion 280,000: state None, f=57, g=33
[00:00:32:17:170] Expansion 290,000: state None, f=57, g=36
[00:00:33:23:150] Expansion 300,000: state None, f=57, g=36
[00:00:34:27:300] Expansion 310,000: state None, f=57, g=45
[00:00:35:33:304] Expansion 320,000: state None, f=57, g=33
[00:00:36:47:791] Expansion 330,000: state None, f=57, g=33
[00:00:37:52:258] Expansion 340,000: state None, f=57, g=39
[00:00:39:01:929] Expansion 350,000: state None, f=57, g=39
[00:00:40:06:025] Expansion 360,000: state None, f=57, g=42
[00:00:41:10:097] Expansion 370,000: state None, f=57, g=39
[00:00:42:15:497] Expansion 380,000: state None, f=57, g=45
[00:00:43:28:625] Expansion 390,000: state None, f=57, g=24
[00:00:44:27:796] Expansion 400,000: state None, f=57, g=36
[00:00:45:31:319] Expansion 410,000: state None, f=57, g=39
[00:00:46:30:997] Expansion 420,000: state None, f=57, g=33
[00:00:47:33:045] Expansion 430,000: state None, f=57, g=48
[00:00:48:52:343] Path of length 56 found: [63, 62, 61, 53, 54, 46, 47, 39, 38, 37, 45, 44, 52, 51, 59, 58, 50, 49, 48, 40, 41, 33, 32, 24, 25, 17, 16, 8, 9, 10, 18, 19, 27, 26, 34, 42, 43, 35, 36, 28, 29, 21, 22, 30, 31, 23, 15, 14, 6, 5, 13, 12, 4, 3, 2, 1, 0]
[00:00:48:52:347] ! Unidirectional t-s. expansions: 437,524, time: 2,932,343 [ms], path length: 56 [edges], generated: 5,005,984
[00:00:09:12:787] Expansions: 50,000. F states: 347,777, B states: 207,615. Checks: 982,612)
[00:00:15:29:959] Expansions: 100,000. F states: 677,683, B states: 395,728. Checks: 1,874,255)
[00:00:23:31:346] Expansions: 150,000. F states: 1,001,875, B states: 591,504. Checks: 2,774,842)
[00:00:32:08:781] Expansions: 200,000. F states: 1,320,451, B states: 784,504. Checks: 3,662,922)
[00:00:41:27:268] Expansions: 250,000. F states: 1,639,070, B states: 977,742. Checks: 4,556,923)
[00:00:51:03:757] Expansions: 300,000. F states: 1,960,214, B states: 1,175,289. Checks: 5,470,141)
[00:01:00:14:346] Expansions: 350,000. F states: 2,275,083, B states: 1,371,778. Checks: 6,362,196)
[00:01:10:23:440] Expansions: 400,000. F states: 2,599,719, B states: 1,575,023. Checks: 7,294,719)
[00:01:18:05:228] Expansions: 450,000. F states: 2,927,714, B states: 1,765,119. Checks: 8,195,784)
[00:01:27:16:152] Expansions: 500,000. F states: 3,241,616, B states: 1,953,701. Checks: 9,070,475)
[00:01:35:59:200] Expansions: 550,000. F states: 3,564,546, B states: 2,136,571. Checks: 9,947,518)
[00:01:45:12:107] Expansions: 600,000. F states: 3,894,063, B states: 2,326,795. Checks: 10,853,955)
[00:01:54:19:215] Expansions: 650,000. F states: 4,215,389, B states: 2,513,728. Checks: 11,735,678)
[00:02:03:33:209] Expansions: 700,000. F states: 4,534,992, B states: 2,695,405. Checks: 12,602,523)
[00:02:13:42:035] Expansions: 750,000. F states: 4,861,434, B states: 2,891,907. Checks: 13,521,377)
[00:02:22:23:018] Expansions: 800,000. F states: 5,190,949, B states: 3,087,259. Checks: 14,438,595)
[00:02:31:15:959] Expansions: 850,000. F states: 5,508,383, B states: 3,279,556. Checks: 15,331,391)
[00:02:40:21:055] Expansions: 900,000. F states: 5,824,222, B states: 3,468,718. Checks: 16,212,807)
[00:02:49:12:053] Expansions: 950,000. F states: 6,140,106, B states: 3,653,807. Checks: 17,083,046)
[00:02:59:07:259] Expansions: 1,000,000. F states: 6,468,308, B states: 3,848,099. Checks: 18,003,130)
[00:03:07:49:864] Expansions: 1,050,000. F states: 6,788,798, B states: 4,035,905. Checks: 18,888,911)
[00:03:16:44:300] Expansions: 1,100,000. F states: 7,108,219, B states: 4,221,833. Checks: 19,767,256)
[00:03:26:20:497] Expansions: 1,150,000. F states: 7,427,143, B states: 4,409,534. Checks: 20,650,339)
[00:03:35:46:955] Expansions: 1,200,000. F states: 7,738,589, B states: 4,601,665. Checks: 21,531,002)
[00:03:36:57:035] Path of length 56 found: [0, 8, 16, 24, 32, 40, 48, 49, 41, 33, 25, 17, 9, 1, 2, 10, 18, 19, 20, 28, 27, 26, 34, 35, 43, 42, 50, 58, 59, 51, 52, 44, 36, 37, 29, 30, 22, 21, 13, 12, 11, 3, 4, 5, 6, 14, 15, 23, 31, 39, 47, 46, 54, 53, 61, 62, 63]
[00:03:36:57:499] ! Bidirectional. expansions: 1,207,965, time: 13,017,035 [ms], path length: 56 [edges], g_F: 32, g_B: 24, generated: 0, MM: 8, MMPER: 13.035087719298245%
[00:03:36:57:501] 
---------- SM_Grids/8x8_grid_with_random_blocks_8per_7 ----------
[00:00:00:00:173] Path of length 56 found: [0, 8, 16, 24, 32, 40, 48, 56, 57, 49, 41, 33, 25, 17, 18, 10, 2, 3, 11, 12, 4, 5, 6, 14, 22, 23, 31, 30, 29, 21, 20, 28, 27, 26, 34, 35, 43, 51, 50, 58, 59, 60, 52, 44, 36, 37, 45, 53, 61, 62, 54, 46, 38, 39, 47, 55, 63]
[00:00:00:00:174] ! Unidirectional s-t. expansions: 19, time: 174 [ms], path length: 56 [edges], generated: 216
[00:00:01:02:837] Expansion 10,000: state None, f=57, g=36
[00:00:02:05:025] Expansion 20,000: state None, f=57, g=30
[00:00:02:48:842] Path of length 56 found: [63, 62, 61, 60, 59, 58, 57, 56, 48, 40, 32, 33, 41, 49, 50, 51, 52, 53, 54, 55, 47, 46, 45, 37, 36, 44, 43, 35, 34, 26, 27, 28, 20, 21, 29, 30, 38, 39, 31, 23, 22, 14, 6, 5, 4, 12, 11, 3, 2, 10, 18, 17, 25, 24, 16, 8, 0]
[00:00:02:48:842] ! Unidirectional t-s. expansions: 26,410, time: 168,842 [ms], path length: 56 [edges], generated: 243,078
[00:00:00:00:269] Path of length 56 found: [0, 8, 16, 24, 32, 40, 48, 56, 57, 49, 41, 33, 25, 17, 18, 26, 34, 35, 27, 28, 36, 44, 43, 51, 50, 58, 59, 60, 52, 53, 61, 62, 54, 46, 45, 37, 38, 30, 29, 21, 20, 12, 11, 10, 2, 3, 4, 5, 6, 14, 22, 23, 31, 39, 47, 55, 63]
[00:00:00:00:706] ! Bidirectional. expansions: 20, time: 269 [ms], path length: 56 [edges], g_F: 34, g_B: 22, generated: 0, MM: 12, MMPER: 20.05263157894737%
[00:00:00:00:706] 
---------- SM_Grids/8x8_grid_with_random_blocks_8per_8 ----------
[00:00:00:00:197] Path of length 58 found: [0, 1, 9, 17, 16, 24, 32, 33, 25, 26, 18, 10, 2, 3, 11, 19, 27, 35, 34, 42, 41, 49, 48, 56, 57, 58, 59, 51, 43, 44, 36, 28, 20, 21, 13, 12, 4, 5, 6, 7, 15, 23, 31, 30, 29, 37, 45, 53, 52, 60, 61, 62, 54, 46, 38, 39, 47, 55, 63]
[00:00:00:00:197] ! Unidirectional s-t. expansions: 21, time: 197 [ms], path length: 58 [edges], generated: 230
[00:00:00:02:892] Path of length 58 found: [63, 55, 47, 39, 31, 23, 15, 7, 6, 5, 4, 3, 2, 10, 18, 19, 11, 12, 13, 21, 20, 28, 27, 35, 43, 51, 52, 44, 36, 37, 29, 30, 38, 46, 45, 53, 54, 62, 61, 60, 59, 58, 57, 56, 48, 49, 41, 42, 34, 26, 25, 33, 32, 24, 16, 17, 9, 1, 0]
[00:00:00:02:892] ! Unidirectional t-s. expansions: 410, time: 2,892 [ms], path length: 58 [edges], generated: 4,328
[00:00:00:00:255] Path of length 58 found: [0, 1, 9, 17, 16, 24, 32, 33, 25, 26, 18, 10, 2, 3, 11, 19, 27, 35, 34, 42, 41, 49, 48, 56, 57, 58, 59, 51, 43, 44, 52, 60, 61, 62, 54, 53, 45, 46, 38, 30, 29, 37, 36, 28, 20, 21, 13, 12, 4, 5, 6, 7, 15, 23, 31, 39, 47, 55, 63]
[00:00:00:00:686] ! Bidirectional. expansions: 20, time: 255 [ms], path length: 58 [edges], g_F: 37, g_B: 21, generated: 0, MM: 16, MMPER: 26.11864406779661%
[00:00:00:00:686] 
---------- SM_Grids/8x8_grid_with_random_blocks_8per_9 ----------
[00:00:00:30:739] Path of length 56 found: [0, 8, 16, 24, 25, 33, 32, 40, 48, 56, 57, 49, 50, 58, 59, 60, 61, 62, 54, 46, 45, 53, 52, 51, 43, 42, 34, 35, 36, 37, 29, 28, 27, 26, 18, 19, 20, 21, 13, 12, 11, 10, 2, 3, 4, 5, 6, 7, 15, 14, 22, 30, 38, 39, 47, 55, 63]
[00:00:00:30:740] ! Unidirectional s-t. expansions: 4,910, time: 30,739 [ms], path length: 56 [edges], generated: 54,645
[00:00:01:06:073] Expansion 10,000: state None, f=57, g=24
[00:00:02:16:773] Expansion 20,000: state None, f=57, g=39
[00:00:03:25:436] Expansion 30,000: state None, f=57, g=36
[00:00:04:06:374] Path of length 56 found: [63, 62, 61, 60, 59, 58, 50, 49, 57, 56, 48, 40, 32, 33, 34, 42, 43, 51, 52, 53, 54, 55, 47, 46, 45, 37, 38, 39, 31, 30, 29, 28, 36, 35, 27, 19, 20, 21, 22, 14, 15, 7, 6, 5, 13, 12, 4, 3, 11, 10, 18, 26, 25, 24, 16, 8, 0]
[00:00:04:06:374] ! Unidirectional t-s. expansions: 35,735, time: 246,374 [ms], path length: 56 [edges], generated: 365,440
[00:00:01:38:325] Path of length 56 found: [0, 8, 16, 24, 32, 40, 48, 56, 57, 49, 50, 58, 59, 51, 52, 60, 61, 62, 54, 53, 45, 46, 38, 37, 36, 35, 43, 42, 34, 33, 25, 26, 27, 28, 20, 21, 13, 12, 11, 19, 18, 10, 2, 3, 4, 5, 6, 7, 15, 14, 22, 30, 31, 39, 47, 55, 63]
[00:00:01:38:728] ! Bidirectional. expansions: 10,827, time: 98,325 [ms], path length: 56 [edges], g_F: 34, g_B: 22, generated: 0, MM: 12, MMPER: 20.05263157894737%

[00:00:01:38:728] average expansions: (188,640, 73,709, 149,963, 0)
[00:00:01:38:728] average time: (1,050,268, 502,824, 1,628,713, 0)
[00:00:01:38:728] XA*: 73,709 , 502,824 (expansions , time[ms])
[00:00:01:38:728] BiXA*: 149,963 , 1,628,713 (expansions , time[ms])

