------------------------------------
Thu 01 Oct 2026 17:22:31 IDT
SLURM_JOBID:		21953453
SLURM_JOB_NODELIST:	ise-cpu256-02
SLURM_SCRATCH_DIR:	/scratch/shubit/21953453
Allocated Resouces:	cpu - 2 / mem - 61440 MB / gpu - 
SLURM_GPU_INDEX:	
Running as shubit from shimony account with normal QOS
------------------------------------
Thu 01 Oct 2026 17:22:31 IDT

SLURM_JOBID:		 21953453
SLURM_JOB_NODELIST:	 ise-cpu256-02 

--------------------------
date: SM_Grids
number_of_graphs: 10
graph_type: grid
size_of_graphs: [8, 8]
heuristic: bcc_heuristic
snake: False
run_uni: True
run_bi: True
run_multi: False
solution_vertices: []
algorithms: ['XMM']
lookahead: 2
bsd: False
cube_first_dims: 4
cube_buffer_dim: None
backward_sym_generation: False
sym_coil: False
prefix_set: None

---------- SM_Grids/8x8_grid_with_random_blocks_20per_0 ----------
[00:00:00:02:142] Path of length 44 found: [0, 1, 9, 10, 2, 3, 4, 5, 6, 7, 15, 23, 31, 39, 38, 30, 29, 21, 22, 14, 13, 12, 20, 28, 36, 35, 34, 26, 25, 17, 16, 24, 32, 40, 48, 49, 41, 42, 43, 44, 52, 53, 61, 62, 63]
[00:00:00:02:142] ! Unidirectional s-t. expansions: 771, time: 2,142 [ms], path length: 44 [edges], generated: 3,225
[00:00:00:00:795] Path of length 44 found: [63, 62, 61, 53, 52, 44, 43, 42, 50, 49, 41, 40, 32, 24, 16, 17, 25, 26, 34, 35, 36, 37, 38, 39, 31, 30, 29, 28, 20, 21, 22, 23, 15, 7, 6, 14, 13, 5, 4, 3, 2, 10, 9, 1, 0]
[00:00:00:00:796] ! Unidirectional t-s. expansions: 271, time: 795 [ms], path length: 44 [edges], generated: 1,519
[00:00:00:02:619] Path of length 44 found: [0, 1, 9, 10, 2, 3, 4, 12, 20, 21, 13, 5, 6, 7, 15, 14, 22, 23, 31, 39, 38, 30, 29, 28, 36, 35, 34, 26, 25, 17, 16, 24, 32, 40, 41, 49, 50, 42, 43, 44, 52, 53, 61, 62, 63]
[00:00:00:03:125] ! Bidirectional. expansions: 674, time: 2,619 [ms], path length: 44 [edges], g_F: 23, g_B: 21, generated: 1,151, MM: 2, MMPER: 3.4444444444444446%
[00:00:00:03:126] 
---------- SM_Grids/8x8_grid_with_random_blocks_20per_1 ----------
[00:00:00:15:071] Path of length 38 found: [0, 8, 16, 24, 25, 33, 34, 42, 41, 40, 48, 56, 57, 49, 50, 51, 43, 35, 27, 26, 18, 17, 9, 1, 2, 10, 11, 19, 20, 28, 29, 30, 31, 39, 47, 46, 54, 62, 63]
[00:00:00:15:072] ! Unidirectional s-t. expansions: 3,972, time: 15,071 [ms], path length: 38 [edges], generated: 18,267
[00:00:00:05:167] Path of length 38 found: [63, 62, 54, 55, 47, 39, 31, 30, 29, 21, 20, 28, 27, 35, 43, 51, 50, 49, 57, 56, 48, 40, 41, 42, 34, 33, 25, 24, 16, 17, 18, 19, 11, 3, 2, 10, 9, 1, 0]
[00:00:00:05:167] ! Unidirectional t-s. expansions: 1,479, time: 5,167 [ms], path length: 38 [edges], generated: 7,538
[00:00:00:13:555] Path of length 38 found: [0, 8, 16, 24, 25, 33, 41, 40, 48, 56, 57, 49, 50, 51, 43, 42, 34, 26, 18, 17, 9, 1, 2, 3, 11, 19, 27, 28, 20, 21, 29, 30, 31, 39, 47, 55, 54, 62, 63]
[00:00:00:14:020] ! Bidirectional. expansions: 3,061, time: 13,555 [ms], path length: 38 [edges], g_F: 21, g_B: 17, generated: 5,914, MM: 4, MMPER: 9.256410256410257%
[00:00:00:14:020] 
---------- SM_Grids/8x8_grid_with_random_blocks_20per_2 ----------
[00:00:00:01:690] Path of length 48 found: [0, 8, 16, 17, 9, 1, 2, 3, 4, 12, 20, 19, 18, 26, 34, 33, 41, 40, 48, 56, 57, 49, 50, 58, 59, 60, 61, 53, 45, 37, 36, 28, 29, 30, 22, 21, 13, 5, 6, 14, 15, 23, 31, 39, 38, 46, 54, 62, 63]
[00:00:00:01:691] ! Unidirectional s-t. expansions: 416, time: 1,690 [ms], path length: 48 [edges], generated: 1,948
[00:00:00:01:915] Path of length 48 found: [63, 62, 61, 60, 59, 58, 50, 49, 57, 56, 48, 40, 41, 33, 34, 26, 18, 19, 20, 12, 13, 21, 29, 28, 36, 37, 45, 53, 54, 46, 47, 39, 38, 30, 31, 23, 15, 14, 6, 5, 4, 3, 2, 1, 9, 17, 16, 8, 0]
[00:00:00:01:916] ! Unidirectional t-s. expansions: 453, time: 1,916 [ms], path length: 48 [edges], generated: 1,837
[00:00:00:04:238] Path of length 48 found: [0, 8, 16, 17, 9, 1, 2, 3, 4, 12, 13, 5, 6, 14, 15, 23, 22, 21, 29, 28, 20, 19, 18, 26, 34, 33, 41, 40, 48, 56, 57, 49, 50, 58, 59, 60, 61, 53, 45, 37, 38, 30, 31, 39, 47, 46, 54, 62, 63]
[00:00:00:04:830] ! Bidirectional. expansions: 1,029, time: 4,238 [ms], path length: 48 [edges], g_F: 23, g_B: 25, generated: 1,812, MM: 2, MMPER: 3.0816326530612246%
[00:00:00:04:830] 
---------- SM_Grids/8x8_grid_with_random_blocks_20per_3 ----------
[00:00:00:01:042] Path of length 46 found: [0, 1, 9, 10, 18, 17, 16, 24, 32, 40, 41, 49, 57, 58, 50, 51, 43, 44, 36, 35, 34, 26, 27, 19, 20, 12, 11, 3, 4, 5, 6, 7, 15, 23, 22, 30, 31, 39, 38, 37, 45, 53, 52, 60, 61, 62, 63]
[00:00:00:01:042] ! Unidirectional s-t. expansions: 252, time: 1,042 [ms], path length: 46 [edges], generated: 1,125
[00:00:00:01:235] Path of length 46 found: [63, 62, 61, 60, 52, 53, 45, 44, 43, 51, 50, 58, 57, 49, 41, 40, 32, 24, 16, 17, 18, 19, 27, 26, 34, 35, 36, 37, 29, 30, 38, 39, 31, 23, 15, 7, 6, 5, 13, 12, 4, 3, 11, 10, 9, 1, 0]
[00:00:00:01:236] ! Unidirectional t-s. expansions: 330, time: 1,235 [ms], path length: 46 [edges], generated: 1,365
[00:00:00:02:595] Path of length 46 found: [0, 1, 9, 10, 18, 17, 16, 24, 32, 40, 41, 49, 57, 58, 50, 51, 43, 35, 34, 26, 27, 19, 20, 12, 11, 3, 4, 5, 6, 7, 15, 23, 31, 39, 38, 30, 29, 37, 36, 44, 45, 53, 52, 60, 61, 62, 63]
[00:00:00:03:081] ! Bidirectional. expansions: 611, time: 2,595 [ms], path length: 46 [edges], g_F: 24, g_B: 22, generated: 1,092, MM: 2, MMPER: 3.25531914893617%
[00:00:00:03:082] 
---------- SM_Grids/8x8_grid_with_random_blocks_20per_4 ----------
[00:00:00:32:446] Path of length 44 found: [0, 1, 2, 3, 4, 5, 6, 7, 15, 23, 22, 21, 20, 28, 27, 26, 34, 33, 25, 17, 18, 19, 11, 10, 9, 8, 16, 24, 32, 40, 48, 49, 57, 58, 59, 51, 43, 44, 36, 37, 45, 46, 54, 62, 63]
[00:00:00:32:446] ! Unidirectional s-t. expansions: 9,781, time: 32,446 [ms], path length: 44 [edges], generated: 37,710
[00:00:00:22:442] Path of length 44 found: [63, 55, 54, 46, 38, 37, 29, 21, 22, 23, 15, 7, 6, 5, 4, 3, 11, 10, 2, 1, 9, 17, 18, 26, 27, 19, 20, 28, 36, 44, 43, 51, 59, 58, 57, 49, 48, 40, 41, 33, 25, 24, 16, 8, 0]
[00:00:00:22:442] ! Unidirectional t-s. expansions: 5,971, time: 22,442 [ms], path length: 44 [edges], generated: 27,577
[00:00:01:14:506] Path of length 44 found: [0, 1, 9, 8, 16, 17, 18, 26, 34, 33, 25, 24, 32, 40, 48, 49, 57, 58, 59, 51, 43, 44, 36, 28, 20, 19, 11, 10, 2, 3, 4, 5, 6, 7, 15, 23, 22, 21, 29, 37, 38, 46, 54, 55, 63]
[00:00:01:14:995] ! Bidirectional. expansions: 16,109, time: 74,506 [ms], path length: 44 [edges], g_F: 22, g_B: 22, generated: 32,035, MM: 0, MMPER: -1.0%
[00:00:01:14:995] 
---------- SM_Grids/8x8_grid_with_random_blocks_20per_5 ----------
[00:00:00:03:863] Path of length 46 found: [0, 1, 9, 8, 16, 17, 18, 26, 34, 35, 43, 42, 41, 33, 25, 24, 32, 40, 48, 49, 57, 58, 59, 51, 52, 53, 61, 62, 54, 46, 45, 37, 36, 28, 29, 21, 20, 12, 13, 14, 22, 23, 31, 39, 47, 55, 63]
[00:00:00:03:864] ! Unidirectional s-t. expansions: 876, time: 3,864 [ms], path length: 46 [edges], generated: 4,132
[00:00:00:01:850] Path of length 46 found: [63, 62, 61, 53, 54, 55, 47, 46, 45, 37, 38, 39, 31, 23, 15, 14, 22, 21, 13, 12, 20, 28, 36, 35, 34, 26, 18, 17, 25, 33, 41, 42, 43, 51, 59, 58, 50, 49, 48, 40, 32, 24, 16, 8, 9, 1, 0]
[00:00:00:01:850] ! Unidirectional t-s. expansions: 422, time: 1,850 [ms], path length: 46 [edges], generated: 1,945
[00:00:00:06:203] Path of length 46 found: [0, 1, 9, 8, 16, 17, 18, 26, 34, 35, 43, 42, 41, 33, 25, 24, 32, 40, 48, 49, 57, 58, 50, 51, 52, 53, 45, 37, 29, 28, 20, 12, 13, 21, 22, 14, 15, 23, 31, 39, 38, 46, 47, 55, 54, 62, 63]
[00:00:00:06:716] ! Bidirectional. expansions: 1,431, time: 6,203 [ms], path length: 46 [edges], g_F: 24, g_B: 22, generated: 2,496, MM: 2, MMPER: 3.25531914893617%
[00:00:00:06:717] 
---------- SM_Grids/8x8_grid_with_random_blocks_20per_6 ----------
[00:00:00:02:463] Path of length 46 found: [0, 1, 9, 8, 16, 17, 18, 10, 11, 19, 27, 28, 36, 44, 52, 51, 43, 42, 50, 49, 48, 56, 57, 58, 59, 60, 61, 62, 54, 53, 45, 37, 29, 21, 20, 12, 4, 5, 13, 14, 15, 23, 31, 39, 47, 55, 63]
[00:00:00:02:463] ! Unidirectional s-t. expansions: 551, time: 2,463 [ms], path length: 46 [edges], generated: 2,349
[00:00:00:03:684] Path of length 46 found: [63, 55, 47, 39, 31, 23, 15, 14, 6, 5, 4, 12, 13, 21, 29, 37, 45, 53, 54, 62, 61, 60, 59, 58, 57, 56, 48, 49, 50, 42, 43, 51, 52, 44, 36, 28, 20, 19, 27, 26, 18, 10, 9, 17, 16, 8, 0]
[00:00:00:03:685] ! Unidirectional t-s. expansions: 1,032, time: 3,684 [ms], path length: 46 [edges], generated: 4,841
[00:00:00:06:048] Path of length 46 found: [0, 1, 9, 8, 16, 17, 18, 10, 11, 19, 27, 28, 36, 44, 43, 42, 50, 49, 48, 56, 57, 58, 59, 51, 52, 60, 61, 53, 45, 37, 29, 21, 13, 12, 4, 5, 6, 14, 15, 23, 31, 39, 47, 55, 54, 62, 63]
[00:00:00:06:557] ! Bidirectional. expansions: 1,441, time: 6,048 [ms], path length: 46 [edges], g_F: 22, g_B: 24, generated: 2,473, MM: 2, MMPER: 3.25531914893617%
[00:00:00:06:557] 
---------- SM_Grids/8x8_grid_with_random_blocks_20per_7 ----------
[00:00:00:03:718] Path of length 42 found: [0, 8, 9, 1, 2, 3, 11, 19, 27, 26, 18, 17, 25, 24, 32, 40, 41, 33, 34, 42, 50, 51, 43, 35, 36, 28, 20, 12, 4, 5, 6, 14, 15, 23, 31, 30, 38, 39, 47, 55, 54, 62, 63]
[00:00:00:03:719] ! Unidirectional s-t. expansions: 846, time: 3,718 [ms], path length: 42 [edges], generated: 3,538
[00:00:00:00:658] Path of length 42 found: [63, 62, 54, 55, 47, 39, 38, 30, 31, 23, 15, 7, 6, 5, 4, 12, 20, 19, 11, 3, 2, 1, 9, 17, 18, 26, 27, 28, 36, 35, 43, 51, 50, 42, 34, 33, 41, 40, 32, 24, 16, 8, 0]
[00:00:00:00:659] ! Unidirectional t-s. expansions: 166, time: 658 [ms], path length: 42 [edges], generated: 810
[00:00:00:05:716] Path of length 42 found: [0, 8, 16, 24, 32, 40, 41, 33, 34, 42, 50, 51, 43, 35, 36, 28, 20, 12, 11, 19, 27, 26, 25, 17, 9, 1, 2, 3, 4, 5, 6, 7, 15, 23, 31, 30, 38, 39, 47, 55, 54, 62, 63]
[00:00:00:06:221] ! Bidirectional. expansions: 1,269, time: 5,716 [ms], path length: 42 [edges], g_F: 22, g_B: 20, generated: 2,268, MM: 2, MMPER: 3.6511627906976747%
[00:00:00:06:222] 
---------- SM_Grids/8x8_grid_with_random_blocks_20per_8 ----------
[00:00:00:00:413] Path of length 48 found: [0, 8, 16, 24, 32, 33, 25, 17, 9, 10, 2, 3, 4, 5, 6, 7, 15, 23, 22, 14, 13, 21, 29, 28, 20, 12, 11, 19, 27, 35, 36, 44, 52, 51, 50, 42, 41, 49, 57, 58, 59, 60, 61, 53, 45, 46, 47, 55, 63]
[00:00:00:00:413] ! Unidirectional s-t. expansions: 116, time: 413 [ms], path length: 48 [edges], generated: 501
[00:00:00:00:112] Path of length 48 found: [63, 55, 47, 46, 45, 53, 61, 60, 59, 58, 57, 49, 41, 42, 50, 51, 52, 44, 36, 35, 27, 19, 11, 12, 20, 28, 29, 21, 13, 14, 22, 23, 15, 7, 6, 5, 4, 3, 2, 10, 9, 17, 25, 33, 32, 24, 16, 8, 0]
[00:00:00:00:112] ! Unidirectional t-s. expansions: 25, time: 112 [ms], path length: 48 [edges], generated: 104
[00:00:00:00:454] Path of length 48 found: [0, 8, 16, 24, 32, 33, 25, 17, 9, 10, 2, 3, 4, 5, 13, 14, 6, 7, 15, 23, 22, 21, 29, 28, 20, 12, 11, 19, 27, 35, 36, 44, 52, 51, 50, 42, 41, 49, 57, 58, 59, 60, 61, 53, 45, 46, 47, 55, 63]
[00:00:00:01:054] ! Bidirectional. expansions: 104, time: 454 [ms], path length: 48 [edges], g_F: 24, g_B: 24, generated: 176, MM: 0, MMPER: -1.0%
[00:00:00:01:054] 
---------- SM_Grids/8x8_grid_with_random_blocks_20per_9 ----------
[00:00:00:00:092] Path of length 36 found: [0, 8, 9, 1, 2, 10, 18, 26, 34, 35, 27, 28, 36, 44, 45, 37, 29, 21, 13, 5, 6, 7, 15, 14, 22, 23, 31, 30, 38, 39, 47, 55, 54, 53, 61, 62, 63]
[00:00:00:00:092] ! Unidirectional s-t. expansions: 18, time: 92 [ms], path length: 36 [edges], generated: 88
[00:00:00:00:256] Path of length 36 found: [63, 62, 61, 53, 54, 55, 47, 39, 38, 30, 31, 23, 22, 14, 15, 7, 6, 5, 13, 21, 29, 37, 45, 44, 36, 28, 27, 35, 34, 26, 18, 17, 9, 10, 2, 1, 0]
[00:00:00:00:256] ! Unidirectional t-s. expansions: 54, time: 256 [ms], path length: 36 [edges], generated: 261
[00:00:00:00:500] Path of length 36 found: [0, 8, 9, 1, 2, 10, 18, 26, 34, 35, 27, 28, 36, 44, 45, 37, 29, 21, 22, 14, 13, 5, 6, 7, 15, 23, 31, 30, 38, 39, 47, 55, 54, 53, 61, 62, 63]
[00:00:00:01:035] ! Bidirectional. expansions: 116, time: 500 [ms], path length: 36 [edges], g_F: 17, g_B: 19, generated: 212, MM: 2, MMPER: 4.405405405405405%

[00:00:00:01:035] average expansions: (1,760, 1,020, 2,584, 0)
[00:00:00:01:035] average time: (6,294, 3,812, 11,643, 0)
[00:00:00:01:035] XA*: 1,020 , 3,812 (expansions , time[ms])
[00:00:00:01:036] XMM: 2,584 , 11,643 (expansions , time[ms])

