------------------------------------
Thu 01 Oct 2026 12:16:13 IDT
SLURM_JOBID:		21944148
SLURM_JOB_NODELIST:	ise-cpu256-15
SLURM_SCRATCH_DIR:	/scratch/shubit/21944148
Allocated Resouces:	cpu - 2 / mem - 61440 MB / gpu - 
SLURM_GPU_INDEX:	
Running as shubit from shimony account with normal QOS
------------------------------------
Thu 01 Oct 2026 12:16:13 IDT

SLURM_JOBID:		 21944148
SLURM_JOB_NODELIST:	 ise-cpu256-15 

--------------------------
date: SM_Grids
number_of_graphs: 10
graph_type: grid
size_of_graphs: [8, 8]
heuristic: bcc_heuristic
snake: False
run_uni: True
run_bi: True
run_multi: False
solution_vertices: []
algorithms: ['IDA']
lookahead: -2
bsd: False
cube_first_dims: 4
cube_buffer_dim: None
backward_sym_generation: False
sym_coil: False
prefix_set: None

---------- SM_Grids/8x8_grid_with_random_blocks_20per_0 ----------
[00:00:00:03:168] Path of length 44 found: [0, 1, 9, 10, 2, 3, 4, 12, 20, 28, 29, 21, 13, 5, 6, 7, 15, 14, 22, 23, 31, 30, 38, 37, 36, 35, 34, 26, 25, 17, 16, 24, 32, 40, 48, 49, 41, 42, 43, 44, 52, 53, 61, 62, 63]
[00:00:00:03:168] ! Unidirectional s-t. expansions: 2,116, time: 3,168 [ms], path length: 44 [edges], generated: 3,409
[00:00:00:00:819] Path of length 44 found: [63, 62, 61, 53, 52, 44, 43, 42, 50, 49, 41, 40, 32, 24, 16, 17, 25, 26, 34, 35, 36, 28, 20, 12, 13, 21, 29, 37, 38, 39, 31, 30, 22, 23, 15, 7, 6, 5, 4, 3, 2, 10, 9, 1, 0]
[00:00:00:00:819] ! Unidirectional t-s. expansions: 560, time: 819 [ms], path length: 44 [edges], generated: 980
[00:00:00:02:978] Path of length 44 found: [0, 1, 9, 10, 2, 3, 4, 12, 20, 28, 29, 21, 13, 5, 6, 7, 15, 14, 22, 23, 31, 30, 38, 37, 36, 35, 34, 26, 25, 17, 16, 24, 32, 40, 48, 49, 41, 42, 43, 44, 52, 53, 61, 62, 63]
[00:00:00:03:448] ! Bidirectional. expansions: 2,235, time: 2,978 [ms], path length: 44 [edges], g_F: 37, g_B: 7, generated: 0, MM: 30, MMPER: 65.66666666666667%
[00:00:00:03:448] 
---------- SM_Grids/8x8_grid_with_random_blocks_20per_1 ----------
[00:00:00:35:464] Path of length 38 found: [0, 8, 16, 24, 25, 17, 9, 1, 2, 3, 11, 10, 18, 26, 34, 33, 41, 40, 48, 56, 57, 49, 50, 42, 43, 35, 27, 19, 20, 28, 29, 30, 31, 39, 47, 46, 54, 62, 63]
[00:00:00:35:464] ! Unidirectional s-t. expansions: 20,966, time: 35,464 [ms], path length: 38 [edges], generated: 36,805
[00:00:00:05:018] Path of length 38 found: [63, 62, 54, 55, 47, 39, 31, 30, 29, 21, 20, 28, 27, 19, 11, 3, 2, 10, 18, 26, 34, 35, 43, 51, 50, 49, 57, 56, 48, 40, 41, 33, 25, 24, 16, 17, 9, 1, 0]
[00:00:00:05:018] ! Unidirectional t-s. expansions: 3,286, time: 5,018 [ms], path length: 38 [edges], generated: 5,881
[00:00:00:10:427] Path of length 38 found: [0, 8, 16, 24, 25, 17, 9, 1, 2, 3, 11, 10, 18, 26, 34, 33, 41, 40, 48, 56, 57, 49, 50, 42, 43, 35, 27, 19, 20, 28, 29, 30, 31, 39, 47, 55, 54, 62, 63]
[00:00:00:10:875] ! Bidirectional. expansions: 5,846, time: 10,427 [ms], path length: 38 [edges], g_F: 30, g_B: 8, generated: 0, MM: 22, MMPER: 55.41025641025641%
[00:00:00:10:876] 
---------- SM_Grids/8x8_grid_with_random_blocks_20per_2 ----------
[00:00:00:01:725] Path of length 48 found: [0, 8, 16, 17, 9, 1, 2, 3, 4, 12, 20, 19, 18, 26, 34, 33, 41, 40, 48, 56, 57, 49, 50, 58, 59, 60, 61, 53, 45, 37, 36, 28, 29, 21, 13, 5, 6, 14, 15, 23, 22, 30, 31, 39, 38, 46, 54, 62, 63]
[00:00:00:01:725] ! Unidirectional s-t. expansions: 971, time: 1,725 [ms], path length: 48 [edges], generated: 1,686
[00:00:00:01:998] Path of length 48 found: [63, 62, 54, 46, 47, 39, 31, 23, 15, 14, 6, 5, 13, 21, 22, 30, 29, 28, 36, 37, 45, 53, 61, 60, 59, 58, 50, 49, 57, 56, 48, 40, 41, 33, 34, 26, 18, 19, 20, 12, 4, 3, 2, 1, 9, 17, 16, 8, 0]
[00:00:00:01:998] ! Unidirectional t-s. expansions: 1,042, time: 1,998 [ms], path length: 48 [edges], generated: 1,681
[00:00:00:02:083] Path of length 48 found: [0, 8, 16, 17, 9, 1, 2, 3, 4, 12, 20, 19, 18, 26, 34, 33, 41, 40, 48, 56, 57, 49, 50, 58, 59, 60, 61, 53, 45, 37, 36, 28, 29, 21, 13, 5, 6, 14, 15, 23, 22, 30, 31, 39, 38, 46, 54, 62, 63]
[00:00:00:02:573] ! Bidirectional. expansions: 1,208, time: 2,083 [ms], path length: 48 [edges], g_F: 45, g_B: 3, generated: 0, MM: 42, MMPER: 84.71428571428571%
[00:00:00:02:574] 
---------- SM_Grids/8x8_grid_with_random_blocks_20per_3 ----------
[00:00:00:01:407] Path of length 46 found: [0, 1, 9, 8, 16, 24, 32, 40, 41, 49, 57, 58, 50, 51, 43, 35, 34, 26, 27, 19, 18, 10, 11, 3, 4, 12, 13, 5, 6, 7, 15, 23, 22, 30, 31, 39, 38, 37, 36, 44, 45, 53, 52, 60, 61, 62, 63]
[00:00:00:01:407] ! Unidirectional s-t. expansions: 720, time: 1,407 [ms], path length: 46 [edges], generated: 1,230
[00:00:00:01:515] Path of length 46 found: [63, 62, 61, 60, 52, 53, 45, 37, 29, 30, 38, 39, 31, 23, 15, 7, 6, 5, 13, 12, 4, 3, 11, 10, 18, 19, 27, 26, 34, 35, 36, 44, 43, 51, 50, 58, 57, 49, 41, 40, 32, 24, 16, 17, 9, 1, 0]
[00:00:00:01:515] ! Unidirectional t-s. expansions: 882, time: 1,515 [ms], path length: 46 [edges], generated: 1,435
[00:00:00:01:999] Path of length 46 found: [0, 1, 9, 8, 16, 24, 32, 40, 41, 49, 57, 58, 50, 51, 43, 35, 34, 26, 27, 19, 18, 10, 11, 3, 4, 12, 13, 5, 6, 7, 15, 23, 22, 30, 31, 39, 38, 37, 36, 44, 45, 53, 52, 60, 61, 62, 63]
[00:00:00:02:430] ! Bidirectional. expansions: 1,027, time: 1,999 [ms], path length: 46 [edges], g_F: 42, g_B: 4, generated: 0, MM: 38, MMPER: 79.85106382978724%
[00:00:00:02:430] 
---------- SM_Grids/8x8_grid_with_random_blocks_20per_4 ----------
[00:00:01:33:745] Path of length 44 found: [0, 8, 16, 24, 32, 40, 48, 49, 57, 58, 59, 51, 43, 44, 36, 28, 20, 19, 27, 26, 34, 33, 25, 17, 18, 10, 9, 1, 2, 3, 4, 5, 6, 7, 15, 23, 22, 21, 29, 37, 45, 46, 54, 62, 63]
[00:00:01:33:746] ! Unidirectional s-t. expansions: 70,741, time: 93,745 [ms], path length: 44 [edges], generated: 112,041
[00:00:00:23:661] Path of length 44 found: [63, 55, 54, 46, 38, 37, 45, 44, 43, 51, 59, 58, 57, 49, 48, 40, 41, 33, 32, 24, 16, 8, 9, 17, 25, 26, 18, 10, 11, 19, 27, 28, 20, 21, 22, 23, 15, 7, 6, 5, 4, 3, 2, 1, 0]
[00:00:00:23:661] ! Unidirectional t-s. expansions: 14,918, time: 23,661 [ms], path length: 44 [edges], generated: 27,129
[00:00:01:39:276] Path of length 44 found: [0, 8, 16, 24, 25, 17, 9, 1, 2, 10, 18, 19, 11, 3, 4, 5, 6, 7, 15, 23, 22, 21, 20, 28, 27, 26, 34, 33, 32, 40, 48, 49, 57, 58, 59, 51, 43, 44, 36, 37, 38, 46, 54, 55, 63]
[00:00:01:39:727] ! Bidirectional. expansions: 67,214, time: 99,276 [ms], path length: 44 [edges], g_F: 39, g_B: 5, generated: 0, MM: 34, MMPER: 74.55555555555556%
[00:00:01:39:728] 
---------- SM_Grids/8x8_grid_with_random_blocks_20per_5 ----------
[00:00:00:07:067] Path of length 46 found: [0, 1, 9, 8, 16, 24, 32, 40, 48, 49, 57, 58, 59, 51, 50, 42, 41, 33, 25, 17, 18, 26, 34, 35, 36, 28, 20, 12, 13, 21, 22, 14, 15, 23, 31, 39, 38, 37, 45, 53, 61, 62, 54, 46, 47, 55, 63]
[00:00:00:07:068] ! Unidirectional s-t. expansions: 3,904, time: 7,067 [ms], path length: 46 [edges], generated: 7,098
[00:00:00:03:192] Path of length 46 found: [63, 55, 47, 39, 31, 23, 15, 14, 22, 21, 13, 12, 20, 28, 29, 37, 38, 46, 54, 62, 61, 53, 52, 51, 59, 58, 57, 49, 48, 40, 32, 24, 25, 33, 41, 42, 43, 35, 34, 26, 18, 17, 16, 8, 9, 1, 0]
[00:00:00:03:193] ! Unidirectional t-s. expansions: 1,657, time: 3,192 [ms], path length: 46 [edges], generated: 3,097
[00:00:00:22:412] Path of length 46 found: [0, 1, 9, 8, 16, 24, 32, 40, 48, 49, 57, 58, 50, 42, 41, 33, 25, 17, 18, 26, 34, 35, 43, 51, 52, 53, 61, 62, 54, 46, 38, 37, 36, 28, 29, 21, 20, 12, 13, 14, 15, 23, 31, 39, 47, 55, 63]
[00:00:00:22:860] ! Bidirectional. expansions: 11,755, time: 22,412 [ms], path length: 46 [edges], g_F: 39, g_B: 7, generated: 0, MM: 32, MMPER: 67.08510638297872%
[00:00:00:22:860] 
---------- SM_Grids/8x8_grid_with_random_blocks_20per_6 ----------
[00:00:00:02:821] Path of length 46 found: [0, 1, 9, 8, 16, 17, 18, 10, 11, 19, 27, 28, 20, 21, 13, 12, 4, 5, 6, 14, 15, 23, 31, 39, 38, 37, 36, 44, 45, 53, 52, 51, 43, 42, 50, 49, 48, 56, 57, 58, 59, 60, 61, 62, 54, 55, 63]
[00:00:00:02:821] ! Unidirectional s-t. expansions: 1,586, time: 2,821 [ms], path length: 46 [edges], generated: 2,596
[00:00:00:04:407] Path of length 46 found: [63, 55, 47, 39, 31, 23, 15, 14, 6, 5, 4, 12, 13, 21, 29, 37, 45, 53, 54, 62, 61, 60, 52, 51, 59, 58, 57, 56, 48, 49, 50, 42, 43, 44, 36, 28, 20, 19, 27, 26, 18, 10, 9, 17, 16, 8, 0]
[00:00:00:04:407] ! Unidirectional t-s. expansions: 3,085, time: 4,407 [ms], path length: 46 [edges], generated: 5,083
[00:00:00:06:945] Path of length 46 found: [0, 1, 9, 8, 16, 17, 18, 10, 11, 19, 27, 28, 36, 44, 43, 42, 50, 49, 48, 56, 57, 58, 59, 51, 52, 60, 61, 62, 54, 53, 45, 37, 29, 21, 13, 12, 4, 5, 6, 14, 15, 23, 31, 39, 47, 55, 63]
[00:00:00:07:394] ! Bidirectional. expansions: 3,976, time: 6,945 [ms], path length: 46 [edges], g_F: 35, g_B: 11, generated: 0, MM: 24, MMPER: 50.06382978723404%
[00:00:00:07:394] 
---------- SM_Grids/8x8_grid_with_random_blocks_20per_7 ----------
[00:00:00:06:705] Path of length 42 found: [0, 8, 16, 24, 32, 40, 41, 33, 25, 17, 9, 1, 2, 3, 11, 19, 18, 26, 34, 42, 50, 51, 43, 35, 27, 28, 20, 12, 4, 5, 6, 14, 15, 23, 31, 30, 38, 39, 47, 55, 54, 62, 63]
[00:00:00:06:705] ! Unidirectional s-t. expansions: 3,569, time: 6,705 [ms], path length: 42 [edges], generated: 5,947
[00:00:00:00:686] Path of length 42 found: [63, 62, 54, 55, 47, 39, 38, 30, 31, 23, 15, 7, 6, 5, 4, 3, 2, 1, 9, 17, 25, 33, 34, 26, 18, 19, 11, 12, 20, 28, 27, 35, 43, 51, 50, 42, 41, 40, 32, 24, 16, 8, 0]
[00:00:00:00:687] ! Unidirectional t-s. expansions: 410, time: 687 [ms], path length: 42 [edges], generated: 747
[00:00:00:02:836] Path of length 42 found: [0, 8, 16, 24, 32, 40, 41, 33, 25, 17, 9, 1, 2, 3, 11, 19, 18, 26, 34, 42, 50, 51, 43, 35, 27, 28, 20, 12, 4, 5, 6, 7, 15, 23, 31, 30, 38, 39, 47, 55, 54, 62, 63]
[00:00:00:03:278] ! Bidirectional. expansions: 1,643, time: 2,836 [ms], path length: 42 [edges], g_F: 25, g_B: 17, generated: 0, MM: 8, MMPER: 17.6046511627907%
[00:00:00:03:278] 
---------- SM_Grids/8x8_grid_with_random_blocks_20per_8 ----------
[00:00:00:00:388] Path of length 48 found: [0, 8, 16, 24, 32, 33, 25, 17, 9, 10, 2, 3, 11, 19, 20, 12, 4, 5, 13, 14, 6, 7, 15, 23, 22, 21, 29, 28, 27, 35, 36, 44, 52, 51, 50, 42, 41, 49, 57, 58, 59, 60, 61, 53, 45, 46, 47, 55, 63]
[00:00:00:00:388] ! Unidirectional s-t. expansions: 264, time: 388 [ms], path length: 48 [edges], generated: 413
[00:00:00:00:091] Path of length 48 found: [63, 55, 47, 46, 45, 53, 61, 60, 59, 58, 57, 49, 41, 42, 50, 51, 52, 44, 36, 35, 27, 19, 11, 12, 20, 28, 29, 21, 13, 14, 22, 23, 15, 7, 6, 5, 4, 3, 2, 10, 9, 17, 25, 33, 32, 24, 16, 8, 0]
[00:00:00:00:092] ! Unidirectional t-s. expansions: 51, time: 92 [ms], path length: 48 [edges], generated: 81
[00:00:00:00:186] Path of length 48 found: [0, 8, 16, 24, 32, 33, 25, 17, 9, 10, 2, 3, 11, 19, 20, 12, 4, 5, 13, 14, 6, 7, 15, 23, 22, 21, 29, 28, 27, 35, 36, 44, 52, 51, 50, 42, 41, 49, 57, 58, 59, 60, 61, 53, 45, 46, 47, 55, 63]
[00:00:00:00:614] ! Bidirectional. expansions: 92, time: 187 [ms], path length: 48 [edges], g_F: 37, g_B: 11, generated: 0, MM: 26, MMPER: 52.06122448979592%
[00:00:00:00:614] 
---------- SM_Grids/8x8_grid_with_random_blocks_20per_9 ----------
[00:00:00:00:081] Path of length 36 found: [0, 8, 9, 1, 2, 10, 18, 26, 34, 35, 27, 28, 36, 44, 45, 37, 29, 21, 13, 5, 6, 7, 15, 14, 22, 23, 31, 30, 38, 39, 47, 55, 54, 53, 61, 62, 63]
[00:00:00:00:081] ! Unidirectional s-t. expansions: 38, time: 81 [ms], path length: 36 [edges], generated: 65
[00:00:00:00:378] Path of length 36 found: [63, 62, 61, 53, 54, 55, 47, 39, 31, 23, 15, 7, 6, 5, 13, 14, 22, 21, 29, 30, 38, 37, 45, 44, 36, 28, 27, 35, 34, 26, 18, 17, 9, 10, 2, 1, 0]
[00:00:00:00:378] ! Unidirectional t-s. expansions: 166, time: 378 [ms], path length: 36 [edges], generated: 282
[00:00:00:00:147] Path of length 36 found: [0, 8, 9, 1, 2, 10, 18, 26, 34, 35, 27, 28, 36, 44, 45, 37, 38, 30, 29, 21, 22, 14, 13, 5, 6, 7, 15, 23, 31, 39, 47, 55, 54, 53, 61, 62, 63]
[00:00:00:00:575] ! Bidirectional. expansions: 65, time: 147 [ms], path length: 36 [edges], g_F: 22, g_B: 14, generated: 0, MM: 8, MMPER: 20.62162162162162%

[00:00:00:00:576] average expansions: (10,488, 2,606, 9,506, 0)
[00:00:00:00:576] average time: (15,257, 4,177, 14,929, 0)
[00:00:00:00:576] XIDA: 2,606 , 4,177 (expansions , time[ms])
[00:00:00:00:576] BiXIDA: 9,506 , 14,929 (expansions , time[ms])

