------------------------------------
Thu 01 Oct 2026 14:14:42 IDT
SLURM_JOBID:		21947804
SLURM_JOB_NODELIST:	ise-cpu256-01
SLURM_SCRATCH_DIR:	/scratch/shubit/21947804
Allocated Resouces:	cpu - 2 / mem - 61440 MB / gpu - 
SLURM_GPU_INDEX:	
Running as shubit from shimony account with normal QOS
------------------------------------
Thu 01 Oct 2026 14:14:42 IDT

SLURM_JOBID:		 21947804
SLURM_JOB_NODELIST:	 ise-cpu256-01 

--------------------------
date: SM_Grids
number_of_graphs: 10
graph_type: grid
size_of_graphs: [8, 8]
heuristic: bcc_heuristic
snake: False
run_uni: True
run_bi: True
run_multi: False
solution_vertices: []
algorithms: ['DFBnB']
lookahead: 4
bsd: False
cube_first_dims: 4
cube_buffer_dim: None
backward_sym_generation: False
sym_coil: False
prefix_set: None

---------- SM_Grids/8x8_grid_with_random_blocks_16per_0 ----------
[00:00:00:01:428] Path of length 44 found: [0, 1, 9, 10, 2, 3, 11, 19, 18, 26, 25, 24, 32, 40, 48, 49, 41, 33, 34, 42, 50, 51, 43, 35, 36, 28, 20, 12, 13, 5, 6, 7, 15, 14, 22, 23, 31, 30, 29, 37, 38, 46, 47, 55, 63]
[00:00:00:01:429] ! Unidirectional s-t. expansions: 215, time: 1,428 [ms], path length: 44 [edges], generated: 4,019
[00:00:00:00:797] Path of length 44 found: [63, 55, 47, 46, 38, 39, 31, 23, 15, 7, 6, 5, 13, 14, 22, 30, 29, 28, 36, 44, 43, 35, 34, 33, 41, 42, 50, 49, 48, 40, 32, 24, 25, 26, 18, 19, 20, 12, 11, 3, 2, 10, 9, 1, 0]
[00:00:00:00:798] ! Unidirectional t-s. expansions: 63, time: 798 [ms], path length: 44 [edges], generated: 1,510
[00:00:00:01:445] Path of length 44 found: [0, 1, 9, 10, 2, 3, 11, 19, 18, 26, 25, 24, 32, 40, 48, 49, 41, 33, 34, 42, 50, 51, 43, 35, 36, 37, 29, 28, 20, 12, 13, 5, 6, 7, 15, 14, 22, 23, 31, 39, 38, 46, 47, 55, 63]
[00:00:00:01:960] ! Bidirectional. expansions: 442, time: 1,446 [ms], path length: 44 [edges], g_F: 22, g_B: 22, generated: 0, MM: 0, MMPER: -1.0%
[00:00:00:01:961] 
---------- SM_Grids/8x8_grid_with_random_blocks_16per_1 ----------
[00:00:00:00:210] Path of length 44 found: [0, 8, 16, 24, 32, 33, 25, 26, 18, 10, 2, 3, 4, 12, 11, 19, 27, 35, 34, 42, 43, 44, 36, 28, 20, 21, 29, 30, 22, 14, 15, 23, 31, 39, 38, 46, 47, 55, 54, 53, 52, 60, 61, 62, 63]
[00:00:00:00:210] ! Unidirectional s-t. expansions: 15, time: 210 [ms], path length: 44 [edges], generated: 291
[00:00:00:29:242] Path of length 44 found: [63, 62, 61, 60, 52, 53, 54, 55, 47, 46, 38, 39, 31, 23, 15, 14, 22, 30, 29, 21, 20, 12, 4, 3, 2, 10, 11, 19, 18, 26, 34, 35, 27, 28, 36, 44, 43, 42, 41, 33, 25, 24, 16, 8, 0]
[00:00:00:29:242] ! Unidirectional t-s. expansions: 3,280, time: 29,242 [ms], path length: 44 [edges], generated: 65,142
[00:00:00:12:864] Path of length 44 found: [0, 8, 16, 24, 32, 33, 25, 26, 18, 10, 2, 3, 4, 12, 11, 19, 27, 35, 34, 42, 43, 44, 36, 28, 20, 21, 29, 30, 22, 14, 15, 23, 31, 39, 38, 46, 47, 55, 54, 53, 52, 60, 61, 62, 63]
[00:00:00:13:298] ! Bidirectional. expansions: 1,941, time: 12,865 [ms], path length: 44 [edges], g_F: 22, g_B: 22, generated: 0, MM: 0, MMPER: -1.0%
[00:00:00:13:299] 
---------- SM_Grids/8x8_grid_with_random_blocks_16per_2 ----------
[00:00:00:09:597] Path of length 44 found: [0, 1, 2, 3, 11, 10, 18, 17, 16, 24, 32, 40, 48, 56, 57, 49, 41, 33, 34, 26, 27, 19, 20, 21, 29, 28, 36, 44, 43, 42, 50, 58, 59, 51, 52, 60, 61, 53, 45, 46, 47, 55, 54, 62, 63]
[00:00:00:09:598] ! Unidirectional s-t. expansions: 964, time: 9,597 [ms], path length: 44 [edges], generated: 19,214
[00:00:00:25:270] Path of length 44 found: [63, 55, 47, 46, 38, 30, 29, 21, 20, 19, 11, 3, 2, 10, 18, 26, 27, 28, 36, 44, 45, 53, 54, 62, 61, 60, 52, 51, 43, 42, 34, 33, 41, 49, 50, 58, 57, 56, 48, 40, 32, 24, 16, 8, 0]
[00:00:00:25:271] ! Unidirectional t-s. expansions: 3,592, time: 25,270 [ms], path length: 44 [edges], generated: 54,718
[00:00:00:08:074] Path of length 44 found: [0, 8, 16, 24, 32, 40, 48, 56, 57, 49, 41, 33, 34, 42, 50, 58, 59, 60, 61, 62, 54, 53, 52, 51, 43, 44, 36, 28, 27, 26, 18, 10, 2, 3, 11, 19, 20, 21, 29, 30, 38, 46, 47, 55, 63]
[00:00:00:08:533] ! Bidirectional. expansions: 980, time: 8,074 [ms], path length: 44 [edges], g_F: 22, g_B: 22, generated: 0, MM: 0, MMPER: -1.0%
[00:00:00:08:533] 
---------- SM_Grids/8x8_grid_with_random_blocks_16per_3 ----------
[00:00:00:37:207] Path of length 44 found: [0, 8, 16, 24, 25, 17, 18, 10, 11, 19, 27, 26, 34, 33, 41, 49, 50, 42, 43, 35, 36, 28, 29, 21, 20, 12, 13, 14, 15, 23, 31, 30, 38, 39, 47, 46, 45, 44, 52, 60, 61, 53, 54, 62, 63]
[00:00:00:37:208] ! Unidirectional s-t. expansions: 4,449, time: 37,207 [ms], path length: 44 [edges], generated: 90,008
[00:00:01:14:784] Valid states checked so far: 200,000, Expansions: 12,061, Global best: 45
[00:00:01:33:431] Path of length 44 found: [63, 55, 47, 39, 31, 23, 15, 14, 13, 12, 11, 10, 18, 26, 34, 42, 43, 35, 36, 28, 27, 19, 20, 21, 29, 30, 38, 46, 45, 53, 54, 62, 61, 60, 52, 51, 50, 49, 41, 33, 25, 17, 16, 8, 0]
[00:00:01:33:431] ! Unidirectional t-s. expansions: 14,820, time: 93,431 [ms], path length: 44 [edges], generated: 247,681
[00:00:00:45:243] Path of length 44 found: [0, 8, 16, 24, 25, 17, 18, 10, 11, 19, 27, 26, 34, 33, 41, 49, 50, 42, 43, 35, 36, 44, 52, 60, 61, 62, 54, 53, 45, 46, 38, 30, 29, 21, 20, 12, 13, 14, 15, 23, 31, 39, 47, 55, 63]
[00:00:00:45:747] ! Bidirectional. expansions: 6,757, time: 45,244 [ms], path length: 44 [edges], g_F: 22, g_B: 22, generated: 0, MM: 0, MMPER: -1.0%
[00:00:00:45:747] 
---------- SM_Grids/8x8_grid_with_random_blocks_16per_4 ----------
[00:00:00:01:733] Path of length 48 found: [0, 1, 9, 8, 16, 17, 25, 33, 32, 40, 48, 56, 57, 49, 41, 42, 50, 51, 52, 60, 61, 53, 45, 44, 36, 28, 27, 35, 34, 26, 18, 10, 11, 3, 4, 12, 13, 14, 22, 30, 29, 37, 38, 39, 47, 46, 54, 62, 63]
[00:00:00:01:734] ! Unidirectional s-t. expansions: 210, time: 1,734 [ms], path length: 48 [edges], generated: 3,809
[00:00:00:06:154] Path of length 48 found: [63, 55, 47, 39, 38, 30, 22, 14, 13, 12, 4, 3, 11, 10, 18, 26, 34, 35, 27, 28, 29, 37, 36, 44, 45, 46, 54, 62, 61, 53, 52, 51, 50, 42, 41, 49, 57, 56, 48, 40, 32, 33, 25, 17, 16, 8, 9, 1, 0]
[00:00:00:06:155] ! Unidirectional t-s. expansions: 464, time: 6,155 [ms], path length: 48 [edges], generated: 9,558
[00:00:00:04:368] Path of length 48 found: [0, 1, 9, 8, 16, 17, 25, 33, 32, 40, 48, 56, 57, 49, 41, 42, 50, 51, 52, 60, 61, 62, 54, 46, 45, 44, 36, 37, 29, 28, 27, 35, 34, 26, 18, 10, 11, 3, 4, 12, 13, 14, 22, 30, 38, 39, 47, 55, 63]
[00:00:00:04:810] ! Bidirectional. expansions: 443, time: 4,368 [ms], path length: 48 [edges], g_F: 24, g_B: 24, generated: 0, MM: 0, MMPER: -1.0%
[00:00:00:04:811] 
---------- SM_Grids/8x8_grid_with_random_blocks_16per_5 ----------
[00:00:00:04:962] Path of length 50 found: [0, 8, 16, 24, 32, 33, 34, 26, 25, 17, 9, 1, 2, 10, 11, 19, 20, 12, 4, 5, 6, 14, 15, 23, 22, 30, 29, 28, 36, 35, 43, 51, 50, 49, 48, 56, 57, 58, 59, 60, 61, 53, 52, 44, 45, 46, 38, 39, 47, 55, 63]
[00:00:00:04:962] ! Unidirectional s-t. expansions: 573, time: 4,962 [ms], path length: 50 [edges], generated: 9,691
[00:00:00:08:864] Path of length 50 found: [63, 55, 47, 39, 38, 46, 45, 44, 52, 53, 61, 60, 59, 58, 57, 56, 48, 49, 50, 51, 43, 35, 36, 28, 29, 30, 22, 23, 15, 14, 6, 5, 4, 12, 20, 19, 11, 3, 2, 10, 9, 17, 25, 26, 34, 33, 32, 24, 16, 8, 0]
[00:00:00:08:864] ! Unidirectional t-s. expansions: 1,301, time: 8,864 [ms], path length: 50 [edges], generated: 21,760
[00:00:00:07:530] Path of length 50 found: [0, 8, 16, 24, 32, 33, 34, 26, 25, 17, 9, 1, 2, 10, 11, 19, 20, 12, 4, 5, 6, 14, 15, 23, 22, 30, 29, 28, 36, 35, 43, 51, 50, 49, 48, 56, 57, 58, 59, 60, 52, 44, 45, 53, 54, 46, 38, 39, 47, 55, 63]
[00:00:00:07:972] ! Bidirectional. expansions: 1,113, time: 7,530 [ms], path length: 50 [edges], g_F: 25, g_B: 25, generated: 0, MM: 0, MMPER: -1.0%
[00:00:00:07:972] 
---------- SM_Grids/8x8_grid_with_random_blocks_16per_6 ----------
[00:00:00:00:614] Path of length 48 found: [0, 1, 9, 8, 16, 24, 32, 40, 48, 49, 50, 42, 41, 33, 25, 17, 18, 10, 11, 19, 27, 26, 34, 35, 36, 44, 52, 53, 45, 37, 29, 21, 13, 5, 6, 7, 15, 14, 22, 23, 31, 30, 38, 46, 47, 55, 54, 62, 63]
[00:00:00:00:614] ! Unidirectional s-t. expansions: 60, time: 614 [ms], path length: 48 [edges], generated: 1,118
[00:00:00:00:176] Path of length 48 found: [63, 62, 54, 55, 47, 46, 38, 30, 31, 23, 15, 7, 6, 5, 13, 14, 22, 21, 29, 37, 45, 53, 52, 44, 36, 35, 27, 19, 11, 10, 18, 17, 25, 26, 34, 33, 41, 42, 50, 49, 48, 40, 32, 24, 16, 8, 9, 1, 0]
[00:00:00:00:177] ! Unidirectional t-s. expansions: 16, time: 177 [ms], path length: 48 [edges], generated: 265
[00:00:00:00:738] Path of length 48 found: [0, 1, 9, 8, 16, 24, 32, 40, 48, 49, 50, 42, 41, 33, 25, 17, 18, 10, 11, 19, 27, 26, 34, 35, 36, 44, 52, 53, 45, 37, 29, 21, 22, 14, 13, 5, 6, 7, 15, 23, 31, 30, 38, 46, 47, 55, 54, 62, 63]
[00:00:00:01:225] ! Bidirectional. expansions: 66, time: 738 [ms], path length: 48 [edges], g_F: 24, g_B: 24, generated: 0, MM: 0, MMPER: -1.0%
[00:00:00:01:225] 
---------- SM_Grids/8x8_grid_with_random_blocks_16per_7 ----------
[00:00:00:55:475] Path of length 48 found: [0, 8, 16, 24, 32, 40, 48, 56, 57, 49, 41, 33, 34, 26, 18, 17, 9, 10, 2, 3, 11, 19, 27, 28, 20, 12, 13, 14, 6, 7, 15, 23, 31, 30, 38, 37, 45, 44, 43, 42, 50, 58, 59, 60, 61, 53, 54, 55, 63]
[00:00:00:55:475] ! Unidirectional s-t. expansions: 8,311, time: 55,475 [ms], path length: 48 [edges], generated: 128,895
[00:00:00:32:073] Path of length 48 found: [63, 55, 54, 46, 38, 30, 31, 23, 15, 7, 6, 14, 13, 12, 11, 3, 2, 10, 9, 17, 18, 19, 20, 28, 27, 26, 34, 35, 43, 44, 45, 53, 61, 60, 59, 51, 50, 58, 57, 56, 48, 40, 41, 33, 32, 24, 16, 8, 0]
[00:00:00:32:074] ! Unidirectional t-s. expansions: 4,456, time: 32,073 [ms], path length: 48 [edges], generated: 83,119
[00:00:00:37:410] Path of length 48 found: [0, 8, 16, 24, 32, 40, 48, 56, 57, 49, 41, 33, 34, 42, 50, 58, 59, 60, 61, 53, 45, 44, 43, 35, 27, 26, 18, 17, 9, 10, 2, 3, 11, 12, 20, 21, 13, 14, 6, 7, 15, 23, 31, 30, 38, 46, 54, 55, 63]
[00:00:00:37:847] ! Bidirectional. expansions: 9,159, time: 37,410 [ms], path length: 48 [edges], g_F: 24, g_B: 24, generated: 0, MM: 0, MMPER: -1.0%
[00:00:00:37:848] 
---------- SM_Grids/8x8_grid_with_random_blocks_16per_8 ----------
[00:00:00:10:194] Path of length 50 found: [0, 8, 16, 17, 9, 1, 2, 10, 18, 19, 11, 3, 4, 5, 6, 7, 15, 23, 22, 14, 13, 12, 20, 21, 29, 28, 36, 35, 34, 33, 32, 40, 48, 56, 57, 49, 41, 42, 50, 51, 59, 60, 61, 53, 45, 37, 38, 46, 54, 62, 63]
[00:00:00:10:195] ! Unidirectional s-t. expansions: 1,058, time: 10,194 [ms], path length: 50 [edges], generated: 19,070
[00:00:00:00:713] Path of length 50 found: [63, 62, 54, 46, 38, 37, 45, 53, 61, 60, 59, 51, 43, 42, 50, 49, 57, 56, 48, 40, 32, 33, 34, 35, 36, 28, 29, 21, 13, 14, 22, 23, 15, 7, 6, 5, 4, 3, 2, 1, 9, 10, 11, 12, 20, 19, 18, 17, 16, 8, 0]
[00:00:00:00:713] ! Unidirectional t-s. expansions: 84, time: 713 [ms], path length: 50 [edges], generated: 1,648
[00:00:00:04:371] Path of length 50 found: [0, 8, 16, 17, 9, 1, 2, 10, 18, 19, 11, 3, 4, 5, 6, 7, 15, 23, 22, 14, 13, 12, 20, 21, 29, 28, 36, 35, 34, 33, 32, 40, 48, 56, 57, 49, 50, 42, 43, 51, 59, 60, 61, 53, 45, 37, 38, 46, 54, 62, 63]
[00:00:00:04:811] ! Bidirectional. expansions: 697, time: 4,371 [ms], path length: 50 [edges], g_F: 25, g_B: 25, generated: 0, MM: 0, MMPER: -1.0%
[00:00:00:04:812] 
---------- SM_Grids/8x8_grid_with_random_blocks_16per_9 ----------
[00:00:00:01:568] Path of length 46 found: [0, 8, 16, 24, 32, 33, 25, 17, 9, 1, 2, 3, 11, 12, 4, 5, 6, 7, 15, 14, 13, 21, 20, 28, 27, 26, 34, 42, 50, 58, 59, 51, 43, 44, 36, 37, 38, 30, 31, 39, 47, 55, 54, 53, 61, 62, 63]
[00:00:00:01:568] ! Unidirectional s-t. expansions: 172, time: 1,568 [ms], path length: 46 [edges], generated: 2,992
[00:00:00:00:931] Path of length 46 found: [63, 62, 61, 53, 54, 55, 47, 39, 31, 30, 38, 37, 45, 44, 43, 51, 59, 58, 50, 42, 41, 33, 32, 24, 16, 8, 9, 17, 25, 26, 27, 28, 20, 21, 13, 14, 15, 7, 6, 5, 4, 12, 11, 3, 2, 1, 0]
[00:00:00:00:931] ! Unidirectional t-s. expansions: 77, time: 931 [ms], path length: 46 [edges], generated: 1,616
[00:00:00:01:757] Path of length 46 found: [0, 8, 16, 24, 32, 33, 25, 17, 9, 1, 2, 3, 11, 12, 4, 5, 6, 7, 15, 14, 13, 21, 20, 28, 27, 26, 34, 42, 50, 58, 59, 51, 52, 44, 45, 37, 38, 30, 31, 39, 47, 55, 54, 53, 61, 62, 63]
[00:00:00:02:225] ! Bidirectional. expansions: 336, time: 1,757 [ms], path length: 46 [edges], g_F: 23, g_B: 23, generated: 0, MM: 0, MMPER: -1.0%

[00:00:00:02:225] average expansions: (1,603, 2,815, 2,193, 0)
[00:00:00:02:225] average time: (12,299, 19,765, 12,380, 0)
[00:00:00:02:226] XDFBnB: 1,603 , 12,299 (expansions , time[ms])
[00:00:00:02:226] BiXDFBnB: 2,193 , 12,380 (expansions , time[ms])

