------------------------------------
Thu 01 Oct 2026 16:50:07 IDT
SLURM_JOBID:		21953440
SLURM_JOB_NODELIST:	ise-cpu256-23
SLURM_SCRATCH_DIR:	/scratch/shubit/21953440
Allocated Resouces:	cpu - 2 / mem - 61440 MB / gpu - 
SLURM_GPU_INDEX:	
Running as shubit from shimony account with normal QOS
------------------------------------
Thu 01 Oct 2026 16:50:07 IDT

SLURM_JOBID:		 21953440
SLURM_JOB_NODELIST:	 ise-cpu256-23 

--------------------------
date: SM_Grids
number_of_graphs: 10
graph_type: grid
size_of_graphs: [8, 8]
heuristic: bcc_heuristic
snake: False
run_uni: True
run_bi: True
run_multi: False
solution_vertices: []
algorithms: ['XMM']
lookahead: 1
bsd: False
cube_first_dims: 4
cube_buffer_dim: None
backward_sym_generation: False
sym_coil: False
prefix_set: None

---------- SM_Grids/8x8_grid_with_random_blocks_12per_0 ----------
[00:00:00:23:763] Expansion 10,000: state None, f=53, g=31
[00:00:00:35:912] Path of length 52 found: [0, 1, 2, 10, 18, 17, 9, 8, 16, 24, 25, 26, 27, 35, 43, 44, 52, 51, 50, 42, 34, 33, 41, 40, 48, 56, 57, 58, 59, 60, 61, 62, 54, 53, 45, 37, 36, 28, 20, 19, 11, 3, 4, 12, 13, 21, 22, 30, 31, 39, 47, 55, 63]
[00:00:00:35:912] ! Unidirectional s-t. expansions: 14,632, time: 35,912 [ms], path length: 52 [edges], generated: 23,981
[00:00:00:21:835] Expansion 10,000: state None, f=53, g=40
[00:00:00:44:207] Expansion 20,000: state None, f=53, g=28
[00:00:00:54:648] Path of length 52 found: [63, 62, 61, 60, 59, 58, 57, 56, 48, 40, 41, 42, 50, 51, 52, 53, 54, 55, 47, 39, 31, 30, 22, 14, 13, 21, 20, 28, 36, 37, 45, 44, 43, 35, 34, 33, 25, 24, 16, 17, 18, 26, 27, 19, 11, 12, 4, 3, 2, 10, 9, 1, 0]
[00:00:00:54:649] ! Unidirectional t-s. expansions: 24,318, time: 54,649 [ms], path length: 52 [edges], generated: 38,073
[00:00:00:40:240] Path of length 52 found: [0, 8, 16, 24, 25, 17, 9, 1, 2, 10, 18, 26, 34, 33, 41, 40, 48, 56, 57, 58, 50, 42, 43, 51, 59, 60, 61, 62, 54, 53, 52, 44, 45, 37, 36, 28, 27, 19, 11, 3, 4, 12, 20, 21, 13, 14, 22, 30, 31, 39, 47, 55, 63]
[00:00:00:40:781] ! Bidirectional. expansions: 7,644, time: 40,240 [ms], path length: 52 [edges], g_F: 25, g_B: 27, generated: 14,200, MM: 2, MMPER: 2.7735849056603774%
[00:00:00:40:781] 
---------- SM_Grids/8x8_grid_with_random_blocks_12per_1 ----------
[00:00:00:04:297] Path of length 52 found: [0, 1, 2, 10, 11, 3, 4, 5, 6, 7, 15, 14, 22, 21, 13, 12, 20, 19, 27, 26, 25, 17, 9, 8, 16, 24, 32, 33, 34, 42, 41, 49, 50, 58, 59, 51, 52, 60, 61, 53, 45, 44, 36, 28, 29, 37, 38, 39, 47, 46, 54, 62, 63]
[00:00:00:04:298] ! Unidirectional s-t. expansions: 1,633, time: 4,298 [ms], path length: 52 [edges], generated: 2,704
[00:00:00:02:454] Path of length 52 found: [63, 62, 61, 53, 54, 55, 47, 39, 38, 46, 45, 37, 29, 21, 22, 14, 15, 7, 6, 5, 13, 12, 4, 3, 11, 10, 2, 1, 9, 17, 25, 26, 27, 19, 20, 28, 36, 44, 52, 60, 59, 51, 50, 49, 41, 42, 34, 33, 32, 24, 16, 8, 0]
[00:00:00:02:455] ! Unidirectional t-s. expansions: 727, time: 2,454 [ms], path length: 52 [edges], generated: 1,265
[00:00:00:05:359] Path of length 52 found: [0, 8, 16, 24, 32, 33, 34, 42, 41, 49, 50, 58, 59, 51, 52, 60, 61, 62, 54, 53, 45, 44, 36, 28, 20, 19, 27, 26, 25, 17, 9, 1, 2, 10, 11, 3, 4, 12, 13, 5, 6, 7, 15, 14, 22, 21, 29, 37, 38, 39, 47, 55, 63]
[00:00:00:05:878] ! Bidirectional. expansions: 1,035, time: 5,359 [ms], path length: 52 [edges], g_F: 25, g_B: 27, generated: 1,862, MM: 2, MMPER: 2.7735849056603774%
[00:00:00:05:879] 
---------- SM_Grids/8x8_grid_with_random_blocks_12per_2 ----------
[00:00:00:29:058] Expansion 10,000: state None, f=51, g=16
[00:00:00:40:708] Path of length 50 found: [0, 1, 2, 3, 11, 12, 4, 5, 13, 14, 15, 23, 31, 30, 22, 21, 20, 28, 27, 19, 18, 10, 9, 8, 16, 17, 25, 24, 32, 33, 34, 42, 50, 49, 57, 58, 59, 60, 52, 51, 43, 44, 36, 37, 45, 46, 47, 55, 54, 62, 63]
[00:00:00:40:708] ! Unidirectional s-t. expansions: 13,347, time: 40,708 [ms], path length: 50 [edges], generated: 24,082
[00:00:00:14:830] Path of length 50 found: [63, 62, 54, 55, 47, 46, 38, 30, 31, 23, 15, 14, 22, 21, 20, 12, 13, 5, 4, 3, 11, 10, 2, 1, 9, 17, 18, 19, 27, 28, 29, 37, 45, 44, 52, 60, 59, 58, 57, 49, 50, 51, 43, 42, 34, 33, 25, 24, 16, 8, 0]
[00:00:00:14:831] ! Unidirectional t-s. expansions: 5,211, time: 14,830 [ms], path length: 50 [edges], generated: 9,694
[00:00:00:49:818] Path of length 50 found: [0, 8, 9, 1, 2, 10, 11, 3, 4, 5, 13, 12, 20, 21, 22, 14, 15, 23, 31, 30, 38, 37, 29, 28, 27, 19, 18, 17, 25, 24, 32, 33, 34, 42, 43, 44, 52, 51, 50, 49, 57, 58, 59, 60, 61, 62, 54, 46, 47, 55, 63]
[00:00:00:50:288] ! Bidirectional. expansions: 9,128, time: 49,818 [ms], path length: 50 [edges], g_F: 26, g_B: 24, generated: 17,543, MM: 2, MMPER: 2.9215686274509802%
[00:00:00:50:288] 
---------- SM_Grids/8x8_grid_with_random_blocks_12per_3 ----------
[00:00:00:13:094] Path of length 54 found: [0, 1, 2, 3, 4, 5, 6, 7, 15, 23, 22, 14, 13, 12, 20, 19, 27, 26, 25, 17, 18, 10, 9, 8, 16, 24, 32, 33, 41, 49, 48, 56, 57, 58, 50, 51, 59, 60, 61, 62, 54, 46, 45, 44, 43, 35, 36, 37, 29, 30, 38, 39, 47, 55, 63]
[00:00:00:13:094] ! Unidirectional s-t. expansions: 4,631, time: 13,094 [ms], path length: 54 [edges], generated: 7,669
[00:00:00:14:407] Path of length 54 found: [63, 55, 47, 39, 31, 23, 15, 7, 6, 5, 4, 3, 2, 1, 9, 10, 18, 17, 25, 26, 27, 19, 20, 12, 13, 14, 22, 30, 29, 37, 38, 46, 54, 62, 61, 60, 52, 44, 36, 35, 43, 51, 59, 58, 57, 56, 48, 49, 41, 33, 32, 24, 16, 8, 0]
[00:00:00:14:407] ! Unidirectional t-s. expansions: 4,749, time: 14,407 [ms], path length: 54 [edges], generated: 7,986
[00:00:00:28:651] Path of length 54 found: [0, 8, 16, 17, 18, 10, 9, 1, 2, 3, 4, 12, 20, 19, 27, 26, 25, 24, 32, 33, 41, 49, 48, 56, 57, 58, 50, 51, 43, 35, 36, 37, 29, 30, 22, 14, 13, 5, 6, 7, 15, 23, 31, 39, 47, 55, 54, 46, 45, 44, 52, 60, 61, 62, 63]
[00:00:00:29:168] ! Bidirectional. expansions: 5,833, time: 28,651 [ms], path length: 54 [edges], g_F: 28, g_B: 26, generated: 10,150, MM: 2, MMPER: 2.6363636363636362%
[00:00:00:29:169] 
---------- SM_Grids/8x8_grid_with_random_blocks_12per_4 ----------
[00:00:00:00:325] Path of length 54 found: [0, 8, 16, 24, 25, 17, 9, 10, 18, 26, 34, 33, 41, 49, 48, 56, 57, 58, 50, 42, 43, 51, 59, 60, 52, 44, 36, 35, 27, 19, 11, 12, 4, 5, 6, 14, 13, 21, 20, 28, 29, 37, 38, 30, 22, 23, 31, 39, 47, 55, 54, 53, 61, 62, 63]
[00:00:00:00:325] ! Unidirectional s-t. expansions: 110, time: 325 [ms], path length: 54 [edges], generated: 193
[00:00:00:00:172] Path of length 54 found: [63, 55, 47, 39, 31, 23, 22, 14, 6, 5, 4, 12, 13, 21, 20, 19, 11, 10, 9, 17, 18, 26, 34, 42, 50, 51, 43, 35, 27, 28, 29, 30, 38, 37, 36, 44, 52, 53, 54, 62, 61, 60, 59, 58, 57, 56, 48, 49, 41, 33, 25, 24, 16, 8, 0]
[00:00:00:00:172] ! Unidirectional t-s. expansions: 54, time: 172 [ms], path length: 54 [edges], generated: 91
[00:00:00:50:883] Path of length 54 found: [0, 8, 16, 24, 25, 17, 9, 10, 18, 26, 34, 33, 41, 49, 48, 56, 57, 58, 50, 42, 43, 51, 59, 60, 52, 44, 36, 35, 27, 28, 20, 19, 11, 12, 4, 5, 6, 14, 13, 21, 29, 37, 38, 30, 22, 23, 31, 39, 47, 55, 54, 53, 61, 62, 63]
[00:00:00:51:420] ! Bidirectional. expansions: 8,942, time: 50,883 [ms], path length: 54 [edges], g_F: 27, g_B: 27, generated: 17,095, MM: 0, MMPER: -1.0%
[00:00:00:51:420] 
---------- SM_Grids/8x8_grid_with_random_blocks_12per_5 ----------
[00:00:00:30:101] Expansion 10,000: state None, f=53, g=16
[00:00:00:45:947] Path of length 52 found: [0, 1, 2, 3, 4, 5, 6, 14, 15, 23, 22, 30, 31, 39, 38, 37, 29, 28, 20, 21, 13, 12, 11, 19, 18, 17, 9, 8, 16, 24, 25, 33, 32, 40, 41, 42, 34, 35, 43, 44, 52, 51, 50, 58, 59, 60, 61, 53, 45, 46, 47, 55, 63]
[00:00:00:45:947] ! Unidirectional s-t. expansions: 15,332, time: 45,947 [ms], path length: 52 [edges], generated: 27,174
[00:00:00:24:405] Path of length 52 found: [63, 55, 47, 46, 45, 53, 61, 60, 59, 58, 50, 51, 52, 44, 43, 35, 34, 42, 41, 40, 32, 33, 25, 24, 16, 8, 9, 17, 18, 19, 27, 28, 29, 37, 38, 39, 31, 30, 22, 23, 15, 14, 6, 5, 13, 21, 20, 12, 4, 3, 2, 1, 0]
[00:00:00:24:406] ! Unidirectional t-s. expansions: 9,234, time: 24,406 [ms], path length: 52 [edges], generated: 15,465
[00:00:00:53:216] Path of length 52 found: [0, 8, 9, 1, 2, 3, 4, 5, 6, 14, 15, 23, 22, 30, 31, 39, 38, 37, 29, 28, 20, 21, 13, 12, 11, 19, 18, 17, 16, 24, 25, 33, 32, 40, 41, 42, 34, 35, 43, 51, 50, 58, 59, 60, 61, 53, 52, 44, 45, 46, 47, 55, 63]
[00:00:00:53:744] ! Bidirectional. expansions: 9,845, time: 53,216 [ms], path length: 52 [edges], g_F: 26, g_B: 26, generated: 18,324, MM: 0, MMPER: -1.0%
[00:00:00:53:745] 
---------- SM_Grids/8x8_grid_with_random_blocks_12per_6 ----------
[00:00:00:24:973] Expansion 10,000: state None, f=53, g=33
[00:00:00:50:123] Expansion 20,000: state None, f=53, g=25
[00:00:01:14:272] Expansion 30,000: state None, f=53, g=36
[00:00:01:17:733] Path of length 52 found: [0, 1, 2, 3, 4, 5, 6, 7, 15, 23, 22, 14, 13, 21, 20, 12, 11, 19, 18, 10, 9, 8, 16, 17, 25, 24, 32, 40, 48, 49, 41, 42, 50, 51, 59, 60, 61, 53, 45, 44, 43, 35, 34, 26, 27, 28, 36, 37, 38, 46, 54, 62, 63]
[00:00:01:17:734] ! Unidirectional s-t. expansions: 31,288, time: 77,733 [ms], path length: 52 [edges], generated: 50,505
[00:00:00:25:802] Expansion 10,000: state None, f=53, g=19
[00:00:00:51:143] Expansion 20,000: state None, f=53, g=33
[00:00:01:03:438] Path of length 52 found: [63, 62, 54, 46, 38, 37, 36, 28, 29, 21, 22, 23, 15, 7, 6, 14, 13, 5, 4, 3, 11, 12, 20, 19, 27, 26, 34, 35, 43, 44, 45, 53, 61, 60, 59, 51, 50, 42, 41, 49, 48, 40, 32, 24, 25, 17, 16, 8, 9, 10, 2, 1, 0]
[00:00:01:03:439] ! Unidirectional t-s. expansions: 24,818, time: 63,438 [ms], path length: 52 [edges], generated: 41,611
[00:00:00:49:581] Path of length 52 found: [0, 8, 16, 24, 32, 40, 48, 49, 41, 42, 50, 51, 59, 60, 61, 53, 45, 44, 43, 35, 34, 26, 25, 17, 9, 1, 2, 10, 18, 19, 27, 28, 20, 12, 11, 3, 4, 5, 6, 7, 15, 23, 22, 14, 13, 21, 29, 37, 38, 46, 54, 62, 63]
[00:00:00:50:108] ! Bidirectional. expansions: 9,110, time: 49,581 [ms], path length: 52 [edges], g_F: 25, g_B: 27, generated: 17,110, MM: 2, MMPER: 2.7735849056603774%
[00:00:00:50:108] 
---------- SM_Grids/8x8_grid_with_random_blocks_12per_7 ----------
[00:00:00:29:611] Expansion 10,000: state None, f=54, g=11
[00:00:00:59:743] Expansion 20,000: state None, f=54, g=26
[00:00:01:22:038] Expansion 30,000: state None, f=53, g=36
[00:00:01:47:298] Expansion 40,000: state None, f=53, g=28
[00:00:02:12:432] Expansion 50,000: state None, f=53, g=37
[00:00:02:38:109] Expansion 60,000: state None, f=53, g=42
[00:00:03:03:276] Expansion 70,000: state None, f=53, g=33
[00:00:03:27:596] Expansion 80,000: state None, f=53, g=40
[00:00:03:52:927] Expansion 90,000: state None, f=53, g=31
[00:00:04:17:973] Expansion 100,000: state None, f=53, g=21
[00:00:04:41:936] Expansion 110,000: state None, f=53, g=39
[00:00:05:08:905] Expansion 120,000: state None, f=53, g=31
[00:00:05:35:591] Expansion 130,000: state None, f=53, g=32
[00:00:06:00:460] Path of length 52 found: [0, 8, 9, 10, 18, 19, 27, 28, 36, 35, 43, 42, 41, 33, 34, 26, 25, 17, 16, 24, 32, 40, 48, 56, 57, 58, 59, 60, 61, 53, 52, 44, 45, 37, 38, 30, 22, 21, 20, 12, 13, 5, 6, 14, 15, 23, 31, 39, 47, 46, 54, 62, 63]
[00:00:06:00:461] ! Unidirectional s-t. expansions: 137,529, time: 360,460 [ms], path length: 52 [edges], generated: 233,491
[00:00:00:29:153] Expansion 10,000: state None, f=54, g=34
[00:00:00:58:693] Expansion 20,000: state None, f=54, g=29
[00:00:01:26:800] Expansion 30,000: state None, f=54, g=18
[00:00:01:49:362] Expansion 40,000: state None, f=53, g=37
[00:00:02:13:903] Expansion 50,000: state None, f=53, g=34
[00:00:02:39:792] Expansion 60,000: state None, f=53, g=35
[00:00:03:05:477] Expansion 70,000: state None, f=53, g=42
[00:00:03:29:860] Expansion 80,000: state None, f=53, g=44
[00:00:03:56:382] Expansion 90,000: state None, f=53, g=46
[00:00:04:20:307] Expansion 100,000: state None, f=53, g=20
[00:00:04:46:524] Expansion 110,000: state None, f=53, g=26
[00:00:05:12:661] Expansion 120,000: state None, f=53, g=36
[00:00:05:36:531] Expansion 130,000: state None, f=53, g=28
[00:00:06:02:026] Expansion 140,000: state None, f=53, g=27
[00:00:06:25:863] Path of length 52 found: [63, 55, 47, 39, 31, 23, 15, 7, 6, 5, 13, 12, 20, 21, 22, 30, 38, 46, 54, 62, 61, 60, 59, 58, 57, 56, 48, 49, 41, 40, 32, 24, 16, 17, 25, 33, 34, 42, 43, 44, 52, 53, 45, 37, 36, 28, 27, 19, 18, 10, 9, 8, 0]
[00:00:06:25:864] ! Unidirectional t-s. expansions: 146,820, time: 385,863 [ms], path length: 52 [edges], generated: 245,434
[00:00:01:44:821] Expansion 20,000: f=54, g=26
[00:00:03:35:794] Expansion 40,000: f=53, g=23
[00:00:05:28:018] Expansion 60,000: f=53, g=12
[00:00:05:47:385] Path of length 52 found: [0, 8, 16, 24, 32, 40, 41, 49, 48, 56, 57, 58, 59, 60, 52, 44, 43, 42, 34, 33, 25, 17, 9, 10, 18, 26, 27, 28, 36, 37, 38, 30, 22, 21, 20, 12, 13, 5, 6, 7, 15, 23, 31, 39, 47, 55, 54, 46, 45, 53, 61, 62, 63]
[00:00:05:47:914] ! Bidirectional. expansions: 60,236, time: 347,386 [ms], path length: 52 [edges], g_F: 27, g_B: 25, generated: 115,656, MM: 2, MMPER: 2.7735849056603774%
[00:00:05:47:914] 
---------- SM_Grids/8x8_grid_with_random_blocks_12per_8 ----------
[00:00:00:21:291] Path of length 54 found: [0, 1, 2, 3, 4, 5, 6, 7, 15, 23, 31, 30, 29, 21, 22, 14, 13, 12, 20, 28, 36, 44, 43, 35, 34, 26, 27, 19, 18, 10, 9, 8, 16, 17, 25, 24, 32, 33, 41, 49, 48, 56, 57, 58, 59, 60, 52, 53, 45, 37, 38, 46, 47, 55, 63]
[00:00:00:21:293] ! Unidirectional s-t. expansions: 8,424, time: 21,291 [ms], path length: 54 [edges], generated: 13,871
[00:00:00:14:659] Path of length 54 found: [63, 55, 47, 46, 45, 53, 52, 60, 59, 58, 57, 56, 48, 49, 41, 33, 32, 24, 25, 17, 16, 8, 9, 10, 18, 19, 20, 21, 22, 30, 29, 28, 27, 26, 34, 35, 43, 44, 36, 37, 38, 39, 31, 23, 15, 7, 6, 14, 13, 5, 4, 3, 2, 1, 0]
[00:00:00:14:660] ! Unidirectional t-s. expansions: 5,417, time: 14,659 [ms], path length: 54 [edges], generated: 9,433
[00:00:00:22:235] Path of length 54 found: [0, 8, 16, 24, 32, 33, 41, 49, 48, 56, 57, 58, 59, 60, 52, 53, 45, 37, 29, 21, 22, 14, 13, 12, 20, 19, 27, 28, 36, 44, 43, 35, 34, 26, 25, 17, 18, 10, 9, 1, 2, 3, 4, 5, 6, 7, 15, 23, 31, 39, 38, 46, 47, 55, 63]
[00:00:00:22:757] ! Bidirectional. expansions: 4,291, time: 22,235 [ms], path length: 54 [edges], g_F: 26, g_B: 28, generated: 8,093, MM: 2, MMPER: 2.6363636363636362%
[00:00:00:22:757] 
---------- SM_Grids/8x8_grid_with_random_blocks_12per_9 ----------
[00:00:00:30:369] Expansion 10,000: state None, f=54, g=27
[00:00:00:55:870] Expansion 20,000: state None, f=53, g=36
[00:00:01:17:657] Expansion 30,000: state None, f=53, g=40
[00:00:01:39:551] Expansion 40,000: state None, f=53, g=29
[00:00:02:02:913] Expansion 50,000: state None, f=53, g=39
[00:00:02:26:932] Expansion 60,000: state None, f=53, g=42
[00:00:02:51:099] Expansion 70,000: state None, f=53, g=36
[00:00:03:17:634] Expansion 80,000: state None, f=53, g=17
[00:00:03:40:720] Path of length 52 found: [0, 1, 2, 10, 9, 8, 16, 24, 32, 40, 48, 56, 57, 58, 50, 49, 41, 33, 25, 26, 18, 19, 11, 12, 4, 5, 6, 7, 15, 23, 31, 30, 38, 46, 47, 55, 54, 53, 45, 37, 29, 21, 20, 28, 27, 35, 43, 51, 59, 60, 61, 62, 63]
[00:00:03:40:721] ! Unidirectional s-t. expansions: 87,138, time: 220,720 [ms], path length: 52 [edges], generated: 146,952
[00:00:00:29:747] Expansion 10,000: state None, f=54, g=29
[00:00:00:56:859] Expansion 20,000: state None, f=54, g=27
[00:00:01:24:535] Expansion 30,000: state None, f=53, g=41
[00:00:01:46:872] Expansion 40,000: state None, f=53, g=37
[00:00:02:09:562] Expansion 50,000: state None, f=53, g=39
[00:00:02:32:910] Expansion 60,000: state None, f=53, g=31
[00:00:02:57:935] Expansion 70,000: state None, f=53, g=41
[00:00:03:24:487] Expansion 80,000: state None, f=53, g=18
[00:00:03:56:091] Expansion 90,000: state None, f=53, g=12
[00:00:04:19:920] Path of length 52 found: [63, 62, 61, 60, 59, 58, 50, 49, 57, 56, 48, 40, 41, 33, 32, 24, 25, 26, 34, 35, 43, 51, 52, 53, 54, 55, 47, 46, 45, 37, 38, 30, 31, 23, 15, 7, 6, 5, 4, 12, 13, 21, 29, 28, 20, 19, 11, 10, 2, 1, 9, 8, 0]
[00:00:04:19:921] ! Unidirectional t-s. expansions: 96,938, time: 259,920 [ms], path length: 52 [edges], generated: 164,436
[00:00:01:40:435] Expansion 20,000: f=54, g=24
[00:00:03:21:809] Expansion 40,000: f=53, g=20
[00:00:04:19:336] Path of length 52 found: [0, 1, 2, 10, 9, 8, 16, 24, 32, 40, 48, 56, 57, 58, 50, 49, 41, 33, 25, 26, 18, 19, 11, 12, 4, 5, 6, 7, 15, 23, 31, 30, 29, 21, 20, 28, 36, 35, 43, 51, 52, 60, 61, 53, 45, 37, 38, 46, 47, 55, 54, 62, 63]
[00:00:04:19:846] ! Bidirectional. expansions: 48,840, time: 259,336 [ms], path length: 52 [edges], g_F: 24, g_B: 28, generated: 87,948, MM: 4, MMPER: 6.547169811320755%

[00:00:04:19:846] average expansions: (31,406, 31,829, 16,490, 0)
[00:00:04:19:846] average time: (82,049, 83,480, 90,670, 0)
[00:00:04:19:846] XA*: 31,406 , 82,049 (expansions , time[ms])
[00:00:04:19:846] XMM: 16,490 , 90,670 (expansions , time[ms])

