------------------------------------
Thu 01 Oct 2026 12:15:42 IDT
SLURM_JOBID:		21944140
SLURM_JOB_NODELIST:	ise-cpu256-14
SLURM_SCRATCH_DIR:	/scratch/shubit/21944140
Allocated Resouces:	cpu - 2 / mem - 61440 MB / gpu - 
SLURM_GPU_INDEX:	
Running as shubit from shimony account with normal QOS
------------------------------------
Thu 01 Oct 2026 12:15:42 IDT

SLURM_JOBID:		 21944140
SLURM_JOB_NODELIST:	 ise-cpu256-14 

--------------------------
date: SM_Grids
number_of_graphs: 10
graph_type: grid
size_of_graphs: [8, 8]
heuristic: bcc_heuristic
snake: False
run_uni: True
run_bi: True
run_multi: False
solution_vertices: []
algorithms: ['IDA']
lookahead: 3
bsd: False
cube_first_dims: 4
cube_buffer_dim: None
backward_sym_generation: False
sym_coil: False
prefix_set: None

---------- SM_Grids/8x8_grid_with_random_blocks_12per_0 ----------
[00:00:00:25:871] Path of length 52 found: [0, 8, 16, 24, 25, 17, 9, 1, 2, 10, 18, 26, 34, 33, 41, 40, 48, 56, 57, 58, 50, 42, 43, 35, 27, 19, 11, 3, 4, 12, 20, 21, 13, 14, 22, 30, 31, 39, 47, 55, 54, 53, 45, 37, 36, 44, 52, 51, 59, 60, 61, 62, 63]
[00:00:00:25:872] ! Unidirectional s-t. expansions: 4,870, time: 25,871 [ms], path length: 52 [edges], generated: 48,373
[00:00:00:31:180] Path of length 52 found: [63, 55, 47, 39, 31, 30, 22, 14, 13, 21, 20, 12, 4, 3, 2, 1, 9, 10, 11, 19, 18, 26, 34, 42, 50, 51, 43, 35, 27, 28, 36, 37, 45, 44, 52, 53, 54, 62, 61, 60, 59, 58, 57, 56, 48, 40, 41, 33, 25, 17, 16, 8, 0]
[00:00:00:31:180] ! Unidirectional t-s. expansions: 8,067, time: 31,180 [ms], path length: 52 [edges], generated: 71,538
[00:00:01:02:742] Path of length 52 found: [0, 8, 16, 24, 25, 17, 18, 26, 34, 33, 41, 40, 48, 56, 57, 58, 50, 42, 43, 44, 52, 51, 59, 60, 61, 62, 54, 53, 45, 37, 36, 28, 27, 19, 11, 10, 9, 1, 2, 3, 4, 12, 20, 21, 13, 14, 22, 30, 31, 39, 47, 55, 63]
[00:00:01:03:198] ! Bidirectional. expansions: 6,327, time: 62,742 [ms], path length: 52 [edges], g_F: 33, g_B: 19, generated: 0, MM: 14, MMPER: 25.41509433962264%
[00:00:01:03:198] 
---------- SM_Grids/8x8_grid_with_random_blocks_12per_1 ----------
[00:00:00:03:048] Path of length 52 found: [0, 8, 16, 24, 32, 33, 25, 17, 9, 1, 2, 10, 11, 3, 4, 12, 13, 5, 6, 7, 15, 14, 22, 21, 20, 19, 27, 26, 34, 42, 41, 49, 50, 58, 59, 51, 52, 60, 61, 53, 45, 44, 36, 28, 29, 37, 38, 39, 47, 46, 54, 62, 63]
[00:00:00:03:048] ! Unidirectional s-t. expansions: 561, time: 3,048 [ms], path length: 52 [edges], generated: 5,658
[00:00:00:02:267] Path of length 52 found: [63, 55, 47, 39, 38, 37, 29, 21, 22, 14, 15, 7, 6, 5, 13, 12, 4, 3, 11, 10, 2, 1, 9, 17, 25, 26, 27, 19, 20, 28, 36, 44, 52, 53, 45, 46, 54, 62, 61, 60, 59, 51, 50, 49, 41, 42, 34, 33, 32, 24, 16, 8, 0]
[00:00:00:02:267] ! Unidirectional t-s. expansions: 290, time: 2,267 [ms], path length: 52 [edges], generated: 3,083
[00:00:00:26:460] Path of length 52 found: [0, 8, 16, 24, 32, 33, 25, 17, 9, 1, 2, 10, 11, 3, 4, 12, 13, 5, 6, 7, 15, 14, 22, 21, 20, 19, 27, 26, 34, 42, 41, 49, 50, 58, 59, 60, 61, 62, 54, 46, 45, 53, 52, 44, 36, 28, 29, 37, 38, 39, 47, 55, 63]
[00:00:00:26:879] ! Bidirectional. expansions: 1,971, time: 26,460 [ms], path length: 52 [edges], g_F: 34, g_B: 18, generated: 0, MM: 16, MMPER: 29.18867924528302%
[00:00:00:26:879] 
---------- SM_Grids/8x8_grid_with_random_blocks_12per_2 ----------
[00:00:00:54:303] Path of length 50 found: [0, 8, 16, 24, 32, 33, 25, 17, 9, 1, 2, 10, 18, 19, 27, 28, 20, 12, 11, 3, 4, 5, 13, 21, 22, 14, 15, 23, 31, 30, 29, 37, 36, 44, 43, 42, 50, 49, 57, 58, 59, 51, 52, 60, 61, 62, 54, 46, 47, 55, 63]
[00:00:00:54:304] ! Unidirectional s-t. expansions: 8,304, time: 54,303 [ms], path length: 50 [edges], generated: 90,547
[00:00:00:14:776] Path of length 50 found: [63, 55, 47, 46, 54, 62, 61, 60, 52, 44, 43, 51, 59, 58, 57, 49, 50, 42, 34, 33, 32, 24, 25, 17, 16, 8, 9, 10, 18, 19, 27, 28, 36, 37, 29, 30, 31, 23, 15, 14, 22, 21, 20, 12, 13, 5, 4, 3, 2, 1, 0]
[00:00:00:14:777] ! Unidirectional t-s. expansions: 2,272, time: 14,776 [ms], path length: 50 [edges], generated: 26,966
[00:00:02:12:359] Path of length 50 found: [0, 8, 16, 24, 32, 33, 25, 17, 9, 1, 2, 10, 18, 19, 27, 28, 29, 21, 20, 12, 11, 3, 4, 5, 13, 14, 15, 23, 22, 30, 38, 37, 36, 44, 43, 42, 50, 49, 57, 58, 59, 51, 52, 60, 61, 62, 54, 46, 47, 55, 63]
[00:00:02:12:783] ! Bidirectional. expansions: 11,008, time: 132,359 [ms], path length: 50 [edges], g_F: 28, g_B: 22, generated: 0, MM: 6, MMPER: 10.764705882352942%
[00:00:02:12:783] 
---------- SM_Grids/8x8_grid_with_random_blocks_12per_3 ----------
[00:00:00:12:703] Path of length 54 found: [0, 8, 16, 24, 32, 33, 41, 49, 48, 56, 57, 58, 50, 51, 59, 60, 52, 44, 43, 35, 36, 37, 29, 30, 22, 14, 13, 12, 20, 19, 27, 26, 25, 17, 18, 10, 9, 1, 2, 3, 4, 5, 6, 7, 15, 23, 31, 39, 38, 46, 47, 55, 54, 62, 63]
[00:00:00:12:703] ! Unidirectional s-t. expansions: 2,404, time: 12,703 [ms], path length: 54 [edges], generated: 22,707
[00:00:00:11:783] Path of length 54 found: [63, 55, 47, 39, 31, 23, 15, 7, 6, 5, 4, 3, 2, 1, 9, 10, 18, 17, 25, 26, 27, 19, 20, 12, 13, 14, 22, 30, 29, 37, 38, 46, 54, 62, 61, 60, 52, 44, 36, 35, 43, 51, 59, 58, 57, 56, 48, 49, 41, 33, 32, 24, 16, 8, 0]
[00:00:00:11:784] ! Unidirectional t-s. expansions: 1,816, time: 11,783 [ms], path length: 54 [edges], generated: 17,408
[00:00:01:26:312] Path of length 54 found: [0, 8, 16, 17, 18, 10, 9, 1, 2, 3, 4, 12, 20, 19, 27, 26, 25, 24, 32, 33, 41, 49, 48, 56, 57, 58, 50, 51, 43, 35, 36, 37, 29, 30, 22, 14, 13, 5, 6, 7, 15, 23, 31, 39, 47, 46, 45, 44, 52, 60, 61, 62, 54, 55, 63]
[00:00:01:26:730] ! Bidirectional. expansions: 7,853, time: 86,312 [ms], path length: 54 [edges], g_F: 33, g_B: 21, generated: 0, MM: 12, MMPER: 20.818181818181817%
[00:00:01:26:730] 
---------- SM_Grids/8x8_grid_with_random_blocks_12per_4 ----------
[00:00:00:00:256] Path of length 54 found: [0, 8, 16, 24, 25, 17, 9, 10, 18, 26, 34, 33, 41, 49, 48, 56, 57, 58, 50, 42, 43, 51, 59, 60, 52, 44, 36, 35, 27, 19, 11, 12, 4, 5, 6, 14, 13, 21, 20, 28, 29, 37, 38, 30, 22, 23, 31, 39, 47, 55, 54, 53, 61, 62, 63]
[00:00:00:00:256] ! Unidirectional s-t. expansions: 37, time: 256 [ms], path length: 54 [edges], generated: 397
[00:00:00:00:201] Path of length 54 found: [63, 55, 47, 39, 31, 23, 22, 14, 6, 5, 4, 12, 13, 21, 20, 19, 11, 10, 9, 17, 18, 26, 34, 42, 50, 51, 43, 35, 27, 28, 29, 30, 38, 37, 36, 44, 52, 53, 54, 62, 61, 60, 59, 58, 57, 56, 48, 49, 41, 33, 25, 24, 16, 8, 0]
[00:00:00:00:201] ! Unidirectional t-s. expansions: 18, time: 201 [ms], path length: 54 [edges], generated: 226
[00:00:00:00:642] Path of length 54 found: [0, 8, 16, 24, 25, 17, 9, 10, 18, 26, 34, 33, 41, 49, 48, 56, 57, 58, 50, 42, 43, 51, 59, 60, 61, 62, 54, 53, 52, 44, 36, 35, 27, 28, 20, 19, 11, 12, 4, 5, 6, 14, 13, 21, 29, 37, 38, 30, 22, 23, 31, 39, 47, 55, 63]
[00:00:00:01:051] ! Bidirectional. expansions: 50, time: 643 [ms], path length: 54 [edges], g_F: 30, g_B: 24, generated: 0, MM: 6, MMPER: 9.909090909090908%
[00:00:00:01:052] 
---------- SM_Grids/8x8_grid_with_random_blocks_12per_5 ----------
[00:00:00:37:370] Path of length 52 found: [0, 8, 16, 24, 32, 40, 41, 33, 25, 17, 9, 1, 2, 3, 11, 19, 27, 35, 34, 42, 50, 58, 59, 51, 43, 44, 52, 60, 61, 53, 45, 37, 29, 28, 20, 21, 13, 12, 4, 5, 6, 14, 15, 23, 22, 30, 31, 39, 38, 46, 47, 55, 63]
[00:00:00:37:370] ! Unidirectional s-t. expansions: 5,912, time: 37,370 [ms], path length: 52 [edges], generated: 63,463
[00:00:00:16:286] Path of length 52 found: [63, 55, 47, 39, 31, 23, 15, 14, 6, 5, 4, 3, 2, 1, 9, 17, 25, 33, 34, 35, 27, 28, 20, 19, 11, 12, 13, 21, 22, 30, 29, 37, 38, 46, 45, 44, 43, 51, 52, 53, 61, 60, 59, 58, 50, 42, 41, 40, 32, 24, 16, 8, 0]
[00:00:00:16:287] ! Unidirectional t-s. expansions: 3,097, time: 16,286 [ms], path length: 52 [edges], generated: 30,368
[00:00:00:31:390] Path of length 52 found: [0, 8, 16, 24, 25, 33, 32, 40, 41, 42, 34, 35, 43, 51, 50, 58, 59, 60, 61, 53, 52, 44, 45, 37, 29, 30, 22, 21, 13, 12, 20, 28, 27, 19, 18, 17, 9, 1, 2, 3, 4, 5, 6, 14, 15, 23, 31, 39, 38, 46, 47, 55, 63]
[00:00:00:31:800] ! Bidirectional. expansions: 2,366, time: 31,390 [ms], path length: 52 [edges], g_F: 32, g_B: 20, generated: 0, MM: 12, MMPER: 21.641509433962263%
[00:00:00:31:800] 
---------- SM_Grids/8x8_grid_with_random_blocks_12per_6 ----------
[00:00:00:45:596] Path of length 52 found: [0, 8, 16, 24, 32, 40, 48, 49, 41, 42, 50, 51, 59, 60, 61, 53, 45, 44, 43, 35, 34, 26, 25, 17, 9, 1, 2, 10, 18, 19, 27, 28, 20, 12, 11, 3, 4, 5, 13, 14, 6, 7, 15, 23, 22, 21, 29, 37, 38, 46, 54, 62, 63]
[00:00:00:45:597] ! Unidirectional s-t. expansions: 10,300, time: 45,596 [ms], path length: 52 [edges], generated: 92,623
[00:00:00:35:699] Path of length 52 found: [63, 62, 54, 46, 38, 37, 29, 21, 13, 14, 22, 23, 15, 7, 6, 5, 4, 3, 2, 1, 9, 17, 25, 26, 18, 10, 11, 12, 20, 19, 27, 28, 36, 35, 34, 42, 43, 44, 45, 53, 61, 60, 59, 51, 50, 49, 41, 40, 32, 24, 16, 8, 0]
[00:00:00:35:699] ! Unidirectional t-s. expansions: 8,415, time: 35,699 [ms], path length: 52 [edges], generated: 78,087
[00:00:02:16:916] Path of length 52 found: [0, 8, 16, 17, 9, 1, 2, 10, 18, 19, 11, 3, 4, 5, 6, 7, 15, 23, 22, 14, 13, 12, 20, 21, 29, 28, 27, 26, 25, 24, 32, 40, 48, 49, 50, 51, 59, 60, 61, 53, 45, 44, 43, 42, 34, 35, 36, 37, 38, 46, 54, 62, 63]
[00:00:02:17:337] ! Bidirectional. expansions: 14,452, time: 136,916 [ms], path length: 52 [edges], g_F: 34, g_B: 18, generated: 0, MM: 16, MMPER: 29.18867924528302%
[00:00:02:17:338] 
---------- SM_Grids/8x8_grid_with_random_blocks_12per_7 ----------
[00:00:01:45:689] Valid states checked so far: 200,000, Expansions: 18,256, Global best: 53
[00:00:03:08:381] Valid states checked so far: 400,000, Expansions: 38,196, Global best: 53
[00:00:04:30:156] Valid states checked so far: 600,000, Expansions: 58,048, Global best: 53
[00:00:05:56:330] Valid states checked so far: 800,000, Expansions: 77,402, Global best: 53
[00:00:07:21:721] Valid states checked so far: 1,000,000, Expansions: 97,664, Global best: 53
[00:00:07:45:253] Path of length 52 found: [0, 8, 16, 24, 32, 40, 48, 56, 57, 58, 59, 60, 52, 44, 45, 37, 36, 28, 27, 26, 34, 35, 43, 42, 41, 33, 25, 17, 9, 10, 18, 19, 20, 12, 13, 5, 6, 7, 15, 14, 22, 23, 31, 30, 38, 39, 47, 46, 54, 53, 61, 62, 63]
[00:00:07:45:253] ! Unidirectional s-t. expansions: 102,142, time: 465,253 [ms], path length: 52 [edges], generated: 1,048,011
[00:00:01:45:273] Valid states checked so far: 200,000, Expansions: 18,579, Global best: 47
[00:00:03:17:916] Valid states checked so far: 400,000, Expansions: 39,639, Global best: 47
[00:00:04:50:792] Valid states checked so far: 600,000, Expansions: 59,634, Global best: 47
[00:00:06:22:534] Valid states checked so far: 800,000, Expansions: 79,737, Global best: 47
[00:00:07:23:604] Path of length 52 found: [63, 55, 47, 39, 31, 23, 15, 7, 6, 5, 13, 12, 20, 21, 22, 30, 38, 37, 36, 28, 27, 19, 18, 10, 9, 17, 25, 26, 34, 35, 43, 44, 52, 53, 45, 46, 54, 62, 61, 60, 59, 58, 57, 56, 48, 49, 41, 33, 32, 24, 16, 8, 0]
[00:00:07:23:604] ! Unidirectional t-s. expansions: 91,851, time: 443,604 [ms], path length: 52 [edges], generated: 924,320
[00:00:38:24:771] Path of length 52 found: [0, 8, 16, 24, 32, 40, 48, 56, 57, 58, 59, 60, 52, 44, 36, 35, 43, 42, 41, 33, 34, 26, 25, 17, 9, 10, 18, 19, 27, 28, 20, 12, 13, 5, 6, 7, 15, 23, 22, 30, 31, 39, 38, 37, 45, 53, 61, 62, 54, 46, 47, 55, 63]
[00:00:38:25:198] ! Bidirectional. expansions: 233,022, time: 2,304,771 [ms], path length: 52 [edges], g_F: 33, g_B: 19, generated: 0, MM: 14, MMPER: 25.41509433962264%
[00:00:38:25:198] 
---------- SM_Grids/8x8_grid_with_random_blocks_12per_8 ----------
[00:00:00:14:558] Path of length 54 found: [0, 8, 16, 24, 32, 33, 41, 49, 48, 56, 57, 58, 59, 60, 52, 53, 45, 37, 29, 21, 13, 12, 20, 19, 27, 28, 36, 44, 43, 35, 34, 26, 25, 17, 18, 10, 9, 1, 2, 3, 4, 5, 6, 7, 15, 14, 22, 23, 31, 30, 38, 46, 47, 55, 63]
[00:00:00:14:559] ! Unidirectional s-t. expansions: 2,774, time: 14,558 [ms], path length: 54 [edges], generated: 28,759
[00:00:00:11:245] Path of length 54 found: [63, 55, 47, 39, 31, 23, 15, 7, 6, 5, 4, 3, 2, 1, 9, 10, 18, 17, 25, 26, 34, 35, 43, 44, 36, 28, 27, 19, 20, 12, 13, 14, 22, 21, 29, 30, 38, 37, 45, 53, 52, 60, 59, 58, 57, 56, 48, 49, 41, 33, 32, 24, 16, 8, 0]
[00:00:00:11:246] ! Unidirectional t-s. expansions: 1,843, time: 11,245 [ms], path length: 54 [edges], generated: 20,845
[00:00:00:29:352] Path of length 54 found: [0, 8, 16, 24, 32, 33, 41, 49, 48, 56, 57, 58, 59, 60, 52, 53, 45, 37, 36, 44, 43, 35, 34, 26, 25, 17, 18, 10, 9, 1, 2, 3, 4, 5, 13, 21, 20, 19, 27, 28, 29, 30, 22, 14, 6, 7, 15, 23, 31, 39, 38, 46, 47, 55, 63]
[00:00:00:29:780] ! Bidirectional. expansions: 2,579, time: 29,352 [ms], path length: 54 [edges], g_F: 33, g_B: 21, generated: 0, MM: 12, MMPER: 20.818181818181817%
[00:00:00:29:780] 
---------- SM_Grids/8x8_grid_with_random_blocks_12per_9 ----------
[00:00:01:39:920] Valid states checked so far: 200,000, Expansions: 20,210, Global best: 49
[00:00:03:10:530] Valid states checked so far: 400,000, Expansions: 41,515, Global best: 49
[00:00:03:14:166] Path of length 52 found: [0, 1, 2, 10, 9, 8, 16, 24, 32, 40, 48, 56, 57, 49, 41, 33, 25, 26, 18, 19, 11, 12, 4, 5, 6, 7, 15, 23, 31, 30, 29, 21, 20, 28, 27, 35, 43, 51, 50, 58, 59, 60, 52, 53, 45, 37, 38, 46, 47, 55, 54, 62, 63]
[00:00:03:14:166] ! Unidirectional s-t. expansions: 41,984, time: 194,166 [ms], path length: 52 [edges], generated: 404,928
[00:00:01:50:687] Valid states checked so far: 200,000, Expansions: 18,907, Global best: 47
[00:00:03:25:818] Valid states checked so far: 400,000, Expansions: 40,414, Global best: 47
[00:00:05:02:260] Valid states checked so far: 600,000, Expansions: 62,173, Global best: 47
[00:00:05:30:880] Path of length 52 found: [63, 55, 47, 46, 38, 30, 31, 23, 15, 7, 6, 5, 4, 12, 13, 21, 20, 19, 11, 10, 18, 26, 25, 33, 34, 35, 27, 28, 36, 37, 45, 53, 54, 62, 61, 60, 52, 51, 59, 58, 50, 49, 57, 56, 48, 40, 32, 24, 16, 8, 9, 1, 0]
[00:00:05:30:881] ! Unidirectional t-s. expansions: 66,959, time: 330,880 [ms], path length: 52 [edges], generated: 645,985
[00:00:12:38:577] Path of length 52 found: [0, 8, 9, 1, 2, 10, 11, 19, 18, 26, 25, 24, 32, 33, 41, 40, 48, 56, 57, 49, 50, 58, 59, 51, 43, 35, 27, 28, 20, 21, 13, 12, 4, 5, 6, 7, 15, 23, 31, 30, 38, 37, 45, 53, 52, 60, 61, 62, 54, 46, 47, 55, 63]
[00:00:12:38:992] ! Bidirectional. expansions: 87,317, time: 758,577 [ms], path length: 52 [edges], g_F: 28, g_B: 24, generated: 0, MM: 4, MMPER: 6.547169811320755%

[00:00:12:38:992] average expansions: (17,929, 18,463, 36,694, 0)
[00:00:12:38:992] average time: (85,312, 89,792, 356,952, 0)
[00:00:12:38:992] XIDA: 17,929 , 85,312 (expansions , time[ms])
[00:00:12:38:992] BiXIDA: 36,694 , 356,952 (expansions , time[ms])

