------------------------------------
Thu 01 Oct 2026 14:23:30 IDT
SLURM_JOBID:		21950214
SLURM_JOB_NODELIST:	ise-cpu256-08
SLURM_SCRATCH_DIR:	/scratch/shubit/21950214
Allocated Resouces:	cpu - 2 / mem - 61440 MB / gpu - 
SLURM_GPU_INDEX:	
Running as shubit from shimony account with normal QOS
------------------------------------
Thu 01 Oct 2026 14:23:30 IDT

SLURM_JOBID:		 21950214
SLURM_JOB_NODELIST:	 ise-cpu256-08 

--------------------------
date: SM_Grids
number_of_graphs: 10
graph_type: grid
size_of_graphs: [7, 8]
heuristic: bcc_heuristic
snake: True
run_uni: True
run_bi: True
run_multi: False
solution_vertices: []
algorithms: ['DFBnB']
lookahead: 2
bsd: False
cube_first_dims: 4
cube_buffer_dim: None
backward_sym_generation: False
sym_coil: False
prefix_set: None

---------- SM_Grids/7x8_grid_with_random_blocks_12per_0 ----------
[00:00:00:02:350] Path of length 33 found: [0, 1, 2, 3, 4, 5, 6, 7, 15, 23, 22, 21, 20, 28, 27, 26, 18, 17, 16, 24, 32, 40, 48, 49, 50, 42, 43, 44, 45, 37, 38, 39, 47, 55]
[00:00:00:02:351] ! Unidirectional s-t. expansions: 456, time: 2,351 [ms], path length: 33 [edges], generated: 1,720
[00:00:00:03:338] Path of length 33 found: [55, 47, 39, 38, 37, 45, 44, 43, 51, 50, 49, 48, 40, 32, 24, 16, 17, 18, 26, 27, 28, 20, 21, 22, 23, 15, 7, 6, 5, 4, 3, 2, 1, 0]
[00:00:00:03:339] ! Unidirectional t-s. expansions: 482, time: 3,338 [ms], path length: 33 [edges], generated: 2,291
[00:00:00:01:371] Path of length 33 found: [0, 1, 2, 3, 4, 5, 6, 7, 15, 23, 22, 21, 20, 28, 27, 26, 18, 17, 16, 24, 32, 40, 48, 49, 50, 51, 43, 44, 45, 37, 38, 39, 47, 55]
[00:00:00:01:855] ! Bidirectional. expansions: 254, time: 1,371 [ms], path length: 33 [edges], g_F: 17, g_B: 16, generated: 0, MM: 1, MMPER: 1.9411764705882355%
[00:00:00:01:856] 
---------- SM_Grids/7x8_grid_with_random_blocks_12per_1 ----------
[00:00:00:05:265] Path of length 29 found: [0, 8, 9, 10, 2, 3, 4, 5, 6, 14, 22, 21, 20, 19, 27, 26, 25, 24, 32, 40, 41, 42, 43, 44, 36, 37, 38, 46, 54, 55]
[00:00:00:05:265] ! Unidirectional s-t. expansions: 913, time: 5,265 [ms], path length: 29 [edges], generated: 4,121
[00:00:00:04:922] Path of length 29 found: [55, 47, 39, 38, 37, 45, 44, 43, 42, 41, 40, 32, 24, 25, 26, 27, 28, 20, 21, 22, 14, 6, 5, 4, 3, 2, 10, 9, 8, 0]
[00:00:00:04:922] ! Unidirectional t-s. expansions: 590, time: 4,922 [ms], path length: 29 [edges], generated: 3,130
[00:00:00:05:124] Path of length 29 found: [0, 8, 9, 10, 2, 3, 4, 5, 6, 14, 22, 21, 20, 19, 27, 26, 25, 24, 32, 40, 41, 42, 43, 44, 45, 37, 38, 39, 47, 55]
[00:00:00:05:610] ! Bidirectional. expansions: 652, time: 5,124 [ms], path length: 29 [edges], g_F: 15, g_B: 14, generated: 0, MM: 1, MMPER: 2.3333333333333335%
[00:00:00:05:611] 
---------- SM_Grids/7x8_grid_with_random_blocks_12per_2 ----------
[00:00:00:00:933] Path of length 31 found: [0, 1, 2, 3, 4, 5, 6, 7, 15, 23, 31, 39, 38, 37, 29, 21, 20, 19, 18, 17, 16, 24, 32, 33, 34, 35, 43, 44, 52, 53, 54, 55]
[00:00:00:00:933] ! Unidirectional s-t. expansions: 134, time: 933 [ms], path length: 31 [edges], generated: 588
[00:00:00:02:412] Path of length 31 found: [55, 54, 53, 52, 44, 43, 35, 34, 33, 32, 24, 16, 17, 18, 19, 20, 28, 29, 37, 38, 39, 31, 23, 15, 7, 6, 5, 4, 3, 2, 1, 0]
[00:00:00:02:412] ! Unidirectional t-s. expansions: 348, time: 2,412 [ms], path length: 31 [edges], generated: 1,704
[00:00:00:01:819] Path of length 31 found: [0, 1, 2, 3, 4, 5, 6, 7, 15, 23, 31, 39, 38, 37, 29, 21, 20, 19, 18, 17, 16, 24, 32, 33, 34, 35, 43, 44, 52, 53, 54, 55]
[00:00:00:02:290] ! Bidirectional. expansions: 319, time: 1,819 [ms], path length: 31 [edges], g_F: 16, g_B: 15, generated: 0, MM: 1, MMPER: 2.125%
[00:00:00:02:291] 
---------- SM_Grids/7x8_grid_with_random_blocks_12per_3 ----------
[00:00:00:06:689] Path of length 31 found: [0, 1, 9, 17, 16, 24, 32, 33, 41, 49, 50, 51, 52, 53, 45, 37, 36, 35, 27, 19, 11, 3, 4, 5, 6, 14, 22, 30, 31, 39, 47, 55]
[00:00:00:06:690] ! Unidirectional s-t. expansions: 884, time: 6,690 [ms], path length: 31 [edges], generated: 4,571
[00:00:00:02:461] Path of length 31 found: [55, 47, 39, 31, 30, 22, 14, 6, 5, 4, 3, 11, 19, 20, 28, 36, 37, 45, 53, 52, 51, 50, 49, 41, 33, 32, 24, 16, 17, 9, 1, 0]
[00:00:00:02:462] ! Unidirectional t-s. expansions: 620, time: 2,462 [ms], path length: 31 [edges], generated: 1,799
[00:00:00:04:449] Path of length 31 found: [0, 1, 9, 17, 16, 24, 32, 33, 41, 49, 50, 51, 52, 53, 45, 37, 36, 35, 27, 19, 11, 3, 4, 5, 6, 14, 22, 30, 31, 39, 47, 55]
[00:00:00:04:920] ! Bidirectional. expansions: 799, time: 4,449 [ms], path length: 31 [edges], g_F: 16, g_B: 15, generated: 0, MM: 1, MMPER: 2.125%
[00:00:00:04:920] 
---------- SM_Grids/7x8_grid_with_random_blocks_12per_4 ----------
[00:00:00:05:180] Path of length 33 found: [0, 1, 2, 10, 18, 17, 16, 24, 32, 40, 48, 49, 50, 42, 34, 35, 27, 28, 20, 12, 4, 5, 6, 7, 15, 23, 22, 30, 38, 37, 45, 53, 54, 55]
[00:00:00:05:180] ! Unidirectional s-t. expansions: 1,139, time: 5,180 [ms], path length: 33 [edges], generated: 4,024
[00:00:00:04:888] Path of length 33 found: [55, 54, 53, 45, 37, 38, 39, 31, 23, 15, 7, 6, 5, 13, 21, 20, 28, 27, 35, 43, 42, 50, 49, 48, 40, 32, 24, 16, 17, 18, 10, 2, 1, 0]
[00:00:00:04:889] ! Unidirectional t-s. expansions: 866, time: 4,889 [ms], path length: 33 [edges], generated: 3,455
[00:00:00:02:949] Path of length 33 found: [0, 1, 2, 10, 18, 17, 16, 24, 32, 40, 48, 49, 50, 42, 34, 35, 27, 28, 20, 12, 4, 5, 6, 7, 15, 23, 31, 39, 38, 37, 45, 53, 54, 55]
[00:00:00:03:427] ! Bidirectional. expansions: 701, time: 2,949 [ms], path length: 33 [edges], g_F: 17, g_B: 16, generated: 0, MM: 1, MMPER: 1.9411764705882355%
[00:00:00:03:428] 
---------- SM_Grids/7x8_grid_with_random_blocks_12per_5 ----------
[00:00:00:04:362] Path of length 31 found: [0, 8, 16, 17, 18, 10, 2, 3, 4, 5, 13, 14, 22, 30, 29, 28, 27, 35, 34, 33, 32, 40, 48, 49, 50, 51, 52, 53, 45, 46, 47, 55]
[00:00:00:04:363] ! Unidirectional s-t. expansions: 941, time: 4,362 [ms], path length: 31 [edges], generated: 3,133
[00:00:00:01:525] Path of length 31 found: [55, 47, 46, 45, 53, 52, 51, 50, 49, 48, 40, 32, 33, 34, 35, 36, 28, 29, 30, 22, 14, 6, 5, 4, 12, 11, 19, 18, 17, 9, 1, 0]
[00:00:00:01:525] ! Unidirectional t-s. expansions: 224, time: 1,525 [ms], path length: 31 [edges], generated: 1,076
[00:00:00:01:924] Path of length 31 found: [0, 8, 16, 17, 18, 10, 2, 3, 4, 5, 6, 14, 22, 21, 20, 28, 27, 35, 34, 33, 32, 40, 48, 49, 50, 51, 52, 53, 45, 46, 47, 55]
[00:00:00:02:399] ! Bidirectional. expansions: 437, time: 1,924 [ms], path length: 31 [edges], g_F: 16, g_B: 15, generated: 0, MM: 1, MMPER: 2.125%
[00:00:00:02:400] 
---------- SM_Grids/7x8_grid_with_random_blocks_12per_6 ----------
[00:00:00:02:542] Path of length 27 found: [0, 8, 9, 10, 11, 19, 27, 26, 34, 33, 32, 40, 48, 49, 50, 51, 43, 44, 36, 37, 29, 21, 22, 23, 31, 39, 47, 55]
[00:00:00:02:543] ! Unidirectional s-t. expansions: 351, time: 2,542 [ms], path length: 27 [edges], generated: 1,863
[00:00:00:02:820] Path of length 27 found: [55, 47, 39, 31, 23, 22, 21, 29, 37, 45, 53, 52, 51, 50, 49, 48, 40, 32, 33, 34, 35, 27, 19, 11, 10, 9, 8, 0]
[00:00:00:02:821] ! Unidirectional t-s. expansions: 366, time: 2,820 [ms], path length: 27 [edges], generated: 1,844
[00:00:00:01:836] Path of length 27 found: [0, 8, 9, 10, 18, 26, 34, 33, 32, 40, 48, 49, 50, 51, 43, 44, 36, 28, 20, 21, 22, 23, 31, 39, 38, 46, 54, 55]
[00:00:00:02:345] ! Bidirectional. expansions: 329, time: 1,836 [ms], path length: 27 [edges], g_F: 14, g_B: 13, generated: 0, MM: 1, MMPER: 2.5714285714285716%
[00:00:00:02:345] 
---------- SM_Grids/7x8_grid_with_random_blocks_12per_7 ----------
[00:00:00:02:585] Path of length 31 found: [0, 8, 9, 17, 18, 19, 11, 3, 4, 5, 13, 14, 15, 23, 31, 30, 29, 28, 36, 35, 34, 33, 41, 49, 50, 51, 52, 53, 45, 46, 47, 55]
[00:00:00:02:585] ! Unidirectional s-t. expansions: 330, time: 2,585 [ms], path length: 31 [edges], generated: 1,521
[00:00:00:04:126] Path of length 31 found: [55, 54, 53, 45, 37, 38, 30, 31, 23, 15, 14, 6, 5, 4, 12, 20, 28, 27, 35, 43, 51, 50, 49, 41, 33, 25, 17, 18, 10, 2, 1, 0]
[00:00:00:04:127] ! Unidirectional t-s. expansions: 703, time: 4,126 [ms], path length: 31 [edges], generated: 2,862
[00:00:00:02:766] Path of length 31 found: [0, 8, 9, 17, 18, 19, 11, 3, 4, 5, 13, 14, 15, 23, 31, 30, 29, 28, 36, 35, 34, 33, 41, 49, 50, 51, 52, 53, 45, 46, 47, 55]
[00:00:00:03:248] ! Bidirectional. expansions: 406, time: 2,766 [ms], path length: 31 [edges], g_F: 16, g_B: 15, generated: 0, MM: 1, MMPER: 2.125%
[00:00:00:03:248] 
---------- SM_Grids/7x8_grid_with_random_blocks_12per_8 ----------
[00:00:00:02:049] Path of length 31 found: [0, 1, 9, 17, 16, 24, 32, 33, 34, 42, 50, 51, 52, 53, 45, 37, 36, 28, 27, 19, 11, 3, 4, 5, 6, 14, 22, 30, 31, 39, 47, 55]
[00:00:00:02:049] ! Unidirectional s-t. expansions: 260, time: 2,049 [ms], path length: 31 [edges], generated: 1,303
[00:00:00:01:910] Path of length 31 found: [55, 47, 39, 31, 30, 22, 14, 6, 5, 4, 3, 2, 10, 18, 19, 20, 28, 36, 37, 45, 53, 52, 51, 43, 42, 34, 33, 32, 24, 16, 8, 0]
[00:00:00:01:911] ! Unidirectional t-s. expansions: 205, time: 1,910 [ms], path length: 31 [edges], generated: 1,049
[00:00:00:01:325] Path of length 31 found: [0, 8, 16, 24, 32, 33, 34, 42, 50, 51, 52, 53, 45, 37, 36, 28, 27, 19, 18, 10, 2, 3, 4, 5, 6, 14, 22, 30, 31, 39, 47, 55]
[00:00:00:01:799] ! Bidirectional. expansions: 169, time: 1,325 [ms], path length: 31 [edges], g_F: 16, g_B: 15, generated: 0, MM: 1, MMPER: 2.125%
[00:00:00:01:799] 
---------- SM_Grids/7x8_grid_with_random_blocks_12per_9 ----------
[00:00:00:01:130] Path of length 31 found: [0, 8, 16, 24, 32, 40, 48, 49, 50, 51, 43, 44, 36, 28, 27, 26, 18, 10, 11, 12, 13, 5, 6, 7, 15, 23, 22, 30, 38, 46, 54, 55]
[00:00:00:01:131] ! Unidirectional s-t. expansions: 146, time: 1,130 [ms], path length: 31 [edges], generated: 656
[00:00:00:02:074] Path of length 31 found: [55, 54, 46, 38, 39, 31, 23, 15, 7, 6, 5, 13, 12, 11, 10, 18, 26, 27, 28, 36, 44, 43, 51, 50, 49, 41, 33, 32, 24, 16, 8, 0]
[00:00:00:02:075] ! Unidirectional t-s. expansions: 373, time: 2,075 [ms], path length: 31 [edges], generated: 1,453
[00:00:00:02:939] Path of length 31 found: [0, 8, 16, 17, 18, 26, 34, 33, 32, 40, 48, 49, 50, 51, 43, 44, 36, 28, 20, 12, 13, 5, 6, 7, 15, 23, 31, 39, 38, 46, 54, 55]
[00:00:00:03:414] ! Bidirectional. expansions: 599, time: 2,939 [ms], path length: 31 [edges], g_F: 16, g_B: 15, generated: 0, MM: 1, MMPER: 2.125%

[00:00:00:03:414] average expansions: (555, 478, 466, 0)
[00:00:00:03:414] average time: (3,309, 3,048, 2,650, 0)
[00:00:00:03:414] XDFBnB: 478 , 3,048 (expansions , time[ms])
[00:00:00:03:414] BiXDFBnB: 466 , 2,650 (expansions , time[ms])

