------------------------------------
Thu 01 Oct 2026 12:45:03 IDT
SLURM_JOBID:		21944734
SLURM_JOB_NODELIST:	ise-cpu256-04
SLURM_SCRATCH_DIR:	/scratch/shubit/21944734
Allocated Resouces:	cpu - 2 / mem - 61440 MB / gpu - 
SLURM_GPU_INDEX:	
Running as shubit from shimony account with normal QOS
------------------------------------
Thu 01 Oct 2026 12:45:03 IDT

SLURM_JOBID:		 21944734
SLURM_JOB_NODELIST:	 ise-cpu256-04 

--------------------------
date: SM_Grids
number_of_graphs: 10
graph_type: grid
size_of_graphs: [7, 9]
heuristic: bcc_heuristic
snake: True
run_uni: True
run_bi: True
run_multi: False
solution_vertices: []
algorithms: ['IDA']
lookahead: 4
bsd: False
cube_first_dims: 4
cube_buffer_dim: None
backward_sym_generation: False
sym_coil: False
prefix_set: None

---------- SM_Grids/7x9_grid_with_random_blocks_16per_0 ----------
[00:00:00:25:092] Path of length 24 found: [0, 1, 2, 11, 20, 19, 18, 27, 36, 45, 54, 55, 56, 47, 38, 39, 30, 31, 32, 41, 50, 59, 60, 61, 62]
[00:00:00:25:093] ! Unidirectional s-t. expansions: 1,867, time: 25,092 [ms], path length: 24 [edges], generated: 29,798
[00:00:00:25:110] Path of length 24 found: [62, 53, 44, 35, 34, 33, 42, 41, 40, 31, 30, 29, 38, 47, 56, 55, 54, 45, 36, 27, 18, 19, 10, 1, 0]
[00:00:00:25:110] ! Unidirectional t-s. expansions: 1,536, time: 25,110 [ms], path length: 24 [edges], generated: 24,369
[00:00:00:15:957] Path of length 24 found: [0, 1, 10, 19, 18, 27, 36, 45, 54, 55, 56, 47, 38, 29, 30, 31, 40, 41, 42, 33, 34, 35, 44, 53, 62]
[00:00:00:16:480] ! Bidirectional. expansions: 707, time: 15,957 [ms], path length: 24 [edges], g_F: 12, g_B: 12, generated: 0, MM: 0, MMPER: -1.0%
[00:00:00:16:480] 
---------- SM_Grids/7x9_grid_with_random_blocks_16per_1 ----------
[00:00:00:00:764] Path of length 38 found: [0, 1, 2, 3, 12, 21, 20, 19, 18, 27, 36, 45, 54, 55, 56, 47, 38, 39, 40, 49, 58, 59, 60, 51, 42, 33, 32, 23, 14, 5, 6, 7, 16, 25, 26, 35, 44, 53, 62]
[00:00:00:00:765] ! Unidirectional s-t. expansions: 53, time: 764 [ms], path length: 38 [edges], generated: 600
[00:00:00:00:659] Path of length 38 found: [62, 53, 44, 35, 26, 17, 8, 7, 6, 5, 14, 23, 32, 33, 42, 51, 60, 59, 58, 49, 40, 39, 38, 47, 56, 55, 54, 45, 36, 27, 18, 19, 20, 21, 12, 3, 2, 1, 0]
[00:00:00:00:659] ! Unidirectional t-s. expansions: 57, time: 659 [ms], path length: 38 [edges], generated: 616
[00:00:00:00:839] Path of length 38 found: [0, 1, 2, 3, 12, 21, 20, 19, 18, 27, 36, 45, 54, 55, 56, 47, 38, 39, 40, 49, 58, 59, 60, 51, 42, 33, 32, 23, 14, 5, 6, 7, 16, 17, 26, 35, 44, 53, 62]
[00:00:00:01:296] ! Bidirectional. expansions: 75, time: 839 [ms], path length: 38 [edges], g_F: 19, g_B: 19, generated: 0, MM: 0, MMPER: -1.0%
[00:00:00:01:296] 
---------- SM_Grids/7x9_grid_with_random_blocks_16per_2 ----------
[00:00:00:05:672] Path of length 26 found: [0, 1, 2, 11, 20, 19, 28, 37, 38, 39, 30, 31, 32, 23, 14, 5, 6, 7, 16, 25, 26, 35, 44, 43, 52, 61, 62]
[00:00:00:05:673] ! Unidirectional s-t. expansions: 716, time: 5,672 [ms], path length: 26 [edges], generated: 6,979
[00:00:00:15:674] Path of length 26 found: [62, 61, 52, 43, 44, 35, 26, 17, 8, 7, 6, 5, 14, 23, 22, 31, 40, 39, 38, 37, 28, 19, 20, 11, 2, 1, 0]
[00:00:00:15:675] ! Unidirectional t-s. expansions: 1,049, time: 15,674 [ms], path length: 26 [edges], generated: 15,018
[00:00:00:05:131] Path of length 26 found: [0, 1, 2, 11, 20, 19, 28, 37, 38, 39, 30, 31, 22, 13, 4, 5, 6, 7, 8, 17, 26, 35, 44, 43, 52, 61, 62]
[00:00:00:05:631] ! Bidirectional. expansions: 373, time: 5,131 [ms], path length: 26 [edges], g_F: 13, g_B: 13, generated: 0, MM: 0, MMPER: -1.0%
[00:00:00:05:631] 
---------- SM_Grids/7x9_grid_with_random_blocks_16per_3 ----------
[00:00:00:04:160] Path of length 34 found: [0, 9, 18, 27, 36, 45, 46, 47, 38, 29, 20, 11, 2, 3, 4, 13, 14, 15, 6, 7, 8, 17, 26, 35, 34, 33, 32, 31, 40, 49, 50, 51, 52, 61, 62]
[00:00:00:04:160] ! Unidirectional s-t. expansions: 211, time: 4,160 [ms], path length: 34 [edges], generated: 3,366
[00:00:00:03:718] Path of length 34 found: [62, 61, 52, 51, 42, 33, 34, 35, 26, 17, 8, 7, 6, 15, 14, 13, 4, 3, 2, 11, 20, 29, 30, 31, 40, 49, 48, 47, 46, 45, 36, 27, 18, 9, 0]
[00:00:00:03:718] ! Unidirectional t-s. expansions: 203, time: 3,718 [ms], path length: 34 [edges], generated: 3,359
[00:00:00:03:140] Path of length 34 found: [0, 1, 2, 3, 12, 13, 14, 15, 6, 7, 8, 17, 26, 35, 34, 33, 32, 31, 30, 29, 20, 19, 18, 27, 36, 45, 46, 47, 48, 49, 50, 51, 52, 61, 62]
[00:00:00:03:599] ! Bidirectional. expansions: 209, time: 3,140 [ms], path length: 34 [edges], g_F: 17, g_B: 17, generated: 0, MM: 0, MMPER: -1.0%
[00:00:00:03:599] 
---------- SM_Grids/7x9_grid_with_random_blocks_16per_4 ----------
[00:00:00:08:265] Path of length 26 found: [0, 9, 18, 27, 36, 37, 38, 29, 20, 11, 12, 13, 22, 31, 32, 33, 24, 15, 16, 17, 26, 35, 44, 43, 52, 61, 62]
[00:00:00:08:266] ! Unidirectional s-t. expansions: 672, time: 8,265 [ms], path length: 26 [edges], generated: 7,420
[00:00:00:15:166] Path of length 26 found: [62, 61, 52, 43, 44, 35, 26, 17, 16, 15, 24, 33, 32, 31, 22, 13, 12, 11, 20, 29, 38, 37, 36, 27, 18, 9, 0]
[00:00:00:15:166] ! Unidirectional t-s. expansions: 668, time: 15,166 [ms], path length: 26 [edges], generated: 14,377
[00:00:00:05:075] Path of length 26 found: [0, 9, 18, 27, 36, 37, 38, 29, 20, 11, 12, 13, 22, 31, 32, 33, 24, 15, 16, 17, 26, 35, 44, 43, 52, 61, 62]
[00:00:00:05:527] ! Bidirectional. expansions: 275, time: 5,075 [ms], path length: 26 [edges], g_F: 13, g_B: 13, generated: 0, MM: 0, MMPER: -1.0%
[00:00:00:05:527] 
---------- SM_Grids/7x9_grid_with_random_blocks_16per_5 ----------
[00:00:00:05:883] Path of length 30 found: [0, 9, 18, 27, 36, 37, 38, 47, 56, 57, 58, 59, 50, 41, 40, 31, 30, 21, 12, 3, 4, 5, 14, 23, 24, 33, 34, 43, 52, 61, 62]
[00:00:00:05:884] ! Unidirectional s-t. expansions: 239, time: 5,884 [ms], path length: 30 [edges], generated: 4,995
[00:00:00:04:583] Path of length 30 found: [62, 53, 52, 43, 34, 25, 24, 23, 14, 5, 4, 3, 12, 21, 30, 31, 40, 41, 50, 59, 58, 57, 48, 47, 38, 37, 28, 19, 18, 9, 0]
[00:00:00:04:583] ! Unidirectional t-s. expansions: 191, time: 4,583 [ms], path length: 30 [edges], generated: 3,497
[00:00:00:08:657] Path of length 30 found: [0, 9, 18, 27, 36, 37, 38, 47, 56, 57, 58, 59, 50, 41, 40, 31, 30, 21, 12, 3, 4, 5, 14, 23, 24, 25, 34, 43, 52, 53, 62]
[00:00:00:09:108] ! Bidirectional. expansions: 397, time: 8,657 [ms], path length: 30 [edges], g_F: 15, g_B: 15, generated: 0, MM: 0, MMPER: -1.0%
[00:00:00:09:108] 
---------- SM_Grids/7x9_grid_with_random_blocks_16per_6 ----------
[00:00:00:10:025] Path of length 32 found: [0, 9, 10, 11, 2, 3, 4, 5, 6, 7, 16, 17, 26, 35, 34, 33, 24, 23, 22, 21, 30, 29, 28, 37, 46, 47, 56, 57, 58, 59, 60, 61, 62]
[00:00:00:10:025] ! Unidirectional s-t. expansions: 704, time: 10,025 [ms], path length: 32 [edges], generated: 9,273
[00:00:00:03:493] Path of length 32 found: [62, 61, 60, 59, 58, 57, 56, 47, 46, 37, 28, 29, 20, 21, 22, 31, 40, 41, 42, 33, 34, 25, 26, 17, 8, 7, 6, 5, 4, 3, 2, 1, 0]
[00:00:00:03:494] ! Unidirectional t-s. expansions: 197, time: 3,493 [ms], path length: 32 [edges], generated: 3,174
[00:00:00:03:920] Path of length 32 found: [0, 9, 10, 11, 2, 3, 4, 5, 6, 7, 16, 17, 26, 35, 34, 33, 24, 23, 22, 21, 30, 29, 28, 37, 46, 47, 56, 57, 58, 59, 60, 61, 62]
[00:00:00:04:373] ! Bidirectional. expansions: 280, time: 3,920 [ms], path length: 32 [edges], g_F: 16, g_B: 16, generated: 0, MM: 0, MMPER: -1.0%
[00:00:00:04:373] 
---------- SM_Grids/7x9_grid_with_random_blocks_16per_7 ----------
[00:00:00:07:687] Path of length 32 found: [0, 1, 10, 11, 20, 21, 22, 13, 4, 5, 6, 7, 8, 17, 26, 25, 34, 33, 32, 41, 40, 39, 38, 47, 56, 57, 58, 59, 60, 51, 52, 53, 62]
[00:00:00:07:687] ! Unidirectional s-t. expansions: 666, time: 7,687 [ms], path length: 32 [edges], generated: 8,053
[00:00:00:06:814] Path of length 32 found: [62, 53, 52, 51, 60, 59, 58, 57, 56, 47, 38, 39, 40, 41, 32, 33, 34, 25, 26, 17, 8, 7, 6, 15, 14, 13, 22, 21, 20, 11, 2, 1, 0]
[00:00:00:06:815] ! Unidirectional t-s. expansions: 329, time: 6,814 [ms], path length: 32 [edges], generated: 5,949
[00:00:00:06:995] Path of length 32 found: [0, 1, 2, 11, 20, 21, 22, 13, 4, 5, 6, 15, 16, 17, 26, 35, 34, 33, 32, 41, 40, 39, 38, 47, 56, 57, 58, 59, 60, 51, 52, 53, 62]
[00:00:00:07:456] ! Bidirectional. expansions: 332, time: 6,995 [ms], path length: 32 [edges], g_F: 16, g_B: 16, generated: 0, MM: 0, MMPER: -1.0%
[00:00:00:07:456] 
---------- SM_Grids/7x9_grid_with_random_blocks_16per_8 ----------
[00:00:00:18:835] Path of length 32 found: [0, 9, 18, 27, 36, 45, 54, 55, 56, 47, 48, 39, 30, 21, 12, 13, 4, 5, 6, 7, 8, 17, 26, 25, 24, 33, 32, 41, 50, 59, 60, 61, 62]
[00:00:00:18:835] ! Unidirectional s-t. expansions: 1,547, time: 18,835 [ms], path length: 32 [edges], generated: 22,697
[00:00:00:13:728] Path of length 32 found: [62, 53, 52, 43, 34, 25, 26, 17, 8, 7, 6, 15, 14, 13, 12, 21, 30, 39, 40, 41, 50, 59, 58, 57, 56, 47, 46, 37, 36, 27, 18, 9, 0]
[00:00:00:13:729] ! Unidirectional t-s. expansions: 1,141, time: 13,728 [ms], path length: 32 [edges], generated: 13,155
[00:00:00:12:439] Path of length 32 found: [0, 9, 18, 27, 36, 45, 54, 55, 56, 57, 58, 59, 50, 41, 40, 39, 30, 21, 12, 13, 14, 15, 6, 7, 8, 17, 26, 25, 34, 43, 52, 53, 62]
[00:00:00:12:892] ! Bidirectional. expansions: 1,963, time: 12,439 [ms], path length: 32 [edges], g_F: 16, g_B: 16, generated: 0, MM: 0, MMPER: -1.0%
[00:00:00:12:892] 
---------- SM_Grids/7x9_grid_with_random_blocks_16per_9 ----------
[00:00:00:01:416] Path of length 24 found: [0, 1, 2, 3, 4, 5, 6, 7, 16, 17, 26, 35, 34, 33, 24, 23, 22, 31, 40, 41, 50, 59, 60, 61, 62]
[00:00:00:01:416] ! Unidirectional s-t. expansions: 81, time: 1,416 [ms], path length: 24 [edges], generated: 1,091
[00:00:00:02:528] Path of length 24 found: [62, 53, 52, 51, 50, 41, 40, 31, 22, 23, 24, 33, 34, 35, 26, 17, 8, 7, 6, 5, 4, 3, 2, 1, 0]
[00:00:00:02:529] ! Unidirectional t-s. expansions: 242, time: 2,528 [ms], path length: 24 [edges], generated: 2,268
[00:00:00:01:328] Path of length 24 found: [0, 1, 2, 3, 4, 5, 6, 7, 16, 17, 26, 35, 34, 33, 24, 23, 22, 31, 40, 41, 50, 51, 52, 53, 62]
[00:00:00:01:817] ! Bidirectional. expansions: 79, time: 1,328 [ms], path length: 24 [edges], g_F: 12, g_B: 12, generated: 0, MM: 0, MMPER: -1.0%

[00:00:00:01:818] average expansions: (676, 561, 469, 0)
[00:00:00:01:818] average time: (8,780, 9,147, 6,348, 0)
[00:00:00:01:818] XIDA: 561 , 8,780 (expansions , time[ms])
[00:00:00:01:818] BiXIDA: 469 , 6,348 (expansions , time[ms])

