------------------------------------
Thu 01 Oct 2026 17:30:38 IDT
SLURM_JOBID:		21953654
SLURM_JOB_NODELIST:	ise-cpu256-12
SLURM_SCRATCH_DIR:	/scratch/shubit/21953654
Allocated Resouces:	cpu - 2 / mem - 61440 MB / gpu - 
SLURM_GPU_INDEX:	
Running as shubit from shimony account with normal QOS
------------------------------------
Thu 01 Oct 2026 17:30:38 IDT

SLURM_JOBID:		 21953654
SLURM_JOB_NODELIST:	 ise-cpu256-12 

--------------------------
date: SM_Grids
number_of_graphs: 10
graph_type: grid
size_of_graphs: [7, 8]
heuristic: bcc_heuristic
snake: True
run_uni: True
run_bi: True
run_multi: False
solution_vertices: []
algorithms: ['XMM']
lookahead: -1
bsd: False
cube_first_dims: 4
cube_buffer_dim: None
backward_sym_generation: False
sym_coil: False
prefix_set: None

---------- SM_Grids/7x8_grid_with_random_blocks_16per_0 ----------
[00:00:00:01:330] Path of length 31 found: [0, 1, 2, 3, 4, 5, 13, 14, 15, 23, 31, 30, 29, 28, 20, 19, 18, 17, 25, 24, 32, 40, 48, 49, 50, 42, 43, 44, 52, 53, 54, 55]
[00:00:00:01:330] ! Unidirectional s-t. expansions: 464, time: 1,330 [ms], path length: 31 [edges], generated: 705
[00:00:00:01:289] Path of length 31 found: [55, 47, 46, 45, 53, 52, 51, 50, 42, 41, 40, 32, 24, 25, 17, 18, 19, 27, 28, 29, 30, 31, 23, 15, 14, 13, 5, 4, 3, 2, 1, 0]
[00:00:00:01:290] ! Unidirectional t-s. expansions: 311, time: 1,289 [ms], path length: 31 [edges], generated: 496
[00:00:00:00:098] Expansion 20: New longest path found with length 13: [0, 1, 2, 3, 4, 5, 13, 14, 15, 23, 31, 39, 47, 55]. g_current=5, g_opposite=8, f_max=37, generated=31
[00:00:00:00:304] Expansion 72: New longest path found with length 17: [0, 1, 2, 3, 4, 5, 13, 14, 15, 23, 31, 30, 29, 37, 45, 46, 47, 55]. g_current=4, g_opposite=13, f_max=34, generated=113
[00:00:00:00:381] Expansion 87: New longest path found with length 19: [0, 1, 2, 3, 4, 5, 13, 14, 15, 23, 31, 30, 29, 37, 36, 44, 52, 53, 54, 55]. g_current=14, g_opposite=5, f_max=34, generated=143
[00:00:00:00:416] Expansion 97: New longest path found with length 23: [0, 1, 2, 3, 4, 12, 20, 19, 18, 17, 25, 24, 32, 40, 48, 49, 50, 51, 52, 53, 45, 46, 47, 55]. g_current=15, g_opposite=8, f_max=35, generated=160
[00:00:00:00:595] Expansion 149: New longest path found with length 31: [0, 1, 2, 3, 4, 5, 13, 14, 15, 23, 31, 30, 29, 28, 20, 19, 18, 17, 25, 24, 32, 40, 41, 42, 50, 51, 52, 53, 45, 46, 47, 55]. g_current=15, g_opposite=16, f_max=33, generated=236
[00:00:00:01:920] Path of length 31 found: [0, 1, 2, 3, 4, 5, 13, 14, 15, 23, 31, 30, 29, 28, 20, 19, 18, 17, 25, 24, 32, 40, 41, 42, 50, 51, 52, 53, 45, 46, 47, 55]
[00:00:00:02:409] ! Bidirectional. expansions: 494, time: 1,920 [ms], path length: 31 [edges], g_F: 16, g_B: 15, generated: 805, MM: 1, MMPER: 2.125%
[00:00:00:02:410] 
---------- SM_Grids/7x8_grid_with_random_blocks_16per_1 ----------
[00:00:00:01:216] Path of length 25 found: [0, 8, 16, 17, 25, 26, 34, 42, 43, 51, 52, 53, 45, 37, 36, 28, 20, 12, 13, 14, 22, 30, 31, 39, 47, 55]
[00:00:00:01:217] ! Unidirectional s-t. expansions: 252, time: 1,217 [ms], path length: 25 [edges], generated: 471
[00:00:00:00:953] Path of length 25 found: [55, 47, 39, 31, 30, 22, 14, 13, 12, 20, 28, 36, 37, 45, 53, 52, 51, 43, 42, 34, 26, 18, 10, 9, 1, 0]
[00:00:00:00:954] ! Unidirectional t-s. expansions: 183, time: 953 [ms], path length: 25 [edges], generated: 364
[00:00:00:00:180] Expansion 33: New longest path found with length 13: [0, 8, 9, 10, 11, 12, 13, 14, 22, 30, 31, 39, 47, 55]. g_current=9, g_opposite=4, f_max=28, generated=61
[00:00:00:00:354] Expansion 69: New longest path found with length 17: [0, 8, 16, 17, 25, 26, 34, 42, 43, 51, 52, 53, 45, 37, 38, 39, 47, 55]. g_current=12, g_opposite=5, f_max=28, generated=132
[00:00:00:00:566] Expansion 105: New longest path found with length 25: [0, 8, 16, 17, 25, 26, 34, 42, 43, 51, 52, 53, 45, 37, 36, 28, 20, 12, 13, 14, 22, 30, 31, 39, 47, 55]. g_current=12, g_opposite=13, f_max=27, generated=202
[00:00:00:01:340] Path of length 25 found: [0, 8, 16, 17, 25, 26, 34, 42, 43, 51, 52, 53, 45, 37, 36, 28, 20, 12, 13, 14, 22, 30, 31, 39, 47, 55]
[00:00:00:01:783] ! Bidirectional. expansions: 271, time: 1,340 [ms], path length: 25 [edges], g_F: 13, g_B: 12, generated: 534, MM: 1, MMPER: 2.8461538461538463%
[00:00:00:01:783] 
---------- SM_Grids/7x8_grid_with_random_blocks_16per_2 ----------
[00:00:00:01:145] Path of length 27 found: [0, 1, 9, 17, 16, 24, 32, 40, 48, 49, 50, 51, 43, 35, 27, 28, 20, 12, 4, 5, 6, 14, 22, 23, 31, 39, 47, 55]
[00:00:00:01:145] ! Unidirectional s-t. expansions: 296, time: 1,145 [ms], path length: 27 [edges], generated: 527
[00:00:00:00:726] Path of length 27 found: [55, 47, 39, 31, 23, 15, 7, 6, 5, 4, 12, 20, 28, 27, 35, 43, 51, 50, 49, 41, 33, 32, 24, 16, 17, 9, 1, 0]
[00:00:00:00:727] ! Unidirectional t-s. expansions: 192, time: 727 [ms], path length: 27 [edges], generated: 296
[00:00:00:00:257] Expansion 59: New longest path found with length 17: [0, 1, 2, 3, 4, 5, 6, 7, 15, 23, 22, 21, 29, 37, 38, 39, 47, 55]. g_current=15, g_opposite=2, f_max=35, generated=97
[00:00:00:00:574] Expansion 131: New longest path found with length 21: [0, 1, 9, 17, 16, 24, 32, 40, 48, 49, 50, 51, 43, 35, 27, 28, 29, 37, 38, 39, 47, 55]. g_current=14, g_opposite=7, f_max=33, generated=208
[00:00:00:00:740] Expansion 184: New longest path found with length 27: [0, 1, 9, 17, 16, 24, 32, 40, 48, 49, 50, 51, 43, 35, 27, 28, 20, 12, 4, 5, 6, 7, 15, 23, 31, 39, 47, 55]. g_current=11, g_opposite=16, f_max=32, generated=296
[00:00:00:01:491] Path of length 27 found: [0, 1, 9, 17, 16, 24, 32, 40, 48, 49, 50, 51, 43, 35, 27, 28, 20, 12, 4, 5, 6, 7, 15, 23, 31, 39, 47, 55]
[00:00:00:01:912] ! Bidirectional. expansions: 392, time: 1,491 [ms], path length: 27 [edges], g_F: 16, g_B: 11, generated: 619, MM: 5, MMPER: 16.857142857142858%
[00:00:00:01:912] 
---------- SM_Grids/7x8_grid_with_random_blocks_16per_3 ----------
[00:00:00:01:172] Path of length 31 found: [0, 1, 2, 3, 4, 12, 13, 14, 15, 23, 31, 30, 29, 28, 27, 19, 18, 17, 16, 24, 32, 40, 48, 49, 50, 42, 43, 44, 45, 46, 47, 55]
[00:00:00:01:172] ! Unidirectional s-t. expansions: 299, time: 1,172 [ms], path length: 31 [edges], generated: 470
[00:00:00:01:365] Path of length 31 found: [55, 47, 46, 45, 53, 52, 51, 43, 42, 41, 33, 32, 24, 16, 17, 18, 19, 27, 28, 29, 30, 31, 23, 15, 14, 13, 12, 4, 3, 2, 1, 0]
[00:00:00:01:366] ! Unidirectional t-s. expansions: 370, time: 1,365 [ms], path length: 31 [edges], generated: 585
[00:00:00:00:147] Expansion 30: New longest path found with length 13: [0, 1, 2, 3, 4, 12, 13, 14, 15, 23, 31, 39, 47, 55]. g_current=7, g_opposite=6, f_max=35, generated=52
[00:00:00:00:174] Expansion 37: New longest path found with length 17: [0, 1, 9, 17, 16, 24, 32, 40, 48, 49, 50, 51, 52, 53, 45, 46, 47, 55]. g_current=10, g_opposite=7, f_max=35, generated=62
[00:00:00:00:599] Expansion 135: New longest path found with length 21: [0, 1, 2, 3, 11, 19, 18, 17, 16, 24, 32, 40, 48, 49, 50, 51, 52, 53, 45, 46, 47, 55]. g_current=13, g_opposite=8, f_max=34, generated=226
[00:00:00:00:738] Expansion 172: New longest path found with length 27: [0, 1, 9, 17, 16, 24, 32, 40, 48, 49, 50, 42, 43, 44, 36, 28, 20, 21, 13, 14, 15, 23, 31, 30, 38, 46, 47, 55]. g_current=14, g_opposite=13, f_max=33, generated=289
[00:00:00:00:907] Expansion 221: New longest path found with length 29: [0, 1, 2, 3, 11, 19, 18, 17, 16, 24, 32, 40, 48, 49, 50, 42, 43, 44, 36, 28, 29, 21, 13, 14, 15, 23, 31, 39, 47, 55]. g_current=12, g_opposite=17, f_max=32, generated=367
[00:00:00:00:932] Expansion 228: New longest path found with length 31: [0, 1, 2, 3, 4, 12, 13, 14, 15, 23, 31, 30, 29, 28, 27, 19, 18, 17, 16, 24, 32, 33, 41, 42, 43, 51, 52, 53, 45, 46, 47, 55]. g_current=14, g_opposite=17, f_max=32, generated=379
[00:00:00:01:516] Path of length 31 found: [0, 1, 2, 3, 4, 12, 13, 14, 15, 23, 31, 30, 29, 28, 27, 19, 18, 17, 16, 24, 32, 33, 41, 42, 43, 51, 52, 53, 45, 46, 47, 55]
[00:00:00:01:961] ! Bidirectional. expansions: 386, time: 1,516 [ms], path length: 31 [edges], g_F: 17, g_B: 14, generated: 634, MM: 3, MMPER: 8.375%
[00:00:00:01:961] 
---------- SM_Grids/7x8_grid_with_random_blocks_16per_4 ----------
[00:00:00:02:767] Path of length 29 found: [0, 8, 16, 24, 32, 40, 48, 49, 50, 51, 52, 53, 45, 37, 36, 35, 34, 26, 18, 19, 11, 12, 13, 14, 22, 30, 31, 39, 47, 55]
[00:00:00:02:768] ! Unidirectional s-t. expansions: 728, time: 2,768 [ms], path length: 29 [edges], generated: 1,222
[00:00:00:01:413] Path of length 29 found: [55, 47, 39, 31, 30, 22, 14, 13, 12, 11, 19, 18, 26, 34, 35, 36, 37, 45, 53, 52, 51, 50, 49, 41, 40, 32, 24, 16, 8, 0]
[00:00:00:01:414] ! Unidirectional t-s. expansions: 359, time: 1,414 [ms], path length: 29 [edges], generated: 606
[00:00:00:00:203] Expansion 30: New longest path found with length 13: [0, 1, 2, 3, 11, 12, 13, 14, 22, 30, 31, 39, 47, 55]. g_current=5, g_opposite=8, f_max=36, generated=52
[00:00:00:00:319] Expansion 58: New longest path found with length 15: [0, 1, 9, 17, 16, 24, 32, 40, 41, 49, 50, 51, 52, 53, 54, 55]. g_current=11, g_opposite=4, f_max=34, generated=102
[00:00:00:00:475] Expansion 98: New longest path found with length 19: [0, 1, 2, 3, 11, 12, 13, 14, 22, 30, 38, 37, 36, 35, 43, 51, 52, 53, 54, 55]. g_current=7, g_opposite=12, f_max=33, generated=173
[00:00:00:00:736] Expansion 180: New longest path found with length 25: [0, 1, 9, 17, 16, 24, 32, 40, 48, 49, 50, 42, 34, 35, 36, 28, 20, 12, 13, 14, 22, 30, 31, 39, 47, 55]. g_current=11, g_opposite=14, f_max=32, generated=298
[00:00:00:00:750] Expansion 185: New longest path found with length 27: [0, 1, 9, 17, 16, 24, 32, 40, 48, 49, 50, 51, 52, 53, 45, 37, 36, 28, 20, 12, 13, 14, 22, 30, 31, 39, 47, 55]. g_current=16, g_opposite=11, f_max=32, generated=305
[00:00:00:01:974] Expansion 524: New longest path found with length 29: [0, 1, 9, 17, 18, 26, 34, 33, 32, 40, 48, 49, 50, 51, 52, 53, 45, 37, 36, 28, 20, 12, 13, 14, 22, 30, 31, 39, 47, 55]. g_current=13, g_opposite=16, f_max=31, generated=908
[00:00:00:02:638] Path of length 29 found: [0, 1, 9, 17, 18, 26, 34, 33, 32, 40, 48, 49, 50, 51, 52, 53, 45, 37, 36, 28, 20, 12, 13, 14, 22, 30, 31, 39, 47, 55]
[00:00:00:03:038] ! Bidirectional. expansions: 654, time: 2,638 [ms], path length: 29 [edges], g_F: 13, g_B: 16, generated: 1,145, MM: 3, MMPER: 9.0%
[00:00:00:03:038] 
---------- SM_Grids/7x8_grid_with_random_blocks_16per_5 ----------
[00:00:00:03:574] Path of length 29 found: [0, 8, 9, 10, 2, 3, 4, 5, 6, 14, 15, 23, 31, 39, 38, 37, 29, 21, 20, 19, 27, 26, 34, 42, 43, 44, 52, 53, 54, 55]
[00:00:00:03:574] ! Unidirectional s-t. expansions: 931, time: 3,574 [ms], path length: 29 [edges], generated: 1,554
[00:00:00:01:190] Path of length 29 found: [55, 54, 53, 52, 44, 43, 42, 34, 26, 27, 19, 20, 21, 29, 37, 38, 39, 31, 23, 15, 7, 6, 5, 4, 3, 2, 10, 9, 8, 0]
[00:00:00:01:190] ! Unidirectional t-s. expansions: 273, time: 1,190 [ms], path length: 29 [edges], generated: 495
[00:00:00:00:238] Expansion 37: New longest path found with length 21: [0, 8, 16, 17, 18, 10, 2, 3, 4, 5, 6, 7, 15, 23, 31, 30, 38, 37, 45, 53, 54, 55]. g_current=8, g_opposite=13, f_max=36, generated=56
[00:00:00:00:331] Expansion 58: New longest path found with length 23: [0, 8, 16, 17, 18, 26, 27, 28, 20, 21, 13, 5, 6, 7, 15, 23, 31, 30, 38, 37, 45, 53, 54, 55]. g_current=17, g_opposite=6, f_max=35, generated=95
[00:00:00:01:661] Expansion 413: New longest path found with length 27: [0, 8, 9, 10, 2, 3, 4, 5, 6, 14, 15, 23, 31, 39, 38, 37, 29, 28, 27, 26, 34, 42, 43, 44, 52, 53, 54, 55]. g_current=10, g_opposite=17, f_max=32, generated=702
[00:00:00:02:267] Expansion 577: New longest path found with length 29: [0, 8, 9, 10, 2, 3, 4, 5, 6, 14, 15, 23, 31, 39, 38, 37, 29, 21, 20, 19, 27, 26, 34, 42, 43, 44, 52, 53, 54, 55]. g_current=12, g_opposite=17, f_max=31, generated=958
[00:00:00:02:784] Path of length 29 found: [0, 8, 9, 10, 2, 3, 4, 5, 6, 14, 15, 23, 31, 39, 38, 37, 29, 21, 20, 19, 27, 26, 34, 42, 43, 44, 52, 53, 54, 55]
[00:00:00:03:191] ! Bidirectional. expansions: 674, time: 2,785 [ms], path length: 29 [edges], g_F: 17, g_B: 12, generated: 1,153, MM: 5, MMPER: 15.666666666666668%
[00:00:00:03:191] 
---------- SM_Grids/7x8_grid_with_random_blocks_16per_6 ----------
[00:00:00:02:731] Path of length 29 found: [0, 1, 2, 3, 4, 5, 6, 14, 15, 23, 31, 30, 29, 21, 20, 19, 18, 17, 16, 24, 32, 33, 34, 35, 43, 51, 52, 53, 54, 55]
[00:00:00:02:732] ! Unidirectional s-t. expansions: 777, time: 2,731 [ms], path length: 29 [edges], generated: 1,292
[00:00:00:02:789] Path of length 29 found: [55, 54, 53, 52, 44, 36, 37, 38, 30, 31, 23, 15, 7, 6, 5, 13, 21, 20, 19, 27, 26, 34, 33, 32, 24, 16, 17, 9, 1, 0]
[00:00:00:02:789] ! Unidirectional t-s. expansions: 711, time: 2,789 [ms], path length: 29 [edges], generated: 1,227
[00:00:00:00:166] Expansion 30: New longest path found with length 15: [0, 1, 9, 17, 16, 24, 32, 33, 34, 35, 43, 51, 52, 53, 54, 55]. g_current=8, g_opposite=7, f_max=35, generated=53
[00:00:00:00:223] Expansion 42: New longest path found with length 17: [0, 1, 2, 3, 11, 12, 13, 5, 6, 7, 15, 23, 31, 30, 38, 46, 54, 55]. g_current=11, g_opposite=6, f_max=34, generated=75
[00:00:00:00:301] Expansion 58: New longest path found with length 25: [0, 1, 9, 17, 16, 24, 32, 33, 34, 26, 27, 19, 20, 21, 13, 5, 6, 7, 15, 23, 31, 30, 38, 46, 54, 55]. g_current=11, g_opposite=14, f_max=34, generated=105
[00:00:00:00:732] Expansion 170: New longest path found with length 29: [0, 1, 9, 17, 16, 24, 32, 33, 34, 26, 27, 19, 11, 3, 4, 5, 6, 7, 15, 23, 31, 30, 38, 37, 36, 44, 52, 53, 54, 55]. g_current=14, g_opposite=15, f_max=34, generated=287
[00:00:00:03:232] Path of length 29 found: [0, 1, 9, 17, 16, 24, 32, 33, 34, 26, 27, 19, 11, 3, 4, 5, 6, 7, 15, 23, 31, 30, 38, 37, 36, 44, 52, 53, 54, 55]
[00:00:00:03:687] ! Bidirectional. expansions: 764, time: 3,232 [ms], path length: 29 [edges], g_F: 14, g_B: 15, generated: 1,389, MM: 1, MMPER: 2.3333333333333335%
[00:00:00:03:687] 
---------- SM_Grids/7x8_grid_with_random_blocks_16per_7 ----------
[00:00:00:04:611] Path of length 27 found: [0, 1, 9, 17, 16, 24, 32, 40, 48, 49, 50, 42, 43, 44, 36, 28, 27, 19, 11, 12, 13, 14, 22, 30, 38, 46, 54, 55]
[00:00:00:04:611] ! Unidirectional s-t. expansions: 1,201, time: 4,611 [ms], path length: 27 [edges], generated: 2,214
[00:00:00:00:482] Path of length 27 found: [55, 47, 39, 38, 30, 22, 14, 13, 12, 11, 19, 27, 28, 36, 44, 52, 51, 50, 42, 34, 33, 32, 24, 16, 17, 9, 1, 0]
[00:00:00:00:482] ! Unidirectional t-s. expansions: 125, time: 482 [ms], path length: 27 [edges], generated: 206
[00:00:00:00:353] Expansion 81: New longest path found with length 17: [0, 1, 9, 17, 16, 24, 32, 40, 48, 49, 50, 42, 43, 44, 45, 53, 54, 55]. g_current=13, g_opposite=4, f_max=34, generated=123
[00:00:00:00:836] Expansion 217: New longest path found with length 19: [0, 1, 9, 17, 16, 24, 32, 40, 48, 49, 50, 51, 52, 53, 45, 37, 38, 39, 47, 55]. g_current=15, g_opposite=4, f_max=33, generated=369
[00:00:00:01:998] Expansion 521: New longest path found with length 27: [0, 1, 9, 17, 16, 24, 32, 40, 48, 49, 50, 42, 43, 44, 36, 28, 27, 19, 11, 12, 13, 14, 22, 30, 38, 39, 47, 55]. g_current=11, g_opposite=16, f_max=31, generated=926
[00:00:00:03:058] Path of length 27 found: [0, 1, 9, 17, 16, 24, 32, 40, 48, 49, 50, 42, 43, 44, 36, 28, 27, 19, 11, 12, 13, 14, 22, 30, 38, 39, 47, 55]
[00:00:00:03:476] ! Bidirectional. expansions: 771, time: 3,058 [ms], path length: 27 [edges], g_F: 16, g_B: 11, generated: 1,366, MM: 5, MMPER: 16.857142857142858%
[00:00:00:03:476] 
---------- SM_Grids/7x8_grid_with_random_blocks_16per_8 ----------
[00:00:00:01:529] Path of length 27 found: [0, 8, 9, 10, 18, 26, 25, 33, 41, 42, 43, 35, 36, 28, 29, 21, 13, 5, 6, 7, 15, 23, 31, 39, 38, 46, 54, 55]
[00:00:00:01:530] ! Unidirectional s-t. expansions: 402, time: 1,529 [ms], path length: 27 [edges], generated: 679
[00:00:00:03:438] Path of length 27 found: [55, 47, 39, 31, 23, 15, 7, 6, 5, 4, 12, 20, 28, 29, 37, 45, 44, 43, 42, 41, 33, 25, 26, 18, 10, 9, 8, 0]
[00:00:00:03:438] ! Unidirectional t-s. expansions: 783, time: 3,438 [ms], path length: 27 [edges], generated: 1,447
[00:00:00:00:163] Expansion 33: New longest path found with length 17: [0, 8, 9, 10, 2, 3, 4, 5, 6, 7, 15, 23, 31, 39, 38, 46, 54, 55]. g_current=13, g_opposite=4, f_max=36, generated=54
[00:00:00:00:313] Expansion 75: New longest path found with length 19: [0, 8, 16, 17, 18, 10, 2, 3, 4, 5, 6, 7, 15, 23, 31, 39, 38, 46, 54, 55]. g_current=4, g_opposite=15, f_max=35, generated=113
[00:00:00:00:377] Expansion 89: New longest path found with length 21: [0, 8, 16, 17, 18, 10, 2, 3, 4, 5, 6, 7, 15, 23, 31, 30, 38, 37, 45, 53, 54, 55]. g_current=12, g_opposite=9, f_max=34, generated=138
[00:00:00:00:922] Expansion 240: New longest path found with length 23: [0, 8, 16, 17, 18, 10, 2, 3, 4, 5, 6, 7, 15, 23, 31, 30, 29, 28, 36, 44, 45, 53, 54, 55]. g_current=7, g_opposite=16, f_max=33, generated=372
[00:00:00:02:078] Expansion 532: New longest path found with length 27: [0, 8, 9, 10, 18, 26, 25, 33, 41, 42, 43, 44, 45, 37, 29, 28, 20, 12, 4, 5, 6, 7, 15, 23, 31, 39, 47, 55]. g_current=10, g_opposite=17, f_max=30, generated=877
[00:00:00:03:399] Path of length 27 found: [0, 8, 9, 10, 18, 26, 25, 33, 41, 42, 43, 44, 45, 37, 29, 28, 20, 12, 4, 5, 6, 7, 15, 23, 31, 39, 47, 55]
[00:00:00:03:830] ! Bidirectional. expansions: 792, time: 3,399 [ms], path length: 27 [edges], g_F: 10, g_B: 17, generated: 1,390, MM: 7, MMPER: 24.0%
[00:00:00:03:830] 
---------- SM_Grids/7x8_grid_with_random_blocks_16per_9 ----------
[00:00:00:01:976] Path of length 25 found: [0, 8, 16, 17, 18, 10, 2, 3, 4, 12, 20, 28, 27, 35, 34, 42, 50, 51, 52, 44, 45, 37, 38, 39, 47, 55]
[00:00:00:01:976] ! Unidirectional s-t. expansions: 479, time: 1,976 [ms], path length: 25 [edges], generated: 844
[00:00:00:02:873] Path of length 25 found: [55, 47, 39, 38, 37, 45, 44, 52, 51, 50, 42, 34, 35, 27, 28, 20, 12, 4, 3, 2, 10, 18, 17, 16, 8, 0]
[00:00:00:02:874] ! Unidirectional t-s. expansions: 689, time: 2,873 [ms], path length: 25 [edges], generated: 1,186
[00:00:00:00:418] Expansion 81: New longest path found with length 15: [0, 1, 2, 3, 4, 5, 6, 7, 15, 23, 31, 39, 38, 46, 54, 55]. g_current=10, g_opposite=5, f_max=33, generated=130
[00:00:00:00:430] Expansion 84: New longest path found with length 17: [0, 8, 9, 10, 2, 3, 4, 5, 6, 7, 15, 23, 31, 39, 38, 46, 54, 55]. g_current=13, g_opposite=4, f_max=34, generated=135
[00:00:00:00:459] Expansion 93: New longest path found with length 21: [0, 1, 2, 3, 4, 12, 20, 28, 27, 35, 34, 42, 50, 51, 52, 44, 45, 37, 38, 39, 47, 55]. g_current=14, g_opposite=7, f_max=33, generated=149
[00:00:00:00:859] Expansion 217: New longest path found with length 25: [0, 8, 16, 17, 18, 10, 2, 3, 4, 12, 20, 28, 27, 35, 34, 42, 50, 51, 52, 44, 45, 37, 38, 39, 47, 55]. g_current=8, g_opposite=17, f_max=33, generated=341
[00:00:00:03:710] Path of length 25 found: [0, 8, 16, 17, 18, 10, 2, 3, 4, 12, 20, 28, 27, 35, 34, 42, 50, 51, 52, 44, 45, 37, 38, 39, 47, 55]
[00:00:00:04:157] ! Bidirectional. expansions: 950, time: 3,710 [ms], path length: 25 [edges], g_F: 8, g_B: 17, generated: 1,665, MM: 9, MMPER: 33.61538461538461%

[00:00:00:04:157] average expansions: (583, 400, 615, 0)
[00:00:00:04:157] average time: (2,205, 1,652, 2,509, 0)
[00:00:00:04:157] XA*: 400 , 1,652 (expansions , time[ms])
[00:00:00:04:157] XMM: 615 , 2,509 (expansions , time[ms])

