------------------------------------
Thu 01 Oct 2026 12:43:45 IDT
SLURM_JOBID:		21944669
SLURM_JOB_NODELIST:	ise-cpu256-02
SLURM_SCRATCH_DIR:	/scratch/shubit/21944669
Allocated Resouces:	cpu - 2 / mem - 61440 MB / gpu - 
SLURM_GPU_INDEX:	
Running as shubit from shimony account with normal QOS
------------------------------------
Thu 01 Oct 2026 12:43:46 IDT

SLURM_JOBID:		 21944669
SLURM_JOB_NODELIST:	 ise-cpu256-02 

--------------------------
date: SM_Grids
number_of_graphs: 10
graph_type: grid
size_of_graphs: [7, 7]
heuristic: bcc_heuristic
snake: True
run_uni: True
run_bi: True
run_multi: False
solution_vertices: []
algorithms: ['IDA']
lookahead: -2
bsd: False
cube_first_dims: 4
cube_buffer_dim: None
backward_sym_generation: False
sym_coil: False
prefix_set: None

---------- SM_Grids/7x7_grid_with_random_blocks_8per_0 ----------
[00:00:00:09:379] Path of length 28 found: [0, 7, 8, 15, 16, 17, 10, 3, 4, 5, 12, 13, 20, 27, 26, 25, 32, 31, 30, 29, 28, 35, 42, 43, 44, 45, 46, 47, 48]
[00:00:00:09:379] ! Unidirectional s-t. expansions: 3,023, time: 9,379 [ms], path length: 28 [edges], generated: 5,225
[00:00:00:05:091] Path of length 28 found: [48, 41, 34, 27, 20, 13, 6, 5, 4, 3, 10, 17, 18, 25, 32, 39, 46, 45, 44, 37, 36, 35, 28, 21, 22, 15, 8, 1, 0]
[00:00:00:05:092] ! Unidirectional t-s. expansions: 1,426, time: 5,092 [ms], path length: 28 [edges], generated: 2,458
[00:00:00:07:275] Path of length 28 found: [0, 7, 8, 15, 16, 17, 10, 3, 4, 5, 12, 13, 20, 27, 26, 25, 32, 31, 30, 29, 28, 35, 42, 43, 44, 45, 46, 47, 48]
[00:00:00:07:658] ! Bidirectional. expansions: 2,185, time: 7,275 [ms], path length: 28 [edges], g_F: 28, g_B: 0, generated: 0, MM: 28, MMPER: 95.55172413793103%
[00:00:00:07:658] 
---------- SM_Grids/7x7_grid_with_random_blocks_8per_1 ----------
[00:00:00:06:656] Path of length 24 found: [0, 7, 14, 21, 28, 29, 30, 31, 24, 17, 16, 9, 2, 3, 4, 11, 12, 19, 20, 27, 34, 33, 40, 47, 48]
[00:00:00:06:656] ! Unidirectional s-t. expansions: 1,945, time: 6,656 [ms], path length: 24 [edges], generated: 3,501
[00:00:00:33:285] Path of length 24 found: [48, 47, 46, 39, 32, 33, 34, 27, 20, 13, 6, 5, 4, 3, 10, 17, 24, 23, 30, 29, 28, 21, 14, 7, 0]
[00:00:00:33:286] ! Unidirectional t-s. expansions: 10,822, time: 33,285 [ms], path length: 24 [edges], generated: 19,686
[00:00:00:08:606] Path of length 24 found: [0, 7, 14, 21, 28, 29, 30, 23, 16, 9, 2, 3, 4, 5, 12, 19, 20, 27, 34, 33, 32, 39, 46, 47, 48]
[00:00:00:08:956] ! Bidirectional. expansions: 2,442, time: 8,606 [ms], path length: 24 [edges], g_F: 20, g_B: 4, generated: 0, MM: 16, MMPER: 63.0%
[00:00:00:08:956] 
---------- SM_Grids/7x7_grid_with_random_blocks_8per_2 ----------
[00:00:00:02:620] Path of length 30 found: [0, 7, 8, 9, 2, 3, 4, 5, 6, 13, 20, 19, 18, 17, 24, 23, 22, 21, 28, 35, 36, 43, 44, 45, 38, 39, 32, 33, 34, 41, 48]
[00:00:00:02:620] ! Unidirectional s-t. expansions: 723, time: 2,620 [ms], path length: 30 [edges], generated: 1,223
[00:00:00:06:487] Path of length 30 found: [48, 41, 34, 33, 32, 39, 38, 45, 44, 43, 36, 35, 28, 21, 22, 23, 24, 17, 18, 19, 20, 13, 6, 5, 4, 3, 2, 9, 8, 7, 0]
[00:00:00:06:487] ! Unidirectional t-s. expansions: 1,734, time: 6,487 [ms], path length: 30 [edges], generated: 2,980
[00:00:00:03:148] Path of length 30 found: [0, 7, 8, 9, 2, 3, 4, 5, 6, 13, 20, 19, 18, 17, 24, 23, 22, 21, 28, 35, 36, 43, 44, 45, 38, 39, 32, 33, 34, 41, 48]
[00:00:00:03:496] ! Bidirectional. expansions: 801, time: 3,149 [ms], path length: 30 [edges], g_F: 15, g_B: 15, generated: 0, MM: 0, MMPER: -1.0%
[00:00:00:03:496] 
---------- SM_Grids/7x7_grid_with_random_blocks_8per_3 ----------
[00:00:00:07:768] Path of length 28 found: [0, 7, 14, 21, 28, 35, 42, 43, 44, 37, 30, 31, 24, 17, 16, 9, 2, 3, 4, 11, 12, 13, 20, 27, 26, 33, 40, 47, 48]
[00:00:00:07:769] ! Unidirectional s-t. expansions: 2,571, time: 7,768 [ms], path length: 28 [edges], generated: 4,193
[00:00:00:09:522] Path of length 28 found: [48, 47, 46, 39, 32, 33, 26, 27, 20, 13, 6, 5, 4, 11, 18, 17, 24, 23, 30, 37, 44, 43, 42, 35, 28, 21, 14, 7, 0]
[00:00:00:09:522] ! Unidirectional t-s. expansions: 3,467, time: 9,522 [ms], path length: 28 [edges], generated: 5,280
[00:00:00:06:827] Path of length 28 found: [0, 7, 14, 21, 28, 35, 42, 43, 44, 45, 38, 31, 30, 23, 16, 9, 2, 3, 4, 5, 6, 13, 20, 19, 26, 33, 40, 41, 48]
[00:00:00:07:182] ! Bidirectional. expansions: 2,030, time: 6,827 [ms], path length: 28 [edges], g_F: 24, g_B: 4, generated: 0, MM: 20, MMPER: 67.96551724137932%
[00:00:00:07:183] 
---------- SM_Grids/7x7_grid_with_random_blocks_8per_4 ----------
[00:00:00:04:255] Path of length 28 found: [0, 1, 2, 9, 16, 15, 14, 21, 28, 35, 36, 37, 30, 31, 24, 25, 18, 11, 4, 5, 6, 13, 20, 27, 34, 33, 40, 47, 48]
[00:00:00:04:255] ! Unidirectional s-t. expansions: 1,125, time: 4,255 [ms], path length: 28 [edges], generated: 2,024
[00:00:00:05:188] Path of length 28 found: [48, 47, 46, 45, 38, 37, 36, 35, 28, 21, 22, 23, 24, 25, 32, 33, 34, 27, 20, 13, 6, 5, 4, 11, 10, 9, 2, 1, 0]
[00:00:00:05:189] ! Unidirectional t-s. expansions: 1,375, time: 5,188 [ms], path length: 28 [edges], generated: 2,422
[00:00:00:04:977] Path of length 28 found: [0, 1, 2, 9, 16, 15, 14, 21, 28, 35, 36, 37, 30, 31, 24, 25, 18, 11, 4, 5, 6, 13, 20, 27, 34, 33, 40, 47, 48]
[00:00:00:05:329] ! Bidirectional. expansions: 1,302, time: 4,977 [ms], path length: 28 [edges], g_F: 28, g_B: 0, generated: 0, MM: 28, MMPER: 95.55172413793103%
[00:00:00:05:330] 
---------- SM_Grids/7x7_grid_with_random_blocks_8per_5 ----------
[00:00:00:16:305] Path of length 26 found: [0, 1, 8, 15, 14, 21, 28, 35, 42, 43, 44, 37, 30, 23, 24, 17, 10, 11, 12, 13, 20, 27, 26, 33, 40, 41, 48]
[00:00:00:16:306] ! Unidirectional s-t. expansions: 4,898, time: 16,305 [ms], path length: 26 [edges], generated: 9,002
[00:00:00:09:151] Path of length 26 found: [48, 41, 40, 39, 46, 45, 44, 43, 42, 35, 28, 29, 30, 23, 24, 25, 26, 27, 20, 13, 12, 11, 10, 3, 2, 1, 0]
[00:00:00:09:151] ! Unidirectional t-s. expansions: 2,844, time: 9,151 [ms], path length: 26 [edges], generated: 4,847
[00:00:00:10:213] Path of length 26 found: [0, 1, 8, 15, 14, 21, 28, 35, 42, 43, 44, 45, 46, 39, 32, 31, 24, 17, 18, 11, 12, 13, 20, 27, 34, 41, 48]
[00:00:00:10:562] ! Bidirectional. expansions: 2,998, time: 10,213 [ms], path length: 26 [edges], g_F: 15, g_B: 11, generated: 0, MM: 4, MMPER: 13.814814814814815%
[00:00:00:10:562] 
---------- SM_Grids/7x7_grid_with_random_blocks_8per_6 ----------
[00:00:00:01:763] Path of length 30 found: [0, 1, 2, 9, 16, 15, 14, 21, 28, 35, 42, 43, 44, 37, 30, 31, 24, 25, 18, 11, 4, 5, 6, 13, 20, 27, 34, 33, 40, 47, 48]
[00:00:00:01:763] ! Unidirectional s-t. expansions: 528, time: 1,763 [ms], path length: 30 [edges], generated: 846
[00:00:00:05:252] Path of length 30 found: [48, 47, 40, 33, 34, 27, 20, 13, 6, 5, 4, 11, 18, 25, 24, 31, 38, 37, 44, 43, 42, 35, 28, 21, 14, 15, 16, 9, 2, 1, 0]
[00:00:00:05:253] ! Unidirectional t-s. expansions: 1,478, time: 5,252 [ms], path length: 30 [edges], generated: 2,453
[00:00:00:01:870] Path of length 30 found: [0, 1, 2, 9, 16, 15, 14, 21, 28, 35, 42, 43, 44, 45, 38, 31, 24, 25, 18, 11, 4, 5, 6, 13, 20, 27, 34, 33, 40, 47, 48]
[00:00:00:02:229] ! Bidirectional. expansions: 503, time: 1,870 [ms], path length: 30 [edges], g_F: 5, g_B: 25, generated: 0, MM: 20, MMPER: 63.516129032258064%
[00:00:00:02:229] 
---------- SM_Grids/7x7_grid_with_random_blocks_8per_7 ----------
[00:00:00:02:353] Path of length 28 found: [0, 7, 14, 15, 16, 9, 2, 3, 4, 5, 12, 19, 18, 25, 24, 31, 30, 29, 28, 35, 42, 43, 44, 45, 46, 39, 40, 41, 48]
[00:00:00:02:353] ! Unidirectional s-t. expansions: 555, time: 2,353 [ms], path length: 28 [edges], generated: 1,023
[00:00:00:03:156] Path of length 28 found: [48, 41, 40, 39, 46, 45, 44, 43, 42, 35, 28, 29, 30, 31, 24, 25, 26, 19, 12, 5, 4, 3, 2, 9, 16, 15, 14, 7, 0]
[00:00:00:03:156] ! Unidirectional t-s. expansions: 850, time: 3,156 [ms], path length: 28 [edges], generated: 1,517
[00:00:00:02:114] Path of length 28 found: [0, 7, 14, 15, 16, 9, 2, 3, 4, 11, 12, 19, 26, 25, 24, 31, 30, 29, 28, 35, 42, 43, 44, 45, 46, 39, 40, 41, 48]
[00:00:00:02:487] ! Bidirectional. expansions: 478, time: 2,114 [ms], path length: 28 [edges], g_F: 25, g_B: 3, generated: 0, MM: 22, MMPER: 74.86206896551724%
[00:00:00:02:487] 
---------- SM_Grids/7x7_grid_with_random_blocks_8per_8 ----------
[00:00:00:02:433] Path of length 30 found: [0, 7, 8, 9, 2, 3, 4, 5, 6, 13, 20, 19, 18, 17, 24, 23, 22, 21, 28, 35, 42, 43, 44, 37, 38, 39, 32, 33, 34, 41, 48]
[00:00:00:02:433] ! Unidirectional s-t. expansions: 718, time: 2,433 [ms], path length: 30 [edges], generated: 1,163
[00:00:00:02:608] Path of length 30 found: [48, 41, 34, 33, 32, 39, 38, 37, 44, 43, 42, 35, 28, 21, 22, 23, 24, 17, 18, 19, 20, 13, 6, 5, 4, 3, 2, 9, 8, 7, 0]
[00:00:00:02:608] ! Unidirectional t-s. expansions: 713, time: 2,608 [ms], path length: 30 [edges], generated: 1,206
[00:00:00:01:991] Path of length 30 found: [0, 7, 8, 9, 2, 3, 4, 5, 6, 13, 20, 19, 18, 17, 24, 23, 22, 21, 28, 35, 42, 43, 44, 37, 38, 39, 32, 33, 34, 41, 48]
[00:00:00:02:345] ! Bidirectional. expansions: 510, time: 1,992 [ms], path length: 30 [edges], g_F: 26, g_B: 4, generated: 0, MM: 22, MMPER: 69.96774193548387%
[00:00:00:02:345] 
---------- SM_Grids/7x7_grid_with_random_blocks_8per_9 ----------
[00:00:00:13:515] Path of length 28 found: [0, 7, 8, 9, 16, 23, 22, 21, 28, 35, 42, 43, 44, 37, 38, 31, 32, 25, 18, 11, 4, 5, 6, 13, 20, 27, 34, 41, 48]
[00:00:00:13:515] ! Unidirectional s-t. expansions: 4,061, time: 13,515 [ms], path length: 28 [edges], generated: 6,739
[00:00:00:07:723] Path of length 28 found: [48, 41, 40, 39, 38, 45, 44, 43, 42, 35, 28, 29, 22, 23, 16, 17, 18, 25, 26, 27, 20, 13, 6, 5, 4, 3, 2, 1, 0]
[00:00:00:07:723] ! Unidirectional t-s. expansions: 2,543, time: 7,723 [ms], path length: 28 [edges], generated: 4,212
[00:00:00:07:798] Path of length 28 found: [0, 1, 8, 15, 22, 29, 28, 35, 42, 43, 44, 45, 38, 39, 32, 25, 18, 17, 10, 3, 4, 5, 6, 13, 20, 27, 34, 41, 48]
[00:00:00:08:147] ! Bidirectional. expansions: 2,501, time: 7,798 [ms], path length: 28 [edges], g_F: 4, g_B: 24, generated: 0, MM: 20, MMPER: 67.96551724137932%

[00:00:00:08:147] average expansions: (2,015, 2,725, 1,575, 0)
[00:00:00:08:147] average time: (6,705, 8,746, 5,482, 0)
[00:00:00:08:147] XIDA: 2,015 , 6,705 (expansions , time[ms])
[00:00:00:08:147] BiXIDA: 1,575 , 5,482 (expansions , time[ms])

