------------------------------------
Thu 01 Oct 2026 17:37:24 IDT
SLURM_JOBID:		21953687
SLURM_JOB_NODELIST:	ise-cpu256-02
SLURM_SCRATCH_DIR:	/scratch/shubit/21953687
Allocated Resouces:	cpu - 2 / mem - 61440 MB / gpu - 
SLURM_GPU_INDEX:	
Running as shubit from shimony account with normal QOS
------------------------------------
Thu 01 Oct 2026 17:37:24 IDT

SLURM_JOBID:		 21953687
SLURM_JOB_NODELIST:	 ise-cpu256-02 

--------------------------
date: SM_Grids
number_of_graphs: 10
graph_type: grid
size_of_graphs: [7, 9]
heuristic: bcc_heuristic
snake: True
run_uni: True
run_bi: True
run_multi: False
solution_vertices: []
algorithms: ['XMM']
lookahead: 3
bsd: False
cube_first_dims: 4
cube_buffer_dim: None
backward_sym_generation: False
sym_coil: False
prefix_set: None

---------- SM_Grids/7x9_grid_with_random_blocks_20per_0 ----------
[00:00:00:00:338] Path of length 28 found: [0, 9, 18, 19, 20, 29, 30, 39, 48, 57, 58, 59, 50, 41, 32, 23, 22, 13, 4, 5, 6, 7, 8, 17, 26, 35, 44, 53, 62]
[00:00:00:00:339] ! Unidirectional s-t. expansions: 32, time: 339 [ms], path length: 28 [edges], generated: 254
[00:00:00:00:313] Path of length 28 found: [62, 53, 44, 35, 26, 17, 8, 7, 6, 5, 4, 13, 22, 23, 32, 41, 50, 59, 58, 57, 48, 39, 30, 29, 20, 19, 10, 1, 0]
[00:00:00:00:313] ! Unidirectional t-s. expansions: 25, time: 313 [ms], path length: 28 [edges], generated: 222
[00:00:00:00:321] Expansion 54: New longest path found with length 14: [0, 9, 18, 19, 20, 29, 30, 39, 48, 57, 58, 59, 60, 61, 62]. g_current=10, g_opposite=4, f_max=32, generated=83
[00:00:00:00:371] Expansion 67: New longest path found with length 20: [0, 9, 18, 19, 20, 29, 30, 31, 22, 13, 4, 5, 6, 7, 8, 17, 26, 35, 44, 53, 62]. g_current=7, g_opposite=13, f_max=31, generated=104
[00:00:00:00:487] Expansion 95: New longest path found with length 28: [0, 9, 18, 19, 20, 29, 30, 39, 48, 57, 58, 59, 50, 41, 32, 23, 22, 13, 4, 5, 6, 7, 8, 17, 26, 35, 44, 53, 62]. g_current=13, g_opposite=15, f_max=30, generated=151
[00:00:00:00:552] Path of length 28 found: [0, 9, 18, 19, 20, 29, 30, 39, 48, 57, 58, 59, 50, 41, 32, 23, 22, 13, 4, 5, 6, 7, 8, 17, 26, 35, 44, 53, 62]
[00:00:00:01:119] ! Bidirectional. expansions: 107, time: 552 [ms], path length: 28 [edges], g_F: 13, g_B: 15, generated: 172, MM: 2, MMPER: 5.896551724137931%
[00:00:00:01:119] 
---------- SM_Grids/7x9_grid_with_random_blocks_20per_1 ----------
[00:00:00:00:697] Path of length 22 found: [0, 9, 10, 11, 12, 21, 30, 29, 38, 37, 36, 45, 54, 55, 56, 57, 48, 49, 50, 59, 60, 61, 62]
[00:00:00:00:698] ! Unidirectional s-t. expansions: 78, time: 697 [ms], path length: 22 [edges], generated: 498
[00:00:00:00:954] Path of length 22 found: [62, 53, 52, 51, 60, 59, 58, 57, 56, 55, 54, 45, 36, 37, 38, 29, 30, 21, 12, 11, 10, 1, 0]
[00:00:00:00:954] ! Unidirectional t-s. expansions: 75, time: 954 [ms], path length: 22 [edges], generated: 613
[00:00:00:00:157] Expansion 36: New longest path found with length 18: [0, 9, 10, 19, 20, 21, 12, 3, 4, 5, 6, 7, 8, 17, 26, 35, 44, 53, 62]. g_current=4, g_opposite=14, f_max=35, generated=51
[00:00:00:00:825] Expansion 194: New longest path found with length 22: [0, 9, 10, 11, 12, 21, 30, 29, 38, 37, 36, 45, 54, 55, 56, 57, 58, 59, 60, 51, 52, 53, 62]. g_current=10, g_opposite=12, f_max=23, generated=273
[00:00:00:01:311] Path of length 22 found: [0, 9, 10, 11, 12, 21, 30, 29, 38, 37, 36, 45, 54, 55, 56, 57, 58, 59, 60, 51, 52, 53, 62]
[00:00:00:02:044] ! Bidirectional. expansions: 282, time: 1,311 [ms], path length: 22 [edges], g_F: 12, g_B: 10, generated: 428, MM: 2, MMPER: 7.695652173913043%
[00:00:00:02:044] 
---------- SM_Grids/7x9_grid_with_random_blocks_20per_2 ----------
[00:00:00:02:031] Path of length 30 found: [0, 1, 10, 19, 18, 27, 36, 45, 46, 47, 38, 29, 30, 21, 12, 3, 4, 5, 14, 15, 16, 25, 34, 33, 32, 41, 50, 51, 60, 61, 62]
[00:00:00:02:031] ! Unidirectional s-t. expansions: 149, time: 2,031 [ms], path length: 30 [edges], generated: 1,465
[00:00:00:01:853] Path of length 30 found: [62, 53, 52, 51, 50, 49, 40, 31, 32, 33, 34, 25, 16, 15, 14, 5, 4, 3, 12, 21, 20, 29, 38, 47, 46, 45, 36, 27, 18, 9, 0]
[00:00:00:01:853] ! Unidirectional t-s. expansions: 140, time: 1,853 [ms], path length: 30 [edges], generated: 1,270
[00:00:00:00:279] Expansion 35: New longest path found with length 14: [0, 1, 2, 3, 4, 5, 14, 15, 16, 25, 34, 43, 44, 53, 62]. g_current=10, g_opposite=4, f_max=35, generated=62
[00:00:00:00:446] Expansion 68: New longest path found with length 18: [0, 9, 10, 19, 28, 27, 36, 45, 46, 47, 38, 39, 40, 49, 50, 51, 52, 53, 62]. g_current=6, g_opposite=12, f_max=34, generated=117
[00:00:00:00:600] Expansion 97: New longest path found with length 20: [0, 1, 10, 19, 18, 27, 36, 45, 46, 47, 38, 29, 30, 31, 40, 49, 50, 51, 52, 53, 62]. g_current=13, g_opposite=7, f_max=34, generated=170
[00:00:00:00:752] Expansion 123: New longest path found with length 26: [0, 1, 10, 19, 18, 27, 36, 45, 46, 47, 38, 29, 30, 21, 12, 3, 4, 5, 14, 15, 16, 25, 34, 43, 44, 53, 62]. g_current=9, g_opposite=17, f_max=34, generated=225
[00:00:00:01:328] Expansion 247: New longest path found with length 28: [0, 1, 10, 19, 18, 27, 36, 45, 46, 47, 38, 29, 30, 21, 12, 3, 4, 5, 14, 15, 16, 25, 34, 43, 42, 51, 60, 61, 62]. g_current=11, g_opposite=17, f_max=32, generated=438
[00:00:00:01:491] Expansion 285: New longest path found with length 30: [0, 1, 10, 19, 18, 27, 36, 45, 46, 47, 38, 29, 30, 21, 12, 3, 4, 5, 14, 15, 16, 25, 34, 33, 32, 41, 50, 51, 52, 53, 62]. g_current=13, g_opposite=17, f_max=32, generated=503
[00:00:00:02:802] Path of length 30 found: [0, 1, 10, 19, 18, 27, 36, 45, 46, 47, 38, 29, 30, 21, 12, 3, 4, 5, 14, 15, 16, 25, 34, 33, 32, 41, 50, 51, 52, 53, 62]
[00:00:00:03:279] ! Bidirectional. expansions: 546, time: 2,802 [ms], path length: 30 [edges], g_F: 17, g_B: 13, generated: 979, MM: 4, MMPER: 11.903225806451612%
[00:00:00:03:279] 
---------- SM_Grids/7x9_grid_with_random_blocks_20per_3 ----------
[00:00:00:00:579] Path of length 32 found: [0, 9, 10, 19, 28, 27, 36, 45, 46, 55, 56, 57, 58, 59, 50, 41, 40, 39, 30, 21, 22, 13, 4, 5, 6, 7, 16, 25, 34, 43, 52, 61, 62]
[00:00:00:00:580] ! Unidirectional s-t. expansions: 47, time: 579 [ms], path length: 32 [edges], generated: 376
[00:00:00:00:498] Path of length 32 found: [62, 53, 44, 43, 34, 25, 16, 7, 6, 5, 4, 13, 22, 21, 30, 39, 40, 41, 50, 59, 58, 57, 56, 47, 46, 45, 36, 27, 28, 19, 10, 1, 0]
[00:00:00:00:498] ! Unidirectional t-s. expansions: 50, time: 498 [ms], path length: 32 [edges], generated: 365
[00:00:00:00:129] Expansion 21: New longest path found with length 14: [0, 1, 2, 3, 4, 5, 6, 7, 16, 25, 34, 43, 44, 53, 62]. g_current=10, g_opposite=4, f_max=37, generated=37
[00:00:00:00:232] Expansion 44: New longest path found with length 16: [0, 1, 2, 3, 4, 5, 6, 7, 16, 25, 34, 33, 42, 51, 52, 53, 62]. g_current=12, g_opposite=4, f_max=36, generated=73
[00:00:00:00:421] Expansion 85: New longest path found with length 18: [0, 1, 10, 19, 20, 21, 22, 13, 4, 5, 6, 7, 16, 25, 34, 43, 44, 53, 62]. g_current=13, g_opposite=5, f_max=34, generated=141
[00:00:00:00:676] Expansion 134: New longest path found with length 20: [0, 1, 10, 19, 20, 21, 22, 13, 4, 5, 6, 7, 16, 25, 34, 33, 42, 51, 52, 53, 62]. g_current=6, g_opposite=14, f_max=34, generated=219
[00:00:00:00:863] Expansion 183: New longest path found with length 30: [0, 1, 10, 19, 28, 27, 36, 45, 46, 55, 56, 57, 58, 59, 50, 41, 40, 31, 22, 13, 4, 5, 6, 7, 16, 25, 34, 43, 44, 53, 62]. g_current=15, g_opposite=15, f_max=33, generated=303
[00:00:00:01:064] Expansion 239: New longest path found with length 32: [0, 1, 10, 19, 28, 27, 36, 45, 46, 55, 56, 57, 58, 59, 50, 41, 40, 39, 30, 21, 22, 13, 4, 5, 6, 7, 16, 25, 34, 43, 44, 53, 62]. g_current=16, g_opposite=16, f_max=32, generated=392
[00:00:00:01:108] Path of length 32 found: [0, 1, 10, 19, 28, 27, 36, 45, 46, 55, 56, 57, 58, 59, 50, 41, 40, 39, 30, 21, 22, 13, 4, 5, 6, 7, 16, 25, 34, 43, 44, 53, 62]
[00:00:00:01:582] ! Bidirectional. expansions: 239, time: 1,108 [ms], path length: 32 [edges], g_F: 16, g_B: 16, generated: 392, MM: 0, MMPER: -1.0%
[00:00:00:01:582] 
---------- SM_Grids/7x9_grid_with_random_blocks_20per_4 ----------
[00:00:00:00:273] Path of length 28 found: [0, 9, 18, 27, 36, 45, 54, 55, 56, 57, 48, 39, 38, 29, 20, 21, 12, 3, 4, 5, 14, 23, 32, 33, 34, 43, 52, 61, 62]
[00:00:00:00:273] ! Unidirectional s-t. expansions: 31, time: 273 [ms], path length: 28 [edges], generated: 225
[00:00:00:01:353] Path of length 28 found: [62, 61, 60, 51, 42, 33, 32, 23, 14, 5, 4, 3, 12, 21, 20, 29, 38, 39, 48, 57, 56, 55, 54, 45, 36, 27, 18, 9, 0]
[00:00:00:01:353] ! Unidirectional t-s. expansions: 143, time: 1,353 [ms], path length: 28 [edges], generated: 976
[00:00:00:00:184] Expansion 36: New longest path found with length 14: [0, 1, 2, 3, 4, 5, 14, 23, 32, 33, 42, 51, 60, 61, 62]. g_current=6, g_opposite=8, f_max=32, generated=59
[00:00:00:00:520] Expansion 94: New longest path found with length 24: [0, 9, 18, 27, 36, 45, 54, 55, 56, 57, 48, 39, 38, 29, 20, 21, 22, 31, 32, 33, 42, 51, 60, 61, 62]. g_current=8, g_opposite=16, f_max=31, generated=168
[00:00:00:00:795] Expansion 144: New longest path found with length 28: [0, 9, 18, 27, 36, 45, 54, 55, 56, 57, 48, 39, 38, 29, 20, 21, 12, 3, 4, 5, 14, 23, 32, 33, 42, 51, 60, 61, 62]. g_current=12, g_opposite=16, f_max=30, generated=282
[00:00:00:01:476] Path of length 28 found: [0, 9, 18, 27, 36, 45, 54, 55, 56, 57, 48, 39, 38, 29, 20, 21, 12, 3, 4, 5, 14, 23, 32, 33, 42, 51, 60, 61, 62]
[00:00:00:01:992] ! Bidirectional. expansions: 307, time: 1,476 [ms], path length: 28 [edges], g_F: 16, g_B: 12, generated: 551, MM: 4, MMPER: 12.793103448275861%
[00:00:00:01:992] 
---------- SM_Grids/7x9_grid_with_random_blocks_20per_5 ----------
[00:00:00:02:242] Path of length 30 found: [0, 9, 10, 11, 20, 29, 28, 27, 36, 45, 46, 47, 48, 39, 40, 31, 32, 23, 14, 5, 6, 7, 16, 17, 26, 35, 34, 43, 52, 61, 62]
[00:00:00:02:243] ! Unidirectional s-t. expansions: 171, time: 2,242 [ms], path length: 30 [edges], generated: 1,820
[00:00:00:00:818] Path of length 30 found: [62, 61, 52, 43, 44, 35, 26, 17, 16, 7, 6, 5, 14, 23, 32, 41, 40, 39, 48, 47, 46, 45, 36, 27, 28, 29, 20, 11, 10, 1, 0]
[00:00:00:00:819] ! Unidirectional t-s. expansions: 70, time: 818 [ms], path length: 30 [edges], generated: 617
[00:00:00:00:217] Expansion 27: New longest path found with length 18: [0, 9, 10, 11, 12, 13, 4, 5, 6, 7, 16, 17, 26, 35, 44, 43, 52, 61, 62]. g_current=15, g_opposite=3, f_max=36, generated=41
[00:00:00:00:446] Expansion 81: New longest path found with length 20: [0, 9, 10, 11, 12, 13, 4, 5, 6, 7, 16, 17, 26, 35, 34, 33, 42, 51, 52, 61, 62]. g_current=14, g_opposite=6, f_max=35, generated=125
[00:00:00:00:736] Expansion 145: New longest path found with length 22: [0, 9, 10, 11, 12, 13, 4, 5, 6, 7, 16, 17, 26, 35, 34, 33, 32, 41, 50, 51, 52, 61, 62]. g_current=7, g_opposite=15, f_max=34, generated=228
[00:00:00:00:833] Expansion 171: New longest path found with length 30: [0, 9, 10, 11, 20, 29, 28, 27, 36, 45, 46, 47, 48, 39, 40, 31, 32, 23, 14, 5, 6, 7, 16, 17, 26, 35, 44, 43, 52, 61, 62]. g_current=17, g_opposite=13, f_max=34, generated=265
[00:00:00:02:607] Path of length 30 found: [0, 9, 10, 11, 20, 29, 28, 27, 36, 45, 46, 47, 48, 39, 40, 31, 32, 23, 14, 5, 6, 7, 16, 17, 26, 35, 44, 43, 52, 61, 62]
[00:00:00:03:084] ! Bidirectional. expansions: 523, time: 2,607 [ms], path length: 30 [edges], g_F: 17, g_B: 13, generated: 906, MM: 4, MMPER: 11.903225806451612%
[00:00:00:03:084] 
---------- SM_Grids/7x9_grid_with_random_blocks_20per_6 ----------
[00:00:00:00:234] Path of length 32 found: [0, 1, 2, 3, 4, 5, 6, 7, 8, 17, 26, 35, 34, 33, 24, 23, 22, 31, 30, 29, 38, 37, 46, 55, 56, 57, 48, 49, 50, 51, 60, 61, 62]
[00:00:00:00:234] ! Unidirectional s-t. expansions: 22, time: 234 [ms], path length: 32 [edges], generated: 182
[00:00:00:00:587] Path of length 32 found: [62, 61, 60, 51, 50, 49, 48, 57, 56, 55, 46, 37, 38, 29, 30, 31, 22, 23, 24, 33, 34, 35, 26, 17, 8, 7, 6, 5, 4, 3, 2, 1, 0]
[00:00:00:00:588] ! Unidirectional t-s. expansions: 68, time: 587 [ms], path length: 32 [edges], generated: 513
[00:00:00:00:240] Expansion 56: New longest path found with length 18: [0, 1, 2, 3, 4, 5, 6, 7, 8, 17, 26, 35, 34, 43, 42, 51, 60, 61, 62]. g_current=4, g_opposite=14, f_max=37, generated=85
[00:00:00:00:455] Expansion 122: New longest path found with length 32: [0, 1, 2, 3, 4, 5, 6, 7, 8, 17, 26, 35, 34, 33, 24, 23, 22, 31, 30, 29, 38, 37, 46, 55, 56, 57, 48, 49, 50, 51, 60, 61, 62]. g_current=15, g_opposite=17, f_max=34, generated=171
[00:00:00:00:657] Path of length 32 found: [0, 1, 2, 3, 4, 5, 6, 7, 8, 17, 26, 35, 34, 33, 24, 23, 22, 31, 30, 29, 38, 37, 46, 55, 56, 57, 48, 49, 50, 51, 60, 61, 62]
[00:00:00:01:137] ! Bidirectional. expansions: 146, time: 657 [ms], path length: 32 [edges], g_F: 15, g_B: 17, generated: 211, MM: 2, MMPER: 5.0606060606060606%
[00:00:00:01:138] 
---------- SM_Grids/7x9_grid_with_random_blocks_20per_7 ----------
[00:00:00:02:513] Path of length 32 found: [0, 9, 18, 27, 28, 37, 46, 55, 56, 57, 48, 39, 40, 31, 22, 21, 12, 3, 4, 5, 14, 15, 16, 17, 26, 35, 34, 33, 42, 51, 60, 61, 62]
[00:00:00:02:513] ! Unidirectional s-t. expansions: 233, time: 2,513 [ms], path length: 32 [edges], generated: 2,095
[00:00:00:02:533] Path of length 32 found: [62, 53, 44, 35, 26, 17, 16, 15, 6, 5, 4, 3, 12, 21, 22, 31, 32, 33, 42, 51, 50, 49, 48, 57, 56, 55, 46, 37, 28, 19, 18, 9, 0]
[00:00:00:02:534] ! Unidirectional t-s. expansions: 186, time: 2,533 [ms], path length: 32 [edges], generated: 1,713
[00:00:00:00:250] Expansion 43: New longest path found with length 18: [0, 9, 18, 19, 20, 21, 12, 3, 4, 5, 6, 15, 16, 17, 26, 35, 44, 53, 62]. g_current=11, g_opposite=7, f_max=38, generated=72
[00:00:00:00:428] Expansion 69: New longest path found with length 22: [0, 9, 18, 19, 20, 21, 12, 3, 4, 5, 6, 15, 16, 17, 26, 35, 44, 43, 42, 51, 60, 61, 62]. g_current=10, g_opposite=12, f_max=38, generated=114
[00:00:00:00:680] Expansion 128: New longest path found with length 28: [0, 9, 18, 27, 28, 37, 46, 55, 56, 57, 48, 39, 40, 31, 22, 21, 12, 3, 4, 5, 6, 15, 16, 17, 26, 35, 44, 53, 62]. g_current=14, g_opposite=14, f_max=36, generated=211
[00:00:00:00:916] Expansion 191: New longest path found with length 30: [0, 9, 18, 27, 28, 37, 46, 55, 56, 57, 48, 39, 40, 31, 22, 13, 4, 5, 6, 15, 16, 17, 26, 35, 44, 43, 42, 51, 60, 61, 62]. g_current=14, g_opposite=16, f_max=36, generated=308
[00:00:00:00:923] Expansion 192: New longest path found with length 32: [0, 9, 18, 27, 28, 37, 46, 55, 56, 57, 48, 39, 40, 31, 22, 21, 12, 3, 4, 5, 6, 15, 16, 17, 26, 35, 44, 43, 42, 51, 60, 61, 62]. g_current=15, g_opposite=17, f_max=36, generated=311
[00:00:00:03:666] Path of length 32 found: [0, 9, 18, 27, 28, 37, 46, 55, 56, 57, 48, 39, 40, 31, 22, 21, 12, 3, 4, 5, 6, 15, 16, 17, 26, 35, 44, 43, 42, 51, 60, 61, 62]
[00:00:00:04:147] ! Bidirectional. expansions: 767, time: 3,667 [ms], path length: 32 [edges], g_F: 15, g_B: 17, generated: 1,377, MM: 2, MMPER: 5.0606060606060606%
[00:00:00:04:147] 
---------- SM_Grids/7x9_grid_with_random_blocks_20per_8 ----------
[00:00:00:01:187] Path of length 26 found: [0, 9, 10, 11, 2, 3, 4, 5, 14, 15, 24, 33, 32, 31, 30, 29, 38, 47, 48, 57, 58, 59, 50, 51, 52, 61, 62]
[00:00:00:01:187] ! Unidirectional s-t. expansions: 101, time: 1,187 [ms], path length: 26 [edges], generated: 979
[00:00:00:01:566] Path of length 26 found: [62, 53, 44, 43, 34, 33, 24, 15, 14, 13, 22, 31, 40, 41, 50, 59, 58, 57, 48, 47, 38, 29, 28, 19, 10, 1, 0]
[00:00:00:01:567] ! Unidirectional t-s. expansions: 107, time: 1,567 [ms], path length: 26 [edges], generated: 1,036
[00:00:00:00:171] Expansion 33: New longest path found with length 16: [0, 9, 10, 11, 2, 3, 4, 13, 14, 15, 24, 33, 34, 43, 44, 53, 62]. g_current=6, g_opposite=10, f_max=32, generated=52
[00:00:00:00:337] Expansion 68: New longest path found with length 18: [0, 9, 10, 19, 28, 29, 30, 21, 22, 13, 14, 15, 24, 33, 34, 43, 44, 53, 62]. g_current=12, g_opposite=6, f_max=30, generated=115
[00:00:00:00:604] Expansion 110: New longest path found with length 26: [0, 9, 10, 11, 2, 3, 4, 5, 14, 15, 24, 33, 32, 31, 30, 29, 38, 47, 48, 57, 58, 59, 60, 51, 52, 53, 62]. g_current=12, g_opposite=14, f_max=29, generated=193
[00:00:00:02:187] Path of length 26 found: [0, 9, 10, 11, 2, 3, 4, 5, 14, 15, 24, 33, 32, 31, 30, 29, 38, 47, 48, 57, 58, 59, 60, 51, 52, 53, 62]
[00:00:00:02:655] ! Bidirectional. expansions: 428, time: 2,187 [ms], path length: 26 [edges], g_F: 14, g_B: 12, generated: 785, MM: 2, MMPER: 6.407407407407407%
[00:00:00:02:655] 
---------- SM_Grids/7x9_grid_with_random_blocks_20per_9 ----------
[00:00:00:00:310] Path of length 32 found: [0, 9, 18, 19, 28, 37, 36, 45, 54, 55, 56, 57, 48, 39, 30, 21, 12, 3, 4, 5, 14, 15, 24, 25, 26, 35, 44, 43, 42, 51, 60, 61, 62]
[00:00:00:00:311] ! Unidirectional s-t. expansions: 31, time: 310 [ms], path length: 32 [edges], generated: 221
[00:00:00:01:331] Path of length 32 found: [62, 61, 60, 51, 42, 43, 44, 35, 26, 25, 16, 7, 6, 5, 4, 3, 2, 11, 20, 21, 30, 39, 48, 57, 56, 55, 54, 45, 36, 27, 18, 9, 0]
[00:00:00:01:331] ! Unidirectional t-s. expansions: 156, time: 1,331 [ms], path length: 32 [edges], generated: 1,219
[00:00:00:00:208] Expansion 27: New longest path found with length 18: [0, 1, 2, 3, 4, 5, 6, 7, 16, 25, 26, 35, 44, 43, 42, 51, 60, 61, 62]. g_current=14, g_opposite=4, f_max=38, generated=42
[00:00:00:00:331] Expansion 65: New longest path found with length 22: [0, 9, 18, 19, 20, 11, 2, 3, 4, 5, 6, 7, 16, 25, 26, 35, 44, 43, 42, 51, 60, 61, 62]. g_current=4, g_opposite=18, f_max=38, generated=96
[00:00:00:00:576] Expansion 130: New longest path found with length 32: [0, 9, 18, 19, 28, 37, 36, 45, 54, 55, 56, 57, 48, 39, 30, 21, 12, 3, 4, 5, 6, 7, 16, 25, 26, 35, 44, 43, 42, 51, 60, 61, 62]. g_current=17, g_opposite=15, f_max=35, generated=204
[00:00:00:01:429] Path of length 32 found: [0, 9, 18, 19, 28, 37, 36, 45, 54, 55, 56, 57, 48, 39, 30, 21, 12, 3, 4, 5, 6, 7, 16, 25, 26, 35, 44, 43, 42, 51, 60, 61, 62]
[00:00:00:01:910] ! Bidirectional. expansions: 314, time: 1,429 [ms], path length: 32 [edges], g_F: 15, g_B: 17, generated: 526, MM: 2, MMPER: 5.0606060606060606%

[00:00:00:01:910] average expansions: (90, 102, 366, 0)
[00:00:00:01:910] average time: (1,040, 1,181, 1,780, 0)
[00:00:00:01:911] XA*: 90 , 1,040 (expansions , time[ms])
[00:00:00:01:911] XMM: 366 , 1,780 (expansions , time[ms])

