------------------------------------
Thu 01 Oct 2026 11:13:28 IDT
SLURM_JOBID:		21942974
SLURM_JOB_NODELIST:	ise-cpu256-09
SLURM_SCRATCH_DIR:	/scratch/shubit/21942974
Allocated Resouces:	cpu - 2 / mem - 61440 MB / gpu - 
SLURM_GPU_INDEX:	
Running as shubit from shimony account with normal QOS
------------------------------------
Thu 01 Oct 2026 11:13:28 IDT

SLURM_JOBID:		 21942974
SLURM_JOB_NODELIST:	 ise-cpu256-09 

--------------------------
date: SM_Grids
number_of_graphs: 10
graph_type: grid
size_of_graphs: [7, 8]
heuristic: bcc_heuristic
snake: True
run_uni: True
run_bi: True
run_multi: False
solution_vertices: []
algorithms: ['A']
lookahead: 4
bsd: False
cube_first_dims: 4
cube_buffer_dim: None
backward_sym_generation: False
sym_coil: False
prefix_set: None

---------- SM_Grids/7x8_grid_with_random_blocks_8per_0 ----------
[00:00:00:09:428] Path of length 31 found: [0, 1, 2, 3, 11, 19, 18, 17, 16, 24, 32, 33, 34, 42, 50, 51, 52, 44, 36, 28, 29, 21, 13, 5, 6, 7, 15, 23, 31, 39, 47, 55]
[00:00:00:09:428] ! Unidirectional s-t. expansions: 387, time: 9,428 [ms], path length: 31 [edges], generated: 8,050
[00:00:00:07:105] Path of length 31 found: [55, 47, 46, 38, 30, 31, 23, 15, 7, 6, 5, 13, 21, 20, 28, 36, 44, 52, 51, 50, 42, 34, 33, 32, 24, 16, 17, 18, 10, 2, 1, 0]
[00:00:00:07:106] ! Unidirectional t-s. expansions: 343, time: 7,105 [ms], path length: 31 [edges], generated: 6,957
[00:00:00:08:898] Path of length 31 found: [0, 1, 2, 3, 11, 19, 18, 17, 16, 24, 32, 33, 34, 42, 50, 51, 52, 44, 36, 28, 29, 21, 13, 5, 6, 7, 15, 23, 31, 39, 47, 55]
[00:00:00:09:442] ! Bidirectional. expansions: 479, time: 8,898 [ms], path length: 31 [edges], g_F: 16, g_B: 15, generated: 0, MM: 1, MMPER: 2.125%
[00:00:00:09:442] 
---------- SM_Grids/7x8_grid_with_random_blocks_8per_1 ----------
[00:00:00:03:958] Path of length 33 found: [0, 1, 2, 3, 11, 12, 13, 5, 6, 7, 15, 23, 22, 30, 38, 37, 36, 28, 27, 26, 18, 17, 16, 24, 32, 40, 41, 42, 43, 51, 52, 53, 54, 55]
[00:00:00:03:959] ! Unidirectional s-t. expansions: 200, time: 3,958 [ms], path length: 33 [edges], generated: 3,386
[00:00:00:07:047] Path of length 33 found: [55, 54, 53, 52, 51, 43, 42, 41, 40, 32, 24, 16, 17, 18, 26, 27, 28, 36, 37, 38, 39, 31, 23, 15, 7, 6, 5, 13, 12, 11, 3, 2, 1, 0]
[00:00:00:07:048] ! Unidirectional t-s. expansions: 332, time: 7,047 [ms], path length: 33 [edges], generated: 5,499
[00:00:00:05:335] Path of length 33 found: [0, 1, 2, 3, 4, 5, 6, 7, 15, 23, 22, 21, 20, 28, 27, 26, 18, 17, 16, 24, 32, 33, 41, 42, 43, 51, 52, 53, 45, 37, 38, 39, 47, 55]
[00:00:00:05:860] ! Bidirectional. expansions: 211, time: 5,336 [ms], path length: 33 [edges], g_F: 17, g_B: 16, generated: 0, MM: 1, MMPER: 1.9411764705882355%
[00:00:00:05:861] 
---------- SM_Grids/7x8_grid_with_random_blocks_8per_2 ----------
[00:00:00:06:472] Path of length 31 found: [0, 1, 2, 3, 11, 12, 13, 21, 22, 23, 31, 39, 38, 37, 36, 28, 27, 26, 18, 17, 16, 24, 32, 40, 41, 49, 50, 51, 52, 53, 54, 55]
[00:00:00:06:473] ! Unidirectional s-t. expansions: 183, time: 6,472 [ms], path length: 31 [edges], generated: 5,207
[00:00:00:05:590] Path of length 31 found: [55, 54, 53, 52, 51, 50, 49, 41, 40, 32, 24, 16, 17, 18, 26, 34, 35, 36, 37, 38, 39, 31, 23, 22, 21, 13, 12, 11, 3, 2, 1, 0]
[00:00:00:05:592] ! Unidirectional t-s. expansions: 173, time: 5,591 [ms], path length: 31 [edges], generated: 4,197
[00:00:00:05:241] Path of length 31 found: [0, 1, 2, 3, 11, 12, 13, 21, 22, 23, 31, 39, 38, 37, 36, 28, 27, 26, 18, 17, 16, 24, 32, 40, 41, 49, 50, 51, 52, 53, 54, 55]
[00:00:00:05:668] ! Bidirectional. expansions: 190, time: 5,241 [ms], path length: 31 [edges], g_F: 16, g_B: 15, generated: 0, MM: 1, MMPER: 2.125%
[00:00:00:05:669] 
---------- SM_Grids/7x8_grid_with_random_blocks_8per_3 ----------
[00:00:00:05:504] Path of length 33 found: [0, 8, 9, 10, 2, 3, 4, 5, 6, 7, 15, 23, 22, 21, 20, 19, 27, 26, 34, 33, 32, 40, 48, 49, 50, 51, 43, 44, 36, 37, 38, 46, 47, 55]
[00:00:00:05:504] ! Unidirectional s-t. expansions: 287, time: 5,504 [ms], path length: 33 [edges], generated: 5,034
[00:00:00:05:019] Path of length 33 found: [55, 47, 39, 38, 37, 45, 44, 43, 51, 50, 49, 48, 40, 32, 33, 34, 26, 27, 19, 20, 21, 22, 23, 15, 7, 6, 5, 4, 3, 2, 10, 9, 8, 0]
[00:00:00:05:020] ! Unidirectional t-s. expansions: 208, time: 5,020 [ms], path length: 33 [edges], generated: 4,252
[00:00:00:03:665] Path of length 33 found: [0, 1, 2, 3, 4, 5, 6, 7, 15, 23, 22, 21, 20, 28, 27, 26, 18, 17, 16, 24, 32, 40, 48, 49, 50, 51, 43, 44, 45, 37, 38, 39, 47, 55]
[00:00:00:04:130] ! Bidirectional. expansions: 181, time: 3,666 [ms], path length: 33 [edges], g_F: 17, g_B: 16, generated: 0, MM: 1, MMPER: 1.9411764705882355%
[00:00:00:04:130] 
---------- SM_Grids/7x8_grid_with_random_blocks_8per_4 ----------
[00:00:00:06:025] Path of length 31 found: [0, 1, 2, 10, 11, 19, 27, 26, 25, 24, 32, 40, 48, 49, 50, 42, 43, 44, 36, 37, 29, 21, 13, 5, 6, 7, 15, 23, 31, 39, 47, 55]
[00:00:00:06:025] ! Unidirectional s-t. expansions: 326, time: 6,025 [ms], path length: 31 [edges], generated: 5,467
[00:00:00:04:479] Path of length 31 found: [55, 47, 39, 31, 23, 15, 7, 6, 5, 13, 21, 20, 19, 27, 35, 36, 37, 45, 53, 52, 51, 50, 49, 48, 40, 32, 24, 16, 17, 9, 1, 0]
[00:00:00:04:480] ! Unidirectional t-s. expansions: 219, time: 4,479 [ms], path length: 31 [edges], generated: 3,877
[00:00:00:03:794] Path of length 31 found: [0, 1, 2, 10, 11, 19, 27, 26, 25, 24, 32, 40, 48, 49, 50, 51, 52, 53, 45, 37, 29, 21, 13, 5, 6, 7, 15, 23, 31, 39, 47, 55]
[00:00:00:04:294] ! Bidirectional. expansions: 214, time: 3,794 [ms], path length: 31 [edges], g_F: 16, g_B: 15, generated: 0, MM: 1, MMPER: 2.125%
[00:00:00:04:294] 
---------- SM_Grids/7x8_grid_with_random_blocks_8per_5 ----------
[00:00:00:06:333] Path of length 33 found: [0, 1, 2, 3, 11, 12, 13, 5, 6, 7, 15, 23, 22, 30, 38, 37, 36, 28, 27, 26, 18, 17, 16, 24, 32, 40, 48, 49, 50, 51, 52, 53, 54, 55]
[00:00:00:06:334] ! Unidirectional s-t. expansions: 394, time: 6,333 [ms], path length: 33 [edges], generated: 5,685
[00:00:00:09:840] Path of length 33 found: [55, 54, 53, 52, 51, 50, 49, 48, 40, 32, 24, 16, 17, 18, 26, 27, 28, 36, 37, 38, 39, 31, 23, 15, 7, 6, 5, 13, 12, 11, 3, 2, 1, 0]
[00:00:00:09:840] ! Unidirectional t-s. expansions: 441, time: 9,840 [ms], path length: 33 [edges], generated: 8,794
[00:00:00:04:240] Path of length 33 found: [0, 1, 2, 3, 11, 12, 13, 5, 6, 7, 15, 23, 22, 30, 38, 37, 36, 28, 27, 26, 18, 17, 16, 24, 32, 40, 48, 49, 50, 51, 52, 53, 54, 55]
[00:00:00:04:696] ! Bidirectional. expansions: 185, time: 4,240 [ms], path length: 33 [edges], g_F: 17, g_B: 16, generated: 0, MM: 1, MMPER: 1.9411764705882355%
[00:00:00:04:696] 
---------- SM_Grids/7x8_grid_with_random_blocks_8per_6 ----------
[00:00:00:16:646] Path of length 29 found: [0, 1, 2, 10, 18, 17, 16, 24, 32, 40, 48, 49, 50, 42, 34, 35, 27, 28, 20, 21, 22, 23, 31, 39, 38, 37, 45, 53, 54, 55]
[00:00:00:16:647] ! Unidirectional s-t. expansions: 784, time: 16,646 [ms], path length: 29 [edges], generated: 17,871
[00:00:00:04:673] Path of length 29 found: [55, 54, 53, 45, 37, 38, 39, 31, 23, 22, 21, 20, 12, 11, 10, 18, 26, 27, 35, 43, 51, 50, 49, 41, 33, 32, 24, 16, 8, 0]
[00:00:00:04:674] ! Unidirectional t-s. expansions: 157, time: 4,673 [ms], path length: 29 [edges], generated: 3,634
[00:00:00:10:072] Path of length 29 found: [0, 1, 2, 10, 18, 17, 16, 24, 32, 40, 48, 49, 50, 42, 34, 35, 27, 28, 20, 21, 22, 23, 31, 39, 38, 37, 45, 53, 54, 55]
[00:00:00:10:521] ! Bidirectional. expansions: 343, time: 10,072 [ms], path length: 29 [edges], g_F: 15, g_B: 14, generated: 0, MM: 1, MMPER: 2.3333333333333335%
[00:00:00:10:522] 
---------- SM_Grids/7x8_grid_with_random_blocks_8per_7 ----------
[00:00:00:12:392] Path of length 31 found: [0, 1, 2, 3, 11, 19, 18, 17, 16, 24, 32, 40, 41, 42, 34, 35, 36, 28, 29, 21, 13, 5, 6, 7, 15, 23, 31, 39, 38, 46, 54, 55]
[00:00:00:12:393] ! Unidirectional s-t. expansions: 712, time: 12,392 [ms], path length: 31 [edges], generated: 12,283
[00:00:00:16:749] Path of length 31 found: [55, 47, 39, 31, 23, 15, 7, 6, 5, 13, 21, 20, 28, 36, 37, 45, 53, 52, 51, 43, 42, 41, 40, 32, 24, 16, 17, 18, 10, 2, 1, 0]
[00:00:00:16:750] ! Unidirectional t-s. expansions: 893, time: 16,750 [ms], path length: 31 [edges], generated: 16,866
[00:00:00:06:799] Path of length 31 found: [0, 1, 2, 3, 4, 5, 6, 7, 15, 23, 22, 21, 20, 19, 18, 17, 16, 24, 32, 33, 34, 35, 43, 51, 52, 53, 45, 37, 38, 39, 47, 55]
[00:00:00:07:251] ! Bidirectional. expansions: 404, time: 6,799 [ms], path length: 31 [edges], g_F: 16, g_B: 15, generated: 0, MM: 1, MMPER: 2.125%
[00:00:00:07:251] 
---------- SM_Grids/7x8_grid_with_random_blocks_8per_8 ----------
[00:00:00:15:491] Path of length 29 found: [0, 8, 9, 10, 2, 3, 4, 12, 20, 19, 27, 26, 25, 24, 32, 40, 41, 42, 43, 51, 52, 53, 45, 37, 29, 30, 31, 39, 47, 55]
[00:00:00:15:492] ! Unidirectional s-t. expansions: 1,863, time: 15,492 [ms], path length: 29 [edges], generated: 17,472
[00:00:00:23:266] Path of length 29 found: [55, 54, 53, 45, 37, 29, 30, 22, 23, 15, 7, 6, 5, 4, 12, 20, 19, 27, 26, 34, 42, 41, 40, 32, 24, 16, 17, 9, 1, 0]
[00:00:00:23:267] ! Unidirectional t-s. expansions: 1,503, time: 23,266 [ms], path length: 29 [edges], generated: 26,359
[00:00:00:08:748] Path of length 29 found: [0, 8, 16, 24, 32, 40, 41, 42, 43, 35, 27, 26, 18, 10, 2, 3, 4, 5, 6, 7, 15, 23, 31, 39, 38, 37, 45, 53, 54, 55]
[00:00:00:09:199] ! Bidirectional. expansions: 928, time: 8,749 [ms], path length: 29 [edges], g_F: 15, g_B: 14, generated: 0, MM: 1, MMPER: 2.3333333333333335%
[00:00:00:09:200] 
---------- SM_Grids/7x8_grid_with_random_blocks_8per_9 ----------
[00:00:00:21:890] Path of length 31 found: [0, 1, 9, 17, 16, 24, 32, 40, 41, 49, 50, 51, 52, 44, 36, 35, 27, 19, 11, 3, 4, 5, 6, 7, 15, 23, 22, 30, 38, 46, 54, 55]
[00:00:00:21:890] ! Unidirectional s-t. expansions: 1,181, time: 21,890 [ms], path length: 31 [edges], generated: 21,091
[00:00:00:26:257] Path of length 31 found: [55, 47, 46, 45, 37, 29, 30, 31, 23, 15, 7, 6, 5, 4, 12, 20, 19, 18, 26, 34, 35, 43, 51, 50, 49, 41, 40, 32, 24, 16, 8, 0]
[00:00:00:26:258] ! Unidirectional t-s. expansions: 1,331, time: 26,257 [ms], path length: 31 [edges], generated: 26,963
[00:00:00:20:227] Path of length 31 found: [0, 1, 9, 17, 16, 24, 32, 40, 41, 49, 50, 51, 52, 44, 36, 28, 27, 19, 11, 3, 4, 5, 6, 7, 15, 23, 31, 39, 38, 46, 54, 55]
[00:00:00:20:705] ! Bidirectional. expansions: 1,789, time: 20,227 [ms], path length: 31 [edges], g_F: 16, g_B: 15, generated: 0, MM: 1, MMPER: 2.125%

[00:00:00:20:706] average expansions: (632, 560, 492, 0)
[00:00:00:20:706] average time: (10,414, 11,003, 7,702, 0)
[00:00:00:20:706] XA*: 560 , 10,414 (expansions , time[ms])
[00:00:00:20:706] BiXA*: 492 , 7,702 (expansions , time[ms])

