------------------------------------
Thu 01 Oct 2026 14:33:05 IDT
SLURM_JOBID:		21950249
SLURM_JOB_NODELIST:	ise-cpu256-29
SLURM_SCRATCH_DIR:	/scratch/shubit/21950249
Allocated Resouces:	cpu - 2 / mem - 61440 MB / gpu - 
SLURM_GPU_INDEX:	
Running as shubit from shimony account with normal QOS
------------------------------------
Thu 01 Oct 2026 14:33:06 IDT

SLURM_JOBID:		 21950249
SLURM_JOB_NODELIST:	 ise-cpu256-29 

--------------------------
date: SM_Grids
number_of_graphs: 10
graph_type: grid
size_of_graphs: [7, 9]
heuristic: bcc_heuristic
snake: True
run_uni: True
run_bi: True
run_multi: False
solution_vertices: []
algorithms: ['DFBnB']
lookahead: 1
bsd: False
cube_first_dims: 4
cube_buffer_dim: None
backward_sym_generation: False
sym_coil: False
prefix_set: None

---------- SM_Grids/7x9_grid_with_random_blocks_20per_0 ----------
[00:00:00:00:290] Path of length 28 found: [0, 9, 18, 19, 20, 29, 30, 39, 48, 57, 58, 59, 50, 41, 32, 23, 22, 13, 4, 5, 6, 7, 8, 17, 26, 35, 44, 53, 62]
[00:00:00:00:290] ! Unidirectional s-t. expansions: 93, time: 290 [ms], path length: 28 [edges], generated: 148
[00:00:00:00:273] Path of length 28 found: [62, 53, 44, 35, 26, 17, 8, 7, 6, 5, 4, 13, 22, 23, 32, 41, 50, 59, 58, 57, 48, 39, 30, 29, 20, 19, 10, 1, 0]
[00:00:00:00:274] ! Unidirectional t-s. expansions: 87, time: 274 [ms], path length: 28 [edges], generated: 133
[00:00:00:02:690] Path of length 28 found: [0, 9, 18, 19, 20, 29, 30, 39, 48, 57, 58, 59, 50, 41, 32, 23, 22, 13, 4, 5, 6, 7, 8, 17, 26, 35, 44, 53, 62]
[00:00:00:03:140] ! Bidirectional. expansions: 504, time: 2,690 [ms], path length: 28 [edges], g_F: 15, g_B: 13, generated: 0, MM: 2, MMPER: 5.896551724137931%
[00:00:00:03:140] 
---------- SM_Grids/7x9_grid_with_random_blocks_20per_1 ----------
[00:00:00:00:688] Path of length 22 found: [0, 9, 10, 19, 20, 21, 30, 39, 38, 37, 36, 45, 54, 55, 56, 57, 58, 49, 50, 51, 60, 61, 62]
[00:00:00:00:688] ! Unidirectional s-t. expansions: 218, time: 688 [ms], path length: 22 [edges], generated: 305
[00:00:00:00:718] Path of length 22 found: [62, 53, 52, 51, 60, 59, 58, 57, 56, 55, 54, 45, 36, 37, 38, 29, 30, 21, 12, 11, 10, 1, 0]
[00:00:00:00:718] ! Unidirectional t-s. expansions: 217, time: 718 [ms], path length: 22 [edges], generated: 328
[00:00:00:05:730] Path of length 22 found: [0, 9, 10, 19, 20, 21, 30, 39, 38, 37, 36, 45, 54, 55, 56, 57, 58, 59, 60, 51, 52, 53, 62]
[00:00:00:06:157] ! Bidirectional. expansions: 2,135, time: 5,731 [ms], path length: 22 [edges], g_F: 11, g_B: 11, generated: 0, MM: 0, MMPER: -1.0%
[00:00:00:06:157] 
---------- SM_Grids/7x9_grid_with_random_blocks_20per_2 ----------
[00:00:00:01:610] Path of length 30 found: [0, 9, 10, 19, 28, 27, 36, 45, 46, 47, 38, 39, 30, 21, 12, 3, 4, 5, 14, 15, 16, 25, 34, 33, 32, 41, 50, 51, 60, 61, 62]
[00:00:00:01:610] ! Unidirectional s-t. expansions: 457, time: 1,610 [ms], path length: 30 [edges], generated: 811
[00:00:00:01:757] Path of length 30 found: [62, 53, 52, 51, 50, 49, 40, 31, 32, 33, 34, 25, 16, 15, 14, 5, 4, 3, 12, 21, 20, 29, 38, 47, 46, 45, 36, 27, 18, 9, 0]
[00:00:00:01:758] ! Unidirectional t-s. expansions: 511, time: 1,758 [ms], path length: 30 [edges], generated: 841
[00:00:00:07:366] Path of length 30 found: [0, 9, 10, 19, 28, 27, 36, 45, 46, 47, 38, 39, 30, 21, 12, 3, 4, 5, 14, 15, 16, 25, 34, 33, 32, 41, 50, 51, 60, 61, 62]
[00:00:00:07:793] ! Bidirectional. expansions: 1,004, time: 7,366 [ms], path length: 30 [edges], g_F: 30, g_B: 0, generated: 0, MM: 30, MMPER: 95.7741935483871%
[00:00:00:07:793] 
---------- SM_Grids/7x9_grid_with_random_blocks_20per_3 ----------
[00:00:00:02:687] Path of length 32 found: [0, 1, 10, 19, 28, 27, 36, 45, 46, 55, 56, 57, 58, 59, 50, 41, 40, 39, 30, 21, 22, 13, 4, 5, 6, 7, 16, 25, 34, 43, 52, 61, 62]
[00:00:00:02:688] ! Unidirectional s-t. expansions: 1,532, time: 2,687 [ms], path length: 32 [edges], generated: 1,738
[00:00:00:00:727] Path of length 32 found: [62, 53, 44, 43, 34, 25, 16, 7, 6, 5, 4, 13, 22, 21, 30, 39, 40, 41, 50, 59, 58, 57, 56, 47, 46, 45, 36, 27, 28, 19, 10, 1, 0]
[00:00:00:00:728] ! Unidirectional t-s. expansions: 298, time: 727 [ms], path length: 32 [edges], generated: 390
[00:00:00:03:922] Path of length 32 found: [0, 1, 10, 19, 28, 27, 36, 45, 46, 55, 56, 57, 58, 59, 50, 41, 40, 39, 30, 21, 22, 13, 4, 5, 6, 7, 16, 25, 34, 43, 44, 53, 62]
[00:00:00:04:361] ! Bidirectional. expansions: 657, time: 3,922 [ms], path length: 32 [edges], g_F: 28, g_B: 4, generated: 0, MM: 24, MMPER: 71.72727272727273%
[00:00:00:04:361] 
---------- SM_Grids/7x9_grid_with_random_blocks_20per_4 ----------
[00:00:00:00:232] Path of length 28 found: [0, 9, 18, 27, 36, 45, 54, 55, 56, 57, 48, 39, 38, 29, 20, 21, 12, 3, 4, 5, 14, 23, 32, 41, 42, 51, 60, 61, 62]
[00:00:00:00:233] ! Unidirectional s-t. expansions: 70, time: 232 [ms], path length: 28 [edges], generated: 118
[00:00:00:01:494] Path of length 28 found: [62, 53, 44, 43, 34, 33, 32, 23, 14, 5, 4, 3, 12, 21, 20, 29, 38, 39, 48, 57, 56, 55, 54, 45, 36, 27, 18, 9, 0]
[00:00:00:01:494] ! Unidirectional t-s. expansions: 488, time: 1,494 [ms], path length: 28 [edges], generated: 776
[00:00:00:01:356] Path of length 28 found: [0, 9, 18, 27, 36, 45, 54, 55, 56, 57, 48, 39, 38, 29, 20, 21, 12, 3, 4, 5, 14, 23, 32, 41, 42, 51, 60, 61, 62]
[00:00:00:01:804] ! Bidirectional. expansions: 187, time: 1,356 [ms], path length: 28 [edges], g_F: 28, g_B: 0, generated: 0, MM: 28, MMPER: 95.55172413793103%
[00:00:00:01:805] 
---------- SM_Grids/7x9_grid_with_random_blocks_20per_5 ----------
[00:00:00:02:417] Path of length 30 found: [0, 9, 10, 11, 20, 29, 28, 27, 36, 45, 46, 47, 48, 39, 40, 31, 32, 23, 14, 5, 6, 7, 16, 17, 26, 35, 34, 43, 52, 61, 62]
[00:00:00:02:417] ! Unidirectional s-t. expansions: 766, time: 2,417 [ms], path length: 30 [edges], generated: 1,289
[00:00:00:02:014] Path of length 30 found: [62, 61, 52, 43, 44, 35, 26, 17, 16, 7, 6, 5, 14, 23, 32, 41, 40, 39, 48, 47, 46, 45, 36, 27, 28, 29, 20, 11, 10, 1, 0]
[00:00:00:02:015] ! Unidirectional t-s. expansions: 1,093, time: 2,014 [ms], path length: 30 [edges], generated: 1,266
[00:00:00:06:540] Path of length 30 found: [0, 9, 10, 11, 20, 29, 28, 27, 36, 45, 46, 47, 48, 39, 40, 31, 32, 23, 14, 5, 6, 7, 16, 17, 26, 35, 44, 43, 52, 61, 62]
[00:00:00:06:962] ! Bidirectional. expansions: 1,100, time: 6,540 [ms], path length: 30 [edges], g_F: 19, g_B: 11, generated: 0, MM: 8, MMPER: 24.806451612903224%
[00:00:00:06:963] 
---------- SM_Grids/7x9_grid_with_random_blocks_20per_6 ----------
[00:00:00:00:232] Path of length 32 found: [0, 1, 2, 3, 4, 5, 6, 7, 8, 17, 26, 35, 34, 33, 24, 23, 22, 31, 30, 29, 38, 37, 46, 55, 56, 57, 48, 49, 50, 51, 60, 61, 62]
[00:00:00:00:233] ! Unidirectional s-t. expansions: 68, time: 233 [ms], path length: 32 [edges], generated: 108
[00:00:00:00:837] Path of length 32 found: [62, 61, 60, 51, 50, 49, 48, 57, 56, 55, 46, 37, 38, 29, 30, 31, 22, 23, 24, 33, 34, 35, 26, 17, 8, 7, 6, 5, 4, 3, 2, 1, 0]
[00:00:00:00:838] ! Unidirectional t-s. expansions: 337, time: 838 [ms], path length: 32 [edges], generated: 493
[00:00:00:02:437] Path of length 32 found: [0, 1, 2, 3, 4, 5, 6, 7, 8, 17, 26, 35, 34, 33, 24, 23, 22, 31, 30, 29, 38, 37, 46, 55, 56, 57, 48, 49, 50, 51, 60, 61, 62]
[00:00:00:02:860] ! Bidirectional. expansions: 526, time: 2,438 [ms], path length: 32 [edges], g_F: 2, g_B: 30, generated: 0, MM: 28, MMPER: 83.84848484848484%
[00:00:00:02:860] 
---------- SM_Grids/7x9_grid_with_random_blocks_20per_7 ----------
[00:00:00:02:165] Path of length 32 found: [0, 9, 18, 27, 28, 37, 46, 55, 56, 57, 48, 39, 40, 31, 22, 21, 12, 3, 4, 5, 14, 15, 16, 25, 26, 35, 44, 43, 42, 51, 60, 61, 62]
[00:00:00:02:165] ! Unidirectional s-t. expansions: 717, time: 2,165 [ms], path length: 32 [edges], generated: 1,208
[00:00:00:02:486] Path of length 32 found: [62, 53, 44, 35, 26, 17, 16, 15, 6, 5, 4, 3, 12, 21, 22, 31, 32, 33, 42, 51, 50, 49, 48, 57, 56, 55, 46, 37, 28, 19, 18, 9, 0]
[00:00:00:02:486] ! Unidirectional t-s. expansions: 711, time: 2,486 [ms], path length: 32 [edges], generated: 1,194
[00:00:00:11:733] Path of length 32 found: [0, 9, 18, 27, 28, 37, 46, 55, 56, 57, 48, 49, 50, 51, 42, 33, 32, 31, 22, 21, 12, 3, 4, 5, 6, 15, 16, 17, 26, 35, 44, 53, 62]
[00:00:00:12:160] ! Bidirectional. expansions: 1,978, time: 11,733 [ms], path length: 32 [edges], g_F: 14, g_B: 18, generated: 0, MM: 4, MMPER: 11.121212121212121%
[00:00:00:12:160] 
---------- SM_Grids/7x9_grid_with_random_blocks_20per_8 ----------
[00:00:00:01:343] Path of length 26 found: [0, 9, 10, 11, 2, 3, 4, 5, 14, 15, 24, 33, 32, 31, 30, 29, 38, 47, 48, 57, 58, 59, 50, 51, 52, 61, 62]
[00:00:00:01:344] ! Unidirectional s-t. expansions: 505, time: 1,344 [ms], path length: 26 [edges], generated: 731
[00:00:00:01:194] Path of length 26 found: [62, 53, 44, 43, 34, 33, 24, 15, 14, 13, 22, 31, 40, 41, 50, 59, 58, 57, 48, 47, 38, 29, 28, 19, 10, 1, 0]
[00:00:00:01:195] ! Unidirectional t-s. expansions: 310, time: 1,195 [ms], path length: 26 [edges], generated: 540
[00:00:00:05:739] Path of length 26 found: [0, 9, 10, 11, 2, 3, 4, 5, 14, 15, 24, 33, 32, 31, 30, 29, 38, 47, 48, 57, 58, 59, 50, 51, 52, 53, 62]
[00:00:00:06:185] ! Bidirectional. expansions: 1,267, time: 5,739 [ms], path length: 26 [edges], g_F: 15, g_B: 11, generated: 0, MM: 4, MMPER: 13.814814814814815%
[00:00:00:06:185] 
---------- SM_Grids/7x9_grid_with_random_blocks_20per_9 ----------
[00:00:00:00:353] Path of length 32 found: [0, 9, 18, 19, 28, 37, 36, 45, 54, 55, 56, 57, 48, 39, 30, 21, 12, 3, 4, 5, 14, 15, 24, 25, 26, 35, 44, 43, 42, 51, 60, 61, 62]
[00:00:00:00:353] ! Unidirectional s-t. expansions: 110, time: 353 [ms], path length: 32 [edges], generated: 167
[00:00:00:03:823] Path of length 32 found: [62, 61, 60, 51, 42, 43, 44, 35, 26, 25, 16, 7, 6, 5, 4, 3, 2, 11, 20, 21, 30, 39, 48, 57, 56, 55, 54, 45, 36, 27, 18, 9, 0]
[00:00:00:03:824] ! Unidirectional t-s. expansions: 1,227, time: 3,823 [ms], path length: 32 [edges], generated: 2,200
[00:00:00:09:343] Path of length 32 found: [0, 9, 18, 19, 28, 37, 36, 45, 54, 55, 56, 57, 48, 39, 30, 21, 12, 3, 4, 5, 6, 7, 16, 25, 26, 35, 44, 43, 42, 51, 60, 61, 62]
[00:00:00:09:770] ! Bidirectional. expansions: 2,399, time: 9,343 [ms], path length: 32 [edges], g_F: 16, g_B: 16, generated: 0, MM: 0, MMPER: -1.0%

[00:00:00:09:770] average expansions: (454, 528, 1,176, 0)
[00:00:00:09:770] average time: (1,202, 1,533, 5,686, 0)
[00:00:00:09:771] XDFBnB: 454 , 1,202 (expansions , time[ms])
[00:00:00:09:771] BiXDFBnB: 1,176 , 5,686 (expansions , time[ms])

