------------------------------------
Thu 01 Oct 2026 11:13:28 IDT
SLURM_JOBID:		21942969
SLURM_JOB_NODELIST:	ise-cpu256-01
SLURM_SCRATCH_DIR:	/scratch/shubit/21942969
Allocated Resouces:	cpu - 2 / mem - 61440 MB / gpu - 
SLURM_GPU_INDEX:	
Running as shubit from shimony account with normal QOS
------------------------------------
Thu 01 Oct 2026 11:13:28 IDT

SLURM_JOBID:		 21942969
SLURM_JOB_NODELIST:	 ise-cpu256-01 

--------------------------
date: SM_Grids
number_of_graphs: 10
graph_type: grid
size_of_graphs: [7, 8]
heuristic: bcc_heuristic
snake: True
run_uni: True
run_bi: True
run_multi: False
solution_vertices: []
algorithms: ['A']
lookahead: -2
bsd: False
cube_first_dims: 4
cube_buffer_dim: None
backward_sym_generation: False
sym_coil: False
prefix_set: None

---------- SM_Grids/7x8_grid_with_random_blocks_8per_0 ----------
[00:00:00:06:562] Path of length 31 found: [0, 1, 2, 3, 11, 19, 18, 17, 16, 24, 32, 33, 34, 42, 50, 51, 52, 44, 36, 28, 29, 21, 13, 5, 6, 7, 15, 23, 31, 39, 47, 55]
[00:00:00:06:563] ! Unidirectional s-t. expansions: 1,627, time: 6,562 [ms], path length: 31 [edges], generated: 2,910
[00:00:00:05:226] Path of length 31 found: [55, 47, 46, 38, 30, 31, 23, 15, 7, 6, 5, 13, 21, 20, 28, 36, 44, 52, 51, 50, 42, 34, 33, 32, 24, 16, 17, 18, 10, 2, 1, 0]
[00:00:00:05:227] ! Unidirectional t-s. expansions: 1,320, time: 5,226 [ms], path length: 31 [edges], generated: 2,305
[00:00:00:06:087] Path of length 31 found: [0, 8, 16, 24, 25, 33, 34, 42, 50, 51, 52, 53, 45, 37, 36, 28, 27, 19, 18, 10, 2, 3, 4, 12, 13, 14, 22, 30, 31, 39, 47, 55]
[00:00:00:06:513] ! Bidirectional. expansions: 1,800, time: 6,087 [ms], path length: 31 [edges], g_F: 25, g_B: 6, generated: 0, MM: 19, MMPER: 58.375%
[00:00:00:06:514] 
---------- SM_Grids/7x8_grid_with_random_blocks_8per_1 ----------
[00:00:00:02:887] Path of length 33 found: [0, 1, 2, 3, 11, 12, 13, 5, 6, 7, 15, 23, 22, 30, 38, 37, 36, 28, 27, 26, 18, 17, 16, 24, 32, 40, 41, 42, 43, 51, 52, 53, 54, 55]
[00:00:00:02:887] ! Unidirectional s-t. expansions: 691, time: 2,887 [ms], path length: 33 [edges], generated: 1,195
[00:00:00:05:728] Path of length 33 found: [55, 54, 53, 52, 51, 43, 42, 41, 40, 32, 24, 16, 17, 18, 26, 27, 28, 36, 37, 38, 39, 31, 23, 15, 7, 6, 5, 13, 12, 11, 3, 2, 1, 0]
[00:00:00:05:729] ! Unidirectional t-s. expansions: 1,344, time: 5,728 [ms], path length: 33 [edges], generated: 2,199
[00:00:00:03:631] Path of length 33 found: [0, 1, 2, 3, 11, 12, 13, 5, 6, 7, 15, 23, 31, 39, 38, 37, 29, 28, 27, 26, 18, 17, 16, 24, 32, 40, 41, 42, 43, 44, 52, 53, 54, 55]
[00:00:00:04:026] ! Bidirectional. expansions: 980, time: 3,632 [ms], path length: 33 [edges], g_F: 26, g_B: 7, generated: 0, MM: 19, MMPER: 54.88235294117647%
[00:00:00:04:026] 
---------- SM_Grids/7x8_grid_with_random_blocks_8per_2 ----------
[00:00:00:03:265] Path of length 31 found: [0, 1, 2, 3, 11, 12, 13, 21, 22, 23, 31, 39, 38, 37, 36, 28, 27, 26, 18, 17, 16, 24, 32, 40, 41, 49, 50, 51, 52, 53, 54, 55]
[00:00:00:03:266] ! Unidirectional s-t. expansions: 671, time: 3,265 [ms], path length: 31 [edges], generated: 1,247
[00:00:00:03:119] Path of length 31 found: [55, 54, 53, 52, 51, 50, 49, 41, 40, 32, 24, 16, 17, 18, 26, 34, 35, 36, 37, 38, 39, 31, 23, 22, 21, 13, 12, 11, 3, 2, 1, 0]
[00:00:00:03:120] ! Unidirectional t-s. expansions: 639, time: 3,120 [ms], path length: 31 [edges], generated: 1,158
[00:00:00:02:953] Path of length 31 found: [0, 1, 2, 3, 11, 12, 13, 21, 22, 23, 31, 39, 38, 37, 36, 28, 27, 26, 18, 17, 16, 24, 32, 40, 41, 49, 50, 51, 52, 53, 54, 55]
[00:00:00:03:348] ! Bidirectional. expansions: 671, time: 2,953 [ms], path length: 31 [edges], g_F: 18, g_B: 13, generated: 0, MM: 5, MMPER: 14.625%
[00:00:00:03:349] 
---------- SM_Grids/7x8_grid_with_random_blocks_8per_3 ----------
[00:00:00:04:816] Path of length 33 found: [0, 8, 9, 10, 2, 3, 4, 5, 6, 7, 15, 23, 22, 21, 20, 19, 27, 26, 34, 33, 32, 40, 48, 49, 50, 51, 43, 44, 36, 37, 38, 46, 47, 55]
[00:00:00:04:816] ! Unidirectional s-t. expansions: 1,126, time: 4,816 [ms], path length: 33 [edges], generated: 1,892
[00:00:00:03:128] Path of length 33 found: [55, 47, 39, 38, 37, 45, 44, 43, 51, 50, 49, 48, 40, 32, 33, 34, 26, 27, 28, 20, 21, 22, 23, 15, 7, 6, 5, 4, 3, 2, 10, 9, 8, 0]
[00:00:00:03:128] ! Unidirectional t-s. expansions: 742, time: 3,128 [ms], path length: 33 [edges], generated: 1,264
[00:00:00:02:318] Path of length 33 found: [0, 1, 2, 3, 4, 5, 6, 7, 15, 23, 22, 21, 20, 28, 27, 26, 18, 17, 16, 24, 32, 40, 48, 49, 50, 42, 43, 44, 45, 37, 38, 39, 47, 55]
[00:00:00:02:710] ! Bidirectional. expansions: 623, time: 2,318 [ms], path length: 33 [edges], g_F: 29, g_B: 4, generated: 0, MM: 25, MMPER: 72.52941176470588%
[00:00:00:02:711] 
---------- SM_Grids/7x8_grid_with_random_blocks_8per_4 ----------
[00:00:00:05:098] Path of length 31 found: [0, 1, 2, 10, 11, 19, 27, 26, 25, 24, 32, 40, 48, 49, 50, 42, 43, 44, 36, 37, 29, 21, 13, 5, 6, 7, 15, 23, 31, 39, 47, 55]
[00:00:00:05:099] ! Unidirectional s-t. expansions: 1,306, time: 5,098 [ms], path length: 31 [edges], generated: 2,180
[00:00:00:03:717] Path of length 31 found: [55, 47, 39, 31, 23, 15, 7, 6, 5, 13, 21, 29, 37, 45, 53, 52, 51, 50, 49, 48, 40, 32, 33, 34, 26, 27, 19, 11, 10, 9, 1, 0]
[00:00:00:03:717] ! Unidirectional t-s. expansions: 909, time: 3,717 [ms], path length: 31 [edges], generated: 1,580
[00:00:00:02:978] Path of length 31 found: [0, 1, 2, 10, 11, 19, 27, 26, 25, 24, 32, 40, 48, 49, 50, 51, 52, 53, 45, 37, 29, 21, 13, 5, 6, 7, 15, 23, 31, 39, 47, 55]
[00:00:00:03:376] ! Bidirectional. expansions: 971, time: 2,979 [ms], path length: 31 [edges], g_F: 7, g_B: 24, generated: 0, MM: 17, MMPER: 52.125%
[00:00:00:03:376] 
---------- SM_Grids/7x8_grid_with_random_blocks_8per_5 ----------
[00:00:00:06:192] Path of length 33 found: [0, 1, 2, 3, 11, 12, 13, 5, 6, 7, 15, 23, 22, 30, 38, 37, 36, 28, 27, 26, 18, 17, 16, 24, 32, 40, 48, 49, 50, 51, 52, 53, 54, 55]
[00:00:00:06:192] ! Unidirectional s-t. expansions: 1,582, time: 6,192 [ms], path length: 33 [edges], generated: 2,551
[00:00:00:06:931] Path of length 33 found: [55, 54, 53, 52, 51, 50, 49, 48, 40, 32, 24, 16, 17, 18, 26, 27, 28, 36, 37, 38, 39, 31, 23, 15, 7, 6, 5, 13, 12, 11, 3, 2, 1, 0]
[00:00:00:06:932] ! Unidirectional t-s. expansions: 1,739, time: 6,932 [ms], path length: 33 [edges], generated: 2,964
[00:00:00:04:979] Path of length 33 found: [0, 1, 2, 3, 11, 12, 13, 5, 6, 7, 15, 23, 22, 30, 38, 37, 36, 28, 27, 26, 18, 17, 16, 24, 32, 40, 48, 49, 50, 51, 52, 53, 54, 55]
[00:00:00:05:373] ! Bidirectional. expansions: 1,577, time: 4,979 [ms], path length: 33 [edges], g_F: 20, g_B: 13, generated: 0, MM: 7, MMPER: 19.58823529411765%
[00:00:00:05:373] 
---------- SM_Grids/7x8_grid_with_random_blocks_8per_6 ----------
[00:00:00:12:764] Path of length 29 found: [0, 8, 16, 24, 32, 33, 41, 49, 50, 51, 43, 35, 27, 26, 18, 10, 11, 12, 20, 21, 22, 23, 31, 39, 38, 37, 45, 53, 54, 55]
[00:00:00:12:765] ! Unidirectional s-t. expansions: 3,056, time: 12,765 [ms], path length: 29 [edges], generated: 5,960
[00:00:00:03:044] Path of length 29 found: [55, 54, 53, 45, 37, 38, 39, 31, 23, 22, 21, 20, 28, 27, 35, 43, 42, 50, 49, 48, 40, 32, 33, 25, 17, 18, 10, 2, 1, 0]
[00:00:00:03:045] ! Unidirectional t-s. expansions: 649, time: 3,045 [ms], path length: 29 [edges], generated: 1,230
[00:00:00:12:267] Path of length 29 found: [0, 8, 16, 24, 32, 40, 48, 49, 50, 51, 43, 35, 34, 26, 18, 10, 11, 12, 20, 21, 22, 23, 31, 39, 38, 37, 45, 53, 54, 55]
[00:00:00:12:665] ! Bidirectional. expansions: 3,918, time: 12,267 [ms], path length: 29 [edges], g_F: 25, g_B: 4, generated: 0, MM: 21, MMPER: 69.0%
[00:00:00:12:665] 
---------- SM_Grids/7x8_grid_with_random_blocks_8per_7 ----------
[00:00:00:11:338] Path of length 31 found: [0, 1, 2, 3, 11, 19, 18, 17, 16, 24, 32, 40, 41, 42, 43, 35, 36, 28, 29, 21, 13, 5, 6, 7, 15, 23, 31, 39, 38, 46, 54, 55]
[00:00:00:11:340] ! Unidirectional s-t. expansions: 2,957, time: 11,338 [ms], path length: 31 [edges], generated: 5,115
[00:00:00:13:670] Path of length 31 found: [55, 47, 39, 31, 23, 15, 7, 6, 5, 13, 21, 20, 28, 36, 37, 45, 53, 52, 51, 43, 42, 41, 40, 32, 24, 16, 17, 18, 10, 2, 1, 0]
[00:00:00:13:670] ! Unidirectional t-s. expansions: 3,351, time: 13,670 [ms], path length: 31 [edges], generated: 5,910
[00:00:00:07:952] Path of length 31 found: [0, 1, 9, 17, 16, 24, 32, 33, 34, 35, 43, 51, 52, 53, 45, 37, 29, 28, 20, 19, 11, 3, 4, 5, 6, 7, 15, 23, 31, 39, 47, 55]
[00:00:00:08:341] ! Bidirectional. expansions: 2,974, time: 7,952 [ms], path length: 31 [edges], g_F: 7, g_B: 24, generated: 0, MM: 17, MMPER: 52.125%
[00:00:00:08:341] 
---------- SM_Grids/7x8_grid_with_random_blocks_8per_8 ----------
[00:00:00:15:670] Path of length 29 found: [0, 8, 16, 24, 32, 40, 41, 42, 34, 35, 27, 19, 18, 10, 2, 3, 4, 5, 6, 7, 15, 23, 22, 30, 29, 37, 45, 53, 54, 55]
[00:00:00:15:671] ! Unidirectional s-t. expansions: 5,330, time: 15,670 [ms], path length: 29 [edges], generated: 8,173
[00:00:00:22:697] Path of length 29 found: [55, 54, 53, 45, 37, 29, 30, 22, 23, 15, 7, 6, 5, 13, 12, 20, 19, 27, 35, 43, 42, 41, 33, 32, 24, 16, 17, 9, 1, 0]
[00:00:00:22:698] ! Unidirectional t-s. expansions: 6,292, time: 22,698 [ms], path length: 29 [edges], generated: 11,780
[00:00:00:12:579] Path of length 29 found: [0, 1, 9, 17, 16, 24, 32, 40, 41, 42, 43, 35, 27, 19, 11, 12, 4, 5, 6, 7, 15, 23, 31, 39, 38, 37, 45, 53, 54, 55]
[00:00:00:12:974] ! Bidirectional. expansions: 4,707, time: 12,579 [ms], path length: 29 [edges], g_F: 8, g_B: 21, generated: 0, MM: 13, MMPER: 42.333333333333336%
[00:00:00:12:974] 
---------- SM_Grids/7x8_grid_with_random_blocks_8per_9 ----------
[00:00:00:15:261] Path of length 31 found: [0, 8, 16, 24, 32, 40, 41, 49, 50, 51, 43, 35, 34, 26, 18, 10, 11, 3, 4, 5, 6, 7, 15, 23, 22, 30, 29, 37, 45, 46, 54, 55]
[00:00:00:15:261] ! Unidirectional s-t. expansions: 3,806, time: 15,261 [ms], path length: 31 [edges], generated: 6,649
[00:00:00:19:292] Path of length 31 found: [55, 54, 46, 45, 37, 29, 30, 22, 23, 15, 7, 6, 5, 4, 12, 20, 19, 18, 26, 34, 35, 43, 51, 50, 49, 41, 40, 32, 24, 16, 8, 0]
[00:00:00:19:292] ! Unidirectional t-s. expansions: 5,106, time: 19,292 [ms], path length: 31 [edges], generated: 8,880
[00:00:00:16:801] Path of length 31 found: [0, 1, 9, 17, 16, 24, 32, 40, 41, 49, 50, 51, 52, 44, 36, 35, 27, 19, 11, 3, 4, 5, 6, 7, 15, 23, 22, 30, 38, 39, 47, 55]
[00:00:00:17:190] ! Bidirectional. expansions: 5,572, time: 16,801 [ms], path length: 31 [edges], g_F: 17, g_B: 14, generated: 0, MM: 3, MMPER: 8.375%

[00:00:00:17:190] average expansions: (2,215, 2,209, 2,379, 0)
[00:00:00:17:190] average time: (8,385, 8,656, 7,255, 0)
[00:00:00:17:190] XA*: 2,209 , 8,385 (expansions , time[ms])
[00:00:00:17:190] BiXA*: 2,379 , 7,255 (expansions , time[ms])

