------------------------------------
Thu 01 Oct 2026 12:43:45 IDT
SLURM_JOBID:		21944682
SLURM_JOB_NODELIST:	ise-cpu256-09
SLURM_SCRATCH_DIR:	/scratch/shubit/21944682
Allocated Resouces:	cpu - 2 / mem - 61440 MB / gpu - 
SLURM_GPU_INDEX:	
Running as shubit from shimony account with normal QOS
------------------------------------
Thu 01 Oct 2026 12:43:45 IDT

SLURM_JOBID:		 21944682
SLURM_JOB_NODELIST:	 ise-cpu256-09 

--------------------------
date: SM_Grids
number_of_graphs: 10
graph_type: grid
size_of_graphs: [7, 7]
heuristic: bcc_heuristic
snake: True
run_uni: True
run_bi: True
run_multi: False
solution_vertices: []
algorithms: ['IDA']
lookahead: -1
bsd: False
cube_first_dims: 4
cube_buffer_dim: None
backward_sym_generation: False
sym_coil: False
prefix_set: None

---------- SM_Grids/7x7_grid_with_random_blocks_16per_0 ----------
[00:00:00:00:531] Path of length 22 found: [0, 7, 14, 21, 28, 35, 42, 43, 44, 37, 30, 31, 24, 17, 18, 19, 20, 27, 34, 33, 40, 47, 48]
[00:00:00:00:531] ! Unidirectional s-t. expansions: 174, time: 531 [ms], path length: 22 [edges], generated: 286
[00:00:00:01:382] Path of length 22 found: [48, 41, 34, 27, 20, 19, 18, 17, 24, 31, 32, 39, 46, 45, 44, 37, 36, 29, 22, 21, 14, 7, 0]
[00:00:00:01:382] ! Unidirectional t-s. expansions: 466, time: 1,382 [ms], path length: 22 [edges], generated: 745
[00:00:00:00:813] Path of length 22 found: [0, 7, 14, 21, 22, 29, 36, 43, 44, 45, 46, 39, 32, 31, 24, 17, 18, 19, 20, 27, 34, 41, 48]
[00:00:00:01:269] ! Bidirectional. expansions: 206, time: 813 [ms], path length: 22 [edges], g_F: 12, g_B: 10, generated: 0, MM: 2, MMPER: 7.695652173913043%
[00:00:00:01:269] 
---------- SM_Grids/7x7_grid_with_random_blocks_16per_1 ----------
[00:00:00:00:758] Path of length 26 found: [0, 1, 2, 9, 10, 11, 12, 13, 20, 27, 26, 25, 24, 31, 30, 29, 28, 35, 42, 43, 44, 45, 46, 39, 40, 41, 48]
[00:00:00:00:758] ! Unidirectional s-t. expansions: 189, time: 758 [ms], path length: 26 [edges], generated: 322
[00:00:00:03:325] Path of length 26 found: [48, 41, 40, 39, 46, 45, 44, 43, 42, 35, 28, 29, 30, 31, 24, 25, 26, 27, 20, 13, 12, 5, 4, 3, 2, 1, 0]
[00:00:00:03:325] ! Unidirectional t-s. expansions: 963, time: 3,325 [ms], path length: 26 [edges], generated: 1,419
[00:00:00:01:092] Path of length 26 found: [0, 1, 2, 9, 10, 11, 12, 13, 20, 27, 26, 25, 24, 31, 30, 29, 28, 35, 42, 43, 44, 45, 46, 39, 40, 41, 48]
[00:00:00:01:496] ! Bidirectional. expansions: 296, time: 1,092 [ms], path length: 26 [edges], g_F: 14, g_B: 12, generated: 0, MM: 2, MMPER: 6.407407407407407%
[00:00:00:01:496] 
---------- SM_Grids/7x7_grid_with_random_blocks_16per_2 ----------
[00:00:00:03:549] Path of length 24 found: [0, 1, 2, 3, 4, 5, 12, 19, 18, 17, 16, 23, 22, 29, 36, 43, 44, 45, 38, 31, 32, 33, 40, 47, 48]
[00:00:00:03:549] ! Unidirectional s-t. expansions: 898, time: 3,549 [ms], path length: 24 [edges], generated: 1,681
[00:00:00:01:683] Path of length 24 found: [48, 47, 40, 33, 32, 31, 38, 45, 44, 43, 36, 29, 22, 23, 16, 17, 18, 19, 12, 5, 4, 3, 2, 1, 0]
[00:00:00:01:683] ! Unidirectional t-s. expansions: 388, time: 1,683 [ms], path length: 24 [edges], generated: 721
[00:00:00:02:939] Path of length 24 found: [0, 1, 2, 3, 4, 5, 12, 19, 18, 17, 16, 23, 22, 29, 36, 43, 44, 45, 38, 31, 32, 33, 40, 47, 48]
[00:00:00:03:345] ! Bidirectional. expansions: 729, time: 2,940 [ms], path length: 24 [edges], g_F: 13, g_B: 11, generated: 0, MM: 2, MMPER: 7.0%
[00:00:00:03:345] 
---------- SM_Grids/7x7_grid_with_random_blocks_16per_3 ----------
[00:00:00:01:953] Path of length 22 found: [0, 1, 2, 3, 4, 11, 18, 17, 16, 15, 14, 21, 28, 35, 36, 37, 30, 31, 32, 33, 40, 47, 48]
[00:00:00:01:954] ! Unidirectional s-t. expansions: 536, time: 1,953 [ms], path length: 22 [edges], generated: 933
[00:00:00:03:737] Path of length 22 found: [48, 47, 46, 39, 32, 33, 26, 19, 18, 17, 24, 23, 30, 37, 36, 35, 28, 21, 14, 15, 8, 1, 0]
[00:00:00:03:737] ! Unidirectional t-s. expansions: 1,064, time: 3,737 [ms], path length: 22 [edges], generated: 1,713
[00:00:00:03:610] Path of length 22 found: [0, 1, 2, 3, 4, 11, 18, 17, 16, 15, 14, 21, 28, 35, 36, 37, 30, 31, 32, 39, 46, 47, 48]
[00:00:00:03:997] ! Bidirectional. expansions: 923, time: 3,610 [ms], path length: 22 [edges], g_F: 12, g_B: 10, generated: 0, MM: 2, MMPER: 7.695652173913043%
[00:00:00:03:998] 
---------- SM_Grids/7x7_grid_with_random_blocks_16per_4 ----------
[00:00:00:00:849] Path of length 26 found: [0, 7, 14, 21, 28, 35, 42, 43, 44, 45, 38, 31, 30, 23, 16, 9, 10, 11, 12, 19, 20, 27, 34, 33, 40, 47, 48]
[00:00:00:00:849] ! Unidirectional s-t. expansions: 293, time: 849 [ms], path length: 26 [edges], generated: 430
[00:00:00:00:672] Path of length 26 found: [48, 47, 40, 33, 34, 27, 20, 13, 12, 11, 10, 9, 16, 23, 30, 31, 38, 45, 44, 43, 36, 35, 28, 21, 14, 7, 0]
[00:00:00:00:673] ! Unidirectional t-s. expansions: 177, time: 672 [ms], path length: 26 [edges], generated: 308
[00:00:00:01:162] Path of length 26 found: [0, 7, 14, 21, 28, 35, 42, 43, 44, 45, 38, 31, 30, 23, 16, 9, 10, 11, 12, 13, 20, 27, 34, 33, 40, 47, 48]
[00:00:00:01:522] ! Bidirectional. expansions: 377, time: 1,162 [ms], path length: 26 [edges], g_F: 14, g_B: 12, generated: 0, MM: 2, MMPER: 6.407407407407407%
[00:00:00:01:522] 
---------- SM_Grids/7x7_grid_with_random_blocks_16per_5 ----------
[00:00:00:00:474] Path of length 26 found: [0, 1, 2, 9, 16, 15, 14, 21, 28, 29, 30, 37, 38, 39, 32, 25, 18, 11, 4, 5, 6, 13, 20, 27, 34, 41, 48]
[00:00:00:00:474] ! Unidirectional s-t. expansions: 126, time: 474 [ms], path length: 26 [edges], generated: 220
[00:00:00:00:460] Path of length 26 found: [48, 41, 34, 27, 20, 13, 6, 5, 4, 11, 18, 25, 32, 39, 38, 37, 30, 29, 28, 21, 14, 15, 16, 9, 2, 1, 0]
[00:00:00:00:460] ! Unidirectional t-s. expansions: 127, time: 460 [ms], path length: 26 [edges], generated: 219
[00:00:00:00:534] Path of length 26 found: [0, 1, 2, 9, 16, 15, 14, 21, 28, 29, 30, 37, 38, 39, 32, 25, 18, 11, 4, 5, 6, 13, 20, 27, 34, 41, 48]
[00:00:00:00:885] ! Bidirectional. expansions: 132, time: 534 [ms], path length: 26 [edges], g_F: 14, g_B: 12, generated: 0, MM: 2, MMPER: 6.407407407407407%
[00:00:00:00:885] 
---------- SM_Grids/7x7_grid_with_random_blocks_16per_6 ----------
[00:00:00:00:416] Path of length 26 found: [0, 1, 8, 15, 22, 23, 30, 37, 44, 45, 46, 39, 32, 25, 18, 17, 10, 3, 4, 5, 12, 13, 20, 27, 34, 41, 48]
[00:00:00:00:416] ! Unidirectional s-t. expansions: 107, time: 416 [ms], path length: 26 [edges], generated: 182
[00:00:00:00:372] Path of length 26 found: [48, 41, 34, 27, 20, 13, 6, 5, 4, 3, 10, 17, 18, 25, 32, 39, 46, 45, 44, 37, 30, 23, 22, 15, 8, 1, 0]
[00:00:00:00:372] ! Unidirectional t-s. expansions: 110, time: 372 [ms], path length: 26 [edges], generated: 180
[00:00:00:00:377] Path of length 26 found: [0, 1, 8, 15, 22, 23, 30, 37, 44, 45, 46, 39, 32, 25, 18, 17, 10, 3, 4, 5, 6, 13, 20, 27, 34, 41, 48]
[00:00:00:00:719] ! Bidirectional. expansions: 102, time: 377 [ms], path length: 26 [edges], g_F: 14, g_B: 12, generated: 0, MM: 2, MMPER: 6.407407407407407%
[00:00:00:00:719] 
---------- SM_Grids/7x7_grid_with_random_blocks_16per_7 ----------
[00:00:00:01:847] Path of length 26 found: [0, 7, 8, 15, 22, 21, 28, 35, 36, 37, 30, 31, 24, 25, 18, 11, 4, 5, 6, 13, 20, 27, 34, 33, 40, 47, 48]
[00:00:00:01:847] ! Unidirectional s-t. expansions: 1,013, time: 1,847 [ms], path length: 26 [edges], generated: 1,360
[00:00:00:00:824] Path of length 26 found: [48, 47, 40, 33, 34, 27, 20, 13, 6, 5, 4, 3, 10, 17, 24, 31, 30, 37, 36, 35, 28, 21, 14, 15, 8, 1, 0]
[00:00:00:00:824] ! Unidirectional t-s. expansions: 306, time: 824 [ms], path length: 26 [edges], generated: 456
[00:00:00:00:992] Path of length 26 found: [0, 7, 8, 15, 22, 21, 28, 35, 36, 37, 30, 31, 24, 17, 10, 3, 4, 5, 6, 13, 20, 27, 34, 33, 40, 47, 48]
[00:00:00:01:399] ! Bidirectional. expansions: 310, time: 993 [ms], path length: 26 [edges], g_F: 14, g_B: 12, generated: 0, MM: 2, MMPER: 6.407407407407407%
[00:00:00:01:400] 
---------- SM_Grids/7x7_grid_with_random_blocks_16per_8 ----------
[00:00:00:00:266] Path of length 30 found: [0, 1, 2, 9, 16, 15, 22, 21, 28, 35, 42, 43, 44, 37, 30, 31, 24, 25, 18, 11, 4, 5, 6, 13, 20, 27, 34, 33, 40, 47, 48]
[00:00:00:00:266] ! Unidirectional s-t. expansions: 74, time: 266 [ms], path length: 30 [edges], generated: 107
[00:00:00:00:245] Path of length 30 found: [48, 47, 40, 33, 34, 27, 20, 13, 6, 5, 4, 11, 18, 25, 24, 31, 30, 37, 44, 43, 42, 35, 28, 21, 22, 15, 16, 9, 2, 1, 0]
[00:00:00:00:246] ! Unidirectional t-s. expansions: 78, time: 245 [ms], path length: 30 [edges], generated: 109
[00:00:00:00:246] Path of length 30 found: [0, 1, 2, 9, 16, 15, 22, 21, 28, 35, 42, 43, 44, 37, 30, 31, 24, 25, 18, 11, 4, 5, 6, 13, 20, 27, 34, 33, 40, 47, 48]
[00:00:00:00:670] ! Bidirectional. expansions: 63, time: 246 [ms], path length: 30 [edges], g_F: 16, g_B: 14, generated: 0, MM: 2, MMPER: 5.451612903225806%
[00:00:00:00:671] 
---------- SM_Grids/7x7_grid_with_random_blocks_16per_9 ----------
[00:00:00:02:474] Path of length 24 found: [0, 7, 8, 9, 16, 23, 22, 21, 28, 35, 42, 43, 44, 45, 46, 39, 32, 25, 18, 19, 20, 27, 34, 41, 48]
[00:00:00:02:474] ! Unidirectional s-t. expansions: 764, time: 2,474 [ms], path length: 24 [edges], generated: 1,236
[00:00:00:02:227] Path of length 24 found: [48, 41, 34, 27, 20, 19, 18, 17, 24, 31, 32, 39, 46, 45, 44, 37, 36, 35, 28, 21, 22, 15, 8, 1, 0]
[00:00:00:02:228] ! Unidirectional t-s. expansions: 740, time: 2,227 [ms], path length: 24 [edges], generated: 1,134
[00:00:00:02:004] Path of length 24 found: [0, 7, 8, 9, 16, 23, 22, 21, 28, 35, 42, 43, 44, 45, 46, 39, 32, 25, 18, 19, 20, 27, 34, 41, 48]
[00:00:00:02:411] ! Bidirectional. expansions: 469, time: 2,004 [ms], path length: 24 [edges], g_F: 13, g_B: 11, generated: 0, MM: 2, MMPER: 7.0%

[00:00:00:02:411] average expansions: (417, 442, 361, 0)
[00:00:00:02:411] average time: (1,312, 1,493, 1,377, 0)
[00:00:00:02:411] XIDA: 417 , 1,312 (expansions , time[ms])
[00:00:00:02:411] BiXIDA: 361 , 1,377 (expansions , time[ms])

