------------------------------------
Thu 01 Oct 2026 12:43:45 IDT
SLURM_JOBID:		21944684
SLURM_JOB_NODELIST:	ise-cpu256-08
SLURM_SCRATCH_DIR:	/scratch/shubit/21944684
Allocated Resouces:	cpu - 2 / mem - 61440 MB / gpu - 
SLURM_GPU_INDEX:	
Running as shubit from shimony account with normal QOS
------------------------------------
Thu 01 Oct 2026 12:43:45 IDT

SLURM_JOBID:		 21944684
SLURM_JOB_NODELIST:	 ise-cpu256-08 

--------------------------
date: SM_Grids
number_of_graphs: 10
graph_type: grid
size_of_graphs: [7, 7]
heuristic: bcc_heuristic
snake: True
run_uni: True
run_bi: True
run_multi: False
solution_vertices: []
algorithms: ['IDA']
lookahead: 2
bsd: False
cube_first_dims: 4
cube_buffer_dim: None
backward_sym_generation: False
sym_coil: False
prefix_set: None

---------- SM_Grids/7x7_grid_with_random_blocks_16per_0 ----------
[00:00:00:00:453] Path of length 22 found: [0, 7, 14, 21, 28, 35, 42, 43, 44, 37, 30, 31, 24, 17, 18, 19, 20, 27, 34, 33, 40, 47, 48]
[00:00:00:00:453] ! Unidirectional s-t. expansions: 95, time: 453 [ms], path length: 22 [edges], generated: 432
[00:00:00:01:055] Path of length 22 found: [48, 41, 34, 27, 20, 19, 18, 17, 24, 31, 32, 39, 46, 45, 44, 43, 42, 35, 28, 21, 14, 7, 0]
[00:00:00:01:055] ! Unidirectional t-s. expansions: 255, time: 1,055 [ms], path length: 22 [edges], generated: 1,000
[00:00:00:00:512] Path of length 22 found: [0, 7, 14, 21, 22, 29, 36, 43, 44, 45, 46, 39, 32, 31, 24, 17, 18, 19, 20, 27, 34, 41, 48]
[00:00:00:00:888] ! Bidirectional. expansions: 101, time: 512 [ms], path length: 22 [edges], g_F: 11, g_B: 11, generated: 0, MM: 0, MMPER: -1.0%
[00:00:00:00:888] 
---------- SM_Grids/7x7_grid_with_random_blocks_16per_1 ----------
[00:00:00:00:497] Path of length 26 found: [0, 1, 2, 9, 10, 11, 12, 13, 20, 27, 26, 25, 24, 31, 30, 29, 28, 35, 42, 43, 44, 45, 46, 39, 40, 41, 48]
[00:00:00:00:497] ! Unidirectional s-t. expansions: 90, time: 497 [ms], path length: 26 [edges], generated: 415
[00:00:00:02:661] Path of length 26 found: [48, 41, 40, 39, 46, 45, 44, 43, 42, 35, 28, 29, 30, 31, 24, 25, 26, 27, 20, 13, 12, 5, 4, 3, 2, 1, 0]
[00:00:00:02:661] ! Unidirectional t-s. expansions: 485, time: 2,661 [ms], path length: 26 [edges], generated: 1,765
[00:00:00:00:887] Path of length 26 found: [0, 1, 2, 9, 10, 11, 12, 13, 20, 27, 26, 25, 24, 31, 30, 29, 28, 35, 42, 43, 44, 45, 46, 39, 40, 41, 48]
[00:00:00:01:386] ! Bidirectional. expansions: 143, time: 887 [ms], path length: 26 [edges], g_F: 13, g_B: 13, generated: 0, MM: 0, MMPER: -1.0%
[00:00:00:01:386] 
---------- SM_Grids/7x7_grid_with_random_blocks_16per_2 ----------
[00:00:00:03:496] Path of length 24 found: [0, 1, 2, 3, 4, 5, 12, 19, 18, 17, 16, 23, 22, 29, 36, 43, 44, 45, 38, 31, 32, 33, 40, 47, 48]
[00:00:00:03:496] ! Unidirectional s-t. expansions: 452, time: 3,496 [ms], path length: 24 [edges], generated: 2,409
[00:00:00:01:423] Path of length 24 found: [48, 47, 40, 33, 32, 31, 38, 45, 44, 43, 36, 29, 22, 23, 16, 17, 18, 19, 12, 5, 4, 3, 2, 1, 0]
[00:00:00:01:424] ! Unidirectional t-s. expansions: 186, time: 1,423 [ms], path length: 24 [edges], generated: 948
[00:00:00:02:553] Path of length 24 found: [0, 1, 2, 3, 4, 5, 12, 19, 18, 17, 16, 23, 22, 29, 36, 43, 44, 45, 38, 31, 32, 33, 40, 47, 48]
[00:00:00:02:981] ! Bidirectional. expansions: 370, time: 2,553 [ms], path length: 24 [edges], g_F: 12, g_B: 12, generated: 0, MM: 0, MMPER: -1.0%
[00:00:00:02:982] 
---------- SM_Grids/7x7_grid_with_random_blocks_16per_3 ----------
[00:00:00:01:912] Path of length 22 found: [0, 1, 2, 3, 4, 11, 18, 17, 16, 15, 14, 21, 28, 35, 36, 37, 30, 31, 32, 39, 46, 47, 48]
[00:00:00:01:912] ! Unidirectional s-t. expansions: 259, time: 1,912 [ms], path length: 22 [edges], generated: 1,243
[00:00:00:03:365] Path of length 22 found: [48, 47, 46, 39, 32, 33, 26, 19, 18, 17, 24, 23, 30, 37, 36, 35, 28, 21, 14, 15, 8, 1, 0]
[00:00:00:03:366] ! Unidirectional t-s. expansions: 559, time: 3,365 [ms], path length: 22 [edges], generated: 2,360
[00:00:00:03:058] Path of length 22 found: [0, 1, 2, 3, 4, 11, 18, 17, 16, 15, 14, 21, 28, 35, 36, 37, 30, 31, 32, 39, 46, 47, 48]
[00:00:00:03:479] ! Bidirectional. expansions: 488, time: 3,058 [ms], path length: 22 [edges], g_F: 11, g_B: 11, generated: 0, MM: 0, MMPER: -1.0%
[00:00:00:03:480] 
---------- SM_Grids/7x7_grid_with_random_blocks_16per_4 ----------
[00:00:00:00:759] Path of length 26 found: [0, 7, 14, 21, 28, 35, 42, 43, 44, 45, 38, 31, 30, 23, 16, 9, 10, 11, 12, 19, 20, 27, 34, 33, 40, 47, 48]
[00:00:00:00:759] ! Unidirectional s-t. expansions: 140, time: 759 [ms], path length: 26 [edges], generated: 473
[00:00:00:00:761] Path of length 26 found: [48, 41, 40, 33, 26, 27, 20, 13, 12, 11, 10, 9, 16, 23, 30, 31, 38, 45, 44, 43, 36, 35, 28, 21, 14, 7, 0]
[00:00:00:00:762] ! Unidirectional t-s. expansions: 96, time: 761 [ms], path length: 26 [edges], generated: 433
[00:00:00:01:025] Path of length 26 found: [0, 7, 14, 21, 28, 35, 42, 43, 44, 45, 38, 31, 30, 23, 16, 9, 10, 11, 12, 13, 20, 27, 34, 33, 40, 47, 48]
[00:00:00:01:496] ! Bidirectional. expansions: 178, time: 1,025 [ms], path length: 26 [edges], g_F: 13, g_B: 13, generated: 0, MM: 0, MMPER: -1.0%
[00:00:00:01:496] 
---------- SM_Grids/7x7_grid_with_random_blocks_16per_5 ----------
[00:00:00:00:525] Path of length 26 found: [0, 1, 2, 9, 16, 15, 14, 21, 28, 29, 30, 37, 38, 39, 32, 25, 18, 11, 4, 5, 6, 13, 20, 27, 34, 41, 48]
[00:00:00:00:525] ! Unidirectional s-t. expansions: 63, time: 525 [ms], path length: 26 [edges], generated: 307
[00:00:00:00:538] Path of length 26 found: [48, 41, 34, 27, 20, 13, 6, 5, 4, 11, 18, 25, 32, 39, 38, 37, 30, 29, 28, 21, 14, 15, 16, 9, 2, 1, 0]
[00:00:00:00:538] ! Unidirectional t-s. expansions: 63, time: 538 [ms], path length: 26 [edges], generated: 304
[00:00:00:00:632] Path of length 26 found: [0, 1, 2, 9, 16, 15, 14, 21, 28, 29, 30, 37, 38, 39, 32, 25, 18, 11, 4, 5, 6, 13, 20, 27, 34, 41, 48]
[00:00:00:01:059] ! Bidirectional. expansions: 85, time: 632 [ms], path length: 26 [edges], g_F: 13, g_B: 13, generated: 0, MM: 0, MMPER: -1.0%
[00:00:00:01:059] 
---------- SM_Grids/7x7_grid_with_random_blocks_16per_6 ----------
[00:00:00:00:536] Path of length 26 found: [0, 1, 8, 15, 22, 23, 30, 37, 44, 45, 46, 39, 32, 25, 18, 17, 10, 3, 4, 5, 12, 13, 20, 27, 34, 41, 48]
[00:00:00:00:537] ! Unidirectional s-t. expansions: 56, time: 536 [ms], path length: 26 [edges], generated: 264
[00:00:00:00:445] Path of length 26 found: [48, 41, 34, 27, 20, 13, 6, 5, 4, 3, 10, 17, 18, 25, 32, 39, 46, 45, 44, 37, 30, 23, 22, 15, 8, 1, 0]
[00:00:00:00:445] ! Unidirectional t-s. expansions: 60, time: 445 [ms], path length: 26 [edges], generated: 271
[00:00:00:00:376] Path of length 26 found: [0, 1, 8, 15, 22, 23, 30, 37, 44, 45, 46, 39, 32, 25, 18, 17, 10, 3, 4, 5, 6, 13, 20, 27, 34, 41, 48]
[00:00:00:00:772] ! Bidirectional. expansions: 51, time: 376 [ms], path length: 26 [edges], g_F: 13, g_B: 13, generated: 0, MM: 0, MMPER: -1.0%
[00:00:00:00:772] 
---------- SM_Grids/7x7_grid_with_random_blocks_16per_7 ----------
[00:00:00:01:353] Path of length 26 found: [0, 7, 8, 15, 22, 21, 28, 35, 36, 37, 30, 31, 24, 25, 18, 11, 4, 5, 6, 13, 20, 27, 34, 33, 40, 47, 48]
[00:00:00:01:353] ! Unidirectional s-t. expansions: 472, time: 1,353 [ms], path length: 26 [edges], generated: 1,598
[00:00:00:00:714] Path of length 26 found: [48, 47, 40, 33, 34, 27, 20, 13, 6, 5, 4, 3, 10, 17, 24, 31, 30, 37, 36, 35, 28, 21, 14, 15, 8, 1, 0]
[00:00:00:00:714] ! Unidirectional t-s. expansions: 172, time: 714 [ms], path length: 26 [edges], generated: 617
[00:00:00:00:666] Path of length 26 found: [0, 7, 8, 15, 22, 21, 28, 35, 36, 37, 30, 31, 24, 17, 10, 3, 4, 5, 6, 13, 20, 27, 34, 33, 40, 47, 48]
[00:00:00:01:020] ! Bidirectional. expansions: 177, time: 667 [ms], path length: 26 [edges], g_F: 13, g_B: 13, generated: 0, MM: 0, MMPER: -1.0%
[00:00:00:01:020] 
---------- SM_Grids/7x7_grid_with_random_blocks_16per_8 ----------
[00:00:00:00:255] Path of length 30 found: [0, 1, 2, 9, 16, 15, 22, 21, 28, 35, 42, 43, 44, 37, 30, 31, 24, 25, 18, 11, 4, 5, 6, 13, 20, 27, 34, 33, 40, 47, 48]
[00:00:00:00:256] ! Unidirectional s-t. expansions: 39, time: 255 [ms], path length: 30 [edges], generated: 148
[00:00:00:00:185] Path of length 30 found: [48, 47, 40, 33, 34, 27, 20, 13, 6, 5, 4, 11, 18, 25, 24, 31, 30, 37, 44, 43, 42, 35, 28, 21, 22, 15, 16, 9, 2, 1, 0]
[00:00:00:00:186] ! Unidirectional t-s. expansions: 42, time: 185 [ms], path length: 30 [edges], generated: 144
[00:00:00:00:134] Path of length 30 found: [0, 1, 2, 9, 16, 15, 22, 21, 28, 35, 42, 43, 44, 37, 30, 31, 24, 25, 18, 11, 4, 5, 6, 13, 20, 27, 34, 33, 40, 47, 48]
[00:00:00:00:484] ! Bidirectional. expansions: 28, time: 135 [ms], path length: 30 [edges], g_F: 15, g_B: 15, generated: 0, MM: 0, MMPER: -1.0%
[00:00:00:00:484] 
---------- SM_Grids/7x7_grid_with_random_blocks_16per_9 ----------
[00:00:00:01:677] Path of length 24 found: [0, 1, 2, 3, 10, 17, 16, 15, 22, 21, 28, 35, 42, 43, 44, 45, 46, 39, 32, 25, 26, 27, 34, 41, 48]
[00:00:00:01:677] ! Unidirectional s-t. expansions: 407, time: 1,677 [ms], path length: 24 [edges], generated: 1,677
[00:00:00:01:888] Path of length 24 found: [48, 41, 34, 27, 20, 19, 18, 17, 24, 31, 32, 39, 46, 45, 44, 37, 36, 35, 28, 21, 22, 15, 8, 1, 0]
[00:00:00:01:888] ! Unidirectional t-s. expansions: 369, time: 1,888 [ms], path length: 24 [edges], generated: 1,528
[00:00:00:01:727] Path of length 24 found: [0, 1, 2, 3, 10, 17, 16, 15, 22, 21, 28, 35, 36, 37, 44, 45, 46, 39, 32, 25, 26, 27, 34, 41, 48]
[00:00:00:02:165] ! Bidirectional. expansions: 258, time: 1,728 [ms], path length: 24 [edges], g_F: 12, g_B: 12, generated: 0, MM: 0, MMPER: -1.0%

[00:00:00:02:166] average expansions: (207, 229, 188, 0)
[00:00:00:02:166] average time: (1,146, 1,304, 1,157, 0)
[00:00:00:02:166] XIDA: 207 , 1,146 (expansions , time[ms])
[00:00:00:02:166] BiXIDA: 188 , 1,157 (expansions , time[ms])

