------------------------------------
Thu 01 Oct 2026 14:27:00 IDT
SLURM_JOBID:		21950231
SLURM_JOB_NODELIST:	ise-cpu256-30
SLURM_SCRATCH_DIR:	/scratch/shubit/21950231
Allocated Resouces:	cpu - 2 / mem - 61440 MB / gpu - 
SLURM_GPU_INDEX:	
Running as shubit from shimony account with normal QOS
------------------------------------
Thu 01 Oct 2026 14:27:00 IDT

SLURM_JOBID:		 21950231
SLURM_JOB_NODELIST:	 ise-cpu256-30 

--------------------------
date: SM_Grids
number_of_graphs: 10
graph_type: grid
size_of_graphs: [7, 9]
heuristic: bcc_heuristic
snake: True
run_uni: True
run_bi: True
run_multi: False
solution_vertices: []
algorithms: ['DFBnB']
lookahead: 1
bsd: False
cube_first_dims: 4
cube_buffer_dim: None
backward_sym_generation: False
sym_coil: False
prefix_set: None

---------- SM_Grids/7x9_grid_with_random_blocks_8per_0 ----------
[00:00:00:06:251] Path of length 38 found: [0, 9, 18, 27, 36, 45, 54, 55, 56, 47, 38, 39, 40, 49, 58, 59, 60, 51, 42, 33, 32, 23, 22, 21, 20, 11, 2, 3, 4, 5, 6, 15, 16, 25, 26, 35, 44, 53, 62]
[00:00:00:06:251] ! Unidirectional s-t. expansions: 1,465, time: 6,251 [ms], path length: 38 [edges], generated: 2,462
[00:00:00:09:435] Path of length 38 found: [62, 53, 44, 35, 26, 25, 16, 7, 6, 5, 4, 3, 2, 11, 20, 21, 22, 23, 32, 33, 42, 51, 60, 59, 58, 49, 40, 39, 38, 47, 56, 55, 54, 45, 36, 27, 18, 9, 0]
[00:00:00:09:436] ! Unidirectional t-s. expansions: 5,226, time: 9,435 [ms], path length: 38 [edges], generated: 5,810
[00:00:00:22:652] Path of length 38 found: [0, 9, 18, 27, 36, 45, 54, 55, 56, 47, 38, 39, 40, 49, 58, 59, 60, 51, 42, 33, 32, 23, 22, 21, 20, 11, 2, 3, 4, 5, 6, 7, 16, 25, 26, 35, 44, 53, 62]
[00:00:00:23:122] ! Bidirectional. expansions: 2,735, time: 22,653 [ms], path length: 38 [edges], g_F: 20, g_B: 18, generated: 0, MM: 2, MMPER: 4.128205128205129%
[00:00:00:23:122] 
---------- SM_Grids/7x9_grid_with_random_blocks_8per_1 ----------
[00:00:00:09:802] Path of length 38 found: [0, 1, 2, 3, 12, 21, 20, 19, 18, 27, 36, 45, 54, 55, 56, 47, 38, 39, 40, 49, 58, 59, 60, 51, 42, 33, 24, 23, 14, 5, 6, 7, 16, 17, 26, 35, 44, 53, 62]
[00:00:00:09:803] ! Unidirectional s-t. expansions: 2,463, time: 9,802 [ms], path length: 38 [edges], generated: 4,142
[00:00:00:13:748] Path of length 38 found: [62, 53, 44, 35, 26, 17, 8, 7, 6, 5, 14, 23, 24, 33, 42, 51, 60, 59, 58, 49, 40, 39, 38, 47, 56, 55, 54, 45, 36, 27, 18, 19, 20, 21, 12, 3, 2, 1, 0]
[00:00:00:13:749] ! Unidirectional t-s. expansions: 6,141, time: 13,748 [ms], path length: 38 [edges], generated: 8,328
[00:00:01:09:173] Path of length 38 found: [0, 1, 2, 3, 12, 21, 20, 19, 18, 27, 36, 45, 54, 55, 56, 47, 38, 39, 40, 49, 58, 59, 60, 51, 42, 33, 24, 23, 14, 5, 6, 7, 8, 17, 26, 35, 44, 53, 62]
[00:00:01:09:610] ! Bidirectional. expansions: 10,189, time: 69,173 [ms], path length: 38 [edges], g_F: 31, g_B: 7, generated: 0, MM: 24, MMPER: 60.53846153846154%
[00:00:01:09:610] 
---------- SM_Grids/7x9_grid_with_random_blocks_8per_2 ----------
[00:00:00:20:655] Path of length 36 found: [0, 9, 10, 11, 12, 21, 22, 23, 14, 5, 6, 7, 16, 25, 26, 35, 44, 43, 42, 41, 40, 39, 38, 29, 28, 27, 36, 45, 54, 55, 56, 57, 58, 59, 60, 61, 62]
[00:00:00:20:655] ! Unidirectional s-t. expansions: 5,151, time: 20,655 [ms], path length: 36 [edges], generated: 8,964
[00:00:00:33:880] Path of length 36 found: [62, 61, 60, 59, 58, 49, 40, 41, 42, 43, 44, 35, 26, 25, 16, 7, 6, 5, 14, 23, 22, 21, 30, 29, 38, 47, 56, 55, 54, 45, 36, 27, 18, 19, 10, 1, 0]
[00:00:00:33:880] ! Unidirectional t-s. expansions: 10,383, time: 33,880 [ms], path length: 36 [edges], generated: 16,708
[00:00:02:08:156] Path of length 36 found: [0, 9, 10, 11, 12, 21, 22, 23, 14, 5, 6, 7, 16, 25, 26, 35, 44, 43, 42, 41, 40, 39, 38, 29, 28, 27, 36, 45, 46, 55, 56, 57, 58, 59, 60, 61, 62]
[00:00:02:08:612] ! Bidirectional. expansions: 16,845, time: 128,156 [ms], path length: 36 [edges], g_F: 18, g_B: 18, generated: 0, MM: 0, MMPER: -1.0%
[00:00:02:08:612] 
---------- SM_Grids/7x9_grid_with_random_blocks_8per_3 ----------
[00:00:00:14:943] Path of length 38 found: [0, 9, 10, 11, 2, 3, 4, 13, 22, 23, 24, 15, 6, 7, 8, 17, 26, 35, 34, 43, 42, 41, 40, 39, 30, 29, 28, 27, 36, 45, 54, 55, 56, 57, 58, 59, 60, 61, 62]
[00:00:00:14:944] ! Unidirectional s-t. expansions: 3,875, time: 14,943 [ms], path length: 38 [edges], generated: 6,550
[00:00:00:20:187] Path of length 38 found: [62, 61, 60, 59, 58, 57, 56, 55, 54, 45, 36, 27, 28, 29, 38, 39, 40, 41, 42, 43, 34, 35, 26, 17, 8, 7, 6, 15, 24, 23, 22, 13, 4, 3, 2, 11, 10, 9, 0]
[00:00:00:20:187] ! Unidirectional t-s. expansions: 9,210, time: 20,187 [ms], path length: 38 [edges], generated: 12,804
[00:00:00:52:229] Path of length 38 found: [0, 9, 10, 11, 2, 3, 4, 13, 22, 23, 24, 15, 6, 7, 8, 17, 26, 35, 34, 43, 42, 41, 40, 39, 38, 29, 28, 27, 36, 45, 54, 55, 56, 57, 58, 59, 60, 61, 62]
[00:00:00:52:662] ! Bidirectional. expansions: 8,681, time: 52,229 [ms], path length: 38 [edges], g_F: 16, g_B: 22, generated: 0, MM: 6, MMPER: 14.384615384615385%
[00:00:00:52:662] 
---------- SM_Grids/7x9_grid_with_random_blocks_8per_4 ----------
[00:00:00:02:725] Path of length 36 found: [0, 9, 18, 27, 36, 45, 54, 55, 56, 47, 48, 49, 58, 59, 60, 51, 42, 41, 32, 31, 30, 21, 20, 11, 2, 3, 4, 13, 14, 15, 24, 25, 34, 35, 44, 53, 62]
[00:00:00:02:725] ! Unidirectional s-t. expansions: 563, time: 2,725 [ms], path length: 36 [edges], generated: 1,031
[00:00:00:09:728] Path of length 36 found: [62, 53, 44, 35, 34, 25, 24, 15, 14, 13, 4, 3, 2, 11, 20, 29, 30, 31, 32, 41, 42, 51, 60, 59, 58, 49, 48, 47, 56, 55, 54, 45, 36, 27, 18, 9, 0]
[00:00:00:09:729] ! Unidirectional t-s. expansions: 5,724, time: 9,728 [ms], path length: 36 [edges], generated: 5,959
[00:00:00:08:580] Path of length 36 found: [0, 9, 18, 27, 36, 45, 54, 55, 56, 47, 48, 49, 58, 59, 60, 51, 42, 41, 32, 31, 30, 29, 20, 11, 2, 3, 4, 13, 14, 15, 24, 25, 34, 35, 44, 53, 62]
[00:00:00:09:037] ! Bidirectional. expansions: 1,818, time: 8,580 [ms], path length: 36 [edges], g_F: 17, g_B: 19, generated: 0, MM: 2, MMPER: 4.405405405405405%
[00:00:00:09:037] 
---------- SM_Grids/7x9_grid_with_random_blocks_8per_5 ----------
[00:00:00:09:730] Path of length 38 found: [0, 1, 10, 11, 12, 3, 4, 5, 6, 7, 16, 17, 26, 35, 34, 33, 24, 23, 22, 31, 40, 39, 38, 29, 28, 27, 36, 45, 54, 55, 56, 57, 58, 59, 50, 51, 52, 53, 62]
[00:00:00:09:730] ! Unidirectional s-t. expansions: 2,198, time: 9,730 [ms], path length: 38 [edges], generated: 3,767
[00:00:00:09:876] Path of length 38 found: [62, 53, 44, 35, 26, 17, 16, 7, 6, 5, 4, 3, 2, 11, 20, 29, 38, 39, 40, 31, 22, 23, 24, 33, 42, 51, 50, 59, 58, 57, 56, 55, 46, 45, 36, 27, 18, 9, 0]
[00:00:00:09:876] ! Unidirectional t-s. expansions: 4,238, time: 9,876 [ms], path length: 38 [edges], generated: 5,156
[00:00:00:29:575] Path of length 38 found: [0, 9, 18, 27, 36, 45, 54, 55, 56, 57, 58, 59, 60, 51, 42, 33, 24, 23, 22, 31, 40, 39, 38, 29, 20, 11, 2, 3, 4, 5, 6, 7, 16, 17, 26, 35, 44, 53, 62]
[00:00:00:30:017] ! Bidirectional. expansions: 4,124, time: 29,575 [ms], path length: 38 [edges], g_F: 24, g_B: 14, generated: 0, MM: 10, MMPER: 24.641025641025642%
[00:00:00:30:017] 
---------- SM_Grids/7x9_grid_with_random_blocks_8per_6 ----------
[00:00:00:12:115] Path of length 34 found: [0, 9, 18, 27, 36, 37, 46, 55, 56, 57, 58, 49, 40, 39, 30, 29, 20, 11, 12, 3, 4, 5, 14, 15, 16, 17, 26, 35, 34, 33, 42, 51, 52, 61, 62]
[00:00:00:12:116] ! Unidirectional s-t. expansions: 3,151, time: 12,115 [ms], path length: 34 [edges], generated: 5,586
[00:00:00:19:432] Path of length 34 found: [62, 53, 52, 51, 42, 33, 34, 25, 26, 17, 8, 7, 6, 15, 14, 13, 22, 21, 30, 39, 40, 49, 58, 57, 56, 47, 46, 37, 36, 27, 18, 19, 10, 1, 0]
[00:00:00:19:433] ! Unidirectional t-s. expansions: 5,292, time: 19,432 [ms], path length: 34 [edges], generated: 8,979
[00:00:02:04:844] Path of length 34 found: [0, 9, 18, 27, 36, 37, 46, 55, 56, 57, 58, 49, 40, 31, 30, 29, 20, 11, 12, 13, 14, 15, 6, 7, 8, 17, 26, 25, 34, 33, 42, 51, 52, 53, 62]
[00:00:02:05:285] ! Bidirectional. expansions: 21,571, time: 124,844 [ms], path length: 34 [edges], g_F: 19, g_B: 15, generated: 0, MM: 4, MMPER: 10.428571428571429%
[00:00:02:05:285] 
---------- SM_Grids/7x9_grid_with_random_blocks_8per_7 ----------
[00:00:00:11:224] Path of length 38 found: [0, 1, 2, 3, 12, 13, 14, 5, 6, 7, 8, 17, 26, 25, 24, 33, 32, 31, 30, 29, 20, 19, 18, 27, 36, 45, 54, 55, 56, 47, 48, 49, 58, 59, 60, 51, 52, 53, 62]
[00:00:00:11:225] ! Unidirectional s-t. expansions: 3,213, time: 11,225 [ms], path length: 38 [edges], generated: 5,250
[00:00:00:07:681] Path of length 38 found: [62, 53, 52, 51, 60, 59, 58, 49, 48, 47, 56, 55, 54, 45, 36, 37, 28, 29, 30, 31, 32, 33, 34, 25, 26, 17, 8, 7, 6, 15, 14, 13, 4, 3, 2, 11, 10, 9, 0]
[00:00:00:07:682] ! Unidirectional t-s. expansions: 2,928, time: 7,682 [ms], path length: 38 [edges], generated: 3,791
[00:00:00:44:323] Path of length 38 found: [0, 1, 2, 3, 12, 13, 14, 5, 6, 7, 8, 17, 26, 25, 24, 33, 32, 31, 30, 29, 20, 19, 18, 27, 36, 45, 54, 55, 56, 47, 48, 49, 58, 59, 60, 51, 52, 53, 62]
[00:00:00:44:753] ! Bidirectional. expansions: 6,532, time: 44,323 [ms], path length: 38 [edges], g_F: 29, g_B: 9, generated: 0, MM: 20, MMPER: 50.282051282051285%
[00:00:00:44:753] 
---------- SM_Grids/7x9_grid_with_random_blocks_8per_8 ----------
[00:00:00:05:714] Path of length 38 found: [0, 9, 18, 27, 36, 45, 54, 55, 56, 47, 38, 29, 20, 11, 2, 3, 4, 13, 22, 31, 40, 49, 58, 59, 60, 51, 42, 33, 24, 15, 6, 7, 8, 17, 26, 35, 44, 53, 62]
[00:00:00:05:714] ! Unidirectional s-t. expansions: 1,329, time: 5,714 [ms], path length: 38 [edges], generated: 2,092
[00:00:00:10:541] Path of length 38 found: [62, 53, 44, 35, 26, 17, 8, 7, 6, 5, 4, 3, 2, 11, 20, 21, 22, 23, 32, 33, 42, 51, 60, 59, 58, 49, 40, 39, 38, 47, 56, 55, 54, 45, 36, 27, 18, 9, 0]
[00:00:00:10:542] ! Unidirectional t-s. expansions: 2,603, time: 10,542 [ms], path length: 38 [edges], generated: 4,401
[00:00:00:39:570] Path of length 38 found: [0, 9, 18, 27, 36, 45, 54, 55, 56, 47, 38, 29, 20, 11, 2, 3, 4, 13, 22, 31, 40, 49, 58, 59, 60, 51, 42, 33, 24, 15, 6, 7, 8, 17, 26, 35, 44, 53, 62]
[00:00:00:39:986] ! Bidirectional. expansions: 5,551, time: 39,570 [ms], path length: 38 [edges], g_F: 26, g_B: 12, generated: 0, MM: 14, MMPER: 34.8974358974359%
[00:00:00:39:986] 
---------- SM_Grids/7x9_grid_with_random_blocks_8per_9 ----------
[00:00:00:07:422] Path of length 36 found: [0, 9, 18, 27, 28, 37, 38, 47, 56, 57, 58, 59, 50, 41, 40, 31, 30, 21, 20, 11, 2, 3, 4, 13, 14, 15, 6, 7, 8, 17, 26, 25, 34, 43, 52, 61, 62]
[00:00:00:07:422] ! Unidirectional s-t. expansions: 1,882, time: 7,422 [ms], path length: 36 [edges], generated: 3,128
[00:00:00:05:155] Path of length 36 found: [62, 53, 52, 43, 34, 35, 26, 17, 8, 7, 6, 15, 14, 13, 4, 3, 2, 11, 20, 21, 30, 31, 40, 41, 50, 59, 58, 57, 48, 47, 38, 37, 28, 27, 18, 9, 0]
[00:00:00:05:156] ! Unidirectional t-s. expansions: 1,243, time: 5,155 [ms], path length: 36 [edges], generated: 2,058
[00:00:00:27:624] Path of length 36 found: [0, 9, 18, 27, 28, 37, 38, 47, 56, 57, 58, 59, 50, 41, 40, 31, 30, 21, 20, 11, 2, 3, 4, 13, 14, 15, 6, 7, 8, 17, 26, 35, 34, 43, 52, 53, 62]
[00:00:00:28:045] ! Bidirectional. expansions: 3,594, time: 27,624 [ms], path length: 36 [edges], g_F: 12, g_B: 24, generated: 0, MM: 12, MMPER: 31.432432432432435%

[00:00:00:28:045] average expansions: (2,529, 5,299, 8,164, 0)
[00:00:00:28:045] average time: (10,058, 13,966, 54,673, 0)
[00:00:00:28:045] XDFBnB: 2,529 , 10,058 (expansions , time[ms])
[00:00:00:28:045] BiXDFBnB: 8,164 , 54,673 (expansions , time[ms])

