------------------------------------
Thu 01 Oct 2026 17:27:29 IDT
SLURM_JOBID:		21953628
SLURM_JOB_NODELIST:	ise-cpu256-23
SLURM_SCRATCH_DIR:	/scratch/shubit/21953628
Allocated Resouces:	cpu - 2 / mem - 61440 MB / gpu - 
SLURM_GPU_INDEX:	
Running as shubit from shimony account with normal QOS
------------------------------------
Thu 01 Oct 2026 17:27:29 IDT

SLURM_JOBID:		 21953628
SLURM_JOB_NODELIST:	 ise-cpu256-23 

--------------------------
date: SM_Grids
number_of_graphs: 10
graph_type: grid
size_of_graphs: [7, 7]
heuristic: bcc_heuristic
snake: True
run_uni: True
run_bi: True
run_multi: False
solution_vertices: []
algorithms: ['XMM']
lookahead: 4
bsd: False
cube_first_dims: 4
cube_buffer_dim: None
backward_sym_generation: False
sym_coil: False
prefix_set: None

---------- SM_Grids/7x7_grid_with_random_blocks_12per_0 ----------
[00:00:00:00:862] Path of length 26 found: [0, 7, 14, 15, 16, 9, 2, 3, 4, 11, 18, 19, 26, 33, 32, 31, 30, 29, 28, 35, 42, 43, 44, 45, 46, 47, 48]
[00:00:00:00:862] ! Unidirectional s-t. expansions: 56, time: 862 [ms], path length: 26 [edges], generated: 939
[00:00:00:00:646] Path of length 26 found: [48, 47, 46, 45, 44, 43, 42, 35, 28, 29, 30, 31, 32, 33, 26, 19, 18, 11, 4, 3, 2, 9, 16, 15, 14, 7, 0]
[00:00:00:00:646] ! Unidirectional t-s. expansions: 49, time: 646 [ms], path length: 26 [edges], generated: 858
[00:00:00:00:135] Expansion 32: New longest path found with length 14: [0, 7, 8, 9, 2, 3, 4, 11, 18, 19, 26, 33, 40, 41, 48]. g_current=7, g_opposite=7, f_max=30, generated=58
[00:00:00:00:233] Expansion 59: New longest path found with length 16: [0, 7, 8, 9, 2, 3, 4, 11, 18, 19, 26, 33, 32, 39, 46, 47, 48]. g_current=7, g_opposite=9, f_max=28, generated=104
[00:00:00:00:306] Expansion 85: New longest path found with length 18: [0, 7, 14, 15, 16, 9, 2, 3, 4, 11, 18, 19, 26, 33, 32, 39, 46, 47, 48]. g_current=9, g_opposite=9, f_max=28, generated=142
[00:00:00:00:522] Expansion 151: New longest path found with length 20: [0, 7, 14, 15, 16, 9, 2, 3, 4, 11, 18, 19, 26, 33, 32, 31, 38, 45, 46, 47, 48]. g_current=6, g_opposite=14, f_max=27, generated=251
[00:00:00:00:593] Expansion 172: New longest path found with length 22: [0, 7, 8, 9, 2, 3, 4, 11, 18, 17, 24, 31, 30, 29, 28, 35, 42, 43, 44, 45, 46, 47, 48]. g_current=11, g_opposite=11, f_max=27, generated=285
[00:00:00:00:918] Expansion 279: New longest path found with length 24: [0, 7, 8, 9, 2, 3, 4, 11, 18, 19, 26, 33, 32, 31, 30, 29, 28, 35, 42, 43, 44, 45, 46, 47, 48]. g_current=11, g_opposite=13, f_max=26, generated=477
[00:00:00:00:922] Expansion 280: New longest path found with length 26: [0, 7, 14, 15, 16, 9, 2, 3, 4, 11, 18, 19, 26, 33, 32, 31, 30, 29, 28, 35, 42, 43, 44, 45, 46, 47, 48]. g_current=12, g_opposite=14, f_max=26, generated=479
[00:00:00:00:948] Path of length 26 found: [0, 7, 14, 15, 16, 9, 2, 3, 4, 11, 18, 19, 26, 33, 32, 31, 30, 29, 28, 35, 42, 43, 44, 45, 46, 47, 48]
[00:00:00:01:329] ! Bidirectional. expansions: 280, time: 948 [ms], path length: 26 [edges], g_F: 14, g_B: 12, generated: 479, MM: 2, MMPER: 6.407407407407407%
[00:00:00:01:329] 
---------- SM_Grids/7x7_grid_with_random_blocks_12per_1 ----------
[00:00:00:00:423] Path of length 28 found: [0, 7, 14, 15, 16, 9, 2, 3, 4, 11, 18, 19, 20, 27, 34, 33, 32, 31, 30, 29, 28, 35, 42, 43, 44, 45, 46, 47, 48]
[00:00:00:00:423] ! Unidirectional s-t. expansions: 26, time: 423 [ms], path length: 28 [edges], generated: 409
[00:00:00:00:378] Path of length 28 found: [48, 47, 46, 45, 44, 43, 36, 35, 28, 21, 22, 23, 30, 31, 32, 33, 34, 27, 20, 19, 18, 11, 4, 3, 2, 9, 8, 7, 0]
[00:00:00:00:378] ! Unidirectional t-s. expansions: 26, time: 378 [ms], path length: 28 [edges], generated: 422
[00:00:00:00:113] Expansion 24: New longest path found with length 12: [0, 7, 14, 21, 28, 35, 42, 43, 44, 45, 46, 47, 48]. g_current=9, g_opposite=3, f_max=30, generated=44
[00:00:00:00:120] Expansion 26: New longest path found with length 14: [0, 1, 8, 15, 14, 21, 28, 35, 42, 43, 44, 45, 46, 47, 48]. g_current=11, g_opposite=3, f_max=30, generated=48
[00:00:00:00:289] Expansion 77: New longest path found with length 16: [0, 7, 14, 15, 16, 9, 2, 3, 4, 11, 18, 19, 20, 27, 34, 41, 48]. g_current=12, g_opposite=4, f_max=29, generated=135
[00:00:00:00:359] Expansion 102: New longest path found with length 18: [0, 7, 14, 21, 28, 35, 42, 43, 44, 45, 46, 39, 32, 25, 26, 27, 34, 41, 48]. g_current=14, g_opposite=4, f_max=29, generated=174
[00:00:00:00:402] Expansion 114: New longest path found with length 20: [0, 1, 2, 3, 4, 11, 18, 17, 16, 15, 14, 21, 28, 35, 42, 43, 44, 45, 46, 47, 48]. g_current=8, g_opposite=12, f_max=29, generated=196
[00:00:00:00:594] Expansion 170: New longest path found with length 28: [0, 7, 8, 9, 2, 3, 4, 11, 18, 19, 20, 27, 34, 33, 32, 31, 30, 23, 22, 21, 28, 35, 42, 43, 44, 45, 46, 47, 48]. g_current=14, g_opposite=14, f_max=28, generated=294
[00:00:00:00:613] Path of length 28 found: [0, 7, 8, 9, 2, 3, 4, 11, 18, 19, 20, 27, 34, 33, 32, 31, 30, 23, 22, 21, 28, 35, 42, 43, 44, 45, 46, 47, 48]
[00:00:00:00:961] ! Bidirectional. expansions: 170, time: 613 [ms], path length: 28 [edges], g_F: 14, g_B: 14, generated: 294, MM: 0, MMPER: -1.0%
[00:00:00:00:961] 
---------- SM_Grids/7x7_grid_with_random_blocks_12per_2 ----------
[00:00:00:00:832] Path of length 26 found: [0, 7, 14, 21, 28, 29, 36, 43, 44, 45, 38, 31, 24, 23, 16, 9, 2, 3, 4, 11, 18, 19, 26, 33, 40, 47, 48]
[00:00:00:00:832] ! Unidirectional s-t. expansions: 33, time: 832 [ms], path length: 26 [edges], generated: 788
[00:00:00:00:907] Path of length 26 found: [48, 41, 34, 33, 26, 19, 18, 11, 4, 3, 2, 9, 16, 23, 24, 31, 38, 45, 44, 43, 36, 29, 28, 21, 14, 7, 0]
[00:00:00:00:908] ! Unidirectional t-s. expansions: 45, time: 907 [ms], path length: 26 [edges], generated: 1,006
[00:00:00:00:170] Expansion 29: New longest path found with length 14: [0, 7, 8, 9, 2, 3, 4, 11, 18, 19, 26, 33, 34, 41, 48]. g_current=6, g_opposite=8, f_max=28, generated=53
[00:00:00:00:333] Expansion 73: New longest path found with length 16: [0, 1, 8, 15, 14, 21, 28, 29, 36, 43, 44, 45, 38, 39, 40, 41, 48]. g_current=7, g_opposite=9, f_max=28, generated=132
[00:00:00:00:387] Expansion 91: New longest path found with length 18: [0, 7, 14, 21, 22, 23, 16, 9, 2, 3, 4, 11, 18, 19, 26, 33, 34, 41, 48]. g_current=12, g_opposite=6, f_max=27, generated=164
[00:00:00:00:882] Expansion 233: New longest path found with length 24: [0, 7, 8, 9, 2, 3, 4, 11, 18, 17, 24, 23, 30, 29, 36, 43, 44, 45, 38, 39, 32, 33, 34, 41, 48]. g_current=13, g_opposite=11, f_max=26, generated=424
[00:00:00:01:279] Expansion 343: New longest path found with length 26: [0, 7, 14, 21, 28, 29, 36, 43, 44, 45, 38, 31, 24, 23, 16, 9, 2, 3, 4, 11, 18, 19, 26, 33, 34, 41, 48]. g_current=13, g_opposite=13, f_max=26, generated=631
[00:00:00:01:316] Path of length 26 found: [0, 7, 14, 21, 28, 29, 36, 43, 44, 45, 38, 31, 24, 23, 16, 9, 2, 3, 4, 11, 18, 19, 26, 33, 34, 41, 48]
[00:00:00:01:659] ! Bidirectional. expansions: 343, time: 1,316 [ms], path length: 26 [edges], g_F: 13, g_B: 13, generated: 631, MM: 0, MMPER: -1.0%
[00:00:00:01:659] 
---------- SM_Grids/7x7_grid_with_random_blocks_12per_3 ----------
[00:00:00:00:285] Path of length 28 found: [0, 1, 8, 15, 14, 21, 28, 35, 36, 37, 30, 23, 24, 17, 10, 3, 4, 5, 12, 13, 20, 27, 26, 33, 32, 39, 46, 47, 48]
[00:00:00:00:285] ! Unidirectional s-t. expansions: 16, time: 285 [ms], path length: 28 [edges], generated: 292
[00:00:00:01:865] Path of length 28 found: [48, 47, 46, 39, 32, 33, 26, 27, 20, 13, 6, 5, 4, 3, 10, 17, 24, 23, 30, 37, 36, 35, 28, 21, 14, 15, 8, 1, 0]
[00:00:00:01:866] ! Unidirectional t-s. expansions: 144, time: 1,865 [ms], path length: 28 [edges], generated: 2,861
[00:00:00:00:118] Expansion 29: New longest path found with length 16: [0, 1, 2, 3, 4, 5, 6, 13, 20, 27, 34, 33, 32, 39, 46, 47, 48]. g_current=13, g_opposite=3, f_max=31, generated=49
[00:00:00:00:125] Expansion 31: New longest path found with length 18: [0, 7, 8, 9, 2, 3, 4, 5, 6, 13, 20, 27, 34, 33, 32, 39, 46, 47, 48]. g_current=15, g_opposite=3, f_max=31, generated=53
[00:00:00:00:884] Expansion 285: New longest path found with length 28: [0, 1, 8, 15, 14, 21, 28, 35, 36, 37, 30, 23, 24, 17, 10, 3, 4, 5, 6, 13, 20, 27, 34, 33, 32, 39, 46, 47, 48]. g_current=13, g_opposite=15, f_max=29, generated=457
[00:00:00:00:922] Path of length 28 found: [0, 1, 8, 15, 14, 21, 28, 35, 36, 37, 30, 23, 24, 17, 10, 3, 4, 5, 6, 13, 20, 27, 34, 33, 32, 39, 46, 47, 48]
[00:00:00:01:265] ! Bidirectional. expansions: 288, time: 922 [ms], path length: 28 [edges], g_F: 13, g_B: 15, generated: 462, MM: 2, MMPER: 5.896551724137931%
[00:00:00:01:265] 
---------- SM_Grids/7x7_grid_with_random_blocks_12per_4 ----------
[00:00:00:01:840] Path of length 26 found: [0, 7, 8, 9, 2, 3, 4, 5, 6, 13, 20, 19, 18, 17, 24, 23, 22, 29, 36, 43, 44, 45, 38, 39, 40, 47, 48]
[00:00:00:01:840] ! Unidirectional s-t. expansions: 171, time: 1,840 [ms], path length: 26 [edges], generated: 2,374
[00:00:00:01:711] Path of length 26 found: [48, 41, 40, 33, 26, 27, 20, 13, 6, 5, 4, 11, 18, 17, 24, 31, 38, 45, 44, 43, 36, 29, 22, 15, 8, 1, 0]
[00:00:00:01:712] ! Unidirectional t-s. expansions: 145, time: 1,711 [ms], path length: 26 [edges], generated: 2,322
[00:00:00:00:190] Expansion 40: New longest path found with length 16: [0, 7, 8, 9, 2, 3, 4, 5, 6, 13, 20, 27, 26, 33, 40, 41, 48]. g_current=9, g_opposite=7, f_max=32, generated=71
[00:00:00:00:456] Expansion 128: New longest path found with length 26: [0, 7, 8, 9, 2, 3, 4, 5, 6, 13, 20, 19, 18, 17, 24, 31, 30, 29, 36, 43, 44, 45, 46, 39, 40, 41, 48]. g_current=13, g_opposite=13, f_max=31, generated=209
[00:00:00:02:409] Path of length 26 found: [0, 7, 8, 9, 2, 3, 4, 5, 6, 13, 20, 19, 18, 17, 24, 31, 30, 29, 36, 43, 44, 45, 46, 39, 40, 41, 48]
[00:00:00:02:772] ! Bidirectional. expansions: 706, time: 2,409 [ms], path length: 26 [edges], g_F: 13, g_B: 13, generated: 1,254, MM: 0, MMPER: -1.0%
[00:00:00:02:772] 
---------- SM_Grids/7x7_grid_with_random_blocks_12per_5 ----------
[00:00:00:01:000] Path of length 28 found: [0, 1, 2, 9, 10, 11, 4, 5, 6, 13, 20, 27, 34, 33, 32, 25, 24, 23, 22, 21, 28, 35, 36, 37, 38, 45, 46, 47, 48]
[00:00:00:01:000] ! Unidirectional s-t. expansions: 66, time: 1,000 [ms], path length: 28 [edges], generated: 1,106
[00:00:00:00:749] Path of length 28 found: [48, 47, 46, 45, 38, 37, 36, 35, 28, 21, 22, 23, 24, 25, 32, 33, 34, 27, 20, 13, 6, 5, 4, 11, 10, 9, 2, 1, 0]
[00:00:00:00:750] ! Unidirectional t-s. expansions: 53, time: 749 [ms], path length: 28 [edges], generated: 886
[00:00:00:00:135] Expansion 31: New longest path found with length 14: [0, 1, 2, 9, 10, 11, 4, 5, 6, 13, 20, 27, 34, 41, 48]. g_current=10, g_opposite=4, f_max=32, generated=54
[00:00:00:00:140] Expansion 32: New longest path found with length 16: [0, 1, 2, 9, 10, 11, 4, 5, 6, 13, 20, 19, 26, 33, 34, 41, 48]. g_current=11, g_opposite=5, f_max=33, generated=56
[00:00:00:00:156] Expansion 37: New longest path found with length 20: [0, 1, 2, 9, 10, 11, 4, 5, 6, 13, 20, 27, 34, 33, 32, 31, 38, 45, 46, 47, 48]. g_current=13, g_opposite=7, f_max=32, generated=65
[00:00:00:00:411] Expansion 107: New longest path found with length 22: [0, 7, 14, 15, 16, 9, 10, 11, 4, 5, 6, 13, 20, 27, 34, 33, 32, 31, 38, 45, 46, 47, 48]. g_current=15, g_opposite=7, f_max=30, generated=179
[00:00:00:00:532] Expansion 152: New longest path found with length 26: [0, 1, 2, 9, 10, 11, 4, 5, 6, 13, 20, 19, 26, 25, 24, 23, 22, 21, 28, 35, 36, 37, 38, 45, 46, 47, 48]. g_current=15, g_opposite=11, f_max=30, generated=244
[00:00:00:00:786] Expansion 234: New longest path found with length 28: [0, 1, 2, 9, 10, 11, 4, 5, 6, 13, 20, 27, 34, 33, 32, 25, 24, 23, 22, 21, 28, 35, 36, 37, 38, 45, 46, 47, 48]. g_current=12, g_opposite=16, f_max=30, generated=388
[00:00:00:01:120] Path of length 28 found: [0, 1, 2, 9, 10, 11, 4, 5, 6, 13, 20, 27, 34, 33, 32, 25, 24, 23, 22, 21, 28, 35, 36, 37, 38, 45, 46, 47, 48]
[00:00:00:01:481] ! Bidirectional. expansions: 324, time: 1,120 [ms], path length: 28 [edges], g_F: 16, g_B: 12, generated: 545, MM: 4, MMPER: 12.793103448275861%
[00:00:00:01:481] 
---------- SM_Grids/7x7_grid_with_random_blocks_12per_6 ----------
[00:00:00:01:066] Path of length 28 found: [0, 1, 2, 3, 4, 5, 12, 13, 20, 27, 26, 25, 18, 17, 16, 15, 14, 21, 28, 35, 42, 43, 44, 37, 38, 39, 46, 47, 48]
[00:00:00:01:067] ! Unidirectional s-t. expansions: 62, time: 1,067 [ms], path length: 28 [edges], generated: 1,170
[00:00:00:00:792] Path of length 28 found: [48, 41, 34, 27, 20, 13, 6, 5, 4, 11, 18, 25, 32, 39, 38, 45, 44, 43, 42, 35, 28, 29, 30, 23, 16, 15, 8, 1, 0]
[00:00:00:00:792] ! Unidirectional t-s. expansions: 65, time: 792 [ms], path length: 28 [edges], generated: 957
[00:00:00:00:110] Expansion 31: New longest path found with length 12: [0, 1, 2, 3, 4, 5, 6, 13, 20, 27, 34, 41, 48]. g_current=1, g_opposite=11, f_max=32, generated=46
[00:00:00:00:242] Expansion 63: New longest path found with length 16: [0, 1, 2, 3, 4, 5, 12, 13, 20, 27, 26, 25, 32, 39, 46, 47, 48]. g_current=11, g_opposite=5, f_max=31, generated=95
[00:00:00:00:338] Expansion 91: New longest path found with length 26: [0, 1, 2, 3, 4, 5, 12, 13, 20, 27, 26, 25, 18, 17, 16, 15, 14, 21, 28, 35, 42, 43, 44, 45, 46, 47, 48]. g_current=11, g_opposite=15, f_max=30, generated=146
[00:00:00:00:427] Expansion 116: New longest path found with length 28: [0, 1, 2, 3, 4, 5, 12, 13, 20, 27, 26, 25, 18, 17, 16, 15, 22, 29, 28, 35, 42, 43, 44, 37, 38, 39, 46, 47, 48]. g_current=15, g_opposite=13, f_max=30, generated=191
[00:00:00:01:004] Path of length 28 found: [0, 1, 2, 3, 4, 5, 12, 13, 20, 27, 26, 25, 18, 17, 16, 15, 22, 29, 28, 35, 42, 43, 44, 37, 38, 39, 46, 47, 48]
[00:00:00:01:351] ! Bidirectional. expansions: 285, time: 1,004 [ms], path length: 28 [edges], g_F: 15, g_B: 13, generated: 488, MM: 2, MMPER: 5.896551724137931%
[00:00:00:01:352] 
---------- SM_Grids/7x7_grid_with_random_blocks_12per_7 ----------
[00:00:00:01:228] Path of length 28 found: [0, 7, 14, 15, 16, 9, 2, 3, 4, 11, 12, 19, 26, 25, 24, 31, 30, 29, 28, 35, 42, 43, 44, 45, 46, 39, 40, 41, 48]
[00:00:00:01:228] ! Unidirectional s-t. expansions: 56, time: 1,228 [ms], path length: 28 [edges], generated: 1,296
[00:00:00:00:796] Path of length 28 found: [48, 41, 40, 39, 46, 45, 44, 43, 42, 35, 28, 29, 30, 31, 24, 25, 26, 19, 12, 11, 4, 3, 2, 9, 16, 15, 14, 7, 0]
[00:00:00:00:797] ! Unidirectional t-s. expansions: 58, time: 797 [ms], path length: 28 [edges], generated: 976
[00:00:00:00:212] Expansion 41: New longest path found with length 18: [0, 1, 8, 15, 14, 21, 28, 35, 42, 43, 44, 45, 38, 39, 32, 33, 34, 41, 48]. g_current=11, g_opposite=7, f_max=32, generated=70
[00:00:00:00:221] Expansion 45: New longest path found with length 20: [0, 7, 14, 15, 16, 23, 30, 29, 28, 35, 42, 43, 44, 45, 38, 39, 32, 33, 34, 41, 48]. g_current=15, g_opposite=5, f_max=31, generated=75
[00:00:00:00:848] Expansion 243: New longest path found with length 26: [0, 7, 14, 21, 28, 35, 42, 43, 44, 45, 38, 31, 30, 23, 16, 9, 2, 3, 4, 11, 12, 19, 26, 33, 34, 41, 48]. g_current=14, g_opposite=12, f_max=29, generated=413
[00:00:00:01:067] Expansion 297: New longest path found with length 28: [0, 7, 14, 15, 16, 9, 2, 3, 4, 11, 12, 19, 26, 25, 24, 31, 30, 29, 28, 35, 42, 43, 44, 45, 46, 39, 40, 41, 48]. g_current=15, g_opposite=13, f_max=29, generated=511
[00:00:00:01:097] Path of length 28 found: [0, 7, 14, 15, 16, 9, 2, 3, 4, 11, 12, 19, 26, 25, 24, 31, 30, 29, 28, 35, 42, 43, 44, 45, 46, 39, 40, 41, 48]
[00:00:00:01:425] ! Bidirectional. expansions: 297, time: 1,097 [ms], path length: 28 [edges], g_F: 13, g_B: 15, generated: 511, MM: 2, MMPER: 5.896551724137931%
[00:00:00:01:425] 
---------- SM_Grids/7x7_grid_with_random_blocks_12per_8 ----------
[00:00:00:01:086] Path of length 30 found: [0, 1, 8, 15, 14, 21, 28, 35, 42, 43, 44, 37, 30, 23, 24, 17, 10, 3, 4, 5, 12, 13, 20, 27, 26, 33, 32, 39, 46, 47, 48]
[00:00:00:01:086] ! Unidirectional s-t. expansions: 57, time: 1,086 [ms], path length: 30 [edges], generated: 1,097
[00:00:00:00:396] Path of length 30 found: [48, 47, 46, 39, 32, 33, 26, 27, 20, 13, 6, 5, 4, 3, 10, 17, 24, 23, 30, 37, 44, 43, 42, 35, 28, 21, 14, 15, 8, 1, 0]
[00:00:00:00:397] ! Unidirectional t-s. expansions: 27, time: 396 [ms], path length: 30 [edges], generated: 459
[00:00:00:00:108] Expansion 25: New longest path found with length 16: [0, 1, 2, 3, 4, 5, 6, 13, 20, 27, 26, 33, 32, 39, 46, 47, 48]. g_current=14, g_opposite=2, f_max=32, generated=42
[00:00:00:00:212] Expansion 59: New longest path found with length 20: [0, 7, 14, 15, 16, 9, 2, 3, 4, 5, 6, 13, 20, 27, 26, 33, 32, 39, 46, 47, 48]. g_current=5, g_opposite=15, f_max=32, generated=95
[00:00:00:00:724] Expansion 211: New longest path found with length 28: [0, 7, 14, 21, 28, 35, 42, 43, 44, 37, 30, 23, 24, 17, 10, 3, 4, 5, 6, 13, 20, 27, 26, 33, 32, 39, 46, 47, 48]. g_current=15, g_opposite=13, f_max=30, generated=347
[00:00:00:00:960] Expansion 290: New longest path found with length 30: [0, 1, 8, 15, 14, 21, 28, 35, 42, 43, 44, 37, 30, 23, 24, 17, 10, 3, 4, 5, 6, 13, 20, 27, 26, 33, 32, 39, 46, 47, 48]. g_current=15, g_opposite=15, f_max=30, generated=484
[00:00:00:00:985] Path of length 30 found: [0, 1, 8, 15, 14, 21, 28, 35, 42, 43, 44, 37, 30, 23, 24, 17, 10, 3, 4, 5, 6, 13, 20, 27, 26, 33, 32, 39, 46, 47, 48]
[00:00:00:01:323] ! Bidirectional. expansions: 290, time: 985 [ms], path length: 30 [edges], g_F: 15, g_B: 15, generated: 484, MM: 0, MMPER: -1.0%
[00:00:00:01:323] 
---------- SM_Grids/7x7_grid_with_random_blocks_12per_9 ----------
[00:00:00:01:567] Path of length 26 found: [0, 1, 2, 3, 4, 5, 6, 13, 20, 19, 18, 17, 16, 15, 14, 21, 28, 29, 36, 37, 38, 31, 32, 33, 34, 41, 48]
[00:00:00:01:568] ! Unidirectional s-t. expansions: 82, time: 1,567 [ms], path length: 26 [edges], generated: 1,729
[00:00:00:01:318] Path of length 26 found: [48, 41, 34, 27, 20, 13, 6, 5, 4, 3, 2, 9, 16, 23, 24, 25, 32, 39, 38, 37, 36, 29, 28, 21, 14, 7, 0]
[00:00:00:01:318] ! Unidirectional t-s. expansions: 84, time: 1,318 [ms], path length: 26 [edges], generated: 1,641
[00:00:00:00:096] Expansion 23: New longest path found with length 12: [0, 1, 2, 3, 4, 5, 6, 13, 20, 27, 34, 41, 48]. g_current=8, g_opposite=4, f_max=31, generated=38
[00:00:00:00:190] Expansion 48: New longest path found with length 14: [0, 7, 8, 9, 2, 3, 4, 5, 6, 13, 20, 27, 34, 41, 48]. g_current=11, g_opposite=3, f_max=30, generated=84
[00:00:00:00:272] Expansion 72: New longest path found with length 16: [0, 7, 14, 21, 28, 29, 36, 37, 38, 39, 32, 25, 26, 27, 34, 41, 48]. g_current=9, g_opposite=7, f_max=30, generated=129
[00:00:00:00:368] Expansion 98: New longest path found with length 22: [0, 7, 14, 21, 28, 29, 36, 37, 38, 31, 24, 17, 18, 11, 4, 5, 6, 13, 20, 27, 34, 41, 48]. g_current=13, g_opposite=9, f_max=29, generated=176
[00:00:00:00:483] Expansion 130: New longest path found with length 24: [0, 1, 8, 15, 14, 21, 28, 29, 36, 37, 38, 31, 24, 17, 18, 11, 4, 5, 6, 13, 20, 27, 34, 41, 48]. g_current=10, g_opposite=14, f_max=29, generated=240
[00:00:00:00:658] Expansion 182: New longest path found with length 26: [0, 1, 2, 3, 4, 5, 6, 13, 20, 19, 18, 17, 16, 15, 14, 21, 28, 29, 36, 37, 38, 39, 32, 33, 34, 41, 48]. g_current=14, g_opposite=12, f_max=28, generated=331
[00:00:00:01:761] Path of length 26 found: [0, 1, 2, 3, 4, 5, 6, 13, 20, 19, 18, 17, 16, 15, 14, 21, 28, 29, 36, 37, 38, 39, 32, 33, 34, 41, 48]
[00:00:00:02:095] ! Bidirectional. expansions: 483, time: 1,761 [ms], path length: 26 [edges], g_F: 12, g_B: 14, generated: 897, MM: 2, MMPER: 6.407407407407407%

[00:00:00:02:095] average expansions: (62, 70, 347, 0)
[00:00:00:02:095] average time: (1,019, 956, 1,218, 0)
[00:00:00:02:095] XA*: 62 , 956 (expansions , time[ms])
[00:00:00:02:095] XMM: 347 , 1,218 (expansions , time[ms])

