------------------------------------
Thu 01 Oct 2026 12:43:45 IDT
SLURM_JOBID:		21944675
SLURM_JOB_NODELIST:	ise-cpu256-01
SLURM_SCRATCH_DIR:	/scratch/shubit/21944675
Allocated Resouces:	cpu - 2 / mem - 61440 MB / gpu - 
SLURM_GPU_INDEX:	
Running as shubit from shimony account with normal QOS
------------------------------------
Thu 01 Oct 2026 12:43:45 IDT

SLURM_JOBID:		 21944675
SLURM_JOB_NODELIST:	 ise-cpu256-01 

--------------------------
date: SM_Grids
number_of_graphs: 10
graph_type: grid
size_of_graphs: [7, 7]
heuristic: bcc_heuristic
snake: True
run_uni: True
run_bi: True
run_multi: False
solution_vertices: []
algorithms: ['IDA']
lookahead: -2
bsd: False
cube_first_dims: 4
cube_buffer_dim: None
backward_sym_generation: False
sym_coil: False
prefix_set: None

---------- SM_Grids/7x7_grid_with_random_blocks_12per_0 ----------
[00:00:00:01:733] Path of length 26 found: [0, 7, 14, 15, 16, 9, 2, 3, 4, 11, 18, 19, 26, 33, 32, 31, 30, 29, 28, 35, 42, 43, 44, 45, 46, 47, 48]
[00:00:00:01:733] ! Unidirectional s-t. expansions: 488, time: 1,733 [ms], path length: 26 [edges], generated: 837
[00:00:00:01:209] Path of length 26 found: [48, 47, 46, 45, 44, 43, 42, 35, 28, 29, 30, 31, 32, 33, 26, 19, 18, 11, 4, 3, 2, 9, 16, 15, 14, 7, 0]
[00:00:00:01:209] ! Unidirectional t-s. expansions: 344, time: 1,209 [ms], path length: 26 [edges], generated: 576
[00:00:00:01:508] Path of length 26 found: [0, 7, 14, 15, 16, 9, 2, 3, 4, 11, 18, 19, 26, 33, 32, 31, 30, 29, 28, 35, 42, 43, 44, 45, 46, 47, 48]
[00:00:00:01:911] ! Bidirectional. expansions: 400, time: 1,508 [ms], path length: 26 [edges], g_F: 16, g_B: 10, generated: 0, MM: 6, MMPER: 21.22222222222222%
[00:00:00:01:912] 
---------- SM_Grids/7x7_grid_with_random_blocks_12per_1 ----------
[00:00:00:00:595] Path of length 28 found: [0, 7, 8, 9, 2, 3, 4, 11, 18, 19, 20, 27, 34, 33, 32, 31, 30, 23, 22, 21, 28, 35, 42, 43, 44, 45, 46, 47, 48]
[00:00:00:00:596] ! Unidirectional s-t. expansions: 150, time: 595 [ms], path length: 28 [edges], generated: 274
[00:00:00:00:693] Path of length 28 found: [48, 41, 34, 27, 20, 19, 18, 11, 4, 3, 2, 9, 16, 23, 30, 31, 32, 39, 46, 45, 44, 43, 36, 35, 28, 21, 14, 7, 0]
[00:00:00:00:693] ! Unidirectional t-s. expansions: 184, time: 693 [ms], path length: 28 [edges], generated: 298
[00:00:00:00:650] Path of length 28 found: [0, 7, 8, 9, 2, 3, 4, 11, 18, 19, 20, 27, 34, 33, 32, 31, 30, 23, 22, 21, 28, 35, 36, 43, 44, 45, 46, 47, 48]
[00:00:00:01:011] ! Bidirectional. expansions: 165, time: 650 [ms], path length: 28 [edges], g_F: 4, g_B: 24, generated: 0, MM: 20, MMPER: 67.96551724137932%
[00:00:00:01:012] 
---------- SM_Grids/7x7_grid_with_random_blocks_12per_2 ----------
[00:00:00:01:185] Path of length 26 found: [0, 7, 14, 21, 28, 29, 36, 43, 44, 45, 38, 31, 24, 23, 16, 9, 2, 3, 4, 11, 18, 19, 26, 33, 40, 47, 48]
[00:00:00:01:185] ! Unidirectional s-t. expansions: 293, time: 1,185 [ms], path length: 26 [edges], generated: 529
[00:00:00:00:814] Path of length 26 found: [48, 41, 34, 33, 26, 19, 18, 11, 4, 3, 2, 9, 16, 23, 24, 31, 38, 45, 44, 43, 36, 29, 28, 21, 14, 7, 0]
[00:00:00:00:815] ! Unidirectional t-s. expansions: 209, time: 815 [ms], path length: 26 [edges], generated: 370
[00:00:00:01:166] Path of length 26 found: [0, 7, 14, 21, 28, 29, 36, 43, 44, 45, 38, 31, 24, 23, 16, 9, 2, 3, 4, 11, 18, 19, 26, 33, 34, 41, 48]
[00:00:00:01:569] ! Bidirectional. expansions: 288, time: 1,166 [ms], path length: 26 [edges], g_F: 13, g_B: 13, generated: 0, MM: 0, MMPER: -1.0%
[00:00:00:01:569] 
---------- SM_Grids/7x7_grid_with_random_blocks_12per_3 ----------
[00:00:00:00:559] Path of length 28 found: [0, 1, 8, 15, 14, 21, 28, 35, 36, 37, 30, 23, 24, 17, 10, 3, 4, 5, 6, 13, 20, 19, 26, 33, 32, 39, 46, 47, 48]
[00:00:00:00:559] ! Unidirectional s-t. expansions: 134, time: 559 [ms], path length: 28 [edges], generated: 240
[00:00:00:02:307] Path of length 28 found: [48, 47, 46, 39, 32, 33, 34, 27, 20, 13, 6, 5, 4, 3, 10, 17, 24, 23, 30, 37, 36, 35, 28, 21, 14, 15, 8, 1, 0]
[00:00:00:02:307] ! Unidirectional t-s. expansions: 734, time: 2,307 [ms], path length: 28 [edges], generated: 1,248
[00:00:00:01:173] Path of length 28 found: [0, 1, 8, 15, 14, 21, 28, 35, 36, 37, 30, 23, 24, 17, 10, 3, 4, 5, 6, 13, 20, 27, 34, 33, 32, 39, 46, 47, 48]
[00:00:00:01:539] ! Bidirectional. expansions: 382, time: 1,173 [ms], path length: 28 [edges], g_F: 4, g_B: 24, generated: 0, MM: 20, MMPER: 67.96551724137932%
[00:00:00:01:539] 
---------- SM_Grids/7x7_grid_with_random_blocks_12per_4 ----------
[00:00:00:04:286] Path of length 26 found: [0, 7, 8, 9, 2, 3, 4, 5, 6, 13, 20, 19, 18, 17, 24, 23, 22, 29, 36, 43, 44, 45, 38, 39, 40, 47, 48]
[00:00:00:04:286] ! Unidirectional s-t. expansions: 1,342, time: 4,286 [ms], path length: 26 [edges], generated: 2,341
[00:00:00:04:324] Path of length 26 found: [48, 41, 40, 33, 26, 27, 20, 13, 6, 5, 4, 11, 18, 17, 24, 31, 38, 45, 44, 43, 36, 29, 22, 15, 8, 1, 0]
[00:00:00:04:324] ! Unidirectional t-s. expansions: 1,269, time: 4,324 [ms], path length: 26 [edges], generated: 2,224
[00:00:00:04:409] Path of length 26 found: [0, 7, 8, 9, 2, 3, 4, 5, 6, 13, 20, 19, 18, 17, 24, 23, 22, 29, 36, 43, 44, 45, 38, 39, 40, 47, 48]
[00:00:00:04:772] ! Bidirectional. expansions: 1,387, time: 4,409 [ms], path length: 26 [edges], g_F: 17, g_B: 9, generated: 0, MM: 8, MMPER: 28.62962962962963%
[00:00:00:04:772] 
---------- SM_Grids/7x7_grid_with_random_blocks_12per_5 ----------
[00:00:00:01:933] Path of length 28 found: [0, 1, 2, 9, 10, 11, 4, 5, 6, 13, 20, 27, 34, 33, 32, 25, 24, 23, 22, 21, 28, 35, 36, 37, 38, 45, 46, 47, 48]
[00:00:00:01:933] ! Unidirectional s-t. expansions: 543, time: 1,933 [ms], path length: 28 [edges], generated: 923
[00:00:00:01:326] Path of length 28 found: [48, 47, 46, 45, 38, 37, 36, 35, 28, 21, 22, 23, 24, 25, 32, 33, 34, 27, 20, 13, 6, 5, 4, 11, 10, 9, 2, 1, 0]
[00:00:00:01:327] ! Unidirectional t-s. expansions: 371, time: 1,326 [ms], path length: 28 [edges], generated: 607
[00:00:00:01:490] Path of length 28 found: [0, 1, 2, 9, 10, 11, 4, 5, 6, 13, 20, 27, 34, 33, 32, 25, 24, 23, 22, 21, 28, 35, 36, 37, 38, 45, 46, 47, 48]
[00:00:00:01:863] ! Bidirectional. expansions: 409, time: 1,490 [ms], path length: 28 [edges], g_F: 22, g_B: 6, generated: 0, MM: 16, MMPER: 54.172413793103445%
[00:00:00:01:863] 
---------- SM_Grids/7x7_grid_with_random_blocks_12per_6 ----------
[00:00:00:01:372] Path of length 28 found: [0, 1, 8, 15, 14, 21, 28, 35, 42, 43, 44, 45, 46, 39, 32, 31, 24, 17, 18, 11, 4, 5, 6, 13, 20, 27, 34, 41, 48]
[00:00:00:01:373] ! Unidirectional s-t. expansions: 407, time: 1,373 [ms], path length: 28 [edges], generated: 658
[00:00:00:01:552] Path of length 28 found: [48, 41, 34, 27, 20, 13, 6, 5, 4, 11, 18, 17, 16, 23, 30, 31, 32, 39, 46, 45, 44, 43, 36, 35, 28, 21, 14, 7, 0]
[00:00:00:01:552] ! Unidirectional t-s. expansions: 482, time: 1,552 [ms], path length: 28 [edges], generated: 758
[00:00:00:01:324] Path of length 28 found: [0, 1, 8, 15, 14, 21, 28, 35, 42, 43, 44, 45, 46, 39, 32, 31, 24, 17, 18, 11, 4, 5, 6, 13, 20, 27, 34, 41, 48]
[00:00:00:01:692] ! Bidirectional. expansions: 398, time: 1,324 [ms], path length: 28 [edges], g_F: 15, g_B: 13, generated: 0, MM: 2, MMPER: 5.896551724137931%
[00:00:00:01:692] 
---------- SM_Grids/7x7_grid_with_random_blocks_12per_7 ----------
[00:00:00:01:604] Path of length 28 found: [0, 7, 14, 15, 16, 9, 2, 3, 4, 11, 12, 19, 26, 25, 24, 31, 30, 29, 28, 35, 42, 43, 44, 45, 46, 39, 40, 41, 48]
[00:00:00:01:604] ! Unidirectional s-t. expansions: 401, time: 1,604 [ms], path length: 28 [edges], generated: 691
[00:00:00:02:066] Path of length 28 found: [48, 41, 40, 39, 46, 45, 44, 43, 42, 35, 28, 29, 30, 31, 24, 25, 26, 19, 12, 11, 4, 3, 2, 9, 16, 15, 14, 7, 0]
[00:00:00:02:067] ! Unidirectional t-s. expansions: 636, time: 2,066 [ms], path length: 28 [edges], generated: 1,055
[00:00:00:01:441] Path of length 28 found: [0, 7, 14, 15, 16, 9, 2, 3, 4, 11, 12, 19, 26, 25, 24, 31, 30, 29, 28, 35, 42, 43, 44, 45, 46, 39, 40, 41, 48]
[00:00:00:01:805] ! Bidirectional. expansions: 392, time: 1,441 [ms], path length: 28 [edges], g_F: 25, g_B: 3, generated: 0, MM: 22, MMPER: 74.86206896551724%
[00:00:00:01:805] 
---------- SM_Grids/7x7_grid_with_random_blocks_12per_8 ----------
[00:00:00:01:651] Path of length 30 found: [0, 1, 8, 15, 14, 21, 28, 35, 42, 43, 44, 37, 30, 23, 24, 17, 10, 3, 4, 5, 12, 13, 20, 27, 26, 33, 32, 39, 46, 47, 48]
[00:00:00:01:652] ! Unidirectional s-t. expansions: 438, time: 1,651 [ms], path length: 30 [edges], generated: 700
[00:00:00:00:685] Path of length 30 found: [48, 47, 46, 39, 32, 33, 26, 27, 20, 13, 6, 5, 4, 3, 10, 17, 24, 23, 30, 37, 44, 43, 42, 35, 28, 21, 14, 15, 8, 1, 0]
[00:00:00:00:685] ! Unidirectional t-s. expansions: 182, time: 685 [ms], path length: 30 [edges], generated: 305
[00:00:00:01:097] Path of length 30 found: [0, 1, 8, 15, 14, 21, 28, 35, 42, 43, 44, 37, 30, 23, 24, 17, 10, 3, 4, 5, 6, 13, 20, 19, 26, 33, 32, 39, 46, 47, 48]
[00:00:00:01:477] ! Bidirectional. expansions: 289, time: 1,097 [ms], path length: 30 [edges], g_F: 26, g_B: 4, generated: 0, MM: 22, MMPER: 69.96774193548387%
[00:00:00:01:478] 
---------- SM_Grids/7x7_grid_with_random_blocks_12per_9 ----------
[00:00:00:02:985] Path of length 26 found: [0, 7, 14, 21, 28, 29, 36, 37, 38, 39, 32, 25, 24, 23, 16, 9, 2, 3, 4, 11, 12, 19, 20, 27, 34, 41, 48]
[00:00:00:02:985] ! Unidirectional s-t. expansions: 756, time: 2,985 [ms], path length: 26 [edges], generated: 1,348
[00:00:00:02:520] Path of length 26 found: [48, 41, 34, 27, 20, 13, 6, 5, 4, 11, 18, 25, 32, 39, 38, 37, 30, 29, 28, 21, 14, 15, 16, 9, 2, 1, 0]
[00:00:00:02:520] ! Unidirectional t-s. expansions: 698, time: 2,520 [ms], path length: 26 [edges], generated: 1,274
[00:00:00:02:551] Path of length 26 found: [0, 7, 14, 21, 28, 29, 36, 37, 38, 39, 32, 25, 24, 23, 16, 9, 10, 3, 4, 5, 6, 13, 20, 27, 34, 41, 48]
[00:00:00:02:919] ! Bidirectional. expansions: 725, time: 2,551 [ms], path length: 26 [edges], g_F: 9, g_B: 17, generated: 0, MM: 8, MMPER: 28.62962962962963%

[00:00:00:02:919] average expansions: (495, 511, 484, 0)
[00:00:00:02:919] average time: (1,790, 1,750, 1,681, 0)
[00:00:00:02:919] XIDA: 495 , 1,750 (expansions , time[ms])
[00:00:00:02:919] BiXIDA: 484 , 1,681 (expansions , time[ms])

