------------------------------------
Thu 01 Oct 2026 14:23:13 IDT
SLURM_JOBID:		21950206
SLURM_JOB_NODELIST:	ise-cpu256-09
SLURM_SCRATCH_DIR:	/scratch/shubit/21950206
Allocated Resouces:	cpu - 2 / mem - 61440 MB / gpu - 
SLURM_GPU_INDEX:	
Running as shubit from shimony account with normal QOS
------------------------------------
Thu 01 Oct 2026 14:23:14 IDT

SLURM_JOBID:		 21950206
SLURM_JOB_NODELIST:	 ise-cpu256-09 

--------------------------
date: SM_Grids
number_of_graphs: 10
graph_type: grid
size_of_graphs: [7, 8]
heuristic: bcc_heuristic
snake: True
run_uni: True
run_bi: True
run_multi: False
solution_vertices: []
algorithms: ['DFBnB']
lookahead: -1
bsd: False
cube_first_dims: 4
cube_buffer_dim: None
backward_sym_generation: False
sym_coil: False
prefix_set: None

---------- SM_Grids/7x8_grid_with_random_blocks_8per_0 ----------
[00:00:00:07:209] Path of length 31 found: [0, 8, 16, 24, 32, 33, 34, 42, 50, 51, 52, 53, 45, 37, 36, 28, 27, 19, 18, 10, 2, 3, 4, 12, 13, 14, 22, 30, 31, 39, 47, 55]
[00:00:00:07:209] ! Unidirectional s-t. expansions: 1,631, time: 7,209 [ms], path length: 31 [edges], generated: 2,914
[00:00:00:06:045] Path of length 31 found: [55, 47, 39, 31, 30, 22, 14, 6, 5, 4, 3, 11, 19, 20, 28, 36, 37, 45, 53, 52, 51, 50, 42, 34, 33, 32, 24, 16, 17, 9, 1, 0]
[00:00:00:06:046] ! Unidirectional t-s. expansions: 1,538, time: 6,045 [ms], path length: 31 [edges], generated: 2,536
[00:00:00:08:755] Path of length 31 found: [0, 8, 16, 24, 32, 33, 34, 42, 50, 51, 52, 44, 36, 28, 20, 19, 18, 10, 2, 3, 4, 5, 6, 7, 15, 23, 22, 30, 38, 39, 47, 55]
[00:00:00:09:239] ! Bidirectional. expansions: 1,912, time: 8,755 [ms], path length: 31 [edges], g_F: 16, g_B: 15, generated: 0, MM: 1, MMPER: 2.125%
[00:00:00:09:239] 
---------- SM_Grids/7x8_grid_with_random_blocks_8per_1 ----------
[00:00:00:03:498] Path of length 33 found: [0, 1, 2, 3, 11, 12, 13, 5, 6, 7, 15, 23, 22, 30, 29, 28, 27, 26, 18, 17, 16, 24, 32, 40, 41, 42, 43, 51, 52, 53, 45, 46, 47, 55]
[00:00:00:03:499] ! Unidirectional s-t. expansions: 796, time: 3,498 [ms], path length: 33 [edges], generated: 1,375
[00:00:00:06:808] Path of length 33 found: [55, 47, 39, 38, 37, 45, 53, 52, 51, 43, 42, 41, 40, 32, 24, 16, 17, 18, 26, 27, 28, 20, 21, 22, 23, 15, 7, 6, 5, 4, 3, 2, 1, 0]
[00:00:00:06:809] ! Unidirectional t-s. expansions: 1,447, time: 6,809 [ms], path length: 33 [edges], generated: 2,395
[00:00:00:05:646] Path of length 33 found: [0, 1, 2, 3, 4, 5, 6, 7, 15, 23, 22, 21, 20, 28, 27, 26, 18, 17, 16, 24, 32, 33, 41, 42, 43, 51, 52, 53, 45, 37, 38, 39, 47, 55]
[00:00:00:06:103] ! Bidirectional. expansions: 1,782, time: 5,646 [ms], path length: 33 [edges], g_F: 17, g_B: 16, generated: 0, MM: 1, MMPER: 1.9411764705882355%
[00:00:00:06:103] 
---------- SM_Grids/7x8_grid_with_random_blocks_8per_2 ----------
[00:00:00:08:672] Path of length 31 found: [0, 1, 2, 3, 11, 12, 13, 21, 22, 23, 31, 39, 38, 37, 36, 28, 27, 26, 18, 17, 16, 24, 32, 40, 41, 49, 50, 51, 52, 53, 54, 55]
[00:00:00:08:672] ! Unidirectional s-t. expansions: 1,958, time: 8,672 [ms], path length: 31 [edges], generated: 3,744
[00:00:00:11:381] Path of length 31 found: [55, 54, 53, 52, 51, 50, 42, 41, 33, 32, 24, 16, 17, 18, 26, 27, 35, 36, 37, 38, 39, 31, 23, 22, 21, 13, 12, 11, 3, 2, 1, 0]
[00:00:00:11:382] ! Unidirectional t-s. expansions: 3,266, time: 11,381 [ms], path length: 31 [edges], generated: 4,882
[00:00:00:11:989] Path of length 31 found: [0, 1, 2, 3, 11, 12, 13, 21, 22, 23, 31, 39, 38, 37, 36, 28, 27, 26, 18, 17, 16, 24, 32, 33, 41, 42, 43, 51, 52, 53, 54, 55]
[00:00:00:12:434] ! Bidirectional. expansions: 2,563, time: 11,989 [ms], path length: 31 [edges], g_F: 16, g_B: 15, generated: 0, MM: 1, MMPER: 2.125%
[00:00:00:12:435] 
---------- SM_Grids/7x8_grid_with_random_blocks_8per_3 ----------
[00:00:00:07:277] Path of length 33 found: [0, 1, 9, 10, 11, 3, 4, 5, 6, 7, 15, 23, 22, 21, 20, 28, 27, 26, 34, 33, 32, 40, 48, 49, 50, 51, 43, 44, 45, 37, 38, 39, 47, 55]
[00:00:00:07:278] ! Unidirectional s-t. expansions: 1,888, time: 7,277 [ms], path length: 33 [edges], generated: 3,092
[00:00:00:06:391] Path of length 33 found: [55, 47, 39, 38, 37, 45, 44, 43, 51, 50, 49, 48, 40, 32, 24, 16, 17, 18, 26, 27, 28, 20, 21, 22, 23, 15, 7, 6, 5, 4, 3, 2, 1, 0]
[00:00:00:06:392] ! Unidirectional t-s. expansions: 1,698, time: 6,392 [ms], path length: 33 [edges], generated: 2,898
[00:00:00:04:236] Path of length 33 found: [0, 1, 9, 10, 11, 3, 4, 5, 6, 7, 15, 23, 22, 21, 20, 28, 27, 26, 34, 33, 32, 40, 48, 49, 50, 51, 43, 44, 45, 37, 38, 39, 47, 55]
[00:00:00:04:648] ! Bidirectional. expansions: 1,089, time: 4,236 [ms], path length: 33 [edges], g_F: 17, g_B: 16, generated: 0, MM: 1, MMPER: 1.9411764705882355%
[00:00:00:04:648] 
---------- SM_Grids/7x8_grid_with_random_blocks_8per_4 ----------
[00:00:00:06:112] Path of length 31 found: [0, 1, 2, 10, 11, 19, 27, 26, 25, 24, 32, 40, 48, 49, 50, 42, 43, 44, 36, 37, 29, 21, 13, 5, 6, 7, 15, 23, 31, 39, 47, 55]
[00:00:00:06:112] ! Unidirectional s-t. expansions: 1,782, time: 6,112 [ms], path length: 31 [edges], generated: 2,687
[00:00:00:05:010] Path of length 31 found: [55, 47, 39, 31, 23, 15, 7, 6, 5, 13, 21, 20, 19, 27, 35, 36, 37, 45, 53, 52, 51, 50, 42, 41, 33, 32, 24, 16, 17, 9, 1, 0]
[00:00:00:05:010] ! Unidirectional t-s. expansions: 1,716, time: 5,010 [ms], path length: 31 [edges], generated: 2,395
[00:00:00:05:617] Path of length 31 found: [0, 1, 2, 10, 11, 19, 27, 26, 25, 24, 32, 40, 48, 49, 50, 42, 43, 44, 36, 37, 29, 21, 13, 5, 6, 7, 15, 23, 31, 39, 47, 55]
[00:00:00:06:048] ! Bidirectional. expansions: 1,521, time: 5,617 [ms], path length: 31 [edges], g_F: 16, g_B: 15, generated: 0, MM: 1, MMPER: 2.125%
[00:00:00:06:048] 
---------- SM_Grids/7x8_grid_with_random_blocks_8per_5 ----------
[00:00:00:11:928] Path of length 33 found: [0, 1, 2, 3, 11, 12, 13, 5, 6, 7, 15, 23, 22, 30, 38, 37, 36, 28, 27, 26, 18, 17, 16, 24, 32, 40, 48, 49, 50, 51, 52, 53, 54, 55]
[00:00:00:11:929] ! Unidirectional s-t. expansions: 3,222, time: 11,928 [ms], path length: 33 [edges], generated: 5,292
[00:00:00:12:200] Path of length 33 found: [55, 54, 53, 52, 51, 50, 49, 48, 40, 32, 24, 16, 17, 18, 26, 27, 28, 36, 37, 38, 39, 31, 23, 15, 7, 6, 5, 13, 12, 11, 3, 2, 1, 0]
[00:00:00:12:201] ! Unidirectional t-s. expansions: 2,973, time: 12,200 [ms], path length: 33 [edges], generated: 5,106
[00:00:00:08:684] Path of length 33 found: [0, 1, 2, 3, 11, 12, 13, 5, 6, 7, 15, 23, 22, 30, 38, 37, 36, 28, 27, 26, 18, 17, 16, 24, 32, 40, 48, 49, 50, 51, 52, 53, 54, 55]
[00:00:00:09:097] ! Bidirectional. expansions: 2,818, time: 8,684 [ms], path length: 33 [edges], g_F: 17, g_B: 16, generated: 0, MM: 1, MMPER: 1.9411764705882355%
[00:00:00:09:097] 
---------- SM_Grids/7x8_grid_with_random_blocks_8per_6 ----------
[00:00:00:15:011] Path of length 29 found: [0, 1, 2, 10, 18, 17, 16, 24, 32, 40, 48, 49, 50, 42, 34, 35, 27, 28, 20, 21, 22, 23, 31, 39, 38, 37, 45, 53, 54, 55]
[00:00:00:15:011] ! Unidirectional s-t. expansions: 3,740, time: 15,011 [ms], path length: 29 [edges], generated: 7,335
[00:00:00:07:241] Path of length 29 found: [55, 54, 53, 45, 37, 38, 39, 31, 23, 22, 21, 20, 12, 11, 10, 18, 26, 27, 35, 43, 51, 50, 49, 41, 33, 32, 24, 16, 8, 0]
[00:00:00:07:241] ! Unidirectional t-s. expansions: 2,040, time: 7,241 [ms], path length: 29 [edges], generated: 3,081
[00:00:00:10:111] Path of length 29 found: [0, 1, 2, 10, 18, 17, 16, 24, 32, 40, 48, 49, 50, 42, 34, 35, 27, 28, 20, 21, 22, 23, 31, 39, 38, 37, 45, 53, 54, 55]
[00:00:00:10:557] ! Bidirectional. expansions: 2,284, time: 10,111 [ms], path length: 29 [edges], g_F: 15, g_B: 14, generated: 0, MM: 1, MMPER: 2.3333333333333335%
[00:00:00:10:557] 
---------- SM_Grids/7x8_grid_with_random_blocks_8per_7 ----------
[00:00:00:11:801] Path of length 31 found: [0, 1, 2, 10, 18, 17, 16, 24, 32, 40, 41, 42, 43, 51, 52, 53, 45, 37, 36, 28, 20, 12, 4, 5, 6, 7, 15, 23, 31, 39, 47, 55]
[00:00:00:11:801] ! Unidirectional s-t. expansions: 3,310, time: 11,801 [ms], path length: 31 [edges], generated: 5,610
[00:00:00:14:167] Path of length 31 found: [55, 47, 46, 45, 53, 52, 51, 43, 35, 34, 33, 32, 24, 16, 17, 18, 19, 20, 28, 29, 30, 31, 23, 15, 7, 6, 5, 4, 3, 2, 1, 0]
[00:00:00:14:167] ! Unidirectional t-s. expansions: 4,320, time: 14,167 [ms], path length: 31 [edges], generated: 6,893
[00:00:00:07:915] Path of length 31 found: [0, 1, 2, 3, 4, 5, 6, 7, 15, 23, 31, 39, 38, 37, 29, 21, 20, 19, 18, 17, 16, 24, 32, 33, 34, 35, 43, 51, 52, 53, 54, 55]
[00:00:00:08:351] ! Bidirectional. expansions: 1,618, time: 7,915 [ms], path length: 31 [edges], g_F: 16, g_B: 15, generated: 0, MM: 1, MMPER: 2.125%
[00:00:00:08:351] 
---------- SM_Grids/7x8_grid_with_random_blocks_8per_8 ----------
[00:00:00:14:171] Path of length 29 found: [0, 8, 16, 24, 32, 40, 41, 42, 34, 35, 27, 19, 18, 10, 2, 3, 4, 12, 13, 14, 15, 23, 31, 30, 29, 37, 45, 53, 54, 55]
[00:00:00:14:172] ! Unidirectional s-t. expansions: 5,330, time: 14,171 [ms], path length: 29 [edges], generated: 8,173
[00:00:00:20:893] Path of length 29 found: [55, 54, 46, 45, 37, 29, 30, 22, 23, 15, 7, 6, 5, 13, 12, 11, 10, 18, 26, 27, 35, 43, 42, 41, 33, 32, 24, 16, 8, 0]
[00:00:00:20:894] ! Unidirectional t-s. expansions: 6,412, time: 20,893 [ms], path length: 29 [edges], generated: 11,899
[00:00:00:08:907] Path of length 29 found: [0, 8, 16, 24, 32, 40, 41, 42, 43, 35, 27, 26, 18, 10, 11, 12, 13, 5, 6, 7, 15, 23, 22, 30, 29, 37, 45, 46, 54, 55]
[00:00:00:09:322] ! Bidirectional. expansions: 2,763, time: 8,907 [ms], path length: 29 [edges], g_F: 15, g_B: 14, generated: 0, MM: 1, MMPER: 2.3333333333333335%
[00:00:00:09:322] 
---------- SM_Grids/7x8_grid_with_random_blocks_8per_9 ----------
[00:00:00:13:848] Path of length 31 found: [0, 8, 16, 24, 32, 40, 41, 49, 50, 51, 43, 35, 34, 26, 18, 10, 11, 3, 4, 5, 13, 14, 15, 23, 31, 30, 29, 37, 45, 46, 54, 55]
[00:00:00:13:849] ! Unidirectional s-t. expansions: 3,811, time: 13,848 [ms], path length: 31 [edges], generated: 6,658
[00:00:00:18:273] Path of length 31 found: [55, 54, 46, 38, 39, 31, 23, 15, 7, 6, 5, 4, 3, 11, 10, 18, 26, 27, 28, 36, 44, 52, 51, 50, 42, 41, 33, 32, 24, 16, 8, 0]
[00:00:00:18:273] ! Unidirectional t-s. expansions: 5,551, time: 18,273 [ms], path length: 31 [edges], generated: 9,446
[00:00:00:23:076] Path of length 31 found: [0, 8, 16, 24, 32, 40, 41, 49, 50, 51, 52, 44, 36, 28, 27, 26, 18, 10, 11, 3, 4, 5, 6, 7, 15, 23, 31, 39, 38, 46, 54, 55]
[00:00:00:23:532] ! Bidirectional. expansions: 6,701, time: 23,076 [ms], path length: 31 [edges], g_F: 16, g_B: 15, generated: 0, MM: 1, MMPER: 2.125%

[00:00:00:23:532] average expansions: (2,747, 3,096, 2,505, 0)
[00:00:00:23:533] average time: (9,953, 10,841, 9,494, 0)
[00:00:00:23:533] XDFBnB: 2,747 , 9,953 (expansions , time[ms])
[00:00:00:23:533] BiXDFBnB: 2,505 , 9,494 (expansions , time[ms])

