------------------------------------
Thu 01 Oct 2026 12:44:16 IDT
SLURM_JOBID:		21944719
SLURM_JOB_NODELIST:	ise-cpu256-06
SLURM_SCRATCH_DIR:	/scratch/shubit/21944719
Allocated Resouces:	cpu - 2 / mem - 61440 MB / gpu - 
SLURM_GPU_INDEX:	
Running as shubit from shimony account with normal QOS
------------------------------------
Thu 01 Oct 2026 12:44:16 IDT

SLURM_JOBID:		 21944719
SLURM_JOB_NODELIST:	 ise-cpu256-06 

--------------------------
date: SM_Grids
number_of_graphs: 10
graph_type: grid
size_of_graphs: [7, 9]
heuristic: bcc_heuristic
snake: True
run_uni: True
run_bi: True
run_multi: False
solution_vertices: []
algorithms: ['IDA']
lookahead: 1
bsd: False
cube_first_dims: 4
cube_buffer_dim: None
backward_sym_generation: False
sym_coil: False
prefix_set: None

---------- SM_Grids/7x9_grid_with_random_blocks_8per_0 ----------
[00:00:00:09:949] Path of length 38 found: [0, 9, 18, 27, 36, 45, 54, 55, 56, 47, 38, 39, 40, 49, 58, 59, 60, 51, 42, 33, 32, 23, 22, 21, 20, 11, 2, 3, 4, 5, 6, 15, 16, 25, 26, 35, 44, 53, 62]
[00:00:00:09:949] ! Unidirectional s-t. expansions: 2,112, time: 9,949 [ms], path length: 38 [edges], generated: 3,546
[00:00:00:07:297] Path of length 38 found: [62, 53, 44, 35, 26, 25, 16, 7, 6, 5, 4, 3, 2, 11, 20, 21, 22, 23, 32, 33, 42, 51, 60, 59, 58, 49, 40, 39, 38, 47, 56, 55, 54, 45, 36, 27, 18, 9, 0]
[00:00:00:07:298] ! Unidirectional t-s. expansions: 1,439, time: 7,297 [ms], path length: 38 [edges], generated: 2,537
[00:00:00:41:629] Path of length 38 found: [0, 9, 18, 27, 36, 45, 54, 55, 56, 47, 38, 39, 40, 49, 58, 59, 60, 51, 42, 33, 32, 23, 22, 21, 20, 11, 2, 3, 4, 5, 6, 7, 16, 25, 26, 35, 44, 53, 62]
[00:00:00:42:104] ! Bidirectional. expansions: 4,598, time: 41,629 [ms], path length: 38 [edges], g_F: 20, g_B: 18, generated: 0, MM: 2, MMPER: 4.128205128205129%
[00:00:00:42:105] 
---------- SM_Grids/7x9_grid_with_random_blocks_8per_1 ----------
[00:00:00:10:876] Path of length 38 found: [0, 1, 2, 3, 12, 21, 20, 19, 18, 27, 36, 45, 54, 55, 56, 47, 38, 39, 40, 49, 58, 59, 60, 51, 42, 33, 24, 23, 14, 5, 6, 7, 16, 17, 26, 35, 44, 53, 62]
[00:00:00:10:876] ! Unidirectional s-t. expansions: 2,123, time: 10,876 [ms], path length: 38 [edges], generated: 3,772
[00:00:00:10:078] Path of length 38 found: [62, 53, 44, 35, 26, 17, 8, 7, 6, 5, 14, 23, 24, 33, 42, 51, 60, 59, 58, 49, 40, 39, 38, 47, 56, 55, 54, 45, 36, 27, 18, 19, 20, 21, 12, 3, 2, 1, 0]
[00:00:00:10:078] ! Unidirectional t-s. expansions: 2,136, time: 10,078 [ms], path length: 38 [edges], generated: 3,624
[00:00:01:00:334] Path of length 38 found: [0, 1, 2, 3, 12, 21, 20, 19, 18, 27, 36, 45, 54, 55, 56, 47, 38, 39, 40, 49, 58, 59, 60, 51, 42, 33, 24, 23, 14, 5, 6, 7, 8, 17, 26, 35, 44, 53, 62]
[00:00:01:00:800] ! Bidirectional. expansions: 6,192, time: 60,334 [ms], path length: 38 [edges], g_F: 31, g_B: 7, generated: 0, MM: 24, MMPER: 60.53846153846154%
[00:00:01:00:800] 
---------- SM_Grids/7x9_grid_with_random_blocks_8per_2 ----------
[00:00:00:39:309] Path of length 36 found: [0, 9, 10, 11, 12, 21, 22, 23, 14, 5, 6, 7, 16, 25, 26, 35, 44, 43, 42, 41, 40, 39, 38, 29, 28, 27, 36, 45, 54, 55, 56, 57, 58, 59, 60, 61, 62]
[00:00:00:39:309] ! Unidirectional s-t. expansions: 8,646, time: 39,309 [ms], path length: 36 [edges], generated: 14,907
[00:00:00:47:724] Path of length 36 found: [62, 61, 60, 59, 58, 49, 40, 41, 42, 43, 44, 35, 26, 25, 16, 7, 6, 5, 14, 23, 22, 21, 30, 29, 38, 47, 56, 55, 54, 45, 36, 27, 18, 19, 10, 1, 0]
[00:00:00:47:725] ! Unidirectional t-s. expansions: 10,496, time: 47,724 [ms], path length: 36 [edges], generated: 18,319
[00:00:03:21:617] Path of length 36 found: [0, 9, 10, 11, 12, 21, 22, 23, 14, 5, 6, 7, 16, 25, 26, 35, 44, 43, 42, 41, 40, 39, 38, 29, 28, 27, 36, 45, 46, 55, 56, 57, 58, 59, 60, 61, 62]
[00:00:03:22:073] ! Bidirectional. expansions: 21,264, time: 201,617 [ms], path length: 36 [edges], g_F: 18, g_B: 18, generated: 0, MM: 0, MMPER: -1.0%
[00:00:03:22:073] 
---------- SM_Grids/7x9_grid_with_random_blocks_8per_3 ----------
[00:00:00:20:207] Path of length 38 found: [0, 9, 10, 11, 2, 3, 4, 13, 22, 23, 24, 15, 6, 7, 8, 17, 26, 35, 34, 43, 42, 41, 40, 39, 30, 29, 28, 27, 36, 45, 54, 55, 56, 57, 58, 59, 60, 61, 62]
[00:00:00:20:207] ! Unidirectional s-t. expansions: 4,250, time: 20,207 [ms], path length: 38 [edges], generated: 7,119
[00:00:00:14:475] Path of length 38 found: [62, 61, 60, 59, 58, 57, 56, 55, 54, 45, 36, 27, 28, 29, 38, 39, 40, 41, 42, 43, 34, 35, 26, 17, 8, 7, 6, 15, 24, 23, 22, 13, 4, 3, 2, 11, 10, 9, 0]
[00:00:00:14:475] ! Unidirectional t-s. expansions: 3,705, time: 14,475 [ms], path length: 38 [edges], generated: 5,909
[00:00:01:10:072] Path of length 38 found: [0, 9, 10, 11, 2, 3, 4, 13, 22, 23, 24, 15, 6, 7, 8, 17, 26, 35, 34, 43, 42, 41, 40, 39, 38, 29, 28, 27, 36, 45, 54, 55, 56, 57, 58, 59, 60, 61, 62]
[00:00:01:10:557] ! Bidirectional. expansions: 8,003, time: 70,072 [ms], path length: 38 [edges], g_F: 16, g_B: 22, generated: 0, MM: 6, MMPER: 14.384615384615385%
[00:00:01:10:558] 
---------- SM_Grids/7x9_grid_with_random_blocks_8per_4 ----------
[00:00:00:04:209] Path of length 36 found: [0, 9, 18, 27, 36, 45, 54, 55, 56, 47, 48, 49, 58, 59, 60, 51, 42, 41, 32, 31, 30, 21, 20, 11, 2, 3, 4, 13, 14, 15, 24, 25, 34, 35, 44, 53, 62]
[00:00:00:04:209] ! Unidirectional s-t. expansions: 719, time: 4,209 [ms], path length: 36 [edges], generated: 1,300
[00:00:00:03:198] Path of length 36 found: [62, 53, 44, 35, 34, 25, 24, 15, 14, 13, 4, 3, 2, 11, 20, 29, 30, 31, 32, 41, 42, 51, 60, 59, 58, 49, 48, 47, 56, 55, 54, 45, 36, 27, 18, 9, 0]
[00:00:00:03:198] ! Unidirectional t-s. expansions: 617, time: 3,198 [ms], path length: 36 [edges], generated: 1,056
[00:00:00:11:435] Path of length 36 found: [0, 9, 18, 27, 36, 45, 54, 55, 56, 47, 48, 49, 58, 59, 60, 51, 42, 41, 32, 31, 30, 29, 20, 11, 2, 3, 4, 13, 14, 15, 24, 25, 34, 35, 44, 53, 62]
[00:00:00:11:944] ! Bidirectional. expansions: 1,037, time: 11,435 [ms], path length: 36 [edges], g_F: 17, g_B: 19, generated: 0, MM: 2, MMPER: 4.405405405405405%
[00:00:00:11:944] 
---------- SM_Grids/7x9_grid_with_random_blocks_8per_5 ----------
[00:00:00:17:035] Path of length 38 found: [0, 1, 10, 11, 12, 3, 4, 5, 6, 7, 16, 17, 26, 35, 34, 33, 24, 23, 22, 31, 40, 39, 38, 29, 28, 27, 36, 45, 54, 55, 56, 57, 58, 59, 50, 51, 52, 53, 62]
[00:00:00:17:035] ! Unidirectional s-t. expansions: 3,346, time: 17,035 [ms], path length: 38 [edges], generated: 5,748
[00:00:00:09:462] Path of length 38 found: [62, 53, 44, 35, 26, 17, 16, 7, 6, 5, 4, 3, 2, 11, 20, 29, 38, 39, 40, 31, 22, 23, 24, 33, 42, 51, 50, 59, 58, 57, 56, 55, 46, 45, 36, 27, 18, 9, 0]
[00:00:00:09:463] ! Unidirectional t-s. expansions: 1,916, time: 9,463 [ms], path length: 38 [edges], generated: 3,243
[00:00:00:42:332] Path of length 38 found: [0, 9, 18, 27, 36, 45, 54, 55, 56, 57, 58, 59, 60, 51, 42, 33, 24, 23, 22, 31, 40, 39, 38, 29, 20, 11, 2, 3, 4, 5, 6, 7, 16, 17, 26, 35, 44, 53, 62]
[00:00:00:42:799] ! Bidirectional. expansions: 4,155, time: 42,332 [ms], path length: 38 [edges], g_F: 24, g_B: 14, generated: 0, MM: 10, MMPER: 24.641025641025642%
[00:00:00:42:799] 
---------- SM_Grids/7x9_grid_with_random_blocks_8per_6 ----------
[00:00:00:29:459] Path of length 34 found: [0, 9, 18, 27, 36, 37, 46, 55, 56, 57, 58, 49, 40, 39, 30, 29, 20, 11, 12, 13, 22, 23, 24, 15, 6, 7, 8, 17, 26, 35, 34, 43, 52, 61, 62]
[00:00:00:29:459] ! Unidirectional s-t. expansions: 6,691, time: 29,459 [ms], path length: 34 [edges], generated: 11,920
[00:00:00:42:212] Path of length 34 found: [62, 53, 52, 51, 42, 33, 34, 25, 26, 17, 8, 7, 6, 15, 14, 13, 22, 21, 30, 39, 40, 49, 58, 57, 56, 47, 46, 37, 36, 27, 18, 19, 10, 1, 0]
[00:00:00:42:213] ! Unidirectional t-s. expansions: 8,831, time: 42,212 [ms], path length: 34 [edges], generated: 16,408
[00:00:03:55:617] Path of length 34 found: [0, 9, 18, 27, 36, 37, 46, 55, 56, 57, 58, 49, 40, 39, 30, 29, 20, 11, 12, 13, 4, 5, 6, 7, 8, 17, 26, 25, 34, 33, 42, 51, 52, 53, 62]
[00:00:03:56:070] ! Bidirectional. expansions: 27,389, time: 235,617 [ms], path length: 34 [edges], g_F: 21, g_B: 13, generated: 0, MM: 8, MMPER: 21.857142857142858%
[00:00:03:56:070] 
---------- SM_Grids/7x9_grid_with_random_blocks_8per_7 ----------
[00:00:00:17:017] Path of length 38 found: [0, 1, 2, 3, 12, 13, 14, 5, 6, 7, 8, 17, 26, 25, 24, 33, 32, 31, 30, 29, 20, 19, 18, 27, 36, 45, 54, 55, 56, 47, 48, 49, 58, 59, 60, 51, 52, 53, 62]
[00:00:00:17:017] ! Unidirectional s-t. expansions: 3,804, time: 17,017 [ms], path length: 38 [edges], generated: 6,141
[00:00:00:07:065] Path of length 38 found: [62, 53, 52, 51, 60, 59, 58, 49, 48, 47, 56, 55, 54, 45, 36, 37, 28, 29, 30, 31, 32, 33, 34, 25, 26, 17, 8, 7, 6, 15, 14, 13, 4, 3, 2, 11, 10, 9, 0]
[00:00:00:07:066] ! Unidirectional t-s. expansions: 1,405, time: 7,065 [ms], path length: 38 [edges], generated: 2,357
[00:00:01:03:962] Path of length 38 found: [0, 1, 2, 3, 12, 13, 14, 5, 6, 7, 8, 17, 26, 25, 24, 33, 32, 31, 30, 29, 20, 19, 18, 27, 36, 45, 54, 55, 56, 47, 48, 49, 58, 59, 60, 51, 52, 53, 62]
[00:00:01:04:438] ! Bidirectional. expansions: 6,628, time: 63,962 [ms], path length: 38 [edges], g_F: 29, g_B: 9, generated: 0, MM: 20, MMPER: 50.282051282051285%
[00:00:01:04:438] 
---------- SM_Grids/7x9_grid_with_random_blocks_8per_8 ----------
[00:00:00:10:531] Path of length 38 found: [0, 9, 18, 27, 36, 45, 54, 55, 56, 47, 38, 29, 20, 11, 2, 3, 4, 13, 22, 31, 40, 49, 58, 59, 60, 51, 42, 33, 24, 15, 6, 7, 8, 17, 26, 35, 44, 53, 62]
[00:00:00:10:531] ! Unidirectional s-t. expansions: 2,182, time: 10,531 [ms], path length: 38 [edges], generated: 3,467
[00:00:00:14:813] Path of length 38 found: [62, 53, 44, 35, 26, 17, 8, 7, 6, 5, 4, 3, 2, 11, 20, 21, 22, 23, 32, 33, 42, 51, 60, 59, 58, 49, 40, 39, 38, 47, 56, 55, 54, 45, 36, 27, 18, 9, 0]
[00:00:00:14:814] ! Unidirectional t-s. expansions: 3,039, time: 14,813 [ms], path length: 38 [edges], generated: 5,115
[00:00:01:00:857] Path of length 38 found: [0, 9, 18, 27, 36, 45, 54, 55, 56, 47, 38, 29, 20, 11, 2, 3, 4, 13, 22, 31, 40, 49, 58, 59, 60, 51, 42, 33, 24, 15, 6, 7, 8, 17, 26, 35, 44, 53, 62]
[00:00:01:01:340] ! Bidirectional. expansions: 6,584, time: 60,857 [ms], path length: 38 [edges], g_F: 26, g_B: 12, generated: 0, MM: 14, MMPER: 34.8974358974359%
[00:00:01:01:340] 
---------- SM_Grids/7x9_grid_with_random_blocks_8per_9 ----------
[00:00:00:09:108] Path of length 36 found: [0, 9, 18, 27, 28, 37, 38, 47, 56, 57, 58, 59, 50, 41, 40, 31, 30, 21, 20, 11, 2, 3, 4, 13, 14, 15, 6, 7, 8, 17, 26, 25, 34, 43, 52, 61, 62]
[00:00:00:09:108] ! Unidirectional s-t. expansions: 1,776, time: 9,108 [ms], path length: 36 [edges], generated: 2,992
[00:00:00:11:008] Path of length 36 found: [62, 53, 52, 43, 34, 35, 26, 17, 8, 7, 6, 15, 14, 13, 4, 3, 2, 11, 20, 21, 30, 31, 40, 41, 50, 59, 58, 57, 48, 47, 38, 37, 28, 27, 18, 9, 0]
[00:00:00:11:008] ! Unidirectional t-s. expansions: 2,149, time: 11,008 [ms], path length: 36 [edges], generated: 3,574
[00:00:00:40:946] Path of length 36 found: [0, 9, 18, 27, 28, 37, 38, 47, 56, 57, 58, 59, 50, 41, 40, 31, 30, 21, 20, 11, 2, 3, 4, 13, 14, 15, 6, 7, 8, 17, 26, 35, 34, 43, 52, 53, 62]
[00:00:00:41:393] ! Bidirectional. expansions: 4,063, time: 40,946 [ms], path length: 36 [edges], g_F: 12, g_B: 24, generated: 0, MM: 12, MMPER: 31.432432432432435%

[00:00:00:41:393] average expansions: (3,565, 3,573, 8,991, 0)
[00:00:00:41:393] average time: (16,770, 16,733, 82,880, 0)
[00:00:00:41:394] XIDA: 3,565 , 16,733 (expansions , time[ms])
[00:00:00:41:394] BiXIDA: 8,991 , 82,880 (expansions , time[ms])

