------------------------------------
Thu 01 Oct 2026 11:13:28 IDT
SLURM_JOBID:		21942992
SLURM_JOB_NODELIST:	ise-cpu256-12
SLURM_SCRATCH_DIR:	/scratch/shubit/21942992
Allocated Resouces:	cpu - 2 / mem - 61440 MB / gpu - 
SLURM_GPU_INDEX:	
Running as shubit from shimony account with normal QOS
------------------------------------
Thu 01 Oct 2026 11:13:28 IDT

SLURM_JOBID:		 21942992
SLURM_JOB_NODELIST:	 ise-cpu256-12 

--------------------------
date: SM_Grids
number_of_graphs: 10
graph_type: grid
size_of_graphs: [7, 8]
heuristic: bcc_heuristic
snake: True
run_uni: True
run_bi: True
run_multi: False
solution_vertices: []
algorithms: ['A']
lookahead: 4
bsd: False
cube_first_dims: 4
cube_buffer_dim: None
backward_sym_generation: False
sym_coil: False
prefix_set: None

---------- SM_Grids/7x8_grid_with_random_blocks_20per_0 ----------
[00:00:00:00:759] Path of length 19 found: [0, 8, 16, 17, 18, 19, 11, 3, 4, 5, 6, 7, 15, 23, 22, 30, 38, 46, 47, 55]
[00:00:00:00:759] ! Unidirectional s-t. expansions: 289, time: 759 [ms], path length: 19 [edges], generated: 1,275
[00:00:00:00:100] Path of length 19 found: [55, 47, 46, 38, 30, 22, 23, 15, 7, 6, 5, 4, 3, 11, 19, 18, 17, 9, 1, 0]
[00:00:00:00:101] ! Unidirectional t-s. expansions: 10, time: 100 [ms], path length: 19 [edges], generated: 109
[00:00:00:00:102] Path of length 19 found: [0, 8, 16, 17, 18, 19, 11, 3, 4, 5, 6, 7, 15, 23, 22, 30, 38, 46, 47, 55]
[00:00:00:00:529] ! Bidirectional. expansions: 10, time: 102 [ms], path length: 19 [edges], g_F: 10, g_B: 9, generated: 0, MM: 1, MMPER: 4.0%
[00:00:00:00:529] 
---------- SM_Grids/7x8_grid_with_random_blocks_20per_1 ----------
[00:00:00:00:488] Path of length 27 found: [0, 8, 16, 24, 32, 40, 41, 42, 43, 35, 27, 26, 18, 10, 2, 3, 4, 12, 13, 14, 22, 30, 29, 37, 45, 46, 54, 55]
[00:00:00:00:488] ! Unidirectional s-t. expansions: 39, time: 488 [ms], path length: 27 [edges], generated: 644
[00:00:00:00:480] Path of length 27 found: [55, 54, 46, 45, 44, 36, 28, 29, 30, 22, 14, 13, 5, 4, 3, 2, 10, 18, 26, 34, 42, 41, 40, 32, 24, 16, 8, 0]
[00:00:00:00:480] ! Unidirectional t-s. expansions: 37, time: 480 [ms], path length: 27 [edges], generated: 605
[00:00:00:00:210] Path of length 27 found: [0, 8, 16, 24, 32, 40, 41, 42, 43, 44, 36, 28, 27, 26, 18, 10, 2, 3, 4, 5, 13, 14, 22, 30, 38, 46, 54, 55]
[00:00:00:00:609] ! Bidirectional. expansions: 17, time: 210 [ms], path length: 27 [edges], g_F: 14, g_B: 13, generated: 0, MM: 1, MMPER: 2.5714285714285716%
[00:00:00:00:610] 
---------- SM_Grids/7x8_grid_with_random_blocks_20per_2 ----------
[00:00:00:00:243] Path of length 21 found: [0, 1, 2, 3, 11, 19, 18, 17, 16, 24, 32, 40, 41, 42, 34, 35, 36, 44, 45, 53, 54, 55]
[00:00:00:00:243] ! Unidirectional s-t. expansions: 13, time: 243 [ms], path length: 21 [edges], generated: 207
[00:00:00:00:234] Path of length 21 found: [55, 54, 53, 45, 44, 36, 35, 34, 42, 41, 40, 32, 24, 16, 17, 18, 19, 11, 3, 2, 1, 0]
[00:00:00:00:234] ! Unidirectional t-s. expansions: 16, time: 234 [ms], path length: 21 [edges], generated: 239
[00:00:00:00:130] Path of length 21 found: [0, 1, 2, 3, 11, 19, 18, 17, 16, 24, 32, 40, 41, 42, 34, 35, 36, 44, 45, 53, 54, 55]
[00:00:00:00:525] ! Bidirectional. expansions: 20, time: 130 [ms], path length: 21 [edges], g_F: 11, g_B: 10, generated: 0, MM: 1, MMPER: 3.545454545454546%
[00:00:00:00:525] 
---------- SM_Grids/7x8_grid_with_random_blocks_20per_3 ----------
[00:00:00:00:350] Path of length 23 found: [0, 8, 16, 24, 25, 26, 18, 10, 11, 12, 4, 5, 6, 7, 15, 23, 22, 21, 29, 37, 45, 46, 47, 55]
[00:00:00:00:351] ! Unidirectional s-t. expansions: 30, time: 351 [ms], path length: 23 [edges], generated: 405
[00:00:00:00:896] Path of length 23 found: [55, 47, 46, 45, 37, 29, 30, 31, 23, 15, 7, 6, 5, 4, 12, 20, 19, 18, 26, 25, 24, 16, 8, 0]
[00:00:00:00:897] ! Unidirectional t-s. expansions: 97, time: 896 [ms], path length: 23 [edges], generated: 1,292
[00:00:00:00:294] Path of length 23 found: [0, 8, 16, 24, 25, 26, 18, 10, 11, 12, 4, 5, 6, 7, 15, 23, 31, 30, 29, 37, 45, 46, 47, 55]
[00:00:00:00:686] ! Bidirectional. expansions: 18, time: 294 [ms], path length: 23 [edges], g_F: 12, g_B: 11, generated: 0, MM: 1, MMPER: 3.166666666666667%
[00:00:00:00:686] 
---------- SM_Grids/7x8_grid_with_random_blocks_20per_4 ----------
[00:00:00:01:202] Path of length 21 found: [0, 8, 16, 17, 25, 26, 27, 19, 20, 12, 4, 5, 6, 14, 15, 23, 31, 30, 38, 46, 47, 55]
[00:00:00:01:202] ! Unidirectional s-t. expansions: 55, time: 1,202 [ms], path length: 21 [edges], generated: 1,519
[00:00:00:01:278] Path of length 21 found: [55, 47, 46, 38, 30, 31, 23, 15, 14, 6, 5, 4, 12, 20, 19, 27, 26, 25, 17, 9, 1, 0]
[00:00:00:01:278] ! Unidirectional t-s. expansions: 109, time: 1,278 [ms], path length: 21 [edges], generated: 1,818
[00:00:00:01:185] Path of length 21 found: [0, 8, 16, 17, 18, 26, 27, 28, 20, 12, 4, 5, 6, 14, 15, 23, 31, 30, 38, 46, 47, 55]
[00:00:00:01:581] ! Bidirectional. expansions: 90, time: 1,185 [ms], path length: 21 [edges], g_F: 11, g_B: 10, generated: 0, MM: 1, MMPER: 3.545454545454546%
[00:00:00:01:581] 
---------- SM_Grids/7x8_grid_with_random_blocks_20per_5 ----------
[00:00:00:00:348] Path of length 19 found: [0, 1, 9, 17, 25, 26, 27, 28, 20, 12, 4, 5, 6, 14, 22, 30, 31, 39, 47, 55]
[00:00:00:00:348] ! Unidirectional s-t. expansions: 26, time: 348 [ms], path length: 19 [edges], generated: 369
[00:00:00:00:398] Path of length 19 found: [55, 47, 46, 45, 44, 52, 51, 50, 42, 34, 35, 27, 28, 20, 12, 4, 3, 2, 1, 0]
[00:00:00:00:398] ! Unidirectional t-s. expansions: 38, time: 398 [ms], path length: 19 [edges], generated: 512
[00:00:00:00:354] Path of length 19 found: [0, 1, 9, 17, 25, 26, 27, 28, 20, 12, 4, 5, 6, 7, 15, 23, 31, 39, 47, 55]
[00:00:00:00:749] ! Bidirectional. expansions: 40, time: 355 [ms], path length: 19 [edges], g_F: 10, g_B: 9, generated: 0, MM: 1, MMPER: 4.0%
[00:00:00:00:749] 
---------- SM_Grids/7x8_grid_with_random_blocks_20per_6 ----------
[00:00:00:01:885] Path of length 15 found: [0, 1, 2, 10, 18, 26, 27, 35, 43, 51, 52, 53, 45, 46, 47, 55]
[00:00:00:01:885] ! Unidirectional s-t. expansions: 415, time: 1,885 [ms], path length: 15 [edges], generated: 2,960
[00:00:00:00:561] Path of length 15 found: [55, 47, 46, 45, 44, 52, 51, 50, 42, 34, 26, 25, 17, 9, 1, 0]
[00:00:00:00:561] ! Unidirectional t-s. expansions: 40, time: 561 [ms], path length: 15 [edges], generated: 795
[00:00:00:01:279] Path of length 15 found: [0, 1, 2, 10, 18, 26, 27, 35, 43, 51, 52, 53, 45, 46, 47, 55]
[00:00:00:01:687] ! Bidirectional. expansions: 146, time: 1,280 [ms], path length: 15 [edges], g_F: 8, g_B: 7, generated: 0, MM: 1, MMPER: 5.25%
[00:00:00:01:687] 
---------- SM_Grids/7x8_grid_with_random_blocks_20per_7 ----------
[00:00:00:00:344] Path of length 27 found: [0, 8, 16, 24, 32, 33, 34, 26, 18, 10, 11, 12, 13, 5, 6, 7, 15, 23, 22, 30, 29, 28, 36, 44, 45, 46, 54, 55]
[00:00:00:00:345] ! Unidirectional s-t. expansions: 29, time: 345 [ms], path length: 27 [edges], generated: 415
[00:00:00:00:372] Path of length 27 found: [55, 47, 46, 45, 44, 36, 28, 29, 30, 22, 23, 15, 7, 6, 5, 13, 12, 11, 10, 18, 26, 34, 33, 32, 24, 16, 8, 0]
[00:00:00:00:372] ! Unidirectional t-s. expansions: 59, time: 372 [ms], path length: 27 [edges], generated: 507
[00:00:00:00:343] Path of length 27 found: [0, 8, 16, 24, 32, 33, 34, 26, 18, 10, 11, 12, 13, 5, 6, 7, 15, 23, 22, 30, 29, 28, 36, 44, 45, 46, 47, 55]
[00:00:00:00:734] ! Bidirectional. expansions: 29, time: 343 [ms], path length: 27 [edges], g_F: 14, g_B: 13, generated: 0, MM: 1, MMPER: 2.5714285714285716%
[00:00:00:00:734] 
---------- SM_Grids/7x8_grid_with_random_blocks_20per_8 ----------
[00:00:00:00:481] Path of length 27 found: [0, 1, 2, 10, 18, 17, 16, 24, 32, 33, 34, 35, 27, 28, 20, 12, 4, 5, 6, 14, 22, 30, 38, 37, 45, 53, 54, 55]
[00:00:00:00:481] ! Unidirectional s-t. expansions: 32, time: 481 [ms], path length: 27 [edges], generated: 554
[00:00:00:00:421] Path of length 27 found: [55, 54, 53, 45, 37, 38, 30, 22, 14, 6, 5, 4, 12, 20, 28, 27, 35, 34, 33, 32, 24, 16, 17, 18, 10, 2, 1, 0]
[00:00:00:00:421] ! Unidirectional t-s. expansions: 22, time: 421 [ms], path length: 27 [edges], generated: 391
[00:00:00:00:418] Path of length 27 found: [0, 1, 2, 10, 18, 17, 16, 24, 32, 33, 34, 35, 27, 28, 20, 12, 4, 5, 6, 14, 22, 30, 38, 37, 45, 53, 54, 55]
[00:00:00:00:810] ! Bidirectional. expansions: 33, time: 418 [ms], path length: 27 [edges], g_F: 14, g_B: 13, generated: 0, MM: 1, MMPER: 2.5714285714285716%
[00:00:00:00:810] 
---------- SM_Grids/7x8_grid_with_random_blocks_20per_9 ----------
[00:00:00:00:213] Path of length 19 found: [0, 1, 2, 3, 4, 12, 20, 19, 18, 17, 25, 33, 34, 35, 36, 44, 45, 46, 54, 55]
[00:00:00:00:213] ! Unidirectional s-t. expansions: 11, time: 213 [ms], path length: 19 [edges], generated: 209
[00:00:00:00:560] Path of length 19 found: [55, 47, 39, 38, 37, 36, 35, 34, 33, 25, 17, 18, 19, 20, 12, 4, 3, 2, 1, 0]
[00:00:00:00:560] ! Unidirectional t-s. expansions: 33, time: 560 [ms], path length: 19 [edges], generated: 616
[00:00:00:00:400] Path of length 19 found: [0, 1, 2, 3, 4, 12, 20, 19, 18, 17, 25, 33, 34, 35, 36, 37, 38, 39, 47, 55]
[00:00:00:00:784] ! Bidirectional. expansions: 45, time: 400 [ms], path length: 19 [edges], g_F: 10, g_B: 9, generated: 0, MM: 1, MMPER: 4.0%

[00:00:00:00:784] average expansions: (94, 46, 45, 0)
[00:00:00:00:784] average time: (632, 530, 472, 0)
[00:00:00:00:785] XA*: 46 , 530 (expansions , time[ms])
[00:00:00:00:785] BiXA*: 45 , 472 (expansions , time[ms])

