------------------------------------
Thu 01 Oct 2026 12:44:48 IDT
SLURM_JOBID:		21944727
SLURM_JOB_NODELIST:	ise-cpu256-01
SLURM_SCRATCH_DIR:	/scratch/shubit/21944727
Allocated Resouces:	cpu - 2 / mem - 61440 MB / gpu - 
SLURM_GPU_INDEX:	
Running as shubit from shimony account with normal QOS
------------------------------------
Thu 01 Oct 2026 12:44:53 IDT

SLURM_JOBID:		 21944727
SLURM_JOB_NODELIST:	 ise-cpu256-01 

--------------------------
date: SM_Grids
number_of_graphs: 10
graph_type: grid
size_of_graphs: [7, 9]
heuristic: bcc_heuristic
snake: True
run_uni: True
run_bi: True
run_multi: False
solution_vertices: []
algorithms: ['IDA']
lookahead: 3
bsd: False
cube_first_dims: 4
cube_buffer_dim: None
backward_sym_generation: False
sym_coil: False
prefix_set: None

---------- SM_Grids/7x9_grid_with_random_blocks_12per_0 ----------
[00:00:00:22:549] Path of length 32 found: [0, 9, 18, 19, 20, 11, 2, 3, 4, 13, 14, 15, 16, 25, 26, 35, 44, 43, 42, 33, 32, 31, 30, 39, 38, 47, 56, 57, 58, 59, 60, 61, 62]
[00:00:00:22:549] ! Unidirectional s-t. expansions: 1,497, time: 22,549 [ms], path length: 32 [edges], generated: 17,008
[00:00:00:31:442] Path of length 32 found: [62, 53, 44, 43, 42, 51, 60, 59, 58, 57, 56, 47, 38, 39, 30, 31, 32, 23, 24, 25, 16, 7, 6, 5, 4, 3, 2, 11, 20, 19, 18, 9, 0]
[00:00:00:31:442] ! Unidirectional t-s. expansions: 2,946, time: 31,442 [ms], path length: 32 [edges], generated: 27,282
[00:00:00:57:854] Path of length 32 found: [0, 9, 18, 19, 20, 11, 12, 3, 4, 5, 6, 7, 16, 25, 24, 23, 22, 31, 30, 39, 38, 47, 56, 57, 58, 59, 50, 51, 42, 43, 44, 53, 62]
[00:00:00:58:363] ! Bidirectional. expansions: 2,544, time: 57,854 [ms], path length: 32 [edges], g_F: 19, g_B: 13, generated: 0, MM: 6, MMPER: 17.181818181818183%
[00:00:00:58:363] 
---------- SM_Grids/7x9_grid_with_random_blocks_12per_1 ----------
[00:00:00:10:111] Path of length 32 found: [0, 9, 18, 19, 20, 11, 12, 13, 14, 5, 6, 7, 16, 25, 26, 35, 44, 43, 42, 41, 32, 31, 30, 39, 38, 47, 56, 57, 58, 59, 60, 61, 62]
[00:00:00:10:112] ! Unidirectional s-t. expansions: 690, time: 10,111 [ms], path length: 32 [edges], generated: 7,215
[00:00:00:22:860] Path of length 32 found: [62, 61, 60, 59, 58, 57, 56, 47, 38, 39, 30, 31, 32, 41, 42, 43, 44, 35, 26, 17, 16, 7, 6, 5, 14, 13, 12, 11, 20, 19, 18, 9, 0]
[00:00:00:22:860] ! Unidirectional t-s. expansions: 1,617, time: 22,860 [ms], path length: 32 [edges], generated: 17,485
[00:00:00:45:001] Path of length 32 found: [0, 9, 18, 19, 20, 11, 12, 13, 14, 5, 6, 7, 16, 25, 26, 35, 44, 43, 42, 41, 32, 31, 30, 39, 38, 47, 56, 57, 58, 59, 60, 61, 62]
[00:00:00:45:477] ! Bidirectional. expansions: 1,413, time: 45,001 [ms], path length: 32 [edges], g_F: 14, g_B: 18, generated: 0, MM: 4, MMPER: 11.121212121212121%
[00:00:00:45:477] 
---------- SM_Grids/7x9_grid_with_random_blocks_12per_2 ----------
[00:00:00:32:112] Path of length 32 found: [0, 9, 18, 19, 28, 37, 36, 45, 54, 55, 56, 47, 48, 49, 50, 41, 32, 31, 30, 21, 12, 3, 4, 5, 14, 15, 24, 25, 34, 43, 52, 61, 62]
[00:00:00:32:113] ! Unidirectional s-t. expansions: 2,587, time: 32,112 [ms], path length: 32 [edges], generated: 25,209
[00:00:00:48:577] Path of length 32 found: [62, 53, 44, 43, 34, 25, 16, 7, 6, 5, 14, 23, 32, 41, 50, 49, 48, 47, 56, 55, 54, 45, 36, 37, 28, 29, 30, 21, 12, 3, 2, 1, 0]
[00:00:00:48:577] ! Unidirectional t-s. expansions: 4,120, time: 48,577 [ms], path length: 32 [edges], generated: 42,530
[00:00:02:10:822] Path of length 32 found: [0, 1, 2, 3, 12, 21, 20, 19, 18, 27, 36, 45, 54, 55, 56, 47, 38, 39, 40, 31, 32, 23, 14, 5, 6, 7, 16, 25, 34, 43, 44, 53, 62]
[00:00:02:11:275] ! Bidirectional. expansions: 6,680, time: 130,822 [ms], path length: 32 [edges], g_F: 19, g_B: 13, generated: 0, MM: 6, MMPER: 17.181818181818183%
[00:00:02:11:275] 
---------- SM_Grids/7x9_grid_with_random_blocks_12per_3 ----------
[00:00:00:14:360] Path of length 36 found: [0, 9, 10, 11, 2, 3, 4, 5, 6, 7, 8, 17, 26, 35, 44, 43, 42, 33, 24, 23, 22, 21, 30, 29, 28, 27, 36, 45, 46, 47, 48, 49, 58, 59, 60, 61, 62]
[00:00:00:14:360] ! Unidirectional s-t. expansions: 1,008, time: 14,360 [ms], path length: 36 [edges], generated: 10,261
[00:00:00:10:948] Path of length 36 found: [62, 61, 60, 59, 50, 49, 40, 39, 38, 47, 46, 45, 36, 27, 28, 19, 20, 21, 22, 23, 32, 33, 42, 43, 44, 35, 26, 17, 8, 7, 6, 5, 4, 3, 2, 1, 0]
[00:00:00:10:948] ! Unidirectional t-s. expansions: 717, time: 10,948 [ms], path length: 36 [edges], generated: 7,737
[00:00:00:33:136] Path of length 36 found: [0, 9, 10, 11, 2, 3, 4, 5, 6, 7, 8, 17, 26, 35, 44, 43, 42, 33, 32, 23, 22, 21, 30, 29, 28, 27, 36, 45, 46, 47, 48, 49, 50, 59, 60, 61, 62]
[00:00:00:33:612] ! Bidirectional. expansions: 949, time: 33,137 [ms], path length: 36 [edges], g_F: 18, g_B: 18, generated: 0, MM: 0, MMPER: -1.0%
[00:00:00:33:613] 
---------- SM_Grids/7x9_grid_with_random_blocks_12per_4 ----------
[00:00:00:07:782] Path of length 36 found: [0, 1, 10, 11, 12, 13, 4, 5, 6, 7, 8, 17, 26, 25, 24, 23, 32, 41, 40, 39, 30, 29, 28, 27, 36, 45, 46, 47, 56, 57, 58, 59, 60, 51, 52, 53, 62]
[00:00:00:07:782] ! Unidirectional s-t. expansions: 649, time: 7,782 [ms], path length: 36 [edges], generated: 5,941
[00:00:00:09:678] Path of length 36 found: [62, 53, 52, 51, 60, 59, 58, 57, 56, 47, 46, 45, 36, 27, 28, 29, 30, 39, 40, 41, 32, 33, 34, 25, 26, 17, 8, 7, 6, 5, 4, 13, 12, 11, 2, 1, 0]
[00:00:00:09:678] ! Unidirectional t-s. expansions: 597, time: 9,678 [ms], path length: 36 [edges], generated: 6,327
[00:00:00:18:812] Path of length 36 found: [0, 1, 10, 11, 12, 13, 4, 5, 6, 7, 8, 17, 26, 25, 24, 23, 32, 41, 40, 39, 30, 29, 28, 27, 36, 45, 46, 47, 56, 57, 58, 59, 60, 51, 52, 53, 62]
[00:00:00:19:270] ! Bidirectional. expansions: 715, time: 18,812 [ms], path length: 36 [edges], g_F: 22, g_B: 14, generated: 0, MM: 8, MMPER: 20.62162162162162%
[00:00:00:19:270] 
---------- SM_Grids/7x9_grid_with_random_blocks_12per_5 ----------
[00:00:00:06:317] Path of length 30 found: [0, 1, 10, 19, 28, 29, 38, 39, 48, 49, 50, 41, 32, 31, 22, 21, 12, 3, 4, 5, 14, 15, 24, 25, 26, 35, 44, 43, 52, 61, 62]
[00:00:00:06:318] ! Unidirectional s-t. expansions: 346, time: 6,317 [ms], path length: 30 [edges], generated: 4,431
[00:00:00:24:988] Path of length 30 found: [62, 53, 44, 35, 26, 17, 16, 15, 6, 5, 4, 3, 12, 21, 22, 31, 32, 33, 42, 51, 50, 49, 48, 39, 38, 29, 28, 19, 10, 1, 0]
[00:00:00:24:989] ! Unidirectional t-s. expansions: 1,496, time: 24,989 [ms], path length: 30 [edges], generated: 18,157
[00:00:00:25:825] Path of length 30 found: [0, 1, 10, 19, 28, 29, 38, 39, 48, 49, 50, 41, 32, 23, 22, 21, 12, 3, 4, 5, 6, 15, 16, 17, 26, 35, 44, 43, 52, 61, 62]
[00:00:00:26:261] ! Bidirectional. expansions: 710, time: 25,825 [ms], path length: 30 [edges], g_F: 16, g_B: 14, generated: 0, MM: 2, MMPER: 5.451612903225806%
[00:00:00:26:261] 
---------- SM_Grids/7x9_grid_with_random_blocks_12per_6 ----------
[00:00:00:15:367] Path of length 36 found: [0, 9, 18, 19, 20, 11, 12, 3, 4, 5, 6, 7, 16, 25, 24, 23, 22, 31, 40, 39, 38, 37, 36, 45, 54, 55, 56, 57, 58, 59, 50, 51, 42, 43, 44, 53, 62]
[00:00:00:15:367] ! Unidirectional s-t. expansions: 1,125, time: 15,367 [ms], path length: 36 [edges], generated: 11,008
[00:00:00:11:151] Path of length 36 found: [62, 53, 44, 35, 26, 17, 16, 15, 24, 33, 42, 51, 60, 59, 58, 57, 56, 55, 54, 45, 36, 37, 38, 39, 40, 31, 22, 13, 4, 3, 2, 11, 20, 19, 18, 9, 0]
[00:00:00:11:152] ! Unidirectional t-s. expansions: 924, time: 11,151 [ms], path length: 36 [edges], generated: 8,259
[00:00:00:37:777] Path of length 36 found: [0, 9, 18, 19, 20, 11, 2, 3, 4, 13, 22, 31, 40, 39, 38, 37, 36, 45, 54, 55, 56, 57, 58, 59, 50, 51, 42, 33, 24, 15, 16, 17, 26, 35, 44, 53, 62]
[00:00:00:38:224] ! Bidirectional. expansions: 1,584, time: 37,777 [ms], path length: 36 [edges], g_F: 21, g_B: 15, generated: 0, MM: 6, MMPER: 15.216216216216218%
[00:00:00:38:224] 
---------- SM_Grids/7x9_grid_with_random_blocks_12per_7 ----------
[00:00:00:19:828] Path of length 34 found: [0, 9, 18, 19, 28, 37, 36, 45, 54, 55, 56, 57, 58, 59, 60, 51, 42, 41, 32, 31, 22, 21, 12, 3, 4, 5, 14, 15, 24, 25, 34, 35, 44, 53, 62]
[00:00:00:19:828] ! Unidirectional s-t. expansions: 1,465, time: 19,828 [ms], path length: 34 [edges], generated: 15,994
[00:00:00:10:184] Path of length 34 found: [62, 53, 44, 35, 34, 25, 24, 15, 14, 5, 4, 3, 12, 21, 22, 31, 32, 41, 42, 51, 60, 59, 58, 57, 56, 55, 54, 45, 36, 37, 28, 19, 10, 1, 0]
[00:00:00:10:184] ! Unidirectional t-s. expansions: 813, time: 10,184 [ms], path length: 34 [edges], generated: 7,620
[00:00:00:34:810] Path of length 34 found: [0, 9, 10, 19, 28, 27, 36, 45, 54, 55, 56, 57, 58, 59, 60, 51, 42, 41, 32, 31, 22, 21, 12, 3, 4, 5, 14, 15, 24, 25, 34, 35, 44, 53, 62]
[00:00:00:35:260] ! Bidirectional. expansions: 1,434, time: 34,810 [ms], path length: 34 [edges], g_F: 21, g_B: 13, generated: 0, MM: 8, MMPER: 21.857142857142858%
[00:00:00:35:260] 
---------- SM_Grids/7x9_grid_with_random_blocks_12per_8 ----------
[00:00:00:22:590] Path of length 32 found: [0, 1, 2, 3, 4, 13, 22, 21, 20, 19, 18, 27, 36, 37, 38, 39, 40, 41, 32, 33, 24, 15, 6, 7, 8, 17, 26, 35, 44, 43, 52, 61, 62]
[00:00:00:22:590] ! Unidirectional s-t. expansions: 1,388, time: 22,590 [ms], path length: 32 [edges], generated: 17,188
[00:00:00:24:399] Path of length 32 found: [62, 61, 60, 51, 42, 43, 44, 35, 26, 17, 8, 7, 6, 15, 24, 23, 32, 31, 40, 39, 38, 37, 36, 27, 18, 19, 20, 21, 12, 3, 2, 1, 0]
[00:00:00:24:400] ! Unidirectional t-s. expansions: 1,444, time: 24,399 [ms], path length: 32 [edges], generated: 16,637
[00:00:01:02:384] Path of length 32 found: [0, 9, 18, 27, 36, 37, 38, 29, 20, 11, 2, 3, 4, 5, 6, 7, 16, 17, 26, 35, 34, 33, 24, 23, 22, 31, 40, 49, 50, 51, 60, 61, 62]
[00:00:01:02:842] ! Bidirectional. expansions: 2,297, time: 62,384 [ms], path length: 32 [edges], g_F: 19, g_B: 13, generated: 0, MM: 6, MMPER: 17.181818181818183%
[00:00:01:02:842] 
---------- SM_Grids/7x9_grid_with_random_blocks_12per_9 ----------
[00:00:00:16:919] Path of length 36 found: [0, 9, 18, 19, 28, 37, 36, 45, 54, 55, 56, 47, 48, 49, 58, 59, 60, 51, 42, 41, 32, 23, 22, 21, 12, 3, 4, 5, 6, 15, 16, 25, 34, 35, 44, 53, 62]
[00:00:00:16:919] ! Unidirectional s-t. expansions: 1,299, time: 16,919 [ms], path length: 36 [edges], generated: 13,764
[00:00:00:11:434] Path of length 36 found: [62, 53, 44, 35, 26, 17, 16, 7, 6, 5, 4, 3, 12, 21, 22, 23, 32, 33, 42, 51, 60, 59, 58, 49, 48, 47, 56, 55, 54, 45, 36, 27, 18, 19, 10, 1, 0]
[00:00:00:11:435] ! Unidirectional t-s. expansions: 1,043, time: 11,434 [ms], path length: 36 [edges], generated: 8,729
[00:00:00:50:067] Path of length 36 found: [0, 1, 10, 19, 18, 27, 36, 45, 54, 55, 56, 47, 48, 49, 58, 59, 60, 51, 42, 41, 32, 23, 22, 21, 12, 3, 4, 5, 6, 7, 16, 17, 26, 35, 44, 53, 62]
[00:00:00:50:546] ! Bidirectional. expansions: 3,264, time: 50,067 [ms], path length: 36 [edges], g_F: 17, g_B: 19, generated: 0, MM: 2, MMPER: 4.405405405405405%

[00:00:00:50:547] average expansions: (1,205, 1,572, 2,159, 0)
[00:00:00:50:547] average time: (16,794, 20,566, 49,649, 0)
[00:00:00:50:547] XIDA: 1,205 , 16,794 (expansions , time[ms])
[00:00:00:50:547] BiXIDA: 2,159 , 49,649 (expansions , time[ms])

