------------------------------------
Thu 01 Oct 2026 11:13:28 IDT
SLURM_JOBID:		21943000
SLURM_JOB_NODELIST:	ise-cpu256-12
SLURM_SCRATCH_DIR:	/scratch/shubit/21943000
Allocated Resouces:	cpu - 2 / mem - 61440 MB / gpu - 
SLURM_GPU_INDEX:	
Running as shubit from shimony account with normal QOS
------------------------------------
Thu 01 Oct 2026 11:13:28 IDT

SLURM_JOBID:		 21943000
SLURM_JOB_NODELIST:	 ise-cpu256-12 

--------------------------
date: SM_Grids
number_of_graphs: 10
graph_type: grid
size_of_graphs: [7, 9]
heuristic: bcc_heuristic
snake: True
run_uni: True
run_bi: True
run_multi: False
solution_vertices: []
algorithms: ['A']
lookahead: -1
bsd: False
cube_first_dims: 4
cube_buffer_dim: None
backward_sym_generation: False
sym_coil: False
prefix_set: None

---------- SM_Grids/7x9_grid_with_random_blocks_12per_0 ----------
[00:00:00:09:663] Path of length 32 found: [0, 9, 18, 19, 20, 11, 2, 3, 4, 5, 6, 15, 16, 25, 26, 35, 44, 43, 42, 33, 32, 31, 30, 39, 38, 47, 56, 57, 58, 59, 60, 61, 62]
[00:00:00:09:663] ! Unidirectional s-t. expansions: 2,100, time: 9,663 [ms], path length: 32 [edges], generated: 3,806
[00:00:00:11:480] Path of length 32 found: [62, 61, 60, 59, 58, 57, 56, 47, 38, 39, 30, 31, 32, 41, 42, 43, 44, 35, 26, 25, 16, 7, 6, 5, 4, 13, 12, 11, 20, 19, 18, 9, 0]
[00:00:00:11:481] ! Unidirectional t-s. expansions: 3,032, time: 11,480 [ms], path length: 32 [edges], generated: 4,933
[00:00:00:09:646] Path of length 32 found: [0, 9, 18, 19, 20, 11, 2, 3, 4, 5, 6, 7, 16, 25, 26, 35, 44, 43, 42, 41, 32, 31, 30, 39, 38, 47, 56, 57, 58, 59, 60, 61, 62]
[00:00:00:10:129] ! Bidirectional. expansions: 2,494, time: 9,646 [ms], path length: 32 [edges], g_F: 17, g_B: 15, generated: 0, MM: 2, MMPER: 5.0606060606060606%
[00:00:00:10:130] 
---------- SM_Grids/7x9_grid_with_random_blocks_12per_1 ----------
[00:00:00:05:162] Path of length 32 found: [0, 9, 18, 19, 20, 11, 12, 13, 14, 5, 6, 7, 16, 17, 26, 35, 34, 43, 42, 41, 32, 31, 30, 39, 38, 47, 56, 57, 58, 59, 60, 61, 62]
[00:00:00:05:163] ! Unidirectional s-t. expansions: 1,087, time: 5,162 [ms], path length: 32 [edges], generated: 1,882
[00:00:00:08:678] Path of length 32 found: [62, 61, 60, 59, 58, 57, 56, 47, 38, 39, 30, 31, 32, 41, 42, 43, 44, 35, 26, 17, 16, 7, 6, 5, 14, 13, 12, 11, 20, 19, 18, 9, 0]
[00:00:00:08:679] ! Unidirectional t-s. expansions: 2,088, time: 8,678 [ms], path length: 32 [edges], generated: 3,544
[00:00:00:06:089] Path of length 32 found: [0, 9, 18, 19, 20, 11, 12, 13, 14, 5, 6, 7, 16, 25, 26, 35, 44, 43, 42, 41, 32, 31, 30, 39, 38, 47, 56, 57, 58, 59, 60, 61, 62]
[00:00:00:06:523] ! Bidirectional. expansions: 1,297, time: 6,089 [ms], path length: 32 [edges], g_F: 17, g_B: 15, generated: 0, MM: 2, MMPER: 5.0606060606060606%
[00:00:00:06:523] 
---------- SM_Grids/7x9_grid_with_random_blocks_12per_2 ----------
[00:00:00:10:160] Path of length 32 found: [0, 9, 18, 27, 36, 45, 54, 55, 56, 47, 48, 49, 50, 41, 32, 31, 30, 29, 20, 11, 2, 3, 4, 13, 14, 15, 24, 25, 34, 43, 52, 61, 62]
[00:00:00:10:160] ! Unidirectional s-t. expansions: 2,202, time: 10,160 [ms], path length: 32 [edges], generated: 4,010
[00:00:00:19:519] Path of length 32 found: [62, 53, 44, 43, 34, 25, 16, 7, 6, 5, 14, 23, 32, 41, 50, 49, 48, 47, 56, 55, 54, 45, 36, 37, 28, 29, 20, 21, 12, 3, 2, 1, 0]
[00:00:00:19:519] ! Unidirectional t-s. expansions: 4,867, time: 19,519 [ms], path length: 32 [edges], generated: 8,684
[00:00:00:21:554] Path of length 32 found: [0, 1, 2, 3, 12, 21, 20, 19, 18, 27, 36, 45, 54, 55, 56, 47, 48, 49, 50, 41, 32, 23, 14, 5, 6, 7, 16, 25, 34, 43, 44, 53, 62]
[00:00:00:21:976] ! Bidirectional. expansions: 7,180, time: 21,554 [ms], path length: 32 [edges], g_F: 17, g_B: 15, generated: 0, MM: 2, MMPER: 5.0606060606060606%
[00:00:00:21:977] 
---------- SM_Grids/7x9_grid_with_random_blocks_12per_3 ----------
[00:00:00:06:418] Path of length 36 found: [0, 9, 10, 11, 2, 3, 4, 5, 6, 7, 8, 17, 26, 35, 44, 43, 42, 33, 24, 23, 22, 21, 30, 29, 28, 27, 36, 45, 46, 47, 48, 49, 58, 59, 60, 61, 62]
[00:00:00:06:418] ! Unidirectional s-t. expansions: 1,391, time: 6,418 [ms], path length: 36 [edges], generated: 2,340
[00:00:00:04:920] Path of length 36 found: [62, 61, 60, 59, 50, 49, 40, 39, 38, 47, 46, 45, 36, 27, 28, 19, 20, 21, 22, 23, 32, 33, 42, 43, 44, 35, 26, 17, 8, 7, 6, 5, 4, 3, 2, 1, 0]
[00:00:00:04:920] ! Unidirectional t-s. expansions: 1,094, time: 4,920 [ms], path length: 36 [edges], generated: 1,913
[00:00:00:04:876] Path of length 36 found: [0, 9, 10, 11, 2, 3, 4, 5, 6, 7, 8, 17, 26, 35, 44, 43, 42, 33, 24, 23, 22, 21, 30, 29, 28, 27, 36, 45, 46, 47, 48, 49, 58, 59, 60, 61, 62]
[00:00:00:05:294] ! Bidirectional. expansions: 1,081, time: 4,876 [ms], path length: 36 [edges], g_F: 19, g_B: 17, generated: 0, MM: 2, MMPER: 4.405405405405405%
[00:00:00:05:294] 
---------- SM_Grids/7x9_grid_with_random_blocks_12per_4 ----------
[00:00:00:04:007] Path of length 36 found: [0, 1, 10, 11, 12, 13, 4, 5, 6, 7, 8, 17, 26, 25, 24, 23, 32, 41, 40, 39, 30, 29, 28, 27, 36, 45, 46, 47, 56, 57, 58, 59, 60, 51, 52, 53, 62]
[00:00:00:04:007] ! Unidirectional s-t. expansions: 926, time: 4,007 [ms], path length: 36 [edges], generated: 1,527
[00:00:00:03:631] Path of length 36 found: [62, 53, 52, 51, 60, 59, 58, 57, 56, 47, 46, 45, 36, 27, 28, 29, 30, 39, 40, 41, 32, 33, 34, 25, 26, 17, 8, 7, 6, 5, 4, 13, 12, 11, 2, 1, 0]
[00:00:00:03:632] ! Unidirectional t-s. expansions: 735, time: 3,631 [ms], path length: 36 [edges], generated: 1,266
[00:00:00:03:093] Path of length 36 found: [0, 1, 10, 11, 12, 13, 4, 5, 6, 7, 8, 17, 26, 25, 24, 23, 32, 41, 40, 39, 30, 29, 28, 27, 36, 45, 46, 47, 56, 57, 58, 59, 60, 51, 52, 53, 62]
[00:00:00:03:517] ! Bidirectional. expansions: 694, time: 3,093 [ms], path length: 36 [edges], g_F: 19, g_B: 17, generated: 0, MM: 2, MMPER: 4.405405405405405%
[00:00:00:03:518] 
---------- SM_Grids/7x9_grid_with_random_blocks_12per_5 ----------
[00:00:00:02:166] Path of length 30 found: [0, 1, 10, 19, 28, 29, 38, 39, 48, 49, 50, 41, 32, 31, 22, 21, 12, 3, 4, 5, 14, 15, 24, 25, 26, 35, 44, 43, 52, 61, 62]
[00:00:00:02:166] ! Unidirectional s-t. expansions: 398, time: 2,166 [ms], path length: 30 [edges], generated: 776
[00:00:00:08:433] Path of length 30 found: [62, 61, 52, 43, 44, 35, 26, 17, 16, 15, 6, 5, 4, 3, 12, 21, 22, 31, 32, 41, 50, 49, 48, 39, 38, 29, 28, 19, 10, 1, 0]
[00:00:00:08:434] ! Unidirectional t-s. expansions: 1,790, time: 8,433 [ms], path length: 30 [edges], generated: 3,256
[00:00:00:03:335] Path of length 30 found: [0, 1, 10, 19, 28, 29, 38, 39, 48, 49, 50, 41, 32, 23, 22, 21, 12, 3, 4, 5, 6, 15, 16, 17, 26, 35, 44, 43, 52, 61, 62]
[00:00:00:03:754] ! Bidirectional. expansions: 670, time: 3,336 [ms], path length: 30 [edges], g_F: 16, g_B: 14, generated: 0, MM: 2, MMPER: 5.451612903225806%
[00:00:00:03:754] 
---------- SM_Grids/7x9_grid_with_random_blocks_12per_6 ----------
[00:00:00:05:993] Path of length 36 found: [0, 9, 18, 19, 20, 11, 2, 3, 4, 13, 22, 31, 40, 39, 38, 37, 36, 45, 54, 55, 56, 57, 58, 59, 50, 51, 42, 33, 24, 15, 16, 17, 26, 35, 44, 53, 62]
[00:00:00:05:993] ! Unidirectional s-t. expansions: 1,293, time: 5,993 [ms], path length: 36 [edges], generated: 2,185
[00:00:00:05:005] Path of length 36 found: [62, 53, 44, 43, 42, 51, 50, 59, 58, 57, 56, 55, 54, 45, 36, 37, 38, 39, 40, 31, 22, 23, 24, 25, 16, 7, 6, 5, 4, 3, 2, 11, 20, 19, 18, 9, 0]
[00:00:00:05:006] ! Unidirectional t-s. expansions: 1,122, time: 5,005 [ms], path length: 36 [edges], generated: 1,862
[00:00:00:06:434] Path of length 36 found: [0, 9, 18, 19, 20, 11, 2, 3, 4, 5, 6, 7, 16, 25, 24, 23, 22, 31, 40, 39, 38, 37, 36, 45, 54, 55, 56, 57, 58, 59, 50, 51, 42, 43, 44, 53, 62]
[00:00:00:06:855] ! Bidirectional. expansions: 1,771, time: 6,434 [ms], path length: 36 [edges], g_F: 19, g_B: 17, generated: 0, MM: 2, MMPER: 4.405405405405405%
[00:00:00:06:855] 
---------- SM_Grids/7x9_grid_with_random_blocks_12per_7 ----------
[00:00:00:08:635] Path of length 34 found: [0, 9, 18, 19, 28, 37, 36, 45, 54, 55, 56, 57, 58, 59, 60, 51, 42, 41, 32, 31, 22, 21, 12, 3, 4, 5, 14, 15, 24, 25, 34, 35, 44, 53, 62]
[00:00:00:08:635] ! Unidirectional s-t. expansions: 2,132, time: 8,635 [ms], path length: 34 [edges], generated: 3,745
[00:00:00:04:866] Path of length 34 found: [62, 53, 44, 35, 34, 25, 24, 15, 14, 5, 4, 3, 12, 21, 22, 31, 32, 41, 42, 51, 60, 59, 58, 49, 48, 39, 38, 37, 36, 27, 18, 19, 10, 1, 0]
[00:00:00:04:866] ! Unidirectional t-s. expansions: 1,050, time: 4,866 [ms], path length: 34 [edges], generated: 1,723
[00:00:00:06:983] Path of length 34 found: [0, 1, 10, 19, 18, 27, 36, 45, 54, 55, 56, 57, 58, 59, 60, 51, 42, 41, 40, 39, 30, 21, 12, 3, 4, 5, 14, 15, 24, 25, 34, 35, 44, 53, 62]
[00:00:00:07:401] ! Bidirectional. expansions: 1,775, time: 6,983 [ms], path length: 34 [edges], g_F: 18, g_B: 16, generated: 0, MM: 2, MMPER: 4.714285714285714%
[00:00:00:07:401] 
---------- SM_Grids/7x9_grid_with_random_blocks_12per_8 ----------
[00:00:00:08:936] Path of length 32 found: [0, 1, 2, 3, 4, 13, 22, 21, 20, 19, 18, 27, 36, 37, 38, 39, 40, 41, 32, 33, 24, 15, 6, 7, 8, 17, 26, 35, 44, 43, 52, 61, 62]
[00:00:00:08:936] ! Unidirectional s-t. expansions: 1,878, time: 8,936 [ms], path length: 32 [edges], generated: 3,575
[00:00:00:10:191] Path of length 32 found: [62, 61, 60, 51, 42, 43, 44, 35, 26, 17, 8, 7, 6, 15, 24, 23, 32, 31, 40, 39, 38, 37, 36, 27, 18, 19, 20, 21, 12, 3, 2, 1, 0]
[00:00:00:10:192] ! Unidirectional t-s. expansions: 2,207, time: 10,191 [ms], path length: 32 [edges], generated: 3,861
[00:00:00:10:492] Path of length 32 found: [0, 1, 2, 3, 4, 13, 22, 21, 20, 19, 18, 27, 36, 37, 38, 39, 40, 41, 32, 33, 24, 15, 6, 7, 8, 17, 26, 35, 44, 43, 52, 61, 62]
[00:00:00:10:912] ! Bidirectional. expansions: 2,507, time: 10,493 [ms], path length: 32 [edges], g_F: 17, g_B: 15, generated: 0, MM: 2, MMPER: 5.0606060606060606%
[00:00:00:10:912] 
---------- SM_Grids/7x9_grid_with_random_blocks_12per_9 ----------
[00:00:00:07:343] Path of length 36 found: [0, 9, 18, 19, 28, 37, 36, 45, 54, 55, 56, 47, 48, 49, 58, 59, 60, 51, 42, 41, 32, 31, 30, 21, 12, 3, 4, 5, 6, 15, 16, 25, 34, 35, 44, 53, 62]
[00:00:00:07:344] ! Unidirectional s-t. expansions: 1,698, time: 7,343 [ms], path length: 36 [edges], generated: 2,999
[00:00:00:06:524] Path of length 36 found: [62, 53, 44, 35, 26, 17, 16, 7, 6, 5, 4, 3, 12, 21, 22, 23, 32, 33, 42, 51, 60, 59, 58, 49, 48, 47, 56, 55, 54, 45, 36, 27, 18, 19, 10, 1, 0]
[00:00:00:06:525] ! Unidirectional t-s. expansions: 1,533, time: 6,524 [ms], path length: 36 [edges], generated: 2,534
[00:00:00:08:661] Path of length 36 found: [0, 9, 18, 19, 28, 37, 36, 45, 54, 55, 56, 47, 48, 49, 58, 59, 60, 51, 42, 41, 32, 31, 30, 21, 12, 3, 4, 5, 6, 7, 16, 17, 26, 35, 44, 53, 62]
[00:00:00:09:081] ! Bidirectional. expansions: 2,637, time: 8,661 [ms], path length: 36 [edges], g_F: 19, g_B: 17, generated: 0, MM: 2, MMPER: 4.405405405405405%

[00:00:00:09:081] average expansions: (1,510, 1,952, 2,211, 0)
[00:00:00:09:081] average time: (6,848, 8,325, 8,116, 0)
[00:00:00:09:081] XA*: 1,510 , 6,848 (expansions , time[ms])
[00:00:00:09:081] BiXA*: 2,211 , 8,116 (expansions , time[ms])

