------------------------------------
Thu 01 Oct 2026 12:44:47 IDT
SLURM_JOBID:		21944725
SLURM_JOB_NODELIST:	ise-cpu256-04
SLURM_SCRATCH_DIR:	/scratch/shubit/21944725
Allocated Resouces:	cpu - 2 / mem - 61440 MB / gpu - 
SLURM_GPU_INDEX:	
Running as shubit from shimony account with normal QOS
------------------------------------
Thu 01 Oct 2026 12:44:48 IDT

SLURM_JOBID:		 21944725
SLURM_JOB_NODELIST:	 ise-cpu256-04 

--------------------------
date: SM_Grids
number_of_graphs: 10
graph_type: grid
size_of_graphs: [7, 9]
heuristic: bcc_heuristic
snake: True
run_uni: True
run_bi: True
run_multi: False
solution_vertices: []
algorithms: ['IDA']
lookahead: 1
bsd: False
cube_first_dims: 4
cube_buffer_dim: None
backward_sym_generation: False
sym_coil: False
prefix_set: None

---------- SM_Grids/7x9_grid_with_random_blocks_12per_0 ----------
[00:00:00:25:519] Path of length 32 found: [0, 9, 18, 19, 20, 11, 2, 3, 4, 13, 14, 15, 16, 25, 26, 35, 44, 43, 42, 33, 32, 31, 30, 39, 38, 47, 56, 57, 58, 59, 60, 61, 62]
[00:00:00:25:519] ! Unidirectional s-t. expansions: 5,463, time: 25,519 [ms], path length: 32 [edges], generated: 9,989
[00:00:00:28:407] Path of length 32 found: [62, 61, 60, 59, 58, 57, 56, 47, 38, 39, 30, 31, 32, 41, 42, 43, 44, 35, 26, 25, 16, 7, 6, 5, 14, 13, 12, 11, 20, 19, 18, 9, 0]
[00:00:00:28:407] ! Unidirectional t-s. expansions: 7,413, time: 28,407 [ms], path length: 32 [edges], generated: 12,330
[00:00:01:21:805] Path of length 32 found: [0, 9, 18, 19, 20, 11, 2, 3, 4, 13, 14, 15, 24, 25, 26, 35, 44, 43, 42, 41, 32, 31, 30, 39, 38, 47, 56, 57, 58, 59, 60, 61, 62]
[00:00:01:22:288] ! Bidirectional. expansions: 9,446, time: 81,805 [ms], path length: 32 [edges], g_F: 13, g_B: 19, generated: 0, MM: 6, MMPER: 17.181818181818183%
[00:00:01:22:289] 
---------- SM_Grids/7x9_grid_with_random_blocks_12per_1 ----------
[00:00:00:09:697] Path of length 32 found: [0, 9, 18, 19, 20, 11, 12, 13, 14, 5, 6, 7, 16, 17, 26, 35, 34, 43, 42, 41, 32, 31, 30, 39, 38, 47, 56, 57, 58, 59, 60, 61, 62]
[00:00:00:09:697] ! Unidirectional s-t. expansions: 1,978, time: 9,697 [ms], path length: 32 [edges], generated: 3,564
[00:00:00:30:076] Path of length 32 found: [62, 61, 60, 59, 58, 57, 56, 47, 38, 39, 30, 31, 32, 41, 42, 43, 34, 35, 26, 17, 16, 7, 6, 5, 14, 13, 12, 11, 20, 19, 18, 9, 0]
[00:00:00:30:077] ! Unidirectional t-s. expansions: 6,925, time: 30,076 [ms], path length: 32 [edges], generated: 12,354
[00:00:00:53:983] Path of length 32 found: [0, 9, 18, 19, 20, 11, 12, 13, 14, 5, 6, 7, 16, 17, 26, 35, 34, 43, 42, 41, 32, 31, 30, 39, 38, 47, 56, 57, 58, 59, 60, 61, 62]
[00:00:00:54:446] ! Bidirectional. expansions: 5,689, time: 53,983 [ms], path length: 32 [edges], g_F: 7, g_B: 25, generated: 0, MM: 18, MMPER: 53.54545454545455%
[00:00:00:54:446] 
---------- SM_Grids/7x9_grid_with_random_blocks_12per_2 ----------
[00:00:00:30:684] Path of length 32 found: [0, 9, 18, 19, 28, 37, 36, 45, 54, 55, 56, 47, 48, 49, 50, 41, 32, 31, 30, 21, 12, 3, 4, 5, 14, 15, 24, 25, 34, 43, 52, 61, 62]
[00:00:00:30:684] ! Unidirectional s-t. expansions: 6,526, time: 30,684 [ms], path length: 32 [edges], generated: 11,529
[00:00:00:49:332] Path of length 32 found: [62, 53, 44, 43, 34, 25, 16, 7, 6, 5, 14, 23, 32, 41, 50, 49, 48, 47, 56, 55, 54, 45, 36, 27, 28, 29, 20, 21, 12, 3, 2, 1, 0]
[00:00:00:49:332] ! Unidirectional t-s. expansions: 11,669, time: 49,332 [ms], path length: 32 [edges], generated: 21,080
[00:00:03:47:796] Path of length 32 found: [0, 1, 2, 3, 12, 21, 20, 19, 18, 27, 36, 45, 54, 55, 56, 47, 38, 39, 40, 41, 32, 23, 14, 5, 6, 7, 16, 25, 34, 43, 44, 53, 62]
[00:00:03:48:260] ! Bidirectional. expansions: 30,065, time: 227,796 [ms], path length: 32 [edges], g_F: 19, g_B: 13, generated: 0, MM: 6, MMPER: 17.181818181818183%
[00:00:03:48:260] 
---------- SM_Grids/7x9_grid_with_random_blocks_12per_3 ----------
[00:00:00:13:463] Path of length 36 found: [0, 9, 10, 11, 2, 3, 4, 5, 6, 7, 8, 17, 26, 25, 34, 43, 42, 41, 32, 23, 22, 21, 30, 29, 28, 27, 36, 45, 46, 47, 48, 49, 58, 59, 60, 61, 62]
[00:00:00:13:464] ! Unidirectional s-t. expansions: 2,951, time: 13,464 [ms], path length: 36 [edges], generated: 4,971
[00:00:00:11:876] Path of length 36 found: [62, 61, 60, 59, 50, 49, 40, 39, 38, 47, 46, 45, 36, 27, 28, 19, 20, 21, 22, 23, 32, 33, 42, 43, 44, 35, 26, 17, 8, 7, 6, 5, 4, 3, 2, 1, 0]
[00:00:00:11:876] ! Unidirectional t-s. expansions: 2,589, time: 11,876 [ms], path length: 36 [edges], generated: 4,478
[00:00:00:58:262] Path of length 36 found: [0, 9, 10, 11, 2, 3, 4, 5, 6, 7, 8, 17, 26, 35, 44, 43, 42, 33, 24, 23, 22, 21, 30, 29, 28, 27, 36, 45, 46, 47, 48, 49, 50, 59, 60, 61, 62]
[00:00:00:58:730] ! Bidirectional. expansions: 6,388, time: 58,262 [ms], path length: 36 [edges], g_F: 30, g_B: 6, generated: 0, MM: 24, MMPER: 63.86486486486487%
[00:00:00:58:730] 
---------- SM_Grids/7x9_grid_with_random_blocks_12per_4 ----------
[00:00:00:08:566] Path of length 36 found: [0, 1, 10, 11, 12, 13, 4, 5, 6, 7, 8, 17, 26, 25, 24, 23, 32, 41, 40, 39, 30, 29, 28, 27, 36, 45, 46, 47, 56, 57, 58, 59, 60, 51, 52, 53, 62]
[00:00:00:08:566] ! Unidirectional s-t. expansions: 1,949, time: 8,566 [ms], path length: 36 [edges], generated: 3,193
[00:00:00:08:880] Path of length 36 found: [62, 53, 52, 51, 60, 59, 58, 57, 56, 47, 46, 45, 36, 27, 28, 29, 30, 39, 40, 41, 32, 33, 34, 25, 26, 17, 8, 7, 6, 5, 4, 13, 12, 11, 2, 1, 0]
[00:00:00:08:881] ! Unidirectional t-s. expansions: 1,841, time: 8,881 [ms], path length: 36 [edges], generated: 3,186
[00:00:00:31:537] Path of length 36 found: [0, 1, 10, 11, 12, 13, 4, 5, 6, 7, 8, 17, 26, 25, 24, 23, 32, 41, 40, 39, 30, 29, 28, 27, 36, 45, 46, 47, 56, 57, 58, 59, 60, 51, 52, 53, 62]
[00:00:00:32:059] ! Bidirectional. expansions: 3,491, time: 31,537 [ms], path length: 36 [edges], g_F: 16, g_B: 20, generated: 0, MM: 4, MMPER: 9.81081081081081%
[00:00:00:32:059] 
---------- SM_Grids/7x9_grid_with_random_blocks_12per_5 ----------
[00:00:00:05:027] Path of length 30 found: [0, 1, 10, 19, 28, 29, 38, 39, 48, 49, 50, 41, 32, 31, 22, 21, 12, 3, 4, 5, 14, 15, 24, 25, 26, 35, 44, 43, 52, 61, 62]
[00:00:00:05:028] ! Unidirectional s-t. expansions: 913, time: 5,028 [ms], path length: 30 [edges], generated: 1,798
[00:00:00:18:705] Path of length 30 found: [62, 53, 44, 35, 26, 17, 16, 15, 6, 5, 4, 3, 12, 21, 22, 31, 32, 33, 42, 51, 50, 49, 48, 39, 38, 29, 28, 19, 10, 1, 0]
[00:00:00:18:706] ! Unidirectional t-s. expansions: 3,680, time: 18,705 [ms], path length: 30 [edges], generated: 6,810
[00:00:00:46:227] Path of length 30 found: [0, 1, 10, 19, 28, 29, 38, 39, 48, 49, 50, 41, 32, 31, 22, 21, 12, 3, 4, 5, 14, 15, 16, 17, 26, 35, 44, 43, 52, 61, 62]
[00:00:00:46:688] ! Bidirectional. expansions: 4,873, time: 46,227 [ms], path length: 30 [edges], g_F: 5, g_B: 25, generated: 0, MM: 20, MMPER: 63.516129032258064%
[00:00:00:46:689] 
---------- SM_Grids/7x9_grid_with_random_blocks_12per_6 ----------
[00:00:00:15:193] Path of length 36 found: [0, 9, 18, 19, 20, 11, 12, 3, 4, 5, 6, 7, 16, 25, 24, 23, 22, 31, 40, 39, 38, 37, 36, 45, 54, 55, 56, 57, 58, 59, 50, 51, 42, 43, 44, 53, 62]
[00:00:00:15:193] ! Unidirectional s-t. expansions: 3,110, time: 15,193 [ms], path length: 36 [edges], generated: 5,277
[00:00:00:10:826] Path of length 36 found: [62, 53, 44, 35, 26, 17, 16, 15, 24, 33, 42, 51, 60, 59, 58, 57, 56, 55, 54, 45, 36, 37, 38, 39, 40, 31, 22, 13, 4, 3, 2, 11, 20, 19, 18, 9, 0]
[00:00:00:10:827] ! Unidirectional t-s. expansions: 2,405, time: 10,826 [ms], path length: 36 [edges], generated: 3,986
[00:00:00:56:952] Path of length 36 found: [0, 9, 18, 19, 20, 11, 2, 3, 4, 5, 6, 7, 16, 25, 24, 23, 22, 31, 40, 39, 38, 37, 36, 45, 54, 55, 56, 57, 58, 59, 50, 51, 42, 43, 44, 53, 62]
[00:00:00:57:408] ! Bidirectional. expansions: 6,214, time: 56,952 [ms], path length: 36 [edges], g_F: 26, g_B: 10, generated: 0, MM: 16, MMPER: 42.24324324324324%
[00:00:00:57:408] 
---------- SM_Grids/7x9_grid_with_random_blocks_12per_7 ----------
[00:00:00:15:231] Path of length 34 found: [0, 9, 18, 19, 28, 37, 36, 45, 54, 55, 56, 57, 58, 59, 60, 51, 42, 41, 32, 31, 22, 21, 12, 3, 4, 5, 14, 15, 24, 25, 34, 35, 44, 53, 62]
[00:00:00:15:232] ! Unidirectional s-t. expansions: 3,444, time: 15,231 [ms], path length: 34 [edges], generated: 5,960
[00:00:00:12:752] Path of length 34 found: [62, 53, 44, 35, 34, 25, 24, 15, 14, 5, 4, 3, 12, 21, 30, 31, 32, 41, 42, 51, 60, 59, 58, 57, 56, 55, 54, 45, 36, 37, 28, 19, 10, 1, 0]
[00:00:00:12:753] ! Unidirectional t-s. expansions: 2,782, time: 12,752 [ms], path length: 34 [edges], generated: 4,670
[00:00:00:48:800] Path of length 34 found: [0, 1, 10, 19, 18, 27, 36, 37, 46, 55, 56, 57, 58, 59, 60, 51, 42, 41, 32, 31, 30, 21, 12, 3, 4, 5, 14, 15, 24, 25, 34, 35, 44, 53, 62]
[00:00:00:49:265] ! Bidirectional. expansions: 5,735, time: 48,800 [ms], path length: 34 [edges], g_F: 13, g_B: 21, generated: 0, MM: 8, MMPER: 21.857142857142858%
[00:00:00:49:265] 
---------- SM_Grids/7x9_grid_with_random_blocks_12per_8 ----------
[00:00:00:20:187] Path of length 32 found: [0, 1, 2, 3, 4, 13, 22, 21, 20, 19, 18, 27, 36, 37, 38, 39, 40, 41, 32, 33, 24, 15, 6, 7, 8, 17, 26, 35, 44, 43, 52, 61, 62]
[00:00:00:20:188] ! Unidirectional s-t. expansions: 4,084, time: 20,187 [ms], path length: 32 [edges], generated: 7,726
[00:00:00:19:522] Path of length 32 found: [62, 61, 52, 51, 50, 49, 40, 31, 32, 33, 34, 35, 26, 17, 8, 7, 6, 15, 14, 13, 4, 3, 2, 11, 20, 29, 38, 37, 36, 27, 18, 9, 0]
[00:00:00:19:523] ! Unidirectional t-s. expansions: 3,937, time: 19,522 [ms], path length: 32 [edges], generated: 7,044
[00:00:01:12:261] Path of length 32 found: [0, 9, 18, 27, 36, 37, 38, 29, 20, 11, 2, 3, 4, 5, 6, 7, 8, 17, 26, 35, 34, 33, 24, 23, 22, 31, 40, 49, 50, 51, 60, 61, 62]
[00:00:01:12:720] ! Bidirectional. expansions: 7,948, time: 72,261 [ms], path length: 32 [edges], g_F: 21, g_B: 11, generated: 0, MM: 10, MMPER: 29.303030303030305%
[00:00:01:12:720] 
---------- SM_Grids/7x9_grid_with_random_blocks_12per_9 ----------
[00:00:00:15:898] Path of length 36 found: [0, 1, 10, 19, 18, 27, 36, 45, 54, 55, 56, 47, 48, 49, 58, 59, 60, 51, 42, 41, 32, 23, 22, 21, 12, 3, 4, 5, 6, 15, 16, 25, 34, 35, 44, 53, 62]
[00:00:00:15:898] ! Unidirectional s-t. expansions: 3,603, time: 15,898 [ms], path length: 36 [edges], generated: 6,301
[00:00:00:18:750] Path of length 36 found: [62, 53, 44, 35, 26, 17, 16, 7, 6, 5, 4, 3, 12, 21, 30, 31, 32, 33, 42, 51, 60, 59, 58, 49, 48, 47, 56, 55, 54, 45, 36, 37, 28, 19, 10, 1, 0]
[00:00:00:18:750] ! Unidirectional t-s. expansions: 4,448, time: 18,750 [ms], path length: 36 [edges], generated: 7,236
[00:00:01:15:660] Path of length 36 found: [0, 9, 18, 19, 28, 37, 36, 45, 54, 55, 56, 47, 48, 49, 58, 59, 60, 51, 42, 33, 32, 23, 22, 21, 12, 3, 4, 5, 6, 7, 16, 17, 26, 35, 44, 53, 62]
[00:00:01:16:146] ! Bidirectional. expansions: 9,030, time: 75,660 [ms], path length: 36 [edges], g_F: 25, g_B: 11, generated: 0, MM: 14, MMPER: 36.83783783783784%

[00:00:01:16:146] average expansions: (3,402, 4,769, 8,888, 0)
[00:00:01:16:147] average time: (15,947, 20,913, 75,328, 0)
[00:00:01:16:147] XIDA: 3,402 , 15,947 (expansions , time[ms])
[00:00:01:16:147] BiXIDA: 8,888 , 75,328 (expansions , time[ms])

