------------------------------------
Thu 01 Oct 2026 11:13:28 IDT
SLURM_JOBID:		21943011
SLURM_JOB_NODELIST:	ise-cpu256-27
SLURM_SCRATCH_DIR:	/scratch/shubit/21943011
Allocated Resouces:	cpu - 2 / mem - 61440 MB / gpu - 
SLURM_GPU_INDEX:	
Running as shubit from shimony account with normal QOS
------------------------------------
Thu 01 Oct 2026 11:13:28 IDT

SLURM_JOBID:		 21943011
SLURM_JOB_NODELIST:	 ise-cpu256-27 

--------------------------
date: SM_Grids
number_of_graphs: 10
graph_type: grid
size_of_graphs: [7, 9]
heuristic: bcc_heuristic
snake: True
run_uni: True
run_bi: True
run_multi: False
solution_vertices: []
algorithms: ['A']
lookahead: -2
bsd: False
cube_first_dims: 4
cube_buffer_dim: None
backward_sym_generation: False
sym_coil: False
prefix_set: None

---------- SM_Grids/7x9_grid_with_random_blocks_20per_0 ----------
[00:00:00:00:320] Path of length 28 found: [0, 9, 18, 19, 20, 29, 30, 39, 48, 57, 58, 59, 50, 41, 32, 23, 22, 13, 4, 5, 6, 7, 8, 17, 26, 35, 44, 53, 62]
[00:00:00:00:320] ! Unidirectional s-t. expansions: 93, time: 320 [ms], path length: 28 [edges], generated: 148
[00:00:00:00:289] Path of length 28 found: [62, 53, 44, 35, 26, 17, 8, 7, 6, 5, 4, 13, 22, 23, 32, 41, 50, 59, 58, 57, 48, 39, 30, 29, 20, 19, 10, 1, 0]
[00:00:00:00:290] ! Unidirectional t-s. expansions: 75, time: 289 [ms], path length: 28 [edges], generated: 121
[00:00:00:00:557] Path of length 28 found: [0, 9, 18, 19, 20, 29, 30, 39, 48, 57, 58, 59, 50, 41, 32, 23, 22, 13, 4, 5, 6, 7, 8, 17, 26, 35, 44, 53, 62]
[00:00:00:01:023] ! Bidirectional. expansions: 204, time: 557 [ms], path length: 28 [edges], g_F: 28, g_B: 0, generated: 0, MM: 28, MMPER: 95.55172413793103%
[00:00:00:01:023] 
---------- SM_Grids/7x9_grid_with_random_blocks_20per_1 ----------
[00:00:00:00:791] Path of length 22 found: [0, 9, 10, 11, 12, 21, 30, 29, 38, 37, 36, 45, 54, 55, 56, 57, 48, 49, 50, 59, 60, 61, 62]
[00:00:00:00:792] ! Unidirectional s-t. expansions: 210, time: 791 [ms], path length: 22 [edges], generated: 294
[00:00:00:00:778] Path of length 22 found: [62, 53, 52, 51, 60, 59, 58, 57, 56, 55, 54, 45, 36, 37, 38, 39, 30, 21, 12, 11, 10, 1, 0]
[00:00:00:00:779] ! Unidirectional t-s. expansions: 205, time: 778 [ms], path length: 22 [edges], generated: 311
[00:00:00:00:588] Path of length 22 found: [0, 9, 10, 11, 12, 21, 30, 29, 38, 37, 36, 45, 54, 55, 56, 57, 48, 49, 50, 59, 60, 61, 62]
[00:00:00:01:015] ! Bidirectional. expansions: 180, time: 588 [ms], path length: 22 [edges], g_F: 22, g_B: 0, generated: 0, MM: 22, MMPER: 94.65217391304348%
[00:00:00:01:015] 
---------- SM_Grids/7x9_grid_with_random_blocks_20per_2 ----------
[00:00:00:01:705] Path of length 30 found: [0, 1, 10, 19, 18, 27, 36, 45, 46, 47, 38, 29, 30, 21, 12, 3, 4, 5, 14, 15, 16, 25, 34, 33, 32, 41, 50, 51, 60, 61, 62]
[00:00:00:01:706] ! Unidirectional s-t. expansions: 417, time: 1,705 [ms], path length: 30 [edges], generated: 745
[00:00:00:01:611] Path of length 30 found: [62, 53, 52, 51, 50, 49, 40, 31, 32, 33, 34, 25, 16, 15, 14, 5, 4, 3, 12, 21, 20, 29, 38, 47, 46, 45, 36, 27, 18, 9, 0]
[00:00:00:01:612] ! Unidirectional t-s. expansions: 401, time: 1,611 [ms], path length: 30 [edges], generated: 657
[00:00:00:02:027] Path of length 30 found: [0, 1, 10, 19, 18, 27, 36, 45, 46, 47, 38, 29, 30, 21, 12, 3, 4, 5, 14, 15, 16, 25, 34, 33, 32, 41, 50, 51, 52, 53, 62]
[00:00:00:02:458] ! Bidirectional. expansions: 564, time: 2,027 [ms], path length: 30 [edges], g_F: 27, g_B: 3, generated: 0, MM: 24, MMPER: 76.41935483870968%
[00:00:00:02:458] 
---------- SM_Grids/7x9_grid_with_random_blocks_20per_3 ----------
[00:00:00:00:616] Path of length 32 found: [0, 1, 10, 19, 28, 27, 36, 45, 46, 55, 56, 57, 58, 59, 50, 41, 40, 39, 30, 21, 22, 13, 4, 5, 6, 7, 16, 25, 34, 43, 52, 61, 62]
[00:00:00:00:616] ! Unidirectional s-t. expansions: 142, time: 616 [ms], path length: 32 [edges], generated: 228
[00:00:00:00:706] Path of length 32 found: [62, 53, 44, 43, 34, 25, 16, 7, 6, 5, 4, 13, 22, 21, 30, 39, 40, 41, 50, 59, 58, 57, 56, 47, 46, 45, 36, 27, 28, 19, 10, 1, 0]
[00:00:00:00:706] ! Unidirectional t-s. expansions: 176, time: 706 [ms], path length: 32 [edges], generated: 278
[00:00:00:00:593] Path of length 32 found: [0, 1, 10, 19, 28, 27, 36, 45, 46, 55, 56, 57, 58, 59, 50, 41, 40, 39, 30, 21, 22, 13, 4, 5, 6, 7, 16, 25, 34, 43, 52, 61, 62]
[00:00:00:01:019] ! Bidirectional. expansions: 162, time: 593 [ms], path length: 32 [edges], g_F: 29, g_B: 3, generated: 0, MM: 26, MMPER: 77.78787878787878%
[00:00:00:01:019] 
---------- SM_Grids/7x9_grid_with_random_blocks_20per_4 ----------
[00:00:00:00:251] Path of length 28 found: [0, 9, 18, 27, 36, 45, 54, 55, 56, 57, 48, 39, 38, 29, 20, 21, 12, 3, 4, 5, 14, 23, 32, 33, 34, 43, 52, 61, 62]
[00:00:00:00:251] ! Unidirectional s-t. expansions: 67, time: 251 [ms], path length: 28 [edges], generated: 114
[00:00:00:01:721] Path of length 28 found: [62, 61, 60, 51, 42, 33, 32, 23, 14, 5, 4, 3, 12, 21, 20, 29, 38, 39, 48, 57, 56, 55, 54, 45, 36, 27, 18, 9, 0]
[00:00:00:01:722] ! Unidirectional t-s. expansions: 473, time: 1,721 [ms], path length: 28 [edges], generated: 756
[00:00:00:00:353] Path of length 28 found: [0, 9, 18, 27, 36, 45, 54, 55, 56, 57, 48, 39, 38, 29, 20, 21, 12, 3, 4, 5, 14, 23, 32, 41, 42, 51, 60, 61, 62]
[00:00:00:00:812] ! Bidirectional. expansions: 104, time: 353 [ms], path length: 28 [edges], g_F: 24, g_B: 4, generated: 0, MM: 20, MMPER: 67.96551724137932%
[00:00:00:00:812] 
---------- SM_Grids/7x9_grid_with_random_blocks_20per_5 ----------
[00:00:00:02:115] Path of length 30 found: [0, 9, 10, 11, 20, 29, 28, 27, 36, 45, 46, 47, 48, 39, 40, 31, 32, 23, 14, 5, 6, 7, 16, 17, 26, 35, 34, 43, 52, 61, 62]
[00:00:00:02:116] ! Unidirectional s-t. expansions: 520, time: 2,115 [ms], path length: 30 [edges], generated: 933
[00:00:00:00:818] Path of length 30 found: [62, 61, 52, 43, 44, 35, 26, 17, 16, 7, 6, 5, 14, 23, 32, 41, 40, 39, 48, 47, 46, 45, 36, 27, 28, 29, 20, 11, 10, 1, 0]
[00:00:00:00:818] ! Unidirectional t-s. expansions: 201, time: 818 [ms], path length: 30 [edges], generated: 314
[00:00:00:01:573] Path of length 30 found: [0, 9, 10, 11, 20, 29, 28, 27, 36, 45, 46, 47, 48, 39, 40, 31, 32, 23, 14, 5, 6, 7, 16, 17, 26, 35, 34, 43, 52, 61, 62]
[00:00:00:02:004] ! Bidirectional. expansions: 473, time: 1,573 [ms], path length: 30 [edges], g_F: 27, g_B: 3, generated: 0, MM: 24, MMPER: 76.41935483870968%
[00:00:00:02:005] 
---------- SM_Grids/7x9_grid_with_random_blocks_20per_6 ----------
[00:00:00:00:261] Path of length 32 found: [0, 1, 2, 3, 4, 5, 6, 7, 8, 17, 26, 35, 34, 33, 24, 23, 22, 31, 30, 29, 38, 37, 46, 55, 56, 57, 48, 49, 50, 51, 60, 61, 62]
[00:00:00:00:261] ! Unidirectional s-t. expansions: 68, time: 261 [ms], path length: 32 [edges], generated: 108
[00:00:00:00:675] Path of length 32 found: [62, 61, 60, 51, 50, 49, 48, 57, 56, 55, 46, 37, 38, 29, 30, 31, 22, 23, 24, 33, 34, 35, 26, 17, 8, 7, 6, 5, 4, 3, 2, 1, 0]
[00:00:00:00:675] ! Unidirectional t-s. expansions: 203, time: 675 [ms], path length: 32 [edges], generated: 310
[00:00:00:00:243] Path of length 32 found: [0, 1, 2, 3, 4, 5, 6, 7, 8, 17, 26, 35, 34, 33, 24, 23, 22, 31, 30, 29, 38, 37, 46, 55, 56, 57, 48, 49, 50, 51, 60, 61, 62]
[00:00:00:00:671] ! Bidirectional. expansions: 74, time: 243 [ms], path length: 32 [edges], g_F: 32, g_B: 0, generated: 0, MM: 32, MMPER: 95.96969696969697%
[00:00:00:00:672] 
---------- SM_Grids/7x9_grid_with_random_blocks_20per_7 ----------
[00:00:00:02:585] Path of length 32 found: [0, 9, 18, 27, 28, 37, 46, 55, 56, 57, 48, 39, 40, 31, 22, 21, 12, 3, 4, 5, 14, 15, 16, 17, 26, 35, 34, 33, 42, 51, 60, 61, 62]
[00:00:00:02:586] ! Unidirectional s-t. expansions: 717, time: 2,585 [ms], path length: 32 [edges], generated: 1,208
[00:00:00:02:261] Path of length 32 found: [62, 53, 44, 35, 26, 17, 16, 15, 6, 5, 4, 3, 12, 21, 22, 31, 32, 33, 42, 51, 50, 49, 48, 57, 56, 55, 46, 37, 28, 19, 18, 9, 0]
[00:00:00:02:262] ! Unidirectional t-s. expansions: 536, time: 2,261 [ms], path length: 32 [edges], generated: 929
[00:00:00:02:616] Path of length 32 found: [0, 9, 18, 27, 28, 37, 46, 55, 56, 57, 48, 49, 50, 51, 42, 33, 32, 23, 22, 21, 12, 3, 4, 5, 6, 15, 16, 25, 26, 35, 44, 53, 62]
[00:00:00:03:037] ! Bidirectional. expansions: 845, time: 2,616 [ms], path length: 32 [edges], g_F: 10, g_B: 22, generated: 0, MM: 12, MMPER: 35.36363636363637%
[00:00:00:03:037] 
---------- SM_Grids/7x9_grid_with_random_blocks_20per_8 ----------
[00:00:00:01:189] Path of length 26 found: [0, 9, 10, 11, 2, 3, 4, 5, 14, 15, 24, 33, 32, 31, 30, 29, 38, 47, 48, 57, 58, 59, 50, 51, 52, 61, 62]
[00:00:00:01:189] ! Unidirectional s-t. expansions: 303, time: 1,189 [ms], path length: 26 [edges], generated: 529
[00:00:00:01:313] Path of length 26 found: [62, 53, 44, 43, 34, 33, 24, 15, 14, 13, 22, 31, 40, 41, 50, 59, 58, 57, 48, 47, 38, 29, 28, 19, 10, 1, 0]
[00:00:00:01:313] ! Unidirectional t-s. expansions: 302, time: 1,313 [ms], path length: 26 [edges], generated: 528
[00:00:00:01:128] Path of length 26 found: [0, 9, 10, 11, 2, 3, 4, 13, 22, 21, 30, 29, 38, 47, 48, 57, 58, 59, 50, 41, 32, 33, 34, 43, 44, 53, 62]
[00:00:00:01:550] ! Bidirectional. expansions: 414, time: 1,128 [ms], path length: 26 [edges], g_F: 20, g_B: 6, generated: 0, MM: 14, MMPER: 50.851851851851855%
[00:00:00:01:550] 
---------- SM_Grids/7x9_grid_with_random_blocks_20per_9 ----------
[00:00:00:00:403] Path of length 32 found: [0, 9, 18, 19, 28, 37, 36, 45, 54, 55, 56, 57, 48, 39, 30, 21, 12, 3, 4, 5, 14, 15, 24, 25, 26, 35, 44, 43, 42, 51, 60, 61, 62]
[00:00:00:00:403] ! Unidirectional s-t. expansions: 110, time: 403 [ms], path length: 32 [edges], generated: 167
[00:00:00:01:644] Path of length 32 found: [62, 61, 60, 51, 42, 43, 44, 35, 26, 25, 16, 7, 6, 5, 4, 3, 2, 11, 20, 21, 30, 39, 48, 57, 56, 55, 54, 45, 36, 27, 18, 9, 0]
[00:00:00:01:644] ! Unidirectional t-s. expansions: 455, time: 1,644 [ms], path length: 32 [edges], generated: 795
[00:00:00:00:571] Path of length 32 found: [0, 9, 18, 27, 36, 45, 54, 55, 56, 57, 48, 39, 30, 21, 20, 11, 2, 3, 4, 5, 6, 7, 16, 25, 26, 35, 44, 43, 42, 51, 60, 61, 62]
[00:00:00:00:992] ! Bidirectional. expansions: 203, time: 571 [ms], path length: 32 [edges], g_F: 14, g_B: 18, generated: 0, MM: 4, MMPER: 11.121212121212121%

[00:00:00:00:992] average expansions: (265, 303, 322, 0)
[00:00:00:00:992] average time: (1,024, 1,182, 1,025, 0)
[00:00:00:00:992] XA*: 265 , 1,024 (expansions , time[ms])
[00:00:00:00:992] BiXA*: 322 , 1,025 (expansions , time[ms])

