------------------------------------
Thu 01 Oct 2026 14:27:00 IDT
SLURM_JOBID:		21950232
SLURM_JOB_NODELIST:	ise-cpu256-30
SLURM_SCRATCH_DIR:	/scratch/shubit/21950232
Allocated Resouces:	cpu - 2 / mem - 61440 MB / gpu - 
SLURM_GPU_INDEX:	
Running as shubit from shimony account with normal QOS
------------------------------------
Thu 01 Oct 2026 14:27:00 IDT

SLURM_JOBID:		 21950232
SLURM_JOB_NODELIST:	 ise-cpu256-30 

--------------------------
date: SM_Grids
number_of_graphs: 10
graph_type: grid
size_of_graphs: [7, 9]
heuristic: bcc_heuristic
snake: True
run_uni: True
run_bi: True
run_multi: False
solution_vertices: []
algorithms: ['DFBnB']
lookahead: 2
bsd: False
cube_first_dims: 4
cube_buffer_dim: None
backward_sym_generation: False
sym_coil: False
prefix_set: None

---------- SM_Grids/7x9_grid_with_random_blocks_8per_0 ----------
[00:00:00:04:038] Path of length 38 found: [0, 1, 10, 19, 18, 27, 36, 45, 54, 55, 56, 47, 38, 39, 40, 49, 58, 59, 60, 51, 42, 33, 32, 23, 22, 21, 12, 3, 4, 5, 6, 15, 16, 25, 26, 35, 44, 53, 62]
[00:00:00:04:038] ! Unidirectional s-t. expansions: 535, time: 4,038 [ms], path length: 38 [edges], generated: 2,501
[00:00:00:07:425] Path of length 38 found: [62, 53, 44, 35, 26, 25, 16, 7, 6, 5, 4, 3, 2, 11, 20, 21, 22, 23, 32, 33, 42, 51, 60, 59, 58, 49, 40, 39, 38, 47, 56, 55, 54, 45, 36, 27, 18, 9, 0]
[00:00:00:07:426] ! Unidirectional t-s. expansions: 2,804, time: 7,425 [ms], path length: 38 [edges], generated: 7,355
[00:00:00:04:687] Path of length 38 found: [0, 9, 10, 19, 28, 27, 36, 45, 54, 55, 56, 47, 38, 39, 40, 49, 58, 59, 60, 51, 42, 33, 32, 23, 22, 21, 12, 3, 4, 5, 6, 7, 16, 25, 26, 35, 44, 53, 62]
[00:00:00:05:168] ! Bidirectional. expansions: 718, time: 4,687 [ms], path length: 38 [edges], g_F: 19, g_B: 19, generated: 0, MM: 0, MMPER: -1.0%
[00:00:00:05:168] 
---------- SM_Grids/7x9_grid_with_random_blocks_8per_1 ----------
[00:00:00:08:518] Path of length 38 found: [0, 1, 2, 3, 12, 21, 20, 19, 18, 27, 36, 45, 54, 55, 56, 47, 38, 39, 40, 49, 58, 59, 60, 51, 42, 33, 24, 23, 14, 5, 6, 7, 16, 17, 26, 35, 44, 53, 62]
[00:00:00:08:518] ! Unidirectional s-t. expansions: 1,242, time: 8,518 [ms], path length: 38 [edges], generated: 5,863
[00:00:00:07:441] Path of length 38 found: [62, 53, 44, 35, 26, 17, 8, 7, 6, 5, 14, 23, 24, 33, 42, 51, 60, 59, 58, 49, 40, 39, 38, 47, 56, 55, 54, 45, 36, 27, 18, 19, 20, 21, 12, 3, 2, 1, 0]
[00:00:00:07:442] ! Unidirectional t-s. expansions: 1,656, time: 7,441 [ms], path length: 38 [edges], generated: 6,256
[00:00:00:11:837] Path of length 38 found: [0, 1, 2, 3, 12, 21, 20, 19, 18, 27, 36, 45, 54, 55, 56, 47, 38, 39, 40, 49, 58, 59, 60, 51, 42, 33, 24, 23, 14, 5, 6, 7, 8, 17, 26, 35, 44, 53, 62]
[00:00:00:12:289] ! Bidirectional. expansions: 2,650, time: 11,837 [ms], path length: 38 [edges], g_F: 19, g_B: 19, generated: 0, MM: 0, MMPER: -1.0%
[00:00:00:12:289] 
---------- SM_Grids/7x9_grid_with_random_blocks_8per_2 ----------
[00:00:00:22:216] Path of length 36 found: [0, 9, 10, 11, 12, 21, 22, 23, 14, 5, 6, 7, 16, 25, 26, 35, 44, 43, 42, 41, 40, 39, 38, 29, 28, 27, 36, 45, 54, 55, 56, 57, 58, 59, 60, 61, 62]
[00:00:00:22:217] ! Unidirectional s-t. expansions: 3,160, time: 22,217 [ms], path length: 36 [edges], generated: 16,030
[00:00:00:23:206] Path of length 36 found: [62, 61, 60, 59, 58, 57, 56, 55, 54, 45, 36, 27, 18, 19, 20, 29, 38, 39, 40, 41, 42, 43, 44, 35, 26, 25, 16, 7, 6, 5, 14, 13, 12, 3, 2, 1, 0]
[00:00:00:23:206] ! Unidirectional t-s. expansions: 4,021, time: 23,206 [ms], path length: 36 [edges], generated: 18,521
[00:00:00:20:580] Path of length 36 found: [0, 9, 10, 11, 12, 21, 22, 23, 14, 5, 6, 7, 16, 25, 26, 35, 44, 43, 42, 41, 40, 39, 38, 29, 28, 27, 36, 45, 46, 55, 56, 57, 58, 59, 60, 61, 62]
[00:00:00:21:030] ! Bidirectional. expansions: 3,348, time: 20,580 [ms], path length: 36 [edges], g_F: 18, g_B: 18, generated: 0, MM: 0, MMPER: -1.0%
[00:00:00:21:030] 
---------- SM_Grids/7x9_grid_with_random_blocks_8per_3 ----------
[00:00:00:16:771] Path of length 38 found: [0, 9, 10, 11, 2, 3, 4, 13, 22, 23, 24, 15, 6, 7, 8, 17, 26, 35, 34, 43, 42, 41, 40, 39, 30, 29, 28, 27, 36, 45, 54, 55, 56, 57, 58, 59, 60, 61, 62]
[00:00:00:16:772] ! Unidirectional s-t. expansions: 2,780, time: 16,771 [ms], path length: 38 [edges], generated: 12,481
[00:00:00:15:599] Path of length 38 found: [62, 61, 60, 59, 58, 57, 56, 55, 54, 45, 36, 27, 28, 29, 38, 39, 40, 41, 42, 43, 34, 35, 26, 17, 8, 7, 6, 15, 24, 23, 22, 13, 4, 3, 2, 11, 10, 9, 0]
[00:00:00:15:600] ! Unidirectional t-s. expansions: 4,910, time: 15,600 [ms], path length: 38 [edges], generated: 17,760
[00:00:00:11:925] Path of length 38 found: [0, 9, 10, 11, 2, 3, 4, 13, 22, 23, 24, 15, 6, 7, 8, 17, 26, 35, 34, 43, 42, 41, 40, 39, 38, 29, 28, 27, 36, 45, 54, 55, 56, 57, 58, 59, 60, 61, 62]
[00:00:00:12:398] ! Bidirectional. expansions: 3,988, time: 11,925 [ms], path length: 38 [edges], g_F: 19, g_B: 19, generated: 0, MM: 0, MMPER: -1.0%
[00:00:00:12:398] 
---------- SM_Grids/7x9_grid_with_random_blocks_8per_4 ----------
[00:00:00:03:847] Path of length 36 found: [0, 9, 18, 27, 36, 45, 54, 55, 56, 47, 48, 49, 58, 59, 60, 51, 42, 41, 32, 31, 30, 21, 20, 11, 2, 3, 4, 13, 14, 15, 24, 25, 34, 35, 44, 53, 62]
[00:00:00:03:848] ! Unidirectional s-t. expansions: 442, time: 3,847 [ms], path length: 36 [edges], generated: 2,349
[00:00:00:04:525] Path of length 36 found: [62, 53, 44, 35, 34, 25, 24, 15, 14, 13, 4, 3, 2, 11, 20, 21, 30, 31, 32, 41, 42, 51, 60, 59, 58, 49, 48, 47, 56, 55, 54, 45, 36, 27, 18, 9, 0]
[00:00:00:04:526] ! Unidirectional t-s. expansions: 1,860, time: 4,525 [ms], path length: 36 [edges], generated: 4,116
[00:00:00:01:790] Path of length 36 found: [0, 9, 18, 27, 36, 45, 54, 55, 56, 47, 48, 49, 58, 59, 60, 51, 42, 41, 32, 31, 30, 29, 20, 11, 2, 3, 4, 13, 14, 15, 24, 25, 34, 35, 44, 53, 62]
[00:00:00:02:237] ! Bidirectional. expansions: 216, time: 1,790 [ms], path length: 36 [edges], g_F: 18, g_B: 18, generated: 0, MM: 0, MMPER: -1.0%
[00:00:00:02:237] 
---------- SM_Grids/7x9_grid_with_random_blocks_8per_5 ----------
[00:00:00:12:223] Path of length 38 found: [0, 9, 18, 27, 36, 45, 54, 55, 56, 57, 58, 59, 60, 51, 42, 33, 24, 23, 22, 31, 40, 39, 38, 29, 20, 11, 2, 3, 4, 5, 6, 7, 16, 17, 26, 35, 44, 53, 62]
[00:00:00:12:223] ! Unidirectional s-t. expansions: 2,017, time: 12,223 [ms], path length: 38 [edges], generated: 8,616
[00:00:00:10:832] Path of length 38 found: [62, 53, 44, 35, 26, 17, 16, 7, 6, 5, 4, 3, 2, 11, 20, 29, 38, 39, 40, 31, 22, 23, 24, 33, 42, 51, 50, 59, 58, 57, 56, 55, 46, 45, 36, 27, 18, 9, 0]
[00:00:00:10:832] ! Unidirectional t-s. expansions: 2,192, time: 10,832 [ms], path length: 38 [edges], generated: 8,779
[00:00:00:06:316] Path of length 38 found: [0, 9, 18, 27, 36, 45, 54, 55, 56, 57, 58, 59, 50, 51, 42, 33, 24, 23, 22, 31, 40, 39, 38, 29, 20, 11, 2, 3, 4, 5, 6, 7, 16, 17, 26, 35, 44, 53, 62]
[00:00:00:06:779] ! Bidirectional. expansions: 1,068, time: 6,316 [ms], path length: 38 [edges], g_F: 19, g_B: 19, generated: 0, MM: 0, MMPER: -1.0%
[00:00:00:06:779] 
---------- SM_Grids/7x9_grid_with_random_blocks_8per_6 ----------
[00:00:00:11:604] Path of length 34 found: [0, 9, 18, 27, 36, 37, 46, 55, 56, 57, 58, 49, 40, 39, 30, 29, 20, 11, 12, 3, 4, 5, 14, 15, 16, 17, 26, 35, 34, 33, 42, 51, 52, 61, 62]
[00:00:00:11:605] ! Unidirectional s-t. expansions: 1,846, time: 11,604 [ms], path length: 34 [edges], generated: 9,030
[00:00:00:16:154] Path of length 34 found: [62, 53, 52, 51, 42, 33, 34, 25, 26, 17, 8, 7, 6, 15, 14, 13, 22, 21, 30, 39, 40, 49, 58, 57, 56, 47, 46, 37, 36, 27, 18, 19, 10, 1, 0]
[00:00:00:16:155] ! Unidirectional t-s. expansions: 2,152, time: 16,154 [ms], path length: 34 [edges], generated: 11,420
[00:00:00:25:543] Path of length 34 found: [0, 9, 18, 27, 36, 37, 46, 55, 56, 57, 58, 49, 40, 31, 30, 29, 20, 11, 12, 13, 14, 15, 6, 7, 8, 17, 26, 25, 34, 33, 42, 51, 52, 53, 62]
[00:00:00:26:005] ! Bidirectional. expansions: 4,840, time: 25,543 [ms], path length: 34 [edges], g_F: 17, g_B: 17, generated: 0, MM: 0, MMPER: -1.0%
[00:00:00:26:005] 
---------- SM_Grids/7x9_grid_with_random_blocks_8per_7 ----------
[00:00:00:09:906] Path of length 38 found: [0, 9, 10, 11, 2, 3, 4, 13, 14, 15, 6, 7, 8, 17, 26, 25, 34, 33, 32, 31, 30, 29, 28, 27, 36, 45, 54, 55, 56, 47, 48, 49, 58, 59, 60, 51, 52, 53, 62]
[00:00:00:09:906] ! Unidirectional s-t. expansions: 1,586, time: 9,906 [ms], path length: 38 [edges], generated: 6,989
[00:00:00:04:362] Path of length 38 found: [62, 53, 52, 51, 60, 59, 58, 49, 48, 47, 56, 55, 54, 45, 36, 27, 18, 19, 20, 29, 30, 31, 32, 33, 24, 25, 26, 17, 8, 7, 6, 5, 14, 13, 12, 3, 2, 1, 0]
[00:00:00:04:362] ! Unidirectional t-s. expansions: 798, time: 4,362 [ms], path length: 38 [edges], generated: 2,958
[00:00:00:07:269] Path of length 38 found: [0, 1, 2, 3, 12, 13, 14, 5, 6, 7, 8, 17, 26, 25, 24, 33, 32, 31, 30, 29, 20, 19, 18, 27, 36, 45, 54, 55, 56, 47, 48, 49, 58, 59, 60, 51, 52, 53, 62]
[00:00:00:07:714] ! Bidirectional. expansions: 1,259, time: 7,269 [ms], path length: 38 [edges], g_F: 19, g_B: 19, generated: 0, MM: 0, MMPER: -1.0%
[00:00:00:07:714] 
---------- SM_Grids/7x9_grid_with_random_blocks_8per_8 ----------
[00:00:00:05:825] Path of length 38 found: [0, 1, 10, 11, 12, 3, 4, 5, 6, 7, 16, 17, 26, 35, 44, 43, 42, 33, 24, 23, 22, 31, 30, 29, 28, 27, 36, 45, 54, 55, 56, 47, 48, 49, 58, 59, 60, 61, 62]
[00:00:00:05:825] ! Unidirectional s-t. expansions: 937, time: 5,825 [ms], path length: 38 [edges], generated: 3,765
[00:00:00:08:604] Path of length 38 found: [62, 53, 44, 35, 26, 17, 8, 7, 6, 5, 4, 3, 2, 11, 20, 29, 30, 31, 22, 23, 24, 33, 42, 51, 60, 59, 58, 49, 48, 47, 56, 55, 54, 45, 36, 27, 18, 9, 0]
[00:00:00:08:604] ! Unidirectional t-s. expansions: 1,336, time: 8,604 [ms], path length: 38 [edges], generated: 5,921
[00:00:00:07:289] Path of length 38 found: [0, 1, 10, 11, 12, 3, 4, 5, 6, 7, 16, 17, 26, 35, 44, 43, 42, 33, 24, 23, 22, 31, 30, 29, 28, 27, 36, 45, 54, 55, 56, 57, 48, 49, 50, 59, 60, 61, 62]
[00:00:00:07:726] ! Bidirectional. expansions: 1,572, time: 7,289 [ms], path length: 38 [edges], g_F: 19, g_B: 19, generated: 0, MM: 0, MMPER: -1.0%
[00:00:00:07:726] 
---------- SM_Grids/7x9_grid_with_random_blocks_8per_9 ----------
[00:00:00:06:315] Path of length 36 found: [0, 9, 18, 27, 28, 37, 38, 47, 56, 57, 58, 59, 50, 41, 40, 31, 30, 21, 20, 11, 2, 3, 4, 13, 14, 15, 6, 7, 8, 17, 26, 25, 34, 43, 52, 61, 62]
[00:00:00:06:315] ! Unidirectional s-t. expansions: 1,019, time: 6,315 [ms], path length: 36 [edges], generated: 4,321
[00:00:00:04:308] Path of length 36 found: [62, 61, 52, 43, 44, 35, 26, 17, 8, 7, 6, 15, 14, 13, 4, 3, 2, 11, 20, 21, 30, 31, 40, 41, 50, 59, 58, 57, 48, 47, 38, 37, 28, 27, 18, 9, 0]
[00:00:00:04:309] ! Unidirectional t-s. expansions: 633, time: 4,308 [ms], path length: 36 [edges], generated: 2,822
[00:00:00:05:194] Path of length 36 found: [0, 9, 18, 27, 28, 37, 38, 47, 56, 57, 58, 59, 50, 41, 40, 31, 30, 21, 20, 11, 2, 3, 4, 13, 14, 15, 6, 7, 8, 17, 26, 35, 34, 43, 52, 53, 62]
[00:00:00:05:701] ! Bidirectional. expansions: 777, time: 5,194 [ms], path length: 36 [edges], g_F: 18, g_B: 18, generated: 0, MM: 0, MMPER: -1.0%

[00:00:00:05:701] average expansions: (1,556, 2,236, 2,044, 0)
[00:00:00:05:701] average time: (10,126, 10,246, 10,243, 0)
[00:00:00:05:702] XDFBnB: 1,556 , 10,126 (expansions , time[ms])
[00:00:00:05:702] BiXDFBnB: 2,044 , 10,243 (expansions , time[ms])

