------------------------------------
Thu 01 Oct 2026 14:27:00 IDT
SLURM_JOBID:		21950230
SLURM_JOB_NODELIST:	ise-cpu256-12
SLURM_SCRATCH_DIR:	/scratch/shubit/21950230
Allocated Resouces:	cpu - 2 / mem - 61440 MB / gpu - 
SLURM_GPU_INDEX:	
Running as shubit from shimony account with normal QOS
------------------------------------
Thu 01 Oct 2026 14:27:00 IDT

SLURM_JOBID:		 21950230
SLURM_JOB_NODELIST:	 ise-cpu256-12 

--------------------------
date: SM_Grids
number_of_graphs: 10
graph_type: grid
size_of_graphs: [7, 9]
heuristic: bcc_heuristic
snake: True
run_uni: True
run_bi: True
run_multi: False
solution_vertices: []
algorithms: ['DFBnB']
lookahead: -1
bsd: False
cube_first_dims: 4
cube_buffer_dim: None
backward_sym_generation: False
sym_coil: False
prefix_set: None

---------- SM_Grids/7x9_grid_with_random_blocks_8per_0 ----------
[00:00:00:06:068] Path of length 38 found: [0, 9, 18, 27, 36, 45, 54, 55, 56, 47, 38, 39, 40, 49, 58, 59, 60, 51, 42, 33, 32, 23, 22, 21, 20, 11, 2, 3, 4, 5, 6, 15, 16, 25, 26, 35, 44, 53, 62]
[00:00:00:06:068] ! Unidirectional s-t. expansions: 1,465, time: 6,068 [ms], path length: 38 [edges], generated: 2,462
[00:00:00:09:438] Path of length 38 found: [62, 53, 44, 35, 26, 25, 16, 7, 6, 5, 4, 3, 2, 11, 20, 21, 22, 23, 32, 33, 42, 51, 60, 59, 58, 49, 40, 39, 38, 47, 56, 55, 54, 45, 36, 27, 18, 9, 0]
[00:00:00:09:438] ! Unidirectional t-s. expansions: 5,226, time: 9,438 [ms], path length: 38 [edges], generated: 5,810
[00:00:00:06:542] Path of length 38 found: [0, 9, 18, 27, 36, 45, 54, 55, 56, 47, 38, 39, 40, 49, 58, 59, 60, 51, 42, 33, 32, 23, 22, 21, 20, 11, 2, 3, 4, 5, 6, 7, 16, 25, 26, 35, 44, 53, 62]
[00:00:00:06:985] ! Bidirectional. expansions: 1,483, time: 6,542 [ms], path length: 38 [edges], g_F: 20, g_B: 18, generated: 0, MM: 2, MMPER: 4.128205128205129%
[00:00:00:06:985] 
---------- SM_Grids/7x9_grid_with_random_blocks_8per_1 ----------
[00:00:00:09:461] Path of length 38 found: [0, 1, 2, 3, 12, 21, 20, 19, 18, 27, 36, 45, 54, 55, 56, 47, 38, 39, 40, 49, 58, 59, 60, 51, 42, 33, 24, 23, 14, 5, 6, 7, 16, 17, 26, 35, 44, 53, 62]
[00:00:00:09:461] ! Unidirectional s-t. expansions: 2,463, time: 9,461 [ms], path length: 38 [edges], generated: 4,142
[00:00:00:13:248] Path of length 38 found: [62, 53, 44, 35, 26, 17, 8, 7, 6, 5, 14, 23, 24, 33, 42, 51, 60, 59, 58, 49, 40, 39, 38, 47, 56, 55, 54, 45, 36, 27, 18, 19, 20, 21, 12, 3, 2, 1, 0]
[00:00:00:13:248] ! Unidirectional t-s. expansions: 6,141, time: 13,248 [ms], path length: 38 [edges], generated: 8,328
[00:00:00:16:648] Path of length 38 found: [0, 1, 2, 3, 12, 21, 20, 19, 18, 27, 36, 45, 54, 55, 56, 47, 38, 39, 40, 49, 58, 59, 60, 51, 42, 33, 24, 23, 14, 5, 6, 7, 8, 17, 26, 35, 44, 53, 62]
[00:00:00:17:080] ! Bidirectional. expansions: 4,849, time: 16,648 [ms], path length: 38 [edges], g_F: 20, g_B: 18, generated: 0, MM: 2, MMPER: 4.128205128205129%
[00:00:00:17:080] 
---------- SM_Grids/7x9_grid_with_random_blocks_8per_2 ----------
[00:00:00:19:906] Path of length 36 found: [0, 9, 10, 11, 12, 21, 22, 23, 14, 5, 6, 7, 16, 25, 26, 35, 44, 43, 42, 41, 40, 39, 38, 29, 28, 27, 36, 45, 54, 55, 56, 57, 58, 59, 60, 61, 62]
[00:00:00:19:906] ! Unidirectional s-t. expansions: 5,151, time: 19,906 [ms], path length: 36 [edges], generated: 8,964
[00:00:00:32:662] Path of length 36 found: [62, 61, 60, 59, 58, 49, 40, 41, 42, 43, 44, 35, 26, 25, 16, 7, 6, 5, 14, 23, 22, 21, 30, 29, 38, 47, 56, 55, 54, 45, 36, 27, 18, 19, 10, 1, 0]
[00:00:00:32:662] ! Unidirectional t-s. expansions: 10,383, time: 32,662 [ms], path length: 36 [edges], generated: 16,708
[00:00:00:26:222] Path of length 36 found: [0, 9, 10, 11, 12, 21, 22, 23, 14, 5, 6, 7, 16, 25, 26, 35, 44, 43, 42, 41, 40, 39, 38, 29, 28, 27, 36, 45, 46, 55, 56, 57, 58, 59, 60, 61, 62]
[00:00:00:26:638] ! Bidirectional. expansions: 6,380, time: 26,222 [ms], path length: 36 [edges], g_F: 19, g_B: 17, generated: 0, MM: 2, MMPER: 4.405405405405405%
[00:00:00:26:639] 
---------- SM_Grids/7x9_grid_with_random_blocks_8per_3 ----------
[00:00:00:14:515] Path of length 38 found: [0, 9, 10, 11, 2, 3, 4, 13, 22, 23, 24, 15, 6, 7, 8, 17, 26, 35, 34, 43, 42, 41, 40, 39, 30, 29, 28, 27, 36, 45, 54, 55, 56, 57, 58, 59, 60, 61, 62]
[00:00:00:14:515] ! Unidirectional s-t. expansions: 3,875, time: 14,515 [ms], path length: 38 [edges], generated: 6,550
[00:00:00:19:807] Path of length 38 found: [62, 61, 60, 59, 58, 57, 56, 55, 54, 45, 36, 27, 28, 29, 38, 39, 40, 41, 42, 43, 34, 35, 26, 17, 8, 7, 6, 15, 24, 23, 22, 13, 4, 3, 2, 11, 10, 9, 0]
[00:00:00:19:808] ! Unidirectional t-s. expansions: 9,210, time: 19,807 [ms], path length: 38 [edges], generated: 12,804
[00:00:00:20:502] Path of length 38 found: [0, 9, 10, 11, 2, 3, 4, 13, 22, 23, 24, 15, 6, 7, 8, 17, 26, 35, 34, 43, 42, 41, 40, 39, 38, 29, 28, 27, 36, 45, 54, 55, 56, 57, 58, 59, 60, 61, 62]
[00:00:00:20:919] ! Bidirectional. expansions: 8,623, time: 20,503 [ms], path length: 38 [edges], g_F: 20, g_B: 18, generated: 0, MM: 2, MMPER: 4.128205128205129%
[00:00:00:20:920] 
---------- SM_Grids/7x9_grid_with_random_blocks_8per_4 ----------
[00:00:00:02:614] Path of length 36 found: [0, 9, 18, 27, 36, 45, 54, 55, 56, 47, 48, 49, 58, 59, 60, 51, 42, 41, 32, 31, 30, 21, 20, 11, 2, 3, 4, 13, 14, 15, 24, 25, 34, 35, 44, 53, 62]
[00:00:00:02:614] ! Unidirectional s-t. expansions: 563, time: 2,614 [ms], path length: 36 [edges], generated: 1,031
[00:00:00:08:826] Path of length 36 found: [62, 53, 44, 35, 34, 25, 24, 15, 14, 13, 4, 3, 2, 11, 20, 29, 30, 31, 32, 41, 42, 51, 60, 59, 58, 49, 48, 47, 56, 55, 54, 45, 36, 27, 18, 9, 0]
[00:00:00:08:827] ! Unidirectional t-s. expansions: 5,724, time: 8,826 [ms], path length: 36 [edges], generated: 5,959
[00:00:00:02:112] Path of length 36 found: [0, 9, 18, 27, 36, 45, 54, 55, 56, 47, 48, 49, 58, 59, 60, 51, 42, 41, 32, 31, 30, 29, 20, 11, 2, 3, 4, 13, 14, 15, 24, 25, 34, 35, 44, 53, 62]
[00:00:00:02:514] ! Bidirectional. expansions: 431, time: 2,112 [ms], path length: 36 [edges], g_F: 19, g_B: 17, generated: 0, MM: 2, MMPER: 4.405405405405405%
[00:00:00:02:514] 
---------- SM_Grids/7x9_grid_with_random_blocks_8per_5 ----------
[00:00:00:08:985] Path of length 38 found: [0, 1, 10, 11, 12, 3, 4, 5, 6, 7, 16, 17, 26, 35, 34, 33, 24, 23, 22, 31, 40, 39, 38, 29, 28, 27, 36, 45, 54, 55, 56, 57, 58, 59, 50, 51, 52, 53, 62]
[00:00:00:08:985] ! Unidirectional s-t. expansions: 2,198, time: 8,985 [ms], path length: 38 [edges], generated: 3,767
[00:00:00:09:044] Path of length 38 found: [62, 53, 44, 35, 26, 17, 16, 7, 6, 5, 4, 3, 2, 11, 20, 29, 38, 39, 40, 31, 22, 23, 24, 33, 42, 51, 50, 59, 58, 57, 56, 55, 46, 45, 36, 27, 18, 9, 0]
[00:00:00:09:044] ! Unidirectional t-s. expansions: 4,238, time: 9,044 [ms], path length: 38 [edges], generated: 5,156
[00:00:00:10:774] Path of length 38 found: [0, 1, 10, 11, 12, 3, 4, 5, 6, 7, 16, 17, 26, 35, 34, 33, 24, 23, 22, 31, 40, 39, 38, 29, 28, 27, 36, 45, 46, 55, 56, 57, 58, 59, 60, 51, 52, 53, 62]
[00:00:00:11:190] ! Bidirectional. expansions: 2,904, time: 10,774 [ms], path length: 38 [edges], g_F: 20, g_B: 18, generated: 0, MM: 2, MMPER: 4.128205128205129%
[00:00:00:11:190] 
---------- SM_Grids/7x9_grid_with_random_blocks_8per_6 ----------
[00:00:00:11:441] Path of length 34 found: [0, 9, 18, 27, 36, 37, 46, 55, 56, 57, 58, 49, 40, 39, 30, 29, 20, 11, 12, 3, 4, 5, 14, 15, 16, 17, 26, 35, 34, 33, 42, 51, 52, 61, 62]
[00:00:00:11:441] ! Unidirectional s-t. expansions: 3,151, time: 11,441 [ms], path length: 34 [edges], generated: 5,586
[00:00:00:17:798] Path of length 34 found: [62, 53, 52, 51, 42, 33, 34, 25, 26, 17, 8, 7, 6, 15, 14, 13, 22, 21, 30, 39, 40, 49, 58, 57, 56, 47, 46, 37, 36, 27, 18, 19, 10, 1, 0]
[00:00:00:17:799] ! Unidirectional t-s. expansions: 5,292, time: 17,798 [ms], path length: 34 [edges], generated: 8,979
[00:00:00:31:240] Path of length 34 found: [0, 9, 18, 27, 36, 37, 46, 55, 56, 57, 58, 49, 40, 39, 30, 29, 20, 11, 12, 3, 4, 5, 6, 7, 8, 17, 26, 25, 34, 33, 42, 51, 52, 53, 62]
[00:00:00:31:660] ! Bidirectional. expansions: 9,098, time: 31,240 [ms], path length: 34 [edges], g_F: 18, g_B: 16, generated: 0, MM: 2, MMPER: 4.714285714285714%
[00:00:00:31:661] 
---------- SM_Grids/7x9_grid_with_random_blocks_8per_7 ----------
[00:00:00:10:495] Path of length 38 found: [0, 1, 2, 3, 12, 13, 14, 5, 6, 7, 8, 17, 26, 25, 24, 33, 32, 31, 30, 29, 20, 19, 18, 27, 36, 45, 54, 55, 56, 47, 48, 49, 58, 59, 60, 51, 52, 53, 62]
[00:00:00:10:495] ! Unidirectional s-t. expansions: 3,213, time: 10,495 [ms], path length: 38 [edges], generated: 5,250
[00:00:00:07:241] Path of length 38 found: [62, 53, 52, 51, 60, 59, 58, 49, 48, 47, 56, 55, 54, 45, 36, 37, 28, 29, 30, 31, 32, 33, 34, 25, 26, 17, 8, 7, 6, 15, 14, 13, 4, 3, 2, 11, 10, 9, 0]
[00:00:00:07:241] ! Unidirectional t-s. expansions: 2,928, time: 7,241 [ms], path length: 38 [edges], generated: 3,791
[00:00:00:09:064] Path of length 38 found: [0, 1, 2, 3, 12, 13, 14, 5, 6, 7, 8, 17, 26, 25, 24, 33, 32, 31, 30, 29, 20, 19, 18, 27, 36, 45, 54, 55, 56, 47, 48, 49, 58, 59, 60, 51, 52, 53, 62]
[00:00:00:09:459] ! Bidirectional. expansions: 2,408, time: 9,064 [ms], path length: 38 [edges], g_F: 20, g_B: 18, generated: 0, MM: 2, MMPER: 4.128205128205129%
[00:00:00:09:459] 
---------- SM_Grids/7x9_grid_with_random_blocks_8per_8 ----------
[00:00:00:05:254] Path of length 38 found: [0, 9, 18, 27, 36, 45, 54, 55, 56, 47, 38, 29, 20, 11, 2, 3, 4, 13, 22, 31, 40, 49, 58, 59, 60, 51, 42, 33, 24, 15, 6, 7, 8, 17, 26, 35, 44, 53, 62]
[00:00:00:05:254] ! Unidirectional s-t. expansions: 1,329, time: 5,254 [ms], path length: 38 [edges], generated: 2,092
[00:00:00:09:645] Path of length 38 found: [62, 53, 44, 35, 26, 17, 8, 7, 6, 5, 4, 3, 2, 11, 20, 21, 22, 23, 32, 33, 42, 51, 60, 59, 58, 49, 40, 39, 38, 47, 56, 55, 54, 45, 36, 27, 18, 9, 0]
[00:00:00:09:645] ! Unidirectional t-s. expansions: 2,603, time: 9,645 [ms], path length: 38 [edges], generated: 4,401
[00:00:00:10:301] Path of length 38 found: [0, 9, 18, 27, 36, 45, 54, 55, 56, 47, 38, 39, 40, 49, 58, 59, 60, 51, 42, 33, 32, 23, 22, 21, 20, 11, 2, 3, 4, 5, 6, 7, 8, 17, 26, 35, 44, 53, 62]
[00:00:00:10:707] ! Bidirectional. expansions: 3,038, time: 10,301 [ms], path length: 38 [edges], g_F: 20, g_B: 18, generated: 0, MM: 2, MMPER: 4.128205128205129%
[00:00:00:10:707] 
---------- SM_Grids/7x9_grid_with_random_blocks_8per_9 ----------
[00:00:00:06:934] Path of length 36 found: [0, 9, 18, 27, 28, 37, 38, 47, 56, 57, 58, 59, 50, 41, 40, 31, 30, 21, 20, 11, 2, 3, 4, 13, 14, 15, 6, 7, 8, 17, 26, 25, 34, 43, 52, 61, 62]
[00:00:00:06:934] ! Unidirectional s-t. expansions: 1,882, time: 6,934 [ms], path length: 36 [edges], generated: 3,128
[00:00:00:04:672] Path of length 36 found: [62, 53, 52, 43, 34, 35, 26, 17, 8, 7, 6, 15, 14, 13, 4, 3, 2, 11, 20, 21, 30, 31, 40, 41, 50, 59, 58, 57, 48, 47, 38, 37, 28, 27, 18, 9, 0]
[00:00:00:04:672] ! Unidirectional t-s. expansions: 1,243, time: 4,672 [ms], path length: 36 [edges], generated: 2,058
[00:00:00:07:821] Path of length 36 found: [0, 9, 18, 27, 28, 37, 38, 47, 56, 57, 58, 59, 50, 41, 40, 31, 30, 21, 20, 11, 2, 3, 4, 13, 14, 15, 6, 7, 8, 17, 26, 35, 34, 43, 52, 53, 62]
[00:00:00:08:214] ! Bidirectional. expansions: 1,905, time: 7,821 [ms], path length: 36 [edges], g_F: 19, g_B: 17, generated: 0, MM: 2, MMPER: 4.405405405405405%

[00:00:00:08:214] average expansions: (2,529, 5,299, 4,112, 0)
[00:00:00:08:214] average time: (9,567, 13,238, 14,123, 0)
[00:00:00:08:214] XDFBnB: 2,529 , 9,567 (expansions , time[ms])
[00:00:00:08:214] BiXDFBnB: 4,112 , 14,123 (expansions , time[ms])

