------------------------------------
Thu 01 Oct 2026 11:13:28 IDT
SLURM_JOBID:		21942985
SLURM_JOB_NODELIST:	ise-cpu256-10
SLURM_SCRATCH_DIR:	/scratch/shubit/21942985
Allocated Resouces:	cpu - 2 / mem - 61440 MB / gpu - 
SLURM_GPU_INDEX:	
Running as shubit from shimony account with normal QOS
------------------------------------
Thu 01 Oct 2026 11:13:28 IDT

SLURM_JOBID:		 21942985
SLURM_JOB_NODELIST:	 ise-cpu256-10 

--------------------------
date: SM_Grids
number_of_graphs: 10
graph_type: grid
size_of_graphs: [7, 8]
heuristic: bcc_heuristic
snake: True
run_uni: True
run_bi: True
run_multi: False
solution_vertices: []
algorithms: ['A']
lookahead: 3
bsd: False
cube_first_dims: 4
cube_buffer_dim: None
backward_sym_generation: False
sym_coil: False
prefix_set: None

---------- SM_Grids/7x8_grid_with_random_blocks_16per_0 ----------
[00:00:00:01:132] Path of length 31 found: [0, 1, 2, 3, 4, 5, 13, 14, 15, 23, 31, 30, 29, 28, 20, 19, 18, 17, 25, 24, 32, 40, 48, 49, 50, 42, 43, 44, 52, 53, 54, 55]
[00:00:00:01:133] ! Unidirectional s-t. expansions: 159, time: 1,132 [ms], path length: 31 [edges], generated: 1,324
[00:00:00:00:944] Path of length 31 found: [55, 47, 46, 45, 53, 52, 51, 50, 49, 48, 40, 32, 24, 25, 17, 18, 19, 27, 28, 29, 30, 31, 23, 15, 14, 13, 5, 4, 3, 2, 1, 0]
[00:00:00:00:944] ! Unidirectional t-s. expansions: 104, time: 944 [ms], path length: 31 [edges], generated: 822
[00:00:00:02:276] Path of length 31 found: [0, 1, 2, 3, 4, 5, 13, 14, 15, 23, 31, 30, 29, 28, 20, 19, 18, 17, 25, 24, 32, 40, 41, 42, 50, 51, 52, 53, 45, 46, 47, 55]
[00:00:00:02:724] ! Bidirectional. expansions: 189, time: 2,276 [ms], path length: 31 [edges], g_F: 18, g_B: 13, generated: 0, MM: 5, MMPER: 14.625%
[00:00:00:02:724] 
---------- SM_Grids/7x8_grid_with_random_blocks_16per_1 ----------
[00:00:00:01:341] Path of length 25 found: [0, 8, 16, 17, 25, 26, 34, 42, 43, 51, 52, 53, 45, 37, 36, 28, 20, 12, 13, 14, 22, 30, 31, 39, 47, 55]
[00:00:00:01:341] ! Unidirectional s-t. expansions: 94, time: 1,341 [ms], path length: 25 [edges], generated: 1,152
[00:00:00:00:962] Path of length 25 found: [55, 47, 39, 31, 30, 22, 14, 13, 12, 20, 28, 36, 37, 45, 53, 52, 51, 43, 42, 34, 26, 18, 10, 9, 1, 0]
[00:00:00:00:962] ! Unidirectional t-s. expansions: 66, time: 962 [ms], path length: 25 [edges], generated: 806
[00:00:00:02:932] Path of length 25 found: [0, 8, 16, 17, 25, 26, 34, 42, 43, 51, 52, 53, 45, 37, 36, 28, 20, 12, 13, 14, 22, 30, 31, 39, 47, 55]
[00:00:00:03:331] ! Bidirectional. expansions: 99, time: 2,932 [ms], path length: 25 [edges], g_F: 15, g_B: 10, generated: 0, MM: 5, MMPER: 18.23076923076923%
[00:00:00:03:331] 
---------- SM_Grids/7x8_grid_with_random_blocks_16per_2 ----------
[00:00:00:00:809] Path of length 27 found: [0, 1, 9, 17, 16, 24, 32, 40, 48, 49, 50, 51, 43, 35, 27, 28, 29, 21, 13, 5, 6, 7, 15, 23, 31, 39, 47, 55]
[00:00:00:00:809] ! Unidirectional s-t. expansions: 95, time: 809 [ms], path length: 27 [edges], generated: 847
[00:00:00:00:413] Path of length 27 found: [55, 47, 39, 31, 23, 15, 7, 6, 5, 4, 12, 20, 28, 27, 35, 43, 51, 50, 49, 41, 33, 32, 24, 16, 17, 9, 1, 0]
[00:00:00:00:414] ! Unidirectional t-s. expansions: 56, time: 413 [ms], path length: 27 [edges], generated: 370
[00:00:00:03:875] Path of length 27 found: [0, 1, 9, 17, 16, 24, 32, 40, 48, 49, 50, 51, 43, 35, 27, 28, 20, 12, 4, 5, 6, 7, 15, 23, 31, 39, 47, 55]
[00:00:00:04:253] ! Bidirectional. expansions: 445, time: 3,875 [ms], path length: 27 [edges], g_F: 16, g_B: 11, generated: 0, MM: 5, MMPER: 16.857142857142858%
[00:00:00:04:253] 
---------- SM_Grids/7x8_grid_with_random_blocks_16per_3 ----------
[00:00:00:00:981] Path of length 31 found: [0, 1, 2, 3, 4, 12, 13, 14, 15, 23, 31, 30, 29, 28, 27, 19, 18, 17, 16, 24, 32, 40, 48, 49, 50, 42, 43, 44, 45, 46, 47, 55]
[00:00:00:00:982] ! Unidirectional s-t. expansions: 104, time: 982 [ms], path length: 31 [edges], generated: 926
[00:00:00:01:123] Path of length 31 found: [55, 47, 46, 45, 53, 52, 51, 43, 42, 41, 33, 32, 24, 16, 17, 18, 19, 27, 28, 29, 30, 31, 23, 15, 14, 13, 12, 4, 3, 2, 1, 0]
[00:00:00:01:124] ! Unidirectional t-s. expansions: 136, time: 1,123 [ms], path length: 31 [edges], generated: 1,097
[00:00:00:01:502] Path of length 31 found: [0, 1, 2, 3, 4, 12, 13, 14, 15, 23, 31, 30, 29, 28, 27, 19, 18, 17, 16, 24, 32, 33, 41, 42, 43, 51, 52, 53, 45, 46, 47, 55]
[00:00:00:01:879] ! Bidirectional. expansions: 91, time: 1,502 [ms], path length: 31 [edges], g_F: 18, g_B: 13, generated: 0, MM: 5, MMPER: 14.625%
[00:00:00:01:879] 
---------- SM_Grids/7x8_grid_with_random_blocks_16per_4 ----------
[00:00:00:02:143] Path of length 29 found: [0, 8, 16, 24, 32, 40, 48, 49, 50, 51, 52, 53, 45, 37, 36, 35, 34, 26, 18, 19, 11, 12, 13, 14, 22, 30, 31, 39, 47, 55]
[00:00:00:02:143] ! Unidirectional s-t. expansions: 228, time: 2,143 [ms], path length: 29 [edges], generated: 2,106
[00:00:00:01:129] Path of length 29 found: [55, 47, 39, 31, 30, 22, 14, 13, 12, 20, 28, 36, 37, 45, 53, 52, 51, 50, 49, 48, 40, 32, 33, 34, 26, 18, 17, 9, 1, 0]
[00:00:00:01:130] ! Unidirectional t-s. expansions: 131, time: 1,129 [ms], path length: 29 [edges], generated: 1,142
[00:00:00:04:646] Path of length 29 found: [0, 1, 2, 3, 11, 12, 13, 14, 22, 30, 38, 37, 36, 35, 34, 26, 18, 17, 16, 24, 32, 40, 41, 49, 50, 51, 52, 53, 54, 55]
[00:00:00:05:031] ! Bidirectional. expansions: 249, time: 4,646 [ms], path length: 29 [edges], g_F: 15, g_B: 14, generated: 0, MM: 1, MMPER: 2.3333333333333335%
[00:00:00:05:031] 
---------- SM_Grids/7x8_grid_with_random_blocks_16per_5 ----------
[00:00:00:02:576] Path of length 29 found: [0, 8, 9, 10, 2, 3, 4, 5, 6, 14, 15, 23, 31, 39, 38, 37, 29, 21, 20, 19, 27, 26, 34, 42, 43, 44, 52, 53, 54, 55]
[00:00:00:02:577] ! Unidirectional s-t. expansions: 300, time: 2,576 [ms], path length: 29 [edges], generated: 2,747
[00:00:00:01:065] Path of length 29 found: [55, 54, 53, 52, 44, 43, 42, 34, 26, 27, 19, 20, 21, 29, 37, 38, 39, 31, 23, 15, 7, 6, 5, 4, 3, 2, 10, 9, 8, 0]
[00:00:00:01:066] ! Unidirectional t-s. expansions: 87, time: 1,066 [ms], path length: 29 [edges], generated: 1,047
[00:00:00:03:128] Path of length 29 found: [0, 8, 9, 10, 2, 3, 4, 5, 6, 14, 15, 23, 31, 39, 38, 37, 29, 21, 20, 19, 27, 26, 34, 42, 43, 44, 52, 53, 54, 55]
[00:00:00:03:512] ! Bidirectional. expansions: 155, time: 3,128 [ms], path length: 29 [edges], g_F: 17, g_B: 12, generated: 0, MM: 5, MMPER: 15.666666666666668%
[00:00:00:03:512] 
---------- SM_Grids/7x8_grid_with_random_blocks_16per_6 ----------
[00:00:00:02:404] Path of length 29 found: [0, 1, 2, 3, 4, 5, 6, 14, 15, 23, 31, 30, 29, 21, 20, 19, 18, 17, 16, 24, 32, 33, 34, 35, 43, 51, 52, 53, 54, 55]
[00:00:00:02:404] ! Unidirectional s-t. expansions: 438, time: 2,404 [ms], path length: 29 [edges], generated: 2,606
[00:00:00:02:062] Path of length 29 found: [55, 54, 53, 52, 44, 36, 37, 38, 30, 31, 23, 15, 7, 6, 5, 13, 21, 20, 19, 27, 26, 34, 33, 32, 24, 16, 17, 9, 1, 0]
[00:00:00:02:062] ! Unidirectional t-s. expansions: 218, time: 2,062 [ms], path length: 29 [edges], generated: 2,138
[00:00:00:04:064] Path of length 29 found: [0, 1, 9, 17, 16, 24, 32, 33, 34, 26, 27, 19, 11, 3, 4, 5, 6, 7, 15, 23, 31, 30, 38, 37, 36, 44, 52, 53, 54, 55]
[00:00:00:04:449] ! Bidirectional. expansions: 221, time: 4,064 [ms], path length: 29 [edges], g_F: 16, g_B: 13, generated: 0, MM: 3, MMPER: 9.0%
[00:00:00:04:449] 
---------- SM_Grids/7x8_grid_with_random_blocks_16per_7 ----------
[00:00:00:03:482] Path of length 27 found: [0, 1, 9, 17, 16, 24, 32, 40, 48, 49, 50, 42, 43, 44, 36, 28, 27, 19, 11, 12, 13, 14, 22, 30, 38, 46, 54, 55]
[00:00:00:03:483] ! Unidirectional s-t. expansions: 393, time: 3,482 [ms], path length: 27 [edges], generated: 3,829
[00:00:00:00:379] Path of length 27 found: [55, 47, 39, 38, 30, 22, 14, 13, 12, 11, 19, 27, 28, 36, 44, 52, 51, 50, 42, 34, 33, 32, 24, 16, 17, 9, 1, 0]
[00:00:00:00:379] ! Unidirectional t-s. expansions: 43, time: 379 [ms], path length: 27 [edges], generated: 335
[00:00:00:08:935] Path of length 27 found: [0, 1, 9, 17, 16, 24, 32, 40, 48, 49, 50, 51, 52, 44, 36, 28, 27, 19, 11, 12, 13, 14, 22, 30, 38, 39, 47, 55]
[00:00:00:09:315] ! Bidirectional. expansions: 667, time: 8,935 [ms], path length: 27 [edges], g_F: 14, g_B: 13, generated: 0, MM: 1, MMPER: 2.5714285714285716%
[00:00:00:09:315] 
---------- SM_Grids/7x8_grid_with_random_blocks_16per_8 ----------
[00:00:00:01:352] Path of length 27 found: [0, 8, 9, 10, 18, 26, 25, 33, 41, 42, 43, 35, 36, 28, 29, 21, 13, 5, 6, 7, 15, 23, 31, 39, 38, 46, 54, 55]
[00:00:00:01:352] ! Unidirectional s-t. expansions: 137, time: 1,352 [ms], path length: 27 [edges], generated: 1,340
[00:00:00:02:679] Path of length 27 found: [55, 47, 39, 31, 23, 15, 7, 6, 5, 4, 12, 20, 28, 29, 37, 45, 44, 43, 42, 41, 33, 25, 26, 18, 10, 9, 8, 0]
[00:00:00:02:679] ! Unidirectional t-s. expansions: 284, time: 2,679 [ms], path length: 27 [edges], generated: 2,776
[00:00:00:03:338] Path of length 27 found: [0, 8, 9, 10, 18, 26, 25, 33, 41, 42, 43, 35, 36, 28, 20, 12, 4, 5, 6, 7, 15, 23, 31, 39, 38, 46, 54, 55]
[00:00:00:03:717] ! Bidirectional. expansions: 193, time: 3,338 [ms], path length: 27 [edges], g_F: 13, g_B: 14, generated: 0, MM: 1, MMPER: 2.5714285714285716%
[00:00:00:03:718] 
---------- SM_Grids/7x8_grid_with_random_blocks_16per_9 ----------
[00:00:00:01:268] Path of length 25 found: [0, 8, 16, 17, 18, 10, 2, 3, 4, 12, 20, 28, 27, 35, 34, 42, 50, 51, 52, 44, 45, 37, 38, 39, 47, 55]
[00:00:00:01:268] ! Unidirectional s-t. expansions: 158, time: 1,268 [ms], path length: 25 [edges], generated: 1,229
[00:00:00:02:666] Path of length 25 found: [55, 47, 39, 38, 37, 45, 44, 52, 51, 50, 42, 34, 35, 27, 28, 20, 12, 4, 3, 2, 10, 18, 17, 16, 8, 0]
[00:00:00:02:666] ! Unidirectional t-s. expansions: 249, time: 2,666 [ms], path length: 25 [edges], generated: 2,643
[00:00:00:08:804] Path of length 25 found: [0, 8, 16, 17, 18, 10, 2, 3, 4, 12, 20, 28, 27, 35, 34, 42, 50, 51, 52, 44, 45, 37, 38, 39, 47, 55]
[00:00:00:09:182] ! Bidirectional. expansions: 433, time: 8,804 [ms], path length: 25 [edges], g_F: 12, g_B: 13, generated: 0, MM: 1, MMPER: 2.8461538461538463%

[00:00:00:09:182] average expansions: (211, 137, 274, 0)
[00:00:00:09:182] average time: (1,749, 1,342, 4,350, 0)
[00:00:00:09:182] XA*: 137 , 1,342 (expansions , time[ms])
[00:00:00:09:182] BiXA*: 274 , 4,350 (expansions , time[ms])

