------------------------------------
Thu 01 Oct 2026 14:22:58 IDT
SLURM_JOBID:		21950205
SLURM_JOB_NODELIST:	ise-cpu256-06
SLURM_SCRATCH_DIR:	/scratch/shubit/21950205
Allocated Resouces:	cpu - 2 / mem - 61440 MB / gpu - 
SLURM_GPU_INDEX:	
Running as shubit from shimony account with normal QOS
------------------------------------
Thu 01 Oct 2026 14:22:58 IDT

SLURM_JOBID:		 21950205
SLURM_JOB_NODELIST:	 ise-cpu256-06 

--------------------------
date: SM_Grids
number_of_graphs: 10
graph_type: grid
size_of_graphs: [7, 8]
heuristic: bcc_heuristic
snake: True
run_uni: True
run_bi: True
run_multi: False
solution_vertices: []
algorithms: ['DFBnB']
lookahead: -2
bsd: False
cube_first_dims: 4
cube_buffer_dim: None
backward_sym_generation: False
sym_coil: False
prefix_set: None

---------- SM_Grids/7x8_grid_with_random_blocks_8per_0 ----------
[00:00:00:06:480] Path of length 31 found: [0, 8, 16, 24, 32, 33, 34, 42, 50, 51, 52, 53, 45, 37, 36, 28, 27, 19, 18, 10, 2, 3, 4, 12, 13, 14, 22, 30, 31, 39, 47, 55]
[00:00:00:06:480] ! Unidirectional s-t. expansions: 1,631, time: 6,480 [ms], path length: 31 [edges], generated: 2,914
[00:00:00:05:428] Path of length 31 found: [55, 47, 39, 31, 30, 22, 14, 6, 5, 4, 3, 11, 19, 20, 28, 36, 37, 45, 53, 52, 51, 50, 42, 34, 33, 32, 24, 16, 17, 9, 1, 0]
[00:00:00:05:428] ! Unidirectional t-s. expansions: 1,538, time: 5,428 [ms], path length: 31 [edges], generated: 2,536
[00:00:00:07:034] Path of length 31 found: [0, 8, 16, 24, 25, 33, 34, 42, 50, 51, 52, 53, 45, 37, 36, 28, 27, 19, 18, 10, 2, 3, 4, 5, 13, 14, 22, 30, 31, 39, 47, 55]
[00:00:00:07:475] ! Bidirectional. expansions: 1,799, time: 7,034 [ms], path length: 31 [edges], g_F: 25, g_B: 6, generated: 0, MM: 19, MMPER: 58.375%
[00:00:00:07:475] 
---------- SM_Grids/7x8_grid_with_random_blocks_8per_1 ----------
[00:00:00:03:156] Path of length 33 found: [0, 1, 2, 3, 11, 12, 13, 5, 6, 7, 15, 23, 22, 30, 29, 28, 27, 26, 18, 17, 16, 24, 32, 40, 41, 42, 43, 51, 52, 53, 45, 46, 47, 55]
[00:00:00:03:156] ! Unidirectional s-t. expansions: 796, time: 3,156 [ms], path length: 33 [edges], generated: 1,375
[00:00:00:06:046] Path of length 33 found: [55, 47, 39, 38, 37, 45, 53, 52, 51, 43, 42, 41, 40, 32, 24, 16, 17, 18, 26, 27, 28, 20, 21, 22, 23, 15, 7, 6, 5, 4, 3, 2, 1, 0]
[00:00:00:06:047] ! Unidirectional t-s. expansions: 1,447, time: 6,046 [ms], path length: 33 [edges], generated: 2,395
[00:00:00:05:970] Path of length 33 found: [0, 1, 2, 3, 11, 12, 13, 5, 6, 7, 15, 23, 22, 30, 29, 28, 27, 26, 18, 17, 16, 24, 32, 40, 41, 42, 43, 51, 52, 53, 45, 46, 47, 55]
[00:00:00:06:417] ! Bidirectional. expansions: 1,742, time: 5,970 [ms], path length: 33 [edges], g_F: 30, g_B: 3, generated: 0, MM: 27, MMPER: 78.41176470588235%
[00:00:00:06:417] 
---------- SM_Grids/7x8_grid_with_random_blocks_8per_2 ----------
[00:00:00:08:586] Path of length 31 found: [0, 1, 2, 3, 11, 12, 13, 21, 22, 23, 31, 39, 38, 37, 36, 28, 27, 26, 18, 17, 16, 24, 32, 40, 41, 49, 50, 51, 52, 53, 54, 55]
[00:00:00:08:586] ! Unidirectional s-t. expansions: 1,958, time: 8,586 [ms], path length: 31 [edges], generated: 3,744
[00:00:00:10:256] Path of length 31 found: [55, 54, 53, 52, 51, 50, 42, 41, 33, 32, 24, 16, 17, 18, 26, 27, 35, 36, 37, 38, 39, 31, 23, 22, 21, 13, 12, 11, 3, 2, 1, 0]
[00:00:00:10:257] ! Unidirectional t-s. expansions: 3,266, time: 10,257 [ms], path length: 31 [edges], generated: 4,882
[00:00:00:11:473] Path of length 31 found: [0, 1, 2, 3, 11, 12, 13, 21, 22, 23, 31, 39, 38, 37, 36, 28, 27, 26, 18, 17, 16, 24, 32, 40, 41, 42, 43, 51, 52, 53, 54, 55]
[00:00:00:11:898] ! Bidirectional. expansions: 2,688, time: 11,473 [ms], path length: 31 [edges], g_F: 24, g_B: 7, generated: 0, MM: 17, MMPER: 52.125%
[00:00:00:11:898] 
---------- SM_Grids/7x8_grid_with_random_blocks_8per_3 ----------
[00:00:00:07:262] Path of length 33 found: [0, 1, 9, 10, 11, 3, 4, 5, 6, 7, 15, 23, 22, 21, 20, 28, 27, 26, 34, 33, 32, 40, 48, 49, 50, 51, 43, 44, 45, 37, 38, 39, 47, 55]
[00:00:00:07:263] ! Unidirectional s-t. expansions: 1,888, time: 7,262 [ms], path length: 33 [edges], generated: 3,092
[00:00:00:06:390] Path of length 33 found: [55, 47, 39, 38, 37, 45, 44, 43, 51, 50, 49, 48, 40, 32, 24, 16, 17, 18, 26, 27, 28, 20, 21, 22, 23, 15, 7, 6, 5, 4, 3, 2, 1, 0]
[00:00:00:06:390] ! Unidirectional t-s. expansions: 1,698, time: 6,390 [ms], path length: 33 [edges], generated: 2,898
[00:00:00:04:717] Path of length 33 found: [0, 1, 9, 10, 11, 3, 4, 5, 6, 7, 15, 23, 22, 21, 20, 28, 27, 26, 34, 33, 32, 40, 48, 49, 50, 51, 43, 44, 45, 37, 38, 39, 47, 55]
[00:00:00:05:138] ! Bidirectional. expansions: 1,184, time: 4,717 [ms], path length: 33 [edges], g_F: 29, g_B: 4, generated: 0, MM: 25, MMPER: 72.52941176470588%
[00:00:00:05:139] 
---------- SM_Grids/7x8_grid_with_random_blocks_8per_4 ----------
[00:00:00:05:962] Path of length 31 found: [0, 1, 2, 10, 11, 19, 27, 26, 25, 24, 32, 40, 48, 49, 50, 42, 43, 44, 36, 37, 29, 21, 13, 5, 6, 7, 15, 23, 31, 39, 47, 55]
[00:00:00:05:963] ! Unidirectional s-t. expansions: 1,782, time: 5,963 [ms], path length: 31 [edges], generated: 2,687
[00:00:00:04:707] Path of length 31 found: [55, 47, 39, 31, 23, 15, 7, 6, 5, 13, 21, 20, 19, 27, 35, 36, 37, 45, 53, 52, 51, 50, 42, 41, 33, 32, 24, 16, 17, 9, 1, 0]
[00:00:00:04:708] ! Unidirectional t-s. expansions: 1,716, time: 4,707 [ms], path length: 31 [edges], generated: 2,395
[00:00:00:03:969] Path of length 31 found: [0, 1, 2, 10, 11, 19, 27, 26, 25, 24, 32, 40, 48, 49, 50, 51, 52, 44, 36, 37, 29, 21, 13, 5, 6, 7, 15, 23, 31, 39, 47, 55]
[00:00:00:04:384] ! Bidirectional. expansions: 1,111, time: 3,969 [ms], path length: 31 [edges], g_F: 7, g_B: 24, generated: 0, MM: 17, MMPER: 52.125%
[00:00:00:04:385] 
---------- SM_Grids/7x8_grid_with_random_blocks_8per_5 ----------
[00:00:00:11:277] Path of length 33 found: [0, 1, 2, 3, 11, 12, 13, 5, 6, 7, 15, 23, 22, 30, 38, 37, 36, 28, 27, 26, 18, 17, 16, 24, 32, 40, 48, 49, 50, 51, 52, 53, 54, 55]
[00:00:00:11:278] ! Unidirectional s-t. expansions: 3,222, time: 11,278 [ms], path length: 33 [edges], generated: 5,292
[00:00:00:11:054] Path of length 33 found: [55, 54, 53, 52, 51, 50, 49, 48, 40, 32, 24, 16, 17, 18, 26, 27, 28, 36, 37, 38, 39, 31, 23, 15, 7, 6, 5, 13, 12, 11, 3, 2, 1, 0]
[00:00:00:11:054] ! Unidirectional t-s. expansions: 2,973, time: 11,054 [ms], path length: 33 [edges], generated: 5,106
[00:00:00:11:691] Path of length 33 found: [0, 1, 2, 3, 11, 12, 13, 5, 6, 7, 15, 23, 22, 30, 38, 37, 36, 28, 27, 26, 18, 17, 16, 24, 32, 40, 48, 49, 50, 51, 52, 53, 54, 55]
[00:00:00:12:106] ! Bidirectional. expansions: 3,599, time: 11,691 [ms], path length: 33 [edges], g_F: 20, g_B: 13, generated: 0, MM: 7, MMPER: 19.58823529411765%
[00:00:00:12:106] 
---------- SM_Grids/7x8_grid_with_random_blocks_8per_6 ----------
[00:00:00:14:875] Path of length 29 found: [0, 1, 2, 10, 18, 17, 16, 24, 32, 40, 48, 49, 50, 42, 34, 35, 27, 28, 20, 21, 22, 23, 31, 39, 38, 37, 45, 53, 54, 55]
[00:00:00:14:875] ! Unidirectional s-t. expansions: 3,740, time: 14,875 [ms], path length: 29 [edges], generated: 7,335
[00:00:00:06:540] Path of length 29 found: [55, 54, 53, 45, 37, 38, 39, 31, 23, 22, 21, 20, 12, 11, 10, 18, 26, 27, 35, 43, 51, 50, 49, 41, 33, 32, 24, 16, 8, 0]
[00:00:00:06:540] ! Unidirectional t-s. expansions: 2,040, time: 6,540 [ms], path length: 29 [edges], generated: 3,081
[00:00:00:17:761] Path of length 29 found: [0, 1, 2, 10, 18, 17, 16, 24, 32, 40, 48, 49, 50, 42, 34, 35, 27, 28, 20, 21, 22, 23, 31, 39, 38, 37, 45, 53, 54, 55]
[00:00:00:18:175] ! Bidirectional. expansions: 4,890, time: 17,762 [ms], path length: 29 [edges], g_F: 25, g_B: 4, generated: 0, MM: 21, MMPER: 69.0%
[00:00:00:18:175] 
---------- SM_Grids/7x8_grid_with_random_blocks_8per_7 ----------
[00:00:00:11:737] Path of length 31 found: [0, 1, 2, 10, 18, 17, 16, 24, 32, 40, 41, 42, 43, 51, 52, 53, 45, 37, 36, 28, 20, 12, 4, 5, 6, 7, 15, 23, 31, 39, 47, 55]
[00:00:00:11:737] ! Unidirectional s-t. expansions: 3,310, time: 11,737 [ms], path length: 31 [edges], generated: 5,610
[00:00:00:14:584] Path of length 31 found: [55, 47, 46, 45, 53, 52, 51, 43, 35, 34, 33, 32, 24, 16, 17, 18, 19, 20, 28, 29, 30, 31, 23, 15, 7, 6, 5, 4, 3, 2, 1, 0]
[00:00:00:14:585] ! Unidirectional t-s. expansions: 4,320, time: 14,584 [ms], path length: 31 [edges], generated: 6,893
[00:00:00:10:192] Path of length 31 found: [0, 1, 2, 10, 18, 17, 16, 24, 32, 40, 41, 42, 43, 51, 52, 53, 45, 37, 36, 28, 20, 12, 4, 5, 6, 14, 22, 30, 31, 39, 47, 55]
[00:00:00:10:606] ! Bidirectional. expansions: 3,170, time: 10,192 [ms], path length: 31 [edges], g_F: 25, g_B: 6, generated: 0, MM: 19, MMPER: 58.375%
[00:00:00:10:607] 
---------- SM_Grids/7x8_grid_with_random_blocks_8per_8 ----------
[00:00:00:14:241] Path of length 29 found: [0, 8, 16, 24, 32, 40, 41, 42, 34, 35, 27, 19, 18, 10, 2, 3, 4, 12, 13, 14, 15, 23, 31, 30, 29, 37, 45, 53, 54, 55]
[00:00:00:14:241] ! Unidirectional s-t. expansions: 5,330, time: 14,241 [ms], path length: 29 [edges], generated: 8,173
[00:00:00:21:774] Path of length 29 found: [55, 54, 46, 45, 37, 29, 30, 22, 23, 15, 7, 6, 5, 13, 12, 11, 10, 18, 26, 27, 35, 43, 42, 41, 33, 32, 24, 16, 8, 0]
[00:00:00:21:774] ! Unidirectional t-s. expansions: 6,412, time: 21,774 [ms], path length: 29 [edges], generated: 11,899
[00:00:00:15:090] Path of length 29 found: [0, 8, 16, 24, 32, 40, 41, 42, 34, 35, 27, 19, 18, 10, 2, 3, 4, 5, 6, 7, 15, 23, 22, 30, 29, 37, 45, 53, 54, 55]
[00:00:00:15:500] ! Bidirectional. expansions: 4,710, time: 15,090 [ms], path length: 29 [edges], g_F: 12, g_B: 17, generated: 0, MM: 5, MMPER: 15.666666666666668%
[00:00:00:15:500] 
---------- SM_Grids/7x8_grid_with_random_blocks_8per_9 ----------
[00:00:00:14:901] Path of length 31 found: [0, 8, 16, 24, 32, 40, 41, 49, 50, 51, 43, 35, 34, 26, 18, 10, 11, 3, 4, 5, 13, 14, 15, 23, 31, 30, 29, 37, 45, 46, 54, 55]
[00:00:00:14:901] ! Unidirectional s-t. expansions: 3,811, time: 14,901 [ms], path length: 31 [edges], generated: 6,658
[00:00:00:19:749] Path of length 31 found: [55, 54, 46, 38, 39, 31, 23, 15, 7, 6, 5, 4, 3, 11, 10, 18, 26, 27, 28, 36, 44, 52, 51, 50, 42, 41, 33, 32, 24, 16, 8, 0]
[00:00:00:19:749] ! Unidirectional t-s. expansions: 5,551, time: 19,749 [ms], path length: 31 [edges], generated: 9,446
[00:00:00:20:526] Path of length 31 found: [0, 8, 16, 24, 32, 40, 41, 49, 50, 51, 43, 35, 27, 26, 18, 10, 11, 3, 4, 5, 6, 7, 15, 23, 22, 30, 29, 37, 45, 46, 54, 55]
[00:00:00:20:933] ! Bidirectional. expansions: 5,744, time: 20,526 [ms], path length: 31 [edges], g_F: 13, g_B: 18, generated: 0, MM: 5, MMPER: 14.625%

[00:00:00:20:933] average expansions: (2,747, 3,096, 3,064, 0)
[00:00:00:20:933] average time: (9,848, 10,653, 10,842, 0)
[00:00:00:20:933] XDFBnB: 2,747 , 9,848 (expansions , time[ms])
[00:00:00:20:933] BiXDFBnB: 3,064 , 10,842 (expansions , time[ms])

