------------------------------------
Thu 01 Oct 2026 17:30:53 IDT
SLURM_JOBID:		21953656
SLURM_JOB_NODELIST:	ise-cpu256-04
SLURM_SCRATCH_DIR:	/scratch/shubit/21953656
Allocated Resouces:	cpu - 2 / mem - 61440 MB / gpu - 
SLURM_GPU_INDEX:	
Running as shubit from shimony account with normal QOS
------------------------------------
Thu 01 Oct 2026 17:30:53 IDT

SLURM_JOBID:		 21953656
SLURM_JOB_NODELIST:	 ise-cpu256-04 

--------------------------
date: SM_Grids
number_of_graphs: 10
graph_type: grid
size_of_graphs: [7, 8]
heuristic: bcc_heuristic
snake: True
run_uni: True
run_bi: True
run_multi: False
solution_vertices: []
algorithms: ['XMM']
lookahead: 2
bsd: False
cube_first_dims: 4
cube_buffer_dim: None
backward_sym_generation: False
sym_coil: False
prefix_set: None

---------- SM_Grids/7x8_grid_with_random_blocks_16per_0 ----------
[00:00:00:01:237] Path of length 31 found: [0, 1, 2, 3, 4, 5, 13, 14, 15, 23, 31, 30, 29, 28, 20, 19, 18, 17, 25, 24, 32, 40, 48, 49, 50, 42, 43, 44, 52, 53, 54, 55]
[00:00:00:01:237] ! Unidirectional s-t. expansions: 225, time: 1,237 [ms], path length: 31 [edges], generated: 842
[00:00:00:01:261] Path of length 31 found: [55, 47, 46, 45, 53, 52, 51, 50, 42, 41, 40, 32, 24, 25, 17, 18, 19, 27, 28, 29, 30, 31, 23, 15, 14, 13, 5, 4, 3, 2, 1, 0]
[00:00:00:01:262] ! Unidirectional t-s. expansions: 155, time: 1,261 [ms], path length: 31 [edges], generated: 607
[00:00:00:00:114] Expansion 20: New longest path found with length 13: [0, 1, 2, 3, 4, 5, 13, 14, 15, 23, 31, 39, 47, 55]. g_current=5, g_opposite=8, f_max=37, generated=31
[00:00:00:00:345] Expansion 72: New longest path found with length 17: [0, 1, 2, 3, 4, 5, 13, 14, 15, 23, 31, 30, 29, 37, 45, 46, 47, 55]. g_current=4, g_opposite=13, f_max=34, generated=113
[00:00:00:00:430] Expansion 87: New longest path found with length 19: [0, 1, 2, 3, 4, 5, 13, 14, 15, 23, 31, 30, 29, 37, 36, 44, 52, 53, 54, 55]. g_current=14, g_opposite=5, f_max=34, generated=143
[00:00:00:00:472] Expansion 97: New longest path found with length 23: [0, 1, 2, 3, 4, 12, 20, 19, 18, 17, 25, 24, 32, 40, 48, 49, 50, 51, 52, 53, 45, 46, 47, 55]. g_current=15, g_opposite=8, f_max=35, generated=160
[00:00:00:00:673] Expansion 149: New longest path found with length 31: [0, 1, 2, 3, 4, 5, 13, 14, 15, 23, 31, 30, 29, 28, 20, 19, 18, 17, 25, 24, 32, 40, 41, 42, 50, 51, 52, 53, 45, 46, 47, 55]. g_current=15, g_opposite=16, f_max=33, generated=236
[00:00:00:02:181] Path of length 31 found: [0, 1, 2, 3, 4, 5, 13, 14, 15, 23, 31, 30, 29, 28, 20, 19, 18, 17, 25, 24, 32, 40, 41, 42, 50, 51, 52, 53, 45, 46, 47, 55]
[00:00:00:02:618] ! Bidirectional. expansions: 494, time: 2,181 [ms], path length: 31 [edges], g_F: 16, g_B: 15, generated: 805, MM: 1, MMPER: 2.125%
[00:00:00:02:618] 
---------- SM_Grids/7x8_grid_with_random_blocks_16per_1 ----------
[00:00:00:01:054] Path of length 25 found: [0, 8, 16, 17, 25, 26, 34, 42, 43, 51, 52, 53, 45, 37, 36, 28, 20, 12, 13, 14, 22, 30, 31, 39, 47, 55]
[00:00:00:01:054] ! Unidirectional s-t. expansions: 128, time: 1,054 [ms], path length: 25 [edges], generated: 679
[00:00:00:01:095] Path of length 25 found: [55, 47, 39, 31, 30, 22, 14, 13, 12, 20, 28, 36, 37, 45, 53, 52, 51, 43, 42, 34, 26, 18, 10, 9, 1, 0]
[00:00:00:01:096] ! Unidirectional t-s. expansions: 89, time: 1,095 [ms], path length: 25 [edges], generated: 528
[00:00:00:00:242] Expansion 33: New longest path found with length 13: [0, 8, 9, 10, 11, 12, 13, 14, 22, 30, 31, 39, 47, 55]. g_current=9, g_opposite=4, f_max=28, generated=61
[00:00:00:00:549] Expansion 69: New longest path found with length 17: [0, 8, 16, 17, 25, 26, 34, 42, 43, 51, 52, 53, 45, 37, 38, 39, 47, 55]. g_current=12, g_opposite=5, f_max=28, generated=132
[00:00:00:00:759] Expansion 105: New longest path found with length 25: [0, 8, 16, 17, 25, 26, 34, 42, 43, 51, 52, 53, 45, 37, 36, 28, 20, 12, 13, 14, 22, 30, 31, 39, 47, 55]. g_current=12, g_opposite=13, f_max=27, generated=202
[00:00:00:01:778] Path of length 25 found: [0, 8, 16, 17, 25, 26, 34, 42, 43, 51, 52, 53, 45, 37, 36, 28, 20, 12, 13, 14, 22, 30, 31, 39, 47, 55]
[00:00:00:02:275] ! Bidirectional. expansions: 271, time: 1,778 [ms], path length: 25 [edges], g_F: 13, g_B: 12, generated: 534, MM: 1, MMPER: 2.8461538461538463%
[00:00:00:02:276] 
---------- SM_Grids/7x8_grid_with_random_blocks_16per_2 ----------
[00:00:00:01:159] Path of length 27 found: [0, 1, 9, 17, 16, 24, 32, 40, 48, 49, 50, 51, 43, 35, 27, 28, 29, 21, 13, 5, 6, 7, 15, 23, 31, 39, 47, 55]
[00:00:00:01:159] ! Unidirectional s-t. expansions: 158, time: 1,159 [ms], path length: 27 [edges], generated: 724
[00:00:00:00:594] Path of length 27 found: [55, 47, 39, 31, 23, 15, 7, 6, 5, 4, 12, 20, 28, 27, 35, 43, 51, 50, 49, 41, 33, 32, 24, 16, 17, 9, 1, 0]
[00:00:00:00:594] ! Unidirectional t-s. expansions: 88, time: 594 [ms], path length: 27 [edges], generated: 331
[00:00:00:00:309] Expansion 59: New longest path found with length 17: [0, 1, 2, 3, 4, 5, 6, 7, 15, 23, 22, 21, 29, 37, 38, 39, 47, 55]. g_current=15, g_opposite=2, f_max=35, generated=97
[00:00:00:00:694] Expansion 131: New longest path found with length 21: [0, 1, 9, 17, 16, 24, 32, 40, 48, 49, 50, 51, 43, 35, 27, 28, 29, 37, 38, 39, 47, 55]. g_current=14, g_opposite=7, f_max=33, generated=208
[00:00:00:00:898] Expansion 184: New longest path found with length 27: [0, 1, 9, 17, 16, 24, 32, 40, 48, 49, 50, 51, 43, 35, 27, 28, 20, 12, 4, 5, 6, 7, 15, 23, 31, 39, 47, 55]. g_current=11, g_opposite=16, f_max=32, generated=296
[00:00:00:01:807] Path of length 27 found: [0, 1, 9, 17, 16, 24, 32, 40, 48, 49, 50, 51, 43, 35, 27, 28, 20, 12, 4, 5, 6, 7, 15, 23, 31, 39, 47, 55]
[00:00:00:02:311] ! Bidirectional. expansions: 392, time: 1,807 [ms], path length: 27 [edges], g_F: 16, g_B: 11, generated: 619, MM: 5, MMPER: 16.857142857142858%
[00:00:00:02:311] 
---------- SM_Grids/7x8_grid_with_random_blocks_16per_3 ----------
[00:00:00:01:241] Path of length 31 found: [0, 1, 2, 3, 4, 12, 13, 14, 15, 23, 31, 30, 29, 28, 27, 19, 18, 17, 16, 24, 32, 40, 48, 49, 50, 42, 43, 44, 45, 46, 47, 55]
[00:00:00:01:242] ! Unidirectional s-t. expansions: 159, time: 1,241 [ms], path length: 31 [edges], generated: 658
[00:00:00:01:250] Path of length 31 found: [55, 47, 46, 45, 53, 52, 51, 43, 42, 34, 33, 32, 24, 16, 17, 18, 19, 27, 28, 29, 30, 31, 23, 15, 14, 13, 12, 4, 3, 2, 1, 0]
[00:00:00:01:251] ! Unidirectional t-s. expansions: 166, time: 1,250 [ms], path length: 31 [edges], generated: 677
[00:00:00:00:182] Expansion 30: New longest path found with length 13: [0, 1, 2, 3, 4, 12, 13, 14, 15, 23, 31, 39, 47, 55]. g_current=7, g_opposite=6, f_max=35, generated=52
[00:00:00:00:215] Expansion 37: New longest path found with length 17: [0, 1, 9, 17, 16, 24, 32, 40, 48, 49, 50, 51, 52, 53, 45, 46, 47, 55]. g_current=10, g_opposite=7, f_max=35, generated=62
[00:00:00:00:726] Expansion 135: New longest path found with length 21: [0, 1, 2, 3, 11, 19, 18, 17, 16, 24, 32, 40, 48, 49, 50, 51, 52, 53, 45, 46, 47, 55]. g_current=13, g_opposite=8, f_max=34, generated=226
[00:00:00:00:896] Expansion 172: New longest path found with length 27: [0, 1, 9, 17, 16, 24, 32, 40, 48, 49, 50, 42, 43, 44, 36, 28, 20, 21, 13, 14, 15, 23, 31, 30, 38, 46, 47, 55]. g_current=14, g_opposite=13, f_max=33, generated=289
[00:00:00:01:122] Expansion 221: New longest path found with length 29: [0, 1, 2, 3, 11, 19, 18, 17, 16, 24, 32, 40, 48, 49, 50, 42, 43, 44, 36, 28, 29, 21, 13, 14, 15, 23, 31, 39, 47, 55]. g_current=12, g_opposite=17, f_max=32, generated=367
[00:00:00:01:155] Expansion 228: New longest path found with length 31: [0, 1, 2, 3, 4, 12, 13, 14, 15, 23, 31, 30, 29, 28, 27, 19, 18, 17, 16, 24, 32, 33, 41, 42, 43, 51, 52, 53, 45, 46, 47, 55]. g_current=14, g_opposite=17, f_max=32, generated=379
[00:00:00:01:946] Path of length 31 found: [0, 1, 2, 3, 4, 12, 13, 14, 15, 23, 31, 30, 29, 28, 27, 19, 18, 17, 16, 24, 32, 33, 41, 42, 43, 51, 52, 53, 45, 46, 47, 55]
[00:00:00:02:447] ! Bidirectional. expansions: 386, time: 1,946 [ms], path length: 31 [edges], g_F: 17, g_B: 14, generated: 634, MM: 3, MMPER: 8.375%
[00:00:00:02:447] 
---------- SM_Grids/7x8_grid_with_random_blocks_16per_4 ----------
[00:00:00:02:860] Path of length 29 found: [0, 8, 16, 24, 32, 40, 48, 49, 50, 51, 52, 53, 45, 37, 36, 35, 34, 26, 18, 19, 11, 12, 13, 14, 22, 30, 31, 39, 47, 55]
[00:00:00:02:861] ! Unidirectional s-t. expansions: 348, time: 2,861 [ms], path length: 29 [edges], generated: 1,535
[00:00:00:01:456] Path of length 29 found: [55, 47, 39, 31, 30, 22, 14, 13, 12, 11, 19, 18, 26, 34, 35, 36, 37, 45, 53, 52, 51, 50, 49, 41, 40, 32, 24, 16, 8, 0]
[00:00:00:01:457] ! Unidirectional t-s. expansions: 183, time: 1,457 [ms], path length: 29 [edges], generated: 810
[00:00:00:00:245] Expansion 30: New longest path found with length 13: [0, 1, 2, 3, 11, 12, 13, 14, 22, 30, 31, 39, 47, 55]. g_current=5, g_opposite=8, f_max=36, generated=52
[00:00:00:00:388] Expansion 58: New longest path found with length 15: [0, 1, 9, 17, 16, 24, 32, 40, 41, 49, 50, 51, 52, 53, 54, 55]. g_current=11, g_opposite=4, f_max=34, generated=102
[00:00:00:00:586] Expansion 98: New longest path found with length 19: [0, 1, 2, 3, 11, 12, 13, 14, 22, 30, 38, 37, 36, 35, 43, 51, 52, 53, 54, 55]. g_current=7, g_opposite=12, f_max=33, generated=173
[00:00:00:00:922] Expansion 180: New longest path found with length 25: [0, 1, 9, 17, 16, 24, 32, 40, 48, 49, 50, 42, 34, 35, 36, 28, 20, 12, 13, 14, 22, 30, 31, 39, 47, 55]. g_current=11, g_opposite=14, f_max=32, generated=298
[00:00:00:00:941] Expansion 185: New longest path found with length 27: [0, 1, 9, 17, 16, 24, 32, 40, 48, 49, 50, 51, 52, 53, 45, 37, 36, 28, 20, 12, 13, 14, 22, 30, 31, 39, 47, 55]. g_current=16, g_opposite=11, f_max=32, generated=305
[00:00:00:02:466] Expansion 524: New longest path found with length 29: [0, 1, 9, 17, 18, 26, 34, 33, 32, 40, 48, 49, 50, 51, 52, 53, 45, 37, 36, 28, 20, 12, 13, 14, 22, 30, 31, 39, 47, 55]. g_current=13, g_opposite=16, f_max=31, generated=908
[00:00:00:03:012] Path of length 29 found: [0, 1, 9, 17, 18, 26, 34, 33, 32, 40, 48, 49, 50, 51, 52, 53, 45, 37, 36, 28, 20, 12, 13, 14, 22, 30, 31, 39, 47, 55]
[00:00:00:03:396] ! Bidirectional. expansions: 654, time: 3,012 [ms], path length: 29 [edges], g_F: 13, g_B: 16, generated: 1,145, MM: 3, MMPER: 9.0%
[00:00:00:03:396] 
---------- SM_Grids/7x8_grid_with_random_blocks_16per_5 ----------
[00:00:00:02:963] Path of length 29 found: [0, 8, 9, 10, 2, 3, 4, 5, 6, 14, 15, 23, 31, 39, 38, 37, 29, 21, 20, 19, 27, 26, 34, 42, 43, 44, 52, 53, 54, 55]
[00:00:00:02:964] ! Unidirectional s-t. expansions: 440, time: 2,963 [ms], path length: 29 [edges], generated: 2,069
[00:00:00:01:464] Path of length 29 found: [55, 54, 53, 52, 44, 43, 42, 34, 26, 27, 19, 20, 21, 29, 37, 38, 39, 31, 23, 15, 7, 6, 5, 4, 3, 2, 10, 9, 8, 0]
[00:00:00:01:464] ! Unidirectional t-s. expansions: 151, time: 1,464 [ms], path length: 29 [edges], generated: 785
[00:00:00:00:201] Expansion 37: New longest path found with length 21: [0, 8, 16, 17, 18, 10, 2, 3, 4, 5, 6, 7, 15, 23, 31, 30, 38, 37, 45, 53, 54, 55]. g_current=8, g_opposite=13, f_max=36, generated=56
[00:00:00:00:325] Expansion 58: New longest path found with length 23: [0, 8, 16, 17, 18, 26, 27, 28, 20, 21, 13, 5, 6, 7, 15, 23, 31, 30, 38, 37, 45, 53, 54, 55]. g_current=17, g_opposite=6, f_max=35, generated=95
[00:00:00:01:980] Expansion 413: New longest path found with length 27: [0, 8, 9, 10, 2, 3, 4, 5, 6, 14, 15, 23, 31, 39, 38, 37, 29, 28, 27, 26, 34, 42, 43, 44, 52, 53, 54, 55]. g_current=10, g_opposite=17, f_max=32, generated=702
[00:00:00:02:581] Expansion 577: New longest path found with length 29: [0, 8, 9, 10, 2, 3, 4, 5, 6, 14, 15, 23, 31, 39, 38, 37, 29, 21, 20, 19, 27, 26, 34, 42, 43, 44, 52, 53, 54, 55]. g_current=12, g_opposite=17, f_max=31, generated=958
[00:00:00:03:210] Path of length 29 found: [0, 8, 9, 10, 2, 3, 4, 5, 6, 14, 15, 23, 31, 39, 38, 37, 29, 21, 20, 19, 27, 26, 34, 42, 43, 44, 52, 53, 54, 55]
[00:00:00:03:704] ! Bidirectional. expansions: 674, time: 3,210 [ms], path length: 29 [edges], g_F: 17, g_B: 12, generated: 1,153, MM: 5, MMPER: 15.666666666666668%
[00:00:00:03:704] 
---------- SM_Grids/7x8_grid_with_random_blocks_16per_6 ----------
[00:00:00:02:791] Path of length 29 found: [0, 1, 2, 3, 4, 5, 6, 14, 15, 23, 31, 30, 29, 21, 20, 19, 18, 17, 16, 24, 32, 33, 34, 35, 43, 51, 52, 53, 54, 55]
[00:00:00:02:792] ! Unidirectional s-t. expansions: 380, time: 2,791 [ms], path length: 29 [edges], generated: 1,685
[00:00:00:03:105] Path of length 29 found: [55, 54, 53, 52, 44, 36, 37, 38, 30, 31, 23, 15, 7, 6, 5, 13, 21, 20, 19, 27, 26, 34, 33, 32, 24, 16, 17, 9, 1, 0]
[00:00:00:03:106] ! Unidirectional t-s. expansions: 358, time: 3,105 [ms], path length: 29 [edges], generated: 1,681
[00:00:00:00:232] Expansion 30: New longest path found with length 15: [0, 1, 9, 17, 16, 24, 32, 33, 34, 35, 43, 51, 52, 53, 54, 55]. g_current=8, g_opposite=7, f_max=35, generated=53
[00:00:00:00:303] Expansion 42: New longest path found with length 17: [0, 1, 2, 3, 11, 12, 13, 5, 6, 7, 15, 23, 31, 30, 38, 46, 54, 55]. g_current=11, g_opposite=6, f_max=34, generated=75
[00:00:00:00:402] Expansion 58: New longest path found with length 25: [0, 1, 9, 17, 16, 24, 32, 33, 34, 26, 27, 19, 20, 21, 13, 5, 6, 7, 15, 23, 31, 30, 38, 46, 54, 55]. g_current=11, g_opposite=14, f_max=34, generated=105
[00:00:00:00:917] Expansion 170: New longest path found with length 29: [0, 1, 9, 17, 16, 24, 32, 33, 34, 26, 27, 19, 11, 3, 4, 5, 6, 7, 15, 23, 31, 30, 38, 37, 36, 44, 52, 53, 54, 55]. g_current=14, g_opposite=15, f_max=34, generated=287
[00:00:00:03:856] Path of length 29 found: [0, 1, 9, 17, 16, 24, 32, 33, 34, 26, 27, 19, 11, 3, 4, 5, 6, 7, 15, 23, 31, 30, 38, 37, 36, 44, 52, 53, 54, 55]
[00:00:00:04:335] ! Bidirectional. expansions: 764, time: 3,856 [ms], path length: 29 [edges], g_F: 14, g_B: 15, generated: 1,389, MM: 1, MMPER: 2.3333333333333335%
[00:00:00:04:335] 
---------- SM_Grids/7x8_grid_with_random_blocks_16per_7 ----------
[00:00:00:04:028] Path of length 27 found: [0, 1, 9, 17, 16, 24, 32, 40, 48, 49, 50, 42, 43, 44, 36, 28, 27, 19, 11, 12, 13, 21, 22, 30, 38, 46, 54, 55]
[00:00:00:04:031] ! Unidirectional s-t. expansions: 648, time: 4,028 [ms], path length: 27 [edges], generated: 3,142
[00:00:00:00:506] Path of length 27 found: [55, 47, 39, 38, 30, 22, 14, 13, 12, 11, 19, 27, 28, 36, 44, 52, 51, 50, 42, 34, 33, 32, 24, 16, 17, 9, 1, 0]
[00:00:00:00:507] ! Unidirectional t-s. expansions: 58, time: 506 [ms], path length: 27 [edges], generated: 239
[00:00:00:00:558] Expansion 81: New longest path found with length 17: [0, 1, 9, 17, 16, 24, 32, 40, 48, 49, 50, 42, 43, 44, 45, 53, 54, 55]. g_current=13, g_opposite=4, f_max=34, generated=123
[00:00:00:01:214] Expansion 217: New longest path found with length 19: [0, 1, 9, 17, 16, 24, 32, 40, 48, 49, 50, 51, 52, 53, 45, 37, 38, 39, 47, 55]. g_current=15, g_opposite=4, f_max=33, generated=369
[00:00:00:02:674] Expansion 521: New longest path found with length 27: [0, 1, 9, 17, 16, 24, 32, 40, 48, 49, 50, 42, 43, 44, 36, 28, 27, 19, 11, 12, 13, 14, 22, 30, 38, 39, 47, 55]. g_current=11, g_opposite=16, f_max=31, generated=926
[00:00:00:03:842] Path of length 27 found: [0, 1, 9, 17, 16, 24, 32, 40, 48, 49, 50, 42, 43, 44, 36, 28, 27, 19, 11, 12, 13, 14, 22, 30, 38, 39, 47, 55]
[00:00:00:04:323] ! Bidirectional. expansions: 771, time: 3,842 [ms], path length: 27 [edges], g_F: 16, g_B: 11, generated: 1,366, MM: 5, MMPER: 16.857142857142858%
[00:00:00:04:323] 
---------- SM_Grids/7x8_grid_with_random_blocks_16per_8 ----------
[00:00:00:01:640] Path of length 27 found: [0, 8, 9, 10, 18, 26, 25, 33, 41, 42, 43, 35, 36, 28, 29, 21, 13, 5, 6, 7, 15, 23, 31, 39, 38, 46, 54, 55]
[00:00:00:01:640] ! Unidirectional s-t. expansions: 188, time: 1,640 [ms], path length: 27 [edges], generated: 856
[00:00:00:03:435] Path of length 27 found: [55, 47, 39, 31, 23, 15, 7, 6, 5, 4, 12, 20, 28, 29, 37, 45, 44, 43, 42, 41, 33, 25, 26, 18, 10, 9, 8, 0]
[00:00:00:03:436] ! Unidirectional t-s. expansions: 398, time: 3,435 [ms], path length: 27 [edges], generated: 1,796
[00:00:00:00:265] Expansion 33: New longest path found with length 17: [0, 8, 9, 10, 2, 3, 4, 5, 6, 7, 15, 23, 31, 39, 38, 46, 54, 55]. g_current=13, g_opposite=4, f_max=36, generated=54
[00:00:00:00:439] Expansion 75: New longest path found with length 19: [0, 8, 16, 17, 18, 10, 2, 3, 4, 5, 6, 7, 15, 23, 31, 39, 38, 46, 54, 55]. g_current=4, g_opposite=15, f_max=35, generated=113
[00:00:00:00:510] Expansion 89: New longest path found with length 21: [0, 8, 16, 17, 18, 10, 2, 3, 4, 5, 6, 7, 15, 23, 31, 30, 38, 37, 45, 53, 54, 55]. g_current=12, g_opposite=9, f_max=34, generated=138
[00:00:00:01:110] Expansion 240: New longest path found with length 23: [0, 8, 16, 17, 18, 10, 2, 3, 4, 5, 6, 7, 15, 23, 31, 30, 29, 28, 36, 44, 45, 53, 54, 55]. g_current=7, g_opposite=16, f_max=33, generated=372
[00:00:00:02:412] Expansion 532: New longest path found with length 27: [0, 8, 9, 10, 18, 26, 25, 33, 41, 42, 43, 44, 45, 37, 29, 28, 20, 12, 4, 5, 6, 7, 15, 23, 31, 39, 47, 55]. g_current=10, g_opposite=17, f_max=30, generated=877
[00:00:00:03:914] Path of length 27 found: [0, 8, 9, 10, 18, 26, 25, 33, 41, 42, 43, 44, 45, 37, 29, 28, 20, 12, 4, 5, 6, 7, 15, 23, 31, 39, 47, 55]
[00:00:00:04:401] ! Bidirectional. expansions: 792, time: 3,914 [ms], path length: 27 [edges], g_F: 10, g_B: 17, generated: 1,390, MM: 7, MMPER: 24.0%
[00:00:00:04:401] 
---------- SM_Grids/7x8_grid_with_random_blocks_16per_9 ----------
[00:00:00:02:206] Path of length 25 found: [0, 8, 16, 17, 18, 10, 2, 3, 4, 12, 20, 28, 27, 35, 34, 42, 50, 51, 52, 44, 45, 37, 38, 39, 47, 55]
[00:00:00:02:207] ! Unidirectional s-t. expansions: 245, time: 2,206 [ms], path length: 25 [edges], generated: 1,181
[00:00:00:02:680] Path of length 25 found: [55, 47, 39, 38, 37, 45, 44, 52, 51, 50, 42, 34, 35, 27, 28, 20, 12, 4, 3, 2, 10, 18, 17, 16, 8, 0]
[00:00:00:02:681] ! Unidirectional t-s. expansions: 334, time: 2,680 [ms], path length: 25 [edges], generated: 1,514
[00:00:00:00:365] Expansion 81: New longest path found with length 15: [0, 1, 2, 3, 4, 5, 6, 7, 15, 23, 31, 39, 38, 46, 54, 55]. g_current=10, g_opposite=5, f_max=33, generated=130
[00:00:00:00:377] Expansion 84: New longest path found with length 17: [0, 8, 9, 10, 2, 3, 4, 5, 6, 7, 15, 23, 31, 39, 38, 46, 54, 55]. g_current=13, g_opposite=4, f_max=34, generated=135
[00:00:00:00:405] Expansion 93: New longest path found with length 21: [0, 1, 2, 3, 4, 12, 20, 28, 27, 35, 34, 42, 50, 51, 52, 44, 45, 37, 38, 39, 47, 55]. g_current=14, g_opposite=7, f_max=33, generated=149
[00:00:00:00:792] Expansion 217: New longest path found with length 25: [0, 8, 16, 17, 18, 10, 2, 3, 4, 12, 20, 28, 27, 35, 34, 42, 50, 51, 52, 44, 45, 37, 38, 39, 47, 55]. g_current=8, g_opposite=17, f_max=33, generated=341
[00:00:00:04:159] Path of length 25 found: [0, 8, 16, 17, 18, 10, 2, 3, 4, 12, 20, 28, 27, 35, 34, 42, 50, 51, 52, 44, 45, 37, 38, 39, 47, 55]
[00:00:00:04:707] ! Bidirectional. expansions: 950, time: 4,159 [ms], path length: 25 [edges], g_F: 8, g_B: 17, generated: 1,665, MM: 9, MMPER: 33.61538461538461%

[00:00:00:04:708] average expansions: (292, 198, 615, 0)
[00:00:00:04:708] average time: (2,118, 1,685, 2,970, 0)
[00:00:00:04:708] XA*: 198 , 1,685 (expansions , time[ms])
[00:00:00:04:708] XMM: 615 , 2,970 (expansions , time[ms])

