------------------------------------
Thu 01 Oct 2026 17:28:16 IDT
SLURM_JOBID:		21953641
SLURM_JOB_NODELIST:	ise-cpu256-23
SLURM_SCRATCH_DIR:	/scratch/shubit/21953641
Allocated Resouces:	cpu - 2 / mem - 61440 MB / gpu - 
SLURM_GPU_INDEX:	
Running as shubit from shimony account with normal QOS
------------------------------------
Thu 01 Oct 2026 17:28:16 IDT

SLURM_JOBID:		 21953641
SLURM_JOB_NODELIST:	 ise-cpu256-23 

--------------------------
date: SM_Grids
number_of_graphs: 10
graph_type: grid
size_of_graphs: [7, 8]
heuristic: bcc_heuristic
snake: True
run_uni: True
run_bi: True
run_multi: False
solution_vertices: []
algorithms: ['XMM']
lookahead: -2
bsd: False
cube_first_dims: 4
cube_buffer_dim: None
backward_sym_generation: False
sym_coil: False
prefix_set: None

---------- SM_Grids/7x8_grid_with_random_blocks_8per_0 ----------
[00:00:00:06:553] Path of length 31 found: [0, 1, 2, 3, 11, 19, 18, 17, 16, 24, 32, 33, 34, 42, 50, 51, 52, 44, 36, 28, 29, 21, 13, 5, 6, 7, 15, 23, 31, 39, 47, 55]
[00:00:00:06:554] ! Unidirectional s-t. expansions: 1,627, time: 6,553 [ms], path length: 31 [edges], generated: 2,910
[00:00:00:05:300] Path of length 31 found: [55, 47, 46, 38, 30, 31, 23, 15, 7, 6, 5, 13, 21, 20, 28, 36, 44, 52, 51, 50, 42, 34, 33, 32, 24, 16, 17, 18, 10, 2, 1, 0]
[00:00:00:05:301] ! Unidirectional t-s. expansions: 1,320, time: 5,300 [ms], path length: 31 [edges], generated: 2,305
[00:00:00:00:256] Expansion 53: New longest path found with length 15: [0, 1, 2, 3, 4, 5, 6, 7, 15, 23, 22, 30, 38, 39, 47, 55]. g_current=5, g_opposite=10, f_max=37, generated=85
[00:00:00:00:310] Expansion 64: New longest path found with length 17: [0, 8, 16, 24, 32, 33, 34, 42, 50, 51, 52, 44, 45, 37, 38, 39, 47, 55]. g_current=6, g_opposite=11, f_max=37, generated=104
[00:00:00:00:575] Expansion 113: New longest path found with length 19: [0, 1, 9, 17, 16, 24, 32, 33, 34, 42, 50, 51, 52, 44, 45, 37, 38, 39, 47, 55]. g_current=8, g_opposite=11, f_max=36, generated=191
[00:00:00:01:124] Expansion 254: New longest path found with length 21: [0, 1, 9, 17, 16, 24, 32, 33, 34, 42, 50, 51, 52, 53, 45, 37, 29, 30, 31, 39, 47, 55]. g_current=6, g_opposite=15, f_max=35, generated=442
[00:00:00:01:273] Expansion 293: New longest path found with length 27: [0, 1, 9, 17, 16, 24, 32, 33, 34, 42, 50, 51, 52, 53, 45, 37, 29, 21, 13, 5, 6, 7, 15, 23, 31, 39, 47, 55]. g_current=15, g_opposite=12, f_max=35, generated=500
[00:00:00:01:281] Expansion 295: New longest path found with length 29: [0, 1, 9, 17, 16, 24, 32, 33, 34, 42, 50, 51, 52, 53, 45, 37, 36, 28, 20, 21, 13, 5, 6, 7, 15, 23, 31, 39, 47, 55]. g_current=17, g_opposite=12, f_max=35, generated=504
[00:00:00:02:112] Expansion 504: New longest path found with length 31: [0, 1, 2, 3, 11, 19, 18, 17, 16, 24, 32, 33, 34, 42, 50, 51, 52, 44, 45, 37, 29, 21, 13, 5, 6, 7, 15, 23, 31, 39, 47, 55]. g_current=15, g_opposite=16, f_max=34, generated=878
[00:00:00:08:551] Path of length 31 found: [0, 1, 2, 3, 11, 19, 18, 17, 16, 24, 32, 33, 34, 42, 50, 51, 52, 44, 45, 37, 29, 21, 13, 5, 6, 7, 15, 23, 31, 39, 47, 55]
[00:00:00:08:950] ! Bidirectional. expansions: 2,017, time: 8,551 [ms], path length: 31 [edges], g_F: 16, g_B: 15, generated: 3,796, MM: 1, MMPER: 2.125%
[00:00:00:08:950] 
---------- SM_Grids/7x8_grid_with_random_blocks_8per_1 ----------
[00:00:00:02:964] Path of length 33 found: [0, 1, 2, 3, 11, 12, 13, 5, 6, 7, 15, 23, 22, 30, 38, 37, 36, 28, 27, 26, 18, 17, 16, 24, 32, 40, 41, 42, 43, 51, 52, 53, 54, 55]
[00:00:00:02:965] ! Unidirectional s-t. expansions: 691, time: 2,964 [ms], path length: 33 [edges], generated: 1,195
[00:00:00:05:754] Path of length 33 found: [55, 54, 53, 52, 51, 43, 42, 41, 40, 32, 24, 16, 17, 18, 26, 27, 28, 36, 37, 38, 39, 31, 23, 15, 7, 6, 5, 13, 12, 11, 3, 2, 1, 0]
[00:00:00:05:755] ! Unidirectional t-s. expansions: 1,344, time: 5,754 [ms], path length: 33 [edges], generated: 2,199
[00:00:00:00:267] Expansion 50: New longest path found with length 15: [0, 1, 2, 3, 4, 5, 6, 7, 15, 23, 22, 30, 38, 39, 47, 55]. g_current=10, g_opposite=5, f_max=38, generated=89
[00:00:00:00:276] Expansion 52: New longest path found with length 17: [0, 1, 2, 3, 11, 12, 13, 5, 6, 7, 15, 23, 22, 30, 38, 39, 47, 55]. g_current=12, g_opposite=5, f_max=38, generated=92
[00:00:00:00:528] Expansion 94: New longest path found with length 19: [0, 1, 9, 17, 16, 24, 32, 40, 41, 42, 43, 51, 52, 53, 45, 37, 38, 39, 47, 55]. g_current=8, g_opposite=11, f_max=38, generated=164
[00:00:00:00:818] Expansion 167: New longest path found with length 21: [0, 1, 9, 17, 16, 24, 32, 40, 41, 42, 43, 51, 52, 53, 45, 37, 29, 30, 31, 39, 47, 55]. g_current=12, g_opposite=9, f_max=37, generated=290
[00:00:00:01:262] Expansion 275: New longest path found with length 27: [0, 1, 9, 17, 16, 24, 32, 40, 41, 42, 43, 51, 52, 53, 45, 37, 29, 21, 13, 5, 6, 7, 15, 23, 31, 39, 47, 55]. g_current=17, g_opposite=10, f_max=36, generated=480
[00:00:00:01:865] Expansion 423: New longest path found with length 31: [0, 1, 9, 17, 16, 24, 32, 40, 41, 42, 34, 26, 27, 19, 20, 21, 13, 5, 6, 7, 15, 23, 31, 30, 38, 37, 36, 44, 52, 53, 54, 55]. g_current=13, g_opposite=18, f_max=36, generated=744
[00:00:00:03:187] Expansion 751: New longest path found with length 33: [0, 1, 2, 3, 11, 12, 13, 5, 6, 7, 15, 23, 22, 30, 38, 37, 36, 28, 27, 26, 18, 17, 16, 24, 32, 40, 41, 42, 43, 51, 52, 53, 54, 55]. g_current=15, g_opposite=18, f_max=35, generated=1,321
[00:00:00:06:550] Path of length 33 found: [0, 1, 2, 3, 11, 12, 13, 5, 6, 7, 15, 23, 22, 30, 38, 37, 36, 28, 27, 26, 18, 17, 16, 24, 32, 40, 41, 42, 43, 51, 52, 53, 54, 55]
[00:00:00:06:922] ! Bidirectional. expansions: 1,607, time: 6,550 [ms], path length: 33 [edges], g_F: 15, g_B: 18, generated: 2,767, MM: 3, MMPER: 7.8235294117647065%
[00:00:00:06:922] 
---------- SM_Grids/7x8_grid_with_random_blocks_8per_2 ----------
[00:00:00:03:247] Path of length 31 found: [0, 1, 2, 3, 11, 12, 13, 21, 22, 23, 31, 39, 38, 37, 36, 28, 27, 26, 18, 17, 16, 24, 32, 40, 41, 49, 50, 51, 52, 53, 54, 55]
[00:00:00:03:247] ! Unidirectional s-t. expansions: 671, time: 3,247 [ms], path length: 31 [edges], generated: 1,247
[00:00:00:03:129] Path of length 31 found: [55, 54, 53, 52, 51, 50, 49, 41, 40, 32, 24, 16, 17, 18, 26, 34, 35, 36, 37, 38, 39, 31, 23, 22, 21, 13, 12, 11, 3, 2, 1, 0]
[00:00:00:03:129] ! Unidirectional t-s. expansions: 639, time: 3,129 [ms], path length: 31 [edges], generated: 1,158
[00:00:00:00:243] Expansion 43: New longest path found with length 15: [0, 1, 2, 3, 11, 12, 13, 21, 22, 23, 31, 39, 38, 46, 54, 55]. g_current=8, g_opposite=7, f_max=35, generated=80
[00:00:00:00:390] Expansion 75: New longest path found with length 17: [0, 1, 2, 3, 11, 12, 13, 21, 22, 23, 31, 39, 38, 37, 45, 53, 54, 55]. g_current=10, g_opposite=7, f_max=35, generated=137
[00:00:00:00:765] Expansion 157: New longest path found with length 19: [0, 1, 2, 3, 11, 12, 13, 21, 22, 23, 31, 39, 38, 37, 36, 44, 52, 53, 54, 55]. g_current=6, g_opposite=13, f_max=34, generated=287
[00:00:00:01:218] Expansion 266: New longest path found with length 21: [0, 1, 2, 3, 11, 19, 18, 17, 16, 24, 32, 40, 41, 49, 50, 51, 52, 53, 45, 46, 47, 55]. g_current=6, g_opposite=15, f_max=34, generated=489
[00:00:00:01:455] Expansion 321: New longest path found with length 23: [0, 8, 16, 24, 32, 40, 41, 49, 50, 51, 52, 44, 36, 28, 29, 21, 22, 23, 31, 39, 38, 46, 54, 55]. g_current=11, g_opposite=12, f_max=33, generated=590
[00:00:00:01:464] Expansion 323: New longest path found with length 25: [0, 1, 9, 17, 16, 24, 32, 40, 41, 49, 50, 51, 52, 44, 36, 28, 29, 21, 22, 23, 31, 39, 38, 46, 54, 55]. g_current=13, g_opposite=12, f_max=33, generated=594
[00:00:00:01:473] Expansion 326: New longest path found with length 27: [0, 1, 2, 10, 18, 17, 16, 24, 32, 40, 41, 49, 50, 51, 52, 44, 36, 28, 29, 21, 22, 23, 31, 39, 38, 46, 54, 55]. g_current=16, g_opposite=11, f_max=33, generated=598
[00:00:00:02:580] Expansion 579: New longest path found with length 31: [0, 1, 2, 3, 11, 12, 13, 21, 22, 23, 31, 39, 38, 37, 36, 35, 34, 26, 18, 17, 16, 24, 32, 40, 41, 49, 50, 51, 52, 53, 54, 55]. g_current=16, g_opposite=15, f_max=33, generated=1,073
[00:00:00:05:363] Path of length 31 found: [0, 1, 2, 3, 11, 12, 13, 21, 22, 23, 31, 39, 38, 37, 36, 35, 34, 26, 18, 17, 16, 24, 32, 40, 41, 49, 50, 51, 52, 53, 54, 55]
[00:00:00:05:732] ! Bidirectional. expansions: 1,210, time: 5,363 [ms], path length: 31 [edges], g_F: 15, g_B: 16, generated: 2,260, MM: 1, MMPER: 2.125%
[00:00:00:05:732] 
---------- SM_Grids/7x8_grid_with_random_blocks_8per_3 ----------
[00:00:00:04:762] Path of length 33 found: [0, 8, 9, 10, 2, 3, 4, 5, 6, 7, 15, 23, 22, 21, 20, 19, 27, 26, 34, 33, 32, 40, 48, 49, 50, 51, 43, 44, 36, 37, 38, 46, 47, 55]
[00:00:00:04:762] ! Unidirectional s-t. expansions: 1,126, time: 4,762 [ms], path length: 33 [edges], generated: 1,892
[00:00:00:03:207] Path of length 33 found: [55, 47, 39, 38, 37, 45, 44, 43, 51, 50, 49, 48, 40, 32, 33, 34, 26, 27, 28, 20, 21, 22, 23, 15, 7, 6, 5, 4, 3, 2, 10, 9, 8, 0]
[00:00:00:03:207] ! Unidirectional t-s. expansions: 742, time: 3,207 [ms], path length: 33 [edges], generated: 1,264
[00:00:00:00:245] Expansion 49: New longest path found with length 13: [0, 1, 2, 3, 4, 5, 6, 7, 15, 23, 31, 39, 47, 55]. g_current=8, g_opposite=5, f_max=37, generated=81
[00:00:00:00:356] Expansion 70: New longest path found with length 19: [0, 1, 9, 17, 16, 24, 32, 40, 48, 49, 50, 51, 43, 44, 45, 37, 38, 39, 47, 55]. g_current=12, g_opposite=7, f_max=37, generated=121
[00:00:00:00:682] Expansion 140: New longest path found with length 21: [0, 1, 2, 10, 18, 17, 16, 24, 32, 40, 48, 49, 50, 51, 43, 44, 45, 37, 38, 39, 47, 55]. g_current=8, g_opposite=13, f_max=37, generated=246
[00:00:00:00:715] Expansion 151: New longest path found with length 23: [0, 1, 2, 3, 11, 19, 27, 26, 34, 33, 32, 40, 48, 49, 50, 51, 43, 44, 45, 37, 38, 39, 47, 55]. g_current=17, g_opposite=6, f_max=36, generated=261
[00:00:00:00:719] Expansion 152: New longest path found with length 25: [0, 1, 2, 3, 11, 12, 20, 28, 27, 26, 34, 33, 32, 40, 48, 49, 50, 51, 43, 44, 45, 37, 38, 39, 47, 55]. g_current=18, g_opposite=7, f_max=37, generated=263
[00:00:00:00:948] Expansion 211: New longest path found with length 27: [0, 1, 9, 17, 16, 24, 32, 40, 48, 49, 50, 42, 34, 26, 27, 28, 20, 21, 13, 5, 6, 7, 15, 23, 31, 39, 47, 55]. g_current=14, g_opposite=13, f_max=36, generated=363
[00:00:00:00:971] Expansion 216: New longest path found with length 31: [0, 1, 2, 3, 4, 5, 6, 7, 15, 23, 22, 21, 20, 28, 27, 26, 34, 33, 32, 40, 48, 49, 50, 51, 43, 44, 45, 37, 38, 39, 47, 55]. g_current=12, g_opposite=19, f_max=36, generated=373
[00:00:00:03:014] Expansion 735: New longest path found with length 33: [0, 8, 9, 10, 2, 3, 4, 5, 6, 7, 15, 23, 22, 21, 20, 28, 27, 26, 34, 33, 32, 40, 48, 49, 50, 51, 43, 44, 45, 37, 38, 39, 47, 55]. g_current=19, g_opposite=14, f_max=36, generated=1,284
[00:00:00:05:921] Path of length 33 found: [0, 8, 9, 10, 2, 3, 4, 5, 6, 7, 15, 23, 22, 21, 20, 28, 27, 26, 34, 33, 32, 40, 48, 49, 50, 51, 43, 44, 45, 37, 38, 39, 47, 55]
[00:00:00:06:304] ! Bidirectional. expansions: 1,431, time: 5,922 [ms], path length: 33 [edges], g_F: 14, g_B: 19, generated: 2,479, MM: 5, MMPER: 13.705882352941176%
[00:00:00:06:304] 
---------- SM_Grids/7x8_grid_with_random_blocks_8per_4 ----------
[00:00:00:05:134] Path of length 31 found: [0, 1, 2, 10, 11, 19, 27, 26, 25, 24, 32, 40, 48, 49, 50, 42, 43, 44, 36, 37, 29, 21, 13, 5, 6, 7, 15, 23, 31, 39, 47, 55]
[00:00:00:05:134] ! Unidirectional s-t. expansions: 1,306, time: 5,134 [ms], path length: 31 [edges], generated: 2,180
[00:00:00:03:778] Path of length 31 found: [55, 47, 39, 31, 23, 15, 7, 6, 5, 13, 21, 29, 37, 45, 53, 52, 51, 50, 49, 48, 40, 32, 33, 34, 26, 27, 19, 11, 10, 9, 1, 0]
[00:00:00:03:779] ! Unidirectional t-s. expansions: 909, time: 3,778 [ms], path length: 31 [edges], generated: 1,580
[00:00:00:00:141] Expansion 26: New longest path found with length 13: [0, 1, 2, 10, 11, 19, 20, 28, 29, 30, 31, 39, 47, 55]. g_current=8, g_opposite=5, f_max=38, generated=43
[00:00:00:00:170] Expansion 32: New longest path found with length 17: [0, 1, 2, 10, 11, 19, 20, 21, 13, 5, 6, 7, 15, 23, 31, 39, 47, 55]. g_current=10, g_opposite=7, f_max=37, generated=53
[00:00:00:00:294] Expansion 60: New longest path found with length 19: [0, 1, 2, 10, 11, 19, 27, 28, 29, 21, 13, 5, 6, 7, 15, 23, 31, 39, 47, 55]. g_current=6, g_opposite=13, f_max=37, generated=102
[00:00:00:00:666] Expansion 146: New longest path found with length 27: [0, 1, 9, 17, 16, 24, 32, 40, 48, 49, 50, 51, 52, 53, 45, 37, 29, 21, 13, 5, 6, 7, 15, 23, 31, 39, 47, 55]. g_current=16, g_opposite=11, f_max=35, generated=253
[00:00:00:01:130] Expansion 247: New longest path found with length 29: [0, 1, 9, 17, 16, 24, 32, 40, 48, 49, 50, 51, 52, 53, 45, 37, 36, 28, 20, 21, 13, 5, 6, 7, 15, 23, 31, 39, 47, 55]. g_current=11, g_opposite=18, f_max=35, generated=433
[00:00:00:01:318] Expansion 290: New longest path found with length 31: [0, 1, 9, 17, 16, 24, 32, 40, 48, 49, 50, 51, 52, 53, 45, 37, 36, 35, 27, 19, 20, 21, 13, 5, 6, 7, 15, 23, 31, 39, 47, 55]. g_current=17, g_opposite=14, f_max=34, generated=519
[00:00:00:07:187] Path of length 31 found: [0, 1, 9, 17, 16, 24, 32, 40, 48, 49, 50, 51, 52, 53, 45, 37, 36, 35, 27, 19, 20, 21, 13, 5, 6, 7, 15, 23, 31, 39, 47, 55]
[00:00:00:07:568] ! Bidirectional. expansions: 1,655, time: 7,187 [ms], path length: 31 [edges], g_F: 14, g_B: 17, generated: 3,082, MM: 3, MMPER: 8.375%
[00:00:00:07:569] 
---------- SM_Grids/7x8_grid_with_random_blocks_8per_5 ----------
[00:00:00:06:379] Path of length 33 found: [0, 1, 2, 3, 11, 12, 13, 5, 6, 7, 15, 23, 22, 30, 38, 37, 36, 28, 27, 26, 18, 17, 16, 24, 32, 40, 48, 49, 50, 51, 52, 53, 54, 55]
[00:00:00:06:379] ! Unidirectional s-t. expansions: 1,582, time: 6,379 [ms], path length: 33 [edges], generated: 2,551
[00:00:00:06:985] Path of length 33 found: [55, 54, 53, 52, 51, 50, 49, 48, 40, 32, 24, 16, 17, 18, 26, 27, 28, 36, 37, 38, 39, 31, 23, 15, 7, 6, 5, 13, 12, 11, 3, 2, 1, 0]
[00:00:00:06:986] ! Unidirectional t-s. expansions: 1,739, time: 6,985 [ms], path length: 33 [edges], generated: 2,964
[00:00:00:00:180] Expansion 34: New longest path found with length 13: [0, 8, 16, 24, 32, 40, 48, 49, 50, 51, 52, 53, 54, 55]. g_current=4, g_opposite=9, f_max=39, generated=60
[00:00:00:00:251] Expansion 51: New longest path found with length 15: [0, 8, 16, 24, 32, 40, 48, 49, 50, 51, 43, 44, 45, 53, 54, 55]. g_current=10, g_opposite=5, f_max=38, generated=86
[00:00:00:00:343] Expansion 69: New longest path found with length 17: [0, 8, 16, 17, 25, 33, 32, 40, 48, 49, 50, 51, 43, 44, 45, 53, 54, 55]. g_current=6, g_opposite=11, f_max=38, generated=119
[00:00:00:00:546] Expansion 105: New longest path found with length 19: [0, 8, 16, 17, 18, 26, 34, 33, 32, 40, 48, 49, 50, 51, 43, 44, 45, 53, 54, 55]. g_current=14, g_opposite=5, f_max=37, generated=181
[00:00:00:00:551] Expansion 106: New longest path found with length 21: [0, 1, 2, 10, 11, 19, 27, 26, 34, 33, 32, 40, 48, 49, 50, 51, 43, 44, 45, 53, 54, 55]. g_current=15, g_opposite=6, f_max=37, generated=183
[00:00:00:01:219] Expansion 288: New longest path found with length 31: [0, 1, 2, 3, 11, 12, 13, 5, 6, 7, 15, 23, 22, 30, 38, 37, 36, 28, 27, 26, 34, 33, 32, 40, 48, 49, 50, 51, 52, 53, 54, 55]. g_current=17, g_opposite=14, f_max=36, generated=452
[00:00:00:04:312] Expansion 1,104: New longest path found with length 33: [0, 1, 2, 3, 11, 12, 13, 5, 6, 7, 15, 23, 22, 30, 38, 37, 36, 28, 27, 26, 18, 17, 16, 24, 32, 40, 48, 49, 50, 51, 52, 53, 54, 55]. g_current=15, g_opposite=18, f_max=35, generated=1,848
[00:00:00:13:309] Path of length 33 found: [0, 1, 2, 3, 11, 12, 13, 5, 6, 7, 15, 23, 22, 30, 38, 37, 36, 28, 27, 26, 18, 17, 16, 24, 32, 40, 48, 49, 50, 51, 52, 53, 54, 55]
[00:00:00:13:680] ! Bidirectional. expansions: 3,417, time: 13,309 [ms], path length: 33 [edges], g_F: 15, g_B: 18, generated: 5,966, MM: 3, MMPER: 7.8235294117647065%
[00:00:00:13:680] 
---------- SM_Grids/7x8_grid_with_random_blocks_8per_6 ----------
[00:00:00:12:760] Path of length 29 found: [0, 8, 16, 24, 32, 33, 41, 49, 50, 51, 43, 35, 27, 26, 18, 10, 11, 12, 20, 21, 22, 23, 31, 39, 38, 37, 45, 53, 54, 55]
[00:00:00:12:761] ! Unidirectional s-t. expansions: 3,056, time: 12,760 [ms], path length: 29 [edges], generated: 5,960
[00:00:00:03:152] Path of length 29 found: [55, 54, 53, 45, 37, 38, 39, 31, 23, 22, 21, 20, 28, 27, 35, 43, 42, 50, 49, 48, 40, 32, 33, 25, 17, 18, 10, 2, 1, 0]
[00:00:00:03:153] ! Unidirectional t-s. expansions: 649, time: 3,153 [ms], path length: 29 [edges], generated: 1,230
[00:00:00:00:291] Expansion 49: New longest path found with length 17: [0, 1, 2, 10, 11, 12, 20, 21, 22, 23, 31, 39, 38, 37, 45, 53, 54, 55]. g_current=8, g_opposite=9, f_max=37, generated=91
[00:00:00:00:575] Expansion 105: New longest path found with length 21: [0, 1, 2, 10, 11, 19, 27, 26, 25, 33, 32, 40, 48, 49, 50, 51, 43, 44, 45, 53, 54, 55]. g_current=13, g_opposite=8, f_max=35, generated=201
[00:00:00:00:751] Expansion 151: New longest path found with length 23: [0, 1, 2, 10, 11, 12, 20, 28, 27, 26, 34, 33, 32, 40, 48, 49, 50, 51, 43, 44, 45, 53, 54, 55]. g_current=7, g_opposite=16, f_max=35, generated=277
[00:00:00:02:468] Expansion 539: New longest path found with length 27: [0, 1, 9, 17, 16, 24, 32, 40, 48, 49, 50, 42, 34, 26, 27, 19, 20, 21, 22, 23, 31, 39, 38, 37, 45, 53, 54, 55]. g_current=11, g_opposite=16, f_max=33, generated=990
[00:00:00:02:476] Expansion 540: New longest path found with length 29: [0, 8, 16, 24, 32, 33, 41, 49, 50, 51, 43, 35, 27, 26, 18, 10, 11, 12, 20, 21, 22, 23, 31, 39, 38, 37, 45, 53, 54, 55]. g_current=12, g_opposite=17, f_max=33, generated=993
[00:00:00:08:503] Path of length 29 found: [0, 8, 16, 24, 32, 33, 41, 49, 50, 51, 43, 35, 27, 26, 18, 10, 11, 12, 20, 21, 22, 23, 31, 39, 38, 37, 45, 53, 54, 55]
[00:00:00:08:887] ! Bidirectional. expansions: 1,911, time: 8,503 [ms], path length: 29 [edges], g_F: 17, g_B: 12, generated: 3,619, MM: 5, MMPER: 15.666666666666668%
[00:00:00:08:888] 
---------- SM_Grids/7x8_grid_with_random_blocks_8per_7 ----------
[00:00:00:11:539] Path of length 31 found: [0, 1, 2, 3, 11, 19, 18, 17, 16, 24, 32, 40, 41, 42, 43, 35, 36, 28, 29, 21, 13, 5, 6, 7, 15, 23, 31, 39, 38, 46, 54, 55]
[00:00:00:11:542] ! Unidirectional s-t. expansions: 2,957, time: 11,540 [ms], path length: 31 [edges], generated: 5,115
[00:00:00:13:510] Path of length 31 found: [55, 47, 39, 31, 23, 15, 7, 6, 5, 13, 21, 20, 28, 36, 37, 45, 53, 52, 51, 43, 42, 41, 40, 32, 24, 16, 17, 18, 10, 2, 1, 0]
[00:00:00:13:511] ! Unidirectional t-s. expansions: 3,351, time: 13,510 [ms], path length: 31 [edges], generated: 5,910
[00:00:00:00:235] Expansion 40: New longest path found with length 15: [0, 1, 2, 3, 11, 12, 13, 5, 6, 7, 15, 23, 31, 39, 47, 55]. g_current=5, g_opposite=10, f_max=39, generated=70
[00:00:00:00:432] Expansion 84: New longest path found with length 17: [0, 1, 2, 10, 11, 19, 20, 21, 13, 5, 6, 7, 15, 23, 31, 39, 47, 55]. g_current=5, g_opposite=12, f_max=38, generated=148
[00:00:00:00:617] Expansion 130: New longest path found with length 25: [0, 1, 2, 3, 11, 12, 13, 5, 6, 7, 15, 23, 22, 30, 29, 28, 36, 35, 43, 51, 52, 53, 45, 46, 47, 55]. g_current=12, g_opposite=13, f_max=37, generated=223
[00:00:00:01:163] Expansion 257: New longest path found with length 27: [0, 1, 9, 17, 18, 19, 11, 3, 4, 5, 6, 7, 15, 23, 22, 30, 29, 28, 36, 35, 43, 51, 52, 53, 45, 46, 47, 55]. g_current=9, g_opposite=18, f_max=37, generated=447
[00:00:00:03:077] Expansion 803: New longest path found with length 29: [0, 1, 2, 3, 4, 5, 6, 7, 15, 23, 22, 21, 20, 19, 18, 26, 25, 24, 32, 40, 41, 42, 43, 51, 52, 53, 45, 46, 47, 55]. g_current=14, g_opposite=15, f_max=35, generated=1,344
[00:00:00:03:885] Expansion 1,017: New longest path found with length 31: [0, 1, 2, 3, 4, 5, 6, 7, 15, 23, 22, 21, 20, 19, 18, 17, 16, 24, 32, 40, 41, 42, 43, 51, 52, 53, 45, 37, 38, 39, 47, 55]. g_current=17, g_opposite=14, f_max=36, generated=1,689
[00:00:00:16:527] Path of length 31 found: [0, 1, 2, 3, 4, 5, 6, 7, 15, 23, 22, 21, 20, 19, 18, 17, 16, 24, 32, 40, 41, 42, 43, 51, 52, 53, 45, 37, 38, 39, 47, 55]
[00:00:00:16:899] ! Bidirectional. expansions: 4,213, time: 16,527 [ms], path length: 31 [edges], g_F: 17, g_B: 14, generated: 7,421, MM: 3, MMPER: 8.375%
[00:00:00:16:899] 
---------- SM_Grids/7x8_grid_with_random_blocks_8per_8 ----------
[00:00:00:15:894] Path of length 29 found: [0, 8, 16, 24, 32, 40, 41, 42, 34, 35, 27, 19, 18, 10, 2, 3, 4, 5, 6, 7, 15, 23, 22, 30, 29, 37, 45, 53, 54, 55]
[00:00:00:15:894] ! Unidirectional s-t. expansions: 5,330, time: 15,894 [ms], path length: 29 [edges], generated: 8,173
[00:00:00:22:769] Path of length 29 found: [55, 54, 53, 45, 37, 29, 30, 22, 23, 15, 7, 6, 5, 13, 12, 20, 19, 27, 35, 43, 42, 41, 33, 32, 24, 16, 17, 9, 1, 0]
[00:00:00:22:770] ! Unidirectional t-s. expansions: 6,292, time: 22,769 [ms], path length: 29 [edges], generated: 11,780
[00:00:00:00:340] Expansion 64: New longest path found with length 19: [0, 8, 16, 17, 25, 33, 34, 35, 43, 51, 52, 53, 45, 37, 29, 30, 31, 39, 47, 55]. g_current=13, g_opposite=6, f_max=37, generated=120
[00:00:00:00:490] Expansion 88: New longest path found with length 21: [0, 1, 9, 17, 16, 24, 32, 40, 41, 42, 43, 51, 52, 53, 45, 37, 29, 30, 31, 39, 47, 55]. g_current=8, g_opposite=13, f_max=37, generated=165
[00:00:00:00:503] Expansion 91: New longest path found with length 23: [0, 8, 9, 10, 2, 3, 4, 12, 20, 19, 27, 35, 43, 51, 52, 53, 45, 37, 29, 30, 31, 39, 47, 55]. g_current=9, g_opposite=14, f_max=38, generated=170
[00:00:00:01:008] Expansion 220: New longest path found with length 27: [0, 1, 2, 3, 4, 12, 20, 19, 18, 17, 16, 24, 32, 33, 34, 35, 43, 51, 52, 53, 45, 37, 29, 30, 31, 39, 47, 55]. g_current=12, g_opposite=15, f_max=36, generated=384
[00:00:00:01:665] Expansion 368: New longest path found with length 29: [0, 8, 9, 10, 2, 3, 4, 12, 20, 19, 27, 26, 25, 24, 32, 40, 41, 42, 43, 51, 52, 53, 45, 37, 29, 30, 31, 39, 47, 55]. g_current=12, g_opposite=17, f_max=35, generated=665
[00:00:00:12:740] Path of length 29 found: [0, 8, 9, 10, 2, 3, 4, 12, 20, 19, 27, 26, 25, 24, 32, 40, 41, 42, 43, 51, 52, 53, 45, 37, 29, 30, 31, 39, 47, 55]
[00:00:00:13:116] ! Bidirectional. expansions: 3,203, time: 12,740 [ms], path length: 29 [edges], g_F: 12, g_B: 17, generated: 5,786, MM: 5, MMPER: 15.666666666666668%
[00:00:00:13:116] 
---------- SM_Grids/7x8_grid_with_random_blocks_8per_9 ----------
[00:00:00:15:552] Path of length 31 found: [0, 8, 16, 24, 32, 40, 41, 49, 50, 51, 43, 35, 34, 26, 18, 10, 11, 3, 4, 5, 6, 7, 15, 23, 22, 30, 29, 37, 45, 46, 54, 55]
[00:00:00:15:552] ! Unidirectional s-t. expansions: 3,806, time: 15,552 [ms], path length: 31 [edges], generated: 6,649
[00:00:00:19:639] Path of length 31 found: [55, 54, 46, 45, 37, 29, 30, 22, 23, 15, 7, 6, 5, 4, 12, 20, 19, 18, 26, 34, 35, 43, 51, 50, 49, 41, 40, 32, 24, 16, 8, 0]
[00:00:00:19:639] ! Unidirectional t-s. expansions: 5,106, time: 19,639 [ms], path length: 31 [edges], generated: 8,880
[00:00:00:00:268] Expansion 46: New longest path found with length 17: [0, 1, 9, 17, 16, 24, 32, 40, 41, 49, 50, 51, 52, 44, 45, 46, 54, 55]. g_current=4, g_opposite=13, f_max=38, generated=80
[00:00:00:00:307] Expansion 53: New longest path found with length 19: [0, 1, 9, 17, 16, 24, 32, 40, 41, 49, 50, 51, 52, 44, 45, 37, 38, 39, 47, 55]. g_current=13, g_opposite=6, f_max=38, generated=94
[00:00:00:01:512] Expansion 344: New longest path found with length 21: [0, 1, 9, 17, 16, 24, 32, 40, 41, 49, 50, 51, 52, 44, 45, 37, 29, 30, 31, 39, 47, 55]. g_current=7, g_opposite=14, f_max=37, generated=575
[00:00:00:01:823] Expansion 425: New longest path found with length 29: [0, 8, 16, 24, 32, 40, 41, 49, 50, 51, 43, 35, 34, 26, 18, 10, 11, 3, 4, 5, 6, 7, 15, 23, 31, 39, 38, 46, 54, 55]. g_current=15, g_opposite=14, f_max=36, generated=710
[00:00:00:02:986] Expansion 694: New longest path found with length 31: [0, 8, 16, 24, 32, 40, 41, 49, 50, 51, 43, 35, 34, 26, 18, 10, 11, 3, 4, 5, 6, 7, 15, 23, 22, 30, 29, 37, 45, 46, 54, 55]. g_current=16, g_opposite=15, f_max=35, generated=1,203
[00:00:00:23:654] Path of length 31 found: [0, 8, 16, 24, 32, 40, 41, 49, 50, 51, 43, 35, 34, 26, 18, 10, 11, 3, 4, 5, 6, 7, 15, 23, 22, 30, 29, 37, 45, 46, 54, 55]
[00:00:00:24:035] ! Bidirectional. expansions: 5,585, time: 23,654 [ms], path length: 31 [edges], g_F: 16, g_B: 15, generated: 10,629, MM: 1, MMPER: 2.125%

[00:00:00:24:035] average expansions: (2,215, 2,209, 2,625, 0)
[00:00:00:24:035] average time: (8,478, 8,722, 10,831, 0)
[00:00:00:24:035] XA*: 2,209 , 8,478 (expansions , time[ms])
[00:00:00:24:035] XMM: 2,625 , 10,831 (expansions , time[ms])

