------------------------------------
Thu 01 Oct 2026 14:27:32 IDT
SLURM_JOBID:		21950234
SLURM_JOB_NODELIST:	ise-cpu256-27
SLURM_SCRATCH_DIR:	/scratch/shubit/21950234
Allocated Resouces:	cpu - 2 / mem - 61440 MB / gpu - 
SLURM_GPU_INDEX:	
Running as shubit from shimony account with normal QOS
------------------------------------
Thu 01 Oct 2026 14:27:32 IDT

SLURM_JOBID:		 21950234
SLURM_JOB_NODELIST:	 ise-cpu256-27 

--------------------------
date: SM_Grids
number_of_graphs: 10
graph_type: grid
size_of_graphs: [7, 9]
heuristic: bcc_heuristic
snake: True
run_uni: True
run_bi: True
run_multi: False
solution_vertices: []
algorithms: ['DFBnB']
lookahead: 4
bsd: False
cube_first_dims: 4
cube_buffer_dim: None
backward_sym_generation: False
sym_coil: False
prefix_set: None

---------- SM_Grids/7x9_grid_with_random_blocks_8per_0 ----------
[00:00:00:06:710] Path of length 38 found: [0, 1, 10, 19, 18, 27, 36, 45, 54, 55, 56, 47, 38, 39, 40, 49, 58, 59, 60, 51, 42, 33, 32, 23, 22, 21, 12, 3, 4, 5, 6, 15, 16, 25, 26, 35, 44, 53, 62]
[00:00:00:06:710] ! Unidirectional s-t. expansions: 289, time: 6,710 [ms], path length: 38 [edges], generated: 5,311
[00:00:00:05:982] Path of length 38 found: [62, 53, 44, 35, 26, 25, 16, 7, 6, 5, 4, 3, 2, 11, 20, 21, 22, 23, 32, 33, 42, 51, 60, 59, 58, 49, 40, 39, 38, 47, 56, 55, 54, 45, 36, 27, 18, 9, 0]
[00:00:00:05:983] ! Unidirectional t-s. expansions: 409, time: 5,982 [ms], path length: 38 [edges], generated: 5,460
[00:00:00:06:745] Path of length 38 found: [0, 1, 10, 19, 18, 27, 36, 45, 54, 55, 56, 47, 38, 39, 40, 49, 58, 59, 60, 51, 42, 33, 32, 23, 22, 21, 12, 3, 4, 5, 6, 7, 16, 25, 26, 35, 44, 53, 62]
[00:00:00:07:210] ! Bidirectional. expansions: 327, time: 6,745 [ms], path length: 38 [edges], g_F: 19, g_B: 19, generated: 0, MM: 0, MMPER: -1.0%
[00:00:00:07:210] 
---------- SM_Grids/7x9_grid_with_random_blocks_8per_1 ----------
[00:00:00:06:028] Path of length 38 found: [0, 1, 2, 3, 12, 21, 20, 19, 18, 27, 36, 45, 54, 55, 56, 47, 38, 39, 40, 49, 58, 59, 60, 51, 42, 33, 24, 23, 14, 5, 6, 7, 16, 17, 26, 35, 44, 53, 62]
[00:00:00:06:028] ! Unidirectional s-t. expansions: 279, time: 6,028 [ms], path length: 38 [edges], generated: 5,452
[00:00:00:04:625] Path of length 38 found: [62, 53, 44, 35, 26, 17, 8, 7, 6, 5, 14, 23, 24, 33, 42, 51, 60, 59, 58, 49, 40, 39, 38, 47, 56, 55, 54, 45, 36, 27, 18, 19, 20, 21, 12, 3, 2, 1, 0]
[00:00:00:04:625] ! Unidirectional t-s. expansions: 238, time: 4,625 [ms], path length: 38 [edges], generated: 4,086
[00:00:00:16:318] Path of length 38 found: [0, 1, 2, 3, 12, 21, 20, 19, 18, 27, 36, 45, 54, 55, 56, 47, 38, 39, 40, 49, 58, 59, 60, 51, 42, 33, 24, 23, 14, 5, 6, 7, 8, 17, 26, 35, 44, 53, 62]
[00:00:00:16:748] ! Bidirectional. expansions: 1,817, time: 16,318 [ms], path length: 38 [edges], g_F: 19, g_B: 19, generated: 0, MM: 0, MMPER: -1.0%
[00:00:00:16:748] 
---------- SM_Grids/7x9_grid_with_random_blocks_8per_2 ----------
[00:00:00:20:582] Path of length 36 found: [0, 1, 2, 11, 20, 19, 18, 27, 36, 45, 54, 55, 56, 47, 38, 39, 30, 31, 22, 13, 14, 5, 6, 7, 16, 25, 26, 35, 44, 43, 42, 41, 50, 59, 60, 61, 62]
[00:00:00:20:582] ! Unidirectional s-t. expansions: 1,074, time: 20,582 [ms], path length: 36 [edges], generated: 21,100
[00:00:00:28:823] Path of length 36 found: [62, 61, 60, 59, 58, 57, 56, 55, 54, 45, 36, 27, 18, 19, 20, 29, 38, 39, 40, 41, 42, 43, 44, 35, 26, 25, 16, 7, 6, 5, 14, 13, 12, 3, 2, 1, 0]
[00:00:00:28:824] ! Unidirectional t-s. expansions: 1,753, time: 28,824 [ms], path length: 36 [edges], generated: 29,969
[00:00:00:24:024] Path of length 36 found: [0, 9, 10, 11, 12, 21, 22, 23, 14, 5, 6, 7, 16, 25, 26, 35, 44, 43, 42, 41, 40, 39, 38, 29, 28, 27, 36, 45, 46, 55, 56, 57, 58, 59, 60, 61, 62]
[00:00:00:24:487] ! Bidirectional. expansions: 1,528, time: 24,025 [ms], path length: 36 [edges], g_F: 18, g_B: 18, generated: 0, MM: 0, MMPER: -1.0%
[00:00:00:24:487] 
---------- SM_Grids/7x9_grid_with_random_blocks_8per_3 ----------
[00:00:00:08:017] Path of length 38 found: [0, 9, 10, 11, 2, 3, 4, 13, 22, 23, 24, 15, 6, 7, 8, 17, 26, 35, 34, 43, 42, 41, 40, 39, 30, 29, 28, 27, 36, 45, 54, 55, 56, 57, 58, 59, 60, 61, 62]
[00:00:00:08:018] ! Unidirectional s-t. expansions: 347, time: 8,017 [ms], path length: 38 [edges], generated: 7,002
[00:00:00:14:859] Path of length 38 found: [62, 61, 60, 59, 58, 57, 56, 55, 54, 45, 36, 27, 28, 29, 38, 39, 40, 41, 42, 43, 34, 35, 26, 17, 8, 7, 6, 15, 24, 23, 22, 13, 4, 3, 2, 11, 10, 9, 0]
[00:00:00:14:860] ! Unidirectional t-s. expansions: 2,059, time: 14,860 [ms], path length: 38 [edges], generated: 21,074
[00:00:00:11:563] Path of length 38 found: [0, 9, 10, 11, 2, 3, 4, 13, 22, 23, 24, 15, 6, 7, 8, 17, 26, 35, 34, 43, 42, 41, 40, 39, 38, 29, 28, 27, 36, 45, 54, 55, 56, 57, 58, 59, 60, 61, 62]
[00:00:00:12:009] ! Bidirectional. expansions: 1,440, time: 11,563 [ms], path length: 38 [edges], g_F: 19, g_B: 19, generated: 0, MM: 0, MMPER: -1.0%
[00:00:00:12:009] 
---------- SM_Grids/7x9_grid_with_random_blocks_8per_4 ----------
[00:00:00:05:594] Path of length 36 found: [0, 9, 18, 27, 36, 45, 54, 55, 56, 47, 48, 49, 58, 59, 60, 51, 42, 41, 32, 31, 30, 21, 20, 11, 2, 3, 4, 13, 14, 15, 24, 25, 34, 35, 44, 53, 62]
[00:00:00:05:594] ! Unidirectional s-t. expansions: 196, time: 5,594 [ms], path length: 36 [edges], generated: 4,393
[00:00:00:02:790] Path of length 36 found: [62, 53, 44, 35, 34, 25, 24, 15, 14, 13, 4, 3, 2, 11, 20, 21, 30, 31, 32, 41, 42, 51, 60, 59, 58, 49, 48, 47, 56, 55, 54, 45, 36, 27, 18, 9, 0]
[00:00:00:02:791] ! Unidirectional t-s. expansions: 99, time: 2,791 [ms], path length: 36 [edges], generated: 2,115
[00:00:00:04:409] Path of length 36 found: [0, 9, 18, 27, 36, 45, 54, 55, 56, 47, 48, 49, 58, 59, 60, 51, 42, 41, 32, 31, 30, 29, 20, 11, 2, 3, 4, 13, 14, 15, 24, 25, 34, 35, 44, 53, 62]
[00:00:00:04:861] ! Bidirectional. expansions: 213, time: 4,409 [ms], path length: 36 [edges], g_F: 18, g_B: 18, generated: 0, MM: 0, MMPER: -1.0%
[00:00:00:04:861] 
---------- SM_Grids/7x9_grid_with_random_blocks_8per_5 ----------
[00:00:00:13:476] Path of length 38 found: [0, 1, 2, 3, 4, 5, 6, 7, 16, 17, 26, 35, 34, 33, 24, 23, 22, 31, 40, 39, 38, 29, 20, 19, 18, 27, 36, 45, 54, 55, 56, 57, 58, 59, 50, 51, 52, 53, 62]
[00:00:00:13:477] ! Unidirectional s-t. expansions: 728, time: 13,476 [ms], path length: 38 [edges], generated: 11,705
[00:00:00:14:162] Path of length 38 found: [62, 53, 44, 35, 26, 17, 16, 7, 6, 5, 4, 3, 2, 11, 20, 29, 38, 39, 40, 31, 22, 23, 24, 33, 42, 51, 50, 59, 58, 57, 56, 55, 46, 45, 36, 27, 18, 9, 0]
[00:00:00:14:162] ! Unidirectional t-s. expansions: 1,183, time: 14,162 [ms], path length: 38 [edges], generated: 15,529
[00:00:00:10:654] Path of length 38 found: [0, 9, 18, 27, 36, 45, 54, 55, 56, 57, 58, 59, 50, 51, 42, 33, 24, 23, 22, 31, 40, 39, 38, 29, 20, 11, 2, 3, 4, 5, 6, 7, 16, 17, 26, 35, 44, 53, 62]
[00:00:00:11:112] ! Bidirectional. expansions: 823, time: 10,654 [ms], path length: 38 [edges], g_F: 19, g_B: 19, generated: 0, MM: 0, MMPER: -1.0%
[00:00:00:11:112] 
---------- SM_Grids/7x9_grid_with_random_blocks_8per_6 ----------
[00:00:00:17:099] Path of length 34 found: [0, 9, 18, 27, 36, 37, 46, 55, 56, 57, 58, 49, 40, 39, 30, 29, 20, 11, 12, 3, 4, 5, 6, 7, 16, 17, 26, 35, 34, 33, 42, 51, 52, 61, 62]
[00:00:00:17:100] ! Unidirectional s-t. expansions: 1,043, time: 17,099 [ms], path length: 34 [edges], generated: 18,937
[00:00:00:22:447] Path of length 34 found: [62, 53, 52, 51, 42, 33, 34, 25, 26, 17, 8, 7, 6, 5, 4, 3, 12, 21, 22, 31, 40, 49, 58, 57, 56, 47, 38, 37, 36, 27, 18, 19, 10, 1, 0]
[00:00:00:22:448] ! Unidirectional t-s. expansions: 948, time: 22,447 [ms], path length: 34 [edges], generated: 21,257
[00:00:00:28:627] Path of length 34 found: [0, 9, 18, 27, 36, 37, 46, 55, 56, 57, 58, 49, 40, 39, 30, 29, 20, 11, 12, 13, 14, 15, 6, 7, 8, 17, 26, 25, 34, 33, 42, 51, 52, 61, 62]
[00:00:00:29:088] ! Bidirectional. expansions: 2,624, time: 28,627 [ms], path length: 34 [edges], g_F: 17, g_B: 17, generated: 0, MM: 0, MMPER: -1.0%
[00:00:00:29:088] 
---------- SM_Grids/7x9_grid_with_random_blocks_8per_7 ----------
[00:00:00:11:120] Path of length 38 found: [0, 1, 2, 3, 12, 13, 14, 5, 6, 7, 8, 17, 26, 25, 24, 33, 32, 31, 30, 29, 20, 19, 18, 27, 36, 45, 54, 55, 56, 47, 48, 49, 58, 59, 60, 51, 52, 53, 62]
[00:00:00:11:120] ! Unidirectional s-t. expansions: 763, time: 11,120 [ms], path length: 38 [edges], generated: 10,816
[00:00:00:06:001] Path of length 38 found: [62, 53, 52, 51, 60, 59, 58, 49, 48, 47, 56, 55, 54, 45, 36, 27, 18, 19, 20, 29, 30, 31, 32, 33, 24, 25, 26, 17, 8, 7, 6, 5, 14, 13, 12, 3, 2, 1, 0]
[00:00:00:06:002] ! Unidirectional t-s. expansions: 392, time: 6,001 [ms], path length: 38 [edges], generated: 5,266
[00:00:00:10:913] Path of length 38 found: [0, 1, 2, 3, 12, 13, 14, 5, 6, 7, 8, 17, 26, 25, 24, 33, 32, 31, 30, 29, 20, 19, 18, 27, 36, 45, 54, 55, 56, 47, 48, 49, 58, 59, 60, 51, 52, 53, 62]
[00:00:00:11:378] ! Bidirectional. expansions: 553, time: 10,913 [ms], path length: 38 [edges], g_F: 19, g_B: 19, generated: 0, MM: 0, MMPER: -1.0%
[00:00:00:11:378] 
---------- SM_Grids/7x9_grid_with_random_blocks_8per_8 ----------
[00:00:00:07:042] Path of length 38 found: [0, 9, 18, 27, 36, 45, 54, 55, 56, 47, 38, 29, 20, 11, 2, 3, 4, 13, 22, 31, 40, 49, 58, 59, 60, 51, 42, 33, 24, 15, 6, 7, 8, 17, 26, 35, 44, 53, 62]
[00:00:00:07:042] ! Unidirectional s-t. expansions: 377, time: 7,042 [ms], path length: 38 [edges], generated: 5,970
[00:00:00:13:447] Path of length 38 found: [62, 53, 44, 35, 26, 17, 8, 7, 6, 5, 4, 3, 2, 11, 20, 29, 30, 31, 22, 23, 24, 33, 42, 51, 60, 59, 58, 49, 48, 47, 56, 55, 54, 45, 36, 27, 18, 9, 0]
[00:00:00:13:448] ! Unidirectional t-s. expansions: 753, time: 13,447 [ms], path length: 38 [edges], generated: 12,988
[00:00:00:09:061] Path of length 38 found: [0, 9, 18, 27, 36, 45, 54, 55, 56, 57, 58, 49, 40, 39, 38, 29, 20, 11, 2, 3, 4, 13, 22, 23, 24, 15, 6, 7, 8, 17, 26, 35, 34, 43, 42, 51, 60, 61, 62]
[00:00:00:09:502] ! Bidirectional. expansions: 712, time: 9,061 [ms], path length: 38 [edges], g_F: 19, g_B: 19, generated: 0, MM: 0, MMPER: -1.0%
[00:00:00:09:502] 
---------- SM_Grids/7x9_grid_with_random_blocks_8per_9 ----------
[00:00:00:05:001] Path of length 36 found: [0, 9, 18, 27, 28, 37, 38, 47, 56, 57, 58, 59, 50, 41, 40, 31, 30, 21, 20, 11, 2, 3, 4, 13, 14, 15, 6, 7, 8, 17, 26, 25, 34, 43, 52, 61, 62]
[00:00:00:05:002] ! Unidirectional s-t. expansions: 211, time: 5,002 [ms], path length: 36 [edges], generated: 4,019
[00:00:00:08:573] Path of length 36 found: [62, 61, 52, 43, 44, 35, 26, 17, 8, 7, 6, 15, 14, 13, 4, 3, 2, 11, 20, 21, 30, 31, 40, 41, 50, 59, 58, 57, 48, 47, 38, 37, 28, 27, 18, 9, 0]
[00:00:00:08:573] ! Unidirectional t-s. expansions: 406, time: 8,573 [ms], path length: 36 [edges], generated: 7,649
[00:00:00:07:561] Path of length 36 found: [0, 9, 18, 27, 28, 37, 38, 47, 56, 57, 58, 59, 50, 41, 40, 31, 30, 21, 20, 11, 2, 3, 4, 13, 14, 15, 6, 7, 8, 17, 26, 35, 44, 43, 52, 61, 62]
[00:00:00:07:996] ! Bidirectional. expansions: 416, time: 7,561 [ms], path length: 36 [edges], g_F: 18, g_B: 18, generated: 0, MM: 0, MMPER: -1.0%

[00:00:00:07:996] average expansions: (531, 824, 1,045, 0)
[00:00:00:07:996] average time: (10,067, 12,171, 12,988, 0)
[00:00:00:07:996] XDFBnB: 531 , 10,067 (expansions , time[ms])
[00:00:00:07:996] BiXDFBnB: 1,045 , 12,988 (expansions , time[ms])

