------------------------------------
Thu 01 Oct 2026 11:13:28 IDT
SLURM_JOBID:		21942970
SLURM_JOB_NODELIST:	ise-cpu256-11
SLURM_SCRATCH_DIR:	/scratch/shubit/21942970
Allocated Resouces:	cpu - 2 / mem - 61440 MB / gpu - 
SLURM_GPU_INDEX:	
Running as shubit from shimony account with normal QOS
------------------------------------
Thu 01 Oct 2026 11:13:28 IDT

SLURM_JOBID:		 21942970
SLURM_JOB_NODELIST:	 ise-cpu256-11 

--------------------------
date: SM_Grids
number_of_graphs: 10
graph_type: grid
size_of_graphs: [7, 8]
heuristic: bcc_heuristic
snake: True
run_uni: True
run_bi: True
run_multi: False
solution_vertices: []
algorithms: ['A']
lookahead: -1
bsd: False
cube_first_dims: 4
cube_buffer_dim: None
backward_sym_generation: False
sym_coil: False
prefix_set: None

---------- SM_Grids/7x8_grid_with_random_blocks_8per_0 ----------
[00:00:00:07:607] Path of length 31 found: [0, 1, 2, 3, 11, 19, 18, 17, 16, 24, 32, 33, 34, 42, 50, 51, 52, 44, 36, 28, 29, 21, 13, 5, 6, 7, 15, 23, 31, 39, 47, 55]
[00:00:00:07:608] ! Unidirectional s-t. expansions: 1,627, time: 7,607 [ms], path length: 31 [edges], generated: 2,910
[00:00:00:05:903] Path of length 31 found: [55, 47, 46, 38, 30, 31, 23, 15, 7, 6, 5, 13, 21, 20, 28, 36, 44, 52, 51, 50, 42, 34, 33, 32, 24, 16, 17, 18, 10, 2, 1, 0]
[00:00:00:05:904] ! Unidirectional t-s. expansions: 1,320, time: 5,903 [ms], path length: 31 [edges], generated: 2,305
[00:00:00:07:157] Path of length 31 found: [0, 1, 2, 3, 11, 19, 18, 17, 16, 24, 32, 33, 34, 42, 50, 51, 52, 44, 36, 28, 29, 21, 13, 5, 6, 7, 15, 23, 31, 39, 47, 55]
[00:00:00:07:677] ! Bidirectional. expansions: 1,903, time: 7,157 [ms], path length: 31 [edges], g_F: 16, g_B: 15, generated: 0, MM: 1, MMPER: 2.125%
[00:00:00:07:677] 
---------- SM_Grids/7x8_grid_with_random_blocks_8per_1 ----------
[00:00:00:03:327] Path of length 33 found: [0, 1, 2, 3, 11, 12, 13, 5, 6, 7, 15, 23, 22, 30, 38, 37, 36, 28, 27, 26, 18, 17, 16, 24, 32, 40, 41, 42, 43, 51, 52, 53, 54, 55]
[00:00:00:03:327] ! Unidirectional s-t. expansions: 691, time: 3,327 [ms], path length: 33 [edges], generated: 1,195
[00:00:00:06:367] Path of length 33 found: [55, 54, 53, 52, 51, 43, 42, 41, 40, 32, 24, 16, 17, 18, 26, 27, 28, 36, 37, 38, 39, 31, 23, 15, 7, 6, 5, 13, 12, 11, 3, 2, 1, 0]
[00:00:00:06:367] ! Unidirectional t-s. expansions: 1,344, time: 6,367 [ms], path length: 33 [edges], generated: 2,199
[00:00:00:03:668] Path of length 33 found: [0, 1, 2, 3, 4, 5, 6, 7, 15, 23, 22, 21, 20, 28, 27, 26, 18, 17, 16, 24, 32, 33, 41, 42, 43, 51, 52, 53, 45, 37, 38, 39, 47, 55]
[00:00:00:04:072] ! Bidirectional. expansions: 800, time: 3,668 [ms], path length: 33 [edges], g_F: 17, g_B: 16, generated: 0, MM: 1, MMPER: 1.9411764705882355%
[00:00:00:04:072] 
---------- SM_Grids/7x8_grid_with_random_blocks_8per_2 ----------
[00:00:00:03:158] Path of length 31 found: [0, 1, 2, 3, 11, 12, 13, 21, 22, 23, 31, 39, 38, 37, 36, 28, 27, 26, 18, 17, 16, 24, 32, 40, 41, 49, 50, 51, 52, 53, 54, 55]
[00:00:00:03:158] ! Unidirectional s-t. expansions: 671, time: 3,158 [ms], path length: 31 [edges], generated: 1,247
[00:00:00:02:995] Path of length 31 found: [55, 54, 53, 52, 51, 50, 49, 41, 40, 32, 24, 16, 17, 18, 26, 34, 35, 36, 37, 38, 39, 31, 23, 22, 21, 13, 12, 11, 3, 2, 1, 0]
[00:00:00:02:995] ! Unidirectional t-s. expansions: 639, time: 2,995 [ms], path length: 31 [edges], generated: 1,158
[00:00:00:03:347] Path of length 31 found: [0, 1, 2, 3, 11, 12, 13, 21, 22, 23, 31, 39, 38, 37, 36, 28, 27, 26, 18, 17, 16, 24, 32, 40, 41, 49, 50, 51, 52, 53, 54, 55]
[00:00:00:03:808] ! Bidirectional. expansions: 689, time: 3,347 [ms], path length: 31 [edges], g_F: 16, g_B: 15, generated: 0, MM: 1, MMPER: 2.125%
[00:00:00:03:808] 
---------- SM_Grids/7x8_grid_with_random_blocks_8per_3 ----------
[00:00:00:05:553] Path of length 33 found: [0, 8, 9, 10, 2, 3, 4, 5, 6, 7, 15, 23, 22, 21, 20, 19, 27, 26, 34, 33, 32, 40, 48, 49, 50, 51, 43, 44, 36, 37, 38, 46, 47, 55]
[00:00:00:05:553] ! Unidirectional s-t. expansions: 1,126, time: 5,553 [ms], path length: 33 [edges], generated: 1,892
[00:00:00:03:578] Path of length 33 found: [55, 47, 39, 38, 37, 45, 44, 43, 51, 50, 49, 48, 40, 32, 33, 34, 26, 27, 28, 20, 21, 22, 23, 15, 7, 6, 5, 4, 3, 2, 10, 9, 8, 0]
[00:00:00:03:578] ! Unidirectional t-s. expansions: 742, time: 3,578 [ms], path length: 33 [edges], generated: 1,264
[00:00:00:03:154] Path of length 33 found: [0, 1, 2, 3, 4, 5, 6, 7, 15, 23, 22, 21, 20, 28, 27, 26, 18, 17, 16, 24, 32, 40, 48, 49, 50, 51, 43, 44, 45, 37, 38, 39, 47, 55]
[00:00:00:03:597] ! Bidirectional. expansions: 732, time: 3,154 [ms], path length: 33 [edges], g_F: 17, g_B: 16, generated: 0, MM: 1, MMPER: 1.9411764705882355%
[00:00:00:03:597] 
---------- SM_Grids/7x8_grid_with_random_blocks_8per_4 ----------
[00:00:00:05:809] Path of length 31 found: [0, 1, 2, 10, 11, 19, 27, 26, 25, 24, 32, 40, 48, 49, 50, 42, 43, 44, 36, 37, 29, 21, 13, 5, 6, 7, 15, 23, 31, 39, 47, 55]
[00:00:00:05:810] ! Unidirectional s-t. expansions: 1,306, time: 5,809 [ms], path length: 31 [edges], generated: 2,180
[00:00:00:04:040] Path of length 31 found: [55, 47, 39, 31, 23, 15, 7, 6, 5, 13, 21, 29, 37, 45, 53, 52, 51, 50, 49, 48, 40, 32, 33, 34, 26, 27, 19, 11, 10, 9, 1, 0]
[00:00:00:04:040] ! Unidirectional t-s. expansions: 909, time: 4,040 [ms], path length: 31 [edges], generated: 1,580
[00:00:00:03:383] Path of length 31 found: [0, 1, 2, 10, 11, 19, 27, 26, 25, 24, 32, 40, 48, 49, 50, 51, 52, 53, 45, 37, 29, 21, 13, 5, 6, 7, 15, 23, 31, 39, 47, 55]
[00:00:00:03:829] ! Bidirectional. expansions: 942, time: 3,383 [ms], path length: 31 [edges], g_F: 16, g_B: 15, generated: 0, MM: 1, MMPER: 2.125%
[00:00:00:03:829] 
---------- SM_Grids/7x8_grid_with_random_blocks_8per_5 ----------
[00:00:00:06:853] Path of length 33 found: [0, 1, 2, 3, 11, 12, 13, 5, 6, 7, 15, 23, 22, 30, 38, 37, 36, 28, 27, 26, 18, 17, 16, 24, 32, 40, 48, 49, 50, 51, 52, 53, 54, 55]
[00:00:00:06:854] ! Unidirectional s-t. expansions: 1,582, time: 6,853 [ms], path length: 33 [edges], generated: 2,551
[00:00:00:07:530] Path of length 33 found: [55, 54, 53, 52, 51, 50, 49, 48, 40, 32, 24, 16, 17, 18, 26, 27, 28, 36, 37, 38, 39, 31, 23, 15, 7, 6, 5, 13, 12, 11, 3, 2, 1, 0]
[00:00:00:07:531] ! Unidirectional t-s. expansions: 1,739, time: 7,530 [ms], path length: 33 [edges], generated: 2,964
[00:00:00:03:033] Path of length 33 found: [0, 1, 2, 3, 11, 12, 13, 5, 6, 7, 15, 23, 22, 30, 38, 37, 36, 28, 27, 26, 18, 17, 16, 24, 32, 40, 48, 49, 50, 51, 52, 53, 54, 55]
[00:00:00:03:417] ! Bidirectional. expansions: 721, time: 3,034 [ms], path length: 33 [edges], g_F: 17, g_B: 16, generated: 0, MM: 1, MMPER: 1.9411764705882355%
[00:00:00:03:417] 
---------- SM_Grids/7x8_grid_with_random_blocks_8per_6 ----------
[00:00:00:13:410] Path of length 29 found: [0, 8, 16, 24, 32, 33, 41, 49, 50, 51, 43, 35, 27, 26, 18, 10, 11, 12, 20, 21, 22, 23, 31, 39, 38, 37, 45, 53, 54, 55]
[00:00:00:13:411] ! Unidirectional s-t. expansions: 3,056, time: 13,410 [ms], path length: 29 [edges], generated: 5,960
[00:00:00:03:467] Path of length 29 found: [55, 54, 53, 45, 37, 38, 39, 31, 23, 22, 21, 20, 28, 27, 35, 43, 42, 50, 49, 48, 40, 32, 33, 25, 17, 18, 10, 2, 1, 0]
[00:00:00:03:467] ! Unidirectional t-s. expansions: 649, time: 3,467 [ms], path length: 29 [edges], generated: 1,230
[00:00:00:07:409] Path of length 29 found: [0, 8, 16, 24, 32, 40, 48, 49, 50, 51, 43, 35, 27, 26, 18, 10, 11, 12, 20, 21, 22, 23, 31, 39, 38, 37, 45, 53, 54, 55]
[00:00:00:07:862] ! Bidirectional. expansions: 1,405, time: 7,409 [ms], path length: 29 [edges], g_F: 15, g_B: 14, generated: 0, MM: 1, MMPER: 2.3333333333333335%
[00:00:00:07:862] 
---------- SM_Grids/7x8_grid_with_random_blocks_8per_7 ----------
[00:00:00:12:342] Path of length 31 found: [0, 1, 2, 3, 11, 19, 18, 17, 16, 24, 32, 40, 41, 42, 43, 35, 36, 28, 29, 21, 13, 5, 6, 7, 15, 23, 31, 39, 38, 46, 54, 55]
[00:00:00:12:342] ! Unidirectional s-t. expansions: 2,957, time: 12,342 [ms], path length: 31 [edges], generated: 5,115
[00:00:00:15:130] Path of length 31 found: [55, 47, 39, 31, 23, 15, 7, 6, 5, 13, 21, 20, 28, 36, 37, 45, 53, 52, 51, 43, 42, 41, 40, 32, 24, 16, 17, 18, 10, 2, 1, 0]
[00:00:00:15:130] ! Unidirectional t-s. expansions: 3,351, time: 15,130 [ms], path length: 31 [edges], generated: 5,910
[00:00:00:05:377] Path of length 31 found: [0, 1, 2, 3, 4, 5, 6, 7, 15, 23, 22, 21, 20, 19, 18, 17, 16, 24, 32, 40, 41, 42, 43, 51, 52, 53, 45, 37, 38, 39, 47, 55]
[00:00:00:05:768] ! Bidirectional. expansions: 1,476, time: 5,378 [ms], path length: 31 [edges], g_F: 16, g_B: 15, generated: 0, MM: 1, MMPER: 2.125%
[00:00:00:05:768] 
---------- SM_Grids/7x8_grid_with_random_blocks_8per_8 ----------
[00:00:00:17:411] Path of length 29 found: [0, 8, 16, 24, 32, 40, 41, 42, 34, 35, 27, 19, 18, 10, 2, 3, 4, 5, 6, 7, 15, 23, 22, 30, 29, 37, 45, 53, 54, 55]
[00:00:00:17:411] ! Unidirectional s-t. expansions: 5,330, time: 17,411 [ms], path length: 29 [edges], generated: 8,173
[00:00:00:24:612] Path of length 29 found: [55, 54, 53, 45, 37, 29, 30, 22, 23, 15, 7, 6, 5, 13, 12, 20, 19, 27, 35, 43, 42, 41, 33, 32, 24, 16, 17, 9, 1, 0]
[00:00:00:24:613] ! Unidirectional t-s. expansions: 6,292, time: 24,612 [ms], path length: 29 [edges], generated: 11,780
[00:00:00:08:070] Path of length 29 found: [0, 8, 16, 24, 32, 40, 41, 42, 43, 35, 27, 26, 18, 10, 11, 12, 13, 5, 6, 7, 15, 23, 22, 30, 29, 37, 45, 53, 54, 55]
[00:00:00:08:457] ! Bidirectional. expansions: 2,737, time: 8,070 [ms], path length: 29 [edges], g_F: 15, g_B: 14, generated: 0, MM: 1, MMPER: 2.3333333333333335%
[00:00:00:08:458] 
---------- SM_Grids/7x8_grid_with_random_blocks_8per_9 ----------
[00:00:00:16:296] Path of length 31 found: [0, 8, 16, 24, 32, 40, 41, 49, 50, 51, 43, 35, 34, 26, 18, 10, 11, 3, 4, 5, 6, 7, 15, 23, 22, 30, 29, 37, 45, 46, 54, 55]
[00:00:00:16:297] ! Unidirectional s-t. expansions: 3,806, time: 16,297 [ms], path length: 31 [edges], generated: 6,649
[00:00:00:20:921] Path of length 31 found: [55, 54, 46, 45, 37, 29, 30, 22, 23, 15, 7, 6, 5, 4, 12, 20, 19, 18, 26, 34, 35, 43, 51, 50, 49, 41, 40, 32, 24, 16, 8, 0]
[00:00:00:20:922] ! Unidirectional t-s. expansions: 5,106, time: 20,921 [ms], path length: 31 [edges], generated: 8,880
[00:00:00:20:275] Path of length 31 found: [0, 1, 9, 17, 16, 24, 32, 40, 41, 49, 50, 51, 52, 44, 36, 35, 27, 19, 11, 3, 4, 5, 6, 7, 15, 23, 31, 39, 38, 46, 54, 55]
[00:00:00:20:683] ! Bidirectional. expansions: 6,695, time: 20,275 [ms], path length: 31 [edges], g_F: 16, g_B: 15, generated: 0, MM: 1, MMPER: 2.125%

[00:00:00:20:683] average expansions: (2,215, 2,209, 1,810, 0)
[00:00:00:20:683] average time: (9,177, 9,454, 6,488, 0)
[00:00:00:20:683] XA*: 2,209 , 9,177 (expansions , time[ms])
[00:00:00:20:683] BiXA*: 1,810 , 6,488 (expansions , time[ms])

