------------------------------------
Thu 01 Oct 2026 11:13:28 IDT
SLURM_JOBID:		21942968
SLURM_JOB_NODELIST:	ise-cpu256-01
SLURM_SCRATCH_DIR:	/scratch/shubit/21942968
Allocated Resouces:	cpu - 2 / mem - 61440 MB / gpu - 
SLURM_GPU_INDEX:	
Running as shubit from shimony account with normal QOS
------------------------------------
Thu 01 Oct 2026 11:13:28 IDT

SLURM_JOBID:		 21942968
SLURM_JOB_NODELIST:	 ise-cpu256-01 

--------------------------
date: SM_Grids
number_of_graphs: 10
graph_type: grid
size_of_graphs: [7, 7]
heuristic: bcc_heuristic
snake: True
run_uni: True
run_bi: True
run_multi: False
solution_vertices: []
algorithms: ['A']
lookahead: 4
bsd: False
cube_first_dims: 4
cube_buffer_dim: None
backward_sym_generation: False
sym_coil: False
prefix_set: None

---------- SM_Grids/7x7_grid_with_random_blocks_20per_0 ----------
[00:00:00:00:112] Path of length 16 found: [0, 7, 14, 21, 22, 29, 36, 43, 44, 45, 38, 31, 32, 33, 40, 47, 48]
[00:00:00:00:112] ! Unidirectional s-t. expansions: 19, time: 112 [ms], path length: 16 [edges], generated: 183
[00:00:00:00:406] Path of length 16 found: [48, 41, 34, 33, 32, 31, 38, 45, 44, 43, 42, 35, 28, 21, 14, 7, 0]
[00:00:00:00:407] ! Unidirectional t-s. expansions: 72, time: 406 [ms], path length: 16 [edges], generated: 674
[00:00:00:00:126] Path of length 16 found: [0, 7, 14, 21, 22, 29, 36, 43, 44, 45, 38, 31, 32, 33, 34, 41, 48]
[00:00:00:00:550] ! Bidirectional. expansions: 24, time: 127 [ms], path length: 16 [edges], g_F: 8, g_B: 8, generated: 0, MM: 0, MMPER: -1.0%
[00:00:00:00:550] 
---------- SM_Grids/7x7_grid_with_random_blocks_20per_1 ----------
[00:00:00:00:261] Path of length 12 found: [0, 7, 8, 9, 16, 23, 30, 31, 32, 39, 40, 47, 48]
[00:00:00:00:261] ! Unidirectional s-t. expansions: 34, time: 261 [ms], path length: 12 [edges], generated: 384
[00:00:00:00:294] Path of length 12 found: [48, 41, 34, 33, 32, 31, 30, 29, 22, 15, 8, 7, 0]
[00:00:00:00:295] ! Unidirectional t-s. expansions: 71, time: 294 [ms], path length: 12 [edges], generated: 493
[00:00:00:00:192] Path of length 12 found: [0, 7, 8, 9, 16, 23, 30, 31, 32, 33, 34, 41, 48]
[00:00:00:00:536] ! Bidirectional. expansions: 33, time: 192 [ms], path length: 12 [edges], g_F: 6, g_B: 6, generated: 0, MM: 0, MMPER: -1.0%
[00:00:00:00:536] 
---------- SM_Grids/7x7_grid_with_random_blocks_20per_2 ----------
[00:00:00:00:945] Path of length 26 found: [0, 7, 8, 9, 2, 3, 4, 5, 6, 13, 20, 19, 18, 25, 32, 31, 30, 29, 28, 35, 42, 43, 44, 45, 46, 47, 48]
[00:00:00:00:945] ! Unidirectional s-t. expansions: 122, time: 945 [ms], path length: 26 [edges], generated: 1,595
[00:00:00:00:125] Path of length 26 found: [48, 47, 46, 45, 44, 43, 42, 35, 28, 29, 30, 31, 32, 33, 26, 27, 20, 13, 6, 5, 4, 3, 2, 9, 8, 7, 0]
[00:00:00:00:125] ! Unidirectional t-s. expansions: 21, time: 125 [ms], path length: 26 [edges], generated: 187
[00:00:00:00:332] Path of length 26 found: [0, 7, 8, 9, 2, 3, 4, 5, 6, 13, 20, 19, 18, 25, 32, 31, 30, 29, 28, 35, 42, 43, 44, 45, 46, 47, 48]
[00:00:00:00:681] ! Bidirectional. expansions: 72, time: 332 [ms], path length: 26 [edges], g_F: 13, g_B: 13, generated: 0, MM: 0, MMPER: -1.0%
[00:00:00:00:682] 
---------- SM_Grids/7x7_grid_with_random_blocks_20per_3 ----------
[00:00:00:00:115] Path of length 28 found: [0, 7, 14, 21, 28, 35, 42, 43, 44, 37, 30, 31, 24, 17, 16, 9, 2, 3, 4, 11, 12, 19, 20, 27, 34, 33, 40, 47, 48]
[00:00:00:00:115] ! Unidirectional s-t. expansions: 14, time: 115 [ms], path length: 28 [edges], generated: 132
[00:00:00:00:041] Path of length 28 found: [48, 47, 40, 33, 34, 27, 20, 19, 12, 11, 4, 3, 2, 9, 16, 17, 24, 31, 30, 37, 44, 43, 42, 35, 28, 21, 14, 7, 0]
[00:00:00:00:041] ! Unidirectional t-s. expansions: 7, time: 41 [ms], path length: 28 [edges], generated: 55
[00:00:00:00:073] Path of length 28 found: [0, 7, 14, 21, 28, 35, 42, 43, 44, 37, 30, 31, 24, 17, 16, 9, 2, 3, 4, 11, 12, 19, 20, 27, 34, 33, 40, 47, 48]
[00:00:00:00:421] ! Bidirectional. expansions: 11, time: 73 [ms], path length: 28 [edges], g_F: 14, g_B: 14, generated: 0, MM: 0, MMPER: -1.0%
[00:00:00:00:421] 
---------- SM_Grids/7x7_grid_with_random_blocks_20per_4 ----------
[00:00:00:00:493] Path of length 24 found: [0, 7, 8, 9, 2, 3, 4, 11, 18, 17, 24, 23, 22, 29, 36, 37, 44, 45, 46, 39, 32, 33, 34, 41, 48]
[00:00:00:00:493] ! Unidirectional s-t. expansions: 28, time: 493 [ms], path length: 24 [edges], generated: 558
[00:00:00:00:227] Path of length 24 found: [48, 41, 34, 33, 32, 39, 46, 45, 44, 37, 36, 29, 22, 23, 24, 17, 18, 11, 4, 3, 2, 9, 8, 7, 0]
[00:00:00:00:228] ! Unidirectional t-s. expansions: 16, time: 227 [ms], path length: 24 [edges], generated: 272
[00:00:00:00:669] Path of length 24 found: [0, 7, 8, 9, 2, 3, 4, 11, 18, 17, 24, 23, 22, 29, 36, 37, 44, 45, 46, 39, 32, 33, 34, 41, 48]
[00:00:00:01:021] ! Bidirectional. expansions: 40, time: 669 [ms], path length: 24 [edges], g_F: 12, g_B: 12, generated: 0, MM: 0, MMPER: -1.0%
[00:00:00:01:021] 
---------- SM_Grids/7x7_grid_with_random_blocks_20per_5 ----------
[00:00:00:00:119] Path of length 24 found: [0, 1, 2, 3, 4, 5, 6, 13, 20, 19, 18, 17, 16, 15, 14, 21, 28, 29, 30, 31, 38, 39, 40, 47, 48]
[00:00:00:00:119] ! Unidirectional s-t. expansions: 11, time: 119 [ms], path length: 24 [edges], generated: 137
[00:00:00:00:088] Path of length 24 found: [48, 47, 40, 39, 32, 31, 30, 29, 28, 21, 14, 15, 16, 17, 18, 19, 20, 13, 6, 5, 4, 3, 2, 1, 0]
[00:00:00:00:089] ! Unidirectional t-s. expansions: 10, time: 88 [ms], path length: 24 [edges], generated: 120
[00:00:00:00:116] Path of length 24 found: [0, 1, 2, 3, 4, 5, 6, 13, 20, 19, 18, 17, 16, 15, 14, 21, 28, 29, 30, 31, 38, 39, 40, 47, 48]
[00:00:00:00:468] ! Bidirectional. expansions: 15, time: 116 [ms], path length: 24 [edges], g_F: 12, g_B: 12, generated: 0, MM: 0, MMPER: -1.0%
[00:00:00:00:468] 
---------- SM_Grids/7x7_grid_with_random_blocks_20per_6 ----------
[00:00:00:00:121] Path of length 24 found: [0, 7, 14, 21, 28, 29, 30, 23, 16, 9, 10, 3, 4, 5, 6, 13, 20, 19, 18, 25, 32, 33, 40, 47, 48]
[00:00:00:00:121] ! Unidirectional s-t. expansions: 9, time: 121 [ms], path length: 24 [edges], generated: 165
[00:00:00:00:102] Path of length 24 found: [48, 41, 34, 33, 32, 25, 18, 19, 20, 13, 6, 5, 4, 3, 10, 9, 16, 23, 30, 29, 28, 21, 14, 7, 0]
[00:00:00:00:102] ! Unidirectional t-s. expansions: 9, time: 102 [ms], path length: 24 [edges], generated: 106
[00:00:00:00:123] Path of length 24 found: [0, 7, 14, 21, 28, 29, 30, 23, 16, 9, 10, 3, 4, 5, 6, 13, 20, 19, 18, 25, 32, 33, 40, 41, 48]
[00:00:00:00:473] ! Bidirectional. expansions: 15, time: 123 [ms], path length: 24 [edges], g_F: 12, g_B: 12, generated: 0, MM: 0, MMPER: -1.0%
[00:00:00:00:473] 
---------- SM_Grids/7x7_grid_with_random_blocks_20per_7 ----------
[00:00:00:00:240] Path of length 16 found: [0, 1, 2, 3, 4, 5, 12, 19, 18, 17, 24, 31, 38, 39, 46, 47, 48]
[00:00:00:00:240] ! Unidirectional s-t. expansions: 17, time: 240 [ms], path length: 16 [edges], generated: 352
[00:00:00:00:738] Path of length 16 found: [48, 41, 40, 39, 38, 31, 24, 25, 18, 19, 12, 5, 4, 3, 2, 1, 0]
[00:00:00:00:738] ! Unidirectional t-s. expansions: 65, time: 738 [ms], path length: 16 [edges], generated: 906
[00:00:00:00:432] Path of length 16 found: [0, 1, 2, 3, 4, 5, 12, 19, 18, 17, 24, 31, 38, 39, 46, 47, 48]
[00:00:00:00:782] ! Bidirectional. expansions: 76, time: 432 [ms], path length: 16 [edges], g_F: 8, g_B: 8, generated: 0, MM: 0, MMPER: -1.0%
[00:00:00:00:782] 
---------- SM_Grids/7x7_grid_with_random_blocks_20per_8 ----------
[00:00:00:00:329] Path of length 24 found: [0, 1, 2, 3, 4, 11, 18, 17, 16, 23, 30, 29, 28, 35, 42, 43, 44, 45, 38, 39, 32, 33, 34, 41, 48]
[00:00:00:00:330] ! Unidirectional s-t. expansions: 28, time: 329 [ms], path length: 24 [edges], generated: 424
[00:00:00:00:220] Path of length 24 found: [48, 41, 34, 27, 26, 25, 32, 39, 38, 45, 44, 43, 42, 35, 28, 29, 30, 23, 16, 17, 10, 3, 2, 1, 0]
[00:00:00:00:220] ! Unidirectional t-s. expansions: 30, time: 220 [ms], path length: 24 [edges], generated: 323
[00:00:00:00:375] Path of length 24 found: [0, 1, 2, 3, 10, 17, 16, 23, 30, 29, 28, 35, 42, 43, 44, 45, 38, 39, 32, 25, 26, 27, 34, 41, 48]
[00:00:00:00:726] ! Bidirectional. expansions: 26, time: 375 [ms], path length: 24 [edges], g_F: 12, g_B: 12, generated: 0, MM: 0, MMPER: -1.0%
[00:00:00:00:726] 
---------- SM_Grids/7x7_grid_with_random_blocks_20per_9 ----------
[00:00:00:00:143] Path of length 28 found: [0, 7, 8, 15, 22, 29, 28, 35, 42, 43, 44, 45, 46, 39, 32, 25, 18, 17, 10, 3, 4, 5, 12, 13, 20, 27, 34, 41, 48]
[00:00:00:00:143] ! Unidirectional s-t. expansions: 19, time: 143 [ms], path length: 28 [edges], generated: 166
[00:00:00:00:074] Path of length 28 found: [48, 41, 34, 27, 20, 13, 6, 5, 4, 3, 10, 17, 18, 25, 32, 39, 46, 45, 44, 43, 42, 35, 28, 29, 22, 15, 8, 1, 0]
[00:00:00:00:075] ! Unidirectional t-s. expansions: 13, time: 75 [ms], path length: 28 [edges], generated: 108
[00:00:00:00:082] Path of length 28 found: [0, 7, 8, 15, 22, 29, 28, 35, 42, 43, 44, 45, 46, 39, 32, 25, 18, 17, 10, 3, 4, 5, 6, 13, 20, 27, 34, 41, 48]
[00:00:00:00:431] ! Bidirectional. expansions: 14, time: 82 [ms], path length: 28 [edges], g_F: 14, g_B: 14, generated: 0, MM: 0, MMPER: -1.0%

[00:00:00:00:431] average expansions: (30, 31, 33, 0)
[00:00:00:00:431] average time: (288, 232, 252, 0)
[00:00:00:00:431] XA*: 30 , 232 (expansions , time[ms])
[00:00:00:00:431] BiXA*: 33 , 252 (expansions , time[ms])

