------------------------------------
Thu 01 Oct 2026 12:44:32 IDT
SLURM_JOBID:		21944724
SLURM_JOB_NODELIST:	ise-cpu256-06
SLURM_SCRATCH_DIR:	/scratch/shubit/21944724
Allocated Resouces:	cpu - 2 / mem - 61440 MB / gpu - 
SLURM_GPU_INDEX:	
Running as shubit from shimony account with normal QOS
------------------------------------
Thu 01 Oct 2026 12:44:32 IDT

SLURM_JOBID:		 21944724
SLURM_JOB_NODELIST:	 ise-cpu256-06 

--------------------------
date: SM_Grids
number_of_graphs: 10
graph_type: grid
size_of_graphs: [7, 9]
heuristic: bcc_heuristic
snake: True
run_uni: True
run_bi: True
run_multi: False
solution_vertices: []
algorithms: ['IDA']
lookahead: -1
bsd: False
cube_first_dims: 4
cube_buffer_dim: None
backward_sym_generation: False
sym_coil: False
prefix_set: None

---------- SM_Grids/7x9_grid_with_random_blocks_12per_0 ----------
[00:00:00:25:232] Path of length 32 found: [0, 9, 18, 19, 20, 11, 2, 3, 4, 13, 14, 15, 16, 25, 26, 35, 44, 43, 42, 33, 32, 31, 30, 39, 38, 47, 56, 57, 58, 59, 60, 61, 62]
[00:00:00:25:233] ! Unidirectional s-t. expansions: 5,463, time: 25,233 [ms], path length: 32 [edges], generated: 9,989
[00:00:00:28:311] Path of length 32 found: [62, 61, 60, 59, 58, 57, 56, 47, 38, 39, 30, 31, 32, 41, 42, 43, 44, 35, 26, 25, 16, 7, 6, 5, 14, 13, 12, 11, 20, 19, 18, 9, 0]
[00:00:00:28:312] ! Unidirectional t-s. expansions: 7,413, time: 28,311 [ms], path length: 32 [edges], generated: 12,330
[00:00:00:30:129] Path of length 32 found: [0, 9, 18, 19, 20, 11, 2, 3, 4, 5, 14, 15, 16, 25, 26, 35, 44, 43, 42, 41, 32, 31, 30, 39, 38, 47, 56, 57, 58, 59, 60, 61, 62]
[00:00:00:30:624] ! Bidirectional. expansions: 6,560, time: 30,129 [ms], path length: 32 [edges], g_F: 17, g_B: 15, generated: 0, MM: 2, MMPER: 5.0606060606060606%
[00:00:00:30:624] 
---------- SM_Grids/7x9_grid_with_random_blocks_12per_1 ----------
[00:00:00:09:717] Path of length 32 found: [0, 9, 18, 19, 20, 11, 12, 13, 14, 5, 6, 7, 16, 17, 26, 35, 34, 43, 42, 41, 32, 31, 30, 39, 38, 47, 56, 57, 58, 59, 60, 61, 62]
[00:00:00:09:717] ! Unidirectional s-t. expansions: 1,978, time: 9,717 [ms], path length: 32 [edges], generated: 3,564
[00:00:00:30:239] Path of length 32 found: [62, 61, 60, 59, 58, 57, 56, 47, 38, 39, 30, 31, 32, 41, 42, 43, 34, 35, 26, 17, 16, 7, 6, 5, 14, 13, 12, 11, 20, 19, 18, 9, 0]
[00:00:00:30:240] ! Unidirectional t-s. expansions: 6,925, time: 30,240 [ms], path length: 32 [edges], generated: 12,354
[00:00:00:19:199] Path of length 32 found: [0, 9, 18, 19, 20, 11, 12, 13, 14, 5, 6, 7, 16, 25, 26, 35, 44, 43, 42, 41, 32, 31, 30, 39, 38, 47, 56, 57, 58, 59, 60, 61, 62]
[00:00:00:19:647] ! Bidirectional. expansions: 3,507, time: 19,200 [ms], path length: 32 [edges], g_F: 17, g_B: 15, generated: 0, MM: 2, MMPER: 5.0606060606060606%
[00:00:00:19:647] 
---------- SM_Grids/7x9_grid_with_random_blocks_12per_2 ----------
[00:00:00:30:559] Path of length 32 found: [0, 9, 18, 19, 28, 37, 36, 45, 54, 55, 56, 47, 48, 49, 50, 41, 32, 31, 30, 21, 12, 3, 4, 5, 14, 15, 24, 25, 34, 43, 52, 61, 62]
[00:00:00:30:559] ! Unidirectional s-t. expansions: 6,526, time: 30,559 [ms], path length: 32 [edges], generated: 11,529
[00:00:00:49:078] Path of length 32 found: [62, 53, 44, 43, 34, 25, 16, 7, 6, 5, 14, 23, 32, 41, 50, 49, 48, 47, 56, 55, 54, 45, 36, 27, 28, 29, 20, 21, 12, 3, 2, 1, 0]
[00:00:00:49:078] ! Unidirectional t-s. expansions: 11,669, time: 49,078 [ms], path length: 32 [edges], generated: 21,080
[00:00:01:05:583] Path of length 32 found: [0, 9, 18, 19, 28, 37, 36, 45, 54, 55, 56, 47, 48, 39, 30, 21, 12, 3, 4, 5, 6, 7, 16, 25, 24, 23, 32, 41, 42, 43, 44, 53, 62]
[00:00:01:06:080] ! Bidirectional. expansions: 16,492, time: 65,583 [ms], path length: 32 [edges], g_F: 17, g_B: 15, generated: 0, MM: 2, MMPER: 5.0606060606060606%
[00:00:01:06:080] 
---------- SM_Grids/7x9_grid_with_random_blocks_12per_3 ----------
[00:00:00:13:262] Path of length 36 found: [0, 9, 10, 11, 2, 3, 4, 5, 6, 7, 8, 17, 26, 25, 34, 43, 42, 41, 32, 23, 22, 21, 30, 29, 28, 27, 36, 45, 46, 47, 48, 49, 58, 59, 60, 61, 62]
[00:00:00:13:262] ! Unidirectional s-t. expansions: 2,951, time: 13,262 [ms], path length: 36 [edges], generated: 4,971
[00:00:00:12:129] Path of length 36 found: [62, 61, 60, 59, 50, 49, 40, 39, 38, 47, 46, 45, 36, 27, 28, 19, 20, 21, 22, 23, 32, 33, 42, 43, 44, 35, 26, 17, 8, 7, 6, 5, 4, 3, 2, 1, 0]
[00:00:00:12:129] ! Unidirectional t-s. expansions: 2,589, time: 12,129 [ms], path length: 36 [edges], generated: 4,478
[00:00:00:14:394] Path of length 36 found: [0, 9, 10, 11, 2, 3, 4, 5, 6, 7, 8, 17, 26, 35, 34, 43, 42, 41, 32, 23, 22, 21, 30, 29, 28, 27, 36, 45, 46, 47, 48, 49, 58, 59, 60, 61, 62]
[00:00:00:14:867] ! Bidirectional. expansions: 2,618, time: 14,394 [ms], path length: 36 [edges], g_F: 19, g_B: 17, generated: 0, MM: 2, MMPER: 4.405405405405405%
[00:00:00:14:867] 
---------- SM_Grids/7x9_grid_with_random_blocks_12per_4 ----------
[00:00:00:08:265] Path of length 36 found: [0, 1, 10, 11, 12, 13, 4, 5, 6, 7, 8, 17, 26, 25, 24, 23, 32, 41, 40, 39, 30, 29, 28, 27, 36, 45, 46, 47, 56, 57, 58, 59, 60, 51, 52, 53, 62]
[00:00:00:08:265] ! Unidirectional s-t. expansions: 1,949, time: 8,265 [ms], path length: 36 [edges], generated: 3,193
[00:00:00:09:158] Path of length 36 found: [62, 53, 52, 51, 60, 59, 58, 57, 56, 47, 46, 45, 36, 27, 28, 29, 30, 39, 40, 41, 32, 33, 34, 25, 26, 17, 8, 7, 6, 5, 4, 13, 12, 11, 2, 1, 0]
[00:00:00:09:158] ! Unidirectional t-s. expansions: 1,841, time: 9,158 [ms], path length: 36 [edges], generated: 3,186
[00:00:00:09:433] Path of length 36 found: [0, 1, 10, 11, 12, 13, 4, 5, 6, 7, 8, 17, 26, 25, 24, 23, 32, 41, 40, 39, 30, 29, 28, 27, 36, 45, 46, 47, 56, 57, 58, 59, 60, 51, 52, 53, 62]
[00:00:00:09:884] ! Bidirectional. expansions: 1,821, time: 9,433 [ms], path length: 36 [edges], g_F: 19, g_B: 17, generated: 0, MM: 2, MMPER: 4.405405405405405%
[00:00:00:09:884] 
---------- SM_Grids/7x9_grid_with_random_blocks_12per_5 ----------
[00:00:00:04:905] Path of length 30 found: [0, 1, 10, 19, 28, 29, 38, 39, 48, 49, 50, 41, 32, 31, 22, 21, 12, 3, 4, 5, 14, 15, 24, 25, 26, 35, 44, 43, 52, 61, 62]
[00:00:00:04:905] ! Unidirectional s-t. expansions: 913, time: 4,905 [ms], path length: 30 [edges], generated: 1,798
[00:00:00:18:406] Path of length 30 found: [62, 53, 44, 35, 26, 17, 16, 15, 6, 5, 4, 3, 12, 21, 22, 31, 32, 33, 42, 51, 50, 49, 48, 39, 38, 29, 28, 19, 10, 1, 0]
[00:00:00:18:407] ! Unidirectional t-s. expansions: 3,680, time: 18,407 [ms], path length: 30 [edges], generated: 6,810
[00:00:00:09:072] Path of length 30 found: [0, 1, 10, 19, 28, 29, 38, 39, 48, 49, 50, 41, 32, 23, 22, 21, 12, 3, 4, 5, 6, 15, 16, 17, 26, 35, 44, 43, 52, 61, 62]
[00:00:00:09:558] ! Bidirectional. expansions: 1,551, time: 9,072 [ms], path length: 30 [edges], g_F: 16, g_B: 14, generated: 0, MM: 2, MMPER: 5.451612903225806%
[00:00:00:09:558] 
---------- SM_Grids/7x9_grid_with_random_blocks_12per_6 ----------
[00:00:00:14:895] Path of length 36 found: [0, 9, 18, 19, 20, 11, 12, 3, 4, 5, 6, 7, 16, 25, 24, 23, 22, 31, 40, 39, 38, 37, 36, 45, 54, 55, 56, 57, 58, 59, 50, 51, 42, 43, 44, 53, 62]
[00:00:00:14:896] ! Unidirectional s-t. expansions: 3,110, time: 14,895 [ms], path length: 36 [edges], generated: 5,277
[00:00:00:10:819] Path of length 36 found: [62, 53, 44, 35, 26, 17, 16, 15, 24, 33, 42, 51, 60, 59, 58, 57, 56, 55, 54, 45, 36, 37, 38, 39, 40, 31, 22, 13, 4, 3, 2, 11, 20, 19, 18, 9, 0]
[00:00:00:10:819] ! Unidirectional t-s. expansions: 2,405, time: 10,819 [ms], path length: 36 [edges], generated: 3,986
[00:00:00:16:541] Path of length 36 found: [0, 9, 18, 19, 20, 11, 2, 3, 4, 13, 22, 31, 40, 39, 38, 37, 36, 45, 54, 55, 56, 57, 58, 59, 50, 51, 42, 33, 24, 15, 16, 17, 26, 35, 44, 53, 62]
[00:00:00:17:011] ! Bidirectional. expansions: 3,524, time: 16,541 [ms], path length: 36 [edges], g_F: 19, g_B: 17, generated: 0, MM: 2, MMPER: 4.405405405405405%
[00:00:00:17:011] 
---------- SM_Grids/7x9_grid_with_random_blocks_12per_7 ----------
[00:00:00:15:032] Path of length 34 found: [0, 9, 18, 19, 28, 37, 36, 45, 54, 55, 56, 57, 58, 59, 60, 51, 42, 41, 32, 31, 22, 21, 12, 3, 4, 5, 14, 15, 24, 25, 34, 35, 44, 53, 62]
[00:00:00:15:032] ! Unidirectional s-t. expansions: 3,444, time: 15,032 [ms], path length: 34 [edges], generated: 5,960
[00:00:00:12:949] Path of length 34 found: [62, 53, 44, 35, 34, 25, 24, 15, 14, 5, 4, 3, 12, 21, 30, 31, 32, 41, 42, 51, 60, 59, 58, 57, 56, 55, 54, 45, 36, 37, 28, 19, 10, 1, 0]
[00:00:00:12:949] ! Unidirectional t-s. expansions: 2,782, time: 12,949 [ms], path length: 34 [edges], generated: 4,670
[00:00:00:14:909] Path of length 34 found: [0, 9, 10, 19, 28, 27, 36, 45, 54, 55, 56, 57, 58, 59, 60, 51, 42, 41, 40, 39, 30, 21, 12, 3, 4, 5, 14, 15, 24, 25, 34, 35, 44, 53, 62]
[00:00:00:15:361] ! Bidirectional. expansions: 3,251, time: 14,910 [ms], path length: 34 [edges], g_F: 18, g_B: 16, generated: 0, MM: 2, MMPER: 4.714285714285714%
[00:00:00:15:361] 
---------- SM_Grids/7x9_grid_with_random_blocks_12per_8 ----------
[00:00:00:19:594] Path of length 32 found: [0, 1, 2, 3, 4, 13, 22, 21, 20, 19, 18, 27, 36, 37, 38, 39, 40, 41, 32, 33, 24, 15, 6, 7, 8, 17, 26, 35, 44, 43, 52, 61, 62]
[00:00:00:19:594] ! Unidirectional s-t. expansions: 4,084, time: 19,594 [ms], path length: 32 [edges], generated: 7,726
[00:00:00:19:424] Path of length 32 found: [62, 61, 52, 51, 50, 49, 40, 31, 32, 33, 34, 35, 26, 17, 8, 7, 6, 15, 14, 13, 4, 3, 2, 11, 20, 29, 38, 37, 36, 27, 18, 9, 0]
[00:00:00:19:425] ! Unidirectional t-s. expansions: 3,937, time: 19,424 [ms], path length: 32 [edges], generated: 7,044
[00:00:00:24:054] Path of length 32 found: [0, 1, 2, 3, 4, 13, 22, 21, 20, 19, 18, 27, 36, 37, 38, 39, 40, 41, 32, 33, 24, 15, 6, 7, 8, 17, 26, 35, 44, 43, 52, 61, 62]
[00:00:00:24:500] ! Bidirectional. expansions: 4,668, time: 24,054 [ms], path length: 32 [edges], g_F: 17, g_B: 15, generated: 0, MM: 2, MMPER: 5.0606060606060606%
[00:00:00:24:500] 
---------- SM_Grids/7x9_grid_with_random_blocks_12per_9 ----------
[00:00:00:16:050] Path of length 36 found: [0, 1, 10, 19, 18, 27, 36, 45, 54, 55, 56, 47, 48, 49, 58, 59, 60, 51, 42, 41, 32, 23, 22, 21, 12, 3, 4, 5, 6, 15, 16, 25, 34, 35, 44, 53, 62]
[00:00:00:16:050] ! Unidirectional s-t. expansions: 3,603, time: 16,050 [ms], path length: 36 [edges], generated: 6,301
[00:00:00:18:257] Path of length 36 found: [62, 53, 44, 35, 26, 17, 16, 7, 6, 5, 4, 3, 12, 21, 30, 31, 32, 33, 42, 51, 60, 59, 58, 49, 48, 47, 56, 55, 54, 45, 36, 37, 28, 19, 10, 1, 0]
[00:00:00:18:257] ! Unidirectional t-s. expansions: 4,448, time: 18,257 [ms], path length: 36 [edges], generated: 7,236
[00:00:00:24:492] Path of length 36 found: [0, 1, 10, 19, 18, 27, 36, 45, 54, 55, 56, 47, 48, 49, 58, 59, 60, 51, 42, 41, 32, 31, 30, 21, 12, 3, 4, 5, 6, 7, 16, 17, 26, 35, 44, 53, 62]
[00:00:00:24:942] ! Bidirectional. expansions: 5,864, time: 24,492 [ms], path length: 36 [edges], g_F: 19, g_B: 17, generated: 0, MM: 2, MMPER: 4.405405405405405%

[00:00:00:24:942] average expansions: (3,402, 4,769, 4,986, 0)
[00:00:00:24:942] average time: (15,751, 20,877, 22,781, 0)
[00:00:00:24:943] XIDA: 3,402 , 15,751 (expansions , time[ms])
[00:00:00:24:943] BiXIDA: 4,986 , 22,781 (expansions , time[ms])

