------------------------------------
Thu 01 Oct 2026 12:47:55 IDT
SLURM_JOBID:		21944759
SLURM_JOB_NODELIST:	ise-cpu256-15
SLURM_SCRATCH_DIR:	/scratch/shubit/21944759
Allocated Resouces:	cpu - 2 / mem - 61440 MB / gpu - 
SLURM_GPU_INDEX:	
Running as shubit from shimony account with normal QOS
------------------------------------
Thu 01 Oct 2026 12:47:55 IDT

SLURM_JOBID:		 21944759
SLURM_JOB_NODELIST:	 ise-cpu256-15 

--------------------------
date: SM_Grids
number_of_graphs: 10
graph_type: grid
size_of_graphs: [8, 8]
heuristic: bcc_heuristic
snake: True
run_uni: True
run_bi: True
run_multi: False
solution_vertices: []
algorithms: ['IDA']
lookahead: -2
bsd: False
cube_first_dims: 4
cube_buffer_dim: None
backward_sym_generation: False
sym_coil: False
prefix_set: None

---------- SM_Grids/8x8_grid_with_random_blocks_20per_0 ----------
[00:00:00:05:345] Path of length 20 found: [0, 1, 2, 3, 4, 12, 20, 21, 22, 23, 31, 39, 38, 37, 36, 44, 52, 53, 61, 62, 63]
[00:00:00:05:345] ! Unidirectional s-t. expansions: 1,361, time: 5,345 [ms], path length: 20 [edges], generated: 2,444
[00:00:00:07:538] Path of length 20 found: [63, 62, 61, 53, 52, 44, 36, 28, 29, 30, 22, 23, 15, 7, 6, 5, 4, 3, 2, 1, 0]
[00:00:00:07:538] ! Unidirectional t-s. expansions: 5,232, time: 7,538 [ms], path length: 20 [edges], generated: 5,544
[00:00:00:05:442] Path of length 20 found: [0, 1, 2, 3, 4, 5, 6, 14, 15, 23, 31, 39, 38, 37, 36, 44, 52, 53, 61, 62, 63]
[00:00:00:05:926] ! Bidirectional. expansions: 1,599, time: 5,442 [ms], path length: 20 [edges], g_F: 15, g_B: 5, generated: 0, MM: 10, MMPER: 46.61904761904762%
[00:00:00:05:926] 
---------- SM_Grids/8x8_grid_with_random_blocks_20per_1 ----------
[00:00:00:01:748] Path of length 24 found: [0, 8, 16, 24, 25, 33, 41, 49, 50, 51, 43, 35, 27, 19, 20, 21, 29, 30, 31, 39, 47, 46, 54, 62, 63]
[00:00:00:01:749] ! Unidirectional s-t. expansions: 318, time: 1,749 [ms], path length: 24 [edges], generated: 670
[00:00:00:04:888] Path of length 24 found: [63, 62, 54, 46, 47, 39, 31, 30, 29, 21, 20, 19, 27, 35, 43, 51, 50, 49, 41, 33, 25, 24, 16, 8, 0]
[00:00:00:04:888] ! Unidirectional t-s. expansions: 1,082, time: 4,888 [ms], path length: 24 [edges], generated: 2,078
[00:00:00:06:541] Path of length 24 found: [0, 1, 2, 10, 18, 17, 25, 33, 41, 49, 50, 51, 43, 35, 27, 28, 29, 30, 31, 39, 47, 46, 54, 62, 63]
[00:00:00:06:992] ! Bidirectional. expansions: 1,484, time: 6,541 [ms], path length: 24 [edges], g_F: 16, g_B: 8, generated: 0, MM: 8, MMPER: 31.0%
[00:00:00:06:992] 
---------- SM_Grids/8x8_grid_with_random_blocks_20per_2 ----------
[00:00:00:02:091] Path of length 34 found: [0, 8, 16, 17, 18, 19, 20, 12, 4, 5, 6, 14, 15, 23, 31, 39, 47, 46, 45, 37, 36, 35, 34, 33, 41, 40, 48, 56, 57, 58, 59, 60, 61, 62, 63]
[00:00:00:02:091] ! Unidirectional s-t. expansions: 568, time: 2,091 [ms], path length: 34 [edges], generated: 867
[00:00:00:01:365] Path of length 34 found: [63, 62, 61, 60, 59, 58, 57, 56, 48, 40, 41, 33, 34, 26, 18, 19, 20, 28, 36, 37, 45, 46, 47, 39, 31, 23, 15, 14, 6, 5, 4, 3, 2, 1, 0]
[00:00:00:01:366] ! Unidirectional t-s. expansions: 410, time: 1,366 [ms], path length: 34 [edges], generated: 595
[00:00:00:01:422] Path of length 34 found: [0, 8, 16, 17, 18, 19, 20, 12, 4, 5, 6, 14, 15, 23, 31, 39, 47, 46, 45, 37, 36, 35, 34, 33, 41, 40, 48, 56, 57, 58, 59, 60, 61, 62, 63]
[00:00:00:01:861] ! Bidirectional. expansions: 373, time: 1,422 [ms], path length: 34 [edges], g_F: 19, g_B: 15, generated: 0, MM: 4, MMPER: 10.428571428571429%
[00:00:00:01:861] 
---------- SM_Grids/8x8_grid_with_random_blocks_20per_3 ----------
[00:00:00:01:354] Path of length 32 found: [0, 1, 9, 17, 16, 24, 32, 40, 41, 49, 50, 51, 43, 35, 27, 19, 11, 3, 4, 5, 6, 7, 15, 23, 22, 30, 29, 37, 45, 53, 61, 62, 63]
[00:00:00:01:354] ! Unidirectional s-t. expansions: 359, time: 1,354 [ms], path length: 32 [edges], generated: 552
[00:00:00:04:133] Path of length 32 found: [63, 62, 61, 53, 45, 37, 29, 30, 22, 23, 15, 7, 6, 5, 4, 3, 11, 19, 18, 26, 34, 35, 43, 51, 50, 49, 41, 40, 32, 24, 16, 8, 0]
[00:00:00:04:134] ! Unidirectional t-s. expansions: 1,440, time: 4,134 [ms], path length: 32 [edges], generated: 2,117
[00:00:00:01:416] Path of length 32 found: [0, 1, 9, 17, 16, 24, 32, 40, 41, 49, 50, 51, 43, 35, 27, 19, 11, 3, 4, 5, 6, 7, 15, 23, 22, 30, 29, 37, 45, 53, 61, 62, 63]
[00:00:00:01:857] ! Bidirectional. expansions: 415, time: 1,416 [ms], path length: 32 [edges], g_F: 27, g_B: 5, generated: 0, MM: 22, MMPER: 65.66666666666667%
[00:00:00:01:858] 
---------- SM_Grids/8x8_grid_with_random_blocks_20per_4 ----------
[00:00:00:00:607] Path of length 36 found: [0, 8, 9, 10, 2, 3, 4, 5, 6, 7, 15, 23, 22, 21, 20, 19, 27, 26, 25, 24, 32, 40, 48, 49, 57, 58, 59, 51, 43, 44, 36, 37, 38, 46, 54, 62, 63]
[00:00:00:00:607] ! Unidirectional s-t. expansions: 152, time: 607 [ms], path length: 36 [edges], generated: 236
[00:00:00:01:496] Path of length 36 found: [63, 55, 54, 46, 38, 37, 36, 44, 43, 51, 59, 58, 57, 49, 48, 40, 32, 33, 34, 26, 27, 19, 20, 21, 22, 23, 15, 7, 6, 5, 4, 3, 2, 10, 9, 8, 0]
[00:00:00:01:496] ! Unidirectional t-s. expansions: 497, time: 1,496 [ms], path length: 36 [edges], generated: 702
[00:00:00:00:933] Path of length 36 found: [0, 8, 9, 10, 2, 3, 4, 5, 6, 7, 15, 23, 22, 21, 20, 19, 27, 26, 25, 24, 32, 40, 48, 49, 57, 58, 59, 51, 43, 44, 36, 37, 38, 46, 54, 55, 63]
[00:00:00:01:373] ! Bidirectional. expansions: 246, time: 933 [ms], path length: 36 [edges], g_F: 17, g_B: 19, generated: 0, MM: 2, MMPER: 4.405405405405405%
[00:00:00:01:373] 
---------- SM_Grids/8x8_grid_with_random_blocks_20per_5 ----------
[00:00:00:02:464] Path of length 32 found: [0, 8, 9, 17, 25, 24, 32, 40, 48, 49, 57, 58, 59, 51, 43, 35, 36, 28, 20, 12, 13, 14, 22, 23, 31, 39, 38, 46, 45, 53, 61, 62, 63]
[00:00:00:02:465] ! Unidirectional s-t. expansions: 550, time: 2,464 [ms], path length: 32 [edges], generated: 950
[00:00:00:06:233] Path of length 32 found: [63, 62, 61, 53, 45, 46, 38, 39, 31, 23, 15, 14, 13, 12, 20, 28, 36, 35, 43, 51, 59, 58, 57, 49, 48, 40, 32, 24, 25, 17, 9, 1, 0]
[00:00:00:06:233] ! Unidirectional t-s. expansions: 1,790, time: 6,233 [ms], path length: 32 [edges], generated: 2,975
[00:00:00:05:451] Path of length 32 found: [0, 1, 9, 17, 16, 24, 32, 40, 48, 49, 57, 58, 59, 51, 43, 35, 36, 28, 20, 12, 13, 14, 15, 23, 31, 39, 38, 46, 45, 53, 61, 62, 63]
[00:00:00:05:899] ! Bidirectional. expansions: 1,551, time: 5,451 [ms], path length: 32 [edges], g_F: 4, g_B: 28, generated: 0, MM: 24, MMPER: 71.72727272727273%
[00:00:00:05:900] 
---------- SM_Grids/8x8_grid_with_random_blocks_20per_6 ----------
[00:00:00:10:304] Path of length 30 found: [0, 8, 16, 17, 18, 26, 27, 28, 20, 12, 4, 5, 6, 14, 15, 23, 31, 39, 38, 37, 45, 44, 43, 42, 50, 58, 59, 60, 61, 62, 63]
[00:00:00:10:305] ! Unidirectional s-t. expansions: 2,997, time: 10,305 [ms], path length: 30 [edges], generated: 4,729
[00:00:00:02:347] Path of length 30 found: [63, 55, 54, 53, 61, 60, 59, 58, 50, 42, 43, 44, 36, 37, 38, 39, 31, 23, 15, 14, 6, 5, 4, 12, 20, 19, 18, 10, 9, 1, 0]
[00:00:00:02:347] ! Unidirectional t-s. expansions: 541, time: 2,347 [ms], path length: 30 [edges], generated: 890
[00:00:00:12:754] Path of length 30 found: [0, 8, 16, 17, 18, 10, 11, 12, 4, 5, 6, 14, 15, 23, 31, 39, 38, 37, 36, 44, 43, 42, 50, 58, 59, 60, 61, 53, 54, 55, 63]
[00:00:00:13:227] ! Bidirectional. expansions: 3,529, time: 12,754 [ms], path length: 30 [edges], g_F: 27, g_B: 3, generated: 0, MM: 24, MMPER: 76.41935483870968%
[00:00:00:13:228] 
---------- SM_Grids/8x8_grid_with_random_blocks_20per_7 ----------
[00:00:00:02:900] Path of length 28 found: [0, 1, 9, 17, 16, 24, 32, 40, 41, 42, 34, 35, 36, 28, 20, 19, 11, 3, 4, 5, 6, 14, 15, 23, 31, 39, 47, 55, 63]
[00:00:00:02:900] ! Unidirectional s-t. expansions: 814, time: 2,900 [ms], path length: 28 [edges], generated: 1,304
[00:00:00:01:067] Path of length 28 found: [63, 55, 47, 39, 31, 23, 15, 7, 6, 5, 4, 3, 11, 19, 20, 28, 36, 35, 43, 42, 41, 33, 32, 24, 16, 17, 9, 1, 0]
[00:00:00:01:068] ! Unidirectional t-s. expansions: 265, time: 1,067 [ms], path length: 28 [edges], generated: 430
[00:00:00:02:199] Path of length 28 found: [0, 1, 9, 17, 16, 24, 32, 40, 41, 42, 34, 35, 36, 28, 20, 19, 11, 3, 4, 5, 6, 7, 15, 23, 31, 39, 47, 55, 63]
[00:00:00:02:648] ! Bidirectional. expansions: 573, time: 2,199 [ms], path length: 28 [edges], g_F: 15, g_B: 13, generated: 0, MM: 2, MMPER: 5.896551724137931%
[00:00:00:02:648] 
---------- SM_Grids/8x8_grid_with_random_blocks_20per_8 ----------
[00:00:00:04:059] Path of length 24 found: [0, 8, 9, 10, 2, 3, 4, 5, 6, 7, 15, 23, 22, 21, 20, 19, 27, 35, 36, 44, 52, 60, 61, 62, 63]
[00:00:00:04:059] ! Unidirectional s-t. expansions: 1,081, time: 4,059 [ms], path length: 24 [edges], generated: 1,800
[00:00:00:06:091] Path of length 24 found: [63, 55, 47, 46, 45, 44, 36, 35, 27, 19, 20, 21, 22, 23, 15, 7, 6, 5, 4, 3, 2, 10, 9, 8, 0]
[00:00:00:06:092] ! Unidirectional t-s. expansions: 2,268, time: 6,091 [ms], path length: 24 [edges], generated: 3,100
[00:00:00:02:451] Path of length 24 found: [0, 8, 9, 10, 2, 3, 4, 5, 6, 7, 15, 23, 22, 21, 20, 19, 27, 35, 36, 44, 52, 53, 61, 62, 63]
[00:00:00:02:882] ! Bidirectional. expansions: 602, time: 2,452 [ms], path length: 24 [edges], g_F: 21, g_B: 3, generated: 0, MM: 18, MMPER: 71.0%
[00:00:00:02:883] 
---------- SM_Grids/8x8_grid_with_random_blocks_20per_9 ----------
[00:00:00:04:210] Path of length 22 found: [0, 8, 9, 17, 18, 26, 34, 35, 36, 28, 29, 21, 13, 5, 6, 7, 15, 23, 31, 39, 47, 55, 63]
[00:00:00:04:210] ! Unidirectional s-t. expansions: 1,194, time: 4,210 [ms], path length: 22 [edges], generated: 1,975
[00:00:00:00:803] Path of length 22 found: [63, 55, 47, 39, 31, 23, 15, 7, 6, 5, 13, 21, 29, 37, 36, 35, 27, 26, 18, 10, 2, 1, 0]
[00:00:00:00:803] ! Unidirectional t-s. expansions: 169, time: 803 [ms], path length: 22 [edges], generated: 303
[00:00:00:03:928] Path of length 22 found: [0, 8, 9, 17, 18, 26, 34, 35, 36, 37, 29, 21, 13, 5, 6, 7, 15, 23, 31, 39, 47, 55, 63]
[00:00:00:04:389] ! Bidirectional. expansions: 948, time: 3,928 [ms], path length: 22 [edges], g_F: 7, g_B: 15, generated: 0, MM: 8, MMPER: 33.78260869565217%

[00:00:00:04:390] average expansions: (939, 1,369, 1,132, 0)
[00:00:00:04:390] average time: (3,508, 3,596, 4,254, 0)
[00:00:00:04:390] XIDA: 939 , 3,508 (expansions , time[ms])
[00:00:00:04:390] BiXIDA: 1,132 , 4,254 (expansions , time[ms])

