------------------------------------
Thu 01 Oct 2026 12:47:09 IDT
SLURM_JOBID:		21944747
SLURM_JOB_NODELIST:	ise-cpu256-12
SLURM_SCRATCH_DIR:	/scratch/shubit/21944747
Allocated Resouces:	cpu - 2 / mem - 61440 MB / gpu - 
SLURM_GPU_INDEX:	
Running as shubit from shimony account with normal QOS
------------------------------------
Thu 01 Oct 2026 12:47:09 IDT

SLURM_JOBID:		 21944747
SLURM_JOB_NODELIST:	 ise-cpu256-12 

--------------------------
date: SM_Grids
number_of_graphs: 10
graph_type: grid
size_of_graphs: [8, 8]
heuristic: bcc_heuristic
snake: True
run_uni: True
run_bi: True
run_multi: False
solution_vertices: []
algorithms: ['IDA']
lookahead: -2
bsd: False
cube_first_dims: 4
cube_buffer_dim: None
backward_sym_generation: False
sym_coil: False
prefix_set: None

---------- SM_Grids/8x8_grid_with_random_blocks_12per_0 ----------
[00:00:00:04:198] Path of length 36 found: [0, 8, 16, 24, 25, 33, 41, 40, 48, 56, 57, 58, 50, 51, 52, 53, 45, 37, 36, 35, 27, 19, 18, 10, 2, 3, 4, 12, 13, 21, 22, 30, 31, 39, 47, 55, 63]
[00:00:00:04:198] ! Unidirectional s-t. expansions: 985, time: 4,198 [ms], path length: 36 [edges], generated: 1,578
[00:00:00:02:134] Path of length 36 found: [63, 55, 47, 39, 31, 30, 22, 14, 13, 12, 4, 3, 2, 10, 18, 19, 27, 28, 36, 37, 45, 53, 61, 60, 59, 58, 57, 56, 48, 40, 41, 33, 25, 24, 16, 8, 0]
[00:00:00:02:134] ! Unidirectional t-s. expansions: 524, time: 2,134 [ms], path length: 36 [edges], generated: 858
[00:00:00:03:898] Path of length 36 found: [0, 8, 16, 24, 25, 33, 41, 40, 48, 56, 57, 58, 50, 51, 52, 53, 45, 37, 36, 35, 27, 19, 18, 10, 2, 3, 4, 12, 13, 14, 22, 30, 31, 39, 47, 55, 63]
[00:00:00:04:384] ! Bidirectional. expansions: 821, time: 3,898 [ms], path length: 36 [edges], g_F: 29, g_B: 7, generated: 0, MM: 22, MMPER: 58.45945945945946%
[00:00:00:04:384] 
---------- SM_Grids/8x8_grid_with_random_blocks_12per_1 ----------
[00:00:00:21:199] Path of length 32 found: [0, 8, 9, 10, 2, 3, 4, 5, 6, 14, 22, 21, 20, 19, 27, 26, 25, 33, 41, 49, 50, 58, 59, 60, 52, 44, 36, 37, 38, 39, 47, 55, 63]
[00:00:00:21:199] ! Unidirectional s-t. expansions: 4,764, time: 21,199 [ms], path length: 32 [edges], generated: 8,674
[00:00:00:25:122] Path of length 32 found: [63, 55, 47, 39, 38, 37, 36, 44, 52, 60, 59, 58, 50, 49, 41, 33, 34, 26, 27, 19, 20, 21, 22, 14, 6, 5, 4, 3, 2, 10, 9, 8, 0]
[00:00:00:25:122] ! Unidirectional t-s. expansions: 6,860, time: 25,122 [ms], path length: 32 [edges], generated: 11,499
[00:00:00:29:893] Path of length 32 found: [0, 8, 9, 10, 2, 3, 4, 5, 6, 14, 22, 21, 20, 19, 27, 26, 25, 33, 41, 49, 50, 58, 59, 60, 61, 53, 45, 37, 38, 39, 47, 55, 63]
[00:00:00:30:325] ! Bidirectional. expansions: 7,032, time: 29,893 [ms], path length: 32 [edges], g_F: 27, g_B: 5, generated: 0, MM: 22, MMPER: 65.66666666666667%
[00:00:00:30:325] 
---------- SM_Grids/8x8_grid_with_random_blocks_12per_2 ----------
[00:00:00:04:828] Path of length 34 found: [0, 8, 16, 24, 32, 33, 34, 42, 50, 58, 59, 60, 52, 44, 36, 28, 27, 19, 18, 10, 2, 3, 4, 12, 13, 14, 15, 23, 31, 30, 38, 46, 54, 62, 63]
[00:00:00:04:828] ! Unidirectional s-t. expansions: 1,094, time: 4,828 [ms], path length: 34 [edges], generated: 1,856
[00:00:00:05:793] Path of length 34 found: [63, 55, 47, 46, 38, 30, 31, 23, 15, 14, 13, 5, 4, 3, 2, 10, 18, 19, 27, 28, 36, 44, 52, 60, 59, 58, 50, 42, 34, 33, 25, 24, 16, 8, 0]
[00:00:00:05:793] ! Unidirectional t-s. expansions: 1,289, time: 5,793 [ms], path length: 34 [edges], generated: 2,231
[00:00:00:06:939] Path of length 34 found: [0, 8, 16, 24, 32, 33, 34, 42, 50, 58, 59, 60, 52, 44, 36, 28, 27, 19, 18, 10, 2, 3, 4, 12, 13, 14, 15, 23, 31, 30, 38, 46, 47, 55, 63]
[00:00:00:07:365] ! Bidirectional. expansions: 1,545, time: 6,939 [ms], path length: 34 [edges], g_F: 29, g_B: 5, generated: 0, MM: 24, MMPER: 67.57142857142857%
[00:00:00:07:365] 
---------- SM_Grids/8x8_grid_with_random_blocks_12per_3 ----------
[00:00:00:48:918] Path of length 34 found: [0, 8, 16, 24, 32, 33, 41, 49, 57, 58, 59, 60, 52, 44, 43, 35, 27, 19, 18, 10, 2, 3, 4, 5, 6, 7, 15, 23, 22, 30, 38, 39, 47, 55, 63]
[00:00:00:48:918] ! Unidirectional s-t. expansions: 15,096, time: 48,918 [ms], path length: 34 [edges], generated: 23,349
[00:00:01:08:776] Path of length 34 found: [63, 62, 54, 46, 47, 39, 31, 30, 22, 14, 6, 5, 4, 12, 20, 19, 27, 35, 36, 44, 52, 60, 59, 58, 57, 49, 41, 33, 32, 24, 16, 17, 9, 1, 0]
[00:00:01:08:777] ! Unidirectional t-s. expansions: 22,370, time: 68,777 [ms], path length: 34 [edges], generated: 34,602
[00:00:00:47:272] Path of length 34 found: [0, 8, 16, 24, 32, 33, 41, 49, 57, 58, 59, 60, 52, 44, 43, 35, 27, 19, 18, 10, 2, 3, 4, 5, 6, 7, 15, 23, 22, 30, 38, 46, 54, 62, 63]
[00:00:00:47:710] ! Bidirectional. expansions: 13,721, time: 47,272 [ms], path length: 34 [edges], g_F: 31, g_B: 3, generated: 0, MM: 28, MMPER: 79.0%
[00:00:00:47:710] 
---------- SM_Grids/8x8_grid_with_random_blocks_12per_4 ----------
[00:00:00:16:218] Path of length 34 found: [0, 8, 16, 24, 25, 26, 18, 19, 11, 12, 4, 5, 6, 14, 22, 23, 31, 39, 38, 37, 36, 35, 43, 42, 41, 49, 57, 58, 59, 60, 52, 53, 54, 62, 63]
[00:00:00:16:219] ! Unidirectional s-t. expansions: 3,559, time: 16,218 [ms], path length: 34 [edges], generated: 6,398
[00:00:00:22:071] Path of length 34 found: [63, 55, 54, 53, 61, 60, 59, 58, 57, 49, 41, 42, 34, 35, 27, 28, 29, 37, 38, 39, 31, 23, 22, 14, 6, 5, 4, 12, 11, 10, 18, 17, 16, 8, 0]
[00:00:00:22:071] ! Unidirectional t-s. expansions: 4,613, time: 22,071 [ms], path length: 34 [edges], generated: 8,970
[00:00:00:20:971] Path of length 34 found: [0, 8, 16, 24, 25, 26, 18, 10, 11, 12, 4, 5, 6, 14, 22, 23, 31, 39, 38, 37, 36, 35, 43, 42, 41, 49, 57, 58, 59, 60, 61, 53, 54, 55, 63]
[00:00:00:21:418] ! Bidirectional. expansions: 4,521, time: 20,971 [ms], path length: 34 [edges], g_F: 7, g_B: 27, generated: 0, MM: 20, MMPER: 56.142857142857146%
[00:00:00:21:418] 
---------- SM_Grids/8x8_grid_with_random_blocks_12per_5 ----------
[00:00:00:27:920] Path of length 34 found: [0, 8, 9, 17, 25, 24, 32, 40, 41, 42, 50, 58, 59, 60, 52, 44, 45, 37, 29, 28, 27, 19, 11, 3, 4, 5, 13, 14, 22, 23, 31, 39, 47, 55, 63]
[00:00:00:27:920] ! Unidirectional s-t. expansions: 6,910, time: 27,920 [ms], path length: 34 [edges], generated: 11,860
[00:00:00:28:443] Path of length 34 found: [63, 55, 47, 46, 45, 53, 61, 60, 59, 51, 50, 42, 34, 33, 32, 24, 16, 17, 18, 19, 27, 28, 29, 30, 31, 23, 15, 14, 6, 5, 4, 3, 2, 1, 0]
[00:00:00:28:443] ! Unidirectional t-s. expansions: 6,886, time: 28,443 [ms], path length: 34 [edges], generated: 11,432
[00:00:00:23:661] Path of length 34 found: [0, 1, 2, 3, 4, 5, 13, 14, 22, 23, 31, 39, 47, 46, 45, 37, 29, 28, 20, 19, 18, 17, 16, 24, 32, 33, 34, 35, 43, 51, 52, 60, 61, 62, 63]
[00:00:00:24:090] ! Bidirectional. expansions: 5,600, time: 23,661 [ms], path length: 34 [edges], g_F: 25, g_B: 9, generated: 0, MM: 16, MMPER: 44.714285714285715%
[00:00:00:24:091] 
---------- SM_Grids/8x8_grid_with_random_blocks_12per_6 ----------
[00:00:00:22:175] Path of length 34 found: [0, 8, 9, 10, 2, 3, 4, 5, 6, 7, 15, 23, 22, 21, 20, 19, 27, 26, 25, 24, 32, 40, 48, 49, 50, 51, 43, 44, 36, 37, 38, 46, 54, 62, 63]
[00:00:00:22:175] ! Unidirectional s-t. expansions: 5,693, time: 22,175 [ms], path length: 34 [edges], generated: 9,569
[00:00:00:10:777] Path of length 34 found: [63, 62, 54, 46, 38, 37, 36, 44, 43, 42, 50, 49, 48, 40, 32, 24, 25, 26, 27, 19, 20, 21, 22, 23, 15, 7, 6, 5, 4, 3, 2, 10, 9, 8, 0]
[00:00:00:10:777] ! Unidirectional t-s. expansions: 2,373, time: 10,777 [ms], path length: 34 [edges], generated: 4,366
[00:00:00:12:994] Path of length 34 found: [0, 8, 9, 10, 2, 3, 4, 5, 6, 7, 15, 23, 22, 21, 20, 19, 27, 26, 25, 24, 32, 40, 48, 49, 50, 42, 43, 44, 36, 37, 38, 46, 54, 62, 63]
[00:00:00:13:423] ! Bidirectional. expansions: 2,956, time: 12,994 [ms], path length: 34 [edges], g_F: 31, g_B: 3, generated: 0, MM: 28, MMPER: 79.0%
[00:00:00:13:424] 
---------- SM_Grids/8x8_grid_with_random_blocks_12per_7 ----------
[00:00:00:13:843] Path of length 36 found: [0, 8, 16, 24, 25, 26, 18, 19, 20, 12, 13, 5, 6, 7, 15, 23, 22, 30, 38, 37, 36, 35, 43, 42, 41, 40, 48, 56, 57, 58, 59, 60, 52, 53, 54, 62, 63]
[00:00:00:13:843] ! Unidirectional s-t. expansions: 3,312, time: 13,843 [ms], path length: 36 [edges], generated: 5,451
[00:00:00:18:866] Path of length 36 found: [63, 55, 47, 39, 38, 30, 22, 23, 15, 7, 6, 5, 13, 12, 20, 19, 27, 26, 34, 42, 43, 44, 45, 53, 61, 60, 59, 58, 57, 49, 48, 40, 32, 24, 16, 8, 0]
[00:00:00:18:866] ! Unidirectional t-s. expansions: 5,027, time: 18,866 [ms], path length: 36 [edges], generated: 8,132
[00:00:00:11:561] Path of length 36 found: [0, 8, 16, 24, 25, 26, 34, 42, 41, 40, 48, 56, 57, 58, 59, 60, 61, 53, 45, 44, 36, 28, 20, 12, 13, 5, 6, 7, 15, 23, 22, 30, 38, 39, 47, 55, 63]
[00:00:00:11:990] ! Bidirectional. expansions: 2,647, time: 11,561 [ms], path length: 36 [edges], g_F: 30, g_B: 6, generated: 0, MM: 24, MMPER: 63.86486486486487%
[00:00:00:11:991] 
---------- SM_Grids/8x8_grid_with_random_blocks_12per_8 ----------
[00:00:00:11:485] Path of length 36 found: [0, 8, 16, 24, 32, 33, 41, 49, 57, 58, 59, 60, 52, 44, 43, 35, 27, 26, 18, 10, 2, 3, 4, 5, 6, 7, 15, 23, 22, 21, 29, 37, 38, 46, 47, 55, 63]
[00:00:00:11:485] ! Unidirectional s-t. expansions: 2,490, time: 11,485 [ms], path length: 36 [edges], generated: 4,439
[00:00:00:10:645] Path of length 36 found: [63, 55, 47, 39, 38, 30, 22, 23, 15, 7, 6, 5, 4, 12, 20, 28, 27, 35, 43, 44, 52, 60, 59, 58, 57, 49, 41, 33, 32, 24, 16, 17, 18, 10, 2, 1, 0]
[00:00:00:10:645] ! Unidirectional t-s. expansions: 2,578, time: 10,645 [ms], path length: 36 [edges], generated: 4,385
[00:00:00:13:447] Path of length 36 found: [0, 8, 16, 24, 32, 33, 41, 49, 57, 58, 59, 60, 52, 44, 43, 35, 27, 19, 18, 10, 2, 3, 4, 5, 6, 7, 15, 23, 22, 21, 29, 37, 38, 46, 47, 55, 63]
[00:00:00:13:879] ! Bidirectional. expansions: 2,980, time: 13,447 [ms], path length: 36 [edges], g_F: 29, g_B: 7, generated: 0, MM: 22, MMPER: 58.45945945945946%
[00:00:00:13:879] 
---------- SM_Grids/8x8_grid_with_random_blocks_12per_9 ----------
[00:00:00:31:165] Path of length 36 found: [0, 8, 9, 10, 11, 19, 20, 21, 13, 5, 6, 7, 15, 23, 31, 30, 38, 37, 36, 35, 34, 26, 25, 24, 32, 40, 48, 56, 57, 58, 50, 51, 52, 60, 61, 62, 63]
[00:00:00:31:165] ! Unidirectional s-t. expansions: 8,738, time: 31,165 [ms], path length: 36 [edges], generated: 13,406
[00:00:00:28:020] Path of length 36 found: [63, 55, 47, 46, 45, 53, 61, 60, 59, 51, 50, 49, 48, 40, 32, 24, 25, 26, 34, 35, 36, 28, 29, 30, 31, 23, 15, 7, 6, 5, 4, 12, 11, 10, 2, 1, 0]
[00:00:00:28:020] ! Unidirectional t-s. expansions: 6,975, time: 28,020 [ms], path length: 36 [edges], generated: 11,224
[00:00:00:24:456] Path of length 36 found: [0, 8, 9, 10, 11, 12, 4, 5, 6, 7, 15, 23, 31, 30, 29, 28, 36, 35, 34, 26, 25, 24, 32, 40, 48, 49, 50, 51, 59, 60, 61, 53, 45, 46, 47, 55, 63]
[00:00:00:24:933] ! Bidirectional. expansions: 5,862, time: 24,456 [ms], path length: 36 [edges], g_F: 25, g_B: 11, generated: 0, MM: 14, MMPER: 36.83783783783784%

[00:00:00:24:934] average expansions: (5,264, 5,950, 4,768, 0)
[00:00:00:24:934] average time: (20,195, 22,065, 19,509, 0)
[00:00:00:24:934] XIDA: 5,264 , 20,195 (expansions , time[ms])
[00:00:00:24:934] BiXIDA: 4,768 , 19,509 (expansions , time[ms])

