------------------------------------
Thu 01 Oct 2026 12:50:15 IDT
SLURM_JOBID:		21944771
SLURM_JOB_NODELIST:	ise-cpu256-14
SLURM_SCRATCH_DIR:	/scratch/shubit/21944771
Allocated Resouces:	cpu - 2 / mem - 61440 MB / gpu - 
SLURM_GPU_INDEX:	
Running as shubit from shimony account with normal QOS
------------------------------------
Thu 01 Oct 2026 12:50:15 IDT

SLURM_JOBID:		 21944771
SLURM_JOB_NODELIST:	 ise-cpu256-14 

--------------------------
date: SM_Grids
number_of_graphs: 10
graph_type: grid
size_of_graphs: [8, 9]
heuristic: bcc_heuristic
snake: True
run_uni: True
run_bi: True
run_multi: False
solution_vertices: []
algorithms: ['IDA']
lookahead: -2
bsd: False
cube_first_dims: 4
cube_buffer_dim: None
backward_sym_generation: False
sym_coil: False
prefix_set: None

---------- SM_Grids/8x9_grid_with_random_blocks_12per_0 ----------
[00:00:00:53:641] Path of length 41 found: [0, 9, 10, 11, 2, 3, 4, 13, 14, 15, 6, 7, 8, 17, 26, 25, 34, 33, 32, 31, 40, 39, 38, 29, 28, 27, 36, 45, 46, 55, 56, 57, 66, 67, 68, 59, 50, 51, 52, 61, 70, 71]
[00:00:00:53:641] ! Unidirectional s-t. expansions: 9,175, time: 53,641 [ms], path length: 41 [edges], generated: 16,805
[00:00:00:43:205] Path of length 41 found: [71, 62, 53, 52, 51, 60, 59, 68, 67, 66, 57, 56, 47, 46, 45, 36, 27, 28, 29, 30, 39, 40, 41, 32, 33, 34, 35, 26, 17, 8, 7, 6, 15, 14, 13, 4, 3, 2, 11, 10, 9, 0]
[00:00:00:43:205] ! Unidirectional t-s. expansions: 8,327, time: 43,205 [ms], path length: 41 [edges], generated: 14,257
[00:00:01:01:477] Path of length 41 found: [0, 9, 10, 11, 2, 3, 4, 13, 14, 15, 6, 7, 8, 17, 26, 25, 34, 33, 32, 41, 40, 39, 30, 29, 28, 27, 36, 45, 46, 55, 56, 57, 66, 67, 68, 59, 60, 51, 52, 53, 62, 71]
[00:00:01:02:013] ! Bidirectional. expansions: 10,550, time: 61,477 [ms], path length: 41 [edges], g_F: 37, g_B: 4, generated: 0, MM: 33, MMPER: 77.57142857142857%
[00:00:01:02:013] 
---------- SM_Grids/8x9_grid_with_random_blocks_12per_1 ----------
[00:00:04:31:998] Path of length 33 found: [0, 9, 10, 19, 20, 21, 12, 3, 4, 5, 6, 7, 8, 17, 26, 25, 24, 23, 32, 31, 40, 39, 48, 57, 58, 59, 50, 51, 42, 43, 44, 53, 62, 71]
[00:00:04:31:999] ! Unidirectional s-t. expansions: 49,822, time: 271,998 [ms], path length: 33 [edges], generated: 96,553
[00:00:05:24:958] Path of length 33 found: [71, 62, 53, 44, 43, 42, 51, 60, 59, 58, 57, 48, 39, 40, 31, 32, 23, 24, 25, 26, 17, 8, 7, 6, 5, 4, 13, 12, 21, 20, 19, 10, 1, 0]
[00:00:05:24:958] ! Unidirectional t-s. expansions: 68,877, time: 324,958 [ms], path length: 33 [edges], generated: 120,890
[00:00:08:35:377] Path of length 33 found: [0, 9, 10, 19, 20, 21, 12, 3, 4, 5, 6, 7, 8, 17, 26, 25, 24, 23, 32, 31, 40, 39, 48, 57, 58, 59, 50, 51, 42, 43, 44, 53, 62, 71]
[00:00:08:35:955] ! Bidirectional. expansions: 112,057, time: 515,377 [ms], path length: 33 [edges], g_F: 28, g_B: 5, generated: 0, MM: 23, MMPER: 66.6470588235294%
[00:00:08:35:955] 
---------- SM_Grids/8x9_grid_with_random_blocks_12per_2 ----------
[00:00:00:19:482] Path of length 39 found: [0, 1, 2, 3, 12, 21, 20, 29, 38, 47, 46, 45, 54, 63, 64, 65, 66, 67, 68, 59, 50, 49, 40, 31, 32, 23, 24, 15, 6, 7, 8, 17, 26, 35, 34, 43, 52, 61, 70, 71]
[00:00:00:19:482] ! Unidirectional s-t. expansions: 3,228, time: 19,482 [ms], path length: 39 [edges], generated: 5,588
[00:00:00:45:373] Path of length 39 found: [71, 70, 61, 52, 53, 44, 35, 26, 17, 8, 7, 6, 15, 24, 23, 32, 31, 40, 49, 50, 59, 68, 67, 66, 65, 64, 63, 54, 45, 46, 47, 38, 29, 20, 21, 12, 3, 2, 1, 0]
[00:00:00:45:374] ! Unidirectional t-s. expansions: 9,793, time: 45,373 [ms], path length: 39 [edges], generated: 16,450
[00:00:00:29:585] Path of length 39 found: [0, 1, 2, 3, 12, 21, 20, 29, 38, 47, 46, 45, 54, 63, 64, 65, 66, 67, 68, 59, 50, 49, 40, 31, 32, 23, 24, 15, 6, 7, 8, 17, 26, 35, 34, 43, 52, 53, 62, 71]
[00:00:00:30:176] ! Bidirectional. expansions: 4,970, time: 29,585 [ms], path length: 39 [edges], g_F: 21, g_B: 18, generated: 0, MM: 3, MMPER: 6.5%
[00:00:00:30:176] 
---------- SM_Grids/8x9_grid_with_random_blocks_12per_3 ----------
[00:00:02:34:565] Path of length 37 found: [0, 9, 18, 27, 28, 37, 46, 45, 54, 63, 64, 65, 56, 57, 48, 49, 50, 41, 32, 31, 30, 21, 20, 11, 2, 3, 4, 5, 6, 7, 16, 25, 34, 43, 44, 53, 62, 71]
[00:00:02:34:566] ! Unidirectional s-t. expansions: 36,121, time: 154,565 [ms], path length: 37 [edges], generated: 57,736
[00:00:00:44:585] Path of length 37 found: [71, 70, 61, 52, 43, 34, 25, 16, 7, 6, 5, 4, 3, 12, 21, 22, 31, 32, 41, 50, 59, 58, 67, 66, 65, 64, 63, 54, 45, 46, 47, 38, 29, 28, 27, 18, 9, 0]
[00:00:00:44:585] ! Unidirectional t-s. expansions: 9,463, time: 44,585 [ms], path length: 37 [edges], generated: 16,578
[00:00:01:31:239] Path of length 37 found: [0, 9, 18, 27, 28, 37, 46, 45, 54, 63, 64, 65, 56, 57, 58, 49, 50, 41, 32, 31, 30, 21, 20, 11, 2, 3, 4, 5, 6, 7, 16, 25, 34, 43, 52, 61, 70, 71]
[00:00:01:31:723] ! Bidirectional. expansions: 20,691, time: 91,239 [ms], path length: 37 [edges], g_F: 34, g_B: 3, generated: 0, MM: 31, MMPER: 80.57894736842105%
[00:00:01:31:723] 
---------- SM_Grids/8x9_grid_with_random_blocks_12per_4 ----------
[00:00:00:26:889] Path of length 39 found: [0, 9, 18, 27, 36, 37, 46, 55, 64, 65, 66, 57, 48, 39, 40, 31, 22, 21, 20, 11, 2, 3, 4, 5, 14, 15, 16, 25, 26, 35, 44, 43, 52, 51, 50, 59, 68, 69, 70, 71]
[00:00:00:26:889] ! Unidirectional s-t. expansions: 5,126, time: 26,889 [ms], path length: 39 [edges], generated: 9,219
[00:00:00:23:337] Path of length 39 found: [71, 70, 69, 68, 59, 50, 51, 52, 43, 44, 35, 26, 17, 16, 15, 14, 5, 4, 3, 2, 11, 20, 21, 22, 31, 40, 39, 48, 57, 66, 65, 64, 55, 46, 37, 28, 27, 18, 9, 0]
[00:00:00:23:337] ! Unidirectional t-s. expansions: 5,176, time: 23,337 [ms], path length: 39 [edges], generated: 8,863
[00:00:00:28:299] Path of length 39 found: [0, 9, 18, 27, 36, 37, 46, 55, 64, 65, 66, 57, 48, 39, 40, 31, 22, 21, 20, 11, 2, 3, 4, 5, 14, 15, 16, 25, 26, 35, 44, 43, 52, 51, 50, 59, 68, 69, 70, 71]
[00:00:00:28:767] ! Bidirectional. expansions: 5,210, time: 28,299 [ms], path length: 39 [edges], g_F: 34, g_B: 5, generated: 0, MM: 29, MMPER: 71.5%
[00:00:00:28:767] 
---------- SM_Grids/8x9_grid_with_random_blocks_12per_5 ----------
[00:00:00:28:879] Path of length 41 found: [0, 9, 18, 27, 28, 37, 46, 45, 54, 63, 64, 65, 66, 57, 58, 59, 50, 41, 40, 39, 30, 21, 20, 11, 2, 3, 4, 13, 14, 15, 6, 7, 8, 17, 26, 25, 34, 43, 44, 53, 62, 71]
[00:00:00:28:879] ! Unidirectional s-t. expansions: 6,196, time: 28,879 [ms], path length: 41 [edges], generated: 9,680
[00:00:00:44:609] Path of length 41 found: [71, 62, 61, 60, 59, 58, 57, 66, 65, 64, 63, 54, 45, 46, 47, 38, 39, 40, 41, 42, 43, 44, 35, 26, 17, 8, 7, 6, 15, 24, 23, 22, 13, 4, 3, 2, 11, 20, 19, 18, 9, 0]
[00:00:00:44:609] ! Unidirectional t-s. expansions: 9,765, time: 44,609 [ms], path length: 41 [edges], generated: 16,389
[00:00:00:28:348] Path of length 41 found: [0, 9, 18, 19, 20, 11, 2, 3, 4, 13, 22, 23, 24, 15, 6, 7, 8, 17, 26, 35, 34, 43, 42, 41, 40, 39, 38, 37, 46, 45, 54, 63, 64, 65, 66, 57, 58, 59, 60, 61, 62, 71]
[00:00:00:28:816] ! Bidirectional. expansions: 5,523, time: 28,348 [ms], path length: 41 [edges], g_F: 38, g_B: 3, generated: 0, MM: 35, MMPER: 82.33333333333333%
[00:00:00:28:816] 
---------- SM_Grids/8x9_grid_with_random_blocks_12per_6 ----------
[00:00:00:35:071] Path of length 39 found: [0, 1, 2, 11, 20, 19, 28, 37, 36, 45, 54, 63, 64, 65, 66, 57, 48, 39, 40, 41, 42, 33, 24, 23, 22, 13, 4, 5, 6, 7, 16, 17, 26, 35, 44, 53, 52, 61, 70, 71]
[00:00:00:35:071] ! Unidirectional s-t. expansions: 9,773, time: 35,071 [ms], path length: 39 [edges], generated: 15,008
[00:00:00:29:119] Path of length 39 found: [71, 70, 61, 52, 53, 44, 35, 26, 17, 8, 7, 6, 5, 4, 3, 12, 21, 22, 23, 24, 33, 42, 41, 40, 39, 48, 57, 56, 65, 64, 63, 54, 45, 36, 37, 28, 19, 10, 1, 0]
[00:00:00:29:119] ! Unidirectional t-s. expansions: 5,459, time: 29,119 [ms], path length: 39 [edges], generated: 9,949
[00:00:00:27:511] Path of length 39 found: [0, 1, 2, 3, 4, 13, 22, 21, 20, 19, 28, 37, 36, 45, 54, 63, 64, 65, 66, 57, 48, 39, 40, 41, 42, 33, 24, 15, 6, 7, 8, 17, 26, 35, 44, 53, 52, 61, 70, 71]
[00:00:00:27:989] ! Bidirectional. expansions: 5,595, time: 27,511 [ms], path length: 39 [edges], g_F: 21, g_B: 18, generated: 0, MM: 3, MMPER: 6.5%
[00:00:00:27:989] 
---------- SM_Grids/8x9_grid_with_random_blocks_12per_7 ----------
[00:00:00:22:347] Path of length 31 found: [0, 1, 2, 11, 20, 29, 30, 31, 22, 13, 4, 5, 6, 7, 8, 17, 26, 25, 24, 33, 42, 41, 50, 49, 58, 67, 68, 69, 60, 61, 62, 71]
[00:00:00:22:347] ! Unidirectional s-t. expansions: 4,810, time: 22,347 [ms], path length: 31 [edges], generated: 8,611
[00:00:00:32:703] Path of length 31 found: [71, 62, 61, 60, 69, 68, 67, 58, 49, 50, 41, 42, 43, 34, 35, 26, 17, 8, 7, 6, 15, 24, 23, 22, 31, 30, 29, 20, 11, 2, 1, 0]
[00:00:00:32:703] ! Unidirectional t-s. expansions: 6,928, time: 32,703 [ms], path length: 31 [edges], generated: 12,086
[00:00:00:25:300] Path of length 31 found: [0, 1, 2, 11, 20, 21, 22, 13, 4, 5, 6, 7, 8, 17, 26, 25, 24, 33, 32, 41, 40, 49, 58, 67, 68, 69, 60, 51, 52, 53, 62, 71]
[00:00:00:25:777] ! Bidirectional. expansions: 4,846, time: 25,300 [ms], path length: 31 [edges], g_F: 27, g_B: 4, generated: 0, MM: 23, MMPER: 70.875%
[00:00:00:25:777] 
---------- SM_Grids/8x9_grid_with_random_blocks_12per_8 ----------
[00:00:00:48:505] Path of length 41 found: [0, 1, 2, 3, 12, 21, 20, 19, 18, 27, 36, 45, 54, 55, 64, 65, 66, 57, 48, 39, 40, 31, 32, 23, 14, 5, 6, 7, 16, 25, 26, 35, 44, 53, 52, 51, 50, 59, 68, 69, 70, 71]
[00:00:00:48:505] ! Unidirectional s-t. expansions: 9,390, time: 48,505 [ms], path length: 41 [edges], generated: 16,375
[00:00:00:10:115] Path of length 41 found: [71, 70, 69, 68, 59, 50, 51, 52, 53, 44, 35, 26, 25, 16, 7, 6, 5, 14, 23, 32, 31, 40, 39, 48, 57, 66, 65, 64, 55, 54, 45, 36, 27, 28, 29, 20, 21, 12, 3, 2, 1, 0]
[00:00:00:10:115] ! Unidirectional t-s. expansions: 1,942, time: 10,115 [ms], path length: 41 [edges], generated: 3,494
[00:00:00:30:812] Path of length 41 found: [0, 1, 2, 3, 12, 21, 20, 19, 18, 27, 36, 45, 54, 55, 64, 65, 66, 57, 48, 39, 40, 31, 32, 23, 14, 5, 6, 7, 16, 25, 26, 35, 44, 53, 52, 51, 50, 59, 68, 69, 70, 71]
[00:00:00:31:281] ! Bidirectional. expansions: 6,207, time: 30,812 [ms], path length: 41 [edges], g_F: 36, g_B: 5, generated: 0, MM: 31, MMPER: 72.80952380952381%
[00:00:00:31:281] 
---------- SM_Grids/8x9_grid_with_random_blocks_12per_9 ----------
[00:00:01:06:101] Path of length 39 found: [0, 9, 18, 19, 28, 29, 38, 47, 46, 45, 54, 63, 64, 65, 66, 67, 58, 59, 50, 41, 32, 31, 22, 21, 12, 3, 4, 5, 6, 7, 8, 17, 26, 25, 34, 43, 44, 53, 62, 71]
[00:00:01:06:102] ! Unidirectional s-t. expansions: 15,577, time: 66,101 [ms], path length: 39 [edges], generated: 24,093
[00:00:03:01:274] Path of length 39 found: [71, 62, 61, 52, 43, 44, 35, 26, 17, 8, 7, 6, 5, 4, 13, 22, 23, 32, 41, 50, 59, 58, 67, 66, 65, 64, 63, 54, 45, 46, 47, 48, 39, 30, 29, 28, 27, 18, 9, 0]
[00:00:03:01:274] ! Unidirectional t-s. expansions: 50,709, time: 181,274 [ms], path length: 39 [edges], generated: 85,430
[00:00:03:29:865] Path of length 39 found: [0, 9, 18, 19, 28, 29, 38, 47, 46, 45, 54, 63, 64, 65, 66, 67, 58, 59, 50, 41, 32, 23, 22, 21, 12, 3, 4, 5, 6, 7, 8, 17, 26, 35, 44, 43, 52, 61, 62, 71]
[00:00:03:30:421] ! Bidirectional. expansions: 50,283, time: 209,865 [ms], path length: 39 [edges], g_F: 23, g_B: 16, generated: 0, MM: 7, MMPER: 16.5%

[00:00:03:30:421] average expansions: (14,922, 17,644, 22,593, 0)
[00:00:03:30:421] average time: (72,748, 77,928, 104,781, 0)
[00:00:03:30:421] XIDA: 14,922 , 72,748 (expansions , time[ms])
[00:00:03:30:421] BiXIDA: 22,593 , 104,781 (expansions , time[ms])

