------------------------------------
Thu 01 Oct 2026 11:13:28 IDT
SLURM_JOBID:		21943018
SLURM_JOB_NODELIST:	ise-cpu256-27
SLURM_SCRATCH_DIR:	/scratch/shubit/21943018
Allocated Resouces:	cpu - 2 / mem - 61440 MB / gpu - 
SLURM_GPU_INDEX:	
Running as shubit from shimony account with normal QOS
------------------------------------
Thu 01 Oct 2026 11:13:28 IDT

SLURM_JOBID:		 21943018
SLURM_JOB_NODELIST:	 ise-cpu256-27 

--------------------------
date: SM_Grids
number_of_graphs: 10
graph_type: grid
size_of_graphs: [8, 8]
heuristic: bcc_heuristic
snake: True
run_uni: True
run_bi: True
run_multi: False
solution_vertices: []
algorithms: ['A']
lookahead: -1
bsd: False
cube_first_dims: 4
cube_buffer_dim: None
backward_sym_generation: False
sym_coil: False
prefix_set: None

---------- SM_Grids/8x8_grid_with_random_blocks_8per_0 ----------
[00:00:00:18:257] Path of length 36 found: [0, 8, 9, 10, 2, 3, 4, 5, 6, 7, 15, 23, 22, 21, 20, 19, 27, 26, 25, 24, 32, 40, 41, 49, 57, 58, 59, 51, 43, 44, 36, 37, 38, 39, 47, 55, 63]
[00:00:00:18:257] ! Unidirectional s-t. expansions: 4,606, time: 18,257 [ms], path length: 36 [edges], generated: 7,840
[00:00:00:28:227] Path of length 36 found: [63, 55, 47, 39, 38, 37, 45, 53, 61, 60, 59, 58, 57, 49, 41, 42, 43, 35, 27, 28, 20, 21, 22, 23, 15, 7, 6, 5, 4, 3, 2, 10, 18, 17, 16, 8, 0]
[00:00:00:28:227] ! Unidirectional t-s. expansions: 6,623, time: 28,227 [ms], path length: 36 [edges], generated: 11,196
[00:00:00:19:760] Path of length 36 found: [0, 8, 16, 24, 32, 40, 41, 49, 57, 58, 59, 60, 61, 53, 45, 44, 43, 35, 27, 19, 18, 10, 2, 3, 4, 5, 6, 7, 15, 23, 22, 30, 38, 39, 47, 55, 63]
[00:00:00:20:247] ! Bidirectional. expansions: 5,824, time: 19,760 [ms], path length: 36 [edges], g_F: 19, g_B: 17, generated: 0, MM: 2, MMPER: 4.405405405405405%
[00:00:00:20:247] 
---------- SM_Grids/8x8_grid_with_random_blocks_8per_1 ----------
[00:00:00:21:395] Path of length 36 found: [0, 1, 2, 3, 11, 12, 13, 5, 6, 7, 15, 23, 22, 30, 29, 28, 36, 35, 34, 26, 18, 17, 16, 24, 32, 40, 48, 49, 50, 51, 59, 60, 61, 53, 54, 55, 63]
[00:00:00:21:396] ! Unidirectional s-t. expansions: 4,853, time: 21,395 [ms], path length: 36 [edges], generated: 8,204
[00:00:00:20:719] Path of length 36 found: [63, 55, 54, 53, 61, 60, 59, 51, 50, 49, 41, 40, 32, 24, 16, 17, 18, 26, 34, 35, 36, 37, 38, 30, 31, 23, 15, 7, 6, 5, 13, 12, 11, 3, 2, 1, 0]
[00:00:00:20:719] ! Unidirectional t-s. expansions: 4,260, time: 20,719 [ms], path length: 36 [edges], generated: 7,648
[00:00:00:14:754] Path of length 36 found: [0, 1, 2, 3, 11, 12, 13, 5, 6, 7, 15, 23, 31, 39, 38, 37, 36, 35, 34, 26, 18, 17, 16, 24, 32, 40, 41, 49, 50, 51, 59, 60, 61, 53, 54, 55, 63]
[00:00:00:15:192] ! Bidirectional. expansions: 3,394, time: 14,754 [ms], path length: 36 [edges], g_F: 19, g_B: 17, generated: 0, MM: 2, MMPER: 4.405405405405405%
[00:00:00:15:192] 
---------- SM_Grids/8x8_grid_with_random_blocks_8per_2 ----------
[00:00:00:15:100] Path of length 36 found: [0, 1, 2, 3, 11, 12, 13, 5, 6, 7, 15, 23, 22, 30, 29, 37, 36, 35, 27, 26, 18, 17, 16, 24, 32, 40, 48, 56, 57, 58, 50, 51, 52, 53, 54, 62, 63]
[00:00:00:15:100] ! Unidirectional s-t. expansions: 3,404, time: 15,100 [ms], path length: 36 [edges], generated: 5,735
[00:00:00:13:826] Path of length 36 found: [63, 55, 54, 53, 52, 60, 59, 58, 57, 56, 48, 40, 32, 24, 16, 17, 18, 26, 34, 35, 36, 37, 38, 30, 31, 23, 15, 7, 6, 5, 13, 12, 11, 3, 2, 1, 0]
[00:00:00:13:827] ! Unidirectional t-s. expansions: 3,553, time: 13,826 [ms], path length: 36 [edges], generated: 5,673
[00:00:00:11:901] Path of length 36 found: [0, 1, 2, 3, 11, 12, 13, 5, 6, 7, 15, 23, 22, 30, 29, 37, 36, 35, 27, 26, 18, 17, 16, 24, 32, 40, 48, 49, 57, 58, 59, 60, 52, 53, 54, 62, 63]
[00:00:00:12:318] ! Bidirectional. expansions: 3,385, time: 11,901 [ms], path length: 36 [edges], g_F: 19, g_B: 17, generated: 0, MM: 2, MMPER: 4.405405405405405%
[00:00:00:12:318] 
---------- SM_Grids/8x8_grid_with_random_blocks_8per_3 ----------
[00:00:00:07:360] Path of length 38 found: [0, 8, 16, 17, 18, 10, 2, 3, 4, 5, 6, 7, 15, 23, 31, 39, 47, 46, 45, 37, 29, 28, 27, 35, 34, 33, 32, 40, 48, 56, 57, 58, 50, 51, 52, 60, 61, 62, 63]
[00:00:00:07:360] ! Unidirectional s-t. expansions: 1,612, time: 7,360 [ms], path length: 38 [edges], generated: 2,697
[00:00:00:09:867] Path of length 38 found: [63, 62, 61, 60, 52, 51, 50, 58, 57, 56, 48, 40, 32, 33, 34, 35, 27, 28, 29, 37, 45, 46, 47, 39, 31, 23, 15, 7, 6, 5, 4, 3, 2, 10, 18, 17, 16, 8, 0]
[00:00:00:09:868] ! Unidirectional t-s. expansions: 2,000, time: 9,867 [ms], path length: 38 [edges], generated: 3,337
[00:00:00:05:424] Path of length 38 found: [0, 8, 16, 17, 18, 10, 2, 3, 4, 5, 6, 7, 15, 23, 31, 39, 47, 46, 45, 37, 29, 28, 27, 35, 34, 33, 32, 40, 48, 56, 57, 58, 50, 51, 52, 60, 61, 62, 63]
[00:00:00:05:839] ! Bidirectional. expansions: 1,333, time: 5,424 [ms], path length: 38 [edges], g_F: 20, g_B: 18, generated: 0, MM: 2, MMPER: 4.128205128205129%
[00:00:00:05:840] 
---------- SM_Grids/8x8_grid_with_random_blocks_8per_4 ----------
[00:00:00:06:210] Path of length 36 found: [0, 8, 16, 24, 25, 33, 41, 40, 48, 56, 57, 58, 59, 60, 52, 44, 43, 35, 27, 19, 18, 10, 2, 3, 4, 12, 13, 14, 22, 30, 31, 39, 47, 46, 54, 62, 63]
[00:00:00:06:211] ! Unidirectional s-t. expansions: 1,156, time: 6,210 [ms], path length: 36 [edges], generated: 2,061
[00:00:00:04:929] Path of length 36 found: [63, 62, 54, 46, 47, 39, 31, 30, 22, 14, 13, 12, 4, 3, 2, 10, 18, 19, 27, 28, 36, 44, 52, 51, 59, 58, 57, 56, 48, 40, 41, 33, 25, 24, 16, 8, 0]
[00:00:00:04:929] ! Unidirectional t-s. expansions: 911, time: 4,929 [ms], path length: 36 [edges], generated: 1,696
[00:00:00:06:393] Path of length 36 found: [0, 8, 16, 24, 25, 33, 41, 40, 48, 56, 57, 58, 59, 51, 43, 44, 36, 28, 27, 19, 18, 10, 2, 3, 4, 12, 13, 14, 22, 30, 31, 39, 47, 46, 54, 62, 63]
[00:00:00:06:807] ! Bidirectional. expansions: 1,372, time: 6,393 [ms], path length: 36 [edges], g_F: 19, g_B: 17, generated: 0, MM: 2, MMPER: 4.405405405405405%
[00:00:00:06:807] 
---------- SM_Grids/8x8_grid_with_random_blocks_8per_5 ----------
[00:00:00:07:722] Path of length 38 found: [0, 1, 2, 3, 11, 12, 13, 5, 6, 7, 15, 23, 31, 39, 38, 37, 29, 28, 27, 26, 18, 17, 16, 24, 32, 40, 48, 56, 57, 58, 50, 42, 43, 44, 52, 53, 54, 55, 63]
[00:00:00:07:722] ! Unidirectional s-t. expansions: 1,504, time: 7,722 [ms], path length: 38 [edges], generated: 2,697
[00:00:00:06:041] Path of length 38 found: [63, 55, 54, 53, 61, 60, 59, 58, 57, 56, 48, 40, 32, 24, 16, 17, 18, 26, 34, 42, 43, 44, 36, 37, 38, 30, 31, 23, 15, 7, 6, 5, 13, 12, 11, 3, 2, 1, 0]
[00:00:00:06:042] ! Unidirectional t-s. expansions: 1,220, time: 6,041 [ms], path length: 38 [edges], generated: 2,112
[00:00:00:06:911] Path of length 38 found: [0, 1, 2, 3, 11, 12, 13, 5, 6, 7, 15, 23, 31, 39, 38, 37, 36, 44, 43, 42, 34, 26, 18, 17, 16, 24, 32, 40, 48, 49, 57, 58, 59, 60, 61, 53, 54, 55, 63]
[00:00:00:07:359] ! Bidirectional. expansions: 1,716, time: 6,911 [ms], path length: 38 [edges], g_F: 20, g_B: 18, generated: 0, MM: 2, MMPER: 4.128205128205129%
[00:00:00:07:360] 
---------- SM_Grids/8x8_grid_with_random_blocks_8per_6 ----------
[00:00:00:35:337] Path of length 36 found: [0, 8, 9, 10, 2, 3, 4, 5, 6, 14, 15, 23, 31, 39, 38, 37, 29, 21, 20, 19, 27, 26, 25, 24, 32, 40, 48, 49, 50, 42, 43, 44, 52, 53, 61, 62, 63]
[00:00:00:35:337] ! Unidirectional s-t. expansions: 6,861, time: 35,337 [ms], path length: 36 [edges], generated: 12,965
[00:00:00:23:232] Path of length 36 found: [63, 62, 61, 53, 52, 44, 43, 42, 50, 49, 48, 40, 32, 24, 25, 26, 27, 19, 20, 21, 29, 37, 38, 39, 31, 23, 15, 14, 6, 5, 4, 3, 2, 10, 9, 8, 0]
[00:00:00:23:233] ! Unidirectional t-s. expansions: 4,609, time: 23,232 [ms], path length: 36 [edges], generated: 9,128
[00:00:00:24:301] Path of length 36 found: [0, 8, 9, 10, 2, 3, 4, 5, 6, 14, 15, 23, 31, 39, 38, 37, 29, 21, 20, 19, 27, 26, 25, 24, 32, 40, 48, 49, 50, 42, 43, 44, 52, 53, 61, 62, 63]
[00:00:00:24:729] ! Bidirectional. expansions: 5,520, time: 24,301 [ms], path length: 36 [edges], g_F: 19, g_B: 17, generated: 0, MM: 2, MMPER: 4.405405405405405%
[00:00:00:24:730] 
---------- SM_Grids/8x8_grid_with_random_blocks_8per_7 ----------
[00:00:00:09:454] Path of length 38 found: [0, 8, 16, 17, 18, 10, 2, 3, 4, 5, 6, 14, 22, 23, 31, 39, 47, 46, 45, 37, 29, 28, 27, 35, 34, 33, 32, 40, 48, 56, 57, 58, 50, 51, 52, 60, 61, 62, 63]
[00:00:00:09:455] ! Unidirectional s-t. expansions: 1,917, time: 9,455 [ms], path length: 38 [edges], generated: 3,426
[00:00:00:09:205] Path of length 38 found: [63, 62, 61, 60, 52, 51, 50, 58, 57, 56, 48, 40, 41, 33, 34, 35, 27, 28, 29, 37, 45, 46, 47, 39, 31, 23, 22, 14, 6, 5, 4, 3, 2, 10, 18, 17, 16, 8, 0]
[00:00:00:09:206] ! Unidirectional t-s. expansions: 1,785, time: 9,206 [ms], path length: 38 [edges], generated: 3,021
[00:00:00:10:310] Path of length 38 found: [0, 8, 16, 17, 18, 10, 2, 3, 4, 5, 6, 14, 22, 23, 31, 39, 47, 46, 45, 37, 29, 28, 27, 35, 34, 33, 32, 40, 48, 56, 57, 58, 50, 51, 52, 60, 61, 62, 63]
[00:00:00:10:726] ! Bidirectional. expansions: 2,493, time: 10,310 [ms], path length: 38 [edges], g_F: 20, g_B: 18, generated: 0, MM: 2, MMPER: 4.128205128205129%
[00:00:00:10:726] 
---------- SM_Grids/8x8_grid_with_random_blocks_8per_8 ----------
[00:00:00:04:992] Path of length 38 found: [0, 1, 2, 3, 11, 19, 18, 17, 16, 24, 32, 33, 41, 49, 57, 58, 59, 51, 43, 35, 36, 28, 29, 21, 13, 5, 6, 7, 15, 23, 31, 39, 38, 46, 45, 53, 61, 62, 63]
[00:00:00:04:992] ! Unidirectional s-t. expansions: 997, time: 4,992 [ms], path length: 38 [edges], generated: 1,867
[00:00:00:11:458] Path of length 38 found: [63, 62, 61, 53, 45, 46, 38, 39, 31, 23, 15, 7, 6, 5, 13, 21, 29, 28, 36, 35, 43, 51, 59, 58, 57, 49, 41, 33, 32, 24, 16, 17, 18, 19, 11, 3, 2, 1, 0]
[00:00:00:11:458] ! Unidirectional t-s. expansions: 2,310, time: 11,458 [ms], path length: 38 [edges], generated: 4,143
[00:00:00:09:446] Path of length 38 found: [0, 1, 2, 3, 11, 19, 18, 17, 16, 24, 32, 33, 41, 49, 57, 58, 59, 51, 43, 35, 36, 28, 29, 21, 13, 5, 6, 7, 15, 23, 31, 39, 38, 46, 45, 53, 61, 62, 63]
[00:00:00:09:858] ! Bidirectional. expansions: 2,120, time: 9,446 [ms], path length: 38 [edges], g_F: 20, g_B: 18, generated: 0, MM: 2, MMPER: 4.128205128205129%
[00:00:00:09:858] 
---------- SM_Grids/8x8_grid_with_random_blocks_8per_9 ----------
[00:00:00:17:094] Path of length 36 found: [0, 8, 16, 24, 32, 40, 48, 56, 57, 58, 50, 42, 34, 35, 36, 28, 20, 19, 18, 10, 2, 3, 4, 5, 6, 14, 22, 30, 31, 39, 47, 46, 45, 53, 61, 62, 63]
[00:00:00:17:094] ! Unidirectional s-t. expansions: 3,808, time: 17,094 [ms], path length: 36 [edges], generated: 6,744
[00:00:00:17:831] Path of length 36 found: [63, 62, 61, 53, 45, 46, 47, 39, 31, 30, 22, 14, 6, 5, 4, 3, 2, 10, 18, 19, 20, 28, 36, 35, 43, 42, 50, 58, 57, 56, 48, 40, 32, 24, 16, 8, 0]
[00:00:00:17:832] ! Unidirectional t-s. expansions: 3,773, time: 17,831 [ms], path length: 36 [edges], generated: 6,681
[00:00:00:15:696] Path of length 36 found: [0, 1, 2, 3, 4, 5, 6, 14, 22, 30, 31, 39, 47, 46, 45, 37, 36, 28, 20, 19, 18, 26, 25, 24, 32, 40, 48, 56, 57, 58, 50, 51, 52, 60, 61, 62, 63]
[00:00:00:16:112] ! Bidirectional. expansions: 3,890, time: 15,696 [ms], path length: 36 [edges], g_F: 19, g_B: 17, generated: 0, MM: 2, MMPER: 4.405405405405405%

[00:00:00:16:112] average expansions: (3,072, 3,104, 3,105, 0)
[00:00:00:16:112] average time: (14,292, 14,534, 12,490, 0)
[00:00:00:16:112] XA*: 3,072 , 14,292 (expansions , time[ms])
[00:00:00:16:112] BiXA*: 3,105 , 12,490 (expansions , time[ms])

