------------------------------------
Thu 01 Oct 2026 11:13:59 IDT
SLURM_JOBID:		21943033
SLURM_JOB_NODELIST:	ise-cpu256-01
SLURM_SCRATCH_DIR:	/scratch/shubit/21943033
Allocated Resouces:	cpu - 2 / mem - 61440 MB / gpu - 
SLURM_GPU_INDEX:	
Running as shubit from shimony account with normal QOS
------------------------------------
Thu 01 Oct 2026 11:13:59 IDT

SLURM_JOBID:		 21943033
SLURM_JOB_NODELIST:	 ise-cpu256-01 

--------------------------
date: SM_Grids
number_of_graphs: 10
graph_type: grid
size_of_graphs: [8, 8]
heuristic: bcc_heuristic
snake: True
run_uni: True
run_bi: True
run_multi: False
solution_vertices: []
algorithms: ['A']
lookahead: 3
bsd: False
cube_first_dims: 4
cube_buffer_dim: None
backward_sym_generation: False
sym_coil: False
prefix_set: None

---------- SM_Grids/8x8_grid_with_random_blocks_16per_0 ----------
[00:00:00:00:958] Path of length 32 found: [0, 1, 9, 10, 18, 26, 25, 24, 32, 40, 48, 49, 50, 42, 43, 35, 36, 28, 20, 12, 13, 5, 6, 7, 15, 23, 22, 30, 38, 46, 47, 55, 63]
[00:00:00:00:959] ! Unidirectional s-t. expansions: 97, time: 958 [ms], path length: 32 [edges], generated: 903
[00:00:00:00:407] Path of length 32 found: [63, 55, 47, 39, 38, 30, 22, 23, 15, 7, 6, 5, 13, 12, 20, 28, 36, 44, 43, 51, 50, 49, 48, 40, 32, 24, 25, 26, 18, 10, 2, 1, 0]
[00:00:00:00:408] ! Unidirectional t-s. expansions: 59, time: 407 [ms], path length: 32 [edges], generated: 375
[00:00:00:00:820] Path of length 32 found: [0, 1, 9, 10, 18, 26, 25, 24, 32, 40, 48, 49, 50, 42, 43, 35, 36, 28, 20, 12, 13, 5, 6, 7, 15, 23, 22, 30, 38, 39, 47, 55, 63]
[00:00:00:01:312] ! Bidirectional. expansions: 81, time: 820 [ms], path length: 32 [edges], g_F: 15, g_B: 17, generated: 0, MM: 2, MMPER: 5.0606060606060606%
[00:00:00:01:313] 
---------- SM_Grids/8x8_grid_with_random_blocks_16per_1 ----------
[00:00:00:01:122] Path of length 28 found: [0, 8, 16, 24, 32, 33, 41, 42, 43, 35, 27, 26, 18, 10, 2, 3, 4, 12, 20, 21, 22, 23, 31, 39, 38, 46, 54, 62, 63]
[00:00:00:01:122] ! Unidirectional s-t. expansions: 113, time: 1,122 [ms], path length: 28 [edges], generated: 933
[00:00:00:01:358] Path of length 28 found: [63, 55, 54, 46, 38, 39, 31, 23, 22, 21, 20, 12, 4, 3, 2, 10, 18, 26, 27, 35, 43, 42, 41, 33, 32, 24, 16, 8, 0]
[00:00:00:01:358] ! Unidirectional t-s. expansions: 93, time: 1,358 [ms], path length: 28 [edges], generated: 1,014
[00:00:00:05:198] Path of length 28 found: [0, 8, 16, 24, 32, 33, 41, 42, 43, 35, 27, 26, 18, 10, 2, 3, 4, 12, 20, 21, 22, 23, 31, 39, 38, 46, 54, 55, 63]
[00:00:00:05:701] ! Bidirectional. expansions: 258, time: 5,198 [ms], path length: 28 [edges], g_F: 18, g_B: 10, generated: 0, MM: 8, MMPER: 26.586206896551722%
[00:00:00:05:701] 
---------- SM_Grids/8x8_grid_with_random_blocks_16per_2 ----------
[00:00:00:04:937] Path of length 28 found: [0, 1, 2, 3, 11, 19, 18, 17, 16, 24, 32, 40, 48, 56, 57, 58, 50, 42, 43, 44, 36, 28, 29, 30, 38, 46, 54, 62, 63]
[00:00:00:04:937] ! Unidirectional s-t. expansions: 435, time: 4,937 [ms], path length: 28 [edges], generated: 4,634
[00:00:00:05:764] Path of length 28 found: [63, 62, 61, 60, 59, 58, 57, 49, 48, 40, 32, 33, 34, 42, 43, 44, 45, 46, 38, 30, 29, 21, 20, 19, 18, 10, 2, 1, 0]
[00:00:00:05:764] ! Unidirectional t-s. expansions: 682, time: 5,764 [ms], path length: 28 [edges], generated: 4,970
[00:00:00:08:773] Path of length 28 found: [0, 1, 2, 3, 11, 19, 18, 17, 16, 24, 32, 33, 34, 42, 50, 58, 59, 60, 52, 44, 36, 28, 29, 30, 38, 46, 47, 55, 63]
[00:00:00:09:232] ! Bidirectional. expansions: 519, time: 8,773 [ms], path length: 28 [edges], g_F: 17, g_B: 11, generated: 0, MM: 6, MMPER: 19.689655172413794%
[00:00:00:09:232] 
---------- SM_Grids/8x8_grid_with_random_blocks_16per_3 ----------
[00:00:00:02:469] Path of length 30 found: [0, 8, 16, 17, 18, 10, 11, 12, 13, 14, 15, 23, 31, 30, 29, 28, 27, 35, 34, 33, 41, 49, 50, 51, 52, 44, 45, 46, 54, 62, 63]
[00:00:00:02:470] ! Unidirectional s-t. expansions: 209, time: 2,469 [ms], path length: 30 [edges], generated: 2,208
[00:00:00:03:974] Path of length 30 found: [63, 55, 47, 46, 45, 53, 52, 51, 50, 49, 41, 33, 34, 35, 36, 28, 29, 30, 31, 23, 15, 14, 13, 12, 11, 10, 18, 17, 16, 8, 0]
[00:00:00:03:974] ! Unidirectional t-s. expansions: 248, time: 3,974 [ms], path length: 30 [edges], generated: 3,059
[00:00:00:07:253] Path of length 30 found: [0, 8, 16, 17, 18, 10, 11, 12, 13, 14, 15, 23, 31, 30, 29, 28, 27, 35, 34, 33, 41, 49, 50, 51, 52, 53, 45, 46, 47, 55, 63]
[00:00:00:07:760] ! Bidirectional. expansions: 510, time: 7,253 [ms], path length: 30 [edges], g_F: 16, g_B: 14, generated: 0, MM: 2, MMPER: 5.451612903225806%
[00:00:00:07:761] 
---------- SM_Grids/8x8_grid_with_random_blocks_16per_4 ----------
[00:00:00:01:726] Path of length 30 found: [0, 8, 16, 17, 18, 10, 11, 12, 13, 14, 22, 30, 29, 28, 27, 35, 34, 33, 32, 40, 48, 49, 50, 51, 52, 44, 45, 46, 54, 62, 63]
[00:00:00:01:727] ! Unidirectional s-t. expansions: 159, time: 1,726 [ms], path length: 30 [edges], generated: 1,433
[00:00:00:03:165] Path of length 30 found: [63, 55, 47, 46, 45, 53, 52, 51, 50, 49, 48, 40, 32, 33, 34, 35, 27, 28, 29, 30, 22, 14, 13, 12, 11, 10, 18, 17, 16, 8, 0]
[00:00:00:03:165] ! Unidirectional t-s. expansions: 262, time: 3,165 [ms], path length: 30 [edges], generated: 2,595
[00:00:00:10:447] Path of length 30 found: [0, 8, 16, 17, 18, 10, 11, 12, 13, 14, 22, 30, 29, 28, 27, 35, 34, 33, 32, 40, 48, 49, 50, 51, 52, 44, 45, 46, 54, 55, 63]
[00:00:00:10:956] ! Bidirectional. expansions: 400, time: 10,447 [ms], path length: 30 [edges], g_F: 18, g_B: 12, generated: 0, MM: 6, MMPER: 18.35483870967742%
[00:00:00:10:957] 
---------- SM_Grids/8x8_grid_with_random_blocks_16per_5 ----------
[00:00:00:04:221] Path of length 28 found: [0, 1, 9, 17, 16, 24, 32, 33, 34, 35, 36, 28, 20, 19, 11, 3, 4, 5, 6, 14, 22, 23, 31, 39, 38, 46, 54, 55, 63]
[00:00:00:04:221] ! Unidirectional s-t. expansions: 491, time: 4,221 [ms], path length: 28 [edges], generated: 3,671
[00:00:00:01:888] Path of length 28 found: [63, 55, 47, 46, 45, 53, 61, 60, 59, 51, 43, 35, 36, 28, 29, 30, 31, 23, 15, 14, 6, 5, 4, 12, 11, 10, 2, 1, 0]
[00:00:00:01:888] ! Unidirectional t-s. expansions: 276, time: 1,888 [ms], path length: 28 [edges], generated: 1,787
[00:00:00:06:245] Path of length 28 found: [0, 1, 9, 17, 16, 24, 32, 33, 34, 35, 36, 28, 20, 19, 11, 3, 4, 5, 6, 14, 15, 23, 31, 39, 38, 46, 54, 55, 63]
[00:00:00:06:709] ! Bidirectional. expansions: 400, time: 6,245 [ms], path length: 28 [edges], g_F: 13, g_B: 15, generated: 0, MM: 2, MMPER: 5.896551724137931%
[00:00:00:06:709] 
---------- SM_Grids/8x8_grid_with_random_blocks_16per_6 ----------
[00:00:00:00:440] Path of length 34 found: [0, 1, 9, 17, 16, 24, 32, 40, 48, 49, 50, 42, 34, 26, 27, 19, 20, 21, 13, 5, 6, 7, 15, 23, 31, 30, 38, 37, 36, 44, 52, 53, 54, 62, 63]
[00:00:00:00:440] ! Unidirectional s-t. expansions: 32, time: 440 [ms], path length: 34 [edges], generated: 289
[00:00:00:00:409] Path of length 34 found: [63, 55, 54, 53, 52, 44, 36, 37, 38, 30, 31, 23, 15, 7, 6, 5, 13, 21, 20, 19, 27, 26, 34, 42, 50, 49, 48, 40, 32, 24, 16, 17, 9, 1, 0]
[00:00:00:00:410] ! Unidirectional t-s. expansions: 31, time: 410 [ms], path length: 34 [edges], generated: 272
[00:00:00:02:140] Path of length 34 found: [0, 1, 9, 17, 16, 24, 32, 40, 48, 49, 50, 42, 34, 26, 27, 19, 20, 21, 13, 5, 6, 7, 15, 23, 31, 30, 38, 37, 36, 44, 52, 53, 54, 55, 63]
[00:00:00:02:598] ! Bidirectional. expansions: 74, time: 2,141 [ms], path length: 34 [edges], g_F: 20, g_B: 14, generated: 0, MM: 6, MMPER: 16.142857142857142%
[00:00:00:02:598] 
---------- SM_Grids/8x8_grid_with_random_blocks_16per_7 ----------
[00:00:00:02:596] Path of length 32 found: [0, 8, 16, 24, 32, 40, 48, 56, 57, 58, 50, 51, 43, 35, 34, 26, 18, 10, 11, 12, 13, 14, 15, 23, 31, 30, 38, 37, 45, 53, 54, 55, 63]
[00:00:00:02:597] ! Unidirectional s-t. expansions: 299, time: 2,596 [ms], path length: 32 [edges], generated: 2,331
[00:00:00:02:427] Path of length 32 found: [63, 55, 54, 53, 45, 37, 38, 30, 31, 23, 15, 14, 13, 21, 20, 19, 27, 26, 34, 42, 43, 51, 59, 58, 57, 49, 48, 40, 32, 24, 16, 8, 0]
[00:00:00:02:428] ! Unidirectional t-s. expansions: 418, time: 2,428 [ms], path length: 32 [edges], generated: 2,459
[00:00:00:03:499] Path of length 32 found: [0, 8, 16, 24, 32, 40, 48, 56, 57, 58, 59, 51, 43, 42, 34, 26, 18, 19, 20, 21, 13, 14, 15, 23, 31, 30, 38, 37, 45, 53, 54, 55, 63]
[00:00:00:03:991] ! Bidirectional. expansions: 467, time: 3,499 [ms], path length: 32 [edges], g_F: 17, g_B: 15, generated: 0, MM: 2, MMPER: 5.0606060606060606%
[00:00:00:03:991] 
---------- SM_Grids/8x8_grid_with_random_blocks_16per_8 ----------
[00:00:00:04:312] Path of length 32 found: [0, 8, 16, 17, 18, 10, 2, 3, 4, 5, 6, 7, 15, 23, 22, 21, 20, 28, 36, 35, 34, 33, 32, 40, 48, 49, 50, 51, 59, 60, 61, 62, 63]
[00:00:00:04:313] ! Unidirectional s-t. expansions: 556, time: 4,312 [ms], path length: 32 [edges], generated: 4,244
[00:00:00:00:437] Path of length 32 found: [63, 62, 61, 60, 59, 51, 50, 49, 48, 40, 32, 33, 34, 35, 36, 28, 29, 21, 22, 23, 15, 7, 6, 5, 4, 3, 11, 19, 18, 17, 9, 1, 0]
[00:00:00:00:437] ! Unidirectional t-s. expansions: 39, time: 437 [ms], path length: 32 [edges], generated: 325
[00:00:00:03:472] Path of length 32 found: [0, 8, 9, 17, 18, 19, 11, 3, 4, 5, 6, 7, 15, 23, 22, 21, 29, 28, 36, 35, 34, 33, 32, 40, 48, 49, 50, 51, 59, 60, 61, 62, 63]
[00:00:00:03:919] ! Bidirectional. expansions: 148, time: 3,472 [ms], path length: 32 [edges], g_F: 20, g_B: 12, generated: 0, MM: 8, MMPER: 23.242424242424242%
[00:00:00:03:920] 
---------- SM_Grids/8x8_grid_with_random_blocks_16per_9 ----------
[00:00:00:00:267] Path of length 30 found: [0, 1, 2, 3, 4, 5, 13, 21, 20, 28, 27, 26, 18, 17, 16, 24, 32, 33, 41, 42, 50, 51, 52, 44, 45, 37, 38, 39, 47, 55, 63]
[00:00:00:00:267] ! Unidirectional s-t. expansions: 27, time: 267 [ms], path length: 30 [edges], generated: 218
[00:00:00:00:542] Path of length 30 found: [63, 55, 47, 39, 38, 37, 45, 44, 52, 51, 50, 42, 41, 33, 32, 24, 16, 17, 18, 26, 27, 28, 20, 21, 13, 5, 4, 3, 2, 1, 0]
[00:00:00:00:543] ! Unidirectional t-s. expansions: 48, time: 542 [ms], path length: 30 [edges], generated: 420
[00:00:00:00:701] Path of length 30 found: [0, 1, 2, 3, 4, 5, 13, 21, 20, 28, 27, 26, 18, 17, 16, 24, 32, 33, 41, 42, 50, 51, 52, 44, 45, 37, 38, 39, 47, 55, 63]
[00:00:00:01:152] ! Bidirectional. expansions: 29, time: 701 [ms], path length: 30 [edges], g_F: 18, g_B: 12, generated: 0, MM: 6, MMPER: 18.35483870967742%

[00:00:00:01:152] average expansions: (242, 216, 289, 0)
[00:00:00:01:153] average time: (2,305, 2,037, 4,855, 0)
[00:00:00:01:153] XA*: 216 , 2,037 (expansions , time[ms])
[00:00:00:01:153] BiXA*: 289 , 4,855 (expansions , time[ms])

