------------------------------------
Thu 01 Oct 2026 17:37:55 IDT
SLURM_JOBID:		21953692
SLURM_JOB_NODELIST:	ise-cpu256-12
SLURM_SCRATCH_DIR:	/scratch/shubit/21953692
Allocated Resouces:	cpu - 2 / mem - 61440 MB / gpu - 
SLURM_GPU_INDEX:	
Running as shubit from shimony account with normal QOS
------------------------------------
Thu 01 Oct 2026 17:37:55 IDT

SLURM_JOBID:		 21953692
SLURM_JOB_NODELIST:	 ise-cpu256-12 

--------------------------
date: SM_Grids
number_of_graphs: 10
graph_type: grid
size_of_graphs: [8, 8]
heuristic: bcc_heuristic
snake: True
run_uni: True
run_bi: True
run_multi: False
solution_vertices: []
algorithms: ['XMM']
lookahead: 2
bsd: False
cube_first_dims: 4
cube_buffer_dim: None
backward_sym_generation: False
sym_coil: False
prefix_set: None

---------- SM_Grids/8x8_grid_with_random_blocks_8per_0 ----------
[00:00:00:16:481] Path of length 36 found: [0, 8, 9, 10, 2, 3, 4, 5, 6, 7, 15, 23, 22, 21, 20, 19, 27, 26, 25, 24, 32, 40, 41, 49, 57, 58, 59, 51, 43, 44, 36, 37, 38, 39, 47, 55, 63]
[00:00:00:16:482] ! Unidirectional s-t. expansions: 2,340, time: 16,481 [ms], path length: 36 [edges], generated: 10,803
[00:00:00:26:057] Path of length 36 found: [63, 62, 61, 53, 45, 46, 47, 39, 31, 23, 15, 7, 6, 5, 13, 21, 29, 28, 36, 35, 43, 51, 59, 58, 57, 49, 41, 40, 32, 24, 25, 26, 18, 10, 9, 8, 0]
[00:00:00:26:058] ! Unidirectional t-s. expansions: 3,565, time: 26,057 [ms], path length: 36 [edges], generated: 16,145
[00:00:00:00:431] Expansion 56: New longest path found with length 14: [0, 8, 16, 24, 32, 40, 41, 49, 57, 58, 59, 60, 61, 62, 63]. g_current=10, g_opposite=4, f_max=43, generated=98
[00:00:00:00:490] Expansion 68: New longest path found with length 16: [0, 8, 16, 24, 32, 40, 41, 49, 57, 58, 59, 60, 61, 53, 54, 55, 63]. g_current=12, g_opposite=4, f_max=43, generated=117
[00:00:00:00:559] Expansion 79: New longest path found with length 18: [0, 8, 16, 24, 32, 40, 41, 49, 57, 58, 59, 60, 61, 53, 45, 46, 47, 55, 63]. g_current=6, g_opposite=12, f_max=43, generated=137
[00:00:00:00:670] Expansion 102: New longest path found with length 20: [0, 8, 9, 17, 25, 24, 32, 40, 41, 49, 57, 58, 59, 60, 61, 53, 45, 46, 47, 55, 63]. g_current=8, g_opposite=12, f_max=43, generated=174
[00:00:00:00:898] Expansion 146: New longest path found with length 22: [0, 8, 9, 17, 25, 24, 32, 40, 41, 49, 57, 58, 59, 60, 61, 53, 45, 37, 38, 39, 47, 55, 63]. g_current=13, g_opposite=9, f_max=42, generated=248
[00:00:00:01:568] Expansion 275: New longest path found with length 34: [0, 8, 16, 24, 32, 40, 41, 49, 57, 58, 59, 51, 43, 35, 34, 26, 18, 10, 2, 3, 4, 5, 6, 7, 15, 23, 31, 39, 47, 46, 45, 53, 61, 62, 63]. g_current=17, g_opposite=17, f_max=42, generated=464
[00:00:00:05:348] Expansion 1,116: New longest path found with length 36: [0, 8, 9, 10, 2, 3, 4, 5, 6, 7, 15, 23, 22, 21, 20, 19, 27, 26, 25, 24, 32, 40, 41, 49, 57, 58, 59, 60, 61, 53, 45, 37, 38, 39, 47, 55, 63]. g_current=17, g_opposite=19, f_max=41, generated=1,940
[00:00:00:30:924] Path of length 36 found: [0, 8, 9, 10, 2, 3, 4, 5, 6, 7, 15, 23, 22, 21, 20, 19, 27, 26, 25, 24, 32, 40, 41, 49, 57, 58, 59, 60, 61, 53, 45, 37, 38, 39, 47, 55, 63]
[00:00:00:31:392] ! Bidirectional. expansions: 6,226, time: 30,924 [ms], path length: 36 [edges], g_F: 17, g_B: 19, generated: 11,416, MM: 2, MMPER: 4.405405405405405%
[00:00:00:31:393] 
---------- SM_Grids/8x8_grid_with_random_blocks_8per_1 ----------
[00:00:00:19:400] Path of length 36 found: [0, 1, 2, 3, 11, 12, 13, 5, 6, 7, 15, 23, 22, 30, 29, 28, 36, 35, 34, 26, 18, 17, 16, 24, 32, 40, 48, 49, 50, 51, 59, 60, 61, 53, 54, 55, 63]
[00:00:00:19:401] ! Unidirectional s-t. expansions: 2,470, time: 19,400 [ms], path length: 36 [edges], generated: 11,404
[00:00:00:19:691] Path of length 36 found: [63, 55, 54, 53, 61, 60, 59, 51, 50, 49, 41, 40, 32, 24, 16, 17, 18, 26, 34, 35, 36, 37, 38, 30, 31, 23, 15, 7, 6, 5, 13, 12, 11, 3, 2, 1, 0]
[00:00:00:19:692] ! Unidirectional t-s. expansions: 2,120, time: 19,691 [ms], path length: 36 [edges], generated: 11,225
[00:00:00:00:356] Expansion 57: New longest path found with length 14: [0, 1, 2, 3, 4, 12, 20, 28, 29, 37, 38, 46, 47, 55, 63]. g_current=6, g_opposite=8, f_max=44, generated=96
[00:00:00:00:426] Expansion 68: New longest path found with length 16: [0, 1, 2, 3, 4, 5, 6, 7, 15, 23, 31, 30, 38, 46, 47, 55, 63]. g_current=11, g_opposite=5, f_max=43, generated=115
[00:00:00:00:439] Expansion 70: New longest path found with length 18: [0, 1, 2, 3, 11, 12, 13, 5, 6, 7, 15, 23, 31, 30, 38, 46, 47, 55, 63]. g_current=12, g_opposite=6, f_max=43, generated=119
[00:00:00:00:586] Expansion 74: New longest path found with length 20: [0, 1, 2, 3, 11, 19, 20, 21, 13, 5, 6, 7, 15, 23, 31, 30, 38, 46, 47, 55, 63]. g_current=15, g_opposite=5, f_max=43, generated=126
[00:00:00:01:758] Expansion 281: New longest path found with length 22: [0, 8, 16, 17, 18, 10, 2, 3, 4, 5, 6, 7, 15, 23, 22, 21, 29, 37, 38, 46, 47, 55, 63]. g_current=13, g_opposite=9, f_max=42, generated=503
[00:00:00:02:186] Expansion 362: New longest path found with length 24: [0, 1, 2, 3, 4, 12, 20, 19, 18, 17, 16, 24, 32, 40, 48, 49, 50, 51, 59, 60, 61, 53, 54, 55, 63]. g_current=14, g_opposite=10, f_max=42, generated=650
[00:00:00:03:878] Expansion 712: New longest path found with length 26: [0, 1, 2, 3, 11, 12, 13, 5, 6, 7, 15, 23, 22, 30, 29, 28, 36, 44, 43, 51, 59, 60, 61, 53, 54, 55, 63]. g_current=17, g_opposite=9, f_max=41, generated=1,279
[00:00:00:04:086] Expansion 760: New longest path found with length 28: [0, 8, 16, 24, 32, 40, 48, 49, 50, 51, 52, 44, 36, 28, 20, 21, 13, 5, 6, 7, 15, 23, 31, 30, 38, 46, 47, 55, 63]. g_current=9, g_opposite=19, f_max=41, generated=1,363
[00:00:00:04:654] Expansion 869: New longest path found with length 30: [0, 8, 16, 24, 32, 40, 48, 49, 50, 51, 52, 44, 36, 37, 29, 21, 20, 12, 4, 5, 6, 7, 15, 23, 31, 39, 47, 46, 54, 62, 63]. g_current=20, g_opposite=10, f_max=40, generated=1,538
[00:00:00:06:589] Expansion 1,258: New longest path found with length 36: [0, 1, 2, 3, 11, 12, 13, 5, 6, 7, 15, 23, 22, 30, 29, 28, 36, 35, 34, 26, 18, 17, 16, 24, 32, 40, 41, 49, 50, 51, 59, 60, 61, 53, 54, 55, 63]. g_current=20, g_opposite=16, f_max=40, generated=2,268
[00:00:00:34:589] Path of length 36 found: [0, 1, 2, 3, 11, 12, 13, 5, 6, 7, 15, 23, 22, 30, 29, 28, 36, 35, 34, 26, 18, 17, 16, 24, 32, 40, 41, 49, 50, 51, 59, 60, 61, 53, 54, 55, 63]
[00:00:00:35:066] ! Bidirectional. expansions: 7,006, time: 34,589 [ms], path length: 36 [edges], g_F: 20, g_B: 16, generated: 12,456, MM: 4, MMPER: 9.81081081081081%
[00:00:00:35:066] 
---------- SM_Grids/8x8_grid_with_random_blocks_8per_2 ----------
[00:00:00:14:279] Path of length 36 found: [0, 1, 2, 3, 11, 12, 13, 5, 6, 7, 15, 23, 22, 30, 29, 37, 36, 35, 27, 26, 18, 17, 16, 24, 32, 40, 48, 56, 57, 58, 50, 51, 52, 53, 54, 62, 63]
[00:00:00:14:279] ! Unidirectional s-t. expansions: 1,776, time: 14,279 [ms], path length: 36 [edges], generated: 7,953
[00:00:00:11:966] Path of length 36 found: [63, 55, 54, 53, 52, 60, 59, 58, 57, 56, 48, 40, 32, 24, 16, 17, 18, 26, 34, 35, 36, 37, 38, 30, 31, 23, 15, 7, 6, 5, 13, 12, 11, 3, 2, 1, 0]
[00:00:00:11:967] ! Unidirectional t-s. expansions: 1,815, time: 11,967 [ms], path length: 36 [edges], generated: 7,587
[00:00:00:00:349] Expansion 51: New longest path found with length 16: [0, 1, 2, 3, 11, 12, 20, 21, 22, 30, 31, 39, 47, 46, 54, 62, 63]. g_current=8, g_opposite=8, f_max=43, generated=92
[00:00:00:00:378] Expansion 57: New longest path found with length 18: [0, 1, 2, 3, 11, 12, 13, 5, 6, 7, 15, 23, 31, 39, 47, 46, 54, 62, 63]. g_current=12, g_opposite=6, f_max=44, generated=101
[00:00:00:00:644] Expansion 104: New longest path found with length 20: [0, 1, 2, 3, 11, 12, 13, 5, 6, 7, 15, 23, 22, 30, 29, 37, 45, 46, 54, 55, 63]. g_current=14, g_opposite=6, f_max=43, generated=183
[00:00:00:01:433] Expansion 262: New longest path found with length 32: [0, 1, 2, 3, 11, 12, 13, 5, 6, 7, 15, 23, 22, 30, 29, 37, 36, 35, 43, 42, 41, 40, 48, 56, 57, 58, 59, 60, 52, 53, 54, 55, 63]. g_current=15, g_opposite=17, f_max=42, generated=429
[00:00:00:02:724] Expansion 521: New longest path found with length 34: [0, 1, 2, 10, 18, 17, 16, 24, 32, 40, 48, 56, 57, 58, 59, 60, 52, 44, 36, 37, 29, 21, 13, 5, 6, 7, 15, 23, 31, 39, 47, 46, 54, 62, 63]. g_current=16, g_opposite=18, f_max=41, generated=854
[00:00:00:04:752] Expansion 919: New longest path found with length 36: [0, 1, 2, 3, 11, 12, 13, 5, 6, 7, 15, 23, 22, 30, 29, 37, 36, 35, 27, 26, 18, 17, 16, 24, 32, 40, 48, 56, 57, 58, 59, 60, 52, 53, 54, 55, 63]. g_current=18, g_opposite=18, f_max=40, generated=1,543
[00:00:00:18:949] Path of length 36 found: [0, 1, 2, 3, 11, 12, 13, 5, 6, 7, 15, 23, 22, 30, 29, 37, 36, 35, 27, 26, 18, 17, 16, 24, 32, 40, 48, 56, 57, 58, 59, 60, 52, 53, 54, 55, 63]
[00:00:00:19:416] ! Bidirectional. expansions: 3,757, time: 18,949 [ms], path length: 36 [edges], g_F: 18, g_B: 18, generated: 6,558, MM: 0, MMPER: -1.0%
[00:00:00:19:417] 
---------- SM_Grids/8x8_grid_with_random_blocks_8per_3 ----------
[00:00:00:07:268] Path of length 38 found: [0, 8, 16, 17, 18, 10, 2, 3, 4, 5, 6, 14, 15, 23, 31, 39, 47, 46, 45, 37, 29, 28, 27, 35, 34, 33, 32, 40, 48, 56, 57, 58, 50, 51, 52, 60, 61, 62, 63]
[00:00:00:07:269] ! Unidirectional s-t. expansions: 809, time: 7,268 [ms], path length: 38 [edges], generated: 3,859
[00:00:00:09:099] Path of length 38 found: [63, 62, 61, 60, 52, 51, 50, 58, 57, 56, 48, 40, 32, 33, 34, 35, 27, 28, 29, 37, 45, 46, 47, 39, 31, 23, 15, 7, 6, 5, 4, 3, 2, 10, 18, 17, 16, 8, 0]
[00:00:00:09:100] ! Unidirectional t-s. expansions: 1,017, time: 9,099 [ms], path length: 38 [edges], generated: 4,560
[00:00:00:00:275] Expansion 48: New longest path found with length 20: [0, 8, 16, 17, 18, 10, 2, 3, 4, 5, 6, 7, 15, 23, 31, 39, 47, 46, 54, 62, 63]. g_current=10, g_opposite=10, f_max=43, generated=78
[00:00:00:00:488] Expansion 87: New longest path found with length 28: [0, 8, 16, 17, 18, 10, 2, 3, 4, 12, 20, 28, 27, 35, 34, 33, 32, 40, 48, 56, 57, 58, 50, 51, 52, 60, 61, 62, 63]. g_current=17, g_opposite=11, f_max=42, generated=148
[00:00:00:02:251] Expansion 437: New longest path found with length 36: [0, 8, 16, 17, 18, 10, 2, 3, 4, 5, 6, 7, 15, 23, 31, 39, 47, 46, 45, 37, 36, 35, 34, 33, 32, 40, 48, 56, 57, 58, 50, 51, 52, 60, 61, 62, 63]. g_current=19, g_opposite=17, f_max=41, generated=756
[00:00:00:02:713] Expansion 523: New longest path found with length 38: [0, 8, 16, 17, 18, 10, 2, 3, 4, 5, 6, 7, 15, 23, 31, 39, 47, 46, 45, 37, 29, 28, 27, 35, 34, 33, 32, 40, 48, 56, 57, 58, 50, 51, 52, 60, 61, 62, 63]. g_current=18, g_opposite=20, f_max=40, generated=918
[00:00:00:14:682] Path of length 38 found: [0, 8, 16, 17, 18, 10, 2, 3, 4, 5, 6, 7, 15, 23, 31, 39, 47, 46, 45, 37, 29, 28, 27, 35, 34, 33, 32, 40, 48, 56, 57, 58, 50, 51, 52, 60, 61, 62, 63]
[00:00:00:15:151] ! Bidirectional. expansions: 2,990, time: 14,682 [ms], path length: 38 [edges], g_F: 20, g_B: 18, generated: 5,096, MM: 2, MMPER: 4.128205128205129%
[00:00:00:15:152] 
---------- SM_Grids/8x8_grid_with_random_blocks_8per_4 ----------
[00:00:00:06:149] Path of length 36 found: [0, 8, 16, 24, 25, 33, 41, 40, 48, 56, 57, 58, 59, 60, 52, 44, 43, 35, 27, 19, 18, 10, 2, 3, 4, 12, 13, 14, 22, 30, 31, 39, 47, 46, 54, 62, 63]
[00:00:00:06:149] ! Unidirectional s-t. expansions: 564, time: 6,149 [ms], path length: 36 [edges], generated: 2,956
[00:00:00:05:040] Path of length 36 found: [63, 62, 54, 46, 47, 39, 31, 30, 22, 14, 13, 12, 4, 3, 2, 10, 18, 19, 27, 28, 36, 44, 52, 51, 59, 58, 57, 56, 48, 40, 41, 33, 25, 24, 16, 8, 0]
[00:00:00:05:041] ! Unidirectional t-s. expansions: 484, time: 5,041 [ms], path length: 36 [edges], generated: 2,690
[00:00:00:00:251] Expansion 41: New longest path found with length 18: [0, 1, 9, 17, 16, 24, 32, 40, 48, 56, 57, 58, 59, 60, 52, 53, 54, 55, 63]. g_current=6, g_opposite=12, f_max=41, generated=67
[00:00:00:00:541] Expansion 90: New longest path found with length 20: [0, 8, 16, 17, 25, 26, 34, 42, 41, 40, 48, 56, 57, 58, 59, 60, 52, 53, 54, 55, 63]. g_current=14, g_opposite=6, f_max=40, generated=156
[00:00:00:01:053] Expansion 206: New longest path found with length 22: [0, 8, 16, 17, 25, 26, 27, 35, 43, 42, 41, 40, 48, 56, 57, 58, 59, 60, 52, 53, 54, 55, 63]. g_current=6, g_opposite=16, f_max=40, generated=353
[00:00:00:02:003] Expansion 387: New longest path found with length 26: [0, 1, 9, 17, 16, 24, 32, 40, 48, 56, 57, 58, 59, 60, 52, 44, 36, 37, 29, 30, 31, 39, 47, 46, 54, 62, 63]. g_current=15, g_opposite=11, f_max=39, generated=678
[00:00:00:02:695] Expansion 504: New longest path found with length 34: [0, 8, 16, 24, 25, 26, 18, 10, 2, 3, 4, 12, 13, 14, 22, 30, 38, 37, 36, 35, 43, 42, 41, 40, 48, 56, 57, 58, 59, 60, 52, 53, 54, 55, 63]. g_current=18, g_opposite=16, f_max=38, generated=901
[00:00:00:04:239] Expansion 814: New longest path found with length 36: [0, 8, 16, 24, 25, 33, 41, 40, 48, 56, 57, 58, 59, 60, 52, 44, 43, 35, 27, 19, 18, 10, 2, 3, 4, 12, 13, 21, 22, 30, 31, 39, 47, 46, 54, 62, 63]. g_current=17, g_opposite=19, f_max=39, generated=1,492
[00:00:00:09:900] Path of length 36 found: [0, 8, 16, 24, 25, 33, 41, 40, 48, 56, 57, 58, 59, 60, 52, 44, 43, 35, 27, 19, 18, 10, 2, 3, 4, 12, 13, 21, 22, 30, 31, 39, 47, 46, 54, 62, 63]
[00:00:00:10:371] ! Bidirectional. expansions: 1,847, time: 9,900 [ms], path length: 36 [edges], g_F: 17, g_B: 19, generated: 3,392, MM: 2, MMPER: 4.405405405405405%
[00:00:00:10:371] 
---------- SM_Grids/8x8_grid_with_random_blocks_8per_5 ----------
[00:00:00:08:402] Path of length 38 found: [0, 1, 2, 3, 11, 12, 13, 5, 6, 7, 15, 23, 31, 39, 38, 37, 29, 28, 27, 26, 18, 17, 16, 24, 32, 40, 48, 56, 57, 58, 50, 42, 43, 44, 52, 53, 54, 55, 63]
[00:00:00:08:403] ! Unidirectional s-t. expansions: 834, time: 8,402 [ms], path length: 38 [edges], generated: 4,349
[00:00:00:05:727] Path of length 38 found: [63, 55, 54, 53, 61, 60, 59, 58, 57, 49, 48, 40, 32, 24, 16, 17, 18, 26, 34, 42, 43, 44, 36, 37, 38, 30, 31, 23, 15, 7, 6, 5, 13, 12, 11, 3, 2, 1, 0]
[00:00:00:05:728] ! Unidirectional t-s. expansions: 632, time: 5,728 [ms], path length: 38 [edges], generated: 3,070
[00:00:00:00:205] Expansion 27: New longest path found with length 16: [0, 1, 2, 3, 11, 12, 13, 5, 6, 7, 15, 23, 31, 39, 47, 55, 63]. g_current=11, g_opposite=5, f_max=45, generated=43
[00:00:00:00:212] Expansion 28: New longest path found with length 18: [0, 1, 2, 3, 11, 12, 13, 5, 6, 7, 15, 23, 22, 30, 38, 39, 47, 55, 63]. g_current=12, g_opposite=6, f_max=45, generated=45
[00:00:00:00:772] Expansion 124: New longest path found with length 20: [0, 1, 2, 3, 4, 5, 6, 7, 15, 23, 22, 21, 20, 28, 36, 37, 38, 39, 47, 55, 63]. g_current=12, g_opposite=8, f_max=44, generated=226
[00:00:00:01:124] Expansion 192: New longest path found with length 22: [0, 8, 16, 17, 18, 26, 27, 28, 20, 12, 13, 5, 6, 7, 15, 23, 22, 30, 38, 39, 47, 55, 63]. g_current=14, g_opposite=8, f_max=42, generated=343
[00:00:00:01:164] Expansion 200: New longest path found with length 32: [0, 1, 2, 3, 4, 5, 6, 7, 15, 23, 22, 21, 20, 28, 27, 26, 18, 17, 16, 24, 32, 40, 48, 56, 57, 58, 59, 60, 61, 53, 54, 55, 63]. g_current=17, g_opposite=15, f_max=42, generated=356
[00:00:00:01:498] Expansion 256: New longest path found with length 36: [0, 1, 2, 3, 11, 12, 13, 5, 6, 7, 15, 23, 22, 30, 38, 37, 36, 28, 27, 26, 18, 17, 16, 24, 32, 40, 48, 56, 57, 58, 59, 60, 61, 53, 54, 55, 63]. g_current=18, g_opposite=18, f_max=42, generated=459
[00:00:00:03:600] Expansion 682: New longest path found with length 38: [0, 1, 2, 3, 11, 12, 13, 5, 6, 7, 15, 23, 22, 30, 38, 37, 36, 44, 43, 42, 34, 26, 18, 17, 16, 24, 32, 40, 48, 56, 57, 58, 59, 60, 61, 53, 54, 55, 63]. g_current=21, g_opposite=17, f_max=41, generated=1,214
[00:00:00:11:999] Path of length 38 found: [0, 1, 2, 3, 11, 12, 13, 5, 6, 7, 15, 23, 22, 30, 38, 37, 36, 44, 43, 42, 34, 26, 18, 17, 16, 24, 32, 40, 48, 56, 57, 58, 59, 60, 61, 53, 54, 55, 63]
[00:00:00:12:480] ! Bidirectional. expansions: 2,229, time: 11,999 [ms], path length: 38 [edges], g_F: 17, g_B: 21, generated: 4,001, MM: 4, MMPER: 9.256410256410257%
[00:00:00:12:480] 
---------- SM_Grids/8x8_grid_with_random_blocks_8per_6 ----------
[00:00:00:36:454] Path of length 36 found: [0, 8, 9, 10, 2, 3, 4, 5, 6, 14, 15, 23, 31, 39, 38, 37, 29, 21, 20, 19, 27, 26, 25, 24, 32, 40, 48, 49, 50, 42, 43, 44, 52, 53, 61, 62, 63]
[00:00:00:36:455] ! Unidirectional s-t. expansions: 3,517, time: 36,454 [ms], path length: 36 [edges], generated: 19,465
[00:00:00:24:442] Path of length 36 found: [63, 62, 61, 53, 52, 44, 43, 42, 50, 49, 48, 40, 32, 33, 25, 26, 27, 19, 20, 21, 29, 37, 38, 39, 31, 23, 15, 14, 6, 5, 4, 3, 2, 10, 9, 8, 0]
[00:00:00:24:442] ! Unidirectional t-s. expansions: 2,442, time: 24,442 [ms], path length: 36 [edges], generated: 14,330
[00:00:00:00:435] Expansion 62: New longest path found with length 20: [0, 8, 9, 10, 2, 3, 4, 5, 6, 14, 15, 23, 31, 39, 47, 46, 45, 53, 61, 62, 63]. g_current=13, g_opposite=7, f_max=44, generated=115
[00:00:00:00:735] Expansion 111: New longest path found with length 22: [0, 8, 16, 17, 18, 10, 2, 3, 4, 5, 6, 14, 15, 23, 31, 39, 47, 46, 45, 53, 61, 62, 63]. g_current=7, g_opposite=15, f_max=45, generated=210
[00:00:00:01:897] Expansion 307: New longest path found with length 24: [0, 8, 16, 17, 25, 26, 27, 19, 11, 3, 4, 5, 6, 14, 15, 23, 31, 39, 47, 46, 45, 53, 61, 62, 63]. g_current=7, g_opposite=17, f_max=42, generated=567
[00:00:00:03:969] Expansion 658: New longest path found with length 26: [0, 8, 9, 10, 2, 3, 4, 12, 20, 19, 27, 26, 25, 24, 32, 40, 48, 49, 50, 42, 43, 44, 52, 53, 61, 62, 63]. g_current=11, g_opposite=15, f_max=41, generated=1,225
[00:00:00:05:366] Expansion 882: New longest path found with length 30: [0, 8, 16, 17, 25, 33, 32, 40, 48, 49, 50, 42, 43, 35, 36, 28, 29, 21, 13, 14, 15, 23, 31, 39, 47, 46, 45, 53, 61, 62, 63]. g_current=16, g_opposite=14, f_max=40, generated=1,654
[00:00:00:05:591] Expansion 930: New longest path found with length 32: [0, 8, 16, 17, 25, 33, 32, 40, 48, 49, 50, 42, 43, 35, 36, 37, 29, 21, 20, 12, 4, 5, 6, 14, 15, 23, 31, 39, 47, 46, 54, 62, 63]. g_current=18, g_opposite=14, f_max=40, generated=1,749
[00:00:00:07:149] Expansion 1,209: New longest path found with length 34: [0, 8, 9, 10, 2, 3, 4, 5, 6, 14, 15, 23, 31, 30, 29, 21, 20, 19, 27, 26, 25, 24, 32, 40, 48, 49, 50, 42, 43, 44, 52, 53, 61, 62, 63]. g_current=18, g_opposite=16, f_max=40, generated=2,275
[00:00:00:10:660] Expansion 1,879: New longest path found with length 36: [0, 8, 9, 10, 2, 3, 4, 5, 6, 14, 15, 23, 31, 39, 38, 37, 29, 21, 20, 19, 27, 26, 25, 24, 32, 40, 48, 49, 50, 42, 43, 44, 52, 53, 61, 62, 63]. g_current=16, g_opposite=20, f_max=39, generated=3,528
[00:00:00:51:577] Path of length 36 found: [0, 8, 9, 10, 2, 3, 4, 5, 6, 14, 15, 23, 31, 39, 38, 37, 29, 21, 20, 19, 27, 26, 25, 24, 32, 40, 48, 49, 50, 42, 43, 44, 52, 53, 61, 62, 63]
[00:00:00:52:044] ! Bidirectional. expansions: 9,395, time: 51,577 [ms], path length: 36 [edges], g_F: 20, g_B: 16, generated: 18,345, MM: 4, MMPER: 9.81081081081081%
[00:00:00:52:044] 
---------- SM_Grids/8x8_grid_with_random_blocks_8per_7 ----------
[00:00:00:09:448] Path of length 38 found: [0, 8, 16, 17, 18, 10, 2, 3, 4, 5, 6, 14, 22, 23, 31, 39, 47, 46, 45, 37, 29, 28, 27, 35, 34, 33, 32, 40, 48, 56, 57, 58, 50, 51, 52, 60, 61, 62, 63]
[00:00:00:09:449] ! Unidirectional s-t. expansions: 1,023, time: 9,448 [ms], path length: 38 [edges], generated: 5,185
[00:00:00:08:836] Path of length 38 found: [63, 62, 61, 60, 52, 51, 50, 58, 57, 56, 48, 40, 41, 33, 34, 35, 27, 28, 29, 37, 45, 46, 47, 39, 31, 23, 22, 14, 6, 5, 4, 3, 2, 10, 18, 17, 16, 8, 0]
[00:00:00:08:837] ! Unidirectional t-s. expansions: 930, time: 8,836 [ms], path length: 38 [edges], generated: 4,266
[00:00:00:00:250] Expansion 37: New longest path found with length 16: [0, 1, 2, 3, 4, 5, 6, 14, 22, 23, 31, 39, 47, 46, 54, 62, 63]. g_current=8, g_opposite=8, f_max=44, generated=66
[00:00:00:00:343] Expansion 53: New longest path found with length 18: [0, 1, 2, 10, 11, 12, 4, 5, 6, 14, 22, 23, 31, 39, 47, 46, 54, 62, 63]. g_current=8, g_opposite=10, f_max=43, generated=93
[00:00:00:00:581] Expansion 100: New longest path found with length 20: [0, 8, 16, 17, 18, 10, 2, 3, 4, 5, 6, 14, 22, 23, 31, 39, 47, 46, 54, 62, 63]. g_current=8, g_opposite=12, f_max=43, generated=169
[00:00:00:01:028] Expansion 187: New longest path found with length 22: [0, 8, 16, 17, 18, 10, 2, 3, 4, 5, 6, 14, 22, 23, 31, 39, 38, 46, 45, 53, 61, 62, 63]. g_current=9, g_opposite=13, f_max=42, generated=310
[00:00:00:01:269] Expansion 240: New longest path found with length 24: [0, 8, 16, 24, 32, 33, 34, 26, 27, 28, 20, 12, 4, 5, 6, 14, 22, 23, 31, 39, 47, 46, 54, 62, 63]. g_current=9, g_opposite=15, f_max=42, generated=394
[00:00:00:02:434] Expansion 465: New longest path found with length 26: [0, 1, 2, 10, 11, 12, 4, 5, 6, 14, 22, 23, 31, 39, 38, 37, 36, 44, 43, 51, 59, 60, 61, 53, 54, 55, 63]. g_current=15, g_opposite=11, f_max=41, generated=783
[00:00:00:02:454] Expansion 469: New longest path found with length 34: [0, 1, 2, 10, 11, 12, 4, 5, 6, 14, 22, 23, 31, 39, 38, 37, 29, 28, 27, 26, 25, 33, 41, 40, 48, 56, 57, 58, 50, 51, 52, 60, 61, 62, 63]. g_current=19, g_opposite=15, f_max=41, generated=790
[00:00:00:03:529] Expansion 678: New longest path found with length 36: [0, 1, 2, 10, 11, 12, 4, 5, 6, 14, 22, 23, 31, 39, 47, 46, 45, 37, 29, 28, 27, 35, 34, 33, 41, 40, 48, 56, 57, 58, 50, 51, 52, 60, 61, 62, 63]. g_current=16, g_opposite=20, f_max=40, generated=1,172
[00:00:00:12:172] Expansion 2,510: New longest path found with length 38: [0, 8, 16, 17, 18, 10, 2, 3, 4, 5, 6, 14, 22, 23, 31, 39, 47, 46, 45, 37, 29, 28, 27, 35, 34, 33, 41, 40, 48, 56, 57, 58, 50, 51, 52, 60, 61, 62, 63]. g_current=18, g_opposite=20, f_max=39, generated=4,322
[00:00:00:16:625] Path of length 38 found: [0, 8, 16, 17, 18, 10, 2, 3, 4, 5, 6, 14, 22, 23, 31, 39, 47, 46, 45, 37, 29, 28, 27, 35, 34, 33, 41, 40, 48, 56, 57, 58, 50, 51, 52, 60, 61, 62, 63]
[00:00:00:17:173] ! Bidirectional. expansions: 3,293, time: 16,626 [ms], path length: 38 [edges], g_F: 18, g_B: 20, generated: 5,817, MM: 2, MMPER: 4.128205128205129%
[00:00:00:17:174] 
---------- SM_Grids/8x8_grid_with_random_blocks_8per_8 ----------
[00:00:00:04:564] Path of length 38 found: [0, 1, 2, 3, 11, 19, 18, 17, 16, 24, 32, 33, 41, 49, 57, 58, 59, 51, 43, 35, 36, 28, 29, 21, 13, 5, 6, 7, 15, 23, 31, 39, 38, 46, 45, 53, 61, 62, 63]
[00:00:00:04:566] ! Unidirectional s-t. expansions: 483, time: 4,564 [ms], path length: 38 [edges], generated: 2,620
[00:00:00:10:932] Path of length 38 found: [63, 62, 61, 53, 45, 46, 47, 39, 31, 23, 15, 7, 6, 5, 13, 21, 29, 28, 36, 35, 43, 51, 59, 58, 57, 49, 41, 33, 32, 24, 16, 17, 18, 19, 11, 3, 2, 1, 0]
[00:00:00:10:932] ! Unidirectional t-s. expansions: 1,178, time: 10,932 [ms], path length: 38 [edges], generated: 5,913
[00:00:00:00:314] Expansion 50: New longest path found with length 16: [0, 1, 2, 3, 4, 5, 6, 7, 15, 23, 31, 39, 47, 46, 54, 62, 63]. g_current=4, g_opposite=12, f_max=45, generated=85
[00:00:00:00:329] Expansion 52: New longest path found with length 18: [0, 1, 2, 10, 11, 12, 13, 5, 6, 7, 15, 23, 31, 39, 47, 46, 54, 62, 63]. g_current=13, g_opposite=5, f_max=44, generated=89
[00:00:00:00:604] Expansion 104: New longest path found with length 20: [0, 1, 2, 10, 11, 19, 20, 21, 13, 5, 6, 7, 15, 23, 31, 39, 47, 46, 54, 62, 63]. g_current=6, g_opposite=14, f_max=44, generated=177
[00:00:00:01:049] Expansion 178: New longest path found with length 22: [0, 1, 2, 10, 11, 19, 20, 21, 13, 5, 6, 7, 15, 23, 31, 39, 47, 46, 45, 53, 61, 62, 63]. g_current=15, g_opposite=7, f_max=43, generated=316
[00:00:00:01:285] Expansion 225: New longest path found with length 24: [0, 1, 2, 10, 11, 19, 27, 28, 29, 21, 13, 5, 6, 7, 15, 23, 31, 39, 47, 46, 45, 53, 61, 62, 63]. g_current=6, g_opposite=18, f_max=43, generated=392
[00:00:00:02:773] Expansion 525: New longest path found with length 30: [0, 1, 9, 17, 16, 24, 32, 33, 41, 42, 43, 35, 36, 28, 29, 21, 13, 5, 6, 7, 15, 23, 31, 39, 47, 46, 45, 53, 61, 62, 63]. g_current=20, g_opposite=10, f_max=41, generated=907
[00:00:00:02:804] Expansion 531: New longest path found with length 32: [0, 1, 9, 17, 16, 24, 32, 33, 41, 49, 57, 58, 59, 51, 43, 35, 36, 28, 20, 21, 13, 5, 6, 7, 15, 23, 31, 30, 38, 46, 47, 55, 63]. g_current=19, g_opposite=13, f_max=41, generated=921
[00:00:00:03:103] Expansion 595: New longest path found with length 34: [0, 1, 2, 3, 11, 19, 18, 17, 16, 24, 32, 33, 41, 49, 57, 58, 59, 60, 61, 53, 45, 37, 29, 21, 13, 5, 6, 7, 15, 23, 31, 39, 47, 55, 63]. g_current=20, g_opposite=14, f_max=41, generated=1,049
[00:00:00:04:721] Expansion 917: New longest path found with length 36: [0, 1, 2, 3, 11, 19, 18, 17, 16, 24, 32, 33, 41, 49, 57, 58, 59, 51, 52, 44, 36, 37, 29, 21, 13, 5, 6, 7, 15, 23, 31, 39, 47, 46, 54, 62, 63]. g_current=15, g_opposite=21, f_max=42, generated=1,646
[00:00:00:04:984] Expansion 964: New longest path found with length 38: [0, 1, 2, 3, 11, 19, 18, 17, 16, 24, 32, 33, 41, 49, 57, 58, 59, 51, 43, 35, 36, 28, 29, 21, 13, 5, 6, 7, 15, 23, 31, 39, 47, 46, 45, 53, 61, 62, 63]. g_current=21, g_opposite=17, f_max=41, generated=1,736
[00:00:00:13:716] Path of length 38 found: [0, 1, 2, 3, 11, 19, 18, 17, 16, 24, 32, 33, 41, 49, 57, 58, 59, 51, 43, 35, 36, 28, 29, 21, 13, 5, 6, 7, 15, 23, 31, 39, 47, 46, 45, 53, 61, 62, 63]
[00:00:00:14:163] ! Bidirectional. expansions: 2,578, time: 13,716 [ms], path length: 38 [edges], g_F: 17, g_B: 21, generated: 4,883, MM: 4, MMPER: 9.256410256410257%
[00:00:00:14:163] 
---------- SM_Grids/8x8_grid_with_random_blocks_8per_9 ----------
[00:00:00:17:771] Path of length 36 found: [0, 8, 16, 24, 32, 40, 48, 56, 57, 58, 50, 42, 34, 35, 36, 28, 20, 19, 18, 10, 2, 3, 4, 5, 6, 14, 22, 30, 31, 39, 47, 46, 45, 53, 61, 62, 63]
[00:00:00:17:772] ! Unidirectional s-t. expansions: 2,172, time: 17,771 [ms], path length: 36 [edges], generated: 10,782
[00:00:00:17:099] Path of length 36 found: [63, 62, 61, 53, 45, 46, 47, 39, 31, 30, 22, 14, 6, 5, 4, 3, 2, 10, 18, 19, 20, 28, 36, 35, 43, 51, 59, 58, 57, 49, 48, 40, 32, 24, 16, 8, 0]
[00:00:00:17:099] ! Unidirectional t-s. expansions: 1,953, time: 17,099 [ms], path length: 36 [edges], generated: 9,456
[00:00:00:00:261] Expansion 40: New longest path found with length 14: [0, 8, 16, 24, 32, 33, 34, 35, 43, 51, 52, 53, 61, 62, 63]. g_current=5, g_opposite=9, f_max=43, generated=69
[00:00:00:00:281] Expansion 42: New longest path found with length 16: [0, 8, 16, 24, 32, 40, 48, 56, 57, 58, 50, 51, 52, 60, 61, 62, 63]. g_current=6, g_opposite=10, f_max=43, generated=74
[00:00:00:00:560] Expansion 91: New longest path found with length 18: [0, 8, 16, 24, 32, 40, 48, 56, 57, 58, 59, 60, 52, 53, 45, 46, 47, 55, 63]. g_current=13, g_opposite=5, f_max=43, generated=156
[00:00:00:00:821] Expansion 133: New longest path found with length 20: [0, 1, 2, 10, 18, 26, 25, 24, 32, 40, 48, 56, 57, 58, 50, 51, 52, 60, 61, 62, 63]. g_current=15, g_opposite=5, f_max=42, generated=242
[00:00:00:00:855] Expansion 139: New longest path found with length 24: [0, 8, 16, 24, 32, 40, 48, 56, 57, 58, 50, 42, 34, 35, 36, 37, 29, 30, 31, 39, 47, 46, 54, 62, 63]. g_current=10, g_opposite=14, f_max=42, generated=253
[00:00:00:01:380] Expansion 239: New longest path found with length 26: [0, 8, 16, 24, 32, 40, 48, 56, 57, 58, 50, 42, 34, 35, 36, 28, 29, 30, 31, 39, 47, 46, 45, 53, 61, 62, 63]. g_current=15, g_opposite=11, f_max=42, generated=406
[00:00:00:02:613] Expansion 460: New longest path found with length 28: [0, 8, 16, 24, 32, 40, 48, 56, 57, 58, 59, 51, 43, 42, 34, 26, 27, 28, 29, 30, 31, 39, 47, 46, 45, 53, 61, 62, 63]. g_current=17, g_opposite=11, f_max=41, generated=813
[00:00:00:03:937] Expansion 716: New longest path found with length 30: [0, 1, 2, 10, 18, 26, 25, 24, 32, 40, 48, 56, 57, 58, 50, 42, 43, 35, 36, 28, 29, 30, 31, 39, 47, 46, 45, 53, 61, 62, 63]. g_current=11, g_opposite=19, f_max=40, generated=1,283
[00:00:00:03:955] Expansion 719: New longest path found with length 34: [0, 8, 16, 24, 32, 40, 48, 56, 57, 58, 50, 51, 43, 35, 34, 26, 18, 10, 2, 3, 4, 12, 20, 28, 29, 30, 31, 39, 47, 46, 45, 53, 61, 62, 63]. g_current=13, g_opposite=21, f_max=40, generated=1,289
[00:00:00:09:612] Expansion 1,858: New longest path found with length 36: [0, 1, 2, 10, 18, 19, 20, 12, 4, 5, 6, 14, 22, 30, 31, 39, 47, 46, 45, 37, 36, 35, 34, 33, 32, 40, 48, 56, 57, 58, 50, 51, 52, 60, 61, 62, 63]. g_current=16, g_opposite=20, f_max=40, generated=3,362
[00:00:00:40:269] Path of length 36 found: [0, 1, 2, 10, 18, 19, 20, 12, 4, 5, 6, 14, 22, 30, 31, 39, 47, 46, 45, 37, 36, 35, 34, 33, 32, 40, 48, 56, 57, 58, 50, 51, 52, 60, 61, 62, 63]
[00:00:00:40:739] ! Bidirectional. expansions: 7,939, time: 40,270 [ms], path length: 36 [edges], g_F: 16, g_B: 20, generated: 14,625, MM: 4, MMPER: 9.81081081081081%

[00:00:00:40:740] average expansions: (1,599, 1,614, 4,726, 0)
[00:00:00:40:740] average time: (14,022, 13,889, 24,323, 0)
[00:00:00:40:740] XA*: 1,599 , 13,889 (expansions , time[ms])
[00:00:00:40:740] XMM: 4,726 , 24,323 (expansions , time[ms])

