------------------------------------
Thu 01 Oct 2026 12:52:04 IDT
SLURM_JOBID:		21944782
SLURM_JOB_NODELIST:	ise-cpu256-11
SLURM_SCRATCH_DIR:	/scratch/shubit/21944782
Allocated Resouces:	cpu - 2 / mem - 61440 MB / gpu - 
SLURM_GPU_INDEX:	
Running as shubit from shimony account with normal QOS
------------------------------------
Thu 01 Oct 2026 12:52:04 IDT

SLURM_JOBID:		 21944782
SLURM_JOB_NODELIST:	 ise-cpu256-11 

--------------------------
date: SM_Grids
number_of_graphs: 10
graph_type: grid
size_of_graphs: [8, 9]
heuristic: bcc_heuristic
snake: True
run_uni: True
run_bi: True
run_multi: False
solution_vertices: []
algorithms: ['IDA']
lookahead: 4
bsd: False
cube_first_dims: 4
cube_buffer_dim: None
backward_sym_generation: False
sym_coil: False
prefix_set: None

---------- SM_Grids/8x9_grid_with_random_blocks_16per_0 ----------
[00:00:00:18:096] Path of length 39 found: [0, 9, 10, 19, 28, 27, 36, 45, 54, 63, 64, 65, 56, 47, 38, 39, 30, 21, 12, 3, 4, 5, 6, 7, 16, 25, 24, 23, 32, 41, 50, 49, 58, 67, 68, 69, 60, 61, 62, 71]
[00:00:00:18:096] ! Unidirectional s-t. expansions: 672, time: 18,096 [ms], path length: 39 [edges], generated: 12,504
[00:00:00:12:939] Path of length 39 found: [71, 62, 61, 60, 69, 68, 67, 58, 49, 50, 41, 42, 33, 24, 25, 16, 7, 6, 5, 4, 3, 12, 21, 30, 39, 38, 47, 56, 65, 64, 63, 54, 45, 36, 27, 28, 19, 10, 1, 0]
[00:00:00:12:939] ! Unidirectional t-s. expansions: 472, time: 12,939 [ms], path length: 39 [edges], generated: 8,567
[00:00:00:16:262] Path of length 39 found: [0, 9, 10, 19, 28, 27, 36, 45, 54, 63, 64, 65, 56, 47, 38, 39, 30, 21, 12, 3, 4, 5, 6, 7, 16, 25, 34, 33, 42, 41, 50, 49, 58, 67, 68, 69, 60, 61, 62, 71]
[00:00:00:16:848] ! Bidirectional. expansions: 649, time: 16,262 [ms], path length: 39 [edges], g_F: 20, g_B: 19, generated: 0, MM: 1, MMPER: 1.5%
[00:00:00:16:848] 
---------- SM_Grids/8x9_grid_with_random_blocks_16per_1 ----------
[00:00:02:37:843] Path of length 29 found: [0, 9, 18, 27, 28, 29, 38, 47, 56, 57, 58, 49, 50, 41, 32, 31, 22, 13, 14, 15, 16, 17, 26, 35, 34, 43, 52, 61, 70, 71]
[00:00:02:37:844] ! Unidirectional s-t. expansions: 7,274, time: 157,843 [ms], path length: 29 [edges], generated: 130,983
[00:00:02:51:691] Path of length 29 found: [71, 70, 69, 60, 51, 52, 43, 44, 35, 26, 17, 16, 15, 14, 13, 22, 31, 40, 49, 58, 57, 56, 47, 38, 29, 20, 11, 2, 1, 0]
[00:00:02:51:691] ! Unidirectional t-s. expansions: 6,321, time: 171,691 [ms], path length: 29 [edges], generated: 113,838
[00:00:04:39:582] Path of length 29 found: [0, 1, 10, 19, 28, 29, 38, 47, 56, 57, 58, 49, 40, 31, 22, 13, 14, 15, 16, 17, 26, 35, 44, 53, 52, 51, 60, 69, 70, 71]
[00:00:04:40:100] ! Bidirectional. expansions: 9,062, time: 279,582 [ms], path length: 29 [edges], g_F: 15, g_B: 14, generated: 0, MM: 1, MMPER: 2.3333333333333335%
[00:00:04:40:101] 
---------- SM_Grids/8x9_grid_with_random_blocks_16per_2 ----------
[00:00:00:22:449] Path of length 39 found: [0, 9, 10, 11, 2, 3, 4, 5, 14, 15, 16, 17, 26, 35, 44, 43, 42, 33, 32, 31, 40, 39, 38, 29, 28, 27, 36, 45, 46, 55, 64, 65, 66, 57, 58, 59, 68, 69, 70, 71]
[00:00:00:22:449] ! Unidirectional s-t. expansions: 734, time: 22,449 [ms], path length: 39 [edges], generated: 12,910
[00:00:00:10:567] Path of length 39 found: [71, 70, 69, 68, 59, 58, 57, 66, 65, 64, 55, 46, 45, 36, 27, 28, 29, 38, 39, 40, 31, 32, 33, 42, 43, 44, 35, 26, 17, 16, 15, 14, 5, 4, 3, 2, 11, 10, 9, 0]
[00:00:00:10:568] ! Unidirectional t-s. expansions: 315, time: 10,567 [ms], path length: 39 [edges], generated: 5,477
[00:00:00:17:061] Path of length 39 found: [0, 9, 10, 11, 2, 3, 4, 5, 14, 15, 16, 17, 26, 35, 44, 43, 42, 33, 32, 31, 40, 39, 38, 29, 28, 27, 36, 45, 46, 55, 64, 65, 66, 57, 58, 59, 68, 69, 70, 71]
[00:00:00:17:568] ! Bidirectional. expansions: 386, time: 17,062 [ms], path length: 39 [edges], g_F: 20, g_B: 19, generated: 0, MM: 1, MMPER: 1.5%
[00:00:00:17:568] 
---------- SM_Grids/8x9_grid_with_random_blocks_16per_3 ----------
[00:00:00:04:276] Path of length 37 found: [0, 1, 2, 3, 4, 5, 14, 23, 24, 25, 34, 35, 44, 53, 52, 51, 42, 41, 40, 31, 30, 21, 20, 19, 28, 37, 46, 55, 64, 65, 66, 57, 58, 59, 68, 69, 70, 71]
[00:00:00:04:277] ! Unidirectional s-t. expansions: 200, time: 4,276 [ms], path length: 37 [edges], generated: 3,545
[00:00:00:17:092] Path of length 37 found: [71, 70, 69, 68, 59, 58, 57, 66, 65, 64, 55, 46, 37, 28, 19, 20, 21, 30, 39, 40, 41, 42, 51, 52, 53, 44, 35, 26, 25, 24, 23, 14, 5, 4, 3, 2, 1, 0]
[00:00:00:17:092] ! Unidirectional t-s. expansions: 432, time: 17,092 [ms], path length: 37 [edges], generated: 8,355
[00:00:00:06:195] Path of length 37 found: [0, 1, 2, 3, 4, 5, 14, 23, 24, 25, 34, 35, 44, 53, 52, 51, 42, 41, 40, 39, 30, 21, 20, 19, 28, 37, 46, 55, 64, 65, 66, 57, 58, 59, 68, 69, 70, 71]
[00:00:00:06:662] ! Bidirectional. expansions: 266, time: 6,195 [ms], path length: 37 [edges], g_F: 19, g_B: 18, generated: 0, MM: 1, MMPER: 1.6315789473684212%
[00:00:00:06:662] 
---------- SM_Grids/8x9_grid_with_random_blocks_16per_4 ----------
[00:00:00:44:791] Path of length 33 found: [0, 1, 10, 19, 18, 27, 36, 37, 38, 47, 48, 49, 40, 31, 30, 21, 12, 3, 4, 5, 6, 15, 24, 25, 34, 35, 44, 53, 52, 51, 60, 69, 70, 71]
[00:00:00:44:792] ! Unidirectional s-t. expansions: 1,142, time: 44,792 [ms], path length: 33 [edges], generated: 20,971
[00:00:01:51:665] Path of length 33 found: [71, 70, 69, 60, 51, 52, 53, 44, 35, 34, 25, 16, 7, 6, 5, 4, 3, 12, 21, 30, 31, 40, 49, 48, 47, 38, 37, 36, 27, 18, 19, 10, 1, 0]
[00:00:01:51:665] ! Unidirectional t-s. expansions: 3,763, time: 111,665 [ms], path length: 33 [edges], generated: 67,805
[00:00:01:55:210] Path of length 33 found: [0, 1, 10, 19, 18, 27, 36, 37, 38, 47, 48, 49, 40, 31, 30, 21, 12, 3, 4, 5, 6, 7, 16, 25, 34, 35, 44, 53, 52, 51, 60, 69, 70, 71]
[00:00:01:55:703] ! Bidirectional. expansions: 3,282, time: 115,210 [ms], path length: 33 [edges], g_F: 17, g_B: 16, generated: 0, MM: 1, MMPER: 1.9411764705882355%
[00:00:01:55:703] 
---------- SM_Grids/8x9_grid_with_random_blocks_16per_5 ----------
[00:00:00:12:169] Path of length 31 found: [0, 9, 18, 19, 28, 29, 30, 21, 22, 23, 24, 15, 6, 7, 8, 17, 26, 35, 34, 43, 42, 41, 40, 49, 48, 57, 66, 67, 68, 69, 70, 71]
[00:00:00:12:169] ! Unidirectional s-t. expansions: 366, time: 12,169 [ms], path length: 31 [edges], generated: 7,462
[00:00:00:27:486] Path of length 31 found: [71, 70, 69, 68, 67, 66, 57, 48, 49, 50, 51, 42, 43, 34, 35, 26, 17, 8, 7, 6, 15, 24, 23, 32, 31, 30, 21, 12, 11, 10, 9, 0]
[00:00:00:27:486] ! Unidirectional t-s. expansions: 679, time: 27,486 [ms], path length: 31 [edges], generated: 13,450
[00:00:00:16:993] Path of length 31 found: [0, 9, 18, 19, 20, 11, 12, 13, 22, 23, 24, 15, 6, 7, 8, 17, 26, 35, 34, 43, 42, 41, 40, 39, 48, 57, 58, 59, 60, 69, 70, 71]
[00:00:00:17:461] ! Bidirectional. expansions: 427, time: 16,993 [ms], path length: 31 [edges], g_F: 16, g_B: 15, generated: 0, MM: 1, MMPER: 2.125%
[00:00:00:17:462] 
---------- SM_Grids/8x9_grid_with_random_blocks_16per_6 ----------
[00:00:00:53:838] Path of length 25 found: [0, 1, 2, 11, 20, 19, 18, 27, 36, 45, 54, 63, 64, 65, 56, 57, 58, 49, 40, 41, 42, 51, 60, 61, 62, 71]
[00:00:00:53:839] ! Unidirectional s-t. expansions: 1,768, time: 53,839 [ms], path length: 25 [edges], generated: 28,172
[00:00:00:06:139] Path of length 25 found: [71, 62, 53, 52, 51, 60, 69, 68, 67, 58, 57, 56, 65, 64, 63, 54, 45, 36, 27, 18, 19, 20, 11, 2, 1, 0]
[00:00:00:06:139] ! Unidirectional t-s. expansions: 490, time: 6,139 [ms], path length: 25 [edges], generated: 5,627
[00:00:00:29:184] Path of length 25 found: [0, 1, 2, 11, 20, 19, 18, 27, 36, 37, 46, 55, 64, 65, 66, 67, 58, 49, 40, 41, 42, 51, 52, 53, 62, 71]
[00:00:00:29:751] ! Bidirectional. expansions: 948, time: 29,184 [ms], path length: 25 [edges], g_F: 13, g_B: 12, generated: 0, MM: 1, MMPER: 2.8461538461538463%
[00:00:00:29:752] 
---------- SM_Grids/8x9_grid_with_random_blocks_16per_7 ----------
[00:00:00:05:121] Path of length 37 found: [0, 1, 10, 19, 18, 27, 36, 45, 46, 47, 56, 57, 58, 67, 68, 69, 60, 51, 50, 41, 32, 31, 22, 21, 12, 3, 4, 5, 14, 15, 24, 25, 34, 43, 44, 53, 62, 71]
[00:00:00:05:122] ! Unidirectional s-t. expansions: 171, time: 5,121 [ms], path length: 37 [edges], generated: 3,219
[00:00:00:06:603] Path of length 37 found: [71, 62, 53, 44, 43, 34, 25, 24, 15, 6, 5, 4, 3, 12, 21, 30, 31, 32, 41, 50, 51, 60, 69, 68, 67, 58, 57, 48, 47, 38, 37, 36, 27, 18, 19, 10, 1, 0]
[00:00:00:06:604] ! Unidirectional t-s. expansions: 122, time: 6,604 [ms], path length: 37 [edges], generated: 1,992
[00:00:00:09:964] Path of length 37 found: [0, 1, 10, 19, 18, 27, 36, 45, 46, 47, 56, 57, 58, 67, 68, 69, 60, 51, 50, 41, 32, 31, 30, 21, 12, 3, 4, 5, 6, 15, 24, 25, 34, 43, 44, 53, 62, 71]
[00:00:00:10:436] ! Bidirectional. expansions: 323, time: 9,964 [ms], path length: 37 [edges], g_F: 19, g_B: 18, generated: 0, MM: 1, MMPER: 1.6315789473684212%
[00:00:00:10:436] 
---------- SM_Grids/8x9_grid_with_random_blocks_16per_8 ----------
[00:00:00:26:407] Path of length 35 found: [0, 9, 18, 27, 36, 45, 54, 63, 64, 65, 66, 67, 68, 59, 50, 49, 48, 39, 38, 29, 20, 11, 12, 13, 22, 23, 24, 25, 26, 35, 44, 43, 52, 61, 62, 71]
[00:00:00:26:408] ! Unidirectional s-t. expansions: 660, time: 26,407 [ms], path length: 35 [edges], generated: 12,253
[00:00:00:29:771] Path of length 35 found: [71, 62, 61, 52, 43, 44, 35, 26, 25, 24, 23, 22, 13, 12, 11, 20, 29, 38, 47, 48, 49, 50, 59, 68, 67, 66, 65, 64, 55, 54, 45, 36, 27, 18, 9, 0]
[00:00:00:29:771] ! Unidirectional t-s. expansions: 1,271, time: 29,771 [ms], path length: 35 [edges], generated: 22,285
[00:00:00:26:641] Path of length 35 found: [0, 9, 18, 27, 36, 45, 54, 63, 64, 65, 66, 67, 68, 59, 50, 49, 48, 39, 38, 29, 20, 11, 12, 13, 22, 23, 24, 25, 26, 35, 44, 43, 52, 61, 62, 71]
[00:00:00:27:112] ! Bidirectional. expansions: 669, time: 26,641 [ms], path length: 35 [edges], g_F: 18, g_B: 17, generated: 0, MM: 1, MMPER: 1.7777777777777777%
[00:00:00:27:112] 
---------- SM_Grids/8x9_grid_with_random_blocks_16per_9 ----------
[00:00:00:16:089] Path of length 35 found: [0, 1, 10, 19, 18, 27, 36, 45, 46, 47, 48, 57, 58, 59, 50, 41, 40, 31, 22, 21, 12, 3, 4, 5, 14, 15, 24, 33, 34, 35, 44, 53, 52, 61, 70, 71]
[00:00:00:16:089] ! Unidirectional s-t. expansions: 368, time: 16,089 [ms], path length: 35 [edges], generated: 8,359
[00:00:00:38:091] Path of length 35 found: [71, 62, 61, 52, 43, 44, 35, 26, 25, 24, 15, 6, 5, 4, 3, 12, 21, 22, 31, 32, 41, 50, 59, 58, 57, 48, 39, 38, 37, 36, 27, 18, 19, 10, 1, 0]
[00:00:00:38:092] ! Unidirectional t-s. expansions: 1,259, time: 38,092 [ms], path length: 35 [edges], generated: 21,207
[00:00:00:38:927] Path of length 35 found: [0, 1, 10, 19, 18, 27, 36, 45, 46, 47, 48, 57, 58, 59, 50, 41, 32, 31, 22, 21, 12, 3, 4, 5, 6, 15, 24, 25, 26, 35, 44, 43, 52, 61, 70, 71]
[00:00:00:39:903] ! Bidirectional. expansions: 1,274, time: 38,927 [ms], path length: 35 [edges], g_F: 18, g_B: 17, generated: 0, MM: 1, MMPER: 1.7777777777777777%

[00:00:00:39:903] average expansions: (1,336, 1,512, 1,729, 0)
[00:00:00:39:903] average time: (36,108, 43,205, 55,602, 0)
[00:00:00:39:903] XIDA: 1,336 , 36,108 (expansions , time[ms])
[00:00:00:39:903] BiXIDA: 1,729 , 55,602 (expansions , time[ms])

