------------------------------------
Thu 01 Oct 2026 12:47:09 IDT
SLURM_JOBID:		21944749
SLURM_JOB_NODELIST:	ise-cpu256-14
SLURM_SCRATCH_DIR:	/scratch/shubit/21944749
Allocated Resouces:	cpu - 2 / mem - 61440 MB / gpu - 
SLURM_GPU_INDEX:	
Running as shubit from shimony account with normal QOS
------------------------------------
Thu 01 Oct 2026 12:47:09 IDT

SLURM_JOBID:		 21944749
SLURM_JOB_NODELIST:	 ise-cpu256-14 

--------------------------
date: SM_Grids
number_of_graphs: 10
graph_type: grid
size_of_graphs: [8, 8]
heuristic: bcc_heuristic
snake: True
run_uni: True
run_bi: True
run_multi: False
solution_vertices: []
algorithms: ['IDA']
lookahead: 1
bsd: False
cube_first_dims: 4
cube_buffer_dim: None
backward_sym_generation: False
sym_coil: False
prefix_set: None

---------- SM_Grids/8x8_grid_with_random_blocks_12per_0 ----------
[00:00:00:04:209] Path of length 36 found: [0, 8, 16, 24, 25, 33, 41, 40, 48, 56, 57, 58, 50, 51, 52, 53, 45, 37, 36, 35, 27, 19, 18, 10, 2, 3, 4, 12, 13, 21, 22, 30, 31, 39, 47, 55, 63]
[00:00:00:04:209] ! Unidirectional s-t. expansions: 985, time: 4,209 [ms], path length: 36 [edges], generated: 1,578
[00:00:00:02:118] Path of length 36 found: [63, 55, 47, 39, 31, 30, 22, 14, 13, 12, 4, 3, 2, 10, 18, 19, 27, 28, 36, 37, 45, 53, 61, 60, 59, 58, 57, 56, 48, 40, 41, 33, 25, 24, 16, 8, 0]
[00:00:00:02:118] ! Unidirectional t-s. expansions: 524, time: 2,118 [ms], path length: 36 [edges], generated: 858
[00:00:00:10:954] Path of length 36 found: [0, 8, 16, 24, 25, 33, 41, 40, 48, 56, 57, 58, 50, 51, 52, 53, 45, 37, 36, 35, 27, 19, 18, 10, 2, 3, 4, 12, 13, 14, 22, 30, 31, 39, 47, 55, 63]
[00:00:00:11:410] ! Bidirectional. expansions: 1,245, time: 10,954 [ms], path length: 36 [edges], g_F: 16, g_B: 20, generated: 0, MM: 4, MMPER: 9.81081081081081%
[00:00:00:11:410] 
---------- SM_Grids/8x8_grid_with_random_blocks_12per_1 ----------
[00:00:00:21:582] Path of length 32 found: [0, 8, 9, 10, 2, 3, 4, 5, 6, 14, 22, 21, 20, 19, 27, 26, 25, 33, 41, 49, 50, 58, 59, 60, 52, 44, 36, 37, 38, 39, 47, 55, 63]
[00:00:00:21:582] ! Unidirectional s-t. expansions: 4,764, time: 21,582 [ms], path length: 32 [edges], generated: 8,674
[00:00:00:25:598] Path of length 32 found: [63, 55, 47, 39, 38, 37, 36, 44, 52, 60, 59, 58, 50, 49, 41, 33, 34, 26, 27, 19, 20, 21, 22, 14, 6, 5, 4, 3, 2, 10, 9, 8, 0]
[00:00:00:25:598] ! Unidirectional t-s. expansions: 6,860, time: 25,598 [ms], path length: 32 [edges], generated: 11,499
[00:00:02:05:989] Path of length 32 found: [0, 8, 9, 10, 2, 3, 4, 5, 6, 14, 22, 21, 20, 19, 27, 26, 25, 33, 41, 42, 50, 58, 59, 60, 52, 44, 36, 37, 38, 46, 54, 55, 63]
[00:00:02:06:420] ! Bidirectional. expansions: 14,736, time: 125,990 [ms], path length: 32 [edges], g_F: 18, g_B: 14, generated: 0, MM: 4, MMPER: 11.121212121212121%
[00:00:02:06:420] 
---------- SM_Grids/8x8_grid_with_random_blocks_12per_2 ----------
[00:00:00:04:920] Path of length 34 found: [0, 8, 16, 24, 32, 33, 34, 42, 50, 58, 59, 60, 52, 44, 36, 28, 27, 19, 18, 10, 2, 3, 4, 12, 13, 14, 15, 23, 31, 30, 38, 46, 54, 62, 63]
[00:00:00:04:921] ! Unidirectional s-t. expansions: 1,094, time: 4,920 [ms], path length: 34 [edges], generated: 1,856
[00:00:00:05:838] Path of length 34 found: [63, 55, 47, 46, 38, 30, 31, 23, 15, 14, 13, 5, 4, 3, 2, 10, 18, 19, 27, 28, 36, 44, 52, 60, 59, 58, 50, 42, 34, 33, 25, 24, 16, 8, 0]
[00:00:00:05:838] ! Unidirectional t-s. expansions: 1,289, time: 5,838 [ms], path length: 34 [edges], generated: 2,231
[00:00:00:27:850] Path of length 34 found: [0, 1, 2, 3, 4, 12, 13, 14, 15, 23, 31, 30, 29, 28, 27, 19, 18, 17, 16, 24, 32, 33, 34, 42, 50, 58, 59, 60, 52, 44, 45, 46, 47, 55, 63]
[00:00:00:28:276] ! Bidirectional. expansions: 3,222, time: 27,850 [ms], path length: 34 [edges], g_F: 26, g_B: 8, generated: 0, MM: 18, MMPER: 50.42857142857143%
[00:00:00:28:277] 
---------- SM_Grids/8x8_grid_with_random_blocks_12per_3 ----------
[00:00:00:49:269] Path of length 34 found: [0, 8, 16, 24, 32, 33, 41, 49, 57, 58, 59, 60, 52, 44, 43, 35, 27, 19, 18, 10, 2, 3, 4, 5, 6, 7, 15, 23, 22, 30, 38, 39, 47, 55, 63]
[00:00:00:49:269] ! Unidirectional s-t. expansions: 15,096, time: 49,269 [ms], path length: 34 [edges], generated: 23,349
[00:00:01:09:755] Path of length 34 found: [63, 62, 54, 46, 47, 39, 31, 30, 22, 14, 6, 5, 4, 12, 20, 19, 27, 35, 36, 44, 52, 60, 59, 58, 57, 49, 41, 33, 32, 24, 16, 17, 9, 1, 0]
[00:00:01:09:755] ! Unidirectional t-s. expansions: 22,370, time: 69,755 [ms], path length: 34 [edges], generated: 34,602
[00:00:03:40:353] Path of length 34 found: [0, 8, 16, 24, 32, 33, 41, 49, 57, 58, 59, 60, 52, 44, 43, 35, 27, 19, 18, 10, 2, 3, 4, 5, 6, 7, 15, 23, 22, 30, 38, 46, 54, 62, 63]
[00:00:03:40:786] ! Bidirectional. expansions: 34,879, time: 220,353 [ms], path length: 34 [edges], g_F: 31, g_B: 3, generated: 0, MM: 28, MMPER: 79.0%
[00:00:03:40:786] 
---------- SM_Grids/8x8_grid_with_random_blocks_12per_4 ----------
[00:00:00:17:139] Path of length 34 found: [0, 8, 16, 24, 25, 26, 18, 19, 11, 12, 4, 5, 6, 14, 22, 23, 31, 39, 38, 37, 36, 35, 43, 42, 41, 49, 57, 58, 59, 60, 52, 53, 54, 62, 63]
[00:00:00:17:139] ! Unidirectional s-t. expansions: 3,559, time: 17,139 [ms], path length: 34 [edges], generated: 6,398
[00:00:00:25:125] Path of length 34 found: [63, 55, 54, 53, 61, 60, 59, 58, 57, 49, 41, 42, 34, 35, 27, 28, 29, 37, 38, 39, 31, 23, 22, 14, 6, 5, 4, 12, 11, 10, 18, 17, 16, 8, 0]
[00:00:00:25:126] ! Unidirectional t-s. expansions: 4,613, time: 25,126 [ms], path length: 34 [edges], generated: 8,970
[00:00:01:09:831] Path of length 34 found: [0, 8, 16, 24, 25, 26, 18, 19, 20, 12, 4, 5, 6, 14, 22, 23, 31, 39, 38, 37, 36, 35, 43, 42, 41, 49, 57, 58, 59, 60, 61, 53, 54, 55, 63]
[00:00:01:10:329] ! Bidirectional. expansions: 6,883, time: 69,831 [ms], path length: 34 [edges], g_F: 27, g_B: 7, generated: 0, MM: 20, MMPER: 56.142857142857146%
[00:00:01:10:329] 
---------- SM_Grids/8x8_grid_with_random_blocks_12per_5 ----------
[00:00:00:31:663] Path of length 34 found: [0, 8, 9, 17, 25, 24, 32, 40, 41, 42, 50, 58, 59, 60, 52, 44, 45, 37, 29, 28, 27, 19, 11, 3, 4, 5, 13, 14, 22, 23, 31, 39, 47, 55, 63]
[00:00:00:31:663] ! Unidirectional s-t. expansions: 6,910, time: 31,663 [ms], path length: 34 [edges], generated: 11,860
[00:00:00:31:797] Path of length 34 found: [63, 55, 47, 46, 45, 53, 61, 60, 59, 51, 50, 42, 34, 33, 32, 24, 16, 17, 18, 19, 27, 28, 29, 30, 31, 23, 15, 14, 6, 5, 4, 3, 2, 1, 0]
[00:00:00:31:797] ! Unidirectional t-s. expansions: 6,886, time: 31,797 [ms], path length: 34 [edges], generated: 11,432
[00:00:01:48:408] Path of length 34 found: [0, 1, 2, 3, 4, 5, 13, 14, 15, 23, 31, 30, 29, 28, 20, 19, 18, 17, 16, 24, 32, 40, 41, 42, 50, 51, 59, 60, 61, 53, 45, 46, 47, 55, 63]
[00:00:01:48:918] ! Bidirectional. expansions: 12,860, time: 108,408 [ms], path length: 34 [edges], g_F: 25, g_B: 9, generated: 0, MM: 16, MMPER: 44.714285714285715%
[00:00:01:48:918] 
---------- SM_Grids/8x8_grid_with_random_blocks_12per_6 ----------
[00:00:00:25:101] Path of length 34 found: [0, 8, 9, 10, 2, 3, 4, 5, 6, 7, 15, 23, 22, 21, 20, 19, 27, 26, 25, 24, 32, 40, 48, 49, 50, 51, 43, 44, 36, 37, 38, 46, 54, 62, 63]
[00:00:00:25:102] ! Unidirectional s-t. expansions: 5,693, time: 25,101 [ms], path length: 34 [edges], generated: 9,569
[00:00:00:11:572] Path of length 34 found: [63, 62, 54, 46, 38, 37, 36, 44, 43, 42, 50, 49, 48, 40, 32, 24, 25, 26, 27, 19, 20, 21, 22, 23, 15, 7, 6, 5, 4, 3, 2, 10, 9, 8, 0]
[00:00:00:11:573] ! Unidirectional t-s. expansions: 2,373, time: 11,572 [ms], path length: 34 [edges], generated: 4,366
[00:00:00:59:497] Path of length 34 found: [0, 8, 9, 10, 2, 3, 4, 5, 6, 7, 15, 23, 22, 21, 20, 19, 27, 26, 25, 24, 32, 40, 48, 49, 50, 42, 43, 44, 36, 37, 38, 46, 54, 62, 63]
[00:00:00:59:981] ! Bidirectional. expansions: 6,538, time: 59,498 [ms], path length: 34 [edges], g_F: 25, g_B: 9, generated: 0, MM: 16, MMPER: 44.714285714285715%
[00:00:00:59:981] 
---------- SM_Grids/8x8_grid_with_random_blocks_12per_7 ----------
[00:00:00:15:098] Path of length 36 found: [0, 8, 16, 24, 25, 26, 18, 19, 20, 12, 13, 5, 6, 7, 15, 23, 22, 30, 38, 37, 36, 35, 43, 42, 41, 40, 48, 56, 57, 58, 59, 60, 52, 53, 54, 62, 63]
[00:00:00:15:098] ! Unidirectional s-t. expansions: 3,312, time: 15,098 [ms], path length: 36 [edges], generated: 5,451
[00:00:00:20:778] Path of length 36 found: [63, 55, 47, 39, 38, 30, 22, 23, 15, 7, 6, 5, 13, 12, 20, 19, 27, 26, 34, 42, 43, 44, 45, 53, 61, 60, 59, 58, 57, 49, 48, 40, 32, 24, 16, 8, 0]
[00:00:00:20:778] ! Unidirectional t-s. expansions: 5,027, time: 20,778 [ms], path length: 36 [edges], generated: 8,132
[00:00:00:53:628] Path of length 36 found: [0, 8, 9, 17, 25, 24, 32, 40, 48, 56, 57, 58, 59, 60, 61, 53, 45, 44, 36, 35, 27, 19, 20, 12, 13, 5, 6, 7, 15, 23, 22, 30, 38, 39, 47, 55, 63]
[00:00:00:54:298] ! Bidirectional. expansions: 5,893, time: 53,628 [ms], path length: 36 [edges], g_F: 19, g_B: 17, generated: 0, MM: 2, MMPER: 4.405405405405405%
[00:00:00:54:298] 
---------- SM_Grids/8x8_grid_with_random_blocks_12per_8 ----------
[00:00:00:12:567] Path of length 36 found: [0, 8, 16, 24, 32, 33, 41, 49, 57, 58, 59, 60, 52, 44, 43, 35, 27, 26, 18, 10, 2, 3, 4, 5, 6, 7, 15, 23, 22, 21, 29, 37, 38, 46, 47, 55, 63]
[00:00:00:12:568] ! Unidirectional s-t. expansions: 2,490, time: 12,567 [ms], path length: 36 [edges], generated: 4,439
[00:00:00:11:768] Path of length 36 found: [63, 55, 47, 39, 38, 30, 22, 23, 15, 7, 6, 5, 4, 12, 20, 28, 27, 35, 43, 44, 52, 60, 59, 58, 57, 49, 41, 33, 32, 24, 16, 17, 18, 10, 2, 1, 0]
[00:00:00:11:768] ! Unidirectional t-s. expansions: 2,578, time: 11,768 [ms], path length: 36 [edges], generated: 4,385
[00:00:00:47:640] Path of length 36 found: [0, 8, 16, 17, 18, 10, 2, 3, 4, 5, 6, 7, 15, 23, 22, 21, 20, 28, 27, 35, 34, 33, 41, 49, 57, 58, 59, 60, 52, 44, 45, 37, 38, 39, 47, 55, 63]
[00:00:00:48:112] ! Bidirectional. expansions: 5,195, time: 47,640 [ms], path length: 36 [edges], g_F: 24, g_B: 12, generated: 0, MM: 12, MMPER: 31.432432432432435%
[00:00:00:48:112] 
---------- SM_Grids/8x8_grid_with_random_blocks_12per_9 ----------
[00:00:00:33:853] Path of length 36 found: [0, 8, 9, 10, 11, 19, 20, 21, 13, 5, 6, 7, 15, 23, 31, 30, 38, 37, 36, 35, 34, 26, 25, 24, 32, 40, 48, 56, 57, 58, 50, 51, 52, 60, 61, 62, 63]
[00:00:00:33:854] ! Unidirectional s-t. expansions: 8,738, time: 33,853 [ms], path length: 36 [edges], generated: 13,406
[00:00:00:29:944] Path of length 36 found: [63, 55, 47, 46, 45, 53, 61, 60, 59, 51, 50, 49, 48, 40, 32, 24, 25, 26, 34, 35, 36, 28, 29, 30, 31, 23, 15, 7, 6, 5, 4, 12, 11, 10, 2, 1, 0]
[00:00:00:29:945] ! Unidirectional t-s. expansions: 6,975, time: 29,945 [ms], path length: 36 [edges], generated: 11,224
[00:00:01:41:470] Path of length 36 found: [0, 8, 9, 10, 11, 19, 20, 21, 13, 5, 6, 7, 15, 23, 31, 30, 38, 37, 36, 35, 34, 26, 25, 24, 32, 40, 48, 56, 57, 58, 50, 51, 52, 60, 61, 62, 63]
[00:00:01:41:960] ! Bidirectional. expansions: 12,612, time: 101,470 [ms], path length: 36 [edges], g_F: 18, g_B: 18, generated: 0, MM: 0, MMPER: -1.0%

[00:00:01:41:960] average expansions: (5,264, 5,950, 10,406, 0)
[00:00:01:41:960] average time: (21,540, 23,430, 82,562, 0)
[00:00:01:41:960] XIDA: 5,264 , 21,540 (expansions , time[ms])
[00:00:01:41:961] BiXIDA: 10,406 , 82,562 (expansions , time[ms])

