------------------------------------
Thu 01 Oct 2026 14:42:43 IDT
SLURM_JOBID:		21950288
SLURM_JOB_NODELIST:	ise-cpu256-31
SLURM_SCRATCH_DIR:	/scratch/shubit/21950288
Allocated Resouces:	cpu - 2 / mem - 61440 MB / gpu - 
SLURM_GPU_INDEX:	
Running as shubit from shimony account with normal QOS
------------------------------------
Thu 01 Oct 2026 14:42:43 IDT

SLURM_JOBID:		 21950288
SLURM_JOB_NODELIST:	 ise-cpu256-31 

--------------------------
date: SM_Grids
number_of_graphs: 10
graph_type: grid
size_of_graphs: [8, 9]
heuristic: bcc_heuristic
snake: True
run_uni: True
run_bi: True
run_multi: False
solution_vertices: []
algorithms: ['DFBnB']
lookahead: 4
bsd: False
cube_first_dims: 4
cube_buffer_dim: None
backward_sym_generation: False
sym_coil: False
prefix_set: None

---------- SM_Grids/8x9_grid_with_random_blocks_12per_0 ----------
[00:00:00:46:964] Path of length 41 found: [0, 9, 10, 11, 2, 3, 4, 13, 14, 15, 6, 7, 8, 17, 26, 25, 34, 33, 32, 31, 40, 39, 38, 29, 28, 27, 36, 45, 46, 55, 56, 57, 66, 67, 68, 59, 50, 51, 52, 61, 70, 71]
[00:00:00:46:964] ! Unidirectional s-t. expansions: 1,738, time: 46,964 [ms], path length: 41 [edges], generated: 39,768
[00:00:00:34:340] Path of length 41 found: [71, 62, 53, 52, 51, 60, 59, 68, 67, 66, 57, 56, 47, 46, 45, 36, 27, 28, 29, 30, 39, 40, 41, 32, 33, 34, 25, 26, 17, 8, 7, 6, 15, 14, 13, 4, 3, 2, 11, 10, 9, 0]
[00:00:00:34:340] ! Unidirectional t-s. expansions: 2,432, time: 34,340 [ms], path length: 41 [edges], generated: 32,551
[00:00:00:37:101] Path of length 41 found: [0, 9, 10, 11, 2, 3, 4, 13, 14, 15, 6, 7, 8, 17, 26, 25, 34, 33, 32, 31, 40, 39, 38, 29, 28, 27, 36, 45, 46, 55, 56, 57, 66, 67, 68, 59, 60, 51, 52, 53, 62, 71]
[00:00:00:37:658] ! Bidirectional. expansions: 2,082, time: 37,101 [ms], path length: 41 [edges], g_F: 21, g_B: 20, generated: 0, MM: 1, MMPER: 1.380952380952381%
[00:00:00:37:659] 
---------- SM_Grids/8x9_grid_with_random_blocks_12per_1 ----------
[00:00:00:51:093] Path of length 33 found: [0, 9, 10, 19, 20, 21, 12, 3, 4, 5, 6, 7, 8, 17, 26, 25, 24, 23, 32, 31, 40, 39, 48, 57, 58, 59, 50, 51, 42, 43, 44, 53, 62, 71]
[00:00:00:51:093] ! Unidirectional s-t. expansions: 1,569, time: 51,093 [ms], path length: 33 [edges], generated: 44,499
[00:00:00:56:653] Path of length 33 found: [71, 62, 53, 44, 43, 42, 51, 50, 59, 58, 57, 48, 39, 40, 31, 32, 23, 24, 25, 26, 17, 8, 7, 6, 5, 4, 3, 12, 21, 20, 19, 10, 1, 0]
[00:00:00:56:653] ! Unidirectional t-s. expansions: 4,285, time: 56,653 [ms], path length: 33 [edges], generated: 62,095
[00:00:00:15:217] Path of length 33 found: [0, 9, 10, 19, 20, 21, 12, 3, 4, 5, 6, 7, 8, 17, 26, 25, 24, 23, 32, 31, 40, 39, 48, 57, 58, 59, 50, 51, 42, 43, 44, 53, 62, 71]
[00:00:00:15:747] ! Bidirectional. expansions: 508, time: 15,217 [ms], path length: 33 [edges], g_F: 17, g_B: 16, generated: 0, MM: 1, MMPER: 1.9411764705882355%
[00:00:00:15:747] 
---------- SM_Grids/8x9_grid_with_random_blocks_12per_2 ----------
[00:00:00:08:512] Path of length 39 found: [0, 1, 2, 3, 12, 21, 20, 29, 38, 47, 46, 45, 54, 63, 64, 65, 66, 67, 68, 59, 50, 49, 40, 31, 32, 23, 24, 15, 6, 7, 8, 17, 26, 35, 34, 43, 52, 61, 70, 71]
[00:00:00:08:512] ! Unidirectional s-t. expansions: 375, time: 8,512 [ms], path length: 39 [edges], generated: 6,621
[00:00:00:18:548] Path of length 39 found: [71, 70, 61, 52, 53, 44, 35, 26, 17, 8, 7, 6, 15, 24, 23, 32, 31, 40, 49, 50, 59, 68, 67, 66, 65, 64, 63, 54, 45, 46, 47, 38, 29, 20, 21, 12, 3, 2, 1, 0]
[00:00:00:18:549] ! Unidirectional t-s. expansions: 1,440, time: 18,548 [ms], path length: 39 [edges], generated: 20,933
[00:00:00:19:984] Path of length 39 found: [0, 1, 2, 3, 12, 21, 20, 29, 38, 47, 46, 45, 54, 63, 64, 65, 66, 67, 68, 59, 50, 49, 40, 31, 32, 23, 24, 15, 6, 7, 8, 17, 26, 35, 44, 53, 52, 61, 70, 71]
[00:00:00:20:506] ! Bidirectional. expansions: 886, time: 19,984 [ms], path length: 39 [edges], g_F: 20, g_B: 19, generated: 0, MM: 1, MMPER: 1.5%
[00:00:00:20:506] 
---------- SM_Grids/8x9_grid_with_random_blocks_12per_3 ----------
[00:00:00:50:896] Path of length 37 found: [0, 9, 18, 27, 28, 37, 46, 45, 54, 63, 64, 65, 56, 57, 48, 39, 40, 31, 22, 21, 20, 11, 2, 3, 4, 5, 6, 7, 16, 25, 34, 43, 52, 51, 60, 69, 70, 71]
[00:00:00:50:897] ! Unidirectional s-t. expansions: 6,358, time: 50,897 [ms], path length: 37 [edges], generated: 60,654
[00:00:00:22:895] Path of length 37 found: [71, 70, 69, 60, 51, 52, 43, 34, 25, 16, 7, 6, 5, 4, 3, 2, 11, 20, 21, 30, 31, 40, 49, 58, 57, 66, 65, 64, 63, 54, 45, 46, 37, 28, 27, 18, 9, 0]
[00:00:00:22:896] ! Unidirectional t-s. expansions: 1,479, time: 22,895 [ms], path length: 37 [edges], generated: 24,198
[00:00:00:19:123] Path of length 37 found: [0, 9, 18, 27, 28, 37, 46, 45, 54, 63, 64, 65, 56, 57, 58, 59, 50, 41, 32, 31, 30, 21, 20, 11, 2, 3, 4, 5, 6, 7, 16, 25, 34, 43, 52, 61, 70, 71]
[00:00:00:19:618] ! Bidirectional. expansions: 1,998, time: 19,124 [ms], path length: 37 [edges], g_F: 19, g_B: 18, generated: 0, MM: 1, MMPER: 1.6315789473684212%
[00:00:00:19:618] 
---------- SM_Grids/8x9_grid_with_random_blocks_12per_4 ----------
[00:00:00:11:389] Path of length 39 found: [0, 9, 18, 27, 36, 37, 46, 55, 64, 65, 66, 57, 48, 39, 40, 31, 22, 21, 20, 11, 2, 3, 4, 5, 14, 15, 16, 25, 26, 35, 44, 43, 52, 51, 50, 59, 68, 69, 70, 71]
[00:00:00:11:390] ! Unidirectional s-t. expansions: 532, time: 11,389 [ms], path length: 39 [edges], generated: 9,494
[00:00:00:19:842] Path of length 39 found: [71, 70, 69, 68, 59, 50, 51, 52, 43, 34, 35, 26, 17, 16, 15, 14, 5, 4, 3, 2, 11, 20, 21, 22, 31, 40, 39, 48, 57, 66, 65, 64, 55, 46, 37, 28, 27, 18, 9, 0]
[00:00:00:19:842] ! Unidirectional t-s. expansions: 1,280, time: 19,842 [ms], path length: 39 [edges], generated: 21,159
[00:00:00:16:726] Path of length 39 found: [0, 9, 18, 27, 36, 37, 46, 55, 64, 65, 66, 57, 48, 39, 40, 31, 22, 21, 20, 11, 2, 3, 4, 5, 14, 15, 16, 17, 26, 35, 44, 43, 52, 51, 50, 59, 68, 69, 70, 71]
[00:00:00:17:224] ! Bidirectional. expansions: 1,145, time: 16,726 [ms], path length: 39 [edges], g_F: 20, g_B: 19, generated: 0, MM: 1, MMPER: 1.5%
[00:00:00:17:225] 
---------- SM_Grids/8x9_grid_with_random_blocks_12per_5 ----------
[00:00:00:11:924] Path of length 41 found: [0, 9, 18, 27, 28, 37, 46, 45, 54, 63, 64, 65, 66, 57, 58, 49, 40, 39, 30, 21, 20, 11, 2, 3, 4, 13, 14, 15, 6, 7, 8, 17, 26, 25, 34, 43, 42, 51, 60, 69, 70, 71]
[00:00:00:11:924] ! Unidirectional s-t. expansions: 757, time: 11,924 [ms], path length: 41 [edges], generated: 10,371
[00:00:00:25:389] Path of length 41 found: [71, 62, 53, 44, 35, 26, 17, 8, 7, 6, 15, 14, 13, 4, 3, 2, 11, 20, 21, 30, 39, 40, 41, 42, 51, 60, 59, 58, 57, 66, 65, 64, 63, 54, 45, 46, 37, 28, 27, 18, 9, 0]
[00:00:00:25:389] ! Unidirectional t-s. expansions: 1,431, time: 25,389 [ms], path length: 41 [edges], generated: 25,243
[00:00:00:11:884] Path of length 41 found: [0, 9, 18, 27, 28, 37, 46, 45, 54, 63, 64, 65, 66, 57, 58, 49, 40, 39, 30, 21, 20, 11, 2, 3, 4, 13, 14, 15, 6, 7, 8, 17, 26, 35, 44, 43, 42, 51, 60, 61, 62, 71]
[00:00:00:12:380] ! Bidirectional. expansions: 619, time: 11,884 [ms], path length: 41 [edges], g_F: 21, g_B: 20, generated: 0, MM: 1, MMPER: 1.380952380952381%
[00:00:00:12:380] 
---------- SM_Grids/8x9_grid_with_random_blocks_12per_6 ----------
[00:00:00:14:614] Path of length 39 found: [0, 1, 2, 3, 4, 13, 22, 21, 20, 19, 28, 37, 36, 45, 54, 63, 64, 65, 56, 47, 48, 39, 40, 41, 42, 33, 24, 15, 6, 7, 8, 17, 26, 35, 44, 53, 52, 61, 70, 71]
[00:00:00:14:614] ! Unidirectional s-t. expansions: 1,220, time: 14,614 [ms], path length: 39 [edges], generated: 16,933
[00:00:00:14:271] Path of length 39 found: [71, 70, 61, 52, 53, 44, 35, 26, 17, 8, 7, 6, 5, 14, 23, 24, 33, 42, 41, 40, 39, 48, 57, 66, 65, 64, 55, 54, 45, 36, 37, 28, 29, 20, 21, 12, 3, 2, 1, 0]
[00:00:00:14:272] ! Unidirectional t-s. expansions: 545, time: 14,271 [ms], path length: 39 [edges], generated: 11,849
[00:00:00:13:937] Path of length 39 found: [0, 1, 10, 19, 28, 37, 36, 45, 54, 63, 64, 65, 66, 57, 48, 39, 40, 41, 42, 33, 24, 23, 22, 21, 12, 3, 4, 5, 6, 7, 8, 17, 26, 35, 44, 53, 52, 61, 70, 71]
[00:00:00:14:449] ! Bidirectional. expansions: 717, time: 13,937 [ms], path length: 39 [edges], g_F: 20, g_B: 19, generated: 0, MM: 1, MMPER: 1.5%
[00:00:00:14:450] 
---------- SM_Grids/8x9_grid_with_random_blocks_12per_7 ----------
[00:00:00:10:562] Path of length 31 found: [0, 1, 2, 11, 20, 29, 30, 31, 22, 13, 4, 5, 6, 15, 16, 17, 26, 35, 34, 33, 42, 41, 50, 49, 58, 67, 68, 69, 60, 61, 62, 71]
[00:00:00:10:563] ! Unidirectional s-t. expansions: 525, time: 10,562 [ms], path length: 31 [edges], generated: 9,718
[00:00:00:19:787] Path of length 31 found: [71, 62, 61, 60, 69, 68, 67, 58, 49, 50, 41, 42, 43, 34, 35, 26, 17, 8, 7, 6, 15, 14, 23, 22, 31, 30, 29, 20, 11, 2, 1, 0]
[00:00:00:19:787] ! Unidirectional t-s. expansions: 972, time: 19,787 [ms], path length: 31 [edges], generated: 17,813
[00:00:00:08:409] Path of length 31 found: [0, 1, 2, 11, 20, 21, 22, 13, 4, 5, 6, 7, 16, 17, 26, 35, 34, 33, 32, 41, 40, 49, 58, 67, 68, 69, 60, 51, 52, 53, 62, 71]
[00:00:00:08:925] ! Bidirectional. expansions: 384, time: 8,409 [ms], path length: 31 [edges], g_F: 16, g_B: 15, generated: 0, MM: 1, MMPER: 2.125%
[00:00:00:08:925] 
---------- SM_Grids/8x9_grid_with_random_blocks_12per_8 ----------
[00:00:00:20:801] Path of length 41 found: [0, 1, 2, 3, 12, 21, 20, 19, 18, 27, 36, 45, 54, 55, 64, 65, 66, 57, 48, 39, 40, 31, 32, 23, 14, 5, 6, 7, 16, 25, 26, 35, 44, 53, 52, 51, 50, 59, 68, 69, 70, 71]
[00:00:00:20:801] ! Unidirectional s-t. expansions: 937, time: 20,801 [ms], path length: 41 [edges], generated: 16,541
[00:00:00:07:654] Path of length 41 found: [71, 70, 69, 68, 59, 50, 51, 52, 53, 44, 35, 26, 25, 16, 7, 6, 5, 14, 23, 32, 31, 40, 39, 48, 57, 66, 65, 64, 55, 46, 45, 36, 27, 28, 29, 20, 21, 12, 3, 2, 1, 0]
[00:00:00:07:655] ! Unidirectional t-s. expansions: 257, time: 7,654 [ms], path length: 41 [edges], generated: 6,237
[00:00:00:07:356] Path of length 41 found: [0, 1, 2, 3, 12, 21, 20, 19, 18, 27, 36, 45, 54, 55, 64, 65, 66, 57, 48, 39, 40, 31, 32, 23, 14, 5, 6, 7, 16, 25, 26, 35, 44, 53, 52, 51, 50, 59, 68, 69, 70, 71]
[00:00:00:07:853] ! Bidirectional. expansions: 482, time: 7,356 [ms], path length: 41 [edges], g_F: 21, g_B: 20, generated: 0, MM: 1, MMPER: 1.380952380952381%
[00:00:00:07:853] 
---------- SM_Grids/8x9_grid_with_random_blocks_12per_9 ----------
[00:00:00:29:482] Path of length 39 found: [0, 9, 18, 27, 28, 29, 38, 47, 46, 45, 54, 63, 64, 65, 66, 67, 58, 59, 50, 41, 32, 23, 22, 21, 12, 3, 4, 5, 6, 7, 16, 17, 26, 35, 34, 43, 52, 61, 70, 71]
[00:00:00:29:483] ! Unidirectional s-t. expansions: 2,635, time: 29,482 [ms], path length: 39 [edges], generated: 28,372
[00:00:01:20:713] Path of length 39 found: [71, 70, 61, 52, 53, 44, 35, 34, 25, 16, 7, 6, 5, 4, 3, 2, 11, 20, 21, 22, 31, 32, 41, 50, 59, 58, 67, 66, 65, 64, 63, 54, 45, 46, 37, 28, 27, 18, 9, 0]
[00:00:01:20:714] ! Unidirectional t-s. expansions: 5,636, time: 80,713 [ms], path length: 39 [edges], generated: 105,836
[00:00:01:06:637] Path of length 39 found: [0, 1, 10, 11, 20, 29, 30, 39, 48, 47, 46, 45, 54, 63, 64, 65, 66, 67, 58, 59, 50, 41, 32, 23, 22, 13, 4, 5, 6, 7, 8, 17, 26, 35, 34, 43, 52, 61, 62, 71]
[00:00:01:07:157] ! Bidirectional. expansions: 6,655, time: 66,637 [ms], path length: 39 [edges], g_F: 20, g_B: 19, generated: 0, MM: 1, MMPER: 1.5%

[00:00:01:07:157] average expansions: (1,665, 1,976, 1,548, 0)
[00:00:01:07:157] average time: (25,624, 30,009, 21,638, 0)
[00:00:01:07:158] XDFBnB: 1,665 , 25,624 (expansions , time[ms])
[00:00:01:07:158] BiXDFBnB: 1,548 , 21,638 (expansions , time[ms])

