------------------------------------
Thu 01 Oct 2026 14:39:36 IDT
SLURM_JOBID:		21950279
SLURM_JOB_NODELIST:	ise-cpu256-06
SLURM_SCRATCH_DIR:	/scratch/shubit/21950279
Allocated Resouces:	cpu - 2 / mem - 61440 MB / gpu - 
SLURM_GPU_INDEX:	
Running as shubit from shimony account with normal QOS
------------------------------------
Thu 01 Oct 2026 14:39:36 IDT

SLURM_JOBID:		 21950279
SLURM_JOB_NODELIST:	 ise-cpu256-06 

--------------------------
date: SM_Grids
number_of_graphs: 10
graph_type: grid
size_of_graphs: [8, 9]
heuristic: bcc_heuristic
snake: True
run_uni: True
run_bi: True
run_multi: False
solution_vertices: []
algorithms: ['DFBnB']
lookahead: 1
bsd: False
cube_first_dims: 4
cube_buffer_dim: None
backward_sym_generation: False
sym_coil: False
prefix_set: None

---------- SM_Grids/8x9_grid_with_random_blocks_8per_0 ----------
[00:00:00:24:535] Path of length 43 found: [0, 9, 18, 27, 36, 45, 54, 63, 64, 65, 56, 47, 38, 39, 30, 21, 20, 11, 2, 3, 4, 13, 14, 15, 6, 7, 8, 17, 26, 25, 34, 33, 32, 41, 50, 49, 58, 67, 68, 69, 60, 61, 62, 71]
[00:00:00:24:535] ! Unidirectional s-t. expansions: 5,621, time: 24,535 [ms], path length: 43 [edges], generated: 9,031
[00:00:00:28:342] Path of length 43 found: [71, 62, 61, 60, 69, 68, 67, 58, 49, 50, 41, 42, 43, 34, 25, 26, 17, 8, 7, 6, 5, 14, 23, 22, 31, 30, 39, 38, 47, 56, 65, 64, 63, 54, 45, 36, 27, 18, 19, 20, 11, 2, 1, 0]
[00:00:00:28:342] ! Unidirectional t-s. expansions: 6,145, time: 28,342 [ms], path length: 43 [edges], generated: 10,670
[00:00:01:45:574] Path of length 43 found: [0, 9, 18, 27, 36, 45, 54, 63, 64, 65, 56, 47, 38, 39, 30, 21, 20, 11, 2, 3, 4, 13, 14, 15, 6, 7, 8, 17, 26, 25, 34, 33, 32, 41, 50, 49, 58, 67, 68, 69, 60, 61, 62, 71]
[00:00:01:46:103] ! Bidirectional. expansions: 12,027, time: 105,574 [ms], path length: 43 [edges], g_F: 42, g_B: 1, generated: 0, MM: 41, MMPER: 92.18181818181819%
[00:00:01:46:103] 
---------- SM_Grids/8x9_grid_with_random_blocks_8per_1 ----------
[00:00:00:59:200] Path of length 43 found: [0, 9, 18, 27, 36, 45, 54, 63, 64, 65, 56, 47, 38, 29, 20, 11, 2, 3, 4, 13, 22, 23, 24, 15, 6, 7, 8, 17, 26, 35, 34, 43, 42, 41, 40, 49, 58, 67, 68, 69, 60, 61, 62, 71]
[00:00:00:59:200] ! Unidirectional s-t. expansions: 13,532, time: 59,200 [ms], path length: 43 [edges], generated: 22,267
[00:00:01:20:648] Path of length 43 found: [71, 62, 61, 60, 69, 68, 67, 58, 49, 48, 47, 56, 65, 64, 63, 54, 45, 36, 27, 18, 19, 20, 29, 30, 31, 22, 23, 24, 33, 42, 43, 44, 35, 26, 17, 8, 7, 6, 5, 4, 3, 2, 1, 0]
[00:00:01:20:649] ! Unidirectional t-s. expansions: 17,469, time: 80,648 [ms], path length: 43 [edges], generated: 30,641
[00:00:03:06:494] Path of length 43 found: [0, 9, 18, 27, 36, 45, 54, 63, 64, 65, 66, 67, 68, 59, 50, 49, 48, 39, 38, 29, 20, 11, 2, 3, 4, 13, 22, 31, 32, 33, 24, 15, 6, 7, 8, 17, 26, 35, 44, 43, 52, 61, 62, 71]
[00:00:03:06:976] ! Bidirectional. expansions: 21,605, time: 186,494 [ms], path length: 43 [edges], g_F: 16, g_B: 27, generated: 0, MM: 11, MMPER: 24.0%
[00:00:03:06:977] 
---------- SM_Grids/8x9_grid_with_random_blocks_8per_2 ----------
[00:00:01:25:545] Path of length 37 found: [0, 9, 18, 19, 20, 11, 2, 3, 4, 13, 22, 31, 30, 39, 38, 47, 56, 57, 58, 49, 50, 41, 42, 33, 24, 15, 6, 7, 8, 17, 26, 35, 44, 53, 52, 61, 70, 71]
[00:00:01:25:545] ! Unidirectional s-t. expansions: 15,505, time: 85,545 [ms], path length: 37 [edges], generated: 30,741
[00:00:01:15:842] Path of length 37 found: [71, 70, 69, 60, 51, 52, 43, 44, 35, 26, 17, 8, 7, 6, 5, 4, 13, 22, 23, 32, 41, 40, 49, 58, 57, 56, 47, 38, 37, 36, 27, 18, 19, 20, 11, 2, 1, 0]
[00:00:01:15:842] ! Unidirectional t-s. expansions: 14,445, time: 75,842 [ms], path length: 37 [edges], generated: 26,000
[00:00:06:19:874] Path of length 37 found: [0, 1, 2, 11, 20, 19, 18, 27, 36, 37, 38, 47, 56, 57, 58, 49, 40, 41, 32, 23, 22, 13, 4, 5, 6, 7, 8, 17, 26, 35, 44, 53, 52, 51, 60, 69, 70, 71]
[00:00:06:20:399] ! Bidirectional. expansions: 39,752, time: 379,875 [ms], path length: 37 [edges], g_F: 20, g_B: 17, generated: 0, MM: 3, MMPER: 6.894736842105263%
[00:00:06:20:399] 
---------- SM_Grids/8x9_grid_with_random_blocks_8per_3 ----------
[00:00:01:49:789] Path of length 41 found: [0, 1, 2, 3, 12, 13, 14, 5, 6, 7, 16, 25, 24, 33, 32, 31, 40, 49, 48, 47, 38, 29, 20, 19, 18, 27, 36, 45, 54, 63, 64, 65, 66, 67, 68, 59, 60, 51, 52, 53, 62, 71]
[00:00:01:49:789] ! Unidirectional s-t. expansions: 23,043, time: 109,789 [ms], path length: 41 [edges], generated: 40,003
[00:00:00:48:409] Path of length 41 found: [71, 62, 53, 52, 51, 60, 59, 68, 67, 66, 65, 64, 63, 54, 45, 36, 27, 18, 19, 20, 29, 38, 47, 48, 49, 40, 41, 32, 33, 24, 25, 16, 7, 6, 5, 14, 13, 12, 3, 2, 1, 0]
[00:00:00:48:409] ! Unidirectional t-s. expansions: 9,328, time: 48,409 [ms], path length: 41 [edges], generated: 16,351
[00:00:07:39:639] Path of length 41 found: [0, 1, 2, 3, 12, 13, 14, 5, 6, 7, 16, 25, 24, 33, 32, 31, 40, 49, 48, 47, 38, 29, 20, 19, 18, 27, 36, 45, 54, 55, 64, 65, 66, 67, 68, 59, 60, 51, 52, 53, 62, 71]
[00:00:07:40:174] ! Bidirectional. expansions: 47,921, time: 459,639 [ms], path length: 41 [edges], g_F: 26, g_B: 15, generated: 0, MM: 11, MMPER: 25.19047619047619%
[00:00:07:40:174] 
---------- SM_Grids/8x9_grid_with_random_blocks_8per_4 ----------
[00:00:02:12:715] Path of length 39 found: [0, 9, 18, 19, 28, 29, 38, 47, 46, 45, 54, 63, 64, 65, 66, 57, 58, 59, 50, 41, 40, 31, 22, 21, 12, 3, 4, 5, 14, 15, 16, 17, 26, 35, 34, 43, 52, 61, 70, 71]
[00:00:02:12:716] ! Unidirectional s-t. expansions: 25,005, time: 132,715 [ms], path length: 39 [edges], generated: 47,014
[00:00:01:55:576] Path of length 39 found: [71, 70, 69, 60, 51, 52, 43, 34, 35, 26, 17, 16, 15, 14, 5, 4, 3, 12, 21, 22, 31, 40, 49, 58, 67, 66, 65, 64, 63, 54, 45, 46, 47, 38, 29, 28, 19, 10, 1, 0]
[00:00:01:55:577] ! Unidirectional t-s. expansions: 23,781, time: 115,577 [ms], path length: 39 [edges], generated: 43,962
[00:00:07:24:795] Expansions: 50,000. F states: 51,938, B states: 40,180. Checks: 205,055)
[00:00:10:19:477] Path of length 39 found: [0, 9, 18, 19, 20, 11, 2, 3, 4, 13, 22, 23, 24, 15, 16, 17, 26, 35, 34, 43, 42, 41, 40, 39, 38, 37, 36, 45, 54, 63, 64, 65, 66, 67, 58, 59, 60, 69, 70, 71]
[00:00:10:20:005] ! Bidirectional. expansions: 68,003, time: 619,478 [ms], path length: 39 [edges], g_F: 24, g_B: 15, generated: 0, MM: 9, MMPER: 21.5%
[00:00:10:20:005] 
---------- SM_Grids/8x9_grid_with_random_blocks_8per_5 ----------
[00:00:00:43:295] Path of length 43 found: [0, 9, 18, 19, 20, 11, 2, 3, 4, 5, 6, 7, 16, 17, 26, 35, 44, 43, 42, 33, 24, 23, 22, 31, 40, 49, 48, 47, 38, 37, 36, 45, 54, 63, 64, 65, 66, 67, 68, 59, 60, 61, 70, 71]
[00:00:00:43:295] ! Unidirectional s-t. expansions: 13,089, time: 43,295 [ms], path length: 43 [edges], generated: 16,827
[00:00:00:42:391] Path of length 43 found: [71, 70, 61, 60, 59, 68, 67, 66, 65, 64, 63, 54, 45, 36, 37, 38, 47, 48, 49, 40, 31, 32, 33, 42, 43, 44, 35, 26, 17, 8, 7, 6, 15, 14, 13, 4, 3, 2, 11, 20, 19, 18, 9, 0]
[00:00:00:42:392] ! Unidirectional t-s. expansions: 8,328, time: 42,391 [ms], path length: 43 [edges], generated: 14,435
[00:00:05:34:746] Path of length 43 found: [0, 9, 18, 19, 20, 11, 2, 3, 4, 13, 14, 15, 6, 7, 8, 17, 26, 35, 44, 43, 42, 33, 32, 31, 40, 49, 48, 47, 38, 37, 36, 45, 54, 63, 64, 65, 66, 67, 68, 59, 60, 61, 70, 71]
[00:00:05:35:282] ! Bidirectional. expansions: 38,532, time: 334,746 [ms], path length: 43 [edges], g_F: 21, g_B: 22, generated: 0, MM: 1, MMPER: 1.272727272727273%
[00:00:05:35:283] 
---------- SM_Grids/8x9_grid_with_random_blocks_8per_6 ----------
[00:00:01:19:436] Path of length 39 found: [0, 1, 2, 11, 20, 19, 18, 27, 36, 37, 46, 55, 64, 65, 66, 57, 48, 39, 40, 41, 32, 23, 22, 13, 4, 5, 6, 7, 16, 25, 34, 35, 44, 53, 52, 51, 60, 69, 70, 71]
[00:00:01:19:437] ! Unidirectional s-t. expansions: 14,571, time: 79,436 [ms], path length: 39 [edges], generated: 26,838
[00:00:02:11:902] Path of length 39 found: [71, 62, 53, 52, 51, 60, 59, 58, 67, 66, 65, 64, 55, 46, 37, 36, 27, 18, 19, 20, 29, 30, 39, 40, 41, 32, 33, 34, 25, 16, 7, 6, 5, 14, 13, 12, 3, 2, 1, 0]
[00:00:02:11:902] ! Unidirectional t-s. expansions: 27,505, time: 131,902 [ms], path length: 39 [edges], generated: 49,874
[00:00:07:05:747] Path of length 39 found: [0, 1, 2, 11, 20, 19, 18, 27, 36, 37, 46, 55, 64, 65, 66, 57, 48, 39, 40, 41, 32, 23, 22, 13, 4, 5, 6, 7, 16, 25, 34, 35, 44, 53, 52, 51, 60, 69, 70, 71]
[00:00:07:06:271] ! Bidirectional. expansions: 42,760, time: 425,747 [ms], path length: 39 [edges], g_F: 15, g_B: 24, generated: 0, MM: 9, MMPER: 21.5%
[00:00:07:06:272] 
---------- SM_Grids/8x9_grid_with_random_blocks_8per_7 ----------
[00:00:02:20:713] Path of length 39 found: [0, 9, 18, 27, 28, 29, 20, 11, 2, 3, 4, 5, 6, 7, 8, 17, 26, 25, 24, 23, 22, 31, 40, 39, 48, 47, 46, 45, 54, 63, 64, 65, 66, 67, 58, 59, 60, 61, 70, 71]
[00:00:02:20:714] ! Unidirectional s-t. expansions: 34,000, time: 140,714 [ms], path length: 39 [edges], generated: 56,099
[00:00:03:24:913] Path of length 39 found: [71, 62, 61, 52, 43, 44, 35, 26, 17, 8, 7, 6, 5, 14, 13, 22, 31, 30, 39, 48, 49, 50, 59, 68, 67, 66, 65, 64, 63, 54, 45, 46, 37, 28, 19, 20, 11, 2, 1, 0]
[00:00:03:24:913] ! Unidirectional t-s. expansions: 49,936, time: 204,913 [ms], path length: 39 [edges], generated: 83,435
[00:00:07:07:398] Expansions: 50,000. F states: 45,928, B states: 41,343. Checks: 189,956)
[00:00:09:36:494] Path of length 39 found: [0, 9, 18, 27, 28, 29, 30, 39, 48, 47, 46, 45, 54, 63, 64, 65, 66, 67, 58, 59, 50, 41, 32, 23, 22, 13, 4, 5, 6, 7, 8, 17, 26, 35, 44, 43, 52, 61, 62, 71]
[00:00:09:37:047] ! Bidirectional. expansions: 66,953, time: 576,494 [ms], path length: 39 [edges], g_F: 24, g_B: 15, generated: 0, MM: 9, MMPER: 21.5%
[00:00:09:37:047] 
---------- SM_Grids/8x9_grid_with_random_blocks_8per_8 ----------
[00:00:00:46:253] Path of length 43 found: [0, 9, 18, 19, 20, 11, 2, 3, 4, 5, 6, 7, 8, 17, 26, 35, 34, 33, 24, 23, 22, 31, 30, 39, 38, 37, 36, 45, 54, 63, 64, 65, 56, 57, 58, 67, 68, 69, 60, 51, 52, 53, 62, 71]
[00:00:00:46:253] ! Unidirectional s-t. expansions: 9,568, time: 46,253 [ms], path length: 43 [edges], generated: 15,452
[00:00:00:51:121] Path of length 43 found: [71, 62, 53, 44, 43, 34, 25, 26, 17, 8, 7, 6, 15, 14, 13, 4, 3, 2, 11, 20, 21, 30, 31, 32, 41, 50, 51, 60, 69, 68, 67, 58, 57, 56, 65, 64, 63, 54, 45, 36, 27, 18, 9, 0]
[00:00:00:51:122] ! Unidirectional t-s. expansions: 11,268, time: 51,121 [ms], path length: 43 [edges], generated: 17,074
[00:00:03:42:090] Path of length 43 found: [0, 9, 18, 27, 36, 45, 54, 63, 64, 65, 56, 57, 58, 67, 68, 69, 60, 51, 50, 41, 32, 31, 30, 21, 20, 11, 2, 3, 4, 13, 14, 15, 6, 7, 8, 17, 26, 25, 34, 43, 44, 53, 62, 71]
[00:00:03:42:604] ! Bidirectional. expansions: 22,384, time: 222,090 [ms], path length: 43 [edges], g_F: 11, g_B: 32, generated: 0, MM: 21, MMPER: 46.72727272727273%
[00:00:03:42:604] 
---------- SM_Grids/8x9_grid_with_random_blocks_8per_9 ----------
[00:00:03:20:406] Path of length 39 found: [0, 9, 10, 11, 20, 21, 22, 13, 4, 5, 6, 7, 16, 25, 34, 33, 32, 41, 40, 49, 48, 47, 38, 37, 36, 45, 54, 63, 64, 65, 66, 67, 68, 59, 60, 51, 52, 53, 62, 71]
[00:00:03:20:406] ! Unidirectional s-t. expansions: 47,017, time: 200,406 [ms], path length: 39 [edges], generated: 79,979
[00:00:02:19:385] Path of length 39 found: [71, 70, 61, 52, 53, 44, 35, 34, 25, 16, 7, 6, 5, 14, 23, 32, 31, 40, 49, 50, 59, 68, 67, 66, 57, 56, 55, 54, 45, 36, 27, 18, 19, 20, 21, 12, 3, 2, 1, 0]
[00:00:02:19:385] ! Unidirectional t-s. expansions: 34,965, time: 139,385 [ms], path length: 39 [edges], generated: 59,088
[00:00:03:09:578] Expansions: 50,000. F states: 59,967, B states: 12,088. Checks: 129,650)
[00:00:09:37:271] Expansions: 100,000. F states: 114,897, B states: 44,632. Checks: 322,462)
[00:00:15:12:783] Path of length 39 found: [0, 9, 18, 27, 28, 37, 46, 45, 54, 63, 64, 65, 56, 57, 58, 59, 50, 41, 40, 31, 30, 21, 20, 11, 2, 3, 4, 13, 14, 15, 24, 25, 34, 35, 44, 53, 52, 61, 70, 71]
[00:00:15:13:304] ! Bidirectional. expansions: 137,949, time: 912,783 [ms], path length: 39 [edges], g_F: 31, g_B: 8, generated: 0, MM: 23, MMPER: 56.5%

[00:00:15:13:304] average expansions: (20,095, 20,317, 49,789, 0)
[00:00:15:13:304] average time: (92,189, 91,853, 422,292, 0)
[00:00:15:13:304] XDFBnB: 20,095 , 91,853 (expansions , time[ms])
[00:00:15:13:304] BiXDFBnB: 49,789 , 422,292 (expansions , time[ms])

