------------------------------------
Thu 01 Oct 2026 11:13:28 IDT
SLURM_JOBID:		21943021
SLURM_JOB_NODELIST:	ise-cpu256-27
SLURM_SCRATCH_DIR:	/scratch/shubit/21943021
Allocated Resouces:	cpu - 2 / mem - 61440 MB / gpu - 
SLURM_GPU_INDEX:	
Running as shubit from shimony account with normal QOS
------------------------------------
Thu 01 Oct 2026 11:13:28 IDT

SLURM_JOBID:		 21943021
SLURM_JOB_NODELIST:	 ise-cpu256-27 

--------------------------
date: SM_Grids
number_of_graphs: 10
graph_type: grid
size_of_graphs: [8, 8]
heuristic: bcc_heuristic
snake: True
run_uni: True
run_bi: True
run_multi: False
solution_vertices: []
algorithms: ['A']
lookahead: 3
bsd: False
cube_first_dims: 4
cube_buffer_dim: None
backward_sym_generation: False
sym_coil: False
prefix_set: None

---------- SM_Grids/8x8_grid_with_random_blocks_8per_0 ----------
[00:00:00:16:934] Path of length 36 found: [0, 8, 9, 10, 2, 3, 4, 5, 6, 7, 15, 23, 22, 21, 20, 19, 27, 26, 25, 24, 32, 40, 41, 49, 57, 58, 59, 51, 43, 44, 36, 37, 38, 39, 47, 55, 63]
[00:00:00:16:935] ! Unidirectional s-t. expansions: 1,621, time: 16,935 [ms], path length: 36 [edges], generated: 15,639
[00:00:00:26:660] Path of length 36 found: [63, 55, 47, 39, 38, 37, 45, 53, 61, 60, 59, 58, 57, 49, 41, 42, 34, 35, 27, 28, 20, 21, 22, 23, 15, 7, 6, 5, 4, 3, 2, 10, 18, 17, 16, 8, 0]
[00:00:00:26:660] ! Unidirectional t-s. expansions: 2,255, time: 26,660 [ms], path length: 36 [edges], generated: 22,688
[00:00:00:43:841] Path of length 36 found: [0, 8, 16, 24, 32, 40, 41, 49, 57, 58, 59, 60, 61, 53, 45, 44, 43, 35, 27, 26, 18, 10, 2, 3, 4, 5, 6, 7, 15, 23, 22, 30, 38, 39, 47, 55, 63]
[00:00:00:44:283] ! Bidirectional. expansions: 2,406, time: 43,842 [ms], path length: 36 [edges], g_F: 19, g_B: 17, generated: 0, MM: 2, MMPER: 4.405405405405405%
[00:00:00:44:283] 
---------- SM_Grids/8x8_grid_with_random_blocks_8per_1 ----------
[00:00:00:19:042] Path of length 36 found: [0, 1, 2, 3, 11, 12, 13, 5, 6, 7, 15, 23, 22, 30, 29, 28, 36, 35, 34, 26, 18, 17, 16, 24, 32, 40, 48, 49, 50, 51, 59, 60, 61, 53, 54, 55, 63]
[00:00:00:19:042] ! Unidirectional s-t. expansions: 1,585, time: 19,042 [ms], path length: 36 [edges], generated: 15,856
[00:00:00:20:488] Path of length 36 found: [63, 55, 54, 53, 61, 60, 59, 51, 50, 49, 41, 40, 32, 24, 16, 17, 18, 26, 34, 35, 36, 37, 38, 30, 31, 23, 15, 7, 6, 5, 13, 12, 11, 3, 2, 1, 0]
[00:00:00:20:489] ! Unidirectional t-s. expansions: 1,597, time: 20,488 [ms], path length: 36 [edges], generated: 16,862
[00:00:00:46:111] Path of length 36 found: [0, 1, 2, 3, 11, 12, 13, 5, 6, 7, 15, 23, 31, 39, 38, 37, 36, 35, 34, 26, 18, 17, 16, 24, 32, 40, 41, 49, 50, 51, 59, 60, 61, 53, 54, 55, 63]
[00:00:00:46:527] ! Bidirectional. expansions: 1,828, time: 46,111 [ms], path length: 36 [edges], g_F: 20, g_B: 16, generated: 0, MM: 4, MMPER: 9.81081081081081%
[00:00:00:46:527] 
---------- SM_Grids/8x8_grid_with_random_blocks_8per_2 ----------
[00:00:00:12:909] Path of length 36 found: [0, 1, 2, 3, 11, 12, 13, 5, 6, 7, 15, 23, 22, 30, 29, 37, 36, 35, 27, 26, 18, 17, 16, 24, 32, 40, 48, 56, 57, 58, 50, 51, 52, 53, 54, 62, 63]
[00:00:00:12:909] ! Unidirectional s-t. expansions: 1,154, time: 12,909 [ms], path length: 36 [edges], generated: 10,332
[00:00:00:11:434] Path of length 36 found: [63, 55, 54, 53, 52, 60, 59, 58, 57, 56, 48, 40, 32, 24, 16, 17, 18, 26, 34, 35, 36, 37, 38, 39, 31, 23, 15, 7, 6, 5, 13, 12, 11, 3, 2, 1, 0]
[00:00:00:11:434] ! Unidirectional t-s. expansions: 1,397, time: 11,434 [ms], path length: 36 [edges], generated: 10,817
[00:00:00:30:101] Path of length 36 found: [0, 1, 2, 3, 11, 12, 13, 5, 6, 7, 15, 23, 22, 30, 29, 37, 36, 35, 27, 26, 18, 17, 16, 24, 32, 40, 48, 56, 57, 58, 59, 60, 52, 53, 54, 55, 63]
[00:00:00:30:515] ! Bidirectional. expansions: 1,700, time: 30,101 [ms], path length: 36 [edges], g_F: 19, g_B: 17, generated: 0, MM: 2, MMPER: 4.405405405405405%
[00:00:00:30:515] 
---------- SM_Grids/8x8_grid_with_random_blocks_8per_3 ----------
[00:00:00:07:236] Path of length 38 found: [0, 8, 16, 17, 18, 10, 2, 3, 4, 5, 6, 7, 15, 23, 31, 39, 47, 46, 45, 37, 29, 28, 27, 35, 34, 33, 32, 40, 48, 56, 57, 58, 50, 51, 52, 60, 61, 62, 63]
[00:00:00:07:237] ! Unidirectional s-t. expansions: 579, time: 7,236 [ms], path length: 38 [edges], generated: 5,530
[00:00:00:09:755] Path of length 38 found: [63, 62, 61, 60, 52, 51, 50, 58, 57, 56, 48, 40, 32, 33, 34, 35, 27, 28, 29, 37, 45, 46, 47, 39, 31, 23, 15, 7, 6, 5, 4, 3, 2, 10, 18, 17, 16, 8, 0]
[00:00:00:09:755] ! Unidirectional t-s. expansions: 720, time: 9,755 [ms], path length: 38 [edges], generated: 7,043
[00:00:00:14:635] Path of length 38 found: [0, 8, 16, 17, 18, 10, 2, 3, 4, 5, 6, 14, 15, 23, 31, 39, 47, 46, 45, 37, 29, 28, 27, 35, 34, 33, 32, 40, 48, 56, 57, 58, 50, 51, 52, 60, 61, 62, 63]
[00:00:00:15:049] ! Bidirectional. expansions: 633, time: 14,635 [ms], path length: 38 [edges], g_F: 21, g_B: 17, generated: 0, MM: 4, MMPER: 9.256410256410257%
[00:00:00:15:049] 
---------- SM_Grids/8x8_grid_with_random_blocks_8per_4 ----------
[00:00:00:06:193] Path of length 36 found: [0, 8, 16, 24, 25, 33, 41, 40, 48, 56, 57, 58, 59, 60, 52, 44, 43, 35, 27, 19, 18, 10, 2, 3, 4, 12, 13, 14, 22, 30, 31, 39, 47, 46, 54, 62, 63]
[00:00:00:06:193] ! Unidirectional s-t. expansions: 392, time: 6,193 [ms], path length: 36 [edges], generated: 4,296
[00:00:00:05:338] Path of length 36 found: [63, 62, 54, 46, 47, 39, 31, 30, 22, 21, 13, 12, 4, 3, 2, 10, 18, 19, 27, 28, 36, 44, 52, 51, 59, 58, 57, 56, 48, 40, 41, 33, 25, 24, 16, 8, 0]
[00:00:00:05:339] ! Unidirectional t-s. expansions: 328, time: 5,338 [ms], path length: 36 [edges], generated: 3,955
[00:00:00:18:404] Path of length 36 found: [0, 8, 16, 24, 25, 33, 41, 40, 48, 56, 57, 58, 59, 60, 52, 44, 36, 28, 27, 19, 18, 10, 2, 3, 4, 12, 13, 14, 22, 30, 31, 39, 47, 46, 54, 62, 63]
[00:00:00:18:812] ! Bidirectional. expansions: 674, time: 18,404 [ms], path length: 36 [edges], g_F: 20, g_B: 16, generated: 0, MM: 4, MMPER: 9.81081081081081%
[00:00:00:18:812] 
---------- SM_Grids/8x8_grid_with_random_blocks_8per_5 ----------
[00:00:00:07:173] Path of length 38 found: [0, 1, 2, 3, 11, 12, 13, 5, 6, 7, 15, 23, 31, 39, 38, 37, 29, 28, 27, 26, 18, 17, 16, 24, 32, 40, 48, 56, 57, 58, 50, 42, 43, 44, 52, 53, 54, 55, 63]
[00:00:00:07:174] ! Unidirectional s-t. expansions: 517, time: 7,173 [ms], path length: 38 [edges], generated: 5,417
[00:00:00:05:249] Path of length 38 found: [63, 55, 54, 53, 61, 60, 59, 58, 57, 56, 48, 40, 32, 24, 16, 17, 18, 26, 34, 42, 43, 44, 36, 37, 38, 30, 31, 23, 15, 7, 6, 5, 13, 12, 11, 3, 2, 1, 0]
[00:00:00:05:249] ! Unidirectional t-s. expansions: 392, time: 5,249 [ms], path length: 38 [edges], generated: 3,916
[00:00:00:15:868] Path of length 38 found: [0, 1, 2, 3, 11, 12, 13, 5, 6, 7, 15, 23, 31, 39, 38, 37, 36, 44, 43, 42, 34, 26, 18, 17, 16, 24, 32, 40, 48, 56, 57, 58, 59, 60, 61, 53, 54, 55, 63]
[00:00:00:16:282] ! Bidirectional. expansions: 693, time: 15,868 [ms], path length: 38 [edges], g_F: 24, g_B: 14, generated: 0, MM: 10, MMPER: 24.641025641025642%
[00:00:00:16:282] 
---------- SM_Grids/8x8_grid_with_random_blocks_8per_6 ----------
[00:00:00:39:159] Path of length 36 found: [0, 8, 9, 10, 2, 3, 4, 5, 6, 14, 15, 23, 31, 39, 38, 37, 29, 21, 20, 19, 27, 26, 25, 24, 32, 40, 48, 49, 50, 42, 43, 44, 52, 53, 61, 62, 63]
[00:00:00:39:159] ! Unidirectional s-t. expansions: 2,430, time: 39,159 [ms], path length: 36 [edges], generated: 30,055
[00:00:00:25:985] Path of length 36 found: [63, 62, 61, 53, 52, 44, 43, 42, 50, 49, 48, 40, 32, 24, 25, 26, 27, 19, 20, 21, 29, 37, 38, 39, 31, 23, 15, 14, 6, 5, 4, 3, 2, 10, 9, 8, 0]
[00:00:00:25:986] ! Unidirectional t-s. expansions: 1,568, time: 25,985 [ms], path length: 36 [edges], generated: 21,103
[00:00:01:08:111] Path of length 36 found: [0, 8, 9, 10, 2, 3, 4, 5, 6, 14, 15, 23, 31, 39, 38, 37, 29, 21, 20, 19, 27, 26, 25, 24, 32, 40, 48, 49, 50, 42, 43, 44, 52, 53, 61, 62, 63]
[00:00:01:08:540] ! Bidirectional. expansions: 2,745, time: 68,111 [ms], path length: 36 [edges], g_F: 22, g_B: 14, generated: 0, MM: 8, MMPER: 20.62162162162162%
[00:00:01:08:540] 
---------- SM_Grids/8x8_grid_with_random_blocks_8per_7 ----------
[00:00:00:10:280] Path of length 38 found: [0, 8, 16, 17, 18, 10, 2, 3, 4, 5, 6, 14, 22, 23, 31, 39, 47, 46, 45, 37, 29, 28, 27, 35, 34, 33, 32, 40, 48, 56, 57, 58, 50, 51, 52, 60, 61, 62, 63]
[00:00:00:10:281] ! Unidirectional s-t. expansions: 702, time: 10,280 [ms], path length: 38 [edges], generated: 7,887
[00:00:00:09:625] Path of length 38 found: [63, 62, 61, 60, 52, 51, 50, 58, 57, 56, 48, 40, 41, 33, 34, 35, 27, 28, 29, 37, 45, 46, 47, 39, 31, 23, 22, 14, 6, 5, 4, 3, 2, 10, 18, 17, 16, 8, 0]
[00:00:00:09:626] ! Unidirectional t-s. expansions: 675, time: 9,626 [ms], path length: 38 [edges], generated: 6,655
[00:00:00:25:739] Path of length 38 found: [0, 8, 16, 17, 18, 10, 11, 12, 4, 5, 6, 14, 22, 23, 31, 39, 47, 46, 45, 37, 29, 28, 27, 35, 34, 33, 32, 40, 48, 56, 57, 58, 50, 51, 52, 60, 61, 62, 63]
[00:00:00:26:168] ! Bidirectional. expansions: 1,200, time: 25,739 [ms], path length: 38 [edges], g_F: 20, g_B: 18, generated: 0, MM: 2, MMPER: 4.128205128205129%
[00:00:00:26:168] 
---------- SM_Grids/8x8_grid_with_random_blocks_8per_8 ----------
[00:00:00:05:233] Path of length 38 found: [0, 1, 2, 3, 11, 19, 18, 17, 16, 24, 32, 33, 41, 49, 57, 58, 59, 51, 43, 35, 36, 28, 29, 21, 13, 5, 6, 7, 15, 23, 31, 39, 38, 46, 45, 53, 61, 62, 63]
[00:00:00:05:234] ! Unidirectional s-t. expansions: 348, time: 5,233 [ms], path length: 38 [edges], generated: 3,951
[00:00:00:11:088] Path of length 38 found: [63, 62, 61, 53, 45, 46, 47, 39, 31, 23, 15, 7, 6, 5, 13, 21, 29, 28, 36, 35, 43, 51, 59, 58, 57, 49, 41, 33, 32, 24, 16, 17, 18, 19, 11, 3, 2, 1, 0]
[00:00:00:11:089] ! Unidirectional t-s. expansions: 781, time: 11,088 [ms], path length: 38 [edges], generated: 8,300
[00:00:00:23:288] Path of length 38 found: [0, 1, 2, 3, 11, 19, 18, 17, 16, 24, 32, 33, 41, 49, 57, 58, 59, 51, 43, 35, 36, 28, 29, 21, 13, 5, 6, 7, 15, 23, 31, 39, 38, 46, 45, 53, 61, 62, 63]
[00:00:00:23:700] ! Bidirectional. expansions: 982, time: 23,288 [ms], path length: 38 [edges], g_F: 21, g_B: 17, generated: 0, MM: 4, MMPER: 9.256410256410257%
[00:00:00:23:700] 
---------- SM_Grids/8x8_grid_with_random_blocks_8per_9 ----------
[00:00:00:17:018] Path of length 36 found: [0, 8, 16, 24, 32, 40, 48, 56, 57, 58, 50, 42, 34, 35, 36, 28, 20, 19, 18, 10, 2, 3, 4, 5, 6, 14, 22, 30, 31, 39, 47, 46, 45, 53, 61, 62, 63]
[00:00:00:17:019] ! Unidirectional s-t. expansions: 1,439, time: 17,018 [ms], path length: 36 [edges], generated: 14,980
[00:00:00:17:359] Path of length 36 found: [63, 62, 61, 60, 52, 51, 50, 58, 57, 56, 48, 40, 32, 24, 25, 26, 34, 35, 36, 37, 45, 46, 47, 39, 31, 30, 22, 14, 6, 5, 4, 12, 11, 10, 2, 1, 0]
[00:00:00:17:360] ! Unidirectional t-s. expansions: 1,275, time: 17,359 [ms], path length: 36 [edges], generated: 13,729
[00:00:00:40:439] Path of length 36 found: [0, 1, 2, 3, 4, 5, 6, 14, 22, 30, 31, 39, 47, 46, 45, 37, 36, 28, 20, 19, 18, 26, 25, 24, 32, 40, 48, 56, 57, 58, 50, 51, 52, 60, 61, 62, 63]
[00:00:00:40:861] ! Bidirectional. expansions: 1,804, time: 40,439 [ms], path length: 36 [edges], g_F: 19, g_B: 17, generated: 0, MM: 2, MMPER: 4.405405405405405%

[00:00:00:40:861] average expansions: (1,077, 1,099, 1,466, 0)
[00:00:00:40:861] average time: (14,118, 14,298, 32,654, 0)
[00:00:00:40:861] XA*: 1,077 , 14,118 (expansions , time[ms])
[00:00:00:40:861] BiXA*: 1,466 , 32,654 (expansions , time[ms])

