------------------------------------
Thu 01 Oct 2026 14:50:32 IDT
SLURM_JOBID:		21950299
SLURM_JOB_NODELIST:	ise-cpu256-03
SLURM_SCRATCH_DIR:	/scratch/shubit/21950299
Allocated Resouces:	cpu - 2 / mem - 61440 MB / gpu - 
SLURM_GPU_INDEX:	
Running as shubit from shimony account with normal QOS
------------------------------------
Thu 01 Oct 2026 14:50:32 IDT

SLURM_JOBID:		 21950299
SLURM_JOB_NODELIST:	 ise-cpu256-03 

--------------------------
date: SM_Grids
number_of_graphs: 10
graph_type: grid
size_of_graphs: [8, 9]
heuristic: bcc_heuristic
snake: True
run_uni: True
run_bi: True
run_multi: False
solution_vertices: []
algorithms: ['DFBnB']
lookahead: 3
bsd: False
cube_first_dims: 4
cube_buffer_dim: None
backward_sym_generation: False
sym_coil: False
prefix_set: None

---------- SM_Grids/8x9_grid_with_random_blocks_20per_0 ----------
[00:00:00:00:820] Path of length 21 found: [0, 9, 18, 19, 20, 11, 2, 3, 4, 13, 14, 23, 32, 33, 34, 35, 44, 53, 52, 61, 70, 71]
[00:00:00:00:820] ! Unidirectional s-t. expansions: 70, time: 820 [ms], path length: 21 [edges], generated: 637
[00:00:00:07:004] Path of length 21 found: [71, 62, 61, 52, 43, 44, 35, 26, 25, 24, 15, 14, 5, 4, 3, 2, 11, 20, 19, 18, 9, 0]
[00:00:00:07:005] ! Unidirectional t-s. expansions: 2,365, time: 7,004 [ms], path length: 21 [edges], generated: 8,525
[00:00:00:03:117] Path of length 21 found: [0, 9, 18, 19, 20, 11, 2, 3, 4, 13, 14, 15, 24, 25, 26, 35, 44, 43, 52, 61, 70, 71]
[00:00:00:03:639] ! Bidirectional. expansions: 135, time: 3,117 [ms], path length: 21 [edges], g_F: 10, g_B: 11, generated: 0, MM: 1, MMPER: 3.545454545454546%
[00:00:00:03:639] 
---------- SM_Grids/8x9_grid_with_random_blocks_20per_1 ----------
[00:00:00:00:898] Path of length 35 found: [0, 9, 18, 19, 20, 11, 2, 3, 4, 13, 22, 31, 30, 39, 38, 47, 56, 65, 66, 67, 58, 49, 50, 41, 42, 33, 24, 25, 26, 35, 44, 53, 52, 61, 70, 71]
[00:00:00:00:898] ! Unidirectional s-t. expansions: 76, time: 898 [ms], path length: 35 [edges], generated: 676
[00:00:00:00:950] Path of length 35 found: [71, 70, 61, 52, 53, 44, 35, 26, 25, 24, 33, 42, 41, 50, 49, 58, 67, 66, 65, 56, 47, 38, 39, 30, 31, 22, 13, 4, 3, 2, 11, 20, 19, 18, 9, 0]
[00:00:00:00:950] ! Unidirectional t-s. expansions: 109, time: 950 [ms], path length: 35 [edges], generated: 898
[00:00:00:02:470] Path of length 35 found: [0, 9, 18, 19, 20, 11, 2, 3, 4, 13, 22, 31, 30, 39, 38, 47, 56, 65, 66, 67, 58, 49, 50, 41, 42, 33, 24, 25, 26, 35, 44, 53, 52, 61, 70, 71]
[00:00:00:02:978] ! Bidirectional. expansions: 95, time: 2,470 [ms], path length: 35 [edges], g_F: 19, g_B: 16, generated: 0, MM: 3, MMPER: 7.333333333333334%
[00:00:00:02:978] 
---------- SM_Grids/8x9_grid_with_random_blocks_20per_2 ----------
[00:00:00:03:082] Path of length 29 found: [0, 9, 10, 19, 28, 29, 30, 31, 22, 13, 14, 15, 16, 25, 34, 43, 42, 41, 50, 49, 48, 47, 56, 65, 66, 67, 68, 69, 70, 71]
[00:00:00:03:082] ! Unidirectional s-t. expansions: 234, time: 3,082 [ms], path length: 29 [edges], generated: 2,687
[00:00:00:01:138] Path of length 29 found: [71, 70, 69, 60, 51, 52, 43, 34, 25, 16, 15, 14, 13, 22, 31, 40, 49, 58, 67, 66, 65, 56, 47, 46, 37, 28, 19, 10, 1, 0]
[00:00:00:01:138] ! Unidirectional t-s. expansions: 116, time: 1,138 [ms], path length: 29 [edges], generated: 890
[00:00:00:07:391] Path of length 29 found: [0, 9, 10, 19, 20, 29, 38, 47, 56, 65, 66, 67, 58, 49, 40, 31, 22, 13, 14, 15, 16, 25, 34, 43, 52, 51, 60, 69, 70, 71]
[00:00:00:07:882] ! Bidirectional. expansions: 632, time: 7,391 [ms], path length: 29 [edges], g_F: 19, g_B: 10, generated: 0, MM: 9, MMPER: 29.0%
[00:00:00:07:882] 
---------- SM_Grids/8x9_grid_with_random_blocks_20per_3 ----------
[00:00:00:01:889] Path of length 33 found: [0, 1, 10, 11, 12, 3, 4, 5, 6, 7, 8, 17, 26, 25, 24, 23, 22, 31, 40, 39, 38, 47, 56, 65, 66, 67, 58, 59, 60, 51, 52, 53, 62, 71]
[00:00:00:01:889] ! Unidirectional s-t. expansions: 199, time: 1,889 [ms], path length: 33 [edges], generated: 1,653
[00:00:00:06:486] Path of length 33 found: [71, 62, 53, 52, 51, 60, 69, 68, 67, 58, 57, 56, 47, 38, 39, 40, 31, 32, 23, 24, 25, 26, 17, 8, 7, 6, 5, 4, 3, 12, 11, 10, 1, 0]
[00:00:00:06:486] ! Unidirectional t-s. expansions: 1,245, time: 6,486 [ms], path length: 33 [edges], generated: 7,549
[00:00:00:11:601] Path of length 33 found: [0, 1, 2, 11, 12, 13, 4, 5, 6, 7, 8, 17, 26, 25, 24, 23, 32, 31, 40, 39, 38, 47, 56, 57, 58, 67, 68, 69, 60, 51, 52, 53, 62, 71]
[00:00:00:12:091] ! Bidirectional. expansions: 532, time: 11,601 [ms], path length: 33 [edges], g_F: 18, g_B: 15, generated: 0, MM: 3, MMPER: 7.8235294117647065%
[00:00:00:12:091] 
---------- SM_Grids/8x9_grid_with_random_blocks_20per_4 ----------
[00:00:00:02:126] Path of length 27 found: [0, 9, 10, 19, 20, 21, 22, 13, 4, 5, 6, 7, 8, 17, 26, 35, 34, 33, 32, 41, 40, 49, 58, 59, 68, 69, 70, 71]
[00:00:00:02:127] ! Unidirectional s-t. expansions: 494, time: 2,126 [ms], path length: 27 [edges], generated: 2,349
[00:00:00:01:093] Path of length 27 found: [71, 62, 61, 60, 59, 58, 49, 40, 41, 32, 33, 34, 35, 26, 17, 8, 7, 6, 5, 4, 13, 22, 21, 20, 11, 10, 1, 0]
[00:00:00:01:093] ! Unidirectional t-s. expansions: 130, time: 1,093 [ms], path length: 27 [edges], generated: 931
[00:00:00:04:514] Path of length 27 found: [0, 9, 10, 19, 20, 21, 22, 13, 4, 5, 6, 7, 8, 17, 26, 35, 34, 33, 32, 41, 40, 49, 58, 59, 60, 61, 62, 71]
[00:00:00:05:000] ! Bidirectional. expansions: 247, time: 4,514 [ms], path length: 27 [edges], g_F: 18, g_B: 9, generated: 0, MM: 9, MMPER: 31.142857142857146%
[00:00:00:05:000] 
---------- SM_Grids/8x9_grid_with_random_blocks_20per_5 ----------
[00:00:00:02:275] Path of length 29 found: [0, 9, 18, 27, 36, 45, 54, 55, 56, 47, 38, 29, 20, 11, 12, 13, 22, 31, 32, 33, 24, 15, 16, 17, 26, 35, 44, 53, 62, 71]
[00:00:00:02:275] ! Unidirectional s-t. expansions: 293, time: 2,275 [ms], path length: 29 [edges], generated: 2,211
[00:00:00:03:354] Path of length 29 found: [71, 62, 53, 44, 43, 42, 33, 24, 15, 6, 5, 4, 13, 22, 31, 40, 39, 38, 47, 56, 55, 54, 45, 36, 27, 18, 19, 10, 1, 0]
[00:00:00:03:354] ! Unidirectional t-s. expansions: 308, time: 3,354 [ms], path length: 29 [edges], generated: 3,056
[00:00:00:08:584] Path of length 29 found: [0, 1, 10, 19, 18, 27, 36, 45, 54, 55, 56, 47, 38, 39, 40, 31, 22, 13, 4, 5, 6, 15, 24, 33, 42, 43, 44, 53, 62, 71]
[00:00:00:09:069] ! Bidirectional. expansions: 503, time: 8,584 [ms], path length: 29 [edges], g_F: 17, g_B: 12, generated: 0, MM: 5, MMPER: 15.666666666666668%
[00:00:00:09:069] 
---------- SM_Grids/8x9_grid_with_random_blocks_20per_6 ----------
[00:00:00:03:421] Path of length 35 found: [0, 9, 10, 11, 2, 3, 4, 5, 6, 15, 24, 23, 22, 21, 30, 29, 28, 27, 36, 45, 46, 47, 56, 65, 66, 67, 68, 59, 50, 41, 42, 43, 52, 53, 62, 71]
[00:00:00:03:422] ! Unidirectional s-t. expansions: 824, time: 3,421 [ms], path length: 35 [edges], generated: 3,672
[00:00:00:00:683] Path of length 35 found: [71, 62, 53, 52, 43, 42, 41, 50, 59, 68, 67, 66, 57, 56, 47, 46, 45, 36, 27, 28, 29, 30, 21, 22, 23, 24, 15, 6, 5, 4, 3, 2, 11, 10, 9, 0]
[00:00:00:00:683] ! Unidirectional t-s. expansions: 92, time: 683 [ms], path length: 35 [edges], generated: 656
[00:00:00:02:655] Path of length 35 found: [0, 9, 10, 11, 2, 3, 4, 5, 6, 15, 24, 23, 22, 21, 30, 29, 28, 27, 36, 45, 46, 47, 56, 57, 66, 67, 68, 59, 50, 41, 42, 43, 52, 53, 62, 71]
[00:00:00:03:168] ! Bidirectional. expansions: 179, time: 2,655 [ms], path length: 35 [edges], g_F: 19, g_B: 16, generated: 0, MM: 3, MMPER: 7.333333333333334%
[00:00:00:03:168] 
---------- SM_Grids/8x9_grid_with_random_blocks_20per_7 ----------
[00:00:00:04:523] Path of length 23 found: [0, 9, 10, 11, 20, 29, 28, 27, 36, 45, 54, 55, 56, 47, 48, 39, 40, 41, 50, 59, 60, 61, 70, 71]
[00:00:00:04:523] ! Unidirectional s-t. expansions: 1,010, time: 4,523 [ms], path length: 23 [edges], generated: 5,093
[00:00:00:16:452] Path of length 23 found: [71, 70, 69, 60, 59, 50, 41, 40, 39, 48, 47, 56, 55, 54, 45, 36, 27, 28, 29, 20, 11, 10, 1, 0]
[00:00:00:16:452] ! Unidirectional t-s. expansions: 5,467, time: 16,452 [ms], path length: 23 [edges], generated: 21,445
[00:00:00:10:815] Path of length 23 found: [0, 1, 10, 11, 20, 29, 28, 27, 36, 45, 54, 55, 56, 57, 48, 39, 40, 41, 42, 51, 60, 69, 70, 71]
[00:00:00:11:305] ! Bidirectional. expansions: 843, time: 10,815 [ms], path length: 23 [edges], g_F: 10, g_B: 13, generated: 0, MM: 3, MMPER: 11.5%
[00:00:00:11:306] 
---------- SM_Grids/8x9_grid_with_random_blocks_20per_8 ----------
[00:00:00:03:625] Path of length 25 found: [0, 1, 10, 19, 20, 21, 30, 31, 32, 23, 24, 25, 34, 43, 42, 51, 50, 49, 48, 57, 66, 67, 68, 69, 70, 71]
[00:00:00:03:625] ! Unidirectional s-t. expansions: 221, time: 3,625 [ms], path length: 25 [edges], generated: 2,873
[00:00:00:01:831] Path of length 25 found: [71, 70, 69, 68, 67, 66, 57, 48, 49, 50, 51, 52, 43, 34, 25, 24, 23, 32, 31, 30, 21, 12, 3, 2, 1, 0]
[00:00:00:01:831] ! Unidirectional t-s. expansions: 166, time: 1,831 [ms], path length: 25 [edges], generated: 1,525
[00:00:00:12:554] Path of length 25 found: [0, 1, 10, 19, 20, 21, 22, 23, 24, 25, 34, 43, 42, 41, 40, 49, 48, 57, 66, 67, 68, 59, 60, 61, 70, 71]
[00:00:00:13:074] ! Bidirectional. expansions: 1,117, time: 12,554 [ms], path length: 25 [edges], g_F: 16, g_B: 9, generated: 0, MM: 7, MMPER: 25.923076923076923%
[00:00:00:13:074] 
---------- SM_Grids/8x9_grid_with_random_blocks_20per_9 ----------
[00:00:00:00:867] Path of length 31 found: [0, 1, 2, 3, 4, 5, 14, 23, 22, 31, 30, 29, 38, 37, 46, 55, 56, 57, 48, 49, 50, 41, 42, 33, 34, 35, 44, 53, 52, 61, 70, 71]
[00:00:00:00:867] ! Unidirectional s-t. expansions: 76, time: 867 [ms], path length: 31 [edges], generated: 742
[00:00:00:02:231] Path of length 31 found: [71, 70, 61, 52, 53, 44, 35, 34, 33, 42, 41, 50, 49, 48, 57, 56, 55, 46, 37, 38, 29, 30, 31, 22, 23, 14, 5, 4, 3, 2, 1, 0]
[00:00:00:02:232] ! Unidirectional t-s. expansions: 212, time: 2,231 [ms], path length: 31 [edges], generated: 1,814
[00:00:00:04:322] Path of length 31 found: [0, 1, 2, 3, 4, 5, 14, 23, 22, 31, 30, 29, 38, 37, 46, 55, 56, 57, 48, 49, 50, 41, 42, 33, 34, 35, 44, 53, 52, 61, 70, 71]
[00:00:00:04:814] ! Bidirectional. expansions: 209, time: 4,322 [ms], path length: 31 [edges], g_F: 16, g_B: 15, generated: 0, MM: 1, MMPER: 2.125%

[00:00:00:04:814] average expansions: (350, 1,021, 449, 0)
[00:00:00:04:814] average time: (2,353, 4,122, 6,802, 0)
[00:00:00:04:815] XDFBnB: 350 , 2,353 (expansions , time[ms])
[00:00:00:04:815] BiXDFBnB: 449 , 6,802 (expansions , time[ms])

