------------------------------------
Thu 01 Oct 2026 14:40:23 IDT
SLURM_JOBID:		21950286
SLURM_JOB_NODELIST:	ise-cpu256-30
SLURM_SCRATCH_DIR:	/scratch/shubit/21950286
Allocated Resouces:	cpu - 2 / mem - 61440 MB / gpu - 
SLURM_GPU_INDEX:	
Running as shubit from shimony account with normal QOS
------------------------------------
Thu 01 Oct 2026 14:40:23 IDT

SLURM_JOBID:		 21950286
SLURM_JOB_NODELIST:	 ise-cpu256-30 

--------------------------
date: SM_Grids
number_of_graphs: 10
graph_type: grid
size_of_graphs: [8, 9]
heuristic: bcc_heuristic
snake: True
run_uni: True
run_bi: True
run_multi: False
solution_vertices: []
algorithms: ['DFBnB']
lookahead: 2
bsd: False
cube_first_dims: 4
cube_buffer_dim: None
backward_sym_generation: False
sym_coil: False
prefix_set: None

---------- SM_Grids/8x9_grid_with_random_blocks_12per_0 ----------
[00:00:00:39:592] Path of length 41 found: [0, 9, 10, 11, 2, 3, 4, 13, 14, 15, 6, 7, 8, 17, 26, 25, 34, 33, 32, 31, 40, 39, 38, 29, 28, 27, 36, 45, 46, 55, 56, 57, 66, 67, 68, 59, 50, 51, 52, 61, 70, 71]
[00:00:00:39:593] ! Unidirectional s-t. expansions: 4,899, time: 39,592 [ms], path length: 41 [edges], generated: 24,541
[00:00:00:26:516] Path of length 41 found: [71, 62, 53, 52, 51, 60, 59, 68, 67, 66, 57, 56, 47, 46, 45, 36, 27, 28, 29, 30, 39, 40, 41, 32, 33, 34, 35, 26, 17, 8, 7, 6, 15, 14, 13, 4, 3, 2, 11, 10, 9, 0]
[00:00:00:26:516] ! Unidirectional t-s. expansions: 3,926, time: 26,516 [ms], path length: 41 [edges], generated: 17,527
[00:00:00:35:702] Path of length 41 found: [0, 9, 10, 11, 2, 3, 4, 13, 14, 15, 6, 7, 8, 17, 26, 25, 34, 33, 32, 31, 40, 39, 38, 29, 28, 27, 36, 45, 46, 55, 56, 57, 66, 67, 68, 59, 60, 51, 52, 53, 62, 71]
[00:00:00:36:201] ! Bidirectional. expansions: 5,678, time: 35,702 [ms], path length: 41 [edges], g_F: 21, g_B: 20, generated: 0, MM: 1, MMPER: 1.380952380952381%
[00:00:00:36:201] 
---------- SM_Grids/8x9_grid_with_random_blocks_12per_1 ----------
[00:00:00:31:381] Path of length 33 found: [0, 9, 10, 19, 20, 21, 12, 3, 4, 5, 6, 7, 8, 17, 26, 25, 24, 23, 32, 31, 40, 39, 48, 57, 58, 59, 50, 51, 42, 43, 44, 53, 62, 71]
[00:00:00:31:382] ! Unidirectional s-t. expansions: 3,121, time: 31,382 [ms], path length: 33 [edges], generated: 19,641
[00:00:00:46:760] Path of length 33 found: [71, 62, 53, 44, 43, 42, 51, 50, 59, 58, 57, 48, 39, 40, 31, 32, 23, 24, 25, 26, 17, 8, 7, 6, 5, 4, 13, 12, 21, 20, 19, 10, 1, 0]
[00:00:00:46:760] ! Unidirectional t-s. expansions: 7,728, time: 46,760 [ms], path length: 33 [edges], generated: 35,530
[00:00:00:07:838] Path of length 33 found: [0, 9, 10, 19, 20, 21, 12, 3, 4, 5, 6, 7, 8, 17, 26, 25, 24, 23, 32, 31, 40, 39, 48, 57, 58, 59, 60, 51, 42, 43, 44, 53, 62, 71]
[00:00:00:08:310] ! Bidirectional. expansions: 849, time: 7,838 [ms], path length: 33 [edges], g_F: 17, g_B: 16, generated: 0, MM: 1, MMPER: 1.9411764705882355%
[00:00:00:08:310] 
---------- SM_Grids/8x9_grid_with_random_blocks_12per_2 ----------
[00:00:00:09:945] Path of length 39 found: [0, 1, 2, 3, 12, 21, 20, 29, 38, 47, 46, 45, 54, 63, 64, 65, 66, 67, 68, 59, 50, 49, 40, 31, 32, 23, 24, 15, 6, 7, 8, 17, 26, 35, 34, 43, 52, 61, 70, 71]
[00:00:00:09:945] ! Unidirectional s-t. expansions: 1,353, time: 9,945 [ms], path length: 39 [edges], generated: 6,081
[00:00:00:13:454] Path of length 39 found: [71, 70, 61, 52, 53, 44, 35, 26, 17, 8, 7, 6, 15, 24, 23, 32, 31, 40, 49, 50, 59, 68, 67, 66, 65, 64, 63, 54, 45, 46, 47, 38, 29, 20, 21, 12, 3, 2, 1, 0]
[00:00:00:13:454] ! Unidirectional t-s. expansions: 2,334, time: 13,454 [ms], path length: 39 [edges], generated: 10,389
[00:00:00:08:725] Path of length 39 found: [0, 1, 2, 3, 12, 21, 20, 29, 38, 47, 46, 45, 54, 63, 64, 65, 66, 67, 68, 59, 50, 49, 40, 31, 32, 23, 24, 15, 6, 7, 8, 17, 26, 35, 44, 53, 52, 61, 70, 71]
[00:00:00:09:199] ! Bidirectional. expansions: 1,212, time: 8,725 [ms], path length: 39 [edges], g_F: 20, g_B: 19, generated: 0, MM: 1, MMPER: 1.5%
[00:00:00:09:199] 
---------- SM_Grids/8x9_grid_with_random_blocks_12per_3 ----------
[00:00:00:52:637] Path of length 37 found: [0, 9, 18, 27, 28, 37, 46, 45, 54, 63, 64, 65, 56, 57, 48, 39, 40, 31, 22, 21, 20, 11, 2, 3, 4, 5, 6, 7, 16, 25, 34, 43, 52, 51, 60, 69, 70, 71]
[00:00:00:52:637] ! Unidirectional s-t. expansions: 12,065, time: 52,637 [ms], path length: 37 [edges], generated: 42,240
[00:00:00:18:422] Path of length 37 found: [71, 70, 61, 52, 43, 34, 25, 16, 7, 6, 5, 4, 3, 2, 11, 20, 21, 30, 31, 40, 41, 50, 59, 58, 57, 66, 65, 64, 63, 54, 45, 46, 37, 28, 27, 18, 9, 0]
[00:00:00:18:423] ! Unidirectional t-s. expansions: 3,240, time: 18,423 [ms], path length: 37 [edges], generated: 14,312
[00:00:00:18:480] Path of length 37 found: [0, 9, 18, 27, 28, 37, 46, 45, 54, 63, 64, 65, 56, 57, 58, 59, 50, 41, 32, 31, 30, 21, 20, 11, 2, 3, 4, 5, 6, 7, 16, 25, 34, 43, 52, 61, 70, 71]
[00:00:00:18:954] ! Bidirectional. expansions: 4,058, time: 18,480 [ms], path length: 37 [edges], g_F: 19, g_B: 18, generated: 0, MM: 1, MMPER: 1.6315789473684212%
[00:00:00:18:954] 
---------- SM_Grids/8x9_grid_with_random_blocks_12per_4 ----------
[00:00:00:08:649] Path of length 39 found: [0, 9, 18, 27, 36, 37, 46, 55, 64, 65, 66, 57, 48, 39, 40, 31, 22, 21, 20, 11, 2, 3, 4, 5, 14, 15, 16, 25, 26, 35, 44, 43, 52, 51, 50, 59, 68, 69, 70, 71]
[00:00:00:08:649] ! Unidirectional s-t. expansions: 1,079, time: 8,649 [ms], path length: 39 [edges], generated: 5,323
[00:00:00:15:204] Path of length 39 found: [71, 70, 69, 68, 59, 50, 51, 52, 43, 44, 35, 26, 17, 16, 15, 14, 5, 4, 3, 2, 11, 20, 21, 22, 31, 40, 39, 48, 57, 66, 65, 64, 55, 46, 37, 28, 27, 18, 9, 0]
[00:00:00:15:205] ! Unidirectional t-s. expansions: 2,579, time: 15,204 [ms], path length: 39 [edges], generated: 11,305
[00:00:00:14:071] Path of length 39 found: [0, 9, 18, 27, 36, 37, 46, 55, 64, 65, 66, 57, 48, 39, 40, 31, 22, 21, 20, 11, 2, 3, 4, 5, 14, 15, 16, 17, 26, 35, 44, 43, 52, 51, 50, 59, 68, 69, 70, 71]
[00:00:00:14:543] ! Bidirectional. expansions: 2,320, time: 14,071 [ms], path length: 39 [edges], g_F: 20, g_B: 19, generated: 0, MM: 1, MMPER: 1.5%
[00:00:00:14:543] 
---------- SM_Grids/8x9_grid_with_random_blocks_12per_5 ----------
[00:00:00:09:968] Path of length 41 found: [0, 9, 18, 27, 28, 37, 46, 45, 54, 63, 64, 65, 66, 57, 58, 49, 40, 39, 30, 21, 20, 11, 2, 3, 4, 13, 14, 15, 6, 7, 8, 17, 26, 25, 34, 43, 42, 51, 60, 69, 70, 71]
[00:00:00:09:968] ! Unidirectional s-t. expansions: 1,464, time: 9,968 [ms], path length: 41 [edges], generated: 5,836
[00:00:00:18:248] Path of length 41 found: [71, 62, 61, 60, 51, 42, 43, 44, 35, 26, 17, 8, 7, 6, 15, 14, 13, 4, 3, 2, 11, 20, 21, 30, 39, 40, 49, 58, 57, 66, 65, 64, 63, 54, 45, 46, 37, 28, 27, 18, 9, 0]
[00:00:00:18:248] ! Unidirectional t-s. expansions: 2,492, time: 18,248 [ms], path length: 41 [edges], generated: 12,261
[00:00:00:09:116] Path of length 41 found: [0, 9, 18, 19, 20, 11, 2, 3, 4, 13, 22, 23, 24, 15, 6, 7, 8, 17, 26, 35, 34, 43, 42, 41, 40, 39, 38, 37, 46, 45, 54, 63, 64, 65, 66, 57, 58, 59, 60, 61, 62, 71]
[00:00:00:09:594] ! Bidirectional. expansions: 1,475, time: 9,116 [ms], path length: 41 [edges], g_F: 21, g_B: 20, generated: 0, MM: 1, MMPER: 1.380952380952381%
[00:00:00:09:594] 
---------- SM_Grids/8x9_grid_with_random_blocks_12per_6 ----------
[00:00:00:13:015] Path of length 39 found: [0, 1, 2, 3, 4, 13, 22, 21, 20, 19, 28, 37, 36, 45, 54, 63, 64, 65, 66, 57, 48, 39, 40, 41, 42, 33, 24, 15, 6, 7, 8, 17, 26, 35, 44, 53, 52, 61, 70, 71]
[00:00:00:13:015] ! Unidirectional s-t. expansions: 2,670, time: 13,015 [ms], path length: 39 [edges], generated: 10,278
[00:00:00:12:208] Path of length 39 found: [71, 70, 61, 52, 53, 44, 35, 26, 17, 8, 7, 6, 5, 4, 3, 12, 21, 22, 23, 24, 33, 42, 41, 40, 39, 48, 57, 56, 65, 64, 63, 54, 45, 36, 37, 28, 19, 10, 1, 0]
[00:00:00:12:208] ! Unidirectional t-s. expansions: 1,993, time: 12,208 [ms], path length: 39 [edges], generated: 7,705
[00:00:00:09:191] Path of length 39 found: [0, 1, 10, 19, 28, 37, 36, 45, 54, 63, 64, 65, 66, 57, 48, 39, 40, 41, 42, 33, 24, 23, 22, 21, 12, 3, 4, 5, 6, 7, 8, 17, 26, 35, 44, 53, 52, 61, 70, 71]
[00:00:00:09:668] ! Bidirectional. expansions: 1,354, time: 9,191 [ms], path length: 39 [edges], g_F: 20, g_B: 19, generated: 0, MM: 1, MMPER: 1.5%
[00:00:00:09:668] 
---------- SM_Grids/8x9_grid_with_random_blocks_12per_7 ----------
[00:00:00:08:309] Path of length 31 found: [0, 1, 2, 11, 20, 29, 30, 31, 22, 13, 4, 5, 6, 7, 8, 17, 26, 25, 24, 33, 42, 41, 50, 49, 58, 67, 68, 69, 60, 61, 62, 71]
[00:00:00:08:310] ! Unidirectional s-t. expansions: 1,006, time: 8,309 [ms], path length: 31 [edges], generated: 5,226
[00:00:00:14:016] Path of length 31 found: [71, 62, 53, 52, 51, 60, 69, 68, 67, 58, 49, 40, 41, 32, 33, 34, 35, 26, 17, 8, 7, 6, 5, 14, 13, 22, 21, 20, 11, 2, 1, 0]
[00:00:00:14:017] ! Unidirectional t-s. expansions: 1,848, time: 14,016 [ms], path length: 31 [edges], generated: 8,913
[00:00:00:06:240] Path of length 31 found: [0, 1, 2, 11, 20, 21, 22, 13, 4, 5, 6, 7, 16, 17, 26, 35, 34, 33, 32, 41, 40, 49, 58, 67, 68, 69, 60, 51, 52, 53, 62, 71]
[00:00:00:06:719] ! Bidirectional. expansions: 667, time: 6,240 [ms], path length: 31 [edges], g_F: 16, g_B: 15, generated: 0, MM: 1, MMPER: 2.125%
[00:00:00:06:719] 
---------- SM_Grids/8x9_grid_with_random_blocks_12per_8 ----------
[00:00:00:16:173] Path of length 41 found: [0, 1, 2, 3, 12, 21, 20, 19, 18, 27, 36, 45, 54, 55, 64, 65, 66, 57, 48, 39, 40, 31, 32, 23, 14, 5, 6, 7, 16, 25, 26, 35, 44, 53, 52, 51, 50, 59, 68, 69, 70, 71]
[00:00:00:16:173] ! Unidirectional s-t. expansions: 1,859, time: 16,173 [ms], path length: 41 [edges], generated: 9,040
[00:00:00:04:668] Path of length 41 found: [71, 70, 69, 68, 59, 50, 51, 52, 53, 44, 35, 26, 25, 16, 7, 6, 5, 14, 23, 32, 31, 40, 39, 48, 57, 66, 65, 64, 55, 46, 45, 36, 27, 28, 29, 20, 21, 12, 3, 2, 1, 0]
[00:00:00:04:668] ! Unidirectional t-s. expansions: 547, time: 4,668 [ms], path length: 41 [edges], generated: 2,782
[00:00:00:09:008] Path of length 41 found: [0, 1, 2, 3, 12, 21, 20, 19, 18, 27, 36, 45, 54, 55, 64, 65, 66, 57, 48, 39, 40, 31, 32, 23, 14, 5, 6, 7, 16, 25, 26, 35, 44, 53, 52, 51, 50, 59, 68, 69, 70, 71]
[00:00:00:09:503] ! Bidirectional. expansions: 1,639, time: 9,008 [ms], path length: 41 [edges], g_F: 21, g_B: 20, generated: 0, MM: 1, MMPER: 1.380952380952381%
[00:00:00:09:503] 
---------- SM_Grids/8x9_grid_with_random_blocks_12per_9 ----------
[00:00:00:26:052] Path of length 39 found: [0, 1, 10, 19, 20, 29, 30, 39, 48, 47, 46, 45, 54, 63, 64, 65, 66, 67, 58, 59, 50, 41, 32, 23, 22, 13, 4, 5, 6, 7, 8, 17, 26, 25, 34, 43, 44, 53, 62, 71]
[00:00:00:26:052] ! Unidirectional s-t. expansions: 4,733, time: 26,052 [ms], path length: 39 [edges], generated: 17,013
[00:00:01:04:306] Path of length 39 found: [71, 62, 61, 52, 43, 44, 35, 26, 17, 8, 7, 6, 5, 4, 3, 2, 11, 20, 21, 22, 31, 32, 41, 50, 59, 58, 67, 66, 65, 64, 63, 54, 45, 46, 37, 28, 27, 18, 9, 0]
[00:00:01:04:306] ! Unidirectional t-s. expansions: 11,778, time: 64,306 [ms], path length: 39 [edges], generated: 54,617
[00:00:00:57:991] Path of length 39 found: [0, 9, 18, 19, 28, 29, 38, 47, 46, 45, 54, 63, 64, 65, 66, 67, 58, 59, 50, 41, 32, 31, 22, 21, 12, 3, 4, 5, 6, 7, 8, 17, 26, 35, 44, 43, 52, 61, 62, 71]
[00:00:00:58:459] ! Bidirectional. expansions: 11,540, time: 57,991 [ms], path length: 39 [edges], g_F: 20, g_B: 19, generated: 0, MM: 1, MMPER: 1.5%

[00:00:00:58:459] average expansions: (3,425, 3,846, 3,079, 0)
[00:00:00:58:459] average time: (21,572, 23,380, 17,636, 0)
[00:00:00:58:460] XDFBnB: 3,425 , 21,572 (expansions , time[ms])
[00:00:00:58:460] BiXDFBnB: 3,079 , 17,636 (expansions , time[ms])

