------------------------------------
Thu 01 Oct 2026 17:42:53 IDT
SLURM_JOBID:		21953718
SLURM_JOB_NODELIST:	ise-cpu256-10
SLURM_SCRATCH_DIR:	/scratch/shubit/21953718
Allocated Resouces:	cpu - 2 / mem - 61440 MB / gpu - 
SLURM_GPU_INDEX:	
Running as shubit from shimony account with normal QOS
------------------------------------
Thu 01 Oct 2026 17:42:53 IDT

SLURM_JOBID:		 21953718
SLURM_JOB_NODELIST:	 ise-cpu256-10 

--------------------------
date: SM_Grids
number_of_graphs: 10
graph_type: grid
size_of_graphs: [8, 9]
heuristic: bcc_heuristic
snake: True
run_uni: True
run_bi: True
run_multi: False
solution_vertices: []
algorithms: ['XMM']
lookahead: 3
bsd: False
cube_first_dims: 4
cube_buffer_dim: None
backward_sym_generation: False
sym_coil: False
prefix_set: None

---------- SM_Grids/8x9_grid_with_random_blocks_8per_0 ----------
[00:00:00:26:771] Path of length 43 found: [0, 9, 18, 27, 36, 45, 54, 63, 64, 65, 56, 47, 38, 39, 30, 21, 20, 11, 2, 3, 4, 13, 14, 15, 6, 7, 8, 17, 26, 25, 34, 33, 32, 41, 50, 49, 58, 67, 68, 69, 60, 61, 62, 71]
[00:00:00:26:771] ! Unidirectional s-t. expansions: 1,920, time: 26,771 [ms], path length: 43 [edges], generated: 16,088
[00:00:00:19:276] Path of length 43 found: [71, 62, 61, 60, 69, 68, 67, 58, 49, 50, 41, 42, 43, 34, 25, 26, 17, 8, 7, 6, 5, 14, 23, 22, 31, 30, 39, 38, 47, 56, 65, 64, 63, 54, 45, 36, 27, 18, 19, 20, 11, 2, 1, 0]
[00:00:00:19:277] ! Unidirectional t-s. expansions: 1,006, time: 19,277 [ms], path length: 43 [edges], generated: 10,659
[00:00:00:00:477] Expansion 54: New longest path found with length 19: [0, 9, 10, 11, 2, 3, 4, 5, 6, 7, 8, 17, 26, 25, 34, 43, 44, 53, 62, 71]. g_current=12, g_opposite=7, f_max=49, generated=101
[00:00:00:01:114] Expansion 147: New longest path found with length 27: [0, 9, 10, 11, 2, 3, 4, 5, 6, 7, 8, 17, 26, 25, 34, 43, 42, 41, 50, 49, 58, 67, 68, 69, 60, 61, 62, 71]. g_current=18, g_opposite=9, f_max=48, generated=256
[00:00:00:01:638] Expansion 211: New longest path found with length 33: [0, 9, 18, 27, 36, 45, 54, 63, 64, 65, 56, 47, 38, 39, 30, 21, 20, 11, 2, 3, 4, 5, 6, 7, 8, 17, 26, 25, 34, 43, 44, 53, 62, 71]. g_current=19, g_opposite=14, f_max=48, generated=372
[00:00:00:01:642] Expansion 212: New longest path found with length 41: [0, 9, 18, 27, 36, 45, 54, 63, 64, 65, 56, 47, 38, 39, 30, 21, 20, 11, 2, 3, 4, 5, 6, 7, 8, 17, 26, 25, 34, 43, 42, 41, 50, 49, 58, 67, 68, 69, 60, 61, 62, 71]. g_current=20, g_opposite=21, f_max=48, generated=373
[00:00:00:03:803] Expansion 555: New longest path found with length 43: [0, 9, 18, 27, 36, 45, 54, 63, 64, 65, 56, 47, 38, 39, 30, 21, 20, 11, 2, 3, 4, 13, 14, 15, 6, 7, 8, 17, 26, 25, 34, 43, 42, 41, 50, 49, 58, 67, 68, 69, 60, 61, 62, 71]. g_current=21, g_opposite=22, f_max=47, generated=939
[00:00:00:36:719] Path of length 43 found: [0, 9, 18, 27, 36, 45, 54, 63, 64, 65, 56, 47, 38, 39, 30, 21, 20, 11, 2, 3, 4, 13, 14, 15, 6, 7, 8, 17, 26, 25, 34, 43, 42, 41, 50, 49, 58, 67, 68, 69, 60, 61, 62, 71]
[00:00:00:37:336] ! Bidirectional. expansions: 5,786, time: 36,719 [ms], path length: 43 [edges], g_F: 21, g_B: 22, generated: 9,952, MM: 1, MMPER: 1.272727272727273%
[00:00:00:37:336] 
---------- SM_Grids/8x9_grid_with_random_blocks_8per_1 ----------
[00:00:01:12:007] Path of length 43 found: [0, 1, 2, 11, 20, 19, 18, 27, 36, 45, 54, 63, 64, 65, 56, 47, 38, 39, 30, 31, 22, 13, 4, 5, 6, 7, 8, 17, 26, 25, 24, 33, 42, 41, 50, 49, 58, 67, 68, 69, 60, 61, 62, 71]
[00:00:01:12:008] ! Unidirectional s-t. expansions: 4,502, time: 72,007 [ms], path length: 43 [edges], generated: 42,047
[00:00:00:54:014] Path of length 43 found: [71, 62, 61, 60, 69, 68, 67, 58, 49, 50, 41, 42, 43, 34, 35, 26, 17, 8, 7, 6, 15, 24, 23, 22, 31, 30, 39, 38, 47, 56, 65, 64, 63, 54, 45, 36, 27, 18, 19, 20, 11, 2, 1, 0]
[00:00:00:54:014] ! Unidirectional t-s. expansions: 2,699, time: 54,014 [ms], path length: 43 [edges], generated: 29,648
[00:00:00:00:271] Expansion 34: New longest path found with length 17: [0, 9, 18, 27, 36, 45, 54, 63, 64, 65, 66, 67, 68, 69, 60, 61, 62, 71]. g_current=7, g_opposite=10, f_max=51, generated=58
[00:00:00:00:529] Expansion 73: New longest path found with length 21: [0, 1, 2, 11, 20, 19, 18, 27, 36, 45, 54, 63, 64, 65, 66, 67, 68, 69, 60, 61, 62, 71]. g_current=13, g_opposite=8, f_max=51, generated=123
[00:00:00:00:601] Expansion 84: New longest path found with length 23: [0, 1, 2, 3, 12, 21, 20, 19, 18, 27, 36, 45, 54, 63, 64, 65, 66, 67, 68, 69, 60, 61, 62, 71]. g_current=12, g_opposite=11, f_max=51, generated=142
[00:00:00:01:324] Expansion 178: New longest path found with length 25: [0, 1, 2, 3, 4, 13, 22, 21, 20, 19, 18, 27, 36, 45, 54, 63, 64, 65, 66, 67, 68, 69, 60, 61, 62, 71]. g_current=17, g_opposite=8, f_max=49, generated=312
[00:00:00:01:360] Expansion 184: New longest path found with length 29: [0, 9, 18, 19, 20, 11, 12, 3, 4, 5, 6, 7, 8, 17, 26, 35, 44, 43, 42, 41, 50, 49, 58, 67, 68, 69, 60, 61, 62, 71]. g_current=14, g_opposite=15, f_max=50, generated=322
[00:00:00:02:396] Expansion 357: New longest path found with length 31: [0, 9, 18, 19, 20, 11, 2, 3, 4, 13, 14, 15, 6, 7, 8, 17, 26, 35, 44, 43, 42, 41, 50, 49, 58, 67, 68, 69, 60, 61, 62, 71]. g_current=15, g_opposite=16, f_max=50, generated=614
[00:00:00:03:305] Expansion 477: New longest path found with length 35: [0, 9, 18, 27, 36, 45, 54, 63, 64, 65, 56, 47, 38, 29, 20, 11, 2, 3, 4, 13, 22, 23, 24, 15, 6, 7, 8, 17, 26, 35, 34, 43, 52, 53, 62, 71]. g_current=20, g_opposite=15, f_max=49, generated=822
[00:00:00:05:159] Expansion 738: New longest path found with length 37: [0, 1, 2, 11, 20, 19, 18, 27, 36, 45, 54, 63, 64, 65, 56, 47, 38, 39, 30, 31, 22, 13, 14, 5, 6, 7, 8, 17, 26, 25, 24, 33, 42, 43, 52, 53, 62, 71]. g_current=20, g_opposite=17, f_max=48, generated=1,299
[00:00:00:05:409] Expansion 781: New longest path found with length 39: [0, 9, 18, 27, 36, 45, 54, 63, 64, 65, 56, 47, 38, 29, 20, 11, 2, 3, 4, 5, 6, 7, 8, 17, 26, 35, 44, 43, 42, 41, 50, 49, 58, 67, 68, 69, 60, 61, 62, 71]. g_current=19, g_opposite=20, f_max=48, generated=1,379
[00:00:00:05:482] Expansion 795: New longest path found with length 41: [0, 9, 18, 27, 36, 45, 54, 63, 64, 65, 56, 47, 38, 39, 30, 21, 20, 11, 2, 3, 4, 5, 6, 7, 8, 17, 26, 35, 44, 43, 42, 41, 50, 49, 58, 67, 68, 69, 60, 61, 62, 71]. g_current=21, g_opposite=20, f_max=48, generated=1,402
[00:00:00:07:511] Expansion 1,098: New longest path found with length 43: [0, 1, 2, 11, 20, 19, 18, 27, 36, 45, 54, 63, 64, 65, 56, 47, 38, 39, 30, 31, 22, 23, 24, 15, 6, 7, 8, 17, 26, 35, 44, 43, 42, 41, 50, 49, 58, 67, 68, 69, 60, 61, 62, 71]. g_current=22, g_opposite=21, f_max=48, generated=1,934
[00:00:02:00:379] Expansion 20,000: f=43, g=20
[00:00:02:15:375] Path of length 43 found: [0, 1, 2, 11, 20, 19, 18, 27, 36, 45, 54, 63, 64, 65, 56, 47, 38, 39, 30, 31, 22, 23, 24, 15, 6, 7, 8, 17, 26, 35, 44, 43, 42, 41, 50, 49, 58, 67, 68, 69, 60, 61, 62, 71]
[00:00:02:15:949] ! Bidirectional. expansions: 21,133, time: 135,375 [ms], path length: 43 [edges], g_F: 21, g_B: 22, generated: 38,543, MM: 1, MMPER: 1.272727272727273%
[00:00:02:15:949] 
---------- SM_Grids/8x9_grid_with_random_blocks_8per_2 ----------
[00:00:01:05:030] Path of length 37 found: [0, 1, 2, 11, 20, 19, 18, 27, 36, 37, 38, 47, 56, 57, 58, 49, 40, 41, 42, 33, 24, 23, 22, 13, 4, 5, 6, 7, 16, 17, 26, 35, 44, 53, 52, 61, 70, 71]
[00:00:01:05:030] ! Unidirectional s-t. expansions: 2,614, time: 65,030 [ms], path length: 37 [edges], generated: 35,815
[00:00:01:18:775] Path of length 37 found: [71, 70, 61, 52, 53, 44, 35, 26, 17, 8, 7, 6, 15, 24, 33, 42, 41, 50, 59, 58, 57, 56, 47, 38, 39, 30, 31, 22, 13, 4, 3, 2, 11, 20, 19, 18, 9, 0]
[00:00:01:18:775] ! Unidirectional t-s. expansions: 4,004, time: 78,775 [ms], path length: 37 [edges], generated: 43,766
[00:00:00:00:353] Expansion 36: New longest path found with length 15: [0, 9, 18, 27, 36, 37, 38, 47, 48, 49, 58, 59, 60, 69, 70, 71]. g_current=8, g_opposite=7, f_max=44, generated=73
[00:00:00:00:992] Expansion 106: New longest path found with length 17: [0, 1, 10, 19, 18, 27, 36, 37, 38, 47, 48, 49, 58, 59, 60, 69, 70, 71]. g_current=7, g_opposite=10, f_max=45, generated=202
[00:00:00:01:102] Expansion 122: New longest path found with length 19: [0, 1, 2, 11, 20, 19, 18, 27, 36, 37, 38, 47, 48, 49, 58, 59, 60, 69, 70, 71]. g_current=9, g_opposite=10, f_max=44, generated=228
[00:00:00:01:175] Expansion 133: New longest path found with length 21: [0, 1, 2, 11, 12, 13, 4, 5, 6, 7, 8, 17, 26, 35, 44, 43, 52, 51, 60, 69, 70, 71]. g_current=12, g_opposite=9, f_max=44, generated=246
[00:00:00:01:710] Expansion 199: New longest path found with length 27: [0, 9, 18, 27, 36, 37, 38, 29, 20, 11, 2, 3, 4, 5, 6, 7, 8, 17, 26, 35, 44, 43, 52, 51, 60, 69, 70, 71]. g_current=12, g_opposite=15, f_max=43, generated=381
[00:00:00:04:246] Expansion 529: New longest path found with length 29: [0, 9, 18, 27, 36, 37, 38, 29, 20, 11, 2, 3, 4, 13, 14, 15, 6, 7, 8, 17, 26, 35, 44, 43, 52, 51, 60, 69, 70, 71]. g_current=14, g_opposite=15, f_max=42, generated=1,000
[00:00:00:06:506] Expansion 816: New longest path found with length 33: [0, 1, 10, 19, 18, 27, 36, 37, 38, 47, 56, 57, 58, 49, 40, 31, 32, 33, 24, 15, 6, 7, 8, 17, 26, 35, 44, 43, 52, 51, 60, 69, 70, 71]. g_current=17, g_opposite=16, f_max=41, generated=1,541
[00:00:00:06:595] Expansion 832: New longest path found with length 35: [0, 1, 2, 11, 20, 19, 18, 27, 36, 37, 38, 47, 56, 57, 58, 49, 40, 41, 42, 33, 24, 23, 14, 5, 6, 7, 8, 17, 26, 35, 44, 53, 52, 61, 70, 71]. g_current=18, g_opposite=17, f_max=41, generated=1,568
[00:00:00:14:408] Expansion 1,992: New longest path found with length 37: [0, 1, 2, 11, 20, 19, 18, 27, 36, 37, 38, 47, 56, 57, 58, 49, 40, 41, 42, 33, 24, 23, 22, 13, 4, 5, 6, 7, 8, 17, 26, 35, 44, 53, 52, 61, 70, 71]. g_current=17, g_opposite=20, f_max=40, generated=3,781
[00:00:02:09:927] Expansion 20,000: f=37, g=13
[00:00:02:20:325] Path of length 37 found: [0, 1, 2, 11, 20, 19, 18, 27, 36, 37, 38, 47, 56, 57, 58, 49, 40, 41, 42, 33, 24, 23, 22, 13, 4, 5, 6, 7, 8, 17, 26, 35, 44, 53, 52, 61, 70, 71]
[00:00:02:20:894] ! Bidirectional. expansions: 20,553, time: 140,325 [ms], path length: 37 [edges], g_F: 20, g_B: 17, generated: 40,053, MM: 3, MMPER: 6.894736842105263%
[00:00:02:20:894] 
---------- SM_Grids/8x9_grid_with_random_blocks_8per_3 ----------
[00:00:00:43:976] Path of length 41 found: [0, 1, 2, 3, 12, 13, 14, 5, 6, 7, 16, 25, 24, 33, 32, 31, 40, 49, 48, 47, 38, 29, 20, 19, 18, 27, 36, 45, 54, 63, 64, 65, 66, 67, 68, 59, 60, 51, 52, 53, 62, 71]
[00:00:00:43:978] ! Unidirectional s-t. expansions: 2,180, time: 43,976 [ms], path length: 41 [edges], generated: 23,305
[00:00:00:47:820] Path of length 41 found: [71, 62, 53, 52, 51, 60, 59, 68, 67, 66, 65, 64, 63, 54, 45, 36, 27, 18, 19, 20, 29, 38, 47, 48, 49, 40, 41, 32, 33, 24, 25, 16, 7, 6, 5, 14, 13, 12, 3, 2, 1, 0]
[00:00:00:47:820] ! Unidirectional t-s. expansions: 2,200, time: 47,820 [ms], path length: 41 [edges], generated: 26,230
[00:00:00:00:520] Expansion 56: New longest path found with length 17: [0, 1, 2, 3, 4, 5, 6, 7, 16, 25, 24, 33, 42, 43, 52, 53, 62, 71]. g_current=5, g_opposite=12, f_max=48, generated=100
[00:00:00:00:665] Expansion 74: New longest path found with length 19: [0, 1, 2, 3, 12, 13, 14, 5, 6, 7, 16, 25, 24, 33, 42, 43, 52, 53, 62, 71]. g_current=13, g_opposite=6, f_max=47, generated=133
[00:00:00:01:210] Expansion 149: New longest path found with length 21: [0, 9, 18, 27, 28, 37, 46, 45, 54, 63, 64, 65, 66, 67, 68, 59, 60, 51, 52, 53, 62, 71]. g_current=10, g_opposite=11, f_max=47, generated=269
[00:00:00:02:431] Expansion 312: New longest path found with length 23: [0, 9, 18, 27, 28, 37, 46, 45, 54, 63, 64, 65, 66, 67, 68, 59, 50, 41, 42, 43, 52, 53, 62, 71]. g_current=12, g_opposite=11, f_max=46, generated=564
[00:00:00:03:466] Expansion 463: New longest path found with length 25: [0, 1, 2, 3, 12, 21, 20, 19, 18, 27, 36, 45, 54, 63, 64, 65, 66, 67, 68, 59, 60, 51, 52, 53, 62, 71]. g_current=18, g_opposite=7, f_max=45, generated=835
[00:00:00:03:965] Expansion 527: New longest path found with length 29: [0, 1, 2, 11, 12, 13, 4, 5, 6, 7, 16, 25, 24, 23, 32, 31, 40, 49, 48, 57, 66, 67, 68, 59, 60, 51, 52, 53, 62, 71]. g_current=13, g_opposite=16, f_max=45, generated=955
[00:00:00:04:011] Expansion 536: New longest path found with length 31: [0, 9, 18, 19, 20, 11, 2, 3, 4, 5, 6, 7, 16, 25, 24, 33, 32, 41, 40, 49, 48, 57, 66, 67, 68, 59, 60, 51, 52, 53, 62, 71]. g_current=22, g_opposite=9, f_max=45, generated=968
[00:00:00:06:034] Expansion 813: New longest path found with length 33: [0, 9, 18, 27, 28, 29, 20, 11, 2, 3, 4, 5, 6, 7, 16, 25, 24, 33, 32, 41, 40, 49, 48, 57, 66, 67, 68, 59, 60, 51, 52, 53, 62, 71]. g_current=10, g_opposite=23, f_max=45, generated=1,469
[00:00:00:07:362] Expansion 1,017: New longest path found with length 37: [0, 1, 2, 3, 12, 13, 14, 5, 6, 7, 16, 25, 24, 33, 32, 31, 40, 49, 48, 47, 38, 37, 36, 45, 54, 63, 64, 65, 66, 67, 68, 59, 60, 51, 52, 53, 62, 71]. g_current=20, g_opposite=17, f_max=44, generated=1,819
[00:00:00:07:366] Expansion 1,018: New longest path found with length 39: [0, 9, 18, 19, 20, 11, 2, 3, 4, 5, 6, 7, 16, 25, 24, 23, 22, 31, 40, 49, 48, 47, 38, 37, 36, 45, 54, 63, 64, 65, 66, 67, 68, 59, 60, 51, 52, 53, 62, 71]. g_current=21, g_opposite=18, f_max=44, generated=1,820
[00:00:01:23:341] Expansion 13,074: New longest path found with length 41: [0, 1, 2, 3, 12, 13, 14, 5, 6, 7, 16, 25, 24, 33, 32, 31, 40, 49, 48, 47, 38, 29, 20, 19, 18, 27, 36, 45, 54, 63, 64, 65, 66, 67, 68, 59, 60, 51, 52, 53, 62, 71]. g_current=20, g_opposite=21, f_max=41, generated=24,525
[00:00:01:27:870] Path of length 41 found: [0, 1, 2, 3, 12, 13, 14, 5, 6, 7, 16, 25, 24, 33, 32, 31, 40, 49, 48, 47, 38, 29, 20, 19, 18, 27, 36, 45, 54, 63, 64, 65, 66, 67, 68, 59, 60, 51, 52, 53, 62, 71]
[00:00:01:28:429] ! Bidirectional. expansions: 13,074, time: 87,870 [ms], path length: 41 [edges], g_F: 20, g_B: 21, generated: 24,525, MM: 1, MMPER: 1.380952380952381%
[00:00:01:28:429] 
---------- SM_Grids/8x9_grid_with_random_blocks_8per_4 ----------
[00:00:02:59:740] Path of length 39 found: [0, 9, 18, 19, 28, 29, 38, 47, 46, 45, 54, 63, 64, 65, 66, 57, 58, 49, 50, 41, 32, 31, 22, 21, 12, 3, 4, 5, 14, 15, 16, 17, 26, 35, 34, 43, 52, 61, 70, 71]
[00:00:02:59:741] ! Unidirectional s-t. expansions: 9,376, time: 179,740 [ms], path length: 39 [edges], generated: 111,216
[00:00:02:27:183] Path of length 39 found: [71, 70, 69, 60, 59, 58, 49, 48, 47, 56, 65, 64, 63, 54, 45, 36, 37, 28, 29, 20, 21, 22, 31, 32, 41, 42, 43, 34, 35, 26, 17, 16, 15, 14, 5, 4, 3, 2, 1, 0]
[00:00:02:27:183] ! Unidirectional t-s. expansions: 8,290, time: 147,183 [ms], path length: 39 [edges], generated: 96,149
[00:00:00:00:896] Expansion 113: New longest path found with length 21: [0, 9, 10, 11, 2, 3, 4, 5, 14, 15, 16, 17, 26, 35, 34, 43, 52, 51, 60, 69, 70, 71]. g_current=11, g_opposite=10, f_max=48, generated=204
[00:00:00:01:571] Expansion 194: New longest path found with length 23: [0, 9, 18, 19, 28, 29, 38, 47, 46, 45, 54, 63, 64, 65, 66, 67, 58, 59, 50, 51, 52, 61, 70, 71]. g_current=9, g_opposite=14, f_max=48, generated=348
[00:00:00:02:291] Expansion 290: New longest path found with length 25: [0, 9, 18, 19, 28, 29, 38, 47, 46, 45, 54, 63, 64, 65, 66, 67, 58, 59, 50, 41, 42, 43, 52, 61, 70, 71]. g_current=10, g_opposite=15, f_max=48, generated=531
[00:00:00:03:210] Expansion 397: New longest path found with length 29: [0, 9, 10, 11, 2, 3, 4, 13, 22, 21, 30, 29, 28, 37, 36, 45, 54, 63, 64, 65, 66, 67, 58, 59, 50, 51, 52, 61, 70, 71]. g_current=12, g_opposite=17, f_max=47, generated=735
[00:00:00:03:899] Expansion 497: New longest path found with length 35: [0, 9, 18, 19, 28, 29, 38, 47, 46, 45, 54, 63, 64, 65, 66, 57, 58, 49, 40, 41, 32, 23, 24, 15, 16, 17, 26, 35, 34, 43, 52, 51, 60, 69, 70, 71]. g_current=18, g_opposite=17, f_max=46, generated=932
[00:00:00:08:182] Expansion 1,115: New longest path found with length 37: [0, 1, 2, 3, 12, 21, 20, 19, 28, 37, 36, 45, 54, 63, 64, 65, 66, 67, 58, 49, 40, 41, 32, 23, 24, 15, 16, 17, 26, 35, 34, 43, 52, 51, 60, 69, 70, 71]. g_current=21, g_opposite=16, f_max=46, generated=2,031
[00:00:00:16:428] Expansion 2,327: New longest path found with length 39: [0, 9, 18, 19, 28, 29, 38, 47, 46, 45, 54, 63, 64, 65, 66, 57, 58, 49, 40, 31, 22, 21, 12, 3, 4, 5, 14, 15, 16, 17, 26, 35, 34, 43, 52, 51, 60, 69, 70, 71]. g_current=19, g_opposite=20, f_max=44, generated=4,332
[00:00:02:06:521] Expansion 20,000: f=40, g=8
[00:00:03:09:382] Path of length 39 found: [0, 9, 18, 19, 28, 29, 38, 47, 46, 45, 54, 63, 64, 65, 66, 57, 58, 49, 40, 31, 22, 21, 12, 3, 4, 5, 14, 15, 16, 17, 26, 35, 34, 43, 52, 51, 60, 69, 70, 71]
[00:00:03:10:036] ! Bidirectional. expansions: 28,454, time: 189,382 [ms], path length: 39 [edges], g_F: 20, g_B: 19, generated: 56,172, MM: 1, MMPER: 1.5%
[00:00:03:10:036] 
---------- SM_Grids/8x9_grid_with_random_blocks_8per_5 ----------
[00:00:00:32:569] Path of length 43 found: [0, 9, 18, 19, 20, 11, 2, 3, 4, 5, 6, 7, 16, 17, 26, 35, 44, 43, 42, 33, 24, 23, 22, 31, 40, 49, 48, 47, 38, 37, 36, 45, 54, 63, 64, 65, 66, 67, 68, 59, 60, 61, 70, 71]
[00:00:00:32:574] ! Unidirectional s-t. expansions: 1,967, time: 32,573 [ms], path length: 43 [edges], generated: 18,299
[00:00:00:28:511] Path of length 43 found: [71, 70, 61, 60, 59, 68, 67, 66, 65, 64, 55, 54, 45, 36, 37, 38, 47, 48, 49, 40, 31, 32, 33, 42, 43, 44, 35, 26, 17, 8, 7, 6, 15, 14, 13, 4, 3, 2, 11, 20, 19, 18, 9, 0]
[00:00:00:28:512] ! Unidirectional t-s. expansions: 1,605, time: 28,511 [ms], path length: 43 [edges], generated: 16,729
[00:00:00:00:667] Expansion 79: New longest path found with length 19: [0, 9, 10, 11, 2, 3, 4, 5, 6, 7, 16, 25, 34, 35, 44, 53, 52, 61, 70, 71]. g_current=10, g_opposite=9, f_max=50, generated=142
[00:00:00:00:828] Expansion 103: New longest path found with length 21: [0, 1, 2, 11, 20, 19, 28, 37, 36, 45, 54, 63, 64, 65, 66, 67, 58, 59, 60, 69, 70, 71]. g_current=14, g_opposite=7, f_max=49, generated=180
[00:00:00:01:363] Expansion 175: New longest path found with length 23: [0, 9, 18, 19, 20, 11, 2, 3, 4, 13, 14, 15, 6, 7, 8, 17, 26, 35, 44, 53, 52, 61, 70, 71]. g_current=10, g_opposite=13, f_max=49, generated=311
[00:00:00:01:792] Expansion 232: New longest path found with length 29: [0, 9, 18, 19, 20, 11, 2, 3, 4, 13, 22, 31, 40, 39, 48, 47, 46, 45, 54, 63, 64, 65, 66, 67, 58, 59, 60, 69, 70, 71]. g_current=18, g_opposite=11, f_max=48, generated=410
[00:00:00:04:364] Expansion 622: New longest path found with length 31: [0, 9, 10, 11, 2, 3, 4, 5, 14, 23, 22, 21, 30, 29, 38, 37, 36, 45, 54, 63, 64, 65, 66, 57, 48, 49, 50, 59, 60, 69, 70, 71]. g_current=21, g_opposite=10, f_max=47, generated=1,082
[00:00:00:06:642] Expansion 957: New longest path found with length 41: [0, 9, 10, 11, 2, 3, 4, 5, 6, 7, 16, 17, 26, 35, 44, 43, 42, 33, 24, 23, 22, 21, 30, 29, 38, 37, 36, 45, 54, 63, 64, 65, 66, 57, 48, 49, 50, 59, 60, 69, 70, 71]. g_current=19, g_opposite=22, f_max=48, generated=1,689
[00:00:00:12:127] Expansion 1,713: New longest path found with length 43: [0, 9, 18, 19, 20, 11, 2, 3, 4, 5, 6, 7, 16, 17, 26, 35, 44, 43, 42, 33, 24, 23, 22, 31, 40, 49, 48, 47, 38, 37, 36, 45, 54, 63, 64, 65, 66, 67, 68, 59, 60, 61, 70, 71]. g_current=22, g_opposite=21, f_max=47, generated=3,139
[00:00:01:12:415] Path of length 43 found: [0, 9, 18, 19, 20, 11, 2, 3, 4, 5, 6, 7, 16, 17, 26, 35, 44, 43, 42, 33, 24, 23, 22, 31, 40, 49, 48, 47, 38, 37, 36, 45, 54, 63, 64, 65, 66, 67, 68, 59, 60, 61, 70, 71]
[00:00:01:12:997] ! Bidirectional. expansions: 10,873, time: 72,415 [ms], path length: 43 [edges], g_F: 22, g_B: 21, generated: 20,143, MM: 1, MMPER: 1.272727272727273%
[00:00:01:12:998] 
---------- SM_Grids/8x9_grid_with_random_blocks_8per_6 ----------
[00:00:01:28:001] Path of length 39 found: [0, 1, 2, 3, 12, 13, 14, 5, 6, 7, 16, 25, 24, 33, 32, 41, 40, 39, 30, 29, 20, 19, 18, 27, 36, 37, 46, 55, 64, 65, 66, 57, 58, 59, 60, 51, 52, 53, 62, 71]
[00:00:01:28:003] ! Unidirectional s-t. expansions: 4,254, time: 88,001 [ms], path length: 39 [edges], generated: 50,534
[00:00:01:32:515] Path of length 39 found: [71, 70, 69, 60, 51, 52, 53, 44, 35, 34, 25, 16, 7, 6, 5, 14, 23, 22, 31, 30, 39, 48, 49, 58, 67, 66, 65, 64, 55, 46, 37, 36, 27, 18, 19, 20, 11, 2, 1, 0]
[00:00:01:32:516] ! Unidirectional t-s. expansions: 4,880, time: 92,515 [ms], path length: 39 [edges], generated: 55,109
[00:00:00:00:947] Expansion 112: New longest path found with length 21: [0, 9, 10, 11, 2, 3, 4, 5, 6, 7, 16, 25, 34, 35, 44, 53, 52, 51, 60, 69, 70, 71]. g_current=9, g_opposite=12, f_max=49, generated=203
[00:00:00:01:288] Expansion 159: New longest path found with length 23: [0, 9, 18, 19, 20, 11, 2, 3, 4, 5, 6, 7, 16, 25, 34, 35, 44, 53, 52, 51, 60, 69, 70, 71]. g_current=12, g_opposite=11, f_max=48, generated=294
[00:00:00:01:670] Expansion 207: New longest path found with length 25: [0, 1, 2, 11, 20, 19, 18, 27, 36, 37, 38, 39, 40, 41, 32, 33, 34, 35, 44, 53, 52, 51, 60, 69, 70, 71]. g_current=11, g_opposite=14, f_max=48, generated=396
[00:00:00:03:215] Expansion 406: New longest path found with length 27: [0, 1, 10, 19, 18, 27, 36, 37, 38, 29, 30, 31, 22, 23, 14, 5, 6, 7, 16, 25, 34, 35, 44, 53, 52, 61, 70, 71]. g_current=11, g_opposite=16, f_max=47, generated=784
[00:00:00:04:342] Expansion 546: New longest path found with length 29: [0, 1, 10, 19, 18, 27, 36, 37, 38, 29, 30, 31, 22, 23, 14, 5, 6, 7, 16, 25, 34, 35, 44, 53, 52, 51, 60, 69, 70, 71]. g_current=17, g_opposite=12, f_max=46, generated=1,063
[00:00:00:04:361] Expansion 550: New longest path found with length 31: [0, 1, 2, 11, 20, 19, 18, 27, 36, 37, 38, 39, 40, 41, 32, 23, 14, 5, 6, 7, 16, 25, 34, 35, 44, 53, 52, 51, 60, 69, 70, 71]. g_current=19, g_opposite=12, f_max=46, generated=1,069
[00:00:00:04:457] Expansion 570: New longest path found with length 33: [0, 1, 2, 11, 20, 19, 18, 27, 36, 37, 38, 39, 40, 41, 32, 23, 22, 13, 4, 5, 6, 7, 16, 25, 34, 35, 44, 53, 52, 51, 60, 69, 70, 71]. g_current=21, g_opposite=12, f_max=46, generated=1,102
[00:00:00:06:285] Expansion 802: New longest path found with length 35: [0, 9, 18, 27, 36, 37, 46, 55, 64, 65, 66, 67, 58, 49, 40, 41, 32, 23, 22, 13, 4, 5, 6, 7, 16, 25, 34, 35, 44, 53, 52, 51, 60, 69, 70, 71]. g_current=13, g_opposite=22, f_max=46, generated=1,568
[00:00:00:10:588] Expansion 1,429: New longest path found with length 39: [0, 1, 2, 11, 20, 19, 18, 27, 36, 37, 46, 55, 64, 65, 66, 67, 58, 49, 40, 41, 32, 23, 22, 13, 4, 5, 6, 7, 16, 25, 34, 35, 44, 53, 52, 51, 60, 69, 70, 71]. g_current=17, g_opposite=22, f_max=45, generated=2,734
[00:00:02:03:411] Expansion 20,000: f=39, g=19
[00:00:02:30:655] Path of length 39 found: [0, 1, 2, 11, 20, 19, 18, 27, 36, 37, 46, 55, 64, 65, 66, 67, 58, 49, 40, 41, 32, 23, 22, 13, 4, 5, 6, 7, 16, 25, 34, 35, 44, 53, 52, 51, 60, 69, 70, 71]
[00:00:02:31:159] ! Bidirectional. expansions: 24,256, time: 150,655 [ms], path length: 39 [edges], g_F: 17, g_B: 22, generated: 46,919, MM: 5, MMPER: 11.5%
[00:00:02:31:160] 
---------- SM_Grids/8x9_grid_with_random_blocks_8per_7 ----------
[00:00:01:52:331] Expansion 10,000: state None, f=40, g=18
[00:00:02:08:968] Path of length 39 found: [0, 9, 18, 27, 28, 29, 20, 11, 2, 3, 4, 5, 6, 7, 8, 17, 26, 25, 24, 23, 22, 31, 40, 39, 48, 47, 46, 45, 54, 63, 64, 65, 66, 67, 58, 59, 60, 69, 70, 71]
[00:00:02:08:969] ! Unidirectional s-t. expansions: 11,021, time: 128,968 [ms], path length: 39 [edges], generated: 97,591
[00:00:02:08:344] Expansion 10,000: state None, f=40, g=30
[00:00:02:59:616] Path of length 39 found: [71, 62, 61, 52, 43, 44, 35, 26, 17, 8, 7, 6, 15, 24, 33, 32, 31, 30, 39, 48, 49, 50, 59, 68, 67, 66, 65, 64, 63, 54, 45, 46, 37, 28, 19, 20, 11, 2, 1, 0]
[00:00:02:59:617] ! Unidirectional t-s. expansions: 14,957, time: 179,616 [ms], path length: 39 [edges], generated: 137,964
[00:00:00:00:887] Expansion 112: New longest path found with length 21: [0, 9, 18, 19, 20, 11, 2, 3, 4, 5, 6, 7, 8, 17, 26, 35, 44, 43, 52, 61, 62, 71]. g_current=8, g_opposite=13, f_max=49, generated=185
[00:00:00:01:468] Expansion 194: New longest path found with length 23: [0, 9, 18, 27, 28, 29, 20, 11, 2, 3, 4, 5, 6, 7, 8, 17, 26, 35, 44, 43, 52, 61, 62, 71]. g_current=9, g_opposite=14, f_max=50, generated=339
[00:00:00:02:144] Expansion 286: New longest path found with length 29: [0, 9, 18, 27, 28, 29, 20, 11, 2, 3, 4, 13, 22, 31, 32, 33, 24, 15, 6, 7, 8, 17, 26, 35, 44, 43, 52, 61, 62, 71]. g_current=18, g_opposite=11, f_max=47, generated=499
[00:00:00:08:610] Expansion 1,306: New longest path found with length 35: [0, 1, 2, 3, 12, 13, 14, 5, 6, 7, 8, 17, 26, 25, 24, 33, 32, 41, 50, 49, 48, 47, 46, 45, 54, 63, 64, 65, 66, 67, 68, 69, 60, 61, 62, 71]. g_current=20, g_opposite=15, f_max=46, generated=2,315
[00:00:00:08:740] Expansion 1,330: New longest path found with length 37: [0, 9, 18, 27, 28, 29, 38, 47, 46, 45, 54, 63, 64, 65, 66, 57, 58, 49, 50, 41, 32, 23, 22, 13, 4, 5, 6, 7, 8, 17, 26, 35, 44, 43, 52, 61, 62, 71]. g_current=18, g_opposite=19, f_max=46, generated=2,356
[00:00:00:12:128] Expansion 1,862: New longest path found with length 39: [0, 9, 18, 27, 28, 29, 30, 39, 48, 47, 46, 45, 54, 63, 64, 65, 66, 67, 58, 59, 50, 41, 32, 23, 22, 13, 4, 5, 6, 7, 8, 17, 26, 35, 44, 43, 52, 61, 62, 71]. g_current=19, g_opposite=20, f_max=45, generated=3,269
[00:00:01:59:755] Expansion 20,000: f=40, g=15
[00:00:02:43:088] Path of length 39 found: [0, 9, 18, 27, 28, 29, 30, 39, 48, 47, 46, 45, 54, 63, 64, 65, 66, 67, 58, 59, 50, 41, 32, 23, 22, 13, 4, 5, 6, 7, 8, 17, 26, 35, 44, 43, 52, 61, 62, 71]
[00:00:02:43:672] ! Bidirectional. expansions: 26,488, time: 163,088 [ms], path length: 39 [edges], g_F: 20, g_B: 19, generated: 48,422, MM: 1, MMPER: 1.5%
[00:00:02:43:673] 
---------- SM_Grids/8x9_grid_with_random_blocks_8per_8 ----------
[00:00:00:45:990] Path of length 43 found: [0, 9, 18, 27, 36, 45, 54, 63, 64, 65, 56, 47, 38, 39, 30, 21, 20, 11, 2, 3, 4, 13, 14, 15, 6, 7, 8, 17, 26, 25, 34, 33, 32, 41, 50, 49, 58, 67, 68, 69, 60, 61, 62, 71]
[00:00:00:45:991] ! Unidirectional s-t. expansions: 3,046, time: 45,990 [ms], path length: 43 [edges], generated: 27,870
[00:00:00:50:803] Path of length 43 found: [71, 62, 53, 44, 35, 26, 17, 8, 7, 6, 15, 24, 33, 32, 41, 50, 51, 60, 69, 68, 67, 58, 57, 56, 65, 64, 63, 54, 45, 36, 37, 38, 29, 30, 21, 22, 13, 4, 3, 2, 11, 10, 9, 0]
[00:00:00:50:804] ! Unidirectional t-s. expansions: 2,958, time: 50,803 [ms], path length: 43 [edges], generated: 30,364
[00:00:00:00:652] Expansion 86: New longest path found with length 19: [0, 9, 10, 11, 2, 3, 4, 5, 6, 7, 8, 17, 26, 25, 34, 43, 44, 53, 62, 71]. g_current=7, g_opposite=12, f_max=50, generated=146
[00:00:00:00:714] Expansion 95: New longest path found with length 21: [0, 9, 18, 27, 36, 45, 54, 63, 64, 65, 56, 57, 58, 67, 68, 69, 60, 51, 52, 53, 62, 71]. g_current=10, g_opposite=11, f_max=50, generated=160
[00:00:00:00:834] Expansion 114: New longest path found with length 23: [0, 9, 18, 19, 20, 11, 2, 3, 4, 13, 14, 15, 6, 7, 8, 17, 26, 25, 34, 43, 44, 53, 62, 71]. g_current=17, g_opposite=6, f_max=49, generated=189
[00:00:00:01:932] Expansion 281: New longest path found with length 25: [0, 1, 2, 11, 20, 19, 18, 27, 36, 45, 54, 63, 64, 65, 56, 57, 58, 67, 68, 69, 60, 51, 52, 53, 62, 71]. g_current=7, g_opposite=18, f_max=49, generated=480
[00:00:00:02:513] Expansion 377: New longest path found with length 27: [0, 1, 2, 11, 20, 19, 18, 27, 36, 45, 54, 63, 64, 65, 56, 47, 48, 49, 58, 67, 68, 69, 60, 51, 52, 53, 62, 71]. g_current=12, g_opposite=15, f_max=48, generated=648
[00:00:00:03:572] Expansion 533: New longest path found with length 29: [0, 1, 2, 11, 20, 19, 18, 27, 36, 45, 54, 63, 64, 65, 56, 47, 38, 39, 40, 49, 58, 67, 68, 69, 60, 51, 52, 53, 62, 71]. g_current=16, g_opposite=13, f_max=48, generated=933
[00:00:00:03:577] Expansion 534: New longest path found with length 37: [0, 1, 2, 11, 20, 19, 18, 27, 36, 45, 54, 63, 64, 65, 56, 47, 38, 39, 40, 41, 32, 33, 24, 15, 6, 7, 8, 17, 26, 35, 44, 53, 52, 51, 60, 69, 70, 71]. g_current=17, g_opposite=20, f_max=48, generated=934
[00:00:00:05:553] Expansion 821: New longest path found with length 39: [0, 9, 10, 11, 2, 3, 4, 5, 6, 7, 8, 17, 26, 35, 44, 43, 52, 51, 50, 41, 40, 31, 30, 29, 38, 37, 36, 45, 54, 63, 64, 65, 56, 57, 58, 67, 68, 69, 70, 71]. g_current=22, g_opposite=17, f_max=47, generated=1,442
[00:00:00:07:783] Expansion 1,176: New longest path found with length 41: [0, 9, 10, 11, 2, 3, 4, 13, 14, 15, 6, 7, 8, 17, 26, 25, 34, 43, 52, 51, 50, 41, 40, 31, 30, 29, 38, 37, 36, 45, 54, 63, 64, 65, 56, 57, 58, 67, 68, 69, 70, 71]. g_current=17, g_opposite=24, f_max=47, generated=2,064
[00:00:00:09:211] Expansion 1,399: New longest path found with length 43: [0, 9, 10, 11, 2, 3, 4, 13, 22, 21, 30, 29, 28, 27, 36, 45, 54, 63, 64, 65, 56, 57, 58, 67, 68, 69, 60, 51, 50, 41, 32, 33, 24, 15, 6, 7, 8, 17, 26, 35, 44, 53, 62, 71]. g_current=20, g_opposite=23, f_max=47, generated=2,440
[00:00:01:50:816] Path of length 43 found: [0, 9, 10, 11, 2, 3, 4, 13, 22, 21, 30, 29, 28, 27, 36, 45, 54, 63, 64, 65, 56, 57, 58, 67, 68, 69, 60, 51, 50, 41, 32, 33, 24, 15, 6, 7, 8, 17, 26, 35, 44, 53, 62, 71]
[00:00:01:51:371] ! Bidirectional. expansions: 19,012, time: 110,816 [ms], path length: 43 [edges], g_F: 20, g_B: 23, generated: 33,146, MM: 3, MMPER: 5.818181818181818%
[00:00:01:51:371] 
---------- SM_Grids/8x9_grid_with_random_blocks_8per_9 ----------
[00:00:02:33:886] Expansion 10,000: state None, f=40, g=24
[00:00:03:50:275] Path of length 39 found: [0, 9, 18, 27, 28, 37, 46, 45, 54, 63, 64, 65, 56, 57, 48, 49, 40, 41, 32, 23, 22, 21, 20, 11, 2, 3, 4, 5, 6, 15, 16, 25, 34, 35, 44, 53, 52, 61, 70, 71]
[00:00:03:50:276] ! Unidirectional s-t. expansions: 15,806, time: 230,275 [ms], path length: 39 [edges], generated: 157,284
[00:00:02:28:181] Expansion 10,000: state None, f=40, g=15
[00:00:02:30:616] Path of length 39 found: [71, 62, 53, 52, 51, 60, 59, 68, 67, 66, 65, 64, 55, 54, 45, 36, 37, 38, 47, 48, 49, 40, 41, 32, 33, 24, 25, 16, 7, 6, 5, 4, 13, 22, 21, 20, 11, 2, 1, 0]
[00:00:02:30:617] ! Unidirectional t-s. expansions: 10,104, time: 150,616 [ms], path length: 39 [edges], generated: 105,456
[00:00:00:00:513] Expansion 68: New longest path found with length 19: [0, 9, 10, 11, 20, 21, 30, 31, 40, 41, 42, 33, 34, 35, 44, 53, 52, 61, 70, 71]. g_current=7, g_opposite=12, f_max=50, generated=119
[00:00:00:00:813] Expansion 113: New longest path found with length 21: [0, 9, 18, 19, 28, 37, 36, 45, 54, 63, 64, 65, 66, 67, 68, 59, 60, 51, 52, 53, 62, 71]. g_current=9, g_opposite=12, f_max=49, generated=199
[00:00:00:00:890] Expansion 123: New longest path found with length 27: [0, 9, 18, 19, 28, 37, 36, 45, 54, 63, 64, 65, 56, 47, 48, 49, 40, 41, 42, 33, 34, 35, 44, 53, 52, 61, 70, 71]. g_current=15, g_opposite=12, f_max=49, generated=218
[00:00:00:01:486] Expansion 190: New longest path found with length 29: [0, 1, 2, 11, 20, 19, 18, 27, 36, 37, 38, 47, 48, 57, 66, 67, 68, 59, 50, 41, 42, 33, 34, 35, 44, 53, 52, 61, 70, 71]. g_current=17, g_opposite=12, f_max=48, generated=340
[00:00:00:02:978] Expansion 389: New longest path found with length 31: [0, 1, 2, 3, 4, 13, 22, 21, 20, 19, 18, 27, 36, 45, 54, 55, 64, 65, 66, 67, 68, 59, 60, 51, 42, 33, 34, 35, 44, 53, 62, 71]. g_current=18, g_opposite=13, f_max=48, generated=702
[00:00:00:04:145] Expansion 575: New longest path found with length 33: [0, 1, 2, 3, 4, 13, 22, 21, 20, 19, 18, 27, 36, 37, 46, 47, 48, 57, 66, 67, 68, 59, 50, 41, 42, 33, 34, 35, 44, 53, 52, 61, 70, 71]. g_current=14, g_opposite=19, f_max=47, generated=1,019
[00:00:00:05:930] Expansion 834: New longest path found with length 35: [0, 9, 18, 19, 20, 11, 2, 3, 4, 13, 22, 31, 40, 49, 48, 47, 46, 45, 54, 63, 64, 65, 66, 67, 68, 59, 60, 51, 42, 33, 34, 35, 44, 53, 62, 71]. g_current=23, g_opposite=12, f_max=47, generated=1,488
[00:00:00:10:657] Expansion 1,505: New longest path found with length 37: [0, 1, 2, 11, 20, 19, 18, 27, 36, 45, 54, 63, 64, 65, 66, 67, 68, 59, 50, 41, 40, 31, 22, 23, 14, 5, 6, 7, 16, 25, 34, 35, 44, 53, 52, 61, 70, 71]. g_current=22, g_opposite=15, f_max=45, generated=2,798
[00:00:00:19:040] Expansion 2,852: New longest path found with length 39: [0, 9, 18, 27, 28, 37, 46, 45, 54, 63, 64, 65, 56, 57, 58, 59, 50, 41, 40, 31, 30, 21, 20, 11, 2, 3, 4, 5, 6, 7, 16, 25, 34, 35, 44, 53, 52, 61, 70, 71]. g_current=18, g_opposite=21, f_max=44, generated=5,141
[00:00:01:57:174] Expansion 20,000: f=41, g=14
[00:00:03:50:708] Expansion 40,000: f=40, g=19
[00:00:04:22:195] Path of length 39 found: [0, 9, 18, 27, 28, 37, 46, 45, 54, 63, 64, 65, 56, 57, 58, 59, 50, 41, 40, 31, 30, 21, 20, 11, 2, 3, 4, 5, 6, 7, 16, 25, 34, 35, 44, 53, 52, 61, 70, 71]
[00:00:04:22:782] ! Bidirectional. expansions: 42,562, time: 262,195 [ms], path length: 39 [edges], g_F: 21, g_B: 18, generated: 79,765, MM: 3, MMPER: 6.5%

[00:00:04:22:783] average expansions: (5,669, 5,270, 21,219, 0)
[00:00:04:22:783] average time: (91,333, 84,913, 134,884, 0)
[00:00:04:22:783] XA*: 5,270 , 84,913 (expansions , time[ms])
[00:00:04:22:783] XMM: 21,219 , 134,884 (expansions , time[ms])

