------------------------------------
Thu 01 Oct 2026 12:47:40 IDT
SLURM_JOBID:		21944752
SLURM_JOB_NODELIST:	ise-cpu256-01
SLURM_SCRATCH_DIR:	/scratch/shubit/21944752
Allocated Resouces:	cpu - 2 / mem - 61440 MB / gpu - 
SLURM_GPU_INDEX:	
Running as shubit from shimony account with normal QOS
------------------------------------
Thu 01 Oct 2026 12:47:40 IDT

SLURM_JOBID:		 21944752
SLURM_JOB_NODELIST:	 ise-cpu256-01 

--------------------------
date: SM_Grids
number_of_graphs: 10
graph_type: grid
size_of_graphs: [8, 8]
heuristic: bcc_heuristic
snake: True
run_uni: True
run_bi: True
run_multi: False
solution_vertices: []
algorithms: ['IDA']
lookahead: 4
bsd: False
cube_first_dims: 4
cube_buffer_dim: None
backward_sym_generation: False
sym_coil: False
prefix_set: None

---------- SM_Grids/8x8_grid_with_random_blocks_12per_0 ----------
[00:00:00:06:476] Path of length 36 found: [0, 8, 16, 24, 25, 33, 41, 40, 48, 56, 57, 58, 50, 51, 52, 53, 45, 37, 36, 35, 27, 19, 18, 10, 2, 3, 4, 12, 13, 21, 22, 30, 31, 39, 47, 55, 63]
[00:00:00:06:477] ! Unidirectional s-t. expansions: 287, time: 6,477 [ms], path length: 36 [edges], generated: 4,713
[00:00:00:02:983] Path of length 36 found: [63, 55, 47, 39, 31, 30, 22, 14, 13, 12, 4, 3, 2, 10, 18, 19, 27, 28, 36, 37, 45, 53, 61, 60, 59, 58, 57, 56, 48, 40, 41, 33, 25, 24, 16, 8, 0]
[00:00:00:02:983] ! Unidirectional t-s. expansions: 141, time: 2,983 [ms], path length: 36 [edges], generated: 2,553
[00:00:00:02:780] Path of length 36 found: [0, 8, 16, 24, 25, 33, 41, 40, 48, 56, 57, 58, 59, 60, 61, 53, 45, 37, 36, 35, 27, 19, 18, 10, 2, 3, 4, 12, 13, 14, 22, 30, 31, 39, 47, 55, 63]
[00:00:00:03:282] ! Bidirectional. expansions: 141, time: 2,781 [ms], path length: 36 [edges], g_F: 18, g_B: 18, generated: 0, MM: 0, MMPER: -1.0%
[00:00:00:03:282] 
---------- SM_Grids/8x8_grid_with_random_blocks_12per_1 ----------
[00:00:00:28:175] Path of length 32 found: [0, 8, 9, 10, 2, 3, 4, 5, 6, 14, 22, 21, 20, 19, 27, 26, 25, 33, 41, 49, 50, 58, 59, 60, 52, 44, 36, 37, 38, 46, 54, 62, 63]
[00:00:00:28:175] ! Unidirectional s-t. expansions: 1,114, time: 28,175 [ms], path length: 32 [edges], generated: 24,997
[00:00:00:31:281] Path of length 32 found: [63, 55, 47, 39, 38, 37, 36, 44, 52, 60, 59, 58, 50, 49, 41, 33, 34, 26, 27, 19, 20, 21, 22, 14, 6, 5, 4, 3, 2, 10, 9, 8, 0]
[00:00:00:31:281] ! Unidirectional t-s. expansions: 1,971, time: 31,281 [ms], path length: 32 [edges], generated: 32,682
[00:00:00:37:088] Path of length 32 found: [0, 8, 9, 10, 2, 3, 4, 5, 6, 14, 22, 21, 20, 19, 27, 26, 25, 33, 41, 49, 50, 58, 59, 60, 52, 44, 36, 37, 38, 39, 47, 55, 63]
[00:00:00:37:631] ! Bidirectional. expansions: 1,826, time: 37,088 [ms], path length: 32 [edges], g_F: 16, g_B: 16, generated: 0, MM: 0, MMPER: -1.0%
[00:00:00:37:631] 
---------- SM_Grids/8x8_grid_with_random_blocks_12per_2 ----------
[00:00:00:06:202] Path of length 34 found: [0, 1, 2, 3, 4, 12, 13, 14, 15, 23, 31, 30, 38, 46, 45, 44, 36, 28, 27, 19, 18, 17, 16, 24, 32, 33, 34, 42, 50, 58, 59, 60, 61, 62, 63]
[00:00:00:06:202] ! Unidirectional s-t. expansions: 304, time: 6,202 [ms], path length: 34 [edges], generated: 4,676
[00:00:00:07:420] Path of length 34 found: [63, 55, 47, 46, 38, 30, 31, 23, 15, 14, 13, 5, 4, 3, 2, 10, 18, 19, 27, 28, 36, 44, 52, 60, 59, 58, 50, 42, 34, 33, 25, 24, 16, 8, 0]
[00:00:00:07:420] ! Unidirectional t-s. expansions: 346, time: 7,420 [ms], path length: 34 [edges], generated: 6,054
[00:00:00:10:496] Path of length 34 found: [0, 1, 2, 3, 4, 12, 13, 14, 15, 23, 31, 30, 29, 28, 27, 19, 18, 17, 16, 24, 32, 33, 34, 42, 50, 58, 59, 60, 52, 44, 45, 46, 47, 55, 63]
[00:00:00:10:981] ! Bidirectional. expansions: 465, time: 10,496 [ms], path length: 34 [edges], g_F: 17, g_B: 17, generated: 0, MM: 0, MMPER: -1.0%
[00:00:00:10:981] 
---------- SM_Grids/8x8_grid_with_random_blocks_12per_3 ----------
[00:00:00:52:265] Path of length 34 found: [0, 8, 16, 24, 32, 33, 41, 49, 57, 58, 59, 60, 52, 44, 43, 35, 27, 19, 18, 10, 2, 3, 4, 5, 6, 7, 15, 23, 22, 30, 38, 39, 47, 55, 63]
[00:00:00:52:265] ! Unidirectional s-t. expansions: 4,499, time: 52,265 [ms], path length: 34 [edges], generated: 54,293
[00:00:01:08:142] Path of length 34 found: [63, 62, 54, 46, 47, 39, 31, 30, 22, 14, 6, 5, 4, 12, 20, 19, 27, 35, 43, 44, 52, 60, 59, 58, 57, 49, 41, 33, 32, 24, 16, 17, 9, 1, 0]
[00:00:01:08:143] ! Unidirectional t-s. expansions: 6,265, time: 68,142 [ms], path length: 34 [edges], generated: 76,060
[00:00:00:42:184] Path of length 34 found: [0, 8, 16, 24, 32, 33, 41, 49, 57, 58, 59, 51, 52, 44, 36, 35, 27, 19, 18, 10, 2, 3, 4, 5, 6, 14, 22, 30, 31, 39, 47, 46, 54, 62, 63]
[00:00:00:42:649] ! Bidirectional. expansions: 2,536, time: 42,184 [ms], path length: 34 [edges], g_F: 17, g_B: 17, generated: 0, MM: 0, MMPER: -1.0%
[00:00:00:42:650] 
---------- SM_Grids/8x8_grid_with_random_blocks_12per_4 ----------
[00:00:00:19:901] Path of length 34 found: [0, 8, 16, 24, 25, 26, 18, 10, 11, 12, 4, 5, 6, 14, 22, 23, 31, 39, 38, 37, 36, 35, 43, 42, 41, 49, 57, 58, 59, 60, 52, 53, 54, 62, 63]
[00:00:00:19:901] ! Unidirectional s-t. expansions: 897, time: 19,901 [ms], path length: 34 [edges], generated: 15,993
[00:00:00:30:312] Path of length 34 found: [63, 55, 54, 53, 61, 60, 59, 58, 57, 49, 41, 42, 34, 35, 27, 28, 29, 37, 38, 39, 31, 23, 22, 14, 6, 5, 4, 12, 11, 10, 18, 17, 16, 8, 0]
[00:00:00:30:312] ! Unidirectional t-s. expansions: 1,088, time: 30,312 [ms], path length: 34 [edges], generated: 25,448
[00:00:00:32:284] Path of length 34 found: [0, 8, 16, 24, 25, 26, 18, 10, 11, 12, 4, 5, 6, 14, 22, 23, 31, 39, 38, 37, 36, 35, 43, 42, 41, 49, 57, 58, 59, 60, 61, 53, 54, 55, 63]
[00:00:00:32:740] ! Bidirectional. expansions: 1,206, time: 32,284 [ms], path length: 34 [edges], g_F: 17, g_B: 17, generated: 0, MM: 0, MMPER: -1.0%
[00:00:00:32:740] 
---------- SM_Grids/8x8_grid_with_random_blocks_12per_5 ----------
[00:00:00:30:946] Path of length 34 found: [0, 1, 2, 3, 4, 5, 6, 14, 15, 23, 31, 39, 47, 46, 45, 37, 29, 21, 20, 19, 18, 17, 16, 24, 32, 33, 34, 35, 43, 51, 59, 60, 61, 62, 63]
[00:00:00:30:946] ! Unidirectional s-t. expansions: 1,580, time: 30,946 [ms], path length: 34 [edges], generated: 27,167
[00:00:00:40:050] Path of length 34 found: [63, 55, 47, 39, 31, 23, 15, 14, 6, 5, 4, 3, 11, 19, 27, 28, 29, 37, 45, 53, 61, 60, 59, 51, 43, 42, 34, 33, 32, 24, 16, 17, 9, 1, 0]
[00:00:00:40:051] ! Unidirectional t-s. expansions: 2,195, time: 40,050 [ms], path length: 34 [edges], generated: 35,395
[00:00:00:30:345] Path of length 34 found: [0, 1, 9, 17, 16, 24, 32, 40, 41, 42, 50, 58, 59, 60, 52, 44, 45, 37, 29, 28, 27, 19, 11, 3, 4, 5, 6, 14, 15, 23, 31, 39, 47, 55, 63]
[00:00:00:30:811] ! Bidirectional. expansions: 1,537, time: 30,345 [ms], path length: 34 [edges], g_F: 17, g_B: 17, generated: 0, MM: 0, MMPER: -1.0%
[00:00:00:30:811] 
---------- SM_Grids/8x8_grid_with_random_blocks_12per_6 ----------
[00:00:00:28:215] Path of length 34 found: [0, 8, 9, 10, 2, 3, 4, 5, 6, 7, 15, 23, 22, 21, 20, 19, 27, 26, 25, 24, 32, 40, 48, 49, 50, 42, 43, 44, 36, 37, 38, 46, 54, 62, 63]
[00:00:00:28:215] ! Unidirectional s-t. expansions: 1,393, time: 28,215 [ms], path length: 34 [edges], generated: 23,122
[00:00:00:14:093] Path of length 34 found: [63, 62, 54, 46, 38, 37, 36, 44, 43, 42, 50, 49, 48, 40, 32, 24, 25, 26, 27, 19, 20, 21, 22, 23, 15, 7, 6, 5, 4, 3, 2, 10, 9, 8, 0]
[00:00:00:14:093] ! Unidirectional t-s. expansions: 517, time: 14,093 [ms], path length: 34 [edges], generated: 11,544
[00:00:00:21:098] Path of length 34 found: [0, 8, 9, 10, 2, 3, 4, 5, 6, 7, 15, 23, 22, 21, 20, 19, 27, 26, 25, 24, 32, 40, 48, 49, 50, 42, 43, 44, 36, 37, 38, 46, 54, 62, 63]
[00:00:00:21:562] ! Bidirectional. expansions: 989, time: 21,098 [ms], path length: 34 [edges], g_F: 17, g_B: 17, generated: 0, MM: 0, MMPER: -1.0%
[00:00:00:21:562] 
---------- SM_Grids/8x8_grid_with_random_blocks_12per_7 ----------
[00:00:00:18:673] Path of length 36 found: [0, 8, 16, 24, 25, 33, 41, 40, 48, 56, 57, 58, 59, 60, 61, 53, 45, 44, 36, 35, 27, 19, 20, 12, 13, 5, 6, 7, 15, 23, 22, 30, 38, 39, 47, 55, 63]
[00:00:00:18:673] ! Unidirectional s-t. expansions: 875, time: 18,673 [ms], path length: 36 [edges], generated: 16,228
[00:00:00:25:451] Path of length 36 found: [63, 55, 47, 39, 38, 30, 22, 23, 15, 7, 6, 5, 13, 12, 20, 28, 27, 35, 43, 44, 45, 53, 61, 60, 59, 58, 57, 49, 48, 40, 32, 33, 25, 17, 9, 8, 0]
[00:00:00:25:451] ! Unidirectional t-s. expansions: 1,329, time: 25,451 [ms], path length: 36 [edges], generated: 22,472
[00:00:00:15:174] Path of length 36 found: [0, 8, 9, 17, 25, 24, 32, 40, 48, 56, 57, 58, 59, 60, 61, 53, 45, 44, 36, 35, 27, 19, 20, 12, 13, 5, 6, 7, 15, 23, 22, 30, 38, 39, 47, 55, 63]
[00:00:00:15:655] ! Bidirectional. expansions: 725, time: 15,174 [ms], path length: 36 [edges], g_F: 18, g_B: 18, generated: 0, MM: 0, MMPER: -1.0%
[00:00:00:15:655] 
---------- SM_Grids/8x8_grid_with_random_blocks_12per_8 ----------
[00:00:00:18:515] Path of length 36 found: [0, 1, 2, 10, 18, 17, 16, 24, 32, 33, 41, 49, 57, 58, 59, 60, 52, 44, 43, 35, 27, 28, 20, 12, 4, 5, 6, 7, 15, 23, 22, 30, 38, 46, 47, 55, 63]
[00:00:00:18:516] ! Unidirectional s-t. expansions: 653, time: 18,515 [ms], path length: 36 [edges], generated: 13,421
[00:00:00:14:201] Path of length 36 found: [63, 55, 47, 39, 38, 30, 22, 23, 15, 7, 6, 5, 4, 12, 20, 28, 27, 35, 43, 44, 52, 60, 59, 58, 57, 49, 41, 33, 32, 24, 16, 17, 18, 10, 2, 1, 0]
[00:00:00:14:201] ! Unidirectional t-s. expansions: 727, time: 14,201 [ms], path length: 36 [edges], generated: 12,874
[00:00:00:16:151] Path of length 36 found: [0, 1, 2, 10, 18, 17, 16, 24, 32, 33, 41, 49, 57, 58, 59, 60, 52, 44, 43, 35, 27, 28, 20, 12, 4, 5, 6, 7, 15, 23, 22, 30, 38, 39, 47, 55, 63]
[00:00:00:16:623] ! Bidirectional. expansions: 741, time: 16,151 [ms], path length: 36 [edges], g_F: 18, g_B: 18, generated: 0, MM: 0, MMPER: -1.0%
[00:00:00:16:623] 
---------- SM_Grids/8x8_grid_with_random_blocks_12per_9 ----------
[00:00:00:28:941] Path of length 36 found: [0, 8, 9, 10, 11, 19, 20, 21, 13, 5, 6, 7, 15, 23, 31, 30, 38, 37, 36, 35, 34, 26, 25, 24, 32, 40, 48, 56, 57, 58, 50, 51, 52, 60, 61, 62, 63]
[00:00:00:28:941] ! Unidirectional s-t. expansions: 1,803, time: 28,941 [ms], path length: 36 [edges], generated: 25,342
[00:00:00:35:723] Path of length 36 found: [63, 62, 61, 53, 45, 46, 38, 30, 31, 23, 15, 7, 6, 5, 13, 21, 20, 28, 36, 35, 43, 51, 50, 58, 57, 56, 48, 40, 41, 33, 25, 26, 18, 10, 2, 1, 0]
[00:00:00:35:724] ! Unidirectional t-s. expansions: 1,885, time: 35,723 [ms], path length: 36 [edges], generated: 30,262
[00:00:00:30:867] Path of length 36 found: [0, 8, 9, 10, 11, 19, 20, 21, 13, 5, 6, 7, 15, 23, 31, 30, 38, 37, 36, 35, 34, 26, 25, 24, 32, 40, 48, 56, 57, 58, 50, 51, 52, 60, 61, 62, 63]
[00:00:00:31:338] ! Bidirectional. expansions: 1,577, time: 30,867 [ms], path length: 36 [edges], g_F: 18, g_B: 18, generated: 0, MM: 0, MMPER: -1.0%

[00:00:00:31:338] average expansions: (1,340, 1,646, 1,174, 0)
[00:00:00:31:338] average time: (23,831, 26,966, 23,847, 0)
[00:00:00:31:338] XIDA: 1,340 , 23,831 (expansions , time[ms])
[00:00:00:31:338] BiXIDA: 1,174 , 23,847 (expansions , time[ms])

