------------------------------------
Thu 01 Oct 2026 11:14:44 IDT
SLURM_JOBID:		21943060
SLURM_JOB_NODELIST:	ise-cpu256-10
SLURM_SCRATCH_DIR:	/scratch/shubit/21943060
Allocated Resouces:	cpu - 2 / mem - 61440 MB / gpu - 
SLURM_GPU_INDEX:	
Running as shubit from shimony account with normal QOS
------------------------------------
Thu 01 Oct 2026 11:14:44 IDT

SLURM_JOBID:		 21943060
SLURM_JOB_NODELIST:	 ise-cpu256-10 

--------------------------
date: SM_Grids
number_of_graphs: 10
graph_type: grid
size_of_graphs: [8, 9]
heuristic: bcc_heuristic
snake: True
run_uni: True
run_bi: True
run_multi: False
solution_vertices: []
algorithms: ['A']
lookahead: -1
bsd: False
cube_first_dims: 4
cube_buffer_dim: None
backward_sym_generation: False
sym_coil: False
prefix_set: None

---------- SM_Grids/8x9_grid_with_random_blocks_20per_0 ----------
[00:00:00:01:021] Path of length 21 found: [0, 9, 18, 19, 20, 11, 2, 3, 4, 13, 14, 23, 24, 25, 26, 35, 44, 43, 52, 61, 70, 71]
[00:00:00:01:021] ! Unidirectional s-t. expansions: 243, time: 1,021 [ms], path length: 21 [edges], generated: 417
[00:00:00:14:318] Path of length 21 found: [71, 70, 61, 52, 43, 44, 35, 26, 25, 24, 15, 14, 5, 4, 3, 2, 11, 20, 19, 18, 9, 0]
[00:00:00:14:318] ! Unidirectional t-s. expansions: 6,462, time: 14,318 [ms], path length: 21 [edges], generated: 6,923
[00:00:00:01:643] Path of length 21 found: [0, 9, 18, 19, 20, 11, 2, 3, 4, 13, 14, 15, 24, 25, 26, 35, 44, 43, 52, 61, 70, 71]
[00:00:00:02:139] ! Bidirectional. expansions: 471, time: 1,643 [ms], path length: 21 [edges], g_F: 11, g_B: 10, generated: 0, MM: 1, MMPER: 3.545454545454546%
[00:00:00:02:139] 
---------- SM_Grids/8x9_grid_with_random_blocks_20per_1 ----------
[00:00:00:00:504] Path of length 35 found: [0, 9, 18, 19, 20, 11, 2, 3, 4, 13, 22, 31, 30, 39, 38, 47, 56, 65, 66, 67, 58, 49, 50, 41, 42, 33, 24, 25, 26, 35, 44, 53, 52, 61, 70, 71]
[00:00:00:00:504] ! Unidirectional s-t. expansions: 91, time: 504 [ms], path length: 35 [edges], generated: 164
[00:00:00:01:233] Path of length 35 found: [71, 70, 61, 52, 53, 44, 35, 26, 25, 24, 33, 42, 41, 50, 49, 58, 67, 66, 65, 56, 47, 38, 39, 30, 31, 22, 13, 4, 3, 2, 11, 20, 19, 18, 9, 0]
[00:00:00:01:233] ! Unidirectional t-s. expansions: 318, time: 1,233 [ms], path length: 35 [edges], generated: 526
[00:00:00:00:849] Path of length 35 found: [0, 9, 18, 19, 20, 11, 2, 3, 4, 13, 22, 31, 30, 39, 38, 47, 56, 65, 66, 67, 58, 49, 50, 41, 42, 33, 24, 25, 26, 35, 44, 53, 52, 61, 70, 71]
[00:00:00:01:319] ! Bidirectional. expansions: 180, time: 849 [ms], path length: 35 [edges], g_F: 18, g_B: 17, generated: 0, MM: 1, MMPER: 1.7777777777777777%
[00:00:00:01:320] 
---------- SM_Grids/8x9_grid_with_random_blocks_20per_2 ----------
[00:00:00:03:444] Path of length 29 found: [0, 9, 10, 19, 20, 29, 38, 47, 56, 65, 66, 67, 58, 49, 40, 31, 22, 13, 14, 15, 16, 25, 34, 43, 42, 51, 60, 69, 70, 71]
[00:00:00:03:444] ! Unidirectional s-t. expansions: 750, time: 3,444 [ms], path length: 29 [edges], generated: 1,466
[00:00:00:01:367] Path of length 29 found: [71, 70, 69, 60, 51, 52, 43, 34, 25, 16, 15, 14, 13, 22, 31, 40, 49, 58, 67, 66, 65, 56, 47, 46, 37, 28, 19, 10, 1, 0]
[00:00:00:01:367] ! Unidirectional t-s. expansions: 281, time: 1,367 [ms], path length: 29 [edges], generated: 525
[00:00:00:03:451] Path of length 29 found: [0, 9, 10, 19, 20, 29, 30, 31, 22, 13, 14, 15, 16, 25, 34, 43, 52, 51, 50, 49, 48, 47, 56, 65, 66, 67, 68, 69, 70, 71]
[00:00:00:03:929] ! Bidirectional. expansions: 1,084, time: 3,451 [ms], path length: 29 [edges], g_F: 15, g_B: 14, generated: 0, MM: 1, MMPER: 2.3333333333333335%
[00:00:00:03:929] 
---------- SM_Grids/8x9_grid_with_random_blocks_20per_3 ----------
[00:00:00:01:459] Path of length 33 found: [0, 1, 10, 11, 12, 3, 4, 5, 6, 7, 8, 17, 26, 25, 24, 23, 22, 31, 40, 39, 38, 47, 56, 65, 66, 67, 58, 59, 60, 51, 52, 53, 62, 71]
[00:00:00:01:459] ! Unidirectional s-t. expansions: 330, time: 1,459 [ms], path length: 33 [edges], generated: 563
[00:00:00:08:276] Path of length 33 found: [71, 62, 53, 52, 51, 60, 59, 58, 67, 66, 65, 56, 47, 48, 39, 40, 31, 32, 23, 24, 25, 26, 17, 8, 7, 6, 5, 4, 13, 12, 11, 2, 1, 0]
[00:00:00:08:276] ! Unidirectional t-s. expansions: 2,433, time: 8,276 [ms], path length: 33 [edges], generated: 3,770
[00:00:00:04:377] Path of length 33 found: [0, 1, 10, 11, 12, 3, 4, 5, 6, 7, 8, 17, 26, 25, 24, 23, 22, 31, 40, 39, 38, 47, 56, 65, 66, 67, 68, 69, 60, 51, 52, 53, 62, 71]
[00:00:00:04:853] ! Bidirectional. expansions: 1,265, time: 4,377 [ms], path length: 33 [edges], g_F: 17, g_B: 16, generated: 0, MM: 1, MMPER: 1.9411764705882355%
[00:00:00:04:853] 
---------- SM_Grids/8x9_grid_with_random_blocks_20per_4 ----------
[00:00:00:01:921] Path of length 27 found: [0, 9, 10, 19, 20, 21, 22, 13, 4, 5, 6, 7, 8, 17, 26, 35, 34, 33, 32, 41, 40, 49, 58, 59, 68, 69, 70, 71]
[00:00:00:01:921] ! Unidirectional s-t. expansions: 462, time: 1,921 [ms], path length: 27 [edges], generated: 738
[00:00:00:01:181] Path of length 27 found: [71, 62, 61, 60, 59, 58, 49, 40, 41, 32, 33, 34, 35, 26, 17, 8, 7, 6, 5, 4, 13, 22, 21, 20, 11, 10, 1, 0]
[00:00:00:01:181] ! Unidirectional t-s. expansions: 258, time: 1,181 [ms], path length: 27 [edges], generated: 428
[00:00:00:02:256] Path of length 27 found: [0, 9, 10, 19, 20, 21, 22, 13, 4, 5, 6, 7, 8, 17, 26, 35, 34, 33, 32, 41, 40, 49, 58, 59, 60, 61, 62, 71]
[00:00:00:02:722] ! Bidirectional. expansions: 575, time: 2,256 [ms], path length: 27 [edges], g_F: 14, g_B: 13, generated: 0, MM: 1, MMPER: 2.5714285714285716%
[00:00:00:02:722] 
---------- SM_Grids/8x9_grid_with_random_blocks_20per_5 ----------
[00:00:00:02:350] Path of length 29 found: [0, 1, 10, 19, 18, 27, 36, 45, 54, 55, 56, 47, 38, 39, 40, 31, 22, 13, 4, 5, 6, 15, 16, 17, 26, 35, 44, 53, 62, 71]
[00:00:00:02:350] ! Unidirectional s-t. expansions: 590, time: 2,350 [ms], path length: 29 [edges], generated: 977
[00:00:00:03:430] Path of length 29 found: [71, 62, 53, 44, 35, 26, 17, 16, 15, 6, 5, 4, 13, 22, 31, 40, 39, 38, 47, 56, 55, 54, 45, 36, 27, 18, 19, 10, 1, 0]
[00:00:00:03:430] ! Unidirectional t-s. expansions: 810, time: 3,430 [ms], path length: 29 [edges], generated: 1,393
[00:00:00:03:344] Path of length 29 found: [0, 1, 10, 19, 18, 27, 36, 45, 54, 55, 56, 47, 38, 39, 40, 31, 22, 13, 4, 5, 6, 15, 16, 17, 26, 35, 44, 53, 62, 71]
[00:00:00:03:817] ! Bidirectional. expansions: 984, time: 3,344 [ms], path length: 29 [edges], g_F: 15, g_B: 14, generated: 0, MM: 1, MMPER: 2.3333333333333335%
[00:00:00:03:817] 
---------- SM_Grids/8x9_grid_with_random_blocks_20per_6 ----------
[00:00:00:00:860] Path of length 35 found: [0, 9, 10, 11, 2, 3, 4, 5, 6, 15, 24, 23, 22, 21, 30, 29, 28, 27, 36, 45, 46, 47, 56, 65, 66, 67, 68, 59, 50, 41, 42, 43, 52, 53, 62, 71]
[00:00:00:00:861] ! Unidirectional s-t. expansions: 195, time: 860 [ms], path length: 35 [edges], generated: 314
[00:00:00:01:092] Path of length 35 found: [71, 62, 53, 52, 43, 42, 41, 50, 59, 68, 67, 66, 57, 56, 47, 46, 45, 36, 27, 28, 29, 30, 31, 22, 23, 24, 15, 6, 5, 4, 3, 2, 11, 10, 9, 0]
[00:00:00:01:092] ! Unidirectional t-s. expansions: 274, time: 1,092 [ms], path length: 35 [edges], generated: 412
[00:00:00:00:850] Path of length 35 found: [0, 9, 10, 11, 2, 3, 4, 5, 6, 15, 24, 23, 22, 21, 30, 29, 28, 27, 36, 45, 46, 47, 56, 57, 66, 67, 68, 59, 50, 41, 42, 43, 52, 53, 62, 71]
[00:00:00:01:328] ! Bidirectional. expansions: 210, time: 850 [ms], path length: 35 [edges], g_F: 18, g_B: 17, generated: 0, MM: 1, MMPER: 1.7777777777777777%
[00:00:00:01:328] 
---------- SM_Grids/8x9_grid_with_random_blocks_20per_7 ----------
[00:00:00:03:939] Path of length 23 found: [0, 1, 10, 11, 20, 29, 28, 27, 36, 45, 54, 55, 56, 47, 48, 39, 40, 41, 50, 59, 60, 61, 70, 71]
[00:00:00:03:939] ! Unidirectional s-t. expansions: 1,095, time: 3,939 [ms], path length: 23 [edges], generated: 1,756
[00:00:00:08:634] Path of length 23 found: [71, 62, 53, 44, 43, 42, 51, 50, 49, 48, 57, 56, 55, 46, 45, 36, 27, 28, 29, 20, 11, 10, 1, 0]
[00:00:00:08:635] ! Unidirectional t-s. expansions: 2,157, time: 8,634 [ms], path length: 23 [edges], generated: 3,695
[00:00:00:05:396] Path of length 23 found: [0, 1, 10, 11, 20, 29, 28, 27, 36, 45, 54, 55, 56, 47, 48, 49, 50, 51, 42, 43, 44, 53, 62, 71]
[00:00:00:05:900] ! Bidirectional. expansions: 1,829, time: 5,396 [ms], path length: 23 [edges], g_F: 12, g_B: 11, generated: 0, MM: 1, MMPER: 3.166666666666667%
[00:00:00:05:900] 
---------- SM_Grids/8x9_grid_with_random_blocks_20per_8 ----------
[00:00:00:03:457] Path of length 25 found: [0, 1, 10, 19, 20, 21, 30, 31, 32, 23, 24, 25, 34, 43, 42, 51, 50, 49, 48, 57, 66, 67, 68, 69, 70, 71]
[00:00:00:03:457] ! Unidirectional s-t. expansions: 647, time: 3,457 [ms], path length: 25 [edges], generated: 1,327
[00:00:00:01:743] Path of length 25 found: [71, 70, 61, 60, 59, 68, 67, 66, 57, 48, 49, 40, 41, 42, 43, 34, 25, 24, 23, 22, 13, 12, 11, 2, 1, 0]
[00:00:00:01:743] ! Unidirectional t-s. expansions: 317, time: 1,743 [ms], path length: 25 [edges], generated: 647
[00:00:00:04:406] Path of length 25 found: [0, 1, 10, 19, 20, 21, 30, 31, 32, 23, 24, 25, 34, 43, 52, 51, 50, 49, 48, 57, 66, 67, 68, 69, 70, 71]
[00:00:00:04:884] ! Bidirectional. expansions: 1,160, time: 4,406 [ms], path length: 25 [edges], g_F: 13, g_B: 12, generated: 0, MM: 1, MMPER: 2.8461538461538463%
[00:00:00:04:884] 
---------- SM_Grids/8x9_grid_with_random_blocks_20per_9 ----------
[00:00:00:00:830] Path of length 31 found: [0, 1, 2, 3, 4, 5, 14, 23, 22, 31, 30, 29, 38, 37, 46, 55, 56, 57, 48, 49, 50, 41, 42, 33, 34, 35, 44, 53, 52, 61, 70, 71]
[00:00:00:00:830] ! Unidirectional s-t. expansions: 157, time: 830 [ms], path length: 31 [edges], generated: 307
[00:00:00:02:233] Path of length 31 found: [71, 70, 61, 52, 53, 44, 35, 34, 33, 42, 41, 50, 49, 48, 57, 56, 55, 46, 37, 38, 29, 30, 31, 22, 23, 14, 5, 4, 3, 2, 1, 0]
[00:00:00:02:233] ! Unidirectional t-s. expansions: 494, time: 2,233 [ms], path length: 31 [edges], generated: 842
[00:00:00:01:610] Path of length 31 found: [0, 1, 2, 3, 4, 5, 14, 23, 22, 31, 30, 29, 38, 37, 46, 55, 56, 57, 48, 49, 50, 41, 42, 33, 34, 35, 44, 53, 52, 61, 70, 71]
[00:00:00:02:086] ! Bidirectional. expansions: 387, time: 1,610 [ms], path length: 31 [edges], g_F: 16, g_B: 15, generated: 0, MM: 1, MMPER: 2.125%

[00:00:00:02:086] average expansions: (456, 1,380, 814, 0)
[00:00:00:02:086] average time: (1,978, 4,351, 2,818, 0)
[00:00:00:02:086] XA*: 456 , 1,978 (expansions , time[ms])
[00:00:00:02:086] BiXA*: 814 , 2,818 (expansions , time[ms])

