------------------------------------
Thu 01 Oct 2026 14:34:23 IDT
SLURM_JOBID:		21950259
SLURM_JOB_NODELIST:	ise-cpu256-01
SLURM_SCRATCH_DIR:	/scratch/shubit/21950259
Allocated Resouces:	cpu - 2 / mem - 61440 MB / gpu - 
SLURM_GPU_INDEX:	
Running as shubit from shimony account with normal QOS
------------------------------------
Thu 01 Oct 2026 14:34:24 IDT

SLURM_JOBID:		 21950259
SLURM_JOB_NODELIST:	 ise-cpu256-01 

--------------------------
date: SM_Grids
number_of_graphs: 10
graph_type: grid
size_of_graphs: [8, 8]
heuristic: bcc_heuristic
snake: True
run_uni: True
run_bi: True
run_multi: False
solution_vertices: []
algorithms: ['DFBnB']
lookahead: -2
bsd: False
cube_first_dims: 4
cube_buffer_dim: None
backward_sym_generation: False
sym_coil: False
prefix_set: None

---------- SM_Grids/8x8_grid_with_random_blocks_12per_0 ----------
[00:00:00:01:968] Path of length 36 found: [0, 8, 16, 24, 25, 33, 41, 40, 48, 56, 57, 58, 50, 51, 52, 53, 45, 37, 36, 35, 27, 19, 18, 10, 2, 3, 4, 12, 13, 21, 22, 30, 31, 39, 47, 55, 63]
[00:00:00:01:968] ! Unidirectional s-t. expansions: 525, time: 1,968 [ms], path length: 36 [edges], generated: 805
[00:00:00:00:958] Path of length 36 found: [63, 55, 47, 39, 31, 30, 22, 14, 13, 12, 4, 3, 2, 10, 18, 19, 27, 28, 36, 37, 45, 53, 61, 60, 59, 58, 57, 56, 48, 40, 41, 33, 25, 24, 16, 8, 0]
[00:00:00:00:959] ! Unidirectional t-s. expansions: 251, time: 958 [ms], path length: 36 [edges], generated: 406
[00:00:00:01:692] Path of length 36 found: [0, 8, 16, 24, 25, 33, 41, 40, 48, 56, 57, 58, 50, 51, 52, 53, 45, 37, 36, 35, 27, 19, 18, 10, 2, 3, 4, 12, 13, 14, 22, 30, 31, 39, 47, 55, 63]
[00:00:00:02:161] ! Bidirectional. expansions: 398, time: 1,692 [ms], path length: 36 [edges], g_F: 29, g_B: 7, generated: 0, MM: 22, MMPER: 58.45945945945946%
[00:00:00:02:161] 
---------- SM_Grids/8x8_grid_with_random_blocks_12per_1 ----------
[00:00:00:06:475] Path of length 32 found: [0, 8, 9, 10, 2, 3, 4, 5, 6, 14, 22, 21, 20, 19, 27, 26, 25, 33, 41, 49, 50, 58, 59, 60, 61, 53, 45, 37, 38, 39, 47, 55, 63]
[00:00:00:06:475] ! Unidirectional s-t. expansions: 1,619, time: 6,475 [ms], path length: 32 [edges], generated: 2,869
[00:00:00:09:717] Path of length 32 found: [63, 55, 47, 39, 38, 37, 36, 44, 52, 60, 59, 58, 50, 49, 41, 33, 34, 26, 27, 19, 20, 21, 22, 14, 6, 5, 4, 3, 2, 10, 9, 8, 0]
[00:00:00:09:718] ! Unidirectional t-s. expansions: 2,618, time: 9,718 [ms], path length: 32 [edges], generated: 4,495
[00:00:00:12:213] Path of length 32 found: [0, 8, 9, 10, 2, 3, 4, 5, 6, 14, 22, 21, 20, 19, 27, 26, 25, 33, 41, 49, 50, 58, 59, 60, 61, 53, 45, 37, 38, 39, 47, 55, 63]
[00:00:00:12:648] ! Bidirectional. expansions: 3,008, time: 12,213 [ms], path length: 32 [edges], g_F: 27, g_B: 5, generated: 0, MM: 22, MMPER: 65.66666666666667%
[00:00:00:12:648] 
---------- SM_Grids/8x8_grid_with_random_blocks_12per_2 ----------
[00:00:00:01:901] Path of length 34 found: [0, 8, 16, 24, 32, 33, 34, 42, 50, 58, 59, 60, 52, 44, 36, 28, 27, 19, 18, 10, 2, 3, 4, 12, 13, 14, 15, 23, 31, 30, 38, 46, 54, 62, 63]
[00:00:00:01:901] ! Unidirectional s-t. expansions: 453, time: 1,901 [ms], path length: 34 [edges], generated: 764
[00:00:00:02:599] Path of length 34 found: [63, 55, 47, 46, 38, 30, 31, 23, 15, 14, 13, 5, 4, 3, 2, 10, 18, 19, 27, 28, 36, 44, 52, 60, 59, 58, 50, 42, 34, 33, 25, 24, 16, 8, 0]
[00:00:00:02:599] ! Unidirectional t-s. expansions: 617, time: 2,599 [ms], path length: 34 [edges], generated: 1,067
[00:00:00:02:949] Path of length 34 found: [0, 8, 16, 24, 32, 33, 34, 42, 50, 58, 59, 60, 52, 44, 36, 28, 27, 19, 18, 10, 2, 3, 4, 12, 13, 14, 15, 23, 31, 30, 38, 46, 47, 55, 63]
[00:00:00:03:381] ! Bidirectional. expansions: 703, time: 2,949 [ms], path length: 34 [edges], g_F: 29, g_B: 5, generated: 0, MM: 24, MMPER: 67.57142857142857%
[00:00:00:03:381] 
---------- SM_Grids/8x8_grid_with_random_blocks_12per_3 ----------
[00:00:00:20:882] Path of length 34 found: [0, 8, 16, 24, 32, 33, 41, 49, 57, 58, 59, 60, 52, 44, 43, 35, 27, 19, 18, 10, 2, 3, 4, 12, 13, 14, 15, 23, 31, 30, 38, 46, 54, 62, 63]
[00:00:00:20:883] ! Unidirectional s-t. expansions: 6,805, time: 20,882 [ms], path length: 34 [edges], generated: 10,648
[00:00:00:26:093] Path of length 34 found: [63, 62, 54, 46, 47, 39, 31, 30, 22, 14, 6, 5, 4, 3, 2, 10, 18, 26, 27, 35, 36, 44, 52, 60, 59, 58, 57, 49, 41, 33, 32, 24, 16, 8, 0]
[00:00:00:26:093] ! Unidirectional t-s. expansions: 9,305, time: 26,093 [ms], path length: 34 [edges], generated: 14,215
[00:00:00:22:005] Path of length 34 found: [0, 8, 16, 24, 32, 33, 41, 49, 57, 58, 59, 60, 52, 44, 43, 35, 27, 19, 18, 10, 2, 3, 4, 12, 13, 14, 15, 23, 31, 30, 38, 46, 54, 62, 63]
[00:00:00:22:443] ! Bidirectional. expansions: 7,656, time: 22,005 [ms], path length: 34 [edges], g_F: 31, g_B: 3, generated: 0, MM: 28, MMPER: 79.0%
[00:00:00:22:443] 
---------- SM_Grids/8x8_grid_with_random_blocks_12per_4 ----------
[00:00:00:07:745] Path of length 34 found: [0, 8, 16, 24, 25, 26, 18, 19, 11, 12, 4, 5, 6, 14, 22, 23, 31, 39, 38, 37, 36, 35, 43, 42, 41, 49, 57, 58, 59, 60, 52, 53, 54, 62, 63]
[00:00:00:07:745] ! Unidirectional s-t. expansions: 1,880, time: 7,745 [ms], path length: 34 [edges], generated: 3,250
[00:00:00:11:957] Path of length 34 found: [63, 55, 54, 53, 61, 60, 59, 58, 57, 49, 41, 33, 34, 35, 27, 28, 29, 37, 38, 39, 31, 23, 22, 14, 6, 5, 4, 12, 11, 10, 18, 17, 16, 8, 0]
[00:00:00:11:957] ! Unidirectional t-s. expansions: 2,904, time: 11,957 [ms], path length: 34 [edges], generated: 5,450
[00:00:00:10:699] Path of length 34 found: [0, 8, 16, 24, 25, 26, 18, 10, 11, 12, 4, 5, 6, 14, 22, 23, 31, 39, 38, 37, 36, 35, 43, 42, 41, 49, 57, 58, 59, 60, 61, 53, 54, 55, 63]
[00:00:00:11:150] ! Bidirectional. expansions: 2,487, time: 10,699 [ms], path length: 34 [edges], g_F: 7, g_B: 27, generated: 0, MM: 20, MMPER: 56.142857142857146%
[00:00:00:11:150] 
---------- SM_Grids/8x8_grid_with_random_blocks_12per_5 ----------
[00:00:00:17:477] Path of length 34 found: [0, 8, 9, 17, 25, 24, 32, 40, 41, 42, 50, 58, 59, 60, 52, 44, 45, 37, 29, 28, 27, 19, 11, 3, 4, 5, 13, 14, 22, 23, 31, 39, 47, 55, 63]
[00:00:00:17:478] ! Unidirectional s-t. expansions: 4,760, time: 17,477 [ms], path length: 34 [edges], generated: 8,088
[00:00:00:13:540] Path of length 34 found: [63, 55, 47, 46, 45, 53, 61, 60, 59, 51, 50, 42, 34, 33, 32, 24, 16, 17, 18, 19, 27, 28, 29, 30, 31, 23, 15, 14, 6, 5, 4, 3, 2, 1, 0]
[00:00:00:13:541] ! Unidirectional t-s. expansions: 3,649, time: 13,540 [ms], path length: 34 [edges], generated: 5,874
[00:00:00:13:697] Path of length 34 found: [0, 8, 9, 17, 25, 24, 32, 40, 41, 42, 50, 58, 59, 60, 52, 44, 45, 37, 29, 21, 20, 19, 11, 3, 4, 5, 6, 14, 15, 23, 31, 39, 47, 55, 63]
[00:00:00:14:129] ! Bidirectional. expansions: 3,581, time: 13,697 [ms], path length: 34 [edges], g_F: 21, g_B: 13, generated: 0, MM: 8, MMPER: 21.857142857142858%
[00:00:00:14:129] 
---------- SM_Grids/8x8_grid_with_random_blocks_12per_6 ----------
[00:00:00:13:805] Path of length 34 found: [0, 8, 9, 10, 2, 3, 4, 5, 6, 7, 15, 23, 22, 21, 20, 19, 27, 26, 25, 24, 32, 40, 48, 49, 50, 51, 43, 44, 36, 37, 38, 46, 54, 62, 63]
[00:00:00:13:805] ! Unidirectional s-t. expansions: 4,596, time: 13,805 [ms], path length: 34 [edges], generated: 6,944
[00:00:00:09:014] Path of length 34 found: [63, 62, 54, 46, 38, 37, 36, 44, 43, 42, 50, 49, 48, 40, 32, 24, 25, 26, 27, 19, 20, 21, 22, 23, 15, 7, 6, 5, 4, 3, 2, 10, 9, 8, 0]
[00:00:00:09:015] ! Unidirectional t-s. expansions: 3,253, time: 9,014 [ms], path length: 34 [edges], generated: 4,520
[00:00:00:07:900] Path of length 34 found: [0, 8, 9, 10, 2, 3, 4, 5, 6, 7, 15, 23, 22, 21, 20, 19, 27, 26, 25, 24, 32, 40, 48, 49, 50, 42, 43, 44, 36, 37, 38, 46, 54, 62, 63]
[00:00:00:08:331] ! Bidirectional. expansions: 2,109, time: 7,900 [ms], path length: 34 [edges], g_F: 31, g_B: 3, generated: 0, MM: 28, MMPER: 79.0%
[00:00:00:08:332] 
---------- SM_Grids/8x8_grid_with_random_blocks_12per_7 ----------
[00:00:00:07:375] Path of length 36 found: [0, 8, 16, 24, 25, 26, 18, 19, 20, 12, 13, 5, 6, 7, 15, 23, 22, 30, 38, 37, 36, 35, 43, 42, 41, 40, 48, 56, 57, 58, 59, 60, 52, 53, 54, 62, 63]
[00:00:00:07:376] ! Unidirectional s-t. expansions: 1,890, time: 7,375 [ms], path length: 36 [edges], generated: 3,026
[00:00:00:10:590] Path of length 36 found: [63, 55, 47, 39, 38, 30, 22, 23, 15, 7, 6, 5, 13, 12, 20, 19, 18, 26, 34, 42, 43, 44, 45, 53, 61, 60, 59, 58, 57, 49, 48, 40, 32, 24, 16, 8, 0]
[00:00:00:10:591] ! Unidirectional t-s. expansions: 3,479, time: 10,590 [ms], path length: 36 [edges], generated: 5,090
[00:00:00:06:792] Path of length 36 found: [0, 8, 16, 24, 25, 26, 34, 42, 41, 40, 48, 56, 57, 58, 59, 60, 61, 53, 45, 44, 36, 28, 20, 12, 13, 5, 6, 7, 15, 23, 22, 30, 38, 39, 47, 55, 63]
[00:00:00:07:222] ! Bidirectional. expansions: 1,630, time: 6,792 [ms], path length: 36 [edges], g_F: 30, g_B: 6, generated: 0, MM: 24, MMPER: 63.86486486486487%
[00:00:00:07:222] 
---------- SM_Grids/8x8_grid_with_random_blocks_12per_8 ----------
[00:00:00:05:328] Path of length 36 found: [0, 8, 16, 24, 32, 33, 41, 49, 57, 58, 59, 60, 52, 44, 43, 35, 27, 26, 18, 10, 2, 3, 4, 5, 6, 7, 15, 23, 22, 21, 29, 37, 38, 46, 47, 55, 63]
[00:00:00:05:328] ! Unidirectional s-t. expansions: 1,269, time: 5,328 [ms], path length: 36 [edges], generated: 2,235
[00:00:00:05:825] Path of length 36 found: [63, 55, 47, 39, 38, 30, 22, 23, 15, 7, 6, 5, 4, 12, 20, 28, 27, 35, 43, 44, 52, 60, 59, 58, 57, 49, 41, 33, 32, 24, 16, 17, 18, 10, 2, 1, 0]
[00:00:00:05:825] ! Unidirectional t-s. expansions: 1,682, time: 5,825 [ms], path length: 36 [edges], generated: 2,616
[00:00:00:06:636] Path of length 36 found: [0, 8, 16, 24, 32, 33, 41, 49, 57, 58, 59, 60, 52, 44, 43, 35, 27, 19, 18, 10, 2, 3, 4, 5, 6, 7, 15, 23, 22, 21, 29, 37, 38, 46, 47, 55, 63]
[00:00:00:07:070] ! Bidirectional. expansions: 1,584, time: 6,636 [ms], path length: 36 [edges], g_F: 29, g_B: 7, generated: 0, MM: 22, MMPER: 58.45945945945946%
[00:00:00:07:070] 
---------- SM_Grids/8x8_grid_with_random_blocks_12per_9 ----------
[00:00:00:18:510] Path of length 36 found: [0, 8, 9, 10, 18, 26, 25, 24, 32, 40, 48, 56, 57, 58, 50, 51, 43, 35, 36, 28, 20, 12, 4, 5, 6, 7, 15, 23, 31, 30, 38, 46, 45, 53, 61, 62, 63]
[00:00:00:18:510] ! Unidirectional s-t. expansions: 6,538, time: 18,510 [ms], path length: 36 [edges], generated: 9,032
[00:00:00:12:790] Path of length 36 found: [63, 55, 47, 46, 45, 53, 61, 60, 59, 51, 50, 49, 48, 40, 32, 24, 25, 26, 34, 35, 36, 28, 29, 30, 31, 23, 15, 7, 6, 5, 4, 12, 11, 10, 2, 1, 0]
[00:00:00:12:790] ! Unidirectional t-s. expansions: 3,655, time: 12,790 [ms], path length: 36 [edges], generated: 5,758
[00:00:00:15:880] Path of length 36 found: [0, 8, 9, 10, 11, 12, 4, 5, 6, 7, 15, 23, 31, 30, 29, 28, 36, 35, 34, 26, 25, 24, 32, 40, 48, 49, 50, 51, 59, 60, 61, 53, 45, 46, 47, 55, 63]
[00:00:00:16:314] ! Bidirectional. expansions: 4,475, time: 15,880 [ms], path length: 36 [edges], g_F: 25, g_B: 11, generated: 0, MM: 14, MMPER: 36.83783783783784%

[00:00:00:16:314] average expansions: (3,034, 3,141, 2,763, 0)
[00:00:00:16:314] average time: (10,147, 10,308, 10,046, 0)
[00:00:00:16:314] XDFBnB: 3,034 , 10,147 (expansions , time[ms])
[00:00:00:16:314] BiXDFBnB: 2,763 , 10,046 (expansions , time[ms])

