------------------------------------
Thu 01 Oct 2026 12:46:50 IDT
SLURM_JOBID:		21944744
SLURM_JOB_NODELIST:	ise-cpu256-14
SLURM_SCRATCH_DIR:	/scratch/shubit/21944744
Allocated Resouces:	cpu - 2 / mem - 61440 MB / gpu - 
SLURM_GPU_INDEX:	
Running as shubit from shimony account with normal QOS
------------------------------------
Thu 01 Oct 2026 12:46:50 IDT

SLURM_JOBID:		 21944744
SLURM_JOB_NODELIST:	 ise-cpu256-14 

--------------------------
date: SM_Grids
number_of_graphs: 10
graph_type: grid
size_of_graphs: [8, 8]
heuristic: bcc_heuristic
snake: True
run_uni: True
run_bi: True
run_multi: False
solution_vertices: []
algorithms: ['IDA']
lookahead: 2
bsd: False
cube_first_dims: 4
cube_buffer_dim: None
backward_sym_generation: False
sym_coil: False
prefix_set: None

---------- SM_Grids/8x8_grid_with_random_blocks_8per_0 ----------
[00:00:00:30:103] Path of length 36 found: [0, 8, 9, 10, 2, 3, 4, 5, 6, 7, 15, 23, 22, 21, 20, 19, 27, 26, 25, 24, 32, 40, 41, 49, 57, 58, 59, 51, 43, 44, 36, 37, 38, 39, 47, 55, 63]
[00:00:00:30:103] ! Unidirectional s-t. expansions: 4,504, time: 30,103 [ms], path length: 36 [edges], generated: 21,530
[00:00:00:51:793] Path of length 36 found: [63, 55, 47, 39, 38, 30, 22, 23, 15, 7, 6, 5, 4, 3, 11, 19, 20, 28, 36, 44, 45, 53, 61, 60, 59, 58, 57, 49, 41, 42, 34, 26, 25, 17, 9, 8, 0]
[00:00:00:51:794] ! Unidirectional t-s. expansions: 7,318, time: 51,793 [ms], path length: 36 [edges], generated: 34,327
[00:00:00:35:119] Path of length 36 found: [0, 8, 16, 24, 32, 40, 41, 49, 57, 58, 59, 60, 61, 53, 45, 44, 43, 35, 27, 19, 18, 10, 2, 3, 4, 5, 6, 7, 15, 23, 22, 30, 38, 39, 47, 55, 63]
[00:00:00:35:614] ! Bidirectional. expansions: 5,889, time: 35,119 [ms], path length: 36 [edges], g_F: 18, g_B: 18, generated: 0, MM: 0, MMPER: -1.0%
[00:00:00:35:614] 
---------- SM_Grids/8x8_grid_with_random_blocks_8per_1 ----------
[00:00:00:36:454] Path of length 36 found: [0, 1, 2, 3, 11, 12, 13, 5, 6, 7, 15, 23, 22, 30, 29, 28, 36, 35, 34, 26, 18, 17, 16, 24, 32, 40, 48, 49, 50, 51, 59, 60, 61, 53, 54, 55, 63]
[00:00:00:36:454] ! Unidirectional s-t. expansions: 5,096, time: 36,454 [ms], path length: 36 [edges], generated: 23,897
[00:00:00:52:453] Path of length 36 found: [63, 55, 54, 53, 61, 60, 59, 51, 50, 49, 41, 40, 32, 24, 16, 17, 18, 26, 34, 35, 36, 28, 29, 30, 22, 23, 15, 7, 6, 5, 13, 12, 11, 3, 2, 1, 0]
[00:00:00:52:454] ! Unidirectional t-s. expansions: 6,222, time: 52,453 [ms], path length: 36 [edges], generated: 33,205
[00:00:00:40:021] Path of length 36 found: [0, 1, 2, 3, 11, 12, 13, 5, 6, 7, 15, 23, 22, 30, 29, 28, 36, 35, 34, 26, 18, 17, 16, 24, 32, 40, 41, 49, 50, 51, 59, 60, 61, 53, 54, 55, 63]
[00:00:00:40:455] ! Bidirectional. expansions: 5,271, time: 40,021 [ms], path length: 36 [edges], g_F: 18, g_B: 18, generated: 0, MM: 0, MMPER: -1.0%
[00:00:00:40:455] 
---------- SM_Grids/8x8_grid_with_random_blocks_8per_2 ----------
[00:00:00:31:083] Path of length 36 found: [0, 8, 16, 24, 25, 26, 18, 10, 11, 12, 13, 5, 6, 7, 15, 23, 22, 30, 29, 37, 36, 35, 43, 42, 41, 40, 48, 56, 57, 58, 59, 60, 52, 53, 54, 62, 63]
[00:00:00:31:084] ! Unidirectional s-t. expansions: 4,266, time: 31,083 [ms], path length: 36 [edges], generated: 19,474
[00:00:00:27:369] Path of length 36 found: [63, 55, 54, 53, 52, 60, 59, 58, 57, 56, 48, 40, 32, 24, 16, 17, 18, 26, 34, 35, 36, 37, 38, 39, 31, 23, 15, 7, 6, 5, 13, 12, 11, 3, 2, 1, 0]
[00:00:00:27:369] ! Unidirectional t-s. expansions: 4,187, time: 27,369 [ms], path length: 36 [edges], generated: 18,195
[00:00:00:23:560] Path of length 36 found: [0, 1, 2, 3, 11, 12, 13, 5, 6, 7, 15, 23, 22, 30, 29, 37, 36, 35, 27, 26, 18, 17, 16, 24, 32, 40, 48, 56, 57, 58, 59, 60, 52, 53, 54, 62, 63]
[00:00:00:23:988] ! Bidirectional. expansions: 3,609, time: 23,560 [ms], path length: 36 [edges], g_F: 18, g_B: 18, generated: 0, MM: 0, MMPER: -1.0%
[00:00:00:23:988] 
---------- SM_Grids/8x8_grid_with_random_blocks_8per_3 ----------
[00:00:00:10:826] Path of length 38 found: [0, 8, 16, 17, 18, 10, 2, 3, 4, 12, 13, 14, 15, 23, 31, 39, 47, 46, 45, 37, 29, 28, 27, 35, 34, 33, 32, 40, 48, 56, 57, 58, 50, 51, 52, 60, 61, 62, 63]
[00:00:00:10:826] ! Unidirectional s-t. expansions: 1,327, time: 10,826 [ms], path length: 38 [edges], generated: 6,435
[00:00:00:26:483] Path of length 38 found: [63, 62, 61, 60, 52, 51, 50, 58, 57, 56, 48, 40, 32, 33, 34, 35, 27, 28, 29, 37, 45, 46, 47, 39, 31, 23, 15, 7, 6, 5, 4, 3, 2, 10, 18, 17, 16, 8, 0]
[00:00:00:26:484] ! Unidirectional t-s. expansions: 3,434, time: 26,483 [ms], path length: 38 [edges], generated: 15,660
[00:00:00:09:417] Path of length 38 found: [0, 8, 16, 17, 18, 10, 2, 3, 4, 5, 6, 7, 15, 23, 31, 39, 47, 46, 45, 37, 29, 28, 27, 35, 34, 33, 32, 40, 48, 56, 57, 58, 50, 51, 52, 60, 61, 62, 63]
[00:00:00:09:865] ! Bidirectional. expansions: 1,255, time: 9,417 [ms], path length: 38 [edges], g_F: 19, g_B: 19, generated: 0, MM: 0, MMPER: -1.0%
[00:00:00:09:865] 
---------- SM_Grids/8x8_grid_with_random_blocks_8per_4 ----------
[00:00:00:15:213] Path of length 36 found: [0, 8, 16, 24, 25, 33, 41, 40, 48, 56, 57, 58, 59, 60, 52, 44, 43, 35, 27, 19, 18, 10, 2, 3, 4, 12, 13, 14, 22, 30, 31, 39, 47, 46, 54, 62, 63]
[00:00:00:15:214] ! Unidirectional s-t. expansions: 1,679, time: 15,213 [ms], path length: 36 [edges], generated: 8,745
[00:00:00:11:627] Path of length 36 found: [63, 62, 54, 46, 47, 39, 31, 30, 22, 21, 13, 12, 4, 3, 2, 10, 18, 19, 27, 28, 36, 44, 52, 51, 59, 58, 57, 56, 48, 40, 41, 33, 25, 24, 16, 8, 0]
[00:00:00:11:627] ! Unidirectional t-s. expansions: 1,228, time: 11,627 [ms], path length: 36 [edges], generated: 6,857
[00:00:00:16:822] Path of length 36 found: [0, 8, 16, 24, 25, 33, 41, 40, 48, 56, 57, 58, 59, 60, 52, 44, 36, 28, 27, 19, 18, 10, 2, 3, 4, 12, 13, 14, 22, 30, 31, 39, 47, 46, 54, 62, 63]
[00:00:00:17:263] ! Bidirectional. expansions: 2,129, time: 16,822 [ms], path length: 36 [edges], g_F: 18, g_B: 18, generated: 0, MM: 0, MMPER: -1.0%
[00:00:00:17:263] 
---------- SM_Grids/8x8_grid_with_random_blocks_8per_5 ----------
[00:00:00:18:337] Path of length 38 found: [0, 1, 2, 3, 11, 12, 13, 5, 6, 7, 15, 23, 31, 39, 38, 37, 29, 28, 27, 26, 18, 17, 16, 24, 32, 40, 48, 56, 57, 58, 50, 42, 43, 44, 52, 53, 54, 55, 63]
[00:00:00:18:337] ! Unidirectional s-t. expansions: 1,927, time: 18,337 [ms], path length: 38 [edges], generated: 9,988
[00:00:00:14:237] Path of length 38 found: [63, 55, 54, 53, 61, 60, 59, 58, 57, 49, 48, 40, 32, 24, 16, 17, 18, 26, 34, 42, 43, 44, 36, 28, 29, 30, 22, 23, 15, 7, 6, 5, 13, 12, 11, 3, 2, 1, 0]
[00:00:00:14:237] ! Unidirectional t-s. expansions: 1,682, time: 14,237 [ms], path length: 38 [edges], generated: 8,206
[00:00:00:14:049] Path of length 38 found: [0, 1, 2, 3, 11, 12, 13, 5, 6, 7, 15, 23, 22, 30, 38, 37, 36, 44, 43, 42, 34, 26, 18, 17, 16, 24, 32, 40, 48, 49, 57, 58, 59, 60, 61, 53, 54, 55, 63]
[00:00:00:14:488] ! Bidirectional. expansions: 1,994, time: 14,049 [ms], path length: 38 [edges], g_F: 19, g_B: 19, generated: 0, MM: 0, MMPER: -1.0%
[00:00:00:14:489] 
---------- SM_Grids/8x8_grid_with_random_blocks_8per_6 ----------
[00:00:01:14:548] Path of length 36 found: [0, 8, 9, 10, 2, 3, 4, 5, 6, 14, 15, 23, 31, 39, 38, 37, 29, 21, 20, 19, 27, 26, 25, 24, 32, 40, 48, 49, 50, 42, 43, 44, 52, 53, 61, 62, 63]
[00:00:01:14:548] ! Unidirectional s-t. expansions: 7,889, time: 74,548 [ms], path length: 36 [edges], generated: 42,902
[00:00:00:57:414] Path of length 36 found: [63, 62, 54, 53, 52, 44, 43, 42, 50, 49, 48, 40, 32, 33, 25, 26, 27, 19, 20, 21, 29, 37, 38, 39, 31, 23, 15, 14, 6, 5, 4, 3, 2, 10, 9, 8, 0]
[00:00:00:57:414] ! Unidirectional t-s. expansions: 6,323, time: 57,414 [ms], path length: 36 [edges], generated: 36,927
[00:00:01:00:723] Path of length 36 found: [0, 8, 9, 10, 2, 3, 4, 5, 6, 14, 15, 23, 31, 39, 38, 37, 29, 21, 20, 19, 27, 26, 25, 24, 32, 40, 48, 49, 50, 42, 43, 44, 52, 53, 54, 62, 63]
[00:00:01:01:222] ! Bidirectional. expansions: 6,842, time: 60,723 [ms], path length: 36 [edges], g_F: 18, g_B: 18, generated: 0, MM: 0, MMPER: -1.0%
[00:00:01:01:222] 
---------- SM_Grids/8x8_grid_with_random_blocks_8per_7 ----------
[00:00:00:23:208] Path of length 38 found: [0, 8, 16, 17, 18, 10, 2, 3, 4, 5, 6, 14, 22, 23, 31, 39, 47, 46, 45, 37, 29, 28, 27, 35, 34, 33, 32, 40, 48, 56, 57, 58, 50, 51, 52, 60, 61, 62, 63]
[00:00:00:23:209] ! Unidirectional s-t. expansions: 2,558, time: 23,208 [ms], path length: 38 [edges], generated: 12,760
[00:00:00:27:974] Path of length 38 found: [63, 62, 61, 60, 52, 51, 50, 58, 57, 56, 48, 40, 41, 33, 34, 35, 27, 28, 29, 37, 45, 46, 47, 39, 31, 23, 22, 14, 6, 5, 4, 12, 11, 10, 18, 17, 16, 8, 0]
[00:00:00:27:975] ! Unidirectional t-s. expansions: 2,991, time: 27,974 [ms], path length: 38 [edges], generated: 14,007
[00:00:00:23:911] Path of length 38 found: [0, 8, 16, 17, 18, 10, 2, 3, 4, 5, 6, 14, 22, 23, 31, 39, 47, 46, 45, 37, 29, 28, 27, 35, 34, 33, 32, 40, 48, 56, 57, 58, 50, 51, 52, 60, 61, 62, 63]
[00:00:00:24:405] ! Bidirectional. expansions: 2,979, time: 23,911 [ms], path length: 38 [edges], g_F: 19, g_B: 19, generated: 0, MM: 0, MMPER: -1.0%
[00:00:00:24:405] 
---------- SM_Grids/8x8_grid_with_random_blocks_8per_8 ----------
[00:00:00:14:463] Path of length 38 found: [0, 1, 2, 3, 11, 19, 18, 17, 16, 24, 32, 33, 41, 49, 57, 58, 59, 51, 43, 35, 36, 28, 29, 21, 13, 5, 6, 7, 15, 23, 31, 39, 38, 46, 45, 53, 61, 62, 63]
[00:00:00:14:463] ! Unidirectional s-t. expansions: 1,482, time: 14,463 [ms], path length: 38 [edges], generated: 7,958
[00:00:00:37:754] Path of length 38 found: [63, 62, 61, 53, 45, 46, 47, 39, 31, 23, 15, 7, 6, 5, 13, 21, 29, 28, 36, 35, 43, 51, 59, 58, 57, 49, 41, 33, 32, 24, 16, 17, 18, 19, 11, 3, 2, 1, 0]
[00:00:00:37:754] ! Unidirectional t-s. expansions: 4,240, time: 37,754 [ms], path length: 38 [edges], generated: 21,134
[00:00:00:31:973] Path of length 38 found: [0, 1, 2, 3, 11, 19, 18, 17, 16, 24, 32, 33, 41, 49, 57, 58, 59, 51, 43, 35, 36, 28, 29, 21, 13, 5, 6, 7, 15, 23, 31, 39, 38, 46, 45, 53, 61, 62, 63]
[00:00:00:32:452] ! Bidirectional. expansions: 3,904, time: 31,973 [ms], path length: 38 [edges], g_F: 19, g_B: 19, generated: 0, MM: 0, MMPER: -1.0%
[00:00:00:32:453] 
---------- SM_Grids/8x8_grid_with_random_blocks_8per_9 ----------
[00:00:00:41:740] Path of length 36 found: [0, 8, 16, 24, 32, 40, 48, 56, 57, 58, 50, 42, 34, 35, 36, 28, 20, 19, 18, 10, 2, 3, 4, 5, 6, 14, 22, 30, 31, 39, 47, 46, 45, 53, 61, 62, 63]
[00:00:00:41:740] ! Unidirectional s-t. expansions: 4,865, time: 41,740 [ms], path length: 36 [edges], generated: 24,770
[00:00:00:39:122] Path of length 36 found: [63, 62, 61, 53, 45, 46, 47, 39, 31, 30, 22, 14, 6, 5, 4, 3, 2, 10, 18, 19, 20, 28, 36, 35, 43, 51, 59, 58, 57, 49, 48, 40, 32, 24, 16, 8, 0]
[00:00:00:39:122] ! Unidirectional t-s. expansions: 4,331, time: 39,122 [ms], path length: 36 [edges], generated: 21,281
[00:00:00:52:280] Path of length 36 found: [0, 8, 16, 24, 32, 40, 48, 56, 57, 58, 59, 51, 43, 35, 36, 28, 20, 19, 18, 10, 2, 3, 4, 5, 6, 14, 22, 30, 31, 39, 47, 46, 45, 53, 61, 62, 63]
[00:00:00:52:769] ! Bidirectional. expansions: 6,649, time: 52,280 [ms], path length: 36 [edges], g_F: 18, g_B: 18, generated: 0, MM: 0, MMPER: -1.0%

[00:00:00:52:769] average expansions: (3,559, 4,196, 4,052, 0)
[00:00:00:52:769] average time: (29,598, 34,623, 30,788, 0)
[00:00:00:52:769] XIDA: 3,559 , 29,598 (expansions , time[ms])
[00:00:00:52:769] BiXIDA: 4,052 , 30,788 (expansions , time[ms])

