------------------------------------
Thu 01 Oct 2026 12:50:20 IDT
SLURM_JOBID:		21944772
SLURM_JOB_NODELIST:	ise-cpu256-04
SLURM_SCRATCH_DIR:	/scratch/shubit/21944772
Allocated Resouces:	cpu - 2 / mem - 61440 MB / gpu - 
SLURM_GPU_INDEX:	
Running as shubit from shimony account with normal QOS
------------------------------------
Thu 01 Oct 2026 12:50:20 IDT

SLURM_JOBID:		 21944772
SLURM_JOB_NODELIST:	 ise-cpu256-04 

--------------------------
date: SM_Grids
number_of_graphs: 10
graph_type: grid
size_of_graphs: [8, 9]
heuristic: bcc_heuristic
snake: True
run_uni: True
run_bi: True
run_multi: False
solution_vertices: []
algorithms: ['IDA']
lookahead: -1
bsd: False
cube_first_dims: 4
cube_buffer_dim: None
backward_sym_generation: False
sym_coil: False
prefix_set: None

---------- SM_Grids/8x9_grid_with_random_blocks_12per_0 ----------
[00:00:00:58:312] Path of length 41 found: [0, 9, 10, 11, 2, 3, 4, 13, 14, 15, 6, 7, 8, 17, 26, 25, 34, 33, 32, 31, 40, 39, 38, 29, 28, 27, 36, 45, 46, 55, 56, 57, 66, 67, 68, 59, 50, 51, 52, 61, 70, 71]
[00:00:00:58:313] ! Unidirectional s-t. expansions: 9,175, time: 58,312 [ms], path length: 41 [edges], generated: 16,805
[00:00:00:46:430] Path of length 41 found: [71, 62, 53, 52, 51, 60, 59, 68, 67, 66, 57, 56, 47, 46, 45, 36, 27, 28, 29, 30, 39, 40, 41, 32, 33, 34, 35, 26, 17, 8, 7, 6, 15, 14, 13, 4, 3, 2, 11, 10, 9, 0]
[00:00:00:46:430] ! Unidirectional t-s. expansions: 8,327, time: 46,430 [ms], path length: 41 [edges], generated: 14,257
[00:00:00:58:216] Path of length 41 found: [0, 9, 10, 11, 2, 3, 4, 13, 14, 15, 6, 7, 8, 17, 26, 25, 34, 33, 32, 31, 40, 39, 38, 29, 28, 27, 36, 45, 46, 55, 56, 57, 66, 67, 68, 59, 60, 51, 52, 53, 62, 71]
[00:00:00:58:778] ! Bidirectional. expansions: 9,283, time: 58,216 [ms], path length: 41 [edges], g_F: 21, g_B: 20, generated: 0, MM: 1, MMPER: 1.380952380952381%
[00:00:00:58:778] 
---------- SM_Grids/8x9_grid_with_random_blocks_12per_1 ----------
[00:00:04:49:590] Path of length 33 found: [0, 9, 10, 19, 20, 21, 12, 3, 4, 5, 6, 7, 8, 17, 26, 25, 24, 23, 32, 31, 40, 39, 48, 57, 58, 59, 50, 51, 42, 43, 44, 53, 62, 71]
[00:00:04:49:591] ! Unidirectional s-t. expansions: 49,822, time: 289,591 [ms], path length: 33 [edges], generated: 96,553
[00:00:05:15:239] Path of length 33 found: [71, 62, 53, 44, 43, 42, 51, 60, 59, 58, 57, 48, 39, 40, 31, 32, 23, 24, 25, 26, 17, 8, 7, 6, 5, 4, 13, 12, 21, 20, 19, 10, 1, 0]
[00:00:05:15:239] ! Unidirectional t-s. expansions: 68,877, time: 315,239 [ms], path length: 33 [edges], generated: 120,890
[00:00:01:45:733] Path of length 33 found: [0, 9, 10, 19, 20, 21, 12, 3, 4, 5, 6, 7, 8, 17, 26, 25, 24, 23, 32, 31, 40, 39, 48, 57, 58, 59, 60, 51, 42, 43, 44, 53, 62, 71]
[00:00:01:46:275] ! Bidirectional. expansions: 15,331, time: 105,733 [ms], path length: 33 [edges], g_F: 17, g_B: 16, generated: 0, MM: 1, MMPER: 1.9411764705882355%
[00:00:01:46:275] 
---------- SM_Grids/8x9_grid_with_random_blocks_12per_2 ----------
[00:00:00:19:811] Path of length 39 found: [0, 1, 2, 3, 12, 21, 20, 29, 38, 47, 46, 45, 54, 63, 64, 65, 66, 67, 68, 59, 50, 49, 40, 31, 32, 23, 24, 15, 6, 7, 8, 17, 26, 35, 34, 43, 52, 61, 70, 71]
[00:00:00:19:812] ! Unidirectional s-t. expansions: 3,228, time: 19,811 [ms], path length: 39 [edges], generated: 5,588
[00:00:00:45:227] Path of length 39 found: [71, 70, 61, 52, 53, 44, 35, 26, 17, 8, 7, 6, 15, 24, 23, 32, 31, 40, 49, 50, 59, 68, 67, 66, 65, 64, 63, 54, 45, 46, 47, 38, 29, 20, 21, 12, 3, 2, 1, 0]
[00:00:00:45:227] ! Unidirectional t-s. expansions: 9,793, time: 45,227 [ms], path length: 39 [edges], generated: 16,450
[00:00:00:25:690] Path of length 39 found: [0, 1, 2, 3, 12, 21, 20, 29, 38, 47, 46, 45, 54, 63, 64, 65, 66, 67, 68, 59, 50, 49, 40, 31, 32, 23, 24, 15, 6, 7, 8, 17, 26, 35, 44, 53, 52, 61, 70, 71]
[00:00:00:26:240] ! Bidirectional. expansions: 3,654, time: 25,690 [ms], path length: 39 [edges], g_F: 20, g_B: 19, generated: 0, MM: 1, MMPER: 1.5%
[00:00:00:26:241] 
---------- SM_Grids/8x9_grid_with_random_blocks_12per_3 ----------
[00:00:02:34:171] Path of length 37 found: [0, 9, 18, 27, 28, 37, 46, 45, 54, 63, 64, 65, 56, 57, 48, 49, 50, 41, 32, 31, 30, 21, 20, 11, 2, 3, 4, 5, 6, 7, 16, 25, 34, 43, 44, 53, 62, 71]
[00:00:02:34:171] ! Unidirectional s-t. expansions: 36,121, time: 154,171 [ms], path length: 37 [edges], generated: 57,736
[00:00:00:43:006] Path of length 37 found: [71, 70, 61, 52, 43, 34, 25, 16, 7, 6, 5, 4, 3, 12, 21, 22, 31, 32, 41, 50, 59, 58, 67, 66, 65, 64, 63, 54, 45, 46, 47, 38, 29, 28, 27, 18, 9, 0]
[00:00:00:43:006] ! Unidirectional t-s. expansions: 9,463, time: 43,006 [ms], path length: 37 [edges], generated: 16,578
[00:00:01:15:334] Path of length 37 found: [0, 9, 18, 27, 28, 37, 46, 45, 54, 63, 64, 65, 66, 67, 58, 49, 48, 39, 30, 21, 20, 11, 2, 3, 4, 5, 6, 7, 16, 25, 34, 43, 52, 51, 60, 69, 70, 71]
[00:00:01:15:886] ! Bidirectional. expansions: 15,386, time: 75,334 [ms], path length: 37 [edges], g_F: 19, g_B: 18, generated: 0, MM: 1, MMPER: 1.6315789473684212%
[00:00:01:15:886] 
---------- SM_Grids/8x9_grid_with_random_blocks_12per_4 ----------
[00:00:00:31:064] Path of length 39 found: [0, 9, 18, 27, 36, 37, 46, 55, 64, 65, 66, 57, 48, 39, 40, 31, 22, 21, 20, 11, 2, 3, 4, 5, 14, 15, 16, 25, 26, 35, 44, 43, 52, 51, 50, 59, 68, 69, 70, 71]
[00:00:00:31:065] ! Unidirectional s-t. expansions: 5,126, time: 31,065 [ms], path length: 39 [edges], generated: 9,219
[00:00:00:27:119] Path of length 39 found: [71, 70, 69, 68, 59, 50, 51, 52, 43, 44, 35, 26, 17, 16, 15, 14, 5, 4, 3, 2, 11, 20, 21, 22, 31, 40, 39, 48, 57, 66, 65, 64, 55, 46, 37, 28, 27, 18, 9, 0]
[00:00:00:27:119] ! Unidirectional t-s. expansions: 5,176, time: 27,119 [ms], path length: 39 [edges], generated: 8,863
[00:00:00:40:048] Path of length 39 found: [0, 9, 18, 27, 36, 37, 46, 55, 64, 65, 66, 57, 48, 39, 40, 31, 22, 21, 20, 11, 2, 3, 4, 5, 14, 15, 16, 17, 26, 35, 44, 43, 52, 51, 50, 59, 68, 69, 70, 71]
[00:00:00:40:654] ! Bidirectional. expansions: 6,377, time: 40,048 [ms], path length: 39 [edges], g_F: 20, g_B: 19, generated: 0, MM: 1, MMPER: 1.5%
[00:00:00:40:654] 
---------- SM_Grids/8x9_grid_with_random_blocks_12per_5 ----------
[00:00:00:32:870] Path of length 41 found: [0, 9, 18, 27, 28, 37, 46, 45, 54, 63, 64, 65, 66, 57, 58, 59, 50, 41, 40, 39, 30, 21, 20, 11, 2, 3, 4, 13, 14, 15, 6, 7, 8, 17, 26, 25, 34, 43, 44, 53, 62, 71]
[00:00:00:32:871] ! Unidirectional s-t. expansions: 6,196, time: 32,871 [ms], path length: 41 [edges], generated: 9,680
[00:00:00:49:463] Path of length 41 found: [71, 62, 61, 60, 59, 58, 57, 66, 65, 64, 63, 54, 45, 46, 47, 38, 39, 40, 41, 42, 43, 44, 35, 26, 17, 8, 7, 6, 15, 24, 23, 22, 13, 4, 3, 2, 11, 20, 19, 18, 9, 0]
[00:00:00:49:464] ! Unidirectional t-s. expansions: 9,765, time: 49,464 [ms], path length: 41 [edges], generated: 16,389
[00:00:00:25:289] Path of length 41 found: [0, 9, 18, 27, 28, 37, 46, 45, 54, 63, 64, 65, 66, 57, 58, 49, 40, 39, 30, 21, 20, 11, 2, 3, 4, 13, 14, 15, 6, 7, 8, 17, 26, 35, 44, 43, 42, 51, 60, 61, 62, 71]
[00:00:00:25:868] ! Bidirectional. expansions: 4,174, time: 25,289 [ms], path length: 41 [edges], g_F: 21, g_B: 20, generated: 0, MM: 1, MMPER: 1.380952380952381%
[00:00:00:25:868] 
---------- SM_Grids/8x9_grid_with_random_blocks_12per_6 ----------
[00:00:00:39:934] Path of length 39 found: [0, 1, 2, 11, 20, 19, 28, 37, 36, 45, 54, 63, 64, 65, 66, 57, 48, 39, 40, 41, 42, 33, 24, 23, 22, 13, 4, 5, 6, 7, 16, 17, 26, 35, 44, 53, 52, 61, 70, 71]
[00:00:00:39:934] ! Unidirectional s-t. expansions: 9,773, time: 39,934 [ms], path length: 39 [edges], generated: 15,008
[00:00:00:33:659] Path of length 39 found: [71, 70, 61, 52, 53, 44, 35, 26, 17, 8, 7, 6, 5, 4, 3, 12, 21, 22, 23, 24, 33, 42, 41, 40, 39, 48, 57, 56, 65, 64, 63, 54, 45, 36, 37, 28, 19, 10, 1, 0]
[00:00:00:33:659] ! Unidirectional t-s. expansions: 5,459, time: 33,659 [ms], path length: 39 [edges], generated: 9,949
[00:00:00:30:569] Path of length 39 found: [0, 1, 2, 3, 4, 13, 22, 21, 20, 19, 28, 37, 36, 45, 54, 63, 64, 65, 66, 57, 48, 39, 40, 41, 42, 33, 24, 15, 6, 7, 8, 17, 26, 35, 44, 53, 52, 61, 70, 71]
[00:00:00:31:105] ! Bidirectional. expansions: 5,195, time: 30,569 [ms], path length: 39 [edges], g_F: 20, g_B: 19, generated: 0, MM: 1, MMPER: 1.5%
[00:00:00:31:106] 
---------- SM_Grids/8x9_grid_with_random_blocks_12per_7 ----------
[00:00:00:26:564] Path of length 31 found: [0, 1, 2, 11, 20, 29, 30, 31, 22, 13, 4, 5, 6, 7, 8, 17, 26, 25, 24, 33, 42, 41, 50, 49, 58, 67, 68, 69, 60, 61, 62, 71]
[00:00:00:26:564] ! Unidirectional s-t. expansions: 4,810, time: 26,564 [ms], path length: 31 [edges], generated: 8,611
[00:00:00:38:111] Path of length 31 found: [71, 62, 61, 60, 69, 68, 67, 58, 49, 50, 41, 42, 43, 34, 35, 26, 17, 8, 7, 6, 15, 24, 23, 22, 31, 30, 29, 20, 11, 2, 1, 0]
[00:00:00:38:112] ! Unidirectional t-s. expansions: 6,928, time: 38,112 [ms], path length: 31 [edges], generated: 12,086
[00:00:00:22:731] Path of length 31 found: [0, 1, 2, 11, 20, 21, 22, 13, 4, 5, 6, 7, 8, 17, 26, 25, 24, 33, 32, 41, 40, 49, 58, 67, 68, 69, 60, 51, 52, 53, 62, 71]
[00:00:00:23:316] ! Bidirectional. expansions: 3,311, time: 22,732 [ms], path length: 31 [edges], g_F: 16, g_B: 15, generated: 0, MM: 1, MMPER: 2.125%
[00:00:00:23:316] 
---------- SM_Grids/8x9_grid_with_random_blocks_12per_8 ----------
[00:00:00:58:279] Path of length 41 found: [0, 1, 2, 3, 12, 21, 20, 19, 18, 27, 36, 45, 54, 55, 64, 65, 66, 57, 48, 39, 40, 31, 32, 23, 14, 5, 6, 7, 16, 25, 26, 35, 44, 53, 52, 51, 50, 59, 68, 69, 70, 71]
[00:00:00:58:280] ! Unidirectional s-t. expansions: 9,390, time: 58,279 [ms], path length: 41 [edges], generated: 16,375
[00:00:00:12:092] Path of length 41 found: [71, 70, 69, 68, 59, 50, 51, 52, 53, 44, 35, 26, 25, 16, 7, 6, 5, 14, 23, 32, 31, 40, 39, 48, 57, 66, 65, 64, 55, 54, 45, 36, 27, 28, 29, 20, 21, 12, 3, 2, 1, 0]
[00:00:00:12:092] ! Unidirectional t-s. expansions: 1,942, time: 12,092 [ms], path length: 41 [edges], generated: 3,494
[00:00:00:32:376] Path of length 41 found: [0, 1, 2, 3, 12, 21, 20, 19, 18, 27, 36, 45, 54, 55, 64, 65, 66, 57, 48, 39, 40, 31, 32, 23, 14, 5, 6, 7, 16, 25, 26, 35, 44, 53, 52, 51, 50, 59, 68, 69, 70, 71]
[00:00:00:32:931] ! Bidirectional. expansions: 5,445, time: 32,376 [ms], path length: 41 [edges], g_F: 21, g_B: 20, generated: 0, MM: 1, MMPER: 1.380952380952381%
[00:00:00:32:931] 
---------- SM_Grids/8x9_grid_with_random_blocks_12per_9 ----------
[00:00:01:21:647] Path of length 39 found: [0, 9, 18, 19, 28, 29, 38, 47, 46, 45, 54, 63, 64, 65, 66, 67, 58, 59, 50, 41, 32, 31, 22, 21, 12, 3, 4, 5, 6, 7, 8, 17, 26, 25, 34, 43, 44, 53, 62, 71]
[00:00:01:21:648] ! Unidirectional s-t. expansions: 15,577, time: 81,647 [ms], path length: 39 [edges], generated: 24,093
[00:00:03:29:631] Path of length 39 found: [71, 62, 61, 52, 43, 44, 35, 26, 17, 8, 7, 6, 5, 4, 13, 22, 23, 32, 41, 50, 59, 58, 67, 66, 65, 64, 63, 54, 45, 46, 47, 48, 39, 30, 29, 28, 27, 18, 9, 0]
[00:00:03:29:632] ! Unidirectional t-s. expansions: 50,709, time: 209,631 [ms], path length: 39 [edges], generated: 85,430
[00:00:03:56:148] Path of length 39 found: [0, 9, 18, 19, 28, 29, 38, 47, 46, 45, 54, 63, 64, 65, 66, 67, 58, 59, 50, 41, 32, 31, 22, 21, 12, 3, 4, 5, 6, 7, 8, 17, 26, 35, 44, 43, 52, 61, 62, 71]
[00:00:03:56:684] ! Bidirectional. expansions: 47,624, time: 236,149 [ms], path length: 39 [edges], g_F: 20, g_B: 19, generated: 0, MM: 1, MMPER: 1.5%

[00:00:03:56:684] average expansions: (14,922, 17,644, 11,578, 0)
[00:00:03:56:684] average time: (79,224, 81,998, 65,214, 0)
[00:00:03:56:685] XIDA: 14,922 , 79,224 (expansions , time[ms])
[00:00:03:56:685] BiXIDA: 11,578 , 65,214 (expansions , time[ms])

