------------------------------------
Thu 01 Oct 2026 11:13:28 IDT
SLURM_JOBID:		21943024
SLURM_JOB_NODELIST:	ise-cpu256-27
SLURM_SCRATCH_DIR:	/scratch/shubit/21943024
Allocated Resouces:	cpu - 2 / mem - 61440 MB / gpu - 
SLURM_GPU_INDEX:	
Running as shubit from shimony account with normal QOS
------------------------------------
Thu 01 Oct 2026 11:13:28 IDT

SLURM_JOBID:		 21943024
SLURM_JOB_NODELIST:	 ise-cpu256-27 

--------------------------
date: SM_Grids
number_of_graphs: 10
graph_type: grid
size_of_graphs: [8, 8]
heuristic: bcc_heuristic
snake: True
run_uni: True
run_bi: True
run_multi: False
solution_vertices: []
algorithms: ['A']
lookahead: -1
bsd: False
cube_first_dims: 4
cube_buffer_dim: None
backward_sym_generation: False
sym_coil: False
prefix_set: None

---------- SM_Grids/8x8_grid_with_random_blocks_12per_0 ----------
[00:00:00:01:884] Path of length 36 found: [0, 8, 16, 24, 25, 33, 41, 40, 48, 56, 57, 58, 59, 60, 61, 53, 45, 44, 43, 35, 27, 19, 18, 10, 2, 3, 4, 12, 13, 21, 22, 30, 31, 39, 47, 55, 63]
[00:00:00:01:884] ! Unidirectional s-t. expansions: 440, time: 1,884 [ms], path length: 36 [edges], generated: 698
[00:00:00:01:037] Path of length 36 found: [63, 55, 47, 39, 31, 30, 22, 14, 13, 12, 4, 3, 2, 10, 18, 19, 27, 28, 36, 37, 45, 53, 61, 60, 59, 58, 57, 56, 48, 40, 41, 33, 25, 24, 16, 8, 0]
[00:00:00:01:037] ! Unidirectional t-s. expansions: 251, time: 1,037 [ms], path length: 36 [edges], generated: 406
[00:00:00:00:957] Path of length 36 found: [0, 8, 16, 24, 25, 33, 41, 40, 48, 56, 57, 58, 59, 60, 61, 53, 45, 37, 36, 35, 27, 19, 18, 10, 2, 3, 4, 12, 13, 14, 22, 30, 31, 39, 47, 55, 63]
[00:00:00:01:409] ! Bidirectional. expansions: 233, time: 957 [ms], path length: 36 [edges], g_F: 19, g_B: 17, generated: 0, MM: 2, MMPER: 4.405405405405405%
[00:00:00:01:410] 
---------- SM_Grids/8x8_grid_with_random_blocks_12per_1 ----------
[00:00:00:05:886] Path of length 32 found: [0, 8, 9, 10, 2, 3, 4, 5, 6, 14, 22, 21, 20, 19, 27, 26, 25, 33, 41, 49, 50, 58, 59, 60, 52, 44, 36, 37, 38, 39, 47, 55, 63]
[00:00:00:05:886] ! Unidirectional s-t. expansions: 1,314, time: 5,886 [ms], path length: 32 [edges], generated: 2,347
[00:00:00:10:462] Path of length 32 found: [63, 55, 47, 39, 38, 37, 45, 53, 61, 60, 59, 51, 50, 49, 41, 33, 34, 26, 27, 19, 20, 21, 22, 14, 6, 5, 4, 3, 2, 10, 9, 8, 0]
[00:00:00:10:463] ! Unidirectional t-s. expansions: 2,562, time: 10,462 [ms], path length: 32 [edges], generated: 4,399
[00:00:00:09:659] Path of length 32 found: [0, 8, 9, 10, 2, 3, 4, 5, 6, 14, 22, 21, 20, 19, 27, 26, 25, 33, 41, 49, 50, 51, 59, 60, 61, 53, 45, 37, 38, 39, 47, 55, 63]
[00:00:00:10:091] ! Bidirectional. expansions: 2,561, time: 9,659 [ms], path length: 32 [edges], g_F: 17, g_B: 15, generated: 0, MM: 2, MMPER: 5.0606060606060606%
[00:00:00:10:091] 
---------- SM_Grids/8x8_grid_with_random_blocks_12per_2 ----------
[00:00:00:02:056] Path of length 34 found: [0, 1, 2, 3, 4, 5, 13, 14, 15, 23, 31, 30, 38, 46, 45, 44, 36, 28, 20, 19, 18, 17, 16, 24, 32, 33, 34, 42, 50, 58, 59, 60, 61, 62, 63]
[00:00:00:02:057] ! Unidirectional s-t. expansions: 439, time: 2,056 [ms], path length: 34 [edges], generated: 742
[00:00:00:02:825] Path of length 34 found: [63, 55, 47, 46, 38, 30, 31, 23, 15, 14, 13, 5, 4, 3, 2, 10, 18, 19, 27, 28, 36, 44, 52, 60, 59, 58, 50, 42, 34, 33, 25, 24, 16, 8, 0]
[00:00:00:02:826] ! Unidirectional t-s. expansions: 609, time: 2,825 [ms], path length: 34 [edges], generated: 1,056
[00:00:00:03:005] Path of length 34 found: [0, 1, 9, 17, 16, 24, 32, 33, 34, 42, 50, 58, 59, 60, 52, 44, 36, 28, 27, 19, 11, 3, 4, 5, 13, 14, 15, 23, 31, 30, 38, 46, 47, 55, 63]
[00:00:00:03:455] ! Bidirectional. expansions: 671, time: 3,005 [ms], path length: 34 [edges], g_F: 18, g_B: 16, generated: 0, MM: 2, MMPER: 4.714285714285714%
[00:00:00:03:456] 
---------- SM_Grids/8x8_grid_with_random_blocks_12per_3 ----------
[00:00:00:23:478] Path of length 34 found: [0, 8, 16, 24, 32, 33, 41, 49, 57, 58, 59, 60, 52, 44, 43, 35, 27, 19, 18, 10, 2, 3, 4, 5, 6, 7, 15, 23, 22, 30, 38, 39, 47, 55, 63]
[00:00:00:23:478] ! Unidirectional s-t. expansions: 6,800, time: 23,478 [ms], path length: 34 [edges], generated: 10,642
[00:00:00:29:657] Path of length 34 found: [63, 62, 54, 46, 47, 39, 31, 30, 22, 14, 6, 5, 4, 12, 20, 19, 27, 35, 36, 44, 52, 60, 59, 58, 57, 49, 41, 33, 32, 24, 16, 17, 9, 1, 0]
[00:00:00:29:657] ! Unidirectional t-s. expansions: 9,037, time: 29,657 [ms], path length: 34 [edges], generated: 13,947
[00:00:00:09:428] Path of length 34 found: [0, 8, 16, 24, 32, 33, 41, 49, 57, 58, 59, 51, 43, 35, 27, 19, 18, 10, 2, 3, 4, 5, 6, 7, 15, 23, 22, 30, 29, 37, 45, 46, 54, 62, 63]
[00:00:00:09:851] ! Bidirectional. expansions: 2,703, time: 9,428 [ms], path length: 34 [edges], g_F: 18, g_B: 16, generated: 0, MM: 2, MMPER: 4.714285714285714%
[00:00:00:09:852] 
---------- SM_Grids/8x8_grid_with_random_blocks_12per_4 ----------
[00:00:00:06:713] Path of length 34 found: [0, 8, 16, 17, 18, 10, 11, 12, 4, 5, 6, 14, 22, 23, 31, 39, 38, 37, 29, 28, 27, 35, 34, 33, 41, 49, 57, 58, 59, 51, 52, 53, 61, 62, 63]
[00:00:00:06:713] ! Unidirectional s-t. expansions: 1,405, time: 6,713 [ms], path length: 34 [edges], generated: 2,484
[00:00:00:08:393] Path of length 34 found: [63, 55, 54, 53, 61, 60, 59, 58, 57, 49, 41, 42, 34, 35, 27, 28, 29, 37, 38, 39, 31, 23, 22, 14, 6, 5, 4, 12, 11, 10, 18, 17, 16, 8, 0]
[00:00:00:08:393] ! Unidirectional t-s. expansions: 1,703, time: 8,393 [ms], path length: 34 [edges], generated: 3,251
[00:00:00:08:830] Path of length 34 found: [0, 8, 16, 24, 25, 26, 18, 10, 11, 12, 4, 5, 6, 14, 22, 23, 31, 39, 38, 37, 36, 35, 43, 42, 41, 49, 57, 58, 59, 60, 61, 53, 54, 55, 63]
[00:00:00:09:244] ! Bidirectional. expansions: 1,975, time: 8,830 [ms], path length: 34 [edges], g_F: 18, g_B: 16, generated: 0, MM: 2, MMPER: 4.714285714285714%
[00:00:00:09:244] 
---------- SM_Grids/8x8_grid_with_random_blocks_12per_5 ----------
[00:00:00:13:318] Path of length 34 found: [0, 1, 2, 3, 4, 5, 6, 14, 15, 23, 31, 39, 47, 46, 45, 37, 29, 21, 20, 19, 18, 17, 16, 24, 32, 33, 34, 35, 43, 51, 59, 60, 61, 62, 63]
[00:00:00:13:318] ! Unidirectional s-t. expansions: 3,034, time: 13,318 [ms], path length: 34 [edges], generated: 5,256
[00:00:00:13:516] Path of length 34 found: [63, 55, 47, 39, 31, 23, 15, 14, 6, 5, 4, 3, 11, 19, 20, 28, 29, 37, 45, 53, 61, 60, 59, 51, 43, 35, 34, 33, 32, 24, 16, 17, 9, 1, 0]
[00:00:00:13:516] ! Unidirectional t-s. expansions: 3,045, time: 13,516 [ms], path length: 34 [edges], generated: 5,094
[00:00:00:09:783] Path of length 34 found: [0, 1, 2, 3, 4, 5, 6, 14, 15, 23, 31, 30, 29, 21, 20, 19, 18, 17, 16, 24, 32, 33, 34, 35, 43, 51, 59, 60, 61, 53, 45, 46, 47, 55, 63]
[00:00:00:10:209] ! Bidirectional. expansions: 2,403, time: 9,784 [ms], path length: 34 [edges], g_F: 18, g_B: 16, generated: 0, MM: 2, MMPER: 4.714285714285714%
[00:00:00:10:209] 
---------- SM_Grids/8x8_grid_with_random_blocks_12per_6 ----------
[00:00:00:08:720] Path of length 34 found: [0, 8, 9, 10, 2, 3, 4, 5, 6, 7, 15, 23, 22, 21, 20, 19, 27, 26, 25, 24, 32, 40, 48, 49, 50, 51, 43, 44, 36, 37, 38, 46, 54, 62, 63]
[00:00:00:08:720] ! Unidirectional s-t. expansions: 2,091, time: 8,720 [ms], path length: 34 [edges], generated: 3,501
[00:00:00:04:361] Path of length 34 found: [63, 62, 54, 46, 38, 37, 36, 44, 43, 42, 50, 49, 48, 40, 32, 24, 25, 26, 27, 19, 20, 21, 22, 23, 15, 7, 6, 5, 4, 3, 2, 10, 9, 8, 0]
[00:00:00:04:361] ! Unidirectional t-s. expansions: 916, time: 4,361 [ms], path length: 34 [edges], generated: 1,628
[00:00:00:05:644] Path of length 34 found: [0, 8, 9, 10, 2, 3, 4, 5, 6, 7, 15, 23, 22, 21, 20, 19, 27, 26, 25, 24, 32, 40, 48, 49, 50, 42, 43, 44, 36, 37, 38, 46, 54, 62, 63]
[00:00:00:06:069] ! Bidirectional. expansions: 1,496, time: 5,644 [ms], path length: 34 [edges], g_F: 18, g_B: 16, generated: 0, MM: 2, MMPER: 4.714285714285714%
[00:00:00:06:070] 
---------- SM_Grids/8x8_grid_with_random_blocks_12per_7 ----------
[00:00:00:07:633] Path of length 36 found: [0, 8, 9, 10, 18, 19, 20, 12, 13, 5, 6, 7, 15, 23, 22, 30, 38, 37, 36, 44, 43, 42, 34, 33, 32, 40, 48, 56, 57, 58, 59, 60, 61, 53, 54, 55, 63]
[00:00:00:07:635] ! Unidirectional s-t. expansions: 1,702, time: 7,633 [ms], path length: 36 [edges], generated: 2,825
[00:00:00:10:498] Path of length 36 found: [63, 55, 47, 39, 38, 30, 22, 23, 15, 7, 6, 5, 13, 12, 20, 28, 27, 26, 34, 42, 43, 44, 45, 53, 61, 60, 59, 58, 57, 49, 48, 40, 32, 24, 16, 8, 0]
[00:00:00:10:499] ! Unidirectional t-s. expansions: 2,729, time: 10,498 [ms], path length: 36 [edges], generated: 4,336
[00:00:00:06:572] Path of length 36 found: [0, 8, 9, 17, 25, 24, 32, 40, 48, 56, 57, 58, 59, 60, 61, 53, 45, 44, 36, 35, 27, 19, 20, 12, 13, 5, 6, 7, 15, 23, 22, 30, 38, 39, 47, 55, 63]
[00:00:00:07:003] ! Bidirectional. expansions: 1,752, time: 6,573 [ms], path length: 36 [edges], g_F: 19, g_B: 17, generated: 0, MM: 2, MMPER: 4.405405405405405%
[00:00:00:07:003] 
---------- SM_Grids/8x8_grid_with_random_blocks_12per_8 ----------
[00:00:00:04:371] Path of length 36 found: [0, 8, 16, 24, 32, 33, 41, 49, 57, 58, 59, 60, 52, 44, 43, 35, 27, 26, 18, 10, 2, 3, 4, 5, 6, 7, 15, 23, 22, 21, 29, 37, 38, 46, 47, 55, 63]
[00:00:00:04:371] ! Unidirectional s-t. expansions: 934, time: 4,371 [ms], path length: 36 [edges], generated: 1,640
[00:00:00:05:709] Path of length 36 found: [63, 55, 47, 39, 38, 37, 29, 21, 22, 23, 15, 7, 6, 5, 4, 3, 2, 10, 18, 26, 27, 35, 43, 44, 52, 60, 59, 58, 57, 49, 41, 33, 32, 24, 16, 8, 0]
[00:00:00:05:709] ! Unidirectional t-s. expansions: 1,325, time: 5,709 [ms], path length: 36 [edges], generated: 2,215
[00:00:00:04:879] Path of length 36 found: [0, 1, 2, 10, 18, 17, 16, 24, 32, 33, 41, 49, 57, 58, 59, 60, 52, 44, 43, 35, 27, 28, 20, 12, 4, 5, 6, 7, 15, 23, 22, 30, 38, 39, 47, 55, 63]
[00:00:00:05:306] ! Bidirectional. expansions: 1,302, time: 4,880 [ms], path length: 36 [edges], g_F: 19, g_B: 17, generated: 0, MM: 2, MMPER: 4.405405405405405%
[00:00:00:05:306] 
---------- SM_Grids/8x8_grid_with_random_blocks_12per_9 ----------
[00:00:00:13:822] Path of length 36 found: [0, 8, 9, 10, 11, 19, 20, 21, 13, 5, 6, 7, 15, 23, 31, 30, 38, 37, 36, 35, 34, 26, 25, 24, 32, 40, 48, 56, 57, 58, 50, 51, 52, 60, 61, 62, 63]
[00:00:00:13:822] ! Unidirectional s-t. expansions: 3,751, time: 13,822 [ms], path length: 36 [edges], generated: 5,557
[00:00:00:13:448] Path of length 36 found: [63, 62, 61, 53, 45, 46, 38, 30, 31, 23, 15, 7, 6, 5, 13, 21, 20, 28, 36, 35, 43, 51, 50, 58, 57, 56, 48, 40, 41, 33, 25, 26, 18, 10, 2, 1, 0]
[00:00:00:13:448] ! Unidirectional t-s. expansions: 3,366, time: 13,448 [ms], path length: 36 [edges], generated: 5,347
[00:00:00:10:319] Path of length 36 found: [0, 8, 9, 10, 11, 19, 20, 21, 13, 5, 6, 7, 15, 23, 31, 30, 38, 37, 36, 35, 34, 26, 25, 24, 32, 40, 48, 56, 57, 58, 50, 51, 52, 60, 61, 62, 63]
[00:00:00:10:733] ! Bidirectional. expansions: 2,878, time: 10,319 [ms], path length: 36 [edges], g_F: 19, g_B: 17, generated: 0, MM: 2, MMPER: 4.405405405405405%

[00:00:00:10:733] average expansions: (2,191, 2,554, 1,797, 0)
[00:00:00:10:733] average time: (8,788, 9,991, 6,908, 0)
[00:00:00:10:733] XA*: 2,191 , 8,788 (expansions , time[ms])
[00:00:00:10:733] BiXA*: 1,797 , 6,908 (expansions , time[ms])

