------------------------------------
Thu 01 Oct 2026 14:37:31 IDT
SLURM_JOBID:		21950270
SLURM_JOB_NODELIST:	ise-cpu256-09
SLURM_SCRATCH_DIR:	/scratch/shubit/21950270
Allocated Resouces:	cpu - 2 / mem - 61440 MB / gpu - 
SLURM_GPU_INDEX:	
Running as shubit from shimony account with normal QOS
------------------------------------
Thu 01 Oct 2026 14:37:31 IDT

SLURM_JOBID:		 21950270
SLURM_JOB_NODELIST:	 ise-cpu256-09 

--------------------------
date: SM_Grids
number_of_graphs: 10
graph_type: grid
size_of_graphs: [8, 8]
heuristic: bcc_heuristic
snake: True
run_uni: True
run_bi: True
run_multi: False
solution_vertices: []
algorithms: ['DFBnB']
lookahead: 4
bsd: False
cube_first_dims: 4
cube_buffer_dim: None
backward_sym_generation: False
sym_coil: False
prefix_set: None

---------- SM_Grids/8x8_grid_with_random_blocks_16per_0 ----------
[00:00:00:01:837] Path of length 32 found: [0, 1, 9, 10, 18, 26, 25, 24, 32, 40, 48, 49, 50, 42, 43, 35, 36, 28, 20, 12, 13, 5, 6, 7, 15, 23, 22, 30, 38, 46, 47, 55, 63]
[00:00:00:01:837] ! Unidirectional s-t. expansions: 411, time: 1,837 [ms], path length: 32 [edges], generated: 2,605
[00:00:00:00:510] Path of length 32 found: [63, 55, 47, 39, 38, 30, 22, 23, 15, 7, 6, 5, 13, 12, 20, 28, 36, 44, 43, 51, 50, 49, 48, 40, 32, 24, 25, 26, 18, 10, 2, 1, 0]
[00:00:00:00:511] ! Unidirectional t-s. expansions: 41, time: 511 [ms], path length: 32 [edges], generated: 554
[00:00:00:00:585] Path of length 32 found: [0, 1, 9, 10, 18, 26, 25, 24, 32, 40, 48, 49, 50, 42, 43, 35, 36, 28, 20, 12, 13, 5, 6, 7, 15, 23, 22, 30, 38, 39, 47, 55, 63]
[00:00:00:01:070] ! Bidirectional. expansions: 50, time: 585 [ms], path length: 32 [edges], g_F: 16, g_B: 16, generated: 0, MM: 0, MMPER: -1.0%
[00:00:00:01:070] 
---------- SM_Grids/8x8_grid_with_random_blocks_16per_1 ----------
[00:00:00:01:185] Path of length 28 found: [0, 8, 16, 24, 32, 33, 41, 42, 43, 35, 27, 26, 18, 10, 2, 3, 4, 12, 20, 21, 22, 30, 31, 39, 47, 46, 54, 62, 63]
[00:00:00:01:185] ! Unidirectional s-t. expansions: 85, time: 1,185 [ms], path length: 28 [edges], generated: 1,229
[00:00:00:02:456] Path of length 28 found: [63, 62, 54, 46, 47, 39, 31, 23, 22, 21, 20, 12, 4, 3, 2, 10, 18, 26, 27, 35, 43, 42, 41, 33, 32, 24, 16, 8, 0]
[00:00:00:02:456] ! Unidirectional t-s. expansions: 119, time: 2,456 [ms], path length: 28 [edges], generated: 2,177
[00:00:00:02:090] Path of length 28 found: [0, 8, 16, 24, 32, 33, 41, 42, 43, 35, 27, 26, 18, 10, 2, 3, 4, 12, 20, 21, 22, 23, 31, 39, 38, 46, 54, 55, 63]
[00:00:00:02:526] ! Bidirectional. expansions: 170, time: 2,090 [ms], path length: 28 [edges], g_F: 14, g_B: 14, generated: 0, MM: 0, MMPER: -1.0%
[00:00:00:02:526] 
---------- SM_Grids/8x8_grid_with_random_blocks_16per_2 ----------
[00:00:00:05:276] Path of length 28 found: [0, 8, 16, 24, 32, 40, 48, 56, 57, 58, 50, 42, 34, 26, 18, 19, 20, 28, 29, 30, 38, 46, 45, 44, 52, 60, 61, 62, 63]
[00:00:00:05:277] ! Unidirectional s-t. expansions: 335, time: 5,276 [ms], path length: 28 [edges], generated: 6,138
[00:00:00:07:123] Path of length 28 found: [63, 55, 47, 46, 38, 30, 29, 21, 20, 19, 18, 26, 34, 42, 43, 44, 52, 60, 59, 58, 57, 49, 48, 40, 32, 24, 16, 8, 0]
[00:00:00:07:123] ! Unidirectional t-s. expansions: 566, time: 7,123 [ms], path length: 28 [edges], generated: 7,889
[00:00:00:04:379] Path of length 28 found: [0, 1, 2, 3, 11, 19, 18, 17, 16, 24, 32, 33, 41, 49, 57, 58, 59, 60, 52, 44, 36, 28, 29, 30, 38, 46, 47, 55, 63]
[00:00:00:04:849] ! Bidirectional. expansions: 277, time: 4,379 [ms], path length: 28 [edges], g_F: 14, g_B: 14, generated: 0, MM: 0, MMPER: -1.0%
[00:00:00:04:850] 
---------- SM_Grids/8x8_grid_with_random_blocks_16per_3 ----------
[00:00:00:04:378] Path of length 30 found: [0, 8, 16, 17, 18, 10, 11, 12, 13, 14, 15, 23, 31, 30, 29, 28, 27, 35, 34, 33, 41, 49, 50, 51, 52, 44, 45, 46, 54, 62, 63]
[00:00:00:04:378] ! Unidirectional s-t. expansions: 376, time: 4,378 [ms], path length: 30 [edges], generated: 5,693
[00:00:00:04:443] Path of length 30 found: [63, 55, 47, 46, 45, 53, 52, 51, 50, 49, 41, 33, 34, 35, 27, 28, 29, 30, 31, 23, 15, 14, 13, 12, 11, 10, 18, 17, 16, 8, 0]
[00:00:00:04:444] ! Unidirectional t-s. expansions: 232, time: 4,443 [ms], path length: 30 [edges], generated: 4,398
[00:00:00:03:468] Path of length 30 found: [0, 8, 16, 17, 18, 10, 11, 12, 13, 14, 15, 23, 31, 30, 29, 28, 27, 35, 34, 33, 41, 49, 50, 51, 52, 53, 45, 46, 47, 55, 63]
[00:00:00:03:915] ! Bidirectional. expansions: 270, time: 3,468 [ms], path length: 30 [edges], g_F: 15, g_B: 15, generated: 0, MM: 0, MMPER: -1.0%
[00:00:00:03:915] 
---------- SM_Grids/8x8_grid_with_random_blocks_16per_4 ----------
[00:00:00:01:914] Path of length 30 found: [0, 8, 16, 17, 18, 10, 11, 12, 13, 14, 22, 30, 29, 28, 27, 35, 34, 33, 32, 40, 48, 49, 50, 51, 52, 44, 45, 46, 54, 62, 63]
[00:00:00:01:915] ! Unidirectional s-t. expansions: 132, time: 1,914 [ms], path length: 30 [edges], generated: 1,964
[00:00:00:03:644] Path of length 30 found: [63, 55, 47, 46, 45, 44, 52, 51, 50, 49, 48, 40, 32, 33, 34, 35, 27, 28, 29, 30, 22, 14, 13, 12, 11, 10, 18, 17, 16, 8, 0]
[00:00:00:03:644] ! Unidirectional t-s. expansions: 249, time: 3,644 [ms], path length: 30 [edges], generated: 3,849
[00:00:00:05:061] Path of length 30 found: [0, 8, 16, 17, 18, 10, 11, 12, 13, 14, 22, 30, 29, 28, 27, 35, 34, 33, 32, 40, 48, 49, 50, 51, 52, 53, 45, 46, 47, 55, 63]
[00:00:00:05:502] ! Bidirectional. expansions: 264, time: 5,061 [ms], path length: 30 [edges], g_F: 15, g_B: 15, generated: 0, MM: 0, MMPER: -1.0%
[00:00:00:05:502] 
---------- SM_Grids/8x8_grid_with_random_blocks_16per_5 ----------
[00:00:00:05:591] Path of length 28 found: [0, 1, 9, 17, 16, 24, 32, 33, 34, 35, 36, 28, 20, 19, 11, 3, 4, 5, 6, 14, 15, 23, 31, 30, 38, 46, 54, 55, 63]
[00:00:00:05:591] ! Unidirectional s-t. expansions: 1,421, time: 5,591 [ms], path length: 28 [edges], generated: 8,044
[00:00:00:02:174] Path of length 28 found: [63, 55, 47, 46, 38, 30, 31, 23, 15, 14, 6, 5, 4, 3, 11, 19, 20, 28, 36, 35, 34, 33, 32, 24, 16, 17, 9, 1, 0]
[00:00:00:02:174] ! Unidirectional t-s. expansions: 233, time: 2,174 [ms], path length: 28 [edges], generated: 2,703
[00:00:00:02:528] Path of length 28 found: [0, 1, 9, 17, 16, 24, 32, 33, 34, 35, 36, 28, 20, 19, 11, 3, 4, 5, 6, 14, 15, 23, 31, 30, 38, 46, 47, 55, 63]
[00:00:00:02:957] ! Bidirectional. expansions: 316, time: 2,528 [ms], path length: 28 [edges], g_F: 14, g_B: 14, generated: 0, MM: 0, MMPER: -1.0%
[00:00:00:02:957] 
---------- SM_Grids/8x8_grid_with_random_blocks_16per_6 ----------
[00:00:00:01:040] Path of length 34 found: [0, 1, 9, 17, 16, 24, 32, 40, 48, 49, 50, 42, 34, 26, 27, 19, 20, 21, 13, 5, 6, 7, 15, 23, 31, 30, 38, 37, 36, 44, 52, 53, 54, 62, 63]
[00:00:00:01:041] ! Unidirectional s-t. expansions: 100, time: 1,041 [ms], path length: 34 [edges], generated: 1,044
[00:00:00:00:743] Path of length 34 found: [63, 55, 54, 53, 52, 44, 36, 37, 38, 30, 31, 23, 15, 7, 6, 5, 13, 21, 20, 19, 27, 26, 34, 42, 50, 49, 48, 40, 32, 24, 16, 17, 9, 1, 0]
[00:00:00:00:743] ! Unidirectional t-s. expansions: 98, time: 743 [ms], path length: 34 [edges], generated: 832
[00:00:00:01:306] Path of length 34 found: [0, 1, 9, 17, 16, 24, 32, 40, 48, 49, 50, 42, 34, 26, 27, 19, 20, 21, 13, 5, 6, 7, 15, 23, 31, 30, 38, 37, 36, 44, 52, 53, 54, 55, 63]
[00:00:00:01:730] ! Bidirectional. expansions: 77, time: 1,306 [ms], path length: 34 [edges], g_F: 17, g_B: 17, generated: 0, MM: 0, MMPER: -1.0%
[00:00:00:01:730] 
---------- SM_Grids/8x8_grid_with_random_blocks_16per_7 ----------
[00:00:00:03:008] Path of length 32 found: [0, 8, 16, 24, 32, 40, 48, 56, 57, 58, 50, 51, 43, 35, 27, 26, 18, 10, 11, 12, 13, 14, 15, 23, 31, 30, 38, 37, 45, 53, 54, 55, 63]
[00:00:00:03:008] ! Unidirectional s-t. expansions: 457, time: 3,008 [ms], path length: 32 [edges], generated: 3,874
[00:00:00:02:280] Path of length 32 found: [63, 55, 54, 53, 45, 37, 38, 30, 31, 23, 15, 14, 13, 12, 20, 28, 27, 26, 34, 42, 43, 51, 59, 58, 57, 49, 48, 40, 32, 24, 16, 8, 0]
[00:00:00:02:281] ! Unidirectional t-s. expansions: 321, time: 2,280 [ms], path length: 32 [edges], generated: 3,248
[00:00:00:01:283] Path of length 32 found: [0, 8, 16, 24, 32, 40, 48, 56, 57, 58, 59, 51, 43, 42, 34, 26, 18, 19, 20, 21, 13, 14, 15, 23, 31, 30, 38, 37, 45, 53, 54, 55, 63]
[00:00:00:01:720] ! Bidirectional. expansions: 212, time: 1,283 [ms], path length: 32 [edges], g_F: 16, g_B: 16, generated: 0, MM: 0, MMPER: -1.0%
[00:00:00:01:720] 
---------- SM_Grids/8x8_grid_with_random_blocks_16per_8 ----------
[00:00:00:04:568] Path of length 32 found: [0, 8, 16, 17, 18, 10, 2, 3, 4, 5, 6, 7, 15, 23, 22, 21, 20, 28, 36, 35, 34, 33, 32, 40, 48, 49, 50, 51, 59, 60, 61, 62, 63]
[00:00:00:04:568] ! Unidirectional s-t. expansions: 476, time: 4,568 [ms], path length: 32 [edges], generated: 5,597
[00:00:00:00:715] Path of length 32 found: [63, 62, 61, 60, 59, 51, 50, 49, 48, 40, 32, 33, 34, 35, 36, 37, 29, 21, 22, 23, 15, 7, 6, 5, 4, 3, 11, 19, 18, 17, 9, 1, 0]
[00:00:00:00:715] ! Unidirectional t-s. expansions: 69, time: 715 [ms], path length: 32 [edges], generated: 740
[00:00:00:02:429] Path of length 32 found: [0, 8, 9, 17, 18, 19, 11, 3, 4, 5, 6, 7, 15, 23, 22, 21, 29, 28, 36, 35, 34, 33, 32, 40, 48, 49, 50, 51, 59, 60, 61, 62, 63]
[00:00:00:02:869] ! Bidirectional. expansions: 315, time: 2,429 [ms], path length: 32 [edges], g_F: 16, g_B: 16, generated: 0, MM: 0, MMPER: -1.0%
[00:00:00:02:869] 
---------- SM_Grids/8x8_grid_with_random_blocks_16per_9 ----------
[00:00:00:00:306] Path of length 30 found: [0, 1, 2, 3, 4, 5, 13, 21, 20, 28, 27, 26, 18, 17, 16, 24, 32, 33, 41, 42, 50, 51, 52, 44, 45, 37, 38, 39, 47, 55, 63]
[00:00:00:00:306] ! Unidirectional s-t. expansions: 32, time: 306 [ms], path length: 30 [edges], generated: 316
[00:00:00:00:550] Path of length 30 found: [63, 55, 47, 39, 38, 37, 45, 44, 52, 51, 50, 42, 41, 33, 32, 24, 16, 17, 18, 26, 27, 28, 20, 21, 13, 5, 4, 3, 2, 1, 0]
[00:00:00:00:550] ! Unidirectional t-s. expansions: 41, time: 550 [ms], path length: 30 [edges], generated: 519
[00:00:00:00:413] Path of length 30 found: [0, 1, 2, 3, 4, 5, 13, 21, 20, 28, 27, 26, 18, 17, 16, 24, 32, 33, 41, 42, 43, 51, 52, 53, 45, 37, 38, 39, 47, 55, 63]
[00:00:00:00:860] ! Bidirectional. expansions: 21, time: 413 [ms], path length: 30 [edges], g_F: 15, g_B: 15, generated: 0, MM: 0, MMPER: -1.0%

[00:00:00:00:860] average expansions: (382, 197, 197, 0)
[00:00:00:00:861] average time: (2,910, 2,464, 2,354, 0)
[00:00:00:00:861] XDFBnB: 197 , 2,464 (expansions , time[ms])
[00:00:00:00:861] BiXDFBnB: 197 , 2,354 (expansions , time[ms])

