------------------------------------
Thu 01 Oct 2026 11:14:15 IDT
SLURM_JOBID:		21943045
SLURM_JOB_NODELIST:	ise-cpu256-27
SLURM_SCRATCH_DIR:	/scratch/shubit/21943045
Allocated Resouces:	cpu - 2 / mem - 61440 MB / gpu - 
SLURM_GPU_INDEX:	
Running as shubit from shimony account with normal QOS
------------------------------------
Thu 01 Oct 2026 11:14:15 IDT

SLURM_JOBID:		 21943045
SLURM_JOB_NODELIST:	 ise-cpu256-27 

--------------------------
date: SM_Grids
number_of_graphs: 10
graph_type: grid
size_of_graphs: [8, 9]
heuristic: bcc_heuristic
snake: True
run_uni: True
run_bi: True
run_multi: False
solution_vertices: []
algorithms: ['A']
lookahead: 3
bsd: False
cube_first_dims: 4
cube_buffer_dim: None
backward_sym_generation: False
sym_coil: False
prefix_set: None

---------- SM_Grids/8x9_grid_with_random_blocks_8per_0 ----------
[00:00:00:22:446] Path of length 43 found: [0, 9, 18, 27, 36, 45, 54, 63, 64, 65, 56, 47, 38, 39, 30, 21, 20, 11, 2, 3, 4, 13, 14, 15, 6, 7, 8, 17, 26, 25, 34, 33, 32, 41, 50, 49, 58, 67, 68, 69, 60, 61, 62, 71]
[00:00:00:22:447] ! Unidirectional s-t. expansions: 1,920, time: 22,446 [ms], path length: 43 [edges], generated: 16,088
[00:00:00:16:478] Path of length 43 found: [71, 62, 61, 60, 69, 68, 67, 58, 49, 50, 41, 42, 43, 34, 25, 26, 17, 8, 7, 6, 5, 14, 23, 22, 31, 30, 39, 38, 47, 56, 65, 64, 63, 54, 45, 36, 27, 18, 19, 20, 11, 2, 1, 0]
[00:00:00:16:478] ! Unidirectional t-s. expansions: 1,006, time: 16,478 [ms], path length: 43 [edges], generated: 10,659
[00:00:00:48:284] Path of length 43 found: [0, 1, 2, 11, 20, 19, 18, 27, 36, 45, 54, 63, 64, 65, 56, 47, 38, 39, 30, 31, 22, 13, 4, 5, 6, 7, 8, 17, 26, 25, 34, 43, 42, 41, 50, 49, 58, 67, 68, 69, 60, 61, 62, 71]
[00:00:00:48:925] ! Bidirectional. expansions: 1,403, time: 48,284 [ms], path length: 43 [edges], g_F: 24, g_B: 19, generated: 0, MM: 5, MMPER: 10.363636363636363%
[00:00:00:48:925] 
---------- SM_Grids/8x9_grid_with_random_blocks_8per_1 ----------
[00:00:00:59:489] Path of length 43 found: [0, 1, 2, 11, 20, 19, 18, 27, 36, 45, 54, 63, 64, 65, 56, 47, 38, 39, 30, 31, 22, 13, 4, 5, 6, 7, 8, 17, 26, 25, 24, 33, 42, 41, 50, 49, 58, 67, 68, 69, 60, 61, 62, 71]
[00:00:00:59:490] ! Unidirectional s-t. expansions: 4,502, time: 59,490 [ms], path length: 43 [edges], generated: 42,047
[00:00:00:44:999] Path of length 43 found: [71, 62, 61, 60, 69, 68, 67, 58, 49, 50, 41, 42, 43, 34, 35, 26, 17, 8, 7, 6, 15, 24, 23, 22, 31, 30, 39, 38, 47, 56, 65, 64, 63, 54, 45, 36, 27, 18, 19, 20, 11, 2, 1, 0]
[00:00:00:44:999] ! Unidirectional t-s. expansions: 2,699, time: 44,999 [ms], path length: 43 [edges], generated: 29,648
[00:00:01:27:183] Path of length 43 found: [0, 1, 2, 11, 20, 19, 18, 27, 36, 45, 54, 63, 64, 65, 56, 47, 38, 39, 30, 31, 22, 13, 4, 5, 6, 7, 8, 17, 26, 35, 34, 43, 42, 41, 50, 49, 58, 67, 68, 69, 60, 61, 62, 71]
[00:00:01:27:642] ! Bidirectional. expansions: 3,420, time: 87,183 [ms], path length: 43 [edges], g_F: 24, g_B: 19, generated: 0, MM: 5, MMPER: 10.363636363636363%
[00:00:01:27:642] 
---------- SM_Grids/8x9_grid_with_random_blocks_8per_2 ----------
[00:00:00:52:786] Path of length 37 found: [0, 1, 2, 11, 20, 19, 18, 27, 36, 37, 38, 47, 56, 57, 58, 49, 40, 41, 42, 33, 24, 23, 22, 13, 4, 5, 6, 7, 16, 17, 26, 35, 44, 53, 52, 61, 70, 71]
[00:00:00:52:786] ! Unidirectional s-t. expansions: 2,614, time: 52,786 [ms], path length: 37 [edges], generated: 35,815
[00:00:01:03:098] Path of length 37 found: [71, 70, 61, 52, 53, 44, 35, 26, 17, 8, 7, 6, 15, 24, 33, 42, 41, 50, 59, 58, 57, 56, 47, 38, 39, 30, 31, 22, 13, 4, 3, 2, 11, 20, 19, 18, 9, 0]
[00:00:01:03:098] ! Unidirectional t-s. expansions: 4,004, time: 63,098 [ms], path length: 37 [edges], generated: 43,766
[00:00:03:04:160] Path of length 37 found: [0, 1, 2, 11, 20, 19, 18, 27, 36, 37, 38, 47, 56, 57, 58, 49, 40, 41, 32, 23, 22, 13, 4, 5, 6, 7, 8, 17, 26, 35, 44, 53, 52, 51, 60, 69, 70, 71]
[00:00:03:04:619] ! Bidirectional. expansions: 5,606, time: 184,160 [ms], path length: 37 [edges], g_F: 21, g_B: 16, generated: 0, MM: 5, MMPER: 12.157894736842104%
[00:00:03:04:619] 
---------- SM_Grids/8x9_grid_with_random_blocks_8per_3 ----------
[00:00:00:35:763] Path of length 41 found: [0, 1, 2, 3, 12, 13, 14, 5, 6, 7, 16, 25, 24, 33, 32, 31, 40, 49, 48, 47, 38, 29, 20, 19, 18, 27, 36, 45, 54, 63, 64, 65, 66, 67, 68, 59, 60, 51, 52, 53, 62, 71]
[00:00:00:35:763] ! Unidirectional s-t. expansions: 2,180, time: 35,763 [ms], path length: 41 [edges], generated: 23,305
[00:00:00:39:246] Path of length 41 found: [71, 62, 53, 52, 51, 60, 59, 68, 67, 66, 65, 64, 63, 54, 45, 36, 27, 18, 19, 20, 29, 38, 47, 48, 49, 40, 41, 32, 33, 24, 25, 16, 7, 6, 5, 14, 13, 12, 3, 2, 1, 0]
[00:00:00:39:246] ! Unidirectional t-s. expansions: 2,200, time: 39,246 [ms], path length: 41 [edges], generated: 26,230
[00:00:01:21:832] Path of length 41 found: [0, 1, 2, 3, 12, 13, 14, 5, 6, 7, 16, 25, 24, 33, 32, 41, 40, 49, 48, 47, 38, 29, 20, 19, 18, 27, 36, 45, 54, 55, 64, 65, 66, 67, 68, 59, 60, 51, 52, 53, 62, 71]
[00:00:01:22:295] ! Bidirectional. expansions: 2,421, time: 81,832 [ms], path length: 41 [edges], g_F: 21, g_B: 20, generated: 0, MM: 1, MMPER: 1.380952380952381%
[00:00:01:22:295] 
---------- SM_Grids/8x9_grid_with_random_blocks_8per_4 ----------
[00:00:02:21:847] Path of length 39 found: [0, 9, 18, 19, 28, 29, 38, 47, 46, 45, 54, 63, 64, 65, 66, 57, 58, 49, 50, 41, 32, 31, 22, 21, 12, 3, 4, 5, 14, 15, 16, 17, 26, 35, 34, 43, 52, 61, 70, 71]
[00:00:02:21:847] ! Unidirectional s-t. expansions: 9,376, time: 141,847 [ms], path length: 39 [edges], generated: 111,216
[00:00:01:55:783] Path of length 39 found: [71, 70, 69, 60, 59, 58, 49, 48, 47, 56, 65, 64, 63, 54, 45, 36, 37, 28, 29, 20, 21, 22, 31, 32, 41, 42, 43, 34, 35, 26, 17, 16, 15, 14, 5, 4, 3, 2, 1, 0]
[00:00:01:55:783] ! Unidirectional t-s. expansions: 8,290, time: 115,783 [ms], path length: 39 [edges], generated: 96,149
[00:00:04:19:144] Path of length 39 found: [0, 9, 18, 19, 28, 29, 38, 47, 46, 45, 54, 63, 64, 65, 66, 57, 58, 49, 40, 31, 22, 21, 12, 3, 4, 5, 14, 15, 16, 17, 26, 35, 34, 43, 52, 51, 60, 69, 70, 71]
[00:00:04:19:580] ! Bidirectional. expansions: 9,990, time: 259,144 [ms], path length: 39 [edges], g_F: 20, g_B: 19, generated: 0, MM: 1, MMPER: 1.5%
[00:00:04:19:581] 
---------- SM_Grids/8x9_grid_with_random_blocks_8per_5 ----------
[00:00:00:26:282] Path of length 43 found: [0, 9, 18, 19, 20, 11, 2, 3, 4, 5, 6, 7, 16, 17, 26, 35, 44, 43, 42, 33, 24, 23, 22, 31, 40, 49, 48, 47, 38, 37, 36, 45, 54, 63, 64, 65, 66, 67, 68, 59, 60, 61, 70, 71]
[00:00:00:26:283] ! Unidirectional s-t. expansions: 1,967, time: 26,282 [ms], path length: 43 [edges], generated: 18,299
[00:00:00:22:611] Path of length 43 found: [71, 70, 61, 60, 59, 68, 67, 66, 65, 64, 55, 54, 45, 36, 37, 38, 47, 48, 49, 40, 31, 32, 33, 42, 43, 44, 35, 26, 17, 8, 7, 6, 15, 14, 13, 4, 3, 2, 11, 20, 19, 18, 9, 0]
[00:00:00:22:611] ! Unidirectional t-s. expansions: 1,605, time: 22,611 [ms], path length: 43 [edges], generated: 16,729
[00:00:00:48:287] Path of length 43 found: [0, 9, 18, 19, 20, 11, 2, 3, 4, 5, 6, 7, 8, 17, 26, 35, 44, 43, 42, 33, 24, 23, 22, 31, 40, 49, 48, 47, 38, 37, 36, 45, 54, 55, 64, 65, 66, 67, 68, 59, 60, 61, 70, 71]
[00:00:00:48:721] ! Bidirectional. expansions: 1,679, time: 48,287 [ms], path length: 43 [edges], g_F: 21, g_B: 22, generated: 0, MM: 1, MMPER: 1.272727272727273%
[00:00:00:48:721] 
---------- SM_Grids/8x9_grid_with_random_blocks_8per_6 ----------
[00:00:01:09:131] Path of length 39 found: [0, 1, 2, 3, 12, 13, 14, 5, 6, 7, 16, 25, 24, 33, 32, 41, 40, 39, 30, 29, 20, 19, 18, 27, 36, 37, 46, 55, 64, 65, 66, 57, 58, 59, 60, 51, 52, 53, 62, 71]
[00:00:01:09:132] ! Unidirectional s-t. expansions: 4,254, time: 69,131 [ms], path length: 39 [edges], generated: 50,534
[00:00:01:11:939] Path of length 39 found: [71, 70, 69, 60, 51, 52, 53, 44, 35, 34, 25, 16, 7, 6, 5, 14, 23, 22, 31, 30, 39, 48, 49, 58, 67, 66, 65, 64, 55, 46, 37, 36, 27, 18, 19, 20, 11, 2, 1, 0]
[00:00:01:11:939] ! Unidirectional t-s. expansions: 4,880, time: 71,939 [ms], path length: 39 [edges], generated: 55,109
[00:00:03:52:188] Path of length 39 found: [0, 1, 2, 11, 20, 19, 18, 27, 36, 37, 46, 55, 64, 65, 66, 67, 58, 49, 40, 41, 32, 23, 22, 13, 4, 5, 6, 7, 16, 25, 34, 35, 44, 53, 52, 51, 60, 69, 70, 71]
[00:00:03:52:617] ! Bidirectional. expansions: 7,287, time: 232,188 [ms], path length: 39 [edges], g_F: 19, g_B: 20, generated: 0, MM: 1, MMPER: 1.5%
[00:00:03:52:617] 
---------- SM_Grids/8x9_grid_with_random_blocks_8per_7 ----------
[00:00:01:35:295] Expansion 10,000: state None, f=40, g=18
[00:00:01:48:462] Path of length 39 found: [0, 9, 18, 27, 28, 29, 20, 11, 2, 3, 4, 5, 6, 7, 8, 17, 26, 25, 24, 23, 22, 31, 40, 39, 48, 47, 46, 45, 54, 63, 64, 65, 66, 67, 58, 59, 60, 69, 70, 71]
[00:00:01:48:463] ! Unidirectional s-t. expansions: 11,021, time: 108,463 [ms], path length: 39 [edges], generated: 97,591
[00:00:01:41:857] Expansion 10,000: state None, f=40, g=30
[00:00:02:24:264] Path of length 39 found: [71, 62, 61, 52, 43, 44, 35, 26, 17, 8, 7, 6, 15, 24, 33, 32, 31, 30, 39, 48, 49, 50, 59, 68, 67, 66, 65, 64, 63, 54, 45, 46, 37, 28, 19, 20, 11, 2, 1, 0]
[00:00:02:24:264] ! Unidirectional t-s. expansions: 14,957, time: 144,264 [ms], path length: 39 [edges], generated: 137,964
[00:00:04:45:066] Path of length 39 found: [0, 1, 2, 3, 12, 13, 14, 5, 6, 7, 8, 17, 26, 25, 24, 33, 32, 41, 40, 39, 30, 29, 28, 37, 46, 45, 54, 63, 64, 65, 56, 57, 58, 67, 68, 69, 60, 61, 62, 71]
[00:00:04:45:505] ! Bidirectional. expansions: 14,304, time: 285,066 [ms], path length: 39 [edges], g_F: 22, g_B: 17, generated: 0, MM: 5, MMPER: 11.5%
[00:00:04:45:505] 
---------- SM_Grids/8x9_grid_with_random_blocks_8per_8 ----------
[00:00:00:36:097] Path of length 43 found: [0, 9, 18, 27, 36, 45, 54, 63, 64, 65, 56, 47, 38, 39, 30, 21, 20, 11, 2, 3, 4, 13, 14, 15, 6, 7, 8, 17, 26, 25, 34, 33, 32, 41, 50, 49, 58, 67, 68, 69, 60, 61, 62, 71]
[00:00:00:36:097] ! Unidirectional s-t. expansions: 3,046, time: 36,097 [ms], path length: 43 [edges], generated: 27,870
[00:00:00:40:208] Path of length 43 found: [71, 62, 53, 44, 35, 26, 17, 8, 7, 6, 15, 24, 33, 32, 41, 50, 51, 60, 69, 68, 67, 58, 57, 56, 65, 64, 63, 54, 45, 36, 37, 38, 29, 30, 21, 22, 13, 4, 3, 2, 11, 10, 9, 0]
[00:00:00:40:208] ! Unidirectional t-s. expansions: 2,958, time: 40,208 [ms], path length: 43 [edges], generated: 30,364
[00:00:01:43:700] Path of length 43 found: [0, 9, 18, 27, 36, 45, 54, 63, 64, 65, 56, 57, 58, 67, 68, 69, 60, 51, 50, 41, 32, 31, 30, 29, 20, 11, 2, 3, 4, 13, 14, 15, 6, 7, 8, 17, 26, 25, 34, 43, 44, 53, 62, 71]
[00:00:01:44:117] ! Bidirectional. expansions: 4,837, time: 103,700 [ms], path length: 43 [edges], g_F: 23, g_B: 20, generated: 0, MM: 3, MMPER: 5.818181818181818%
[00:00:01:44:117] 
---------- SM_Grids/8x9_grid_with_random_blocks_8per_9 ----------
[00:00:02:06:439] Expansion 10,000: state None, f=40, g=24
[00:00:03:06:022] Path of length 39 found: [0, 9, 18, 27, 28, 37, 46, 45, 54, 63, 64, 65, 56, 57, 48, 49, 40, 41, 32, 23, 22, 21, 20, 11, 2, 3, 4, 5, 6, 15, 16, 25, 34, 35, 44, 53, 52, 61, 70, 71]
[00:00:03:06:022] ! Unidirectional s-t. expansions: 15,806, time: 186,022 [ms], path length: 39 [edges], generated: 157,284
[00:00:01:54:123] Expansion 10,000: state None, f=40, g=15
[00:00:01:55:924] Path of length 39 found: [71, 62, 53, 52, 51, 60, 59, 68, 67, 66, 65, 64, 55, 54, 45, 36, 37, 38, 47, 48, 49, 40, 41, 32, 33, 24, 25, 16, 7, 6, 5, 4, 13, 22, 21, 20, 11, 2, 1, 0]
[00:00:01:55:924] ! Unidirectional t-s. expansions: 10,104, time: 115,924 [ms], path length: 39 [edges], generated: 105,456
[00:00:03:51:285] Path of length 39 found: [0, 1, 2, 3, 12, 21, 20, 19, 28, 27, 36, 45, 54, 63, 64, 65, 56, 47, 48, 49, 58, 59, 60, 51, 42, 41, 32, 23, 14, 5, 6, 7, 16, 25, 34, 35, 44, 53, 62, 71]
[00:00:03:51:708] ! Bidirectional. expansions: 9,532, time: 231,285 [ms], path length: 39 [edges], g_F: 22, g_B: 17, generated: 0, MM: 5, MMPER: 11.5%

[00:00:03:51:708] average expansions: (5,669, 5,270, 6,048, 0)
[00:00:03:51:708] average time: (73,833, 67,455, 156,113, 0)
[00:00:03:51:708] XA*: 5,270 , 67,455 (expansions , time[ms])
[00:00:03:51:708] BiXA*: 6,048 , 156,113 (expansions , time[ms])

