------------------------------------
Thu 01 Oct 2026 11:14:31 IDT
SLURM_JOBID:		21943053
SLURM_JOB_NODELIST:	ise-cpu256-02
SLURM_SCRATCH_DIR:	/scratch/shubit/21943053
Allocated Resouces:	cpu - 2 / mem - 61440 MB / gpu - 
SLURM_GPU_INDEX:	
Running as shubit from shimony account with normal QOS
------------------------------------
Thu 01 Oct 2026 11:14:31 IDT

SLURM_JOBID:		 21943053
SLURM_JOB_NODELIST:	 ise-cpu256-02 

--------------------------
date: SM_Grids
number_of_graphs: 10
graph_type: grid
size_of_graphs: [8, 9]
heuristic: bcc_heuristic
snake: True
run_uni: True
run_bi: True
run_multi: False
solution_vertices: []
algorithms: ['A']
lookahead: -2
bsd: False
cube_first_dims: 4
cube_buffer_dim: None
backward_sym_generation: False
sym_coil: False
prefix_set: None

---------- SM_Grids/8x9_grid_with_random_blocks_16per_0 ----------
[00:00:00:04:277] Path of length 39 found: [0, 9, 10, 19, 28, 27, 36, 45, 54, 63, 64, 65, 56, 47, 38, 39, 30, 21, 12, 3, 4, 5, 6, 7, 16, 25, 24, 23, 32, 41, 50, 49, 58, 67, 68, 69, 60, 61, 62, 71]
[00:00:00:04:278] ! Unidirectional s-t. expansions: 791, time: 4,277 [ms], path length: 39 [edges], generated: 1,389
[00:00:00:05:844] Path of length 39 found: [71, 62, 61, 60, 69, 68, 67, 58, 49, 50, 41, 42, 33, 34, 25, 16, 7, 6, 5, 4, 3, 12, 21, 30, 39, 38, 47, 56, 65, 64, 63, 54, 45, 36, 27, 28, 19, 10, 1, 0]
[00:00:00:05:844] ! Unidirectional t-s. expansions: 1,061, time: 5,844 [ms], path length: 39 [edges], generated: 1,813
[00:00:00:04:402] Path of length 39 found: [0, 9, 10, 19, 28, 27, 36, 45, 54, 63, 64, 65, 56, 47, 38, 39, 30, 21, 12, 3, 4, 5, 6, 7, 16, 25, 24, 23, 32, 41, 50, 49, 58, 67, 68, 69, 60, 61, 62, 71]
[00:00:00:04:976] ! Bidirectional. expansions: 843, time: 4,402 [ms], path length: 39 [edges], g_F: 36, g_B: 3, generated: 0, MM: 33, MMPER: 81.5%
[00:00:00:04:976] 
---------- SM_Grids/8x9_grid_with_random_blocks_16per_1 ----------
[00:00:00:46:045] Path of length 29 found: [0, 9, 18, 27, 28, 29, 38, 47, 56, 57, 58, 49, 50, 41, 32, 31, 22, 13, 14, 15, 16, 17, 26, 35, 34, 43, 52, 61, 70, 71]
[00:00:00:46:046] ! Unidirectional s-t. expansions: 9,340, time: 46,045 [ms], path length: 29 [edges], generated: 17,067
[00:00:00:35:688] Path of length 29 found: [71, 70, 61, 52, 53, 44, 35, 26, 17, 16, 15, 14, 13, 22, 31, 32, 41, 50, 59, 58, 57, 56, 47, 38, 29, 28, 27, 18, 9, 0]
[00:00:00:35:688] ! Unidirectional t-s. expansions: 7,994, time: 35,688 [ms], path length: 29 [edges], generated: 14,193
[00:00:00:46:645] Path of length 29 found: [0, 1, 10, 19, 28, 29, 38, 47, 56, 57, 58, 49, 40, 41, 32, 23, 24, 15, 16, 17, 26, 35, 44, 43, 52, 51, 60, 69, 70, 71]
[00:00:00:47:178] ! Bidirectional. expansions: 11,086, time: 46,645 [ms], path length: 29 [edges], g_F: 5, g_B: 24, generated: 0, MM: 19, MMPER: 62.333333333333336%
[00:00:00:47:178] 
---------- SM_Grids/8x9_grid_with_random_blocks_16per_2 ----------
[00:00:00:04:707] Path of length 39 found: [0, 9, 10, 11, 2, 3, 4, 5, 14, 15, 16, 17, 26, 35, 44, 43, 42, 33, 32, 31, 40, 39, 38, 29, 28, 27, 36, 45, 46, 55, 64, 65, 66, 57, 58, 59, 68, 69, 70, 71]
[00:00:00:04:708] ! Unidirectional s-t. expansions: 828, time: 4,707 [ms], path length: 39 [edges], generated: 1,448
[00:00:00:01:996] Path of length 39 found: [71, 70, 69, 68, 59, 58, 57, 66, 65, 64, 55, 46, 45, 36, 27, 28, 29, 38, 39, 40, 31, 32, 33, 42, 43, 44, 35, 26, 17, 16, 15, 14, 5, 4, 3, 2, 11, 10, 9, 0]
[00:00:00:01:996] ! Unidirectional t-s. expansions: 348, time: 1,996 [ms], path length: 39 [edges], generated: 606
[00:00:00:02:974] Path of length 39 found: [0, 9, 10, 11, 2, 3, 4, 5, 14, 15, 16, 17, 26, 35, 44, 43, 42, 33, 32, 31, 40, 39, 38, 29, 28, 27, 36, 45, 46, 55, 64, 65, 66, 57, 58, 59, 68, 69, 70, 71]
[00:00:00:03:492] ! Bidirectional. expansions: 633, time: 2,974 [ms], path length: 39 [edges], g_F: 33, g_B: 6, generated: 0, MM: 27, MMPER: 66.5%
[00:00:00:03:492] 
---------- SM_Grids/8x9_grid_with_random_blocks_16per_3 ----------
[00:00:00:01:392] Path of length 37 found: [0, 1, 2, 3, 4, 5, 14, 23, 24, 25, 34, 35, 44, 53, 52, 51, 42, 41, 40, 31, 30, 21, 20, 19, 28, 37, 46, 55, 64, 65, 66, 57, 58, 59, 68, 69, 70, 71]
[00:00:00:01:393] ! Unidirectional s-t. expansions: 242, time: 1,392 [ms], path length: 37 [edges], generated: 419
[00:00:00:03:208] Path of length 37 found: [71, 70, 69, 68, 59, 58, 57, 66, 65, 64, 55, 46, 37, 28, 19, 20, 21, 30, 39, 40, 41, 42, 51, 52, 53, 44, 35, 26, 25, 24, 23, 14, 5, 4, 3, 2, 1, 0]
[00:00:00:03:209] ! Unidirectional t-s. expansions: 508, time: 3,208 [ms], path length: 37 [edges], generated: 931
[00:00:00:01:131] Path of length 37 found: [0, 1, 2, 3, 4, 5, 14, 23, 24, 25, 34, 35, 44, 53, 52, 51, 42, 41, 40, 31, 30, 21, 20, 19, 28, 37, 46, 55, 64, 65, 66, 57, 58, 59, 68, 69, 70, 71]
[00:00:00:01:663] ! Bidirectional. expansions: 230, time: 1,131 [ms], path length: 37 [edges], g_F: 31, g_B: 6, generated: 0, MM: 25, MMPER: 64.78947368421052%
[00:00:00:01:663] 
---------- SM_Grids/8x9_grid_with_random_blocks_16per_4 ----------
[00:00:00:06:249] Path of length 33 found: [0, 1, 10, 19, 18, 27, 36, 37, 38, 47, 48, 49, 40, 31, 30, 21, 12, 3, 4, 5, 6, 7, 16, 25, 34, 35, 44, 53, 52, 51, 60, 69, 70, 71]
[00:00:00:06:250] ! Unidirectional s-t. expansions: 1,125, time: 6,249 [ms], path length: 33 [edges], generated: 1,988
[00:00:00:18:527] Path of length 33 found: [71, 70, 69, 60, 51, 52, 53, 44, 35, 34, 25, 16, 7, 6, 5, 4, 3, 12, 21, 30, 31, 40, 49, 48, 47, 38, 37, 36, 27, 18, 19, 10, 1, 0]
[00:00:00:18:528] ! Unidirectional t-s. expansions: 3,354, time: 18,528 [ms], path length: 33 [edges], generated: 5,922
[00:00:00:14:481] Path of length 33 found: [0, 1, 10, 19, 18, 27, 36, 37, 38, 47, 48, 49, 40, 31, 30, 21, 12, 3, 4, 5, 6, 7, 16, 25, 34, 35, 44, 53, 52, 51, 60, 69, 70, 71]
[00:00:00:15:004] ! Bidirectional. expansions: 3,047, time: 14,481 [ms], path length: 33 [edges], g_F: 29, g_B: 4, generated: 0, MM: 25, MMPER: 72.52941176470588%
[00:00:00:15:004] 
---------- SM_Grids/8x9_grid_with_random_blocks_16per_5 ----------
[00:00:00:04:396] Path of length 31 found: [0, 9, 18, 19, 20, 11, 12, 13, 22, 23, 24, 15, 6, 7, 8, 17, 26, 35, 34, 43, 42, 41, 40, 39, 48, 57, 66, 67, 68, 69, 70, 71]
[00:00:00:04:396] ! Unidirectional s-t. expansions: 835, time: 4,396 [ms], path length: 31 [edges], generated: 1,315
[00:00:00:03:322] Path of length 31 found: [71, 70, 69, 68, 67, 66, 57, 48, 49, 50, 51, 42, 43, 34, 35, 26, 17, 8, 7, 6, 15, 24, 23, 32, 31, 30, 21, 12, 11, 10, 9, 0]
[00:00:00:03:322] ! Unidirectional t-s. expansions: 612, time: 3,322 [ms], path length: 31 [edges], generated: 1,062
[00:00:00:03:664] Path of length 31 found: [0, 9, 18, 19, 20, 21, 30, 31, 32, 23, 24, 15, 6, 7, 8, 17, 26, 35, 34, 43, 42, 51, 50, 49, 48, 57, 66, 67, 68, 69, 70, 71]
[00:00:00:04:226] ! Bidirectional. expansions: 747, time: 3,664 [ms], path length: 31 [edges], g_F: 5, g_B: 26, generated: 0, MM: 21, MMPER: 64.625%
[00:00:00:04:226] 
---------- SM_Grids/8x9_grid_with_random_blocks_16per_6 ----------
[00:00:00:06:016] Path of length 25 found: [0, 1, 2, 11, 20, 19, 18, 27, 36, 45, 54, 63, 64, 65, 56, 57, 58, 49, 40, 41, 42, 51, 60, 61, 62, 71]
[00:00:00:06:017] ! Unidirectional s-t. expansions: 912, time: 6,016 [ms], path length: 25 [edges], generated: 1,875
[00:00:00:03:110] Path of length 25 found: [71, 62, 53, 52, 51, 42, 41, 40, 49, 58, 67, 66, 65, 64, 63, 54, 45, 36, 27, 18, 19, 20, 11, 2, 1, 0]
[00:00:00:03:110] ! Unidirectional t-s. expansions: 601, time: 3,110 [ms], path length: 25 [edges], generated: 984
[00:00:00:07:889] Path of length 25 found: [0, 1, 2, 11, 20, 19, 18, 27, 36, 45, 54, 63, 64, 65, 66, 57, 58, 49, 40, 41, 42, 51, 52, 61, 62, 71]
[00:00:00:08:482] ! Bidirectional. expansions: 1,837, time: 7,889 [ms], path length: 25 [edges], g_F: 19, g_B: 6, generated: 0, MM: 13, MMPER: 49.0%
[00:00:00:08:482] 
---------- SM_Grids/8x9_grid_with_random_blocks_16per_7 ----------
[00:00:00:02:418] Path of length 37 found: [0, 1, 10, 19, 18, 27, 36, 45, 46, 47, 56, 57, 58, 67, 68, 69, 60, 51, 50, 41, 32, 31, 22, 21, 12, 3, 4, 5, 14, 15, 24, 25, 34, 43, 44, 53, 62, 71]
[00:00:00:02:419] ! Unidirectional s-t. expansions: 404, time: 2,419 [ms], path length: 37 [edges], generated: 686
[00:00:00:01:554] Path of length 37 found: [71, 62, 53, 44, 43, 34, 25, 24, 15, 6, 5, 4, 3, 12, 21, 22, 31, 32, 41, 50, 51, 60, 69, 68, 67, 58, 57, 48, 39, 38, 37, 36, 27, 18, 19, 10, 1, 0]
[00:00:00:01:554] ! Unidirectional t-s. expansions: 265, time: 1,554 [ms], path length: 37 [edges], generated: 436
[00:00:00:02:284] Path of length 37 found: [0, 1, 10, 19, 18, 27, 36, 45, 46, 47, 56, 57, 58, 67, 68, 69, 60, 51, 50, 41, 32, 31, 22, 21, 12, 3, 4, 5, 6, 15, 24, 25, 34, 43, 44, 53, 62, 71]
[00:00:00:02:806] ! Bidirectional. expansions: 420, time: 2,285 [ms], path length: 37 [edges], g_F: 23, g_B: 14, generated: 0, MM: 9, MMPER: 22.68421052631579%
[00:00:00:02:806] 
---------- SM_Grids/8x9_grid_with_random_blocks_16per_8 ----------
[00:00:00:06:148] Path of length 35 found: [0, 9, 18, 27, 36, 45, 54, 63, 64, 65, 66, 67, 68, 59, 50, 49, 48, 39, 38, 29, 20, 11, 12, 13, 22, 23, 24, 25, 26, 35, 44, 43, 52, 61, 62, 71]
[00:00:00:06:149] ! Unidirectional s-t. expansions: 1,138, time: 6,148 [ms], path length: 35 [edges], generated: 1,961
[00:00:00:10:367] Path of length 35 found: [71, 62, 61, 52, 43, 44, 35, 26, 25, 24, 23, 22, 13, 12, 11, 20, 29, 38, 39, 48, 49, 50, 59, 68, 67, 66, 65, 56, 55, 54, 45, 36, 27, 18, 9, 0]
[00:00:00:10:368] ! Unidirectional t-s. expansions: 2,211, time: 10,367 [ms], path length: 35 [edges], generated: 3,872
[00:00:00:05:191] Path of length 35 found: [0, 9, 18, 27, 36, 45, 54, 63, 64, 65, 66, 67, 68, 59, 50, 49, 48, 39, 38, 29, 20, 11, 12, 13, 22, 23, 24, 25, 26, 35, 44, 43, 52, 61, 62, 71]
[00:00:00:05:771] ! Bidirectional. expansions: 1,065, time: 5,191 [ms], path length: 35 [edges], g_F: 31, g_B: 4, generated: 0, MM: 27, MMPER: 74.0%
[00:00:00:05:772] 
---------- SM_Grids/8x9_grid_with_random_blocks_16per_9 ----------
[00:00:00:04:709] Path of length 35 found: [0, 1, 10, 19, 18, 27, 36, 45, 46, 47, 48, 57, 58, 59, 50, 41, 32, 31, 22, 21, 12, 3, 4, 5, 14, 15, 24, 25, 34, 35, 44, 53, 52, 61, 70, 71]
[00:00:00:04:709] ! Unidirectional s-t. expansions: 785, time: 4,709 [ms], path length: 35 [edges], generated: 1,449
[00:00:00:08:375] Path of length 35 found: [71, 70, 61, 52, 43, 44, 35, 26, 25, 24, 15, 6, 5, 4, 3, 12, 21, 22, 31, 32, 41, 50, 59, 58, 57, 48, 39, 38, 37, 36, 27, 18, 19, 10, 1, 0]
[00:00:00:08:377] ! Unidirectional t-s. expansions: 1,616, time: 8,375 [ms], path length: 35 [edges], generated: 2,678
[00:00:00:07:146] Path of length 35 found: [0, 1, 10, 19, 28, 27, 36, 45, 46, 47, 48, 57, 58, 59, 50, 41, 32, 31, 22, 21, 12, 3, 4, 5, 14, 15, 24, 25, 26, 35, 44, 43, 52, 61, 62, 71]
[00:00:00:07:684] ! Bidirectional. expansions: 1,432, time: 7,146 [ms], path length: 35 [edges], g_F: 26, g_B: 9, generated: 0, MM: 17, MMPER: 46.22222222222222%

[00:00:00:07:684] average expansions: (1,640, 1,857, 2,134, 0)
[00:00:00:07:685] average time: (8,636, 9,199, 9,581, 0)
[00:00:00:07:685] XA*: 1,640 , 8,636 (expansions , time[ms])
[00:00:00:07:685] BiXA*: 2,134 , 9,581 (expansions , time[ms])

