------------------------------------
Thu 01 Oct 2026 11:14:17 IDT
SLURM_JOBID:		21943046
SLURM_JOB_NODELIST:	ise-cpu256-29
SLURM_SCRATCH_DIR:	/scratch/shubit/21943046
Allocated Resouces:	cpu - 2 / mem - 61440 MB / gpu - 
SLURM_GPU_INDEX:	
Running as shubit from shimony account with normal QOS
------------------------------------
Thu 01 Oct 2026 11:14:17 IDT

SLURM_JOBID:		 21943046
SLURM_JOB_NODELIST:	 ise-cpu256-29 

--------------------------
date: SM_Grids
number_of_graphs: 10
graph_type: grid
size_of_graphs: [8, 9]
heuristic: bcc_heuristic
snake: True
run_uni: True
run_bi: True
run_multi: False
solution_vertices: []
algorithms: ['A']
lookahead: 4
bsd: False
cube_first_dims: 4
cube_buffer_dim: None
backward_sym_generation: False
sym_coil: False
prefix_set: None

---------- SM_Grids/8x9_grid_with_random_blocks_8per_0 ----------
[00:00:00:32:640] Path of length 43 found: [0, 1, 2, 11, 20, 19, 18, 27, 36, 45, 54, 63, 64, 65, 56, 47, 38, 39, 30, 31, 22, 13, 4, 5, 6, 7, 8, 17, 26, 25, 24, 33, 42, 41, 50, 49, 58, 67, 68, 69, 60, 61, 62, 71]
[00:00:00:32:641] ! Unidirectional s-t. expansions: 1,467, time: 32,641 [ms], path length: 43 [edges], generated: 24,555
[00:00:00:20:827] Path of length 43 found: [71, 62, 61, 60, 69, 68, 67, 58, 49, 50, 41, 42, 43, 34, 25, 26, 17, 8, 7, 6, 5, 14, 23, 22, 31, 30, 39, 38, 47, 56, 65, 64, 63, 54, 45, 36, 27, 18, 19, 20, 11, 2, 1, 0]
[00:00:00:20:828] ! Unidirectional t-s. expansions: 668, time: 20,827 [ms], path length: 43 [edges], generated: 13,967
[00:00:00:22:768] Path of length 43 found: [0, 1, 2, 11, 20, 19, 18, 27, 36, 45, 54, 63, 64, 65, 56, 47, 38, 39, 30, 31, 22, 13, 4, 5, 6, 7, 8, 17, 26, 25, 34, 43, 42, 41, 50, 49, 58, 67, 68, 69, 60, 61, 62, 71]
[00:00:00:23:323] ! Bidirectional. expansions: 788, time: 22,768 [ms], path length: 43 [edges], g_F: 22, g_B: 21, generated: 0, MM: 1, MMPER: 1.272727272727273%
[00:00:00:23:323] 
---------- SM_Grids/8x9_grid_with_random_blocks_8per_1 ----------
[00:00:01:25:967] Path of length 43 found: [0, 1, 2, 11, 20, 19, 18, 27, 36, 45, 54, 63, 64, 65, 56, 47, 38, 39, 30, 31, 22, 13, 4, 5, 6, 7, 8, 17, 26, 25, 24, 33, 42, 41, 50, 49, 58, 67, 68, 69, 60, 61, 62, 71]
[00:00:01:25:967] ! Unidirectional s-t. expansions: 3,477, time: 85,967 [ms], path length: 43 [edges], generated: 62,583
[00:00:01:06:350] Path of length 43 found: [71, 62, 61, 60, 69, 68, 67, 58, 49, 50, 41, 42, 43, 34, 35, 26, 17, 8, 7, 6, 15, 14, 23, 22, 31, 30, 39, 38, 47, 56, 65, 64, 63, 54, 45, 36, 27, 18, 19, 20, 11, 2, 1, 0]
[00:00:01:06:350] ! Unidirectional t-s. expansions: 2,065, time: 66,350 [ms], path length: 43 [edges], generated: 44,694
[00:00:00:46:863] Path of length 43 found: [0, 9, 18, 27, 36, 45, 54, 63, 64, 65, 56, 47, 38, 39, 30, 21, 20, 11, 2, 3, 4, 13, 14, 15, 6, 7, 8, 17, 26, 35, 44, 43, 42, 41, 50, 49, 58, 67, 68, 69, 60, 61, 62, 71]
[00:00:00:47:382] ! Bidirectional. expansions: 2,191, time: 46,863 [ms], path length: 43 [edges], g_F: 22, g_B: 21, generated: 0, MM: 1, MMPER: 1.272727272727273%
[00:00:00:47:383] 
---------- SM_Grids/8x9_grid_with_random_blocks_8per_2 ----------
[00:00:01:23:893] Path of length 37 found: [0, 1, 2, 11, 20, 19, 18, 27, 36, 37, 38, 47, 56, 57, 58, 49, 40, 41, 42, 33, 24, 23, 22, 13, 4, 5, 6, 7, 16, 17, 26, 35, 44, 53, 52, 61, 70, 71]
[00:00:01:23:893] ! Unidirectional s-t. expansions: 2,027, time: 83,893 [ms], path length: 37 [edges], generated: 57,645
[00:00:01:30:433] Path of length 37 found: [71, 70, 61, 52, 53, 44, 35, 26, 17, 8, 7, 6, 15, 24, 33, 42, 41, 50, 49, 58, 57, 56, 47, 38, 39, 30, 31, 22, 13, 4, 3, 2, 11, 20, 19, 18, 9, 0]
[00:00:01:30:434] ! Unidirectional t-s. expansions: 2,955, time: 90,434 [ms], path length: 37 [edges], generated: 63,649
[00:00:01:27:985] Path of length 37 found: [0, 1, 2, 11, 20, 19, 18, 27, 36, 37, 38, 47, 56, 57, 58, 49, 40, 41, 32, 23, 22, 13, 4, 5, 6, 7, 8, 17, 26, 35, 44, 53, 52, 51, 60, 69, 70, 71]
[00:00:01:28:504] ! Bidirectional. expansions: 3,069, time: 87,985 [ms], path length: 37 [edges], g_F: 19, g_B: 18, generated: 0, MM: 1, MMPER: 1.6315789473684212%
[00:00:01:28:505] 
---------- SM_Grids/8x9_grid_with_random_blocks_8per_3 ----------
[00:00:00:54:627] Path of length 41 found: [0, 1, 2, 3, 12, 13, 14, 5, 6, 7, 16, 25, 24, 33, 32, 31, 40, 49, 48, 47, 38, 29, 20, 19, 18, 27, 36, 45, 54, 63, 64, 65, 66, 67, 68, 59, 60, 51, 52, 53, 62, 71]
[00:00:00:54:627] ! Unidirectional s-t. expansions: 1,726, time: 54,627 [ms], path length: 41 [edges], generated: 36,387
[00:00:00:57:112] Path of length 41 found: [71, 62, 53, 52, 51, 60, 59, 68, 67, 66, 65, 64, 63, 54, 45, 36, 27, 18, 19, 20, 29, 38, 47, 48, 49, 40, 31, 32, 33, 24, 25, 16, 7, 6, 5, 14, 13, 12, 3, 2, 1, 0]
[00:00:00:57:113] ! Unidirectional t-s. expansions: 1,582, time: 57,113 [ms], path length: 41 [edges], generated: 38,561
[00:00:00:46:496] Path of length 41 found: [0, 1, 2, 3, 12, 13, 14, 5, 6, 7, 16, 25, 24, 33, 32, 31, 40, 49, 48, 47, 38, 29, 20, 19, 18, 27, 36, 45, 54, 55, 64, 65, 66, 67, 68, 59, 60, 51, 52, 53, 62, 71]
[00:00:00:46:997] ! Bidirectional. expansions: 1,517, time: 46,496 [ms], path length: 41 [edges], g_F: 21, g_B: 20, generated: 0, MM: 1, MMPER: 1.380952380952381%
[00:00:00:46:998] 
---------- SM_Grids/8x9_grid_with_random_blocks_8per_4 ----------
[00:00:03:39:977] Path of length 39 found: [0, 9, 18, 19, 28, 29, 38, 47, 46, 45, 54, 63, 64, 65, 66, 57, 58, 49, 50, 41, 32, 31, 22, 21, 12, 3, 4, 5, 14, 15, 16, 17, 26, 35, 34, 43, 52, 61, 70, 71]
[00:00:03:39:977] ! Unidirectional s-t. expansions: 7,390, time: 219,977 [ms], path length: 39 [edges], generated: 175,568
[00:00:02:42:064] Path of length 39 found: [71, 70, 61, 60, 59, 58, 49, 48, 47, 56, 65, 64, 63, 54, 45, 36, 37, 28, 29, 20, 21, 22, 31, 32, 41, 42, 43, 34, 35, 26, 17, 16, 15, 14, 5, 4, 3, 2, 1, 0]
[00:00:02:42:065] ! Unidirectional t-s. expansions: 6,125, time: 162,064 [ms], path length: 39 [edges], generated: 137,894
[00:00:02:07:207] Path of length 39 found: [0, 9, 18, 19, 28, 29, 38, 47, 46, 45, 54, 63, 64, 65, 66, 57, 58, 49, 40, 31, 22, 21, 12, 3, 4, 5, 14, 15, 16, 17, 26, 35, 34, 43, 52, 51, 60, 69, 70, 71]
[00:00:02:07:704] ! Bidirectional. expansions: 5,237, time: 127,208 [ms], path length: 39 [edges], g_F: 20, g_B: 19, generated: 0, MM: 1, MMPER: 1.5%
[00:00:02:07:704] 
---------- SM_Grids/8x9_grid_with_random_blocks_8per_5 ----------
[00:00:00:39:565] Path of length 43 found: [0, 9, 18, 19, 20, 11, 2, 3, 4, 5, 6, 7, 16, 17, 26, 35, 44, 43, 42, 33, 24, 23, 22, 31, 40, 49, 48, 47, 38, 37, 36, 45, 54, 63, 64, 65, 66, 67, 68, 59, 60, 61, 70, 71]
[00:00:00:39:566] ! Unidirectional s-t. expansions: 1,489, time: 39,565 [ms], path length: 43 [edges], generated: 26,891
[00:00:00:36:573] Path of length 43 found: [71, 70, 61, 60, 59, 68, 67, 66, 65, 64, 55, 54, 45, 36, 37, 38, 47, 48, 49, 40, 31, 22, 23, 24, 33, 42, 43, 44, 35, 26, 17, 8, 7, 6, 5, 4, 3, 2, 11, 20, 19, 18, 9, 0]
[00:00:00:36:573] ! Unidirectional t-s. expansions: 1,346, time: 36,573 [ms], path length: 43 [edges], generated: 27,373
[00:00:00:25:779] Path of length 43 found: [0, 9, 18, 19, 20, 11, 2, 3, 4, 5, 6, 7, 8, 17, 26, 35, 44, 43, 42, 33, 24, 23, 22, 31, 40, 49, 48, 47, 38, 37, 36, 45, 54, 55, 64, 65, 66, 67, 68, 59, 60, 61, 70, 71]
[00:00:00:26:270] ! Bidirectional. expansions: 979, time: 25,779 [ms], path length: 43 [edges], g_F: 22, g_B: 21, generated: 0, MM: 1, MMPER: 1.272727272727273%
[00:00:00:26:270] 
---------- SM_Grids/8x9_grid_with_random_blocks_8per_6 ----------
[00:00:01:33:602] Path of length 39 found: [0, 1, 2, 3, 12, 13, 14, 5, 6, 7, 16, 25, 24, 33, 32, 41, 40, 39, 30, 29, 20, 19, 18, 27, 36, 37, 46, 55, 64, 65, 66, 57, 58, 59, 60, 51, 52, 53, 62, 71]
[00:00:01:33:603] ! Unidirectional s-t. expansions: 3,026, time: 93,602 [ms], path length: 39 [edges], generated: 68,731
[00:00:01:37:024] Path of length 39 found: [71, 70, 69, 60, 51, 52, 53, 44, 35, 34, 25, 16, 7, 6, 5, 14, 23, 22, 31, 30, 39, 48, 49, 58, 67, 66, 65, 56, 55, 46, 37, 36, 27, 18, 19, 20, 11, 2, 1, 0]
[00:00:01:37:025] ! Unidirectional t-s. expansions: 3,353, time: 97,025 [ms], path length: 39 [edges], generated: 73,461
[00:00:02:05:517] Path of length 39 found: [0, 1, 2, 11, 20, 19, 18, 27, 36, 37, 46, 55, 64, 65, 66, 57, 58, 49, 40, 41, 32, 23, 22, 13, 4, 5, 6, 7, 16, 25, 34, 35, 44, 53, 52, 51, 60, 69, 70, 71]
[00:00:02:06:016] ! Bidirectional. expansions: 4,515, time: 125,517 [ms], path length: 39 [edges], g_F: 20, g_B: 19, generated: 0, MM: 1, MMPER: 1.5%
[00:00:02:06:016] 
---------- SM_Grids/8x9_grid_with_random_blocks_8per_7 ----------
[00:00:02:23:086] Path of length 39 found: [0, 9, 18, 19, 20, 11, 2, 3, 4, 5, 6, 7, 8, 17, 26, 25, 24, 23, 22, 31, 30, 39, 38, 37, 46, 45, 54, 63, 64, 65, 56, 57, 58, 67, 68, 69, 60, 61, 62, 71]
[00:00:02:23:088] ! Unidirectional s-t. expansions: 7,293, time: 143,087 [ms], path length: 39 [edges], generated: 120,593
[00:00:02:42:617] Expansion 10,000: state None, f=40, g=20
[00:00:02:59:384] Path of length 39 found: [71, 62, 61, 52, 43, 44, 35, 26, 17, 8, 7, 6, 15, 24, 23, 32, 31, 30, 39, 48, 49, 50, 59, 68, 67, 66, 65, 64, 63, 54, 45, 46, 37, 28, 19, 20, 11, 2, 1, 0]
[00:00:02:59:384] ! Unidirectional t-s. expansions: 10,917, time: 179,384 [ms], path length: 39 [edges], generated: 186,598
[00:00:02:08:560] Path of length 39 found: [0, 9, 18, 27, 28, 29, 20, 11, 2, 3, 4, 5, 6, 7, 8, 17, 26, 25, 24, 23, 32, 41, 50, 49, 48, 47, 46, 45, 54, 63, 64, 65, 66, 67, 68, 69, 60, 61, 62, 71]
[00:00:02:09:055] ! Bidirectional. expansions: 8,004, time: 128,560 [ms], path length: 39 [edges], g_F: 20, g_B: 19, generated: 0, MM: 1, MMPER: 1.5%
[00:00:02:09:056] 
---------- SM_Grids/8x9_grid_with_random_blocks_8per_8 ----------
[00:00:00:47:599] Path of length 43 found: [0, 9, 18, 27, 36, 45, 54, 63, 64, 65, 56, 47, 38, 39, 30, 21, 20, 11, 2, 3, 4, 13, 14, 15, 6, 7, 8, 17, 26, 25, 34, 33, 32, 41, 50, 49, 58, 67, 68, 69, 60, 61, 62, 71]
[00:00:00:47:599] ! Unidirectional s-t. expansions: 2,233, time: 47,599 [ms], path length: 43 [edges], generated: 38,041
[00:00:00:55:339] Path of length 43 found: [71, 70, 69, 60, 51, 52, 43, 44, 35, 26, 17, 8, 7, 6, 15, 24, 33, 32, 41, 40, 49, 48, 57, 56, 65, 64, 63, 54, 45, 36, 37, 38, 29, 30, 21, 22, 13, 4, 3, 2, 11, 10, 9, 0]
[00:00:00:55:339] ! Unidirectional t-s. expansions: 2,300, time: 55,339 [ms], path length: 43 [edges], generated: 43,413
[00:00:00:49:532] Path of length 43 found: [0, 9, 18, 27, 36, 45, 54, 63, 64, 65, 56, 57, 58, 67, 68, 69, 60, 51, 50, 41, 32, 31, 30, 29, 20, 11, 2, 3, 4, 13, 14, 15, 6, 7, 8, 17, 26, 25, 34, 43, 44, 53, 62, 71]
[00:00:00:50:007] ! Bidirectional. expansions: 2,930, time: 49,533 [ms], path length: 43 [edges], g_F: 22, g_B: 21, generated: 0, MM: 1, MMPER: 1.272727272727273%
[00:00:00:50:007] 
---------- SM_Grids/8x9_grid_with_random_blocks_8per_9 ----------
[00:00:03:30:499] Expansion 10,000: state None, f=40, g=20
[00:00:03:59:475] Path of length 39 found: [0, 9, 18, 27, 28, 37, 46, 45, 54, 63, 64, 65, 56, 57, 48, 49, 40, 41, 32, 23, 22, 21, 20, 11, 2, 3, 4, 5, 6, 15, 16, 25, 34, 35, 44, 53, 52, 61, 70, 71]
[00:00:03:59:475] ! Unidirectional s-t. expansions: 11,410, time: 239,475 [ms], path length: 39 [edges], generated: 210,792
[00:00:02:08:313] Path of length 39 found: [71, 62, 53, 52, 51, 60, 59, 68, 67, 66, 65, 64, 55, 54, 45, 36, 37, 38, 47, 48, 49, 40, 41, 32, 33, 24, 25, 16, 7, 6, 5, 14, 13, 12, 11, 20, 19, 18, 9, 0]
[00:00:02:08:314] ! Unidirectional t-s. expansions: 6,702, time: 128,314 [ms], path length: 39 [edges], generated: 121,998
[00:00:01:33:687] Path of length 39 found: [0, 9, 18, 27, 28, 37, 46, 45, 54, 63, 64, 65, 66, 67, 68, 59, 50, 49, 40, 31, 30, 21, 20, 11, 2, 3, 4, 5, 6, 7, 16, 25, 34, 35, 44, 53, 52, 61, 70, 71]
[00:00:01:34:137] ! Bidirectional. expansions: 5,317, time: 93,687 [ms], path length: 39 [edges], g_F: 20, g_B: 19, generated: 0, MM: 1, MMPER: 1.5%

[00:00:01:34:137] average expansions: (4,154, 3,801, 3,455, 0)
[00:00:01:34:137] average time: (104,043, 89,342, 75,440, 0)
[00:00:01:34:137] XA*: 3,801 , 89,342 (expansions , time[ms])
[00:00:01:34:138] BiXA*: 3,455 , 75,440 (expansions , time[ms])

