------------------------------------
Thu 01 Oct 2026 15:04:00 IDT
SLURM_JOBID:		21950323
SLURM_JOB_NODELIST:	ise-cpu256-08
SLURM_SCRATCH_DIR:	/scratch/shubit/21950323
Allocated Resouces:	cpu - 2 / mem - 61440 MB / gpu - 
SLURM_GPU_INDEX:	
Running as shubit from shimony account with normal QOS
------------------------------------
Thu 01 Oct 2026 15:04:00 IDT

SLURM_JOBID:		 21950323
SLURM_JOB_NODELIST:	 ise-cpu256-08 

--------------------------
date: SM_Grids
number_of_graphs: 10
graph_type: grid
size_of_graphs: [9, 9]
heuristic: bcc_heuristic
snake: True
run_uni: True
run_bi: True
run_multi: False
solution_vertices: []
algorithms: ['DFBnB']
lookahead: 3
bsd: False
cube_first_dims: 4
cube_buffer_dim: None
backward_sym_generation: False
sym_coil: False
prefix_set: None

---------- SM_Grids/9x9_grid_with_random_blocks_20per_0 ----------
[00:00:00:16:990] Path of length 34 found: [0, 9, 18, 27, 28, 37, 46, 45, 54, 63, 64, 65, 56, 57, 48, 49, 40, 31, 30, 21, 12, 13, 14, 15, 16, 25, 34, 33, 42, 51, 60, 69, 70, 71, 80]
[00:00:00:16:990] ! Unidirectional s-t. expansions: 1,351, time: 16,990 [ms], path length: 34 [edges], generated: 12,160
[00:00:00:25:043] Path of length 34 found: [80, 71, 62, 53, 52, 43, 34, 25, 16, 15, 14, 13, 12, 21, 30, 31, 40, 41, 50, 59, 58, 57, 56, 65, 64, 63, 54, 45, 46, 37, 28, 19, 10, 9, 0]
[00:00:00:25:044] ! Unidirectional t-s. expansions: 1,897, time: 25,044 [ms], path length: 34 [edges], generated: 18,254
[00:00:00:48:432] Path of length 34 found: [0, 9, 18, 27, 28, 37, 46, 45, 54, 63, 64, 65, 56, 57, 48, 49, 40, 31, 30, 21, 12, 13, 14, 15, 16, 25, 34, 33, 42, 51, 52, 53, 62, 71, 80]
[00:00:00:49:131] ! Bidirectional. expansions: 1,499, time: 48,433 [ms], path length: 34 [edges], g_F: 20, g_B: 14, generated: 0, MM: 6, MMPER: 16.142857142857142%
[00:00:00:49:131] 
---------- SM_Grids/9x9_grid_with_random_blocks_20per_1 ----------
[00:00:00:07:831] Path of length 30 found: [0, 9, 18, 27, 28, 37, 38, 39, 40, 31, 22, 21, 12, 3, 4, 5, 6, 7, 16, 25, 26, 35, 44, 43, 42, 51, 60, 61, 62, 71, 80]
[00:00:00:07:831] ! Unidirectional s-t. expansions: 816, time: 7,831 [ms], path length: 30 [edges], generated: 4,946
[00:00:00:07:085] Path of length 30 found: [80, 71, 62, 61, 60, 51, 42, 43, 44, 35, 26, 25, 16, 7, 6, 5, 4, 3, 12, 21, 22, 31, 40, 39, 38, 29, 28, 27, 18, 9, 0]
[00:00:00:07:085] ! Unidirectional t-s. expansions: 438, time: 7,085 [ms], path length: 30 [edges], generated: 4,524
[00:00:00:08:244] Path of length 30 found: [0, 9, 18, 27, 28, 37, 38, 39, 40, 31, 22, 21, 12, 3, 4, 5, 14, 15, 16, 25, 26, 35, 44, 43, 42, 51, 60, 61, 62, 71, 80]
[00:00:00:08:894] ! Bidirectional. expansions: 264, time: 8,244 [ms], path length: 30 [edges], g_F: 17, g_B: 13, generated: 0, MM: 4, MMPER: 11.903225806451612%
[00:00:00:08:894] 
---------- SM_Grids/9x9_grid_with_random_blocks_20per_2 ----------
[00:00:00:05:101] Path of length 34 found: [0, 9, 10, 19, 20, 21, 30, 31, 32, 23, 14, 5, 6, 7, 16, 25, 26, 35, 44, 43, 42, 51, 60, 59, 58, 57, 56, 65, 74, 75, 76, 77, 78, 79, 80]
[00:00:00:05:102] ! Unidirectional s-t. expansions: 295, time: 5,101 [ms], path length: 34 [edges], generated: 3,412
[00:00:00:04:611] Path of length 34 found: [80, 79, 78, 77, 76, 75, 74, 65, 56, 57, 58, 59, 60, 51, 42, 43, 44, 35, 26, 25, 16, 7, 6, 5, 14, 23, 32, 31, 30, 21, 20, 19, 10, 9, 0]
[00:00:00:04:611] ! Unidirectional t-s. expansions: 239, time: 4,611 [ms], path length: 34 [edges], generated: 2,329
[00:00:00:06:595] Path of length 34 found: [0, 9, 10, 19, 20, 21, 30, 31, 32, 23, 14, 5, 6, 7, 16, 25, 26, 35, 44, 43, 42, 51, 60, 59, 58, 57, 56, 65, 74, 75, 76, 77, 78, 79, 80]
[00:00:00:07:274] ! Bidirectional. expansions: 251, time: 6,595 [ms], path length: 34 [edges], g_F: 18, g_B: 16, generated: 0, MM: 2, MMPER: 4.714285714285714%
[00:00:00:07:274] 
---------- SM_Grids/9x9_grid_with_random_blocks_20per_3 ----------
[00:00:00:06:350] Path of length 38 found: [0, 9, 10, 11, 2, 3, 4, 13, 14, 15, 16, 17, 26, 35, 34, 33, 32, 41, 40, 39, 30, 29, 28, 27, 36, 45, 54, 55, 56, 57, 66, 67, 68, 59, 60, 61, 70, 79, 80]
[00:00:00:06:351] ! Unidirectional s-t. expansions: 666, time: 6,351 [ms], path length: 38 [edges], generated: 4,577
[00:00:00:04:406] Path of length 38 found: [80, 79, 70, 61, 60, 59, 68, 67, 66, 57, 56, 47, 46, 45, 36, 27, 28, 29, 30, 39, 40, 41, 32, 33, 34, 35, 26, 17, 16, 15, 14, 5, 4, 3, 2, 11, 10, 9, 0]
[00:00:00:04:406] ! Unidirectional t-s. expansions: 486, time: 4,406 [ms], path length: 38 [edges], generated: 3,132
[00:00:00:12:390] Path of length 38 found: [0, 9, 10, 11, 2, 3, 4, 13, 14, 15, 16, 17, 26, 35, 34, 33, 32, 41, 40, 39, 30, 29, 28, 27, 36, 45, 46, 55, 56, 57, 66, 67, 68, 59, 60, 61, 70, 79, 80]
[00:00:00:13:038] ! Bidirectional. expansions: 348, time: 12,391 [ms], path length: 38 [edges], g_F: 23, g_B: 15, generated: 0, MM: 8, MMPER: 19.512820512820515%
[00:00:00:13:038] 
---------- SM_Grids/9x9_grid_with_random_blocks_20per_4 ----------
[00:00:00:02:394] Path of length 36 found: [0, 9, 18, 19, 28, 37, 36, 45, 54, 63, 64, 65, 56, 47, 48, 49, 40, 31, 30, 21, 12, 3, 4, 5, 14, 15, 16, 25, 34, 43, 42, 51, 60, 69, 70, 79, 80]
[00:00:00:02:395] ! Unidirectional s-t. expansions: 224, time: 2,394 [ms], path length: 36 [edges], generated: 1,436
[00:00:00:03:688] Path of length 36 found: [80, 71, 62, 61, 60, 51, 42, 43, 34, 25, 16, 15, 6, 5, 4, 3, 12, 21, 30, 31, 40, 49, 48, 57, 56, 65, 64, 63, 54, 45, 36, 37, 28, 19, 10, 1, 0]
[00:00:00:03:689] ! Unidirectional t-s. expansions: 570, time: 3,688 [ms], path length: 36 [edges], generated: 2,890
[00:00:00:16:313] Path of length 36 found: [0, 9, 10, 19, 28, 37, 36, 45, 54, 63, 64, 65, 56, 47, 48, 49, 40, 31, 30, 21, 12, 3, 4, 5, 6, 15, 16, 25, 34, 43, 42, 51, 60, 61, 62, 71, 80]
[00:00:00:16:984] ! Bidirectional. expansions: 623, time: 16,313 [ms], path length: 36 [edges], g_F: 21, g_B: 15, generated: 0, MM: 6, MMPER: 15.216216216216218%
[00:00:00:16:984] 
---------- SM_Grids/9x9_grid_with_random_blocks_20per_5 ----------
[00:00:00:14:376] Path of length 34 found: [0, 1, 10, 19, 28, 29, 38, 47, 56, 65, 66, 67, 58, 59, 50, 41, 32, 31, 22, 13, 14, 15, 6, 7, 8, 17, 26, 25, 34, 43, 52, 61, 70, 79, 80]
[00:00:00:14:377] ! Unidirectional s-t. expansions: 1,195, time: 14,376 [ms], path length: 34 [edges], generated: 9,512
[00:00:00:13:879] Path of length 34 found: [80, 71, 62, 61, 52, 43, 44, 35, 26, 17, 8, 7, 6, 15, 24, 33, 32, 41, 50, 59, 58, 67, 66, 65, 56, 47, 48, 39, 30, 21, 20, 19, 10, 1, 0]
[00:00:00:13:879] ! Unidirectional t-s. expansions: 1,185, time: 13,879 [ms], path length: 34 [edges], generated: 9,999
[00:00:00:38:905] Path of length 34 found: [0, 1, 10, 19, 28, 29, 38, 39, 48, 57, 66, 67, 68, 59, 50, 41, 32, 31, 22, 13, 14, 15, 6, 7, 8, 17, 26, 35, 44, 43, 52, 61, 62, 71, 80]
[00:00:00:39:543] ! Bidirectional. expansions: 2,281, time: 38,905 [ms], path length: 34 [edges], g_F: 17, g_B: 17, generated: 0, MM: 0, MMPER: -1.0%
[00:00:00:39:543] 
---------- SM_Grids/9x9_grid_with_random_blocks_20per_6 ----------
[00:00:00:02:001] Path of length 18 found: [0, 9, 18, 27, 28, 37, 38, 39, 40, 41, 50, 59, 58, 67, 76, 77, 78, 79, 80]
[00:00:00:02:002] ! Unidirectional s-t. expansions: 133, time: 2,001 [ms], path length: 18 [edges], generated: 1,098
[00:00:00:02:540] Path of length 18 found: [80, 79, 78, 77, 76, 67, 58, 59, 50, 41, 40, 39, 30, 29, 28, 27, 18, 9, 0]
[00:00:00:02:541] ! Unidirectional t-s. expansions: 342, time: 2,540 [ms], path length: 18 [edges], generated: 1,722
[00:00:00:22:814] Path of length 18 found: [0, 9, 18, 27, 28, 29, 38, 39, 40, 41, 50, 59, 58, 67, 76, 77, 78, 79, 80]
[00:00:00:23:457] ! Bidirectional. expansions: 6,169, time: 22,814 [ms], path length: 18 [edges], g_F: 9, g_B: 9, generated: 0, MM: 0, MMPER: -1.0%
[00:00:00:23:457] 
---------- SM_Grids/9x9_grid_with_random_blocks_20per_7 ----------
[00:00:00:24:089] Path of length 28 found: [0, 9, 10, 11, 20, 21, 30, 31, 40, 49, 48, 47, 38, 37, 36, 45, 54, 63, 64, 65, 66, 67, 68, 59, 60, 61, 70, 79, 80]
[00:00:00:24:089] ! Unidirectional s-t. expansions: 2,310, time: 24,089 [ms], path length: 28 [edges], generated: 18,253
[00:00:00:04:741] Path of length 28 found: [80, 71, 62, 61, 60, 59, 68, 67, 66, 65, 64, 63, 54, 45, 36, 37, 38, 47, 48, 49, 40, 31, 22, 21, 20, 11, 10, 1, 0]
[00:00:00:04:742] ! Unidirectional t-s. expansions: 304, time: 4,741 [ms], path length: 28 [edges], generated: 3,174
[00:00:00:28:648] Path of length 28 found: [0, 9, 10, 11, 20, 21, 30, 31, 40, 49, 48, 47, 38, 37, 36, 45, 54, 63, 64, 65, 66, 67, 68, 59, 60, 61, 62, 71, 80]
[00:00:00:29:294] ! Bidirectional. expansions: 1,079, time: 28,648 [ms], path length: 28 [edges], g_F: 18, g_B: 10, generated: 0, MM: 8, MMPER: 26.586206896551722%
[00:00:00:29:294] 
---------- SM_Grids/9x9_grid_with_random_blocks_20per_8 ----------
[00:00:00:12:609] Path of length 38 found: [0, 9, 18, 27, 28, 29, 20, 21, 12, 3, 4, 5, 14, 15, 16, 17, 26, 35, 34, 43, 52, 61, 60, 59, 50, 49, 48, 47, 46, 55, 64, 65, 66, 75, 76, 77, 78, 79, 80]
[00:00:00:12:610] ! Unidirectional s-t. expansions: 930, time: 12,609 [ms], path length: 38 [edges], generated: 8,788
[00:00:00:08:940] Path of length 38 found: [80, 79, 78, 77, 76, 75, 66, 65, 64, 55, 46, 47, 48, 49, 58, 59, 60, 51, 52, 43, 44, 35, 26, 17, 16, 15, 24, 33, 32, 31, 22, 21, 20, 29, 28, 27, 18, 9, 0]
[00:00:00:08:941] ! Unidirectional t-s. expansions: 956, time: 8,940 [ms], path length: 38 [edges], generated: 6,981
[00:00:00:37:788] Path of length 38 found: [0, 9, 18, 27, 28, 29, 20, 21, 12, 3, 4, 5, 14, 15, 16, 17, 26, 35, 34, 43, 52, 51, 60, 59, 58, 49, 48, 47, 46, 55, 64, 65, 66, 75, 76, 77, 78, 79, 80]
[00:00:00:38:369] ! Bidirectional. expansions: 5,260, time: 37,788 [ms], path length: 38 [edges], g_F: 21, g_B: 17, generated: 0, MM: 4, MMPER: 9.256410256410257%
[00:00:00:38:369] 
---------- SM_Grids/9x9_grid_with_random_blocks_20per_9 ----------
[00:00:00:06:947] Path of length 34 found: [0, 9, 18, 27, 36, 37, 46, 55, 54, 63, 72, 73, 74, 75, 76, 67, 58, 49, 48, 39, 30, 21, 22, 23, 24, 25, 34, 43, 42, 51, 60, 69, 70, 71, 80]
[00:00:00:06:948] ! Unidirectional s-t. expansions: 630, time: 6,947 [ms], path length: 34 [edges], generated: 5,027
[00:00:00:03:990] Path of length 34 found: [80, 71, 70, 69, 60, 51, 52, 43, 34, 25, 24, 23, 22, 21, 30, 39, 40, 49, 58, 67, 76, 75, 74, 73, 72, 63, 54, 55, 46, 37, 36, 27, 18, 9, 0]
[00:00:00:03:991] ! Unidirectional t-s. expansions: 492, time: 3,990 [ms], path length: 34 [edges], generated: 3,109
[00:00:00:06:850] Path of length 34 found: [0, 9, 18, 27, 36, 37, 46, 55, 54, 63, 72, 73, 74, 75, 76, 67, 58, 49, 40, 39, 30, 21, 22, 23, 24, 25, 34, 43, 42, 51, 60, 61, 70, 71, 80]
[00:00:00:07:498] ! Bidirectional. expansions: 436, time: 6,851 [ms], path length: 34 [edges], g_F: 19, g_B: 15, generated: 0, MM: 4, MMPER: 10.428571428571429%

[00:00:00:07:498] average expansions: (855, 691, 1,821, 0)
[00:00:00:07:498] average time: (9,869, 7,892, 22,698, 0)
[00:00:00:07:498] XDFBnB: 691 , 7,892 (expansions , time[ms])
[00:00:00:07:498] BiXDFBnB: 1,821 , 22,698 (expansions , time[ms])

