------------------------------------
Thu 01 Oct 2026 14:51:04 IDT
SLURM_JOBID:		21950304
SLURM_JOB_NODELIST:	ise-cpu256-31
SLURM_SCRATCH_DIR:	/scratch/shubit/21950304
Allocated Resouces:	cpu - 2 / mem - 61440 MB / gpu - 
SLURM_GPU_INDEX:	
Running as shubit from shimony account with normal QOS
------------------------------------
Thu 01 Oct 2026 14:51:04 IDT

SLURM_JOBID:		 21950304
SLURM_JOB_NODELIST:	 ise-cpu256-31 

--------------------------
date: SM_Grids
number_of_graphs: 10
graph_type: grid
size_of_graphs: [9, 9]
heuristic: bcc_heuristic
snake: True
run_uni: True
run_bi: True
run_multi: False
solution_vertices: []
algorithms: ['DFBnB']
lookahead: 2
bsd: False
cube_first_dims: 4
cube_buffer_dim: None
backward_sym_generation: False
sym_coil: False
prefix_set: None

---------- SM_Grids/9x9_grid_with_random_blocks_8per_0 ----------
[00:00:02:03:535] Path of length 48 found: [0, 9, 18, 27, 36, 45, 54, 63, 72, 73, 74, 75, 66, 57, 56, 47, 38, 29, 20, 11, 2, 3, 4, 5, 6, 7, 8, 17, 26, 25, 24, 23, 22, 31, 40, 41, 42, 43, 44, 53, 62, 61, 60, 59, 68, 77, 78, 79, 80]
[00:00:02:03:536] ! Unidirectional s-t. expansions: 17,196, time: 123,535 [ms], path length: 48 [edges], generated: 67,102
[00:00:03:05:561] Path of length 48 found: [80, 71, 62, 53, 44, 35, 26, 17, 8, 7, 6, 5, 4, 13, 22, 23, 24, 33, 42, 41, 50, 59, 60, 69, 78, 77, 76, 75, 74, 73, 72, 63, 54, 55, 56, 57, 48, 39, 38, 37, 36, 27, 18, 19, 20, 11, 2, 1, 0]
[00:00:03:05:562] ! Unidirectional t-s. expansions: 21,771, time: 185,561 [ms], path length: 48 [edges], generated: 99,312
[00:00:03:07:303] Path of length 48 found: [0, 1, 2, 11, 20, 19, 18, 27, 36, 37, 38, 39, 48, 57, 56, 55, 54, 63, 72, 73, 74, 75, 76, 77, 78, 69, 60, 59, 50, 41, 32, 31, 22, 13, 4, 5, 6, 7, 8, 17, 26, 25, 34, 43, 44, 53, 62, 71, 80]
[00:00:03:07:907] ! Bidirectional. expansions: 27,521, time: 187,303 [ms], path length: 48 [edges], g_F: 24, g_B: 24, generated: 0, MM: 0, MMPER: -1.0%
[00:00:03:07:908] 
---------- SM_Grids/9x9_grid_with_random_blocks_8per_1 ----------
[00:00:01:59:866] Path of length 44 found: [0, 9, 18, 27, 36, 45, 46, 47, 48, 57, 66, 75, 76, 77, 78, 69, 60, 59, 50, 41, 40, 31, 30, 29, 20, 11, 2, 3, 4, 13, 14, 15, 6, 7, 8, 17, 26, 25, 34, 43, 52, 53, 62, 71, 80]
[00:00:01:59:867] ! Unidirectional s-t. expansions: 14,568, time: 119,866 [ms], path length: 44 [edges], generated: 68,951
[00:00:03:10:897] Path of length 44 found: [80, 71, 62, 53, 44, 35, 26, 17, 8, 7, 6, 5, 4, 3, 2, 11, 20, 29, 30, 31, 22, 23, 24, 33, 42, 41, 50, 59, 60, 69, 78, 77, 76, 67, 66, 57, 48, 47, 46, 37, 36, 27, 18, 9, 0]
[00:00:03:10:897] ! Unidirectional t-s. expansions: 22,546, time: 190,897 [ms], path length: 44 [edges], generated: 103,832
[00:00:01:31:879] Path of length 44 found: [0, 9, 18, 27, 36, 45, 46, 47, 48, 57, 66, 75, 76, 77, 78, 69, 60, 59, 50, 41, 42, 33, 24, 23, 22, 31, 30, 29, 20, 11, 2, 3, 4, 5, 6, 7, 8, 17, 26, 35, 44, 53, 62, 71, 80]
[00:00:01:32:444] ! Bidirectional. expansions: 10,734, time: 91,879 [ms], path length: 44 [edges], g_F: 22, g_B: 22, generated: 0, MM: 0, MMPER: -1.0%
[00:00:01:32:444] 
---------- SM_Grids/9x9_grid_with_random_blocks_8per_2 ----------
[00:00:02:19:010] Path of length 48 found: [0, 9, 18, 27, 36, 37, 38, 39, 48, 57, 56, 55, 54, 63, 72, 73, 74, 75, 76, 67, 68, 59, 50, 51, 42, 33, 32, 31, 22, 21, 20, 11, 2, 3, 4, 5, 6, 7, 16, 25, 26, 35, 44, 53, 62, 61, 70, 79, 80]
[00:00:02:19:011] ! Unidirectional s-t. expansions: 16,664, time: 139,010 [ms], path length: 48 [edges], generated: 75,842
[00:00:03:18:467] Path of length 48 found: [80, 71, 70, 69, 78, 77, 76, 67, 58, 49, 48, 47, 56, 65, 74, 73, 72, 63, 54, 45, 36, 37, 28, 29, 30, 21, 22, 23, 32, 41, 42, 51, 52, 53, 44, 35, 26, 25, 16, 7, 6, 5, 4, 3, 2, 11, 10, 9, 0]
[00:00:03:18:468] ! Unidirectional t-s. expansions: 36,143, time: 198,468 [ms], path length: 48 [edges], generated: 118,001
[00:00:02:47:349] Path of length 48 found: [0, 9, 10, 11, 2, 3, 4, 5, 6, 7, 16, 25, 34, 35, 44, 53, 52, 51, 42, 41, 32, 23, 22, 21, 30, 29, 28, 27, 36, 45, 54, 63, 72, 73, 74, 65, 56, 47, 48, 49, 58, 67, 76, 77, 78, 69, 70, 71, 80]
[00:00:02:47:946] ! Bidirectional. expansions: 22,547, time: 167,349 [ms], path length: 48 [edges], g_F: 24, g_B: 24, generated: 0, MM: 0, MMPER: -1.0%
[00:00:02:47:947] 
---------- SM_Grids/9x9_grid_with_random_blocks_8per_3 ----------
[00:00:06:03:049] Valid states checked so far: 200,000, Expansions: 44,410, Global best: 47
[00:00:06:04:160] Path of length 46 found: [0, 1, 10, 19, 18, 27, 36, 45, 54, 63, 72, 73, 74, 65, 56, 47, 38, 29, 30, 21, 12, 3, 4, 5, 6, 7, 16, 25, 24, 33, 32, 41, 40, 49, 58, 67, 76, 77, 78, 69, 60, 51, 52, 53, 62, 71, 80]
[00:00:06:04:161] ! Unidirectional s-t. expansions: 44,516, time: 364,160 [ms], path length: 46 [edges], generated: 200,515
[00:00:05:22:258] Valid states checked so far: 200,000, Expansions: 52,594, Global best: 47
[00:00:05:40:094] Path of length 46 found: [80, 71, 62, 53, 44, 35, 34, 33, 24, 15, 6, 5, 4, 3, 2, 11, 20, 21, 30, 31, 40, 41, 50, 51, 60, 69, 78, 77, 76, 67, 58, 57, 56, 65, 74, 73, 72, 63, 54, 45, 46, 37, 28, 27, 18, 9, 0]
[00:00:05:40:095] ! Unidirectional t-s. expansions: 54,586, time: 340,094 [ms], path length: 46 [edges], generated: 209,988
[00:00:05:27:742] Expansions: 50,000. F states: 89,383, B states: 92,499. Checks: 166,190)
[00:00:05:30:707] Path of length 46 found: [0, 9, 18, 27, 28, 37, 46, 45, 54, 63, 72, 73, 74, 65, 56, 57, 58, 67, 76, 77, 78, 69, 60, 51, 50, 41, 40, 39, 30, 21, 20, 11, 2, 3, 4, 5, 6, 15, 24, 33, 34, 35, 44, 53, 62, 71, 80]
[00:00:05:31:281] ! Bidirectional. expansions: 50,312, time: 330,707 [ms], path length: 46 [edges], g_F: 23, g_B: 23, generated: 0, MM: 0, MMPER: -1.0%
[00:00:05:31:281] 
---------- SM_Grids/9x9_grid_with_random_blocks_8per_4 ----------
[00:00:02:39:688] Path of length 48 found: [0, 1, 2, 3, 12, 21, 20, 19, 18, 27, 36, 37, 38, 47, 56, 55, 54, 63, 72, 73, 74, 75, 76, 77, 78, 69, 60, 59, 58, 49, 40, 41, 42, 33, 24, 23, 14, 5, 6, 7, 16, 17, 26, 35, 44, 53, 62, 71, 80]
[00:00:02:39:688] ! Unidirectional s-t. expansions: 16,817, time: 159,688 [ms], path length: 48 [edges], generated: 80,672
[00:00:01:52:904] Path of length 48 found: [80, 71, 62, 53, 44, 43, 34, 25, 26, 17, 8, 7, 6, 5, 14, 23, 32, 41, 50, 51, 60, 69, 78, 77, 76, 75, 74, 73, 72, 63, 54, 55, 56, 57, 48, 39, 38, 37, 36, 27, 18, 19, 20, 21, 12, 3, 2, 1, 0]
[00:00:01:52:904] ! Unidirectional t-s. expansions: 24,298, time: 112,904 [ms], path length: 48 [edges], generated: 71,996
[00:00:01:13:958] Path of length 48 found: [0, 1, 2, 3, 12, 21, 20, 19, 18, 27, 36, 37, 38, 47, 56, 55, 54, 63, 72, 73, 74, 75, 76, 77, 78, 69, 60, 59, 58, 49, 40, 41, 32, 23, 14, 5, 6, 7, 8, 17, 26, 25, 34, 43, 44, 53, 62, 71, 80]
[00:00:01:14:555] ! Bidirectional. expansions: 10,911, time: 73,958 [ms], path length: 48 [edges], g_F: 24, g_B: 24, generated: 0, MM: 0, MMPER: -1.0%
[00:00:01:14:555] 
---------- SM_Grids/9x9_grid_with_random_blocks_8per_5 ----------
[00:00:01:11:566] Path of length 48 found: [0, 9, 18, 27, 28, 37, 46, 45, 54, 63, 64, 65, 74, 75, 76, 77, 68, 59, 58, 57, 48, 39, 40, 41, 42, 33, 24, 23, 22, 21, 20, 11, 2, 3, 4, 5, 6, 7, 16, 17, 26, 35, 44, 53, 52, 61, 70, 79, 80]
[00:00:01:11:567] ! Unidirectional s-t. expansions: 14,285, time: 71,566 [ms], path length: 48 [edges], generated: 43,931
[00:00:01:59:087] Path of length 48 found: [80, 71, 70, 61, 52, 53, 44, 35, 26, 17, 8, 7, 6, 5, 4, 3, 2, 11, 20, 21, 22, 23, 24, 33, 42, 41, 40, 39, 48, 57, 58, 59, 68, 77, 76, 75, 74, 65, 64, 63, 54, 45, 46, 37, 28, 27, 18, 9, 0]
[00:00:01:59:087] ! Unidirectional t-s. expansions: 11,054, time: 119,087 [ms], path length: 48 [edges], generated: 57,440
[00:00:01:44:046] Path of length 48 found: [0, 9, 18, 27, 28, 37, 46, 45, 54, 63, 64, 65, 74, 75, 76, 77, 68, 59, 58, 57, 48, 39, 40, 41, 42, 33, 24, 23, 22, 21, 20, 11, 2, 3, 4, 5, 6, 7, 8, 17, 26, 35, 44, 53, 52, 61, 70, 71, 80]
[00:00:01:44:611] ! Bidirectional. expansions: 13,151, time: 104,046 [ms], path length: 48 [edges], g_F: 24, g_B: 24, generated: 0, MM: 0, MMPER: -1.0%
[00:00:01:44:611] 
---------- SM_Grids/9x9_grid_with_random_blocks_8per_6 ----------
[00:00:03:17:758] Path of length 48 found: [0, 9, 18, 27, 36, 37, 38, 29, 20, 11, 2, 3, 4, 13, 22, 23, 24, 15, 6, 7, 8, 17, 26, 35, 34, 43, 42, 41, 40, 49, 48, 57, 56, 55, 54, 63, 72, 73, 74, 75, 76, 67, 68, 59, 60, 61, 70, 79, 80]
[00:00:03:17:759] ! Unidirectional s-t. expansions: 47,470, time: 197,758 [ms], path length: 48 [edges], generated: 126,801
[00:00:02:15:139] Path of length 48 found: [80, 79, 70, 61, 60, 59, 68, 67, 76, 75, 74, 73, 72, 63, 54, 55, 56, 57, 48, 49, 40, 41, 42, 43, 34, 35, 26, 17, 8, 7, 6, 15, 24, 23, 22, 13, 4, 3, 2, 11, 20, 29, 38, 37, 36, 27, 18, 9, 0]
[00:00:02:15:140] ! Unidirectional t-s. expansions: 13,453, time: 135,140 [ms], path length: 48 [edges], generated: 67,184
[00:00:02:20:472] Path of length 48 found: [0, 9, 18, 27, 36, 37, 38, 29, 20, 11, 2, 3, 4, 13, 22, 23, 24, 15, 6, 7, 8, 17, 26, 35, 34, 43, 42, 41, 40, 49, 48, 57, 56, 55, 54, 63, 72, 73, 74, 75, 76, 67, 68, 69, 60, 61, 62, 71, 80]
[00:00:02:21:050] ! Bidirectional. expansions: 19,072, time: 140,472 [ms], path length: 48 [edges], g_F: 24, g_B: 24, generated: 0, MM: 0, MMPER: -1.0%
[00:00:02:21:050] 
---------- SM_Grids/9x9_grid_with_random_blocks_8per_7 ----------
[00:00:03:55:335] Path of length 48 found: [0, 9, 10, 11, 2, 3, 4, 13, 14, 15, 6, 7, 8, 17, 26, 25, 34, 43, 44, 53, 62, 61, 60, 51, 50, 41, 32, 31, 30, 39, 38, 37, 36, 45, 54, 63, 72, 73, 74, 65, 56, 57, 58, 67, 76, 77, 78, 79, 80]
[00:00:03:55:336] ! Unidirectional s-t. expansions: 22,889, time: 235,335 [ms], path length: 48 [edges], generated: 118,814
[00:00:02:55:767] Path of length 48 found: [80, 79, 78, 77, 68, 67, 58, 57, 56, 65, 74, 73, 72, 63, 54, 45, 46, 37, 38, 29, 30, 31, 40, 41, 50, 51, 60, 61, 62, 53, 44, 43, 34, 25, 26, 17, 8, 7, 6, 15, 14, 13, 4, 3, 2, 11, 10, 9, 0]
[00:00:02:55:767] ! Unidirectional t-s. expansions: 24,460, time: 175,767 [ms], path length: 48 [edges], generated: 104,890
[00:00:04:11:631] Path of length 48 found: [0, 9, 10, 11, 2, 3, 4, 13, 14, 15, 6, 7, 8, 17, 26, 25, 34, 43, 44, 53, 62, 61, 60, 51, 50, 41, 40, 39, 38, 29, 28, 27, 36, 45, 54, 63, 72, 73, 74, 65, 56, 57, 58, 67, 68, 77, 78, 79, 80]
[00:00:04:12:182] ! Bidirectional. expansions: 36,507, time: 251,631 [ms], path length: 48 [edges], g_F: 24, g_B: 24, generated: 0, MM: 0, MMPER: -1.0%
[00:00:04:12:182] 
---------- SM_Grids/9x9_grid_with_random_blocks_8per_8 ----------
[00:00:01:05:470] Path of length 50 found: [0, 1, 2, 3, 4, 13, 22, 23, 24, 15, 6, 7, 8, 17, 26, 35, 34, 43, 42, 41, 50, 49, 48, 39, 30, 29, 20, 19, 18, 27, 36, 37, 46, 55, 54, 63, 72, 73, 74, 65, 66, 67, 76, 77, 78, 69, 60, 61, 62, 71, 80]
[00:00:01:05:470] ! Unidirectional s-t. expansions: 7,659, time: 65,470 [ms], path length: 50 [edges], generated: 34,720
[00:00:00:29:264] Path of length 50 found: [80, 71, 62, 53, 52, 43, 42, 33, 24, 25, 26, 17, 8, 7, 6, 5, 14, 13, 22, 31, 30, 39, 48, 49, 50, 59, 60, 69, 78, 77, 76, 67, 66, 65, 74, 73, 72, 63, 54, 55, 46, 37, 36, 27, 18, 19, 20, 11, 2, 1, 0]
[00:00:00:29:264] ! Unidirectional t-s. expansions: 4,147, time: 29,264 [ms], path length: 50 [edges], generated: 14,157
[00:00:00:40:909] Path of length 50 found: [0, 9, 18, 27, 36, 37, 46, 55, 54, 63, 72, 73, 74, 65, 66, 67, 76, 77, 78, 69, 60, 59, 50, 49, 48, 39, 30, 29, 20, 11, 2, 3, 4, 13, 22, 23, 24, 15, 6, 7, 8, 17, 26, 35, 34, 43, 52, 53, 62, 71, 80]
[00:00:00:41:502] ! Bidirectional. expansions: 4,541, time: 40,909 [ms], path length: 50 [edges], g_F: 25, g_B: 25, generated: 0, MM: 0, MMPER: -1.0%
[00:00:00:41:502] 
---------- SM_Grids/9x9_grid_with_random_blocks_8per_9 ----------
[00:00:03:28:979] Path of length 46 found: [0, 9, 18, 27, 36, 45, 54, 55, 64, 73, 74, 75, 66, 67, 68, 59, 60, 51, 42, 33, 24, 23, 22, 31, 40, 49, 48, 47, 38, 29, 20, 11, 2, 3, 4, 5, 6, 7, 16, 17, 26, 35, 44, 53, 62, 71, 80]
[00:00:03:28:979] ! Unidirectional s-t. expansions: 22,081, time: 208,979 [ms], path length: 46 [edges], generated: 109,859
[00:00:01:29:027] Path of length 46 found: [80, 79, 78, 77, 68, 59, 58, 57, 66, 75, 74, 73, 64, 55, 46, 45, 36, 27, 18, 19, 20, 29, 38, 39, 40, 31, 22, 23, 24, 33, 42, 51, 52, 53, 44, 35, 26, 17, 8, 7, 6, 5, 4, 3, 2, 1, 0]
[00:00:01:29:027] ! Unidirectional t-s. expansions: 11,082, time: 89,027 [ms], path length: 46 [edges], generated: 53,127
[00:00:01:07:652] Path of length 46 found: [0, 9, 18, 19, 20, 11, 2, 3, 4, 5, 6, 7, 8, 17, 26, 35, 44, 53, 52, 51, 42, 33, 24, 23, 22, 31, 30, 39, 38, 37, 36, 45, 54, 55, 64, 73, 74, 75, 66, 57, 58, 59, 68, 77, 78, 79, 80]
[00:00:01:08:191] ! Bidirectional. expansions: 8,799, time: 67,652 [ms], path length: 46 [edges], g_F: 23, g_B: 23, generated: 0, MM: 0, MMPER: -1.0%

[00:00:01:08:191] average expansions: (22,414, 22,354, 20,410, 0)
[00:00:01:08:192] average time: (168,537, 157,621, 145,591, 0)
[00:00:01:08:192] XDFBnB: 22,354 , 157,621 (expansions , time[ms])
[00:00:01:08:192] BiXDFBnB: 20,410 , 145,591 (expansions , time[ms])

