------------------------------------
Thu 01 Oct 2026 11:16:14 IDT
SLURM_JOBID:		21943088
SLURM_JOB_NODELIST:	ise-cpu256-04
SLURM_SCRATCH_DIR:	/scratch/shubit/21943088
Allocated Resouces:	cpu - 2 / mem - 61440 MB / gpu - 
SLURM_GPU_INDEX:	
Running as shubit from shimony account with normal QOS
------------------------------------
Thu 01 Oct 2026 11:16:14 IDT

SLURM_JOBID:		 21943088
SLURM_JOB_NODELIST:	 ise-cpu256-04 

--------------------------
date: SM_Grids
number_of_graphs: 10
graph_type: grid
size_of_graphs: [9, 9]
heuristic: bcc_heuristic
snake: True
run_uni: True
run_bi: True
run_multi: False
solution_vertices: []
algorithms: ['A']
lookahead: 4
bsd: False
cube_first_dims: 4
cube_buffer_dim: None
backward_sym_generation: False
sym_coil: False
prefix_set: None

---------- SM_Grids/9x9_grid_with_random_blocks_20per_0 ----------
[00:00:00:23:334] Path of length 34 found: [0, 9, 18, 27, 28, 37, 46, 45, 54, 63, 64, 65, 56, 57, 48, 49, 40, 31, 30, 21, 12, 13, 14, 15, 16, 25, 34, 33, 42, 51, 60, 69, 70, 71, 80]
[00:00:00:23:335] ! Unidirectional s-t. expansions: 1,242, time: 23,335 [ms], path length: 34 [edges], generated: 15,992
[00:00:00:30:103] Path of length 34 found: [80, 71, 62, 53, 52, 43, 34, 25, 16, 15, 14, 13, 12, 21, 30, 31, 40, 41, 50, 59, 58, 57, 56, 65, 64, 63, 54, 45, 46, 37, 28, 19, 10, 9, 0]
[00:00:00:30:104] ! Unidirectional t-s. expansions: 1,330, time: 30,104 [ms], path length: 34 [edges], generated: 19,592
[00:00:00:26:783] Path of length 34 found: [0, 9, 18, 27, 28, 37, 46, 45, 54, 63, 64, 65, 56, 57, 48, 49, 40, 31, 30, 21, 12, 13, 14, 15, 16, 25, 34, 43, 52, 51, 60, 69, 70, 71, 80]
[00:00:00:27:555] ! Bidirectional. expansions: 860, time: 26,783 [ms], path length: 34 [edges], g_F: 17, g_B: 17, generated: 0, MM: 0, MMPER: -1.0%
[00:00:00:27:555] 
---------- SM_Grids/9x9_grid_with_random_blocks_20per_1 ----------
[00:00:00:09:506] Path of length 30 found: [0, 9, 18, 27, 28, 37, 38, 39, 40, 31, 22, 21, 12, 3, 4, 5, 14, 15, 24, 25, 26, 35, 44, 43, 42, 51, 60, 61, 62, 71, 80]
[00:00:00:09:506] ! Unidirectional s-t. expansions: 454, time: 9,506 [ms], path length: 30 [edges], generated: 4,887
[00:00:00:11:324] Path of length 30 found: [80, 71, 62, 61, 60, 51, 42, 43, 44, 35, 26, 25, 16, 7, 6, 5, 4, 3, 12, 21, 22, 31, 40, 39, 38, 29, 28, 27, 18, 9, 0]
[00:00:00:11:325] ! Unidirectional t-s. expansions: 322, time: 11,324 [ms], path length: 30 [edges], generated: 5,992
[00:00:00:05:673] Path of length 30 found: [0, 9, 18, 27, 28, 37, 38, 39, 40, 31, 22, 21, 12, 3, 4, 5, 6, 7, 16, 25, 26, 35, 44, 43, 42, 51, 60, 61, 62, 71, 80]
[00:00:00:06:365] ! Bidirectional. expansions: 184, time: 5,674 [ms], path length: 30 [edges], g_F: 15, g_B: 15, generated: 0, MM: 0, MMPER: -1.0%
[00:00:00:06:366] 
---------- SM_Grids/9x9_grid_with_random_blocks_20per_2 ----------
[00:00:00:06:250] Path of length 34 found: [0, 9, 10, 19, 20, 21, 30, 31, 32, 23, 14, 5, 6, 7, 16, 25, 26, 35, 44, 43, 42, 51, 60, 59, 58, 57, 56, 65, 74, 75, 76, 77, 78, 79, 80]
[00:00:00:06:250] ! Unidirectional s-t. expansions: 210, time: 6,250 [ms], path length: 34 [edges], generated: 4,295
[00:00:00:05:667] Path of length 34 found: [80, 79, 78, 77, 76, 75, 74, 65, 56, 57, 58, 59, 60, 51, 42, 43, 44, 35, 26, 25, 16, 7, 6, 5, 14, 23, 32, 31, 30, 21, 20, 19, 10, 9, 0]
[00:00:00:05:667] ! Unidirectional t-s. expansions: 143, time: 5,667 [ms], path length: 34 [edges], generated: 3,070
[00:00:00:01:389] Path of length 34 found: [0, 9, 10, 19, 20, 21, 30, 31, 32, 23, 14, 5, 6, 7, 16, 25, 26, 35, 44, 43, 42, 51, 60, 59, 58, 57, 56, 65, 74, 75, 76, 77, 78, 79, 80]
[00:00:00:02:054] ! Bidirectional. expansions: 54, time: 1,389 [ms], path length: 34 [edges], g_F: 17, g_B: 17, generated: 0, MM: 0, MMPER: -1.0%
[00:00:00:02:054] 
---------- SM_Grids/9x9_grid_with_random_blocks_20per_3 ----------
[00:00:00:10:566] Path of length 38 found: [0, 9, 10, 11, 2, 3, 4, 13, 14, 15, 16, 17, 26, 35, 34, 33, 32, 41, 40, 39, 30, 29, 28, 27, 36, 45, 54, 55, 56, 57, 66, 67, 68, 59, 60, 61, 70, 79, 80]
[00:00:00:10:566] ! Unidirectional s-t. expansions: 677, time: 10,566 [ms], path length: 38 [edges], generated: 7,107
[00:00:00:05:853] Path of length 38 found: [80, 79, 70, 61, 60, 59, 68, 67, 66, 57, 56, 47, 46, 45, 36, 27, 28, 29, 30, 39, 40, 41, 32, 33, 34, 35, 26, 17, 16, 15, 14, 5, 4, 3, 2, 11, 10, 9, 0]
[00:00:00:05:854] ! Unidirectional t-s. expansions: 218, time: 5,853 [ms], path length: 38 [edges], generated: 2,888
[00:00:00:05:922] Path of length 38 found: [0, 9, 10, 11, 2, 3, 4, 13, 14, 15, 16, 17, 26, 35, 34, 33, 32, 41, 40, 39, 30, 29, 28, 27, 36, 45, 46, 47, 56, 57, 66, 67, 68, 59, 60, 61, 70, 79, 80]
[00:00:00:06:656] ! Bidirectional. expansions: 203, time: 5,922 [ms], path length: 38 [edges], g_F: 19, g_B: 19, generated: 0, MM: 0, MMPER: -1.0%
[00:00:00:06:656] 
---------- SM_Grids/9x9_grid_with_random_blocks_20per_4 ----------
[00:00:00:03:798] Path of length 36 found: [0, 9, 18, 19, 28, 37, 36, 45, 54, 63, 64, 65, 56, 47, 48, 49, 40, 31, 30, 21, 12, 3, 4, 5, 14, 15, 16, 25, 34, 43, 42, 51, 60, 69, 70, 79, 80]
[00:00:00:03:799] ! Unidirectional s-t. expansions: 290, time: 3,798 [ms], path length: 36 [edges], generated: 2,551
[00:00:00:03:387] Path of length 36 found: [80, 71, 62, 61, 60, 51, 42, 43, 34, 25, 16, 15, 6, 5, 4, 13, 12, 21, 30, 31, 40, 49, 48, 57, 56, 65, 64, 63, 54, 45, 36, 37, 28, 19, 10, 1, 0]
[00:00:00:03:387] ! Unidirectional t-s. expansions: 163, time: 3,387 [ms], path length: 36 [edges], generated: 2,109
[00:00:00:09:224] Path of length 36 found: [0, 9, 18, 19, 28, 37, 36, 45, 54, 63, 64, 65, 56, 47, 48, 49, 40, 31, 30, 21, 12, 3, 4, 5, 6, 15, 16, 25, 34, 43, 42, 51, 60, 61, 62, 71, 80]
[00:00:00:09:949] ! Bidirectional. expansions: 351, time: 9,224 [ms], path length: 36 [edges], g_F: 18, g_B: 18, generated: 0, MM: 0, MMPER: -1.0%
[00:00:00:09:949] 
---------- SM_Grids/9x9_grid_with_random_blocks_20per_5 ----------
[00:00:00:20:625] Path of length 34 found: [0, 9, 18, 27, 28, 29, 38, 39, 48, 57, 66, 67, 68, 59, 50, 41, 32, 31, 22, 13, 14, 15, 6, 7, 8, 17, 26, 25, 34, 43, 52, 61, 70, 79, 80]
[00:00:00:20:625] ! Unidirectional s-t. expansions: 726, time: 20,625 [ms], path length: 34 [edges], generated: 11,702
[00:00:00:17:768] Path of length 34 found: [80, 71, 62, 61, 52, 43, 44, 35, 26, 17, 8, 7, 6, 15, 14, 13, 22, 31, 32, 41, 50, 59, 58, 67, 66, 65, 56, 47, 38, 29, 28, 27, 18, 9, 0]
[00:00:00:17:769] ! Unidirectional t-s. expansions: 996, time: 17,768 [ms], path length: 34 [edges], generated: 10,665
[00:00:00:16:946] Path of length 34 found: [0, 9, 18, 27, 28, 29, 38, 39, 48, 57, 66, 67, 68, 59, 50, 41, 32, 31, 22, 13, 14, 15, 6, 7, 8, 17, 26, 35, 44, 43, 52, 61, 62, 71, 80]
[00:00:00:17:635] ! Bidirectional. expansions: 1,540, time: 16,946 [ms], path length: 34 [edges], g_F: 17, g_B: 17, generated: 0, MM: 0, MMPER: -1.0%
[00:00:00:17:635] 
---------- SM_Grids/9x9_grid_with_random_blocks_20per_6 ----------
[00:00:00:02:502] Path of length 18 found: [0, 9, 18, 27, 28, 37, 38, 39, 40, 41, 50, 59, 58, 67, 76, 77, 78, 79, 80]
[00:00:00:02:503] ! Unidirectional s-t. expansions: 94, time: 2,502 [ms], path length: 18 [edges], generated: 1,142
[00:00:00:02:465] Path of length 18 found: [80, 79, 78, 77, 76, 67, 58, 59, 50, 41, 40, 39, 30, 29, 28, 27, 18, 9, 0]
[00:00:00:02:466] ! Unidirectional t-s. expansions: 171, time: 2,465 [ms], path length: 18 [edges], generated: 1,522
[00:00:00:05:665] Path of length 18 found: [0, 9, 10, 11, 20, 21, 30, 39, 40, 41, 50, 59, 58, 67, 76, 77, 78, 79, 80]
[00:00:00:06:291] ! Bidirectional. expansions: 1,188, time: 5,665 [ms], path length: 18 [edges], g_F: 9, g_B: 9, generated: 0, MM: 0, MMPER: -1.0%
[00:00:00:06:292] 
---------- SM_Grids/9x9_grid_with_random_blocks_20per_7 ----------
[00:00:00:31:980] Path of length 28 found: [0, 9, 18, 27, 28, 29, 20, 21, 22, 31, 40, 39, 48, 47, 46, 45, 54, 63, 64, 65, 66, 67, 58, 59, 60, 61, 70, 79, 80]
[00:00:00:31:980] ! Unidirectional s-t. expansions: 1,743, time: 31,980 [ms], path length: 28 [edges], generated: 20,865
[00:00:00:07:480] Path of length 28 found: [80, 71, 62, 61, 60, 59, 68, 67, 66, 65, 64, 63, 54, 45, 46, 47, 48, 39, 40, 31, 22, 21, 20, 29, 28, 27, 18, 9, 0]
[00:00:00:07:481] ! Unidirectional t-s. expansions: 204, time: 7,481 [ms], path length: 28 [edges], generated: 4,299
[00:00:00:14:323] Path of length 28 found: [0, 9, 10, 11, 20, 21, 30, 31, 40, 49, 48, 47, 38, 37, 36, 45, 54, 63, 64, 65, 66, 67, 68, 59, 60, 61, 62, 71, 80]
[00:00:00:15:045] ! Bidirectional. expansions: 600, time: 14,323 [ms], path length: 28 [edges], g_F: 14, g_B: 14, generated: 0, MM: 0, MMPER: -1.0%
[00:00:00:15:045] 
---------- SM_Grids/9x9_grid_with_random_blocks_20per_8 ----------
[00:00:00:20:693] Path of length 38 found: [0, 9, 18, 27, 28, 29, 20, 21, 12, 3, 4, 5, 14, 15, 16, 17, 26, 35, 34, 43, 52, 51, 60, 59, 58, 49, 48, 47, 46, 55, 64, 65, 66, 75, 76, 77, 78, 79, 80]
[00:00:00:20:694] ! Unidirectional s-t. expansions: 941, time: 20,693 [ms], path length: 38 [edges], generated: 13,888
[00:00:00:13:047] Path of length 38 found: [80, 79, 78, 77, 76, 75, 66, 65, 64, 55, 46, 47, 48, 49, 58, 59, 60, 51, 52, 43, 44, 35, 26, 17, 16, 15, 24, 33, 32, 31, 22, 21, 20, 29, 28, 27, 18, 9, 0]
[00:00:00:13:048] ! Unidirectional t-s. expansions: 956, time: 13,047 [ms], path length: 38 [edges], generated: 9,253
[00:00:00:16:185] Path of length 38 found: [0, 9, 18, 27, 28, 29, 20, 21, 12, 3, 4, 5, 14, 15, 16, 25, 26, 35, 44, 43, 52, 61, 60, 59, 50, 49, 48, 47, 46, 55, 64, 65, 66, 75, 76, 77, 78, 79, 80]
[00:00:00:17:170] ! Bidirectional. expansions: 656, time: 16,185 [ms], path length: 38 [edges], g_F: 19, g_B: 19, generated: 0, MM: 0, MMPER: -1.0%
[00:00:00:17:170] 
---------- SM_Grids/9x9_grid_with_random_blocks_20per_9 ----------
[00:00:00:13:313] Path of length 34 found: [0, 9, 18, 27, 36, 37, 46, 55, 54, 63, 72, 73, 74, 75, 76, 67, 58, 49, 48, 39, 30, 21, 22, 23, 24, 25, 34, 43, 42, 51, 60, 69, 70, 71, 80]
[00:00:00:13:314] ! Unidirectional s-t. expansions: 447, time: 13,314 [ms], path length: 34 [edges], generated: 6,460
[00:00:00:07:092] Path of length 34 found: [80, 71, 70, 69, 60, 51, 52, 43, 34, 25, 24, 23, 22, 21, 30, 39, 40, 49, 58, 67, 76, 75, 74, 73, 72, 63, 54, 55, 46, 37, 36, 27, 18, 9, 0]
[00:00:00:07:093] ! Unidirectional t-s. expansions: 303, time: 7,092 [ms], path length: 34 [edges], generated: 3,651
[00:00:00:03:303] Path of length 34 found: [0, 9, 18, 27, 36, 37, 46, 55, 54, 63, 72, 73, 74, 75, 76, 67, 58, 49, 48, 39, 30, 21, 22, 23, 24, 25, 34, 43, 52, 51, 60, 69, 70, 71, 80]
[00:00:00:04:266] ! Bidirectional. expansions: 138, time: 3,303 [ms], path length: 34 [edges], g_F: 17, g_B: 17, generated: 0, MM: 0, MMPER: -1.0%

[00:00:00:04:267] average expansions: (682, 481, 577, 0)
[00:00:00:04:267] average time: (14,257, 10,419, 10,541, 0)
[00:00:00:04:267] XA*: 481 , 10,419 (expansions , time[ms])
[00:00:00:04:267] BiXA*: 577 , 10,541 (expansions , time[ms])

