------------------------------------
Thu 01 Oct 2026 18:26:04 IDT
SLURM_JOBID:		21953756
SLURM_JOB_NODELIST:	ise-cpu256-06
SLURM_SCRATCH_DIR:	/scratch/shubit/21953756
Allocated Resouces:	cpu - 2 / mem - 61440 MB / gpu - 
SLURM_GPU_INDEX:	
Running as shubit from shimony account with normal QOS
------------------------------------
Thu 01 Oct 2026 18:26:04 IDT

SLURM_JOBID:		 21953756
SLURM_JOB_NODELIST:	 ise-cpu256-06 

--------------------------
date: SM_Grids
number_of_graphs: 10
graph_type: grid
size_of_graphs: [9, 9]
heuristic: bcc_heuristic
snake: True
run_uni: True
run_bi: True
run_multi: False
solution_vertices: []
algorithms: ['XMM']
lookahead: -2
bsd: False
cube_first_dims: 4
cube_buffer_dim: None
backward_sym_generation: False
sym_coil: False
prefix_set: None

---------- SM_Grids/9x9_grid_with_random_blocks_20per_0 ----------
[00:00:00:13:753] Path of length 34 found: [0, 9, 18, 19, 20, 29, 38, 37, 46, 45, 54, 63, 64, 65, 56, 57, 48, 49, 50, 41, 32, 31, 22, 13, 14, 15, 24, 25, 34, 43, 52, 61, 70, 71, 80]
[00:00:00:13:753] ! Unidirectional s-t. expansions: 2,809, time: 13,753 [ms], path length: 34 [edges], generated: 5,143
[00:00:00:25:852] Path of length 34 found: [80, 71, 62, 53, 52, 43, 34, 25, 16, 15, 14, 13, 12, 21, 30, 31, 40, 41, 50, 59, 58, 57, 56, 65, 64, 63, 54, 45, 46, 37, 28, 19, 10, 9, 0]
[00:00:00:25:852] ! Unidirectional t-s. expansions: 4,886, time: 25,852 [ms], path length: 34 [edges], generated: 8,840
[00:00:00:00:469] Expansion 60: New longest path found with length 16: [0, 9, 18, 27, 28, 29, 38, 47, 48, 49, 58, 59, 68, 69, 70, 71, 80]. g_current=7, g_opposite=9, f_max=44, generated=115
[00:00:00:00:717] Expansion 102: New longest path found with length 26: [0, 9, 18, 19, 20, 21, 12, 13, 14, 15, 16, 25, 34, 33, 32, 41, 40, 49, 58, 59, 60, 51, 52, 53, 62, 71, 80]. g_current=17, g_opposite=9, f_max=43, generated=189
[00:00:00:01:206] Expansion 183: New longest path found with length 28: [0, 9, 18, 27, 28, 29, 30, 21, 12, 13, 14, 15, 16, 25, 34, 33, 32, 41, 40, 49, 58, 59, 60, 51, 52, 53, 62, 71, 80]. g_current=10, g_opposite=18, f_max=43, generated=339
[00:00:00:05:222] Expansion 878: New longest path found with length 34: [0, 9, 18, 19, 20, 29, 38, 37, 46, 45, 54, 63, 64, 65, 56, 57, 48, 49, 40, 31, 22, 13, 14, 15, 16, 25, 34, 43, 52, 51, 60, 69, 70, 71, 80]. g_current=15, g_opposite=19, f_max=40, generated=1,614
[00:00:00:30:470] Path of length 34 found: [0, 9, 18, 19, 20, 29, 38, 37, 46, 45, 54, 63, 64, 65, 56, 57, 48, 49, 40, 31, 22, 13, 14, 15, 16, 25, 34, 43, 52, 51, 60, 69, 70, 71, 80]
[00:00:00:31:059] ! Bidirectional. expansions: 5,279, time: 30,470 [ms], path length: 34 [edges], g_F: 19, g_B: 15, generated: 10,099, MM: 4, MMPER: 10.428571428571429%
[00:00:00:31:059] 
---------- SM_Grids/9x9_grid_with_random_blocks_20per_1 ----------
[00:00:00:05:067] Path of length 30 found: [0, 9, 18, 27, 28, 37, 38, 39, 40, 31, 22, 21, 12, 3, 4, 5, 6, 7, 16, 25, 26, 35, 44, 43, 42, 51, 60, 61, 62, 71, 80]
[00:00:00:05:067] ! Unidirectional s-t. expansions: 917, time: 5,067 [ms], path length: 30 [edges], generated: 1,596
[00:00:00:06:026] Path of length 30 found: [80, 71, 62, 61, 60, 51, 42, 43, 44, 35, 26, 25, 16, 7, 6, 5, 4, 3, 12, 21, 22, 31, 40, 39, 38, 29, 28, 27, 18, 9, 0]
[00:00:00:06:027] ! Unidirectional t-s. expansions: 1,104, time: 6,026 [ms], path length: 30 [edges], generated: 1,949
[00:00:00:00:316] Expansion 39: New longest path found with length 18: [0, 9, 18, 27, 28, 37, 38, 39, 48, 57, 58, 59, 50, 51, 52, 61, 62, 71, 80]. g_current=7, g_opposite=11, f_max=38, generated=66
[00:00:00:00:709] Expansion 108: New longest path found with length 20: [0, 1, 2, 3, 4, 5, 6, 7, 16, 25, 26, 35, 44, 43, 42, 51, 60, 61, 62, 71, 80]. g_current=3, g_opposite=17, f_max=37, generated=195
[00:00:00:00:792] Expansion 124: New longest path found with length 26: [0, 9, 18, 27, 28, 37, 38, 39, 40, 31, 32, 23, 14, 5, 6, 7, 16, 25, 26, 35, 44, 43, 52, 61, 62, 71, 80]. g_current=17, g_opposite=9, f_max=36, generated=223
[00:00:00:01:033] Expansion 159: New longest path found with length 28: [0, 9, 18, 27, 28, 37, 38, 39, 40, 31, 32, 23, 14, 5, 6, 7, 16, 25, 26, 35, 44, 43, 42, 51, 60, 61, 62, 71, 80]. g_current=9, g_opposite=19, f_max=36, generated=294
[00:00:00:02:432] Expansion 412: New longest path found with length 30: [0, 9, 18, 27, 28, 37, 38, 39, 40, 31, 22, 21, 12, 3, 4, 5, 6, 7, 16, 25, 26, 35, 44, 43, 42, 51, 60, 61, 62, 71, 80]. g_current=11, g_opposite=19, f_max=34, generated=762
[00:00:00:06:353] Path of length 30 found: [0, 9, 18, 27, 28, 37, 38, 39, 40, 31, 22, 21, 12, 3, 4, 5, 6, 7, 16, 25, 26, 35, 44, 43, 42, 51, 60, 61, 62, 71, 80]
[00:00:00:06:910] ! Bidirectional. expansions: 1,138, time: 6,353 [ms], path length: 30 [edges], g_F: 11, g_B: 19, generated: 2,080, MM: 8, MMPER: 24.806451612903224%
[00:00:00:06:910] 
---------- SM_Grids/9x9_grid_with_random_blocks_20per_2 ----------
[00:00:00:04:676] Path of length 34 found: [0, 9, 10, 19, 20, 21, 30, 31, 32, 23, 14, 5, 6, 7, 16, 25, 26, 35, 44, 43, 42, 51, 60, 59, 58, 57, 56, 65, 74, 75, 76, 77, 78, 79, 80]
[00:00:00:04:676] ! Unidirectional s-t. expansions: 803, time: 4,676 [ms], path length: 34 [edges], generated: 1,502
[00:00:00:03:120] Path of length 34 found: [80, 79, 78, 77, 76, 75, 74, 65, 56, 57, 58, 59, 60, 51, 42, 43, 44, 35, 26, 25, 16, 7, 6, 5, 14, 23, 32, 31, 30, 21, 20, 19, 10, 9, 0]
[00:00:00:03:120] ! Unidirectional t-s. expansions: 486, time: 3,120 [ms], path length: 34 [edges], generated: 864
[00:00:00:01:635] Expansion 263: New longest path found with length 24: [0, 9, 10, 19, 20, 21, 12, 3, 4, 5, 6, 7, 16, 25, 24, 23, 32, 41, 42, 51, 60, 61, 62, 71, 80]. g_current=19, g_opposite=5, f_max=43, generated=499
[00:00:00:02:839] Expansion 514: New longest path found with length 32: [0, 9, 10, 19, 20, 21, 12, 3, 4, 5, 6, 7, 16, 25, 24, 23, 32, 41, 42, 51, 60, 59, 58, 57, 56, 65, 74, 75, 76, 77, 78, 79, 80]. g_current=12, g_opposite=20, f_max=40, generated=908
[00:00:00:04:279] Expansion 793: New longest path found with length 34: [0, 9, 10, 19, 20, 21, 30, 31, 32, 23, 14, 5, 6, 7, 16, 25, 26, 35, 44, 43, 42, 51, 60, 59, 58, 57, 56, 65, 74, 75, 76, 77, 78, 79, 80]. g_current=14, g_opposite=20, f_max=38, generated=1,419
[00:00:00:05:678] Path of length 34 found: [0, 9, 10, 19, 20, 21, 30, 31, 32, 23, 14, 5, 6, 7, 16, 25, 26, 35, 44, 43, 42, 51, 60, 59, 58, 57, 56, 65, 74, 75, 76, 77, 78, 79, 80]
[00:00:00:06:250] ! Bidirectional. expansions: 1,008, time: 5,678 [ms], path length: 34 [edges], g_F: 20, g_B: 14, generated: 1,798, MM: 6, MMPER: 16.142857142857142%
[00:00:00:06:250] 
---------- SM_Grids/9x9_grid_with_random_blocks_20per_3 ----------
[00:00:00:07:321] Path of length 38 found: [0, 9, 10, 11, 2, 3, 4, 13, 14, 15, 16, 17, 26, 35, 34, 33, 32, 41, 40, 39, 30, 29, 28, 27, 36, 45, 54, 55, 56, 57, 66, 67, 68, 59, 60, 61, 70, 79, 80]
[00:00:00:07:322] ! Unidirectional s-t. expansions: 1,827, time: 7,321 [ms], path length: 38 [edges], generated: 2,714
[00:00:00:03:301] Path of length 38 found: [80, 79, 70, 61, 60, 59, 68, 67, 66, 57, 56, 55, 46, 45, 36, 27, 28, 29, 38, 39, 40, 41, 32, 33, 34, 35, 26, 17, 16, 15, 14, 5, 4, 3, 2, 11, 10, 9, 0]
[00:00:00:03:302] ! Unidirectional t-s. expansions: 633, time: 3,301 [ms], path length: 38 [edges], generated: 1,044
[00:00:00:00:285] Expansion 35: New longest path found with length 20: [0, 9, 10, 11, 2, 3, 4, 13, 14, 15, 16, 25, 26, 35, 44, 53, 52, 61, 70, 79, 80]. g_current=11, g_opposite=9, f_max=48, generated=58
[00:00:00:00:419] Expansion 60: New longest path found with length 26: [0, 9, 10, 11, 2, 3, 4, 13, 14, 15, 16, 17, 26, 35, 44, 53, 52, 61, 60, 59, 58, 67, 76, 77, 78, 79, 80]. g_current=12, g_opposite=14, f_max=48, generated=99
[00:00:00:01:293] Expansion 224: New longest path found with length 30: [0, 9, 10, 11, 2, 3, 4, 13, 14, 15, 16, 17, 26, 35, 34, 33, 32, 41, 40, 39, 48, 57, 66, 67, 68, 59, 60, 61, 70, 79, 80]. g_current=10, g_opposite=20, f_max=43, generated=376
[00:00:00:04:077] Expansion 769: New longest path found with length 36: [0, 9, 10, 11, 2, 3, 4, 13, 14, 15, 16, 25, 34, 33, 32, 41, 40, 39, 30, 29, 28, 27, 36, 45, 46, 55, 56, 57, 66, 67, 68, 59, 60, 61, 70, 79, 80]. g_current=15, g_opposite=21, f_max=41, generated=1,358
[00:00:00:04:081] Expansion 770: New longest path found with length 38: [0, 9, 10, 11, 2, 3, 4, 13, 14, 15, 16, 17, 26, 35, 34, 33, 32, 41, 40, 39, 30, 29, 28, 27, 36, 45, 46, 55, 56, 57, 66, 67, 68, 59, 60, 61, 70, 79, 80]. g_current=16, g_opposite=22, f_max=40, generated=1,359
[00:00:00:06:091] Path of length 38 found: [0, 9, 10, 11, 2, 3, 4, 13, 14, 15, 16, 17, 26, 35, 34, 33, 32, 41, 40, 39, 30, 29, 28, 27, 36, 45, 46, 55, 56, 57, 66, 67, 68, 59, 60, 61, 70, 79, 80]
[00:00:00:06:675] ! Bidirectional. expansions: 1,115, time: 6,092 [ms], path length: 38 [edges], g_F: 22, g_B: 16, generated: 1,988, MM: 6, MMPER: 14.384615384615385%
[00:00:00:06:675] 
---------- SM_Grids/9x9_grid_with_random_blocks_20per_4 ----------
[00:00:00:03:168] Path of length 36 found: [0, 9, 18, 19, 28, 37, 36, 45, 54, 63, 64, 65, 56, 47, 48, 49, 40, 31, 30, 21, 12, 3, 4, 5, 14, 15, 16, 25, 34, 43, 42, 51, 60, 69, 70, 79, 80]
[00:00:00:03:168] ! Unidirectional s-t. expansions: 695, time: 3,168 [ms], path length: 36 [edges], generated: 1,070
[00:00:00:02:866] Path of length 36 found: [80, 71, 62, 61, 60, 51, 42, 43, 34, 25, 16, 15, 6, 5, 4, 13, 12, 21, 30, 31, 40, 49, 48, 57, 56, 65, 64, 63, 54, 45, 36, 37, 28, 19, 10, 1, 0]
[00:00:00:02:867] ! Unidirectional t-s. expansions: 556, time: 2,866 [ms], path length: 36 [edges], generated: 932
[00:00:00:00:440] Expansion 60: New longest path found with length 22: [0, 9, 18, 19, 28, 37, 36, 45, 54, 63, 64, 65, 56, 47, 48, 49, 50, 59, 60, 61, 62, 71, 80]. g_current=15, g_opposite=7, f_max=42, generated=109
[00:00:00:01:477] Expansion 275: New longest path found with length 36: [0, 9, 18, 19, 28, 37, 36, 45, 54, 63, 64, 65, 56, 47, 48, 49, 40, 31, 30, 21, 12, 13, 4, 5, 6, 15, 16, 25, 34, 43, 42, 51, 60, 61, 62, 71, 80]. g_current=16, g_opposite=20, f_max=40, generated=438
[00:00:00:03:393] Path of length 36 found: [0, 9, 18, 19, 28, 37, 36, 45, 54, 63, 64, 65, 56, 47, 48, 49, 40, 31, 30, 21, 12, 13, 4, 5, 6, 15, 16, 25, 34, 43, 42, 51, 60, 61, 62, 71, 80]
[00:00:00:03:981] ! Bidirectional. expansions: 632, time: 3,393 [ms], path length: 36 [edges], g_F: 20, g_B: 16, generated: 1,109, MM: 4, MMPER: 9.81081081081081%
[00:00:00:03:982] 
---------- SM_Grids/9x9_grid_with_random_blocks_20per_5 ----------
[00:00:00:15:585] Path of length 34 found: [0, 9, 18, 27, 28, 29, 38, 39, 48, 57, 66, 67, 68, 59, 50, 41, 32, 31, 22, 13, 14, 15, 6, 7, 8, 17, 26, 25, 34, 43, 52, 61, 70, 79, 80]
[00:00:00:15:586] ! Unidirectional s-t. expansions: 3,013, time: 15,585 [ms], path length: 34 [edges], generated: 5,079
[00:00:00:13:678] Path of length 34 found: [80, 71, 62, 61, 52, 43, 44, 35, 26, 17, 8, 7, 6, 15, 24, 33, 32, 41, 50, 59, 58, 67, 66, 65, 56, 47, 48, 39, 30, 21, 20, 19, 10, 1, 0]
[00:00:00:13:678] ! Unidirectional t-s. expansions: 2,824, time: 13,678 [ms], path length: 34 [edges], generated: 4,686
[00:00:00:00:519] Expansion 76: New longest path found with length 16: [0, 9, 18, 27, 28, 29, 38, 47, 56, 57, 58, 67, 68, 69, 70, 71, 80]. g_current=6, g_opposite=10, f_max=41, generated=132
[00:00:00:01:086] Expansion 183: New longest path found with length 20: [0, 9, 18, 27, 28, 29, 38, 47, 56, 65, 66, 67, 58, 59, 50, 51, 52, 61, 62, 71, 80]. g_current=13, g_opposite=7, f_max=40, generated=293
[00:00:00:01:599] Expansion 277: New longest path found with length 24: [0, 9, 18, 27, 28, 29, 20, 21, 12, 13, 14, 15, 6, 7, 8, 17, 26, 35, 44, 43, 52, 61, 62, 71, 80]. g_current=16, g_opposite=8, f_max=39, generated=452
[00:00:00:02:720] Expansion 477: New longest path found with length 28: [0, 9, 18, 27, 28, 29, 20, 21, 12, 13, 14, 15, 6, 7, 8, 17, 26, 35, 44, 43, 52, 51, 50, 59, 68, 69, 70, 71, 80]. g_current=10, g_opposite=18, f_max=40, generated=807
[00:00:00:05:369] Expansion 994: New longest path found with length 30: [0, 9, 18, 27, 28, 29, 20, 21, 22, 31, 32, 33, 24, 15, 6, 7, 8, 17, 26, 35, 44, 43, 52, 51, 50, 59, 68, 69, 70, 71, 80]. g_current=10, g_opposite=20, f_max=39, generated=1,675
[00:00:00:06:068] Expansion 1,134: New longest path found with length 32: [0, 9, 18, 27, 28, 29, 38, 39, 48, 57, 66, 67, 68, 59, 50, 41, 32, 33, 24, 15, 6, 7, 8, 17, 26, 35, 44, 43, 52, 61, 62, 71, 80]. g_current=17, g_opposite=15, f_max=37, generated=1,918
[00:00:00:07:536] Expansion 1,450: New longest path found with length 34: [0, 9, 18, 27, 28, 29, 38, 39, 48, 57, 66, 67, 68, 59, 50, 41, 32, 31, 22, 13, 14, 15, 6, 7, 8, 17, 26, 35, 44, 43, 52, 61, 62, 71, 80]. g_current=15, g_opposite=19, f_max=37, generated=2,394
[00:00:00:14:951] Path of length 34 found: [0, 9, 18, 27, 28, 29, 38, 39, 48, 57, 66, 67, 68, 59, 50, 41, 32, 31, 22, 13, 14, 15, 6, 7, 8, 17, 26, 35, 44, 43, 52, 61, 62, 71, 80]
[00:00:00:15:517] ! Bidirectional. expansions: 2,775, time: 14,951 [ms], path length: 34 [edges], g_F: 15, g_B: 19, generated: 4,770, MM: 4, MMPER: 10.428571428571429%
[00:00:00:15:517] 
---------- SM_Grids/9x9_grid_with_random_blocks_20per_6 ----------
[00:00:00:01:793] Path of length 18 found: [0, 9, 10, 11, 20, 21, 30, 39, 40, 41, 50, 59, 58, 67, 76, 77, 78, 79, 80]
[00:00:00:01:794] ! Unidirectional s-t. expansions: 306, time: 1,793 [ms], path length: 18 [edges], generated: 525
[00:00:00:03:428] Path of length 18 found: [80, 79, 78, 77, 76, 67, 58, 59, 50, 41, 40, 39, 30, 29, 28, 27, 18, 9, 0]
[00:00:00:03:429] ! Unidirectional t-s. expansions: 722, time: 3,428 [ms], path length: 18 [edges], generated: 1,059
[00:00:00:00:570] Expansion 83: New longest path found with length 16: [0, 9, 18, 27, 28, 29, 38, 47, 48, 49, 58, 67, 68, 69, 70, 79, 80]. g_current=8, g_opposite=8, f_max=35, generated=158
[00:00:00:00:725] Expansion 105: New longest path found with length 18: [0, 9, 10, 11, 20, 21, 30, 39, 40, 41, 50, 59, 58, 67, 76, 77, 78, 79, 80]. g_current=9, g_opposite=9, f_max=33, generated=207
[00:00:00:01:614] Path of length 18 found: [0, 9, 10, 11, 20, 21, 30, 39, 40, 41, 50, 59, 58, 67, 76, 77, 78, 79, 80]
[00:00:00:02:170] ! Bidirectional. expansions: 245, time: 1,614 [ms], path length: 18 [edges], g_F: 9, g_B: 9, generated: 477, MM: 0, MMPER: -1.0%
[00:00:00:02:170] 
---------- SM_Grids/9x9_grid_with_random_blocks_20per_7 ----------
[00:00:00:30:365] Path of length 28 found: [0, 9, 18, 27, 28, 29, 20, 21, 22, 31, 40, 39, 48, 47, 46, 45, 54, 63, 64, 65, 66, 67, 68, 59, 60, 61, 70, 79, 80]
[00:00:00:30:366] ! Unidirectional s-t. expansions: 6,540, time: 30,366 [ms], path length: 28 [edges], generated: 10,323
[00:00:00:04:693] Path of length 28 found: [80, 71, 62, 61, 60, 59, 68, 67, 66, 65, 64, 63, 54, 45, 46, 47, 48, 39, 40, 31, 22, 21, 20, 29, 28, 27, 18, 9, 0]
[00:00:00:04:693] ! Unidirectional t-s. expansions: 831, time: 4,693 [ms], path length: 28 [edges], generated: 1,493
[00:00:00:04:346] Expansion 768: New longest path found with length 18: [0, 9, 18, 27, 28, 29, 20, 21, 22, 31, 40, 49, 58, 59, 60, 61, 62, 71, 80]. g_current=5, g_opposite=13, f_max=36, generated=1,409
[00:00:00:05:696] Expansion 1,042: New longest path found with length 22: [0, 1, 10, 11, 20, 29, 28, 27, 36, 45, 54, 63, 64, 65, 66, 67, 68, 59, 60, 61, 62, 71, 80]. g_current=7, g_opposite=15, f_max=35, generated=1,875
[00:00:00:05:733] Expansion 1,048: New longest path found with length 24: [0, 1, 10, 11, 20, 21, 30, 39, 38, 37, 36, 45, 54, 63, 64, 65, 66, 67, 68, 59, 60, 61, 62, 71, 80]. g_current=16, g_opposite=8, f_max=35, generated=1,886
[00:00:00:06:665] Expansion 1,215: New longest path found with length 26: [0, 1, 10, 11, 20, 21, 22, 31, 40, 39, 38, 37, 36, 45, 54, 63, 64, 65, 66, 67, 68, 59, 60, 61, 62, 71, 80]. g_current=8, g_opposite=18, f_max=34, generated=2,182
[00:00:00:06:673] Expansion 1,216: New longest path found with length 28: [0, 9, 18, 27, 28, 29, 20, 21, 22, 31, 40, 39, 48, 47, 46, 45, 54, 63, 64, 65, 66, 67, 68, 59, 60, 61, 62, 71, 80]. g_current=9, g_opposite=19, f_max=34, generated=2,184
[00:00:00:18:548] Path of length 28 found: [0, 9, 18, 27, 28, 29, 20, 21, 22, 31, 40, 39, 48, 47, 46, 45, 54, 63, 64, 65, 66, 67, 68, 59, 60, 61, 62, 71, 80]
[00:00:00:19:109] ! Bidirectional. expansions: 3,243, time: 18,548 [ms], path length: 28 [edges], g_F: 19, g_B: 9, generated: 6,102, MM: 10, MMPER: 33.48275862068966%
[00:00:00:19:109] 
---------- SM_Grids/9x9_grid_with_random_blocks_20per_8 ----------
[00:00:00:13:880] Path of length 38 found: [0, 9, 18, 27, 28, 29, 20, 21, 12, 3, 4, 5, 14, 15, 16, 17, 26, 35, 34, 43, 52, 61, 60, 59, 50, 49, 48, 47, 46, 55, 64, 65, 66, 75, 76, 77, 78, 79, 80]
[00:00:00:13:881] ! Unidirectional s-t. expansions: 2,769, time: 13,880 [ms], path length: 38 [edges], generated: 4,696
[00:00:00:09:380] Path of length 38 found: [80, 79, 78, 77, 76, 75, 66, 65, 64, 55, 46, 47, 48, 49, 58, 59, 60, 51, 52, 53, 44, 35, 26, 17, 16, 15, 14, 5, 4, 3, 12, 21, 30, 29, 28, 19, 10, 9, 0]
[00:00:00:09:382] ! Unidirectional t-s. expansions: 2,102, time: 9,381 [ms], path length: 38 [edges], generated: 3,393
[00:00:00:00:607] Expansion 98: New longest path found with length 20: [0, 9, 18, 27, 28, 29, 30, 39, 48, 47, 46, 55, 64, 65, 66, 75, 76, 77, 78, 79, 80]. g_current=13, g_opposite=7, f_max=47, generated=161
[00:00:00:00:741] Expansion 123: New longest path found with length 24: [0, 9, 18, 27, 28, 29, 20, 21, 12, 3, 4, 5, 14, 15, 16, 17, 26, 35, 44, 53, 52, 61, 70, 79, 80]. g_current=13, g_opposite=11, f_max=48, generated=201
[00:00:00:01:429] Expansion 248: New longest path found with length 26: [0, 9, 18, 27, 28, 29, 30, 39, 48, 47, 46, 55, 64, 65, 66, 75, 76, 77, 68, 59, 50, 51, 52, 61, 70, 79, 80]. g_current=19, g_opposite=7, f_max=46, generated=420
[00:00:00:01:868] Expansion 349: New longest path found with length 38: [0, 9, 18, 27, 28, 29, 20, 21, 12, 3, 4, 5, 14, 15, 16, 17, 26, 35, 44, 53, 52, 51, 60, 59, 58, 49, 48, 47, 46, 55, 64, 65, 66, 75, 76, 77, 78, 79, 80]. g_current=15, g_opposite=23, f_max=45, generated=563
[00:00:00:10:530] Path of length 38 found: [0, 9, 18, 27, 28, 29, 20, 21, 12, 3, 4, 5, 14, 15, 16, 17, 26, 35, 44, 53, 52, 51, 60, 59, 58, 49, 48, 47, 46, 55, 64, 65, 66, 75, 76, 77, 78, 79, 80]
[00:00:00:11:126] ! Bidirectional. expansions: 2,056, time: 10,530 [ms], path length: 38 [edges], g_F: 15, g_B: 23, generated: 3,479, MM: 8, MMPER: 19.512820512820515%
[00:00:00:11:127] 
---------- SM_Grids/9x9_grid_with_random_blocks_20per_9 ----------
[00:00:00:06:449] Path of length 34 found: [0, 9, 18, 27, 36, 37, 46, 55, 54, 63, 72, 73, 74, 75, 76, 67, 58, 49, 48, 39, 30, 21, 22, 23, 24, 25, 34, 43, 42, 51, 60, 69, 70, 71, 80]
[00:00:00:06:449] ! Unidirectional s-t. expansions: 1,295, time: 6,449 [ms], path length: 34 [edges], generated: 2,234
[00:00:00:04:776] Path of length 34 found: [80, 71, 70, 69, 60, 51, 52, 43, 34, 25, 24, 23, 22, 21, 30, 39, 40, 49, 58, 67, 76, 75, 74, 73, 72, 63, 54, 55, 46, 37, 36, 27, 18, 9, 0]
[00:00:00:04:777] ! Unidirectional t-s. expansions: 1,214, time: 4,776 [ms], path length: 34 [edges], generated: 1,809
[00:00:00:00:176] Expansion 29: New longest path found with length 20: [0, 9, 18, 27, 36, 37, 46, 55, 54, 63, 72, 73, 74, 75, 76, 77, 78, 69, 70, 71, 80]. g_current=6, g_opposite=14, f_max=46, generated=46
[00:00:00:00:365] Expansion 64: New longest path found with length 22: [0, 9, 18, 27, 36, 45, 54, 63, 72, 73, 74, 65, 56, 57, 58, 67, 76, 77, 78, 69, 70, 71, 80]. g_current=13, g_opposite=9, f_max=45, generated=105
[00:00:00:00:507] Expansion 87: New longest path found with length 24: [0, 9, 18, 27, 36, 45, 54, 63, 72, 73, 74, 65, 56, 47, 48, 49, 58, 67, 76, 77, 78, 69, 70, 71, 80]. g_current=14, g_opposite=10, f_max=44, generated=142
[00:00:00:02:259] Expansion 470: New longest path found with length 32: [0, 9, 18, 27, 36, 37, 46, 55, 54, 63, 72, 73, 74, 75, 76, 67, 58, 49, 40, 31, 22, 23, 24, 25, 34, 43, 52, 51, 60, 69, 70, 71, 80]. g_current=12, g_opposite=20, f_max=38, generated=771
[00:00:00:02:269] Expansion 471: New longest path found with length 34: [0, 9, 18, 27, 36, 37, 46, 55, 54, 63, 72, 73, 74, 75, 76, 67, 58, 49, 48, 39, 30, 21, 22, 23, 24, 25, 34, 43, 52, 51, 60, 69, 70, 71, 80]. g_current=13, g_opposite=21, f_max=38, generated=774
[00:00:00:04:212] Path of length 34 found: [0, 9, 18, 27, 36, 37, 46, 55, 54, 63, 72, 73, 74, 75, 76, 67, 58, 49, 48, 39, 30, 21, 22, 23, 24, 25, 34, 43, 52, 51, 60, 69, 70, 71, 80]
[00:00:00:04:777] ! Bidirectional. expansions: 842, time: 4,212 [ms], path length: 34 [edges], g_F: 21, g_B: 13, generated: 1,441, MM: 8, MMPER: 21.857142857142858%

[00:00:00:04:777] average expansions: (2,097, 1,536, 1,833, 0)
[00:00:00:04:777] average time: (10,206, 7,712, 10,184, 0)
[00:00:00:04:777] XA*: 1,536 , 7,712 (expansions , time[ms])
[00:00:00:04:777] XMM: 1,833 , 10,184 (expansions , time[ms])

