------------------------------------
Thu 01 Oct 2026 12:59:36 IDT
SLURM_JOBID:		21944808
SLURM_JOB_NODELIST:	ise-cpu256-12
SLURM_SCRATCH_DIR:	/scratch/shubit/21944808
Allocated Resouces:	cpu - 2 / mem - 61440 MB / gpu - 
SLURM_GPU_INDEX:	
Running as shubit from shimony account with normal QOS
------------------------------------
Thu 01 Oct 2026 12:59:36 IDT

SLURM_JOBID:		 21944808
SLURM_JOB_NODELIST:	 ise-cpu256-12 

--------------------------
date: SM_Grids
number_of_graphs: 10
graph_type: grid
size_of_graphs: [9, 9]
heuristic: bcc_heuristic
snake: True
run_uni: True
run_bi: True
run_multi: False
solution_vertices: []
algorithms: ['IDA']
lookahead: -1
bsd: False
cube_first_dims: 4
cube_buffer_dim: None
backward_sym_generation: False
sym_coil: False
prefix_set: None

---------- SM_Grids/9x9_grid_with_random_blocks_20per_0 ----------
[00:00:00:53:364] Path of length 34 found: [0, 9, 18, 27, 28, 37, 46, 45, 54, 63, 64, 65, 56, 57, 48, 49, 50, 41, 32, 31, 30, 21, 12, 13, 14, 15, 24, 25, 34, 43, 52, 61, 70, 71, 80]
[00:00:00:53:364] ! Unidirectional s-t. expansions: 9,922, time: 53,364 [ms], path length: 34 [edges], generated: 18,537
[00:00:01:32:229] Path of length 34 found: [80, 71, 62, 53, 52, 51, 42, 33, 34, 25, 16, 15, 14, 13, 12, 21, 30, 31, 40, 49, 58, 57, 56, 65, 64, 63, 54, 45, 46, 37, 28, 19, 10, 9, 0]
[00:00:01:32:229] ! Unidirectional t-s. expansions: 17,364, time: 92,229 [ms], path length: 34 [edges], generated: 31,554
[00:00:01:06:501] Path of length 34 found: [0, 9, 18, 27, 28, 37, 46, 45, 54, 63, 64, 65, 56, 57, 48, 49, 40, 31, 30, 21, 12, 13, 14, 15, 16, 25, 34, 43, 52, 51, 60, 69, 70, 71, 80]
[00:00:01:07:128] ! Bidirectional. expansions: 10,654, time: 66,501 [ms], path length: 34 [edges], g_F: 18, g_B: 16, generated: 0, MM: 2, MMPER: 4.714285714285714%
[00:00:01:07:128] 
---------- SM_Grids/9x9_grid_with_random_blocks_20per_1 ----------
[00:00:00:13:528] Path of length 30 found: [0, 9, 18, 27, 28, 37, 38, 39, 40, 31, 22, 21, 12, 3, 4, 5, 14, 15, 16, 25, 26, 35, 44, 43, 42, 51, 60, 61, 62, 71, 80]
[00:00:00:13:528] ! Unidirectional s-t. expansions: 2,287, time: 13,528 [ms], path length: 30 [edges], generated: 4,090
[00:00:00:21:385] Path of length 30 found: [80, 71, 62, 61, 60, 51, 42, 43, 44, 35, 26, 25, 16, 7, 6, 5, 4, 3, 12, 21, 22, 31, 40, 39, 38, 29, 28, 27, 18, 9, 0]
[00:00:00:21:385] ! Unidirectional t-s. expansions: 3,747, time: 21,385 [ms], path length: 30 [edges], generated: 6,856
[00:00:00:11:765] Path of length 30 found: [0, 9, 18, 27, 28, 37, 38, 39, 40, 31, 22, 21, 12, 3, 4, 5, 6, 7, 16, 25, 26, 35, 44, 43, 42, 51, 60, 61, 62, 71, 80]
[00:00:00:12:371] ! Bidirectional. expansions: 1,960, time: 11,765 [ms], path length: 30 [edges], g_F: 16, g_B: 14, generated: 0, MM: 2, MMPER: 5.451612903225806%
[00:00:00:12:371] 
---------- SM_Grids/9x9_grid_with_random_blocks_20per_2 ----------
[00:00:00:25:704] Path of length 34 found: [0, 9, 10, 19, 20, 21, 30, 31, 32, 23, 14, 5, 6, 7, 16, 25, 26, 35, 44, 43, 42, 51, 60, 59, 58, 57, 56, 65, 74, 75, 76, 77, 78, 79, 80]
[00:00:00:25:705] ! Unidirectional s-t. expansions: 4,532, time: 25,704 [ms], path length: 34 [edges], generated: 8,190
[00:00:00:22:493] Path of length 34 found: [80, 79, 78, 77, 76, 75, 74, 65, 56, 57, 58, 59, 60, 51, 42, 43, 44, 35, 26, 25, 16, 7, 6, 5, 14, 23, 32, 31, 30, 21, 20, 19, 10, 9, 0]
[00:00:00:22:494] ! Unidirectional t-s. expansions: 3,562, time: 22,493 [ms], path length: 34 [edges], generated: 6,362
[00:00:00:07:582] Path of length 34 found: [0, 9, 10, 19, 20, 21, 30, 31, 32, 23, 14, 5, 6, 7, 16, 25, 26, 35, 44, 43, 42, 51, 60, 59, 58, 57, 56, 65, 74, 75, 76, 77, 78, 79, 80]
[00:00:00:08:229] ! Bidirectional. expansions: 1,136, time: 7,582 [ms], path length: 34 [edges], g_F: 18, g_B: 16, generated: 0, MM: 2, MMPER: 4.714285714285714%
[00:00:00:08:229] 
---------- SM_Grids/9x9_grid_with_random_blocks_20per_3 ----------
[00:00:00:20:440] Path of length 38 found: [0, 9, 10, 11, 2, 3, 4, 13, 14, 15, 16, 17, 26, 35, 34, 33, 32, 41, 40, 39, 30, 29, 28, 27, 36, 45, 54, 55, 56, 57, 66, 67, 68, 59, 60, 61, 70, 79, 80]
[00:00:00:20:441] ! Unidirectional s-t. expansions: 3,989, time: 20,441 [ms], path length: 38 [edges], generated: 6,781
[00:00:00:11:697] Path of length 38 found: [80, 79, 70, 61, 60, 59, 68, 67, 66, 57, 56, 55, 46, 45, 36, 27, 28, 29, 38, 39, 40, 41, 32, 33, 34, 35, 26, 17, 16, 15, 14, 5, 4, 3, 2, 11, 10, 9, 0]
[00:00:00:11:698] ! Unidirectional t-s. expansions: 1,892, time: 11,697 [ms], path length: 38 [edges], generated: 3,306
[00:00:00:15:743] Path of length 38 found: [0, 9, 10, 11, 2, 3, 4, 13, 14, 15, 16, 17, 26, 35, 34, 33, 32, 41, 40, 39, 38, 29, 28, 27, 36, 45, 46, 55, 56, 57, 66, 67, 68, 59, 60, 61, 70, 79, 80]
[00:00:00:16:380] ! Bidirectional. expansions: 2,617, time: 15,743 [ms], path length: 38 [edges], g_F: 20, g_B: 18, generated: 0, MM: 2, MMPER: 4.128205128205129%
[00:00:00:16:380] 
---------- SM_Grids/9x9_grid_with_random_blocks_20per_4 ----------
[00:00:00:11:892] Path of length 36 found: [0, 9, 10, 19, 28, 37, 36, 45, 54, 63, 64, 65, 56, 47, 48, 49, 40, 31, 30, 21, 12, 3, 4, 5, 14, 15, 16, 25, 34, 43, 42, 51, 60, 69, 70, 79, 80]
[00:00:00:11:893] ! Unidirectional s-t. expansions: 2,432, time: 11,893 [ms], path length: 36 [edges], generated: 3,765
[00:00:00:07:360] Path of length 36 found: [80, 71, 62, 61, 60, 51, 42, 43, 34, 25, 16, 15, 6, 5, 4, 3, 12, 21, 30, 31, 40, 49, 48, 47, 56, 65, 64, 63, 54, 45, 36, 37, 28, 19, 10, 1, 0]
[00:00:00:07:360] ! Unidirectional t-s. expansions: 1,301, time: 7,360 [ms], path length: 36 [edges], generated: 2,275
[00:00:00:20:333] Path of length 36 found: [0, 9, 10, 19, 28, 37, 36, 45, 54, 63, 64, 65, 56, 47, 48, 49, 40, 31, 30, 21, 12, 3, 4, 5, 6, 15, 16, 25, 34, 43, 42, 51, 60, 61, 62, 71, 80]
[00:00:00:20:937] ! Bidirectional. expansions: 3,560, time: 20,333 [ms], path length: 36 [edges], g_F: 19, g_B: 17, generated: 0, MM: 2, MMPER: 4.405405405405405%
[00:00:00:20:938] 
---------- SM_Grids/9x9_grid_with_random_blocks_20per_5 ----------
[00:00:00:36:003] Path of length 34 found: [0, 1, 10, 19, 28, 29, 38, 47, 56, 65, 66, 67, 58, 59, 50, 41, 32, 31, 22, 13, 14, 15, 6, 7, 8, 17, 26, 25, 34, 43, 52, 61, 70, 79, 80]
[00:00:00:36:003] ! Unidirectional s-t. expansions: 6,849, time: 36,003 [ms], path length: 34 [edges], generated: 11,620
[00:00:00:38:069] Path of length 34 found: [80, 71, 62, 61, 52, 43, 44, 35, 26, 17, 8, 7, 6, 15, 24, 33, 32, 41, 50, 59, 58, 67, 66, 65, 56, 47, 48, 39, 30, 21, 20, 19, 10, 1, 0]
[00:00:00:38:070] ! Unidirectional t-s. expansions: 7,335, time: 38,069 [ms], path length: 34 [edges], generated: 12,194
[00:00:00:37:838] Path of length 34 found: [0, 1, 10, 19, 28, 29, 38, 39, 48, 57, 66, 67, 68, 59, 50, 41, 32, 31, 22, 13, 14, 15, 6, 7, 8, 17, 26, 35, 44, 43, 52, 61, 62, 71, 80]
[00:00:00:38:494] ! Bidirectional. expansions: 8,698, time: 37,838 [ms], path length: 34 [edges], g_F: 18, g_B: 16, generated: 0, MM: 2, MMPER: 4.714285714285714%
[00:00:00:38:494] 
---------- SM_Grids/9x9_grid_with_random_blocks_20per_6 ----------
[00:00:00:05:568] Path of length 18 found: [0, 9, 18, 27, 28, 29, 38, 39, 40, 41, 50, 59, 58, 67, 76, 77, 78, 79, 80]
[00:00:00:05:569] ! Unidirectional s-t. expansions: 887, time: 5,569 [ms], path length: 18 [edges], generated: 1,564
[00:00:00:08:741] Path of length 18 found: [80, 79, 78, 77, 76, 67, 58, 59, 50, 41, 40, 39, 30, 29, 28, 27, 18, 9, 0]
[00:00:00:08:741] ! Unidirectional t-s. expansions: 1,691, time: 8,741 [ms], path length: 18 [edges], generated: 2,716
[00:00:00:16:338] Path of length 18 found: [0, 9, 18, 27, 28, 29, 38, 39, 40, 41, 50, 59, 58, 67, 76, 77, 78, 79, 80]
[00:00:00:16:971] ! Bidirectional. expansions: 2,705, time: 16,338 [ms], path length: 18 [edges], g_F: 10, g_B: 8, generated: 0, MM: 2, MMPER: 9.526315789473685%
[00:00:00:16:972] 
---------- SM_Grids/9x9_grid_with_random_blocks_20per_7 ----------
[00:00:02:20:335] Path of length 28 found: [0, 9, 10, 11, 20, 21, 30, 31, 40, 49, 48, 47, 38, 37, 36, 45, 54, 63, 64, 65, 66, 67, 68, 59, 60, 61, 70, 79, 80]
[00:00:02:20:336] ! Unidirectional s-t. expansions: 29,036, time: 140,335 [ms], path length: 28 [edges], generated: 48,326
[00:00:00:10:571] Path of length 28 found: [80, 71, 62, 61, 60, 59, 68, 67, 66, 65, 64, 63, 54, 45, 46, 47, 48, 39, 40, 31, 22, 21, 20, 29, 28, 27, 18, 9, 0]
[00:00:00:10:571] ! Unidirectional t-s. expansions: 1,753, time: 10,571 [ms], path length: 28 [edges], generated: 3,184
[00:00:00:33:525] Path of length 28 found: [0, 9, 10, 11, 20, 21, 30, 31, 40, 49, 48, 47, 38, 37, 36, 45, 54, 63, 64, 65, 66, 67, 68, 59, 60, 61, 62, 71, 80]
[00:00:00:34:124] ! Bidirectional. expansions: 5,421, time: 33,525 [ms], path length: 28 [edges], g_F: 15, g_B: 13, generated: 0, MM: 2, MMPER: 5.896551724137931%
[00:00:00:34:124] 
---------- SM_Grids/9x9_grid_with_random_blocks_20per_8 ----------
[00:00:00:29:441] Path of length 38 found: [0, 9, 18, 27, 28, 29, 20, 21, 12, 3, 4, 5, 14, 15, 16, 17, 26, 35, 34, 43, 52, 61, 60, 59, 50, 49, 48, 47, 46, 55, 64, 65, 66, 75, 76, 77, 78, 79, 80]
[00:00:00:29:442] ! Unidirectional s-t. expansions: 5,311, time: 29,441 [ms], path length: 38 [edges], generated: 9,133
[00:00:00:37:407] Path of length 38 found: [80, 79, 78, 77, 76, 75, 66, 65, 64, 55, 46, 47, 48, 49, 58, 59, 60, 51, 52, 53, 44, 35, 26, 17, 16, 15, 14, 5, 4, 3, 12, 21, 20, 29, 28, 27, 18, 9, 0]
[00:00:00:37:407] ! Unidirectional t-s. expansions: 7,622, time: 37,407 [ms], path length: 38 [edges], generated: 12,432
[00:00:00:45:539] Path of length 38 found: [0, 9, 18, 27, 28, 29, 20, 21, 12, 3, 4, 5, 14, 15, 16, 17, 26, 35, 34, 43, 52, 61, 60, 59, 50, 49, 48, 47, 46, 55, 64, 65, 66, 75, 76, 77, 78, 79, 80]
[00:00:00:46:158] ! Bidirectional. expansions: 7,897, time: 45,539 [ms], path length: 38 [edges], g_F: 20, g_B: 18, generated: 0, MM: 2, MMPER: 4.128205128205129%
[00:00:00:46:158] 
---------- SM_Grids/9x9_grid_with_random_blocks_20per_9 ----------
[00:00:00:33:338] Path of length 34 found: [0, 9, 18, 27, 36, 37, 46, 55, 54, 63, 72, 73, 74, 75, 76, 67, 58, 49, 48, 39, 30, 21, 22, 23, 24, 25, 34, 43, 42, 51, 60, 69, 70, 71, 80]
[00:00:00:33:338] ! Unidirectional s-t. expansions: 6,457, time: 33,338 [ms], path length: 34 [edges], generated: 10,891
[00:00:00:11:792] Path of length 34 found: [80, 71, 70, 69, 60, 51, 52, 43, 34, 25, 24, 23, 22, 21, 30, 39, 40, 49, 58, 67, 76, 75, 74, 73, 72, 63, 54, 55, 46, 37, 36, 27, 18, 9, 0]
[00:00:00:11:793] ! Unidirectional t-s. expansions: 2,751, time: 11,793 [ms], path length: 34 [edges], generated: 4,140
[00:00:00:14:396] Path of length 34 found: [0, 9, 18, 27, 36, 37, 46, 55, 54, 63, 72, 73, 74, 75, 76, 67, 58, 49, 48, 39, 30, 21, 22, 23, 24, 25, 34, 43, 52, 51, 60, 69, 70, 71, 80]
[00:00:00:14:995] ! Bidirectional. expansions: 2,364, time: 14,396 [ms], path length: 34 [edges], g_F: 18, g_B: 16, generated: 0, MM: 2, MMPER: 4.714285714285714%

[00:00:00:14:995] average expansions: (7,170, 4,902, 4,701, 0)
[00:00:00:14:995] average time: (36,962, 26,174, 26,956, 0)
[00:00:00:14:995] XIDA: 4,902 , 26,174 (expansions , time[ms])
[00:00:00:14:995] BiXIDA: 4,701 , 26,956 (expansions , time[ms])

