------------------------------------
Thu 01 Oct 2026 14:51:50 IDT
SLURM_JOBID:		21950306
SLURM_JOB_NODELIST:	ise-cpu256-08
SLURM_SCRATCH_DIR:	/scratch/shubit/21950306
Allocated Resouces:	cpu - 2 / mem - 61440 MB / gpu - 
SLURM_GPU_INDEX:	
Running as shubit from shimony account with normal QOS
------------------------------------
Thu 01 Oct 2026 14:51:50 IDT

SLURM_JOBID:		 21950306
SLURM_JOB_NODELIST:	 ise-cpu256-08 

--------------------------
date: SM_Grids
number_of_graphs: 10
graph_type: grid
size_of_graphs: [9, 9]
heuristic: bcc_heuristic
snake: True
run_uni: True
run_bi: True
run_multi: False
solution_vertices: []
algorithms: ['DFBnB']
lookahead: 4
bsd: False
cube_first_dims: 4
cube_buffer_dim: None
backward_sym_generation: False
sym_coil: False
prefix_set: None

---------- SM_Grids/9x9_grid_with_random_blocks_8per_0 ----------
[00:00:03:14:752] Path of length 48 found: [0, 9, 18, 27, 36, 45, 54, 63, 72, 73, 74, 75, 66, 57, 48, 47, 38, 29, 20, 11, 2, 3, 4, 5, 6, 7, 8, 17, 26, 25, 24, 23, 22, 31, 40, 41, 42, 43, 44, 53, 62, 61, 60, 59, 68, 77, 78, 79, 80]
[00:00:03:14:753] ! Unidirectional s-t. expansions: 6,085, time: 194,753 [ms], path length: 48 [edges], generated: 120,645
[00:00:04:34:609] Path of length 48 found: [80, 79, 78, 77, 68, 67, 66, 75, 74, 73, 72, 63, 54, 45, 36, 27, 18, 19, 20, 29, 38, 47, 48, 49, 40, 31, 22, 23, 24, 33, 42, 51, 60, 61, 62, 53, 44, 35, 26, 17, 8, 7, 6, 5, 4, 3, 2, 1, 0]
[00:00:04:34:610] ! Unidirectional t-s. expansions: 10,001, time: 274,609 [ms], path length: 48 [edges], generated: 178,933
[00:00:04:58:192] Path of length 48 found: [0, 9, 18, 27, 36, 37, 46, 55, 54, 63, 72, 73, 74, 75, 66, 57, 48, 49, 40, 31, 30, 29, 20, 11, 12, 13, 14, 5, 6, 7, 8, 17, 26, 25, 24, 33, 42, 43, 44, 53, 62, 61, 60, 59, 68, 77, 78, 79, 80]
[00:00:04:58:951] ! Bidirectional. expansions: 15,497, time: 298,192 [ms], path length: 48 [edges], g_F: 24, g_B: 24, generated: 0, MM: 0, MMPER: -1.0%
[00:00:04:58:951] 
---------- SM_Grids/9x9_grid_with_random_blocks_8per_1 ----------
[00:00:03:39:636] Path of length 44 found: [0, 9, 18, 27, 36, 45, 46, 47, 48, 57, 66, 75, 76, 77, 68, 69, 60, 51, 50, 41, 40, 31, 30, 29, 20, 11, 2, 3, 4, 13, 14, 15, 6, 7, 8, 17, 26, 25, 34, 43, 44, 53, 62, 71, 80]
[00:00:03:39:637] ! Unidirectional s-t. expansions: 7,586, time: 219,636 [ms], path length: 44 [edges], generated: 143,783
[00:00:04:55:701] Path of length 44 found: [80, 71, 62, 53, 44, 35, 26, 17, 8, 7, 6, 5, 4, 3, 2, 11, 20, 29, 30, 31, 22, 23, 24, 33, 42, 41, 50, 59, 60, 69, 78, 77, 76, 67, 66, 57, 48, 47, 46, 37, 36, 27, 18, 9, 0]
[00:00:04:55:702] ! Unidirectional t-s. expansions: 9,543, time: 295,702 [ms], path length: 44 [edges], generated: 171,221
[00:00:02:38:994] Path of length 44 found: [0, 9, 18, 27, 36, 45, 46, 47, 48, 57, 66, 75, 76, 77, 78, 69, 60, 59, 50, 41, 42, 33, 24, 23, 22, 31, 30, 29, 20, 11, 2, 3, 4, 5, 6, 7, 8, 17, 26, 35, 44, 53, 62, 71, 80]
[00:00:02:39:708] ! Bidirectional. expansions: 5,573, time: 158,994 [ms], path length: 44 [edges], g_F: 22, g_B: 22, generated: 0, MM: 0, MMPER: -1.0%
[00:00:02:39:709] 
---------- SM_Grids/9x9_grid_with_random_blocks_8per_2 ----------
[00:00:03:27:482] Path of length 48 found: [0, 9, 18, 27, 36, 37, 38, 39, 48, 57, 56, 55, 54, 63, 72, 73, 74, 75, 76, 67, 68, 59, 50, 51, 42, 33, 32, 31, 22, 21, 20, 11, 2, 3, 4, 5, 6, 7, 16, 25, 26, 35, 44, 53, 62, 61, 70, 79, 80]
[00:00:03:27:483] ! Unidirectional s-t. expansions: 7,261, time: 207,482 [ms], path length: 48 [edges], generated: 123,398
[00:00:05:00:872] Valid states checked so far: 200,000, Expansions: 21,924, Global best: 49
[00:00:06:00:777] Path of length 48 found: [80, 71, 70, 69, 78, 77, 76, 67, 58, 49, 48, 47, 56, 65, 74, 73, 72, 63, 54, 45, 36, 27, 28, 29, 30, 21, 22, 23, 32, 41, 42, 51, 52, 53, 44, 35, 26, 25, 16, 7, 6, 5, 4, 3, 2, 11, 10, 9, 0]
[00:00:06:00:778] ! Unidirectional t-s. expansions: 23,204, time: 360,777 [ms], path length: 48 [edges], generated: 231,474
[00:00:04:05:509] Path of length 48 found: [0, 9, 10, 11, 2, 3, 4, 5, 6, 7, 16, 25, 34, 35, 44, 53, 52, 51, 42, 41, 32, 23, 22, 21, 30, 29, 28, 27, 36, 45, 54, 63, 72, 73, 74, 65, 56, 47, 48, 49, 58, 67, 76, 77, 78, 69, 70, 71, 80]
[00:00:04:06:252] ! Bidirectional. expansions: 9,202, time: 245,509 [ms], path length: 48 [edges], g_F: 24, g_B: 24, generated: 0, MM: 0, MMPER: -1.0%
[00:00:04:06:252] 
---------- SM_Grids/9x9_grid_with_random_blocks_8per_3 ----------
[00:00:04:58:436] Valid states checked so far: 200,000, Expansions: 12,432, Global best: 47
[00:00:08:40:967] Path of length 46 found: [0, 1, 2, 3, 12, 13, 14, 5, 6, 7, 16, 25, 24, 33, 32, 31, 30, 29, 20, 19, 18, 27, 36, 45, 54, 63, 72, 73, 74, 65, 56, 47, 48, 49, 58, 67, 76, 77, 78, 69, 60, 51, 52, 53, 62, 71, 80]
[00:00:08:40:968] ! Unidirectional s-t. expansions: 19,308, time: 520,967 [ms], path length: 46 [edges], generated: 333,002
[00:00:04:36:185] Valid states checked so far: 200,000, Expansions: 11,743, Global best: 47
[00:00:08:03:011] Path of length 46 found: [80, 71, 70, 69, 78, 77, 76, 75, 74, 73, 72, 63, 54, 55, 46, 37, 36, 27, 18, 19, 20, 29, 30, 39, 48, 57, 58, 59, 50, 51, 52, 53, 44, 35, 34, 25, 16, 7, 6, 5, 14, 13, 12, 3, 2, 1, 0]
[00:00:08:03:012] ! Unidirectional t-s. expansions: 18,955, time: 483,011 [ms], path length: 46 [edges], generated: 337,804
[00:00:06:41:442] Path of length 46 found: [0, 1, 2, 3, 12, 13, 14, 5, 6, 7, 16, 25, 34, 35, 44, 53, 52, 51, 50, 59, 58, 57, 48, 39, 30, 29, 20, 19, 18, 27, 36, 37, 46, 55, 54, 63, 72, 73, 74, 75, 76, 77, 78, 69, 70, 71, 80]
[00:00:06:42:154] ! Bidirectional. expansions: 20,024, time: 401,442 [ms], path length: 46 [edges], g_F: 23, g_B: 23, generated: 0, MM: 0, MMPER: -1.0%
[00:00:06:42:155] 
---------- SM_Grids/9x9_grid_with_random_blocks_8per_4 ----------
[00:00:02:47:497] Path of length 48 found: [0, 1, 2, 3, 12, 21, 20, 19, 18, 27, 36, 37, 38, 47, 56, 55, 54, 63, 72, 73, 74, 75, 76, 77, 78, 69, 60, 59, 58, 49, 40, 41, 42, 33, 24, 23, 14, 5, 6, 7, 16, 17, 26, 35, 44, 53, 62, 71, 80]
[00:00:02:47:497] ! Unidirectional s-t. expansions: 4,489, time: 167,497 [ms], path length: 48 [edges], generated: 94,708
[00:00:02:15:537] Path of length 48 found: [80, 71, 62, 53, 44, 35, 26, 17, 8, 7, 6, 5, 14, 23, 32, 33, 42, 51, 60, 69, 68, 77, 76, 75, 74, 73, 72, 63, 54, 55, 56, 57, 58, 49, 40, 39, 38, 37, 36, 27, 18, 19, 20, 21, 12, 3, 2, 1, 0]
[00:00:02:15:538] ! Unidirectional t-s. expansions: 3,695, time: 135,537 [ms], path length: 48 [edges], generated: 80,595
[00:00:02:55:004] Path of length 48 found: [0, 1, 2, 3, 12, 21, 20, 19, 18, 27, 36, 37, 38, 39, 48, 57, 56, 55, 54, 63, 72, 73, 74, 75, 76, 67, 68, 69, 60, 51, 50, 41, 32, 23, 14, 5, 6, 7, 8, 17, 26, 25, 34, 43, 44, 53, 62, 71, 80]
[00:00:02:55:729] ! Bidirectional. expansions: 8,132, time: 175,004 [ms], path length: 48 [edges], g_F: 24, g_B: 24, generated: 0, MM: 0, MMPER: -1.0%
[00:00:02:55:729] 
---------- SM_Grids/9x9_grid_with_random_blocks_8per_5 ----------
[00:00:01:57:388] Path of length 48 found: [0, 9, 18, 27, 28, 37, 46, 45, 54, 63, 64, 65, 74, 75, 76, 77, 68, 59, 58, 57, 48, 39, 40, 41, 42, 33, 24, 23, 22, 21, 20, 11, 2, 3, 4, 5, 6, 7, 16, 17, 26, 35, 44, 53, 52, 61, 70, 79, 80]
[00:00:01:57:389] ! Unidirectional s-t. expansions: 7,508, time: 117,388 [ms], path length: 48 [edges], generated: 77,291
[00:00:02:10:220] Path of length 48 found: [80, 79, 70, 61, 62, 53, 44, 35, 26, 17, 8, 7, 6, 5, 4, 3, 2, 11, 20, 21, 22, 23, 24, 33, 42, 41, 40, 39, 48, 57, 58, 59, 68, 77, 76, 75, 74, 65, 64, 63, 54, 45, 46, 37, 28, 27, 18, 9, 0]
[00:00:02:10:221] ! Unidirectional t-s. expansions: 2,921, time: 130,220 [ms], path length: 48 [edges], generated: 68,064
[00:00:03:04:398] Path of length 48 found: [0, 9, 18, 27, 28, 37, 46, 45, 54, 63, 64, 65, 74, 75, 76, 77, 68, 59, 58, 57, 48, 39, 40, 41, 42, 33, 24, 23, 22, 21, 20, 11, 2, 3, 4, 5, 6, 7, 8, 17, 26, 35, 44, 53, 52, 61, 70, 71, 80]
[00:00:03:05:099] ! Bidirectional. expansions: 7,094, time: 184,399 [ms], path length: 48 [edges], g_F: 24, g_B: 24, generated: 0, MM: 0, MMPER: -1.0%
[00:00:03:05:100] 
---------- SM_Grids/9x9_grid_with_random_blocks_8per_6 ----------
[00:00:03:29:784] Path of length 48 found: [0, 9, 18, 27, 36, 37, 38, 29, 20, 11, 2, 3, 4, 13, 22, 23, 24, 15, 6, 7, 8, 17, 26, 35, 34, 43, 42, 41, 40, 49, 48, 57, 56, 55, 54, 63, 72, 73, 74, 75, 76, 67, 68, 59, 60, 61, 70, 79, 80]
[00:00:03:29:785] ! Unidirectional s-t. expansions: 8,025, time: 209,785 [ms], path length: 48 [edges], generated: 129,836
[00:00:03:20:013] Path of length 48 found: [80, 79, 78, 69, 60, 61, 62, 53, 44, 35, 26, 17, 8, 7, 6, 15, 14, 13, 4, 3, 2, 11, 20, 21, 30, 31, 32, 41, 50, 49, 58, 67, 66, 75, 74, 73, 72, 63, 54, 55, 56, 47, 38, 37, 28, 27, 18, 9, 0]
[00:00:03:20:013] ! Unidirectional t-s. expansions: 4,614, time: 200,013 [ms], path length: 48 [edges], generated: 107,127
[00:00:03:47:116] Path of length 48 found: [0, 9, 18, 27, 36, 37, 38, 29, 20, 11, 2, 3, 4, 13, 22, 23, 24, 15, 6, 7, 8, 17, 26, 35, 34, 43, 42, 41, 40, 49, 48, 57, 56, 55, 54, 63, 72, 73, 74, 75, 76, 67, 68, 59, 60, 61, 70, 79, 80]
[00:00:03:47:806] ! Bidirectional. expansions: 11,081, time: 227,116 [ms], path length: 48 [edges], g_F: 24, g_B: 24, generated: 0, MM: 0, MMPER: -1.0%
[00:00:03:47:806] 
---------- SM_Grids/9x9_grid_with_random_blocks_8per_7 ----------
[00:00:05:51:933] Valid states checked so far: 200,000, Expansions: 9,621, Global best: 49
[00:00:07:18:204] Path of length 48 found: [0, 9, 10, 11, 2, 3, 4, 13, 14, 15, 6, 7, 8, 17, 26, 25, 34, 43, 44, 53, 62, 61, 60, 51, 50, 41, 32, 31, 30, 29, 28, 27, 36, 45, 54, 63, 72, 73, 74, 65, 56, 57, 58, 67, 76, 77, 78, 79, 80]
[00:00:07:18:205] ! Unidirectional s-t. expansions: 11,814, time: 438,204 [ms], path length: 48 [edges], generated: 247,101
[00:00:04:06:589] Valid states checked so far: 200,000, Expansions: 24,003, Global best: 47
[00:00:05:55:963] Path of length 48 found: [80, 79, 78, 77, 68, 67, 58, 57, 56, 65, 74, 73, 72, 63, 54, 45, 46, 37, 38, 29, 30, 31, 40, 41, 50, 51, 60, 61, 62, 53, 44, 43, 34, 25, 26, 17, 8, 7, 6, 15, 14, 13, 4, 3, 2, 11, 10, 9, 0]
[00:00:05:55:966] ! Unidirectional t-s. expansions: 27,512, time: 355,964 [ms], path length: 48 [edges], generated: 258,270
[00:00:06:26:683] Path of length 48 found: [0, 9, 10, 11, 2, 3, 4, 13, 14, 15, 6, 7, 8, 17, 26, 25, 34, 43, 44, 53, 62, 61, 60, 51, 50, 41, 40, 39, 38, 29, 28, 27, 36, 45, 54, 63, 72, 73, 74, 65, 56, 57, 58, 67, 68, 77, 78, 79, 80]
[00:00:06:27:503] ! Bidirectional. expansions: 17,358, time: 386,684 [ms], path length: 48 [edges], g_F: 24, g_B: 24, generated: 0, MM: 0, MMPER: -1.0%
[00:00:06:27:503] 
---------- SM_Grids/9x9_grid_with_random_blocks_8per_8 ----------
[00:00:01:07:170] Path of length 50 found: [0, 1, 2, 3, 4, 13, 22, 23, 24, 15, 6, 7, 8, 17, 26, 35, 34, 43, 42, 41, 50, 49, 48, 39, 30, 29, 20, 19, 18, 27, 36, 37, 46, 55, 54, 63, 72, 73, 74, 65, 66, 67, 76, 77, 78, 69, 60, 61, 62, 71, 80]
[00:00:01:07:171] ! Unidirectional s-t. expansions: 1,727, time: 67,170 [ms], path length: 50 [edges], generated: 32,804
[00:00:00:54:445] Path of length 50 found: [80, 71, 62, 53, 52, 43, 34, 35, 26, 17, 8, 7, 6, 15, 24, 23, 22, 13, 4, 3, 2, 11, 20, 29, 30, 39, 48, 49, 50, 59, 60, 69, 78, 77, 76, 67, 66, 65, 74, 73, 72, 63, 54, 55, 46, 37, 36, 27, 18, 9, 0]
[00:00:00:54:446] ! Unidirectional t-s. expansions: 1,385, time: 54,445 [ms], path length: 50 [edges], generated: 24,672
[00:00:00:58:305] Path of length 50 found: [0, 1, 2, 11, 20, 19, 18, 27, 36, 37, 46, 55, 54, 63, 72, 73, 74, 65, 66, 67, 76, 77, 78, 69, 60, 59, 50, 49, 48, 39, 30, 31, 22, 13, 4, 5, 6, 7, 8, 17, 26, 25, 24, 33, 42, 43, 52, 53, 62, 71, 80]
[00:00:00:58:985] ! Bidirectional. expansions: 1,604, time: 58,305 [ms], path length: 50 [edges], g_F: 25, g_B: 25, generated: 0, MM: 0, MMPER: -1.0%
[00:00:00:58:985] 
---------- SM_Grids/9x9_grid_with_random_blocks_8per_9 ----------
[00:00:05:57:964] Valid states checked so far: 200,000, Expansions: 9,657, Global best: 47
[00:00:07:12:123] Path of length 46 found: [0, 1, 2, 3, 12, 13, 14, 5, 6, 7, 8, 17, 26, 25, 24, 33, 32, 31, 40, 49, 48, 47, 38, 29, 20, 19, 18, 27, 36, 45, 54, 55, 64, 73, 74, 75, 66, 67, 68, 59, 60, 51, 52, 53, 62, 71, 80]
[00:00:07:12:125] ! Unidirectional s-t. expansions: 11,382, time: 432,124 [ms], path length: 46 [edges], generated: 240,090
[00:00:02:05:430] Path of length 46 found: [80, 71, 62, 53, 52, 51, 60, 59, 68, 67, 66, 75, 74, 73, 64, 55, 54, 45, 36, 27, 18, 19, 20, 29, 38, 47, 48, 49, 40, 31, 22, 23, 24, 33, 34, 35, 26, 17, 8, 7, 6, 5, 4, 3, 2, 1, 0]
[00:00:02:05:431] ! Unidirectional t-s. expansions: 3,067, time: 125,430 [ms], path length: 46 [edges], generated: 71,868
[00:00:02:10:689] Path of length 46 found: [0, 9, 18, 19, 20, 11, 2, 3, 4, 5, 6, 7, 8, 17, 26, 35, 44, 53, 52, 51, 42, 33, 24, 23, 22, 31, 30, 39, 38, 37, 36, 45, 54, 55, 64, 73, 74, 75, 66, 57, 58, 59, 68, 77, 78, 79, 80]
[00:00:02:11:412] ! Bidirectional. expansions: 4,828, time: 130,689 [ms], path length: 46 [edges], g_F: 23, g_B: 23, generated: 0, MM: 0, MMPER: -1.0%

[00:00:02:11:413] average expansions: (8,518, 10,490, 10,039, 0)
[00:00:02:11:413] average time: (257,501, 241,571, 226,633, 0)
[00:00:02:11:413] XDFBnB: 8,518 , 241,571 (expansions , time[ms])
[00:00:02:11:413] BiXDFBnB: 10,039 , 226,633 (expansions , time[ms])

