------------------------------------
Thu 01 Oct 2026 12:59:36 IDT
SLURM_JOBID:		21944807
SLURM_JOB_NODELIST:	ise-cpu256-01
SLURM_SCRATCH_DIR:	/scratch/shubit/21944807
Allocated Resouces:	cpu - 2 / mem - 61440 MB / gpu - 
SLURM_GPU_INDEX:	
Running as shubit from shimony account with normal QOS
------------------------------------
Thu 01 Oct 2026 12:59:36 IDT

SLURM_JOBID:		 21944807
SLURM_JOB_NODELIST:	 ise-cpu256-01 

--------------------------
date: SM_Grids
number_of_graphs: 10
graph_type: grid
size_of_graphs: [9, 9]
heuristic: bcc_heuristic
snake: True
run_uni: True
run_bi: True
run_multi: False
solution_vertices: []
algorithms: ['IDA']
lookahead: -2
bsd: False
cube_first_dims: 4
cube_buffer_dim: None
backward_sym_generation: False
sym_coil: False
prefix_set: None

---------- SM_Grids/9x9_grid_with_random_blocks_20per_0 ----------
[00:00:00:50:149] Path of length 34 found: [0, 9, 18, 27, 28, 37, 46, 45, 54, 63, 64, 65, 56, 57, 48, 49, 50, 41, 32, 31, 30, 21, 12, 13, 14, 15, 24, 25, 34, 43, 52, 61, 70, 71, 80]
[00:00:00:50:149] ! Unidirectional s-t. expansions: 9,922, time: 50,149 [ms], path length: 34 [edges], generated: 18,537
[00:00:01:26:608] Path of length 34 found: [80, 71, 62, 53, 52, 51, 42, 33, 34, 25, 16, 15, 14, 13, 12, 21, 30, 31, 40, 49, 58, 57, 56, 65, 64, 63, 54, 45, 46, 37, 28, 19, 10, 9, 0]
[00:00:01:26:608] ! Unidirectional t-s. expansions: 17,364, time: 86,608 [ms], path length: 34 [edges], generated: 31,554
[00:00:01:14:297] Path of length 34 found: [0, 9, 18, 27, 28, 37, 46, 45, 54, 63, 64, 65, 56, 57, 58, 49, 50, 41, 32, 31, 30, 21, 12, 13, 14, 15, 16, 25, 34, 43, 52, 53, 62, 71, 80]
[00:00:01:14:901] ! Bidirectional. expansions: 14,845, time: 74,297 [ms], path length: 34 [edges], g_F: 12, g_B: 22, generated: 0, MM: 10, MMPER: 27.571428571428573%
[00:00:01:14:901] 
---------- SM_Grids/9x9_grid_with_random_blocks_20per_1 ----------
[00:00:00:12:882] Path of length 30 found: [0, 9, 18, 27, 28, 37, 38, 39, 40, 31, 22, 21, 12, 3, 4, 5, 14, 15, 16, 25, 26, 35, 44, 43, 42, 51, 60, 61, 62, 71, 80]
[00:00:00:12:883] ! Unidirectional s-t. expansions: 2,287, time: 12,882 [ms], path length: 30 [edges], generated: 4,090
[00:00:00:20:056] Path of length 30 found: [80, 71, 62, 61, 60, 51, 42, 43, 44, 35, 26, 25, 16, 7, 6, 5, 4, 3, 12, 21, 22, 31, 40, 39, 38, 29, 28, 27, 18, 9, 0]
[00:00:00:20:056] ! Unidirectional t-s. expansions: 3,747, time: 20,056 [ms], path length: 30 [edges], generated: 6,856
[00:00:00:11:050] Path of length 30 found: [0, 9, 18, 27, 28, 37, 38, 39, 40, 31, 22, 21, 12, 3, 4, 5, 6, 7, 16, 25, 26, 35, 44, 43, 42, 51, 60, 61, 62, 71, 80]
[00:00:00:11:670] ! Bidirectional. expansions: 2,107, time: 11,050 [ms], path length: 30 [edges], g_F: 8, g_B: 22, generated: 0, MM: 14, MMPER: 44.16129032258065%
[00:00:00:11:670] 
---------- SM_Grids/9x9_grid_with_random_blocks_20per_2 ----------
[00:00:00:25:025] Path of length 34 found: [0, 9, 10, 19, 20, 21, 30, 31, 32, 23, 14, 5, 6, 7, 16, 25, 26, 35, 44, 43, 42, 51, 60, 59, 58, 57, 56, 65, 74, 75, 76, 77, 78, 79, 80]
[00:00:00:25:025] ! Unidirectional s-t. expansions: 4,532, time: 25,025 [ms], path length: 34 [edges], generated: 8,190
[00:00:00:21:857] Path of length 34 found: [80, 79, 78, 77, 76, 75, 74, 65, 56, 57, 58, 59, 60, 51, 42, 43, 44, 35, 26, 25, 16, 7, 6, 5, 14, 23, 32, 31, 30, 21, 20, 19, 10, 9, 0]
[00:00:00:21:858] ! Unidirectional t-s. expansions: 3,562, time: 21,857 [ms], path length: 34 [edges], generated: 6,362
[00:00:00:08:058] Path of length 34 found: [0, 9, 10, 19, 20, 21, 30, 31, 32, 23, 14, 5, 6, 7, 16, 25, 26, 35, 44, 43, 42, 51, 60, 59, 58, 57, 56, 65, 74, 75, 76, 77, 78, 79, 80]
[00:00:00:08:674] ! Bidirectional. expansions: 1,247, time: 8,058 [ms], path length: 34 [edges], g_F: 20, g_B: 14, generated: 0, MM: 6, MMPER: 16.142857142857142%
[00:00:00:08:674] 
---------- SM_Grids/9x9_grid_with_random_blocks_20per_3 ----------
[00:00:00:18:916] Path of length 38 found: [0, 9, 10, 11, 2, 3, 4, 13, 14, 15, 16, 17, 26, 35, 34, 33, 32, 41, 40, 39, 30, 29, 28, 27, 36, 45, 54, 55, 56, 57, 66, 67, 68, 59, 60, 61, 70, 79, 80]
[00:00:00:18:916] ! Unidirectional s-t. expansions: 3,989, time: 18,916 [ms], path length: 38 [edges], generated: 6,781
[00:00:00:10:857] Path of length 38 found: [80, 79, 70, 61, 60, 59, 68, 67, 66, 57, 56, 55, 46, 45, 36, 27, 28, 29, 38, 39, 40, 41, 32, 33, 34, 35, 26, 17, 16, 15, 14, 5, 4, 3, 2, 11, 10, 9, 0]
[00:00:00:10:857] ! Unidirectional t-s. expansions: 1,892, time: 10,857 [ms], path length: 38 [edges], generated: 3,306
[00:00:00:16:963] Path of length 38 found: [0, 9, 10, 11, 2, 3, 4, 13, 14, 15, 16, 17, 26, 35, 34, 33, 32, 41, 40, 39, 30, 29, 28, 27, 36, 45, 54, 55, 56, 57, 66, 67, 68, 59, 60, 61, 70, 79, 80]
[00:00:00:17:529] ! Bidirectional. expansions: 3,554, time: 16,963 [ms], path length: 38 [edges], g_F: 35, g_B: 3, generated: 0, MM: 32, MMPER: 81.05128205128206%
[00:00:00:17:529] 
---------- SM_Grids/9x9_grid_with_random_blocks_20per_4 ----------
[00:00:00:10:953] Path of length 36 found: [0, 9, 10, 19, 28, 37, 36, 45, 54, 63, 64, 65, 56, 47, 48, 49, 40, 31, 30, 21, 12, 3, 4, 5, 14, 15, 16, 25, 34, 43, 42, 51, 60, 69, 70, 79, 80]
[00:00:00:10:953] ! Unidirectional s-t. expansions: 2,432, time: 10,953 [ms], path length: 36 [edges], generated: 3,765
[00:00:00:06:921] Path of length 36 found: [80, 71, 62, 61, 60, 51, 42, 43, 34, 25, 16, 15, 6, 5, 4, 3, 12, 21, 30, 31, 40, 49, 48, 47, 56, 65, 64, 63, 54, 45, 36, 37, 28, 19, 10, 1, 0]
[00:00:00:06:922] ! Unidirectional t-s. expansions: 1,301, time: 6,921 [ms], path length: 36 [edges], generated: 2,275
[00:00:00:17:023] Path of length 36 found: [0, 9, 10, 19, 28, 37, 36, 45, 54, 63, 64, 65, 56, 47, 48, 49, 40, 31, 30, 21, 12, 3, 4, 5, 14, 15, 16, 25, 34, 43, 42, 51, 60, 61, 70, 71, 80]
[00:00:00:17:647] ! Bidirectional. expansions: 3,653, time: 17,023 [ms], path length: 36 [edges], g_F: 33, g_B: 3, generated: 0, MM: 30, MMPER: 80.08108108108108%
[00:00:00:17:647] 
---------- SM_Grids/9x9_grid_with_random_blocks_20per_5 ----------
[00:00:00:33:821] Path of length 34 found: [0, 1, 10, 19, 28, 29, 38, 47, 56, 65, 66, 67, 58, 59, 50, 41, 32, 31, 22, 13, 14, 15, 6, 7, 8, 17, 26, 25, 34, 43, 52, 61, 70, 79, 80]
[00:00:00:33:821] ! Unidirectional s-t. expansions: 6,849, time: 33,821 [ms], path length: 34 [edges], generated: 11,620
[00:00:00:35:380] Path of length 34 found: [80, 71, 62, 61, 52, 43, 44, 35, 26, 17, 8, 7, 6, 15, 24, 33, 32, 41, 50, 59, 58, 67, 66, 65, 56, 47, 48, 39, 30, 21, 20, 19, 10, 1, 0]
[00:00:00:35:380] ! Unidirectional t-s. expansions: 7,335, time: 35,380 [ms], path length: 34 [edges], generated: 12,194
[00:00:00:44:717] Path of length 34 found: [0, 1, 10, 19, 28, 29, 38, 39, 48, 57, 66, 67, 68, 59, 50, 41, 32, 31, 22, 13, 14, 15, 6, 7, 8, 17, 26, 25, 34, 43, 52, 61, 62, 71, 80]
[00:00:00:45:288] ! Bidirectional. expansions: 9,047, time: 44,717 [ms], path length: 34 [edges], g_F: 29, g_B: 5, generated: 0, MM: 24, MMPER: 67.57142857142857%
[00:00:00:45:288] 
---------- SM_Grids/9x9_grid_with_random_blocks_20per_6 ----------
[00:00:00:05:178] Path of length 18 found: [0, 9, 18, 27, 28, 29, 38, 39, 40, 41, 50, 59, 58, 67, 76, 77, 78, 79, 80]
[00:00:00:05:178] ! Unidirectional s-t. expansions: 887, time: 5,178 [ms], path length: 18 [edges], generated: 1,564
[00:00:00:07:942] Path of length 18 found: [80, 79, 78, 77, 76, 67, 58, 59, 50, 41, 40, 39, 30, 29, 28, 27, 18, 9, 0]
[00:00:00:07:943] ! Unidirectional t-s. expansions: 1,691, time: 7,942 [ms], path length: 18 [edges], generated: 2,716
[00:00:00:22:987] Path of length 18 found: [0, 9, 18, 27, 28, 29, 38, 39, 40, 41, 50, 59, 58, 67, 76, 77, 78, 79, 80]
[00:00:00:23:611] ! Bidirectional. expansions: 7,041, time: 22,987 [ms], path length: 18 [edges], g_F: 12, g_B: 6, generated: 0, MM: 6, MMPER: 30.57894736842105%
[00:00:00:23:611] 
---------- SM_Grids/9x9_grid_with_random_blocks_20per_7 ----------
[00:00:02:13:102] Path of length 28 found: [0, 9, 10, 11, 20, 21, 30, 31, 40, 49, 48, 47, 38, 37, 36, 45, 54, 63, 64, 65, 66, 67, 68, 59, 60, 61, 70, 79, 80]
[00:00:02:13:102] ! Unidirectional s-t. expansions: 29,036, time: 133,102 [ms], path length: 28 [edges], generated: 48,326
[00:00:00:10:009] Path of length 28 found: [80, 71, 62, 61, 60, 59, 68, 67, 66, 65, 64, 63, 54, 45, 46, 47, 48, 39, 40, 31, 22, 21, 20, 29, 28, 27, 18, 9, 0]
[00:00:00:10:009] ! Unidirectional t-s. expansions: 1,753, time: 10,009 [ms], path length: 28 [edges], generated: 3,184
[00:00:00:54:070] Path of length 28 found: [0, 9, 10, 11, 20, 21, 30, 31, 40, 49, 48, 47, 38, 37, 36, 45, 54, 63, 64, 65, 66, 67, 68, 59, 60, 61, 62, 71, 80]
[00:00:00:54:663] ! Bidirectional. expansions: 10,084, time: 54,070 [ms], path length: 28 [edges], g_F: 23, g_B: 5, generated: 0, MM: 18, MMPER: 61.06896551724138%
[00:00:00:54:663] 
---------- SM_Grids/9x9_grid_with_random_blocks_20per_8 ----------
[00:00:00:27:905] Path of length 38 found: [0, 9, 18, 27, 28, 29, 20, 21, 12, 3, 4, 5, 14, 15, 16, 17, 26, 35, 34, 43, 52, 61, 60, 59, 50, 49, 48, 47, 46, 55, 64, 65, 66, 75, 76, 77, 78, 79, 80]
[00:00:00:27:905] ! Unidirectional s-t. expansions: 5,311, time: 27,905 [ms], path length: 38 [edges], generated: 9,133
[00:00:00:34:929] Path of length 38 found: [80, 79, 78, 77, 76, 75, 66, 65, 64, 55, 46, 47, 48, 49, 58, 59, 60, 51, 52, 53, 44, 35, 26, 17, 16, 15, 14, 5, 4, 3, 12, 21, 20, 29, 28, 27, 18, 9, 0]
[00:00:00:34:929] ! Unidirectional t-s. expansions: 7,622, time: 34,929 [ms], path length: 38 [edges], generated: 12,432
[00:00:00:39:713] Path of length 38 found: [0, 9, 18, 27, 28, 29, 30, 21, 12, 3, 4, 5, 14, 15, 16, 17, 26, 35, 34, 43, 52, 51, 60, 59, 58, 49, 48, 47, 46, 55, 64, 65, 66, 75, 76, 77, 78, 79, 80]
[00:00:00:40:281] ! Bidirectional. expansions: 8,041, time: 39,713 [ms], path length: 38 [edges], g_F: 30, g_B: 8, generated: 0, MM: 22, MMPER: 55.41025641025641%
[00:00:00:40:281] 
---------- SM_Grids/9x9_grid_with_random_blocks_20per_9 ----------
[00:00:00:30:890] Path of length 34 found: [0, 9, 18, 27, 36, 37, 46, 55, 54, 63, 72, 73, 74, 75, 76, 67, 58, 49, 48, 39, 30, 21, 22, 23, 24, 25, 34, 43, 42, 51, 60, 69, 70, 71, 80]
[00:00:00:30:891] ! Unidirectional s-t. expansions: 6,457, time: 30,890 [ms], path length: 34 [edges], generated: 10,891
[00:00:00:10:547] Path of length 34 found: [80, 71, 70, 69, 60, 51, 52, 43, 34, 25, 24, 23, 22, 21, 30, 39, 40, 49, 58, 67, 76, 75, 74, 73, 72, 63, 54, 55, 46, 37, 36, 27, 18, 9, 0]
[00:00:00:10:548] ! Unidirectional t-s. expansions: 2,751, time: 10,547 [ms], path length: 34 [edges], generated: 4,140
[00:00:00:36:608] Path of length 34 found: [0, 9, 18, 27, 36, 37, 46, 55, 54, 63, 72, 73, 74, 75, 76, 67, 58, 57, 48, 39, 30, 21, 22, 23, 24, 25, 34, 43, 52, 51, 60, 69, 70, 71, 80]
[00:00:00:37:178] ! Bidirectional. expansions: 9,351, time: 36,608 [ms], path length: 34 [edges], g_F: 25, g_B: 9, generated: 0, MM: 16, MMPER: 44.714285714285715%

[00:00:00:37:178] average expansions: (7,170, 4,902, 6,897, 0)
[00:00:00:37:178] average time: (34,882, 24,511, 32,549, 0)
[00:00:00:37:178] XIDA: 4,902 , 24,511 (expansions , time[ms])
[00:00:00:37:178] BiXIDA: 6,897 , 32,549 (expansions , time[ms])

