------------------------------------
Thu 01 Oct 2026 11:15:32 IDT
SLURM_JOBID:		21943078
SLURM_JOB_NODELIST:	ise-cpu256-08
SLURM_SCRATCH_DIR:	/scratch/shubit/21943078
Allocated Resouces:	cpu - 2 / mem - 61440 MB / gpu - 
SLURM_GPU_INDEX:	
Running as shubit from shimony account with normal QOS
------------------------------------
Thu 01 Oct 2026 11:15:32 IDT

SLURM_JOBID:		 21943078
SLURM_JOB_NODELIST:	 ise-cpu256-08 

--------------------------
date: SM_Grids
number_of_graphs: 10
graph_type: grid
size_of_graphs: [9, 9]
heuristic: bcc_heuristic
snake: True
run_uni: True
run_bi: True
run_multi: False
solution_vertices: []
algorithms: ['A']
lookahead: -1
bsd: False
cube_first_dims: 4
cube_buffer_dim: None
backward_sym_generation: False
sym_coil: False
prefix_set: None

---------- SM_Grids/9x9_grid_with_random_blocks_16per_0 ----------
[00:00:00:15:564] Path of length 40 found: [0, 1, 10, 19, 28, 37, 46, 45, 54, 63, 72, 73, 74, 65, 56, 57, 58, 59, 60, 51, 42, 41, 40, 39, 30, 21, 12, 3, 4, 5, 14, 23, 24, 25, 26, 35, 44, 53, 62, 71, 80]
[00:00:00:15:564] ! Unidirectional s-t. expansions: 3,047, time: 15,564 [ms], path length: 40 [edges], generated: 4,856
[00:00:00:46:906] Expansion 10,000: state None, f=41, g=31
[00:00:00:56:461] Path of length 40 found: [80, 71, 62, 61, 60, 59, 58, 67, 66, 75, 74, 73, 72, 63, 54, 55, 56, 47, 48, 39, 40, 41, 42, 43, 44, 35, 26, 25, 24, 23, 14, 5, 4, 3, 12, 21, 20, 19, 10, 1, 0]
[00:00:00:56:462] ! Unidirectional t-s. expansions: 12,105, time: 56,462 [ms], path length: 40 [edges], generated: 20,337
[00:00:00:23:529] Path of length 40 found: [0, 1, 2, 3, 4, 13, 14, 23, 24, 25, 26, 35, 44, 43, 42, 41, 40, 39, 30, 21, 20, 19, 28, 37, 46, 45, 54, 63, 72, 73, 74, 75, 66, 67, 68, 59, 60, 61, 70, 79, 80]
[00:00:00:24:117] ! Bidirectional. expansions: 6,549, time: 23,529 [ms], path length: 40 [edges], g_F: 21, g_B: 19, generated: 0, MM: 2, MMPER: 3.8780487804878048%
[00:00:00:24:117] 
---------- SM_Grids/9x9_grid_with_random_blocks_16per_1 ----------
[00:00:00:48:606] Expansion 10,000: state None, f=35, g=28
[00:00:00:56:985] Path of length 34 found: [0, 1, 2, 11, 20, 19, 18, 27, 36, 45, 54, 55, 56, 47, 38, 39, 30, 31, 22, 13, 4, 5, 6, 15, 24, 33, 42, 41, 50, 59, 68, 69, 70, 71, 80]
[00:00:00:56:986] ! Unidirectional s-t. expansions: 11,678, time: 56,985 [ms], path length: 34 [edges], generated: 20,975
[00:00:00:11:544] Path of length 34 found: [80, 71, 62, 53, 44, 43, 42, 51, 50, 49, 48, 47, 56, 55, 54, 45, 36, 27, 18, 19, 20, 29, 30, 31, 32, 23, 24, 15, 6, 5, 4, 3, 2, 1, 0]
[00:00:00:11:545] ! Unidirectional t-s. expansions: 1,814, time: 11,544 [ms], path length: 34 [edges], generated: 3,315
[00:00:00:24:117] Path of length 34 found: [0, 1, 2, 11, 12, 13, 4, 5, 6, 15, 24, 23, 32, 31, 30, 29, 28, 27, 36, 45, 54, 55, 56, 47, 48, 49, 50, 51, 42, 43, 44, 53, 62, 71, 80]
[00:00:00:24:706] ! Bidirectional. expansions: 4,171, time: 24,118 [ms], path length: 34 [edges], g_F: 18, g_B: 16, generated: 0, MM: 2, MMPER: 4.714285714285714%
[00:00:00:24:707] 
---------- SM_Grids/9x9_grid_with_random_blocks_16per_2 ----------
[00:00:00:25:496] Path of length 44 found: [0, 9, 18, 19, 20, 11, 12, 13, 22, 31, 32, 33, 24, 15, 6, 7, 8, 17, 26, 35, 44, 43, 52, 51, 60, 59, 58, 49, 48, 39, 38, 37, 36, 45, 54, 63, 72, 73, 74, 75, 76, 77, 78, 79, 80]
[00:00:00:25:497] ! Unidirectional s-t. expansions: 4,785, time: 25,497 [ms], path length: 44 [edges], generated: 7,937
[00:00:00:20:301] Path of length 44 found: [80, 79, 78, 77, 76, 75, 74, 73, 72, 63, 54, 45, 36, 37, 38, 39, 48, 57, 58, 59, 60, 61, 52, 43, 44, 35, 26, 17, 8, 7, 6, 15, 24, 33, 32, 31, 22, 13, 12, 11, 20, 19, 18, 9, 0]
[00:00:00:20:302] ! Unidirectional t-s. expansions: 3,347, time: 20,301 [ms], path length: 44 [edges], generated: 5,356
[00:00:00:27:159] Path of length 44 found: [0, 9, 18, 19, 20, 11, 12, 13, 22, 31, 32, 33, 24, 15, 6, 7, 8, 17, 26, 35, 44, 43, 52, 51, 60, 59, 58, 57, 48, 39, 38, 37, 36, 45, 54, 63, 72, 73, 74, 75, 76, 77, 78, 79, 80]
[00:00:00:27:740] ! Bidirectional. expansions: 6,323, time: 27,159 [ms], path length: 44 [edges], g_F: 23, g_B: 21, generated: 0, MM: 2, MMPER: 3.4444444444444446%
[00:00:00:27:741] 
---------- SM_Grids/9x9_grid_with_random_blocks_16per_3 ----------
[00:00:00:09:133] Path of length 42 found: [0, 9, 10, 11, 20, 21, 30, 39, 38, 37, 46, 55, 56, 65, 74, 75, 76, 67, 58, 49, 50, 41, 42, 33, 24, 23, 14, 5, 6, 7, 16, 17, 26, 35, 44, 53, 52, 61, 60, 69, 78, 79, 80]
[00:00:00:09:134] ! Unidirectional s-t. expansions: 1,692, time: 9,134 [ms], path length: 42 [edges], generated: 3,108
[00:00:00:13:056] Path of length 42 found: [80, 79, 78, 69, 60, 61, 62, 53, 44, 35, 26, 17, 16, 7, 6, 5, 14, 23, 24, 33, 42, 41, 50, 49, 58, 67, 76, 75, 74, 65, 56, 55, 46, 37, 38, 39, 30, 21, 20, 11, 10, 1, 0]
[00:00:00:13:057] ! Unidirectional t-s. expansions: 2,016, time: 13,056 [ms], path length: 42 [edges], generated: 3,417
[00:00:00:13:169] Path of length 42 found: [0, 9, 10, 11, 20, 21, 30, 39, 38, 37, 46, 55, 56, 65, 74, 75, 76, 67, 58, 49, 50, 41, 42, 33, 24, 23, 14, 5, 6, 7, 16, 17, 26, 35, 44, 53, 62, 61, 60, 69, 78, 79, 80]
[00:00:00:13:750] ! Bidirectional. expansions: 2,767, time: 13,169 [ms], path length: 42 [edges], g_F: 22, g_B: 20, generated: 0, MM: 2, MMPER: 3.6511627906976747%
[00:00:00:13:751] 
---------- SM_Grids/9x9_grid_with_random_blocks_16per_4 ----------
[00:00:00:39:388] Path of length 44 found: [0, 9, 18, 19, 20, 11, 2, 3, 4, 13, 14, 15, 6, 7, 8, 17, 26, 35, 44, 43, 42, 41, 40, 49, 48, 47, 38, 37, 36, 45, 54, 55, 64, 65, 74, 75, 76, 67, 68, 59, 60, 61, 70, 71, 80]
[00:00:00:39:389] ! Unidirectional s-t. expansions: 7,413, time: 39,388 [ms], path length: 44 [edges], generated: 12,147
[00:00:00:34:996] Path of length 44 found: [80, 71, 62, 53, 44, 35, 26, 17, 8, 7, 6, 15, 24, 33, 42, 41, 40, 49, 58, 59, 60, 69, 78, 77, 76, 75, 66, 65, 64, 55, 54, 45, 36, 37, 38, 29, 20, 21, 22, 13, 4, 3, 2, 1, 0]
[00:00:00:34:996] ! Unidirectional t-s. expansions: 6,820, time: 34,996 [ms], path length: 44 [edges], generated: 11,272
[00:00:00:18:944] Path of length 44 found: [0, 1, 2, 3, 4, 13, 22, 21, 20, 19, 18, 27, 36, 45, 54, 55, 64, 65, 74, 75, 76, 77, 78, 69, 60, 59, 58, 49, 40, 41, 42, 33, 24, 15, 6, 7, 8, 17, 26, 35, 44, 53, 62, 71, 80]
[00:00:00:19:518] ! Bidirectional. expansions: 4,011, time: 18,944 [ms], path length: 44 [edges], g_F: 23, g_B: 21, generated: 0, MM: 2, MMPER: 3.4444444444444446%
[00:00:00:19:518] 
---------- SM_Grids/9x9_grid_with_random_blocks_16per_5 ----------
[00:00:00:48:698] Expansion 10,000: state None, f=41, g=34
[00:00:01:10:722] Path of length 40 found: [0, 1, 2, 3, 4, 13, 22, 23, 24, 25, 26, 35, 44, 43, 52, 51, 50, 41, 40, 39, 30, 29, 20, 19, 18, 27, 36, 45, 54, 63, 72, 73, 74, 65, 66, 67, 68, 69, 70, 71, 80]
[00:00:01:10:723] ! Unidirectional s-t. expansions: 14,865, time: 70,722 [ms], path length: 40 [edges], generated: 26,047
[00:00:00:14:439] Path of length 40 found: [80, 71, 70, 69, 68, 67, 66, 65, 74, 73, 72, 63, 54, 45, 36, 27, 18, 19, 20, 29, 38, 47, 48, 49, 50, 51, 52, 53, 44, 35, 26, 25, 24, 23, 22, 13, 4, 3, 2, 1, 0]
[00:00:00:14:440] ! Unidirectional t-s. expansions: 2,920, time: 14,439 [ms], path length: 40 [edges], generated: 4,805
[00:00:00:12:312] Path of length 40 found: [0, 1, 2, 3, 4, 13, 22, 23, 24, 25, 34, 35, 44, 53, 52, 51, 50, 41, 40, 39, 30, 29, 20, 19, 18, 27, 36, 45, 54, 63, 72, 73, 74, 75, 66, 67, 68, 69, 70, 71, 80]
[00:00:00:12:907] ! Bidirectional. expansions: 3,262, time: 12,312 [ms], path length: 40 [edges], g_F: 21, g_B: 19, generated: 0, MM: 2, MMPER: 3.8780487804878048%
[00:00:00:12:908] 
---------- SM_Grids/9x9_grid_with_random_blocks_16per_6 ----------
[00:00:00:08:660] Path of length 46 found: [0, 1, 2, 3, 4, 13, 14, 15, 6, 7, 8, 17, 26, 35, 44, 53, 52, 51, 42, 33, 32, 31, 30, 21, 20, 19, 18, 27, 36, 45, 54, 63, 64, 65, 56, 47, 48, 49, 58, 67, 76, 77, 78, 69, 70, 71, 80]
[00:00:00:08:660] ! Unidirectional s-t. expansions: 1,601, time: 8,660 [ms], path length: 46 [edges], generated: 2,447
[00:00:00:08:779] Path of length 46 found: [80, 71, 70, 69, 78, 77, 76, 67, 58, 49, 48, 47, 56, 65, 64, 63, 54, 45, 36, 27, 18, 19, 20, 21, 30, 31, 32, 41, 42, 51, 52, 53, 44, 35, 26, 17, 8, 7, 6, 15, 14, 13, 4, 3, 2, 1, 0]
[00:00:00:08:781] ! Unidirectional t-s. expansions: 1,554, time: 8,779 [ms], path length: 46 [edges], generated: 2,519
[00:00:00:08:959] Path of length 46 found: [0, 1, 2, 3, 4, 13, 14, 15, 6, 7, 8, 17, 26, 35, 44, 53, 52, 51, 42, 33, 32, 31, 30, 21, 20, 19, 18, 27, 36, 45, 54, 63, 64, 65, 56, 47, 48, 49, 58, 67, 76, 77, 78, 69, 70, 71, 80]
[00:00:00:09:566] ! Bidirectional. expansions: 1,769, time: 8,959 [ms], path length: 46 [edges], g_F: 24, g_B: 22, generated: 0, MM: 2, MMPER: 3.25531914893617%
[00:00:00:09:567] 
---------- SM_Grids/9x9_grid_with_random_blocks_16per_7 ----------
[00:00:00:19:739] Path of length 42 found: [0, 9, 10, 19, 28, 27, 36, 45, 54, 63, 72, 73, 74, 65, 56, 47, 38, 39, 40, 41, 32, 23, 22, 21, 12, 3, 4, 5, 6, 15, 16, 25, 34, 43, 52, 51, 60, 59, 68, 77, 78, 79, 80]
[00:00:00:19:740] ! Unidirectional s-t. expansions: 3,431, time: 19,739 [ms], path length: 42 [edges], generated: 6,451
[00:00:00:27:359] Path of length 42 found: [80, 79, 78, 77, 68, 59, 60, 51, 52, 43, 34, 25, 16, 15, 6, 5, 4, 3, 12, 21, 22, 23, 32, 41, 40, 49, 48, 57, 56, 65, 74, 73, 72, 63, 54, 45, 36, 37, 28, 19, 10, 9, 0]
[00:00:00:27:360] ! Unidirectional t-s. expansions: 4,936, time: 27,360 [ms], path length: 42 [edges], generated: 8,639
[00:00:00:15:696] Path of length 42 found: [0, 9, 10, 11, 2, 3, 4, 5, 6, 15, 16, 25, 34, 43, 52, 51, 50, 41, 32, 23, 22, 21, 30, 29, 28, 27, 36, 45, 54, 63, 72, 73, 74, 65, 56, 57, 58, 67, 68, 77, 78, 79, 80]
[00:00:00:16:265] ! Bidirectional. expansions: 3,124, time: 15,696 [ms], path length: 42 [edges], g_F: 22, g_B: 20, generated: 0, MM: 2, MMPER: 3.6511627906976747%
[00:00:00:16:265] 
---------- SM_Grids/9x9_grid_with_random_blocks_16per_8 ----------
[00:00:00:31:437] Path of length 44 found: [0, 9, 10, 19, 28, 27, 36, 45, 54, 63, 72, 73, 74, 65, 56, 47, 38, 39, 40, 41, 32, 23, 22, 13, 4, 5, 6, 7, 8, 17, 26, 35, 44, 53, 52, 61, 60, 59, 58, 67, 76, 77, 78, 79, 80]
[00:00:00:31:438] ! Unidirectional s-t. expansions: 5,853, time: 31,437 [ms], path length: 44 [edges], generated: 9,443
[00:00:00:06:865] Path of length 44 found: [80, 79, 78, 77, 76, 67, 58, 59, 60, 61, 52, 53, 44, 35, 34, 25, 16, 7, 6, 5, 4, 13, 22, 23, 32, 41, 40, 39, 48, 47, 56, 65, 74, 73, 72, 63, 54, 45, 36, 27, 18, 19, 10, 1, 0]
[00:00:00:06:866] ! Unidirectional t-s. expansions: 1,178, time: 6,865 [ms], path length: 44 [edges], generated: 1,916
[00:00:00:35:605] Path of length 44 found: [0, 9, 10, 19, 28, 27, 36, 45, 54, 63, 72, 73, 74, 65, 56, 47, 38, 39, 40, 41, 32, 23, 22, 13, 4, 5, 6, 7, 16, 25, 34, 35, 44, 53, 52, 61, 60, 59, 58, 67, 76, 77, 78, 79, 80]
[00:00:00:36:179] ! Bidirectional. expansions: 8,588, time: 35,605 [ms], path length: 44 [edges], g_F: 23, g_B: 21, generated: 0, MM: 2, MMPER: 3.4444444444444446%
[00:00:00:36:179] 
---------- SM_Grids/9x9_grid_with_random_blocks_16per_9 ----------
[00:00:00:38:565] Path of length 40 found: [0, 9, 18, 27, 28, 29, 20, 11, 12, 13, 4, 5, 6, 7, 8, 17, 26, 25, 24, 23, 32, 31, 40, 39, 48, 47, 46, 45, 54, 63, 64, 65, 66, 67, 76, 77, 78, 69, 70, 71, 80]
[00:00:00:38:565] ! Unidirectional s-t. expansions: 8,973, time: 38,565 [ms], path length: 40 [edges], generated: 13,571
[00:00:00:45:715] Path of length 40 found: [80, 71, 70, 61, 60, 59, 68, 67, 66, 65, 64, 63, 54, 45, 46, 47, 48, 49, 40, 41, 32, 33, 34, 25, 26, 17, 8, 7, 6, 5, 4, 13, 22, 21, 30, 29, 28, 27, 18, 9, 0]
[00:00:00:45:716] ! Unidirectional t-s. expansions: 9,772, time: 45,715 [ms], path length: 40 [edges], generated: 15,526
[00:00:00:23:301] Path of length 40 found: [0, 9, 18, 27, 28, 29, 20, 11, 12, 13, 4, 5, 6, 7, 8, 17, 26, 25, 24, 23, 32, 31, 40, 39, 48, 47, 46, 45, 54, 63, 64, 65, 66, 67, 68, 59, 60, 61, 70, 71, 80]
[00:00:00:23:856] ! Bidirectional. expansions: 4,471, time: 23,301 [ms], path length: 40 [edges], g_F: 21, g_B: 19, generated: 0, MM: 2, MMPER: 3.8780487804878048%

[00:00:00:23:856] average expansions: (6,334, 4,646, 4,504, 0)
[00:00:00:23:856] average time: (31,569, 23,952, 20,279, 0)
[00:00:00:23:856] XA*: 4,646 , 23,952 (expansions , time[ms])
[00:00:00:23:856] BiXA*: 4,504 , 20,279 (expansions , time[ms])

