------------------------------------
Thu 01 Oct 2026 18:25:48 IDT
SLURM_JOBID:		21953755
SLURM_JOB_NODELIST:	ise-cpu256-08
SLURM_SCRATCH_DIR:	/scratch/shubit/21953755
Allocated Resouces:	cpu - 2 / mem - 61440 MB / gpu - 
SLURM_GPU_INDEX:	
Running as shubit from shimony account with normal QOS
------------------------------------
Thu 01 Oct 2026 18:25:48 IDT

SLURM_JOBID:		 21953755
SLURM_JOB_NODELIST:	 ise-cpu256-08 

--------------------------
date: SM_Grids
number_of_graphs: 10
graph_type: grid
size_of_graphs: [9, 9]
heuristic: bcc_heuristic
snake: True
run_uni: True
run_bi: True
run_multi: False
solution_vertices: []
algorithms: ['XMM']
lookahead: 4
bsd: False
cube_first_dims: 4
cube_buffer_dim: None
backward_sym_generation: False
sym_coil: False
prefix_set: None

---------- SM_Grids/9x9_grid_with_random_blocks_16per_0 ----------
[00:00:00:22:667] Path of length 40 found: [0, 1, 10, 19, 28, 37, 46, 45, 54, 63, 72, 73, 74, 65, 56, 57, 58, 59, 60, 51, 42, 41, 40, 39, 30, 21, 12, 3, 4, 5, 14, 23, 24, 25, 26, 35, 44, 53, 62, 71, 80]
[00:00:00:22:667] ! Unidirectional s-t. expansions: 1,216, time: 22,667 [ms], path length: 40 [edges], generated: 17,078
[00:00:01:00:768] Path of length 40 found: [80, 71, 62, 61, 60, 59, 58, 67, 66, 75, 74, 73, 72, 63, 54, 55, 56, 47, 48, 39, 40, 41, 42, 43, 44, 35, 26, 25, 24, 23, 14, 5, 4, 3, 12, 21, 20, 19, 10, 1, 0]
[00:00:01:00:769] ! Unidirectional t-s. expansions: 3,474, time: 60,768 [ms], path length: 40 [edges], generated: 54,389
[00:00:00:00:466] Expansion 62: New longest path found with length 18: [0, 1, 2, 3, 4, 13, 14, 23, 24, 25, 26, 35, 44, 53, 62, 61, 70, 79, 80]. g_current=9, g_opposite=9, f_max=51, generated=102
[00:00:00:00:980] Expansion 140: New longest path found with length 22: [0, 1, 10, 19, 20, 21, 12, 3, 4, 5, 14, 23, 24, 25, 26, 35, 44, 53, 62, 61, 70, 79, 80]. g_current=10, g_opposite=12, f_max=50, generated=227
[00:00:00:01:649] Expansion 264: New longest path found with length 24: [0, 1, 10, 19, 20, 21, 12, 3, 4, 5, 14, 23, 24, 25, 26, 35, 44, 43, 42, 51, 60, 61, 62, 71, 80]. g_current=13, g_opposite=11, f_max=49, generated=414
[00:00:00:03:137] Expansion 531: New longest path found with length 26: [0, 1, 10, 19, 20, 21, 12, 3, 4, 5, 14, 23, 24, 25, 26, 35, 44, 43, 42, 41, 50, 59, 60, 61, 62, 71, 80]. g_current=12, g_opposite=14, f_max=48, generated=842
[00:00:00:03:633] Expansion 621: New longest path found with length 32: [0, 1, 10, 19, 28, 37, 46, 45, 54, 63, 72, 73, 74, 75, 66, 67, 58, 59, 50, 41, 42, 33, 24, 25, 26, 35, 44, 53, 62, 61, 70, 79, 80]. g_current=8, g_opposite=24, f_max=49, generated=972
[00:00:00:03:836] Expansion 647: New longest path found with length 36: [0, 1, 2, 3, 4, 13, 14, 23, 24, 25, 26, 35, 44, 43, 42, 41, 40, 39, 48, 47, 56, 55, 54, 63, 72, 73, 74, 75, 66, 67, 58, 59, 60, 61, 62, 71, 80]. g_current=23, g_opposite=13, f_max=47, generated=1,016
[00:00:00:08:237] Expansion 1,440: New longest path found with length 40: [0, 1, 10, 19, 20, 21, 12, 3, 4, 5, 14, 23, 24, 25, 26, 35, 44, 43, 42, 41, 40, 39, 48, 47, 56, 55, 54, 63, 72, 73, 74, 75, 66, 67, 58, 59, 60, 61, 62, 71, 80]. g_current=16, g_opposite=24, f_max=46, generated=2,400
[00:00:00:33:829] Path of length 40 found: [0, 1, 10, 19, 20, 21, 12, 3, 4, 5, 14, 23, 24, 25, 26, 35, 44, 43, 42, 41, 40, 39, 48, 47, 56, 55, 54, 63, 72, 73, 74, 75, 66, 67, 58, 59, 60, 61, 62, 71, 80]
[00:00:00:34:450] ! Bidirectional. expansions: 5,980, time: 33,829 [ms], path length: 40 [edges], g_F: 16, g_B: 24, generated: 10,275, MM: 8, MMPER: 18.51219512195122%
[00:00:00:34:450] 
---------- SM_Grids/9x9_grid_with_random_blocks_16per_1 ----------
[00:00:01:13:670] Path of length 34 found: [0, 1, 2, 11, 20, 19, 18, 27, 36, 45, 54, 55, 56, 47, 38, 39, 30, 31, 22, 13, 4, 5, 6, 15, 24, 33, 42, 41, 50, 59, 68, 69, 70, 71, 80]
[00:00:01:13:671] ! Unidirectional s-t. expansions: 6,635, time: 73,670 [ms], path length: 34 [edges], generated: 66,198
[00:00:00:16:830] Path of length 34 found: [80, 71, 62, 53, 44, 43, 42, 51, 50, 49, 48, 47, 56, 55, 54, 45, 36, 27, 18, 19, 20, 29, 30, 31, 32, 23, 24, 15, 6, 5, 4, 3, 2, 1, 0]
[00:00:00:16:831] ! Unidirectional t-s. expansions: 531, time: 16,831 [ms], path length: 34 [edges], generated: 11,578
[00:00:00:00:832] Expansion 107: New longest path found with length 22: [0, 9, 18, 19, 28, 37, 36, 45, 54, 55, 56, 47, 48, 49, 50, 51, 42, 43, 44, 53, 62, 71, 80]. g_current=14, g_opposite=8, f_max=45, generated=191
[00:00:00:04:826] Expansion 798: New longest path found with length 24: [0, 1, 2, 11, 20, 19, 18, 27, 36, 45, 54, 55, 56, 47, 48, 49, 50, 51, 42, 43, 44, 53, 62, 71, 80]. g_current=16, g_opposite=8, f_max=42, generated=1,330
[00:00:00:08:823] Expansion 1,532: New longest path found with length 28: [0, 9, 18, 19, 20, 11, 2, 3, 4, 5, 6, 15, 24, 23, 22, 31, 30, 39, 48, 49, 50, 51, 42, 43, 44, 53, 62, 71, 80]. g_current=10, g_opposite=18, f_max=40, generated=2,552
[00:00:00:08:924] Expansion 1,545: New longest path found with length 30: [0, 1, 2, 3, 4, 5, 6, 15, 24, 23, 22, 21, 20, 19, 18, 27, 36, 45, 46, 47, 48, 49, 50, 51, 42, 43, 44, 53, 62, 71, 80]. g_current=19, g_opposite=11, f_max=40, generated=2,576
[00:00:00:10:417] Expansion 1,813: New longest path found with length 32: [0, 9, 10, 11, 12, 3, 4, 5, 6, 15, 24, 23, 22, 31, 30, 29, 28, 27, 36, 45, 46, 47, 48, 49, 50, 51, 42, 43, 44, 53, 62, 71, 80]. g_current=11, g_opposite=21, f_max=39, generated=3,044
[00:00:00:10:429] Expansion 1,815: New longest path found with length 34: [0, 9, 10, 11, 12, 3, 4, 5, 6, 15, 24, 23, 22, 31, 30, 29, 28, 27, 36, 45, 54, 55, 56, 47, 48, 49, 50, 51, 42, 43, 44, 53, 62, 71, 80]. g_current=13, g_opposite=21, f_max=39, generated=3,048
[00:00:00:25:856] Path of length 34 found: [0, 9, 10, 11, 12, 3, 4, 5, 6, 15, 24, 23, 22, 31, 30, 29, 28, 27, 36, 45, 54, 55, 56, 47, 48, 49, 50, 51, 42, 43, 44, 53, 62, 71, 80]
[00:00:00:26:466] ! Bidirectional. expansions: 4,395, time: 25,856 [ms], path length: 34 [edges], g_F: 21, g_B: 13, generated: 7,624, MM: 8, MMPER: 21.857142857142858%
[00:00:00:26:466] 
---------- SM_Grids/9x9_grid_with_random_blocks_16per_2 ----------
[00:00:00:30:389] Path of length 44 found: [0, 9, 18, 19, 20, 11, 12, 13, 22, 31, 32, 33, 24, 15, 6, 7, 8, 17, 26, 35, 44, 43, 52, 51, 60, 59, 58, 49, 48, 39, 38, 37, 36, 45, 54, 63, 72, 73, 74, 75, 76, 77, 78, 79, 80]
[00:00:00:30:389] ! Unidirectional s-t. expansions: 1,246, time: 30,389 [ms], path length: 44 [edges], generated: 22,235
[00:00:00:22:300] Path of length 44 found: [80, 79, 78, 77, 76, 75, 74, 73, 72, 63, 54, 45, 36, 37, 38, 39, 48, 57, 58, 59, 60, 51, 52, 43, 44, 35, 26, 17, 8, 7, 6, 15, 24, 33, 32, 31, 22, 13, 12, 11, 20, 19, 18, 9, 0]
[00:00:00:22:300] ! Unidirectional t-s. expansions: 971, time: 22,300 [ms], path length: 44 [edges], generated: 14,308
[00:00:00:00:299] Expansion 38: New longest path found with length 22: [0, 9, 18, 19, 20, 11, 12, 13, 14, 15, 6, 7, 8, 17, 26, 35, 44, 43, 52, 61, 70, 79, 80]. g_current=7, g_opposite=15, f_max=51, generated=65
[00:00:00:00:450] Expansion 54: New longest path found with length 24: [0, 9, 18, 19, 20, 11, 12, 13, 14, 15, 6, 7, 8, 17, 26, 35, 44, 43, 42, 51, 60, 61, 70, 79, 80]. g_current=17, g_opposite=7, f_max=51, generated=94
[00:00:00:00:636] Expansion 81: New longest path found with length 26: [0, 9, 18, 19, 20, 11, 12, 13, 22, 31, 32, 33, 24, 15, 6, 7, 8, 17, 26, 35, 44, 43, 52, 61, 70, 79, 80]. g_current=15, g_opposite=11, f_max=50, generated=139
[00:00:00:01:593] Expansion 236: New longest path found with length 30: [0, 9, 18, 19, 20, 11, 12, 13, 22, 31, 32, 33, 24, 15, 6, 7, 8, 17, 26, 35, 44, 43, 52, 51, 60, 59, 68, 77, 78, 79, 80]. g_current=19, g_opposite=11, f_max=49, generated=390
[00:00:00:04:688] Expansion 792: New longest path found with length 42: [0, 9, 18, 19, 20, 11, 12, 13, 14, 15, 6, 7, 8, 17, 26, 35, 44, 43, 42, 33, 32, 31, 30, 39, 38, 37, 36, 45, 54, 63, 72, 73, 74, 65, 56, 57, 58, 67, 68, 77, 78, 79, 80]. g_current=19, g_opposite=23, f_max=48, generated=1,239
[00:00:00:07:561] Expansion 1,274: New longest path found with length 44: [0, 9, 18, 19, 20, 11, 12, 13, 22, 31, 32, 33, 24, 15, 6, 7, 8, 17, 26, 35, 44, 43, 52, 51, 60, 59, 58, 57, 48, 39, 38, 37, 36, 45, 54, 63, 72, 73, 74, 75, 76, 77, 78, 79, 80]. g_current=20, g_opposite=24, f_max=47, generated=2,063
[00:00:00:32:601] Path of length 44 found: [0, 9, 18, 19, 20, 11, 12, 13, 22, 31, 32, 33, 24, 15, 6, 7, 8, 17, 26, 35, 44, 43, 52, 51, 60, 59, 58, 57, 48, 39, 38, 37, 36, 45, 54, 63, 72, 73, 74, 75, 76, 77, 78, 79, 80]
[00:00:00:33:202] ! Bidirectional. expansions: 5,555, time: 32,601 [ms], path length: 44 [edges], g_F: 24, g_B: 20, generated: 9,281, MM: 4, MMPER: 7.888888888888889%
[00:00:00:33:203] 
---------- SM_Grids/9x9_grid_with_random_blocks_16per_3 ----------
[00:00:00:14:537] Path of length 42 found: [0, 9, 10, 11, 20, 21, 30, 39, 38, 37, 46, 55, 56, 65, 74, 75, 76, 67, 58, 49, 50, 41, 42, 33, 24, 23, 14, 5, 6, 7, 16, 17, 26, 35, 44, 53, 52, 61, 60, 69, 78, 79, 80]
[00:00:00:14:537] ! Unidirectional s-t. expansions: 537, time: 14,537 [ms], path length: 42 [edges], generated: 10,813
[00:00:00:15:420] Path of length 42 found: [80, 79, 78, 69, 60, 61, 52, 53, 44, 35, 26, 17, 16, 7, 6, 5, 14, 23, 24, 33, 42, 41, 50, 49, 58, 67, 76, 75, 74, 65, 56, 55, 46, 37, 38, 39, 30, 21, 20, 11, 10, 1, 0]
[00:00:00:15:421] ! Unidirectional t-s. expansions: 531, time: 15,420 [ms], path length: 42 [edges], generated: 9,345
[00:00:00:00:581] Expansion 79: New longest path found with length 22: [0, 9, 10, 11, 20, 21, 30, 39, 38, 37, 46, 55, 56, 65, 74, 75, 76, 77, 78, 69, 70, 71, 80]. g_current=9, g_opposite=13, f_max=47, generated=133
[00:00:00:01:274] Expansion 185: New longest path found with length 24: [0, 9, 10, 11, 20, 21, 30, 39, 38, 37, 46, 55, 56, 65, 74, 75, 76, 77, 78, 69, 60, 61, 62, 71, 80]. g_current=15, g_opposite=9, f_max=47, generated=312
[00:00:00:01:759] Expansion 270: New longest path found with length 38: [0, 9, 10, 11, 20, 21, 22, 13, 4, 5, 6, 7, 16, 25, 26, 35, 44, 53, 62, 61, 60, 59, 58, 49, 48, 39, 38, 37, 46, 55, 56, 65, 74, 75, 76, 77, 78, 79, 80]. g_current=21, g_opposite=17, f_max=45, generated=455
[00:00:00:04:023] Expansion 640: New longest path found with length 40: [0, 9, 10, 11, 20, 21, 30, 39, 38, 37, 46, 55, 56, 65, 74, 75, 76, 67, 58, 49, 50, 51, 42, 33, 24, 23, 14, 5, 6, 7, 16, 17, 26, 35, 44, 53, 62, 61, 70, 79, 80]. g_current=19, g_opposite=21, f_max=44, generated=1,109
[00:00:00:09:245] Expansion 1,494: New longest path found with length 42: [0, 9, 10, 11, 20, 21, 30, 39, 38, 37, 46, 55, 56, 65, 74, 75, 76, 67, 58, 49, 50, 41, 42, 33, 24, 23, 14, 5, 6, 7, 16, 17, 26, 35, 44, 53, 62, 61, 60, 69, 78, 79, 80]. g_current=20, g_opposite=22, f_max=43, generated=2,644
[00:00:00:16:327] Path of length 42 found: [0, 9, 10, 11, 20, 21, 30, 39, 38, 37, 46, 55, 56, 65, 74, 75, 76, 67, 58, 49, 50, 41, 42, 33, 24, 23, 14, 5, 6, 7, 16, 17, 26, 35, 44, 53, 62, 61, 60, 69, 78, 79, 80]
[00:00:00:16:929] ! Bidirectional. expansions: 2,561, time: 16,327 [ms], path length: 42 [edges], g_F: 22, g_B: 20, generated: 4,600, MM: 2, MMPER: 3.6511627906976747%
[00:00:00:16:929] 
---------- SM_Grids/9x9_grid_with_random_blocks_16per_4 ----------
[00:00:00:38:759] Path of length 44 found: [0, 9, 18, 19, 20, 11, 2, 3, 4, 13, 14, 15, 6, 7, 8, 17, 26, 35, 44, 43, 42, 41, 40, 49, 48, 47, 38, 37, 36, 45, 54, 55, 64, 65, 74, 75, 76, 67, 68, 59, 60, 61, 70, 71, 80]
[00:00:00:38:760] ! Unidirectional s-t. expansions: 1,891, time: 38,759 [ms], path length: 44 [edges], generated: 28,039
[00:00:00:37:557] Path of length 44 found: [80, 71, 62, 53, 44, 35, 26, 17, 8, 7, 6, 15, 24, 33, 42, 41, 40, 49, 58, 59, 60, 69, 78, 77, 76, 75, 66, 65, 64, 55, 54, 45, 36, 37, 38, 29, 20, 21, 22, 13, 4, 3, 2, 1, 0]
[00:00:00:37:557] ! Unidirectional t-s. expansions: 1,749, time: 37,557 [ms], path length: 44 [edges], generated: 28,001
[00:00:00:00:515] Expansion 67: New longest path found with length 20: [0, 9, 18, 27, 36, 45, 54, 55, 64, 65, 74, 75, 76, 77, 78, 69, 60, 61, 62, 71, 80]. g_current=11, g_opposite=9, f_max=51, generated=114
[00:00:00:00:749] Expansion 109: New longest path found with length 22: [0, 9, 18, 19, 28, 37, 36, 45, 54, 55, 64, 65, 66, 67, 76, 77, 78, 69, 60, 61, 62, 71, 80]. g_current=11, g_opposite=11, f_max=50, generated=177
[00:00:00:00:929] Expansion 143: New longest path found with length 24: [0, 9, 18, 27, 28, 29, 20, 11, 2, 3, 4, 13, 14, 15, 6, 7, 8, 17, 26, 35, 44, 53, 62, 71, 80]. g_current=11, g_opposite=13, f_max=50, generated=229
[00:00:00:00:957] Expansion 149: New longest path found with length 30: [0, 9, 18, 27, 28, 29, 20, 11, 2, 3, 4, 13, 22, 31, 40, 41, 42, 33, 24, 15, 6, 7, 8, 17, 26, 35, 44, 53, 62, 71, 80]. g_current=16, g_opposite=14, f_max=51, generated=237
[00:00:00:01:724] Expansion 270: New longest path found with length 36: [0, 9, 18, 27, 36, 45, 54, 55, 64, 65, 74, 75, 76, 77, 78, 69, 60, 59, 58, 49, 40, 41, 42, 33, 24, 15, 6, 7, 8, 17, 26, 35, 44, 53, 62, 71, 80]. g_current=19, g_opposite=17, f_max=49, generated=443
[00:00:00:01:740] Expansion 274: New longest path found with length 38: [0, 9, 18, 19, 28, 37, 36, 45, 54, 55, 64, 65, 74, 75, 76, 77, 78, 69, 60, 59, 58, 49, 40, 41, 42, 33, 24, 15, 6, 7, 8, 17, 26, 35, 44, 53, 62, 71, 80]. g_current=23, g_opposite=15, f_max=49, generated=448
[00:00:00:03:243] Expansion 534: New longest path found with length 44: [0, 1, 2, 3, 4, 13, 22, 21, 20, 19, 18, 27, 36, 45, 54, 55, 64, 65, 74, 75, 76, 77, 78, 69, 60, 59, 58, 49, 40, 41, 42, 33, 24, 15, 6, 7, 8, 17, 26, 35, 44, 53, 62, 71, 80]. g_current=19, g_opposite=25, f_max=49, generated=883
[00:00:00:53:930] Path of length 44 found: [0, 1, 2, 3, 4, 13, 22, 21, 20, 19, 18, 27, 36, 45, 54, 55, 64, 65, 74, 75, 76, 77, 78, 69, 60, 59, 58, 49, 40, 41, 42, 33, 24, 15, 6, 7, 8, 17, 26, 35, 44, 53, 62, 71, 80]
[00:00:00:54:531] ! Bidirectional. expansions: 9,711, time: 53,930 [ms], path length: 44 [edges], g_F: 19, g_B: 25, generated: 16,505, MM: 6, MMPER: 12.333333333333334%
[00:00:00:54:531] 
---------- SM_Grids/9x9_grid_with_random_blocks_16per_5 ----------
[00:00:01:07:606] Path of length 40 found: [0, 1, 2, 3, 4, 13, 22, 23, 24, 33, 34, 35, 44, 53, 52, 51, 50, 41, 40, 39, 30, 29, 20, 19, 18, 27, 36, 45, 54, 63, 72, 73, 74, 65, 66, 67, 68, 69, 70, 71, 80]
[00:00:01:07:606] ! Unidirectional s-t. expansions: 3,609, time: 67,606 [ms], path length: 40 [edges], generated: 58,556
[00:00:00:15:117] Path of length 40 found: [80, 71, 70, 69, 68, 67, 66, 75, 74, 73, 64, 63, 54, 45, 36, 27, 18, 19, 20, 29, 38, 47, 48, 49, 50, 51, 52, 53, 44, 35, 26, 25, 24, 23, 22, 13, 4, 3, 2, 1, 0]
[00:00:00:15:117] ! Unidirectional t-s. expansions: 717, time: 15,117 [ms], path length: 40 [edges], generated: 11,082
[00:00:00:00:313] Expansion 41: New longest path found with length 16: [0, 1, 2, 3, 4, 13, 22, 23, 24, 25, 34, 43, 52, 53, 62, 71, 80]. g_current=9, g_opposite=7, f_max=51, generated=77
[00:00:00:01:295] Expansion 224: New longest path found with length 18: [0, 1, 2, 3, 4, 13, 22, 23, 24, 25, 26, 35, 44, 43, 52, 61, 62, 71, 80]. g_current=4, g_opposite=14, f_max=49, generated=384
[00:00:00:01:394] Expansion 240: New longest path found with length 26: [0, 1, 2, 3, 4, 13, 22, 21, 20, 19, 18, 27, 36, 45, 54, 63, 72, 73, 74, 65, 66, 67, 68, 69, 70, 71, 80]. g_current=20, g_opposite=6, f_max=49, generated=413
[00:00:00:03:827] Expansion 699: New longest path found with length 30: [0, 1, 2, 3, 4, 13, 22, 31, 40, 39, 38, 29, 20, 19, 18, 27, 36, 45, 46, 55, 64, 73, 74, 75, 66, 67, 68, 69, 70, 71, 80]. g_current=6, g_opposite=24, f_max=47, generated=1,158
[00:00:00:03:863] Expansion 705: New longest path found with length 32: [0, 1, 2, 3, 4, 13, 22, 31, 40, 49, 48, 47, 38, 29, 20, 19, 18, 27, 36, 45, 54, 63, 72, 73, 74, 65, 66, 67, 68, 69, 70, 71, 80]. g_current=11, g_opposite=21, f_max=48, generated=1,167
[00:00:00:07:173] Expansion 1,275: New longest path found with length 36: [0, 1, 2, 3, 4, 13, 22, 23, 24, 25, 26, 35, 44, 43, 52, 51, 50, 41, 40, 39, 38, 47, 46, 45, 54, 63, 72, 73, 74, 65, 66, 67, 68, 69, 70, 71, 80]. g_current=19, g_opposite=17, f_max=46, generated=2,185
[00:00:00:09:126] Expansion 1,589: New longest path found with length 40: [0, 1, 2, 3, 4, 13, 22, 23, 24, 25, 26, 35, 44, 43, 52, 51, 50, 41, 40, 39, 30, 29, 20, 19, 18, 27, 36, 45, 54, 63, 72, 73, 74, 65, 66, 67, 68, 69, 70, 71, 80]. g_current=20, g_opposite=20, f_max=45, generated=2,765
[00:00:00:35:546] Path of length 40 found: [0, 1, 2, 3, 4, 13, 22, 23, 24, 25, 26, 35, 44, 43, 52, 51, 50, 41, 40, 39, 30, 29, 20, 19, 18, 27, 36, 45, 54, 63, 72, 73, 74, 65, 66, 67, 68, 69, 70, 71, 80]
[00:00:00:36:145] ! Bidirectional. expansions: 6,082, time: 35,546 [ms], path length: 40 [edges], g_F: 20, g_B: 20, generated: 10,681, MM: 0, MMPER: -1.0%
[00:00:00:36:145] 
---------- SM_Grids/9x9_grid_with_random_blocks_16per_6 ----------
[00:00:00:08:758] Path of length 46 found: [0, 1, 2, 3, 4, 13, 14, 15, 6, 7, 8, 17, 26, 35, 44, 53, 52, 51, 42, 33, 32, 31, 30, 21, 20, 19, 18, 27, 36, 45, 54, 63, 64, 65, 56, 47, 48, 49, 58, 67, 76, 77, 78, 69, 70, 71, 80]
[00:00:00:08:760] ! Unidirectional s-t. expansions: 429, time: 8,758 [ms], path length: 46 [edges], generated: 5,601
[00:00:00:08:505] Path of length 46 found: [80, 71, 70, 69, 78, 77, 76, 67, 58, 49, 48, 47, 56, 65, 64, 63, 54, 45, 36, 27, 18, 19, 20, 21, 30, 31, 32, 41, 42, 51, 52, 53, 44, 35, 26, 17, 8, 7, 6, 15, 14, 13, 4, 3, 2, 1, 0]
[00:00:00:08:505] ! Unidirectional t-s. expansions: 537, time: 8,505 [ms], path length: 46 [edges], generated: 6,037
[00:00:00:00:255] Expansion 33: New longest path found with length 18: [0, 1, 2, 3, 4, 13, 14, 15, 6, 7, 8, 17, 26, 35, 44, 53, 62, 71, 80]. g_current=12, g_opposite=6, f_max=53, generated=51
[00:00:00:00:530] Expansion 69: New longest path found with length 20: [0, 1, 2, 3, 4, 13, 14, 15, 6, 7, 8, 17, 26, 35, 44, 53, 52, 61, 70, 71, 80]. g_current=7, g_opposite=13, f_max=53, generated=112
[00:00:00:00:628] Expansion 83: New longest path found with length 22: [0, 1, 2, 3, 4, 13, 14, 15, 6, 7, 8, 17, 26, 25, 34, 33, 42, 51, 52, 53, 62, 71, 80]. g_current=15, g_opposite=7, f_max=52, generated=133
[00:00:00:00:856] Expansion 113: New longest path found with length 28: [0, 1, 2, 3, 4, 13, 14, 15, 6, 7, 8, 17, 26, 35, 44, 53, 52, 51, 50, 59, 58, 67, 76, 77, 78, 69, 70, 71, 80]. g_current=12, g_opposite=16, f_max=51, generated=191
[00:00:00:01:652] Expansion 255: New longest path found with length 32: [0, 9, 18, 19, 20, 11, 2, 3, 4, 13, 14, 15, 6, 7, 8, 17, 26, 35, 44, 53, 52, 51, 50, 59, 58, 67, 76, 77, 78, 69, 70, 71, 80]. g_current=16, g_opposite=16, f_max=51, generated=395
[00:00:00:02:260] Expansion 347: New longest path found with length 38: [0, 1, 2, 3, 4, 13, 14, 15, 6, 7, 8, 17, 26, 25, 34, 33, 32, 31, 30, 21, 20, 19, 18, 27, 36, 45, 54, 63, 64, 65, 66, 75, 76, 77, 78, 69, 70, 71, 80]. g_current=24, g_opposite=14, f_max=50, generated=560
[00:00:00:03:417] Expansion 555: New longest path found with length 42: [0, 1, 2, 3, 4, 13, 14, 15, 6, 7, 8, 17, 26, 35, 44, 53, 52, 51, 42, 33, 32, 31, 30, 21, 20, 19, 18, 27, 36, 45, 54, 63, 64, 65, 66, 75, 76, 77, 78, 69, 70, 71, 80]. g_current=17, g_opposite=25, f_max=49, generated=878
[00:00:00:05:726] Expansion 959: New longest path found with length 46: [0, 1, 2, 3, 4, 13, 14, 15, 6, 7, 8, 17, 26, 35, 44, 53, 52, 51, 42, 33, 32, 31, 30, 21, 20, 19, 18, 27, 36, 45, 54, 63, 64, 65, 56, 47, 48, 49, 58, 67, 76, 77, 78, 69, 70, 71, 80]. g_current=21, g_opposite=25, f_max=48, generated=1,548
[00:00:00:12:444] Path of length 46 found: [0, 1, 2, 3, 4, 13, 14, 15, 6, 7, 8, 17, 26, 35, 44, 53, 52, 51, 42, 33, 32, 31, 30, 21, 20, 19, 18, 27, 36, 45, 54, 63, 64, 65, 56, 47, 48, 49, 58, 67, 76, 77, 78, 69, 70, 71, 80]
[00:00:00:13:038] ! Bidirectional. expansions: 2,167, time: 12,445 [ms], path length: 46 [edges], g_F: 25, g_B: 21, generated: 3,514, MM: 4, MMPER: 7.51063829787234%
[00:00:00:13:038] 
---------- SM_Grids/9x9_grid_with_random_blocks_16per_7 ----------
[00:00:00:32:966] Path of length 42 found: [0, 9, 10, 19, 28, 27, 36, 45, 54, 63, 72, 73, 74, 65, 56, 47, 38, 39, 40, 41, 32, 23, 22, 21, 12, 3, 4, 5, 6, 15, 16, 25, 34, 43, 52, 51, 60, 59, 68, 77, 78, 79, 80]
[00:00:00:32:967] ! Unidirectional s-t. expansions: 1,041, time: 32,966 [ms], path length: 42 [edges], generated: 23,411
[00:00:00:33:076] Path of length 42 found: [80, 79, 78, 77, 68, 59, 60, 51, 52, 43, 34, 25, 16, 15, 6, 5, 4, 3, 12, 21, 22, 23, 32, 41, 40, 49, 48, 57, 56, 65, 74, 73, 72, 63, 54, 45, 36, 27, 28, 19, 10, 9, 0]
[00:00:00:33:076] ! Unidirectional t-s. expansions: 1,320, time: 33,076 [ms], path length: 42 [edges], generated: 23,753
[00:00:00:00:506] Expansion 64: New longest path found with length 20: [0, 9, 10, 19, 28, 27, 36, 45, 54, 63, 72, 73, 74, 65, 66, 67, 68, 77, 78, 79, 80]. g_current=16, g_opposite=4, f_max=51, generated=117
[00:00:00:00:521] Expansion 66: New longest path found with length 22: [0, 9, 10, 11, 20, 29, 28, 27, 36, 45, 54, 63, 72, 73, 74, 65, 66, 67, 68, 77, 78, 79, 80]. g_current=17, g_opposite=5, f_max=51, generated=121
[00:00:00:00:956] Expansion 130: New longest path found with length 24: [0, 9, 10, 19, 28, 27, 36, 45, 54, 63, 72, 73, 74, 65, 56, 47, 48, 49, 58, 67, 68, 77, 78, 79, 80]. g_current=4, g_opposite=20, f_max=51, generated=229
[00:00:00:01:022] Expansion 141: New longest path found with length 26: [0, 9, 10, 11, 20, 29, 28, 27, 36, 45, 54, 63, 72, 73, 74, 65, 56, 47, 48, 49, 58, 67, 68, 77, 78, 79, 80]. g_current=21, g_opposite=5, f_max=50, generated=245
[00:00:00:01:761] Expansion 272: New longest path found with length 28: [0, 9, 10, 11, 12, 21, 30, 29, 28, 27, 36, 45, 54, 63, 72, 73, 74, 65, 56, 47, 48, 49, 58, 67, 68, 77, 78, 79, 80]. g_current=5, g_opposite=23, f_max=50, generated=461
[00:00:00:02:409] Expansion 382: New longest path found with length 30: [0, 9, 10, 19, 28, 27, 36, 45, 54, 63, 72, 73, 74, 65, 56, 47, 38, 39, 40, 41, 42, 43, 52, 61, 60, 59, 68, 77, 78, 79, 80]. g_current=11, g_opposite=19, f_max=49, generated=644
[00:00:00:03:002] Expansion 506: New longest path found with length 34: [0, 9, 10, 11, 12, 21, 30, 29, 28, 27, 36, 45, 54, 63, 72, 73, 74, 65, 56, 47, 48, 49, 40, 41, 42, 43, 52, 61, 60, 59, 68, 77, 78, 79, 80]. g_current=20, g_opposite=14, f_max=50, generated=827
[00:00:00:03:445] Expansion 587: New longest path found with length 36: [0, 9, 10, 11, 2, 3, 4, 5, 6, 15, 24, 23, 22, 21, 30, 29, 28, 27, 36, 45, 54, 63, 72, 73, 74, 65, 56, 47, 48, 49, 58, 67, 68, 77, 78, 79, 80]. g_current=25, g_opposite=11, f_max=49, generated=955
[00:00:00:03:447] Expansion 587: New longest path found with length 38: [0, 9, 10, 11, 2, 3, 4, 5, 6, 15, 16, 25, 34, 43, 42, 41, 40, 39, 38, 29, 28, 27, 36, 45, 54, 63, 72, 73, 74, 65, 56, 57, 58, 67, 68, 77, 78, 79, 80]. g_current=24, g_opposite=14, f_max=48, generated=955
[00:00:00:04:900] Expansion 822: New longest path found with length 40: [0, 9, 10, 11, 2, 3, 4, 5, 6, 15, 16, 25, 34, 43, 52, 51, 50, 41, 40, 39, 38, 29, 28, 27, 36, 45, 54, 63, 72, 73, 74, 65, 56, 57, 58, 67, 68, 77, 78, 79, 80]. g_current=15, g_opposite=25, f_max=48, generated=1,397
[00:00:00:06:903] Expansion 1,155: New longest path found with length 42: [0, 9, 10, 19, 28, 27, 36, 45, 54, 63, 72, 73, 74, 65, 56, 47, 38, 39, 40, 41, 32, 23, 22, 21, 12, 3, 4, 5, 6, 15, 16, 25, 34, 43, 52, 51, 60, 59, 68, 77, 78, 79, 80]. g_current=23, g_opposite=19, f_max=47, generated=1,985
[00:00:00:32:464] Path of length 42 found: [0, 9, 10, 19, 28, 27, 36, 45, 54, 63, 72, 73, 74, 65, 56, 47, 38, 39, 40, 41, 32, 23, 22, 21, 12, 3, 4, 5, 6, 15, 16, 25, 34, 43, 52, 51, 60, 59, 68, 77, 78, 79, 80]
[00:00:00:33:075] ! Bidirectional. expansions: 5,281, time: 32,464 [ms], path length: 42 [edges], g_F: 23, g_B: 19, generated: 9,428, MM: 4, MMPER: 8.30232558139535%
[00:00:00:33:075] 
---------- SM_Grids/9x9_grid_with_random_blocks_16per_8 ----------
[00:00:00:28:342] Path of length 44 found: [0, 9, 10, 19, 28, 27, 36, 45, 54, 63, 72, 73, 74, 65, 56, 47, 38, 39, 40, 41, 32, 23, 22, 13, 4, 5, 6, 7, 8, 17, 26, 35, 44, 53, 52, 61, 60, 59, 58, 67, 76, 77, 78, 79, 80]
[00:00:00:28:342] ! Unidirectional s-t. expansions: 1,380, time: 28,342 [ms], path length: 44 [edges], generated: 18,722
[00:00:00:07:475] Path of length 44 found: [80, 79, 78, 77, 76, 75, 74, 73, 72, 63, 54, 55, 56, 57, 58, 59, 60, 61, 52, 53, 44, 35, 34, 25, 16, 7, 6, 5, 4, 13, 22, 23, 32, 41, 40, 39, 38, 37, 36, 27, 18, 19, 10, 1, 0]
[00:00:00:07:476] ! Unidirectional t-s. expansions: 332, time: 7,476 [ms], path length: 44 [edges], generated: 4,981
[00:00:00:00:669] Expansion 92: New longest path found with length 18: [0, 9, 10, 19, 28, 27, 36, 45, 54, 63, 72, 73, 74, 75, 76, 77, 78, 79, 80]. g_current=11, g_opposite=7, f_max=52, generated=148
[00:00:00:00:695] Expansion 96: New longest path found with length 20: [0, 9, 10, 19, 28, 27, 36, 45, 54, 63, 72, 73, 74, 65, 66, 67, 76, 77, 78, 79, 80]. g_current=14, g_opposite=6, f_max=51, generated=155
[00:00:00:00:817] Expansion 115: New longest path found with length 22: [0, 1, 10, 19, 18, 27, 36, 37, 46, 55, 54, 63, 72, 73, 74, 65, 66, 67, 76, 77, 78, 79, 80]. g_current=16, g_opposite=6, f_max=51, generated=187
[00:00:00:01:199] Expansion 168: New longest path found with length 24: [0, 1, 10, 19, 18, 27, 36, 37, 46, 55, 54, 63, 72, 73, 74, 65, 66, 67, 76, 77, 78, 69, 70, 71, 80]. g_current=7, g_opposite=17, f_max=50, generated=283
[00:00:00:03:038] Expansion 476: New longest path found with length 26: [0, 1, 10, 19, 18, 27, 36, 37, 38, 47, 56, 55, 54, 63, 72, 73, 74, 75, 66, 67, 58, 59, 60, 69, 78, 79, 80]. g_current=20, g_opposite=6, f_max=49, generated=767
[00:00:00:03:076] Expansion 485: New longest path found with length 30: [0, 9, 10, 19, 28, 27, 36, 45, 54, 63, 72, 73, 74, 65, 56, 47, 38, 39, 40, 41, 50, 59, 58, 67, 76, 77, 78, 69, 70, 71, 80]. g_current=18, g_opposite=12, f_max=49, generated=779
[00:00:00:05:322] Expansion 857: New longest path found with length 34: [0, 1, 10, 19, 18, 27, 36, 37, 38, 39, 40, 41, 32, 23, 14, 5, 6, 7, 16, 25, 34, 35, 44, 53, 52, 61, 60, 59, 58, 67, 76, 77, 78, 79, 80]. g_current=20, g_opposite=14, f_max=48, generated=1,411
[00:00:00:05:926] Expansion 953: New longest path found with length 42: [0, 9, 10, 19, 28, 27, 36, 45, 54, 63, 72, 73, 74, 65, 56, 47, 38, 39, 40, 41, 32, 23, 14, 5, 6, 7, 16, 25, 34, 35, 44, 53, 52, 61, 60, 59, 58, 67, 76, 77, 78, 79, 80]. g_current=21, g_opposite=21, f_max=48, generated=1,586
[00:00:00:09:877] Expansion 1,629: New longest path found with length 44: [0, 9, 10, 19, 28, 27, 36, 45, 54, 63, 72, 73, 74, 65, 56, 47, 38, 39, 40, 41, 32, 23, 22, 13, 4, 5, 6, 7, 16, 25, 34, 35, 44, 53, 52, 61, 60, 59, 58, 67, 76, 77, 78, 79, 80]. g_current=22, g_opposite=22, f_max=47, generated=2,726
[00:00:00:29:741] Path of length 44 found: [0, 9, 10, 19, 28, 27, 36, 45, 54, 63, 72, 73, 74, 65, 56, 47, 38, 39, 40, 41, 32, 23, 22, 13, 4, 5, 6, 7, 16, 25, 34, 35, 44, 53, 52, 61, 60, 59, 58, 67, 76, 77, 78, 79, 80]
[00:00:00:30:341] ! Bidirectional. expansions: 5,304, time: 29,742 [ms], path length: 44 [edges], g_F: 22, g_B: 22, generated: 8,707, MM: 0, MMPER: -1.0%
[00:00:00:30:341] 
---------- SM_Grids/9x9_grid_with_random_blocks_16per_9 ----------
[00:00:00:33:917] Path of length 40 found: [0, 9, 18, 27, 28, 29, 20, 11, 12, 13, 4, 5, 6, 7, 8, 17, 26, 25, 24, 23, 32, 31, 40, 39, 48, 47, 46, 45, 54, 63, 64, 65, 66, 67, 76, 77, 78, 69, 70, 71, 80]
[00:00:00:33:919] ! Unidirectional s-t. expansions: 2,158, time: 33,917 [ms], path length: 40 [edges], generated: 27,347
[00:00:00:54:229] Path of length 40 found: [80, 71, 70, 61, 60, 59, 68, 67, 66, 65, 64, 63, 54, 45, 46, 47, 48, 49, 40, 41, 32, 33, 34, 25, 26, 17, 8, 7, 6, 5, 4, 13, 22, 21, 30, 29, 28, 19, 10, 1, 0]
[00:00:00:54:229] ! Unidirectional t-s. expansions: 2,777, time: 54,229 [ms], path length: 40 [edges], generated: 45,358
[00:00:00:00:788] Expansion 106: New longest path found with length 20: [0, 9, 18, 27, 28, 37, 46, 45, 54, 63, 64, 65, 66, 67, 68, 59, 60, 61, 70, 71, 80]. g_current=14, g_opposite=6, f_max=47, generated=185
[00:00:00:01:414] Expansion 200: New longest path found with length 22: [0, 1, 2, 11, 20, 19, 28, 37, 46, 45, 54, 63, 64, 65, 66, 67, 68, 59, 60, 61, 70, 71, 80]. g_current=6, g_opposite=16, f_max=48, generated=353
[00:00:00:03:697] Expansion 523: New longest path found with length 32: [0, 9, 18, 27, 28, 29, 20, 11, 12, 13, 4, 5, 6, 7, 8, 17, 26, 25, 34, 33, 32, 41, 40, 49, 58, 67, 76, 77, 78, 69, 70, 71, 80]. g_current=9, g_opposite=23, f_max=45, generated=967
[00:00:00:03:873] Expansion 553: New longest path found with length 38: [0, 1, 10, 19, 20, 21, 12, 13, 4, 5, 6, 7, 8, 17, 26, 25, 34, 33, 32, 41, 40, 49, 48, 47, 46, 45, 54, 63, 64, 65, 66, 67, 68, 59, 60, 61, 70, 71, 80]. g_current=15, g_opposite=23, f_max=45, generated=1,015
[00:00:00:04:397] Expansion 631: New longest path found with length 40: [0, 9, 18, 27, 28, 29, 20, 11, 12, 13, 4, 5, 6, 7, 8, 17, 26, 25, 34, 33, 32, 41, 40, 49, 48, 47, 46, 45, 54, 63, 64, 65, 66, 67, 68, 59, 60, 61, 70, 71, 80]. g_current=23, g_opposite=17, f_max=45, generated=1,152
[00:00:00:33:712] Path of length 40 found: [0, 9, 18, 27, 28, 29, 20, 11, 12, 13, 4, 5, 6, 7, 8, 17, 26, 25, 34, 33, 32, 41, 40, 49, 48, 47, 46, 45, 54, 63, 64, 65, 66, 67, 68, 59, 60, 61, 70, 71, 80]
[00:00:00:34:330] ! Bidirectional. expansions: 5,616, time: 33,712 [ms], path length: 40 [edges], g_F: 17, g_B: 23, generated: 9,762, MM: 6, MMPER: 13.634146341463415%

[00:00:00:34:331] average expansions: (2,014, 1,294, 5,265, 0)
[00:00:00:34:331] average time: (35,161, 27,128, 30,645, 0)
[00:00:00:34:331] XA*: 1,294 , 27,128 (expansions , time[ms])
[00:00:00:34:331] XMM: 5,265 , 30,645 (expansions , time[ms])

