------------------------------------
Thu 01 Oct 2026 18:23:44 IDT
SLURM_JOBID:		21953753
SLURM_JOB_NODELIST:	ise-cpu256-02
SLURM_SCRATCH_DIR:	/scratch/shubit/21953753
Allocated Resouces:	cpu - 2 / mem - 61440 MB / gpu - 
SLURM_GPU_INDEX:	
Running as shubit from shimony account with normal QOS
------------------------------------
Thu 01 Oct 2026 18:23:44 IDT

SLURM_JOBID:		 21953753
SLURM_JOB_NODELIST:	 ise-cpu256-02 

--------------------------
date: SM_Grids
number_of_graphs: 10
graph_type: grid
size_of_graphs: [9, 9]
heuristic: bcc_heuristic
snake: True
run_uni: True
run_bi: True
run_multi: False
solution_vertices: []
algorithms: ['XMM']
lookahead: 2
bsd: False
cube_first_dims: 4
cube_buffer_dim: None
backward_sym_generation: False
sym_coil: False
prefix_set: None

---------- SM_Grids/9x9_grid_with_random_blocks_16per_0 ----------
[00:00:00:15:665] Path of length 40 found: [0, 1, 10, 19, 28, 37, 46, 45, 54, 63, 72, 73, 74, 65, 56, 57, 58, 59, 60, 51, 42, 41, 40, 39, 30, 21, 12, 3, 4, 5, 14, 23, 24, 25, 26, 35, 44, 53, 62, 71, 80]
[00:00:00:15:665] ! Unidirectional s-t. expansions: 1,857, time: 15,665 [ms], path length: 40 [edges], generated: 7,469
[00:00:00:49:808] Path of length 40 found: [80, 71, 62, 61, 60, 59, 58, 67, 66, 75, 74, 73, 72, 63, 54, 55, 56, 47, 48, 39, 40, 41, 42, 43, 44, 35, 26, 25, 24, 23, 14, 5, 4, 3, 12, 21, 20, 19, 10, 1, 0]
[00:00:00:49:809] ! Unidirectional t-s. expansions: 7,025, time: 49,808 [ms], path length: 40 [edges], generated: 29,939
[00:00:00:00:453] Expansion 62: New longest path found with length 18: [0, 1, 2, 3, 4, 13, 14, 23, 24, 25, 26, 35, 44, 53, 62, 61, 70, 79, 80]. g_current=9, g_opposite=9, f_max=51, generated=102
[00:00:00:00:930] Expansion 140: New longest path found with length 22: [0, 1, 10, 19, 20, 21, 12, 3, 4, 5, 14, 23, 24, 25, 26, 35, 44, 53, 62, 61, 70, 79, 80]. g_current=10, g_opposite=12, f_max=50, generated=227
[00:00:00:01:687] Expansion 264: New longest path found with length 24: [0, 1, 10, 19, 20, 21, 12, 3, 4, 5, 14, 23, 24, 25, 26, 35, 44, 43, 42, 51, 60, 61, 62, 71, 80]. g_current=13, g_opposite=11, f_max=49, generated=414
[00:00:00:03:168] Expansion 531: New longest path found with length 26: [0, 1, 10, 19, 20, 21, 12, 3, 4, 5, 14, 23, 24, 25, 26, 35, 44, 43, 42, 41, 50, 59, 60, 61, 62, 71, 80]. g_current=12, g_opposite=14, f_max=48, generated=842
[00:00:00:03:636] Expansion 621: New longest path found with length 32: [0, 1, 10, 19, 28, 37, 46, 45, 54, 63, 72, 73, 74, 75, 66, 67, 58, 59, 50, 41, 42, 33, 24, 25, 26, 35, 44, 53, 62, 61, 70, 79, 80]. g_current=8, g_opposite=24, f_max=49, generated=972
[00:00:00:03:779] Expansion 647: New longest path found with length 36: [0, 1, 2, 3, 4, 13, 14, 23, 24, 25, 26, 35, 44, 43, 42, 41, 40, 39, 48, 47, 56, 55, 54, 63, 72, 73, 74, 75, 66, 67, 58, 59, 60, 61, 62, 71, 80]. g_current=23, g_opposite=13, f_max=47, generated=1,016
[00:00:00:08:109] Expansion 1,440: New longest path found with length 40: [0, 1, 10, 19, 20, 21, 12, 3, 4, 5, 14, 23, 24, 25, 26, 35, 44, 43, 42, 41, 40, 39, 48, 47, 56, 55, 54, 63, 72, 73, 74, 75, 66, 67, 58, 59, 60, 61, 62, 71, 80]. g_current=16, g_opposite=24, f_max=46, generated=2,400
[00:00:00:34:501] Path of length 40 found: [0, 1, 10, 19, 20, 21, 12, 3, 4, 5, 14, 23, 24, 25, 26, 35, 44, 43, 42, 41, 40, 39, 48, 47, 56, 55, 54, 63, 72, 73, 74, 75, 66, 67, 58, 59, 60, 61, 62, 71, 80]
[00:00:00:35:113] ! Bidirectional. expansions: 5,980, time: 34,501 [ms], path length: 40 [edges], g_F: 16, g_B: 24, generated: 10,275, MM: 8, MMPER: 18.51219512195122%
[00:00:00:35:113] 
---------- SM_Grids/9x9_grid_with_random_blocks_16per_1 ----------
[00:00:00:54:975] Path of length 34 found: [0, 1, 2, 11, 20, 19, 18, 27, 36, 45, 54, 55, 56, 47, 38, 39, 30, 31, 22, 13, 4, 5, 6, 15, 24, 33, 42, 41, 50, 59, 68, 69, 70, 71, 80]
[00:00:00:54:976] ! Unidirectional s-t. expansions: 7,969, time: 54,975 [ms], path length: 34 [edges], generated: 33,933
[00:00:00:10:289] Path of length 34 found: [80, 71, 62, 53, 44, 43, 42, 51, 50, 49, 48, 47, 56, 55, 54, 45, 36, 27, 18, 19, 20, 29, 30, 31, 32, 23, 24, 15, 6, 5, 4, 3, 2, 1, 0]
[00:00:00:10:292] ! Unidirectional t-s. expansions: 945, time: 10,289 [ms], path length: 34 [edges], generated: 5,135
[00:00:00:00:805] Expansion 107: New longest path found with length 22: [0, 9, 18, 19, 28, 37, 36, 45, 54, 55, 56, 47, 48, 49, 50, 51, 42, 43, 44, 53, 62, 71, 80]. g_current=14, g_opposite=8, f_max=45, generated=191
[00:00:00:04:601] Expansion 798: New longest path found with length 24: [0, 1, 2, 11, 20, 19, 18, 27, 36, 45, 54, 55, 56, 47, 48, 49, 50, 51, 42, 43, 44, 53, 62, 71, 80]. g_current=16, g_opposite=8, f_max=42, generated=1,330
[00:00:00:08:591] Expansion 1,532: New longest path found with length 28: [0, 9, 18, 19, 20, 11, 2, 3, 4, 5, 6, 15, 24, 23, 22, 31, 30, 39, 48, 49, 50, 51, 42, 43, 44, 53, 62, 71, 80]. g_current=10, g_opposite=18, f_max=40, generated=2,552
[00:00:00:08:681] Expansion 1,545: New longest path found with length 30: [0, 1, 2, 3, 4, 5, 6, 15, 24, 23, 22, 21, 20, 19, 18, 27, 36, 45, 46, 47, 48, 49, 50, 51, 42, 43, 44, 53, 62, 71, 80]. g_current=19, g_opposite=11, f_max=40, generated=2,576
[00:00:00:10:082] Expansion 1,813: New longest path found with length 32: [0, 9, 10, 11, 12, 3, 4, 5, 6, 15, 24, 23, 22, 31, 30, 29, 28, 27, 36, 45, 46, 47, 48, 49, 50, 51, 42, 43, 44, 53, 62, 71, 80]. g_current=11, g_opposite=21, f_max=39, generated=3,044
[00:00:00:10:096] Expansion 1,815: New longest path found with length 34: [0, 9, 10, 11, 12, 3, 4, 5, 6, 15, 24, 23, 22, 31, 30, 29, 28, 27, 36, 45, 54, 55, 56, 47, 48, 49, 50, 51, 42, 43, 44, 53, 62, 71, 80]. g_current=13, g_opposite=21, f_max=39, generated=3,048
[00:00:00:25:746] Path of length 34 found: [0, 9, 10, 11, 12, 3, 4, 5, 6, 15, 24, 23, 22, 31, 30, 29, 28, 27, 36, 45, 54, 55, 56, 47, 48, 49, 50, 51, 42, 43, 44, 53, 62, 71, 80]
[00:00:00:26:375] ! Bidirectional. expansions: 4,395, time: 25,746 [ms], path length: 34 [edges], g_F: 21, g_B: 13, generated: 7,624, MM: 8, MMPER: 21.857142857142858%
[00:00:00:26:376] 
---------- SM_Grids/9x9_grid_with_random_blocks_16per_2 ----------
[00:00:00:22:385] Path of length 44 found: [0, 9, 18, 19, 20, 11, 12, 13, 22, 31, 32, 33, 24, 15, 6, 7, 8, 17, 26, 35, 44, 43, 52, 51, 60, 59, 58, 49, 48, 39, 38, 37, 36, 45, 54, 63, 72, 73, 74, 75, 76, 77, 78, 79, 80]
[00:00:00:22:386] ! Unidirectional s-t. expansions: 2,496, time: 22,385 [ms], path length: 44 [edges], generated: 11,301
[00:00:00:18:449] Path of length 44 found: [80, 79, 78, 77, 76, 75, 74, 73, 72, 63, 54, 45, 36, 37, 38, 39, 48, 57, 58, 59, 60, 61, 52, 43, 44, 35, 26, 17, 8, 7, 6, 15, 24, 33, 32, 31, 22, 13, 12, 11, 20, 19, 18, 9, 0]
[00:00:00:18:449] ! Unidirectional t-s. expansions: 1,788, time: 18,449 [ms], path length: 44 [edges], generated: 7,674
[00:00:00:00:332] Expansion 38: New longest path found with length 22: [0, 9, 18, 19, 20, 11, 12, 13, 14, 15, 6, 7, 8, 17, 26, 35, 44, 43, 52, 61, 70, 79, 80]. g_current=7, g_opposite=15, f_max=51, generated=65
[00:00:00:00:452] Expansion 54: New longest path found with length 24: [0, 9, 18, 19, 20, 11, 12, 13, 14, 15, 6, 7, 8, 17, 26, 35, 44, 43, 42, 51, 60, 61, 70, 79, 80]. g_current=17, g_opposite=7, f_max=51, generated=94
[00:00:00:00:640] Expansion 81: New longest path found with length 26: [0, 9, 18, 19, 20, 11, 12, 13, 22, 31, 32, 33, 24, 15, 6, 7, 8, 17, 26, 35, 44, 43, 52, 61, 70, 79, 80]. g_current=15, g_opposite=11, f_max=50, generated=139
[00:00:00:01:582] Expansion 236: New longest path found with length 30: [0, 9, 18, 19, 20, 11, 12, 13, 22, 31, 32, 33, 24, 15, 6, 7, 8, 17, 26, 35, 44, 43, 52, 51, 60, 59, 68, 77, 78, 79, 80]. g_current=19, g_opposite=11, f_max=49, generated=390
[00:00:00:04:806] Expansion 792: New longest path found with length 42: [0, 9, 18, 19, 20, 11, 12, 13, 14, 15, 6, 7, 8, 17, 26, 35, 44, 43, 42, 33, 32, 31, 30, 39, 38, 37, 36, 45, 54, 63, 72, 73, 74, 65, 56, 57, 58, 67, 68, 77, 78, 79, 80]. g_current=19, g_opposite=23, f_max=48, generated=1,239
[00:00:00:07:766] Expansion 1,274: New longest path found with length 44: [0, 9, 18, 19, 20, 11, 12, 13, 22, 31, 32, 33, 24, 15, 6, 7, 8, 17, 26, 35, 44, 43, 52, 51, 60, 59, 58, 57, 48, 39, 38, 37, 36, 45, 54, 63, 72, 73, 74, 75, 76, 77, 78, 79, 80]. g_current=20, g_opposite=24, f_max=47, generated=2,063
[00:00:00:32:870] Path of length 44 found: [0, 9, 18, 19, 20, 11, 12, 13, 22, 31, 32, 33, 24, 15, 6, 7, 8, 17, 26, 35, 44, 43, 52, 51, 60, 59, 58, 57, 48, 39, 38, 37, 36, 45, 54, 63, 72, 73, 74, 75, 76, 77, 78, 79, 80]
[00:00:00:33:471] ! Bidirectional. expansions: 5,555, time: 32,870 [ms], path length: 44 [edges], g_F: 24, g_B: 20, generated: 9,281, MM: 4, MMPER: 7.888888888888889%
[00:00:00:33:472] 
---------- SM_Grids/9x9_grid_with_random_blocks_16per_3 ----------
[00:00:00:09:092] Path of length 42 found: [0, 9, 10, 11, 20, 21, 30, 39, 38, 37, 46, 55, 56, 65, 74, 75, 76, 67, 58, 49, 50, 41, 42, 33, 24, 23, 14, 5, 6, 7, 16, 17, 26, 35, 44, 53, 52, 61, 60, 69, 78, 79, 80]
[00:00:00:09:093] ! Unidirectional s-t. expansions: 976, time: 9,092 [ms], path length: 42 [edges], generated: 5,226
[00:00:00:12:008] Path of length 42 found: [80, 79, 78, 69, 60, 61, 62, 53, 44, 35, 26, 17, 16, 7, 6, 5, 14, 23, 24, 33, 42, 41, 50, 49, 58, 67, 76, 75, 74, 65, 56, 55, 46, 37, 38, 39, 30, 21, 20, 11, 10, 1, 0]
[00:00:00:12:009] ! Unidirectional t-s. expansions: 1,045, time: 12,009 [ms], path length: 42 [edges], generated: 4,874
[00:00:00:00:647] Expansion 79: New longest path found with length 22: [0, 9, 10, 11, 20, 21, 30, 39, 38, 37, 46, 55, 56, 65, 74, 75, 76, 77, 78, 69, 70, 71, 80]. g_current=9, g_opposite=13, f_max=47, generated=133
[00:00:00:01:324] Expansion 185: New longest path found with length 24: [0, 9, 10, 11, 20, 21, 30, 39, 38, 37, 46, 55, 56, 65, 74, 75, 76, 77, 78, 69, 60, 61, 62, 71, 80]. g_current=15, g_opposite=9, f_max=47, generated=312
[00:00:00:01:884] Expansion 270: New longest path found with length 38: [0, 9, 10, 11, 20, 21, 22, 13, 4, 5, 6, 7, 16, 25, 26, 35, 44, 53, 62, 61, 60, 59, 58, 49, 48, 39, 38, 37, 46, 55, 56, 65, 74, 75, 76, 77, 78, 79, 80]. g_current=21, g_opposite=17, f_max=45, generated=455
[00:00:00:03:915] Expansion 640: New longest path found with length 40: [0, 9, 10, 11, 20, 21, 30, 39, 38, 37, 46, 55, 56, 65, 74, 75, 76, 67, 58, 49, 50, 51, 42, 33, 24, 23, 14, 5, 6, 7, 16, 17, 26, 35, 44, 53, 62, 61, 70, 79, 80]. g_current=19, g_opposite=21, f_max=44, generated=1,109
[00:00:00:08:559] Expansion 1,494: New longest path found with length 42: [0, 9, 10, 11, 20, 21, 30, 39, 38, 37, 46, 55, 56, 65, 74, 75, 76, 67, 58, 49, 50, 41, 42, 33, 24, 23, 14, 5, 6, 7, 16, 17, 26, 35, 44, 53, 62, 61, 60, 69, 78, 79, 80]. g_current=20, g_opposite=22, f_max=43, generated=2,644
[00:00:00:14:757] Path of length 42 found: [0, 9, 10, 11, 20, 21, 30, 39, 38, 37, 46, 55, 56, 65, 74, 75, 76, 67, 58, 49, 50, 41, 42, 33, 24, 23, 14, 5, 6, 7, 16, 17, 26, 35, 44, 53, 62, 61, 60, 69, 78, 79, 80]
[00:00:00:15:294] ! Bidirectional. expansions: 2,561, time: 14,757 [ms], path length: 42 [edges], g_F: 22, g_B: 20, generated: 4,600, MM: 2, MMPER: 3.6511627906976747%
[00:00:00:15:294] 
---------- SM_Grids/9x9_grid_with_random_blocks_16per_4 ----------
[00:00:00:29:876] Path of length 44 found: [0, 9, 18, 19, 20, 11, 2, 3, 4, 13, 14, 15, 6, 7, 8, 17, 26, 35, 44, 43, 42, 41, 40, 49, 48, 47, 38, 37, 36, 45, 54, 55, 64, 65, 74, 75, 76, 67, 68, 59, 60, 61, 70, 71, 80]
[00:00:00:29:877] ! Unidirectional s-t. expansions: 3,779, time: 29,876 [ms], path length: 44 [edges], generated: 16,055
[00:00:00:26:466] Path of length 44 found: [80, 71, 62, 53, 44, 35, 26, 17, 8, 7, 6, 15, 24, 33, 42, 41, 40, 49, 58, 59, 60, 69, 78, 77, 76, 75, 66, 65, 64, 55, 54, 45, 36, 37, 38, 29, 20, 21, 22, 13, 4, 3, 2, 1, 0]
[00:00:00:26:468] ! Unidirectional t-s. expansions: 3,366, time: 26,466 [ms], path length: 44 [edges], generated: 15,030
[00:00:00:00:470] Expansion 67: New longest path found with length 20: [0, 9, 18, 27, 36, 45, 54, 55, 64, 65, 74, 75, 76, 77, 78, 69, 60, 61, 62, 71, 80]. g_current=11, g_opposite=9, f_max=51, generated=114
[00:00:00:00:686] Expansion 109: New longest path found with length 22: [0, 9, 18, 19, 28, 37, 36, 45, 54, 55, 64, 65, 66, 67, 76, 77, 78, 69, 60, 61, 62, 71, 80]. g_current=11, g_opposite=11, f_max=50, generated=177
[00:00:00:00:855] Expansion 143: New longest path found with length 24: [0, 9, 18, 27, 28, 29, 20, 11, 2, 3, 4, 13, 14, 15, 6, 7, 8, 17, 26, 35, 44, 53, 62, 71, 80]. g_current=11, g_opposite=13, f_max=50, generated=229
[00:00:00:00:883] Expansion 149: New longest path found with length 30: [0, 9, 18, 27, 28, 29, 20, 11, 2, 3, 4, 13, 22, 31, 40, 41, 42, 33, 24, 15, 6, 7, 8, 17, 26, 35, 44, 53, 62, 71, 80]. g_current=16, g_opposite=14, f_max=51, generated=237
[00:00:00:01:585] Expansion 270: New longest path found with length 36: [0, 9, 18, 27, 36, 45, 54, 55, 64, 65, 74, 75, 76, 77, 78, 69, 60, 59, 58, 49, 40, 41, 42, 33, 24, 15, 6, 7, 8, 17, 26, 35, 44, 53, 62, 71, 80]. g_current=19, g_opposite=17, f_max=49, generated=443
[00:00:00:01:599] Expansion 274: New longest path found with length 38: [0, 9, 18, 19, 28, 37, 36, 45, 54, 55, 64, 65, 74, 75, 76, 77, 78, 69, 60, 59, 58, 49, 40, 41, 42, 33, 24, 15, 6, 7, 8, 17, 26, 35, 44, 53, 62, 71, 80]. g_current=23, g_opposite=15, f_max=49, generated=448
[00:00:00:02:898] Expansion 534: New longest path found with length 44: [0, 1, 2, 3, 4, 13, 22, 21, 20, 19, 18, 27, 36, 45, 54, 55, 64, 65, 74, 75, 76, 77, 78, 69, 60, 59, 58, 49, 40, 41, 42, 33, 24, 15, 6, 7, 8, 17, 26, 35, 44, 53, 62, 71, 80]. g_current=19, g_opposite=25, f_max=49, generated=883
[00:00:00:46:927] Path of length 44 found: [0, 1, 2, 3, 4, 13, 22, 21, 20, 19, 18, 27, 36, 45, 54, 55, 64, 65, 74, 75, 76, 77, 78, 69, 60, 59, 58, 49, 40, 41, 42, 33, 24, 15, 6, 7, 8, 17, 26, 35, 44, 53, 62, 71, 80]
[00:00:00:47:455] ! Bidirectional. expansions: 9,711, time: 46,927 [ms], path length: 44 [edges], g_F: 19, g_B: 25, generated: 16,505, MM: 6, MMPER: 12.333333333333334%
[00:00:00:47:455] 
---------- SM_Grids/9x9_grid_with_random_blocks_16per_5 ----------
[00:00:00:55:542] Path of length 40 found: [0, 1, 2, 3, 4, 13, 22, 23, 24, 25, 26, 35, 44, 43, 52, 51, 50, 41, 40, 39, 30, 29, 20, 19, 18, 27, 36, 45, 54, 63, 72, 73, 74, 65, 66, 67, 68, 69, 70, 71, 80]
[00:00:00:55:542] ! Unidirectional s-t. expansions: 8,185, time: 55,542 [ms], path length: 40 [edges], generated: 36,286
[00:00:00:10:852] Path of length 40 found: [80, 71, 70, 69, 68, 67, 66, 65, 74, 73, 72, 63, 54, 45, 36, 27, 18, 19, 20, 29, 38, 47, 48, 49, 50, 51, 52, 53, 44, 35, 26, 25, 24, 23, 22, 13, 4, 3, 2, 1, 0]
[00:00:00:10:853] ! Unidirectional t-s. expansions: 1,458, time: 10,852 [ms], path length: 40 [edges], generated: 6,452
[00:00:00:00:329] Expansion 41: New longest path found with length 16: [0, 1, 2, 3, 4, 13, 22, 23, 24, 25, 34, 43, 52, 53, 62, 71, 80]. g_current=9, g_opposite=7, f_max=51, generated=77
[00:00:00:01:340] Expansion 224: New longest path found with length 18: [0, 1, 2, 3, 4, 13, 22, 23, 24, 25, 26, 35, 44, 43, 52, 61, 62, 71, 80]. g_current=4, g_opposite=14, f_max=49, generated=384
[00:00:00:01:443] Expansion 240: New longest path found with length 26: [0, 1, 2, 3, 4, 13, 22, 21, 20, 19, 18, 27, 36, 45, 54, 63, 72, 73, 74, 65, 66, 67, 68, 69, 70, 71, 80]. g_current=20, g_opposite=6, f_max=49, generated=413
[00:00:00:03:721] Expansion 699: New longest path found with length 30: [0, 1, 2, 3, 4, 13, 22, 31, 40, 39, 38, 29, 20, 19, 18, 27, 36, 45, 46, 55, 64, 73, 74, 75, 66, 67, 68, 69, 70, 71, 80]. g_current=6, g_opposite=24, f_max=47, generated=1,158
[00:00:00:03:752] Expansion 705: New longest path found with length 32: [0, 1, 2, 3, 4, 13, 22, 31, 40, 49, 48, 47, 38, 29, 20, 19, 18, 27, 36, 45, 54, 63, 72, 73, 74, 65, 66, 67, 68, 69, 70, 71, 80]. g_current=11, g_opposite=21, f_max=48, generated=1,167
[00:00:00:06:612] Expansion 1,275: New longest path found with length 36: [0, 1, 2, 3, 4, 13, 22, 23, 24, 25, 26, 35, 44, 43, 52, 51, 50, 41, 40, 39, 38, 47, 46, 45, 54, 63, 72, 73, 74, 65, 66, 67, 68, 69, 70, 71, 80]. g_current=19, g_opposite=17, f_max=46, generated=2,185
[00:00:00:08:310] Expansion 1,589: New longest path found with length 40: [0, 1, 2, 3, 4, 13, 22, 23, 24, 25, 26, 35, 44, 43, 52, 51, 50, 41, 40, 39, 30, 29, 20, 19, 18, 27, 36, 45, 54, 63, 72, 73, 74, 65, 66, 67, 68, 69, 70, 71, 80]. g_current=20, g_opposite=20, f_max=45, generated=2,765
[00:00:00:31:680] Path of length 40 found: [0, 1, 2, 3, 4, 13, 22, 23, 24, 25, 26, 35, 44, 43, 52, 51, 50, 41, 40, 39, 30, 29, 20, 19, 18, 27, 36, 45, 54, 63, 72, 73, 74, 65, 66, 67, 68, 69, 70, 71, 80]
[00:00:00:32:208] ! Bidirectional. expansions: 6,082, time: 31,681 [ms], path length: 40 [edges], g_F: 20, g_B: 20, generated: 10,681, MM: 0, MMPER: -1.0%
[00:00:00:32:208] 
---------- SM_Grids/9x9_grid_with_random_blocks_16per_6 ----------
[00:00:00:06:359] Path of length 46 found: [0, 1, 2, 3, 4, 13, 14, 15, 6, 7, 8, 17, 26, 35, 44, 53, 52, 51, 42, 33, 32, 31, 30, 21, 20, 19, 18, 27, 36, 45, 54, 63, 64, 65, 56, 47, 48, 49, 58, 67, 76, 77, 78, 69, 70, 71, 80]
[00:00:00:06:360] ! Unidirectional s-t. expansions: 837, time: 6,359 [ms], path length: 46 [edges], generated: 3,273
[00:00:00:06:813] Path of length 46 found: [80, 71, 70, 69, 78, 77, 76, 67, 58, 49, 48, 47, 56, 65, 64, 63, 54, 45, 36, 27, 18, 19, 20, 21, 30, 31, 32, 41, 42, 51, 52, 53, 44, 35, 26, 17, 8, 7, 6, 15, 14, 13, 4, 3, 2, 1, 0]
[00:00:00:06:813] ! Unidirectional t-s. expansions: 874, time: 6,813 [ms], path length: 46 [edges], generated: 3,753
[00:00:00:00:221] Expansion 33: New longest path found with length 18: [0, 1, 2, 3, 4, 13, 14, 15, 6, 7, 8, 17, 26, 35, 44, 53, 62, 71, 80]. g_current=12, g_opposite=6, f_max=53, generated=51
[00:00:00:00:456] Expansion 69: New longest path found with length 20: [0, 1, 2, 3, 4, 13, 14, 15, 6, 7, 8, 17, 26, 35, 44, 53, 52, 61, 70, 71, 80]. g_current=7, g_opposite=13, f_max=53, generated=112
[00:00:00:00:533] Expansion 83: New longest path found with length 22: [0, 1, 2, 3, 4, 13, 14, 15, 6, 7, 8, 17, 26, 25, 34, 33, 42, 51, 52, 53, 62, 71, 80]. g_current=15, g_opposite=7, f_max=52, generated=133
[00:00:00:00:728] Expansion 113: New longest path found with length 28: [0, 1, 2, 3, 4, 13, 14, 15, 6, 7, 8, 17, 26, 35, 44, 53, 52, 51, 50, 59, 58, 67, 76, 77, 78, 69, 70, 71, 80]. g_current=12, g_opposite=16, f_max=51, generated=191
[00:00:00:01:400] Expansion 255: New longest path found with length 32: [0, 9, 18, 19, 20, 11, 2, 3, 4, 13, 14, 15, 6, 7, 8, 17, 26, 35, 44, 53, 52, 51, 50, 59, 58, 67, 76, 77, 78, 69, 70, 71, 80]. g_current=16, g_opposite=16, f_max=51, generated=395
[00:00:00:01:915] Expansion 347: New longest path found with length 38: [0, 1, 2, 3, 4, 13, 14, 15, 6, 7, 8, 17, 26, 25, 34, 33, 32, 31, 30, 21, 20, 19, 18, 27, 36, 45, 54, 63, 64, 65, 66, 75, 76, 77, 78, 69, 70, 71, 80]. g_current=24, g_opposite=14, f_max=50, generated=560
[00:00:00:02:910] Expansion 555: New longest path found with length 42: [0, 1, 2, 3, 4, 13, 14, 15, 6, 7, 8, 17, 26, 35, 44, 53, 52, 51, 42, 33, 32, 31, 30, 21, 20, 19, 18, 27, 36, 45, 54, 63, 64, 65, 66, 75, 76, 77, 78, 69, 70, 71, 80]. g_current=17, g_opposite=25, f_max=49, generated=878
[00:00:00:04:932] Expansion 959: New longest path found with length 46: [0, 1, 2, 3, 4, 13, 14, 15, 6, 7, 8, 17, 26, 35, 44, 53, 52, 51, 42, 33, 32, 31, 30, 21, 20, 19, 18, 27, 36, 45, 54, 63, 64, 65, 56, 47, 48, 49, 58, 67, 76, 77, 78, 69, 70, 71, 80]. g_current=21, g_opposite=25, f_max=48, generated=1,548
[00:00:00:11:123] Path of length 46 found: [0, 1, 2, 3, 4, 13, 14, 15, 6, 7, 8, 17, 26, 35, 44, 53, 52, 51, 42, 33, 32, 31, 30, 21, 20, 19, 18, 27, 36, 45, 54, 63, 64, 65, 56, 47, 48, 49, 58, 67, 76, 77, 78, 69, 70, 71, 80]
[00:00:00:11:646] ! Bidirectional. expansions: 2,167, time: 11,123 [ms], path length: 46 [edges], g_F: 25, g_B: 21, generated: 3,514, MM: 4, MMPER: 7.51063829787234%
[00:00:00:11:646] 
---------- SM_Grids/9x9_grid_with_random_blocks_16per_7 ----------
[00:00:00:17:640] Path of length 42 found: [0, 9, 10, 19, 28, 27, 36, 45, 54, 63, 72, 73, 74, 65, 56, 47, 38, 39, 40, 41, 32, 23, 22, 21, 12, 3, 4, 5, 6, 15, 16, 25, 34, 43, 52, 51, 60, 59, 68, 77, 78, 79, 80]
[00:00:00:17:641] ! Unidirectional s-t. expansions: 1,823, time: 17,640 [ms], path length: 42 [edges], generated: 9,784
[00:00:00:22:386] Path of length 42 found: [80, 79, 78, 77, 68, 59, 60, 51, 52, 43, 34, 25, 16, 15, 6, 5, 4, 3, 12, 21, 22, 23, 32, 41, 40, 49, 48, 57, 56, 65, 74, 73, 72, 63, 54, 45, 36, 27, 28, 19, 10, 9, 0]
[00:00:00:22:386] ! Unidirectional t-s. expansions: 2,551, time: 22,386 [ms], path length: 42 [edges], generated: 12,088
[00:00:00:00:452] Expansion 64: New longest path found with length 20: [0, 9, 10, 19, 28, 27, 36, 45, 54, 63, 72, 73, 74, 65, 66, 67, 68, 77, 78, 79, 80]. g_current=16, g_opposite=4, f_max=51, generated=117
[00:00:00:00:465] Expansion 66: New longest path found with length 22: [0, 9, 10, 11, 20, 29, 28, 27, 36, 45, 54, 63, 72, 73, 74, 65, 66, 67, 68, 77, 78, 79, 80]. g_current=17, g_opposite=5, f_max=51, generated=121
[00:00:00:00:808] Expansion 130: New longest path found with length 24: [0, 9, 10, 19, 28, 27, 36, 45, 54, 63, 72, 73, 74, 65, 56, 47, 48, 49, 58, 67, 68, 77, 78, 79, 80]. g_current=4, g_opposite=20, f_max=51, generated=229
[00:00:00:00:864] Expansion 141: New longest path found with length 26: [0, 9, 10, 11, 20, 29, 28, 27, 36, 45, 54, 63, 72, 73, 74, 65, 56, 47, 48, 49, 58, 67, 68, 77, 78, 79, 80]. g_current=21, g_opposite=5, f_max=50, generated=245
[00:00:00:01:534] Expansion 272: New longest path found with length 28: [0, 9, 10, 11, 12, 21, 30, 29, 28, 27, 36, 45, 54, 63, 72, 73, 74, 65, 56, 47, 48, 49, 58, 67, 68, 77, 78, 79, 80]. g_current=5, g_opposite=23, f_max=50, generated=461
[00:00:00:02:044] Expansion 382: New longest path found with length 30: [0, 9, 10, 19, 28, 27, 36, 45, 54, 63, 72, 73, 74, 65, 56, 47, 38, 39, 40, 41, 42, 43, 52, 61, 60, 59, 68, 77, 78, 79, 80]. g_current=11, g_opposite=19, f_max=49, generated=644
[00:00:00:02:636] Expansion 506: New longest path found with length 34: [0, 9, 10, 11, 12, 21, 30, 29, 28, 27, 36, 45, 54, 63, 72, 73, 74, 65, 56, 47, 48, 49, 40, 41, 42, 43, 52, 61, 60, 59, 68, 77, 78, 79, 80]. g_current=20, g_opposite=14, f_max=50, generated=827
[00:00:00:03:020] Expansion 587: New longest path found with length 36: [0, 9, 10, 11, 2, 3, 4, 5, 6, 15, 24, 23, 22, 21, 30, 29, 28, 27, 36, 45, 54, 63, 72, 73, 74, 65, 56, 47, 48, 49, 58, 67, 68, 77, 78, 79, 80]. g_current=25, g_opposite=11, f_max=49, generated=955
[00:00:00:03:021] Expansion 587: New longest path found with length 38: [0, 9, 10, 11, 2, 3, 4, 5, 6, 15, 16, 25, 34, 43, 42, 41, 40, 39, 38, 29, 28, 27, 36, 45, 54, 63, 72, 73, 74, 65, 56, 57, 58, 67, 68, 77, 78, 79, 80]. g_current=24, g_opposite=14, f_max=48, generated=955
[00:00:00:04:265] Expansion 822: New longest path found with length 40: [0, 9, 10, 11, 2, 3, 4, 5, 6, 15, 16, 25, 34, 43, 52, 51, 50, 41, 40, 39, 38, 29, 28, 27, 36, 45, 54, 63, 72, 73, 74, 65, 56, 57, 58, 67, 68, 77, 78, 79, 80]. g_current=15, g_opposite=25, f_max=48, generated=1,397
[00:00:00:05:968] Expansion 1,155: New longest path found with length 42: [0, 9, 10, 19, 28, 27, 36, 45, 54, 63, 72, 73, 74, 65, 56, 47, 38, 39, 40, 41, 32, 23, 22, 21, 12, 3, 4, 5, 6, 15, 16, 25, 34, 43, 52, 51, 60, 59, 68, 77, 78, 79, 80]. g_current=23, g_opposite=19, f_max=47, generated=1,985
[00:00:00:27:481] Path of length 42 found: [0, 9, 10, 19, 28, 27, 36, 45, 54, 63, 72, 73, 74, 65, 56, 47, 38, 39, 40, 41, 32, 23, 22, 21, 12, 3, 4, 5, 6, 15, 16, 25, 34, 43, 52, 51, 60, 59, 68, 77, 78, 79, 80]
[00:00:00:28:018] ! Bidirectional. expansions: 5,281, time: 27,481 [ms], path length: 42 [edges], g_F: 23, g_B: 19, generated: 9,428, MM: 4, MMPER: 8.30232558139535%
[00:00:00:28:019] 
---------- SM_Grids/9x9_grid_with_random_blocks_16per_8 ----------
[00:00:00:24:028] Path of length 44 found: [0, 9, 10, 19, 28, 27, 36, 45, 54, 63, 72, 73, 74, 65, 56, 47, 38, 39, 40, 41, 32, 23, 22, 13, 4, 5, 6, 7, 8, 17, 26, 35, 44, 53, 52, 61, 60, 59, 58, 67, 76, 77, 78, 79, 80]
[00:00:00:24:028] ! Unidirectional s-t. expansions: 2,908, time: 24,028 [ms], path length: 44 [edges], generated: 11,969
[00:00:00:05:662] Path of length 44 found: [80, 79, 78, 77, 76, 75, 74, 73, 72, 63, 54, 55, 56, 57, 58, 59, 60, 61, 52, 53, 44, 35, 34, 25, 16, 7, 6, 5, 4, 13, 22, 23, 32, 41, 40, 39, 38, 37, 36, 27, 18, 19, 10, 1, 0]
[00:00:00:05:663] ! Unidirectional t-s. expansions: 616, time: 5,662 [ms], path length: 44 [edges], generated: 2,671
[00:00:00:00:617] Expansion 92: New longest path found with length 18: [0, 9, 10, 19, 28, 27, 36, 45, 54, 63, 72, 73, 74, 75, 76, 77, 78, 79, 80]. g_current=11, g_opposite=7, f_max=52, generated=148
[00:00:00:00:643] Expansion 96: New longest path found with length 20: [0, 9, 10, 19, 28, 27, 36, 45, 54, 63, 72, 73, 74, 65, 66, 67, 76, 77, 78, 79, 80]. g_current=14, g_opposite=6, f_max=51, generated=155
[00:00:00:00:752] Expansion 115: New longest path found with length 22: [0, 1, 10, 19, 18, 27, 36, 37, 46, 55, 54, 63, 72, 73, 74, 65, 66, 67, 76, 77, 78, 79, 80]. g_current=16, g_opposite=6, f_max=51, generated=187
[00:00:00:01:142] Expansion 168: New longest path found with length 24: [0, 1, 10, 19, 18, 27, 36, 37, 46, 55, 54, 63, 72, 73, 74, 65, 66, 67, 76, 77, 78, 69, 70, 71, 80]. g_current=7, g_opposite=17, f_max=50, generated=283
[00:00:00:02:872] Expansion 476: New longest path found with length 26: [0, 1, 10, 19, 18, 27, 36, 37, 38, 47, 56, 55, 54, 63, 72, 73, 74, 75, 66, 67, 58, 59, 60, 69, 78, 79, 80]. g_current=20, g_opposite=6, f_max=49, generated=767
[00:00:00:02:907] Expansion 485: New longest path found with length 30: [0, 9, 10, 19, 28, 27, 36, 45, 54, 63, 72, 73, 74, 65, 56, 47, 38, 39, 40, 41, 50, 59, 58, 67, 76, 77, 78, 69, 70, 71, 80]. g_current=18, g_opposite=12, f_max=49, generated=779
[00:00:00:04:948] Expansion 857: New longest path found with length 34: [0, 1, 10, 19, 18, 27, 36, 37, 38, 39, 40, 41, 32, 23, 14, 5, 6, 7, 16, 25, 34, 35, 44, 53, 52, 61, 60, 59, 58, 67, 76, 77, 78, 79, 80]. g_current=20, g_opposite=14, f_max=48, generated=1,411
[00:00:00:05:487] Expansion 953: New longest path found with length 42: [0, 9, 10, 19, 28, 27, 36, 45, 54, 63, 72, 73, 74, 65, 56, 47, 38, 39, 40, 41, 32, 23, 14, 5, 6, 7, 16, 25, 34, 35, 44, 53, 52, 61, 60, 59, 58, 67, 76, 77, 78, 79, 80]. g_current=21, g_opposite=21, f_max=48, generated=1,586
[00:00:00:09:076] Expansion 1,629: New longest path found with length 44: [0, 9, 10, 19, 28, 27, 36, 45, 54, 63, 72, 73, 74, 65, 56, 47, 38, 39, 40, 41, 32, 23, 22, 13, 4, 5, 6, 7, 16, 25, 34, 35, 44, 53, 52, 61, 60, 59, 58, 67, 76, 77, 78, 79, 80]. g_current=22, g_opposite=22, f_max=47, generated=2,726
[00:00:00:28:288] Path of length 44 found: [0, 9, 10, 19, 28, 27, 36, 45, 54, 63, 72, 73, 74, 65, 56, 47, 38, 39, 40, 41, 32, 23, 22, 13, 4, 5, 6, 7, 16, 25, 34, 35, 44, 53, 52, 61, 60, 59, 58, 67, 76, 77, 78, 79, 80]
[00:00:00:28:869] ! Bidirectional. expansions: 5,304, time: 28,288 [ms], path length: 44 [edges], g_F: 22, g_B: 22, generated: 8,707, MM: 0, MMPER: -1.0%
[00:00:00:28:869] 
---------- SM_Grids/9x9_grid_with_random_blocks_16per_9 ----------
[00:00:00:30:409] Path of length 40 found: [0, 9, 18, 27, 28, 29, 20, 11, 12, 13, 4, 5, 6, 7, 8, 17, 26, 25, 24, 23, 32, 31, 40, 39, 48, 47, 46, 45, 54, 63, 64, 65, 66, 67, 58, 59, 60, 69, 78, 79, 80]
[00:00:00:30:411] ! Unidirectional s-t. expansions: 4,722, time: 30,409 [ms], path length: 40 [edges], generated: 18,193
[00:00:00:42:274] Path of length 40 found: [80, 71, 70, 61, 60, 59, 68, 67, 66, 65, 64, 63, 54, 45, 46, 47, 48, 49, 40, 41, 32, 33, 34, 25, 26, 17, 8, 7, 6, 5, 4, 13, 22, 21, 30, 29, 28, 27, 18, 9, 0]
[00:00:00:42:274] ! Unidirectional t-s. expansions: 5,516, time: 42,274 [ms], path length: 40 [edges], generated: 24,230
[00:00:00:00:786] Expansion 106: New longest path found with length 20: [0, 9, 18, 27, 28, 37, 46, 45, 54, 63, 64, 65, 66, 67, 68, 59, 60, 61, 70, 71, 80]. g_current=14, g_opposite=6, f_max=47, generated=185
[00:00:00:01:431] Expansion 200: New longest path found with length 22: [0, 1, 2, 11, 20, 19, 28, 37, 46, 45, 54, 63, 64, 65, 66, 67, 68, 59, 60, 61, 70, 71, 80]. g_current=6, g_opposite=16, f_max=48, generated=353
[00:00:00:03:510] Expansion 523: New longest path found with length 32: [0, 9, 18, 27, 28, 29, 20, 11, 12, 13, 4, 5, 6, 7, 8, 17, 26, 25, 34, 33, 32, 41, 40, 49, 58, 67, 76, 77, 78, 69, 70, 71, 80]. g_current=9, g_opposite=23, f_max=45, generated=967
[00:00:00:03:672] Expansion 553: New longest path found with length 38: [0, 1, 10, 19, 20, 21, 12, 13, 4, 5, 6, 7, 8, 17, 26, 25, 34, 33, 32, 41, 40, 49, 48, 47, 46, 45, 54, 63, 64, 65, 66, 67, 68, 59, 60, 61, 70, 71, 80]. g_current=15, g_opposite=23, f_max=45, generated=1,015
[00:00:00:04:264] Expansion 631: New longest path found with length 40: [0, 9, 18, 27, 28, 29, 20, 11, 12, 13, 4, 5, 6, 7, 8, 17, 26, 25, 34, 33, 32, 41, 40, 49, 48, 47, 46, 45, 54, 63, 64, 65, 66, 67, 68, 59, 60, 61, 70, 71, 80]. g_current=23, g_opposite=17, f_max=45, generated=1,152
[00:00:00:32:276] Path of length 40 found: [0, 9, 18, 27, 28, 29, 20, 11, 12, 13, 4, 5, 6, 7, 8, 17, 26, 25, 34, 33, 32, 41, 40, 49, 48, 47, 46, 45, 54, 63, 64, 65, 66, 67, 68, 59, 60, 61, 70, 71, 80]
[00:00:00:32:844] ! Bidirectional. expansions: 5,616, time: 32,276 [ms], path length: 40 [edges], g_F: 17, g_B: 23, generated: 9,762, MM: 6, MMPER: 13.634146341463415%

[00:00:00:32:844] average expansions: (3,555, 2,518, 5,265, 0)
[00:00:00:32:844] average time: (26,597, 20,501, 28,565, 0)
[00:00:00:32:844] XA*: 2,518 , 20,501 (expansions , time[ms])
[00:00:00:32:844] XMM: 5,265 , 28,565 (expansions , time[ms])

