------------------------------------
Thu 01 Oct 2026 14:53:54 IDT
SLURM_JOBID:		21950311
SLURM_JOB_NODELIST:	ise-cpu256-09
SLURM_SCRATCH_DIR:	/scratch/shubit/21950311
Allocated Resouces:	cpu - 2 / mem - 61440 MB / gpu - 
SLURM_GPU_INDEX:	
Running as shubit from shimony account with normal QOS
------------------------------------
Thu 01 Oct 2026 14:53:55 IDT

SLURM_JOBID:		 21950311
SLURM_JOB_NODELIST:	 ise-cpu256-09 

--------------------------
date: SM_Grids
number_of_graphs: 10
graph_type: grid
size_of_graphs: [9, 9]
heuristic: bcc_heuristic
snake: True
run_uni: True
run_bi: True
run_multi: False
solution_vertices: []
algorithms: ['DFBnB']
lookahead: 3
bsd: False
cube_first_dims: 4
cube_buffer_dim: None
backward_sym_generation: False
sym_coil: False
prefix_set: None

---------- SM_Grids/9x9_grid_with_random_blocks_12per_0 ----------
[00:00:01:40:823] Path of length 46 found: [0, 1, 2, 3, 4, 5, 6, 7, 8, 17, 26, 35, 44, 53, 52, 51, 42, 33, 24, 23, 22, 21, 20, 19, 18, 27, 36, 45, 54, 63, 72, 73, 74, 65, 56, 47, 48, 49, 58, 67, 76, 77, 78, 69, 70, 71, 80]
[00:00:01:40:823] ! Unidirectional s-t. expansions: 7,112, time: 100,823 [ms], path length: 46 [edges], generated: 58,765
[00:00:00:30:992] Path of length 46 found: [80, 71, 70, 69, 78, 77, 76, 67, 58, 49, 48, 47, 56, 65, 74, 73, 72, 63, 54, 45, 36, 27, 28, 29, 20, 21, 22, 23, 24, 33, 42, 51, 52, 53, 44, 35, 26, 17, 8, 7, 6, 5, 4, 3, 2, 1, 0]
[00:00:00:30:993] ! Unidirectional t-s. expansions: 1,845, time: 30,992 [ms], path length: 46 [edges], generated: 16,659
[00:00:00:35:253] Path of length 46 found: [0, 1, 2, 3, 4, 5, 6, 7, 8, 17, 26, 35, 44, 53, 52, 51, 42, 33, 24, 23, 22, 21, 20, 19, 18, 27, 36, 45, 54, 63, 72, 73, 74, 65, 56, 47, 48, 49, 58, 67, 76, 77, 78, 69, 70, 71, 80]
[00:00:00:36:062] ! Bidirectional. expansions: 943, time: 35,253 [ms], path length: 46 [edges], g_F: 26, g_B: 20, generated: 0, MM: 6, MMPER: 11.76595744680851%
[00:00:00:36:062] 
---------- SM_Grids/9x9_grid_with_random_blocks_12per_1 ----------
[00:00:01:05:356] Path of length 46 found: [0, 9, 10, 19, 20, 29, 30, 39, 40, 49, 58, 57, 56, 47, 46, 45, 54, 63, 72, 73, 74, 75, 76, 77, 68, 69, 60, 51, 42, 33, 32, 23, 22, 13, 4, 5, 6, 15, 16, 25, 26, 35, 44, 53, 62, 71, 80]
[00:00:01:05:357] ! Unidirectional s-t. expansions: 4,009, time: 65,356 [ms], path length: 46 [edges], generated: 36,378
[00:00:00:58:665] Path of length 46 found: [80, 79, 78, 77, 68, 67, 58, 57, 56, 65, 74, 73, 72, 63, 54, 45, 46, 37, 38, 39, 30, 21, 22, 23, 32, 41, 42, 51, 60, 61, 62, 53, 44, 35, 26, 17, 8, 7, 6, 5, 4, 3, 2, 11, 10, 9, 0]
[00:00:00:58:665] ! Unidirectional t-s. expansions: 4,218, time: 58,665 [ms], path length: 46 [edges], generated: 35,436
[00:00:02:50:643] Path of length 46 found: [0, 9, 10, 19, 20, 21, 12, 3, 4, 5, 6, 15, 16, 25, 26, 35, 44, 53, 62, 61, 60, 51, 42, 33, 32, 31, 40, 39, 38, 37, 46, 45, 54, 63, 72, 73, 74, 65, 56, 57, 58, 67, 68, 77, 78, 79, 80]
[00:00:02:51:336] ! Bidirectional. expansions: 7,733, time: 170,643 [ms], path length: 46 [edges], g_F: 24, g_B: 22, generated: 0, MM: 2, MMPER: 3.25531914893617%
[00:00:02:51:336] 
---------- SM_Grids/9x9_grid_with_random_blocks_12per_2 ----------
[00:00:01:15:138] Path of length 44 found: [0, 9, 18, 27, 28, 29, 20, 11, 12, 13, 22, 31, 40, 39, 48, 47, 46, 55, 64, 73, 74, 75, 66, 67, 58, 59, 50, 51, 42, 33, 24, 15, 6, 7, 8, 17, 26, 35, 44, 53, 62, 61, 70, 79, 80]
[00:00:01:15:139] ! Unidirectional s-t. expansions: 3,710, time: 75,138 [ms], path length: 44 [edges], generated: 38,724
[00:00:01:19:372] Path of length 44 found: [80, 71, 62, 53, 44, 43, 42, 33, 24, 25, 26, 17, 8, 7, 6, 5, 14, 13, 22, 31, 40, 49, 50, 59, 60, 69, 78, 77, 76, 75, 74, 73, 64, 55, 56, 47, 38, 37, 28, 19, 20, 11, 2, 1, 0]
[00:00:01:19:373] ! Unidirectional t-s. expansions: 5,157, time: 79,372 [ms], path length: 44 [edges], generated: 47,292
[00:00:02:45:510] Path of length 44 found: [0, 9, 10, 11, 20, 29, 28, 37, 46, 55, 64, 73, 74, 75, 76, 77, 78, 69, 60, 59, 58, 57, 48, 39, 40, 31, 22, 13, 14, 5, 6, 7, 8, 17, 26, 25, 24, 33, 42, 43, 44, 53, 62, 71, 80]
[00:00:02:46:231] ! Bidirectional. expansions: 4,154, time: 165,510 [ms], path length: 44 [edges], g_F: 19, g_B: 25, generated: 0, MM: 6, MMPER: 12.333333333333334%
[00:00:02:46:231] 
---------- SM_Grids/9x9_grid_with_random_blocks_12per_3 ----------
[00:00:00:43:824] Path of length 46 found: [0, 1, 10, 19, 28, 37, 46, 45, 54, 63, 72, 73, 74, 75, 76, 67, 58, 57, 48, 39, 40, 31, 22, 21, 12, 3, 4, 5, 6, 7, 8, 17, 26, 25, 24, 33, 42, 43, 44, 53, 62, 61, 60, 69, 78, 79, 80]
[00:00:00:43:825] ! Unidirectional s-t. expansions: 2,397, time: 43,825 [ms], path length: 46 [edges], generated: 23,963
[00:00:02:23:048] Path of length 46 found: [80, 71, 62, 53, 44, 43, 42, 51, 60, 69, 68, 77, 76, 75, 74, 73, 64, 63, 54, 45, 46, 47, 56, 57, 58, 49, 40, 31, 32, 23, 24, 25, 26, 17, 8, 7, 6, 5, 4, 3, 12, 21, 20, 19, 10, 1, 0]
[00:00:02:23:048] ! Unidirectional t-s. expansions: 9,264, time: 143,048 [ms], path length: 46 [edges], generated: 84,584
[00:00:02:23:647] Path of length 46 found: [0, 1, 10, 19, 28, 37, 46, 45, 54, 63, 72, 73, 74, 75, 76, 67, 58, 57, 48, 39, 40, 41, 42, 33, 24, 23, 22, 21, 12, 3, 4, 5, 6, 7, 8, 17, 26, 35, 44, 53, 62, 61, 60, 69, 78, 79, 80]
[00:00:02:24:368] ! Bidirectional. expansions: 4,846, time: 143,647 [ms], path length: 46 [edges], g_F: 24, g_B: 22, generated: 0, MM: 2, MMPER: 3.25531914893617%
[00:00:02:24:368] 
---------- SM_Grids/9x9_grid_with_random_blocks_12per_4 ----------
[00:00:00:22:315] Path of length 46 found: [0, 9, 10, 11, 2, 3, 4, 5, 6, 15, 16, 25, 26, 35, 44, 53, 62, 61, 60, 51, 42, 33, 32, 23, 22, 21, 30, 39, 38, 37, 36, 45, 54, 63, 72, 73, 74, 65, 56, 57, 58, 67, 68, 77, 78, 79, 80]
[00:00:00:22:315] ! Unidirectional s-t. expansions: 1,084, time: 22,315 [ms], path length: 46 [edges], generated: 11,426
[00:00:00:14:674] Path of length 46 found: [80, 79, 78, 77, 68, 67, 58, 57, 56, 65, 74, 73, 72, 63, 54, 45, 36, 37, 38, 39, 30, 21, 22, 23, 32, 41, 50, 51, 60, 61, 62, 53, 44, 35, 26, 17, 16, 15, 6, 5, 4, 3, 2, 11, 10, 9, 0]
[00:00:00:14:675] ! Unidirectional t-s. expansions: 687, time: 14,674 [ms], path length: 46 [edges], generated: 6,814
[00:00:00:56:495] Path of length 46 found: [0, 9, 10, 11, 2, 3, 4, 5, 6, 15, 16, 25, 26, 35, 44, 53, 62, 61, 60, 51, 42, 33, 32, 23, 22, 21, 30, 39, 38, 37, 36, 45, 54, 63, 72, 73, 74, 65, 56, 57, 58, 67, 68, 77, 78, 79, 80]
[00:00:00:57:217] ! Bidirectional. expansions: 1,657, time: 56,495 [ms], path length: 46 [edges], g_F: 28, g_B: 18, generated: 0, MM: 10, MMPER: 20.27659574468085%
[00:00:00:57:218] 
---------- SM_Grids/9x9_grid_with_random_blocks_12per_5 ----------
[00:00:00:21:383] Path of length 40 found: [0, 1, 2, 3, 4, 13, 14, 23, 24, 33, 42, 43, 44, 53, 62, 61, 60, 59, 50, 49, 40, 31, 30, 21, 20, 19, 18, 27, 36, 45, 46, 47, 56, 65, 66, 67, 76, 77, 78, 79, 80]
[00:00:00:21:384] ! Unidirectional s-t. expansions: 893, time: 21,383 [ms], path length: 40 [edges], generated: 10,213
[00:00:00:10:616] Path of length 40 found: [80, 71, 62, 53, 44, 43, 42, 33, 24, 23, 14, 13, 4, 3, 2, 11, 20, 21, 30, 31, 40, 49, 50, 59, 60, 69, 78, 77, 76, 67, 66, 57, 56, 47, 38, 37, 28, 27, 18, 9, 0]
[00:00:00:10:617] ! Unidirectional t-s. expansions: 401, time: 10,616 [ms], path length: 40 [edges], generated: 4,743
[00:00:01:05:775] Path of length 40 found: [0, 9, 18, 27, 28, 37, 46, 47, 56, 65, 66, 67, 76, 77, 78, 69, 60, 59, 50, 49, 40, 31, 30, 21, 20, 11, 2, 3, 4, 13, 14, 23, 24, 33, 42, 43, 44, 53, 62, 71, 80]
[00:00:01:06:543] ! Bidirectional. expansions: 1,402, time: 65,775 [ms], path length: 40 [edges], g_F: 27, g_B: 13, generated: 0, MM: 14, MMPER: 33.146341463414636%
[00:00:01:06:544] 
---------- SM_Grids/9x9_grid_with_random_blocks_12per_6 ----------
[00:00:01:02:778] Path of length 48 found: [0, 1, 10, 19, 18, 27, 36, 37, 38, 39, 48, 57, 56, 55, 54, 63, 72, 73, 74, 75, 76, 67, 68, 59, 50, 41, 42, 33, 24, 23, 22, 21, 12, 3, 4, 5, 6, 7, 16, 17, 26, 35, 44, 53, 62, 61, 70, 79, 80]
[00:00:01:02:778] ! Unidirectional s-t. expansions: 3,197, time: 62,778 [ms], path length: 48 [edges], generated: 32,192
[00:00:00:45:832] Path of length 48 found: [80, 71, 62, 53, 44, 35, 26, 17, 8, 7, 6, 5, 4, 3, 12, 21, 22, 23, 24, 33, 42, 41, 50, 59, 60, 69, 78, 77, 76, 75, 74, 73, 72, 63, 54, 55, 56, 57, 48, 39, 38, 37, 36, 27, 18, 19, 10, 1, 0]
[00:00:00:45:832] ! Unidirectional t-s. expansions: 3,061, time: 45,832 [ms], path length: 48 [edges], generated: 25,329
[00:00:01:56:464] Path of length 48 found: [0, 1, 10, 19, 18, 27, 36, 37, 38, 39, 48, 57, 56, 55, 54, 63, 72, 73, 74, 75, 76, 77, 78, 69, 60, 59, 50, 41, 42, 33, 24, 23, 22, 21, 12, 3, 4, 5, 6, 7, 8, 17, 26, 35, 44, 53, 62, 71, 80]
[00:00:01:57:174] ! Bidirectional. expansions: 3,743, time: 116,464 [ms], path length: 48 [edges], g_F: 29, g_B: 19, generated: 0, MM: 10, MMPER: 19.408163265306122%
[00:00:01:57:174] 
---------- SM_Grids/9x9_grid_with_random_blocks_12per_7 ----------
[00:00:01:23:881] Path of length 44 found: [0, 9, 18, 27, 36, 45, 54, 63, 64, 73, 74, 75, 76, 77, 68, 59, 58, 57, 56, 47, 38, 39, 40, 31, 22, 21, 20, 11, 2, 3, 4, 5, 6, 7, 16, 25, 24, 33, 42, 51, 52, 53, 62, 71, 80]
[00:00:01:23:881] ! Unidirectional s-t. expansions: 4,239, time: 83,881 [ms], path length: 44 [edges], generated: 42,344
[00:00:02:29:329] Path of length 44 found: [80, 71, 62, 53, 52, 51, 42, 33, 34, 25, 16, 7, 6, 5, 4, 3, 2, 11, 20, 21, 22, 31, 40, 39, 38, 47, 56, 57, 58, 59, 68, 77, 76, 75, 74, 73, 64, 63, 54, 45, 36, 27, 18, 9, 0]
[00:00:02:29:329] ! Unidirectional t-s. expansions: 8,146, time: 149,329 [ms], path length: 44 [edges], generated: 80,408
[00:00:03:31:710] Path of length 44 found: [0, 9, 18, 27, 36, 45, 54, 63, 64, 73, 74, 75, 76, 77, 68, 59, 58, 57, 56, 47, 38, 39, 40, 31, 22, 21, 20, 11, 2, 3, 4, 5, 6, 7, 16, 25, 34, 33, 42, 51, 52, 61, 70, 79, 80]
[00:00:03:32:478] ! Bidirectional. expansions: 5,259, time: 211,710 [ms], path length: 44 [edges], g_F: 25, g_B: 19, generated: 0, MM: 6, MMPER: 12.333333333333334%
[00:00:03:32:479] 
---------- SM_Grids/9x9_grid_with_random_blocks_12per_8 ----------
[00:00:00:13:117] Path of length 48 found: [0, 9, 18, 19, 20, 11, 2, 3, 4, 13, 22, 31, 32, 33, 24, 15, 6, 7, 8, 17, 26, 35, 44, 53, 62, 61, 60, 51, 50, 49, 48, 47, 38, 37, 36, 45, 54, 63, 72, 73, 74, 75, 66, 67, 68, 77, 78, 79, 80]
[00:00:00:13:118] ! Unidirectional s-t. expansions: 658, time: 13,117 [ms], path length: 48 [edges], generated: 5,912
[00:00:01:05:461] Path of length 48 found: [80, 79, 78, 77, 68, 67, 66, 75, 74, 73, 72, 63, 54, 45, 36, 37, 38, 47, 48, 49, 40, 31, 22, 23, 24, 33, 42, 51, 60, 61, 62, 53, 44, 35, 26, 17, 8, 7, 6, 5, 4, 3, 2, 11, 20, 19, 18, 9, 0]
[00:00:01:05:462] ! Unidirectional t-s. expansions: 4,574, time: 65,462 [ms], path length: 48 [edges], generated: 35,453
[00:00:03:50:473] Path of length 48 found: [0, 9, 18, 19, 20, 11, 2, 3, 4, 13, 22, 31, 32, 33, 24, 15, 6, 7, 8, 17, 26, 35, 44, 53, 62, 61, 60, 51, 50, 49, 48, 47, 38, 37, 36, 45, 54, 63, 72, 73, 74, 75, 66, 67, 68, 77, 78, 79, 80]
[00:00:03:51:192] ! Bidirectional. expansions: 10,106, time: 230,473 [ms], path length: 48 [edges], g_F: 25, g_B: 23, generated: 0, MM: 2, MMPER: 3.0816326530612246%
[00:00:03:51:193] 
---------- SM_Grids/9x9_grid_with_random_blocks_12per_9 ----------
[00:00:02:43:141] Path of length 44 found: [0, 1, 2, 11, 20, 19, 18, 27, 36, 37, 46, 55, 54, 63, 72, 73, 74, 75, 76, 77, 78, 69, 60, 59, 58, 57, 48, 39, 40, 31, 22, 13, 14, 15, 16, 17, 26, 35, 34, 43, 52, 53, 62, 71, 80]
[00:00:02:43:141] ! Unidirectional s-t. expansions: 9,499, time: 163,141 [ms], path length: 44 [edges], generated: 92,341
[00:00:02:31:180] Path of length 44 found: [80, 71, 62, 53, 52, 43, 34, 35, 26, 17, 16, 15, 14, 23, 22, 31, 40, 41, 50, 59, 60, 69, 78, 77, 76, 75, 74, 73, 72, 63, 54, 55, 56, 47, 38, 37, 36, 27, 18, 19, 20, 11, 2, 1, 0]
[00:00:02:31:180] ! Unidirectional t-s. expansions: 14,061, time: 151,180 [ms], path length: 44 [edges], generated: 94,883
[00:00:13:04:335] Path of length 44 found: [0, 1, 2, 11, 20, 19, 18, 27, 36, 37, 46, 55, 54, 63, 72, 73, 74, 75, 76, 77, 78, 69, 60, 59, 58, 57, 48, 39, 40, 31, 22, 13, 14, 15, 16, 17, 26, 35, 34, 43, 52, 53, 62, 71, 80]
[00:00:13:05:037] ! Bidirectional. expansions: 34,372, time: 784,336 [ms], path length: 44 [edges], g_F: 25, g_B: 19, generated: 0, MM: 6, MMPER: 12.333333333333334%

[00:00:13:05:038] average expansions: (3,680, 5,141, 7,422, 0)
[00:00:13:05:038] average time: (65,176, 74,917, 198,031, 0)
[00:00:13:05:038] XDFBnB: 3,680 , 65,176 (expansions , time[ms])
[00:00:13:05:038] BiXDFBnB: 7,422 , 198,031 (expansions , time[ms])

