------------------------------------
Mon 25 May 2026 17:56:34 IDT
SLURM_JOBID:		17883824
SLURM_JOB_NODELIST:	ise-cpu256-02
SLURM_SCRATCH_DIR:	/scratch/shubit/17883824
Allocated Resouces:	cpu - 2 / mem - 61440 MB / gpu - 
SLURM_GPU_INDEX:	
Running as shubit from shimony account with normal QOS
------------------------------------
Mon 25 May 2026 17:56:34 IDT

SLURM_JOBID:		 17883824
SLURM_JOB_NODELIST:	 ise-cpu256-02 


--------------------------
date: mazes
number_of_graphs: 10
graph_type: maze
size_of_graphs: [13, 13]
heuristic: bcc_heuristic
snake: False
run_uni: True
run_bi: True
run_multi: False
solution_vertices: []
algorithms: ['DFBnB_F2E']
lookahead: 2
bsd: False
cube_first_dims: 4
cube_buffer_dim: None
backward_sym_generation: False
sym_coil: False
prefix_set: None

---------- mazes/13x13_maze_with_1_open_diamonds_0 ----------
[00:00:01:19:808] Path of length 92 found: [0, 1, 2, 3, 4, 17, 30, 31, 32, 19, 6, 7, 8, 9, 10, 11, 12, 25, 38, 37, 36, 49, 62, 61, 60, 59, 58, 57, 56, 55, 54, 41, 28, 27, 26, 39, 52, 65, 78, 79, 80, 81, 82, 83, 84, 85, 86, 87, 88, 89, 90, 103, 116, 115, 114, 113, 112, 111, 110, 109, 108, 107, 106, 105, 118, 131, 130, 143, 156, 157, 158, 159, 146, 145, 132, 119, 120, 133, 134, 135, 136, 137, 150, 163, 164, 165, 152, 139, 140, 141, 142, 155, 168]
[00:00:01:19:808] ! Unidirectional s-t. expansions: 23,442, time: 79,808 [ms], path length: 92 [edges], generated: 80,784
[00:00:03:16:306] Valid states checked so far: 200,000, Expansions: 59,839, Global best: 91
[00:00:05:27:785] Path of length 92 found: [168, 155, 142, 141, 140, 139, 152, 165, 164, 163, 150, 137, 136, 135, 134, 133, 120, 119, 132, 145, 146, 159, 158, 157, 156, 143, 130, 131, 118, 105, 106, 107, 108, 109, 110, 111, 112, 113, 114, 115, 116, 103, 90, 89, 88, 87, 86, 85, 84, 83, 82, 81, 80, 79, 78, 65, 52, 39, 26, 27, 28, 41, 54, 55, 56, 57, 58, 59, 60, 61, 62, 63, 64, 51, 38, 25, 12, 11, 10, 9, 8, 7, 6, 19, 32, 31, 30, 17, 4, 3, 2, 1, 0]
[00:00:05:27:786] ! Unidirectional t-s. expansions: 98,873, time: 327,785 [ms], path length: 92 [edges], generated: 327,460
[00:00:00:50:660] Expansion 20,000: f=100, g=28
[00:00:01:35:995] Expansion 40,000: f=98, g=35
[00:00:02:21:570] Expansion 60,000: f=96, g=49
[00:00:03:05:045] Expansion 80,000: f=95, g=38
[00:00:03:47:229] Expansion 100,000: f=94, g=47
[00:00:04:27:956] Expansion 120,000: f=93, g=70
[00:00:04:58:836] Path of length 92 found: [0, 1, 2, 3, 4, 17, 30, 31, 32, 19, 6, 7, 8, 9, 10, 11, 12, 25, 38, 37, 36, 49, 62, 61, 60, 59, 58, 57, 56, 55, 54, 41, 28, 27, 26, 39, 52, 65, 78, 79, 80, 81, 82, 83, 84, 85, 86, 87, 88, 89, 90, 103, 116, 115, 114, 113, 112, 111, 110, 109, 108, 107, 106, 105, 118, 119, 132, 145, 144, 131, 130, 143, 156, 157, 158, 159, 146, 133, 134, 135, 136, 137, 150, 163, 164, 165, 152, 139, 140, 141, 142, 155, 168]
[00:00:04:58:839] ! Bidirectional. expansions: 133,457, time: 298,836 [ms], path length: 92 [edges], g_F: 35, g_B: 57, generated: 191,792, MM: 22, MMPER: 22.655913978494624%
[00:00:04:58:841] 
---------- mazes/13x13_maze_with_1_open_diamonds_1 ----------
[00:00:02:25:037] Path of length 90 found: [0, 13, 26, 39, 52, 53, 54, 41, 28, 15, 2, 3, 4, 17, 16, 29, 30, 43, 42, 55, 56, 57, 58, 45, 32, 19, 6, 7, 8, 9, 10, 11, 12, 25, 38, 37, 36, 49, 62, 61, 74, 87, 88, 89, 90, 103, 116, 115, 114, 113, 112, 99, 86, 85, 84, 83, 82, 81, 80, 79, 92, 105, 106, 107, 108, 109, 122, 135, 134, 133, 132, 131, 130, 143, 156, 157, 158, 159, 160, 161, 162, 163, 164, 165, 152, 139, 140, 141, 142, 155, 168]
[00:00:02:25:038] ! Unidirectional s-t. expansions: 34,364, time: 145,037 [ms], path length: 90 [edges], generated: 105,165
[00:00:00:05:757] Path of length 90 found: [168, 155, 142, 141, 140, 139, 152, 165, 164, 163, 162, 161, 160, 159, 158, 157, 156, 143, 130, 131, 132, 133, 134, 135, 122, 109, 108, 107, 106, 105, 92, 79, 80, 81, 82, 83, 84, 85, 86, 99, 112, 113, 114, 115, 116, 103, 90, 89, 88, 87, 74, 61, 62, 63, 64, 51, 38, 25, 12, 11, 10, 9, 8, 7, 6, 19, 32, 45, 58, 57, 56, 43, 30, 17, 4, 3, 2, 15, 16, 29, 28, 41, 42, 55, 54, 53, 52, 39, 26, 13, 0]
[00:00:00:05:761] ! Unidirectional t-s. expansions: 1,241, time: 5,758 [ms], path length: 90 [edges], generated: 4,854
[00:00:00:50:678] Expansion 20,000: f=95, g=39
[00:00:01:32:498] Expansion 40,000: f=92, g=28
[00:00:01:37:550] Path of length 90 found: [168, 155, 142, 141, 140, 139, 152, 165, 164, 163, 162, 161, 160, 159, 158, 157, 156, 143, 130, 131, 132, 133, 134, 135, 122, 109, 108, 107, 106, 105, 92, 79, 80, 81, 82, 83, 84, 85, 86, 99, 112, 113, 114, 115, 116, 103, 90, 89, 88, 87, 74, 61, 62, 63, 64, 51, 38, 25, 12, 11, 10, 9, 8, 7, 6, 19, 32, 45, 58, 57, 56, 43, 30, 17, 4, 3, 16, 29, 42, 41, 54, 53, 52, 39, 26, 27, 28, 15, 2, 1, 0]
[00:00:01:37:553] ! Bidirectional. expansions: 42,113, time: 97,550 [ms], path length: 90 [edges], g_F: 55, g_B: 35, generated: 58,481, MM: 20, MMPER: 20.978021978021978%
[00:00:01:37:555] 
---------- mazes/13x13_maze_with_1_open_diamonds_2 ----------
[00:00:01:12:608] Path of length 92 found: [0, 1, 2, 3, 4, 17, 30, 43, 56, 55, 54, 41, 28, 27, 26, 39, 52, 65, 78, 79, 80, 81, 82, 83, 70, 57, 58, 45, 32, 19, 6, 7, 8, 9, 10, 11, 12, 25, 38, 37, 36, 49, 62, 61, 60, 59, 72, 71, 84, 85, 98, 99, 86, 87, 88, 89, 90, 103, 116, 115, 114, 113, 112, 111, 110, 97, 96, 109, 122, 135, 134, 133, 132, 131, 130, 143, 156, 157, 158, 159, 160, 161, 162, 163, 164, 165, 152, 139, 140, 141, 142, 155, 168]
[00:00:01:12:619] ! Unidirectional s-t. expansions: 19,162, time: 72,613 [ms], path length: 92 [edges], generated: 66,257
[00:00:01:23:182] Path of length 92 found: [168, 155, 142, 141, 140, 139, 152, 165, 164, 163, 162, 161, 160, 159, 158, 157, 156, 143, 130, 131, 132, 133, 134, 135, 122, 109, 108, 107, 106, 105, 92, 79, 78, 65, 52, 39, 26, 27, 28, 41, 54, 55, 56, 57, 70, 83, 96, 97, 110, 111, 98, 99, 112, 113, 114, 115, 116, 103, 90, 89, 88, 87, 86, 85, 84, 71, 72, 59, 60, 61, 62, 63, 64, 51, 38, 25, 12, 11, 10, 9, 8, 7, 6, 19, 32, 31, 30, 17, 4, 3, 2, 1, 0]
[00:00:01:23:189] ! Unidirectional t-s. expansions: 28,453, time: 83,182 [ms], path length: 92 [edges], generated: 95,592
[00:00:00:44:137] Expansion 20,000: f=96, g=47
[00:00:01:24:553] Expansion 40,000: f=94, g=47
[00:00:01:37:997] Path of length 92 found: [168, 155, 142, 141, 140, 139, 152, 165, 164, 163, 162, 161, 160, 159, 158, 157, 156, 143, 130, 131, 132, 133, 134, 135, 122, 109, 108, 107, 106, 105, 92, 79, 78, 65, 52, 39, 26, 27, 28, 41, 54, 55, 56, 57, 70, 83, 84, 97, 110, 111, 112, 113, 114, 115, 116, 103, 90, 89, 88, 87, 86, 99, 98, 85, 72, 71, 58, 59, 60, 61, 62, 49, 36, 37, 38, 25, 12, 11, 10, 9, 8, 7, 6, 19, 32, 31, 30, 17, 4, 3, 2, 1, 0]
[00:00:01:38:000] ! Bidirectional. expansions: 45,882, time: 97,997 [ms], path length: 92 [edges], g_F: 44, g_B: 48, generated: 68,143, MM: 4, MMPER: 3.301075268817204%
[00:00:01:38:001] 
---------- mazes/13x13_maze_with_1_open_diamonds_3 ----------
[00:00:00:46:772] Path of length 90 found: [0, 1, 2, 3, 4, 17, 30, 43, 56, 55, 54, 41, 28, 27, 26, 39, 52, 65, 78, 79, 80, 81, 82, 83, 84, 71, 58, 45, 32, 19, 6, 7, 8, 9, 10, 11, 12, 25, 38, 37, 36, 49, 62, 61, 74, 87, 86, 85, 98, 99, 100, 101, 88, 89, 90, 103, 102, 115, 116, 129, 142, 141, 140, 139, 126, 113, 112, 111, 110, 109, 122, 135, 134, 133, 132, 131, 130, 143, 156, 157, 158, 159, 160, 161, 162, 163, 164, 165, 166, 167, 168]
[00:00:00:46:775] ! Unidirectional s-t. expansions: 11,994, time: 46,772 [ms], path length: 90 [edges], generated: 42,076
[00:00:01:58:229] Path of length 90 found: [168, 167, 166, 165, 164, 163, 162, 161, 160, 159, 158, 157, 156, 143, 130, 131, 132, 133, 134, 135, 122, 109, 108, 107, 106, 105, 92, 79, 78, 65, 52, 39, 26, 27, 28, 41, 54, 55, 56, 57, 58, 71, 84, 85, 98, 111, 112, 113, 126, 139, 140, 141, 142, 129, 116, 103, 90, 89, 102, 115, 114, 101, 100, 99, 86, 87, 74, 61, 62, 63, 64, 51, 38, 25, 12, 11, 10, 9, 8, 7, 6, 19, 32, 31, 30, 17, 4, 3, 2, 1, 0]
[00:00:01:58:230] ! Unidirectional t-s. expansions: 37,398, time: 118,229 [ms], path length: 90 [edges], generated: 126,519
[00:00:00:46:712] Expansion 20,000: f=96, g=47
[00:00:01:28:860] Expansion 40,000: f=93, g=29
[00:00:02:06:188] Expansion 60,000: f=91, g=47
[00:00:02:14:247] Path of length 90 found: [168, 167, 166, 165, 164, 163, 162, 161, 160, 159, 158, 157, 156, 143, 130, 131, 132, 133, 134, 135, 122, 109, 110, 111, 112, 113, 126, 139, 140, 141, 142, 129, 116, 115, 114, 101, 102, 103, 90, 89, 88, 87, 100, 99, 98, 85, 84, 83, 82, 81, 80, 79, 78, 65, 52, 39, 26, 27, 28, 41, 54, 55, 56, 57, 58, 59, 60, 61, 62, 49, 36, 37, 38, 25, 12, 11, 10, 9, 8, 7, 6, 19, 32, 31, 30, 17, 4, 3, 2, 1, 0]
[00:00:02:14:250] ! Bidirectional. expansions: 62,821, time: 134,247 [ms], path length: 90 [edges], g_F: 50, g_B: 40, generated: 92,533, MM: 10, MMPER: 9.989010989010989%
[00:00:02:14:253] 
---------- mazes/13x13_maze_with_1_open_diamonds_4 ----------
[00:00:01:29:011] Path of length 92 found: [0, 1, 2, 3, 4, 17, 30, 43, 56, 55, 54, 41, 28, 27, 26, 39, 52, 65, 78, 79, 80, 81, 82, 95, 108, 107, 106, 119, 132, 131, 130, 143, 156, 157, 158, 159, 160, 161, 162, 163, 150, 137, 136, 135, 134, 133, 120, 121, 122, 109, 110, 111, 112, 99, 86, 85, 84, 71, 58, 45, 32, 19, 6, 7, 8, 9, 10, 11, 12, 25, 38, 37, 36, 49, 62, 61, 74, 87, 88, 89, 90, 103, 116, 129, 142, 141, 140, 139, 152, 165, 166, 167, 168]
[00:00:01:29:012] ! Unidirectional s-t. expansions: 23,004, time: 89,011 [ms], path length: 92 [edges], generated: 86,424
[00:00:03:34:492] Path of length 92 found: [168, 167, 166, 165, 152, 139, 140, 141, 142, 129, 116, 103, 90, 89, 88, 87, 74, 61, 62, 63, 64, 51, 38, 25, 12, 11, 10, 9, 8, 7, 6, 19, 32, 45, 58, 71, 84, 85, 86, 99, 112, 111, 110, 109, 122, 123, 136, 137, 150, 163, 162, 161, 160, 159, 158, 157, 156, 143, 130, 131, 132, 119, 106, 107, 120, 133, 134, 121, 108, 95, 82, 81, 80, 79, 78, 65, 52, 39, 26, 27, 28, 41, 54, 55, 56, 43, 30, 17, 4, 3, 2, 1, 0]
[00:00:03:34:499] ! Unidirectional t-s. expansions: 58,330, time: 214,492 [ms], path length: 92 [edges], generated: 199,664
[00:00:00:50:623] Expansion 20,000: f=100, g=17
[00:00:01:36:343] Expansion 40,000: f=97, g=48
[00:00:02:19:441] Expansion 60,000: f=96, g=43
[00:00:03:04:818] Expansion 80,000: f=94, g=65
[00:00:03:48:068] Expansion 100,000: f=93, g=59
[00:00:04:08:844] Path of length 92 found: [0, 1, 2, 3, 4, 17, 30, 31, 32, 19, 6, 7, 8, 9, 10, 11, 12, 25, 38, 37, 36, 49, 62, 61, 60, 59, 58, 57, 56, 55, 54, 41, 28, 27, 26, 39, 52, 65, 78, 79, 80, 81, 82, 83, 84, 85, 86, 87, 88, 89, 90, 103, 116, 115, 114, 113, 112, 111, 110, 109, 108, 107, 106, 119, 120, 133, 132, 131, 130, 143, 156, 157, 158, 159, 160, 147, 134, 121, 122, 123, 136, 137, 150, 163, 164, 165, 152, 139, 140, 141, 142, 155, 168]
[00:00:04:08:848] ! Bidirectional. expansions: 109,222, time: 248,844 [ms], path length: 92 [edges], g_F: 35, g_B: 57, generated: 159,387, MM: 22, MMPER: 22.655913978494624%
[00:00:04:08:849] 
---------- mazes/13x13_maze_with_1_open_diamonds_5 ----------
[00:00:01:32:840] Path of length 92 found: [0, 1, 2, 3, 4, 17, 30, 43, 56, 55, 54, 41, 28, 27, 26, 39, 52, 65, 78, 79, 80, 81, 94, 107, 106, 105, 118, 131, 130, 143, 156, 157, 158, 159, 160, 161, 162, 163, 150, 137, 136, 135, 134, 133, 132, 119, 120, 121, 108, 109, 110, 111, 112, 99, 86, 85, 84, 71, 58, 45, 32, 19, 6, 7, 8, 9, 10, 11, 12, 25, 38, 37, 36, 49, 62, 61, 74, 87, 88, 89, 90, 103, 116, 129, 142, 141, 140, 139, 152, 165, 166, 167, 168]
[00:00:01:32:841] ! Unidirectional s-t. expansions: 25,427, time: 92,840 [ms], path length: 92 [edges], generated: 88,965
[00:00:03:28:557] Path of length 92 found: [168, 167, 166, 165, 152, 139, 140, 141, 142, 129, 116, 103, 90, 89, 88, 87, 74, 61, 62, 63, 64, 51, 38, 25, 12, 11, 10, 9, 8, 7, 6, 19, 32, 45, 58, 71, 84, 85, 86, 99, 112, 111, 110, 109, 108, 121, 122, 135, 136, 137, 150, 163, 162, 161, 160, 159, 158, 157, 156, 143, 130, 131, 118, 105, 106, 119, 132, 133, 120, 107, 94, 81, 80, 79, 78, 65, 52, 39, 26, 27, 28, 41, 54, 55, 56, 43, 30, 17, 4, 3, 2, 1, 0]
[00:00:03:28:586] ! Unidirectional t-s. expansions: 55,244, time: 208,557 [ms], path length: 92 [edges], generated: 186,007
[00:00:00:52:281] Expansion 20,000: f=99, g=49
[00:00:01:37:793] Expansion 40,000: f=97, g=37
[00:00:02:22:542] Expansion 60,000: f=96, g=20
[00:00:03:07:967] Expansion 80,000: f=94, g=47
[00:00:03:52:825] Expansion 100,000: f=93, g=49
[00:00:04:09:140] Path of length 92 found: [0, 1, 2, 3, 4, 17, 30, 31, 32, 19, 6, 7, 8, 9, 10, 11, 12, 25, 38, 37, 36, 49, 62, 61, 60, 59, 58, 57, 56, 55, 54, 41, 28, 27, 26, 39, 52, 65, 78, 79, 92, 105, 106, 119, 120, 121, 108, 107, 94, 81, 82, 83, 84, 85, 86, 87, 88, 89, 90, 103, 116, 115, 114, 113, 112, 111, 110, 109, 122, 135, 134, 133, 132, 131, 130, 143, 156, 157, 158, 159, 160, 161, 162, 163, 164, 165, 152, 139, 140, 141, 142, 155, 168]
[00:00:04:09:144] ! Bidirectional. expansions: 107,394, time: 249,140 [ms], path length: 92 [edges], g_F: 35, g_B: 57, generated: 157,386, MM: 22, MMPER: 22.655913978494624%
[00:00:04:09:145] 
---------- mazes/13x13_maze_with_1_open_diamonds_6 ----------
[00:00:00:44:580] Path of length 92 found: [0, 1, 2, 3, 4, 17, 30, 43, 56, 55, 54, 41, 28, 27, 26, 39, 52, 65, 78, 79, 80, 81, 82, 83, 84, 71, 58, 45, 32, 19, 6, 7, 8, 9, 10, 11, 12, 25, 38, 51, 64, 63, 62, 49, 36, 35, 34, 47, 60, 59, 72, 85, 86, 73, 74, 87, 88, 89, 90, 103, 116, 115, 114, 113, 112, 111, 110, 109, 122, 135, 134, 133, 132, 131, 130, 143, 156, 157, 158, 159, 160, 161, 162, 163, 164, 165, 152, 139, 140, 141, 142, 155, 168]
[00:00:00:44:582] ! Unidirectional s-t. expansions: 11,642, time: 44,580 [ms], path length: 92 [edges], generated: 40,337
[00:00:00:29:590] Path of length 92 found: [168, 155, 142, 141, 140, 139, 152, 165, 164, 163, 162, 161, 160, 159, 158, 157, 156, 143, 130, 131, 132, 133, 134, 135, 122, 109, 108, 107, 106, 105, 92, 79, 78, 65, 52, 39, 26, 27, 28, 41, 54, 55, 56, 57, 58, 71, 84, 85, 72, 73, 86, 99, 112, 113, 114, 115, 116, 103, 90, 89, 88, 87, 74, 61, 60, 47, 34, 35, 36, 49, 62, 63, 64, 51, 38, 25, 12, 11, 10, 9, 8, 7, 6, 19, 32, 31, 30, 17, 4, 3, 2, 1, 0]
[00:00:00:29:591] ! Unidirectional t-s. expansions: 9,319, time: 29,590 [ms], path length: 92 [edges], generated: 32,996
[00:00:00:59:195] Expansion 20,000: f=93, g=64
[00:00:01:02:776] Path of length 92 found: [168, 155, 142, 141, 140, 139, 152, 165, 164, 163, 162, 161, 160, 159, 158, 157, 156, 143, 130, 131, 132, 133, 134, 135, 122, 109, 110, 111, 112, 113, 114, 115, 116, 103, 90, 89, 88, 75, 74, 87, 86, 85, 72, 73, 60, 47, 34, 35, 36, 49, 62, 63, 64, 51, 38, 25, 12, 11, 10, 9, 8, 7, 6, 19, 32, 45, 58, 71, 84, 83, 82, 81, 80, 79, 78, 65, 52, 39, 26, 27, 28, 41, 54, 55, 56, 43, 30, 17, 4, 3, 2, 1, 0]
[00:00:01:02:842] ! Bidirectional. expansions: 21,320, time: 62,776 [ms], path length: 92 [edges], g_F: 43, g_B: 49, generated: 32,003, MM: 6, MMPER: 5.451612903225806%
[00:00:01:02:883] 
---------- mazes/13x13_maze_with_1_open_diamonds_7 ----------
[00:00:01:02:244] Path of length 94 found: [0, 1, 2, 3, 4, 17, 30, 31, 32, 19, 6, 7, 20, 21, 8, 9, 10, 11, 12, 25, 38, 51, 64, 63, 62, 49, 36, 35, 34, 33, 46, 47, 60, 61, 74, 87, 88, 89, 90, 103, 116, 115, 114, 113, 112, 99, 86, 85, 84, 71, 58, 57, 56, 55, 54, 41, 28, 27, 26, 39, 52, 65, 78, 79, 92, 105, 106, 107, 108, 109, 122, 135, 134, 133, 132, 131, 130, 143, 156, 157, 158, 159, 160, 161, 162, 163, 164, 165, 152, 139, 140, 141, 142, 155, 168]
[00:00:01:02:253] ! Unidirectional s-t. expansions: 15,275, time: 62,245 [ms], path length: 94 [edges], generated: 49,084
[00:00:00:10:183] Path of length 94 found: [168, 155, 142, 141, 140, 139, 152, 165, 164, 163, 162, 161, 160, 159, 158, 157, 156, 143, 130, 131, 132, 133, 134, 135, 122, 109, 108, 107, 106, 105, 92, 79, 78, 65, 52, 39, 26, 27, 28, 41, 54, 55, 56, 57, 58, 71, 84, 85, 86, 99, 112, 113, 114, 115, 116, 103, 90, 89, 88, 87, 74, 61, 60, 59, 46, 47, 34, 35, 36, 49, 62, 63, 64, 51, 38, 25, 12, 11, 10, 9, 8, 21, 20, 7, 6, 19, 32, 31, 30, 17, 4, 3, 2, 1, 0]
[00:00:00:10:188] ! Unidirectional t-s. expansions: 3,433, time: 10,183 [ms], path length: 94 [edges], generated: 13,824
[00:00:00:40:452] Path of length 94 found: [0, 1, 2, 3, 4, 17, 30, 31, 32, 19, 6, 7, 8, 9, 10, 11, 12, 25, 38, 51, 64, 63, 62, 49, 36, 35, 34, 21, 20, 33, 46, 47, 60, 61, 74, 87, 88, 89, 90, 103, 116, 115, 114, 113, 112, 99, 86, 85, 84, 71, 58, 57, 56, 55, 54, 41, 28, 27, 26, 39, 52, 65, 78, 79, 92, 105, 106, 107, 108, 109, 122, 135, 134, 133, 132, 131, 130, 143, 156, 157, 158, 159, 160, 161, 162, 163, 164, 165, 152, 139, 140, 141, 142, 155, 168]
[00:00:00:40:453] ! Bidirectional. expansions: 17,359, time: 40,452 [ms], path length: 94 [edges], g_F: 57, g_B: 37, generated: 25,089, MM: 20, MMPER: 20.05263157894737%
[00:00:00:40:453] 
---------- mazes/13x13_maze_with_1_open_diamonds_8 ----------
[00:00:00:57:176] Path of length 94 found: [0, 1, 2, 3, 4, 17, 30, 31, 32, 19, 6, 7, 20, 21, 8, 9, 10, 11, 12, 25, 38, 51, 64, 63, 62, 49, 36, 35, 34, 33, 46, 47, 60, 61, 74, 87, 88, 89, 90, 103, 116, 115, 114, 113, 112, 99, 86, 85, 84, 71, 58, 57, 56, 55, 54, 41, 28, 27, 26, 39, 52, 65, 78, 79, 92, 105, 106, 107, 108, 109, 122, 135, 134, 133, 132, 131, 130, 143, 156, 157, 158, 159, 160, 161, 162, 163, 164, 165, 152, 139, 140, 141, 142, 155, 168]
[00:00:00:57:178] ! Unidirectional s-t. expansions: 15,275, time: 57,177 [ms], path length: 94 [edges], generated: 49,084
[00:00:00:09:366] Path of length 94 found: [168, 155, 142, 141, 140, 139, 152, 165, 164, 163, 162, 161, 160, 159, 158, 157, 156, 143, 130, 131, 132, 133, 134, 135, 122, 109, 108, 107, 106, 105, 92, 79, 78, 65, 52, 39, 26, 27, 28, 41, 54, 55, 56, 57, 58, 71, 84, 85, 86, 99, 112, 113, 114, 115, 116, 103, 90, 89, 88, 87, 74, 61, 60, 59, 46, 47, 34, 35, 36, 49, 62, 63, 64, 51, 38, 25, 12, 11, 10, 9, 8, 21, 20, 7, 6, 19, 32, 31, 30, 17, 4, 3, 2, 1, 0]
[00:00:00:09:366] ! Unidirectional t-s. expansions: 3,433, time: 9,366 [ms], path length: 94 [edges], generated: 13,824
[00:00:00:40:843] Path of length 94 found: [0, 1, 2, 3, 4, 17, 30, 31, 32, 19, 6, 7, 8, 9, 10, 11, 12, 25, 38, 51, 64, 63, 62, 49, 36, 35, 34, 21, 20, 33, 46, 47, 60, 61, 74, 87, 88, 89, 90, 103, 116, 115, 114, 113, 112, 99, 86, 85, 84, 71, 58, 57, 56, 55, 54, 41, 28, 27, 26, 39, 52, 65, 78, 79, 92, 105, 106, 107, 108, 109, 122, 135, 134, 133, 132, 131, 130, 143, 156, 157, 158, 159, 160, 161, 162, 163, 164, 165, 152, 139, 140, 141, 142, 155, 168]
[00:00:00:40:843] ! Bidirectional. expansions: 17,359, time: 40,843 [ms], path length: 94 [edges], g_F: 57, g_B: 37, generated: 25,089, MM: 20, MMPER: 20.05263157894737%
[00:00:00:40:843] 
---------- mazes/13x13_maze_with_1_open_diamonds_9 ----------
[00:00:01:28:030] Path of length 92 found: [0, 1, 2, 3, 4, 17, 30, 43, 56, 55, 54, 41, 28, 27, 26, 39, 52, 65, 78, 79, 92, 105, 106, 107, 108, 109, 122, 135, 134, 133, 132, 131, 130, 143, 156, 157, 158, 159, 160, 161, 162, 163, 150, 137, 136, 123, 110, 111, 124, 125, 126, 113, 112, 99, 98, 85, 84, 71, 58, 45, 32, 19, 6, 7, 8, 9, 10, 11, 12, 25, 38, 37, 36, 49, 62, 61, 74, 87, 88, 89, 90, 103, 116, 129, 142, 141, 140, 139, 152, 165, 166, 167, 168]
[00:00:01:28:031] ! Unidirectional s-t. expansions: 26,291, time: 88,030 [ms], path length: 92 [edges], generated: 95,046
[00:00:03:06:245] Valid states checked so far: 200,000, Expansions: 61,094, Global best: 93
[00:00:06:15:098] Valid states checked so far: 400,000, Expansions: 122,490, Global best: 93
[00:00:07:29:614] Path of length 92 found: [168, 167, 166, 165, 152, 139, 140, 141, 142, 129, 116, 103, 90, 89, 88, 87, 74, 61, 62, 63, 64, 51, 38, 25, 12, 11, 10, 9, 8, 7, 6, 19, 32, 45, 58, 71, 84, 85, 86, 99, 98, 111, 112, 113, 126, 125, 138, 137, 150, 163, 162, 161, 160, 159, 158, 157, 156, 143, 130, 131, 132, 133, 134, 135, 136, 123, 110, 109, 108, 107, 106, 105, 92, 79, 78, 65, 52, 39, 26, 27, 28, 41, 54, 55, 56, 43, 30, 17, 4, 3, 2, 1, 0]
[00:00:07:29:615] ! Unidirectional t-s. expansions: 144,785, time: 449,614 [ms], path length: 92 [edges], generated: 472,714
[00:00:00:48:610] Expansion 20,000: f=104, g=52
[00:00:01:30:272] Expansion 40,000: f=101, g=51
[00:00:02:11:806] Expansion 60,000: f=100, g=26
[00:00:02:53:905] Expansion 80,000: f=98, g=47
[00:00:03:34:998] Expansion 100,000: f=97, g=43
[00:00:04:15:960] Expansion 120,000: f=96, g=50
[00:00:05:01:464] Expansion 140,000: f=95, g=62
[00:00:05:49:389] Expansion 160,000: f=94, g=67
[00:00:06:27:963] Expansion 180,000: f=94, g=57
[00:00:07:13:263] Expansion 200,000: f=94, g=79
[00:00:07:52:869] Expansion 220,000: f=93, g=55
[00:00:08:27:847] Path of length 92 found: [168, 155, 142, 141, 140, 139, 152, 165, 164, 163, 162, 161, 160, 159, 158, 157, 156, 143, 130, 131, 132, 133, 134, 135, 136, 137, 138, 125, 126, 113, 114, 115, 116, 103, 90, 89, 88, 87, 74, 61, 62, 63, 64, 51, 38, 25, 12, 11, 10, 9, 8, 7, 6, 19, 32, 45, 58, 71, 84, 85, 86, 99, 98, 111, 110, 123, 122, 109, 108, 107, 106, 105, 92, 79, 78, 65, 52, 39, 26, 27, 28, 41, 54, 55, 56, 43, 30, 17, 4, 3, 2, 1, 0]
[00:00:08:27:853] ! Bidirectional. expansions: 231,449, time: 507,849 [ms], path length: 92 [edges], g_F: 53, g_B: 39, generated: 327,015, MM: 14, MMPER: 14.053763440860216%

[00:00:08:27:859] average expansions: (20,588, 44,051, 78,838, 0)
[00:00:08:27:864] average time: (77,811, 145,676, 177,853, 0)
[00:00:08:27:868] : 20,588 , 77,811 (expansions , time[ms])
[00:00:08:27:872] : 78,838 , 177,853 (expansions , time[ms])

