------------------------------------
Thu 01 Oct 2026 12:13:38 IDT
SLURM_JOBID:		21944017
SLURM_JOB_NODELIST:	ise-cpu256-14
SLURM_SCRATCH_DIR:	/scratch/shubit/21944017
Allocated Resouces:	cpu - 2 / mem - 61440 MB / gpu - 
SLURM_GPU_INDEX:	
Running as shubit from shimony account with normal QOS
------------------------------------
Thu 01 Oct 2026 12:13:38 IDT

SLURM_JOBID:		 21944017
SLURM_JOB_NODELIST:	 ise-cpu256-14 

--------------------------
date: SM_Grids
number_of_graphs: 10
graph_type: grid
size_of_graphs: [6, 6]
heuristic: bcc_heuristic
snake: False
run_uni: True
run_bi: True
run_multi: False
solution_vertices: []
algorithms: ['IDA']
lookahead: -1
bsd: False
cube_first_dims: 4
cube_buffer_dim: None
backward_sym_generation: False
sym_coil: False
prefix_set: None

---------- SM_Grids/6x6_grid_with_random_blocks_12per_0 ----------
[00:00:00:00:401] Path of length 28 found: [0, 6, 12, 18, 24, 25, 19, 13, 7, 1, 2, 8, 14, 20, 26, 32, 33, 27, 28, 22, 16, 10, 4, 5, 11, 17, 23, 29, 35]
[00:00:00:00:401] ! Unidirectional s-t. expansions: 410, time: 401 [ms], path length: 28 [edges], generated: 729
[00:00:00:00:395] Path of length 28 found: [35, 29, 23, 17, 11, 5, 4, 3, 2, 8, 14, 15, 16, 22, 28, 27, 33, 32, 26, 20, 19, 25, 24, 18, 12, 13, 7, 1, 0]
[00:00:00:00:395] ! Unidirectional t-s. expansions: 526, time: 395 [ms], path length: 28 [edges], generated: 889
[00:00:00:00:780] Path of length 28 found: [0, 6, 12, 18, 24, 25, 19, 13, 7, 1, 2, 8, 14, 20, 26, 32, 33, 27, 28, 22, 16, 10, 4, 5, 11, 17, 23, 29, 35]
[00:00:00:01:057] ! Bidirectional. expansions: 738, time: 780 [ms], path length: 28 [edges], g_F: 15, g_B: 13, generated: 0, MM: 2, MMPER: 5.896551724137931%
[00:00:00:01:057] 
---------- SM_Grids/6x6_grid_with_random_blocks_12per_1 ----------
[00:00:00:00:252] Path of length 28 found: [0, 6, 12, 18, 24, 30, 31, 25, 19, 13, 7, 1, 2, 8, 9, 15, 14, 20, 26, 32, 33, 34, 28, 22, 16, 17, 23, 29, 35]
[00:00:00:00:252] ! Unidirectional s-t. expansions: 219, time: 252 [ms], path length: 28 [edges], generated: 387
[00:00:00:00:345] Path of length 28 found: [35, 29, 23, 17, 16, 15, 9, 8, 2, 1, 7, 13, 14, 20, 21, 22, 28, 34, 33, 32, 26, 25, 31, 30, 24, 18, 12, 6, 0]
[00:00:00:00:346] ! Unidirectional t-s. expansions: 342, time: 345 [ms], path length: 28 [edges], generated: 588
[00:00:00:00:431] Path of length 28 found: [0, 6, 12, 18, 24, 30, 31, 25, 19, 13, 7, 1, 2, 8, 14, 15, 21, 20, 26, 32, 33, 34, 28, 22, 16, 17, 23, 29, 35]
[00:00:00:00:688] ! Bidirectional. expansions: 423, time: 431 [ms], path length: 28 [edges], g_F: 15, g_B: 13, generated: 0, MM: 2, MMPER: 5.896551724137931%
[00:00:00:00:688] 
---------- SM_Grids/6x6_grid_with_random_blocks_12per_2 ----------
[00:00:00:00:044] Path of length 26 found: [0, 1, 2, 8, 7, 13, 12, 18, 24, 30, 31, 25, 19, 20, 26, 32, 33, 27, 21, 22, 16, 17, 23, 29, 28, 34, 35]
[00:00:00:00:044] ! Unidirectional s-t. expansions: 31, time: 44 [ms], path length: 26 [edges], generated: 54
[00:00:00:00:342] Path of length 26 found: [35, 29, 23, 17, 16, 22, 21, 20, 19, 25, 26, 27, 28, 34, 33, 32, 31, 30, 24, 18, 12, 13, 14, 8, 2, 1, 0]
[00:00:00:00:342] ! Unidirectional t-s. expansions: 360, time: 342 [ms], path length: 26 [edges], generated: 595
[00:00:00:00:088] Path of length 26 found: [0, 1, 2, 8, 7, 13, 12, 18, 24, 30, 31, 32, 33, 34, 28, 27, 26, 25, 19, 20, 21, 22, 16, 17, 23, 29, 35]
[00:00:00:00:348] ! Bidirectional. expansions: 60, time: 88 [ms], path length: 26 [edges], g_F: 14, g_B: 12, generated: 0, MM: 2, MMPER: 6.407407407407407%
[00:00:00:00:348] 
---------- SM_Grids/6x6_grid_with_random_blocks_12per_3 ----------
[00:00:00:00:034] Path of length 30 found: [0, 1, 7, 6, 12, 18, 19, 13, 14, 8, 9, 3, 4, 10, 11, 17, 23, 22, 16, 15, 21, 20, 26, 25, 31, 32, 33, 27, 28, 34, 35]
[00:00:00:00:034] ! Unidirectional s-t. expansions: 29, time: 34 [ms], path length: 30 [edges], generated: 48
[00:00:00:00:061] Path of length 30 found: [35, 34, 28, 27, 33, 32, 31, 25, 26, 20, 21, 15, 16, 22, 23, 17, 11, 10, 4, 3, 9, 8, 14, 13, 19, 18, 12, 6, 7, 1, 0]
[00:00:00:00:061] ! Unidirectional t-s. expansions: 50, time: 61 [ms], path length: 30 [edges], generated: 88
[00:00:00:00:047] Path of length 30 found: [0, 1, 7, 6, 12, 18, 19, 13, 14, 8, 9, 3, 4, 10, 11, 17, 23, 22, 16, 15, 21, 20, 26, 25, 31, 32, 33, 27, 28, 34, 35]
[00:00:00:00:307] ! Bidirectional. expansions: 39, time: 48 [ms], path length: 30 [edges], g_F: 16, g_B: 14, generated: 0, MM: 2, MMPER: 5.451612903225806%
[00:00:00:00:307] 
---------- SM_Grids/6x6_grid_with_random_blocks_12per_4 ----------
[00:00:00:00:169] Path of length 30 found: [0, 6, 12, 18, 24, 30, 31, 25, 26, 32, 33, 27, 21, 20, 14, 13, 7, 8, 9, 3, 4, 5, 11, 10, 16, 17, 23, 29, 28, 34, 35]
[00:00:00:00:169] ! Unidirectional s-t. expansions: 117, time: 169 [ms], path length: 30 [edges], generated: 194
[00:00:00:00:270] Path of length 30 found: [35, 29, 23, 17, 11, 5, 4, 3, 9, 10, 16, 15, 14, 20, 21, 27, 28, 34, 33, 32, 26, 25, 31, 30, 24, 18, 12, 13, 7, 6, 0]
[00:00:00:00:270] ! Unidirectional t-s. expansions: 257, time: 270 [ms], path length: 30 [edges], generated: 427
[00:00:00:00:304] Path of length 30 found: [0, 6, 12, 18, 24, 30, 31, 25, 26, 32, 33, 34, 28, 27, 21, 15, 14, 13, 7, 8, 9, 3, 4, 5, 11, 10, 16, 17, 23, 29, 35]
[00:00:00:00:570] ! Bidirectional. expansions: 288, time: 304 [ms], path length: 30 [edges], g_F: 16, g_B: 14, generated: 0, MM: 2, MMPER: 5.451612903225806%
[00:00:00:00:571] 
---------- SM_Grids/6x6_grid_with_random_blocks_12per_5 ----------
[00:00:00:00:209] Path of length 30 found: [0, 6, 12, 18, 24, 30, 31, 32, 26, 20, 19, 13, 7, 1, 2, 8, 9, 3, 4, 5, 11, 10, 16, 17, 23, 22, 21, 27, 33, 34, 35]
[00:00:00:00:209] ! Unidirectional s-t. expansions: 190, time: 209 [ms], path length: 30 [edges], generated: 293
[00:00:00:00:032] Path of length 30 found: [35, 29, 23, 17, 11, 5, 4, 3, 2, 1, 7, 8, 9, 10, 16, 22, 21, 20, 26, 27, 33, 32, 31, 30, 24, 18, 19, 13, 12, 6, 0]
[00:00:00:00:032] ! Unidirectional t-s. expansions: 30, time: 32 [ms], path length: 30 [edges], generated: 46
[00:00:00:00:075] Path of length 30 found: [0, 6, 12, 13, 19, 18, 24, 30, 31, 32, 33, 27, 26, 20, 21, 22, 16, 10, 9, 8, 7, 1, 2, 3, 4, 5, 11, 17, 23, 29, 35]
[00:00:00:00:331] ! Bidirectional. expansions: 68, time: 75 [ms], path length: 30 [edges], g_F: 16, g_B: 14, generated: 0, MM: 2, MMPER: 5.451612903225806%
[00:00:00:00:331] 
---------- SM_Grids/6x6_grid_with_random_blocks_12per_6 ----------
[00:00:00:00:030] Path of length 28 found: [0, 6, 12, 18, 24, 25, 19, 13, 7, 1, 2, 3, 9, 8, 14, 20, 26, 32, 33, 34, 28, 22, 21, 15, 16, 17, 23, 29, 35]
[00:00:00:00:031] ! Unidirectional s-t. expansions: 27, time: 30 [ms], path length: 28 [edges], generated: 45
[00:00:00:00:030] Path of length 28 found: [35, 29, 23, 17, 16, 15, 9, 3, 2, 1, 7, 8, 14, 13, 19, 20, 21, 22, 28, 34, 33, 32, 26, 25, 24, 18, 12, 6, 0]
[00:00:00:00:030] ! Unidirectional t-s. expansions: 27, time: 30 [ms], path length: 28 [edges], generated: 45
[00:00:00:00:032] Path of length 28 found: [0, 6, 12, 18, 24, 25, 19, 13, 7, 1, 2, 3, 9, 8, 14, 20, 26, 32, 33, 34, 28, 22, 21, 15, 16, 17, 23, 29, 35]
[00:00:00:00:289] ! Bidirectional. expansions: 27, time: 32 [ms], path length: 28 [edges], g_F: 15, g_B: 13, generated: 0, MM: 2, MMPER: 5.896551724137931%
[00:00:00:00:289] 
---------- SM_Grids/6x6_grid_with_random_blocks_12per_7 ----------
[00:00:00:00:136] Path of length 30 found: [0, 1, 7, 13, 12, 18, 24, 30, 31, 25, 26, 20, 21, 15, 9, 8, 2, 3, 4, 10, 11, 17, 16, 22, 23, 29, 28, 27, 33, 34, 35]
[00:00:00:00:136] ! Unidirectional s-t. expansions: 132, time: 136 [ms], path length: 30 [edges], generated: 206
[00:00:00:00:325] Path of length 30 found: [35, 29, 23, 17, 11, 10, 4, 3, 2, 8, 9, 15, 16, 22, 21, 20, 26, 27, 28, 34, 33, 32, 31, 25, 24, 18, 12, 13, 7, 1, 0]
[00:00:00:00:326] ! Unidirectional t-s. expansions: 289, time: 326 [ms], path length: 30 [edges], generated: 479
[00:00:00:00:391] Path of length 30 found: [0, 1, 7, 13, 12, 18, 24, 30, 31, 25, 26, 20, 21, 27, 33, 34, 28, 22, 16, 15, 9, 8, 2, 3, 4, 10, 11, 17, 23, 29, 35]
[00:00:00:00:647] ! Bidirectional. expansions: 366, time: 391 [ms], path length: 30 [edges], g_F: 16, g_B: 14, generated: 0, MM: 2, MMPER: 5.451612903225806%
[00:00:00:00:647] 
---------- SM_Grids/6x6_grid_with_random_blocks_12per_8 ----------
[00:00:00:00:260] Path of length 30 found: [0, 1, 2, 3, 9, 10, 4, 5, 11, 17, 23, 22, 16, 15, 14, 8, 7, 6, 12, 18, 24, 30, 31, 25, 19, 20, 26, 27, 33, 34, 35]
[00:00:00:00:260] ! Unidirectional s-t. expansions: 178, time: 260 [ms], path length: 30 [edges], generated: 293
[00:00:00:00:031] Path of length 30 found: [35, 34, 33, 27, 26, 20, 19, 25, 31, 30, 24, 18, 12, 6, 7, 8, 14, 15, 9, 10, 16, 22, 23, 17, 11, 5, 4, 3, 2, 1, 0]
[00:00:00:00:031] ! Unidirectional t-s. expansions: 30, time: 31 [ms], path length: 30 [edges], generated: 46
[00:00:00:00:046] Path of length 30 found: [0, 1, 2, 3, 9, 10, 4, 5, 11, 17, 23, 22, 16, 15, 14, 8, 7, 6, 12, 18, 24, 30, 31, 25, 19, 20, 26, 27, 33, 34, 35]
[00:00:00:00:301] ! Bidirectional. expansions: 38, time: 46 [ms], path length: 30 [edges], g_F: 16, g_B: 14, generated: 0, MM: 2, MMPER: 5.451612903225806%
[00:00:00:00:301] 
---------- SM_Grids/6x6_grid_with_random_blocks_12per_9 ----------
[00:00:00:00:798] Path of length 26 found: [0, 6, 7, 1, 2, 8, 14, 13, 19, 25, 26, 20, 21, 15, 9, 3, 4, 5, 11, 10, 16, 22, 28, 27, 33, 34, 35]
[00:00:00:00:798] ! Unidirectional s-t. expansions: 701, time: 798 [ms], path length: 26 [edges], generated: 1,324
[00:00:00:00:604] Path of length 26 found: [35, 29, 28, 34, 33, 27, 21, 22, 16, 17, 11, 5, 4, 10, 9, 3, 2, 8, 14, 20, 26, 25, 19, 13, 7, 1, 0]
[00:00:00:00:604] ! Unidirectional t-s. expansions: 630, time: 604 [ms], path length: 26 [edges], generated: 1,129
[00:00:00:00:539] Path of length 26 found: [0, 6, 7, 1, 2, 8, 14, 15, 9, 3, 4, 5, 11, 10, 16, 22, 21, 20, 19, 25, 26, 27, 33, 34, 28, 29, 35]
[00:00:00:00:795] ! Bidirectional. expansions: 504, time: 539 [ms], path length: 26 [edges], g_F: 14, g_B: 12, generated: 0, MM: 2, MMPER: 6.407407407407407%

[00:00:00:00:795] average expansions: (203, 254, 255, 0)
[00:00:00:00:795] average time: (233, 244, 273, 0)
[00:00:00:00:795] XIDA: 203 , 233 (expansions , time[ms])
[00:00:00:00:795] BiXIDA: 255 , 273 (expansions , time[ms])

