------------------------------------
Thu 01 Oct 2026 15:49:43 IDT
SLURM_JOBID:		21953329
SLURM_JOB_NODELIST:	ise-cpu256-15
SLURM_SCRATCH_DIR:	/scratch/shubit/21953329
Allocated Resouces:	cpu - 2 / mem - 61440 MB / gpu - 
SLURM_GPU_INDEX:	
Running as shubit from shimony account with normal QOS
------------------------------------
Thu 01 Oct 2026 15:49:43 IDT

SLURM_JOBID:		 21953329
SLURM_JOB_NODELIST:	 ise-cpu256-15 

--------------------------
date: SM_Grids
number_of_graphs: 10
graph_type: grid
size_of_graphs: [6, 6]
heuristic: bcc_heuristic
snake: False
run_uni: True
run_bi: True
run_multi: False
solution_vertices: []
algorithms: ['XMM']
lookahead: 4
bsd: False
cube_first_dims: 4
cube_buffer_dim: None
backward_sym_generation: False
sym_coil: False
prefix_set: None

---------- SM_Grids/6x6_grid_with_random_blocks_16per_0 ----------
[00:00:00:01:075] Path of length 22 found: [0, 1, 7, 6, 12, 18, 19, 13, 14, 8, 9, 3, 4, 10, 11, 17, 16, 15, 21, 27, 28, 34, 35]
[00:00:00:01:076] ! Unidirectional s-t. expansions: 260, time: 1,076 [ms], path length: 22 [edges], generated: 3,468
[00:00:00:01:256] Path of length 22 found: [35, 29, 28, 27, 21, 20, 19, 18, 12, 13, 14, 15, 16, 17, 11, 5, 4, 3, 9, 8, 7, 1, 0]
[00:00:00:01:256] ! Unidirectional t-s. expansions: 253, time: 1,256 [ms], path length: 22 [edges], generated: 4,216
[00:00:00:01:465] Path of length 22 found: [0, 1, 7, 6, 12, 18, 19, 13, 14, 8, 9, 3, 4, 5, 11, 17, 16, 22, 21, 27, 28, 29, 35]
[00:00:00:01:828] ! Bidirectional. expansions: 474, time: 1,465 [ms], path length: 22 [edges], g_F: 11, g_B: 11, generated: 907, MM: 0, MMPER: -1.0%
[00:00:00:01:828] 
---------- SM_Grids/6x6_grid_with_random_blocks_16per_1 ----------
[00:00:00:00:048] Path of length 20 found: [0, 6, 7, 1, 2, 3, 9, 15, 21, 27, 28, 22, 16, 10, 4, 5, 11, 17, 23, 29, 35]
[00:00:00:00:048] ! Unidirectional s-t. expansions: 5, time: 48 [ms], path length: 20 [edges], generated: 92
[00:00:00:00:048] Path of length 20 found: [35, 29, 23, 17, 11, 5, 4, 10, 16, 22, 28, 27, 21, 15, 9, 3, 2, 1, 7, 6, 0]
[00:00:00:00:048] ! Unidirectional t-s. expansions: 5, time: 48 [ms], path length: 20 [edges], generated: 84
[00:00:00:00:163] Path of length 20 found: [0, 6, 7, 1, 2, 3, 9, 15, 21, 27, 28, 22, 16, 10, 4, 5, 11, 17, 23, 29, 35]
[00:00:00:00:485] ! Bidirectional. expansions: 54, time: 163 [ms], path length: 20 [edges], g_F: 10, g_B: 10, generated: 103, MM: 0, MMPER: -1.0%
[00:00:00:00:486] 
---------- SM_Grids/6x6_grid_with_random_blocks_16per_2 ----------
[00:00:00:00:226] Path of length 20 found: [0, 6, 12, 18, 24, 30, 31, 32, 26, 25, 19, 13, 7, 8, 14, 20, 21, 27, 33, 34, 35]
[00:00:00:00:226] ! Unidirectional s-t. expansions: 19, time: 226 [ms], path length: 20 [edges], generated: 455
[00:00:00:00:052] Path of length 20 found: [35, 34, 28, 27, 21, 20, 14, 8, 7, 13, 19, 25, 26, 32, 31, 30, 24, 18, 12, 6, 0]
[00:00:00:00:052] ! Unidirectional t-s. expansions: 5, time: 52 [ms], path length: 20 [edges], generated: 76
[00:00:00:00:154] Path of length 20 found: [0, 6, 12, 18, 24, 30, 31, 32, 26, 25, 19, 13, 7, 8, 14, 20, 21, 27, 28, 34, 35]
[00:00:00:00:583] ! Bidirectional. expansions: 50, time: 154 [ms], path length: 20 [edges], g_F: 10, g_B: 10, generated: 100, MM: 0, MMPER: -1.0%
[00:00:00:00:583] 
---------- SM_Grids/6x6_grid_with_random_blocks_16per_3 ----------
[00:00:00:00:172] Path of length 28 found: [0, 6, 12, 13, 7, 8, 14, 20, 19, 25, 24, 30, 31, 32, 33, 27, 21, 22, 16, 10, 9, 3, 4, 5, 11, 17, 23, 29, 35]
[00:00:00:00:173] ! Unidirectional s-t. expansions: 26, time: 172 [ms], path length: 28 [edges], generated: 307
[00:00:00:00:101] Path of length 28 found: [35, 29, 23, 17, 11, 5, 4, 3, 2, 8, 9, 10, 16, 22, 21, 27, 33, 32, 31, 30, 24, 25, 19, 20, 14, 13, 7, 6, 0]
[00:00:00:00:102] ! Unidirectional t-s. expansions: 14, time: 101 [ms], path length: 28 [edges], generated: 204
[00:00:00:00:284] Path of length 28 found: [0, 6, 12, 13, 14, 20, 19, 25, 24, 30, 31, 32, 33, 27, 21, 22, 16, 10, 9, 8, 2, 3, 4, 5, 11, 17, 23, 29, 35]
[00:00:00:00:610] ! Bidirectional. expansions: 116, time: 285 [ms], path length: 28 [edges], g_F: 13, g_B: 15, generated: 181, MM: 2, MMPER: 5.896551724137931%
[00:00:00:00:611] 
---------- SM_Grids/6x6_grid_with_random_blocks_16per_4 ----------
[00:00:00:00:080] Path of length 26 found: [0, 1, 7, 6, 12, 18, 24, 30, 31, 25, 19, 13, 14, 20, 26, 32, 33, 27, 21, 22, 16, 17, 23, 29, 28, 34, 35]
[00:00:00:00:080] ! Unidirectional s-t. expansions: 7, time: 80 [ms], path length: 26 [edges], generated: 153
[00:00:00:00:063] Path of length 26 found: [35, 29, 23, 17, 16, 22, 21, 20, 14, 13, 19, 25, 26, 27, 28, 34, 33, 32, 31, 30, 24, 18, 12, 6, 7, 1, 0]
[00:00:00:00:064] ! Unidirectional t-s. expansions: 7, time: 64 [ms], path length: 26 [edges], generated: 108
[00:00:00:00:289] Path of length 26 found: [0, 1, 7, 6, 12, 18, 24, 30, 31, 25, 19, 13, 14, 20, 26, 32, 33, 34, 28, 27, 21, 22, 16, 17, 23, 29, 35]
[00:00:00:00:612] ! Bidirectional. expansions: 100, time: 289 [ms], path length: 26 [edges], g_F: 13, g_B: 13, generated: 180, MM: 0, MMPER: -1.0%
[00:00:00:00:612] 
---------- SM_Grids/6x6_grid_with_random_blocks_16per_5 ----------
[00:00:00:00:225] Path of length 28 found: [0, 1, 2, 8, 14, 15, 9, 10, 4, 5, 11, 17, 16, 22, 21, 20, 19, 13, 12, 18, 24, 30, 31, 25, 26, 27, 33, 34, 35]
[00:00:00:00:226] ! Unidirectional s-t. expansions: 26, time: 226 [ms], path length: 28 [edges], generated: 538
[00:00:00:00:692] Path of length 28 found: [35, 34, 33, 27, 28, 22, 16, 17, 11, 5, 4, 10, 9, 15, 21, 20, 26, 25, 31, 30, 24, 18, 12, 13, 14, 8, 2, 1, 0]
[00:00:00:00:692] ! Unidirectional t-s. expansions: 62, time: 692 [ms], path length: 28 [edges], generated: 1,386
[00:00:00:00:605] Path of length 28 found: [0, 1, 2, 8, 14, 13, 12, 18, 24, 30, 31, 25, 19, 20, 21, 15, 9, 10, 4, 5, 11, 17, 16, 22, 28, 27, 33, 34, 35]
[00:00:00:00:944] ! Bidirectional. expansions: 213, time: 605 [ms], path length: 28 [edges], g_F: 13, g_B: 15, generated: 382, MM: 2, MMPER: 5.896551724137931%
[00:00:00:00:944] 
---------- SM_Grids/6x6_grid_with_random_blocks_16per_6 ----------
[00:00:00:00:383] Path of length 28 found: [0, 6, 12, 18, 24, 30, 31, 32, 26, 20, 19, 13, 7, 1, 2, 8, 14, 15, 9, 10, 16, 17, 23, 22, 28, 27, 33, 34, 35]
[00:00:00:00:383] ! Unidirectional s-t. expansions: 56, time: 383 [ms], path length: 28 [edges], generated: 988
[00:00:00:00:213] Path of length 28 found: [35, 34, 33, 32, 31, 30, 24, 18, 12, 6, 7, 13, 19, 20, 26, 27, 28, 22, 23, 17, 16, 10, 9, 15, 14, 8, 2, 1, 0]
[00:00:00:00:214] ! Unidirectional t-s. expansions: 14, time: 213 [ms], path length: 28 [edges], generated: 291
[00:00:00:00:387] Path of length 28 found: [0, 6, 12, 13, 7, 1, 2, 8, 14, 15, 9, 10, 16, 17, 23, 29, 28, 27, 26, 20, 19, 18, 24, 30, 31, 32, 33, 34, 35]
[00:00:00:00:744] ! Bidirectional. expansions: 136, time: 387 [ms], path length: 28 [edges], g_F: 13, g_B: 15, generated: 242, MM: 2, MMPER: 5.896551724137931%
[00:00:00:00:744] 
---------- SM_Grids/6x6_grid_with_random_blocks_16per_7 ----------
[00:00:00:00:125] Path of length 18 found: [0, 6, 12, 18, 24, 30, 31, 25, 19, 13, 14, 20, 26, 32, 33, 27, 28, 29, 35]
[00:00:00:00:125] ! Unidirectional s-t. expansions: 11, time: 125 [ms], path length: 18 [edges], generated: 243
[00:00:00:00:067] Path of length 18 found: [35, 29, 28, 27, 33, 32, 31, 30, 24, 18, 19, 25, 26, 20, 14, 13, 7, 6, 0]
[00:00:00:00:067] ! Unidirectional t-s. expansions: 10, time: 67 [ms], path length: 18 [edges], generated: 155
[00:00:00:00:149] Path of length 18 found: [0, 6, 12, 18, 24, 30, 31, 25, 19, 13, 14, 20, 26, 32, 33, 27, 28, 29, 35]
[00:00:00:00:469] ! Bidirectional. expansions: 52, time: 149 [ms], path length: 18 [edges], g_F: 8, g_B: 10, generated: 99, MM: 2, MMPER: 9.526315789473685%
[00:00:00:00:469] 
---------- SM_Grids/6x6_grid_with_random_blocks_16per_8 ----------
[00:00:00:00:075] Path of length 22 found: [0, 6, 12, 18, 19, 13, 7, 1, 2, 8, 14, 20, 21, 15, 9, 10, 16, 22, 23, 29, 28, 34, 35]
[00:00:00:00:076] ! Unidirectional s-t. expansions: 6, time: 76 [ms], path length: 22 [edges], generated: 145
[00:00:00:00:061] Path of length 22 found: [35, 34, 28, 29, 23, 22, 16, 10, 9, 8, 2, 1, 7, 13, 14, 15, 21, 20, 19, 18, 12, 6, 0]
[00:00:00:00:061] ! Unidirectional t-s. expansions: 6, time: 61 [ms], path length: 22 [edges], generated: 125
[00:00:00:00:104] Path of length 22 found: [0, 6, 12, 18, 19, 13, 7, 1, 2, 8, 14, 20, 21, 15, 9, 10, 16, 22, 23, 29, 28, 34, 35]
[00:00:00:00:511] ! Bidirectional. expansions: 36, time: 104 [ms], path length: 22 [edges], g_F: 11, g_B: 11, generated: 69, MM: 0, MMPER: -1.0%
[00:00:00:00:511] 
---------- SM_Grids/6x6_grid_with_random_blocks_16per_9 ----------
[00:00:00:00:237] Path of length 26 found: [0, 6, 12, 18, 24, 30, 31, 25, 26, 32, 33, 27, 21, 20, 14, 15, 16, 10, 4, 5, 11, 17, 23, 22, 28, 34, 35]
[00:00:00:00:238] ! Unidirectional s-t. expansions: 29, time: 237 [ms], path length: 26 [edges], generated: 662
[00:00:00:00:624] Path of length 26 found: [35, 29, 23, 17, 11, 5, 4, 10, 16, 15, 14, 20, 21, 22, 28, 34, 33, 27, 26, 32, 31, 25, 24, 18, 12, 6, 0]
[00:00:00:00:625] ! Unidirectional t-s. expansions: 83, time: 624 [ms], path length: 26 [edges], generated: 1,511
[00:00:00:00:632] Path of length 26 found: [0, 6, 12, 18, 24, 30, 31, 25, 26, 32, 33, 27, 21, 20, 14, 15, 16, 10, 4, 5, 11, 17, 23, 29, 28, 34, 35]
[00:00:00:01:050] ! Bidirectional. expansions: 225, time: 632 [ms], path length: 26 [edges], g_F: 13, g_B: 13, generated: 414, MM: 0, MMPER: -1.0%

[00:00:00:01:051] average expansions: (44, 46, 146, 0)
[00:00:00:01:051] average time: (265, 318, 423, 0)
[00:00:00:01:051] XA*: 44 , 265 (expansions , time[ms])
[00:00:00:01:051] XMM: 146 , 423 (expansions , time[ms])

