------------------------------------
Thu 01 Oct 2026 10:43:14 IDT
SLURM_JOBID:		21942668
SLURM_JOB_NODELIST:	ise-cpu256-10
SLURM_SCRATCH_DIR:	/scratch/shubit/21942668
Allocated Resouces:	cpu - 2 / mem - 61440 MB / gpu - 
SLURM_GPU_INDEX:	
Running as shubit from shimony account with normal QOS
------------------------------------
Thu 01 Oct 2026 10:43:14 IDT

SLURM_JOBID:		 21942668
SLURM_JOB_NODELIST:	 ise-cpu256-10 

--------------------------
date: SM_Grids
number_of_graphs: 10
graph_type: grid
size_of_graphs: [6, 6]
heuristic: bcc_heuristic
snake: False
run_uni: True
run_bi: True
run_multi: False
solution_vertices: []
algorithms: ['A']
lookahead: 3
bsd: False
cube_first_dims: 4
cube_buffer_dim: None
backward_sym_generation: False
sym_coil: False
prefix_set: None

---------- SM_Grids/6x6_grid_with_random_blocks_20per_0 ----------
[00:00:00:00:047] Path of length 26 found: [0, 1, 2, 3, 4, 5, 11, 10, 9, 15, 14, 8, 7, 6, 12, 13, 19, 20, 26, 25, 31, 32, 33, 27, 28, 34, 35]
[00:00:00:00:048] ! Unidirectional s-t. expansions: 13, time: 48 [ms], path length: 26 [edges], generated: 137
[00:00:00:00:026] Path of length 26 found: [35, 34, 28, 27, 33, 32, 31, 25, 26, 20, 19, 13, 12, 6, 7, 8, 14, 15, 9, 10, 11, 5, 4, 3, 2, 1, 0]
[00:00:00:00:026] ! Unidirectional t-s. expansions: 9, time: 26 [ms], path length: 26 [edges], generated: 84
[00:00:00:00:091] Path of length 26 found: [0, 1, 2, 3, 4, 5, 11, 10, 9, 15, 14, 8, 7, 6, 12, 13, 19, 20, 26, 25, 31, 32, 33, 27, 28, 34, 35]
[00:00:00:00:391] ! Bidirectional. expansions: 16, time: 91 [ms], path length: 26 [edges], g_F: 15, g_B: 11, generated: 0, MM: 4, MMPER: 13.814814814814815%
[00:00:00:00:391] 
---------- SM_Grids/6x6_grid_with_random_blocks_20per_1 ----------
[00:00:00:01:101] Path of length 24 found: [0, 6, 12, 18, 19, 20, 14, 13, 7, 1, 2, 8, 9, 3, 4, 5, 11, 10, 16, 22, 21, 27, 28, 29, 35]
[00:00:00:01:102] ! Unidirectional s-t. expansions: 334, time: 1,101 [ms], path length: 24 [edges], generated: 3,350
[00:00:00:00:545] Path of length 24 found: [35, 29, 28, 27, 21, 22, 16, 17, 11, 5, 4, 10, 9, 3, 2, 8, 14, 20, 19, 18, 12, 13, 7, 1, 0]
[00:00:00:00:545] ! Unidirectional t-s. expansions: 163, time: 545 [ms], path length: 24 [edges], generated: 1,750
[00:00:00:01:128] Path of length 24 found: [0, 6, 12, 18, 19, 13, 7, 1, 2, 8, 9, 3, 4, 10, 11, 17, 16, 15, 14, 20, 21, 27, 28, 29, 35]
[00:00:00:01:390] ! Bidirectional. expansions: 212, time: 1,128 [ms], path length: 24 [edges], g_F: 14, g_B: 10, generated: 0, MM: 4, MMPER: 15.0%
[00:00:00:01:391] 
---------- SM_Grids/6x6_grid_with_random_blocks_20per_2 ----------
[00:00:00:00:039] Path of length 24 found: [0, 6, 12, 18, 19, 25, 24, 30, 31, 32, 26, 27, 21, 20, 14, 8, 2, 3, 9, 10, 16, 17, 23, 29, 35]
[00:00:00:00:039] ! Unidirectional s-t. expansions: 12, time: 39 [ms], path length: 24 [edges], generated: 93
[00:00:00:00:025] Path of length 24 found: [35, 29, 23, 17, 11, 10, 9, 3, 2, 8, 14, 20, 21, 27, 26, 32, 31, 30, 24, 25, 19, 18, 12, 6, 0]
[00:00:00:00:025] ! Unidirectional t-s. expansions: 9, time: 25 [ms], path length: 24 [edges], generated: 61
[00:00:00:00:065] Path of length 24 found: [0, 6, 12, 18, 19, 25, 24, 30, 31, 32, 26, 27, 21, 20, 14, 8, 2, 3, 9, 10, 11, 17, 23, 29, 35]
[00:00:00:00:321] ! Bidirectional. expansions: 14, time: 65 [ms], path length: 24 [edges], g_F: 16, g_B: 8, generated: 0, MM: 8, MMPER: 31.0%
[00:00:00:00:321] 
---------- SM_Grids/6x6_grid_with_random_blocks_20per_3 ----------
[00:00:00:00:046] Path of length 24 found: [0, 1, 2, 3, 4, 5, 11, 10, 9, 8, 14, 13, 19, 18, 24, 30, 31, 32, 33, 27, 21, 22, 23, 29, 35]
[00:00:00:00:046] ! Unidirectional s-t. expansions: 21, time: 46 [ms], path length: 24 [edges], generated: 129
[00:00:00:00:031] Path of length 24 found: [35, 29, 23, 22, 21, 27, 33, 32, 31, 30, 24, 18, 19, 13, 14, 15, 9, 10, 11, 5, 4, 3, 2, 1, 0]
[00:00:00:00:031] ! Unidirectional t-s. expansions: 13, time: 31 [ms], path length: 24 [edges], generated: 80
[00:00:00:00:036] Path of length 24 found: [0, 1, 2, 3, 4, 5, 11, 10, 9, 8, 14, 13, 19, 18, 24, 30, 31, 32, 33, 27, 21, 22, 23, 29, 35]
[00:00:00:00:299] ! Bidirectional. expansions: 11, time: 36 [ms], path length: 24 [edges], g_F: 14, g_B: 10, generated: 0, MM: 4, MMPER: 15.0%
[00:00:00:00:299] 
---------- SM_Grids/6x6_grid_with_random_blocks_20per_4 ----------
[00:00:00:00:023] Path of length 20 found: [0, 1, 7, 8, 9, 3, 4, 5, 11, 10, 16, 15, 21, 27, 33, 34, 28, 22, 23, 29, 35]
[00:00:00:00:023] ! Unidirectional s-t. expansions: 7, time: 23 [ms], path length: 20 [edges], generated: 54
[00:00:00:00:034] Path of length 20 found: [35, 29, 23, 22, 28, 34, 33, 27, 21, 15, 16, 10, 11, 5, 4, 3, 9, 8, 7, 1, 0]
[00:00:00:00:034] ! Unidirectional t-s. expansions: 7, time: 34 [ms], path length: 20 [edges], generated: 65
[00:00:00:00:041] Path of length 20 found: [0, 1, 7, 8, 9, 3, 4, 5, 11, 10, 16, 15, 21, 27, 33, 34, 28, 22, 23, 29, 35]
[00:00:00:00:300] ! Bidirectional. expansions: 8, time: 41 [ms], path length: 20 [edges], g_F: 13, g_B: 7, generated: 0, MM: 6, MMPER: 27.571428571428573%
[00:00:00:00:301] 
---------- SM_Grids/6x6_grid_with_random_blocks_20per_5 ----------
[00:00:00:00:123] Path of length 24 found: [0, 6, 12, 13, 14, 20, 26, 25, 24, 30, 31, 32, 33, 27, 21, 15, 9, 3, 4, 10, 16, 22, 28, 34, 35]
[00:00:00:00:123] ! Unidirectional s-t. expansions: 35, time: 123 [ms], path length: 24 [edges], generated: 351
[00:00:00:00:172] Path of length 24 found: [35, 29, 28, 34, 33, 32, 31, 30, 24, 25, 26, 27, 21, 22, 16, 10, 4, 3, 9, 15, 14, 13, 7, 6, 0]
[00:00:00:00:172] ! Unidirectional t-s. expansions: 52, time: 172 [ms], path length: 24 [edges], generated: 486
[00:00:00:00:095] Path of length 24 found: [0, 6, 12, 13, 14, 15, 9, 3, 4, 10, 16, 22, 21, 20, 26, 25, 24, 30, 31, 32, 33, 34, 28, 29, 35]
[00:00:00:00:355] ! Bidirectional. expansions: 16, time: 95 [ms], path length: 24 [edges], g_F: 12, g_B: 12, generated: 0, MM: 0, MMPER: -1.0%
[00:00:00:00:355] 
---------- SM_Grids/6x6_grid_with_random_blocks_20per_6 ----------
[00:00:00:00:082] Path of length 24 found: [0, 6, 12, 18, 24, 25, 31, 32, 26, 20, 14, 15, 9, 8, 2, 3, 4, 5, 11, 10, 16, 22, 28, 34, 35]
[00:00:00:00:082] ! Unidirectional s-t. expansions: 27, time: 82 [ms], path length: 24 [edges], generated: 238
[00:00:00:00:113] Path of length 24 found: [35, 29, 28, 22, 16, 17, 11, 5, 4, 10, 9, 3, 2, 8, 14, 20, 26, 32, 31, 25, 24, 18, 12, 6, 0]
[00:00:00:00:113] ! Unidirectional t-s. expansions: 30, time: 113 [ms], path length: 24 [edges], generated: 263
[00:00:00:00:078] Path of length 24 found: [0, 6, 12, 18, 24, 25, 31, 32, 26, 20, 14, 8, 2, 3, 9, 10, 4, 5, 11, 17, 16, 22, 28, 29, 35]
[00:00:00:00:340] ! Bidirectional. expansions: 16, time: 78 [ms], path length: 24 [edges], g_F: 13, g_B: 11, generated: 0, MM: 2, MMPER: 7.0%
[00:00:00:00:340] 
---------- SM_Grids/6x6_grid_with_random_blocks_20per_7 ----------
[00:00:00:00:037] Path of length 24 found: [0, 1, 7, 6, 12, 18, 19, 25, 31, 32, 26, 20, 14, 15, 9, 10, 11, 17, 16, 22, 28, 27, 33, 34, 35]
[00:00:00:00:038] ! Unidirectional s-t. expansions: 11, time: 37 [ms], path length: 24 [edges], generated: 88
[00:00:00:00:065] Path of length 24 found: [35, 34, 33, 32, 31, 25, 26, 27, 28, 22, 16, 17, 11, 10, 9, 15, 14, 20, 19, 18, 12, 6, 7, 1, 0]
[00:00:00:00:065] ! Unidirectional t-s. expansions: 17, time: 65 [ms], path length: 24 [edges], generated: 138
[00:00:00:00:090] Path of length 24 found: [0, 1, 7, 6, 12, 18, 19, 25, 31, 32, 33, 27, 26, 20, 14, 15, 9, 10, 11, 17, 16, 22, 28, 34, 35]
[00:00:00:00:401] ! Bidirectional. expansions: 17, time: 90 [ms], path length: 24 [edges], g_F: 13, g_B: 11, generated: 0, MM: 2, MMPER: 7.0%
[00:00:00:00:401] 
---------- SM_Grids/6x6_grid_with_random_blocks_20per_8 ----------
[00:00:00:00:027] Path of length 28 found: [0, 1, 7, 6, 12, 18, 19, 25, 24, 30, 31, 32, 26, 27, 33, 34, 28, 22, 21, 15, 14, 8, 9, 10, 16, 17, 23, 29, 35]
[00:00:00:00:027] ! Unidirectional s-t. expansions: 10, time: 27 [ms], path length: 28 [edges], generated: 62
[00:00:00:00:037] Path of length 28 found: [35, 29, 23, 17, 16, 10, 9, 8, 14, 15, 21, 22, 28, 34, 33, 27, 26, 32, 31, 30, 24, 25, 19, 18, 12, 6, 7, 1, 0]
[00:00:00:00:037] ! Unidirectional t-s. expansions: 10, time: 37 [ms], path length: 28 [edges], generated: 81
[00:00:00:00:060] Path of length 28 found: [0, 1, 7, 6, 12, 18, 19, 25, 24, 30, 31, 32, 26, 27, 33, 34, 28, 22, 21, 15, 14, 8, 9, 10, 16, 17, 23, 29, 35]
[00:00:00:00:313] ! Bidirectional. expansions: 10, time: 60 [ms], path length: 28 [edges], g_F: 18, g_B: 10, generated: 0, MM: 8, MMPER: 26.586206896551722%
[00:00:00:00:313] 
---------- SM_Grids/6x6_grid_with_random_blocks_20per_9 ----------
[00:00:00:00:060] Path of length 24 found: [0, 1, 7, 8, 9, 15, 14, 13, 12, 18, 24, 25, 19, 20, 26, 27, 21, 22, 16, 17, 23, 29, 28, 34, 35]
[00:00:00:00:060] ! Unidirectional s-t. expansions: 11, time: 60 [ms], path length: 24 [edges], generated: 139
[00:00:00:00:033] Path of length 24 found: [35, 34, 28, 29, 23, 17, 16, 22, 21, 27, 26, 20, 19, 25, 24, 18, 12, 13, 14, 15, 9, 8, 7, 1, 0]
[00:00:00:00:033] ! Unidirectional t-s. expansions: 8, time: 33 [ms], path length: 24 [edges], generated: 77
[00:00:00:00:083] Path of length 24 found: [0, 1, 7, 8, 9, 15, 14, 13, 12, 18, 24, 25, 19, 20, 26, 27, 21, 22, 16, 17, 23, 29, 28, 34, 35]
[00:00:00:00:340] ! Bidirectional. expansions: 13, time: 83 [ms], path length: 24 [edges], g_F: 15, g_B: 9, generated: 0, MM: 6, MMPER: 23.0%

[00:00:00:00:340] average expansions: (48, 32, 33, 0)
[00:00:00:00:340] average time: (159, 108, 177, 0)
[00:00:00:00:340] XA*: 32 , 108 (expansions , time[ms])
[00:00:00:00:341] BiXA*: 33 , 177 (expansions , time[ms])

