------------------------------------
Thu 01 Oct 2026 12:13:38 IDT
SLURM_JOBID:		21944018
SLURM_JOB_NODELIST:	ise-cpu256-14
SLURM_SCRATCH_DIR:	/scratch/shubit/21944018
Allocated Resouces:	cpu - 2 / mem - 61440 MB / gpu - 
SLURM_GPU_INDEX:	
Running as shubit from shimony account with normal QOS
------------------------------------
Thu 01 Oct 2026 12:13:38 IDT

SLURM_JOBID:		 21944018
SLURM_JOB_NODELIST:	 ise-cpu256-14 

--------------------------
date: SM_Grids
number_of_graphs: 10
graph_type: grid
size_of_graphs: [6, 6]
heuristic: bcc_heuristic
snake: False
run_uni: True
run_bi: True
run_multi: False
solution_vertices: []
algorithms: ['IDA']
lookahead: 1
bsd: False
cube_first_dims: 4
cube_buffer_dim: None
backward_sym_generation: False
sym_coil: False
prefix_set: None

---------- SM_Grids/6x6_grid_with_random_blocks_12per_0 ----------
[00:00:00:00:402] Path of length 28 found: [0, 6, 12, 18, 24, 25, 19, 13, 7, 1, 2, 8, 14, 20, 26, 32, 33, 27, 28, 22, 16, 10, 4, 5, 11, 17, 23, 29, 35]
[00:00:00:00:403] ! Unidirectional s-t. expansions: 410, time: 402 [ms], path length: 28 [edges], generated: 729
[00:00:00:00:396] Path of length 28 found: [35, 29, 23, 17, 11, 5, 4, 3, 2, 8, 14, 15, 16, 22, 28, 27, 33, 32, 26, 20, 19, 25, 24, 18, 12, 13, 7, 1, 0]
[00:00:00:00:396] ! Unidirectional t-s. expansions: 526, time: 396 [ms], path length: 28 [edges], generated: 889
[00:00:00:02:781] Path of length 28 found: [0, 6, 12, 18, 24, 25, 19, 20, 26, 32, 33, 27, 28, 22, 16, 15, 14, 13, 7, 1, 2, 3, 4, 5, 11, 17, 23, 29, 35]
[00:00:00:03:064] ! Bidirectional. expansions: 1,208, time: 2,781 [ms], path length: 28 [edges], g_F: 20, g_B: 8, generated: 0, MM: 12, MMPER: 40.37931034482759%
[00:00:00:03:064] 
---------- SM_Grids/6x6_grid_with_random_blocks_12per_1 ----------
[00:00:00:00:257] Path of length 28 found: [0, 6, 12, 18, 24, 30, 31, 25, 19, 13, 7, 1, 2, 8, 9, 15, 14, 20, 26, 32, 33, 34, 28, 22, 16, 17, 23, 29, 35]
[00:00:00:00:257] ! Unidirectional s-t. expansions: 219, time: 257 [ms], path length: 28 [edges], generated: 387
[00:00:00:00:349] Path of length 28 found: [35, 29, 23, 17, 16, 15, 9, 8, 2, 1, 7, 13, 14, 20, 21, 22, 28, 34, 33, 32, 26, 25, 31, 30, 24, 18, 12, 6, 0]
[00:00:00:00:349] ! Unidirectional t-s. expansions: 342, time: 349 [ms], path length: 28 [edges], generated: 588
[00:00:00:01:548] Path of length 28 found: [0, 6, 12, 18, 24, 30, 31, 25, 19, 13, 7, 1, 2, 8, 14, 20, 26, 32, 33, 34, 28, 22, 21, 15, 16, 17, 23, 29, 35]
[00:00:00:01:805] ! Bidirectional. expansions: 604, time: 1,548 [ms], path length: 28 [edges], g_F: 22, g_B: 6, generated: 0, MM: 16, MMPER: 54.172413793103445%
[00:00:00:01:805] 
---------- SM_Grids/6x6_grid_with_random_blocks_12per_2 ----------
[00:00:00:00:040] Path of length 26 found: [0, 1, 2, 8, 7, 13, 12, 18, 24, 30, 31, 25, 19, 20, 26, 32, 33, 27, 21, 22, 16, 17, 23, 29, 28, 34, 35]
[00:00:00:00:040] ! Unidirectional s-t. expansions: 31, time: 40 [ms], path length: 26 [edges], generated: 54
[00:00:00:00:341] Path of length 26 found: [35, 29, 23, 17, 16, 22, 21, 20, 19, 25, 26, 27, 28, 34, 33, 32, 31, 30, 24, 18, 12, 13, 14, 8, 2, 1, 0]
[00:00:00:00:341] ! Unidirectional t-s. expansions: 360, time: 341 [ms], path length: 26 [edges], generated: 595
[00:00:00:00:425] Path of length 26 found: [0, 1, 2, 8, 7, 13, 12, 18, 24, 30, 31, 32, 33, 34, 28, 27, 26, 25, 19, 20, 21, 22, 16, 17, 23, 29, 35]
[00:00:00:00:686] ! Bidirectional. expansions: 155, time: 425 [ms], path length: 26 [edges], g_F: 15, g_B: 11, generated: 0, MM: 4, MMPER: 13.814814814814815%
[00:00:00:00:687] 
---------- SM_Grids/6x6_grid_with_random_blocks_12per_3 ----------
[00:00:00:00:033] Path of length 30 found: [0, 1, 7, 6, 12, 18, 19, 13, 14, 8, 9, 3, 4, 10, 11, 17, 23, 22, 16, 15, 21, 20, 26, 25, 31, 32, 33, 27, 28, 34, 35]
[00:00:00:00:034] ! Unidirectional s-t. expansions: 29, time: 34 [ms], path length: 30 [edges], generated: 48
[00:00:00:00:098] Path of length 30 found: [35, 34, 28, 27, 33, 32, 31, 25, 26, 20, 21, 15, 16, 22, 23, 17, 11, 10, 4, 3, 9, 8, 14, 13, 19, 18, 12, 6, 7, 1, 0]
[00:00:00:00:098] ! Unidirectional t-s. expansions: 50, time: 98 [ms], path length: 30 [edges], generated: 88
[00:00:00:00:121] Path of length 30 found: [0, 1, 7, 6, 12, 18, 19, 13, 14, 8, 9, 3, 4, 10, 11, 17, 23, 22, 16, 15, 21, 20, 26, 25, 31, 32, 33, 27, 28, 34, 35]
[00:00:00:00:376] ! Bidirectional. expansions: 42, time: 121 [ms], path length: 30 [edges], g_F: 18, g_B: 12, generated: 0, MM: 6, MMPER: 18.35483870967742%
[00:00:00:00:376] 
---------- SM_Grids/6x6_grid_with_random_blocks_12per_4 ----------
[00:00:00:00:129] Path of length 30 found: [0, 6, 12, 18, 24, 30, 31, 25, 26, 32, 33, 27, 21, 20, 14, 13, 7, 8, 9, 3, 4, 5, 11, 10, 16, 17, 23, 29, 28, 34, 35]
[00:00:00:00:129] ! Unidirectional s-t. expansions: 117, time: 129 [ms], path length: 30 [edges], generated: 194
[00:00:00:00:263] Path of length 30 found: [35, 29, 23, 17, 11, 5, 4, 3, 9, 10, 16, 15, 14, 20, 21, 27, 28, 34, 33, 32, 26, 25, 31, 30, 24, 18, 12, 13, 7, 6, 0]
[00:00:00:00:263] ! Unidirectional t-s. expansions: 257, time: 263 [ms], path length: 30 [edges], generated: 427
[00:00:00:00:897] Path of length 30 found: [0, 6, 12, 18, 24, 30, 31, 25, 26, 20, 21, 15, 14, 13, 7, 8, 9, 3, 4, 5, 11, 10, 16, 17, 23, 29, 28, 27, 33, 34, 35]
[00:00:00:01:154] ! Bidirectional. expansions: 388, time: 897 [ms], path length: 30 [edges], g_F: 8, g_B: 22, generated: 0, MM: 14, MMPER: 44.16129032258065%
[00:00:00:01:154] 
---------- SM_Grids/6x6_grid_with_random_blocks_12per_5 ----------
[00:00:00:00:204] Path of length 30 found: [0, 6, 12, 18, 24, 30, 31, 32, 26, 20, 19, 13, 7, 1, 2, 8, 9, 3, 4, 5, 11, 10, 16, 17, 23, 22, 21, 27, 33, 34, 35]
[00:00:00:00:204] ! Unidirectional s-t. expansions: 190, time: 204 [ms], path length: 30 [edges], generated: 293
[00:00:00:00:030] Path of length 30 found: [35, 29, 23, 17, 11, 5, 4, 3, 2, 1, 7, 8, 9, 10, 16, 22, 21, 20, 26, 27, 33, 32, 31, 30, 24, 18, 19, 13, 12, 6, 0]
[00:00:00:00:031] ! Unidirectional t-s. expansions: 30, time: 30 [ms], path length: 30 [edges], generated: 46
[00:00:00:00:463] Path of length 30 found: [0, 6, 12, 18, 24, 30, 31, 32, 26, 20, 19, 13, 7, 1, 2, 8, 9, 3, 4, 5, 11, 10, 16, 17, 23, 22, 21, 27, 33, 34, 35]
[00:00:00:00:720] ! Bidirectional. expansions: 190, time: 463 [ms], path length: 30 [edges], g_F: 30, g_B: 0, generated: 0, MM: 30, MMPER: 95.7741935483871%
[00:00:00:00:720] 
---------- SM_Grids/6x6_grid_with_random_blocks_12per_6 ----------
[00:00:00:00:032] Path of length 28 found: [0, 6, 12, 18, 24, 25, 19, 13, 7, 1, 2, 3, 9, 8, 14, 20, 26, 32, 33, 34, 28, 22, 21, 15, 16, 17, 23, 29, 35]
[00:00:00:00:032] ! Unidirectional s-t. expansions: 27, time: 32 [ms], path length: 28 [edges], generated: 45
[00:00:00:00:062] Path of length 28 found: [35, 29, 23, 17, 16, 15, 9, 3, 2, 1, 7, 8, 14, 13, 19, 20, 21, 22, 28, 34, 33, 32, 26, 25, 24, 18, 12, 6, 0]
[00:00:00:00:063] ! Unidirectional t-s. expansions: 27, time: 62 [ms], path length: 28 [edges], generated: 45
[00:00:00:00:065] Path of length 28 found: [0, 6, 12, 18, 24, 25, 19, 13, 7, 1, 2, 3, 9, 8, 14, 20, 26, 32, 33, 34, 28, 22, 21, 15, 16, 17, 23, 29, 35]
[00:00:00:00:316] ! Bidirectional. expansions: 27, time: 65 [ms], path length: 28 [edges], g_F: 22, g_B: 6, generated: 0, MM: 16, MMPER: 54.172413793103445%
[00:00:00:00:316] 
---------- SM_Grids/6x6_grid_with_random_blocks_12per_7 ----------
[00:00:00:00:136] Path of length 30 found: [0, 1, 7, 13, 12, 18, 24, 30, 31, 25, 26, 20, 21, 15, 9, 8, 2, 3, 4, 10, 11, 17, 16, 22, 23, 29, 28, 27, 33, 34, 35]
[00:00:00:00:136] ! Unidirectional s-t. expansions: 132, time: 136 [ms], path length: 30 [edges], generated: 206
[00:00:00:00:328] Path of length 30 found: [35, 29, 23, 17, 11, 10, 4, 3, 2, 8, 9, 15, 16, 22, 21, 20, 26, 27, 28, 34, 33, 32, 31, 25, 24, 18, 12, 13, 7, 1, 0]
[00:00:00:00:328] ! Unidirectional t-s. expansions: 289, time: 328 [ms], path length: 30 [edges], generated: 479
[00:00:00:01:276] Path of length 30 found: [0, 1, 7, 13, 12, 18, 24, 30, 31, 25, 26, 20, 21, 22, 16, 15, 9, 8, 2, 3, 4, 10, 11, 17, 23, 29, 28, 27, 33, 34, 35]
[00:00:00:01:524] ! Bidirectional. expansions: 561, time: 1,276 [ms], path length: 30 [edges], g_F: 10, g_B: 20, generated: 0, MM: 10, MMPER: 31.258064516129032%
[00:00:00:01:524] 
---------- SM_Grids/6x6_grid_with_random_blocks_12per_8 ----------
[00:00:00:00:215] Path of length 30 found: [0, 1, 2, 3, 9, 10, 4, 5, 11, 17, 23, 22, 16, 15, 14, 8, 7, 6, 12, 18, 24, 30, 31, 25, 19, 20, 26, 27, 33, 34, 35]
[00:00:00:00:215] ! Unidirectional s-t. expansions: 178, time: 215 [ms], path length: 30 [edges], generated: 293
[00:00:00:00:030] Path of length 30 found: [35, 34, 33, 27, 26, 20, 19, 25, 31, 30, 24, 18, 12, 6, 7, 8, 14, 15, 9, 10, 16, 22, 23, 17, 11, 5, 4, 3, 2, 1, 0]
[00:00:00:00:031] ! Unidirectional t-s. expansions: 30, time: 31 [ms], path length: 30 [edges], generated: 46
[00:00:00:00:476] Path of length 30 found: [0, 1, 2, 3, 9, 10, 4, 5, 11, 17, 23, 22, 16, 15, 14, 8, 7, 6, 12, 18, 24, 30, 31, 25, 19, 20, 26, 27, 33, 34, 35]
[00:00:00:00:734] ! Bidirectional. expansions: 178, time: 476 [ms], path length: 30 [edges], g_F: 23, g_B: 7, generated: 0, MM: 16, MMPER: 50.61290322580645%
[00:00:00:00:735] 
---------- SM_Grids/6x6_grid_with_random_blocks_12per_9 ----------
[00:00:00:00:789] Path of length 26 found: [0, 6, 7, 1, 2, 8, 14, 13, 19, 25, 26, 20, 21, 15, 9, 3, 4, 5, 11, 10, 16, 22, 28, 27, 33, 34, 35]
[00:00:00:00:790] ! Unidirectional s-t. expansions: 701, time: 790 [ms], path length: 26 [edges], generated: 1,324
[00:00:00:00:609] Path of length 26 found: [35, 29, 28, 34, 33, 27, 21, 22, 16, 17, 11, 5, 4, 10, 9, 3, 2, 8, 14, 20, 26, 25, 19, 13, 7, 1, 0]
[00:00:00:00:609] ! Unidirectional t-s. expansions: 630, time: 609 [ms], path length: 26 [edges], generated: 1,129
[00:00:00:01:855] Path of length 26 found: [0, 6, 7, 1, 2, 8, 14, 15, 9, 3, 4, 5, 11, 10, 16, 22, 21, 20, 19, 25, 26, 27, 33, 34, 28, 29, 35]
[00:00:00:02:102] ! Bidirectional. expansions: 728, time: 1,855 [ms], path length: 26 [edges], g_F: 14, g_B: 12, generated: 0, MM: 2, MMPER: 6.407407407407407%

[00:00:00:02:102] average expansions: (203, 254, 408, 0)
[00:00:00:02:102] average time: (224, 251, 991, 0)
[00:00:00:02:102] XIDA: 203 , 224 (expansions , time[ms])
[00:00:00:02:102] BiXIDA: 408 , 991 (expansions , time[ms])

