------------------------------------
Thu 01 Oct 2026 10:43:14 IDT
SLURM_JOBID:		21942660
SLURM_JOB_NODELIST:	ise-cpu256-10
SLURM_SCRATCH_DIR:	/scratch/shubit/21942660
Allocated Resouces:	cpu - 2 / mem - 61440 MB / gpu - 
SLURM_GPU_INDEX:	
Running as shubit from shimony account with normal QOS
------------------------------------
Thu 01 Oct 2026 10:43:14 IDT

SLURM_JOBID:		 21942660
SLURM_JOB_NODELIST:	 ise-cpu256-10 

--------------------------
date: SM_Grids
number_of_graphs: 10
graph_type: grid
size_of_graphs: [6, 6]
heuristic: bcc_heuristic
snake: False
run_uni: True
run_bi: True
run_multi: False
solution_vertices: []
algorithms: ['A']
lookahead: 1
bsd: False
cube_first_dims: 4
cube_buffer_dim: None
backward_sym_generation: False
sym_coil: False
prefix_set: None

---------- SM_Grids/6x6_grid_with_random_blocks_16per_0 ----------
[00:00:00:00:976] Path of length 22 found: [0, 1, 7, 6, 12, 18, 19, 13, 14, 8, 9, 3, 4, 5, 11, 10, 16, 15, 21, 27, 28, 34, 35]
[00:00:00:00:977] ! Unidirectional s-t. expansions: 966, time: 977 [ms], path length: 22 [edges], generated: 1,697
[00:00:00:00:994] Path of length 22 found: [35, 29, 28, 27, 21, 22, 16, 17, 11, 5, 4, 3, 9, 15, 14, 20, 19, 18, 12, 13, 7, 1, 0]
[00:00:00:00:994] ! Unidirectional t-s. expansions: 916, time: 994 [ms], path length: 22 [edges], generated: 1,661
[00:00:00:01:689] Path of length 22 found: [0, 1, 7, 6, 12, 18, 19, 20, 14, 8, 9, 3, 4, 5, 11, 10, 16, 15, 21, 27, 28, 34, 35]
[00:00:00:01:977] ! Bidirectional. expansions: 1,094, time: 1,689 [ms], path length: 22 [edges], g_F: 22, g_B: 0, generated: 0, MM: 22, MMPER: 94.65217391304348%
[00:00:00:01:978] 
---------- SM_Grids/6x6_grid_with_random_blocks_16per_1 ----------
[00:00:00:00:031] Path of length 20 found: [0, 6, 7, 1, 2, 3, 9, 15, 21, 27, 28, 22, 16, 10, 4, 5, 11, 17, 23, 29, 35]
[00:00:00:00:031] ! Unidirectional s-t. expansions: 20, time: 31 [ms], path length: 20 [edges], generated: 32
[00:00:00:00:031] Path of length 20 found: [35, 29, 23, 17, 11, 5, 4, 10, 16, 22, 28, 27, 21, 15, 9, 3, 2, 1, 7, 6, 0]
[00:00:00:00:031] ! Unidirectional t-s. expansions: 20, time: 31 [ms], path length: 20 [edges], generated: 32
[00:00:00:00:049] Path of length 20 found: [0, 6, 7, 1, 2, 3, 9, 15, 21, 27, 28, 22, 16, 10, 4, 5, 11, 17, 23, 29, 35]
[00:00:00:00:314] ! Bidirectional. expansions: 20, time: 49 [ms], path length: 20 [edges], g_F: 11, g_B: 9, generated: 0, MM: 2, MMPER: 8.523809523809524%
[00:00:00:00:314] 
---------- SM_Grids/6x6_grid_with_random_blocks_16per_2 ----------
[00:00:00:00:134] Path of length 20 found: [0, 6, 7, 8, 14, 13, 12, 18, 19, 25, 24, 30, 31, 32, 26, 20, 21, 27, 33, 34, 35]
[00:00:00:00:134] ! Unidirectional s-t. expansions: 81, time: 134 [ms], path length: 20 [edges], generated: 148
[00:00:00:00:032] Path of length 20 found: [35, 34, 28, 27, 21, 20, 14, 8, 7, 13, 19, 25, 26, 32, 31, 30, 24, 18, 12, 6, 0]
[00:00:00:00:032] ! Unidirectional t-s. expansions: 20, time: 32 [ms], path length: 20 [edges], generated: 34
[00:00:00:00:199] Path of length 20 found: [0, 6, 12, 18, 24, 30, 31, 25, 19, 13, 7, 8, 14, 20, 26, 32, 33, 27, 28, 34, 35]
[00:00:00:00:500] ! Bidirectional. expansions: 72, time: 199 [ms], path length: 20 [edges], g_F: 17, g_B: 3, generated: 0, MM: 14, MMPER: 65.66666666666667%
[00:00:00:00:500] 
---------- SM_Grids/6x6_grid_with_random_blocks_16per_3 ----------
[00:00:00:00:162] Path of length 28 found: [0, 6, 12, 13, 7, 8, 14, 20, 19, 25, 24, 30, 31, 32, 33, 27, 21, 22, 16, 10, 9, 3, 4, 5, 11, 17, 23, 29, 35]
[00:00:00:00:162] ! Unidirectional s-t. expansions: 105, time: 162 [ms], path length: 28 [edges], generated: 160
[00:00:00:00:078] Path of length 28 found: [35, 29, 23, 22, 16, 17, 11, 5, 4, 10, 9, 3, 2, 8, 14, 20, 21, 27, 33, 32, 31, 30, 24, 25, 19, 13, 7, 6, 0]
[00:00:00:00:079] ! Unidirectional t-s. expansions: 55, time: 78 [ms], path length: 28 [edges], generated: 83
[00:00:00:00:262] Path of length 28 found: [0, 6, 12, 13, 7, 8, 14, 20, 19, 25, 24, 30, 31, 32, 33, 27, 21, 22, 16, 10, 9, 3, 4, 5, 11, 17, 23, 29, 35]
[00:00:00:00:538] ! Bidirectional. expansions: 102, time: 262 [ms], path length: 28 [edges], g_F: 12, g_B: 16, generated: 0, MM: 4, MMPER: 12.793103448275861%
[00:00:00:00:538] 
---------- SM_Grids/6x6_grid_with_random_blocks_16per_4 ----------
[00:00:00:00:040] Path of length 26 found: [0, 1, 7, 6, 12, 18, 24, 30, 31, 25, 19, 13, 14, 20, 26, 32, 33, 27, 21, 22, 16, 17, 23, 29, 28, 34, 35]
[00:00:00:00:040] ! Unidirectional s-t. expansions: 26, time: 40 [ms], path length: 26 [edges], generated: 42
[00:00:00:00:040] Path of length 26 found: [35, 29, 23, 17, 16, 22, 21, 20, 14, 13, 19, 25, 26, 27, 28, 34, 33, 32, 31, 30, 24, 18, 12, 6, 7, 1, 0]
[00:00:00:00:040] ! Unidirectional t-s. expansions: 26, time: 40 [ms], path length: 26 [edges], generated: 42
[00:00:00:00:059] Path of length 26 found: [0, 1, 7, 6, 12, 18, 24, 30, 31, 25, 19, 13, 14, 20, 26, 32, 33, 34, 28, 27, 21, 22, 16, 17, 23, 29, 35]
[00:00:00:00:331] ! Bidirectional. expansions: 26, time: 59 [ms], path length: 26 [edges], g_F: 24, g_B: 2, generated: 0, MM: 22, MMPER: 80.48148148148148%
[00:00:00:00:331] 
---------- SM_Grids/6x6_grid_with_random_blocks_16per_5 ----------
[00:00:00:00:151] Path of length 28 found: [0, 1, 2, 8, 9, 10, 4, 5, 11, 17, 16, 22, 21, 15, 14, 20, 19, 13, 12, 18, 24, 30, 31, 25, 26, 27, 33, 34, 35]
[00:00:00:00:152] ! Unidirectional s-t. expansions: 108, time: 152 [ms], path length: 28 [edges], generated: 181
[00:00:00:00:361] Path of length 28 found: [35, 34, 33, 27, 28, 22, 16, 17, 11, 5, 4, 10, 9, 15, 21, 20, 26, 25, 31, 30, 24, 18, 19, 13, 14, 8, 2, 1, 0]
[00:00:00:00:361] ! Unidirectional t-s. expansions: 228, time: 361 [ms], path length: 28 [edges], generated: 397
[00:00:00:00:548] Path of length 28 found: [0, 1, 2, 8, 14, 13, 19, 18, 24, 30, 31, 25, 26, 20, 21, 15, 9, 10, 4, 5, 11, 17, 16, 22, 28, 27, 33, 34, 35]
[00:00:00:00:825] ! Bidirectional. expansions: 228, time: 548 [ms], path length: 28 [edges], g_F: 5, g_B: 23, generated: 0, MM: 18, MMPER: 61.06896551724138%
[00:00:00:00:825] 
---------- SM_Grids/6x6_grid_with_random_blocks_16per_6 ----------
[00:00:00:00:298] Path of length 28 found: [0, 1, 2, 8, 7, 6, 12, 13, 19, 18, 24, 30, 31, 32, 33, 27, 26, 20, 14, 15, 9, 10, 16, 17, 23, 22, 28, 34, 35]
[00:00:00:00:299] ! Unidirectional s-t. expansions: 207, time: 298 [ms], path length: 28 [edges], generated: 346
[00:00:00:00:095] Path of length 28 found: [35, 34, 33, 32, 31, 30, 24, 18, 12, 6, 7, 13, 19, 20, 26, 27, 28, 29, 23, 17, 16, 10, 9, 15, 14, 8, 2, 1, 0]
[00:00:00:00:095] ! Unidirectional t-s. expansions: 56, time: 95 [ms], path length: 28 [edges], generated: 96
[00:00:00:01:062] Path of length 28 found: [0, 6, 12, 18, 24, 30, 31, 32, 33, 27, 26, 20, 19, 13, 7, 1, 2, 8, 14, 15, 9, 10, 16, 22, 23, 29, 28, 34, 35]
[00:00:00:01:341] ! Bidirectional. expansions: 423, time: 1,062 [ms], path length: 28 [edges], g_F: 24, g_B: 4, generated: 0, MM: 20, MMPER: 67.96551724137932%
[00:00:00:01:341] 
---------- SM_Grids/6x6_grid_with_random_blocks_16per_7 ----------
[00:00:00:00:080] Path of length 18 found: [0, 6, 7, 13, 12, 18, 24, 30, 31, 25, 19, 20, 26, 32, 33, 27, 28, 29, 35]
[00:00:00:00:080] ! Unidirectional s-t. expansions: 46, time: 80 [ms], path length: 18 [edges], generated: 84
[00:00:00:00:064] Path of length 18 found: [35, 29, 28, 27, 33, 32, 31, 30, 24, 18, 19, 25, 26, 20, 14, 13, 7, 6, 0]
[00:00:00:00:064] ! Unidirectional t-s. expansions: 40, time: 64 [ms], path length: 18 [edges], generated: 72
[00:00:00:00:149] Path of length 18 found: [0, 6, 7, 13, 12, 18, 24, 30, 31, 25, 19, 20, 26, 32, 33, 27, 28, 29, 35]
[00:00:00:00:422] ! Bidirectional. expansions: 46, time: 149 [ms], path length: 18 [edges], g_F: 15, g_B: 3, generated: 0, MM: 12, MMPER: 62.1578947368421%
[00:00:00:00:422] 
---------- SM_Grids/6x6_grid_with_random_blocks_16per_8 ----------
[00:00:00:00:036] Path of length 22 found: [0, 6, 12, 18, 19, 13, 7, 1, 2, 8, 14, 20, 21, 15, 9, 10, 16, 22, 23, 29, 28, 34, 35]
[00:00:00:00:036] ! Unidirectional s-t. expansions: 22, time: 36 [ms], path length: 22 [edges], generated: 39
[00:00:00:00:036] Path of length 22 found: [35, 34, 28, 29, 23, 22, 16, 10, 9, 8, 2, 1, 7, 13, 14, 15, 21, 20, 19, 18, 12, 6, 0]
[00:00:00:00:036] ! Unidirectional t-s. expansions: 22, time: 36 [ms], path length: 22 [edges], generated: 39
[00:00:00:00:055] Path of length 22 found: [0, 6, 12, 18, 19, 13, 7, 1, 2, 8, 14, 20, 21, 15, 9, 10, 16, 22, 23, 29, 28, 34, 35]
[00:00:00:00:327] ! Bidirectional. expansions: 22, time: 55 [ms], path length: 22 [edges], g_F: 13, g_B: 9, generated: 0, MM: 4, MMPER: 16.391304347826086%
[00:00:00:00:327] 
---------- SM_Grids/6x6_grid_with_random_blocks_16per_9 ----------
[00:00:00:00:173] Path of length 26 found: [0, 6, 12, 18, 24, 30, 31, 25, 26, 32, 33, 27, 21, 20, 14, 15, 16, 10, 4, 5, 11, 17, 23, 22, 28, 34, 35]
[00:00:00:00:173] ! Unidirectional s-t. expansions: 113, time: 173 [ms], path length: 26 [edges], generated: 201
[00:00:00:00:491] Path of length 26 found: [35, 29, 23, 17, 11, 5, 4, 10, 16, 15, 14, 20, 21, 22, 28, 34, 33, 27, 26, 32, 31, 25, 24, 18, 12, 6, 0]
[00:00:00:00:491] ! Unidirectional t-s. expansions: 303, time: 491 [ms], path length: 26 [edges], generated: 540
[00:00:00:00:671] Path of length 26 found: [0, 6, 12, 18, 24, 30, 31, 25, 26, 20, 14, 15, 21, 27, 33, 34, 28, 22, 16, 10, 4, 5, 11, 17, 23, 29, 35]
[00:00:00:00:983] ! Bidirectional. expansions: 324, time: 671 [ms], path length: 26 [edges], g_F: 8, g_B: 18, generated: 0, MM: 10, MMPER: 36.03703703703704%

[00:00:00:00:984] average expansions: (169, 169, 236, 0)
[00:00:00:00:984] average time: (208, 222, 474, 0)
[00:00:00:00:984] XA*: 169 , 208 (expansions , time[ms])
[00:00:00:00:984] BiXA*: 236 , 474 (expansions , time[ms])

