------------------------------------
Thu 01 Oct 2026 12:13:38 IDT
SLURM_JOBID:		21944019
SLURM_JOB_NODELIST:	ise-cpu256-14
SLURM_SCRATCH_DIR:	/scratch/shubit/21944019
Allocated Resouces:	cpu - 2 / mem - 61440 MB / gpu - 
SLURM_GPU_INDEX:	
Running as shubit from shimony account with normal QOS
------------------------------------
Thu 01 Oct 2026 12:13:38 IDT

SLURM_JOBID:		 21944019
SLURM_JOB_NODELIST:	 ise-cpu256-14 

--------------------------
date: SM_Grids
number_of_graphs: 10
graph_type: grid
size_of_graphs: [6, 6]
heuristic: bcc_heuristic
snake: False
run_uni: True
run_bi: True
run_multi: False
solution_vertices: []
algorithms: ['IDA']
lookahead: 2
bsd: False
cube_first_dims: 4
cube_buffer_dim: None
backward_sym_generation: False
sym_coil: False
prefix_set: None

---------- SM_Grids/6x6_grid_with_random_blocks_12per_0 ----------
[00:00:00:00:421] Path of length 28 found: [0, 6, 12, 18, 24, 25, 19, 13, 7, 1, 2, 8, 14, 20, 26, 32, 33, 27, 28, 22, 16, 10, 4, 5, 11, 17, 23, 29, 35]
[00:00:00:00:421] ! Unidirectional s-t. expansions: 218, time: 421 [ms], path length: 28 [edges], generated: 1,141
[00:00:00:00:375] Path of length 28 found: [35, 29, 23, 17, 11, 5, 4, 3, 2, 8, 14, 15, 16, 22, 28, 27, 33, 32, 26, 20, 19, 25, 24, 18, 12, 13, 7, 1, 0]
[00:00:00:00:376] ! Unidirectional t-s. expansions: 274, time: 376 [ms], path length: 28 [edges], generated: 1,345
[00:00:00:00:522] Path of length 28 found: [0, 6, 12, 18, 24, 25, 19, 13, 7, 1, 2, 8, 14, 20, 26, 32, 33, 27, 28, 22, 16, 10, 4, 5, 11, 17, 23, 29, 35]
[00:00:00:00:801] ! Bidirectional. expansions: 370, time: 522 [ms], path length: 28 [edges], g_F: 14, g_B: 14, generated: 0, MM: 0, MMPER: -1.0%
[00:00:00:00:801] 
---------- SM_Grids/6x6_grid_with_random_blocks_12per_1 ----------
[00:00:00:00:247] Path of length 28 found: [0, 6, 12, 18, 24, 30, 31, 25, 19, 13, 7, 1, 2, 8, 9, 15, 14, 20, 26, 32, 33, 34, 28, 22, 16, 17, 23, 29, 35]
[00:00:00:00:247] ! Unidirectional s-t. expansions: 103, time: 247 [ms], path length: 28 [edges], generated: 465
[00:00:00:00:300] Path of length 28 found: [35, 29, 23, 17, 16, 15, 9, 8, 2, 1, 7, 13, 14, 20, 21, 22, 28, 34, 33, 32, 26, 25, 31, 30, 24, 18, 12, 6, 0]
[00:00:00:00:300] ! Unidirectional t-s. expansions: 163, time: 300 [ms], path length: 28 [edges], generated: 729
[00:00:00:00:305] Path of length 28 found: [0, 6, 12, 18, 24, 30, 31, 25, 19, 13, 7, 1, 2, 8, 14, 15, 21, 20, 26, 32, 33, 34, 28, 22, 16, 17, 23, 29, 35]
[00:00:00:00:561] ! Bidirectional. expansions: 215, time: 305 [ms], path length: 28 [edges], g_F: 14, g_B: 14, generated: 0, MM: 0, MMPER: -1.0%
[00:00:00:00:561] 
---------- SM_Grids/6x6_grid_with_random_blocks_12per_2 ----------
[00:00:00:00:035] Path of length 26 found: [0, 1, 2, 8, 7, 13, 12, 18, 24, 30, 31, 25, 19, 20, 26, 32, 33, 27, 21, 22, 16, 17, 23, 29, 28, 34, 35]
[00:00:00:00:035] ! Unidirectional s-t. expansions: 16, time: 35 [ms], path length: 26 [edges], generated: 65
[00:00:00:00:324] Path of length 26 found: [35, 29, 23, 17, 16, 22, 21, 20, 19, 25, 26, 27, 28, 34, 33, 32, 31, 30, 24, 18, 12, 13, 14, 8, 2, 1, 0]
[00:00:00:00:324] ! Unidirectional t-s. expansions: 175, time: 324 [ms], path length: 26 [edges], generated: 790
[00:00:00:00:073] Path of length 26 found: [0, 1, 2, 8, 7, 13, 12, 18, 24, 30, 31, 32, 33, 34, 28, 27, 26, 25, 19, 20, 21, 22, 16, 17, 23, 29, 35]
[00:00:00:00:331] ! Bidirectional. expansions: 33, time: 73 [ms], path length: 26 [edges], g_F: 13, g_B: 13, generated: 0, MM: 0, MMPER: -1.0%
[00:00:00:00:331] 
---------- SM_Grids/6x6_grid_with_random_blocks_12per_3 ----------
[00:00:00:00:040] Path of length 30 found: [0, 1, 7, 6, 12, 18, 19, 13, 14, 8, 9, 3, 4, 10, 11, 17, 23, 22, 16, 15, 21, 20, 26, 25, 31, 32, 33, 27, 28, 34, 35]
[00:00:00:00:040] ! Unidirectional s-t. expansions: 15, time: 40 [ms], path length: 30 [edges], generated: 82
[00:00:00:00:053] Path of length 30 found: [35, 34, 28, 27, 33, 32, 31, 25, 26, 20, 21, 15, 16, 22, 23, 17, 11, 10, 4, 3, 9, 8, 14, 13, 19, 18, 12, 6, 7, 1, 0]
[00:00:00:00:053] ! Unidirectional t-s. expansions: 25, time: 53 [ms], path length: 30 [edges], generated: 108
[00:00:00:00:032] Path of length 30 found: [0, 1, 7, 6, 12, 18, 19, 13, 14, 8, 9, 3, 4, 10, 11, 17, 23, 22, 16, 15, 21, 20, 26, 25, 31, 32, 33, 27, 28, 34, 35]
[00:00:00:00:289] ! Bidirectional. expansions: 20, time: 32 [ms], path length: 30 [edges], g_F: 15, g_B: 15, generated: 0, MM: 0, MMPER: -1.0%
[00:00:00:00:289] 
---------- SM_Grids/6x6_grid_with_random_blocks_12per_4 ----------
[00:00:00:00:148] Path of length 30 found: [0, 6, 12, 18, 24, 30, 31, 25, 26, 32, 33, 27, 21, 20, 14, 13, 7, 8, 9, 3, 4, 5, 11, 10, 16, 17, 23, 29, 28, 34, 35]
[00:00:00:00:149] ! Unidirectional s-t. expansions: 61, time: 148 [ms], path length: 30 [edges], generated: 329
[00:00:00:00:282] Path of length 30 found: [35, 29, 23, 17, 11, 5, 4, 3, 9, 10, 16, 15, 14, 20, 21, 27, 28, 34, 33, 32, 26, 25, 31, 30, 24, 18, 12, 13, 7, 6, 0]
[00:00:00:00:283] ! Unidirectional t-s. expansions: 138, time: 282 [ms], path length: 30 [edges], generated: 660
[00:00:00:00:222] Path of length 30 found: [0, 6, 12, 18, 24, 30, 31, 25, 26, 32, 33, 34, 28, 27, 21, 15, 14, 13, 7, 8, 9, 3, 4, 5, 11, 10, 16, 17, 23, 29, 35]
[00:00:00:00:476] ! Bidirectional. expansions: 148, time: 222 [ms], path length: 30 [edges], g_F: 15, g_B: 15, generated: 0, MM: 0, MMPER: -1.0%
[00:00:00:00:476] 
---------- SM_Grids/6x6_grid_with_random_blocks_12per_5 ----------
[00:00:00:00:224] Path of length 30 found: [0, 6, 12, 18, 24, 30, 31, 32, 26, 20, 19, 13, 7, 1, 2, 8, 9, 3, 4, 5, 11, 10, 16, 17, 23, 22, 21, 27, 33, 34, 35]
[00:00:00:00:224] ! Unidirectional s-t. expansions: 102, time: 224 [ms], path length: 30 [edges], generated: 467
[00:00:00:00:033] Path of length 30 found: [35, 29, 23, 17, 11, 5, 4, 3, 2, 1, 7, 8, 9, 10, 16, 22, 21, 20, 26, 27, 33, 32, 31, 30, 24, 18, 19, 13, 12, 6, 0]
[00:00:00:00:034] ! Unidirectional t-s. expansions: 16, time: 33 [ms], path length: 30 [edges], generated: 67
[00:00:00:00:053] Path of length 30 found: [0, 6, 12, 13, 19, 18, 24, 30, 31, 32, 33, 27, 26, 20, 21, 22, 16, 10, 9, 8, 7, 1, 2, 3, 4, 5, 11, 17, 23, 29, 35]
[00:00:00:00:343] ! Bidirectional. expansions: 34, time: 53 [ms], path length: 30 [edges], g_F: 15, g_B: 15, generated: 0, MM: 0, MMPER: -1.0%
[00:00:00:00:343] 
---------- SM_Grids/6x6_grid_with_random_blocks_12per_6 ----------
[00:00:00:00:032] Path of length 28 found: [0, 6, 12, 18, 24, 25, 19, 13, 7, 1, 2, 3, 9, 8, 14, 20, 26, 32, 33, 34, 28, 22, 21, 15, 16, 17, 23, 29, 35]
[00:00:00:00:032] ! Unidirectional s-t. expansions: 14, time: 32 [ms], path length: 28 [edges], generated: 66
[00:00:00:00:034] Path of length 28 found: [35, 29, 23, 17, 16, 15, 9, 3, 2, 1, 7, 8, 14, 13, 19, 20, 21, 22, 28, 34, 33, 32, 26, 25, 24, 18, 12, 6, 0]
[00:00:00:00:034] ! Unidirectional t-s. expansions: 14, time: 34 [ms], path length: 28 [edges], generated: 70
[00:00:00:00:025] Path of length 28 found: [0, 6, 12, 18, 24, 25, 19, 13, 7, 1, 2, 3, 9, 8, 14, 20, 26, 32, 33, 34, 28, 22, 21, 15, 16, 17, 23, 29, 35]
[00:00:00:00:281] ! Bidirectional. expansions: 14, time: 25 [ms], path length: 28 [edges], g_F: 14, g_B: 14, generated: 0, MM: 0, MMPER: -1.0%
[00:00:00:00:281] 
---------- SM_Grids/6x6_grid_with_random_blocks_12per_7 ----------
[00:00:00:00:128] Path of length 30 found: [0, 1, 7, 13, 12, 18, 24, 30, 31, 25, 26, 20, 21, 15, 9, 8, 2, 3, 4, 10, 11, 17, 16, 22, 23, 29, 28, 27, 33, 34, 35]
[00:00:00:00:128] ! Unidirectional s-t. expansions: 69, time: 128 [ms], path length: 30 [edges], generated: 299
[00:00:00:00:341] Path of length 30 found: [35, 29, 23, 17, 11, 10, 4, 3, 2, 8, 9, 15, 16, 22, 21, 20, 26, 27, 28, 34, 33, 32, 31, 25, 24, 18, 12, 13, 7, 1, 0]
[00:00:00:00:341] ! Unidirectional t-s. expansions: 156, time: 341 [ms], path length: 30 [edges], generated: 741
[00:00:00:00:268] Path of length 30 found: [0, 1, 7, 13, 12, 18, 24, 30, 31, 25, 26, 20, 21, 27, 33, 34, 28, 22, 16, 15, 9, 8, 2, 3, 4, 10, 11, 17, 23, 29, 35]
[00:00:00:00:522] ! Bidirectional. expansions: 189, time: 268 [ms], path length: 30 [edges], g_F: 15, g_B: 15, generated: 0, MM: 0, MMPER: -1.0%
[00:00:00:00:522] 
---------- SM_Grids/6x6_grid_with_random_blocks_12per_8 ----------
[00:00:00:00:161] Path of length 30 found: [0, 1, 2, 3, 9, 10, 4, 5, 11, 17, 23, 22, 16, 15, 14, 8, 7, 6, 12, 18, 24, 30, 31, 25, 19, 20, 26, 27, 33, 34, 35]
[00:00:00:00:161] ! Unidirectional s-t. expansions: 76, time: 161 [ms], path length: 30 [edges], generated: 312
[00:00:00:00:028] Path of length 30 found: [35, 34, 33, 27, 26, 20, 19, 25, 31, 30, 24, 18, 12, 6, 7, 8, 14, 15, 9, 10, 16, 22, 23, 17, 11, 5, 4, 3, 2, 1, 0]
[00:00:00:00:029] ! Unidirectional t-s. expansions: 16, time: 29 [ms], path length: 30 [edges], generated: 61
[00:00:00:00:031] Path of length 30 found: [0, 1, 2, 3, 9, 10, 4, 5, 11, 17, 23, 22, 16, 15, 14, 8, 7, 6, 12, 18, 24, 30, 31, 25, 19, 20, 26, 27, 33, 34, 35]
[00:00:00:00:280] ! Bidirectional. expansions: 19, time: 31 [ms], path length: 30 [edges], g_F: 15, g_B: 15, generated: 0, MM: 0, MMPER: -1.0%
[00:00:00:00:280] 
---------- SM_Grids/6x6_grid_with_random_blocks_12per_9 ----------
[00:00:00:00:863] Path of length 26 found: [0, 6, 7, 1, 2, 8, 14, 13, 19, 25, 26, 20, 21, 15, 9, 3, 4, 5, 11, 10, 16, 22, 28, 27, 33, 34, 35]
[00:00:00:00:864] ! Unidirectional s-t. expansions: 363, time: 863 [ms], path length: 26 [edges], generated: 2,155
[00:00:00:00:578] Path of length 26 found: [35, 29, 28, 34, 33, 27, 21, 22, 16, 17, 11, 5, 4, 10, 9, 3, 2, 8, 14, 20, 26, 25, 19, 13, 7, 1, 0]
[00:00:00:00:578] ! Unidirectional t-s. expansions: 326, time: 578 [ms], path length: 26 [edges], generated: 1,731
[00:00:00:00:393] Path of length 26 found: [0, 6, 7, 1, 2, 8, 14, 15, 9, 3, 4, 5, 11, 10, 16, 22, 21, 20, 19, 25, 26, 27, 33, 34, 28, 29, 35]
[00:00:00:00:637] ! Bidirectional. expansions: 252, time: 394 [ms], path length: 26 [edges], g_F: 13, g_B: 13, generated: 0, MM: 0, MMPER: -1.0%

[00:00:00:00:637] average expansions: (104, 130, 129, 0)
[00:00:00:00:637] average time: (230, 235, 192, 0)
[00:00:00:00:637] XIDA: 104 , 230 (expansions , time[ms])
[00:00:00:00:637] BiXIDA: 129 , 192 (expansions , time[ms])

