------------------------------------
Thu 01 Oct 2026 13:43:49 IDT
SLURM_JOBID:		21947670
SLURM_JOB_NODELIST:	ise-cpu256-18
SLURM_SCRATCH_DIR:	/scratch/shubit/21947670
Allocated Resouces:	cpu - 2 / mem - 61440 MB / gpu - 
SLURM_GPU_INDEX:	
Running as shubit from shimony account with normal QOS
------------------------------------
Thu 01 Oct 2026 13:43:49 IDT

SLURM_JOBID:		 21947670
SLURM_JOB_NODELIST:	 ise-cpu256-18 

--------------------------
date: SM_Grids
number_of_graphs: 10
graph_type: grid
size_of_graphs: [6, 6]
heuristic: bcc_heuristic
snake: False
run_uni: True
run_bi: True
run_multi: False
solution_vertices: []
algorithms: ['DFBnB']
lookahead: 2
bsd: False
cube_first_dims: 4
cube_buffer_dim: None
backward_sym_generation: False
sym_coil: False
prefix_set: None

---------- SM_Grids/6x6_grid_with_random_blocks_8per_0 ----------
[00:00:00:00:646] Path of length 32 found: [0, 6, 12, 18, 24, 30, 31, 32, 26, 25, 19, 13, 7, 8, 2, 3, 9, 15, 14, 20, 21, 27, 28, 22, 16, 10, 4, 5, 11, 17, 23, 29, 35]
[00:00:00:00:646] ! Unidirectional s-t. expansions: 522, time: 646 [ms], path length: 32 [edges], generated: 2,526
[00:00:00:00:169] Path of length 32 found: [35, 34, 28, 29, 23, 17, 11, 5, 4, 3, 2, 8, 7, 13, 19, 20, 14, 15, 9, 10, 16, 22, 21, 27, 26, 32, 31, 25, 24, 18, 12, 6, 0]
[00:00:00:00:169] ! Unidirectional t-s. expansions: 80, time: 169 [ms], path length: 32 [edges], generated: 476
[00:00:00:00:225] Path of length 32 found: [0, 6, 12, 18, 24, 30, 31, 32, 26, 25, 19, 20, 21, 22, 16, 10, 9, 15, 14, 13, 7, 8, 2, 3, 4, 5, 11, 17, 23, 29, 28, 34, 35]
[00:00:00:00:533] ! Bidirectional. expansions: 189, time: 226 [ms], path length: 32 [edges], g_F: 16, g_B: 16, generated: 0, MM: 0, MMPER: -1.0%
[00:00:00:00:533] 
---------- SM_Grids/6x6_grid_with_random_blocks_8per_1 ----------
[00:00:00:04:815] Path of length 30 found: [0, 6, 12, 18, 24, 30, 31, 25, 19, 13, 7, 1, 2, 8, 14, 20, 21, 15, 16, 10, 4, 5, 11, 17, 23, 22, 28, 27, 33, 34, 35]
[00:00:00:04:815] ! Unidirectional s-t. expansions: 3,209, time: 4,815 [ms], path length: 30 [edges], generated: 15,229
[00:00:00:04:787] Path of length 30 found: [35, 29, 23, 17, 11, 5, 4, 3, 2, 1, 7, 8, 14, 13, 19, 20, 21, 15, 16, 22, 28, 27, 33, 32, 31, 25, 24, 18, 12, 6, 0]
[00:00:00:04:788] ! Unidirectional t-s. expansions: 3,210, time: 4,788 [ms], path length: 30 [edges], generated: 15,231
[00:00:00:05:928] Path of length 30 found: [0, 6, 12, 18, 24, 30, 31, 25, 19, 20, 21, 27, 33, 34, 28, 22, 16, 15, 14, 13, 7, 1, 2, 3, 4, 5, 11, 17, 23, 29, 35]
[00:00:00:06:169] ! Bidirectional. expansions: 4,619, time: 5,928 [ms], path length: 30 [edges], g_F: 15, g_B: 15, generated: 0, MM: 0, MMPER: -1.0%
[00:00:00:06:169] 
---------- SM_Grids/6x6_grid_with_random_blocks_8per_2 ----------
[00:00:00:00:367] Path of length 32 found: [0, 6, 12, 18, 24, 30, 31, 25, 19, 13, 7, 1, 2, 8, 9, 3, 4, 5, 11, 10, 16, 15, 21, 20, 26, 32, 33, 27, 28, 22, 23, 29, 35]
[00:00:00:00:367] ! Unidirectional s-t. expansions: 143, time: 367 [ms], path length: 32 [edges], generated: 812
[00:00:00:01:230] Path of length 32 found: [35, 29, 23, 17, 11, 5, 4, 3, 2, 1, 7, 8, 9, 10, 16, 15, 21, 22, 28, 27, 33, 32, 26, 20, 19, 25, 31, 30, 24, 18, 12, 6, 0]
[00:00:00:01:230] ! Unidirectional t-s. expansions: 814, time: 1,230 [ms], path length: 32 [edges], generated: 4,016
[00:00:00:00:812] Path of length 32 found: [0, 6, 12, 18, 24, 30, 31, 25, 19, 20, 26, 32, 33, 27, 28, 22, 21, 15, 16, 10, 9, 8, 7, 1, 2, 3, 4, 5, 11, 17, 23, 29, 35]
[00:00:00:01:052] ! Bidirectional. expansions: 573, time: 812 [ms], path length: 32 [edges], g_F: 16, g_B: 16, generated: 0, MM: 0, MMPER: -1.0%
[00:00:00:01:052] 
---------- SM_Grids/6x6_grid_with_random_blocks_8per_3 ----------
[00:00:00:00:523] Path of length 32 found: [0, 6, 12, 18, 24, 30, 31, 25, 26, 32, 33, 27, 21, 20, 14, 13, 7, 1, 2, 8, 9, 3, 4, 5, 11, 10, 16, 17, 23, 22, 28, 29, 35]
[00:00:00:00:523] ! Unidirectional s-t. expansions: 193, time: 523 [ms], path length: 32 [edges], generated: 1,127
[00:00:00:00:904] Path of length 32 found: [35, 29, 23, 17, 11, 5, 4, 3, 2, 1, 7, 13, 14, 8, 9, 10, 16, 15, 21, 22, 28, 27, 33, 32, 26, 25, 31, 30, 24, 18, 12, 6, 0]
[00:00:00:00:905] ! Unidirectional t-s. expansions: 513, time: 904 [ms], path length: 32 [edges], generated: 2,464
[00:00:00:00:800] Path of length 32 found: [0, 6, 12, 18, 24, 30, 31, 25, 26, 32, 33, 27, 28, 22, 21, 15, 16, 10, 9, 8, 14, 13, 7, 1, 2, 3, 4, 5, 11, 17, 23, 29, 35]
[00:00:00:01:048] ! Bidirectional. expansions: 537, time: 800 [ms], path length: 32 [edges], g_F: 16, g_B: 16, generated: 0, MM: 0, MMPER: -1.0%
[00:00:00:01:049] 
---------- SM_Grids/6x6_grid_with_random_blocks_8per_4 ----------
[00:00:00:01:667] Path of length 32 found: [0, 6, 12, 18, 24, 30, 31, 25, 19, 13, 7, 1, 2, 8, 14, 20, 26, 32, 33, 27, 21, 15, 16, 10, 4, 5, 11, 17, 23, 22, 28, 34, 35]
[00:00:00:01:668] ! Unidirectional s-t. expansions: 896, time: 1,667 [ms], path length: 32 [edges], generated: 4,959
[00:00:00:00:934] Path of length 32 found: [35, 29, 23, 17, 11, 5, 4, 10, 16, 15, 14, 8, 2, 1, 7, 13, 19, 25, 26, 20, 21, 22, 28, 27, 33, 32, 31, 30, 24, 18, 12, 6, 0]
[00:00:00:00:934] ! Unidirectional t-s. expansions: 427, time: 934 [ms], path length: 32 [edges], generated: 2,389
[00:00:00:01:190] Path of length 32 found: [0, 6, 12, 18, 24, 30, 31, 25, 19, 13, 7, 1, 2, 8, 14, 20, 26, 27, 33, 34, 28, 22, 21, 15, 16, 10, 4, 5, 11, 17, 23, 29, 35]
[00:00:00:01:466] ! Bidirectional. expansions: 844, time: 1,190 [ms], path length: 32 [edges], g_F: 16, g_B: 16, generated: 0, MM: 0, MMPER: -1.0%
[00:00:00:01:466] 
---------- SM_Grids/6x6_grid_with_random_blocks_8per_5 ----------
[00:00:00:00:878] Path of length 32 found: [0, 6, 12, 18, 24, 25, 31, 32, 26, 20, 19, 13, 7, 1, 2, 8, 14, 15, 9, 10, 4, 5, 11, 17, 16, 22, 21, 27, 33, 34, 28, 29, 35]
[00:00:00:00:878] ! Unidirectional s-t. expansions: 476, time: 878 [ms], path length: 32 [edges], generated: 2,191
[00:00:00:01:183] Path of length 32 found: [35, 29, 23, 17, 11, 5, 4, 10, 9, 8, 2, 1, 7, 13, 19, 20, 14, 15, 16, 22, 21, 27, 28, 34, 33, 32, 26, 25, 24, 18, 12, 6, 0]
[00:00:00:01:184] ! Unidirectional t-s. expansions: 636, time: 1,183 [ms], path length: 32 [edges], generated: 2,925
[00:00:00:01:661] Path of length 32 found: [0, 6, 12, 18, 24, 25, 31, 32, 26, 20, 21, 27, 33, 34, 28, 22, 16, 15, 14, 13, 7, 1, 2, 8, 9, 10, 4, 5, 11, 17, 23, 29, 35]
[00:00:00:01:912] ! Bidirectional. expansions: 1,256, time: 1,661 [ms], path length: 32 [edges], g_F: 16, g_B: 16, generated: 0, MM: 0, MMPER: -1.0%
[00:00:00:01:913] 
---------- SM_Grids/6x6_grid_with_random_blocks_8per_6 ----------
[00:00:00:00:034] Path of length 30 found: [0, 6, 12, 13, 7, 1, 2, 8, 14, 20, 19, 25, 26, 27, 33, 34, 28, 22, 21, 15, 9, 3, 4, 5, 11, 10, 16, 17, 23, 29, 35]
[00:00:00:00:035] ! Unidirectional s-t. expansions: 15, time: 34 [ms], path length: 30 [edges], generated: 71
[00:00:00:00:041] Path of length 30 found: [35, 29, 23, 17, 11, 5, 4, 3, 2, 1, 7, 8, 14, 20, 21, 15, 9, 10, 16, 22, 28, 34, 33, 27, 26, 25, 19, 13, 12, 6, 0]
[00:00:00:00:041] ! Unidirectional t-s. expansions: 15, time: 41 [ms], path length: 30 [edges], generated: 82
[00:00:00:00:027] Path of length 30 found: [0, 6, 12, 13, 7, 1, 2, 8, 14, 20, 19, 25, 26, 27, 33, 34, 28, 22, 21, 15, 16, 10, 9, 3, 4, 5, 11, 17, 23, 29, 35]
[00:00:00:00:272] ! Bidirectional. expansions: 15, time: 27 [ms], path length: 30 [edges], g_F: 15, g_B: 15, generated: 0, MM: 0, MMPER: -1.0%
[00:00:00:00:272] 
---------- SM_Grids/6x6_grid_with_random_blocks_8per_7 ----------
[00:00:00:00:581] Path of length 32 found: [0, 6, 12, 18, 24, 25, 31, 32, 26, 20, 19, 13, 7, 1, 2, 8, 14, 15, 21, 27, 33, 34, 28, 22, 16, 10, 4, 5, 11, 17, 23, 29, 35]
[00:00:00:00:581] ! Unidirectional s-t. expansions: 330, time: 581 [ms], path length: 32 [edges], generated: 1,543
[00:00:00:00:902] Path of length 32 found: [35, 29, 23, 17, 11, 5, 4, 3, 2, 1, 7, 8, 14, 13, 19, 20, 26, 27, 21, 15, 16, 22, 28, 34, 33, 32, 31, 25, 24, 18, 12, 6, 0]
[00:00:00:00:902] ! Unidirectional t-s. expansions: 454, time: 902 [ms], path length: 32 [edges], generated: 2,135
[00:00:00:01:124] Path of length 32 found: [0, 6, 12, 18, 24, 25, 31, 32, 26, 27, 33, 34, 28, 22, 16, 15, 21, 20, 19, 13, 14, 8, 7, 1, 2, 3, 4, 5, 11, 17, 23, 29, 35]
[00:00:00:01:362] ! Bidirectional. expansions: 701, time: 1,124 [ms], path length: 32 [edges], g_F: 16, g_B: 16, generated: 0, MM: 0, MMPER: -1.0%
[00:00:00:01:363] 
---------- SM_Grids/6x6_grid_with_random_blocks_8per_8 ----------
[00:00:00:00:529] Path of length 32 found: [0, 6, 12, 18, 24, 30, 31, 25, 19, 13, 7, 1, 2, 8, 14, 20, 26, 32, 33, 27, 21, 15, 16, 10, 4, 5, 11, 17, 23, 22, 28, 29, 35]
[00:00:00:00:529] ! Unidirectional s-t. expansions: 233, time: 529 [ms], path length: 32 [edges], generated: 1,184
[00:00:00:00:554] Path of length 32 found: [35, 29, 23, 17, 11, 5, 4, 3, 2, 1, 7, 8, 14, 13, 19, 25, 26, 20, 21, 15, 16, 22, 28, 27, 33, 32, 31, 30, 24, 18, 12, 6, 0]
[00:00:00:00:555] ! Unidirectional t-s. expansions: 326, time: 554 [ms], path length: 32 [edges], generated: 1,562
[00:00:00:00:718] Path of length 32 found: [0, 6, 12, 18, 24, 30, 31, 25, 26, 32, 33, 27, 28, 22, 16, 15, 21, 20, 19, 13, 14, 8, 7, 1, 2, 3, 4, 5, 11, 17, 23, 29, 35]
[00:00:00:00:963] ! Bidirectional. expansions: 507, time: 718 [ms], path length: 32 [edges], g_F: 16, g_B: 16, generated: 0, MM: 0, MMPER: -1.0%
[00:00:00:00:963] 
---------- SM_Grids/6x6_grid_with_random_blocks_8per_9 ----------
[00:00:00:00:041] Path of length 30 found: [0, 6, 12, 18, 24, 30, 31, 25, 19, 13, 7, 1, 2, 8, 9, 15, 14, 20, 26, 32, 33, 27, 21, 22, 16, 17, 23, 29, 28, 34, 35]
[00:00:00:00:041] ! Unidirectional s-t. expansions: 15, time: 41 [ms], path length: 30 [edges], generated: 72
[00:00:00:00:033] Path of length 30 found: [35, 29, 23, 17, 16, 15, 9, 8, 2, 1, 7, 13, 14, 20, 19, 25, 26, 27, 21, 22, 28, 34, 33, 32, 31, 30, 24, 18, 12, 6, 0]
[00:00:00:00:034] ! Unidirectional t-s. expansions: 15, time: 34 [ms], path length: 30 [edges], generated: 64
[00:00:00:00:048] Path of length 30 found: [0, 6, 12, 18, 24, 30, 31, 32, 33, 34, 28, 22, 21, 27, 26, 25, 19, 20, 14, 13, 7, 1, 2, 8, 9, 15, 16, 17, 23, 29, 35]
[00:00:00:00:298] ! Bidirectional. expansions: 31, time: 48 [ms], path length: 30 [edges], g_F: 15, g_B: 15, generated: 0, MM: 0, MMPER: -1.0%

[00:00:00:00:298] average expansions: (603, 649, 927, 0)
[00:00:00:00:298] average time: (1,008, 1,074, 1,253, 0)
[00:00:00:00:298] XDFBnB: 603 , 1,008 (expansions , time[ms])
[00:00:00:00:298] BiXDFBnB: 927 , 1,253 (expansions , time[ms])

