------------------------------------
Thu 01 Oct 2026 12:13:38 IDT
SLURM_JOBID:		21944010
SLURM_JOB_NODELIST:	ise-cpu256-14
SLURM_SCRATCH_DIR:	/scratch/shubit/21944010
Allocated Resouces:	cpu - 2 / mem - 61440 MB / gpu - 
SLURM_GPU_INDEX:	
Running as shubit from shimony account with normal QOS
------------------------------------
Thu 01 Oct 2026 12:13:38 IDT

SLURM_JOBID:		 21944010
SLURM_JOB_NODELIST:	 ise-cpu256-14 

--------------------------
date: SM_Grids
number_of_graphs: 10
graph_type: grid
size_of_graphs: [6, 6]
heuristic: bcc_heuristic
snake: False
run_uni: True
run_bi: True
run_multi: False
solution_vertices: []
algorithms: ['IDA']
lookahead: -2
bsd: False
cube_first_dims: 4
cube_buffer_dim: None
backward_sym_generation: False
sym_coil: False
prefix_set: None

---------- SM_Grids/6x6_grid_with_random_blocks_8per_0 ----------
[00:00:00:00:706] Path of length 32 found: [0, 6, 12, 18, 24, 30, 31, 32, 26, 25, 19, 13, 7, 8, 2, 3, 9, 10, 4, 5, 11, 17, 23, 22, 16, 15, 14, 20, 21, 27, 28, 34, 35]
[00:00:00:00:706] ! Unidirectional s-t. expansions: 1,014, time: 706 [ms], path length: 32 [edges], generated: 1,702
[00:00:00:00:167] Path of length 32 found: [35, 34, 28, 29, 23, 17, 11, 5, 4, 3, 2, 8, 7, 13, 19, 20, 14, 15, 9, 10, 16, 22, 21, 27, 26, 32, 31, 25, 24, 18, 12, 6, 0]
[00:00:00:00:167] ! Unidirectional t-s. expansions: 176, time: 167 [ms], path length: 32 [edges], generated: 314
[00:00:00:00:456] Path of length 32 found: [0, 6, 12, 18, 19, 25, 24, 30, 31, 32, 26, 27, 21, 20, 14, 13, 7, 8, 2, 3, 9, 15, 16, 10, 4, 5, 11, 17, 23, 22, 28, 34, 35]
[00:00:00:00:756] ! Bidirectional. expansions: 597, time: 456 [ms], path length: 32 [edges], g_F: 30, g_B: 2, generated: 0, MM: 28, MMPER: 83.84848484848484%
[00:00:00:00:757] 
---------- SM_Grids/6x6_grid_with_random_blocks_8per_1 ----------
[00:00:00:06:896] Path of length 30 found: [0, 6, 12, 18, 24, 30, 31, 32, 33, 27, 21, 15, 14, 20, 19, 13, 7, 1, 2, 3, 4, 5, 11, 10, 16, 17, 23, 22, 28, 34, 35]
[00:00:00:06:897] ! Unidirectional s-t. expansions: 7,471, time: 6,897 [ms], path length: 30 [edges], generated: 12,904
[00:00:00:07:104] Path of length 30 found: [35, 29, 23, 17, 11, 5, 4, 3, 2, 8, 14, 20, 21, 15, 16, 22, 28, 27, 33, 32, 31, 30, 24, 25, 19, 18, 12, 13, 7, 1, 0]
[00:00:00:07:105] ! Unidirectional t-s. expansions: 7,451, time: 7,104 [ms], path length: 30 [edges], generated: 12,871
[00:00:00:10:944] Path of length 30 found: [0, 6, 12, 18, 24, 30, 31, 25, 19, 13, 7, 1, 2, 8, 14, 20, 21, 15, 16, 10, 4, 5, 11, 17, 23, 29, 28, 27, 33, 34, 35]
[00:00:00:11:200] ! Bidirectional. expansions: 10,810, time: 10,944 [ms], path length: 30 [edges], g_F: 17, g_B: 13, generated: 0, MM: 4, MMPER: 11.903225806451612%
[00:00:00:11:201] 
---------- SM_Grids/6x6_grid_with_random_blocks_8per_2 ----------
[00:00:00:00:388] Path of length 32 found: [0, 6, 12, 18, 24, 30, 31, 25, 19, 13, 7, 1, 2, 8, 9, 3, 4, 5, 11, 10, 16, 15, 21, 20, 26, 32, 33, 27, 28, 22, 23, 29, 35]
[00:00:00:00:389] ! Unidirectional s-t. expansions: 291, time: 388 [ms], path length: 32 [edges], generated: 501
[00:00:00:01:321] Path of length 32 found: [35, 29, 23, 17, 11, 5, 4, 3, 2, 8, 9, 10, 16, 15, 21, 22, 28, 27, 33, 32, 26, 20, 19, 25, 31, 30, 24, 18, 12, 13, 7, 1, 0]
[00:00:00:01:321] ! Unidirectional t-s. expansions: 1,556, time: 1,321 [ms], path length: 32 [edges], generated: 2,531
[00:00:00:00:760] Path of length 32 found: [0, 6, 12, 18, 24, 30, 31, 25, 26, 32, 33, 27, 28, 22, 16, 15, 21, 20, 19, 13, 7, 1, 2, 8, 9, 10, 4, 5, 11, 17, 23, 29, 35]
[00:00:00:01:016] ! Bidirectional. expansions: 599, time: 760 [ms], path length: 32 [edges], g_F: 24, g_B: 8, generated: 0, MM: 16, MMPER: 47.484848484848484%
[00:00:00:01:017] 
---------- SM_Grids/6x6_grid_with_random_blocks_8per_3 ----------
[00:00:00:00:502] Path of length 32 found: [0, 6, 12, 18, 24, 30, 31, 25, 26, 32, 33, 27, 21, 20, 14, 13, 7, 1, 2, 8, 9, 3, 4, 5, 11, 10, 16, 17, 23, 22, 28, 29, 35]
[00:00:00:00:502] ! Unidirectional s-t. expansions: 377, time: 502 [ms], path length: 32 [edges], generated: 686
[00:00:00:00:968] Path of length 32 found: [35, 29, 23, 17, 11, 5, 4, 3, 2, 8, 14, 20, 21, 15, 9, 10, 16, 22, 28, 27, 33, 32, 26, 25, 31, 30, 24, 18, 12, 13, 7, 1, 0]
[00:00:00:00:968] ! Unidirectional t-s. expansions: 960, time: 968 [ms], path length: 32 [edges], generated: 1,624
[00:00:00:00:915] Path of length 32 found: [0, 6, 12, 18, 24, 30, 31, 25, 26, 32, 33, 27, 28, 22, 16, 10, 9, 15, 21, 20, 14, 8, 7, 1, 2, 3, 4, 5, 11, 17, 23, 29, 35]
[00:00:00:01:170] ! Bidirectional. expansions: 721, time: 915 [ms], path length: 32 [edges], g_F: 22, g_B: 10, generated: 0, MM: 12, MMPER: 35.36363636363637%
[00:00:00:01:171] 
---------- SM_Grids/6x6_grid_with_random_blocks_8per_4 ----------
[00:00:00:01:633] Path of length 32 found: [0, 6, 12, 18, 24, 30, 31, 25, 19, 13, 7, 1, 2, 8, 14, 20, 26, 32, 33, 27, 21, 15, 16, 10, 4, 5, 11, 17, 23, 22, 28, 34, 35]
[00:00:00:01:633] ! Unidirectional s-t. expansions: 1,739, time: 1,633 [ms], path length: 32 [edges], generated: 2,989
[00:00:00:00:872] Path of length 32 found: [35, 29, 23, 17, 11, 5, 4, 10, 16, 15, 14, 8, 2, 1, 7, 13, 19, 25, 26, 20, 21, 22, 28, 27, 33, 32, 31, 30, 24, 18, 12, 6, 0]
[00:00:00:00:872] ! Unidirectional t-s. expansions: 843, time: 872 [ms], path length: 32 [edges], generated: 1,471
[00:00:00:02:505] Path of length 32 found: [0, 6, 12, 18, 24, 30, 31, 25, 19, 13, 7, 1, 2, 8, 14, 20, 26, 32, 33, 27, 21, 15, 16, 10, 4, 5, 11, 17, 23, 22, 28, 34, 35]
[00:00:00:02:760] ! Bidirectional. expansions: 2,634, time: 2,505 [ms], path length: 32 [edges], g_F: 30, g_B: 2, generated: 0, MM: 28, MMPER: 83.84848484848484%
[00:00:00:02:761] 
---------- SM_Grids/6x6_grid_with_random_blocks_8per_5 ----------
[00:00:00:01:098] Path of length 32 found: [0, 6, 12, 18, 24, 25, 31, 32, 26, 20, 19, 13, 7, 1, 2, 8, 14, 15, 9, 10, 4, 5, 11, 17, 16, 22, 21, 27, 33, 34, 28, 29, 35]
[00:00:00:01:098] ! Unidirectional s-t. expansions: 1,036, time: 1,098 [ms], path length: 32 [edges], generated: 1,863
[00:00:00:01:440] Path of length 32 found: [35, 29, 23, 17, 11, 5, 4, 10, 9, 8, 2, 1, 7, 13, 19, 20, 14, 15, 16, 22, 21, 27, 28, 34, 33, 32, 26, 25, 24, 18, 12, 6, 0]
[00:00:00:01:441] ! Unidirectional t-s. expansions: 1,374, time: 1,440 [ms], path length: 32 [edges], generated: 2,405
[00:00:00:02:187] Path of length 32 found: [0, 6, 12, 18, 24, 25, 31, 32, 26, 27, 33, 34, 28, 22, 21, 20, 19, 13, 7, 1, 2, 8, 14, 15, 16, 10, 4, 5, 11, 17, 23, 29, 35]
[00:00:00:02:444] ! Bidirectional. expansions: 1,997, time: 2,187 [ms], path length: 32 [edges], g_F: 23, g_B: 9, generated: 0, MM: 14, MMPER: 41.42424242424242%
[00:00:00:02:444] 
---------- SM_Grids/6x6_grid_with_random_blocks_8per_6 ----------
[00:00:00:00:037] Path of length 30 found: [0, 6, 12, 13, 7, 1, 2, 8, 14, 20, 19, 25, 26, 27, 33, 34, 28, 22, 21, 15, 9, 3, 4, 5, 11, 10, 16, 17, 23, 29, 35]
[00:00:00:00:037] ! Unidirectional s-t. expansions: 29, time: 37 [ms], path length: 30 [edges], generated: 51
[00:00:00:00:037] Path of length 30 found: [35, 29, 23, 17, 11, 5, 4, 3, 2, 1, 7, 8, 14, 20, 21, 15, 9, 10, 16, 22, 28, 34, 33, 27, 26, 25, 19, 13, 12, 6, 0]
[00:00:00:00:037] ! Unidirectional t-s. expansions: 29, time: 37 [ms], path length: 30 [edges], generated: 51
[00:00:00:00:039] Path of length 30 found: [0, 6, 12, 13, 19, 25, 26, 20, 14, 15, 21, 27, 33, 34, 28, 22, 16, 10, 9, 8, 7, 1, 2, 3, 4, 5, 11, 17, 23, 29, 35]
[00:00:00:00:295] ! Bidirectional. expansions: 29, time: 39 [ms], path length: 30 [edges], g_F: 20, g_B: 10, generated: 0, MM: 10, MMPER: 31.258064516129032%
[00:00:00:00:295] 
---------- SM_Grids/6x6_grid_with_random_blocks_8per_7 ----------
[00:00:00:00:643] Path of length 32 found: [0, 6, 12, 13, 19, 18, 24, 25, 31, 32, 33, 27, 26, 20, 21, 15, 14, 8, 7, 1, 2, 3, 4, 5, 11, 10, 16, 17, 23, 22, 28, 34, 35]
[00:00:00:00:643] ! Unidirectional s-t. expansions: 636, time: 643 [ms], path length: 32 [edges], generated: 1,053
[00:00:00:00:939] Path of length 32 found: [35, 29, 28, 34, 33, 27, 26, 32, 31, 25, 24, 18, 12, 13, 19, 20, 14, 15, 21, 22, 23, 17, 16, 10, 11, 5, 4, 3, 2, 8, 7, 1, 0]
[00:00:00:00:940] ! Unidirectional t-s. expansions: 860, time: 939 [ms], path length: 32 [edges], generated: 1,478
[00:00:00:01:040] Path of length 32 found: [0, 6, 12, 13, 19, 18, 24, 25, 31, 32, 33, 27, 26, 20, 21, 15, 14, 8, 7, 1, 2, 3, 4, 5, 11, 10, 16, 17, 23, 22, 28, 34, 35]
[00:00:00:01:290] ! Bidirectional. expansions: 913, time: 1,040 [ms], path length: 32 [edges], g_F: 30, g_B: 2, generated: 0, MM: 28, MMPER: 83.84848484848484%
[00:00:00:01:290] 
---------- SM_Grids/6x6_grid_with_random_blocks_8per_8 ----------
[00:00:00:00:537] Path of length 32 found: [0, 6, 12, 18, 24, 30, 31, 25, 19, 13, 7, 1, 2, 8, 14, 20, 26, 32, 33, 27, 21, 15, 16, 10, 4, 5, 11, 17, 23, 22, 28, 29, 35]
[00:00:00:00:537] ! Unidirectional s-t. expansions: 450, time: 537 [ms], path length: 32 [edges], generated: 785
[00:00:00:00:598] Path of length 32 found: [35, 29, 23, 17, 16, 10, 11, 5, 4, 3, 2, 8, 14, 15, 21, 22, 28, 27, 33, 32, 26, 20, 19, 25, 31, 30, 24, 18, 12, 13, 7, 1, 0]
[00:00:00:00:599] ! Unidirectional t-s. expansions: 608, time: 598 [ms], path length: 32 [edges], generated: 1,024
[00:00:00:00:896] Path of length 32 found: [0, 6, 12, 18, 24, 30, 31, 25, 19, 13, 7, 1, 2, 8, 14, 20, 26, 32, 33, 27, 21, 15, 16, 10, 4, 5, 11, 17, 23, 22, 28, 29, 35]
[00:00:00:01:149] ! Bidirectional. expansions: 698, time: 896 [ms], path length: 32 [edges], g_F: 29, g_B: 3, generated: 0, MM: 26, MMPER: 77.78787878787878%
[00:00:00:01:149] 
---------- SM_Grids/6x6_grid_with_random_blocks_8per_9 ----------
[00:00:00:00:037] Path of length 30 found: [0, 6, 12, 18, 24, 30, 31, 25, 19, 13, 7, 1, 2, 8, 9, 15, 14, 20, 26, 32, 33, 27, 21, 22, 16, 17, 23, 29, 28, 34, 35]
[00:00:00:00:037] ! Unidirectional s-t. expansions: 29, time: 37 [ms], path length: 30 [edges], generated: 50
[00:00:00:00:036] Path of length 30 found: [35, 29, 23, 17, 16, 15, 9, 8, 2, 1, 7, 13, 14, 20, 19, 25, 26, 27, 21, 22, 28, 34, 33, 32, 31, 30, 24, 18, 12, 6, 0]
[00:00:00:00:036] ! Unidirectional t-s. expansions: 29, time: 36 [ms], path length: 30 [edges], generated: 50
[00:00:00:00:061] Path of length 30 found: [0, 6, 12, 18, 24, 30, 31, 25, 19, 13, 7, 1, 2, 8, 9, 15, 14, 20, 26, 32, 33, 34, 28, 27, 21, 22, 16, 17, 23, 29, 35]
[00:00:00:00:312] ! Bidirectional. expansions: 29, time: 61 [ms], path length: 30 [edges], g_F: 24, g_B: 6, generated: 0, MM: 18, MMPER: 57.064516129032256%

[00:00:00:00:313] average expansions: (1,307, 1,389, 1,903, 0)
[00:00:00:00:313] average time: (1,248, 1,348, 1,980, 0)
[00:00:00:00:313] XIDA: 1,307 , 1,248 (expansions , time[ms])
[00:00:00:00:313] BiXIDA: 1,903 , 1,980 (expansions , time[ms])

