------------------------------------
Thu 01 Oct 2026 13:44:21 IDT
SLURM_JOBID:		21947690
SLURM_JOB_NODELIST:	ise-cpu256-31
SLURM_SCRATCH_DIR:	/scratch/shubit/21947690
Allocated Resouces:	cpu - 2 / mem - 61440 MB / gpu - 
SLURM_GPU_INDEX:	
Running as shubit from shimony account with normal QOS
------------------------------------
Thu 01 Oct 2026 13:44:21 IDT

SLURM_JOBID:		 21947690
SLURM_JOB_NODELIST:	 ise-cpu256-31 

--------------------------
date: SM_Grids
number_of_graphs: 10
graph_type: grid
size_of_graphs: [6, 6]
heuristic: bcc_heuristic
snake: False
run_uni: True
run_bi: True
run_multi: False
solution_vertices: []
algorithms: ['DFBnB']
lookahead: 4
bsd: False
cube_first_dims: 4
cube_buffer_dim: None
backward_sym_generation: False
sym_coil: False
prefix_set: None

---------- SM_Grids/6x6_grid_with_random_blocks_20per_0 ----------
[00:00:00:00:068] Path of length 26 found: [0, 1, 2, 3, 4, 5, 11, 10, 9, 15, 14, 8, 7, 6, 12, 13, 19, 20, 26, 25, 31, 32, 33, 27, 28, 34, 35]
[00:00:00:00:068] ! Unidirectional s-t. expansions: 18, time: 68 [ms], path length: 26 [edges], generated: 265
[00:00:00:00:021] Path of length 26 found: [35, 34, 28, 27, 33, 32, 31, 25, 26, 20, 19, 13, 12, 6, 7, 8, 14, 15, 9, 10, 11, 5, 4, 3, 2, 1, 0]
[00:00:00:00:021] ! Unidirectional t-s. expansions: 7, time: 21 [ms], path length: 26 [edges], generated: 67
[00:00:00:00:061] Path of length 26 found: [0, 1, 2, 3, 4, 5, 11, 10, 9, 15, 14, 8, 7, 6, 12, 13, 19, 20, 26, 25, 31, 32, 33, 27, 28, 34, 35]
[00:00:00:00:361] ! Bidirectional. expansions: 23, time: 61 [ms], path length: 26 [edges], g_F: 13, g_B: 13, generated: 0, MM: 0, MMPER: -1.0%
[00:00:00:00:361] 
---------- SM_Grids/6x6_grid_with_random_blocks_20per_1 ----------
[00:00:00:01:396] Path of length 24 found: [0, 6, 12, 18, 19, 13, 7, 1, 2, 8, 14, 20, 21, 15, 9, 3, 4, 10, 11, 17, 16, 22, 28, 29, 35]
[00:00:00:01:396] ! Unidirectional s-t. expansions: 305, time: 1,396 [ms], path length: 24 [edges], generated: 5,261
[00:00:00:00:648] Path of length 24 found: [35, 29, 28, 27, 21, 22, 16, 17, 11, 5, 4, 10, 9, 3, 2, 1, 7, 8, 14, 20, 19, 13, 12, 6, 0]
[00:00:00:00:648] ! Unidirectional t-s. expansions: 133, time: 648 [ms], path length: 24 [edges], generated: 2,824
[00:00:00:00:641] Path of length 24 found: [0, 6, 12, 18, 19, 20, 14, 13, 7, 1, 2, 3, 4, 5, 11, 10, 9, 15, 16, 22, 21, 27, 28, 29, 35]
[00:00:00:00:913] ! Bidirectional. expansions: 153, time: 641 [ms], path length: 24 [edges], g_F: 12, g_B: 12, generated: 0, MM: 0, MMPER: -1.0%
[00:00:00:00:913] 
---------- SM_Grids/6x6_grid_with_random_blocks_20per_2 ----------
[00:00:00:00:087] Path of length 24 found: [0, 6, 12, 18, 19, 25, 24, 30, 31, 32, 26, 27, 21, 20, 14, 8, 2, 3, 9, 10, 16, 17, 23, 29, 35]
[00:00:00:00:087] ! Unidirectional s-t. expansions: 21, time: 87 [ms], path length: 24 [edges], generated: 281
[00:00:00:00:024] Path of length 24 found: [35, 29, 23, 17, 11, 10, 9, 3, 2, 8, 14, 20, 21, 27, 26, 32, 31, 30, 24, 25, 19, 18, 12, 6, 0]
[00:00:00:00:025] ! Unidirectional t-s. expansions: 8, time: 24 [ms], path length: 24 [edges], generated: 73
[00:00:00:00:040] Path of length 24 found: [0, 6, 12, 18, 19, 25, 24, 30, 31, 32, 26, 27, 21, 20, 14, 8, 2, 3, 9, 10, 11, 17, 23, 29, 35]
[00:00:00:00:313] ! Bidirectional. expansions: 13, time: 40 [ms], path length: 24 [edges], g_F: 12, g_B: 12, generated: 0, MM: 0, MMPER: -1.0%
[00:00:00:00:313] 
---------- SM_Grids/6x6_grid_with_random_blocks_20per_3 ----------
[00:00:00:00:040] Path of length 24 found: [0, 1, 2, 3, 4, 5, 11, 10, 9, 8, 14, 13, 19, 18, 24, 30, 31, 32, 33, 27, 21, 22, 23, 29, 35]
[00:00:00:00:040] ! Unidirectional s-t. expansions: 13, time: 40 [ms], path length: 24 [edges], generated: 128
[00:00:00:00:040] Path of length 24 found: [35, 29, 23, 22, 21, 27, 33, 32, 31, 25, 24, 18, 19, 13, 14, 15, 9, 10, 11, 5, 4, 3, 2, 1, 0]
[00:00:00:00:040] ! Unidirectional t-s. expansions: 10, time: 40 [ms], path length: 24 [edges], generated: 151
[00:00:00:00:018] Path of length 24 found: [0, 1, 2, 3, 4, 5, 11, 10, 9, 8, 14, 13, 19, 18, 24, 30, 31, 32, 33, 27, 21, 22, 23, 29, 35]
[00:00:00:00:289] ! Bidirectional. expansions: 7, time: 18 [ms], path length: 24 [edges], g_F: 12, g_B: 12, generated: 0, MM: 0, MMPER: -1.0%
[00:00:00:00:290] 
---------- SM_Grids/6x6_grid_with_random_blocks_20per_4 ----------
[00:00:00:00:032] Path of length 20 found: [0, 1, 7, 8, 9, 3, 4, 5, 11, 10, 16, 15, 21, 27, 33, 34, 28, 22, 23, 29, 35]
[00:00:00:00:032] ! Unidirectional s-t. expansions: 5, time: 32 [ms], path length: 20 [edges], generated: 91
[00:00:00:00:031] Path of length 20 found: [35, 29, 23, 22, 28, 34, 33, 27, 21, 15, 16, 10, 11, 5, 4, 3, 9, 8, 7, 1, 0]
[00:00:00:00:031] ! Unidirectional t-s. expansions: 5, time: 31 [ms], path length: 20 [edges], generated: 69
[00:00:00:00:020] Path of length 20 found: [0, 1, 7, 8, 9, 3, 4, 5, 11, 10, 16, 15, 21, 27, 33, 34, 28, 22, 23, 29, 35]
[00:00:00:00:297] ! Bidirectional. expansions: 5, time: 20 [ms], path length: 20 [edges], g_F: 10, g_B: 10, generated: 0, MM: 0, MMPER: -1.0%
[00:00:00:00:297] 
---------- SM_Grids/6x6_grid_with_random_blocks_20per_5 ----------
[00:00:00:00:122] Path of length 24 found: [0, 6, 12, 13, 14, 20, 26, 25, 24, 30, 31, 32, 33, 27, 21, 15, 9, 3, 4, 10, 16, 22, 28, 34, 35]
[00:00:00:00:122] ! Unidirectional s-t. expansions: 25, time: 122 [ms], path length: 24 [edges], generated: 423
[00:00:00:00:176] Path of length 24 found: [35, 29, 28, 34, 33, 32, 31, 30, 24, 25, 26, 27, 21, 22, 16, 10, 4, 3, 9, 15, 14, 13, 7, 6, 0]
[00:00:00:00:176] ! Unidirectional t-s. expansions: 37, time: 176 [ms], path length: 24 [edges], generated: 554
[00:00:00:00:052] Path of length 24 found: [0, 6, 12, 13, 14, 15, 9, 3, 4, 10, 16, 22, 21, 20, 26, 25, 24, 30, 31, 32, 33, 34, 28, 29, 35]
[00:00:00:00:380] ! Bidirectional. expansions: 11, time: 52 [ms], path length: 24 [edges], g_F: 12, g_B: 12, generated: 0, MM: 0, MMPER: -1.0%
[00:00:00:00:380] 
---------- SM_Grids/6x6_grid_with_random_blocks_20per_6 ----------
[00:00:00:00:064] Path of length 24 found: [0, 6, 12, 18, 24, 25, 31, 32, 26, 20, 14, 8, 2, 3, 4, 5, 11, 10, 9, 15, 16, 22, 28, 34, 35]
[00:00:00:00:065] ! Unidirectional s-t. expansions: 18, time: 65 [ms], path length: 24 [edges], generated: 238
[00:00:00:00:116] Path of length 24 found: [35, 29, 28, 34, 33, 32, 31, 25, 26, 20, 14, 15, 9, 10, 16, 17, 11, 5, 4, 3, 2, 8, 7, 6, 0]
[00:00:00:00:116] ! Unidirectional t-s. expansions: 21, time: 116 [ms], path length: 24 [edges], generated: 324
[00:00:00:00:037] Path of length 24 found: [0, 6, 12, 18, 24, 25, 31, 32, 26, 20, 14, 8, 2, 3, 9, 10, 4, 5, 11, 17, 16, 22, 28, 29, 35]
[00:00:00:00:307] ! Bidirectional. expansions: 12, time: 37 [ms], path length: 24 [edges], g_F: 12, g_B: 12, generated: 0, MM: 0, MMPER: -1.0%
[00:00:00:00:307] 
---------- SM_Grids/6x6_grid_with_random_blocks_20per_7 ----------
[00:00:00:00:036] Path of length 24 found: [0, 1, 7, 6, 12, 18, 19, 25, 31, 32, 26, 20, 14, 15, 9, 10, 11, 17, 16, 22, 28, 27, 33, 34, 35]
[00:00:00:00:037] ! Unidirectional s-t. expansions: 11, time: 36 [ms], path length: 24 [edges], generated: 114
[00:00:00:00:063] Path of length 24 found: [35, 34, 28, 22, 16, 17, 11, 10, 9, 15, 14, 20, 26, 27, 33, 32, 31, 25, 19, 18, 12, 6, 7, 1, 0]
[00:00:00:00:064] ! Unidirectional t-s. expansions: 14, time: 63 [ms], path length: 24 [edges], generated: 169
[00:00:00:00:046] Path of length 24 found: [0, 1, 7, 6, 12, 18, 19, 25, 31, 32, 33, 27, 26, 20, 14, 15, 9, 10, 11, 17, 16, 22, 28, 34, 35]
[00:00:00:00:318] ! Bidirectional. expansions: 16, time: 46 [ms], path length: 24 [edges], g_F: 12, g_B: 12, generated: 0, MM: 0, MMPER: -1.0%
[00:00:00:00:318] 
---------- SM_Grids/6x6_grid_with_random_blocks_20per_8 ----------
[00:00:00:00:037] Path of length 28 found: [0, 1, 7, 6, 12, 18, 19, 25, 24, 30, 31, 32, 26, 27, 33, 34, 28, 22, 21, 15, 14, 8, 9, 10, 16, 17, 23, 29, 35]
[00:00:00:00:038] ! Unidirectional s-t. expansions: 7, time: 37 [ms], path length: 28 [edges], generated: 96
[00:00:00:00:060] Path of length 28 found: [35, 29, 23, 17, 16, 10, 9, 8, 14, 15, 21, 22, 28, 34, 33, 27, 26, 32, 31, 30, 24, 25, 19, 18, 12, 6, 7, 1, 0]
[00:00:00:00:060] ! Unidirectional t-s. expansions: 7, time: 60 [ms], path length: 28 [edges], generated: 147
[00:00:00:00:034] Path of length 28 found: [0, 1, 7, 6, 12, 18, 19, 25, 24, 30, 31, 32, 26, 27, 33, 34, 28, 22, 21, 15, 14, 8, 9, 10, 16, 17, 23, 29, 35]
[00:00:00:00:307] ! Bidirectional. expansions: 7, time: 34 [ms], path length: 28 [edges], g_F: 14, g_B: 14, generated: 0, MM: 0, MMPER: -1.0%
[00:00:00:00:307] 
---------- SM_Grids/6x6_grid_with_random_blocks_20per_9 ----------
[00:00:00:00:126] Path of length 24 found: [0, 1, 7, 8, 9, 15, 14, 13, 12, 18, 24, 25, 19, 20, 26, 27, 21, 22, 16, 17, 23, 29, 28, 34, 35]
[00:00:00:00:126] ! Unidirectional s-t. expansions: 29, time: 126 [ms], path length: 24 [edges], generated: 482
[00:00:00:00:061] Path of length 24 found: [35, 34, 28, 29, 23, 17, 16, 22, 21, 27, 26, 20, 19, 25, 24, 18, 12, 13, 14, 15, 9, 8, 7, 1, 0]
[00:00:00:00:062] ! Unidirectional t-s. expansions: 6, time: 62 [ms], path length: 24 [edges], generated: 159
[00:00:00:00:059] Path of length 24 found: [0, 1, 7, 8, 9, 15, 14, 13, 12, 18, 24, 25, 19, 20, 26, 27, 21, 22, 16, 17, 23, 29, 28, 34, 35]
[00:00:00:00:334] ! Bidirectional. expansions: 14, time: 59 [ms], path length: 24 [edges], g_F: 12, g_B: 12, generated: 0, MM: 0, MMPER: -1.0%

[00:00:00:00:334] average expansions: (45, 25, 26, 0)
[00:00:00:00:334] average time: (201, 124, 101, 0)
[00:00:00:00:334] XDFBnB: 25 , 124 (expansions , time[ms])
[00:00:00:00:334] BiXDFBnB: 26 , 101 (expansions , time[ms])

