------------------------------------
Thu 01 Oct 2026 12:13:38 IDT
SLURM_JOBID:		21944012
SLURM_JOB_NODELIST:	ise-cpu256-14
SLURM_SCRATCH_DIR:	/scratch/shubit/21944012
Allocated Resouces:	cpu - 2 / mem - 61440 MB / gpu - 
SLURM_GPU_INDEX:	
Running as shubit from shimony account with normal QOS
------------------------------------
Thu 01 Oct 2026 12:13:38 IDT

SLURM_JOBID:		 21944012
SLURM_JOB_NODELIST:	 ise-cpu256-14 

--------------------------
date: SM_Grids
number_of_graphs: 10
graph_type: grid
size_of_graphs: [6, 6]
heuristic: bcc_heuristic
snake: False
run_uni: True
run_bi: True
run_multi: False
solution_vertices: []
algorithms: ['IDA']
lookahead: 1
bsd: False
cube_first_dims: 4
cube_buffer_dim: None
backward_sym_generation: False
sym_coil: False
prefix_set: None

---------- SM_Grids/6x6_grid_with_random_blocks_8per_0 ----------
[00:00:00:00:711] Path of length 32 found: [0, 6, 12, 18, 24, 30, 31, 32, 26, 25, 19, 13, 7, 8, 2, 3, 9, 10, 4, 5, 11, 17, 23, 22, 16, 15, 14, 20, 21, 27, 28, 34, 35]
[00:00:00:00:711] ! Unidirectional s-t. expansions: 1,014, time: 711 [ms], path length: 32 [edges], generated: 1,702
[00:00:00:00:168] Path of length 32 found: [35, 34, 28, 29, 23, 17, 11, 5, 4, 3, 2, 8, 7, 13, 19, 20, 14, 15, 9, 10, 16, 22, 21, 27, 26, 32, 31, 25, 24, 18, 12, 6, 0]
[00:00:00:00:168] ! Unidirectional t-s. expansions: 176, time: 168 [ms], path length: 32 [edges], generated: 314
[00:00:00:01:153] Path of length 32 found: [0, 6, 12, 13, 7, 8, 2, 3, 9, 15, 14, 20, 19, 18, 24, 30, 31, 25, 26, 27, 21, 22, 16, 10, 4, 5, 11, 17, 23, 29, 28, 34, 35]
[00:00:00:01:425] ! Bidirectional. expansions: 570, time: 1,153 [ms], path length: 32 [edges], g_F: 18, g_B: 14, generated: 0, MM: 4, MMPER: 11.121212121212121%
[00:00:00:01:425] 
---------- SM_Grids/6x6_grid_with_random_blocks_8per_1 ----------
[00:00:00:06:926] Path of length 30 found: [0, 6, 12, 18, 24, 30, 31, 32, 33, 27, 21, 15, 14, 20, 19, 13, 7, 1, 2, 3, 4, 5, 11, 10, 16, 17, 23, 22, 28, 34, 35]
[00:00:00:06:926] ! Unidirectional s-t. expansions: 7,471, time: 6,926 [ms], path length: 30 [edges], generated: 12,904
[00:00:00:06:991] Path of length 30 found: [35, 29, 23, 17, 11, 5, 4, 3, 2, 8, 14, 20, 21, 15, 16, 22, 28, 27, 33, 32, 31, 30, 24, 25, 19, 18, 12, 13, 7, 1, 0]
[00:00:00:06:991] ! Unidirectional t-s. expansions: 7,451, time: 6,991 [ms], path length: 30 [edges], generated: 12,871
[00:00:00:38:934] Path of length 30 found: [0, 6, 12, 18, 24, 30, 31, 25, 19, 20, 21, 27, 33, 34, 28, 22, 16, 15, 14, 13, 7, 1, 2, 3, 4, 5, 11, 17, 23, 29, 35]
[00:00:00:39:190] ! Bidirectional. expansions: 17,127, time: 38,934 [ms], path length: 30 [edges], g_F: 22, g_B: 8, generated: 0, MM: 14, MMPER: 44.16129032258065%
[00:00:00:39:190] 
---------- SM_Grids/6x6_grid_with_random_blocks_8per_2 ----------
[00:00:00:00:369] Path of length 32 found: [0, 6, 12, 18, 24, 30, 31, 25, 19, 13, 7, 1, 2, 8, 9, 3, 4, 5, 11, 10, 16, 15, 21, 20, 26, 32, 33, 27, 28, 22, 23, 29, 35]
[00:00:00:00:369] ! Unidirectional s-t. expansions: 291, time: 369 [ms], path length: 32 [edges], generated: 501
[00:00:00:01:350] Path of length 32 found: [35, 29, 23, 17, 11, 5, 4, 3, 2, 8, 9, 10, 16, 15, 21, 22, 28, 27, 33, 32, 26, 20, 19, 25, 31, 30, 24, 18, 12, 13, 7, 1, 0]
[00:00:00:01:350] ! Unidirectional t-s. expansions: 1,556, time: 1,350 [ms], path length: 32 [edges], generated: 2,531
[00:00:00:04:295] Path of length 32 found: [0, 6, 12, 18, 24, 30, 31, 25, 26, 32, 33, 27, 28, 22, 16, 15, 21, 20, 19, 13, 7, 1, 2, 8, 9, 10, 4, 5, 11, 17, 23, 29, 35]
[00:00:00:04:548] ! Bidirectional. expansions: 1,797, time: 4,295 [ms], path length: 32 [edges], g_F: 24, g_B: 8, generated: 0, MM: 16, MMPER: 47.484848484848484%
[00:00:00:04:548] 
---------- SM_Grids/6x6_grid_with_random_blocks_8per_3 ----------
[00:00:00:00:492] Path of length 32 found: [0, 6, 12, 18, 24, 30, 31, 25, 26, 32, 33, 27, 21, 20, 14, 13, 7, 1, 2, 8, 9, 3, 4, 5, 11, 10, 16, 17, 23, 22, 28, 29, 35]
[00:00:00:00:493] ! Unidirectional s-t. expansions: 377, time: 493 [ms], path length: 32 [edges], generated: 686
[00:00:00:00:951] Path of length 32 found: [35, 29, 23, 17, 11, 5, 4, 3, 2, 8, 14, 20, 21, 15, 9, 10, 16, 22, 28, 27, 33, 32, 26, 25, 31, 30, 24, 18, 12, 13, 7, 1, 0]
[00:00:00:00:952] ! Unidirectional t-s. expansions: 960, time: 951 [ms], path length: 32 [edges], generated: 1,624
[00:00:00:04:495] Path of length 32 found: [0, 6, 12, 18, 24, 30, 31, 25, 26, 32, 33, 27, 28, 22, 16, 15, 21, 20, 14, 8, 7, 1, 2, 3, 9, 10, 4, 5, 11, 17, 23, 29, 35]
[00:00:00:04:751] ! Bidirectional. expansions: 1,855, time: 4,495 [ms], path length: 32 [edges], g_F: 20, g_B: 12, generated: 0, MM: 8, MMPER: 23.242424242424242%
[00:00:00:04:751] 
---------- SM_Grids/6x6_grid_with_random_blocks_8per_4 ----------
[00:00:00:01:642] Path of length 32 found: [0, 6, 12, 18, 24, 30, 31, 25, 19, 13, 7, 1, 2, 8, 14, 20, 26, 32, 33, 27, 21, 15, 16, 10, 4, 5, 11, 17, 23, 22, 28, 34, 35]
[00:00:00:01:642] ! Unidirectional s-t. expansions: 1,739, time: 1,642 [ms], path length: 32 [edges], generated: 2,989
[00:00:00:00:892] Path of length 32 found: [35, 29, 23, 17, 11, 5, 4, 10, 16, 15, 14, 8, 2, 1, 7, 13, 19, 25, 26, 20, 21, 22, 28, 27, 33, 32, 31, 30, 24, 18, 12, 6, 0]
[00:00:00:00:892] ! Unidirectional t-s. expansions: 843, time: 892 [ms], path length: 32 [edges], generated: 1,471
[00:00:00:06:165] Path of length 32 found: [0, 6, 12, 18, 24, 30, 31, 25, 19, 13, 7, 1, 2, 8, 14, 15, 21, 20, 26, 32, 33, 27, 28, 22, 16, 10, 4, 5, 11, 17, 23, 29, 35]
[00:00:00:06:418] ! Bidirectional. expansions: 2,434, time: 6,165 [ms], path length: 32 [edges], g_F: 22, g_B: 10, generated: 0, MM: 12, MMPER: 35.36363636363637%
[00:00:00:06:418] 
---------- SM_Grids/6x6_grid_with_random_blocks_8per_5 ----------
[00:00:00:01:113] Path of length 32 found: [0, 6, 12, 18, 24, 25, 31, 32, 26, 20, 19, 13, 7, 1, 2, 8, 14, 15, 9, 10, 4, 5, 11, 17, 16, 22, 21, 27, 33, 34, 28, 29, 35]
[00:00:00:01:113] ! Unidirectional s-t. expansions: 1,036, time: 1,113 [ms], path length: 32 [edges], generated: 1,863
[00:00:00:01:447] Path of length 32 found: [35, 29, 23, 17, 11, 5, 4, 10, 9, 8, 2, 1, 7, 13, 19, 20, 14, 15, 16, 22, 21, 27, 28, 34, 33, 32, 26, 25, 24, 18, 12, 6, 0]
[00:00:00:01:447] ! Unidirectional t-s. expansions: 1,374, time: 1,447 [ms], path length: 32 [edges], generated: 2,405
[00:00:00:07:796] Path of length 32 found: [0, 6, 7, 1, 2, 8, 9, 15, 21, 20, 14, 13, 12, 18, 24, 25, 31, 32, 26, 27, 33, 34, 28, 22, 16, 10, 4, 5, 11, 17, 23, 29, 35]
[00:00:00:08:049] ! Bidirectional. expansions: 3,133, time: 7,796 [ms], path length: 32 [edges], g_F: 15, g_B: 17, generated: 0, MM: 2, MMPER: 5.0606060606060606%
[00:00:00:08:049] 
---------- SM_Grids/6x6_grid_with_random_blocks_8per_6 ----------
[00:00:00:00:036] Path of length 30 found: [0, 6, 12, 13, 7, 1, 2, 8, 14, 20, 19, 25, 26, 27, 33, 34, 28, 22, 21, 15, 9, 3, 4, 5, 11, 10, 16, 17, 23, 29, 35]
[00:00:00:00:037] ! Unidirectional s-t. expansions: 29, time: 37 [ms], path length: 30 [edges], generated: 51
[00:00:00:00:037] Path of length 30 found: [35, 29, 23, 17, 11, 5, 4, 3, 2, 1, 7, 8, 14, 20, 21, 15, 9, 10, 16, 22, 28, 34, 33, 27, 26, 25, 19, 13, 12, 6, 0]
[00:00:00:00:037] ! Unidirectional t-s. expansions: 29, time: 37 [ms], path length: 30 [edges], generated: 51
[00:00:00:00:083] Path of length 30 found: [0, 6, 12, 13, 7, 1, 2, 8, 14, 20, 19, 25, 26, 27, 33, 34, 28, 22, 21, 15, 16, 10, 9, 3, 4, 5, 11, 17, 23, 29, 35]
[00:00:00:00:335] ! Bidirectional. expansions: 29, time: 83 [ms], path length: 30 [edges], g_F: 16, g_B: 14, generated: 0, MM: 2, MMPER: 5.451612903225806%
[00:00:00:00:335] 
---------- SM_Grids/6x6_grid_with_random_blocks_8per_7 ----------
[00:00:00:00:646] Path of length 32 found: [0, 6, 12, 13, 19, 18, 24, 25, 31, 32, 33, 27, 26, 20, 21, 15, 14, 8, 7, 1, 2, 3, 4, 5, 11, 10, 16, 17, 23, 22, 28, 34, 35]
[00:00:00:00:646] ! Unidirectional s-t. expansions: 636, time: 646 [ms], path length: 32 [edges], generated: 1,053
[00:00:00:00:946] Path of length 32 found: [35, 29, 28, 34, 33, 27, 26, 32, 31, 25, 24, 18, 12, 13, 19, 20, 14, 15, 21, 22, 23, 17, 16, 10, 11, 5, 4, 3, 2, 8, 7, 1, 0]
[00:00:00:00:946] ! Unidirectional t-s. expansions: 860, time: 946 [ms], path length: 32 [edges], generated: 1,478
[00:00:00:06:303] Path of length 32 found: [0, 6, 12, 18, 24, 25, 31, 32, 33, 34, 28, 27, 26, 20, 19, 13, 14, 8, 7, 1, 2, 3, 4, 10, 11, 17, 16, 15, 21, 22, 23, 29, 35]
[00:00:00:06:550] ! Bidirectional. expansions: 2,678, time: 6,303 [ms], path length: 32 [edges], g_F: 24, g_B: 8, generated: 0, MM: 16, MMPER: 47.484848484848484%
[00:00:00:06:551] 
---------- SM_Grids/6x6_grid_with_random_blocks_8per_8 ----------
[00:00:00:00:526] Path of length 32 found: [0, 6, 12, 18, 24, 30, 31, 25, 19, 13, 7, 1, 2, 8, 14, 20, 26, 32, 33, 27, 21, 15, 16, 10, 4, 5, 11, 17, 23, 22, 28, 29, 35]
[00:00:00:00:526] ! Unidirectional s-t. expansions: 450, time: 526 [ms], path length: 32 [edges], generated: 785
[00:00:00:00:585] Path of length 32 found: [35, 29, 23, 17, 16, 10, 11, 5, 4, 3, 2, 8, 14, 15, 21, 22, 28, 27, 33, 32, 26, 20, 19, 25, 31, 30, 24, 18, 12, 13, 7, 1, 0]
[00:00:00:00:585] ! Unidirectional t-s. expansions: 608, time: 585 [ms], path length: 32 [edges], generated: 1,024
[00:00:00:04:103] Path of length 32 found: [0, 6, 12, 18, 24, 30, 31, 25, 19, 20, 26, 32, 33, 27, 28, 22, 21, 15, 14, 13, 7, 1, 2, 3, 4, 5, 11, 10, 16, 17, 23, 29, 35]
[00:00:00:04:353] ! Bidirectional. expansions: 1,738, time: 4,103 [ms], path length: 32 [edges], g_F: 22, g_B: 10, generated: 0, MM: 12, MMPER: 35.36363636363637%
[00:00:00:04:353] 
---------- SM_Grids/6x6_grid_with_random_blocks_8per_9 ----------
[00:00:00:00:036] Path of length 30 found: [0, 6, 12, 18, 24, 30, 31, 25, 19, 13, 7, 1, 2, 8, 9, 15, 14, 20, 26, 32, 33, 27, 21, 22, 16, 17, 23, 29, 28, 34, 35]
[00:00:00:00:036] ! Unidirectional s-t. expansions: 29, time: 36 [ms], path length: 30 [edges], generated: 50
[00:00:00:00:058] Path of length 30 found: [35, 29, 23, 17, 16, 15, 9, 8, 2, 1, 7, 13, 14, 20, 19, 25, 26, 27, 21, 22, 28, 34, 33, 32, 31, 30, 24, 18, 12, 6, 0]
[00:00:00:00:058] ! Unidirectional t-s. expansions: 29, time: 58 [ms], path length: 30 [edges], generated: 50
[00:00:00:00:090] Path of length 30 found: [0, 6, 12, 18, 24, 30, 31, 25, 19, 13, 7, 1, 2, 8, 9, 15, 14, 20, 26, 32, 33, 34, 28, 27, 21, 22, 16, 17, 23, 29, 35]
[00:00:00:00:336] ! Bidirectional. expansions: 34, time: 90 [ms], path length: 30 [edges], g_F: 23, g_B: 7, generated: 0, MM: 16, MMPER: 50.61290322580645%

[00:00:00:00:336] average expansions: (1,307, 1,389, 3,140, 0)
[00:00:00:00:336] average time: (1,250, 1,342, 7,342, 0)
[00:00:00:00:337] XIDA: 1,307 , 1,250 (expansions , time[ms])
[00:00:00:00:337] BiXIDA: 3,140 , 7,342 (expansions , time[ms])

