------------------------------------
Thu 01 Oct 2026 10:43:14 IDT
SLURM_JOBID:		21942654
SLURM_JOB_NODELIST:	ise-cpu256-08
SLURM_SCRATCH_DIR:	/scratch/shubit/21942654
Allocated Resouces:	cpu - 2 / mem - 61440 MB / gpu - 
SLURM_GPU_INDEX:	
Running as shubit from shimony account with normal QOS
------------------------------------
Thu 01 Oct 2026 10:43:14 IDT

SLURM_JOBID:		 21942654
SLURM_JOB_NODELIST:	 ise-cpu256-08 

--------------------------
date: SM_Grids
number_of_graphs: 10
graph_type: grid
size_of_graphs: [6, 6]
heuristic: bcc_heuristic
snake: False
run_uni: True
run_bi: True
run_multi: False
solution_vertices: []
algorithms: ['A']
lookahead: 1
bsd: False
cube_first_dims: 4
cube_buffer_dim: None
backward_sym_generation: False
sym_coil: False
prefix_set: None

---------- SM_Grids/6x6_grid_with_random_blocks_12per_0 ----------
[00:00:00:00:401] Path of length 28 found: [0, 6, 12, 18, 24, 25, 26, 32, 33, 27, 28, 22, 16, 15, 14, 20, 19, 13, 7, 1, 2, 3, 4, 10, 11, 17, 23, 29, 35]
[00:00:00:00:401] ! Unidirectional s-t. expansions: 305, time: 401 [ms], path length: 28 [edges], generated: 535
[00:00:00:00:351] Path of length 28 found: [35, 29, 23, 22, 28, 27, 33, 32, 26, 25, 24, 18, 12, 13, 19, 20, 14, 15, 16, 10, 11, 5, 4, 3, 2, 8, 7, 1, 0]
[00:00:00:00:351] ! Unidirectional t-s. expansions: 318, time: 351 [ms], path length: 28 [edges], generated: 538
[00:00:00:01:611] Path of length 28 found: [0, 6, 12, 18, 24, 25, 19, 20, 26, 32, 33, 27, 28, 22, 16, 15, 14, 13, 7, 1, 2, 3, 4, 5, 11, 17, 23, 29, 35]
[00:00:00:01:929] ! Bidirectional. expansions: 868, time: 1,611 [ms], path length: 28 [edges], g_F: 20, g_B: 8, generated: 0, MM: 12, MMPER: 40.37931034482759%
[00:00:00:01:929] 
---------- SM_Grids/6x6_grid_with_random_blocks_12per_1 ----------
[00:00:00:00:326] Path of length 28 found: [0, 6, 12, 18, 24, 30, 31, 32, 33, 34, 28, 22, 21, 20, 26, 25, 19, 13, 7, 1, 2, 8, 14, 15, 16, 17, 23, 29, 35]
[00:00:00:00:327] ! Unidirectional s-t. expansions: 198, time: 326 [ms], path length: 28 [edges], generated: 349
[00:00:00:00:455] Path of length 28 found: [35, 34, 33, 32, 31, 30, 24, 18, 12, 6, 7, 13, 19, 25, 26, 20, 21, 22, 28, 29, 23, 17, 16, 15, 9, 8, 2, 1, 0]
[00:00:00:00:455] ! Unidirectional t-s. expansions: 319, time: 455 [ms], path length: 28 [edges], generated: 548
[00:00:00:01:418] Path of length 28 found: [0, 6, 12, 18, 24, 30, 31, 25, 26, 32, 33, 34, 28, 22, 21, 20, 19, 13, 7, 1, 2, 8, 9, 15, 16, 17, 23, 29, 35]
[00:00:00:01:746] ! Bidirectional. expansions: 580, time: 1,418 [ms], path length: 28 [edges], g_F: 21, g_B: 7, generated: 0, MM: 14, MMPER: 47.275862068965516%
[00:00:00:01:746] 
---------- SM_Grids/6x6_grid_with_random_blocks_12per_2 ----------
[00:00:00:00:043] Path of length 26 found: [0, 1, 2, 8, 7, 13, 12, 18, 24, 30, 31, 25, 19, 20, 26, 32, 33, 27, 21, 22, 16, 17, 23, 29, 28, 34, 35]
[00:00:00:00:043] ! Unidirectional s-t. expansions: 26, time: 43 [ms], path length: 26 [edges], generated: 44
[00:00:00:00:482] Path of length 26 found: [35, 34, 33, 32, 31, 30, 24, 25, 26, 27, 28, 29, 23, 17, 16, 22, 21, 20, 19, 18, 12, 13, 14, 8, 2, 1, 0]
[00:00:00:00:482] ! Unidirectional t-s. expansions: 337, time: 482 [ms], path length: 26 [edges], generated: 556
[00:00:00:00:352] Path of length 26 found: [0, 1, 2, 8, 7, 13, 14, 20, 19, 18, 24, 30, 31, 25, 26, 32, 33, 34, 28, 27, 21, 22, 16, 17, 23, 29, 35]
[00:00:00:00:631] ! Bidirectional. expansions: 133, time: 352 [ms], path length: 26 [edges], g_F: 8, g_B: 18, generated: 0, MM: 10, MMPER: 36.03703703703704%
[00:00:00:00:631] 
---------- SM_Grids/6x6_grid_with_random_blocks_12per_3 ----------
[00:00:00:00:048] Path of length 30 found: [0, 1, 7, 6, 12, 18, 19, 13, 14, 8, 9, 3, 4, 10, 11, 17, 23, 22, 16, 15, 21, 20, 26, 25, 31, 32, 33, 27, 28, 34, 35]
[00:00:00:00:049] ! Unidirectional s-t. expansions: 30, time: 48 [ms], path length: 30 [edges], generated: 49
[00:00:00:00:084] Path of length 30 found: [35, 34, 28, 27, 33, 32, 31, 25, 26, 20, 21, 15, 16, 22, 23, 17, 11, 10, 4, 3, 9, 8, 14, 13, 19, 18, 12, 6, 7, 1, 0]
[00:00:00:00:084] ! Unidirectional t-s. expansions: 51, time: 84 [ms], path length: 30 [edges], generated: 89
[00:00:00:00:124] Path of length 30 found: [0, 1, 7, 6, 12, 18, 19, 13, 14, 8, 9, 3, 4, 10, 11, 17, 23, 22, 16, 15, 21, 20, 26, 25, 31, 32, 33, 27, 28, 34, 35]
[00:00:00:00:397] ! Bidirectional. expansions: 43, time: 124 [ms], path length: 30 [edges], g_F: 18, g_B: 12, generated: 0, MM: 6, MMPER: 18.35483870967742%
[00:00:00:00:398] 
---------- SM_Grids/6x6_grid_with_random_blocks_12per_4 ----------
[00:00:00:00:146] Path of length 30 found: [0, 6, 7, 8, 9, 3, 4, 5, 11, 10, 16, 17, 23, 29, 28, 27, 26, 20, 21, 15, 14, 13, 12, 18, 24, 30, 31, 32, 33, 34, 35]
[00:00:00:00:146] ! Unidirectional s-t. expansions: 93, time: 146 [ms], path length: 30 [edges], generated: 154
[00:00:00:00:348] Path of length 30 found: [35, 34, 33, 27, 28, 29, 23, 17, 16, 10, 11, 5, 4, 3, 9, 8, 7, 13, 14, 15, 21, 20, 26, 32, 31, 25, 24, 18, 12, 6, 0]
[00:00:00:00:349] ! Unidirectional t-s. expansions: 233, time: 348 [ms], path length: 30 [edges], generated: 387
[00:00:00:00:883] Path of length 30 found: [0, 6, 12, 18, 24, 30, 31, 25, 26, 20, 21, 15, 14, 13, 7, 8, 9, 3, 4, 5, 11, 10, 16, 17, 23, 29, 28, 27, 33, 34, 35]
[00:00:00:01:151] ! Bidirectional. expansions: 388, time: 883 [ms], path length: 30 [edges], g_F: 8, g_B: 22, generated: 0, MM: 14, MMPER: 44.16129032258065%
[00:00:00:01:151] 
---------- SM_Grids/6x6_grid_with_random_blocks_12per_5 ----------
[00:00:00:00:254] Path of length 30 found: [0, 6, 12, 18, 24, 30, 31, 32, 26, 20, 19, 13, 7, 1, 2, 8, 9, 3, 4, 5, 11, 10, 16, 17, 23, 22, 21, 27, 33, 34, 35]
[00:00:00:00:254] ! Unidirectional s-t. expansions: 166, time: 254 [ms], path length: 30 [edges], generated: 255
[00:00:00:00:043] Path of length 30 found: [35, 29, 23, 17, 11, 5, 4, 3, 2, 1, 7, 8, 9, 10, 16, 22, 21, 20, 26, 27, 33, 32, 31, 30, 24, 18, 19, 13, 12, 6, 0]
[00:00:00:00:043] ! Unidirectional t-s. expansions: 30, time: 43 [ms], path length: 30 [edges], generated: 45
[00:00:00:00:407] Path of length 30 found: [0, 6, 12, 18, 24, 30, 31, 32, 26, 20, 19, 13, 7, 1, 2, 8, 9, 3, 4, 5, 11, 10, 16, 17, 23, 22, 21, 27, 33, 34, 35]
[00:00:00:00:679] ! Bidirectional. expansions: 166, time: 407 [ms], path length: 30 [edges], g_F: 30, g_B: 0, generated: 0, MM: 30, MMPER: 95.7741935483871%
[00:00:00:00:679] 
---------- SM_Grids/6x6_grid_with_random_blocks_12per_6 ----------
[00:00:00:00:042] Path of length 28 found: [0, 6, 12, 18, 24, 25, 19, 13, 7, 1, 2, 3, 9, 8, 14, 20, 26, 32, 33, 34, 28, 22, 21, 15, 16, 17, 23, 29, 35]
[00:00:00:00:042] ! Unidirectional s-t. expansions: 28, time: 42 [ms], path length: 28 [edges], generated: 46
[00:00:00:00:040] Path of length 28 found: [35, 29, 23, 17, 16, 15, 9, 3, 2, 1, 7, 8, 14, 13, 19, 20, 21, 22, 28, 34, 33, 32, 26, 25, 24, 18, 12, 6, 0]
[00:00:00:00:040] ! Unidirectional t-s. expansions: 28, time: 40 [ms], path length: 28 [edges], generated: 46
[00:00:00:00:062] Path of length 28 found: [0, 6, 12, 18, 24, 25, 19, 13, 7, 1, 2, 3, 9, 8, 14, 20, 26, 32, 33, 34, 28, 22, 21, 15, 16, 17, 23, 29, 35]
[00:00:00:00:325] ! Bidirectional. expansions: 28, time: 62 [ms], path length: 28 [edges], g_F: 22, g_B: 6, generated: 0, MM: 16, MMPER: 54.172413793103445%
[00:00:00:00:325] 
---------- SM_Grids/6x6_grid_with_random_blocks_12per_7 ----------
[00:00:00:00:148] Path of length 30 found: [0, 1, 2, 3, 4, 10, 11, 17, 23, 29, 28, 22, 16, 15, 9, 8, 7, 13, 12, 18, 24, 30, 31, 25, 26, 20, 21, 27, 33, 34, 35]
[00:00:00:00:149] ! Unidirectional s-t. expansions: 108, time: 148 [ms], path length: 30 [edges], generated: 166
[00:00:00:00:403] Path of length 30 found: [35, 34, 33, 27, 28, 29, 23, 22, 16, 17, 11, 10, 4, 3, 2, 8, 9, 15, 21, 20, 26, 32, 31, 25, 24, 18, 12, 13, 7, 1, 0]
[00:00:00:00:403] ! Unidirectional t-s. expansions: 267, time: 403 [ms], path length: 30 [edges], generated: 441
[00:00:00:01:218] Path of length 30 found: [0, 1, 7, 13, 12, 18, 24, 30, 31, 25, 26, 20, 21, 22, 16, 15, 9, 8, 2, 3, 4, 10, 11, 17, 23, 29, 28, 27, 33, 34, 35]
[00:00:00:01:514] ! Bidirectional. expansions: 561, time: 1,218 [ms], path length: 30 [edges], g_F: 10, g_B: 20, generated: 0, MM: 10, MMPER: 31.258064516129032%
[00:00:00:01:514] 
---------- SM_Grids/6x6_grid_with_random_blocks_12per_8 ----------
[00:00:00:00:167] Path of length 30 found: [0, 1, 2, 3, 9, 10, 4, 5, 11, 17, 23, 22, 16, 15, 14, 8, 7, 6, 12, 18, 24, 30, 31, 25, 19, 20, 26, 27, 33, 34, 35]
[00:00:00:00:168] ! Unidirectional s-t. expansions: 97, time: 167 [ms], path length: 30 [edges], generated: 153
[00:00:00:00:045] Path of length 30 found: [35, 34, 33, 27, 26, 20, 19, 25, 31, 30, 24, 18, 12, 6, 7, 8, 14, 15, 9, 10, 16, 22, 23, 17, 11, 5, 4, 3, 2, 1, 0]
[00:00:00:00:045] ! Unidirectional t-s. expansions: 30, time: 45 [ms], path length: 30 [edges], generated: 45
[00:00:00:00:352] Path of length 30 found: [0, 1, 2, 3, 9, 10, 4, 5, 11, 17, 23, 22, 16, 15, 14, 8, 7, 6, 12, 18, 24, 30, 31, 25, 19, 20, 26, 27, 33, 34, 35]
[00:00:00:00:660] ! Bidirectional. expansions: 97, time: 352 [ms], path length: 30 [edges], g_F: 23, g_B: 7, generated: 0, MM: 16, MMPER: 50.61290322580645%
[00:00:00:00:660] 
---------- SM_Grids/6x6_grid_with_random_blocks_12per_9 ----------
[00:00:00:01:048] Path of length 26 found: [0, 6, 7, 1, 2, 3, 4, 5, 11, 17, 16, 10, 9, 8, 14, 13, 19, 25, 26, 20, 21, 22, 28, 27, 33, 34, 35]
[00:00:00:01:049] ! Unidirectional s-t. expansions: 644, time: 1,049 [ms], path length: 26 [edges], generated: 1,216
[00:00:00:00:797] Path of length 26 found: [35, 29, 28, 34, 33, 27, 26, 25, 19, 13, 14, 20, 21, 22, 16, 17, 11, 5, 4, 10, 9, 3, 2, 8, 7, 1, 0]
[00:00:00:00:798] ! Unidirectional t-s. expansions: 567, time: 797 [ms], path length: 26 [edges], generated: 1,010
[00:00:00:01:682] Path of length 26 found: [0, 6, 7, 1, 2, 8, 9, 3, 4, 5, 11, 10, 16, 22, 21, 20, 14, 13, 19, 25, 26, 27, 33, 34, 28, 29, 35]
[00:00:00:01:953] ! Bidirectional. expansions: 675, time: 1,682 [ms], path length: 26 [edges], g_F: 12, g_B: 14, generated: 0, MM: 2, MMPER: 6.407407407407407%

[00:00:00:01:953] average expansions: (170, 218, 354, 0)
[00:00:00:01:953] average time: (262, 305, 811, 0)
[00:00:00:01:953] XA*: 170 , 262 (expansions , time[ms])
[00:00:00:01:953] BiXA*: 354 , 811 (expansions , time[ms])

