------------------------------------
Thu 01 Oct 2026 13:44:05 IDT
SLURM_JOBID:		21947674
SLURM_JOB_NODELIST:	ise-cpu256-32
SLURM_SCRATCH_DIR:	/scratch/shubit/21947674
Allocated Resouces:	cpu - 2 / mem - 61440 MB / gpu - 
SLURM_GPU_INDEX:	
Running as shubit from shimony account with normal QOS
------------------------------------
Thu 01 Oct 2026 13:44:05 IDT

SLURM_JOBID:		 21947674
SLURM_JOB_NODELIST:	 ise-cpu256-32 

--------------------------
date: SM_Grids
number_of_graphs: 10
graph_type: grid
size_of_graphs: [6, 6]
heuristic: bcc_heuristic
snake: False
run_uni: True
run_bi: True
run_multi: False
solution_vertices: []
algorithms: ['DFBnB']
lookahead: -1
bsd: False
cube_first_dims: 4
cube_buffer_dim: None
backward_sym_generation: False
sym_coil: False
prefix_set: None

---------- SM_Grids/6x6_grid_with_random_blocks_12per_0 ----------
[00:00:00:00:310] Path of length 28 found: [0, 6, 12, 18, 24, 25, 19, 13, 7, 1, 2, 8, 14, 20, 26, 32, 33, 27, 28, 22, 16, 10, 4, 5, 11, 17, 23, 29, 35]
[00:00:00:00:311] ! Unidirectional s-t. expansions: 323, time: 311 [ms], path length: 28 [edges], generated: 563
[00:00:00:00:292] Path of length 28 found: [35, 29, 23, 17, 11, 5, 4, 3, 2, 1, 7, 8, 14, 15, 16, 22, 28, 27, 33, 32, 26, 20, 19, 25, 24, 18, 12, 6, 0]
[00:00:00:00:292] ! Unidirectional t-s. expansions: 400, time: 292 [ms], path length: 28 [edges], generated: 665
[00:00:00:00:528] Path of length 28 found: [0, 6, 12, 18, 24, 25, 19, 13, 7, 1, 2, 8, 14, 20, 26, 32, 33, 27, 28, 22, 16, 10, 4, 5, 11, 17, 23, 29, 35]
[00:00:00:00:859] ! Bidirectional. expansions: 571, time: 528 [ms], path length: 28 [edges], g_F: 15, g_B: 13, generated: 0, MM: 2, MMPER: 5.896551724137931%
[00:00:00:00:859] 
---------- SM_Grids/6x6_grid_with_random_blocks_12per_1 ----------
[00:00:00:00:240] Path of length 28 found: [0, 6, 12, 18, 24, 30, 31, 25, 19, 13, 7, 1, 2, 8, 9, 15, 14, 20, 26, 32, 33, 34, 28, 22, 16, 17, 23, 29, 35]
[00:00:00:00:240] ! Unidirectional s-t. expansions: 202, time: 240 [ms], path length: 28 [edges], generated: 356
[00:00:00:00:340] Path of length 28 found: [35, 29, 23, 17, 16, 15, 9, 8, 2, 1, 7, 13, 14, 20, 21, 22, 28, 34, 33, 32, 26, 25, 31, 30, 24, 18, 12, 6, 0]
[00:00:00:00:340] ! Unidirectional t-s. expansions: 321, time: 340 [ms], path length: 28 [edges], generated: 550
[00:00:00:00:462] Path of length 28 found: [0, 6, 12, 18, 24, 30, 31, 25, 26, 32, 33, 34, 28, 22, 21, 20, 19, 13, 7, 1, 2, 8, 9, 15, 16, 17, 23, 29, 35]
[00:00:00:00:741] ! Bidirectional. expansions: 425, time: 462 [ms], path length: 28 [edges], g_F: 15, g_B: 13, generated: 0, MM: 2, MMPER: 5.896551724137931%
[00:00:00:00:742] 
---------- SM_Grids/6x6_grid_with_random_blocks_12per_2 ----------
[00:00:00:00:033] Path of length 26 found: [0, 1, 2, 8, 7, 13, 12, 18, 24, 30, 31, 25, 19, 20, 26, 32, 33, 27, 21, 22, 16, 17, 23, 29, 28, 34, 35]
[00:00:00:00:033] ! Unidirectional s-t. expansions: 26, time: 33 [ms], path length: 26 [edges], generated: 44
[00:00:00:00:324] Path of length 26 found: [35, 29, 23, 17, 16, 22, 21, 20, 19, 25, 26, 27, 28, 34, 33, 32, 31, 30, 24, 18, 12, 13, 14, 8, 2, 1, 0]
[00:00:00:00:325] ! Unidirectional t-s. expansions: 337, time: 324 [ms], path length: 26 [edges], generated: 556
[00:00:00:00:072] Path of length 26 found: [0, 1, 2, 8, 7, 13, 12, 18, 24, 30, 31, 32, 33, 34, 28, 27, 26, 25, 19, 20, 21, 22, 16, 17, 23, 29, 35]
[00:00:00:00:345] ! Bidirectional. expansions: 49, time: 72 [ms], path length: 26 [edges], g_F: 14, g_B: 12, generated: 0, MM: 2, MMPER: 6.407407407407407%
[00:00:00:00:345] 
---------- SM_Grids/6x6_grid_with_random_blocks_12per_3 ----------
[00:00:00:00:038] Path of length 30 found: [0, 1, 7, 6, 12, 18, 19, 13, 14, 8, 9, 3, 4, 10, 11, 17, 23, 22, 16, 15, 21, 20, 26, 25, 31, 32, 33, 27, 28, 34, 35]
[00:00:00:00:038] ! Unidirectional s-t. expansions: 30, time: 38 [ms], path length: 30 [edges], generated: 49
[00:00:00:00:365] Path of length 30 found: [35, 34, 28, 27, 33, 32, 31, 25, 26, 20, 21, 15, 16, 22, 23, 17, 11, 10, 4, 3, 9, 8, 14, 13, 19, 18, 12, 6, 7, 1, 0]
[00:00:00:00:365] ! Unidirectional t-s. expansions: 418, time: 365 [ms], path length: 30 [edges], generated: 702
[00:00:00:00:110] Path of length 30 found: [0, 1, 7, 6, 12, 18, 19, 13, 14, 8, 9, 3, 4, 10, 11, 17, 23, 22, 16, 15, 21, 20, 26, 25, 31, 32, 33, 27, 28, 34, 35]
[00:00:00:00:379] ! Bidirectional. expansions: 87, time: 110 [ms], path length: 30 [edges], g_F: 16, g_B: 14, generated: 0, MM: 2, MMPER: 5.451612903225806%
[00:00:00:00:380] 
---------- SM_Grids/6x6_grid_with_random_blocks_12per_4 ----------
[00:00:00:00:158] Path of length 30 found: [0, 6, 12, 18, 24, 30, 31, 25, 26, 32, 33, 27, 21, 20, 14, 13, 7, 8, 9, 3, 4, 5, 11, 10, 16, 17, 23, 29, 28, 34, 35]
[00:00:00:00:159] ! Unidirectional s-t. expansions: 99, time: 158 [ms], path length: 30 [edges], generated: 163
[00:00:00:00:255] Path of length 30 found: [35, 29, 23, 17, 11, 5, 4, 3, 9, 10, 16, 15, 14, 20, 21, 27, 28, 34, 33, 32, 26, 25, 31, 30, 24, 18, 12, 13, 7, 6, 0]
[00:00:00:00:255] ! Unidirectional t-s. expansions: 245, time: 255 [ms], path length: 30 [edges], generated: 405
[00:00:00:00:325] Path of length 30 found: [0, 6, 12, 18, 24, 30, 31, 25, 26, 32, 33, 34, 28, 27, 21, 20, 14, 13, 7, 8, 9, 15, 16, 10, 4, 5, 11, 17, 23, 29, 35]
[00:00:00:00:588] ! Bidirectional. expansions: 311, time: 325 [ms], path length: 30 [edges], g_F: 16, g_B: 14, generated: 0, MM: 2, MMPER: 5.451612903225806%
[00:00:00:00:588] 
---------- SM_Grids/6x6_grid_with_random_blocks_12per_5 ----------
[00:00:00:00:189] Path of length 30 found: [0, 6, 12, 18, 24, 30, 31, 32, 26, 20, 19, 13, 7, 1, 2, 8, 9, 3, 4, 5, 11, 10, 16, 17, 23, 22, 21, 27, 33, 34, 35]
[00:00:00:00:190] ! Unidirectional s-t. expansions: 166, time: 189 [ms], path length: 30 [edges], generated: 255
[00:00:00:00:032] Path of length 30 found: [35, 29, 23, 17, 11, 5, 4, 3, 2, 1, 7, 8, 9, 10, 16, 22, 21, 20, 26, 27, 33, 32, 31, 30, 24, 18, 19, 13, 12, 6, 0]
[00:00:00:00:032] ! Unidirectional t-s. expansions: 30, time: 32 [ms], path length: 30 [edges], generated: 45
[00:00:00:00:131] Path of length 30 found: [0, 6, 12, 13, 19, 18, 24, 30, 31, 32, 33, 27, 26, 20, 21, 22, 16, 10, 9, 8, 7, 1, 2, 3, 4, 5, 11, 17, 23, 29, 35]
[00:00:00:00:394] ! Bidirectional. expansions: 135, time: 131 [ms], path length: 30 [edges], g_F: 16, g_B: 14, generated: 0, MM: 2, MMPER: 5.451612903225806%
[00:00:00:00:395] 
---------- SM_Grids/6x6_grid_with_random_blocks_12per_6 ----------
[00:00:00:00:034] Path of length 28 found: [0, 6, 12, 18, 24, 25, 19, 13, 7, 1, 2, 3, 9, 8, 14, 20, 26, 32, 33, 34, 28, 22, 21, 15, 16, 17, 23, 29, 35]
[00:00:00:00:034] ! Unidirectional s-t. expansions: 28, time: 34 [ms], path length: 28 [edges], generated: 46
[00:00:00:00:032] Path of length 28 found: [35, 29, 23, 17, 16, 15, 9, 3, 2, 1, 7, 8, 14, 13, 19, 20, 21, 22, 28, 34, 33, 32, 26, 25, 24, 18, 12, 6, 0]
[00:00:00:00:032] ! Unidirectional t-s. expansions: 28, time: 32 [ms], path length: 28 [edges], generated: 46
[00:00:00:00:033] Path of length 28 found: [0, 6, 12, 18, 24, 25, 19, 13, 7, 1, 2, 3, 9, 8, 14, 20, 26, 32, 33, 34, 28, 22, 21, 15, 16, 17, 23, 29, 35]
[00:00:00:00:297] ! Bidirectional. expansions: 27, time: 33 [ms], path length: 28 [edges], g_F: 15, g_B: 13, generated: 0, MM: 2, MMPER: 5.896551724137931%
[00:00:00:00:297] 
---------- SM_Grids/6x6_grid_with_random_blocks_12per_7 ----------
[00:00:00:00:124] Path of length 30 found: [0, 1, 7, 13, 12, 18, 24, 30, 31, 25, 26, 20, 21, 15, 9, 8, 2, 3, 4, 10, 11, 17, 16, 22, 23, 29, 28, 27, 33, 34, 35]
[00:00:00:00:124] ! Unidirectional s-t. expansions: 122, time: 124 [ms], path length: 30 [edges], generated: 190
[00:00:00:00:310] Path of length 30 found: [35, 29, 23, 17, 11, 10, 4, 3, 2, 8, 9, 15, 16, 22, 21, 20, 26, 27, 28, 34, 33, 32, 31, 25, 24, 18, 12, 13, 7, 1, 0]
[00:00:00:00:311] ! Unidirectional t-s. expansions: 267, time: 311 [ms], path length: 30 [edges], generated: 441
[00:00:00:00:431] Path of length 30 found: [0, 1, 7, 13, 12, 18, 24, 30, 31, 25, 26, 20, 21, 27, 33, 34, 28, 22, 16, 15, 9, 8, 2, 3, 4, 10, 11, 17, 23, 29, 35]
[00:00:00:00:695] ! Bidirectional. expansions: 345, time: 431 [ms], path length: 30 [edges], g_F: 16, g_B: 14, generated: 0, MM: 2, MMPER: 5.451612903225806%
[00:00:00:00:695] 
---------- SM_Grids/6x6_grid_with_random_blocks_12per_8 ----------
[00:00:00:00:361] Path of length 30 found: [0, 1, 2, 3, 9, 10, 4, 5, 11, 17, 23, 22, 16, 15, 14, 8, 7, 6, 12, 18, 24, 30, 31, 25, 19, 20, 26, 27, 33, 34, 35]
[00:00:00:00:361] ! Unidirectional s-t. expansions: 299, time: 361 [ms], path length: 30 [edges], generated: 515
[00:00:00:00:031] Path of length 30 found: [35, 34, 33, 27, 26, 20, 19, 25, 31, 30, 24, 18, 12, 6, 7, 8, 14, 15, 9, 10, 16, 22, 23, 17, 11, 5, 4, 3, 2, 1, 0]
[00:00:00:00:032] ! Unidirectional t-s. expansions: 30, time: 32 [ms], path length: 30 [edges], generated: 45
[00:00:00:00:085] Path of length 30 found: [0, 1, 2, 3, 9, 10, 4, 5, 11, 17, 23, 22, 16, 15, 14, 8, 7, 6, 12, 18, 24, 30, 31, 25, 19, 20, 26, 27, 33, 34, 35]
[00:00:00:00:344] ! Bidirectional. expansions: 78, time: 85 [ms], path length: 30 [edges], g_F: 16, g_B: 14, generated: 0, MM: 2, MMPER: 5.451612903225806%
[00:00:00:00:345] 
---------- SM_Grids/6x6_grid_with_random_blocks_12per_9 ----------
[00:00:00:00:748] Path of length 26 found: [0, 6, 7, 1, 2, 8, 14, 13, 19, 25, 26, 20, 21, 15, 9, 3, 4, 5, 11, 10, 16, 22, 28, 27, 33, 34, 35]
[00:00:00:00:748] ! Unidirectional s-t. expansions: 644, time: 748 [ms], path length: 26 [edges], generated: 1,216
[00:00:00:00:534] Path of length 26 found: [35, 29, 28, 34, 33, 27, 21, 22, 16, 17, 11, 5, 4, 10, 9, 3, 2, 8, 14, 20, 26, 25, 19, 13, 7, 1, 0]
[00:00:00:00:534] ! Unidirectional t-s. expansions: 567, time: 534 [ms], path length: 26 [edges], generated: 1,010
[00:00:00:00:503] Path of length 26 found: [0, 6, 7, 1, 2, 8, 14, 15, 9, 3, 4, 5, 11, 10, 16, 22, 21, 20, 19, 25, 26, 27, 33, 34, 28, 29, 35]
[00:00:00:00:762] ! Bidirectional. expansions: 468, time: 503 [ms], path length: 26 [edges], g_F: 14, g_B: 12, generated: 0, MM: 2, MMPER: 6.407407407407407%

[00:00:00:00:762] average expansions: (194, 264, 250, 0)
[00:00:00:00:762] average time: (224, 252, 268, 0)
[00:00:00:00:762] XDFBnB: 194 , 224 (expansions , time[ms])
[00:00:00:00:762] BiXDFBnB: 250 , 268 (expansions , time[ms])

