------------------------------------
Thu 01 Oct 2026 15:57:47 IDT
SLURM_JOBID:		21953357
SLURM_JOB_NODELIST:	ise-cpu256-01
SLURM_SCRATCH_DIR:	/scratch/shubit/21953357
Allocated Resouces:	cpu - 2 / mem - 61440 MB / gpu - 
SLURM_GPU_INDEX:	
Running as shubit from shimony account with normal QOS
------------------------------------
Thu 01 Oct 2026 15:57:47 IDT

SLURM_JOBID:		 21953357
SLURM_JOB_NODELIST:	 ise-cpu256-01 

--------------------------
date: SM_Grids
number_of_graphs: 10
graph_type: grid
size_of_graphs: [6, 7]
heuristic: bcc_heuristic
snake: False
run_uni: True
run_bi: True
run_multi: False
solution_vertices: []
algorithms: ['XMM']
lookahead: 2
bsd: False
cube_first_dims: 4
cube_buffer_dim: None
backward_sym_generation: False
sym_coil: False
prefix_set: None

---------- SM_Grids/6x7_grid_with_random_blocks_20per_0 ----------
[00:00:00:00:081] Path of length 29 found: [0, 7, 14, 21, 28, 29, 22, 15, 16, 9, 2, 3, 10, 11, 12, 19, 20, 27, 26, 25, 24, 31, 30, 37, 38, 39, 32, 33, 40, 41]
[00:00:00:00:081] ! Unidirectional s-t. expansions: 48, time: 81 [ms], path length: 29 [edges], generated: 177
[00:00:00:00:287] Path of length 29 found: [41, 40, 39, 38, 37, 30, 31, 24, 25, 32, 33, 34, 27, 20, 19, 12, 11, 4, 3, 10, 9, 16, 15, 22, 29, 28, 21, 14, 7, 0]
[00:00:00:00:288] ! Unidirectional t-s. expansions: 135, time: 287 [ms], path length: 29 [edges], generated: 586
[00:00:00:00:370] Path of length 29 found: [0, 7, 14, 21, 28, 29, 22, 15, 16, 9, 2, 3, 10, 11, 12, 19, 20, 27, 34, 33, 32, 25, 24, 31, 30, 37, 38, 39, 40, 41]
[00:00:00:00:964] ! Bidirectional. expansions: 196, time: 370 [ms], path length: 29 [edges], g_F: 13, g_B: 16, generated: 317, MM: 3, MMPER: 9.0%
[00:00:00:00:964] 
---------- SM_Grids/6x7_grid_with_random_blocks_20per_1 ----------
[00:00:00:00:027] Path of length 25 found: [0, 7, 8, 15, 14, 21, 22, 29, 28, 35, 36, 37, 30, 31, 38, 39, 32, 33, 26, 19, 12, 13, 20, 27, 34, 41]
[00:00:00:00:028] ! Unidirectional s-t. expansions: 13, time: 27 [ms], path length: 25 [edges], generated: 42
[00:00:00:00:027] Path of length 25 found: [41, 34, 27, 20, 13, 12, 19, 26, 33, 32, 39, 38, 31, 30, 37, 36, 35, 28, 29, 22, 21, 14, 15, 8, 7, 0]
[00:00:00:00:027] ! Unidirectional t-s. expansions: 13, time: 27 [ms], path length: 25 [edges], generated: 41
[00:00:00:00:056] Path of length 25 found: [0, 7, 8, 15, 14, 21, 22, 29, 28, 35, 36, 37, 30, 31, 38, 39, 32, 33, 26, 19, 12, 13, 20, 27, 34, 41]
[00:00:00:00:364] ! Bidirectional. expansions: 25, time: 56 [ms], path length: 25 [edges], g_F: 12, g_B: 13, generated: 40, MM: 1, MMPER: 2.8461538461538463%
[00:00:00:00:365] 
---------- SM_Grids/6x7_grid_with_random_blocks_20per_2 ----------
[00:00:00:00:067] Path of length 29 found: [0, 1, 8, 7, 14, 21, 28, 29, 22, 15, 16, 9, 10, 3, 4, 5, 12, 11, 18, 19, 20, 27, 26, 25, 24, 31, 38, 39, 40, 41]
[00:00:00:00:067] ! Unidirectional s-t. expansions: 23, time: 67 [ms], path length: 29 [edges], generated: 101
[00:00:00:00:035] Path of length 29 found: [41, 40, 39, 38, 31, 24, 25, 26, 27, 20, 19, 18, 11, 12, 5, 4, 3, 10, 9, 16, 15, 22, 29, 28, 21, 14, 7, 8, 1, 0]
[00:00:00:00:036] ! Unidirectional t-s. expansions: 15, time: 35 [ms], path length: 29 [edges], generated: 62
[00:00:00:00:124] Path of length 29 found: [0, 1, 8, 7, 14, 21, 28, 29, 22, 15, 16, 9, 10, 3, 4, 5, 12, 11, 18, 19, 20, 27, 26, 25, 24, 31, 38, 39, 40, 41]
[00:00:00:00:433] ! Bidirectional. expansions: 50, time: 124 [ms], path length: 29 [edges], g_F: 15, g_B: 14, generated: 89, MM: 1, MMPER: 2.3333333333333335%
[00:00:00:00:434] 
---------- SM_Grids/6x7_grid_with_random_blocks_20per_3 ----------
[00:00:00:00:133] Path of length 27 found: [0, 1, 2, 3, 4, 11, 10, 9, 8, 7, 14, 15, 16, 17, 24, 23, 30, 37, 38, 31, 32, 25, 26, 27, 34, 33, 40, 41]
[00:00:00:00:133] ! Unidirectional s-t. expansions: 43, time: 133 [ms], path length: 27 [edges], generated: 228
[00:00:00:00:197] Path of length 27 found: [41, 40, 39, 38, 37, 30, 31, 32, 33, 34, 27, 26, 25, 24, 23, 16, 17, 10, 11, 4, 3, 2, 9, 8, 15, 14, 7, 0]
[00:00:00:00:197] ! Unidirectional t-s. expansions: 81, time: 197 [ms], path length: 27 [edges], generated: 317
[00:00:00:00:226] Path of length 27 found: [0, 7, 14, 15, 8, 1, 2, 3, 4, 11, 10, 9, 16, 17, 24, 31, 30, 37, 38, 39, 40, 33, 32, 25, 26, 27, 34, 41]
[00:00:00:00:539] ! Bidirectional. expansions: 96, time: 226 [ms], path length: 27 [edges], g_F: 13, g_B: 14, generated: 161, MM: 1, MMPER: 2.5714285714285716%
[00:00:00:00:539] 
---------- SM_Grids/6x7_grid_with_random_blocks_20per_4 ----------
[00:00:00:00:037] Path of length 29 found: [0, 7, 14, 15, 22, 29, 30, 23, 16, 9, 10, 17, 24, 31, 38, 39, 32, 25, 18, 11, 4, 5, 6, 13, 20, 27, 26, 33, 34, 41]
[00:00:00:00:037] ! Unidirectional s-t. expansions: 15, time: 37 [ms], path length: 29 [edges], generated: 60
[00:00:00:00:035] Path of length 29 found: [41, 34, 27, 20, 13, 6, 5, 4, 11, 10, 9, 16, 23, 24, 17, 18, 25, 26, 33, 32, 39, 38, 31, 30, 29, 22, 15, 14, 7, 0]
[00:00:00:00:035] ! Unidirectional t-s. expansions: 15, time: 35 [ms], path length: 29 [edges], generated: 57
[00:00:00:00:275] Path of length 29 found: [0, 7, 14, 15, 22, 29, 30, 23, 16, 9, 10, 17, 24, 31, 38, 39, 32, 33, 26, 25, 18, 11, 4, 5, 6, 13, 20, 27, 34, 41]
[00:00:00:00:578] ! Bidirectional. expansions: 94, time: 275 [ms], path length: 29 [edges], g_F: 14, g_B: 15, generated: 165, MM: 1, MMPER: 2.3333333333333335%
[00:00:00:00:578] 
---------- SM_Grids/6x7_grid_with_random_blocks_20per_5 ----------
[00:00:00:00:104] Path of length 19 found: [0, 1, 2, 9, 10, 3, 4, 5, 12, 11, 18, 19, 20, 27, 26, 25, 32, 33, 40, 41]
[00:00:00:00:104] ! Unidirectional s-t. expansions: 32, time: 104 [ms], path length: 19 [edges], generated: 172
[00:00:00:00:089] Path of length 19 found: [41, 40, 33, 32, 25, 26, 27, 20, 19, 12, 5, 4, 11, 18, 17, 10, 3, 2, 1, 0]
[00:00:00:00:090] ! Unidirectional t-s. expansions: 28, time: 90 [ms], path length: 19 [edges], generated: 141
[00:00:00:00:113] Path of length 19 found: [0, 1, 2, 9, 10, 3, 4, 5, 12, 11, 18, 19, 20, 27, 26, 25, 32, 33, 40, 41]
[00:00:00:00:421] ! Bidirectional. expansions: 45, time: 113 [ms], path length: 19 [edges], g_F: 9, g_B: 10, generated: 82, MM: 1, MMPER: 4.0%
[00:00:00:00:421] 
---------- SM_Grids/6x7_grid_with_random_blocks_20per_6 ----------
[00:00:00:00:307] Path of length 27 found: [0, 7, 8, 9, 10, 3, 4, 5, 12, 11, 18, 17, 24, 23, 16, 15, 22, 21, 28, 35, 36, 37, 38, 39, 40, 33, 34, 41]
[00:00:00:00:308] ! Unidirectional s-t. expansions: 119, time: 308 [ms], path length: 27 [edges], generated: 523
[00:00:00:00:222] Path of length 27 found: [41, 34, 33, 40, 39, 38, 37, 36, 35, 28, 21, 22, 23, 24, 17, 18, 19, 12, 5, 4, 3, 10, 9, 16, 15, 8, 1, 0]
[00:00:00:00:222] ! Unidirectional t-s. expansions: 118, time: 222 [ms], path length: 27 [edges], generated: 508
[00:00:00:00:449] Path of length 27 found: [0, 7, 8, 15, 16, 9, 10, 3, 4, 5, 12, 11, 18, 17, 24, 23, 22, 21, 28, 35, 36, 37, 38, 39, 40, 33, 34, 41]
[00:00:00:00:760] ! Bidirectional. expansions: 147, time: 449 [ms], path length: 27 [edges], g_F: 13, g_B: 14, generated: 292, MM: 1, MMPER: 2.5714285714285716%
[00:00:00:00:760] 
---------- SM_Grids/6x7_grid_with_random_blocks_20per_7 ----------
[00:00:00:00:143] Path of length 23 found: [0, 1, 8, 7, 14, 15, 22, 23, 24, 31, 30, 37, 38, 39, 32, 25, 18, 19, 20, 27, 26, 33, 40, 41]
[00:00:00:00:144] ! Unidirectional s-t. expansions: 62, time: 143 [ms], path length: 23 [edges], generated: 286
[00:00:00:00:387] Path of length 23 found: [41, 34, 27, 20, 19, 18, 25, 26, 33, 40, 39, 32, 31, 38, 37, 30, 23, 16, 15, 14, 7, 8, 1, 0]
[00:00:00:00:387] ! Unidirectional t-s. expansions: 156, time: 387 [ms], path length: 23 [edges], generated: 672
[00:00:00:00:493] Path of length 23 found: [0, 1, 8, 7, 14, 15, 22, 23, 30, 37, 38, 31, 32, 39, 40, 33, 26, 25, 18, 19, 20, 27, 34, 41]
[00:00:00:00:797] ! Bidirectional. expansions: 194, time: 493 [ms], path length: 23 [edges], g_F: 10, g_B: 13, generated: 376, MM: 3, MMPER: 11.5%
[00:00:00:00:797] 
---------- SM_Grids/6x7_grid_with_random_blocks_20per_8 ----------
[00:00:00:00:065] Path of length 27 found: [0, 1, 8, 7, 14, 21, 28, 29, 22, 15, 16, 9, 10, 3, 4, 5, 12, 11, 18, 19, 20, 27, 26, 33, 32, 39, 40, 41]
[00:00:00:00:065] ! Unidirectional s-t. expansions: 19, time: 65 [ms], path length: 27 [edges], generated: 90
[00:00:00:00:039] Path of length 27 found: [41, 40, 39, 32, 33, 26, 27, 20, 19, 18, 11, 12, 5, 4, 3, 10, 9, 16, 15, 22, 29, 28, 21, 14, 7, 8, 1, 0]
[00:00:00:00:039] ! Unidirectional t-s. expansions: 15, time: 39 [ms], path length: 27 [edges], generated: 62
[00:00:00:00:163] Path of length 27 found: [0, 1, 8, 7, 14, 21, 28, 29, 22, 15, 16, 9, 10, 3, 4, 5, 12, 11, 18, 19, 20, 27, 26, 33, 32, 39, 40, 41]
[00:00:00:00:473] ! Bidirectional. expansions: 42, time: 163 [ms], path length: 27 [edges], g_F: 13, g_B: 14, generated: 76, MM: 1, MMPER: 2.5714285714285716%
[00:00:00:00:473] 
---------- SM_Grids/6x7_grid_with_random_blocks_20per_9 ----------
[00:00:00:00:053] Path of length 25 found: [0, 7, 14, 21, 22, 15, 8, 1, 2, 9, 10, 17, 24, 23, 30, 37, 38, 31, 32, 39, 40, 33, 26, 27, 34, 41]
[00:00:00:00:053] ! Unidirectional s-t. expansions: 17, time: 53 [ms], path length: 25 [edges], generated: 87
[00:00:00:00:033] Path of length 25 found: [41, 34, 27, 26, 33, 40, 39, 32, 31, 38, 37, 30, 23, 24, 17, 10, 3, 2, 9, 8, 15, 22, 21, 14, 7, 0]
[00:00:00:00:034] ! Unidirectional t-s. expansions: 13, time: 34 [ms], path length: 25 [edges], generated: 56
[00:00:00:00:107] Path of length 25 found: [0, 7, 14, 21, 22, 15, 8, 1, 2, 9, 10, 17, 24, 23, 30, 37, 38, 31, 32, 39, 40, 33, 26, 27, 34, 41]
[00:00:00:00:412] ! Bidirectional. expansions: 43, time: 107 [ms], path length: 25 [edges], g_F: 12, g_B: 13, generated: 80, MM: 1, MMPER: 2.8461538461538463%

[00:00:00:00:413] average expansions: (39, 59, 93, 0)
[00:00:00:00:413] average time: (102, 135, 238, 0)
[00:00:00:00:413] XA*: 39 , 102 (expansions , time[ms])
[00:00:00:00:413] XMM: 93 , 238 (expansions , time[ms])

