------------------------------------
Thu 01 Oct 2026 10:43:14 IDT
SLURM_JOBID:		21942679
SLURM_JOB_NODELIST:	ise-cpu256-28
SLURM_SCRATCH_DIR:	/scratch/shubit/21942679
Allocated Resouces:	cpu - 2 / mem - 61440 MB / gpu - 
SLURM_GPU_INDEX:	
Running as shubit from shimony account with normal QOS
------------------------------------
Thu 01 Oct 2026 10:43:14 IDT

SLURM_JOBID:		 21942679
SLURM_JOB_NODELIST:	 ise-cpu256-28 

--------------------------
date: SM_Grids
number_of_graphs: 10
graph_type: grid
size_of_graphs: [6, 7]
heuristic: bcc_heuristic
snake: False
run_uni: True
run_bi: True
run_multi: False
solution_vertices: []
algorithms: ['A']
lookahead: 2
bsd: False
cube_first_dims: 4
cube_buffer_dim: None
backward_sym_generation: False
sym_coil: False
prefix_set: None

---------- SM_Grids/6x7_grid_with_random_blocks_12per_0 ----------
[00:00:00:00:049] Path of length 35 found: [0, 1, 8, 7, 14, 21, 28, 29, 36, 37, 30, 23, 22, 15, 16, 9, 10, 3, 4, 5, 12, 11, 18, 17, 24, 31, 38, 39, 32, 25, 26, 27, 34, 33, 40, 41]
[00:00:00:00:049] ! Unidirectional s-t. expansions: 18, time: 49 [ms], path length: 35 [edges], generated: 90
[00:00:00:00:054] Path of length 35 found: [41, 34, 27, 26, 25, 18, 11, 12, 5, 4, 3, 10, 9, 16, 17, 24, 23, 30, 31, 32, 33, 40, 39, 38, 37, 36, 29, 28, 21, 22, 15, 14, 7, 8, 1, 0]
[00:00:00:00:055] ! Unidirectional t-s. expansions: 18, time: 54 [ms], path length: 35 [edges], generated: 85
[00:00:00:00:047] Path of length 35 found: [0, 1, 8, 7, 14, 21, 28, 29, 36, 37, 38, 39, 40, 33, 32, 31, 30, 23, 22, 15, 16, 9, 10, 3, 4, 5, 12, 11, 18, 17, 24, 25, 26, 27, 34, 41]
[00:00:00:00:472] ! Bidirectional. expansions: 27, time: 47 [ms], path length: 35 [edges], g_F: 18, g_B: 17, generated: 0, MM: 1, MMPER: 1.7777777777777777%
[00:00:00:00:473] 
---------- SM_Grids/6x7_grid_with_random_blocks_12per_1 ----------
[00:00:00:01:241] Path of length 31 found: [0, 7, 14, 21, 28, 35, 36, 37, 30, 29, 22, 23, 16, 15, 8, 1, 2, 9, 10, 17, 18, 19, 12, 13, 20, 27, 26, 33, 32, 39, 40, 41]
[00:00:00:01:242] ! Unidirectional s-t. expansions: 407, time: 1,242 [ms], path length: 31 [edges], generated: 1,730
[00:00:00:00:292] Path of length 31 found: [41, 34, 27, 20, 13, 12, 19, 26, 33, 32, 39, 38, 37, 36, 35, 28, 21, 14, 7, 8, 15, 22, 29, 30, 23, 24, 17, 10, 9, 2, 1, 0]
[00:00:00:00:292] ! Unidirectional t-s. expansions: 96, time: 292 [ms], path length: 31 [edges], generated: 551
[00:00:00:00:526] Path of length 31 found: [0, 7, 14, 21, 28, 35, 36, 29, 22, 15, 8, 1, 2, 9, 10, 17, 16, 23, 30, 37, 38, 39, 32, 33, 26, 19, 12, 13, 20, 27, 34, 41]
[00:00:00:00:908] ! Bidirectional. expansions: 225, time: 526 [ms], path length: 31 [edges], g_F: 16, g_B: 15, generated: 0, MM: 1, MMPER: 2.125%
[00:00:00:00:908] 
---------- SM_Grids/6x7_grid_with_random_blocks_12per_2 ----------
[00:00:00:02:661] Path of length 33 found: [0, 7, 14, 21, 22, 29, 28, 35, 36, 37, 30, 31, 24, 23, 16, 15, 8, 1, 2, 9, 10, 11, 18, 19, 12, 13, 20, 27, 26, 25, 32, 39, 40, 41]
[00:00:00:02:662] ! Unidirectional s-t. expansions: 777, time: 2,662 [ms], path length: 33 [edges], generated: 3,579
[00:00:00:00:428] Path of length 33 found: [41, 40, 39, 32, 31, 30, 37, 36, 35, 28, 29, 22, 21, 14, 15, 16, 23, 24, 25, 26, 27, 20, 13, 12, 19, 18, 11, 10, 3, 2, 9, 8, 1, 0]
[00:00:00:00:429] ! Unidirectional t-s. expansions: 151, time: 429 [ms], path length: 33 [edges], generated: 630
[00:00:00:00:500] Path of length 33 found: [0, 7, 14, 21, 28, 35, 36, 37, 30, 29, 22, 23, 16, 15, 8, 1, 2, 3, 10, 11, 12, 13, 20, 27, 26, 19, 18, 25, 24, 31, 32, 39, 40, 41]
[00:00:00:00:945] ! Bidirectional. expansions: 204, time: 500 [ms], path length: 33 [edges], g_F: 17, g_B: 16, generated: 0, MM: 1, MMPER: 1.9411764705882355%
[00:00:00:00:946] 
---------- SM_Grids/6x7_grid_with_random_blocks_12per_3 ----------
[00:00:00:00:588] Path of length 33 found: [0, 1, 2, 3, 4, 5, 6, 13, 12, 11, 10, 9, 16, 15, 22, 21, 28, 35, 36, 29, 30, 23, 24, 17, 18, 19, 26, 27, 34, 33, 32, 39, 40, 41]
[00:00:00:00:589] ! Unidirectional s-t. expansions: 146, time: 588 [ms], path length: 33 [edges], generated: 745
[00:00:00:00:467] Path of length 33 found: [41, 34, 27, 26, 33, 40, 39, 32, 31, 30, 37, 36, 35, 28, 21, 22, 15, 16, 23, 24, 17, 18, 19, 12, 13, 6, 5, 4, 11, 10, 3, 2, 1, 0]
[00:00:00:00:468] ! Unidirectional t-s. expansions: 151, time: 467 [ms], path length: 33 [edges], generated: 652
[00:00:00:00:344] Path of length 33 found: [0, 1, 2, 3, 4, 5, 6, 13, 12, 11, 10, 9, 16, 15, 22, 21, 28, 29, 36, 37, 30, 31, 24, 17, 18, 19, 26, 27, 34, 33, 32, 39, 40, 41]
[00:00:00:00:748] ! Bidirectional. expansions: 210, time: 345 [ms], path length: 33 [edges], g_F: 17, g_B: 16, generated: 0, MM: 1, MMPER: 1.9411764705882355%
[00:00:00:00:748] 
---------- SM_Grids/6x7_grid_with_random_blocks_12per_4 ----------
[00:00:00:00:322] Path of length 33 found: [0, 1, 2, 9, 10, 3, 4, 11, 18, 19, 20, 27, 34, 33, 26, 25, 32, 31, 24, 23, 16, 15, 8, 7, 14, 21, 28, 35, 36, 37, 38, 39, 40, 41]
[00:00:00:00:323] ! Unidirectional s-t. expansions: 110, time: 322 [ms], path length: 33 [edges], generated: 428
[00:00:00:00:426] Path of length 33 found: [41, 40, 39, 32, 33, 34, 27, 20, 19, 26, 25, 18, 11, 4, 3, 10, 9, 2, 1, 8, 15, 16, 23, 24, 31, 38, 37, 36, 29, 28, 21, 14, 7, 0]
[00:00:00:00:427] ! Unidirectional t-s. expansions: 108, time: 426 [ms], path length: 33 [edges], generated: 510
[00:00:00:00:530] Path of length 33 found: [0, 7, 8, 1, 2, 9, 10, 3, 4, 11, 18, 25, 24, 23, 16, 15, 14, 21, 28, 29, 36, 37, 38, 31, 32, 39, 40, 33, 26, 19, 20, 27, 34, 41]
[00:00:00:00:943] ! Bidirectional. expansions: 175, time: 530 [ms], path length: 33 [edges], g_F: 17, g_B: 16, generated: 0, MM: 1, MMPER: 1.9411764705882355%
[00:00:00:00:943] 
---------- SM_Grids/6x7_grid_with_random_blocks_12per_5 ----------
[00:00:00:00:147] Path of length 35 found: [0, 1, 8, 15, 14, 21, 22, 29, 28, 35, 36, 37, 38, 31, 24, 23, 16, 9, 2, 3, 10, 11, 18, 25, 32, 39, 40, 33, 26, 19, 12, 13, 20, 27, 34, 41]
[00:00:00:00:147] ! Unidirectional s-t. expansions: 20, time: 147 [ms], path length: 35 [edges], generated: 82
[00:00:00:00:061] Path of length 35 found: [41, 34, 27, 20, 13, 12, 11, 10, 3, 2, 9, 16, 23, 24, 31, 32, 25, 18, 19, 26, 33, 40, 39, 38, 37, 36, 35, 28, 29, 22, 21, 14, 15, 8, 1, 0]
[00:00:00:00:062] ! Unidirectional t-s. expansions: 18, time: 62 [ms], path length: 35 [edges], generated: 71
[00:00:00:00:065] Path of length 35 found: [0, 1, 8, 15, 14, 21, 22, 29, 28, 35, 36, 37, 38, 31, 32, 39, 40, 33, 26, 19, 18, 25, 24, 23, 16, 9, 2, 3, 10, 11, 12, 13, 20, 27, 34, 41]
[00:00:00:00:465] ! Bidirectional. expansions: 27, time: 65 [ms], path length: 35 [edges], g_F: 18, g_B: 17, generated: 0, MM: 1, MMPER: 1.7777777777777777%
[00:00:00:00:465] 
---------- SM_Grids/6x7_grid_with_random_blocks_12per_6 ----------
[00:00:00:00:248] Path of length 29 found: [0, 7, 8, 15, 22, 23, 24, 17, 10, 9, 2, 3, 4, 11, 12, 5, 6, 13, 20, 19, 26, 25, 32, 31, 38, 39, 40, 33, 34, 41]
[00:00:00:00:248] ! Unidirectional s-t. expansions: 55, time: 248 [ms], path length: 29 [edges], generated: 286
[00:00:00:00:776] Path of length 29 found: [41, 40, 39, 38, 31, 32, 25, 26, 33, 34, 27, 20, 19, 12, 13, 6, 5, 4, 3, 2, 9, 10, 17, 24, 23, 22, 15, 8, 1, 0]
[00:00:00:00:777] ! Unidirectional t-s. expansions: 215, time: 776 [ms], path length: 29 [edges], generated: 918
[00:00:00:00:543] Path of length 29 found: [0, 7, 8, 15, 22, 23, 24, 17, 10, 9, 2, 3, 4, 5, 6, 13, 12, 19, 20, 27, 26, 25, 32, 31, 38, 39, 40, 33, 34, 41]
[00:00:00:00:885] ! Bidirectional. expansions: 208, time: 543 [ms], path length: 29 [edges], g_F: 15, g_B: 14, generated: 0, MM: 1, MMPER: 2.3333333333333335%
[00:00:00:00:886] 
---------- SM_Grids/6x7_grid_with_random_blocks_12per_7 ----------
[00:00:00:01:641] Path of length 33 found: [0, 1, 8, 7, 14, 15, 22, 21, 28, 35, 36, 37, 38, 39, 32, 31, 24, 23, 16, 9, 10, 3, 4, 5, 6, 13, 12, 11, 18, 25, 26, 33, 34, 41]
[00:00:00:01:641] ! Unidirectional s-t. expansions: 477, time: 1,641 [ms], path length: 33 [edges], generated: 2,142
[00:00:00:02:135] Path of length 33 found: [41, 34, 33, 26, 27, 20, 13, 6, 5, 4, 3, 10, 11, 18, 25, 24, 31, 32, 39, 38, 37, 36, 35, 28, 29, 22, 21, 14, 15, 16, 9, 8, 1, 0]
[00:00:00:02:136] ! Unidirectional t-s. expansions: 335, time: 2,135 [ms], path length: 33 [edges], generated: 1,483
[00:00:00:03:484] Path of length 33 found: [0, 1, 8, 7, 14, 15, 22, 21, 28, 35, 36, 37, 38, 39, 32, 25, 24, 23, 16, 9, 10, 3, 4, 11, 12, 5, 6, 13, 20, 27, 26, 33, 34, 41]
[00:00:00:03:936] ! Bidirectional. expansions: 796, time: 3,484 [ms], path length: 33 [edges], g_F: 17, g_B: 16, generated: 0, MM: 1, MMPER: 1.9411764705882355%
[00:00:00:03:936] 
---------- SM_Grids/6x7_grid_with_random_blocks_12per_8 ----------
[00:00:00:00:190] Path of length 33 found: [0, 7, 8, 15, 14, 21, 22, 29, 36, 37, 38, 39, 32, 33, 26, 19, 18, 25, 24, 31, 30, 23, 16, 17, 10, 3, 4, 5, 12, 13, 20, 27, 34, 41]
[00:00:00:00:190] ! Unidirectional s-t. expansions: 48, time: 190 [ms], path length: 33 [edges], generated: 208
[00:00:00:00:259] Path of length 33 found: [41, 34, 33, 26, 27, 20, 19, 12, 13, 6, 5, 4, 3, 10, 17, 18, 25, 32, 39, 38, 37, 36, 29, 30, 31, 24, 23, 16, 15, 22, 21, 14, 7, 0]
[00:00:00:00:259] ! Unidirectional t-s. expansions: 83, time: 259 [ms], path length: 33 [edges], generated: 419
[00:00:00:00:146] Path of length 33 found: [0, 7, 8, 15, 14, 21, 22, 23, 16, 17, 10, 3, 4, 5, 6, 13, 12, 19, 18, 25, 24, 31, 30, 29, 36, 37, 38, 39, 32, 33, 26, 27, 34, 41]
[00:00:00:00:428] ! Bidirectional. expansions: 96, time: 146 [ms], path length: 33 [edges], g_F: 17, g_B: 16, generated: 0, MM: 1, MMPER: 1.9411764705882355%
[00:00:00:00:428] 
---------- SM_Grids/6x7_grid_with_random_blocks_12per_9 ----------
[00:00:00:00:322] Path of length 33 found: [0, 7, 14, 15, 22, 21, 28, 29, 30, 37, 38, 39, 40, 33, 32, 31, 24, 25, 18, 17, 16, 9, 2, 3, 10, 11, 4, 5, 12, 13, 20, 27, 34, 41]
[00:00:00:00:323] ! Unidirectional s-t. expansions: 126, time: 322 [ms], path length: 33 [edges], generated: 544
[00:00:00:00:912] Path of length 33 found: [41, 40, 39, 32, 33, 34, 27, 20, 13, 6, 5, 12, 11, 4, 3, 10, 17, 18, 25, 24, 31, 38, 37, 30, 29, 28, 21, 22, 15, 16, 9, 2, 1, 0]
[00:00:00:00:912] ! Unidirectional t-s. expansions: 330, time: 912 [ms], path length: 33 [edges], generated: 1,449
[00:00:00:00:377] Path of length 33 found: [0, 7, 14, 21, 28, 29, 22, 15, 16, 9, 2, 3, 10, 11, 4, 5, 12, 13, 20, 27, 34, 33, 32, 25, 18, 17, 24, 31, 30, 37, 38, 39, 40, 41]
[00:00:00:00:795] ! Bidirectional. expansions: 166, time: 377 [ms], path length: 33 [edges], g_F: 17, g_B: 16, generated: 0, MM: 1, MMPER: 1.9411764705882355%

[00:00:00:00:795] average expansions: (218, 150, 213, 0)
[00:00:00:00:795] average time: (741, 581, 656, 0)
[00:00:00:00:795] XA*: 150 , 581 (expansions , time[ms])
[00:00:00:00:795] BiXA*: 213 , 656 (expansions , time[ms])

