------------------------------------
Thu 01 Oct 2026 12:13:38 IDT
SLURM_JOBID:		21944049
SLURM_JOB_NODELIST:	ise-cpu256-30
SLURM_SCRATCH_DIR:	/scratch/shubit/21944049
Allocated Resouces:	cpu - 2 / mem - 61440 MB / gpu - 
SLURM_GPU_INDEX:	
Running as shubit from shimony account with normal QOS
------------------------------------
Thu 01 Oct 2026 12:13:38 IDT

SLURM_JOBID:		 21944049
SLURM_JOB_NODELIST:	 ise-cpu256-30 

--------------------------
date: SM_Grids
number_of_graphs: 10
graph_type: grid
size_of_graphs: [6, 7]
heuristic: bcc_heuristic
snake: False
run_uni: True
run_bi: True
run_multi: False
solution_vertices: []
algorithms: ['IDA']
lookahead: 2
bsd: False
cube_first_dims: 4
cube_buffer_dim: None
backward_sym_generation: False
sym_coil: False
prefix_set: None

---------- SM_Grids/6x7_grid_with_random_blocks_16per_0 ----------
[00:00:00:01:134] Path of length 31 found: [0, 7, 14, 21, 28, 35, 36, 29, 22, 15, 8, 1, 2, 3, 10, 9, 16, 23, 30, 37, 38, 39, 32, 31, 24, 25, 18, 19, 26, 27, 34, 41]
[00:00:00:01:134] ! Unidirectional s-t. expansions: 680, time: 1,134 [ms], path length: 31 [edges], generated: 3,156
[00:00:00:00:043] Path of length 31 found: [41, 34, 27, 20, 19, 18, 25, 24, 23, 16, 9, 10, 3, 2, 1, 8, 15, 22, 29, 30, 31, 32, 39, 38, 37, 36, 35, 28, 21, 14, 7, 0]
[00:00:00:00:043] ! Unidirectional t-s. expansions: 19, time: 43 [ms], path length: 31 [edges], generated: 92
[00:00:00:00:060] Path of length 31 found: [0, 7, 14, 21, 28, 35, 36, 29, 22, 15, 8, 1, 2, 3, 10, 9, 16, 23, 30, 37, 38, 39, 32, 31, 24, 25, 18, 19, 20, 27, 34, 41]
[00:00:00:00:425] ! Bidirectional. expansions: 31, time: 60 [ms], path length: 31 [edges], g_F: 16, g_B: 15, generated: 0, MM: 1, MMPER: 2.125%
[00:00:00:00:426] 
---------- SM_Grids/6x7_grid_with_random_blocks_16per_1 ----------
[00:00:00:00:237] Path of length 27 found: [0, 7, 14, 21, 28, 35, 36, 29, 22, 15, 8, 1, 2, 9, 16, 17, 18, 25, 24, 23, 30, 37, 38, 39, 32, 33, 34, 41]
[00:00:00:00:238] ! Unidirectional s-t. expansions: 71, time: 238 [ms], path length: 27 [edges], generated: 378
[00:00:00:00:045] Path of length 27 found: [41, 34, 33, 26, 25, 32, 39, 38, 37, 30, 23, 24, 17, 16, 9, 2, 1, 8, 15, 22, 29, 36, 35, 28, 21, 14, 7, 0]
[00:00:00:00:045] ! Unidirectional t-s. expansions: 16, time: 45 [ms], path length: 27 [edges], generated: 76
[00:00:00:00:079] Path of length 27 found: [0, 7, 14, 21, 28, 35, 36, 29, 22, 15, 8, 1, 2, 9, 16, 17, 24, 23, 30, 37, 38, 39, 32, 25, 26, 33, 34, 41]
[00:00:00:00:385] ! Bidirectional. expansions: 29, time: 79 [ms], path length: 27 [edges], g_F: 14, g_B: 13, generated: 0, MM: 1, MMPER: 2.5714285714285716%
[00:00:00:00:386] 
---------- SM_Grids/6x7_grid_with_random_blocks_16per_2 ----------
[00:00:00:00:181] Path of length 33 found: [0, 1, 2, 9, 16, 23, 22, 15, 14, 21, 28, 29, 36, 37, 30, 31, 38, 39, 40, 33, 26, 25, 24, 17, 18, 11, 4, 5, 6, 13, 20, 27, 34, 41]
[00:00:00:00:181] ! Unidirectional s-t. expansions: 75, time: 181 [ms], path length: 33 [edges], generated: 348
[00:00:00:00:540] Path of length 33 found: [41, 34, 27, 20, 13, 6, 5, 4, 11, 18, 19, 26, 33, 40, 39, 38, 31, 30, 37, 36, 29, 28, 21, 14, 15, 22, 23, 24, 17, 16, 9, 2, 1, 0]
[00:00:00:00:540] ! Unidirectional t-s. expansions: 234, time: 540 [ms], path length: 33 [edges], generated: 1,066
[00:00:00:00:162] Path of length 33 found: [0, 1, 2, 9, 16, 23, 22, 15, 14, 21, 28, 29, 36, 37, 30, 31, 38, 39, 40, 33, 26, 25, 24, 17, 18, 11, 4, 5, 6, 13, 20, 27, 34, 41]
[00:00:00:00:469] ! Bidirectional. expansions: 92, time: 162 [ms], path length: 33 [edges], g_F: 17, g_B: 16, generated: 0, MM: 1, MMPER: 1.9411764705882355%
[00:00:00:00:470] 
---------- SM_Grids/6x7_grid_with_random_blocks_16per_3 ----------
[00:00:00:01:042] Path of length 29 found: [0, 7, 14, 21, 28, 35, 36, 37, 38, 31, 24, 23, 22, 15, 8, 1, 2, 9, 16, 17, 18, 11, 4, 5, 12, 13, 20, 27, 34, 41]
[00:00:00:01:042] ! Unidirectional s-t. expansions: 438, time: 1,042 [ms], path length: 29 [edges], generated: 1,871
[00:00:00:00:271] Path of length 29 found: [41, 34, 27, 20, 13, 6, 5, 12, 11, 4, 3, 2, 9, 16, 17, 24, 31, 38, 37, 36, 35, 28, 29, 22, 21, 14, 15, 8, 1, 0]
[00:00:00:00:271] ! Unidirectional t-s. expansions: 147, time: 271 [ms], path length: 29 [edges], generated: 598
[00:00:00:00:866] Path of length 29 found: [0, 7, 14, 21, 22, 29, 28, 35, 36, 37, 38, 31, 24, 17, 16, 15, 8, 1, 2, 3, 4, 11, 12, 5, 6, 13, 20, 27, 34, 41]
[00:00:00:01:168] ! Bidirectional. expansions: 526, time: 866 [ms], path length: 29 [edges], g_F: 15, g_B: 14, generated: 0, MM: 1, MMPER: 2.3333333333333335%
[00:00:00:01:168] 
---------- SM_Grids/6x7_grid_with_random_blocks_16per_4 ----------
[00:00:00:00:107] Path of length 33 found: [0, 7, 8, 15, 22, 23, 30, 29, 36, 37, 38, 31, 32, 39, 40, 33, 26, 25, 18, 17, 16, 9, 10, 3, 4, 11, 12, 5, 6, 13, 20, 27, 34, 41]
[00:00:00:00:107] ! Unidirectional s-t. expansions: 41, time: 107 [ms], path length: 33 [edges], generated: 210
[00:00:00:00:398] Path of length 33 found: [41, 34, 27, 20, 13, 6, 5, 12, 11, 4, 3, 10, 9, 16, 17, 18, 25, 26, 33, 40, 39, 32, 31, 38, 37, 36, 29, 30, 23, 22, 15, 8, 1, 0]
[00:00:00:00:398] ! Unidirectional t-s. expansions: 161, time: 398 [ms], path length: 33 [edges], generated: 787
[00:00:00:00:051] Path of length 33 found: [0, 7, 8, 15, 22, 23, 30, 29, 36, 37, 38, 31, 32, 39, 40, 33, 26, 25, 18, 17, 16, 9, 10, 3, 4, 11, 12, 5, 6, 13, 20, 27, 34, 41]
[00:00:00:00:351] ! Bidirectional. expansions: 28, time: 51 [ms], path length: 33 [edges], g_F: 17, g_B: 16, generated: 0, MM: 1, MMPER: 1.9411764705882355%
[00:00:00:00:351] 
---------- SM_Grids/6x7_grid_with_random_blocks_16per_5 ----------
[00:00:00:00:036] Path of length 31 found: [0, 7, 14, 21, 28, 29, 22, 15, 8, 1, 2, 3, 10, 17, 16, 23, 30, 31, 24, 25, 18, 11, 4, 5, 12, 19, 26, 27, 34, 33, 40, 41]
[00:00:00:00:036] ! Unidirectional s-t. expansions: 15, time: 36 [ms], path length: 31 [edges], generated: 65
[00:00:00:00:040] Path of length 31 found: [41, 40, 33, 34, 27, 26, 19, 12, 5, 4, 3, 2, 1, 8, 15, 22, 23, 16, 17, 10, 11, 18, 25, 24, 31, 30, 29, 28, 21, 14, 7, 0]
[00:00:00:00:041] ! Unidirectional t-s. expansions: 15, time: 40 [ms], path length: 31 [edges], generated: 75
[00:00:00:00:030] Path of length 31 found: [0, 7, 14, 21, 28, 29, 22, 15, 8, 1, 2, 3, 10, 17, 16, 23, 30, 31, 24, 25, 18, 11, 4, 5, 12, 19, 26, 27, 34, 33, 40, 41]
[00:00:00:00:374] ! Bidirectional. expansions: 15, time: 30 [ms], path length: 31 [edges], g_F: 16, g_B: 15, generated: 0, MM: 1, MMPER: 2.125%
[00:00:00:00:374] 
---------- SM_Grids/6x7_grid_with_random_blocks_16per_6 ----------
[00:00:00:00:048] Path of length 33 found: [0, 1, 8, 7, 14, 21, 22, 15, 16, 23, 30, 37, 38, 39, 32, 25, 24, 17, 18, 11, 10, 3, 4, 5, 12, 13, 20, 19, 26, 27, 34, 33, 40, 41]
[00:00:00:00:048] ! Unidirectional s-t. expansions: 19, time: 48 [ms], path length: 33 [edges], generated: 95
[00:00:00:00:036] Path of length 33 found: [41, 34, 27, 20, 13, 12, 5, 4, 3, 10, 11, 18, 19, 26, 25, 32, 33, 40, 39, 38, 37, 30, 23, 24, 17, 16, 15, 22, 21, 14, 7, 8, 1, 0]
[00:00:00:00:036] ! Unidirectional t-s. expansions: 16, time: 36 [ms], path length: 33 [edges], generated: 67
[00:00:00:00:032] Path of length 33 found: [0, 1, 8, 7, 14, 21, 22, 15, 16, 17, 24, 23, 30, 37, 38, 39, 40, 33, 32, 25, 26, 19, 18, 11, 10, 3, 4, 5, 12, 13, 20, 27, 34, 41]
[00:00:00:00:335] ! Bidirectional. expansions: 19, time: 32 [ms], path length: 33 [edges], g_F: 17, g_B: 16, generated: 0, MM: 1, MMPER: 1.9411764705882355%
[00:00:00:00:335] 
---------- SM_Grids/6x7_grid_with_random_blocks_16per_7 ----------
[00:00:00:00:094] Path of length 31 found: [0, 7, 8, 15, 16, 9, 2, 3, 4, 5, 6, 13, 12, 11, 18, 25, 24, 23, 30, 29, 28, 35, 36, 37, 38, 31, 32, 39, 40, 33, 34, 41]
[00:00:00:00:094] ! Unidirectional s-t. expansions: 33, time: 94 [ms], path length: 31 [edges], generated: 151
[00:00:00:00:201] Path of length 31 found: [41, 34, 33, 40, 39, 32, 31, 38, 37, 36, 35, 28, 29, 30, 23, 24, 25, 18, 19, 12, 13, 6, 5, 4, 3, 2, 9, 16, 15, 8, 1, 0]
[00:00:00:00:201] ! Unidirectional t-s. expansions: 90, time: 201 [ms], path length: 31 [edges], generated: 387
[00:00:00:00:126] Path of length 31 found: [0, 7, 8, 15, 16, 9, 2, 3, 4, 5, 6, 13, 12, 11, 18, 25, 24, 23, 30, 29, 28, 35, 36, 37, 38, 31, 32, 39, 40, 33, 34, 41]
[00:00:00:00:430] ! Bidirectional. expansions: 66, time: 126 [ms], path length: 31 [edges], g_F: 16, g_B: 15, generated: 0, MM: 1, MMPER: 2.125%
[00:00:00:00:431] 
---------- SM_Grids/6x7_grid_with_random_blocks_16per_8 ----------
[00:00:00:00:294] Path of length 31 found: [0, 7, 14, 21, 22, 15, 8, 9, 16, 17, 10, 3, 4, 5, 6, 13, 12, 19, 18, 25, 24, 31, 30, 29, 36, 37, 38, 39, 32, 33, 40, 41]
[00:00:00:00:294] ! Unidirectional s-t. expansions: 135, time: 294 [ms], path length: 31 [edges], generated: 551
[00:00:00:00:437] Path of length 31 found: [41, 34, 33, 40, 39, 32, 25, 18, 19, 12, 13, 6, 5, 4, 3, 2, 9, 10, 17, 24, 31, 38, 37, 30, 29, 22, 21, 14, 15, 8, 7, 0]
[00:00:00:00:437] ! Unidirectional t-s. expansions: 231, time: 437 [ms], path length: 31 [edges], generated: 989
[00:00:00:00:278] Path of length 31 found: [0, 7, 14, 21, 22, 29, 36, 37, 30, 31, 24, 17, 16, 15, 8, 9, 2, 3, 4, 5, 6, 13, 12, 19, 18, 25, 32, 39, 40, 33, 34, 41]
[00:00:00:00:585] ! Bidirectional. expansions: 157, time: 278 [ms], path length: 31 [edges], g_F: 16, g_B: 15, generated: 0, MM: 1, MMPER: 2.125%
[00:00:00:00:585] 
---------- SM_Grids/6x7_grid_with_random_blocks_16per_9 ----------
[00:00:00:00:198] Path of length 31 found: [0, 7, 14, 21, 28, 29, 22, 15, 8, 1, 2, 9, 16, 23, 24, 31, 38, 39, 32, 25, 18, 19, 12, 5, 6, 13, 20, 27, 26, 33, 40, 41]
[00:00:00:00:198] ! Unidirectional s-t. expansions: 104, time: 198 [ms], path length: 31 [edges], generated: 436
[00:00:00:00:171] Path of length 31 found: [41, 34, 27, 20, 13, 6, 5, 12, 19, 18, 25, 26, 33, 40, 39, 32, 31, 24, 23, 16, 9, 2, 1, 8, 15, 22, 29, 28, 21, 14, 7, 0]
[00:00:00:00:171] ! Unidirectional t-s. expansions: 36, time: 171 [ms], path length: 31 [edges], generated: 194
[00:00:00:00:255] Path of length 31 found: [0, 7, 14, 21, 28, 29, 22, 15, 8, 1, 2, 9, 16, 23, 24, 31, 32, 39, 40, 33, 26, 25, 18, 19, 12, 5, 6, 13, 20, 27, 34, 41]
[00:00:00:00:548] ! Bidirectional. expansions: 143, time: 255 [ms], path length: 31 [edges], g_F: 16, g_B: 15, generated: 0, MM: 1, MMPER: 2.125%

[00:00:00:00:548] average expansions: (161, 96, 111, 0)
[00:00:00:00:548] average time: (337, 218, 194, 0)
[00:00:00:00:548] XIDA: 96 , 218 (expansions , time[ms])
[00:00:00:00:548] BiXIDA: 111 , 194 (expansions , time[ms])

