------------------------------------
Thu 01 Oct 2026 13:44:37 IDT
SLURM_JOBID:		21947697
SLURM_JOB_NODELIST:	ise-cpu256-32
SLURM_SCRATCH_DIR:	/scratch/shubit/21947697
Allocated Resouces:	cpu - 2 / mem - 61440 MB / gpu - 
SLURM_GPU_INDEX:	
Running as shubit from shimony account with normal QOS
------------------------------------
Thu 01 Oct 2026 13:44:37 IDT

SLURM_JOBID:		 21947697
SLURM_JOB_NODELIST:	 ise-cpu256-32 

--------------------------
date: SM_Grids
number_of_graphs: 10
graph_type: grid
size_of_graphs: [6, 7]
heuristic: bcc_heuristic
snake: False
run_uni: True
run_bi: True
run_multi: False
solution_vertices: []
algorithms: ['DFBnB']
lookahead: -2
bsd: False
cube_first_dims: 4
cube_buffer_dim: None
backward_sym_generation: False
sym_coil: False
prefix_set: None

---------- SM_Grids/6x7_grid_with_random_blocks_12per_0 ----------
[00:00:00:00:041] Path of length 35 found: [0, 1, 8, 7, 14, 21, 28, 29, 36, 37, 30, 23, 22, 15, 16, 9, 10, 3, 4, 5, 12, 11, 18, 17, 24, 31, 38, 39, 32, 25, 26, 27, 34, 33, 40, 41]
[00:00:00:00:042] ! Unidirectional s-t. expansions: 35, time: 41 [ms], path length: 35 [edges], generated: 58
[00:00:00:00:070] Path of length 35 found: [41, 34, 27, 26, 25, 18, 11, 12, 5, 4, 3, 10, 9, 16, 17, 24, 23, 30, 31, 32, 33, 40, 39, 38, 37, 36, 29, 28, 21, 22, 15, 14, 7, 8, 1, 0]
[00:00:00:00:071] ! Unidirectional t-s. expansions: 78, time: 70 [ms], path length: 35 [edges], generated: 128
[00:00:00:00:043] Path of length 35 found: [0, 1, 8, 7, 14, 21, 28, 29, 36, 37, 30, 23, 22, 15, 16, 9, 10, 3, 4, 5, 12, 11, 18, 17, 24, 31, 38, 39, 40, 33, 32, 25, 26, 27, 34, 41]
[00:00:00:00:407] ! Bidirectional. expansions: 34, time: 43 [ms], path length: 35 [edges], g_F: 31, g_B: 4, generated: 0, MM: 27, MMPER: 74.0%
[00:00:00:00:407] 
---------- SM_Grids/6x7_grid_with_random_blocks_12per_1 ----------
[00:00:00:01:360] Path of length 31 found: [0, 7, 14, 21, 28, 35, 36, 29, 22, 15, 8, 1, 2, 9, 10, 17, 16, 23, 30, 37, 38, 39, 32, 33, 26, 19, 12, 13, 20, 27, 34, 41]
[00:00:00:01:361] ! Unidirectional s-t. expansions: 978, time: 1,360 [ms], path length: 31 [edges], generated: 1,644
[00:00:00:00:233] Path of length 31 found: [41, 34, 27, 20, 13, 12, 19, 26, 33, 32, 39, 38, 37, 30, 23, 24, 17, 10, 9, 2, 1, 8, 15, 22, 29, 36, 35, 28, 21, 14, 7, 0]
[00:00:00:00:234] ! Unidirectional t-s. expansions: 186, time: 233 [ms], path length: 31 [edges], generated: 350
[00:00:00:01:769] Path of length 31 found: [0, 7, 14, 21, 28, 35, 36, 29, 22, 15, 8, 1, 2, 9, 10, 17, 16, 23, 30, 37, 38, 39, 32, 33, 26, 19, 12, 13, 20, 27, 34, 41]
[00:00:00:02:100] ! Bidirectional. expansions: 1,109, time: 1,769 [ms], path length: 31 [edges], g_F: 17, g_B: 14, generated: 0, MM: 3, MMPER: 8.375%
[00:00:00:02:100] 
---------- SM_Grids/6x7_grid_with_random_blocks_12per_2 ----------
[00:00:00:02:302] Path of length 33 found: [0, 7, 14, 21, 28, 35, 36, 37, 30, 29, 22, 15, 8, 1, 2, 3, 10, 9, 16, 23, 24, 31, 32, 25, 18, 11, 12, 13, 20, 19, 26, 27, 34, 41]
[00:00:00:02:303] ! Unidirectional s-t. expansions: 1,874, time: 2,303 [ms], path length: 33 [edges], generated: 3,351
[00:00:00:00:336] Path of length 33 found: [41, 40, 39, 32, 25, 18, 19, 26, 27, 20, 13, 12, 11, 10, 3, 2, 1, 8, 9, 16, 15, 22, 23, 24, 31, 30, 37, 36, 29, 28, 21, 14, 7, 0]
[00:00:00:00:336] ! Unidirectional t-s. expansions: 319, time: 336 [ms], path length: 33 [edges], generated: 548
[00:00:00:00:720] Path of length 33 found: [0, 7, 14, 21, 28, 35, 36, 37, 30, 31, 24, 23, 22, 15, 16, 9, 8, 1, 2, 3, 10, 11, 18, 19, 12, 13, 20, 27, 26, 25, 32, 39, 40, 41]
[00:00:00:01:092] ! Bidirectional. expansions: 533, time: 720 [ms], path length: 33 [edges], g_F: 29, g_B: 4, generated: 0, MM: 25, MMPER: 72.52941176470588%
[00:00:00:01:092] 
---------- SM_Grids/6x7_grid_with_random_blocks_12per_3 ----------
[00:00:00:00:413] Path of length 33 found: [0, 1, 2, 9, 16, 15, 22, 21, 28, 35, 36, 29, 30, 23, 24, 17, 10, 3, 4, 5, 6, 13, 12, 11, 18, 19, 26, 27, 34, 33, 32, 39, 40, 41]
[00:00:00:00:413] ! Unidirectional s-t. expansions: 297, time: 413 [ms], path length: 33 [edges], generated: 520
[00:00:00:00:384] Path of length 33 found: [41, 34, 27, 26, 33, 40, 39, 32, 31, 24, 23, 30, 37, 36, 35, 28, 21, 22, 15, 16, 9, 10, 17, 18, 19, 12, 13, 6, 5, 4, 3, 2, 1, 0]
[00:00:00:00:385] ! Unidirectional t-s. expansions: 335, time: 384 [ms], path length: 33 [edges], generated: 586
[00:00:00:00:801] Path of length 33 found: [0, 1, 2, 9, 16, 15, 22, 21, 28, 35, 36, 29, 30, 23, 24, 17, 18, 11, 10, 3, 4, 5, 6, 13, 12, 19, 26, 27, 34, 33, 32, 39, 40, 41]
[00:00:00:01:121] ! Bidirectional. expansions: 632, time: 802 [ms], path length: 33 [edges], g_F: 24, g_B: 9, generated: 0, MM: 15, MMPER: 43.11764705882353%
[00:00:00:01:121] 
---------- SM_Grids/6x7_grid_with_random_blocks_12per_4 ----------
[00:00:00:00:286] Path of length 33 found: [0, 7, 14, 21, 28, 35, 36, 37, 38, 31, 24, 23, 16, 15, 8, 1, 2, 9, 10, 3, 4, 11, 18, 25, 32, 39, 40, 33, 26, 19, 20, 27, 34, 41]
[00:00:00:00:287] ! Unidirectional s-t. expansions: 230, time: 286 [ms], path length: 33 [edges], generated: 361
[00:00:00:00:288] Path of length 33 found: [41, 34, 27, 20, 19, 18, 11, 4, 3, 10, 9, 2, 1, 8, 15, 16, 23, 24, 31, 32, 25, 26, 33, 40, 39, 38, 37, 36, 29, 28, 21, 14, 7, 0]
[00:00:00:00:289] ! Unidirectional t-s. expansions: 219, time: 288 [ms], path length: 33 [edges], generated: 353
[00:00:00:00:493] Path of length 33 found: [0, 7, 14, 21, 28, 35, 36, 37, 38, 31, 24, 23, 16, 15, 8, 1, 2, 9, 10, 3, 4, 11, 18, 25, 32, 39, 40, 33, 26, 19, 20, 27, 34, 41]
[00:00:00:00:818] ! Bidirectional. expansions: 311, time: 493 [ms], path length: 33 [edges], g_F: 33, g_B: 0, generated: 0, MM: 33, MMPER: 96.05882352941177%
[00:00:00:00:818] 
---------- SM_Grids/6x7_grid_with_random_blocks_12per_5 ----------
[00:00:00:00:120] Path of length 35 found: [0, 1, 8, 15, 14, 21, 22, 29, 28, 35, 36, 37, 38, 31, 24, 23, 16, 9, 2, 3, 10, 11, 18, 25, 32, 39, 40, 33, 26, 19, 12, 13, 20, 27, 34, 41]
[00:00:00:00:120] ! Unidirectional s-t. expansions: 114, time: 120 [ms], path length: 35 [edges], generated: 193
[00:00:00:00:044] Path of length 35 found: [41, 34, 27, 20, 13, 12, 11, 10, 3, 2, 9, 16, 23, 24, 31, 32, 25, 18, 19, 26, 33, 40, 39, 38, 37, 36, 35, 28, 29, 22, 21, 14, 15, 8, 1, 0]
[00:00:00:00:044] ! Unidirectional t-s. expansions: 35, time: 44 [ms], path length: 35 [edges], generated: 55
[00:00:00:00:049] Path of length 35 found: [0, 1, 8, 15, 14, 21, 22, 29, 28, 35, 36, 37, 38, 39, 40, 33, 26, 19, 18, 25, 32, 31, 24, 23, 16, 9, 2, 3, 10, 11, 12, 13, 20, 27, 34, 41]
[00:00:00:00:435] ! Bidirectional. expansions: 34, time: 49 [ms], path length: 35 [edges], g_F: 20, g_B: 15, generated: 0, MM: 5, MMPER: 12.88888888888889%
[00:00:00:00:436] 
---------- SM_Grids/6x7_grid_with_random_blocks_12per_6 ----------
[00:00:00:00:161] Path of length 29 found: [0, 7, 8, 15, 22, 23, 24, 17, 10, 9, 2, 3, 4, 11, 12, 5, 6, 13, 20, 19, 26, 25, 32, 31, 38, 39, 40, 33, 34, 41]
[00:00:00:00:161] ! Unidirectional s-t. expansions: 104, time: 161 [ms], path length: 29 [edges], generated: 179
[00:00:00:00:767] Path of length 29 found: [41, 34, 27, 20, 13, 6, 5, 4, 3, 2, 9, 10, 11, 12, 19, 26, 25, 32, 33, 40, 39, 38, 31, 24, 23, 22, 15, 8, 1, 0]
[00:00:00:00:768] ! Unidirectional t-s. expansions: 559, time: 767 [ms], path length: 29 [edges], generated: 961
[00:00:00:00:737] Path of length 29 found: [0, 7, 8, 15, 22, 23, 24, 31, 38, 39, 40, 33, 32, 25, 26, 19, 12, 11, 10, 9, 2, 3, 4, 5, 6, 13, 20, 27, 34, 41]
[00:00:00:01:046] ! Bidirectional. expansions: 466, time: 737 [ms], path length: 29 [edges], g_F: 12, g_B: 17, generated: 0, MM: 5, MMPER: 15.666666666666668%
[00:00:00:01:046] 
---------- SM_Grids/6x7_grid_with_random_blocks_12per_7 ----------
[00:00:00:01:352] Path of length 33 found: [0, 1, 8, 7, 14, 21, 28, 35, 36, 29, 22, 15, 16, 9, 10, 3, 4, 11, 12, 5, 6, 13, 20, 27, 26, 25, 24, 31, 38, 39, 32, 33, 34, 41]
[00:00:00:01:352] ! Unidirectional s-t. expansions: 1,097, time: 1,352 [ms], path length: 33 [edges], generated: 1,831
[00:00:00:00:837] Path of length 33 found: [41, 34, 27, 20, 13, 6, 5, 12, 11, 4, 3, 10, 9, 8, 15, 16, 23, 24, 25, 26, 33, 32, 31, 38, 37, 36, 35, 28, 29, 22, 21, 14, 7, 0]
[00:00:00:00:838] ! Unidirectional t-s. expansions: 749, time: 838 [ms], path length: 33 [edges], generated: 1,253
[00:00:00:01:990] Path of length 33 found: [0, 1, 8, 7, 14, 21, 28, 35, 36, 37, 38, 39, 32, 33, 26, 25, 24, 23, 22, 15, 16, 9, 10, 3, 4, 11, 12, 5, 6, 13, 20, 27, 34, 41]
[00:00:00:02:366] ! Bidirectional. expansions: 1,516, time: 1,991 [ms], path length: 33 [edges], g_F: 25, g_B: 8, generated: 0, MM: 17, MMPER: 49.0%
[00:00:00:02:367] 
---------- SM_Grids/6x7_grid_with_random_blocks_12per_8 ----------
[00:00:00:00:138] Path of length 33 found: [0, 7, 8, 15, 14, 21, 22, 29, 36, 37, 30, 23, 16, 17, 10, 3, 4, 5, 6, 13, 12, 19, 18, 25, 24, 31, 38, 39, 32, 33, 26, 27, 34, 41]
[00:00:00:00:138] ! Unidirectional s-t. expansions: 108, time: 138 [ms], path length: 33 [edges], generated: 183
[00:00:00:00:266] Path of length 33 found: [41, 34, 27, 20, 13, 6, 5, 4, 3, 10, 17, 16, 23, 30, 31, 24, 25, 18, 19, 26, 33, 32, 39, 38, 37, 36, 29, 22, 21, 14, 15, 8, 7, 0]
[00:00:00:00:266] ! Unidirectional t-s. expansions: 181, time: 266 [ms], path length: 33 [edges], generated: 323
[00:00:00:00:263] Path of length 33 found: [0, 7, 8, 15, 14, 21, 22, 29, 36, 37, 30, 31, 38, 39, 32, 33, 26, 19, 18, 25, 24, 23, 16, 17, 10, 3, 4, 5, 6, 13, 20, 27, 34, 41]
[00:00:00:00:578] ! Bidirectional. expansions: 182, time: 263 [ms], path length: 33 [edges], g_F: 23, g_B: 10, generated: 0, MM: 13, MMPER: 37.23529411764706%
[00:00:00:00:578] 
---------- SM_Grids/6x7_grid_with_random_blocks_12per_9 ----------
[00:00:00:00:346] Path of length 33 found: [0, 7, 14, 21, 28, 29, 22, 15, 16, 9, 2, 3, 10, 17, 24, 31, 30, 37, 38, 39, 32, 25, 18, 11, 4, 5, 12, 13, 20, 27, 34, 33, 40, 41]
[00:00:00:00:346] ! Unidirectional s-t. expansions: 270, time: 346 [ms], path length: 33 [edges], generated: 462
[00:00:00:00:944] Path of length 33 found: [41, 34, 27, 20, 13, 6, 5, 12, 11, 4, 3, 2, 9, 10, 17, 18, 25, 24, 31, 32, 33, 40, 39, 38, 37, 30, 29, 28, 21, 22, 15, 14, 7, 0]
[00:00:00:00:944] ! Unidirectional t-s. expansions: 738, time: 944 [ms], path length: 33 [edges], generated: 1,258
[00:00:00:00:421] Path of length 33 found: [0, 7, 14, 21, 28, 29, 22, 15, 16, 9, 2, 3, 10, 17, 24, 31, 30, 37, 38, 39, 40, 33, 32, 25, 18, 11, 4, 5, 6, 13, 20, 27, 34, 41]
[00:00:00:00:738] ! Bidirectional. expansions: 302, time: 421 [ms], path length: 33 [edges], g_F: 25, g_B: 8, generated: 0, MM: 17, MMPER: 49.0%

[00:00:00:00:738] average expansions: (511, 340, 512, 0)
[00:00:00:00:738] average time: (652, 417, 729, 0)
[00:00:00:00:738] XDFBnB: 340 , 417 (expansions , time[ms])
[00:00:00:00:738] BiXDFBnB: 512 , 729 (expansions , time[ms])

