------------------------------------
Thu 01 Oct 2026 13:44:37 IDT
SLURM_JOBID:		21947704
SLURM_JOB_NODELIST:	ise-cpu256-31
SLURM_SCRATCH_DIR:	/scratch/shubit/21947704
Allocated Resouces:	cpu - 2 / mem - 61440 MB / gpu - 
SLURM_GPU_INDEX:	
Running as shubit from shimony account with normal QOS
------------------------------------
Thu 01 Oct 2026 13:44:37 IDT

SLURM_JOBID:		 21947704
SLURM_JOB_NODELIST:	 ise-cpu256-31 

--------------------------
date: SM_Grids
number_of_graphs: 10
graph_type: grid
size_of_graphs: [6, 7]
heuristic: bcc_heuristic
snake: False
run_uni: True
run_bi: True
run_multi: False
solution_vertices: []
algorithms: ['DFBnB']
lookahead: -1
bsd: False
cube_first_dims: 4
cube_buffer_dim: None
backward_sym_generation: False
sym_coil: False
prefix_set: None

---------- SM_Grids/6x7_grid_with_random_blocks_16per_0 ----------
[00:00:00:00:800] Path of length 31 found: [0, 7, 14, 21, 28, 35, 36, 29, 22, 15, 8, 1, 2, 3, 10, 9, 16, 23, 30, 37, 38, 39, 32, 31, 24, 25, 18, 19, 26, 27, 34, 41]
[00:00:00:00:801] ! Unidirectional s-t. expansions: 891, time: 800 [ms], path length: 31 [edges], generated: 1,527
[00:00:00:00:032] Path of length 31 found: [41, 34, 27, 20, 19, 18, 25, 24, 23, 16, 9, 10, 3, 2, 1, 8, 15, 22, 29, 30, 31, 32, 39, 38, 37, 36, 35, 28, 21, 14, 7, 0]
[00:00:00:00:032] ! Unidirectional t-s. expansions: 31, time: 32 [ms], path length: 31 [edges], generated: 51
[00:00:00:00:072] Path of length 31 found: [0, 7, 14, 21, 28, 35, 36, 29, 22, 15, 8, 1, 2, 3, 10, 9, 16, 23, 30, 37, 38, 39, 32, 31, 24, 25, 18, 19, 20, 27, 34, 41]
[00:00:00:00:425] ! Bidirectional. expansions: 54, time: 72 [ms], path length: 31 [edges], g_F: 16, g_B: 15, generated: 0, MM: 1, MMPER: 2.125%
[00:00:00:00:426] 
---------- SM_Grids/6x7_grid_with_random_blocks_16per_1 ----------
[00:00:00:00:272] Path of length 27 found: [0, 7, 14, 21, 28, 35, 36, 29, 22, 15, 8, 1, 2, 9, 16, 17, 18, 25, 24, 23, 30, 37, 38, 39, 32, 33, 34, 41]
[00:00:00:00:272] ! Unidirectional s-t. expansions: 150, time: 272 [ms], path length: 27 [edges], generated: 270
[00:00:00:00:036] Path of length 27 found: [41, 34, 33, 26, 25, 32, 39, 38, 37, 30, 23, 24, 17, 16, 9, 2, 1, 8, 15, 22, 29, 36, 35, 28, 21, 14, 7, 0]
[00:00:00:00:036] ! Unidirectional t-s. expansions: 27, time: 36 [ms], path length: 27 [edges], generated: 43
[00:00:00:00:094] Path of length 27 found: [0, 7, 14, 21, 28, 35, 36, 29, 22, 15, 8, 1, 2, 9, 16, 17, 24, 23, 30, 37, 38, 39, 32, 25, 26, 33, 34, 41]
[00:00:00:00:411] ! Bidirectional. expansions: 55, time: 94 [ms], path length: 27 [edges], g_F: 14, g_B: 13, generated: 0, MM: 1, MMPER: 2.5714285714285716%
[00:00:00:00:411] 
---------- SM_Grids/6x7_grid_with_random_blocks_16per_2 ----------
[00:00:00:00:307] Path of length 33 found: [0, 1, 2, 9, 16, 23, 22, 15, 14, 21, 28, 29, 36, 37, 30, 31, 38, 39, 40, 33, 26, 25, 24, 17, 18, 11, 4, 5, 6, 13, 20, 27, 34, 41]
[00:00:00:00:308] ! Unidirectional s-t. expansions: 265, time: 307 [ms], path length: 33 [edges], generated: 465
[00:00:00:00:480] Path of length 33 found: [41, 34, 27, 20, 13, 6, 5, 4, 11, 18, 19, 26, 33, 40, 39, 38, 31, 30, 37, 36, 29, 28, 21, 14, 15, 22, 23, 24, 17, 16, 9, 2, 1, 0]
[00:00:00:00:480] ! Unidirectional t-s. expansions: 400, time: 480 [ms], path length: 33 [edges], generated: 658
[00:00:00:00:249] Path of length 33 found: [0, 1, 2, 9, 16, 23, 22, 15, 14, 21, 28, 29, 36, 37, 30, 31, 38, 39, 40, 33, 26, 25, 24, 17, 18, 11, 4, 5, 6, 13, 20, 27, 34, 41]
[00:00:00:00:571] ! Bidirectional. expansions: 213, time: 249 [ms], path length: 33 [edges], g_F: 17, g_B: 16, generated: 0, MM: 1, MMPER: 1.9411764705882355%
[00:00:00:00:571] 
---------- SM_Grids/6x7_grid_with_random_blocks_16per_3 ----------
[00:00:00:00:698] Path of length 29 found: [0, 7, 14, 21, 28, 35, 36, 37, 38, 31, 24, 17, 16, 23, 22, 15, 8, 1, 2, 3, 4, 11, 12, 5, 6, 13, 20, 27, 34, 41]
[00:00:00:00:699] ! Unidirectional s-t. expansions: 565, time: 699 [ms], path length: 29 [edges], generated: 914
[00:00:00:00:283] Path of length 29 found: [41, 34, 27, 20, 13, 6, 5, 12, 11, 4, 3, 2, 1, 8, 9, 16, 17, 24, 31, 38, 37, 36, 35, 28, 29, 22, 15, 14, 7, 0]
[00:00:00:00:283] ! Unidirectional t-s. expansions: 257, time: 283 [ms], path length: 29 [edges], generated: 443
[00:00:00:00:898] Path of length 29 found: [0, 7, 14, 21, 28, 35, 36, 37, 38, 31, 24, 17, 16, 23, 22, 15, 8, 1, 2, 3, 4, 11, 12, 5, 6, 13, 20, 27, 34, 41]
[00:00:00:01:218] ! Bidirectional. expansions: 751, time: 898 [ms], path length: 29 [edges], g_F: 15, g_B: 14, generated: 0, MM: 1, MMPER: 2.3333333333333335%
[00:00:00:01:219] 
---------- SM_Grids/6x7_grid_with_random_blocks_16per_4 ----------
[00:00:00:00:278] Path of length 33 found: [0, 7, 8, 15, 22, 23, 30, 29, 36, 37, 38, 31, 32, 39, 40, 33, 26, 25, 18, 17, 16, 9, 10, 3, 4, 11, 12, 5, 6, 13, 20, 27, 34, 41]
[00:00:00:00:278] ! Unidirectional s-t. expansions: 240, time: 278 [ms], path length: 33 [edges], generated: 413
[00:00:00:00:353] Path of length 33 found: [41, 34, 27, 20, 13, 6, 5, 12, 11, 4, 3, 10, 9, 16, 17, 18, 25, 26, 33, 40, 39, 32, 31, 38, 37, 36, 29, 30, 23, 22, 15, 8, 1, 0]
[00:00:00:00:353] ! Unidirectional t-s. expansions: 279, time: 353 [ms], path length: 33 [edges], generated: 444
[00:00:00:00:115] Path of length 33 found: [0, 7, 8, 15, 22, 23, 30, 29, 36, 37, 38, 31, 32, 39, 40, 33, 26, 25, 18, 17, 16, 9, 10, 3, 4, 11, 12, 5, 6, 13, 20, 27, 34, 41]
[00:00:00:00:432] ! Bidirectional. expansions: 99, time: 115 [ms], path length: 33 [edges], g_F: 17, g_B: 16, generated: 0, MM: 1, MMPER: 1.9411764705882355%
[00:00:00:00:432] 
---------- SM_Grids/6x7_grid_with_random_blocks_16per_5 ----------
[00:00:00:00:040] Path of length 31 found: [0, 7, 14, 21, 28, 29, 22, 15, 8, 1, 2, 3, 10, 17, 16, 23, 30, 31, 24, 25, 18, 11, 4, 5, 12, 19, 26, 27, 34, 33, 40, 41]
[00:00:00:00:041] ! Unidirectional s-t. expansions: 31, time: 40 [ms], path length: 31 [edges], generated: 52
[00:00:00:00:041] Path of length 31 found: [41, 40, 33, 34, 27, 26, 19, 12, 5, 4, 3, 2, 1, 8, 15, 22, 23, 16, 17, 10, 11, 18, 25, 24, 31, 30, 29, 28, 21, 14, 7, 0]
[00:00:00:00:041] ! Unidirectional t-s. expansions: 31, time: 41 [ms], path length: 31 [edges], generated: 52
[00:00:00:00:042] Path of length 31 found: [0, 7, 14, 21, 28, 29, 22, 15, 8, 1, 2, 3, 10, 17, 16, 23, 30, 31, 24, 25, 18, 11, 4, 5, 12, 19, 26, 27, 34, 33, 40, 41]
[00:00:00:00:358] ! Bidirectional. expansions: 30, time: 42 [ms], path length: 31 [edges], g_F: 16, g_B: 15, generated: 0, MM: 1, MMPER: 2.125%
[00:00:00:00:358] 
---------- SM_Grids/6x7_grid_with_random_blocks_16per_6 ----------
[00:00:00:00:057] Path of length 33 found: [0, 1, 8, 7, 14, 21, 22, 15, 16, 23, 30, 37, 38, 39, 32, 25, 24, 17, 18, 11, 10, 3, 4, 5, 12, 13, 20, 19, 26, 27, 34, 33, 40, 41]
[00:00:00:00:058] ! Unidirectional s-t. expansions: 56, time: 57 [ms], path length: 33 [edges], generated: 91
[00:00:00:00:042] Path of length 33 found: [41, 34, 27, 20, 13, 12, 5, 4, 3, 10, 11, 18, 19, 26, 25, 32, 33, 40, 39, 38, 37, 30, 23, 24, 17, 16, 15, 22, 21, 14, 7, 8, 1, 0]
[00:00:00:00:043] ! Unidirectional t-s. expansions: 33, time: 42 [ms], path length: 33 [edges], generated: 52
[00:00:00:00:060] Path of length 33 found: [0, 1, 8, 7, 14, 21, 22, 15, 16, 17, 24, 23, 30, 37, 38, 39, 40, 33, 32, 25, 26, 19, 18, 11, 10, 3, 4, 5, 12, 13, 20, 27, 34, 41]
[00:00:00:00:442] ! Bidirectional. expansions: 52, time: 60 [ms], path length: 33 [edges], g_F: 17, g_B: 16, generated: 0, MM: 1, MMPER: 1.9411764705882355%
[00:00:00:00:442] 
---------- SM_Grids/6x7_grid_with_random_blocks_16per_7 ----------
[00:00:00:00:093] Path of length 31 found: [0, 7, 8, 15, 16, 9, 2, 3, 4, 5, 6, 13, 12, 11, 18, 25, 24, 23, 30, 29, 28, 35, 36, 37, 38, 31, 32, 39, 40, 33, 34, 41]
[00:00:00:00:093] ! Unidirectional s-t. expansions: 70, time: 93 [ms], path length: 31 [edges], generated: 113
[00:00:00:00:151] Path of length 31 found: [41, 34, 33, 40, 39, 32, 31, 38, 37, 36, 35, 28, 29, 30, 23, 24, 25, 18, 19, 12, 13, 6, 5, 4, 3, 2, 9, 16, 15, 8, 1, 0]
[00:00:00:00:152] ! Unidirectional t-s. expansions: 125, time: 151 [ms], path length: 31 [edges], generated: 201
[00:00:00:00:168] Path of length 31 found: [0, 7, 8, 15, 16, 9, 2, 3, 4, 5, 6, 13, 12, 11, 18, 25, 24, 23, 30, 29, 28, 35, 36, 37, 38, 31, 32, 39, 40, 33, 34, 41]
[00:00:00:00:481] ! Bidirectional. expansions: 128, time: 168 [ms], path length: 31 [edges], g_F: 16, g_B: 15, generated: 0, MM: 1, MMPER: 2.125%
[00:00:00:00:481] 
---------- SM_Grids/6x7_grid_with_random_blocks_16per_8 ----------
[00:00:00:00:306] Path of length 31 found: [0, 7, 14, 21, 22, 15, 8, 9, 2, 3, 4, 5, 6, 13, 12, 19, 18, 17, 24, 25, 32, 31, 30, 29, 36, 37, 38, 39, 40, 33, 34, 41]
[00:00:00:00:307] ! Unidirectional s-t. expansions: 243, time: 307 [ms], path length: 31 [edges], generated: 408
[00:00:00:00:427] Path of length 31 found: [41, 34, 33, 40, 39, 32, 25, 18, 19, 12, 13, 6, 5, 4, 3, 2, 9, 10, 17, 24, 31, 38, 37, 30, 29, 22, 21, 14, 15, 8, 7, 0]
[00:00:00:00:427] ! Unidirectional t-s. expansions: 386, time: 427 [ms], path length: 31 [edges], generated: 613
[00:00:00:00:353] Path of length 31 found: [0, 7, 14, 21, 22, 15, 8, 9, 2, 3, 4, 5, 6, 13, 12, 19, 18, 17, 24, 25, 32, 31, 30, 29, 36, 37, 38, 39, 40, 33, 34, 41]
[00:00:00:00:667] ! Bidirectional. expansions: 284, time: 353 [ms], path length: 31 [edges], g_F: 16, g_B: 15, generated: 0, MM: 1, MMPER: 2.125%
[00:00:00:00:667] 
---------- SM_Grids/6x7_grid_with_random_blocks_16per_9 ----------
[00:00:00:00:212] Path of length 31 found: [0, 7, 14, 21, 28, 29, 22, 15, 8, 1, 2, 9, 16, 23, 24, 31, 38, 39, 32, 25, 18, 19, 12, 5, 6, 13, 20, 27, 26, 33, 40, 41]
[00:00:00:00:212] ! Unidirectional s-t. expansions: 186, time: 212 [ms], path length: 31 [edges], generated: 327
[00:00:00:00:087] Path of length 31 found: [41, 34, 27, 20, 13, 6, 5, 12, 19, 18, 25, 26, 33, 40, 39, 32, 31, 24, 23, 16, 9, 2, 1, 8, 15, 22, 29, 28, 21, 14, 7, 0]
[00:00:00:00:088] ! Unidirectional t-s. expansions: 55, time: 87 [ms], path length: 31 [edges], generated: 95
[00:00:00:00:432] Path of length 31 found: [0, 7, 14, 21, 28, 29, 22, 15, 8, 1, 2, 9, 16, 23, 24, 31, 32, 39, 40, 33, 26, 25, 18, 19, 12, 5, 6, 13, 20, 27, 34, 41]
[00:00:00:00:744] ! Bidirectional. expansions: 290, time: 432 [ms], path length: 31 [edges], g_F: 16, g_B: 15, generated: 0, MM: 1, MMPER: 2.125%

[00:00:00:00:745] average expansions: (270, 162, 196, 0)
[00:00:00:00:745] average time: (306, 193, 248, 0)
[00:00:00:00:745] XDFBnB: 162 , 193 (expansions , time[ms])
[00:00:00:00:745] BiXDFBnB: 196 , 248 (expansions , time[ms])

