------------------------------------
Thu 01 Oct 2026 12:13:50 IDT
SLURM_JOBID:		21944055
SLURM_JOB_NODELIST:	ise-cpu256-06
SLURM_SCRATCH_DIR:	/scratch/shubit/21944055
Allocated Resouces:	cpu - 2 / mem - 61440 MB / gpu - 
SLURM_GPU_INDEX:	
Running as shubit from shimony account with normal QOS
------------------------------------
Thu 01 Oct 2026 12:13:50 IDT

SLURM_JOBID:		 21944055
SLURM_JOB_NODELIST:	 ise-cpu256-06 

--------------------------
date: SM_Grids
number_of_graphs: 10
graph_type: grid
size_of_graphs: [6, 7]
heuristic: bcc_heuristic
snake: False
run_uni: True
run_bi: True
run_multi: False
solution_vertices: []
algorithms: ['IDA']
lookahead: 2
bsd: False
cube_first_dims: 4
cube_buffer_dim: None
backward_sym_generation: False
sym_coil: False
prefix_set: None

---------- SM_Grids/6x7_grid_with_random_blocks_20per_0 ----------
[00:00:00:00:274] Path of length 29 found: [0, 7, 14, 21, 28, 29, 22, 15, 16, 9, 2, 3, 10, 11, 12, 19, 20, 27, 26, 25, 24, 31, 30, 37, 38, 39, 32, 33, 40, 41]
[00:00:00:00:275] ! Unidirectional s-t. expansions: 71, time: 274 [ms], path length: 29 [edges], generated: 264
[00:00:00:01:150] Path of length 29 found: [41, 34, 27, 20, 19, 26, 25, 24, 31, 32, 33, 40, 39, 38, 37, 30, 29, 28, 21, 22, 15, 16, 9, 10, 11, 4, 3, 2, 1, 0]
[00:00:00:01:150] ! Unidirectional t-s. expansions: 284, time: 1,150 [ms], path length: 29 [edges], generated: 1,269
[00:00:00:01:176] Path of length 29 found: [0, 7, 14, 21, 28, 29, 22, 15, 16, 9, 2, 3, 10, 11, 12, 19, 20, 27, 26, 25, 24, 31, 30, 37, 38, 39, 40, 33, 34, 41]
[00:00:00:01:899] ! Bidirectional. expansions: 260, time: 1,176 [ms], path length: 29 [edges], g_F: 15, g_B: 14, generated: 0, MM: 1, MMPER: 2.3333333333333335%
[00:00:00:01:899] 
---------- SM_Grids/6x7_grid_with_random_blocks_20per_1 ----------
[00:00:00:00:059] Path of length 25 found: [0, 7, 8, 15, 14, 21, 22, 29, 28, 35, 36, 37, 30, 31, 38, 39, 32, 33, 26, 19, 12, 13, 20, 27, 34, 41]
[00:00:00:00:060] ! Unidirectional s-t. expansions: 12, time: 59 [ms], path length: 25 [edges], generated: 41
[00:00:00:00:052] Path of length 25 found: [41, 34, 27, 20, 13, 12, 19, 26, 33, 32, 39, 38, 31, 30, 37, 36, 35, 28, 29, 22, 21, 14, 15, 8, 7, 0]
[00:00:00:00:052] ! Unidirectional t-s. expansions: 12, time: 52 [ms], path length: 25 [edges], generated: 40
[00:00:00:00:055] Path of length 25 found: [0, 7, 8, 15, 14, 21, 22, 29, 28, 35, 36, 37, 30, 31, 38, 39, 32, 33, 26, 19, 12, 13, 20, 27, 34, 41]
[00:00:00:00:792] ! Bidirectional. expansions: 12, time: 55 [ms], path length: 25 [edges], g_F: 13, g_B: 12, generated: 0, MM: 1, MMPER: 2.8461538461538463%
[00:00:00:00:792] 
---------- SM_Grids/6x7_grid_with_random_blocks_20per_2 ----------
[00:00:00:00:266] Path of length 29 found: [0, 1, 8, 7, 14, 21, 28, 29, 22, 15, 16, 9, 10, 3, 4, 5, 12, 11, 18, 19, 20, 27, 26, 25, 24, 31, 38, 39, 40, 41]
[00:00:00:00:267] ! Unidirectional s-t. expansions: 37, time: 266 [ms], path length: 29 [edges], generated: 179
[00:00:00:00:107] Path of length 29 found: [41, 40, 39, 38, 31, 24, 25, 26, 27, 20, 19, 18, 11, 12, 5, 4, 3, 10, 9, 16, 15, 22, 29, 28, 21, 14, 7, 8, 1, 0]
[00:00:00:00:107] ! Unidirectional t-s. expansions: 18, time: 107 [ms], path length: 29 [edges], generated: 75
[00:00:00:00:102] Path of length 29 found: [0, 1, 8, 7, 14, 21, 28, 29, 22, 15, 16, 9, 10, 3, 4, 5, 12, 11, 18, 19, 20, 27, 26, 25, 24, 31, 38, 39, 40, 41]
[00:00:00:00:780] ! Bidirectional. expansions: 20, time: 102 [ms], path length: 29 [edges], g_F: 15, g_B: 14, generated: 0, MM: 1, MMPER: 2.3333333333333335%
[00:00:00:00:781] 
---------- SM_Grids/6x7_grid_with_random_blocks_20per_3 ----------
[00:00:00:00:372] Path of length 27 found: [0, 7, 14, 15, 8, 1, 2, 3, 4, 11, 10, 9, 16, 17, 24, 23, 30, 37, 38, 31, 32, 25, 26, 27, 34, 33, 40, 41]
[00:00:00:00:372] ! Unidirectional s-t. expansions: 53, time: 372 [ms], path length: 27 [edges], generated: 287
[00:00:00:00:455] Path of length 27 found: [41, 34, 27, 26, 25, 24, 31, 32, 33, 40, 39, 38, 37, 30, 23, 16, 17, 10, 11, 4, 3, 2, 9, 8, 15, 14, 7, 0]
[00:00:00:00:456] ! Unidirectional t-s. expansions: 92, time: 455 [ms], path length: 27 [edges], generated: 367
[00:00:00:00:844] Path of length 27 found: [0, 7, 14, 15, 8, 1, 2, 3, 4, 11, 10, 9, 16, 23, 24, 31, 30, 37, 38, 39, 40, 33, 32, 25, 26, 27, 34, 41]
[00:00:00:01:516] ! Bidirectional. expansions: 188, time: 844 [ms], path length: 27 [edges], g_F: 14, g_B: 13, generated: 0, MM: 1, MMPER: 2.5714285714285716%
[00:00:00:01:517] 
---------- SM_Grids/6x7_grid_with_random_blocks_20per_4 ----------
[00:00:00:00:085] Path of length 29 found: [0, 7, 14, 15, 22, 29, 30, 23, 16, 9, 10, 17, 24, 31, 38, 39, 32, 25, 18, 11, 4, 5, 6, 13, 20, 27, 26, 33, 34, 41]
[00:00:00:00:086] ! Unidirectional s-t. expansions: 14, time: 85 [ms], path length: 29 [edges], generated: 59
[00:00:00:00:076] Path of length 29 found: [41, 34, 27, 20, 13, 6, 5, 4, 11, 10, 9, 16, 23, 24, 17, 18, 25, 26, 33, 32, 39, 38, 31, 30, 29, 22, 15, 14, 7, 0]
[00:00:00:00:077] ! Unidirectional t-s. expansions: 14, time: 76 [ms], path length: 29 [edges], generated: 56
[00:00:00:00:055] Path of length 29 found: [0, 7, 14, 15, 22, 29, 30, 23, 16, 9, 10, 17, 24, 31, 38, 39, 32, 33, 26, 25, 18, 11, 4, 5, 6, 13, 20, 27, 34, 41]
[00:00:00:00:724] ! Bidirectional. expansions: 14, time: 55 [ms], path length: 29 [edges], g_F: 15, g_B: 14, generated: 0, MM: 1, MMPER: 2.3333333333333335%
[00:00:00:00:724] 
---------- SM_Grids/6x7_grid_with_random_blocks_20per_5 ----------
[00:00:00:00:331] Path of length 19 found: [0, 1, 2, 9, 10, 3, 4, 5, 12, 11, 18, 19, 20, 27, 26, 25, 32, 33, 40, 41]
[00:00:00:00:332] ! Unidirectional s-t. expansions: 44, time: 332 [ms], path length: 19 [edges], generated: 235
[00:00:00:00:297] Path of length 19 found: [41, 40, 33, 32, 25, 26, 27, 20, 19, 12, 5, 4, 11, 18, 17, 10, 3, 2, 1, 0]
[00:00:00:00:297] ! Unidirectional t-s. expansions: 37, time: 297 [ms], path length: 19 [edges], generated: 197
[00:00:00:00:193] Path of length 19 found: [0, 1, 2, 9, 10, 3, 4, 5, 12, 11, 18, 19, 20, 27, 26, 25, 32, 33, 40, 41]
[00:00:00:00:740] ! Bidirectional. expansions: 26, time: 193 [ms], path length: 19 [edges], g_F: 10, g_B: 9, generated: 0, MM: 1, MMPER: 4.0%
[00:00:00:00:740] 
---------- SM_Grids/6x7_grid_with_random_blocks_20per_6 ----------
[00:00:00:01:234] Path of length 27 found: [0, 7, 8, 15, 16, 9, 10, 3, 4, 5, 12, 11, 18, 17, 24, 23, 22, 21, 28, 35, 36, 37, 38, 39, 40, 33, 34, 41]
[00:00:00:01:235] ! Unidirectional s-t. expansions: 239, time: 1,235 [ms], path length: 27 [edges], generated: 1,257
[00:00:00:00:627] Path of length 27 found: [41, 34, 33, 40, 39, 38, 37, 36, 35, 28, 21, 22, 15, 16, 23, 24, 17, 18, 19, 12, 5, 4, 3, 10, 9, 8, 1, 0]
[00:00:00:00:627] ! Unidirectional t-s. expansions: 173, time: 627 [ms], path length: 27 [edges], generated: 769
[00:00:00:00:524] Path of length 27 found: [0, 7, 8, 15, 16, 9, 10, 3, 4, 5, 12, 11, 18, 17, 24, 23, 22, 21, 28, 35, 36, 37, 38, 39, 40, 33, 34, 41]
[00:00:00:01:159] ! Bidirectional. expansions: 125, time: 525 [ms], path length: 27 [edges], g_F: 14, g_B: 13, generated: 0, MM: 1, MMPER: 2.5714285714285716%
[00:00:00:01:159] 
---------- SM_Grids/6x7_grid_with_random_blocks_20per_7 ----------
[00:00:00:00:401] Path of length 23 found: [0, 1, 8, 7, 14, 15, 22, 23, 30, 37, 38, 39, 32, 31, 24, 25, 18, 19, 20, 27, 26, 33, 40, 41]
[00:00:00:00:401] ! Unidirectional s-t. expansions: 76, time: 401 [ms], path length: 23 [edges], generated: 352
[00:00:00:01:071] Path of length 23 found: [41, 34, 27, 20, 19, 18, 25, 26, 33, 40, 39, 32, 31, 38, 37, 30, 23, 16, 15, 14, 7, 8, 1, 0]
[00:00:00:01:072] ! Unidirectional t-s. expansions: 184, time: 1,071 [ms], path length: 23 [edges], generated: 849
[00:00:00:00:423] Path of length 23 found: [0, 1, 8, 7, 14, 15, 22, 23, 24, 25, 18, 19, 20, 27, 34, 33, 32, 31, 30, 37, 38, 39, 40, 41]
[00:00:00:01:041] ! Bidirectional. expansions: 80, time: 424 [ms], path length: 23 [edges], g_F: 12, g_B: 11, generated: 0, MM: 1, MMPER: 3.166666666666667%
[00:00:00:01:041] 
---------- SM_Grids/6x7_grid_with_random_blocks_20per_8 ----------
[00:00:00:00:271] Path of length 27 found: [0, 1, 8, 7, 14, 21, 28, 29, 22, 15, 16, 9, 10, 3, 4, 5, 12, 11, 18, 19, 20, 27, 26, 33, 32, 39, 40, 41]
[00:00:00:00:272] ! Unidirectional s-t. expansions: 34, time: 271 [ms], path length: 27 [edges], generated: 186
[00:00:00:00:094] Path of length 27 found: [41, 40, 39, 32, 33, 26, 27, 20, 19, 18, 11, 12, 5, 4, 3, 10, 9, 16, 15, 22, 29, 28, 21, 14, 7, 8, 1, 0]
[00:00:00:00:094] ! Unidirectional t-s. expansions: 17, time: 94 [ms], path length: 27 [edges], generated: 73
[00:00:00:00:162] Path of length 27 found: [0, 1, 8, 7, 14, 21, 28, 29, 22, 15, 16, 9, 10, 3, 4, 5, 12, 11, 18, 19, 20, 27, 26, 33, 32, 39, 40, 41]
[00:00:00:00:762] ! Bidirectional. expansions: 27, time: 162 [ms], path length: 27 [edges], g_F: 14, g_B: 13, generated: 0, MM: 1, MMPER: 2.5714285714285716%
[00:00:00:00:762] 
---------- SM_Grids/6x7_grid_with_random_blocks_20per_9 ----------
[00:00:00:00:153] Path of length 25 found: [0, 7, 14, 21, 22, 15, 8, 1, 2, 9, 10, 17, 24, 23, 30, 37, 38, 31, 32, 39, 40, 33, 26, 27, 34, 41]
[00:00:00:00:153] ! Unidirectional s-t. expansions: 21, time: 153 [ms], path length: 25 [edges], generated: 112
[00:00:00:00:098] Path of length 25 found: [41, 34, 27, 26, 33, 40, 39, 32, 31, 38, 37, 30, 23, 24, 17, 10, 3, 2, 9, 8, 15, 22, 21, 14, 7, 0]
[00:00:00:00:099] ! Unidirectional t-s. expansions: 22, time: 98 [ms], path length: 25 [edges], generated: 102
[00:00:00:00:189] Path of length 25 found: [0, 7, 14, 21, 22, 15, 8, 1, 2, 9, 10, 17, 24, 23, 30, 37, 38, 31, 32, 39, 40, 33, 26, 27, 34, 41]
[00:00:00:00:784] ! Bidirectional. expansions: 27, time: 189 [ms], path length: 25 [edges], g_F: 13, g_B: 12, generated: 0, MM: 1, MMPER: 2.8461538461538463%

[00:00:00:00:784] average expansions: (60, 85, 78, 0)
[00:00:00:00:784] average time: (345, 403, 372, 0)
[00:00:00:00:784] XIDA: 60 , 345 (expansions , time[ms])
[00:00:00:00:784] BiXIDA: 78 , 372 (expansions , time[ms])

