------------------------------------
Thu 01 Oct 2026 10:43:14 IDT
SLURM_JOBID:		21942672
SLURM_JOB_NODELIST:	ise-cpu256-10
SLURM_SCRATCH_DIR:	/scratch/shubit/21942672
Allocated Resouces:	cpu - 2 / mem - 61440 MB / gpu - 
SLURM_GPU_INDEX:	
Running as shubit from shimony account with normal QOS
------------------------------------
Thu 01 Oct 2026 10:43:14 IDT

SLURM_JOBID:		 21942672
SLURM_JOB_NODELIST:	 ise-cpu256-10 

--------------------------
date: SM_Grids
number_of_graphs: 10
graph_type: grid
size_of_graphs: [6, 7]
heuristic: bcc_heuristic
snake: False
run_uni: True
run_bi: True
run_multi: False
solution_vertices: []
algorithms: ['A']
lookahead: 1
bsd: False
cube_first_dims: 4
cube_buffer_dim: None
backward_sym_generation: False
sym_coil: False
prefix_set: None

---------- SM_Grids/6x7_grid_with_random_blocks_8per_0 ----------
[00:00:00:00:053] Path of length 35 found: [0, 7, 14, 21, 28, 35, 36, 29, 22, 15, 8, 1, 2, 3, 10, 9, 16, 23, 30, 37, 38, 31, 24, 25, 18, 11, 12, 19, 26, 27, 34, 33, 32, 39, 40, 41]
[00:00:00:00:054] ! Unidirectional s-t. expansions: 35, time: 53 [ms], path length: 35 [edges], generated: 59
[00:00:00:00:051] Path of length 35 found: [41, 34, 27, 26, 19, 12, 11, 18, 25, 24, 23, 16, 9, 10, 3, 2, 1, 8, 15, 22, 29, 30, 31, 32, 33, 40, 39, 38, 37, 36, 35, 28, 21, 14, 7, 0]
[00:00:00:00:051] ! Unidirectional t-s. expansions: 35, time: 51 [ms], path length: 35 [edges], generated: 59
[00:00:00:00:079] Path of length 35 found: [0, 7, 14, 21, 28, 35, 36, 29, 22, 15, 8, 1, 2, 3, 10, 9, 16, 23, 30, 37, 38, 39, 40, 33, 32, 31, 24, 25, 18, 11, 12, 19, 26, 27, 34, 41]
[00:00:00:00:427] ! Bidirectional. expansions: 35, time: 79 [ms], path length: 35 [edges], g_F: 24, g_B: 11, generated: 0, MM: 13, MMPER: 35.111111111111114%
[00:00:00:00:427] 
---------- SM_Grids/6x7_grid_with_random_blocks_8per_1 ----------
[00:00:00:02:380] Path of length 37 found: [0, 1, 2, 3, 10, 11, 4, 5, 12, 13, 20, 27, 26, 19, 18, 25, 24, 23, 22, 15, 16, 9, 8, 7, 14, 21, 28, 35, 36, 29, 30, 31, 38, 39, 32, 33, 40, 41]
[00:00:00:02:380] ! Unidirectional s-t. expansions: 1,440, time: 2,380 [ms], path length: 37 [edges], generated: 2,393
[00:00:00:01:502] Path of length 37 found: [41, 40, 39, 38, 31, 32, 33, 34, 27, 26, 19, 20, 13, 12, 5, 4, 3, 2, 1, 8, 15, 16, 9, 10, 11, 18, 25, 24, 23, 30, 29, 36, 35, 28, 21, 14, 7, 0]
[00:00:00:01:502] ! Unidirectional t-s. expansions: 841, time: 1,502 [ms], path length: 37 [edges], generated: 1,416
[00:00:00:12:622] Path of length 37 found: [0, 7, 8, 1, 2, 3, 4, 5, 12, 13, 20, 19, 26, 27, 34, 33, 32, 25, 18, 11, 10, 9, 16, 15, 14, 21, 28, 35, 36, 29, 30, 23, 24, 31, 38, 39, 40, 41]
[00:00:00:12:934] ! Bidirectional. expansions: 4,597, time: 12,622 [ms], path length: 37 [edges], g_F: 25, g_B: 12, generated: 0, MM: 13, MMPER: 33.21052631578947%
[00:00:00:12:934] 
---------- SM_Grids/6x7_grid_with_random_blocks_8per_2 ----------
[00:00:00:03:157] Path of length 37 found: [0, 1, 2, 3, 10, 11, 12, 5, 6, 13, 20, 27, 26, 19, 18, 25, 24, 17, 16, 9, 8, 7, 14, 15, 22, 23, 30, 29, 28, 35, 36, 37, 38, 31, 32, 39, 40, 41]
[00:00:00:03:158] ! Unidirectional s-t. expansions: 1,887, time: 3,158 [ms], path length: 37 [edges], generated: 3,143
[00:00:00:01:154] Path of length 37 found: [41, 40, 39, 38, 31, 30, 37, 36, 35, 28, 29, 22, 23, 16, 17, 24, 25, 32, 33, 26, 27, 20, 13, 6, 5, 12, 19, 18, 11, 10, 3, 2, 9, 8, 15, 14, 7, 0]
[00:00:00:01:154] ! Unidirectional t-s. expansions: 632, time: 1,154 [ms], path length: 37 [edges], generated: 1,111
[00:00:00:06:498] Path of length 37 found: [0, 7, 14, 15, 8, 1, 2, 3, 10, 9, 16, 17, 24, 23, 22, 29, 28, 35, 36, 37, 30, 31, 38, 39, 32, 25, 18, 11, 12, 5, 6, 13, 20, 27, 26, 33, 40, 41]
[00:00:00:06:816] ! Bidirectional. expansions: 2,590, time: 6,498 [ms], path length: 37 [edges], g_F: 28, g_B: 9, generated: 0, MM: 19, MMPER: 49.0%
[00:00:00:06:816] 
---------- SM_Grids/6x7_grid_with_random_blocks_8per_3 ----------
[00:00:00:05:694] Path of length 35 found: [0, 1, 2, 9, 10, 11, 4, 5, 12, 19, 20, 27, 26, 25, 24, 31, 30, 29, 22, 23, 16, 15, 8, 7, 14, 21, 28, 35, 36, 37, 38, 39, 32, 33, 40, 41]
[00:00:00:05:694] ! Unidirectional s-t. expansions: 3,477, time: 5,694 [ms], path length: 35 [edges], generated: 6,144
[00:00:00:04:296] Path of length 35 found: [41, 40, 39, 38, 37, 36, 35, 28, 21, 22, 29, 30, 23, 24, 31, 32, 25, 26, 33, 34, 27, 20, 19, 12, 5, 4, 11, 10, 9, 2, 1, 8, 15, 14, 7, 0]
[00:00:00:04:297] ! Unidirectional t-s. expansions: 2,189, time: 4,297 [ms], path length: 35 [edges], generated: 3,911
[00:00:00:26:388] Path of length 35 found: [0, 7, 14, 21, 28, 35, 36, 37, 30, 29, 22, 23, 16, 15, 8, 1, 2, 9, 10, 11, 4, 5, 12, 19, 20, 27, 34, 33, 26, 25, 24, 31, 38, 39, 40, 41]
[00:00:00:26:705] ! Bidirectional. expansions: 9,039, time: 26,388 [ms], path length: 35 [edges], g_F: 29, g_B: 6, generated: 0, MM: 23, MMPER: 62.888888888888886%
[00:00:00:26:706] 
---------- SM_Grids/6x7_grid_with_random_blocks_8per_4 ----------
[00:00:00:01:604] Path of length 37 found: [0, 7, 14, 21, 22, 29, 28, 35, 36, 37, 38, 39, 32, 31, 24, 23, 16, 15, 8, 1, 2, 3, 4, 5, 6, 13, 20, 19, 12, 11, 10, 17, 18, 25, 26, 33, 34, 41]
[00:00:00:01:605] ! Unidirectional s-t. expansions: 924, time: 1,605 [ms], path length: 37 [edges], generated: 1,522
[00:00:00:00:981] Path of length 37 found: [41, 34, 33, 26, 27, 20, 19, 12, 13, 6, 5, 4, 11, 10, 3, 2, 1, 8, 15, 22, 23, 16, 17, 18, 25, 24, 31, 32, 39, 38, 37, 36, 29, 28, 21, 14, 7, 0]
[00:00:00:00:981] ! Unidirectional t-s. expansions: 531, time: 981 [ms], path length: 37 [edges], generated: 909
[00:00:00:06:469] Path of length 37 found: [0, 7, 14, 21, 22, 29, 28, 35, 36, 37, 38, 31, 32, 25, 24, 23, 16, 15, 8, 1, 2, 3, 10, 17, 18, 19, 12, 11, 4, 5, 6, 13, 20, 27, 26, 33, 34, 41]
[00:00:00:06:779] ! Bidirectional. expansions: 2,513, time: 6,469 [ms], path length: 37 [edges], g_F: 12, g_B: 25, generated: 0, MM: 13, MMPER: 33.21052631578947%
[00:00:00:06:779] 
---------- SM_Grids/6x7_grid_with_random_blocks_8per_5 ----------
[00:00:00:03:323] Path of length 37 found: [0, 1, 2, 3, 4, 5, 6, 13, 20, 27, 26, 25, 18, 19, 12, 11, 10, 17, 16, 23, 30, 29, 22, 15, 8, 7, 14, 21, 28, 35, 36, 37, 38, 31, 32, 39, 40, 41]
[00:00:00:03:323] ! Unidirectional s-t. expansions: 2,155, time: 3,323 [ms], path length: 37 [edges], generated: 3,477
[00:00:00:00:564] Path of length 37 found: [41, 40, 33, 26, 27, 20, 19, 12, 13, 6, 5, 4, 11, 10, 3, 2, 1, 8, 15, 22, 23, 16, 17, 18, 25, 32, 39, 38, 31, 30, 37, 36, 29, 28, 21, 14, 7, 0]
[00:00:00:00:564] ! Unidirectional t-s. expansions: 299, time: 564 [ms], path length: 37 [edges], generated: 505
[00:00:00:06:397] Path of length 37 found: [0, 7, 14, 21, 28, 35, 36, 29, 22, 15, 8, 1, 2, 3, 10, 17, 16, 23, 30, 37, 38, 31, 32, 25, 18, 19, 12, 11, 4, 5, 6, 13, 20, 27, 26, 33, 40, 41]
[00:00:00:06:723] ! Bidirectional. expansions: 2,613, time: 6,398 [ms], path length: 37 [edges], g_F: 22, g_B: 15, generated: 0, MM: 7, MMPER: 17.42105263157895%
[00:00:00:06:723] 
---------- SM_Grids/6x7_grid_with_random_blocks_8per_6 ----------
[00:00:00:03:940] Path of length 37 found: [0, 1, 2, 3, 4, 11, 12, 5, 6, 13, 20, 27, 26, 25, 24, 31, 30, 23, 22, 15, 16, 17, 10, 9, 8, 7, 14, 21, 28, 35, 36, 37, 38, 39, 32, 33, 40, 41]
[00:00:00:03:941] ! Unidirectional s-t. expansions: 2,463, time: 3,941 [ms], path length: 37 [edges], generated: 4,071
[00:00:00:01:769] Path of length 37 found: [41, 40, 39, 38, 37, 36, 35, 28, 21, 22, 15, 14, 7, 8, 9, 16, 17, 24, 23, 30, 31, 32, 25, 26, 33, 34, 27, 20, 13, 6, 5, 12, 11, 4, 3, 2, 1, 0]
[00:00:00:01:769] ! Unidirectional t-s. expansions: 991, time: 1,769 [ms], path length: 37 [edges], generated: 1,760
[00:00:00:14:948] Path of length 37 found: [0, 7, 14, 21, 28, 35, 36, 37, 30, 31, 38, 39, 40, 33, 26, 25, 24, 17, 10, 9, 16, 23, 22, 15, 8, 1, 2, 3, 4, 11, 12, 5, 6, 13, 20, 27, 34, 41]
[00:00:00:15:267] ! Bidirectional. expansions: 5,837, time: 14,948 [ms], path length: 37 [edges], g_F: 15, g_B: 22, generated: 0, MM: 7, MMPER: 17.42105263157895%
[00:00:00:15:267] 
---------- SM_Grids/6x7_grid_with_random_blocks_8per_7 ----------
[00:00:00:15:445] Expansion 10,000: state None, f=36, g=21
[00:00:00:30:651] Expansion 20,000: state None, f=36, g=30
[00:00:00:44:837] Path of length 35 found: [0, 1, 2, 3, 10, 9, 16, 23, 30, 29, 22, 15, 8, 7, 14, 21, 28, 35, 36, 37, 38, 39, 32, 31, 24, 17, 18, 11, 12, 13, 20, 19, 26, 33, 34, 41]
[00:00:00:44:837] ! Unidirectional s-t. expansions: 29,169, time: 44,837 [ms], path length: 35 [edges], generated: 50,704
[00:00:00:14:989] Expansion 10,000: state None, f=36, g=26
[00:00:00:29:645] Expansion 20,000: state None, f=36, g=24
[00:00:00:37:376] Path of length 35 found: [41, 34, 33, 32, 39, 38, 31, 30, 37, 36, 35, 28, 29, 22, 21, 14, 15, 16, 17, 24, 25, 26, 27, 20, 13, 12, 19, 18, 11, 10, 3, 2, 9, 8, 1, 0]
[00:00:00:37:376] ! Unidirectional t-s. expansions: 24,925, time: 37,376 [ms], path length: 35 [edges], generated: 43,617
[00:00:01:47:658] Path of length 35 found: [0, 7, 14, 21, 28, 35, 36, 29, 22, 23, 16, 15, 8, 1, 2, 9, 10, 17, 18, 25, 24, 31, 30, 37, 38, 39, 32, 33, 26, 19, 12, 13, 20, 27, 34, 41]
[00:00:01:47:966] ! Bidirectional. expansions: 46,241, time: 107,658 [ms], path length: 35 [edges], g_F: 18, g_B: 17, generated: 0, MM: 1, MMPER: 1.7777777777777777%
[00:00:01:47:966] 
---------- SM_Grids/6x7_grid_with_random_blocks_8per_8 ----------
[00:00:00:14:815] Expansion 10,000: state None, f=36, g=22
[00:00:00:29:828] Expansion 20,000: state None, f=36, g=23
[00:00:00:37:979] Path of length 35 found: [0, 1, 2, 9, 8, 15, 14, 21, 28, 29, 36, 37, 38, 39, 32, 25, 24, 31, 30, 23, 16, 17, 10, 11, 4, 5, 6, 13, 12, 19, 20, 27, 26, 33, 40, 41]
[00:00:00:37:980] ! Unidirectional s-t. expansions: 24,895, time: 37,979 [ms], path length: 35 [edges], generated: 44,627
[00:00:00:17:085] Expansion 10,000: state None, f=37, g=27
[00:00:00:30:296] Expansion 20,000: state None, f=36, g=22
[00:00:00:45:779] Expansion 30,000: state None, f=36, g=4
[00:00:00:46:293] Path of length 35 found: [41, 40, 39, 38, 37, 36, 29, 28, 21, 14, 15, 22, 23, 30, 31, 32, 25, 26, 33, 34, 27, 20, 19, 12, 13, 6, 5, 4, 11, 18, 17, 10, 9, 2, 1, 0]
[00:00:00:46:293] ! Unidirectional t-s. expansions: 30,064, time: 46,293 [ms], path length: 35 [edges], generated: 51,458
[00:00:01:49:204] Expansions: 50,000. F states: 53,345, B states: 43,021. Checks: 237,241)
[00:00:02:01:800] Path of length 35 found: [0, 1, 2, 9, 8, 15, 14, 21, 22, 29, 36, 37, 30, 23, 16, 17, 10, 11, 4, 5, 6, 13, 20, 19, 26, 27, 34, 33, 32, 25, 24, 31, 38, 39, 40, 41]
[00:00:02:02:101] ! Bidirectional. expansions: 54,840, time: 121,800 [ms], path length: 35 [edges], g_F: 19, g_B: 16, generated: 0, MM: 3, MMPER: 7.333333333333334%
[00:00:02:02:101] 
---------- SM_Grids/6x7_grid_with_random_blocks_8per_9 ----------
[00:00:00:00:671] Path of length 37 found: [0, 1, 8, 7, 14, 21, 28, 35, 36, 29, 22, 15, 16, 9, 2, 3, 4, 11, 12, 5, 6, 13, 20, 27, 26, 19, 18, 17, 24, 23, 30, 37, 38, 31, 32, 39, 40, 41]
[00:00:00:00:671] ! Unidirectional s-t. expansions: 314, time: 671 [ms], path length: 37 [edges], generated: 573
[00:00:00:00:090] Path of length 37 found: [41, 40, 39, 32, 31, 38, 37, 30, 23, 24, 17, 18, 11, 12, 19, 26, 27, 20, 13, 6, 5, 4, 3, 2, 1, 8, 9, 16, 15, 22, 29, 36, 35, 28, 21, 14, 7, 0]
[00:00:00:00:090] ! Unidirectional t-s. expansions: 47, time: 90 [ms], path length: 37 [edges], generated: 75
[00:00:00:01:063] Path of length 37 found: [0, 7, 14, 21, 28, 35, 36, 29, 22, 15, 16, 9, 8, 1, 2, 3, 4, 11, 12, 5, 6, 13, 20, 27, 26, 19, 18, 17, 24, 23, 30, 37, 38, 31, 32, 39, 40, 41]
[00:00:00:01:362] ! Bidirectional. expansions: 314, time: 1,063 [ms], path length: 37 [edges], g_F: 35, g_B: 2, generated: 0, MM: 33, MMPER: 85.84210526315789%

[00:00:00:01:362] average expansions: (6,676, 6,055, 12,862, 0)
[00:00:00:01:362] average time: (10,364, 9,408, 30,392, 0)
[00:00:00:01:362] XA*: 6,055 , 9,408 (expansions , time[ms])
[00:00:00:01:362] BiXA*: 12,862 , 30,392 (expansions , time[ms])

