------------------------------------
Thu 01 Oct 2026 15:50:46 IDT
SLURM_JOBID:		21953339
SLURM_JOB_NODELIST:	ise-cpu256-04
SLURM_SCRATCH_DIR:	/scratch/shubit/21953339
Allocated Resouces:	cpu - 2 / mem - 61440 MB / gpu - 
SLURM_GPU_INDEX:	
Running as shubit from shimony account with normal QOS
------------------------------------
Thu 01 Oct 2026 15:50:46 IDT

SLURM_JOBID:		 21953339
SLURM_JOB_NODELIST:	 ise-cpu256-04 

--------------------------
date: SM_Grids
number_of_graphs: 10
graph_type: grid
size_of_graphs: [6, 7]
heuristic: bcc_heuristic
snake: False
run_uni: True
run_bi: True
run_multi: False
solution_vertices: []
algorithms: ['XMM']
lookahead: 2
bsd: False
cube_first_dims: 4
cube_buffer_dim: None
backward_sym_generation: False
sym_coil: False
prefix_set: None

---------- SM_Grids/6x7_grid_with_random_blocks_8per_0 ----------
[00:00:00:00:057] Path of length 35 found: [0, 7, 14, 21, 28, 35, 36, 29, 22, 15, 8, 1, 2, 3, 10, 9, 16, 23, 30, 37, 38, 31, 24, 25, 18, 11, 12, 19, 26, 27, 34, 33, 32, 39, 40, 41]
[00:00:00:00:058] ! Unidirectional s-t. expansions: 18, time: 57 [ms], path length: 35 [edges], generated: 91
[00:00:00:00:053] Path of length 35 found: [41, 34, 27, 26, 19, 12, 11, 18, 25, 24, 23, 16, 9, 10, 3, 2, 1, 8, 15, 22, 29, 30, 31, 32, 33, 40, 39, 38, 37, 36, 35, 28, 21, 14, 7, 0]
[00:00:00:00:053] ! Unidirectional t-s. expansions: 18, time: 53 [ms], path length: 35 [edges], generated: 87
[00:00:00:01:814] Path of length 35 found: [0, 7, 14, 21, 28, 35, 36, 29, 22, 15, 8, 1, 2, 3, 10, 9, 16, 23, 30, 37, 38, 39, 40, 33, 32, 31, 24, 25, 18, 11, 12, 19, 26, 27, 34, 41]
[00:00:00:02:170] ! Bidirectional. expansions: 564, time: 1,814 [ms], path length: 35 [edges], g_F: 17, g_B: 18, generated: 1,070, MM: 1, MMPER: 1.7777777777777777%
[00:00:00:02:170] 
---------- SM_Grids/6x7_grid_with_random_blocks_8per_1 ----------
[00:00:00:02:009] Path of length 37 found: [0, 1, 2, 3, 10, 11, 4, 5, 12, 13, 20, 27, 26, 19, 18, 25, 24, 23, 22, 15, 16, 9, 8, 7, 14, 21, 28, 35, 36, 29, 30, 31, 38, 39, 32, 33, 40, 41]
[00:00:00:02:009] ! Unidirectional s-t. expansions: 694, time: 2,009 [ms], path length: 37 [edges], generated: 3,100
[00:00:00:01:603] Path of length 37 found: [41, 40, 39, 38, 31, 32, 33, 34, 27, 26, 19, 20, 13, 12, 5, 4, 3, 2, 1, 8, 15, 16, 9, 10, 11, 18, 25, 24, 23, 30, 29, 36, 35, 28, 21, 14, 7, 0]
[00:00:00:01:603] ! Unidirectional t-s. expansions: 440, time: 1,603 [ms], path length: 37 [edges], generated: 2,329
[00:00:00:01:421] Path of length 37 found: [0, 7, 14, 21, 28, 35, 36, 29, 22, 15, 8, 1, 2, 3, 10, 9, 16, 23, 30, 31, 38, 39, 40, 33, 32, 25, 26, 19, 18, 11, 4, 5, 12, 13, 20, 27, 34, 41]
[00:00:00:01:760] ! Bidirectional. expansions: 451, time: 1,421 [ms], path length: 37 [edges], g_F: 18, g_B: 19, generated: 796, MM: 1, MMPER: 1.6315789473684212%
[00:00:00:01:760] 
---------- SM_Grids/6x7_grid_with_random_blocks_8per_2 ----------
[00:00:00:02:793] Path of length 37 found: [0, 1, 2, 3, 10, 11, 12, 5, 6, 13, 20, 27, 26, 19, 18, 25, 24, 17, 16, 9, 8, 7, 14, 15, 22, 23, 30, 29, 28, 35, 36, 37, 38, 31, 32, 39, 40, 41]
[00:00:00:02:794] ! Unidirectional s-t. expansions: 977, time: 2,794 [ms], path length: 37 [edges], generated: 4,837
[00:00:00:01:021] Path of length 37 found: [41, 40, 39, 38, 31, 30, 37, 36, 35, 28, 29, 22, 23, 16, 17, 24, 25, 32, 33, 26, 27, 20, 13, 6, 5, 12, 19, 18, 11, 10, 3, 2, 9, 8, 15, 14, 7, 0]
[00:00:00:01:021] ! Unidirectional t-s. expansions: 306, time: 1,021 [ms], path length: 37 [edges], generated: 1,500
[00:00:00:01:172] Path of length 37 found: [0, 7, 14, 15, 8, 1, 2, 3, 10, 9, 16, 17, 24, 25, 18, 11, 12, 5, 6, 13, 20, 27, 26, 33, 32, 31, 30, 23, 22, 29, 28, 35, 36, 37, 38, 39, 40, 41]
[00:00:00:01:511] ! Bidirectional. expansions: 349, time: 1,172 [ms], path length: 37 [edges], g_F: 18, g_B: 19, generated: 648, MM: 1, MMPER: 1.6315789473684212%
[00:00:00:01:511] 
---------- SM_Grids/6x7_grid_with_random_blocks_8per_3 ----------
[00:00:00:04:711] Path of length 35 found: [0, 1, 2, 9, 10, 11, 4, 5, 12, 19, 20, 27, 26, 25, 24, 31, 30, 29, 22, 23, 16, 15, 8, 7, 14, 21, 28, 35, 36, 37, 38, 39, 32, 33, 40, 41]
[00:00:00:04:712] ! Unidirectional s-t. expansions: 1,673, time: 4,711 [ms], path length: 35 [edges], generated: 7,457
[00:00:00:04:040] Path of length 35 found: [41, 40, 39, 38, 37, 36, 35, 28, 21, 22, 29, 30, 23, 24, 31, 32, 25, 26, 33, 34, 27, 20, 19, 12, 5, 4, 11, 10, 9, 2, 1, 8, 15, 14, 7, 0]
[00:00:00:04:041] ! Unidirectional t-s. expansions: 1,157, time: 4,041 [ms], path length: 35 [edges], generated: 5,738
[00:00:00:08:208] Path of length 35 found: [0, 7, 14, 21, 22, 23, 16, 15, 8, 1, 2, 9, 10, 11, 4, 5, 12, 19, 20, 27, 34, 33, 32, 25, 24, 31, 30, 29, 28, 35, 36, 37, 38, 39, 40, 41]
[00:00:00:08:548] ! Bidirectional. expansions: 2,325, time: 8,208 [ms], path length: 35 [edges], g_F: 18, g_B: 17, generated: 4,399, MM: 1, MMPER: 1.7777777777777777%
[00:00:00:08:548] 
---------- SM_Grids/6x7_grid_with_random_blocks_8per_4 ----------
[00:00:00:01:384] Path of length 37 found: [0, 7, 14, 21, 22, 29, 28, 35, 36, 37, 38, 39, 32, 31, 24, 23, 16, 15, 8, 1, 2, 3, 4, 5, 6, 13, 20, 19, 12, 11, 10, 17, 18, 25, 26, 33, 34, 41]
[00:00:00:01:385] ! Unidirectional s-t. expansions: 477, time: 1,384 [ms], path length: 37 [edges], generated: 1,920
[00:00:00:00:894] Path of length 37 found: [41, 34, 33, 26, 27, 20, 19, 12, 13, 6, 5, 4, 11, 10, 3, 2, 1, 8, 15, 22, 23, 16, 17, 18, 25, 24, 31, 32, 39, 38, 37, 36, 29, 28, 21, 14, 7, 0]
[00:00:00:00:894] ! Unidirectional t-s. expansions: 258, time: 894 [ms], path length: 37 [edges], generated: 1,280
[00:00:00:01:000] Path of length 37 found: [0, 7, 14, 21, 22, 29, 28, 35, 36, 37, 38, 39, 32, 31, 24, 23, 16, 15, 8, 1, 2, 3, 10, 17, 18, 19, 12, 11, 4, 5, 6, 13, 20, 27, 26, 33, 34, 41]
[00:00:00:01:381] ! Bidirectional. expansions: 327, time: 1,000 [ms], path length: 37 [edges], g_F: 18, g_B: 19, generated: 595, MM: 1, MMPER: 1.6315789473684212%
[00:00:00:01:381] 
---------- SM_Grids/6x7_grid_with_random_blocks_8per_5 ----------
[00:00:00:02:877] Path of length 37 found: [0, 1, 2, 3, 4, 5, 6, 13, 20, 27, 26, 25, 18, 19, 12, 11, 10, 17, 16, 23, 30, 29, 22, 15, 8, 7, 14, 21, 28, 35, 36, 37, 38, 31, 32, 39, 40, 41]
[00:00:00:02:877] ! Unidirectional s-t. expansions: 1,119, time: 2,877 [ms], path length: 37 [edges], generated: 5,277
[00:00:00:00:405] Path of length 37 found: [41, 40, 33, 26, 27, 20, 19, 12, 13, 6, 5, 4, 11, 10, 3, 2, 1, 8, 15, 22, 23, 16, 17, 18, 25, 32, 39, 38, 31, 30, 37, 36, 29, 28, 21, 14, 7, 0]
[00:00:00:00:405] ! Unidirectional t-s. expansions: 143, time: 405 [ms], path length: 37 [edges], generated: 573
[00:00:00:00:656] Path of length 37 found: [0, 7, 14, 21, 28, 35, 36, 29, 22, 15, 8, 1, 2, 3, 10, 17, 16, 23, 30, 31, 38, 39, 32, 25, 18, 19, 12, 11, 4, 5, 6, 13, 20, 27, 26, 33, 40, 41]
[00:00:00:01:004] ! Bidirectional. expansions: 192, time: 656 [ms], path length: 37 [edges], g_F: 18, g_B: 19, generated: 339, MM: 1, MMPER: 1.6315789473684212%
[00:00:00:01:005] 
---------- SM_Grids/6x7_grid_with_random_blocks_8per_6 ----------
[00:00:00:03:074] Path of length 37 found: [0, 1, 2, 3, 4, 11, 12, 5, 6, 13, 20, 27, 26, 25, 24, 31, 30, 23, 22, 15, 16, 17, 10, 9, 8, 7, 14, 21, 28, 35, 36, 37, 38, 39, 32, 33, 40, 41]
[00:00:00:03:075] ! Unidirectional s-t. expansions: 1,165, time: 3,074 [ms], path length: 37 [edges], generated: 4,861
[00:00:00:01:845] Path of length 37 found: [41, 40, 39, 38, 37, 36, 35, 28, 21, 22, 15, 14, 7, 8, 9, 16, 17, 24, 23, 30, 31, 32, 25, 26, 33, 34, 27, 20, 13, 6, 5, 12, 11, 4, 3, 2, 1, 0]
[00:00:00:01:845] ! Unidirectional t-s. expansions: 536, time: 1,845 [ms], path length: 37 [edges], generated: 2,875
[00:00:00:01:431] Path of length 37 found: [0, 7, 14, 21, 28, 35, 36, 37, 30, 23, 22, 15, 8, 1, 2, 9, 16, 17, 10, 3, 4, 11, 12, 5, 6, 13, 20, 27, 26, 25, 32, 31, 38, 39, 40, 33, 34, 41]
[00:00:00:01:763] ! Bidirectional. expansions: 405, time: 1,431 [ms], path length: 37 [edges], g_F: 18, g_B: 19, generated: 772, MM: 1, MMPER: 1.6315789473684212%
[00:00:00:01:763] 
---------- SM_Grids/6x7_grid_with_random_blocks_8per_7 ----------
[00:00:00:26:737] Expansion 10,000: state None, f=36, g=24
[00:00:00:41:681] Path of length 35 found: [0, 1, 2, 3, 10, 9, 16, 23, 30, 29, 22, 15, 8, 7, 14, 21, 28, 35, 36, 37, 38, 39, 32, 31, 24, 17, 18, 11, 12, 13, 20, 19, 26, 33, 34, 41]
[00:00:00:41:681] ! Unidirectional s-t. expansions: 15,315, time: 41,681 [ms], path length: 35 [edges], generated: 79,975
[00:00:00:24:561] Expansion 10,000: state None, f=36, g=22
[00:00:00:29:598] Path of length 35 found: [41, 34, 33, 32, 39, 38, 31, 30, 37, 36, 35, 28, 29, 22, 21, 14, 15, 16, 17, 24, 25, 26, 27, 20, 13, 12, 19, 18, 11, 10, 3, 2, 9, 8, 1, 0]
[00:00:00:29:600] ! Unidirectional t-s. expansions: 11,860, time: 29,600 [ms], path length: 35 [edges], generated: 51,876
[00:00:00:19:288] Path of length 35 found: [0, 7, 14, 21, 28, 35, 36, 29, 22, 15, 8, 1, 2, 3, 10, 9, 16, 17, 18, 25, 24, 31, 30, 37, 38, 39, 32, 33, 26, 19, 12, 13, 20, 27, 34, 41]
[00:00:00:19:627] ! Bidirectional. expansions: 5,048, time: 19,288 [ms], path length: 35 [edges], g_F: 17, g_B: 18, generated: 10,296, MM: 1, MMPER: 1.7777777777777777%
[00:00:00:19:627] 
---------- SM_Grids/6x7_grid_with_random_blocks_8per_8 ----------
[00:00:00:25:846] Expansion 10,000: state None, f=36, g=24
[00:00:00:31:288] Path of length 35 found: [0, 1, 2, 9, 8, 15, 14, 21, 28, 29, 36, 37, 38, 39, 32, 25, 24, 31, 30, 23, 16, 17, 10, 11, 4, 5, 6, 13, 12, 19, 20, 27, 26, 33, 40, 41]
[00:00:00:31:288] ! Unidirectional s-t. expansions: 11,929, time: 31,288 [ms], path length: 35 [edges], generated: 54,964
[00:00:00:27:079] Expansion 10,000: state None, f=36, g=28
[00:00:00:42:504] Path of length 35 found: [41, 40, 39, 38, 37, 36, 29, 28, 21, 14, 15, 22, 23, 30, 31, 32, 25, 26, 33, 34, 27, 20, 19, 12, 13, 6, 5, 4, 11, 18, 17, 10, 9, 2, 1, 0]
[00:00:00:42:504] ! Unidirectional t-s. expansions: 15,530, time: 42,504 [ms], path length: 35 [edges], generated: 75,483
[00:00:00:42:248] Path of length 35 found: [0, 1, 2, 9, 8, 15, 14, 21, 28, 29, 22, 23, 16, 17, 10, 11, 4, 5, 6, 13, 20, 19, 18, 25, 32, 31, 30, 37, 38, 39, 40, 33, 26, 27, 34, 41]
[00:00:00:42:562] ! Bidirectional. expansions: 11,344, time: 42,248 [ms], path length: 35 [edges], g_F: 16, g_B: 19, generated: 22,885, MM: 3, MMPER: 7.333333333333334%
[00:00:00:42:562] 
---------- SM_Grids/6x7_grid_with_random_blocks_8per_9 ----------
[00:00:00:00:622] Path of length 37 found: [0, 1, 8, 7, 14, 21, 28, 35, 36, 29, 22, 15, 16, 9, 2, 3, 4, 11, 12, 5, 6, 13, 20, 27, 26, 19, 18, 17, 24, 23, 30, 37, 38, 31, 32, 39, 40, 41]
[00:00:00:00:622] ! Unidirectional s-t. expansions: 152, time: 622 [ms], path length: 37 [edges], generated: 873
[00:00:00:00:085] Path of length 37 found: [41, 40, 39, 32, 31, 38, 37, 30, 23, 24, 17, 18, 11, 12, 19, 26, 27, 20, 13, 6, 5, 4, 3, 2, 1, 8, 9, 16, 15, 22, 29, 36, 35, 28, 21, 14, 7, 0]
[00:00:00:00:086] ! Unidirectional t-s. expansions: 24, time: 85 [ms], path length: 37 [edges], generated: 113
[00:00:00:00:989] Path of length 37 found: [0, 7, 14, 21, 28, 35, 36, 29, 22, 15, 16, 9, 8, 1, 2, 3, 4, 5, 6, 13, 20, 27, 26, 19, 12, 11, 18, 17, 24, 23, 30, 37, 38, 31, 32, 39, 40, 41]
[00:00:00:01:330] ! Bidirectional. expansions: 299, time: 989 [ms], path length: 37 [edges], g_F: 19, g_B: 18, generated: 552, MM: 1, MMPER: 1.6315789473684212%

[00:00:00:01:330] average expansions: (3,352, 3,027, 2,130, 0)
[00:00:00:01:330] average time: (9,050, 8,205, 7,823, 0)
[00:00:00:01:330] XA*: 3,027 , 8,205 (expansions , time[ms])
[00:00:00:01:331] XMM: 2,130 , 7,823 (expansions , time[ms])

