------------------------------------
Thu 01 Oct 2026 12:13:38 IDT
SLURM_JOBID:		21944040
SLURM_JOB_NODELIST:	ise-cpu256-28
SLURM_SCRATCH_DIR:	/scratch/shubit/21944040
Allocated Resouces:	cpu - 2 / mem - 61440 MB / gpu - 
SLURM_GPU_INDEX:	
Running as shubit from shimony account with normal QOS
------------------------------------
Thu 01 Oct 2026 12:13:38 IDT

SLURM_JOBID:		 21944040
SLURM_JOB_NODELIST:	 ise-cpu256-28 

--------------------------
date: SM_Grids
number_of_graphs: 10
graph_type: grid
size_of_graphs: [6, 7]
heuristic: bcc_heuristic
snake: False
run_uni: True
run_bi: True
run_multi: False
solution_vertices: []
algorithms: ['IDA']
lookahead: -2
bsd: False
cube_first_dims: 4
cube_buffer_dim: None
backward_sym_generation: False
sym_coil: False
prefix_set: None

---------- SM_Grids/6x7_grid_with_random_blocks_12per_0 ----------
[00:00:00:00:049] Path of length 35 found: [0, 1, 8, 7, 14, 21, 28, 29, 36, 37, 30, 23, 22, 15, 16, 9, 10, 3, 4, 5, 12, 11, 18, 17, 24, 31, 38, 39, 32, 25, 26, 27, 34, 33, 40, 41]
[00:00:00:00:049] ! Unidirectional s-t. expansions: 34, time: 49 [ms], path length: 35 [edges], generated: 57
[00:00:00:00:046] Path of length 35 found: [41, 34, 27, 26, 25, 18, 11, 12, 5, 4, 3, 10, 9, 16, 17, 24, 23, 30, 31, 32, 33, 40, 39, 38, 37, 36, 29, 28, 21, 22, 15, 14, 7, 8, 1, 0]
[00:00:00:00:046] ! Unidirectional t-s. expansions: 35, time: 46 [ms], path length: 35 [edges], generated: 60
[00:00:00:00:046] Path of length 35 found: [0, 1, 8, 7, 14, 21, 28, 29, 36, 37, 30, 23, 22, 15, 16, 9, 10, 3, 4, 5, 12, 11, 18, 17, 24, 31, 38, 39, 40, 33, 32, 25, 26, 27, 34, 41]
[00:00:00:00:476] ! Bidirectional. expansions: 34, time: 46 [ms], path length: 35 [edges], g_F: 31, g_B: 4, generated: 0, MM: 27, MMPER: 74.0%
[00:00:00:00:477] 
---------- SM_Grids/6x7_grid_with_random_blocks_12per_1 ----------
[00:00:00:02:099] Path of length 31 found: [0, 7, 14, 21, 28, 35, 36, 29, 22, 15, 8, 1, 2, 9, 10, 17, 16, 23, 30, 37, 38, 39, 32, 33, 26, 19, 12, 13, 20, 27, 34, 41]
[00:00:00:02:100] ! Unidirectional s-t. expansions: 1,251, time: 2,099 [ms], path length: 31 [edges], generated: 2,158
[00:00:00:00:379] Path of length 31 found: [41, 34, 27, 20, 13, 12, 19, 26, 33, 32, 39, 38, 37, 30, 23, 24, 17, 10, 9, 2, 1, 8, 15, 22, 29, 36, 35, 28, 21, 14, 7, 0]
[00:00:00:00:380] ! Unidirectional t-s. expansions: 232, time: 379 [ms], path length: 31 [edges], generated: 439
[00:00:00:03:165] Path of length 31 found: [0, 7, 14, 21, 28, 35, 36, 29, 22, 15, 8, 1, 2, 9, 10, 17, 16, 23, 30, 37, 38, 39, 32, 33, 26, 19, 12, 13, 20, 27, 34, 41]
[00:00:00:03:529] ! Bidirectional. expansions: 1,682, time: 3,165 [ms], path length: 31 [edges], g_F: 17, g_B: 14, generated: 0, MM: 3, MMPER: 8.375%
[00:00:00:03:529] 
---------- SM_Grids/6x7_grid_with_random_blocks_12per_2 ----------
[00:00:00:03:117] Path of length 33 found: [0, 7, 14, 21, 28, 35, 36, 37, 30, 29, 22, 15, 8, 1, 2, 3, 10, 9, 16, 23, 24, 31, 32, 25, 18, 11, 12, 13, 20, 19, 26, 27, 34, 41]
[00:00:00:03:117] ! Unidirectional s-t. expansions: 2,153, time: 3,117 [ms], path length: 33 [edges], generated: 3,831
[00:00:00:00:381] Path of length 33 found: [41, 40, 39, 32, 25, 18, 19, 26, 27, 20, 13, 12, 11, 10, 3, 2, 9, 16, 23, 24, 31, 30, 37, 36, 35, 28, 29, 22, 21, 14, 15, 8, 1, 0]
[00:00:00:00:382] ! Unidirectional t-s. expansions: 332, time: 381 [ms], path length: 33 [edges], generated: 573
[00:00:00:00:822] Path of length 33 found: [0, 7, 14, 21, 28, 35, 36, 37, 30, 29, 22, 23, 16, 9, 8, 1, 2, 3, 10, 11, 18, 19, 12, 13, 20, 27, 26, 25, 24, 31, 32, 39, 40, 41]
[00:00:00:01:200] ! Bidirectional. expansions: 523, time: 823 [ms], path length: 33 [edges], g_F: 14, g_B: 19, generated: 0, MM: 5, MMPER: 13.705882352941176%
[00:00:00:01:200] 
---------- SM_Grids/6x7_grid_with_random_blocks_12per_3 ----------
[00:00:00:00:611] Path of length 33 found: [0, 1, 2, 9, 16, 15, 22, 21, 28, 35, 36, 29, 30, 23, 24, 17, 10, 3, 4, 5, 6, 13, 12, 11, 18, 19, 26, 27, 34, 33, 32, 39, 40, 41]
[00:00:00:00:611] ! Unidirectional s-t. expansions: 363, time: 611 [ms], path length: 33 [edges], generated: 639
[00:00:00:00:622] Path of length 33 found: [41, 34, 27, 26, 33, 40, 39, 32, 31, 24, 23, 30, 37, 36, 35, 28, 21, 22, 15, 16, 9, 10, 17, 18, 19, 12, 13, 6, 5, 4, 3, 2, 1, 0]
[00:00:00:00:622] ! Unidirectional t-s. expansions: 441, time: 622 [ms], path length: 33 [edges], generated: 769
[00:00:00:00:905] Path of length 33 found: [0, 1, 2, 9, 10, 3, 4, 5, 6, 13, 12, 11, 18, 17, 24, 23, 16, 15, 22, 21, 28, 35, 36, 29, 30, 31, 32, 39, 40, 33, 26, 27, 34, 41]
[00:00:00:01:336] ! Bidirectional. expansions: 623, time: 905 [ms], path length: 33 [edges], g_F: 24, g_B: 9, generated: 0, MM: 15, MMPER: 43.11764705882353%
[00:00:00:01:336] 
---------- SM_Grids/6x7_grid_with_random_blocks_12per_4 ----------
[00:00:00:00:326] Path of length 33 found: [0, 7, 14, 21, 28, 35, 36, 37, 38, 31, 24, 23, 16, 15, 8, 1, 2, 9, 10, 3, 4, 11, 18, 25, 32, 39, 40, 33, 26, 19, 20, 27, 34, 41]
[00:00:00:00:327] ! Unidirectional s-t. expansions: 234, time: 326 [ms], path length: 33 [edges], generated: 369
[00:00:00:00:375] Path of length 33 found: [41, 34, 27, 20, 19, 18, 11, 4, 3, 10, 9, 2, 1, 8, 15, 16, 23, 24, 31, 32, 25, 26, 33, 40, 39, 38, 37, 36, 29, 28, 21, 14, 7, 0]
[00:00:00:00:376] ! Unidirectional t-s. expansions: 246, time: 375 [ms], path length: 33 [edges], generated: 399
[00:00:00:00:547] Path of length 33 found: [0, 7, 14, 21, 28, 35, 36, 37, 38, 31, 24, 23, 16, 15, 8, 1, 2, 9, 10, 3, 4, 11, 18, 25, 32, 39, 40, 33, 26, 19, 20, 27, 34, 41]
[00:00:00:00:927] ! Bidirectional. expansions: 316, time: 547 [ms], path length: 33 [edges], g_F: 33, g_B: 0, generated: 0, MM: 33, MMPER: 96.05882352941177%
[00:00:00:00:927] 
---------- SM_Grids/6x7_grid_with_random_blocks_12per_5 ----------
[00:00:00:00:059] Path of length 35 found: [0, 1, 8, 15, 14, 21, 22, 29, 28, 35, 36, 37, 38, 31, 24, 23, 16, 9, 2, 3, 10, 11, 18, 25, 32, 39, 40, 33, 26, 19, 12, 13, 20, 27, 34, 41]
[00:00:00:00:059] ! Unidirectional s-t. expansions: 37, time: 59 [ms], path length: 35 [edges], generated: 59
[00:00:00:00:050] Path of length 35 found: [41, 34, 27, 20, 13, 12, 11, 10, 3, 2, 9, 16, 23, 24, 31, 32, 25, 18, 19, 26, 33, 40, 39, 38, 37, 36, 35, 28, 29, 22, 21, 14, 15, 8, 1, 0]
[00:00:00:00:050] ! Unidirectional t-s. expansions: 34, time: 50 [ms], path length: 35 [edges], generated: 54
[00:00:00:00:054] Path of length 35 found: [0, 1, 8, 15, 14, 21, 22, 29, 28, 35, 36, 37, 38, 39, 40, 33, 26, 19, 18, 25, 32, 31, 24, 23, 16, 9, 2, 3, 10, 11, 12, 13, 20, 27, 34, 41]
[00:00:00:00:419] ! Bidirectional. expansions: 34, time: 54 [ms], path length: 35 [edges], g_F: 20, g_B: 15, generated: 0, MM: 5, MMPER: 12.88888888888889%
[00:00:00:00:420] 
---------- SM_Grids/6x7_grid_with_random_blocks_12per_6 ----------
[00:00:00:00:244] Path of length 29 found: [0, 7, 8, 15, 22, 23, 24, 17, 10, 9, 2, 3, 4, 11, 12, 5, 6, 13, 20, 19, 26, 25, 32, 31, 38, 39, 40, 33, 34, 41]
[00:00:00:00:244] ! Unidirectional s-t. expansions: 127, time: 244 [ms], path length: 29 [edges], generated: 220
[00:00:00:01:336] Path of length 29 found: [41, 34, 27, 20, 13, 6, 5, 4, 3, 2, 9, 10, 11, 12, 19, 26, 25, 32, 33, 40, 39, 38, 31, 24, 23, 22, 15, 8, 1, 0]
[00:00:00:01:337] ! Unidirectional t-s. expansions: 792, time: 1,337 [ms], path length: 29 [edges], generated: 1,344
[00:00:00:01:026] Path of length 29 found: [0, 7, 8, 15, 22, 23, 24, 31, 38, 39, 40, 33, 32, 25, 26, 19, 12, 11, 10, 9, 2, 3, 4, 5, 6, 13, 20, 27, 34, 41]
[00:00:00:01:376] ! Bidirectional. expansions: 573, time: 1,026 [ms], path length: 29 [edges], g_F: 12, g_B: 17, generated: 0, MM: 5, MMPER: 15.666666666666668%
[00:00:00:01:376] 
---------- SM_Grids/6x7_grid_with_random_blocks_12per_7 ----------
[00:00:00:02:102] Path of length 33 found: [0, 1, 8, 7, 14, 21, 28, 35, 36, 29, 22, 15, 16, 9, 10, 3, 4, 11, 12, 5, 6, 13, 20, 27, 26, 25, 24, 31, 38, 39, 32, 33, 34, 41]
[00:00:00:02:103] ! Unidirectional s-t. expansions: 1,442, time: 2,103 [ms], path length: 33 [edges], generated: 2,407
[00:00:00:01:319] Path of length 33 found: [41, 34, 27, 20, 13, 6, 5, 12, 11, 4, 3, 10, 9, 16, 23, 24, 25, 26, 33, 32, 31, 38, 37, 36, 35, 28, 29, 22, 21, 14, 15, 8, 1, 0]
[00:00:00:01:319] ! Unidirectional t-s. expansions: 952, time: 1,319 [ms], path length: 33 [edges], generated: 1,601
[00:00:00:02:755] Path of length 33 found: [0, 1, 8, 7, 14, 15, 16, 9, 10, 3, 4, 5, 6, 13, 12, 11, 18, 25, 24, 23, 22, 21, 28, 35, 36, 37, 38, 31, 32, 33, 26, 27, 34, 41]
[00:00:00:03:080] ! Bidirectional. expansions: 2,058, time: 2,755 [ms], path length: 33 [edges], g_F: 28, g_B: 5, generated: 0, MM: 23, MMPER: 66.6470588235294%
[00:00:00:03:080] 
---------- SM_Grids/6x7_grid_with_random_blocks_12per_8 ----------
[00:00:00:00:173] Path of length 33 found: [0, 7, 8, 15, 14, 21, 22, 29, 36, 37, 30, 23, 16, 17, 10, 3, 4, 5, 6, 13, 12, 19, 18, 25, 24, 31, 38, 39, 32, 33, 26, 27, 34, 41]
[00:00:00:00:173] ! Unidirectional s-t. expansions: 129, time: 173 [ms], path length: 33 [edges], generated: 220
[00:00:00:00:271] Path of length 33 found: [41, 34, 27, 20, 13, 6, 5, 4, 3, 10, 17, 16, 23, 30, 31, 24, 25, 18, 19, 26, 33, 32, 39, 38, 37, 36, 29, 22, 21, 14, 15, 8, 7, 0]
[00:00:00:00:271] ! Unidirectional t-s. expansions: 187, time: 271 [ms], path length: 33 [edges], generated: 334
[00:00:00:00:280] Path of length 33 found: [0, 7, 8, 15, 14, 21, 22, 29, 36, 37, 30, 31, 38, 39, 32, 33, 26, 19, 18, 25, 24, 23, 16, 17, 10, 3, 4, 5, 6, 13, 20, 27, 34, 41]
[00:00:00:00:588] ! Bidirectional. expansions: 184, time: 280 [ms], path length: 33 [edges], g_F: 23, g_B: 10, generated: 0, MM: 13, MMPER: 37.23529411764706%
[00:00:00:00:588] 
---------- SM_Grids/6x7_grid_with_random_blocks_12per_9 ----------
[00:00:00:00:448] Path of length 33 found: [0, 7, 14, 21, 28, 29, 22, 15, 16, 9, 2, 3, 10, 17, 24, 31, 30, 37, 38, 39, 32, 25, 18, 11, 4, 5, 12, 13, 20, 27, 34, 33, 40, 41]
[00:00:00:00:449] ! Unidirectional s-t. expansions: 296, time: 449 [ms], path length: 33 [edges], generated: 507
[00:00:00:01:138] Path of length 33 found: [41, 34, 27, 20, 13, 6, 5, 12, 11, 4, 3, 2, 9, 10, 17, 18, 25, 24, 31, 32, 33, 40, 39, 38, 37, 30, 29, 28, 21, 22, 15, 14, 7, 0]
[00:00:00:01:138] ! Unidirectional t-s. expansions: 901, time: 1,138 [ms], path length: 33 [edges], generated: 1,521
[00:00:00:00:394] Path of length 33 found: [0, 7, 14, 15, 22, 21, 28, 29, 30, 37, 38, 39, 32, 31, 24, 25, 18, 17, 16, 9, 2, 3, 10, 11, 12, 5, 6, 13, 20, 27, 34, 33, 40, 41]
[00:00:00:00:714] ! Bidirectional. expansions: 294, time: 394 [ms], path length: 33 [edges], g_F: 23, g_B: 10, generated: 0, MM: 13, MMPER: 37.23529411764706%

[00:00:00:00:714] average expansions: (607, 415, 632, 0)
[00:00:00:00:715] average time: (923, 592, 1,000, 0)
[00:00:00:00:715] XIDA: 415 , 592 (expansions , time[ms])
[00:00:00:00:715] BiXIDA: 632 , 1,000 (expansions , time[ms])

