------------------------------------
Thu 01 Oct 2026 13:44:37 IDT
SLURM_JOBID:		21947692
SLURM_JOB_NODELIST:	ise-cpu256-01
SLURM_SCRATCH_DIR:	/scratch/shubit/21947692
Allocated Resouces:	cpu - 2 / mem - 61440 MB / gpu - 
SLURM_GPU_INDEX:	
Running as shubit from shimony account with normal QOS
------------------------------------
Thu 01 Oct 2026 13:44:37 IDT

SLURM_JOBID:		 21947692
SLURM_JOB_NODELIST:	 ise-cpu256-01 

--------------------------
date: SM_Grids
number_of_graphs: 10
graph_type: grid
size_of_graphs: [6, 7]
heuristic: bcc_heuristic
snake: False
run_uni: True
run_bi: True
run_multi: False
solution_vertices: []
algorithms: ['DFBnB']
lookahead: -1
bsd: False
cube_first_dims: 4
cube_buffer_dim: None
backward_sym_generation: False
sym_coil: False
prefix_set: None

---------- SM_Grids/6x7_grid_with_random_blocks_8per_0 ----------
[00:00:00:00:041] Path of length 35 found: [0, 7, 14, 21, 28, 35, 36, 29, 22, 15, 8, 1, 2, 3, 10, 9, 16, 23, 30, 37, 38, 31, 24, 25, 18, 11, 12, 19, 26, 27, 34, 33, 32, 39, 40, 41]
[00:00:00:00:041] ! Unidirectional s-t. expansions: 35, time: 41 [ms], path length: 35 [edges], generated: 59
[00:00:00:00:040] Path of length 35 found: [41, 34, 27, 26, 19, 12, 11, 18, 25, 24, 23, 16, 9, 10, 3, 2, 1, 8, 15, 22, 29, 30, 31, 32, 33, 40, 39, 38, 37, 36, 35, 28, 21, 14, 7, 0]
[00:00:00:00:040] ! Unidirectional t-s. expansions: 35, time: 40 [ms], path length: 35 [edges], generated: 59
[00:00:00:00:039] Path of length 35 found: [0, 7, 14, 21, 28, 35, 36, 29, 22, 15, 8, 1, 2, 3, 10, 9, 16, 23, 30, 37, 38, 39, 40, 33, 32, 31, 24, 25, 18, 11, 12, 19, 26, 27, 34, 41]
[00:00:00:00:381] ! Bidirectional. expansions: 34, time: 40 [ms], path length: 35 [edges], g_F: 18, g_B: 17, generated: 0, MM: 1, MMPER: 1.7777777777777777%
[00:00:00:00:381] 
---------- SM_Grids/6x7_grid_with_random_blocks_8per_1 ----------
[00:00:00:01:731] Path of length 37 found: [0, 7, 14, 21, 28, 35, 36, 29, 22, 15, 8, 1, 2, 9, 16, 23, 30, 31, 24, 25, 18, 11, 10, 3, 4, 5, 12, 13, 20, 19, 26, 27, 34, 33, 32, 39, 40, 41]
[00:00:00:01:731] ! Unidirectional s-t. expansions: 1,458, time: 1,731 [ms], path length: 37 [edges], generated: 2,422
[00:00:00:01:095] Path of length 37 found: [41, 34, 27, 20, 13, 12, 5, 4, 3, 2, 1, 8, 15, 22, 23, 16, 9, 10, 11, 18, 19, 26, 25, 32, 33, 40, 39, 38, 31, 30, 29, 36, 35, 28, 21, 14, 7, 0]
[00:00:00:01:095] ! Unidirectional t-s. expansions: 849, time: 1,095 [ms], path length: 37 [edges], generated: 1,427
[00:00:00:04:207] Path of length 37 found: [0, 7, 14, 21, 28, 35, 36, 29, 22, 15, 16, 23, 30, 31, 24, 25, 32, 39, 40, 33, 26, 19, 18, 11, 10, 9, 8, 1, 2, 3, 4, 5, 12, 13, 20, 27, 34, 41]
[00:00:00:04:505] ! Bidirectional. expansions: 3,421, time: 4,207 [ms], path length: 37 [edges], g_F: 19, g_B: 18, generated: 0, MM: 1, MMPER: 1.6315789473684212%
[00:00:00:04:505] 
---------- SM_Grids/6x7_grid_with_random_blocks_8per_2 ----------
[00:00:00:02:046] Path of length 37 found: [0, 7, 14, 15, 8, 1, 2, 3, 10, 9, 16, 23, 22, 29, 28, 35, 36, 37, 30, 31, 38, 39, 32, 25, 24, 17, 18, 11, 12, 5, 6, 13, 20, 19, 26, 33, 40, 41]
[00:00:00:02:046] ! Unidirectional s-t. expansions: 1,889, time: 2,046 [ms], path length: 37 [edges], generated: 3,145
[00:00:00:00:838] Path of length 37 found: [41, 40, 33, 26, 27, 20, 13, 6, 5, 12, 19, 18, 11, 10, 3, 2, 1, 8, 9, 16, 17, 24, 25, 32, 39, 38, 31, 30, 37, 36, 35, 28, 29, 22, 15, 14, 7, 0]
[00:00:00:00:839] ! Unidirectional t-s. expansions: 638, time: 838 [ms], path length: 37 [edges], generated: 1,119
[00:00:00:02:224] Path of length 37 found: [0, 7, 14, 15, 8, 1, 2, 3, 10, 9, 16, 23, 22, 29, 28, 35, 36, 37, 30, 31, 38, 39, 32, 25, 24, 17, 18, 11, 12, 5, 6, 13, 20, 27, 26, 33, 40, 41]
[00:00:00:02:524] ! Bidirectional. expansions: 1,963, time: 2,225 [ms], path length: 37 [edges], g_F: 19, g_B: 18, generated: 0, MM: 1, MMPER: 1.6315789473684212%
[00:00:00:02:524] 
---------- SM_Grids/6x7_grid_with_random_blocks_8per_3 ----------
[00:00:00:04:000] Path of length 35 found: [0, 7, 14, 21, 28, 35, 36, 29, 22, 15, 8, 1, 2, 9, 16, 23, 30, 37, 38, 31, 24, 25, 18, 11, 4, 5, 12, 19, 20, 27, 26, 33, 32, 39, 40, 41]
[00:00:00:04:000] ! Unidirectional s-t. expansions: 3,620, time: 4,000 [ms], path length: 35 [edges], generated: 6,383
[00:00:00:03:363] Path of length 35 found: [41, 34, 27, 20, 19, 12, 5, 4, 11, 10, 9, 2, 1, 8, 15, 16, 23, 22, 29, 30, 31, 24, 25, 26, 33, 32, 39, 38, 37, 36, 35, 28, 21, 14, 7, 0]
[00:00:00:03:363] ! Unidirectional t-s. expansions: 2,485, time: 3,363 [ms], path length: 35 [edges], generated: 4,421
[00:00:00:05:952] Path of length 35 found: [0, 7, 14, 21, 28, 35, 36, 29, 22, 15, 8, 1, 2, 9, 16, 23, 30, 37, 38, 31, 32, 39, 40, 33, 26, 25, 18, 11, 4, 5, 12, 19, 20, 27, 34, 41]
[00:00:00:06:254] ! Bidirectional. expansions: 4,549, time: 5,953 [ms], path length: 35 [edges], g_F: 18, g_B: 17, generated: 0, MM: 1, MMPER: 1.7777777777777777%
[00:00:00:06:254] 
---------- SM_Grids/6x7_grid_with_random_blocks_8per_4 ----------
[00:00:00:01:187] Path of length 37 found: [0, 7, 14, 21, 28, 35, 36, 29, 22, 15, 8, 1, 2, 3, 10, 17, 16, 23, 24, 31, 38, 39, 32, 25, 18, 11, 4, 5, 6, 13, 12, 19, 20, 27, 26, 33, 34, 41]
[00:00:00:01:187] ! Unidirectional s-t. expansions: 952, time: 1,187 [ms], path length: 37 [edges], generated: 1,566
[00:00:00:00:843] Path of length 37 found: [41, 34, 27, 20, 13, 6, 5, 4, 3, 2, 1, 8, 15, 16, 23, 24, 17, 10, 11, 12, 19, 18, 25, 26, 33, 32, 31, 38, 37, 36, 35, 28, 29, 22, 21, 14, 7, 0]
[00:00:00:00:843] ! Unidirectional t-s. expansions: 681, time: 843 [ms], path length: 37 [edges], generated: 1,147
[00:00:00:01:703] Path of length 37 found: [0, 7, 14, 21, 28, 35, 36, 29, 22, 23, 24, 31, 38, 39, 32, 33, 26, 25, 18, 19, 12, 11, 10, 17, 16, 15, 8, 1, 2, 3, 4, 5, 6, 13, 20, 27, 34, 41]
[00:00:00:02:008] ! Bidirectional. expansions: 1,332, time: 1,703 [ms], path length: 37 [edges], g_F: 19, g_B: 18, generated: 0, MM: 1, MMPER: 1.6315789473684212%
[00:00:00:02:009] 
---------- SM_Grids/6x7_grid_with_random_blocks_8per_5 ----------
[00:00:00:02:247] Path of length 37 found: [0, 7, 14, 21, 28, 35, 36, 29, 22, 15, 8, 1, 2, 3, 10, 17, 16, 23, 30, 37, 38, 31, 32, 25, 18, 11, 4, 5, 6, 13, 12, 19, 20, 27, 26, 33, 40, 41]
[00:00:00:02:247] ! Unidirectional s-t. expansions: 2,167, time: 2,247 [ms], path length: 37 [edges], generated: 3,495
[00:00:00:00:403] Path of length 37 found: [41, 40, 33, 26, 27, 20, 13, 6, 5, 4, 3, 2, 1, 8, 15, 22, 29, 30, 23, 16, 17, 10, 11, 12, 19, 18, 25, 32, 31, 38, 37, 36, 35, 28, 21, 14, 7, 0]
[00:00:00:00:403] ! Unidirectional t-s. expansions: 303, time: 403 [ms], path length: 37 [edges], generated: 509
[00:00:00:02:068] Path of length 37 found: [0, 7, 14, 21, 28, 35, 36, 29, 22, 15, 8, 1, 2, 3, 10, 17, 16, 23, 30, 31, 38, 39, 32, 25, 18, 19, 12, 11, 4, 5, 6, 13, 20, 27, 26, 33, 40, 41]
[00:00:00:02:376] ! Bidirectional. expansions: 1,775, time: 2,069 [ms], path length: 37 [edges], g_F: 19, g_B: 18, generated: 0, MM: 1, MMPER: 1.6315789473684212%
[00:00:00:02:377] 
---------- SM_Grids/6x7_grid_with_random_blocks_8per_6 ----------
[00:00:00:02:568] Path of length 37 found: [0, 7, 14, 21, 28, 35, 36, 37, 30, 23, 22, 15, 8, 1, 2, 9, 16, 17, 10, 3, 4, 11, 12, 5, 6, 13, 20, 27, 26, 25, 24, 31, 38, 39, 32, 33, 40, 41]
[00:00:00:02:568] ! Unidirectional s-t. expansions: 2,463, time: 2,568 [ms], path length: 37 [edges], generated: 4,071
[00:00:00:01:248] Path of length 37 found: [41, 34, 27, 20, 13, 6, 5, 12, 11, 4, 3, 2, 1, 8, 15, 22, 23, 16, 9, 10, 17, 24, 31, 32, 25, 26, 33, 40, 39, 38, 37, 36, 35, 28, 21, 14, 7, 0]
[00:00:00:01:248] ! Unidirectional t-s. expansions: 1,001, time: 1,248 [ms], path length: 37 [edges], generated: 1,772
[00:00:00:03:703] Path of length 37 found: [0, 7, 14, 21, 28, 35, 36, 37, 30, 31, 38, 39, 40, 33, 26, 25, 24, 17, 10, 9, 16, 23, 22, 15, 8, 1, 2, 3, 4, 11, 12, 5, 6, 13, 20, 27, 34, 41]
[00:00:00:04:006] ! Bidirectional. expansions: 2,921, time: 3,703 [ms], path length: 37 [edges], g_F: 19, g_B: 18, generated: 0, MM: 1, MMPER: 1.6315789473684212%
[00:00:00:04:006] 
---------- SM_Grids/6x7_grid_with_random_blocks_8per_7 ----------
[00:00:00:36:660] Path of length 35 found: [0, 7, 14, 21, 28, 35, 36, 29, 22, 15, 8, 1, 2, 3, 10, 9, 16, 23, 30, 37, 38, 39, 32, 31, 24, 17, 18, 11, 12, 13, 20, 19, 26, 33, 34, 41]
[00:00:00:36:660] ! Unidirectional s-t. expansions: 36,470, time: 36,660 [ms], path length: 35 [edges], generated: 63,843
[00:00:00:25:894] Path of length 35 found: [41, 34, 27, 20, 13, 12, 11, 10, 3, 2, 1, 8, 9, 16, 15, 22, 29, 30, 23, 24, 17, 18, 19, 26, 25, 32, 31, 38, 37, 36, 35, 28, 21, 14, 7, 0]
[00:00:00:25:894] ! Unidirectional t-s. expansions: 26,538, time: 25,894 [ms], path length: 35 [edges], generated: 46,394
[00:00:00:32:725] Path of length 35 found: [0, 7, 14, 21, 28, 35, 36, 29, 22, 23, 30, 37, 38, 39, 32, 31, 24, 25, 26, 19, 18, 17, 16, 15, 8, 1, 2, 3, 10, 11, 12, 13, 20, 27, 34, 41]
[00:00:00:33:028] ! Bidirectional. expansions: 30,072, time: 32,725 [ms], path length: 35 [edges], g_F: 18, g_B: 17, generated: 0, MM: 1, MMPER: 1.7777777777777777%
[00:00:00:33:029] 
---------- SM_Grids/6x7_grid_with_random_blocks_8per_8 ----------
[00:00:00:25:865] Path of length 35 found: [0, 1, 2, 9, 8, 15, 14, 21, 28, 29, 22, 23, 16, 17, 10, 11, 4, 5, 6, 13, 12, 19, 18, 25, 24, 31, 30, 37, 38, 39, 32, 33, 26, 27, 34, 41]
[00:00:00:25:866] ! Unidirectional s-t. expansions: 25,833, time: 25,866 [ms], path length: 35 [edges], generated: 46,204
[00:00:00:49:806] Path of length 35 found: [41, 34, 27, 20, 13, 6, 5, 4, 11, 12, 19, 18, 17, 10, 9, 16, 23, 30, 31, 24, 25, 26, 33, 32, 39, 38, 37, 36, 29, 28, 21, 14, 15, 8, 1, 0]
[00:00:00:49:806] ! Unidirectional t-s. expansions: 54,482, time: 49,806 [ms], path length: 35 [edges], generated: 92,268
[00:00:00:36:928] Path of length 35 found: [0, 1, 2, 9, 8, 15, 14, 21, 28, 29, 22, 23, 30, 37, 38, 39, 40, 33, 26, 19, 18, 25, 32, 31, 24, 17, 10, 11, 4, 5, 6, 13, 20, 27, 34, 41]
[00:00:00:37:236] ! Bidirectional. expansions: 34,467, time: 36,928 [ms], path length: 35 [edges], g_F: 18, g_B: 17, generated: 0, MM: 1, MMPER: 1.7777777777777777%
[00:00:00:37:236] 
---------- SM_Grids/6x7_grid_with_random_blocks_8per_9 ----------
[00:00:00:00:640] Path of length 37 found: [0, 7, 14, 21, 28, 35, 36, 29, 22, 15, 16, 9, 8, 1, 2, 3, 4, 11, 12, 5, 6, 13, 20, 27, 26, 19, 18, 17, 24, 23, 30, 37, 38, 31, 32, 39, 40, 41]
[00:00:00:00:640] ! Unidirectional s-t. expansions: 437, time: 640 [ms], path length: 37 [edges], generated: 786
[00:00:00:00:505] Path of length 37 found: [41, 40, 39, 32, 31, 38, 37, 30, 23, 24, 17, 18, 11, 12, 19, 26, 27, 20, 13, 6, 5, 4, 3, 2, 1, 8, 9, 16, 15, 22, 29, 36, 35, 28, 21, 14, 7, 0]
[00:00:00:00:506] ! Unidirectional t-s. expansions: 496, time: 505 [ms], path length: 37 [edges], generated: 835
[00:00:00:01:345] Path of length 37 found: [0, 7, 14, 21, 28, 35, 36, 29, 22, 15, 16, 9, 8, 1, 2, 3, 4, 5, 6, 13, 20, 27, 26, 19, 12, 11, 18, 17, 24, 23, 30, 37, 38, 31, 32, 39, 40, 41]
[00:00:00:01:653] ! Bidirectional. expansions: 1,015, time: 1,345 [ms], path length: 37 [edges], g_F: 19, g_B: 18, generated: 0, MM: 1, MMPER: 1.6315789473684212%

[00:00:00:01:653] average expansions: (7,532, 8,751, 8,155, 0)
[00:00:00:01:653] average time: (7,699, 8,404, 9,090, 0)
[00:00:00:01:653] XDFBnB: 7,532 , 7,699 (expansions , time[ms])
[00:00:00:01:653] BiXDFBnB: 8,155 , 9,090 (expansions , time[ms])

