------------------------------------
Thu 01 Oct 2026 13:44:37 IDT
SLURM_JOBID:		21947694
SLURM_JOB_NODELIST:	ise-cpu256-03
SLURM_SCRATCH_DIR:	/scratch/shubit/21947694
Allocated Resouces:	cpu - 2 / mem - 61440 MB / gpu - 
SLURM_GPU_INDEX:	
Running as shubit from shimony account with normal QOS
------------------------------------
Thu 01 Oct 2026 13:44:37 IDT

SLURM_JOBID:		 21947694
SLURM_JOB_NODELIST:	 ise-cpu256-03 

--------------------------
date: SM_Grids
number_of_graphs: 10
graph_type: grid
size_of_graphs: [6, 7]
heuristic: bcc_heuristic
snake: False
run_uni: True
run_bi: True
run_multi: False
solution_vertices: []
algorithms: ['DFBnB']
lookahead: 2
bsd: False
cube_first_dims: 4
cube_buffer_dim: None
backward_sym_generation: False
sym_coil: False
prefix_set: None

---------- SM_Grids/6x7_grid_with_random_blocks_8per_0 ----------
[00:00:00:00:055] Path of length 35 found: [0, 7, 14, 21, 28, 35, 36, 29, 22, 15, 8, 1, 2, 3, 10, 9, 16, 23, 30, 37, 38, 31, 24, 25, 18, 11, 12, 19, 26, 27, 34, 33, 32, 39, 40, 41]
[00:00:00:00:055] ! Unidirectional s-t. expansions: 18, time: 55 [ms], path length: 35 [edges], generated: 91
[00:00:00:00:051] Path of length 35 found: [41, 34, 27, 26, 19, 12, 11, 18, 25, 24, 23, 16, 9, 10, 3, 2, 1, 8, 15, 22, 29, 30, 31, 32, 33, 40, 39, 38, 37, 36, 35, 28, 21, 14, 7, 0]
[00:00:00:00:051] ! Unidirectional t-s. expansions: 18, time: 51 [ms], path length: 35 [edges], generated: 87
[00:00:00:00:037] Path of length 35 found: [0, 7, 14, 21, 28, 35, 36, 29, 22, 15, 8, 1, 2, 3, 10, 9, 16, 23, 30, 37, 38, 39, 40, 33, 32, 31, 24, 25, 18, 11, 12, 19, 26, 27, 34, 41]
[00:00:00:00:446] ! Bidirectional. expansions: 17, time: 37 [ms], path length: 35 [edges], g_F: 18, g_B: 17, generated: 0, MM: 1, MMPER: 1.7777777777777777%
[00:00:00:00:446] 
---------- SM_Grids/6x7_grid_with_random_blocks_8per_1 ----------
[00:00:00:01:812] Path of length 37 found: [0, 7, 14, 21, 28, 35, 36, 29, 22, 15, 8, 1, 2, 9, 16, 23, 30, 31, 24, 25, 18, 11, 10, 3, 4, 5, 12, 13, 20, 19, 26, 27, 34, 33, 32, 39, 40, 41]
[00:00:00:01:813] ! Unidirectional s-t. expansions: 703, time: 1,812 [ms], path length: 37 [edges], generated: 3,139
[00:00:00:01:353] Path of length 37 found: [41, 34, 27, 20, 13, 12, 5, 4, 3, 2, 1, 8, 15, 22, 23, 16, 9, 10, 11, 18, 19, 26, 25, 32, 33, 40, 39, 38, 31, 30, 29, 36, 35, 28, 21, 14, 7, 0]
[00:00:00:01:354] ! Unidirectional t-s. expansions: 444, time: 1,353 [ms], path length: 37 [edges], generated: 2,340
[00:00:00:03:290] Path of length 37 found: [0, 7, 14, 21, 28, 35, 36, 29, 22, 15, 16, 23, 30, 31, 24, 25, 32, 39, 40, 33, 26, 19, 18, 11, 10, 9, 8, 1, 2, 3, 4, 5, 12, 13, 20, 27, 34, 41]
[00:00:00:03:648] ! Bidirectional. expansions: 1,698, time: 3,291 [ms], path length: 37 [edges], g_F: 19, g_B: 18, generated: 0, MM: 1, MMPER: 1.6315789473684212%
[00:00:00:03:648] 
---------- SM_Grids/6x7_grid_with_random_blocks_8per_2 ----------
[00:00:00:02:445] Path of length 37 found: [0, 7, 14, 15, 8, 1, 2, 3, 10, 9, 16, 23, 22, 29, 28, 35, 36, 37, 30, 31, 38, 39, 32, 25, 24, 17, 18, 11, 12, 5, 6, 13, 20, 19, 26, 33, 40, 41]
[00:00:00:02:445] ! Unidirectional s-t. expansions: 978, time: 2,445 [ms], path length: 37 [edges], generated: 4,839
[00:00:00:00:890] Path of length 37 found: [41, 40, 33, 26, 27, 20, 13, 6, 5, 12, 19, 18, 11, 10, 3, 2, 1, 8, 9, 16, 17, 24, 25, 32, 39, 38, 31, 30, 37, 36, 35, 28, 29, 22, 15, 14, 7, 0]
[00:00:00:00:890] ! Unidirectional t-s. expansions: 309, time: 890 [ms], path length: 37 [edges], generated: 1,508
[00:00:00:01:758] Path of length 37 found: [0, 7, 14, 15, 8, 1, 2, 3, 10, 9, 16, 23, 22, 29, 28, 35, 36, 37, 30, 31, 38, 39, 32, 25, 24, 17, 18, 11, 12, 5, 6, 13, 20, 27, 26, 33, 40, 41]
[00:00:00:02:126] ! Bidirectional. expansions: 968, time: 1,758 [ms], path length: 37 [edges], g_F: 19, g_B: 18, generated: 0, MM: 1, MMPER: 1.6315789473684212%
[00:00:00:02:126] 
---------- SM_Grids/6x7_grid_with_random_blocks_8per_3 ----------
[00:00:00:04:015] Path of length 35 found: [0, 7, 14, 21, 28, 35, 36, 29, 22, 15, 8, 1, 2, 9, 16, 23, 30, 37, 38, 31, 24, 25, 18, 11, 4, 5, 12, 19, 20, 27, 26, 33, 32, 39, 40, 41]
[00:00:00:04:015] ! Unidirectional s-t. expansions: 1,744, time: 4,015 [ms], path length: 35 [edges], generated: 7,734
[00:00:00:03:795] Path of length 35 found: [41, 34, 27, 20, 19, 12, 5, 4, 11, 10, 9, 2, 1, 8, 15, 16, 23, 22, 29, 30, 31, 24, 25, 26, 33, 32, 39, 38, 37, 36, 35, 28, 21, 14, 7, 0]
[00:00:00:03:795] ! Unidirectional t-s. expansions: 1,307, time: 3,795 [ms], path length: 35 [edges], generated: 6,427
[00:00:00:05:202] Path of length 35 found: [0, 7, 14, 21, 28, 35, 36, 29, 22, 15, 8, 1, 2, 9, 16, 23, 30, 37, 38, 31, 32, 39, 40, 33, 26, 25, 18, 11, 4, 5, 12, 19, 20, 27, 34, 41]
[00:00:00:05:552] ! Bidirectional. expansions: 2,261, time: 5,202 [ms], path length: 35 [edges], g_F: 18, g_B: 17, generated: 0, MM: 1, MMPER: 1.7777777777777777%
[00:00:00:05:552] 
---------- SM_Grids/6x7_grid_with_random_blocks_8per_4 ----------
[00:00:00:01:197] Path of length 37 found: [0, 7, 14, 21, 28, 35, 36, 29, 22, 15, 8, 1, 2, 3, 10, 17, 16, 23, 24, 31, 38, 39, 32, 25, 18, 11, 4, 5, 6, 13, 12, 19, 20, 27, 26, 33, 34, 41]
[00:00:00:01:198] ! Unidirectional s-t. expansions: 491, time: 1,197 [ms], path length: 37 [edges], generated: 1,977
[00:00:00:00:903] Path of length 37 found: [41, 34, 27, 20, 13, 6, 5, 4, 3, 2, 1, 8, 15, 16, 23, 24, 17, 10, 11, 12, 19, 18, 25, 26, 33, 32, 31, 38, 37, 36, 35, 28, 29, 22, 21, 14, 7, 0]
[00:00:00:00:904] ! Unidirectional t-s. expansions: 329, time: 904 [ms], path length: 37 [edges], generated: 1,540
[00:00:00:01:300] Path of length 37 found: [0, 7, 14, 21, 28, 35, 36, 29, 22, 23, 24, 31, 38, 39, 32, 33, 26, 25, 18, 19, 12, 11, 10, 17, 16, 15, 8, 1, 2, 3, 4, 5, 6, 13, 20, 27, 34, 41]
[00:00:00:01:655] ! Bidirectional. expansions: 654, time: 1,300 [ms], path length: 37 [edges], g_F: 19, g_B: 18, generated: 0, MM: 1, MMPER: 1.6315789473684212%
[00:00:00:01:655] 
---------- SM_Grids/6x7_grid_with_random_blocks_8per_5 ----------
[00:00:00:02:444] Path of length 37 found: [0, 7, 14, 21, 28, 35, 36, 29, 22, 15, 8, 1, 2, 3, 10, 17, 16, 23, 30, 37, 38, 31, 32, 25, 18, 11, 4, 5, 6, 13, 12, 19, 20, 27, 26, 33, 40, 41]
[00:00:00:02:444] ! Unidirectional s-t. expansions: 1,125, time: 2,444 [ms], path length: 37 [edges], generated: 5,297
[00:00:00:00:372] Path of length 37 found: [41, 40, 33, 26, 27, 20, 13, 6, 5, 4, 3, 2, 1, 8, 15, 22, 29, 30, 23, 16, 17, 10, 11, 12, 19, 18, 25, 32, 31, 38, 37, 36, 35, 28, 21, 14, 7, 0]
[00:00:00:00:372] ! Unidirectional t-s. expansions: 145, time: 372 [ms], path length: 37 [edges], generated: 577
[00:00:00:01:568] Path of length 37 found: [0, 7, 14, 21, 28, 35, 36, 29, 22, 15, 8, 1, 2, 3, 10, 17, 16, 23, 30, 31, 38, 39, 32, 25, 18, 19, 12, 11, 4, 5, 6, 13, 20, 27, 26, 33, 40, 41]
[00:00:00:01:995] ! Bidirectional. expansions: 867, time: 1,568 [ms], path length: 37 [edges], g_F: 19, g_B: 18, generated: 0, MM: 1, MMPER: 1.6315789473684212%
[00:00:00:01:995] 
---------- SM_Grids/6x7_grid_with_random_blocks_8per_6 ----------
[00:00:00:02:366] Path of length 37 found: [0, 7, 14, 21, 28, 35, 36, 37, 30, 23, 22, 15, 8, 1, 2, 9, 16, 17, 10, 3, 4, 11, 12, 5, 6, 13, 20, 27, 26, 25, 24, 31, 38, 39, 32, 33, 40, 41]
[00:00:00:02:366] ! Unidirectional s-t. expansions: 1,165, time: 2,366 [ms], path length: 37 [edges], generated: 4,861
[00:00:00:01:479] Path of length 37 found: [41, 34, 27, 20, 13, 6, 5, 12, 11, 4, 3, 2, 1, 8, 15, 22, 23, 16, 9, 10, 17, 24, 31, 32, 25, 26, 33, 40, 39, 38, 37, 36, 35, 28, 21, 14, 7, 0]
[00:00:00:01:480] ! Unidirectional t-s. expansions: 541, time: 1,479 [ms], path length: 37 [edges], generated: 2,885
[00:00:00:02:693] Path of length 37 found: [0, 7, 14, 21, 28, 35, 36, 37, 30, 31, 38, 39, 40, 33, 26, 25, 24, 17, 10, 9, 16, 23, 22, 15, 8, 1, 2, 3, 4, 11, 12, 5, 6, 13, 20, 27, 34, 41]
[00:00:00:03:077] ! Bidirectional. expansions: 1,447, time: 2,693 [ms], path length: 37 [edges], g_F: 19, g_B: 18, generated: 0, MM: 1, MMPER: 1.6315789473684212%
[00:00:00:03:078] 
---------- SM_Grids/6x7_grid_with_random_blocks_8per_7 ----------
[00:00:00:39:283] Path of length 35 found: [0, 7, 14, 21, 28, 35, 36, 29, 22, 15, 8, 1, 2, 3, 10, 9, 16, 23, 30, 37, 38, 39, 32, 31, 24, 17, 18, 11, 12, 13, 20, 19, 26, 33, 34, 41]
[00:00:00:39:284] ! Unidirectional s-t. expansions: 19,080, time: 39,283 [ms], path length: 35 [edges], generated: 99,764
[00:00:00:24:022] Path of length 35 found: [41, 34, 27, 20, 13, 12, 11, 10, 3, 2, 1, 8, 9, 16, 15, 22, 29, 30, 23, 24, 17, 18, 19, 26, 25, 32, 31, 38, 37, 36, 35, 28, 21, 14, 7, 0]
[00:00:00:24:022] ! Unidirectional t-s. expansions: 12,649, time: 24,022 [ms], path length: 35 [edges], generated: 55,113
[00:00:00:23:855] Path of length 35 found: [0, 7, 14, 21, 28, 35, 36, 29, 22, 23, 30, 37, 38, 39, 32, 31, 24, 25, 26, 19, 18, 17, 16, 15, 8, 1, 2, 3, 10, 11, 12, 13, 20, 27, 34, 41]
[00:00:00:24:201] ! Bidirectional. expansions: 15,097, time: 23,855 [ms], path length: 35 [edges], g_F: 18, g_B: 17, generated: 0, MM: 1, MMPER: 1.7777777777777777%
[00:00:00:24:201] 
---------- SM_Grids/6x7_grid_with_random_blocks_8per_8 ----------
[00:00:00:25:671] Path of length 35 found: [0, 1, 2, 9, 8, 15, 14, 21, 28, 29, 22, 23, 16, 17, 10, 11, 4, 5, 6, 13, 12, 19, 18, 25, 24, 31, 30, 37, 38, 39, 32, 33, 26, 27, 34, 41]
[00:00:00:25:672] ! Unidirectional s-t. expansions: 12,392, time: 25,671 [ms], path length: 35 [edges], generated: 56,819
[00:00:00:49:822] Path of length 35 found: [41, 34, 27, 20, 13, 6, 5, 4, 11, 12, 19, 18, 17, 10, 9, 16, 23, 30, 31, 24, 25, 26, 33, 32, 39, 38, 37, 36, 29, 28, 21, 14, 15, 8, 1, 0]
[00:00:00:49:822] ! Unidirectional t-s. expansions: 27,929, time: 49,822 [ms], path length: 35 [edges], generated: 129,119
[00:00:00:27:777] Path of length 35 found: [0, 1, 2, 9, 8, 15, 14, 21, 28, 29, 22, 23, 30, 37, 38, 39, 40, 33, 26, 19, 18, 25, 32, 31, 24, 17, 10, 11, 4, 5, 6, 13, 20, 27, 34, 41]
[00:00:00:28:121] ! Bidirectional. expansions: 16,992, time: 27,777 [ms], path length: 35 [edges], g_F: 18, g_B: 17, generated: 0, MM: 1, MMPER: 1.7777777777777777%
[00:00:00:28:121] 
---------- SM_Grids/6x7_grid_with_random_blocks_8per_9 ----------
[00:00:00:00:685] Path of length 37 found: [0, 7, 14, 21, 28, 35, 36, 29, 22, 15, 16, 9, 8, 1, 2, 3, 4, 11, 12, 5, 6, 13, 20, 27, 26, 19, 18, 17, 24, 23, 30, 37, 38, 31, 32, 39, 40, 41]
[00:00:00:00:686] ! Unidirectional s-t. expansions: 203, time: 686 [ms], path length: 37 [edges], generated: 1,103
[00:00:00:00:451] Path of length 37 found: [41, 40, 39, 32, 31, 38, 37, 30, 23, 24, 17, 18, 11, 12, 19, 26, 27, 20, 13, 6, 5, 4, 3, 2, 1, 8, 9, 16, 15, 22, 29, 36, 35, 28, 21, 14, 7, 0]
[00:00:00:00:451] ! Unidirectional t-s. expansions: 230, time: 451 [ms], path length: 37 [edges], generated: 965
[00:00:00:00:971] Path of length 37 found: [0, 7, 14, 21, 28, 35, 36, 29, 22, 15, 16, 9, 8, 1, 2, 3, 4, 5, 6, 13, 20, 27, 26, 19, 12, 11, 18, 17, 24, 23, 30, 37, 38, 31, 32, 39, 40, 41]
[00:00:00:01:302] ! Bidirectional. expansions: 488, time: 971 [ms], path length: 37 [edges], g_F: 19, g_B: 18, generated: 0, MM: 1, MMPER: 1.6315789473684212%

[00:00:00:01:302] average expansions: (3,790, 4,390, 4,049, 0)
[00:00:00:01:302] average time: (7,997, 8,314, 6,845, 0)
[00:00:00:01:302] XDFBnB: 3,790 , 7,997 (expansions , time[ms])
[00:00:00:01:302] BiXDFBnB: 4,049 , 6,845 (expansions , time[ms])

