------------------------------------
Thu 01 Oct 2026 15:57:00 IDT
SLURM_JOBID:		21953350
SLURM_JOB_NODELIST:	ise-cpu256-01
SLURM_SCRATCH_DIR:	/scratch/shubit/21953350
Allocated Resouces:	cpu - 2 / mem - 61440 MB / gpu - 
SLURM_GPU_INDEX:	
Running as shubit from shimony account with normal QOS
------------------------------------
Thu 01 Oct 2026 15:57:00 IDT

SLURM_JOBID:		 21953350
SLURM_JOB_NODELIST:	 ise-cpu256-01 

--------------------------
date: SM_Grids
number_of_graphs: 10
graph_type: grid
size_of_graphs: [6, 7]
heuristic: bcc_heuristic
snake: False
run_uni: True
run_bi: True
run_multi: False
solution_vertices: []
algorithms: ['XMM']
lookahead: 1
bsd: False
cube_first_dims: 4
cube_buffer_dim: None
backward_sym_generation: False
sym_coil: False
prefix_set: None

---------- SM_Grids/6x7_grid_with_random_blocks_16per_0 ----------
[00:00:00:00:825] Path of length 31 found: [0, 7, 14, 21, 28, 35, 36, 37, 38, 39, 32, 31, 30, 29, 22, 15, 8, 1, 2, 3, 10, 9, 16, 23, 24, 25, 18, 19, 26, 27, 34, 41]
[00:00:00:00:825] ! Unidirectional s-t. expansions: 646, time: 825 [ms], path length: 31 [edges], generated: 1,116
[00:00:00:00:042] Path of length 31 found: [41, 34, 27, 20, 19, 18, 25, 24, 23, 16, 9, 10, 3, 2, 1, 8, 15, 22, 29, 30, 31, 32, 39, 38, 37, 36, 35, 28, 21, 14, 7, 0]
[00:00:00:00:042] ! Unidirectional t-s. expansions: 31, time: 42 [ms], path length: 31 [edges], generated: 51
[00:00:00:00:605] Path of length 31 found: [0, 7, 14, 21, 28, 35, 36, 37, 38, 39, 32, 31, 30, 29, 22, 15, 8, 1, 2, 3, 10, 9, 16, 23, 24, 25, 18, 19, 20, 27, 34, 41]
[00:00:00:00:948] ! Bidirectional. expansions: 250, time: 605 [ms], path length: 31 [edges], g_F: 16, g_B: 15, generated: 476, MM: 1, MMPER: 2.125%
[00:00:00:00:949] 
---------- SM_Grids/6x7_grid_with_random_blocks_16per_1 ----------
[00:00:00:00:269] Path of length 27 found: [0, 1, 2, 9, 8, 7, 14, 21, 28, 35, 36, 29, 22, 15, 16, 17, 18, 25, 24, 23, 30, 37, 38, 39, 32, 33, 34, 41]
[00:00:00:00:269] ! Unidirectional s-t. expansions: 141, time: 269 [ms], path length: 27 [edges], generated: 258
[00:00:00:00:045] Path of length 27 found: [41, 34, 33, 26, 25, 32, 39, 38, 37, 30, 23, 24, 17, 16, 9, 2, 1, 8, 15, 22, 29, 36, 35, 28, 21, 14, 7, 0]
[00:00:00:00:045] ! Unidirectional t-s. expansions: 27, time: 45 [ms], path length: 27 [edges], generated: 43
[00:00:00:00:332] Path of length 27 found: [0, 7, 14, 21, 28, 35, 36, 29, 22, 15, 8, 1, 2, 9, 16, 17, 24, 23, 30, 37, 38, 39, 32, 25, 26, 33, 34, 41]
[00:00:00:00:643] ! Bidirectional. expansions: 126, time: 332 [ms], path length: 27 [edges], g_F: 14, g_B: 13, generated: 235, MM: 1, MMPER: 2.5714285714285716%
[00:00:00:00:644] 
---------- SM_Grids/6x7_grid_with_random_blocks_16per_2 ----------
[00:00:00:00:136] Path of length 33 found: [0, 1, 2, 9, 16, 17, 24, 31, 30, 23, 22, 15, 14, 21, 28, 29, 36, 37, 38, 39, 40, 33, 26, 25, 18, 11, 4, 5, 6, 13, 20, 27, 34, 41]
[00:00:00:00:136] ! Unidirectional s-t. expansions: 85, time: 136 [ms], path length: 33 [edges], generated: 138
[00:00:00:00:548] Path of length 33 found: [41, 34, 27, 20, 13, 6, 5, 4, 11, 18, 17, 24, 25, 26, 33, 40, 39, 38, 31, 30, 37, 36, 29, 28, 21, 14, 15, 22, 23, 16, 9, 2, 1, 0]
[00:00:00:00:549] ! Unidirectional t-s. expansions: 332, time: 548 [ms], path length: 33 [edges], generated: 562
[00:00:00:00:655] Path of length 33 found: [0, 1, 2, 9, 16, 23, 22, 15, 14, 21, 28, 29, 36, 37, 30, 31, 38, 39, 40, 33, 26, 25, 24, 17, 18, 11, 4, 5, 6, 13, 20, 27, 34, 41]
[00:00:00:00:965] ! Bidirectional. expansions: 258, time: 655 [ms], path length: 33 [edges], g_F: 16, g_B: 17, generated: 442, MM: 1, MMPER: 1.9411764705882355%
[00:00:00:00:965] 
---------- SM_Grids/6x7_grid_with_random_blocks_16per_3 ----------
[00:00:00:00:773] Path of length 29 found: [0, 1, 2, 9, 8, 7, 14, 15, 22, 21, 28, 35, 36, 37, 38, 31, 24, 23, 16, 17, 18, 11, 4, 5, 12, 13, 20, 27, 34, 41]
[00:00:00:00:774] ! Unidirectional s-t. expansions: 465, time: 773 [ms], path length: 29 [edges], generated: 768
[00:00:00:00:367] Path of length 29 found: [41, 34, 27, 20, 13, 6, 5, 12, 11, 4, 3, 2, 9, 16, 17, 24, 31, 38, 37, 36, 35, 28, 29, 22, 21, 14, 15, 8, 1, 0]
[00:00:00:00:368] ! Unidirectional t-s. expansions: 255, time: 367 [ms], path length: 29 [edges], generated: 440
[00:00:00:00:983] Path of length 29 found: [0, 7, 14, 21, 22, 29, 28, 35, 36, 37, 38, 31, 24, 23, 16, 9, 8, 1, 2, 3, 4, 11, 12, 5, 6, 13, 20, 27, 34, 41]
[00:00:00:01:297] ! Bidirectional. expansions: 391, time: 983 [ms], path length: 29 [edges], g_F: 15, g_B: 14, generated: 684, MM: 1, MMPER: 2.3333333333333335%
[00:00:00:01:297] 
---------- SM_Grids/6x7_grid_with_random_blocks_16per_4 ----------
[00:00:00:00:129] Path of length 33 found: [0, 7, 8, 15, 22, 23, 30, 29, 36, 37, 38, 31, 32, 39, 40, 33, 26, 25, 18, 17, 16, 9, 10, 3, 4, 11, 12, 5, 6, 13, 20, 27, 34, 41]
[00:00:00:00:129] ! Unidirectional s-t. expansions: 77, time: 129 [ms], path length: 33 [edges], generated: 129
[00:00:00:00:461] Path of length 33 found: [41, 40, 39, 32, 31, 38, 37, 36, 29, 30, 23, 22, 15, 16, 17, 18, 25, 26, 33, 34, 27, 20, 13, 6, 5, 12, 11, 4, 3, 10, 9, 8, 1, 0]
[00:00:00:00:461] ! Unidirectional t-s. expansions: 279, time: 461 [ms], path length: 33 [edges], generated: 444
[00:00:00:01:409] Path of length 33 found: [0, 7, 8, 15, 22, 23, 30, 29, 36, 37, 38, 31, 32, 39, 40, 33, 26, 25, 18, 17, 16, 9, 10, 3, 4, 11, 12, 5, 6, 13, 20, 27, 34, 41]
[00:00:00:01:713] ! Bidirectional. expansions: 522, time: 1,409 [ms], path length: 33 [edges], g_F: 16, g_B: 17, generated: 906, MM: 1, MMPER: 1.9411764705882355%
[00:00:00:01:714] 
---------- SM_Grids/6x7_grid_with_random_blocks_16per_5 ----------
[00:00:00:00:051] Path of length 31 found: [0, 7, 14, 21, 28, 29, 22, 15, 8, 1, 2, 3, 10, 17, 16, 23, 30, 31, 24, 25, 18, 11, 4, 5, 12, 19, 26, 27, 34, 33, 40, 41]
[00:00:00:00:051] ! Unidirectional s-t. expansions: 31, time: 51 [ms], path length: 31 [edges], generated: 52
[00:00:00:00:051] Path of length 31 found: [41, 40, 33, 34, 27, 26, 19, 12, 5, 4, 3, 2, 1, 8, 15, 22, 23, 16, 17, 10, 11, 18, 25, 24, 31, 30, 29, 28, 21, 14, 7, 0]
[00:00:00:00:051] ! Unidirectional t-s. expansions: 31, time: 51 [ms], path length: 31 [edges], generated: 52
[00:00:00:00:270] Path of length 31 found: [0, 7, 14, 21, 28, 29, 22, 15, 8, 1, 2, 3, 10, 17, 16, 23, 30, 31, 24, 25, 18, 11, 4, 5, 12, 19, 26, 27, 34, 33, 40, 41]
[00:00:00:00:573] ! Bidirectional. expansions: 98, time: 270 [ms], path length: 31 [edges], g_F: 15, g_B: 16, generated: 185, MM: 1, MMPER: 2.125%
[00:00:00:00:573] 
---------- SM_Grids/6x7_grid_with_random_blocks_16per_6 ----------
[00:00:00:00:061] Path of length 33 found: [0, 1, 8, 7, 14, 21, 22, 15, 16, 23, 30, 37, 38, 39, 32, 25, 24, 17, 18, 11, 10, 3, 4, 5, 12, 13, 20, 19, 26, 27, 34, 33, 40, 41]
[00:00:00:00:061] ! Unidirectional s-t. expansions: 38, time: 61 [ms], path length: 33 [edges], generated: 61
[00:00:00:00:054] Path of length 33 found: [41, 34, 27, 20, 13, 12, 5, 4, 3, 10, 11, 18, 19, 26, 25, 32, 33, 40, 39, 38, 37, 30, 23, 24, 17, 16, 15, 22, 21, 14, 7, 8, 1, 0]
[00:00:00:00:054] ! Unidirectional t-s. expansions: 33, time: 54 [ms], path length: 33 [edges], generated: 52
[00:00:00:00:343] Path of length 33 found: [0, 1, 8, 7, 14, 21, 22, 15, 16, 23, 30, 37, 38, 39, 32, 25, 24, 17, 18, 11, 10, 3, 4, 5, 12, 13, 20, 19, 26, 27, 34, 33, 40, 41]
[00:00:00:00:651] ! Bidirectional. expansions: 105, time: 344 [ms], path length: 33 [edges], g_F: 16, g_B: 17, generated: 184, MM: 1, MMPER: 1.9411764705882355%
[00:00:00:00:652] 
---------- SM_Grids/6x7_grid_with_random_blocks_16per_7 ----------
[00:00:00:00:081] Path of length 31 found: [0, 7, 8, 15, 16, 9, 2, 3, 4, 5, 6, 13, 12, 11, 18, 25, 24, 23, 30, 29, 28, 35, 36, 37, 38, 31, 32, 39, 40, 33, 34, 41]
[00:00:00:00:081] ! Unidirectional s-t. expansions: 46, time: 81 [ms], path length: 31 [edges], generated: 74
[00:00:00:00:150] Path of length 31 found: [41, 34, 33, 40, 39, 38, 37, 36, 35, 28, 29, 30, 23, 24, 31, 32, 25, 18, 19, 12, 13, 6, 5, 4, 3, 2, 9, 16, 15, 8, 1, 0]
[00:00:00:00:151] ! Unidirectional t-s. expansions: 87, time: 151 [ms], path length: 31 [edges], generated: 144
[00:00:00:00:445] Path of length 31 found: [0, 7, 8, 15, 16, 9, 2, 3, 4, 5, 6, 13, 12, 11, 18, 25, 24, 23, 30, 29, 28, 35, 36, 37, 38, 31, 32, 39, 40, 33, 34, 41]
[00:00:00:00:756] ! Bidirectional. expansions: 178, time: 445 [ms], path length: 31 [edges], g_F: 14, g_B: 17, generated: 300, MM: 3, MMPER: 8.375%
[00:00:00:00:756] 
---------- SM_Grids/6x7_grid_with_random_blocks_16per_8 ----------
[00:00:00:00:371] Path of length 31 found: [0, 7, 14, 21, 22, 15, 16, 17, 10, 9, 2, 3, 4, 5, 6, 13, 12, 19, 18, 25, 24, 31, 30, 29, 36, 37, 38, 39, 32, 33, 40, 41]
[00:00:00:00:371] ! Unidirectional s-t. expansions: 223, time: 371 [ms], path length: 31 [edges], generated: 376
[00:00:00:00:567] Path of length 31 found: [41, 34, 33, 40, 39, 38, 37, 36, 29, 30, 31, 32, 25, 24, 17, 18, 19, 12, 13, 6, 5, 4, 3, 2, 9, 16, 15, 22, 21, 14, 7, 0]
[00:00:00:00:567] ! Unidirectional t-s. expansions: 382, time: 567 [ms], path length: 31 [edges], generated: 606
[00:00:00:00:799] Path of length 31 found: [0, 7, 8, 15, 14, 21, 22, 29, 36, 37, 30, 31, 24, 17, 16, 9, 2, 3, 4, 5, 6, 13, 12, 19, 18, 25, 32, 39, 40, 33, 34, 41]
[00:00:00:01:107] ! Bidirectional. expansions: 293, time: 799 [ms], path length: 31 [edges], g_F: 14, g_B: 17, generated: 524, MM: 3, MMPER: 8.375%
[00:00:00:01:107] 
---------- SM_Grids/6x7_grid_with_random_blocks_16per_9 ----------
[00:00:00:00:276] Path of length 31 found: [0, 1, 2, 9, 16, 15, 8, 7, 14, 21, 28, 29, 22, 23, 24, 31, 38, 39, 32, 25, 18, 19, 12, 5, 6, 13, 20, 27, 26, 33, 40, 41]
[00:00:00:00:277] ! Unidirectional s-t. expansions: 186, time: 276 [ms], path length: 31 [edges], generated: 327
[00:00:00:00:105] Path of length 31 found: [41, 34, 27, 20, 13, 6, 5, 12, 19, 18, 25, 26, 33, 40, 39, 32, 31, 24, 23, 16, 9, 2, 1, 8, 15, 22, 29, 28, 21, 14, 7, 0]
[00:00:00:00:105] ! Unidirectional t-s. expansions: 55, time: 105 [ms], path length: 31 [edges], generated: 95
[00:00:00:00:144] Path of length 31 found: [0, 7, 14, 21, 28, 29, 22, 15, 8, 1, 2, 9, 16, 23, 24, 31, 38, 39, 40, 33, 26, 25, 18, 19, 12, 5, 6, 13, 20, 27, 34, 41]
[00:00:00:00:447] ! Bidirectional. expansions: 55, time: 144 [ms], path length: 31 [edges], g_F: 16, g_B: 15, generated: 96, MM: 1, MMPER: 2.125%

[00:00:00:00:447] average expansions: (194, 151, 228, 0)
[00:00:00:00:447] average time: (297, 239, 599, 0)
[00:00:00:00:448] XA*: 151 , 239 (expansions , time[ms])
[00:00:00:00:448] XMM: 228 , 599 (expansions , time[ms])

