------------------------------------
Thu 01 Oct 2026 16:05:50 IDT
SLURM_JOBID:		21953367
SLURM_JOB_NODELIST:	ise-cpu256-08
SLURM_SCRATCH_DIR:	/scratch/shubit/21953367
Allocated Resouces:	cpu - 2 / mem - 61440 MB / gpu - 
SLURM_GPU_INDEX:	
Running as shubit from shimony account with normal QOS
------------------------------------
Thu 01 Oct 2026 16:05:50 IDT

SLURM_JOBID:		 21953367
SLURM_JOB_NODELIST:	 ise-cpu256-08 

--------------------------
date: SM_Grids
number_of_graphs: 10
graph_type: grid
size_of_graphs: [6, 8]
heuristic: bcc_heuristic
snake: False
run_uni: True
run_bi: True
run_multi: False
solution_vertices: []
algorithms: ['XMM']
lookahead: -1
bsd: False
cube_first_dims: 4
cube_buffer_dim: None
backward_sym_generation: False
sym_coil: False
prefix_set: None

---------- SM_Grids/6x8_grid_with_random_blocks_12per_0 ----------
[00:00:00:03:546] Path of length 40 found: [0, 1, 2, 3, 4, 5, 13, 14, 15, 23, 31, 30, 22, 21, 29, 28, 20, 19, 11, 10, 18, 17, 9, 8, 16, 24, 32, 40, 41, 42, 34, 26, 27, 35, 43, 44, 36, 37, 38, 46, 47]
[00:00:00:03:547] ! Unidirectional s-t. expansions: 2,473, time: 3,546 [ms], path length: 40 [edges], generated: 3,900
[00:00:00:00:950] Path of length 40 found: [47, 46, 38, 39, 31, 30, 29, 37, 36, 44, 43, 35, 27, 28, 20, 21, 22, 23, 15, 14, 13, 5, 4, 3, 2, 10, 11, 19, 18, 26, 34, 42, 41, 40, 32, 24, 16, 17, 9, 1, 0]
[00:00:00:00:950] ! Unidirectional t-s. expansions: 600, time: 950 [ms], path length: 40 [edges], generated: 989
[00:00:00:02:771] Path of length 40 found: [0, 8, 16, 24, 32, 40, 41, 42, 34, 26, 18, 17, 9, 1, 2, 10, 11, 3, 4, 5, 13, 21, 20, 28, 27, 35, 43, 44, 36, 37, 29, 30, 22, 14, 15, 23, 31, 39, 38, 46, 47]
[00:00:00:03:194] ! Bidirectional. expansions: 846, time: 2,772 [ms], path length: 40 [edges], g_F: 19, g_B: 21, generated: 1,571, MM: 2, MMPER: 3.8780487804878048%
[00:00:00:03:195] 
---------- SM_Grids/6x8_grid_with_random_blocks_12per_1 ----------
[00:00:00:01:672] Path of length 40 found: [0, 1, 2, 3, 11, 19, 18, 10, 9, 8, 16, 24, 25, 33, 32, 40, 41, 42, 34, 35, 27, 28, 36, 44, 45, 46, 38, 37, 29, 21, 20, 12, 4, 5, 13, 14, 22, 30, 31, 39, 47]
[00:00:00:01:673] ! Unidirectional s-t. expansions: 753, time: 1,672 [ms], path length: 40 [edges], generated: 1,362
[00:00:00:03:252] Path of length 40 found: [47, 46, 45, 44, 36, 37, 38, 39, 31, 30, 29, 28, 27, 35, 34, 42, 41, 40, 32, 33, 25, 24, 16, 8, 9, 10, 18, 19, 20, 21, 22, 14, 6, 5, 13, 12, 4, 3, 2, 1, 0]
[00:00:00:03:253] ! Unidirectional t-s. expansions: 1,373, time: 3,252 [ms], path length: 40 [edges], generated: 2,527
[00:00:00:04:349] Path of length 40 found: [0, 8, 16, 24, 25, 33, 32, 40, 41, 42, 34, 35, 27, 19, 18, 10, 9, 1, 2, 3, 4, 12, 20, 28, 36, 44, 45, 46, 38, 37, 29, 21, 13, 5, 6, 14, 22, 30, 31, 39, 47]
[00:00:00:04:707] ! Bidirectional. expansions: 1,119, time: 4,349 [ms], path length: 40 [edges], g_F: 19, g_B: 21, generated: 2,072, MM: 2, MMPER: 3.8780487804878048%
[00:00:00:04:707] 
---------- SM_Grids/6x8_grid_with_random_blocks_12per_2 ----------
[00:00:00:01:210] Path of length 40 found: [0, 1, 2, 3, 11, 10, 18, 26, 25, 17, 9, 8, 16, 24, 32, 33, 41, 42, 34, 35, 43, 44, 45, 37, 29, 28, 20, 12, 13, 5, 6, 7, 15, 14, 22, 23, 31, 30, 38, 46, 47]
[00:00:00:01:210] ! Unidirectional s-t. expansions: 642, time: 1,210 [ms], path length: 40 [edges], generated: 1,133
[00:00:00:01:008] Path of length 40 found: [47, 39, 31, 23, 22, 14, 15, 7, 6, 5, 13, 12, 20, 28, 29, 30, 38, 37, 45, 44, 43, 35, 34, 42, 41, 33, 32, 24, 16, 8, 9, 17, 25, 26, 18, 10, 11, 3, 2, 1, 0]
[00:00:00:01:009] ! Unidirectional t-s. expansions: 397, time: 1,009 [ms], path length: 40 [edges], generated: 726
[00:00:00:02:386] Path of length 40 found: [0, 8, 16, 17, 9, 1, 2, 3, 11, 10, 18, 26, 25, 24, 32, 33, 41, 42, 34, 35, 43, 44, 45, 37, 38, 30, 29, 28, 20, 12, 13, 5, 6, 7, 15, 14, 22, 23, 31, 39, 47]
[00:00:00:02:779] ! Bidirectional. expansions: 615, time: 2,386 [ms], path length: 40 [edges], g_F: 21, g_B: 19, generated: 1,098, MM: 2, MMPER: 3.8780487804878048%
[00:00:00:02:780] 
---------- SM_Grids/6x8_grid_with_random_blocks_12per_3 ----------
[00:00:00:00:382] Path of length 40 found: [0, 1, 9, 8, 16, 24, 32, 33, 25, 26, 34, 35, 43, 44, 45, 37, 36, 28, 27, 19, 18, 10, 11, 3, 4, 5, 6, 7, 15, 14, 13, 12, 20, 21, 22, 23, 31, 30, 38, 46, 47]
[00:00:00:00:382] ! Unidirectional s-t. expansions: 220, time: 382 [ms], path length: 40 [edges], generated: 360
[00:00:00:01:106] Path of length 40 found: [47, 39, 31, 23, 15, 7, 6, 5, 4, 3, 11, 10, 18, 19, 27, 28, 20, 12, 13, 21, 22, 30, 38, 46, 45, 37, 36, 44, 43, 35, 34, 26, 25, 33, 32, 24, 16, 8, 9, 1, 0]
[00:00:00:01:107] ! Unidirectional t-s. expansions: 456, time: 1,106 [ms], path length: 40 [edges], generated: 801
[00:00:00:01:258] Path of length 40 found: [0, 1, 9, 8, 16, 24, 32, 33, 25, 26, 34, 35, 43, 44, 36, 37, 45, 46, 38, 30, 22, 21, 13, 12, 20, 28, 27, 19, 18, 10, 11, 3, 4, 5, 6, 7, 15, 23, 31, 39, 47]
[00:00:00:01:637] ! Bidirectional. expansions: 335, time: 1,258 [ms], path length: 40 [edges], g_F: 20, g_B: 20, generated: 617, MM: 0, MMPER: -1.0%
[00:00:00:01:637] 
---------- SM_Grids/6x8_grid_with_random_blocks_12per_4 ----------
[00:00:00:00:096] Path of length 40 found: [0, 8, 16, 24, 32, 40, 41, 33, 25, 17, 9, 1, 2, 3, 4, 5, 6, 14, 13, 12, 11, 10, 18, 19, 27, 26, 34, 42, 43, 35, 36, 44, 45, 37, 29, 30, 31, 39, 38, 46, 47]
[00:00:00:00:096] ! Unidirectional s-t. expansions: 40, time: 96 [ms], path length: 40 [edges], generated: 66
[00:00:00:00:092] Path of length 40 found: [47, 39, 31, 30, 29, 37, 38, 46, 45, 44, 36, 35, 43, 42, 34, 26, 27, 19, 11, 12, 13, 14, 6, 5, 4, 3, 2, 1, 9, 10, 18, 17, 25, 33, 41, 40, 32, 24, 16, 8, 0]
[00:00:00:00:092] ! Unidirectional t-s. expansions: 40, time: 92 [ms], path length: 40 [edges], generated: 66
[00:00:00:00:423] Path of length 40 found: [0, 8, 16, 24, 32, 40, 41, 33, 25, 17, 9, 1, 2, 3, 4, 5, 6, 14, 13, 12, 11, 10, 18, 19, 27, 26, 34, 42, 43, 35, 36, 44, 45, 46, 38, 37, 29, 30, 31, 39, 47]
[00:00:00:00:791] ! Bidirectional. expansions: 99, time: 423 [ms], path length: 40 [edges], g_F: 20, g_B: 20, generated: 187, MM: 0, MMPER: -1.0%
[00:00:00:00:791] 
---------- SM_Grids/6x8_grid_with_random_blocks_12per_5 ----------
[00:00:00:00:104] Path of length 42 found: [0, 8, 16, 24, 32, 40, 41, 33, 34, 42, 43, 44, 36, 28, 20, 19, 27, 26, 18, 17, 9, 1, 2, 10, 11, 3, 4, 12, 13, 5, 6, 7, 15, 14, 22, 23, 31, 39, 38, 37, 45, 46, 47]
[00:00:00:00:104] ! Unidirectional s-t. expansions: 50, time: 104 [ms], path length: 42 [edges], generated: 79
[00:00:00:00:134] Path of length 42 found: [47, 39, 31, 23, 22, 14, 15, 7, 6, 5, 13, 12, 4, 3, 11, 10, 2, 1, 9, 17, 18, 26, 27, 19, 20, 28, 36, 37, 38, 46, 45, 44, 43, 42, 34, 33, 41, 40, 32, 24, 16, 8, 0]
[00:00:00:00:135] ! Unidirectional t-s. expansions: 62, time: 134 [ms], path length: 42 [edges], generated: 102
[00:00:00:00:602] Path of length 42 found: [0, 8, 16, 24, 32, 40, 41, 33, 34, 42, 43, 44, 36, 28, 20, 19, 27, 26, 18, 17, 9, 1, 2, 10, 11, 3, 4, 12, 13, 5, 6, 7, 15, 14, 22, 23, 31, 39, 38, 37, 45, 46, 47]
[00:00:00:00:995] ! Bidirectional. expansions: 167, time: 602 [ms], path length: 42 [edges], g_F: 21, g_B: 21, generated: 301, MM: 0, MMPER: -1.0%
[00:00:00:00:996] 
---------- SM_Grids/6x8_grid_with_random_blocks_12per_6 ----------
[00:00:00:05:853] Path of length 40 found: [0, 1, 2, 3, 4, 12, 20, 28, 27, 26, 25, 17, 18, 19, 11, 10, 9, 8, 16, 24, 32, 40, 41, 33, 34, 35, 43, 44, 36, 37, 29, 21, 13, 14, 6, 7, 15, 23, 31, 39, 47]
[00:00:00:05:854] ! Unidirectional s-t. expansions: 2,983, time: 5,854 [ms], path length: 40 [edges], generated: 4,800
[00:00:00:00:277] Path of length 40 found: [47, 39, 31, 23, 15, 7, 6, 14, 22, 21, 13, 12, 4, 3, 11, 10, 2, 1, 9, 17, 18, 19, 20, 28, 29, 37, 36, 44, 43, 35, 27, 26, 34, 33, 41, 40, 32, 24, 16, 8, 0]
[00:00:00:00:277] ! Unidirectional t-s. expansions: 132, time: 277 [ms], path length: 40 [edges], generated: 229
[00:00:00:04:052] Path of length 40 found: [0, 8, 16, 24, 32, 40, 41, 33, 25, 17, 9, 1, 2, 10, 18, 26, 34, 35, 43, 44, 36, 37, 29, 28, 20, 19, 11, 3, 4, 12, 13, 21, 22, 14, 6, 7, 15, 23, 31, 39, 47]
[00:00:00:04:425] ! Bidirectional. expansions: 1,115, time: 4,052 [ms], path length: 40 [edges], g_F: 19, g_B: 21, generated: 1,977, MM: 2, MMPER: 3.8780487804878048%
[00:00:00:04:425] 
---------- SM_Grids/6x8_grid_with_random_blocks_12per_7 ----------
[00:00:00:00:593] Path of length 38 found: [0, 1, 2, 10, 9, 17, 16, 24, 25, 26, 18, 19, 11, 12, 4, 5, 13, 21, 20, 28, 27, 35, 34, 33, 32, 40, 41, 42, 43, 44, 36, 37, 29, 30, 31, 39, 38, 46, 47]
[00:00:00:00:594] ! Unidirectional s-t. expansions: 266, time: 594 [ms], path length: 38 [edges], generated: 482
[00:00:00:14:387] Path of length 38 found: [47, 46, 45, 44, 43, 42, 41, 40, 32, 33, 34, 35, 36, 37, 38, 39, 31, 30, 29, 28, 27, 26, 25, 24, 16, 17, 18, 19, 20, 21, 13, 5, 4, 12, 11, 10, 2, 1, 0]
[00:00:00:14:387] ! Unidirectional t-s. expansions: 8,218, time: 14,387 [ms], path length: 38 [edges], generated: 13,324
[00:00:00:07:126] Path of length 38 found: [0, 1, 2, 10, 9, 17, 16, 24, 32, 40, 41, 33, 25, 26, 18, 19, 11, 12, 4, 5, 13, 21, 20, 28, 36, 35, 34, 42, 43, 44, 45, 46, 38, 37, 29, 30, 31, 39, 47]
[00:00:00:07:500] ! Bidirectional. expansions: 1,823, time: 7,126 [ms], path length: 38 [edges], g_F: 18, g_B: 20, generated: 3,460, MM: 2, MMPER: 4.128205128205129%
[00:00:00:07:500] 
---------- SM_Grids/6x8_grid_with_random_blocks_12per_8 ----------
[00:00:00:07:404] Path of length 40 found: [0, 1, 2, 3, 4, 12, 13, 14, 6, 7, 15, 23, 22, 21, 29, 28, 20, 19, 11, 10, 18, 17, 9, 8, 16, 24, 32, 40, 41, 42, 34, 26, 27, 35, 43, 44, 36, 37, 38, 39, 47]
[00:00:00:07:404] ! Unidirectional s-t. expansions: 3,453, time: 7,404 [ms], path length: 40 [edges], generated: 5,849
[00:00:00:00:473] Path of length 40 found: [47, 39, 31, 23, 15, 7, 6, 14, 22, 21, 13, 12, 4, 3, 11, 10, 2, 1, 9, 17, 18, 26, 27, 19, 20, 28, 29, 37, 45, 44, 36, 35, 34, 42, 41, 40, 32, 24, 16, 8, 0]
[00:00:00:00:474] ! Unidirectional t-s. expansions: 200, time: 473 [ms], path length: 40 [edges], generated: 366
[00:00:00:06:613] Path of length 40 found: [0, 8, 9, 1, 2, 10, 18, 17, 16, 24, 32, 40, 41, 42, 34, 26, 27, 35, 43, 44, 45, 37, 29, 28, 20, 19, 11, 3, 4, 12, 13, 21, 22, 14, 6, 7, 15, 23, 31, 39, 47]
[00:00:00:07:000] ! Bidirectional. expansions: 1,753, time: 6,613 [ms], path length: 40 [edges], g_F: 21, g_B: 19, generated: 3,126, MM: 2, MMPER: 3.8780487804878048%
[00:00:00:07:000] 
---------- SM_Grids/6x8_grid_with_random_blocks_12per_9 ----------
[00:00:00:00:433] Path of length 40 found: [0, 1, 9, 8, 16, 17, 25, 24, 32, 40, 41, 33, 34, 42, 43, 44, 45, 46, 38, 30, 29, 37, 36, 35, 27, 26, 18, 10, 11, 19, 20, 12, 4, 5, 13, 14, 22, 23, 31, 39, 47]
[00:00:00:00:433] ! Unidirectional s-t. expansions: 186, time: 433 [ms], path length: 40 [edges], generated: 331
[00:00:00:02:537] Path of length 40 found: [47, 46, 45, 44, 43, 42, 41, 40, 32, 33, 34, 35, 36, 37, 29, 30, 38, 39, 31, 23, 22, 14, 13, 5, 4, 3, 11, 12, 20, 19, 27, 26, 25, 24, 16, 17, 18, 10, 9, 1, 0]
[00:00:00:02:537] ! Unidirectional t-s. expansions: 1,400, time: 2,537 [ms], path length: 40 [edges], generated: 2,280
[00:00:00:02:066] Path of length 40 found: [0, 1, 9, 8, 16, 24, 32, 40, 41, 33, 34, 42, 43, 44, 36, 35, 27, 26, 25, 17, 18, 19, 20, 12, 11, 3, 4, 5, 13, 14, 22, 23, 31, 30, 29, 37, 45, 46, 38, 39, 47]
[00:00:00:02:403] ! Bidirectional. expansions: 581, time: 2,066 [ms], path length: 40 [edges], g_F: 19, g_B: 21, generated: 1,021, MM: 2, MMPER: 3.8780487804878048%

[00:00:00:02:403] average expansions: (1,107, 1,288, 845, 0)
[00:00:00:02:403] average time: (2,130, 2,422, 3,165, 0)
[00:00:00:02:404] XA*: 1,107 , 2,130 (expansions , time[ms])
[00:00:00:02:404] XMM: 845 , 3,165 (expansions , time[ms])

