------------------------------------
Thu 01 Oct 2026 12:13:50 IDT
SLURM_JOBID:		21944060
SLURM_JOB_NODELIST:	ise-cpu256-01
SLURM_SCRATCH_DIR:	/scratch/shubit/21944060
Allocated Resouces:	cpu - 2 / mem - 61440 MB / gpu - 
SLURM_GPU_INDEX:	
Running as shubit from shimony account with normal QOS
------------------------------------
Thu 01 Oct 2026 12:13:50 IDT

SLURM_JOBID:		 21944060
SLURM_JOB_NODELIST:	 ise-cpu256-01 

--------------------------
date: SM_Grids
number_of_graphs: 10
graph_type: grid
size_of_graphs: [6, 8]
heuristic: bcc_heuristic
snake: False
run_uni: True
run_bi: True
run_multi: False
solution_vertices: []
algorithms: ['IDA']
lookahead: 1
bsd: False
cube_first_dims: 4
cube_buffer_dim: None
backward_sym_generation: False
sym_coil: False
prefix_set: None

---------- SM_Grids/6x8_grid_with_random_blocks_8per_0 ----------
[00:00:02:10:880] Valid states checked so far: 200,000, Expansions: 116,225, Global best: 41
[00:00:04:05:242] Valid states checked so far: 400,000, Expansions: 237,404, Global best: 41
[00:00:04:58:648] Path of length 40 found: [0, 1, 9, 8, 16, 24, 32, 40, 41, 33, 25, 17, 18, 10, 11, 3, 4, 12, 20, 19, 27, 26, 34, 42, 43, 35, 36, 28, 29, 21, 13, 5, 6, 14, 15, 23, 31, 30, 38, 46, 47]
[00:00:04:58:648] ! Unidirectional s-t. expansions: 292,359, time: 298,648 [ms], path length: 40 [edges], generated: 490,429
[00:00:02:03:289] Valid states checked so far: 200,000, Expansions: 116,660, Global best: 41
[00:00:03:12:548] Path of length 40 found: [47, 46, 38, 39, 31, 23, 15, 7, 6, 14, 13, 5, 4, 3, 11, 12, 20, 21, 29, 37, 36, 28, 27, 19, 18, 26, 25, 33, 34, 35, 43, 42, 41, 40, 32, 24, 16, 17, 9, 1, 0]
[00:00:03:12:548] ! Unidirectional t-s. expansions: 186,750, time: 192,548 [ms], path length: 40 [edges], generated: 317,877
[00:00:15:13:169] Path of length 40 found: [0, 1, 9, 8, 16, 24, 32, 40, 41, 33, 25, 17, 18, 10, 11, 3, 4, 12, 20, 19, 27, 26, 34, 42, 43, 35, 36, 28, 29, 21, 13, 5, 6, 14, 15, 23, 31, 39, 38, 46, 47]
[00:00:15:13:646] ! Bidirectional. expansions: 302,868, time: 913,169 [ms], path length: 40 [edges], g_F: 34, g_B: 6, generated: 0, MM: 28, MMPER: 67.29268292682927%
[00:00:15:13:646] 
---------- SM_Grids/6x8_grid_with_random_blocks_8per_1 ----------
[00:00:00:03:712] Path of length 42 found: [0, 8, 16, 24, 32, 40, 41, 33, 25, 17, 18, 10, 11, 3, 4, 12, 13, 21, 22, 14, 6, 7, 15, 23, 31, 30, 29, 28, 20, 19, 27, 26, 34, 42, 43, 35, 36, 44, 45, 37, 38, 46, 47]
[00:00:00:03:713] ! Unidirectional s-t. expansions: 2,489, time: 3,712 [ms], path length: 42 [edges], generated: 4,506
[00:00:00:21:220] Path of length 42 found: [47, 39, 31, 23, 15, 7, 6, 14, 13, 12, 4, 3, 11, 10, 18, 17, 25, 33, 34, 26, 27, 19, 20, 28, 36, 37, 29, 21, 22, 30, 38, 46, 45, 44, 43, 42, 41, 40, 32, 24, 16, 8, 0]
[00:00:00:21:221] ! Unidirectional t-s. expansions: 16,945, time: 21,221 [ms], path length: 42 [edges], generated: 27,992
[00:00:00:48:709] Path of length 42 found: [0, 8, 16, 24, 32, 40, 41, 33, 25, 17, 18, 10, 11, 3, 4, 12, 13, 21, 20, 19, 27, 26, 34, 42, 43, 35, 36, 28, 29, 37, 45, 46, 38, 30, 22, 14, 6, 7, 15, 23, 31, 39, 47]
[00:00:00:49:070] ! Bidirectional. expansions: 14,594, time: 48,710 [ms], path length: 42 [edges], g_F: 26, g_B: 16, generated: 0, MM: 10, MMPER: 22.25581395348837%
[00:00:00:49:070] 
---------- SM_Grids/6x8_grid_with_random_blocks_8per_2 ----------
[00:00:01:02:821] Path of length 40 found: [0, 8, 16, 24, 32, 40, 41, 42, 34, 33, 25, 17, 9, 1, 2, 3, 11, 10, 18, 26, 27, 19, 20, 28, 36, 44, 45, 37, 29, 21, 22, 14, 6, 7, 15, 23, 31, 30, 38, 46, 47]
[00:00:01:02:822] ! Unidirectional s-t. expansions: 50,243, time: 62,821 [ms], path length: 40 [edges], generated: 89,931
[00:00:00:46:636] Path of length 40 found: [47, 39, 31, 23, 15, 7, 6, 14, 22, 21, 20, 12, 11, 3, 2, 10, 18, 19, 27, 28, 29, 30, 38, 46, 45, 37, 36, 35, 34, 26, 25, 33, 41, 40, 32, 24, 16, 17, 9, 1, 0]
[00:00:00:46:636] ! Unidirectional t-s. expansions: 39,593, time: 46,636 [ms], path length: 40 [edges], generated: 70,749
[00:00:06:07:988] Path of length 40 found: [0, 8, 16, 24, 32, 40, 41, 42, 34, 33, 25, 17, 9, 1, 2, 3, 11, 10, 18, 26, 27, 35, 36, 44, 45, 46, 38, 30, 29, 28, 20, 21, 22, 14, 6, 7, 15, 23, 31, 39, 47]
[00:00:06:08:356] ! Bidirectional. expansions: 115,218, time: 367,988 [ms], path length: 40 [edges], g_F: 28, g_B: 12, generated: 0, MM: 16, MMPER: 38.02439024390244%
[00:00:06:08:356] 
---------- SM_Grids/6x8_grid_with_random_blocks_8per_3 ----------
[00:00:00:25:274] Path of length 42 found: [0, 8, 9, 1, 2, 10, 18, 17, 25, 24, 32, 40, 41, 33, 34, 26, 27, 19, 11, 3, 4, 12, 20, 28, 36, 35, 43, 44, 45, 37, 29, 21, 13, 14, 6, 7, 15, 23, 31, 30, 38, 46, 47]
[00:00:00:25:274] ! Unidirectional s-t. expansions: 22,816, time: 25,274 [ms], path length: 42 [edges], generated: 37,792
[00:00:00:43:305] Path of length 42 found: [47, 39, 31, 23, 15, 7, 6, 14, 13, 12, 4, 3, 2, 10, 11, 19, 18, 26, 34, 35, 27, 28, 20, 21, 29, 30, 38, 46, 45, 37, 36, 44, 43, 42, 41, 40, 32, 24, 25, 17, 9, 1, 0]
[00:00:00:43:305] ! Unidirectional t-s. expansions: 37,730, time: 43,305 [ms], path length: 42 [edges], generated: 63,812
[00:00:02:12:420] Path of length 42 found: [0, 8, 9, 1, 2, 10, 18, 17, 25, 24, 32, 40, 41, 33, 34, 42, 43, 35, 36, 44, 45, 46, 38, 30, 29, 21, 20, 28, 27, 19, 11, 3, 4, 12, 13, 14, 6, 7, 15, 23, 31, 39, 47]
[00:00:02:12:777] ! Bidirectional. expansions: 42,932, time: 132,420 [ms], path length: 42 [edges], g_F: 24, g_B: 18, generated: 0, MM: 6, MMPER: 12.953488372093023%
[00:00:02:12:778] 
---------- SM_Grids/6x8_grid_with_random_blocks_8per_4 ----------
[00:00:01:53:793] Path of length 42 found: [0, 1, 9, 17, 16, 24, 32, 40, 41, 33, 25, 26, 18, 10, 2, 3, 11, 19, 27, 35, 34, 42, 43, 44, 45, 37, 36, 28, 20, 12, 4, 5, 6, 7, 15, 14, 13, 21, 29, 30, 38, 39, 47]
[00:00:01:53:793] ! Unidirectional s-t. expansions: 109,342, time: 113,793 [ms], path length: 42 [edges], generated: 175,843
[00:00:00:48:948] Path of length 42 found: [47, 39, 31, 30, 38, 37, 45, 44, 36, 28, 29, 21, 22, 14, 15, 7, 6, 5, 13, 12, 4, 3, 2, 10, 11, 19, 18, 26, 27, 35, 43, 42, 34, 33, 41, 40, 32, 24, 16, 17, 9, 1, 0]
[00:00:00:48:948] ! Unidirectional t-s. expansions: 42,015, time: 48,948 [ms], path length: 42 [edges], generated: 71,676
[00:00:03:05:541] Path of length 42 found: [0, 1, 9, 17, 16, 24, 32, 40, 41, 33, 25, 26, 18, 10, 2, 3, 4, 5, 6, 7, 15, 14, 22, 21, 13, 12, 11, 19, 27, 28, 36, 35, 34, 42, 43, 44, 45, 37, 38, 30, 31, 39, 47]
[00:00:03:05:928] ! Bidirectional. expansions: 59,562, time: 185,541 [ms], path length: 42 [edges], g_F: 29, g_B: 13, generated: 0, MM: 16, MMPER: 36.2093023255814%
[00:00:03:05:928] 
---------- SM_Grids/6x8_grid_with_random_blocks_8per_5 ----------
[00:00:00:08:533] Path of length 42 found: [0, 8, 16, 17, 9, 1, 2, 10, 18, 26, 25, 33, 32, 40, 41, 42, 43, 44, 36, 28, 27, 19, 11, 3, 4, 5, 13, 12, 20, 21, 29, 37, 45, 46, 38, 30, 22, 14, 15, 23, 31, 39, 47]
[00:00:00:08:533] ! Unidirectional s-t. expansions: 5,967, time: 8,533 [ms], path length: 42 [edges], generated: 10,535
[00:00:00:09:999] Path of length 42 found: [47, 39, 31, 23, 15, 14, 13, 5, 4, 3, 2, 1, 9, 10, 18, 26, 27, 19, 11, 12, 20, 28, 36, 37, 29, 21, 22, 30, 38, 46, 45, 44, 43, 42, 41, 40, 32, 33, 25, 17, 16, 8, 0]
[00:00:00:09:999] ! Unidirectional t-s. expansions: 7,555, time: 9,999 [ms], path length: 42 [edges], generated: 12,172
[00:00:01:28:085] Path of length 42 found: [0, 8, 16, 17, 9, 1, 2, 3, 4, 5, 13, 12, 20, 28, 27, 19, 11, 10, 18, 26, 25, 33, 32, 40, 41, 42, 43, 44, 36, 37, 45, 46, 38, 30, 29, 21, 22, 14, 15, 23, 31, 39, 47]
[00:00:01:28:461] ! Bidirectional. expansions: 27,930, time: 88,085 [ms], path length: 42 [edges], g_F: 21, g_B: 21, generated: 0, MM: 0, MMPER: -1.0%
[00:00:01:28:461] 
---------- SM_Grids/6x8_grid_with_random_blocks_8per_6 ----------
[00:00:00:12:283] Path of length 42 found: [0, 8, 16, 24, 32, 40, 41, 33, 25, 17, 18, 10, 11, 19, 27, 26, 34, 42, 43, 35, 36, 44, 45, 37, 29, 28, 20, 12, 4, 5, 13, 21, 22, 14, 6, 7, 15, 23, 31, 30, 38, 46, 47]
[00:00:00:12:283] ! Unidirectional s-t. expansions: 10,157, time: 12,283 [ms], path length: 42 [edges], generated: 17,735
[00:00:00:44:195] Path of length 42 found: [47, 39, 31, 23, 15, 7, 6, 5, 4, 12, 11, 10, 18, 17, 25, 33, 34, 26, 27, 19, 20, 28, 36, 37, 29, 21, 13, 14, 22, 30, 38, 46, 45, 44, 43, 42, 41, 40, 32, 24, 16, 8, 0]
[00:00:00:44:195] ! Unidirectional t-s. expansions: 37,835, time: 44,195 [ms], path length: 42 [edges], generated: 63,744
[00:00:01:48:072] Path of length 42 found: [0, 8, 16, 24, 32, 40, 41, 33, 25, 17, 18, 10, 11, 19, 20, 21, 29, 37, 36, 28, 27, 26, 34, 42, 43, 44, 45, 46, 38, 30, 22, 14, 13, 12, 4, 5, 6, 7, 15, 23, 31, 39, 47]
[00:00:01:48:424] ! Bidirectional. expansions: 35,061, time: 108,072 [ms], path length: 42 [edges], g_F: 20, g_B: 22, generated: 0, MM: 2, MMPER: 3.6511627906976747%
[00:00:01:48:424] 
---------- SM_Grids/6x8_grid_with_random_blocks_8per_7 ----------
[00:00:00:00:103] Path of length 44 found: [0, 8, 16, 24, 32, 40, 41, 33, 25, 17, 9, 1, 2, 10, 18, 26, 34, 42, 43, 35, 27, 19, 20, 12, 11, 3, 4, 5, 6, 14, 15, 23, 22, 21, 29, 37, 36, 44, 45, 46, 38, 30, 31, 39, 47]
[00:00:00:00:103] ! Unidirectional s-t. expansions: 46, time: 103 [ms], path length: 44 [edges], generated: 76
[00:00:00:00:067] Path of length 44 found: [47, 39, 31, 23, 15, 14, 6, 5, 4, 3, 2, 1, 9, 17, 25, 33, 34, 26, 18, 10, 11, 12, 20, 19, 27, 35, 36, 37, 29, 21, 22, 30, 38, 46, 45, 44, 43, 42, 41, 40, 32, 24, 16, 8, 0]
[00:00:00:00:067] ! Unidirectional t-s. expansions: 43, time: 67 [ms], path length: 44 [edges], generated: 71
[00:00:00:00:202] Path of length 44 found: [0, 8, 16, 24, 32, 40, 41, 33, 25, 17, 9, 1, 2, 10, 18, 26, 34, 42, 43, 44, 45, 46, 38, 30, 22, 21, 29, 37, 36, 35, 27, 19, 20, 12, 11, 3, 4, 5, 6, 14, 15, 23, 31, 39, 47]
[00:00:00:00:549] ! Bidirectional. expansions: 64, time: 202 [ms], path length: 44 [edges], g_F: 32, g_B: 12, generated: 0, MM: 20, MMPER: 43.44444444444444%
[00:00:00:00:549] 
---------- SM_Grids/6x8_grid_with_random_blocks_8per_8 ----------
[00:00:00:30:410] Path of length 42 found: [0, 8, 16, 24, 32, 40, 41, 33, 25, 17, 9, 1, 2, 10, 18, 26, 27, 35, 43, 44, 36, 28, 20, 19, 11, 3, 4, 12, 13, 5, 6, 7, 15, 14, 22, 21, 29, 37, 38, 30, 31, 39, 47]
[00:00:00:30:411] ! Unidirectional s-t. expansions: 20,683, time: 30,410 [ms], path length: 42 [edges], generated: 35,338
[00:00:00:13:296] Path of length 42 found: [47, 46, 38, 39, 31, 30, 22, 14, 15, 7, 6, 5, 4, 3, 2, 10, 18, 26, 27, 19, 11, 12, 13, 21, 20, 28, 29, 37, 36, 35, 43, 42, 41, 40, 32, 33, 25, 24, 16, 17, 9, 1, 0]
[00:00:00:13:297] ! Unidirectional t-s. expansions: 10,858, time: 13,297 [ms], path length: 42 [edges], generated: 18,534
[00:00:02:13:470] Path of length 42 found: [0, 8, 16, 24, 32, 40, 41, 33, 25, 17, 18, 26, 27, 35, 43, 44, 36, 37, 29, 28, 20, 21, 13, 12, 11, 10, 9, 1, 2, 3, 4, 5, 6, 7, 15, 14, 22, 30, 31, 39, 38, 46, 47]
[00:00:02:13:854] ! Bidirectional. expansions: 43,147, time: 133,470 [ms], path length: 42 [edges], g_F: 12, g_B: 30, generated: 0, MM: 18, MMPER: 40.86046511627907%
[00:00:02:13:854] 
---------- SM_Grids/6x8_grid_with_random_blocks_8per_9 ----------
[00:00:00:00:439] Path of length 44 found: [0, 1, 9, 10, 2, 3, 11, 12, 20, 28, 27, 19, 18, 26, 25, 17, 16, 24, 32, 33, 41, 42, 34, 35, 43, 44, 36, 37, 45, 46, 38, 30, 29, 21, 13, 5, 6, 7, 15, 14, 22, 23, 31, 39, 47]
[00:00:00:00:439] ! Unidirectional s-t. expansions: 222, time: 439 [ms], path length: 44 [edges], generated: 409
[00:00:00:00:146] Path of length 44 found: [47, 39, 31, 23, 15, 7, 6, 5, 13, 14, 22, 21, 29, 30, 38, 46, 45, 37, 36, 44, 43, 35, 34, 42, 41, 33, 32, 24, 16, 17, 25, 26, 18, 19, 27, 28, 20, 12, 11, 3, 2, 10, 9, 1, 0]
[00:00:00:00:147] ! Unidirectional t-s. expansions: 94, time: 146 [ms], path length: 44 [edges], generated: 168
[00:00:00:08:430] Path of length 44 found: [0, 1, 9, 10, 2, 3, 11, 12, 20, 28, 27, 19, 18, 26, 25, 17, 16, 24, 32, 33, 41, 42, 34, 35, 43, 44, 36, 37, 45, 46, 38, 30, 29, 21, 22, 14, 13, 5, 6, 7, 15, 23, 31, 39, 47]
[00:00:00:08:797] ! Bidirectional. expansions: 2,061, time: 8,430 [ms], path length: 44 [edges], g_F: 17, g_B: 27, generated: 0, MM: 10, MMPER: 21.22222222222222%

[00:00:00:08:797] average expansions: (51,432, 37,942, 64,344, 0)
[00:00:00:08:797] average time: (55,602, 42,036, 198,609, 0)
[00:00:00:08:797] XIDA: 37,942 , 42,036 (expansions , time[ms])
[00:00:00:08:797] BiXIDA: 64,344 , 198,609 (expansions , time[ms])

