------------------------------------
Thu 01 Oct 2026 13:47:36 IDT
SLURM_JOBID:		21947733
SLURM_JOB_NODELIST:	ise-cpu256-32
SLURM_SCRATCH_DIR:	/scratch/shubit/21947733
Allocated Resouces:	cpu - 2 / mem - 61440 MB / gpu - 
SLURM_GPU_INDEX:	
Running as shubit from shimony account with normal QOS
------------------------------------
Thu 01 Oct 2026 13:47:36 IDT

SLURM_JOBID:		 21947733
SLURM_JOB_NODELIST:	 ise-cpu256-32 

--------------------------
date: SM_Grids
number_of_graphs: 10
graph_type: grid
size_of_graphs: [6, 8]
heuristic: bcc_heuristic
snake: False
run_uni: True
run_bi: True
run_multi: False
solution_vertices: []
algorithms: ['DFBnB']
lookahead: -2
bsd: False
cube_first_dims: 4
cube_buffer_dim: None
backward_sym_generation: False
sym_coil: False
prefix_set: None

---------- SM_Grids/6x8_grid_with_random_blocks_20per_0 ----------
[00:00:00:00:182] Path of length 30 found: [0, 1, 2, 3, 11, 10, 18, 17, 16, 24, 32, 40, 41, 42, 34, 35, 27, 19, 20, 21, 13, 5, 6, 7, 15, 14, 22, 30, 31, 39, 47]
[00:00:00:00:182] ! Unidirectional s-t. expansions: 150, time: 182 [ms], path length: 30 [edges], generated: 234
[00:00:00:00:140] Path of length 30 found: [47, 39, 31, 30, 22, 23, 15, 7, 6, 5, 13, 21, 20, 19, 27, 35, 34, 42, 41, 40, 32, 24, 25, 17, 18, 10, 11, 3, 2, 1, 0]
[00:00:00:00:141] ! Unidirectional t-s. expansions: 130, time: 141 [ms], path length: 30 [edges], generated: 192
[00:00:00:00:178] Path of length 30 found: [0, 1, 2, 3, 11, 10, 18, 17, 16, 24, 32, 40, 41, 42, 34, 35, 27, 19, 20, 21, 13, 5, 6, 7, 15, 14, 22, 30, 31, 39, 47]
[00:00:00:00:583] ! Bidirectional. expansions: 153, time: 178 [ms], path length: 30 [edges], g_F: 30, g_B: 0, generated: 0, MM: 30, MMPER: 95.7741935483871%
[00:00:00:00:584] 
---------- SM_Grids/6x8_grid_with_random_blocks_20per_1 ----------
[00:00:00:00:300] Path of length 34 found: [0, 1, 2, 3, 11, 19, 27, 26, 25, 24, 32, 40, 41, 33, 34, 42, 43, 44, 45, 37, 36, 28, 20, 21, 13, 5, 6, 14, 15, 23, 31, 30, 38, 39, 47]
[00:00:00:00:300] ! Unidirectional s-t. expansions: 209, time: 300 [ms], path length: 34 [edges], generated: 316
[00:00:00:00:860] Path of length 34 found: [47, 39, 38, 30, 31, 23, 15, 7, 6, 5, 13, 21, 20, 28, 36, 37, 45, 44, 43, 35, 34, 42, 41, 40, 32, 24, 25, 26, 27, 19, 11, 3, 2, 1, 0]
[00:00:00:00:860] ! Unidirectional t-s. expansions: 671, time: 860 [ms], path length: 34 [edges], generated: 1,206
[00:00:00:00:282] Path of length 34 found: [0, 1, 2, 3, 11, 19, 27, 26, 25, 24, 32, 40, 41, 33, 34, 42, 43, 44, 45, 37, 36, 28, 20, 21, 13, 5, 6, 7, 15, 23, 31, 30, 38, 39, 47]
[00:00:00:00:656] ! Bidirectional. expansions: 226, time: 283 [ms], path length: 34 [edges], g_F: 20, g_B: 14, generated: 0, MM: 6, MMPER: 16.142857142857142%
[00:00:00:00:656] 
---------- SM_Grids/6x8_grid_with_random_blocks_20per_2 ----------
[00:00:00:00:145] Path of length 32 found: [0, 1, 2, 3, 11, 10, 9, 8, 16, 17, 25, 24, 32, 33, 34, 35, 43, 44, 36, 28, 29, 21, 13, 14, 6, 7, 15, 23, 31, 30, 38, 46, 47]
[00:00:00:00:145] ! Unidirectional s-t. expansions: 126, time: 145 [ms], path length: 32 [edges], generated: 204
[00:00:00:00:197] Path of length 32 found: [47, 46, 38, 39, 31, 23, 15, 7, 6, 14, 13, 21, 29, 28, 36, 44, 43, 35, 34, 26, 25, 33, 32, 24, 16, 17, 9, 10, 11, 3, 2, 1, 0]
[00:00:00:00:198] ! Unidirectional t-s. expansions: 149, time: 197 [ms], path length: 32 [edges], generated: 237
[00:00:00:00:249] Path of length 32 found: [0, 1, 2, 3, 11, 10, 9, 8, 16, 17, 25, 24, 32, 33, 34, 35, 43, 44, 36, 28, 29, 21, 13, 14, 6, 7, 15, 23, 31, 30, 38, 46, 47]
[00:00:00:00:614] ! Bidirectional. expansions: 205, time: 249 [ms], path length: 32 [edges], g_F: 30, g_B: 2, generated: 0, MM: 28, MMPER: 83.84848484848484%
[00:00:00:00:614] 
---------- SM_Grids/6x8_grid_with_random_blocks_20per_3 ----------
[00:00:00:00:100] Path of length 34 found: [0, 8, 16, 24, 32, 40, 41, 33, 34, 42, 43, 35, 27, 26, 18, 10, 11, 12, 13, 21, 22, 14, 6, 7, 15, 23, 31, 39, 38, 37, 36, 44, 45, 46, 47]
[00:00:00:00:100] ! Unidirectional s-t. expansions: 72, time: 100 [ms], path length: 34 [edges], generated: 115
[00:00:00:00:228] Path of length 34 found: [47, 39, 31, 23, 15, 7, 6, 14, 22, 21, 13, 12, 11, 10, 18, 26, 27, 35, 36, 37, 38, 46, 45, 44, 43, 42, 34, 33, 41, 40, 32, 24, 16, 8, 0]
[00:00:00:00:229] ! Unidirectional t-s. expansions: 145, time: 228 [ms], path length: 34 [edges], generated: 229
[00:00:00:00:172] Path of length 34 found: [0, 8, 16, 24, 32, 40, 41, 33, 34, 42, 43, 44, 45, 46, 38, 37, 36, 35, 27, 26, 18, 10, 11, 12, 13, 21, 22, 14, 6, 7, 15, 23, 31, 39, 47]
[00:00:00:00:534] ! Bidirectional. expansions: 92, time: 172 [ms], path length: 34 [edges], g_F: 17, g_B: 17, generated: 0, MM: 0, MMPER: -1.0%
[00:00:00:00:535] 
---------- SM_Grids/6x8_grid_with_random_blocks_20per_4 ----------
[00:00:00:00:298] Path of length 32 found: [0, 8, 16, 24, 32, 40, 41, 42, 34, 26, 25, 17, 9, 1, 2, 10, 11, 3, 4, 12, 20, 21, 22, 14, 15, 23, 31, 39, 38, 37, 45, 46, 47]
[00:00:00:00:298] ! Unidirectional s-t. expansions: 216, time: 298 [ms], path length: 32 [edges], generated: 363
[00:00:00:00:164] Path of length 32 found: [47, 46, 45, 37, 38, 39, 31, 23, 15, 14, 6, 5, 4, 12, 20, 19, 11, 3, 2, 10, 9, 17, 25, 26, 34, 42, 41, 33, 32, 24, 16, 8, 0]
[00:00:00:00:165] ! Unidirectional t-s. expansions: 133, time: 164 [ms], path length: 32 [edges], generated: 238
[00:00:00:00:386] Path of length 32 found: [0, 8, 16, 24, 32, 40, 41, 42, 34, 26, 25, 17, 9, 1, 2, 10, 11, 19, 20, 12, 4, 5, 6, 14, 15, 23, 31, 39, 38, 37, 45, 46, 47]
[00:00:00:00:756] ! Bidirectional. expansions: 314, time: 386 [ms], path length: 32 [edges], g_F: 18, g_B: 14, generated: 0, MM: 4, MMPER: 11.121212121212121%
[00:00:00:00:756] 
---------- SM_Grids/6x8_grid_with_random_blocks_20per_5 ----------
[00:00:00:00:458] Path of length 28 found: [0, 8, 16, 17, 9, 1, 2, 10, 11, 3, 4, 12, 20, 19, 18, 26, 25, 24, 32, 40, 41, 42, 43, 44, 45, 37, 38, 46, 47]
[00:00:00:00:458] ! Unidirectional s-t. expansions: 263, time: 458 [ms], path length: 28 [edges], generated: 487
[00:00:00:00:095] Path of length 28 found: [47, 46, 38, 37, 45, 44, 43, 42, 41, 40, 32, 24, 16, 8, 9, 17, 25, 26, 27, 19, 18, 10, 11, 12, 4, 3, 2, 1, 0]
[00:00:00:00:096] ! Unidirectional t-s. expansions: 63, time: 95 [ms], path length: 28 [edges], generated: 115
[00:00:00:00:293] Path of length 28 found: [0, 8, 16, 17, 9, 1, 2, 10, 11, 3, 4, 12, 20, 19, 27, 26, 25, 24, 32, 40, 41, 42, 43, 44, 45, 37, 38, 46, 47]
[00:00:00:00:712] ! Bidirectional. expansions: 193, time: 293 [ms], path length: 28 [edges], g_F: 13, g_B: 15, generated: 0, MM: 2, MMPER: 5.896551724137931%
[00:00:00:00:712] 
---------- SM_Grids/6x8_grid_with_random_blocks_20per_6 ----------
[00:00:00:00:139] Path of length 28 found: [0, 8, 16, 24, 32, 40, 41, 33, 25, 17, 18, 10, 2, 3, 11, 12, 20, 19, 27, 35, 43, 44, 36, 28, 29, 37, 38, 39, 47]
[00:00:00:00:139] ! Unidirectional s-t. expansions: 79, time: 139 [ms], path length: 28 [edges], generated: 141
[00:00:00:00:149] Path of length 28 found: [47, 39, 38, 37, 29, 28, 36, 44, 43, 35, 27, 19, 20, 12, 11, 3, 2, 10, 18, 17, 25, 33, 41, 40, 32, 24, 16, 8, 0]
[00:00:00:00:150] ! Unidirectional t-s. expansions: 95, time: 149 [ms], path length: 28 [edges], generated: 158
[00:00:00:00:147] Path of length 28 found: [0, 8, 16, 24, 32, 40, 41, 33, 25, 17, 18, 10, 2, 3, 11, 12, 20, 19, 27, 35, 43, 44, 36, 28, 29, 37, 38, 39, 47]
[00:00:00:00:513] ! Bidirectional. expansions: 84, time: 147 [ms], path length: 28 [edges], g_F: 25, g_B: 3, generated: 0, MM: 22, MMPER: 74.86206896551724%
[00:00:00:00:513] 
---------- SM_Grids/6x8_grid_with_random_blocks_20per_7 ----------
[00:00:00:00:082] Path of length 32 found: [0, 8, 16, 17, 25, 33, 41, 42, 34, 26, 18, 10, 9, 1, 2, 3, 4, 5, 6, 14, 13, 12, 20, 28, 36, 37, 45, 46, 38, 30, 31, 39, 47]
[00:00:00:00:083] ! Unidirectional s-t. expansions: 54, time: 82 [ms], path length: 32 [edges], generated: 90
[00:00:00:00:045] Path of length 32 found: [47, 39, 31, 30, 38, 46, 45, 37, 36, 28, 20, 21, 13, 14, 6, 5, 4, 3, 2, 1, 9, 10, 18, 26, 34, 42, 41, 33, 25, 17, 16, 8, 0]
[00:00:00:00:046] ! Unidirectional t-s. expansions: 32, time: 46 [ms], path length: 32 [edges], generated: 52
[00:00:00:00:109] Path of length 32 found: [0, 8, 16, 17, 25, 33, 41, 42, 34, 26, 18, 10, 9, 1, 2, 3, 4, 5, 6, 14, 13, 12, 20, 28, 36, 37, 45, 46, 38, 30, 31, 39, 47]
[00:00:00:00:476] ! Bidirectional. expansions: 73, time: 110 [ms], path length: 32 [edges], g_F: 22, g_B: 10, generated: 0, MM: 12, MMPER: 35.36363636363637%
[00:00:00:00:476] 
---------- SM_Grids/6x8_grid_with_random_blocks_20per_8 ----------
[00:00:00:00:048] Path of length 34 found: [0, 1, 9, 8, 16, 17, 25, 33, 34, 26, 27, 19, 11, 12, 20, 28, 36, 35, 43, 44, 45, 37, 29, 21, 13, 5, 6, 14, 22, 23, 31, 30, 38, 39, 47]
[00:00:00:00:049] ! Unidirectional s-t. expansions: 34, time: 49 [ms], path length: 34 [edges], generated: 56
[00:00:00:00:291] Path of length 34 found: [47, 39, 31, 23, 22, 14, 6, 5, 13, 12, 11, 19, 20, 21, 29, 30, 38, 37, 45, 44, 43, 35, 36, 28, 27, 26, 34, 33, 25, 17, 16, 8, 9, 1, 0]
[00:00:00:00:292] ! Unidirectional t-s. expansions: 201, time: 291 [ms], path length: 34 [edges], generated: 339
[00:00:00:00:062] Path of length 34 found: [0, 1, 9, 8, 16, 17, 25, 33, 34, 26, 27, 19, 11, 12, 20, 28, 36, 35, 43, 44, 45, 37, 38, 30, 29, 21, 13, 5, 6, 14, 22, 23, 31, 39, 47]
[00:00:00:00:429] ! Bidirectional. expansions: 36, time: 62 [ms], path length: 34 [edges], g_F: 30, g_B: 4, generated: 0, MM: 26, MMPER: 73.28571428571429%
[00:00:00:00:429] 
---------- SM_Grids/6x8_grid_with_random_blocks_20per_9 ----------
[00:00:00:00:155] Path of length 28 found: [0, 1, 2, 3, 11, 10, 9, 17, 16, 24, 32, 40, 41, 33, 34, 42, 43, 35, 27, 19, 20, 28, 36, 37, 45, 46, 38, 39, 47]
[00:00:00:00:156] ! Unidirectional s-t. expansions: 73, time: 155 [ms], path length: 28 [edges], generated: 118
[00:00:00:00:088] Path of length 28 found: [47, 39, 38, 46, 45, 37, 29, 28, 20, 19, 27, 26, 34, 35, 43, 42, 41, 33, 32, 24, 16, 17, 9, 10, 11, 3, 2, 1, 0]
[00:00:00:00:088] ! Unidirectional t-s. expansions: 55, time: 88 [ms], path length: 28 [edges], generated: 92
[00:00:00:00:118] Path of length 28 found: [0, 1, 2, 3, 11, 10, 9, 17, 16, 24, 32, 40, 41, 33, 34, 42, 43, 35, 27, 19, 20, 28, 29, 37, 45, 46, 38, 39, 47]
[00:00:00:00:469] ! Bidirectional. expansions: 76, time: 118 [ms], path length: 28 [edges], g_F: 21, g_B: 7, generated: 0, MM: 14, MMPER: 47.275862068965516%

[00:00:00:00:470] average expansions: (128, 167, 145, 0)
[00:00:00:00:470] average time: (191, 226, 200, 0)
[00:00:00:00:470] XDFBnB: 128 , 191 (expansions , time[ms])
[00:00:00:00:470] BiXDFBnB: 145 , 200 (expansions , time[ms])

