------------------------------------
Thu 01 Oct 2026 10:43:14 IDT
SLURM_JOBID:		21942698
SLURM_JOB_NODELIST:	ise-cpu256-30
SLURM_SCRATCH_DIR:	/scratch/shubit/21942698
Allocated Resouces:	cpu - 2 / mem - 61440 MB / gpu - 
SLURM_GPU_INDEX:	
Running as shubit from shimony account with normal QOS
------------------------------------
Thu 01 Oct 2026 10:43:14 IDT

SLURM_JOBID:		 21942698
SLURM_JOB_NODELIST:	 ise-cpu256-30 

--------------------------
date: SM_Grids
number_of_graphs: 10
graph_type: grid
size_of_graphs: [6, 8]
heuristic: bcc_heuristic
snake: False
run_uni: True
run_bi: True
run_multi: False
solution_vertices: []
algorithms: ['A']
lookahead: 3
bsd: False
cube_first_dims: 4
cube_buffer_dim: None
backward_sym_generation: False
sym_coil: False
prefix_set: None

---------- SM_Grids/6x8_grid_with_random_blocks_8per_0 ----------
[00:00:00:48:145] Expansion 10,000: state None, f=42, g=30
[00:00:01:18:602] Expansion 20,000: state None, f=41, g=36
[00:00:02:10:517] Expansion 30,000: state None, f=41, g=12
[00:00:02:18:093] Path of length 40 found: [0, 1, 9, 8, 16, 17, 25, 24, 32, 40, 41, 33, 34, 42, 43, 44, 36, 35, 27, 26, 18, 10, 11, 3, 4, 12, 20, 28, 29, 21, 13, 5, 6, 14, 15, 23, 31, 30, 38, 46, 47]
[00:00:02:18:093] ! Unidirectional s-t. expansions: 30,887, time: 138,093 [ms], path length: 40 [edges], generated: 301,832
[00:00:00:46:380] Expansion 10,000: state None, f=41, g=30
[00:00:01:20:157] Expansion 20,000: state None, f=41, g=30
[00:00:01:57:635] Expansion 30,000: state None, f=41, g=33
[00:00:02:37:641] Expansion 40,000: state None, f=41, g=36
[00:00:02:42:855] Path of length 40 found: [47, 46, 38, 39, 31, 23, 15, 7, 6, 14, 13, 5, 4, 3, 11, 12, 20, 21, 29, 28, 36, 44, 43, 42, 41, 40, 32, 24, 16, 17, 25, 33, 34, 35, 27, 19, 18, 10, 9, 1, 0]
[00:00:02:42:855] ! Unidirectional t-s. expansions: 40,726, time: 162,855 [ms], path length: 40 [edges], generated: 397,296
[00:00:05:36:471] Expansions: 50,000. F states: 338,592, B states: 174,280. Checks: 890,973)
[00:00:06:13:145] Path of length 40 found: [0, 1, 9, 8, 16, 24, 32, 40, 41, 42, 43, 44, 36, 37, 29, 21, 20, 28, 27, 35, 34, 33, 25, 17, 18, 10, 11, 3, 4, 5, 13, 14, 6, 7, 15, 23, 31, 39, 38, 46, 47]
[00:00:06:13:498] ! Bidirectional. expansions: 54,129, time: 373,145 [ms], path length: 40 [edges], g_F: 27, g_B: 13, generated: 0, MM: 14, MMPER: 33.146341463414636%
[00:00:06:13:498] 
---------- SM_Grids/6x8_grid_with_random_blocks_8per_1 ----------
[00:00:00:04:720] Path of length 42 found: [0, 8, 16, 24, 32, 40, 41, 33, 25, 17, 18, 10, 11, 3, 4, 12, 13, 21, 22, 14, 6, 7, 15, 23, 31, 30, 29, 28, 20, 19, 27, 26, 34, 42, 43, 35, 36, 44, 45, 37, 38, 46, 47]
[00:00:00:04:721] ! Unidirectional s-t. expansions: 810, time: 4,720 [ms], path length: 42 [edges], generated: 9,946
[00:00:00:26:681] Path of length 42 found: [47, 46, 45, 44, 43, 35, 36, 37, 38, 39, 31, 30, 29, 28, 27, 19, 20, 21, 22, 23, 15, 7, 6, 14, 13, 12, 4, 3, 11, 10, 18, 17, 25, 26, 34, 42, 41, 33, 32, 24, 16, 8, 0]
[00:00:00:26:681] ! Unidirectional t-s. expansions: 5,530, time: 26,681 [ms], path length: 42 [edges], generated: 56,995
[00:00:00:20:113] Path of length 42 found: [0, 8, 16, 24, 32, 40, 41, 33, 25, 17, 18, 10, 11, 3, 4, 12, 13, 21, 20, 19, 27, 26, 34, 42, 43, 35, 36, 28, 29, 37, 45, 46, 38, 30, 22, 14, 6, 7, 15, 23, 31, 39, 47]
[00:00:00:20:441] ! Bidirectional. expansions: 2,394, time: 20,113 [ms], path length: 42 [edges], g_F: 26, g_B: 16, generated: 0, MM: 10, MMPER: 22.25581395348837%
[00:00:00:20:442] 
---------- SM_Grids/6x8_grid_with_random_blocks_8per_2 ----------
[00:00:00:42:158] Path of length 40 found: [0, 1, 9, 10, 2, 3, 11, 12, 20, 21, 22, 14, 6, 7, 15, 23, 31, 30, 29, 28, 27, 19, 18, 26, 25, 17, 16, 24, 32, 40, 41, 42, 34, 35, 36, 44, 45, 46, 38, 39, 47]
[00:00:00:42:159] ! Unidirectional s-t. expansions: 8,651, time: 42,159 [ms], path length: 40 [edges], generated: 98,904
[00:00:00:30:840] Path of length 40 found: [47, 39, 31, 23, 15, 7, 6, 14, 22, 30, 29, 37, 38, 46, 45, 44, 36, 35, 34, 42, 41, 40, 32, 33, 25, 24, 16, 8, 9, 17, 18, 26, 27, 28, 20, 12, 11, 3, 2, 1, 0]
[00:00:00:30:840] ! Unidirectional t-s. expansions: 6,968, time: 30,840 [ms], path length: 40 [edges], generated: 75,371
[00:00:03:07:966] Path of length 40 found: [0, 8, 16, 24, 25, 33, 32, 40, 41, 42, 34, 35, 27, 26, 18, 17, 9, 10, 2, 3, 11, 19, 20, 21, 29, 30, 22, 14, 6, 7, 15, 23, 31, 39, 38, 37, 36, 44, 45, 46, 47]
[00:00:03:08:299] ! Bidirectional. expansions: 24,054, time: 187,966 [ms], path length: 40 [edges], g_F: 23, g_B: 17, generated: 0, MM: 6, MMPER: 13.634146341463415%
[00:00:03:08:299] 
---------- SM_Grids/6x8_grid_with_random_blocks_8per_3 ----------
[00:00:00:26:329] Path of length 42 found: [0, 8, 9, 1, 2, 3, 4, 12, 13, 14, 6, 7, 15, 23, 31, 30, 29, 21, 20, 19, 11, 10, 18, 17, 25, 24, 32, 40, 41, 33, 34, 26, 27, 28, 36, 35, 43, 44, 45, 37, 38, 46, 47]
[00:00:00:26:329] ! Unidirectional s-t. expansions: 6,618, time: 26,329 [ms], path length: 42 [edges], generated: 63,266
[00:00:00:41:552] Path of length 42 found: [47, 46, 45, 44, 43, 35, 36, 37, 29, 30, 38, 39, 31, 23, 15, 7, 6, 14, 13, 21, 20, 28, 27, 19, 11, 12, 4, 3, 2, 10, 18, 26, 34, 42, 41, 40, 32, 24, 25, 17, 9, 1, 0]
[00:00:00:41:553] ! Unidirectional t-s. expansions: 9,130, time: 41,552 [ms], path length: 42 [edges], generated: 94,925
[00:00:01:00:649] Path of length 42 found: [0, 8, 9, 1, 2, 10, 11, 3, 4, 12, 20, 21, 13, 14, 6, 7, 15, 23, 31, 30, 29, 28, 27, 19, 18, 17, 25, 24, 32, 40, 41, 42, 34, 35, 43, 44, 36, 37, 45, 46, 38, 39, 47]
[00:00:01:00:982] ! Bidirectional. expansions: 7,836, time: 60,649 [ms], path length: 42 [edges], g_F: 26, g_B: 16, generated: 0, MM: 10, MMPER: 22.25581395348837%
[00:00:01:00:982] 
---------- SM_Grids/6x8_grid_with_random_blocks_8per_4 ----------
[00:00:00:38:467] Expansion 10,000: state None, f=43, g=27
[00:00:01:16:344] Expansion 20,000: state None, f=43, g=18
[00:00:01:38:064] Path of length 42 found: [0, 1, 2, 3, 4, 5, 6, 7, 15, 14, 13, 12, 11, 19, 27, 35, 34, 33, 25, 26, 18, 10, 9, 17, 16, 24, 32, 40, 41, 42, 43, 44, 45, 37, 36, 28, 20, 21, 29, 30, 38, 39, 47]
[00:00:01:38:064] ! Unidirectional s-t. expansions: 25,666, time: 98,064 [ms], path length: 42 [edges], generated: 240,787
[00:00:00:43:859] Expansion 10,000: state None, f=43, g=15
[00:00:01:00:435] Path of length 42 found: [47, 39, 31, 30, 38, 37, 45, 44, 43, 42, 41, 40, 32, 24, 16, 17, 25, 33, 34, 26, 27, 35, 36, 28, 29, 21, 22, 14, 15, 7, 6, 5, 13, 12, 4, 3, 11, 19, 18, 10, 2, 1, 0]
[00:00:01:00:435] ! Unidirectional t-s. expansions: 13,760, time: 60,435 [ms], path length: 42 [edges], generated: 147,222
[00:00:01:26:545] Path of length 42 found: [0, 1, 9, 17, 16, 24, 25, 26, 18, 19, 11, 10, 2, 3, 4, 12, 13, 5, 6, 7, 15, 14, 22, 21, 20, 28, 27, 35, 34, 33, 32, 40, 41, 42, 43, 44, 45, 37, 38, 30, 31, 39, 47]
[00:00:01:26:900] ! Bidirectional. expansions: 11,753, time: 86,546 [ms], path length: 42 [edges], g_F: 26, g_B: 16, generated: 0, MM: 10, MMPER: 22.25581395348837%
[00:00:01:26:900] 
---------- SM_Grids/6x8_grid_with_random_blocks_8per_5 ----------
[00:00:00:10:442] Path of length 42 found: [0, 1, 9, 8, 16, 17, 25, 26, 34, 33, 32, 40, 41, 42, 43, 44, 36, 37, 45, 46, 38, 30, 29, 21, 20, 28, 27, 19, 18, 10, 2, 3, 11, 12, 4, 5, 13, 14, 22, 23, 31, 39, 47]
[00:00:00:10:442] ! Unidirectional s-t. expansions: 2,001, time: 10,442 [ms], path length: 42 [edges], generated: 21,393
[00:00:00:11:918] Path of length 42 found: [47, 46, 45, 37, 38, 39, 31, 30, 29, 21, 22, 23, 15, 14, 13, 5, 4, 3, 2, 1, 9, 10, 11, 12, 20, 19, 27, 28, 36, 44, 43, 42, 41, 40, 32, 33, 34, 26, 18, 17, 16, 8, 0]
[00:00:00:11:918] ! Unidirectional t-s. expansions: 2,516, time: 11,918 [ms], path length: 42 [edges], generated: 24,496
[00:00:00:42:934] Path of length 42 found: [0, 8, 16, 17, 9, 1, 2, 10, 18, 19, 11, 3, 4, 5, 13, 12, 20, 21, 29, 37, 36, 28, 27, 26, 25, 33, 32, 40, 41, 42, 43, 44, 45, 46, 38, 30, 22, 14, 15, 23, 31, 39, 47]
[00:00:00:43:263] ! Bidirectional. expansions: 4,743, time: 42,934 [ms], path length: 42 [edges], g_F: 25, g_B: 17, generated: 0, MM: 8, MMPER: 17.6046511627907%
[00:00:00:43:263] 
---------- SM_Grids/6x8_grid_with_random_blocks_8per_6 ----------
[00:00:00:15:044] Path of length 42 found: [0, 8, 16, 24, 32, 40, 41, 33, 25, 17, 18, 10, 11, 19, 27, 26, 34, 42, 43, 35, 36, 44, 45, 37, 29, 28, 20, 12, 4, 5, 13, 21, 22, 14, 6, 7, 15, 23, 31, 30, 38, 46, 47]
[00:00:00:15:045] ! Unidirectional s-t. expansions: 3,356, time: 15,044 [ms], path length: 42 [edges], generated: 37,027
[00:00:00:43:429] Expansion 10,000: state None, f=43, g=15
[00:00:00:54:503] Path of length 42 found: [47, 46, 45, 44, 43, 35, 36, 37, 38, 39, 31, 30, 29, 28, 27, 19, 20, 21, 22, 23, 15, 7, 6, 14, 13, 5, 4, 12, 11, 10, 18, 17, 25, 26, 34, 42, 41, 33, 32, 24, 16, 8, 0]
[00:00:00:54:505] ! Unidirectional t-s. expansions: 12,316, time: 54,504 [ms], path length: 42 [edges], generated: 126,657
[00:00:00:48:372] Path of length 42 found: [0, 8, 16, 24, 32, 40, 41, 33, 25, 17, 18, 10, 11, 19, 20, 28, 27, 26, 34, 42, 43, 35, 36, 44, 45, 46, 38, 30, 29, 21, 22, 14, 13, 12, 4, 5, 6, 7, 15, 23, 31, 39, 47]
[00:00:00:48:709] ! Bidirectional. expansions: 5,925, time: 48,372 [ms], path length: 42 [edges], g_F: 28, g_B: 14, generated: 0, MM: 14, MMPER: 31.558139534883722%
[00:00:00:48:709] 
---------- SM_Grids/6x8_grid_with_random_blocks_8per_7 ----------
[00:00:00:00:150] Path of length 44 found: [0, 8, 16, 24, 32, 40, 41, 33, 25, 17, 9, 1, 2, 10, 18, 26, 34, 42, 43, 35, 27, 19, 20, 12, 11, 3, 4, 5, 6, 14, 15, 23, 22, 21, 29, 37, 36, 44, 45, 46, 38, 30, 31, 39, 47]
[00:00:00:00:151] ! Unidirectional s-t. expansions: 16, time: 150 [ms], path length: 44 [edges], generated: 167
[00:00:00:00:103] Path of length 44 found: [47, 39, 31, 23, 15, 14, 6, 5, 4, 3, 2, 1, 9, 17, 25, 33, 34, 26, 18, 10, 11, 12, 20, 19, 27, 35, 36, 37, 29, 21, 22, 30, 38, 46, 45, 44, 43, 42, 41, 40, 32, 24, 16, 8, 0]
[00:00:00:00:103] ! Unidirectional t-s. expansions: 15, time: 103 [ms], path length: 44 [edges], generated: 157
[00:00:00:00:163] Path of length 44 found: [0, 8, 16, 24, 32, 40, 41, 33, 25, 17, 9, 1, 2, 10, 18, 26, 34, 42, 43, 44, 45, 46, 38, 30, 22, 21, 29, 37, 36, 35, 27, 19, 20, 12, 11, 3, 4, 5, 6, 14, 15, 23, 31, 39, 47]
[00:00:00:00:490] ! Bidirectional. expansions: 18, time: 163 [ms], path length: 44 [edges], g_F: 29, g_B: 15, generated: 0, MM: 14, MMPER: 30.11111111111111%
[00:00:00:00:490] 
---------- SM_Grids/6x8_grid_with_random_blocks_8per_8 ----------
[00:00:00:23:479] Path of length 42 found: [0, 8, 16, 24, 25, 33, 32, 40, 41, 42, 43, 44, 36, 35, 27, 26, 18, 17, 9, 1, 2, 10, 11, 3, 4, 5, 6, 7, 15, 14, 22, 21, 13, 12, 20, 28, 29, 37, 38, 30, 31, 39, 47]
[00:00:00:23:479] ! Unidirectional s-t. expansions: 4,139, time: 23,479 [ms], path length: 42 [edges], generated: 44,242
[00:00:00:10:910] Path of length 42 found: [47, 46, 38, 39, 31, 30, 22, 21, 13, 14, 15, 7, 6, 5, 4, 12, 11, 3, 2, 10, 18, 19, 20, 28, 29, 37, 36, 44, 43, 35, 27, 26, 25, 33, 41, 40, 32, 24, 16, 17, 9, 1, 0]
[00:00:00:10:911] ! Unidirectional t-s. expansions: 2,481, time: 10,910 [ms], path length: 42 [edges], generated: 24,789
[00:00:00:41:211] Path of length 42 found: [0, 8, 9, 1, 2, 10, 11, 3, 4, 12, 20, 19, 27, 26, 18, 17, 16, 24, 25, 33, 32, 40, 41, 42, 43, 35, 36, 28, 29, 21, 13, 5, 6, 7, 15, 14, 22, 30, 31, 39, 38, 46, 47]
[00:00:00:41:543] ! Bidirectional. expansions: 5,061, time: 41,211 [ms], path length: 42 [edges], g_F: 27, g_B: 15, generated: 0, MM: 12, MMPER: 26.906976744186046%
[00:00:00:41:543] 
---------- SM_Grids/6x8_grid_with_random_blocks_8per_9 ----------
[00:00:00:00:650] Path of length 44 found: [0, 1, 9, 10, 2, 3, 11, 12, 20, 28, 27, 19, 18, 26, 25, 17, 16, 24, 32, 33, 41, 42, 34, 35, 43, 44, 36, 37, 45, 46, 38, 30, 29, 21, 13, 5, 6, 7, 15, 14, 22, 23, 31, 39, 47]
[00:00:00:00:650] ! Unidirectional s-t. expansions: 77, time: 650 [ms], path length: 44 [edges], generated: 986
[00:00:00:00:237] Path of length 44 found: [47, 39, 31, 23, 15, 7, 6, 5, 13, 14, 22, 21, 29, 30, 38, 46, 45, 37, 36, 44, 43, 35, 34, 42, 41, 33, 32, 24, 16, 17, 25, 26, 18, 19, 27, 28, 20, 12, 11, 3, 2, 10, 9, 1, 0]
[00:00:00:00:237] ! Unidirectional t-s. expansions: 31, time: 237 [ms], path length: 44 [edges], generated: 417
[00:00:00:01:189] Path of length 44 found: [0, 1, 9, 10, 2, 3, 11, 12, 20, 28, 27, 19, 18, 26, 25, 17, 16, 24, 32, 33, 41, 42, 34, 35, 43, 44, 36, 37, 45, 46, 38, 30, 29, 21, 22, 14, 13, 5, 6, 7, 15, 23, 31, 39, 47]
[00:00:00:01:517] ! Bidirectional. expansions: 77, time: 1,189 [ms], path length: 44 [edges], g_F: 24, g_B: 20, generated: 0, MM: 4, MMPER: 7.888888888888889%

[00:00:00:01:517] average expansions: (8,222, 9,347, 11,599, 0)
[00:00:00:01:517] average time: (35,913, 40,004, 86,229, 0)
[00:00:00:01:517] XA*: 8,222 , 35,913 (expansions , time[ms])
[00:00:00:01:517] BiXA*: 11,599 , 86,229 (expansions , time[ms])

