------------------------------------
Thu 01 Oct 2026 16:12:51 IDT
SLURM_JOBID:		21953375
SLURM_JOB_NODELIST:	ise-cpu256-02
SLURM_SCRATCH_DIR:	/scratch/shubit/21953375
Allocated Resouces:	cpu - 2 / mem - 61440 MB / gpu - 
SLURM_GPU_INDEX:	
Running as shubit from shimony account with normal QOS
------------------------------------
Thu 01 Oct 2026 16:12:51 IDT

SLURM_JOBID:		 21953375
SLURM_JOB_NODELIST:	 ise-cpu256-02 

--------------------------
date: SM_Grids
number_of_graphs: 10
graph_type: grid
size_of_graphs: [6, 8]
heuristic: bcc_heuristic
snake: False
run_uni: True
run_bi: True
run_multi: False
solution_vertices: []
algorithms: ['XMM']
lookahead: 2
bsd: False
cube_first_dims: 4
cube_buffer_dim: None
backward_sym_generation: False
sym_coil: False
prefix_set: None

---------- SM_Grids/6x8_grid_with_random_blocks_16per_0 ----------
[00:00:00:07:289] Path of length 34 found: [0, 8, 16, 24, 25, 26, 34, 42, 43, 44, 45, 37, 36, 28, 20, 19, 11, 10, 18, 17, 9, 1, 2, 3, 4, 5, 6, 14, 15, 23, 31, 30, 38, 46, 47]
[00:00:00:07:290] ! Unidirectional s-t. expansions: 3,140, time: 7,289 [ms], path length: 34 [edges], generated: 13,609
[00:00:00:05:886] Path of length 34 found: [47, 46, 45, 44, 43, 42, 34, 26, 25, 24, 16, 17, 18, 19, 11, 12, 20, 28, 36, 37, 38, 30, 31, 23, 15, 7, 6, 5, 4, 3, 2, 10, 9, 1, 0]
[00:00:00:05:887] ! Unidirectional t-s. expansions: 2,323, time: 5,886 [ms], path length: 34 [edges], generated: 11,163
[00:00:00:11:454] Path of length 34 found: [0, 8, 16, 24, 25, 17, 9, 1, 2, 3, 4, 5, 6, 14, 15, 23, 31, 30, 38, 37, 36, 28, 20, 12, 11, 19, 18, 26, 34, 42, 43, 44, 45, 46, 47]
[00:00:00:11:834] ! Bidirectional. expansions: 3,566, time: 11,454 [ms], path length: 34 [edges], g_F: 17, g_B: 17, generated: 6,568, MM: 0, MMPER: -1.0%
[00:00:00:11:834] 
---------- SM_Grids/6x8_grid_with_random_blocks_16per_1 ----------
[00:00:00:00:969] Path of length 32 found: [0, 8, 9, 1, 2, 10, 18, 17, 25, 26, 27, 35, 43, 44, 36, 28, 29, 21, 20, 19, 11, 3, 4, 12, 13, 14, 22, 23, 31, 39, 38, 46, 47]
[00:00:00:00:970] ! Unidirectional s-t. expansions: 231, time: 970 [ms], path length: 32 [edges], generated: 1,307
[00:00:00:00:187] Path of length 32 found: [47, 46, 38, 39, 31, 23, 22, 14, 13, 5, 4, 3, 2, 10, 18, 19, 11, 12, 20, 21, 29, 28, 36, 44, 43, 35, 27, 26, 25, 17, 9, 1, 0]
[00:00:00:00:188] ! Unidirectional t-s. expansions: 63, time: 188 [ms], path length: 32 [edges], generated: 353
[00:00:00:01:455] Path of length 32 found: [0, 8, 9, 1, 2, 10, 18, 17, 25, 26, 27, 35, 43, 44, 36, 28, 29, 21, 20, 12, 11, 3, 4, 5, 13, 14, 22, 23, 31, 39, 38, 46, 47]
[00:00:00:01:803] ! Bidirectional. expansions: 422, time: 1,455 [ms], path length: 32 [edges], g_F: 15, g_B: 17, generated: 821, MM: 2, MMPER: 5.0606060606060606%
[00:00:00:01:803] 
---------- SM_Grids/6x8_grid_with_random_blocks_16per_2 ----------
[00:00:00:00:373] Path of length 38 found: [0, 1, 2, 3, 11, 12, 13, 14, 6, 7, 15, 23, 22, 21, 20, 19, 18, 17, 9, 8, 16, 24, 32, 40, 41, 33, 25, 26, 34, 35, 43, 44, 36, 37, 45, 46, 38, 39, 47]
[00:00:00:00:373] ! Unidirectional s-t. expansions: 121, time: 373 [ms], path length: 38 [edges], generated: 478
[00:00:00:00:244] Path of length 38 found: [47, 46, 45, 44, 43, 35, 36, 37, 38, 39, 31, 23, 15, 7, 6, 14, 22, 21, 13, 12, 20, 19, 11, 3, 2, 1, 9, 17, 18, 26, 34, 33, 41, 40, 32, 24, 16, 8, 0]
[00:00:00:00:244] ! Unidirectional t-s. expansions: 84, time: 244 [ms], path length: 38 [edges], generated: 360
[00:00:00:00:774] Path of length 38 found: [0, 8, 16, 17, 9, 1, 2, 3, 11, 12, 13, 14, 6, 7, 15, 23, 22, 21, 20, 19, 27, 26, 25, 24, 32, 40, 41, 33, 34, 35, 43, 44, 36, 37, 45, 46, 38, 39, 47]
[00:00:00:01:119] ! Bidirectional. expansions: 257, time: 774 [ms], path length: 38 [edges], g_F: 18, g_B: 20, generated: 431, MM: 2, MMPER: 4.128205128205129%
[00:00:00:01:119] 
---------- SM_Grids/6x8_grid_with_random_blocks_16per_3 ----------
[00:00:00:00:064] Path of length 40 found: [0, 8, 16, 24, 32, 40, 41, 42, 34, 33, 25, 17, 9, 1, 2, 3, 11, 19, 27, 35, 36, 28, 29, 37, 45, 46, 38, 30, 22, 14, 13, 12, 4, 5, 6, 7, 15, 23, 31, 39, 47]
[00:00:00:00:064] ! Unidirectional s-t. expansions: 20, time: 64 [ms], path length: 40 [edges], generated: 87
[00:00:00:00:060] Path of length 40 found: [47, 39, 31, 23, 15, 7, 6, 5, 4, 12, 13, 14, 22, 30, 38, 46, 45, 37, 29, 28, 36, 35, 27, 19, 11, 3, 2, 1, 9, 17, 25, 33, 34, 42, 41, 40, 32, 24, 16, 8, 0]
[00:00:00:00:061] ! Unidirectional t-s. expansions: 20, time: 61 [ms], path length: 40 [edges], generated: 79
[00:00:00:00:758] Path of length 40 found: [0, 8, 16, 24, 32, 40, 41, 42, 34, 33, 25, 17, 9, 1, 2, 3, 11, 19, 27, 35, 36, 28, 29, 37, 45, 46, 38, 30, 22, 14, 13, 12, 4, 5, 6, 7, 15, 23, 31, 39, 47]
[00:00:00:01:097] ! Bidirectional. expansions: 266, time: 758 [ms], path length: 40 [edges], g_F: 20, g_B: 20, generated: 420, MM: 0, MMPER: -1.0%
[00:00:00:01:097] 
---------- SM_Grids/6x8_grid_with_random_blocks_16per_4 ----------
[00:00:00:01:784] Path of length 34 found: [0, 1, 2, 3, 11, 10, 18, 17, 9, 8, 16, 24, 25, 26, 27, 19, 20, 12, 13, 5, 6, 7, 15, 14, 22, 21, 29, 28, 36, 35, 43, 44, 45, 46, 47]
[00:00:00:01:784] ! Unidirectional s-t. expansions: 424, time: 1,784 [ms], path length: 34 [edges], generated: 2,588
[00:00:00:00:956] Path of length 34 found: [47, 46, 45, 44, 43, 35, 36, 28, 27, 26, 25, 24, 16, 17, 18, 19, 20, 21, 29, 30, 22, 23, 15, 7, 6, 5, 13, 12, 11, 3, 2, 10, 9, 1, 0]
[00:00:00:00:956] ! Unidirectional t-s. expansions: 333, time: 956 [ms], path length: 34 [edges], generated: 1,879
[00:00:00:02:627] Path of length 34 found: [0, 8, 16, 24, 25, 17, 9, 1, 2, 3, 11, 10, 18, 26, 27, 19, 20, 12, 13, 5, 6, 7, 15, 23, 22, 30, 29, 28, 36, 35, 43, 44, 45, 46, 47]
[00:00:00:02:978] ! Bidirectional. expansions: 736, time: 2,627 [ms], path length: 34 [edges], g_F: 18, g_B: 16, generated: 1,447, MM: 2, MMPER: 4.714285714285714%
[00:00:00:02:978] 
---------- SM_Grids/6x8_grid_with_random_blocks_16per_5 ----------
[00:00:00:00:065] Path of length 38 found: [0, 1, 2, 10, 11, 19, 27, 26, 25, 17, 16, 24, 32, 40, 41, 33, 34, 42, 43, 35, 36, 44, 45, 37, 29, 21, 13, 5, 6, 14, 15, 23, 22, 30, 31, 39, 38, 46, 47]
[00:00:00:00:065] ! Unidirectional s-t. expansions: 19, time: 65 [ms], path length: 38 [edges], generated: 89
[00:00:00:01:224] Path of length 38 found: [47, 39, 31, 23, 15, 14, 6, 5, 13, 21, 22, 30, 29, 37, 38, 46, 45, 44, 36, 35, 43, 42, 34, 33, 41, 40, 32, 24, 16, 17, 25, 26, 27, 19, 11, 10, 2, 1, 0]
[00:00:00:01:224] ! Unidirectional t-s. expansions: 375, time: 1,224 [ms], path length: 38 [edges], generated: 1,631
[00:00:00:03:538] Path of length 38 found: [0, 1, 2, 10, 11, 19, 27, 26, 25, 17, 16, 24, 32, 40, 41, 33, 34, 42, 43, 35, 36, 44, 45, 37, 29, 21, 13, 5, 6, 14, 15, 23, 22, 30, 31, 39, 38, 46, 47]
[00:00:00:03:880] ! Bidirectional. expansions: 1,182, time: 3,538 [ms], path length: 38 [edges], g_F: 18, g_B: 20, generated: 1,959, MM: 2, MMPER: 4.128205128205129%
[00:00:00:03:880] 
---------- SM_Grids/6x8_grid_with_random_blocks_16per_6 ----------
[00:00:00:00:410] Path of length 36 found: [0, 1, 9, 8, 16, 17, 25, 24, 32, 40, 41, 33, 34, 35, 43, 44, 36, 28, 27, 26, 18, 10, 2, 3, 11, 12, 13, 5, 6, 14, 22, 21, 29, 37, 45, 46, 47]
[00:00:00:00:411] ! Unidirectional s-t. expansions: 130, time: 410 [ms], path length: 36 [edges], generated: 569
[00:00:00:00:243] Path of length 36 found: [47, 46, 45, 44, 43, 35, 34, 33, 41, 40, 32, 24, 25, 17, 16, 8, 9, 10, 18, 26, 27, 28, 36, 37, 29, 30, 22, 14, 6, 5, 13, 12, 11, 3, 2, 1, 0]
[00:00:00:00:243] ! Unidirectional t-s. expansions: 74, time: 243 [ms], path length: 36 [edges], generated: 338
[00:00:00:00:758] Path of length 36 found: [0, 8, 16, 17, 18, 10, 9, 1, 2, 3, 11, 12, 13, 5, 6, 14, 22, 30, 29, 37, 36, 28, 27, 26, 25, 24, 32, 40, 41, 33, 34, 35, 43, 44, 45, 46, 47]
[00:00:00:01:095] ! Bidirectional. expansions: 258, time: 758 [ms], path length: 36 [edges], g_F: 17, g_B: 19, generated: 446, MM: 2, MMPER: 4.405405405405405%
[00:00:00:01:095] 
---------- SM_Grids/6x8_grid_with_random_blocks_16per_7 ----------
[00:00:00:01:939] Path of length 38 found: [0, 1, 2, 3, 4, 5, 13, 14, 15, 23, 31, 30, 29, 28, 27, 26, 25, 17, 18, 19, 20, 12, 11, 10, 9, 8, 16, 24, 32, 40, 41, 42, 34, 35, 36, 37, 38, 39, 47]
[00:00:00:01:939] ! Unidirectional s-t. expansions: 618, time: 1,939 [ms], path length: 38 [edges], generated: 2,643
[00:00:00:02:010] Path of length 38 found: [47, 39, 38, 37, 36, 28, 29, 30, 31, 23, 15, 14, 13, 5, 4, 3, 11, 12, 20, 19, 27, 26, 34, 35, 43, 42, 41, 40, 32, 24, 25, 17, 16, 8, 9, 10, 2, 1, 0]
[00:00:00:02:010] ! Unidirectional t-s. expansions: 654, time: 2,010 [ms], path length: 38 [edges], generated: 3,374
[00:00:00:03:785] Path of length 38 found: [0, 8, 16, 24, 32, 40, 41, 42, 43, 35, 34, 26, 25, 17, 9, 1, 2, 10, 18, 19, 20, 12, 11, 3, 4, 5, 13, 14, 15, 23, 31, 30, 29, 28, 36, 37, 38, 39, 47]
[00:00:00:04:144] ! Bidirectional. expansions: 1,242, time: 3,785 [ms], path length: 38 [edges], g_F: 18, g_B: 20, generated: 2,220, MM: 2, MMPER: 4.128205128205129%
[00:00:00:04:144] 
---------- SM_Grids/6x8_grid_with_random_blocks_16per_8 ----------
[00:00:00:00:062] Path of length 36 found: [0, 8, 9, 17, 16, 24, 32, 40, 41, 33, 25, 26, 27, 19, 20, 28, 36, 35, 43, 44, 45, 37, 29, 21, 13, 5, 6, 14, 15, 23, 22, 30, 31, 39, 38, 46, 47]
[00:00:00:00:062] ! Unidirectional s-t. expansions: 19, time: 62 [ms], path length: 36 [edges], generated: 87
[00:00:00:00:514] Path of length 36 found: [47, 46, 45, 44, 36, 37, 38, 39, 31, 30, 22, 23, 15, 14, 6, 5, 13, 21, 29, 28, 20, 19, 27, 35, 43, 42, 41, 40, 32, 33, 25, 24, 16, 17, 9, 8, 0]
[00:00:00:00:515] ! Unidirectional t-s. expansions: 138, time: 514 [ms], path length: 36 [edges], generated: 660
[00:00:00:01:460] Path of length 36 found: [0, 8, 9, 17, 16, 24, 32, 40, 41, 33, 25, 26, 27, 19, 20, 28, 36, 35, 43, 44, 45, 46, 38, 37, 29, 30, 22, 21, 13, 5, 6, 14, 15, 23, 31, 39, 47]
[00:00:00:01:795] ! Bidirectional. expansions: 455, time: 1,460 [ms], path length: 36 [edges], g_F: 17, g_B: 19, generated: 838, MM: 2, MMPER: 4.405405405405405%
[00:00:00:01:796] 
---------- SM_Grids/6x8_grid_with_random_blocks_16per_9 ----------
[00:00:00:02:131] Path of length 38 found: [0, 1, 2, 3, 4, 5, 6, 14, 13, 12, 20, 19, 27, 26, 18, 10, 9, 17, 25, 24, 32, 40, 41, 33, 34, 42, 43, 35, 36, 28, 29, 21, 22, 23, 31, 39, 38, 46, 47]
[00:00:00:02:132] ! Unidirectional s-t. expansions: 644, time: 2,131 [ms], path length: 38 [edges], generated: 3,276
[00:00:00:00:660] Path of length 38 found: [47, 46, 38, 39, 31, 23, 22, 21, 29, 28, 36, 44, 43, 35, 27, 19, 20, 12, 13, 14, 6, 5, 4, 3, 2, 10, 18, 26, 34, 42, 41, 40, 32, 24, 25, 17, 9, 1, 0]
[00:00:00:00:661] ! Unidirectional t-s. expansions: 231, time: 660 [ms], path length: 38 [edges], generated: 1,187
[00:00:00:02:631] Path of length 38 found: [0, 1, 9, 10, 2, 3, 4, 12, 20, 19, 18, 17, 25, 24, 32, 40, 41, 33, 34, 42, 43, 44, 36, 35, 27, 28, 29, 21, 13, 5, 6, 14, 22, 23, 31, 39, 38, 46, 47]
[00:00:00:02:967] ! Bidirectional. expansions: 812, time: 2,631 [ms], path length: 38 [edges], g_F: 19, g_B: 19, generated: 1,501, MM: 0, MMPER: -1.0%

[00:00:00:02:967] average expansions: (537, 430, 920, 0)
[00:00:00:02:967] average time: (1,509, 1,199, 2,924, 0)
[00:00:00:02:967] XA*: 430 , 1,199 (expansions , time[ms])
[00:00:00:02:967] XMM: 920 , 2,924 (expansions , time[ms])

