------------------------------------
Thu 01 Oct 2026 12:13:50 IDT
SLURM_JOBID:		21944062
SLURM_JOB_NODELIST:	ise-cpu256-04
SLURM_SCRATCH_DIR:	/scratch/shubit/21944062
Allocated Resouces:	cpu - 2 / mem - 61440 MB / gpu - 
SLURM_GPU_INDEX:	
Running as shubit from shimony account with normal QOS
------------------------------------
Thu 01 Oct 2026 12:13:50 IDT

SLURM_JOBID:		 21944062
SLURM_JOB_NODELIST:	 ise-cpu256-04 

--------------------------
date: SM_Grids
number_of_graphs: 10
graph_type: grid
size_of_graphs: [6, 8]
heuristic: bcc_heuristic
snake: False
run_uni: True
run_bi: True
run_multi: False
solution_vertices: []
algorithms: ['IDA']
lookahead: 3
bsd: False
cube_first_dims: 4
cube_buffer_dim: None
backward_sym_generation: False
sym_coil: False
prefix_set: None

---------- SM_Grids/6x8_grid_with_random_blocks_8per_0 ----------
[00:00:01:26:559] Valid states checked so far: 200,000, Expansions: 18,926, Global best: 35
[00:00:02:32:047] Valid states checked so far: 400,000, Expansions: 42,246, Global best: 41
[00:00:03:39:432] Valid states checked so far: 600,000, Expansions: 65,933, Global best: 41
[00:00:04:46:654] Valid states checked so far: 800,000, Expansions: 89,145, Global best: 41
[00:00:04:56:868] Path of length 40 found: [0, 1, 9, 8, 16, 24, 32, 40, 41, 33, 25, 17, 18, 10, 11, 3, 4, 12, 20, 19, 27, 26, 34, 42, 43, 35, 36, 28, 29, 21, 13, 5, 6, 14, 15, 23, 31, 30, 38, 46, 47]
[00:00:04:56:868] ! Unidirectional s-t. expansions: 92,426, time: 296,868 [ms], path length: 40 [edges], generated: 828,867
[00:00:01:13:845] Valid states checked so far: 200,000, Expansions: 19,250, Global best: 41
[00:00:02:15:633] Valid states checked so far: 400,000, Expansions: 40,326, Global best: 41
[00:00:03:15:003] Path of length 40 found: [47, 46, 38, 39, 31, 23, 15, 7, 6, 14, 13, 5, 4, 3, 11, 12, 20, 21, 29, 28, 27, 19, 18, 26, 25, 33, 34, 35, 36, 44, 43, 42, 41, 40, 32, 24, 16, 8, 9, 1, 0]
[00:00:03:15:003] ! Unidirectional t-s. expansions: 60,414, time: 195,003 [ms], path length: 40 [edges], generated: 589,286
[00:00:07:36:196] Path of length 40 found: [0, 1, 9, 8, 16, 24, 32, 40, 41, 33, 25, 17, 18, 26, 27, 35, 34, 42, 43, 44, 36, 37, 29, 21, 20, 19, 11, 3, 4, 5, 13, 14, 6, 7, 15, 23, 31, 39, 38, 46, 47]
[00:00:07:36:577] ! Bidirectional. expansions: 62,565, time: 456,196 [ms], path length: 40 [edges], g_F: 25, g_B: 15, generated: 0, MM: 10, MMPER: 23.390243902439025%
[00:00:07:36:577] 
---------- SM_Grids/6x8_grid_with_random_blocks_8per_1 ----------
[00:00:00:04:374] Path of length 42 found: [0, 8, 16, 24, 32, 40, 41, 33, 25, 17, 18, 10, 11, 3, 4, 12, 13, 21, 22, 14, 6, 7, 15, 23, 31, 30, 29, 28, 20, 19, 27, 26, 34, 42, 43, 35, 36, 44, 45, 37, 38, 46, 47]
[00:00:00:04:374] ! Unidirectional s-t. expansions: 822, time: 4,374 [ms], path length: 42 [edges], generated: 10,118
[00:00:00:22:478] Path of length 42 found: [47, 39, 31, 23, 15, 7, 6, 14, 13, 12, 4, 3, 11, 10, 18, 17, 25, 33, 34, 26, 27, 19, 20, 28, 36, 37, 29, 21, 22, 30, 38, 46, 45, 44, 43, 42, 41, 40, 32, 24, 16, 8, 0]
[00:00:00:22:479] ! Unidirectional t-s. expansions: 5,543, time: 22,478 [ms], path length: 42 [edges], generated: 57,159
[00:00:00:20:452] Path of length 42 found: [0, 8, 16, 24, 32, 40, 41, 33, 25, 17, 18, 10, 11, 3, 4, 12, 13, 21, 20, 19, 27, 26, 34, 42, 43, 35, 36, 28, 29, 37, 45, 46, 38, 30, 22, 14, 6, 7, 15, 23, 31, 39, 47]
[00:00:00:20:813] ! Bidirectional. expansions: 2,394, time: 20,452 [ms], path length: 42 [edges], g_F: 26, g_B: 16, generated: 0, MM: 10, MMPER: 22.25581395348837%
[00:00:00:20:813] 
---------- SM_Grids/6x8_grid_with_random_blocks_8per_2 ----------
[00:00:01:06:841] Path of length 40 found: [0, 8, 16, 24, 32, 40, 41, 42, 34, 33, 25, 17, 9, 1, 2, 3, 11, 10, 18, 26, 27, 19, 20, 28, 36, 44, 45, 37, 29, 21, 22, 14, 6, 7, 15, 23, 31, 30, 38, 46, 47]
[00:00:01:06:841] ! Unidirectional s-t. expansions: 16,353, time: 66,841 [ms], path length: 40 [edges], generated: 187,379
[00:00:00:48:367] Path of length 40 found: [47, 39, 31, 23, 15, 7, 6, 14, 22, 21, 20, 12, 11, 3, 2, 1, 9, 10, 18, 19, 27, 28, 29, 30, 38, 37, 45, 44, 36, 35, 34, 42, 41, 40, 32, 33, 25, 17, 16, 8, 0]
[00:00:00:48:367] ! Unidirectional t-s. expansions: 13,341, time: 48,367 [ms], path length: 40 [edges], generated: 147,236
[00:00:03:56:550] Path of length 40 found: [0, 8, 16, 24, 32, 40, 41, 42, 34, 33, 25, 17, 18, 10, 9, 1, 2, 3, 11, 12, 20, 19, 27, 35, 36, 37, 45, 46, 38, 30, 29, 21, 22, 14, 6, 7, 15, 23, 31, 39, 47]
[00:00:03:56:888] ! Bidirectional. expansions: 28,993, time: 236,550 [ms], path length: 40 [edges], g_F: 25, g_B: 15, generated: 0, MM: 10, MMPER: 23.390243902439025%
[00:00:03:56:888] 
---------- SM_Grids/6x8_grid_with_random_blocks_8per_3 ----------
[00:00:00:25:413] Path of length 42 found: [0, 8, 9, 1, 2, 10, 18, 17, 25, 24, 32, 40, 41, 33, 34, 26, 27, 19, 11, 3, 4, 12, 20, 28, 36, 35, 43, 44, 45, 37, 29, 21, 13, 14, 6, 7, 15, 23, 31, 30, 38, 46, 47]
[00:00:00:25:414] ! Unidirectional s-t. expansions: 7,597, time: 25,413 [ms], path length: 42 [edges], generated: 72,384
[00:00:00:45:606] Path of length 42 found: [47, 39, 31, 23, 15, 7, 6, 14, 13, 12, 4, 3, 2, 10, 11, 19, 18, 26, 34, 35, 27, 28, 20, 21, 29, 30, 38, 46, 45, 37, 36, 44, 43, 42, 41, 40, 32, 24, 25, 17, 9, 1, 0]
[00:00:00:45:606] ! Unidirectional t-s. expansions: 12,272, time: 45,606 [ms], path length: 42 [edges], generated: 123,750
[00:00:01:04:211] Path of length 42 found: [0, 8, 9, 1, 2, 10, 18, 17, 25, 24, 32, 40, 41, 33, 34, 26, 27, 35, 43, 44, 36, 37, 45, 46, 38, 30, 29, 28, 20, 19, 11, 3, 4, 12, 13, 14, 6, 7, 15, 23, 31, 39, 47]
[00:00:01:04:567] ! Bidirectional. expansions: 8,421, time: 64,211 [ms], path length: 42 [edges], g_F: 27, g_B: 15, generated: 0, MM: 12, MMPER: 26.906976744186046%
[00:00:01:04:567] 
---------- SM_Grids/6x8_grid_with_random_blocks_8per_4 ----------
[00:00:01:05:544] Valid states checked so far: 200,000, Expansions: 21,427, Global best: 43
[00:00:01:56:004] Path of length 42 found: [0, 1, 9, 17, 16, 24, 32, 40, 41, 33, 25, 26, 18, 10, 2, 3, 11, 19, 27, 35, 34, 42, 43, 44, 45, 37, 36, 28, 20, 12, 4, 5, 6, 7, 15, 14, 13, 21, 29, 30, 38, 39, 47]
[00:00:01:56:004] ! Unidirectional s-t. expansions: 38,296, time: 116,004 [ms], path length: 42 [edges], generated: 356,124
[00:00:00:55:039] Path of length 42 found: [47, 39, 31, 30, 38, 37, 45, 44, 36, 28, 29, 21, 22, 14, 15, 7, 6, 5, 13, 12, 4, 3, 11, 19, 27, 26, 25, 33, 34, 35, 43, 42, 41, 40, 32, 24, 16, 17, 18, 10, 2, 1, 0]
[00:00:00:55:040] ! Unidirectional t-s. expansions: 14,351, time: 55,039 [ms], path length: 42 [edges], generated: 153,595
[00:00:01:30:761] Path of length 42 found: [0, 1, 9, 17, 16, 24, 32, 40, 41, 33, 25, 26, 18, 10, 2, 3, 11, 19, 20, 12, 4, 5, 6, 7, 15, 14, 13, 21, 29, 28, 27, 35, 34, 42, 43, 44, 45, 37, 38, 30, 31, 39, 47]
[00:00:01:31:117] ! Bidirectional. expansions: 12,045, time: 90,761 [ms], path length: 42 [edges], g_F: 26, g_B: 16, generated: 0, MM: 10, MMPER: 22.25581395348837%
[00:00:01:31:117] 
---------- SM_Grids/6x8_grid_with_random_blocks_8per_5 ----------
[00:00:00:09:792] Path of length 42 found: [0, 8, 16, 17, 9, 1, 2, 10, 18, 26, 25, 33, 32, 40, 41, 42, 43, 44, 36, 28, 27, 19, 11, 3, 4, 5, 13, 12, 20, 21, 29, 37, 45, 46, 38, 30, 22, 14, 15, 23, 31, 39, 47]
[00:00:00:09:792] ! Unidirectional s-t. expansions: 2,014, time: 9,792 [ms], path length: 42 [edges], generated: 21,570
[00:00:00:11:108] Path of length 42 found: [47, 39, 31, 23, 15, 14, 13, 5, 4, 3, 2, 1, 9, 10, 18, 26, 27, 19, 11, 12, 20, 28, 36, 37, 29, 21, 22, 30, 38, 46, 45, 44, 43, 42, 41, 40, 32, 33, 25, 17, 16, 8, 0]
[00:00:00:11:108] ! Unidirectional t-s. expansions: 2,529, time: 11,108 [ms], path length: 42 [edges], generated: 24,670
[00:00:00:45:664] Path of length 42 found: [0, 8, 16, 17, 9, 1, 2, 10, 18, 19, 11, 3, 4, 5, 13, 12, 20, 21, 29, 37, 36, 28, 27, 26, 25, 33, 32, 40, 41, 42, 43, 44, 45, 46, 38, 30, 22, 14, 15, 23, 31, 39, 47]
[00:00:00:46:026] ! Bidirectional. expansions: 4,743, time: 45,664 [ms], path length: 42 [edges], g_F: 25, g_B: 17, generated: 0, MM: 8, MMPER: 17.6046511627907%
[00:00:00:46:026] 
---------- SM_Grids/6x8_grid_with_random_blocks_8per_6 ----------
[00:00:00:14:435] Path of length 42 found: [0, 8, 16, 24, 32, 40, 41, 33, 25, 17, 18, 10, 11, 19, 27, 26, 34, 42, 43, 35, 36, 44, 45, 37, 29, 28, 20, 12, 4, 5, 13, 21, 22, 14, 6, 7, 15, 23, 31, 30, 38, 46, 47]
[00:00:00:14:435] ! Unidirectional s-t. expansions: 3,364, time: 14,435 [ms], path length: 42 [edges], generated: 37,122
[00:00:00:51:757] Path of length 42 found: [47, 39, 31, 23, 15, 7, 6, 5, 4, 12, 11, 10, 18, 17, 25, 33, 34, 26, 27, 19, 20, 28, 29, 21, 13, 14, 22, 30, 38, 46, 45, 37, 36, 35, 43, 42, 41, 40, 32, 24, 16, 8, 0]
[00:00:00:51:758] ! Unidirectional t-s. expansions: 12,329, time: 51,757 [ms], path length: 42 [edges], generated: 126,857
[00:00:00:52:713] Path of length 42 found: [0, 8, 16, 24, 32, 40, 41, 33, 25, 17, 18, 10, 11, 19, 20, 28, 27, 26, 34, 42, 43, 35, 36, 44, 45, 46, 38, 30, 29, 21, 22, 14, 13, 12, 4, 5, 6, 7, 15, 23, 31, 39, 47]
[00:00:00:53:096] ! Bidirectional. expansions: 5,925, time: 52,713 [ms], path length: 42 [edges], g_F: 28, g_B: 14, generated: 0, MM: 14, MMPER: 31.558139534883722%
[00:00:00:53:096] 
---------- SM_Grids/6x8_grid_with_random_blocks_8per_7 ----------
[00:00:00:00:169] Path of length 44 found: [0, 8, 16, 24, 32, 40, 41, 33, 25, 17, 9, 1, 2, 10, 18, 26, 34, 42, 43, 35, 27, 19, 20, 12, 11, 3, 4, 5, 6, 14, 15, 23, 22, 21, 29, 37, 36, 44, 45, 46, 38, 30, 31, 39, 47]
[00:00:00:00:170] ! Unidirectional s-t. expansions: 16, time: 170 [ms], path length: 44 [edges], generated: 167
[00:00:00:00:111] Path of length 44 found: [47, 39, 31, 23, 15, 14, 6, 5, 4, 3, 2, 1, 9, 17, 25, 33, 34, 26, 18, 10, 11, 12, 20, 19, 27, 35, 36, 37, 29, 21, 22, 30, 38, 46, 45, 44, 43, 42, 41, 40, 32, 24, 16, 8, 0]
[00:00:00:00:112] ! Unidirectional t-s. expansions: 15, time: 111 [ms], path length: 44 [edges], generated: 157
[00:00:00:00:179] Path of length 44 found: [0, 8, 16, 24, 32, 40, 41, 33, 25, 17, 9, 1, 2, 10, 18, 26, 34, 42, 43, 44, 45, 46, 38, 30, 22, 21, 29, 37, 36, 35, 27, 19, 20, 12, 11, 3, 4, 5, 6, 14, 15, 23, 31, 39, 47]
[00:00:00:00:568] ! Bidirectional. expansions: 17, time: 179 [ms], path length: 44 [edges], g_F: 29, g_B: 15, generated: 0, MM: 14, MMPER: 30.11111111111111%
[00:00:00:00:568] 
---------- SM_Grids/6x8_grid_with_random_blocks_8per_8 ----------
[00:00:00:36:838] Path of length 42 found: [0, 8, 16, 24, 32, 40, 41, 33, 25, 17, 9, 1, 2, 10, 18, 26, 27, 35, 43, 44, 36, 28, 20, 19, 11, 3, 4, 12, 13, 5, 6, 7, 15, 14, 22, 21, 29, 37, 38, 30, 31, 39, 47]
[00:00:00:36:838] ! Unidirectional s-t. expansions: 6,801, time: 36,838 [ms], path length: 42 [edges], generated: 70,016
[00:00:00:14:858] Path of length 42 found: [47, 46, 38, 39, 31, 30, 22, 14, 15, 7, 6, 5, 4, 3, 2, 10, 18, 26, 27, 19, 11, 12, 13, 21, 20, 28, 29, 37, 36, 35, 43, 42, 41, 40, 32, 33, 25, 24, 16, 17, 9, 1, 0]
[00:00:00:14:858] ! Unidirectional t-s. expansions: 3,675, time: 14,858 [ms], path length: 42 [edges], generated: 35,550
[00:00:00:55:278] Path of length 42 found: [0, 8, 16, 24, 32, 40, 41, 33, 25, 17, 9, 1, 2, 10, 18, 26, 27, 35, 43, 44, 36, 37, 29, 28, 20, 19, 11, 3, 4, 5, 6, 7, 15, 14, 13, 21, 22, 30, 31, 39, 38, 46, 47]
[00:00:00:55:652] ! Bidirectional. expansions: 6,096, time: 55,278 [ms], path length: 42 [edges], g_F: 28, g_B: 14, generated: 0, MM: 14, MMPER: 31.558139534883722%
[00:00:00:55:652] 
---------- SM_Grids/6x8_grid_with_random_blocks_8per_9 ----------
[00:00:00:00:663] Path of length 44 found: [0, 1, 9, 10, 2, 3, 11, 12, 20, 28, 27, 19, 18, 26, 25, 17, 16, 24, 32, 33, 41, 42, 34, 35, 43, 44, 36, 37, 45, 46, 38, 30, 29, 21, 13, 5, 6, 7, 15, 14, 22, 23, 31, 39, 47]
[00:00:00:00:664] ! Unidirectional s-t. expansions: 77, time: 664 [ms], path length: 44 [edges], generated: 986
[00:00:00:00:236] Path of length 44 found: [47, 39, 31, 23, 15, 7, 6, 5, 13, 14, 22, 21, 29, 30, 38, 46, 45, 37, 36, 44, 43, 35, 34, 42, 41, 33, 32, 24, 16, 17, 25, 26, 18, 19, 27, 28, 20, 12, 11, 3, 2, 10, 9, 1, 0]
[00:00:00:00:236] ! Unidirectional t-s. expansions: 31, time: 236 [ms], path length: 44 [edges], generated: 417
[00:00:00:01:232] Path of length 44 found: [0, 1, 9, 10, 2, 3, 11, 12, 20, 28, 27, 19, 18, 26, 25, 17, 16, 24, 32, 33, 41, 42, 34, 35, 43, 44, 36, 37, 45, 46, 38, 30, 29, 21, 22, 14, 13, 5, 6, 7, 15, 23, 31, 39, 47]
[00:00:00:01:686] ! Bidirectional. expansions: 76, time: 1,232 [ms], path length: 44 [edges], g_F: 24, g_B: 20, generated: 0, MM: 4, MMPER: 7.888888888888889%

[00:00:00:01:687] average expansions: (16,777, 12,450, 13,128, 0)
[00:00:00:01:687] average time: (57,140, 44,456, 102,324, 0)
[00:00:00:01:687] XIDA: 12,450 , 44,456 (expansions , time[ms])
[00:00:00:01:687] BiXIDA: 13,128 , 102,324 (expansions , time[ms])

