------------------------------------
Thu 01 Oct 2026 12:13:53 IDT
SLURM_JOBID:		21944076
SLURM_JOB_NODELIST:	ise-cpu256-14
SLURM_SCRATCH_DIR:	/scratch/shubit/21944076
Allocated Resouces:	cpu - 2 / mem - 61440 MB / gpu - 
SLURM_GPU_INDEX:	
Running as shubit from shimony account with normal QOS
------------------------------------
Thu 01 Oct 2026 12:13:53 IDT

SLURM_JOBID:		 21944076
SLURM_JOB_NODELIST:	 ise-cpu256-14 

--------------------------
date: SM_Grids
number_of_graphs: 10
graph_type: grid
size_of_graphs: [6, 8]
heuristic: bcc_heuristic
snake: False
run_uni: True
run_bi: True
run_multi: False
solution_vertices: []
algorithms: ['IDA']
lookahead: -2
bsd: False
cube_first_dims: 4
cube_buffer_dim: None
backward_sym_generation: False
sym_coil: False
prefix_set: None

---------- SM_Grids/6x8_grid_with_random_blocks_20per_0 ----------
[00:00:00:00:410] Path of length 30 found: [0, 1, 2, 3, 11, 10, 18, 17, 16, 24, 32, 40, 41, 42, 34, 35, 27, 19, 20, 21, 13, 5, 6, 7, 15, 14, 22, 30, 31, 39, 47]
[00:00:00:00:410] ! Unidirectional s-t. expansions: 348, time: 410 [ms], path length: 30 [edges], generated: 528
[00:00:00:00:280] Path of length 30 found: [47, 39, 31, 30, 22, 23, 15, 7, 6, 5, 13, 21, 20, 19, 27, 35, 34, 42, 41, 40, 32, 24, 25, 17, 18, 10, 11, 3, 2, 1, 0]
[00:00:00:00:280] ! Unidirectional t-s. expansions: 279, time: 280 [ms], path length: 30 [edges], generated: 412
[00:00:00:00:499] Path of length 30 found: [0, 1, 2, 3, 11, 10, 18, 17, 16, 24, 32, 40, 41, 42, 34, 35, 27, 19, 20, 21, 13, 5, 6, 7, 15, 14, 22, 30, 31, 39, 47]
[00:00:00:00:847] ! Bidirectional. expansions: 352, time: 499 [ms], path length: 30 [edges], g_F: 30, g_B: 0, generated: 0, MM: 30, MMPER: 95.7741935483871%
[00:00:00:00:847] 
---------- SM_Grids/6x8_grid_with_random_blocks_20per_1 ----------
[00:00:00:00:325] Path of length 34 found: [0, 1, 2, 3, 11, 19, 27, 26, 25, 24, 32, 40, 41, 33, 34, 42, 43, 44, 45, 37, 36, 28, 20, 21, 13, 5, 6, 14, 15, 23, 31, 30, 38, 39, 47]
[00:00:00:00:325] ! Unidirectional s-t. expansions: 264, time: 325 [ms], path length: 34 [edges], generated: 415
[00:00:00:01:027] Path of length 34 found: [47, 39, 38, 30, 31, 23, 15, 7, 6, 5, 13, 21, 20, 28, 36, 37, 45, 44, 43, 35, 34, 42, 41, 40, 32, 24, 25, 26, 27, 19, 11, 3, 2, 1, 0]
[00:00:00:01:028] ! Unidirectional t-s. expansions: 841, time: 1,027 [ms], path length: 34 [edges], generated: 1,517
[00:00:00:00:224] Path of length 34 found: [0, 1, 2, 3, 11, 19, 27, 26, 25, 24, 32, 40, 41, 33, 34, 42, 43, 44, 45, 37, 36, 28, 20, 21, 13, 5, 6, 7, 15, 23, 31, 30, 38, 39, 47]
[00:00:00:00:556] ! Bidirectional. expansions: 181, time: 225 [ms], path length: 34 [edges], g_F: 20, g_B: 14, generated: 0, MM: 6, MMPER: 16.142857142857142%
[00:00:00:00:556] 
---------- SM_Grids/6x8_grid_with_random_blocks_20per_2 ----------
[00:00:00:00:279] Path of length 32 found: [0, 1, 2, 3, 11, 10, 9, 8, 16, 17, 25, 24, 32, 33, 34, 35, 43, 44, 36, 28, 29, 21, 13, 14, 6, 7, 15, 23, 31, 30, 38, 46, 47]
[00:00:00:00:279] ! Unidirectional s-t. expansions: 215, time: 279 [ms], path length: 32 [edges], generated: 353
[00:00:00:00:292] Path of length 32 found: [47, 46, 38, 39, 31, 23, 15, 7, 6, 14, 13, 21, 29, 28, 36, 44, 43, 35, 34, 26, 25, 33, 32, 24, 16, 17, 9, 10, 11, 3, 2, 1, 0]
[00:00:00:00:292] ! Unidirectional t-s. expansions: 224, time: 292 [ms], path length: 32 [edges], generated: 353
[00:00:00:00:332] Path of length 32 found: [0, 1, 2, 3, 11, 10, 9, 8, 16, 17, 25, 24, 32, 33, 34, 35, 43, 44, 36, 28, 29, 21, 13, 14, 6, 7, 15, 23, 31, 30, 38, 46, 47]
[00:00:00:00:659] ! Bidirectional. expansions: 283, time: 332 [ms], path length: 32 [edges], g_F: 30, g_B: 2, generated: 0, MM: 28, MMPER: 83.84848484848484%
[00:00:00:00:659] 
---------- SM_Grids/6x8_grid_with_random_blocks_20per_3 ----------
[00:00:00:00:127] Path of length 34 found: [0, 8, 16, 24, 32, 40, 41, 33, 34, 42, 43, 35, 27, 26, 18, 10, 11, 12, 13, 21, 22, 14, 6, 7, 15, 23, 31, 39, 38, 37, 36, 44, 45, 46, 47]
[00:00:00:00:127] ! Unidirectional s-t. expansions: 94, time: 127 [ms], path length: 34 [edges], generated: 151
[00:00:00:00:293] Path of length 34 found: [47, 39, 31, 23, 15, 7, 6, 14, 22, 21, 13, 12, 11, 10, 18, 26, 27, 35, 36, 37, 38, 46, 45, 44, 43, 42, 34, 33, 41, 40, 32, 24, 16, 8, 0]
[00:00:00:00:293] ! Unidirectional t-s. expansions: 192, time: 293 [ms], path length: 34 [edges], generated: 310
[00:00:00:00:158] Path of length 34 found: [0, 8, 16, 24, 32, 40, 41, 33, 34, 42, 43, 44, 45, 46, 38, 37, 36, 35, 27, 26, 18, 10, 11, 12, 13, 21, 22, 14, 6, 7, 15, 23, 31, 39, 47]
[00:00:00:00:491] ! Bidirectional. expansions: 113, time: 158 [ms], path length: 34 [edges], g_F: 17, g_B: 17, generated: 0, MM: 0, MMPER: -1.0%
[00:00:00:00:491] 
---------- SM_Grids/6x8_grid_with_random_blocks_20per_4 ----------
[00:00:00:00:572] Path of length 32 found: [0, 8, 16, 24, 32, 40, 41, 42, 34, 26, 25, 17, 9, 1, 2, 10, 11, 3, 4, 12, 20, 21, 22, 14, 15, 23, 31, 39, 38, 37, 45, 46, 47]
[00:00:00:00:573] ! Unidirectional s-t. expansions: 401, time: 572 [ms], path length: 32 [edges], generated: 692
[00:00:00:00:295] Path of length 32 found: [47, 46, 45, 37, 38, 39, 31, 23, 15, 14, 6, 5, 4, 12, 20, 19, 11, 3, 2, 10, 9, 17, 25, 26, 34, 42, 41, 33, 32, 24, 16, 8, 0]
[00:00:00:00:295] ! Unidirectional t-s. expansions: 231, time: 295 [ms], path length: 32 [edges], generated: 399
[00:00:00:00:678] Path of length 32 found: [0, 8, 16, 24, 32, 40, 41, 42, 34, 26, 25, 17, 9, 1, 2, 10, 11, 19, 20, 12, 4, 5, 6, 14, 15, 23, 31, 39, 38, 37, 45, 46, 47]
[00:00:00:01:003] ! Bidirectional. expansions: 584, time: 678 [ms], path length: 32 [edges], g_F: 18, g_B: 14, generated: 0, MM: 4, MMPER: 11.121212121212121%
[00:00:00:01:003] 
---------- SM_Grids/6x8_grid_with_random_blocks_20per_5 ----------
[00:00:00:00:615] Path of length 28 found: [0, 8, 16, 17, 9, 1, 2, 10, 11, 3, 4, 12, 20, 19, 18, 26, 25, 24, 32, 40, 41, 42, 43, 44, 45, 37, 38, 46, 47]
[00:00:00:00:615] ! Unidirectional s-t. expansions: 370, time: 615 [ms], path length: 28 [edges], generated: 695
[00:00:00:00:129] Path of length 28 found: [47, 46, 38, 37, 45, 44, 43, 42, 41, 40, 32, 24, 16, 8, 9, 17, 25, 26, 27, 19, 18, 10, 11, 12, 4, 3, 2, 1, 0]
[00:00:00:00:129] ! Unidirectional t-s. expansions: 89, time: 129 [ms], path length: 28 [edges], generated: 155
[00:00:00:00:308] Path of length 28 found: [0, 8, 16, 17, 18, 10, 9, 1, 2, 3, 4, 12, 11, 19, 27, 26, 25, 24, 32, 40, 41, 42, 43, 44, 45, 37, 38, 46, 47]
[00:00:00:00:660] ! Bidirectional. expansions: 211, time: 309 [ms], path length: 28 [edges], g_F: 13, g_B: 15, generated: 0, MM: 2, MMPER: 5.896551724137931%
[00:00:00:00:660] 
---------- SM_Grids/6x8_grid_with_random_blocks_20per_6 ----------
[00:00:00:00:199] Path of length 28 found: [0, 8, 16, 24, 32, 40, 41, 33, 25, 17, 18, 10, 2, 3, 11, 12, 20, 19, 27, 35, 43, 44, 36, 28, 29, 37, 38, 39, 47]
[00:00:00:00:199] ! Unidirectional s-t. expansions: 122, time: 199 [ms], path length: 28 [edges], generated: 212
[00:00:00:00:200] Path of length 28 found: [47, 39, 38, 37, 29, 28, 36, 44, 43, 35, 27, 19, 20, 12, 11, 3, 2, 10, 18, 17, 25, 33, 41, 40, 32, 24, 16, 8, 0]
[00:00:00:00:200] ! Unidirectional t-s. expansions: 129, time: 200 [ms], path length: 28 [edges], generated: 219
[00:00:00:00:221] Path of length 28 found: [0, 8, 16, 24, 32, 40, 41, 33, 25, 17, 18, 10, 2, 3, 11, 12, 20, 19, 27, 35, 43, 44, 36, 28, 29, 37, 38, 39, 47]
[00:00:00:00:548] ! Bidirectional. expansions: 137, time: 221 [ms], path length: 28 [edges], g_F: 25, g_B: 3, generated: 0, MM: 22, MMPER: 74.86206896551724%
[00:00:00:00:548] 
---------- SM_Grids/6x8_grid_with_random_blocks_20per_7 ----------
[00:00:00:00:152] Path of length 32 found: [0, 8, 16, 17, 25, 33, 41, 42, 34, 26, 18, 10, 9, 1, 2, 3, 4, 5, 6, 14, 13, 12, 20, 28, 36, 37, 45, 46, 38, 30, 31, 39, 47]
[00:00:00:00:153] ! Unidirectional s-t. expansions: 98, time: 152 [ms], path length: 32 [edges], generated: 167
[00:00:00:00:083] Path of length 32 found: [47, 39, 31, 30, 38, 46, 45, 37, 36, 28, 20, 21, 13, 14, 6, 5, 4, 3, 2, 1, 9, 10, 18, 26, 34, 42, 41, 33, 25, 17, 16, 8, 0]
[00:00:00:00:083] ! Unidirectional t-s. expansions: 55, time: 83 [ms], path length: 32 [edges], generated: 89
[00:00:00:00:173] Path of length 32 found: [0, 8, 16, 17, 25, 33, 41, 42, 34, 26, 18, 10, 9, 1, 2, 3, 4, 5, 6, 14, 13, 12, 20, 28, 36, 37, 45, 46, 38, 30, 31, 39, 47]
[00:00:00:00:507] ! Bidirectional. expansions: 118, time: 173 [ms], path length: 32 [edges], g_F: 22, g_B: 10, generated: 0, MM: 12, MMPER: 35.36363636363637%
[00:00:00:00:507] 
---------- SM_Grids/6x8_grid_with_random_blocks_20per_8 ----------
[00:00:00:00:053] Path of length 34 found: [0, 1, 9, 8, 16, 17, 25, 33, 34, 26, 27, 19, 11, 12, 20, 28, 36, 35, 43, 44, 45, 37, 29, 21, 13, 5, 6, 14, 22, 23, 31, 30, 38, 39, 47]
[00:00:00:00:054] ! Unidirectional s-t. expansions: 36, time: 54 [ms], path length: 34 [edges], generated: 61
[00:00:00:00:275] Path of length 34 found: [47, 39, 31, 23, 22, 14, 6, 5, 13, 12, 11, 19, 20, 21, 29, 30, 38, 37, 45, 44, 43, 35, 36, 28, 27, 26, 34, 33, 25, 17, 16, 8, 9, 1, 0]
[00:00:00:00:276] ! Unidirectional t-s. expansions: 193, time: 275 [ms], path length: 34 [edges], generated: 328
[00:00:00:00:071] Path of length 34 found: [0, 1, 9, 8, 16, 17, 25, 33, 34, 26, 27, 19, 11, 12, 20, 28, 36, 35, 43, 44, 45, 37, 38, 30, 29, 21, 13, 5, 6, 14, 22, 23, 31, 39, 47]
[00:00:00:00:427] ! Bidirectional. expansions: 43, time: 71 [ms], path length: 34 [edges], g_F: 30, g_B: 4, generated: 0, MM: 26, MMPER: 73.28571428571429%
[00:00:00:00:427] 
---------- SM_Grids/6x8_grid_with_random_blocks_20per_9 ----------
[00:00:00:00:126] Path of length 28 found: [0, 1, 2, 3, 11, 10, 9, 17, 16, 24, 32, 40, 41, 33, 34, 42, 43, 35, 27, 19, 20, 28, 36, 37, 45, 46, 38, 39, 47]
[00:00:00:00:126] ! Unidirectional s-t. expansions: 88, time: 126 [ms], path length: 28 [edges], generated: 140
[00:00:00:00:118] Path of length 28 found: [47, 39, 38, 46, 45, 37, 29, 28, 20, 19, 27, 26, 34, 35, 43, 42, 41, 33, 32, 24, 16, 17, 9, 10, 11, 3, 2, 1, 0]
[00:00:00:00:119] ! Unidirectional t-s. expansions: 79, time: 118 [ms], path length: 28 [edges], generated: 134
[00:00:00:00:151] Path of length 28 found: [0, 1, 2, 3, 11, 10, 9, 17, 16, 24, 32, 40, 41, 33, 34, 42, 43, 35, 27, 19, 20, 28, 29, 37, 45, 46, 38, 39, 47]
[00:00:00:00:478] ! Bidirectional. expansions: 103, time: 152 [ms], path length: 28 [edges], g_F: 21, g_B: 7, generated: 0, MM: 14, MMPER: 47.275862068965516%

[00:00:00:00:478] average expansions: (204, 231, 212, 0)
[00:00:00:00:478] average time: (286, 299, 282, 0)
[00:00:00:00:478] XIDA: 204 , 286 (expansions , time[ms])
[00:00:00:00:478] BiXIDA: 212 , 282 (expansions , time[ms])

