------------------------------------
Thu 01 Oct 2026 13:47:52 IDT
SLURM_JOBID:		21947739
SLURM_JOB_NODELIST:	ise-cpu256-32
SLURM_SCRATCH_DIR:	/scratch/shubit/21947739
Allocated Resouces:	cpu - 2 / mem - 61440 MB / gpu - 
SLURM_GPU_INDEX:	
Running as shubit from shimony account with normal QOS
------------------------------------
Thu 01 Oct 2026 13:47:52 IDT

SLURM_JOBID:		 21947739
SLURM_JOB_NODELIST:	 ise-cpu256-32 

--------------------------
date: SM_Grids
number_of_graphs: 10
graph_type: grid
size_of_graphs: [7, 7]
heuristic: bcc_heuristic
snake: False
run_uni: True
run_bi: True
run_multi: False
solution_vertices: []
algorithms: ['DFBnB']
lookahead: -2
bsd: False
cube_first_dims: 4
cube_buffer_dim: None
backward_sym_generation: False
sym_coil: False
prefix_set: None

---------- SM_Grids/7x7_grid_with_random_blocks_8per_0 ----------
[00:00:00:05:235] Path of length 44 found: [0, 7, 8, 1, 2, 9, 16, 15, 22, 21, 28, 35, 42, 43, 36, 29, 30, 37, 44, 45, 38, 31, 32, 25, 18, 17, 10, 3, 4, 11, 12, 5, 6, 13, 20, 19, 26, 27, 34, 33, 40, 39, 46, 47, 48]
[00:00:00:05:236] ! Unidirectional s-t. expansions: 5,017, time: 5,236 [ms], path length: 44 [edges], generated: 8,518
[00:00:00:22:518] Path of length 44 found: [48, 41, 34, 27, 20, 13, 6, 5, 4, 3, 2, 9, 16, 17, 10, 11, 12, 19, 18, 25, 26, 33, 32, 31, 30, 29, 36, 37, 38, 39, 40, 47, 46, 45, 44, 43, 42, 35, 28, 21, 22, 15, 8, 1, 0]
[00:00:00:22:519] ! Unidirectional t-s. expansions: 21,117, time: 22,518 [ms], path length: 44 [edges], generated: 33,831
[00:00:00:11:165] Path of length 44 found: [0, 7, 8, 15, 22, 21, 28, 35, 42, 43, 36, 29, 30, 37, 44, 45, 38, 31, 32, 39, 46, 47, 40, 33, 26, 25, 18, 19, 12, 11, 10, 17, 16, 9, 2, 3, 4, 5, 6, 13, 20, 27, 34, 41, 48]
[00:00:00:11:578] ! Bidirectional. expansions: 9,132, time: 11,166 [ms], path length: 44 [edges], g_F: 33, g_B: 11, generated: 0, MM: 22, MMPER: 47.888888888888886%
[00:00:00:11:578] 
---------- SM_Grids/7x7_grid_with_random_blocks_8per_1 ----------
[00:00:00:34:919] Path of length 42 found: [0, 7, 14, 21, 28, 35, 42, 43, 36, 29, 22, 15, 8, 9, 2, 3, 10, 17, 16, 23, 30, 31, 24, 25, 18, 11, 4, 5, 6, 13, 12, 19, 20, 27, 26, 33, 32, 39, 46, 47, 40, 41, 48]
[00:00:00:34:919] ! Unidirectional s-t. expansions: 26,147, time: 34,919 [ms], path length: 42 [edges], generated: 46,378
[00:00:01:03:547] Path of length 42 found: [48, 41, 34, 27, 20, 13, 6, 5, 4, 3, 2, 9, 8, 15, 22, 23, 16, 17, 10, 11, 12, 19, 18, 25, 26, 33, 40, 47, 46, 39, 32, 31, 30, 29, 36, 43, 42, 35, 28, 21, 14, 7, 0]
[00:00:01:03:547] ! Unidirectional t-s. expansions: 50,419, time: 63,547 [ms], path length: 42 [edges], generated: 86,655
[00:00:01:03:045] Path of length 42 found: [0, 7, 14, 21, 28, 35, 42, 43, 36, 29, 22, 15, 8, 9, 16, 23, 30, 31, 38, 39, 46, 47, 40, 33, 32, 25, 24, 17, 18, 19, 12, 11, 10, 3, 4, 5, 6, 13, 20, 27, 34, 41, 48]
[00:00:01:03:506] ! Bidirectional. expansions: 46,556, time: 63,045 [ms], path length: 42 [edges], g_F: 32, g_B: 10, generated: 0, MM: 22, MMPER: 50.16279069767442%
[00:00:01:03:506] 
---------- SM_Grids/7x7_grid_with_random_blocks_8per_2 ----------
[00:00:00:10:653] Path of length 44 found: [0, 7, 14, 21, 28, 35, 36, 43, 44, 37, 30, 29, 22, 15, 8, 9, 2, 3, 10, 17, 16, 23, 24, 31, 38, 45, 46, 39, 32, 33, 26, 19, 18, 11, 4, 5, 12, 13, 20, 27, 34, 41, 40, 47, 48]
[00:00:00:10:653] ! Unidirectional s-t. expansions: 7,783, time: 10,653 [ms], path length: 44 [edges], generated: 13,538
[00:00:00:20:043] Path of length 44 found: [48, 41, 34, 27, 20, 13, 6, 5, 4, 3, 2, 9, 8, 15, 22, 29, 30, 37, 38, 31, 24, 23, 16, 17, 10, 11, 18, 19, 26, 33, 32, 39, 40, 47, 46, 45, 44, 43, 36, 35, 28, 21, 14, 7, 0]
[00:00:00:20:043] ! Unidirectional t-s. expansions: 15,054, time: 20,043 [ms], path length: 44 [edges], generated: 25,383
[00:00:00:20:094] Path of length 44 found: [0, 7, 14, 21, 28, 35, 36, 43, 44, 37, 30, 29, 22, 15, 16, 23, 24, 31, 38, 45, 46, 47, 40, 39, 32, 33, 26, 19, 12, 11, 18, 17, 10, 9, 2, 3, 4, 5, 6, 13, 20, 27, 34, 41, 48]
[00:00:00:20:462] ! Bidirectional. expansions: 13,661, time: 20,094 [ms], path length: 44 [edges], g_F: 33, g_B: 11, generated: 0, MM: 22, MMPER: 47.888888888888886%
[00:00:00:20:462] 
---------- SM_Grids/7x7_grid_with_random_blocks_8per_3 ----------
[00:00:00:31:675] Path of length 44 found: [0, 7, 14, 21, 28, 35, 42, 43, 44, 37, 30, 29, 22, 23, 16, 9, 8, 1, 2, 3, 10, 17, 24, 31, 38, 45, 46, 39, 32, 25, 18, 11, 4, 5, 6, 13, 12, 19, 20, 27, 26, 33, 40, 47, 48]
[00:00:00:31:675] ! Unidirectional s-t. expansions: 31,469, time: 31,675 [ms], path length: 44 [edges], generated: 48,489
[00:00:00:01:506] Path of length 44 found: [48, 41, 40, 47, 46, 39, 32, 33, 26, 27, 20, 13, 6, 5, 4, 3, 2, 1, 8, 9, 16, 17, 10, 11, 12, 19, 18, 25, 24, 23, 22, 29, 30, 31, 38, 37, 44, 43, 42, 35, 28, 21, 14, 7, 0]
[00:00:00:01:507] ! Unidirectional t-s. expansions: 981, time: 1,507 [ms], path length: 44 [edges], generated: 1,758
[00:00:00:16:174] Path of length 44 found: [0, 7, 14, 21, 28, 35, 42, 43, 44, 37, 30, 29, 22, 23, 16, 9, 8, 1, 2, 3, 10, 17, 24, 31, 38, 45, 46, 39, 32, 25, 18, 11, 4, 5, 6, 13, 12, 19, 20, 27, 26, 33, 40, 41, 48]
[00:00:00:16:547] ! Bidirectional. expansions: 14,961, time: 16,174 [ms], path length: 44 [edges], g_F: 42, g_B: 2, generated: 0, MM: 40, MMPER: 87.88888888888889%
[00:00:00:16:547] 
---------- SM_Grids/7x7_grid_with_random_blocks_8per_4 ----------
[00:00:00:00:984] Path of length 44 found: [0, 7, 14, 21, 28, 35, 42, 43, 36, 29, 22, 15, 8, 1, 2, 9, 16, 23, 30, 37, 38, 45, 46, 39, 32, 31, 24, 25, 18, 11, 4, 5, 6, 13, 12, 19, 20, 27, 26, 33, 34, 41, 40, 47, 48]
[00:00:00:00:984] ! Unidirectional s-t. expansions: 606, time: 984 [ms], path length: 44 [edges], generated: 1,003
[00:00:00:03:441] Path of length 44 found: [48, 41, 34, 27, 20, 13, 6, 5, 4, 11, 10, 9, 2, 1, 8, 15, 16, 23, 22, 29, 30, 31, 24, 25, 18, 19, 26, 33, 32, 39, 40, 47, 46, 45, 38, 37, 36, 43, 42, 35, 28, 21, 14, 7, 0]
[00:00:00:03:441] ! Unidirectional t-s. expansions: 2,159, time: 3,441 [ms], path length: 44 [edges], generated: 3,653
[00:00:00:02:712] Path of length 44 found: [0, 7, 14, 21, 28, 35, 42, 43, 36, 29, 22, 15, 8, 1, 2, 9, 16, 23, 30, 37, 38, 45, 46, 47, 40, 39, 32, 31, 24, 25, 18, 11, 4, 5, 6, 13, 12, 19, 20, 27, 26, 33, 34, 41, 48]
[00:00:00:03:083] ! Bidirectional. expansions: 1,530, time: 2,712 [ms], path length: 44 [edges], g_F: 41, g_B: 3, generated: 0, MM: 38, MMPER: 83.44444444444444%
[00:00:00:03:083] 
---------- SM_Grids/7x7_grid_with_random_blocks_8per_5 ----------
[00:00:00:02:217] Path of length 44 found: [0, 7, 14, 21, 28, 35, 42, 43, 36, 29, 22, 15, 8, 1, 2, 9, 10, 17, 24, 23, 30, 37, 44, 45, 46, 39, 38, 31, 32, 25, 18, 11, 12, 5, 6, 13, 20, 19, 26, 27, 34, 33, 40, 41, 48]
[00:00:00:02:217] ! Unidirectional s-t. expansions: 1,376, time: 2,217 [ms], path length: 44 [edges], generated: 2,304
[00:00:00:11:203] Path of length 44 found: [48, 41, 34, 27, 20, 13, 6, 5, 12, 11, 10, 3, 2, 9, 8, 15, 22, 29, 36, 37, 38, 31, 30, 23, 24, 17, 18, 19, 26, 25, 32, 33, 40, 39, 46, 45, 44, 43, 42, 35, 28, 21, 14, 7, 0]
[00:00:00:11:204] ! Unidirectional t-s. expansions: 9,932, time: 11,203 [ms], path length: 44 [edges], generated: 15,684
[00:00:00:04:272] Path of length 44 found: [0, 7, 14, 21, 28, 35, 42, 43, 36, 29, 22, 15, 8, 1, 2, 9, 10, 17, 24, 23, 30, 31, 38, 37, 44, 45, 46, 39, 40, 33, 32, 25, 26, 19, 18, 11, 12, 5, 6, 13, 20, 27, 34, 41, 48]
[00:00:00:04:643] ! Bidirectional. expansions: 2,646, time: 4,273 [ms], path length: 44 [edges], g_F: 34, g_B: 10, generated: 0, MM: 24, MMPER: 52.333333333333336%
[00:00:00:04:643] 
---------- SM_Grids/7x7_grid_with_random_blocks_8per_6 ----------
[00:00:00:13:977] Path of length 44 found: [0, 1, 8, 15, 14, 21, 28, 35, 42, 43, 36, 29, 22, 23, 16, 9, 2, 3, 4, 11, 18, 17, 24, 25, 26, 19, 12, 5, 6, 13, 20, 27, 34, 33, 40, 39, 38, 31, 30, 37, 44, 45, 46, 47, 48]
[00:00:00:13:978] ! Unidirectional s-t. expansions: 12,605, time: 13,977 [ms], path length: 44 [edges], generated: 20,070
[00:00:00:05:508] Path of length 44 found: [48, 41, 34, 27, 20, 13, 6, 5, 4, 3, 2, 9, 16, 23, 22, 29, 36, 37, 30, 31, 24, 17, 18, 11, 12, 19, 26, 33, 40, 47, 46, 39, 38, 45, 44, 43, 42, 35, 28, 21, 14, 15, 8, 1, 0]
[00:00:00:05:509] ! Unidirectional t-s. expansions: 3,534, time: 5,508 [ms], path length: 44 [edges], generated: 6,037
[00:00:00:18:573] Path of length 44 found: [0, 1, 8, 15, 14, 21, 28, 35, 42, 43, 36, 29, 22, 23, 30, 37, 44, 45, 38, 39, 46, 47, 40, 33, 26, 19, 12, 11, 18, 25, 24, 17, 16, 9, 2, 3, 4, 5, 6, 13, 20, 27, 34, 41, 48]
[00:00:00:18:949] ! Bidirectional. expansions: 14,063, time: 18,573 [ms], path length: 44 [edges], g_F: 32, g_B: 12, generated: 0, MM: 20, MMPER: 43.44444444444444%
[00:00:00:18:949] 
---------- SM_Grids/7x7_grid_with_random_blocks_8per_7 ----------
[00:00:02:16:041] Valid states checked so far: 200,000, Expansions: 119,088, Global best: 43
[00:00:02:26:964] Path of length 42 found: [0, 7, 14, 21, 28, 35, 42, 43, 36, 29, 22, 15, 8, 1, 2, 9, 16, 23, 30, 37, 44, 45, 38, 31, 24, 17, 10, 3, 4, 5, 12, 11, 18, 19, 26, 25, 32, 33, 40, 39, 46, 47, 48]
[00:00:02:26:964] ! Unidirectional s-t. expansions: 129,818, time: 146,964 [ms], path length: 42 [edges], generated: 217,411
[00:00:00:25:887] Path of length 42 found: [48, 41, 40, 47, 46, 39, 32, 33, 26, 19, 12, 5, 4, 3, 2, 1, 8, 15, 22, 29, 36, 37, 30, 23, 16, 9, 10, 11, 18, 17, 24, 31, 38, 45, 44, 43, 42, 35, 28, 21, 14, 7, 0]
[00:00:00:25:887] ! Unidirectional t-s. expansions: 21,730, time: 25,887 [ms], path length: 42 [edges], generated: 38,633
[00:00:01:03:995] Expansions: 50,000. F states: 85,904, B states: 118. Checks: 86,023)
[00:00:01:20:715] Path of length 42 found: [0, 7, 14, 21, 28, 35, 42, 43, 36, 29, 22, 15, 8, 1, 2, 9, 16, 23, 30, 37, 44, 45, 38, 31, 24, 17, 10, 3, 4, 5, 12, 11, 18, 19, 26, 25, 32, 33, 40, 39, 46, 47, 48]
[00:00:01:21:083] ! Bidirectional. expansions: 64,281, time: 80,715 [ms], path length: 42 [edges], g_F: 39, g_B: 3, generated: 0, MM: 36, MMPER: 82.72093023255815%
[00:00:01:21:083] 
---------- SM_Grids/7x7_grid_with_random_blocks_8per_8 ----------
[00:00:01:34:637] Path of length 42 found: [0, 7, 8, 1, 2, 9, 16, 15, 22, 21, 28, 35, 42, 43, 44, 37, 38, 45, 46, 39, 32, 31, 24, 17, 10, 3, 4, 11, 18, 25, 26, 19, 12, 5, 6, 13, 20, 27, 34, 33, 40, 47, 48]
[00:00:01:34:637] ! Unidirectional s-t. expansions: 69,642, time: 94,637 [ms], path length: 42 [edges], generated: 121,724
[00:00:02:29:017] Valid states checked so far: 200,000, Expansions: 117,462, Global best: 43
[00:00:02:47:541] Path of length 42 found: [48, 41, 34, 27, 20, 13, 6, 5, 4, 3, 2, 9, 16, 23, 24, 17, 10, 11, 12, 19, 18, 25, 26, 33, 32, 31, 38, 39, 40, 47, 46, 45, 44, 43, 42, 35, 28, 21, 22, 15, 8, 1, 0]
[00:00:02:47:541] ! Unidirectional t-s. expansions: 133,539, time: 167,541 [ms], path length: 42 [edges], generated: 226,954
[00:00:01:12:072] Expansions: 50,000. F states: 88,083, B states: 117. Checks: 88,201)
[00:00:02:28:222] Expansions: 100,000. F states: 179,169, B states: 691. Checks: 179,861)
[00:00:02:41:708] Path of length 42 found: [0, 7, 8, 15, 22, 21, 28, 35, 42, 43, 44, 37, 38, 45, 46, 47, 40, 39, 32, 31, 24, 23, 16, 17, 18, 25, 26, 19, 12, 11, 10, 9, 2, 3, 4, 5, 6, 13, 20, 27, 34, 41, 48]
[00:00:02:42:089] ! Bidirectional. expansions: 109,109, time: 161,708 [ms], path length: 42 [edges], g_F: 31, g_B: 11, generated: 0, MM: 20, MMPER: 45.51162790697674%
[00:00:02:42:090] 
---------- SM_Grids/7x7_grid_with_random_blocks_8per_9 ----------
[00:00:00:15:813] Path of length 44 found: [0, 7, 14, 21, 28, 35, 42, 43, 36, 29, 22, 15, 8, 1, 2, 9, 16, 23, 30, 37, 44, 45, 46, 39, 38, 31, 32, 25, 18, 17, 10, 3, 4, 11, 12, 5, 6, 13, 20, 27, 26, 33, 40, 41, 48]
[00:00:00:15:814] ! Unidirectional s-t. expansions: 11,935, time: 15,814 [ms], path length: 44 [edges], generated: 19,390
[00:00:00:03:268] Path of length 44 found: [48, 41, 34, 27, 20, 13, 6, 5, 12, 11, 4, 3, 2, 1, 8, 15, 22, 29, 36, 37, 30, 23, 16, 9, 10, 17, 18, 25, 26, 33, 40, 39, 32, 31, 38, 45, 44, 43, 42, 35, 28, 21, 14, 7, 0]
[00:00:00:03:268] ! Unidirectional t-s. expansions: 2,090, time: 3,268 [ms], path length: 44 [edges], generated: 3,538
[00:00:00:22:379] Path of length 44 found: [0, 7, 14, 21, 28, 35, 42, 43, 36, 29, 22, 15, 8, 1, 2, 9, 16, 23, 30, 37, 44, 45, 46, 39, 38, 31, 32, 33, 26, 25, 18, 17, 10, 3, 4, 11, 12, 5, 6, 13, 20, 27, 34, 41, 48]
[00:00:00:22:756] ! Bidirectional. expansions: 15,168, time: 22,380 [ms], path length: 44 [edges], g_F: 35, g_B: 9, generated: 0, MM: 26, MMPER: 56.77777777777778%

[00:00:00:22:756] average expansions: (29,640, 26,056, 29,111, 0)
[00:00:00:22:756] average time: (35,708, 32,446, 40,084, 0)
[00:00:00:22:756] XDFBnB: 26,056 , 32,446 (expansions , time[ms])
[00:00:00:22:756] BiXDFBnB: 29,111 , 40,084 (expansions , time[ms])

