------------------------------------
Thu 01 Oct 2026 12:14:09 IDT
SLURM_JOBID:		21944096
SLURM_JOB_NODELIST:	ise-cpu256-30
SLURM_SCRATCH_DIR:	/scratch/shubit/21944096
Allocated Resouces:	cpu - 2 / mem - 61440 MB / gpu - 
SLURM_GPU_INDEX:	
Running as shubit from shimony account with normal QOS
------------------------------------
Thu 01 Oct 2026 12:14:09 IDT

SLURM_JOBID:		 21944096
SLURM_JOB_NODELIST:	 ise-cpu256-30 

--------------------------
date: SM_Grids
number_of_graphs: 10
graph_type: grid
size_of_graphs: [7, 7]
heuristic: bcc_heuristic
snake: False
run_uni: True
run_bi: True
run_multi: False
solution_vertices: []
algorithms: ['IDA']
lookahead: 1
bsd: False
cube_first_dims: 4
cube_buffer_dim: None
backward_sym_generation: False
sym_coil: False
prefix_set: None

---------- SM_Grids/7x7_grid_with_random_blocks_16per_0 ----------
[00:00:00:00:067] Path of length 34 found: [0, 1, 8, 7, 14, 21, 22, 29, 28, 35, 42, 43, 36, 37, 30, 31, 24, 17, 18, 25, 32, 39, 38, 45, 46, 47, 40, 33, 26, 19, 20, 27, 34, 41, 48]
[00:00:00:00:067] ! Unidirectional s-t. expansions: 47, time: 67 [ms], path length: 34 [edges], generated: 81
[00:00:00:01:932] Path of length 34 found: [48, 41, 34, 27, 20, 19, 18, 17, 24, 31, 30, 29, 36, 37, 38, 39, 32, 25, 26, 33, 40, 47, 46, 45, 44, 43, 42, 35, 28, 21, 14, 7, 8, 1, 0]
[00:00:00:01:933] ! Unidirectional t-s. expansions: 1,541, time: 1,933 [ms], path length: 34 [edges], generated: 2,657
[00:00:00:02:829] Path of length 34 found: [0, 1, 8, 7, 14, 21, 22, 29, 28, 35, 42, 43, 36, 37, 30, 31, 32, 39, 38, 45, 46, 47, 40, 33, 26, 25, 24, 17, 18, 19, 20, 27, 34, 41, 48]
[00:00:00:03:216] ! Bidirectional. expansions: 846, time: 2,829 [ms], path length: 34 [edges], g_F: 13, g_B: 21, generated: 0, MM: 8, MMPER: 21.857142857142858%
[00:00:00:03:217] 
---------- SM_Grids/7x7_grid_with_random_blocks_16per_1 ----------
[00:00:00:00:062] Path of length 40 found: [0, 1, 2, 3, 4, 5, 12, 13, 20, 27, 26, 19, 18, 11, 10, 9, 16, 15, 22, 21, 28, 35, 42, 43, 36, 29, 30, 37, 44, 45, 38, 31, 24, 25, 32, 39, 46, 47, 40, 41, 48]
[00:00:00:00:062] ! Unidirectional s-t. expansions: 41, time: 62 [ms], path length: 40 [edges], generated: 64
[00:00:00:00:057] Path of length 40 found: [48, 41, 40, 47, 46, 39, 32, 25, 24, 31, 30, 29, 36, 37, 38, 45, 44, 43, 42, 35, 28, 21, 22, 15, 16, 9, 10, 11, 18, 19, 26, 27, 20, 13, 12, 5, 4, 3, 2, 1, 0]
[00:00:00:00:058] ! Unidirectional t-s. expansions: 39, time: 57 [ms], path length: 40 [edges], generated: 59
[00:00:00:00:641] Path of length 40 found: [0, 1, 2, 3, 4, 5, 12, 13, 20, 27, 26, 19, 18, 11, 10, 9, 16, 15, 22, 21, 28, 35, 42, 43, 44, 45, 38, 37, 36, 29, 30, 31, 24, 25, 32, 39, 46, 47, 40, 41, 48]
[00:00:00:01:002] ! Bidirectional. expansions: 171, time: 641 [ms], path length: 40 [edges], g_F: 27, g_B: 13, generated: 0, MM: 14, MMPER: 33.146341463414636%
[00:00:00:01:003] 
---------- SM_Grids/7x7_grid_with_random_blocks_16per_2 ----------
[00:00:00:01:027] Path of length 38 found: [0, 7, 8, 1, 2, 9, 16, 23, 22, 29, 28, 35, 36, 43, 44, 45, 38, 37, 30, 31, 32, 25, 18, 17, 10, 3, 4, 5, 6, 13, 12, 19, 26, 27, 34, 33, 40, 47, 48]
[00:00:00:01:027] ! Unidirectional s-t. expansions: 672, time: 1,027 [ms], path length: 38 [edges], generated: 1,123
[00:00:00:00:409] Path of length 38 found: [48, 47, 40, 33, 34, 27, 26, 19, 12, 13, 6, 5, 4, 11, 18, 25, 32, 31, 30, 37, 38, 45, 44, 43, 36, 35, 28, 29, 22, 23, 16, 17, 10, 3, 2, 9, 8, 1, 0]
[00:00:00:00:410] ! Unidirectional t-s. expansions: 292, time: 409 [ms], path length: 38 [edges], generated: 479
[00:00:00:02:300] Path of length 38 found: [0, 7, 8, 1, 2, 3, 4, 5, 6, 13, 12, 19, 26, 27, 34, 33, 32, 25, 18, 11, 10, 9, 16, 23, 22, 29, 28, 35, 36, 43, 44, 37, 30, 31, 38, 45, 46, 47, 48]
[00:00:00:02:649] ! Bidirectional. expansions: 695, time: 2,300 [ms], path length: 38 [edges], g_F: 22, g_B: 16, generated: 0, MM: 6, MMPER: 14.384615384615385%
[00:00:00:02:649] 
---------- SM_Grids/7x7_grid_with_random_blocks_16per_3 ----------
[00:00:00:00:632] Path of length 38 found: [0, 7, 14, 21, 28, 35, 42, 43, 36, 37, 30, 29, 22, 15, 8, 1, 2, 3, 4, 11, 12, 19, 18, 17, 16, 23, 24, 31, 32, 25, 26, 27, 34, 33, 40, 39, 46, 47, 48]
[00:00:00:00:632] ! Unidirectional s-t. expansions: 458, time: 632 [ms], path length: 38 [edges], generated: 752
[00:00:00:00:503] Path of length 38 found: [48, 41, 34, 27, 26, 33, 40, 47, 46, 39, 32, 25, 18, 19, 12, 11, 4, 3, 2, 1, 8, 15, 22, 23, 16, 17, 24, 31, 30, 37, 36, 43, 42, 35, 28, 21, 14, 7, 0]
[00:00:00:00:503] ! Unidirectional t-s. expansions: 322, time: 503 [ms], path length: 38 [edges], generated: 561
[00:00:00:03:532] Path of length 38 found: [0, 7, 14, 15, 8, 1, 2, 3, 4, 11, 12, 19, 18, 17, 16, 23, 22, 21, 28, 35, 42, 43, 36, 37, 30, 31, 24, 25, 26, 27, 34, 33, 32, 39, 46, 47, 40, 41, 48]
[00:00:00:03:866] ! Bidirectional. expansions: 1,114, time: 3,532 [ms], path length: 38 [edges], g_F: 18, g_B: 20, generated: 0, MM: 2, MMPER: 4.128205128205129%
[00:00:00:03:866] 
---------- SM_Grids/7x7_grid_with_random_blocks_16per_4 ----------
[00:00:00:01:049] Path of length 38 found: [0, 7, 14, 21, 28, 35, 42, 43, 44, 45, 38, 31, 30, 29, 22, 23, 16, 9, 8, 1, 2, 3, 10, 11, 18, 25, 26, 19, 12, 5, 6, 13, 20, 27, 34, 33, 40, 47, 48]
[00:00:00:01:049] ! Unidirectional s-t. expansions: 813, time: 1,049 [ms], path length: 38 [edges], generated: 1,266
[00:00:00:00:786] Path of length 38 found: [48, 41, 34, 27, 20, 13, 6, 5, 12, 11, 18, 25, 26, 33, 40, 47, 46, 45, 38, 31, 30, 23, 22, 29, 36, 43, 42, 35, 28, 21, 14, 7, 8, 9, 10, 3, 2, 1, 0]
[00:00:00:00:786] ! Unidirectional t-s. expansions: 643, time: 786 [ms], path length: 38 [edges], generated: 1,017
[00:00:00:09:065] Path of length 38 found: [0, 7, 8, 1, 2, 3, 10, 9, 16, 23, 22, 21, 28, 35, 42, 43, 36, 29, 30, 31, 38, 45, 46, 47, 40, 33, 26, 25, 18, 11, 12, 5, 6, 13, 20, 27, 34, 41, 48]
[00:00:00:09:414] ! Bidirectional. expansions: 2,557, time: 9,065 [ms], path length: 38 [edges], g_F: 21, g_B: 17, generated: 0, MM: 4, MMPER: 9.256410256410257%
[00:00:00:09:414] 
---------- SM_Grids/7x7_grid_with_random_blocks_16per_5 ----------
[00:00:00:00:088] Path of length 38 found: [0, 7, 14, 21, 28, 29, 22, 15, 8, 1, 2, 9, 16, 23, 30, 37, 38, 31, 24, 17, 18, 11, 4, 5, 6, 13, 12, 19, 20, 27, 26, 25, 32, 39, 40, 33, 34, 41, 48]
[00:00:00:00:088] ! Unidirectional s-t. expansions: 37, time: 88 [ms], path length: 38 [edges], generated: 63
[00:00:00:00:059] Path of length 38 found: [48, 41, 34, 27, 20, 13, 6, 5, 4, 11, 12, 19, 18, 17, 16, 9, 2, 1, 8, 15, 22, 23, 24, 31, 32, 25, 26, 33, 40, 39, 38, 37, 30, 29, 28, 21, 14, 7, 0]
[00:00:00:00:060] ! Unidirectional t-s. expansions: 37, time: 59 [ms], path length: 38 [edges], generated: 63
[00:00:00:00:119] Path of length 38 found: [0, 7, 14, 21, 28, 29, 22, 15, 8, 1, 2, 9, 16, 23, 30, 37, 38, 39, 40, 33, 26, 25, 32, 31, 24, 17, 18, 19, 12, 11, 4, 5, 6, 13, 20, 27, 34, 41, 48]
[00:00:00:00:460] ! Bidirectional. expansions: 37, time: 119 [ms], path length: 38 [edges], g_F: 22, g_B: 16, generated: 0, MM: 6, MMPER: 14.384615384615385%
[00:00:00:00:461] 
---------- SM_Grids/7x7_grid_with_random_blocks_16per_6 ----------
[00:00:00:00:054] Path of length 36 found: [0, 1, 8, 15, 22, 23, 16, 9, 2, 3, 10, 17, 24, 31, 30, 37, 44, 45, 46, 39, 32, 25, 18, 11, 4, 5, 6, 13, 12, 19, 20, 27, 26, 33, 34, 41, 48]
[00:00:00:00:054] ! Unidirectional s-t. expansions: 35, time: 54 [ms], path length: 36 [edges], generated: 57
[00:00:00:00:054] Path of length 36 found: [48, 41, 34, 27, 20, 13, 6, 5, 4, 3, 2, 9, 16, 17, 10, 11, 12, 19, 18, 25, 26, 33, 32, 39, 46, 45, 44, 37, 30, 31, 24, 23, 22, 15, 8, 1, 0]
[00:00:00:00:055] ! Unidirectional t-s. expansions: 35, time: 54 [ms], path length: 36 [edges], generated: 57
[00:00:00:00:119] Path of length 36 found: [0, 1, 8, 15, 22, 23, 16, 9, 2, 3, 10, 17, 24, 31, 30, 37, 44, 45, 46, 39, 32, 33, 26, 25, 18, 19, 12, 11, 4, 5, 6, 13, 20, 27, 34, 41, 48]
[00:00:00:00:473] ! Bidirectional. expansions: 35, time: 119 [ms], path length: 36 [edges], g_F: 20, g_B: 16, generated: 0, MM: 4, MMPER: 9.81081081081081%
[00:00:00:00:473] 
---------- SM_Grids/7x7_grid_with_random_blocks_16per_7 ----------
[00:00:00:01:034] Path of length 38 found: [0, 7, 14, 21, 28, 35, 42, 43, 36, 37, 30, 31, 24, 17, 16, 15, 8, 1, 2, 3, 10, 11, 4, 5, 6, 13, 12, 19, 18, 25, 26, 27, 34, 33, 40, 39, 46, 47, 48]
[00:00:00:01:034] ! Unidirectional s-t. expansions: 685, time: 1,034 [ms], path length: 38 [edges], generated: 1,165
[00:00:00:01:146] Path of length 38 found: [48, 47, 46, 39, 40, 33, 34, 27, 20, 13, 6, 5, 4, 3, 2, 1, 8, 15, 16, 17, 10, 11, 12, 19, 18, 25, 24, 31, 30, 37, 36, 43, 42, 35, 28, 21, 14, 7, 0]
[00:00:00:01:146] ! Unidirectional t-s. expansions: 824, time: 1,146 [ms], path length: 38 [edges], generated: 1,383
[00:00:00:07:377] Path of length 38 found: [0, 7, 14, 21, 28, 35, 42, 43, 36, 37, 30, 31, 24, 25, 26, 19, 12, 11, 10, 17, 16, 15, 8, 1, 2, 3, 4, 5, 6, 13, 20, 27, 34, 33, 40, 39, 46, 47, 48]
[00:00:00:07:718] ! Bidirectional. expansions: 2,534, time: 7,377 [ms], path length: 38 [edges], g_F: 19, g_B: 19, generated: 0, MM: 0, MMPER: -1.0%
[00:00:00:07:718] 
---------- SM_Grids/7x7_grid_with_random_blocks_16per_8 ----------
[00:00:00:05:632] Path of length 38 found: [0, 1, 8, 15, 22, 21, 28, 35, 42, 43, 44, 37, 36, 29, 30, 31, 24, 17, 16, 9, 2, 3, 10, 11, 4, 5, 6, 13, 12, 19, 18, 25, 26, 27, 34, 33, 40, 47, 48]
[00:00:00:05:632] ! Unidirectional s-t. expansions: 4,784, time: 5,632 [ms], path length: 38 [edges], generated: 7,925
[00:00:00:03:795] Path of length 38 found: [48, 47, 40, 33, 34, 27, 20, 13, 6, 5, 4, 3, 2, 9, 16, 17, 10, 11, 12, 19, 18, 25, 24, 31, 30, 29, 36, 37, 44, 43, 42, 35, 28, 21, 22, 15, 8, 1, 0]
[00:00:00:03:795] ! Unidirectional t-s. expansions: 3,314, time: 3,795 [ms], path length: 38 [edges], generated: 5,502
[00:00:00:13:970] Path of length 38 found: [0, 1, 8, 15, 22, 21, 28, 35, 42, 43, 44, 37, 36, 29, 30, 31, 32, 25, 26, 19, 12, 11, 10, 17, 16, 9, 2, 3, 4, 5, 6, 13, 20, 27, 34, 33, 40, 47, 48]
[00:00:00:14:312] ! Bidirectional. expansions: 4,794, time: 13,970 [ms], path length: 38 [edges], g_F: 23, g_B: 15, generated: 0, MM: 8, MMPER: 19.512820512820515%
[00:00:00:14:312] 
---------- SM_Grids/7x7_grid_with_random_blocks_16per_9 ----------
[00:00:00:05:647] Path of length 36 found: [0, 7, 8, 1, 2, 3, 10, 9, 16, 15, 22, 21, 28, 29, 36, 35, 42, 43, 44, 45, 46, 39, 32, 31, 24, 17, 18, 25, 26, 19, 20, 27, 34, 33, 40, 47, 48]
[00:00:00:05:647] ! Unidirectional s-t. expansions: 4,511, time: 5,647 [ms], path length: 36 [edges], generated: 7,821
[00:00:00:07:889] Path of length 36 found: [48, 41, 34, 27, 20, 19, 18, 17, 10, 3, 2, 9, 16, 23, 24, 31, 32, 25, 26, 33, 40, 39, 46, 45, 44, 37, 36, 43, 42, 35, 28, 21, 22, 15, 8, 1, 0]
[00:00:00:07:889] ! Unidirectional t-s. expansions: 6,586, time: 7,889 [ms], path length: 36 [edges], generated: 11,078
[00:00:00:40:415] Path of length 36 found: [0, 7, 8, 1, 2, 3, 10, 9, 16, 15, 22, 21, 28, 35, 42, 43, 36, 37, 44, 45, 46, 39, 40, 33, 32, 31, 24, 17, 18, 25, 26, 19, 20, 27, 34, 41, 48]
[00:00:00:40:758] ! Bidirectional. expansions: 12,607, time: 40,415 [ms], path length: 36 [edges], g_F: 22, g_B: 14, generated: 0, MM: 8, MMPER: 20.62162162162162%

[00:00:00:40:758] average expansions: (1,208, 1,363, 2,539, 0)
[00:00:00:40:759] average time: (1,529, 1,663, 8,037, 0)
[00:00:00:40:759] XIDA: 1,208 , 1,529 (expansions , time[ms])
[00:00:00:40:759] BiXIDA: 2,539 , 8,037 (expansions , time[ms])

