------------------------------------
Thu 01 Oct 2026 10:43:14 IDT
SLURM_JOBID:		21942723
SLURM_JOB_NODELIST:	ise-cpu256-32
SLURM_SCRATCH_DIR:	/scratch/shubit/21942723
Allocated Resouces:	cpu - 2 / mem - 61440 MB / gpu - 
SLURM_GPU_INDEX:	
Running as shubit from shimony account with normal QOS
------------------------------------
Thu 01 Oct 2026 10:43:14 IDT

SLURM_JOBID:		 21942723
SLURM_JOB_NODELIST:	 ise-cpu256-32 

--------------------------
date: SM_Grids
number_of_graphs: 10
graph_type: grid
size_of_graphs: [7, 7]
heuristic: bcc_heuristic
snake: False
run_uni: True
run_bi: True
run_multi: False
solution_vertices: []
algorithms: ['A']
lookahead: 4
bsd: False
cube_first_dims: 4
cube_buffer_dim: None
backward_sym_generation: False
sym_coil: False
prefix_set: None

---------- SM_Grids/7x7_grid_with_random_blocks_8per_0 ----------
[00:00:00:07:874] Path of length 44 found: [0, 7, 8, 1, 2, 9, 16, 15, 22, 21, 28, 35, 42, 43, 36, 29, 30, 37, 44, 45, 38, 31, 32, 25, 18, 17, 10, 3, 4, 11, 12, 5, 6, 13, 20, 19, 26, 27, 34, 33, 40, 39, 46, 47, 48]
[00:00:00:07:875] ! Unidirectional s-t. expansions: 1,309, time: 7,874 [ms], path length: 44 [edges], generated: 28,183
[00:00:00:30:069] Path of length 44 found: [48, 41, 34, 27, 20, 13, 6, 5, 4, 3, 2, 9, 16, 17, 10, 11, 12, 19, 18, 25, 26, 33, 32, 31, 30, 29, 36, 37, 38, 39, 40, 47, 46, 45, 44, 43, 42, 35, 28, 21, 22, 15, 8, 1, 0]
[00:00:00:30:069] ! Unidirectional t-s. expansions: 5,387, time: 30,069 [ms], path length: 44 [edges], generated: 93,583
[00:00:00:14:857] Path of length 44 found: [0, 7, 8, 1, 2, 9, 16, 15, 22, 21, 28, 35, 42, 43, 36, 29, 30, 31, 38, 37, 44, 45, 46, 39, 40, 33, 32, 25, 26, 19, 12, 11, 18, 17, 10, 3, 4, 5, 6, 13, 20, 27, 34, 41, 48]
[00:00:00:15:217] ! Bidirectional. expansions: 2,789, time: 14,857 [ms], path length: 44 [edges], g_F: 22, g_B: 22, generated: 0, MM: 0, MMPER: -1.0%
[00:00:00:15:217] 
---------- SM_Grids/7x7_grid_with_random_blocks_8per_1 ----------
[00:00:00:46:778] Path of length 42 found: [0, 7, 8, 15, 14, 21, 28, 35, 42, 43, 36, 29, 22, 23, 30, 31, 38, 39, 46, 47, 40, 33, 32, 25, 24, 17, 16, 9, 2, 3, 10, 11, 4, 5, 6, 13, 12, 19, 26, 27, 34, 41, 48]
[00:00:00:46:778] ! Unidirectional s-t. expansions: 5,752, time: 46,778 [ms], path length: 42 [edges], generated: 119,321
[00:00:01:03:700] Path of length 42 found: [48, 47, 46, 39, 38, 31, 30, 29, 36, 43, 42, 35, 28, 21, 22, 23, 24, 17, 18, 19, 26, 25, 32, 33, 40, 41, 34, 27, 20, 13, 6, 5, 12, 11, 4, 3, 2, 9, 8, 15, 14, 7, 0]
[00:00:01:03:700] ! Unidirectional t-s. expansions: 8,897, time: 63,700 [ms], path length: 42 [edges], generated: 169,983
[00:00:00:36:514] Path of length 42 found: [0, 7, 14, 21, 28, 35, 42, 43, 36, 29, 22, 15, 8, 9, 2, 3, 10, 17, 16, 23, 30, 31, 32, 39, 46, 47, 40, 33, 26, 25, 18, 19, 12, 11, 4, 5, 6, 13, 20, 27, 34, 41, 48]
[00:00:00:36:819] ! Bidirectional. expansions: 8,854, time: 36,514 [ms], path length: 42 [edges], g_F: 21, g_B: 21, generated: 0, MM: 0, MMPER: -1.0%
[00:00:00:36:819] 
---------- SM_Grids/7x7_grid_with_random_blocks_8per_2 ----------
[00:00:00:13:387] Path of length 44 found: [0, 7, 8, 15, 14, 21, 22, 29, 28, 35, 36, 43, 44, 45, 38, 37, 30, 31, 24, 23, 16, 17, 18, 19, 12, 11, 10, 9, 2, 3, 4, 5, 6, 13, 20, 27, 26, 33, 32, 39, 46, 47, 40, 41, 48]
[00:00:00:13:388] ! Unidirectional s-t. expansions: 1,873, time: 13,387 [ms], path length: 44 [edges], generated: 35,844
[00:00:00:27:010] Path of length 44 found: [48, 41, 34, 27, 20, 13, 6, 5, 4, 3, 2, 9, 10, 17, 18, 11, 12, 19, 26, 33, 32, 39, 40, 47, 46, 45, 38, 37, 44, 43, 36, 35, 28, 21, 22, 29, 30, 31, 24, 23, 16, 15, 8, 7, 0]
[00:00:00:27:010] ! Unidirectional t-s. expansions: 3,469, time: 27,010 [ms], path length: 44 [edges], generated: 69,715
[00:00:00:23:088] Path of length 44 found: [0, 7, 14, 21, 28, 35, 36, 43, 44, 37, 38, 45, 46, 47, 40, 39, 32, 33, 26, 19, 12, 11, 10, 17, 16, 23, 24, 31, 30, 29, 22, 15, 8, 9, 2, 3, 4, 5, 6, 13, 20, 27, 34, 41, 48]
[00:00:00:23:394] ! Bidirectional. expansions: 4,735, time: 23,088 [ms], path length: 44 [edges], g_F: 22, g_B: 22, generated: 0, MM: 0, MMPER: -1.0%
[00:00:00:23:394] 
---------- SM_Grids/7x7_grid_with_random_blocks_8per_3 ----------
[00:00:00:36:004] Path of length 44 found: [0, 7, 14, 21, 28, 35, 42, 43, 44, 37, 30, 29, 22, 23, 16, 9, 8, 1, 2, 3, 10, 17, 24, 31, 38, 45, 46, 39, 32, 25, 18, 11, 4, 5, 6, 13, 12, 19, 20, 27, 26, 33, 40, 47, 48]
[00:00:00:36:004] ! Unidirectional s-t. expansions: 7,824, time: 36,004 [ms], path length: 44 [edges], generated: 119,803
[00:00:00:02:367] Path of length 44 found: [48, 41, 40, 47, 46, 39, 32, 33, 26, 27, 20, 19, 12, 13, 6, 5, 4, 11, 10, 3, 2, 1, 8, 9, 16, 17, 18, 25, 24, 31, 38, 45, 44, 43, 42, 35, 28, 29, 30, 23, 22, 21, 14, 7, 0]
[00:00:00:02:367] ! Unidirectional t-s. expansions: 264, time: 2,367 [ms], path length: 44 [edges], generated: 6,069
[00:00:00:03:700] Path of length 44 found: [0, 1, 2, 9, 8, 7, 14, 21, 22, 29, 28, 35, 42, 43, 44, 45, 38, 37, 30, 31, 24, 23, 16, 17, 18, 19, 12, 11, 10, 3, 4, 5, 6, 13, 20, 27, 26, 33, 32, 39, 46, 47, 40, 41, 48]
[00:00:00:04:000] ! Bidirectional. expansions: 686, time: 3,700 [ms], path length: 44 [edges], g_F: 22, g_B: 22, generated: 0, MM: 0, MMPER: -1.0%
[00:00:00:04:000] 
---------- SM_Grids/7x7_grid_with_random_blocks_8per_4 ----------
[00:00:00:01:316] Path of length 44 found: [0, 7, 14, 21, 22, 29, 28, 35, 42, 43, 36, 37, 38, 45, 46, 47, 40, 39, 32, 33, 26, 19, 18, 25, 24, 31, 30, 23, 16, 15, 8, 1, 2, 9, 10, 11, 4, 5, 12, 13, 20, 27, 34, 41, 48]
[00:00:00:01:316] ! Unidirectional s-t. expansions: 137, time: 1,316 [ms], path length: 44 [edges], generated: 2,772
[00:00:00:05:178] Path of length 44 found: [48, 47, 46, 45, 38, 39, 40, 41, 34, 33, 32, 31, 30, 37, 36, 43, 42, 35, 28, 29, 22, 21, 14, 7, 8, 15, 16, 23, 24, 25, 18, 19, 26, 27, 20, 13, 6, 5, 4, 11, 10, 9, 2, 1, 0]
[00:00:00:05:179] ! Unidirectional t-s. expansions: 506, time: 5,178 [ms], path length: 44 [edges], generated: 11,524
[00:00:00:04:886] Path of length 44 found: [0, 7, 14, 21, 28, 35, 42, 43, 36, 29, 22, 23, 16, 15, 8, 1, 2, 9, 10, 11, 4, 5, 12, 13, 20, 19, 18, 25, 24, 31, 30, 37, 38, 45, 46, 47, 40, 39, 32, 33, 26, 27, 34, 41, 48]
[00:00:00:05:181] ! Bidirectional. expansions: 737, time: 4,886 [ms], path length: 44 [edges], g_F: 22, g_B: 22, generated: 0, MM: 0, MMPER: -1.0%
[00:00:00:05:182] 
---------- SM_Grids/7x7_grid_with_random_blocks_8per_5 ----------
[00:00:00:03:124] Path of length 44 found: [0, 1, 2, 3, 10, 9, 8, 7, 14, 15, 22, 21, 28, 29, 36, 35, 42, 43, 44, 45, 46, 39, 40, 33, 26, 25, 32, 31, 38, 37, 30, 23, 24, 17, 18, 11, 12, 5, 6, 13, 20, 27, 34, 41, 48]
[00:00:00:03:124] ! Unidirectional s-t. expansions: 353, time: 3,124 [ms], path length: 44 [edges], generated: 7,211
[00:00:00:12:946] Path of length 44 found: [48, 41, 34, 27, 20, 13, 6, 5, 12, 11, 18, 19, 26, 25, 32, 33, 40, 39, 46, 45, 38, 31, 30, 29, 36, 37, 44, 43, 42, 35, 28, 21, 14, 7, 8, 15, 22, 23, 24, 17, 10, 3, 2, 1, 0]
[00:00:00:12:946] ! Unidirectional t-s. expansions: 2,545, time: 12,946 [ms], path length: 44 [edges], generated: 40,478
[00:00:00:05:057] Path of length 44 found: [0, 7, 14, 21, 28, 35, 42, 43, 44, 45, 46, 39, 32, 31, 38, 37, 36, 29, 30, 23, 22, 15, 8, 1, 2, 3, 10, 17, 24, 25, 26, 19, 18, 11, 12, 5, 6, 13, 20, 27, 34, 33, 40, 41, 48]
[00:00:00:05:358] ! Bidirectional. expansions: 1,072, time: 5,057 [ms], path length: 44 [edges], g_F: 22, g_B: 22, generated: 0, MM: 0, MMPER: -1.0%
[00:00:00:05:358] 
---------- SM_Grids/7x7_grid_with_random_blocks_8per_6 ----------
[00:00:00:16:689] Path of length 44 found: [0, 1, 8, 15, 14, 21, 28, 35, 42, 43, 36, 29, 22, 23, 30, 37, 44, 45, 38, 31, 24, 17, 16, 9, 2, 3, 4, 11, 18, 25, 26, 19, 12, 5, 6, 13, 20, 27, 34, 33, 40, 39, 46, 47, 48]
[00:00:00:16:689] ! Unidirectional s-t. expansions: 3,263, time: 16,689 [ms], path length: 44 [edges], generated: 57,022
[00:00:00:08:554] Path of length 44 found: [48, 41, 34, 27, 20, 13, 6, 5, 12, 19, 26, 33, 40, 47, 46, 39, 38, 45, 44, 43, 42, 35, 28, 21, 14, 15, 8, 9, 16, 23, 22, 29, 36, 37, 30, 31, 24, 17, 18, 11, 4, 3, 2, 1, 0]
[00:00:00:08:555] ! Unidirectional t-s. expansions: 918, time: 8,554 [ms], path length: 44 [edges], generated: 20,714
[00:00:00:11:986] Path of length 44 found: [0, 1, 8, 15, 14, 21, 28, 35, 42, 43, 36, 29, 22, 23, 30, 31, 38, 37, 44, 45, 46, 39, 40, 33, 26, 19, 12, 11, 18, 25, 24, 17, 16, 9, 2, 3, 4, 5, 6, 13, 20, 27, 34, 41, 48]
[00:00:00:12:299] ! Bidirectional. expansions: 2,743, time: 11,986 [ms], path length: 44 [edges], g_F: 22, g_B: 22, generated: 0, MM: 0, MMPER: -1.0%
[00:00:00:12:299] 
---------- SM_Grids/7x7_grid_with_random_blocks_8per_7 ----------
[00:00:00:55:979] Expansion 10,000: state None, f=43, g=28
[00:00:01:49:031] Expansion 20,000: state None, f=43, g=24
[00:00:02:45:597] Expansion 30,000: state None, f=43, g=32
[00:00:03:08:929] Path of length 42 found: [0, 7, 14, 21, 28, 35, 42, 43, 36, 29, 22, 15, 8, 1, 2, 9, 16, 23, 30, 37, 44, 45, 46, 39, 38, 31, 24, 17, 10, 3, 4, 5, 12, 11, 18, 19, 26, 25, 32, 33, 40, 47, 48]
[00:00:03:08:930] ! Unidirectional s-t. expansions: 34,585, time: 188,929 [ms], path length: 42 [edges], generated: 611,831
[00:00:00:38:235] Path of length 42 found: [48, 41, 40, 47, 46, 39, 32, 33, 26, 19, 12, 5, 4, 3, 2, 9, 16, 17, 10, 11, 18, 25, 24, 23, 22, 29, 36, 37, 30, 31, 38, 45, 44, 43, 42, 35, 28, 21, 14, 15, 8, 1, 0]
[00:00:00:38:236] ! Unidirectional t-s. expansions: 5,777, time: 38,235 [ms], path length: 42 [edges], generated: 127,933
[00:00:00:43:718] Path of length 42 found: [0, 7, 14, 21, 28, 35, 42, 43, 36, 29, 22, 15, 16, 23, 30, 37, 44, 45, 38, 31, 24, 17, 18, 11, 10, 9, 8, 1, 2, 3, 4, 5, 12, 19, 26, 33, 32, 39, 46, 47, 40, 41, 48]
[00:00:00:44:017] ! Bidirectional. expansions: 9,090, time: 43,718 [ms], path length: 42 [edges], g_F: 21, g_B: 21, generated: 0, MM: 0, MMPER: -1.0%
[00:00:00:44:018] 
---------- SM_Grids/7x7_grid_with_random_blocks_8per_8 ----------
[00:00:01:19:931] Expansion 10,000: state None, f=43, g=36
[00:00:01:32:845] Path of length 42 found: [0, 7, 8, 1, 2, 9, 10, 3, 4, 5, 6, 13, 20, 27, 34, 33, 26, 19, 12, 11, 18, 25, 32, 31, 24, 23, 16, 15, 22, 21, 28, 35, 42, 43, 44, 37, 38, 45, 46, 39, 40, 47, 48]
[00:00:01:32:846] ! Unidirectional s-t. expansions: 11,321, time: 92,846 [ms], path length: 42 [edges], generated: 243,410
[00:00:01:07:575] Expansion 10,000: state None, f=43, g=20
[00:00:02:12:316] Expansion 20,000: state None, f=43, g=20
[00:00:02:31:440] Path of length 42 found: [48, 41, 34, 27, 26, 25, 18, 19, 20, 13, 6, 5, 12, 11, 4, 3, 2, 9, 10, 17, 16, 23, 24, 31, 32, 33, 40, 47, 46, 45, 38, 37, 44, 43, 42, 35, 28, 21, 22, 15, 8, 1, 0]
[00:00:02:31:441] ! Unidirectional t-s. expansions: 21,945, time: 151,440 [ms], path length: 42 [edges], generated: 415,048
[00:00:02:31:280] Path of length 42 found: [0, 7, 8, 1, 2, 9, 10, 3, 4, 11, 18, 25, 32, 39, 38, 31, 24, 17, 16, 15, 22, 21, 28, 35, 42, 43, 44, 45, 46, 47, 40, 33, 26, 19, 12, 5, 6, 13, 20, 27, 34, 41, 48]
[00:00:02:31:578] ! Bidirectional. expansions: 35,233, time: 151,280 [ms], path length: 42 [edges], g_F: 21, g_B: 21, generated: 0, MM: 0, MMPER: -1.0%
[00:00:02:31:578] 
---------- SM_Grids/7x7_grid_with_random_blocks_8per_9 ----------
[00:00:00:18:404] Path of length 44 found: [0, 7, 14, 21, 28, 35, 42, 43, 36, 29, 22, 15, 8, 1, 2, 9, 16, 23, 30, 37, 44, 45, 46, 39, 38, 31, 32, 25, 18, 17, 10, 3, 4, 11, 12, 5, 6, 13, 20, 27, 26, 33, 40, 41, 48]
[00:00:00:18:404] ! Unidirectional s-t. expansions: 2,939, time: 18,404 [ms], path length: 44 [edges], generated: 49,586
[00:00:00:03:832] Path of length 44 found: [48, 41, 40, 39, 46, 45, 44, 43, 42, 35, 36, 29, 28, 21, 22, 15, 14, 7, 8, 9, 16, 23, 30, 37, 38, 31, 32, 25, 26, 33, 34, 27, 20, 13, 6, 5, 12, 11, 18, 17, 10, 3, 2, 1, 0]
[00:00:00:03:832] ! Unidirectional t-s. expansions: 487, time: 3,832 [ms], path length: 44 [edges], generated: 9,175
[00:00:00:08:942] Path of length 44 found: [0, 7, 14, 21, 28, 35, 42, 43, 36, 29, 22, 15, 16, 23, 30, 31, 38, 37, 44, 45, 46, 39, 32, 33, 26, 25, 18, 17, 10, 9, 8, 1, 2, 3, 4, 11, 12, 5, 6, 13, 20, 27, 34, 41, 48]
[00:00:00:09:246] ! Bidirectional. expansions: 2,100, time: 8,942 [ms], path length: 44 [edges], g_F: 22, g_B: 22, generated: 0, MM: 0, MMPER: -1.0%

[00:00:00:09:246] average expansions: (6,936, 5,020, 6,804, 0)
[00:00:00:09:246] average time: (42,535, 34,333, 30,403, 0)
[00:00:00:09:246] XA*: 5,020 , 34,333 (expansions , time[ms])
[00:00:00:09:246] BiXA*: 6,804 , 30,403 (expansions , time[ms])

