------------------------------------
Thu 01 Oct 2026 12:14:09 IDT
SLURM_JOBID:		21944086
SLURM_JOB_NODELIST:	ise-cpu256-14
SLURM_SCRATCH_DIR:	/scratch/shubit/21944086
Allocated Resouces:	cpu - 2 / mem - 61440 MB / gpu - 
SLURM_GPU_INDEX:	
Running as shubit from shimony account with normal QOS
------------------------------------
Thu 01 Oct 2026 12:14:09 IDT

SLURM_JOBID:		 21944086
SLURM_JOB_NODELIST:	 ise-cpu256-14 

--------------------------
date: SM_Grids
number_of_graphs: 10
graph_type: grid
size_of_graphs: [7, 7]
heuristic: bcc_heuristic
snake: False
run_uni: True
run_bi: True
run_multi: False
solution_vertices: []
algorithms: ['IDA']
lookahead: 3
bsd: False
cube_first_dims: 4
cube_buffer_dim: None
backward_sym_generation: False
sym_coil: False
prefix_set: None

---------- SM_Grids/7x7_grid_with_random_blocks_8per_0 ----------
[00:00:00:05:261] Path of length 44 found: [0, 7, 8, 1, 2, 9, 16, 15, 22, 21, 28, 35, 42, 43, 36, 29, 30, 37, 44, 45, 46, 39, 38, 31, 32, 25, 18, 17, 10, 3, 4, 11, 12, 5, 6, 13, 20, 19, 26, 27, 34, 33, 40, 47, 48]
[00:00:00:05:262] ! Unidirectional s-t. expansions: 1,737, time: 5,262 [ms], path length: 44 [edges], generated: 17,332
[00:00:00:21:704] Path of length 44 found: [48, 41, 34, 27, 20, 13, 6, 5, 4, 3, 2, 9, 16, 17, 10, 11, 12, 19, 18, 25, 26, 33, 32, 31, 30, 29, 36, 37, 38, 39, 40, 47, 46, 45, 44, 43, 42, 35, 28, 21, 22, 15, 8, 1, 0]
[00:00:00:21:705] ! Unidirectional t-s. expansions: 7,442, time: 21,704 [ms], path length: 44 [edges], generated: 66,481
[00:00:00:25:659] Path of length 44 found: [0, 7, 8, 1, 2, 9, 16, 15, 22, 21, 28, 35, 42, 43, 36, 29, 30, 31, 38, 37, 44, 45, 46, 47, 40, 39, 32, 25, 26, 19, 12, 11, 18, 17, 10, 3, 4, 5, 6, 13, 20, 27, 34, 41, 48]
[00:00:00:26:017] ! Bidirectional. expansions: 3,257, time: 25,659 [ms], path length: 44 [edges], g_F: 27, g_B: 17, generated: 0, MM: 10, MMPER: 21.22222222222222%
[00:00:00:26:017] 
---------- SM_Grids/7x7_grid_with_random_blocks_8per_1 ----------
[00:00:00:39:966] Path of length 42 found: [0, 7, 14, 21, 28, 35, 42, 43, 36, 29, 22, 15, 8, 9, 2, 3, 10, 17, 16, 23, 30, 31, 24, 25, 18, 11, 4, 5, 6, 13, 12, 19, 20, 27, 26, 33, 32, 39, 46, 47, 40, 41, 48]
[00:00:00:39:966] ! Unidirectional s-t. expansions: 8,910, time: 39,966 [ms], path length: 42 [edges], generated: 102,112
[00:00:01:07:492] Path of length 42 found: [48, 41, 34, 27, 20, 13, 6, 5, 4, 3, 2, 9, 16, 23, 24, 17, 10, 11, 12, 19, 18, 25, 26, 33, 40, 47, 46, 39, 32, 31, 30, 29, 36, 43, 42, 35, 28, 21, 22, 15, 8, 7, 0]
[00:00:01:07:492] ! Unidirectional t-s. expansions: 18,145, time: 67,492 [ms], path length: 42 [edges], generated: 180,495
[00:00:01:48:495] Path of length 42 found: [0, 7, 14, 21, 28, 35, 42, 43, 36, 29, 22, 15, 16, 17, 18, 25, 24, 23, 30, 31, 38, 39, 46, 47, 40, 33, 26, 19, 12, 11, 10, 9, 2, 3, 4, 5, 6, 13, 20, 27, 34, 41, 48]
[00:00:01:48:845] ! Bidirectional. expansions: 14,073, time: 108,495 [ms], path length: 42 [edges], g_F: 21, g_B: 21, generated: 0, MM: 0, MMPER: -1.0%
[00:00:01:48:845] 
---------- SM_Grids/7x7_grid_with_random_blocks_8per_2 ----------
[00:00:00:11:527] Path of length 44 found: [0, 7, 14, 21, 28, 35, 36, 43, 44, 37, 30, 29, 22, 15, 8, 9, 2, 3, 10, 17, 16, 23, 24, 31, 38, 45, 46, 39, 32, 33, 26, 19, 18, 11, 4, 5, 12, 13, 20, 27, 34, 41, 40, 47, 48]
[00:00:00:11:527] ! Unidirectional s-t. expansions: 2,604, time: 11,527 [ms], path length: 44 [edges], generated: 28,462
[00:00:00:21:145] Path of length 44 found: [48, 41, 34, 27, 20, 13, 6, 5, 4, 3, 2, 9, 8, 15, 22, 29, 30, 37, 38, 31, 24, 23, 16, 17, 10, 11, 18, 19, 26, 33, 32, 39, 40, 47, 46, 45, 44, 43, 36, 35, 28, 21, 14, 7, 0]
[00:00:00:21:145] ! Unidirectional t-s. expansions: 5,047, time: 21,145 [ms], path length: 44 [edges], generated: 52,457
[00:00:00:50:280] Path of length 44 found: [0, 7, 14, 21, 28, 35, 36, 43, 44, 37, 30, 29, 22, 23, 24, 31, 38, 45, 46, 47, 40, 39, 32, 33, 26, 19, 12, 11, 10, 17, 16, 15, 8, 9, 2, 3, 4, 5, 6, 13, 20, 27, 34, 41, 48]
[00:00:00:50:612] ! Bidirectional. expansions: 6,361, time: 50,280 [ms], path length: 44 [edges], g_F: 28, g_B: 16, generated: 0, MM: 12, MMPER: 25.666666666666668%
[00:00:00:50:613] 
---------- SM_Grids/7x7_grid_with_random_blocks_8per_3 ----------
[00:00:00:28:762] Path of length 44 found: [0, 7, 14, 21, 28, 35, 42, 43, 44, 37, 30, 29, 22, 23, 16, 9, 8, 1, 2, 3, 10, 17, 24, 31, 38, 45, 46, 39, 32, 25, 18, 11, 4, 5, 6, 13, 12, 19, 20, 27, 26, 33, 40, 47, 48]
[00:00:00:28:762] ! Unidirectional s-t. expansions: 10,859, time: 28,762 [ms], path length: 44 [edges], generated: 91,096
[00:00:00:01:755] Path of length 44 found: [48, 41, 40, 47, 46, 39, 32, 33, 26, 27, 20, 13, 6, 5, 4, 3, 2, 1, 8, 9, 16, 17, 10, 11, 12, 19, 18, 25, 24, 23, 22, 29, 30, 31, 38, 37, 44, 43, 42, 35, 28, 21, 14, 7, 0]
[00:00:00:01:755] ! Unidirectional t-s. expansions: 339, time: 1,755 [ms], path length: 44 [edges], generated: 3,929
[00:00:00:08:366] Path of length 44 found: [0, 1, 2, 3, 4, 5, 6, 13, 12, 11, 10, 17, 16, 9, 8, 7, 14, 21, 22, 29, 28, 35, 42, 43, 44, 45, 38, 31, 30, 23, 24, 25, 18, 19, 20, 27, 26, 33, 32, 39, 46, 47, 40, 41, 48]
[00:00:00:08:693] ! Bidirectional. expansions: 930, time: 8,366 [ms], path length: 44 [edges], g_F: 27, g_B: 17, generated: 0, MM: 10, MMPER: 21.22222222222222%
[00:00:00:08:693] 
---------- SM_Grids/7x7_grid_with_random_blocks_8per_4 ----------
[00:00:00:01:099] Path of length 44 found: [0, 7, 14, 21, 28, 35, 42, 43, 36, 29, 22, 15, 8, 1, 2, 9, 16, 23, 30, 37, 38, 45, 46, 39, 32, 31, 24, 25, 18, 11, 4, 5, 6, 13, 12, 19, 20, 27, 26, 33, 34, 41, 40, 47, 48]
[00:00:00:01:099] ! Unidirectional s-t. expansions: 208, time: 1,099 [ms], path length: 44 [edges], generated: 2,169
[00:00:00:03:858] Path of length 44 found: [48, 41, 34, 27, 20, 13, 6, 5, 4, 11, 10, 9, 2, 1, 8, 15, 16, 23, 22, 29, 30, 31, 24, 25, 18, 19, 26, 33, 32, 39, 40, 47, 46, 45, 38, 37, 36, 43, 42, 35, 28, 21, 14, 7, 0]
[00:00:00:03:858] ! Unidirectional t-s. expansions: 717, time: 3,858 [ms], path length: 44 [edges], generated: 7,901
[00:00:00:11:376] Path of length 44 found: [0, 7, 14, 21, 28, 35, 42, 43, 36, 37, 30, 29, 22, 23, 16, 15, 8, 1, 2, 9, 10, 11, 4, 5, 12, 13, 20, 19, 18, 25, 24, 31, 38, 45, 46, 47, 40, 39, 32, 33, 26, 27, 34, 41, 48]
[00:00:00:11:708] ! Bidirectional. expansions: 1,130, time: 11,376 [ms], path length: 44 [edges], g_F: 24, g_B: 20, generated: 0, MM: 4, MMPER: 7.888888888888889%
[00:00:00:11:709] 
---------- SM_Grids/7x7_grid_with_random_blocks_8per_5 ----------
[00:00:00:02:385] Path of length 44 found: [0, 7, 14, 21, 28, 35, 42, 43, 36, 29, 22, 15, 8, 1, 2, 9, 10, 17, 24, 23, 30, 37, 44, 45, 46, 39, 38, 31, 32, 25, 18, 11, 12, 5, 6, 13, 20, 19, 26, 27, 34, 33, 40, 41, 48]
[00:00:00:02:385] ! Unidirectional s-t. expansions: 460, time: 2,385 [ms], path length: 44 [edges], generated: 4,786
[00:00:00:10:407] Path of length 44 found: [48, 41, 34, 27, 20, 13, 6, 5, 12, 11, 18, 19, 26, 25, 32, 33, 40, 39, 46, 45, 38, 31, 30, 29, 36, 37, 44, 43, 42, 35, 28, 21, 14, 15, 22, 23, 24, 17, 10, 3, 2, 9, 8, 1, 0]
[00:00:00:10:407] ! Unidirectional t-s. expansions: 3,337, time: 10,407 [ms], path length: 44 [edges], generated: 29,207
[00:00:00:10:604] Path of length 44 found: [0, 7, 14, 21, 28, 35, 42, 43, 44, 45, 46, 39, 40, 33, 32, 31, 38, 37, 36, 29, 30, 23, 22, 15, 8, 1, 2, 9, 10, 17, 24, 25, 26, 19, 18, 11, 12, 5, 6, 13, 20, 27, 34, 41, 48]
[00:00:00:10:928] ! Bidirectional. expansions: 1,334, time: 10,604 [ms], path length: 44 [edges], g_F: 27, g_B: 17, generated: 0, MM: 10, MMPER: 21.22222222222222%
[00:00:00:10:928] 
---------- SM_Grids/7x7_grid_with_random_blocks_8per_6 ----------
[00:00:00:12:386] Path of length 44 found: [0, 1, 8, 15, 14, 21, 28, 35, 42, 43, 36, 29, 22, 23, 30, 37, 44, 45, 46, 39, 38, 31, 24, 17, 16, 9, 2, 3, 4, 11, 18, 25, 26, 19, 12, 5, 6, 13, 20, 27, 34, 33, 40, 47, 48]
[00:00:00:12:387] ! Unidirectional s-t. expansions: 4,263, time: 12,386 [ms], path length: 44 [edges], generated: 37,373
[00:00:00:05:849] Path of length 44 found: [48, 41, 34, 27, 20, 13, 6, 5, 4, 3, 2, 9, 16, 23, 22, 29, 36, 37, 30, 31, 24, 17, 18, 11, 12, 19, 26, 33, 40, 47, 46, 39, 38, 45, 44, 43, 42, 35, 28, 21, 14, 15, 8, 1, 0]
[00:00:00:05:849] ! Unidirectional t-s. expansions: 1,202, time: 5,849 [ms], path length: 44 [edges], generated: 12,616
[00:00:00:25:066] Path of length 44 found: [0, 1, 8, 15, 14, 21, 28, 35, 42, 43, 44, 45, 38, 39, 46, 47, 40, 33, 26, 19, 12, 11, 18, 17, 24, 31, 30, 37, 36, 29, 22, 23, 16, 9, 2, 3, 4, 5, 6, 13, 20, 27, 34, 41, 48]
[00:00:00:25:397] ! Bidirectional. expansions: 3,270, time: 25,066 [ms], path length: 44 [edges], g_F: 23, g_B: 21, generated: 0, MM: 2, MMPER: 3.4444444444444446%
[00:00:00:25:397] 
---------- SM_Grids/7x7_grid_with_random_blocks_8per_7 ----------
[00:00:01:07:813] Valid states checked so far: 200,000, Expansions: 20,723, Global best: 43
[00:00:02:13:634] Valid states checked so far: 400,000, Expansions: 41,374, Global best: 43
[00:00:02:17:648] Path of length 42 found: [0, 7, 14, 21, 28, 35, 42, 43, 36, 29, 22, 15, 8, 1, 2, 9, 16, 23, 30, 37, 44, 45, 46, 39, 38, 31, 24, 17, 10, 3, 4, 5, 12, 11, 18, 19, 26, 25, 32, 33, 40, 47, 48]
[00:00:02:17:648] ! Unidirectional s-t. expansions: 42,663, time: 137,648 [ms], path length: 42 [edges], generated: 412,046
[00:00:00:26:275] Path of length 42 found: [48, 41, 40, 47, 46, 39, 32, 33, 26, 19, 12, 5, 4, 3, 2, 9, 16, 17, 10, 11, 18, 25, 24, 23, 22, 29, 36, 37, 30, 31, 38, 45, 44, 43, 42, 35, 28, 21, 14, 15, 8, 1, 0]
[00:00:00:26:275] ! Unidirectional t-s. expansions: 7,213, time: 26,275 [ms], path length: 42 [edges], generated: 77,643
[00:00:01:21:286] Path of length 42 found: [0, 7, 14, 21, 28, 35, 42, 43, 36, 29, 22, 15, 16, 23, 30, 37, 44, 45, 38, 31, 24, 25, 18, 11, 10, 9, 8, 1, 2, 3, 4, 5, 12, 19, 26, 33, 32, 39, 46, 47, 40, 41, 48]
[00:00:01:21:611] ! Bidirectional. expansions: 10,875, time: 81,286 [ms], path length: 42 [edges], g_F: 24, g_B: 18, generated: 0, MM: 6, MMPER: 12.953488372093023%
[00:00:01:21:611] 
---------- SM_Grids/7x7_grid_with_random_blocks_8per_8 ----------
[00:00:01:21:034] Valid states checked so far: 200,000, Expansions: 19,336, Global best: 43
[00:00:01:59:773] Path of length 42 found: [0, 7, 8, 1, 2, 9, 16, 17, 10, 3, 4, 11, 18, 25, 26, 19, 12, 5, 6, 13, 20, 27, 34, 33, 32, 31, 24, 23, 22, 21, 28, 35, 42, 43, 44, 37, 38, 45, 46, 39, 40, 47, 48]
[00:00:01:59:773] ! Unidirectional s-t. expansions: 29,208, time: 119,773 [ms], path length: 42 [edges], generated: 298,068
[00:00:01:24:080] Valid states checked so far: 200,000, Expansions: 22,357, Global best: 43
[00:00:02:36:748] Valid states checked so far: 400,000, Expansions: 43,300, Global best: 43
[00:00:03:26:954] Path of length 42 found: [48, 41, 34, 27, 20, 13, 6, 5, 4, 3, 2, 9, 16, 23, 24, 17, 10, 11, 12, 19, 18, 25, 26, 33, 32, 31, 38, 39, 40, 47, 46, 45, 44, 43, 42, 35, 28, 21, 22, 15, 8, 1, 0]
[00:00:03:26:954] ! Unidirectional t-s. expansions: 57,175, time: 206,954 [ms], path length: 42 [edges], generated: 535,247
[00:00:08:27:732] Path of length 42 found: [0, 7, 8, 1, 2, 9, 16, 17, 10, 3, 4, 5, 6, 13, 12, 11, 18, 25, 24, 23, 22, 21, 28, 35, 42, 43, 44, 37, 38, 31, 32, 39, 46, 47, 40, 33, 26, 19, 20, 27, 34, 41, 48]
[00:00:08:28:052] ! Bidirectional. expansions: 63,116, time: 507,732 [ms], path length: 42 [edges], g_F: 28, g_B: 14, generated: 0, MM: 14, MMPER: 31.558139534883722%
[00:00:08:28:052] 
---------- SM_Grids/7x7_grid_with_random_blocks_8per_9 ----------
[00:00:00:15:141] Path of length 44 found: [0, 7, 14, 21, 28, 35, 42, 43, 36, 29, 22, 15, 8, 1, 2, 9, 16, 23, 30, 37, 44, 45, 46, 39, 38, 31, 32, 25, 18, 17, 10, 3, 4, 11, 12, 5, 6, 13, 20, 27, 26, 33, 40, 41, 48]
[00:00:00:15:141] ! Unidirectional s-t. expansions: 3,939, time: 15,141 [ms], path length: 44 [edges], generated: 38,525
[00:00:00:03:254] Path of length 44 found: [48, 41, 34, 27, 20, 13, 6, 5, 12, 11, 4, 3, 2, 1, 8, 15, 22, 29, 36, 37, 30, 23, 16, 9, 10, 17, 18, 25, 26, 33, 40, 39, 32, 31, 38, 45, 44, 43, 42, 35, 28, 21, 14, 7, 0]
[00:00:00:03:255] ! Unidirectional t-s. expansions: 700, time: 3,255 [ms], path length: 44 [edges], generated: 7,061
[00:00:00:28:387] Path of length 44 found: [0, 7, 14, 21, 28, 35, 42, 43, 36, 29, 22, 15, 8, 1, 2, 9, 16, 23, 30, 31, 38, 37, 44, 45, 46, 39, 32, 33, 26, 25, 18, 17, 10, 3, 4, 11, 12, 5, 6, 13, 20, 27, 34, 41, 48]
[00:00:00:28:727] ! Bidirectional. expansions: 3,400, time: 28,387 [ms], path length: 44 [edges], g_F: 26, g_B: 18, generated: 0, MM: 8, MMPER: 16.77777777777778%

[00:00:00:28:727] average expansions: (10,485, 10,132, 10,775, 0)
[00:00:00:28:727] average time: (37,395, 36,869, 85,725, 0)
[00:00:00:28:727] XIDA: 10,132 , 36,869 (expansions , time[ms])
[00:00:00:28:727] BiXIDA: 10,775 , 85,725 (expansions , time[ms])

