------------------------------------
Thu 01 Oct 2026 16:18:17 IDT
SLURM_JOBID:		21953388
SLURM_JOB_NODELIST:	ise-cpu256-02
SLURM_SCRATCH_DIR:	/scratch/shubit/21953388
Allocated Resouces:	cpu - 2 / mem - 61440 MB / gpu - 
SLURM_GPU_INDEX:	
Running as shubit from shimony account with normal QOS
------------------------------------
Thu 01 Oct 2026 16:18:17 IDT

SLURM_JOBID:		 21953388
SLURM_JOB_NODELIST:	 ise-cpu256-02 

--------------------------
date: SM_Grids
number_of_graphs: 10
graph_type: grid
size_of_graphs: [7, 7]
heuristic: bcc_heuristic
snake: False
run_uni: True
run_bi: True
run_multi: False
solution_vertices: []
algorithms: ['XMM']
lookahead: 3
bsd: False
cube_first_dims: 4
cube_buffer_dim: None
backward_sym_generation: False
sym_coil: False
prefix_set: None

---------- SM_Grids/7x7_grid_with_random_blocks_8per_0 ----------
[00:00:00:06:146] Path of length 44 found: [0, 7, 8, 1, 2, 9, 16, 15, 22, 21, 28, 35, 42, 43, 36, 29, 30, 37, 44, 45, 46, 39, 38, 31, 32, 25, 18, 17, 10, 3, 4, 11, 12, 5, 6, 13, 20, 19, 26, 27, 34, 33, 40, 47, 48]
[00:00:00:06:146] ! Unidirectional s-t. expansions: 1,723, time: 6,146 [ms], path length: 44 [edges], generated: 17,188
[00:00:00:27:856] Path of length 44 found: [48, 41, 34, 27, 20, 13, 6, 5, 4, 3, 2, 9, 16, 17, 10, 11, 12, 19, 18, 25, 26, 33, 32, 31, 30, 29, 36, 37, 38, 39, 40, 47, 46, 45, 44, 43, 42, 35, 28, 21, 22, 15, 8, 1, 0]
[00:00:00:27:857] ! Unidirectional t-s. expansions: 7,438, time: 27,856 [ms], path length: 44 [edges], generated: 66,433
[00:00:00:14:951] Path of length 44 found: [0, 7, 8, 1, 2, 9, 16, 15, 22, 21, 28, 35, 42, 43, 36, 29, 30, 31, 38, 37, 44, 45, 46, 47, 40, 33, 32, 25, 26, 19, 12, 11, 18, 17, 10, 3, 4, 5, 6, 13, 20, 27, 34, 41, 48]
[00:00:00:15:340] ! Bidirectional. expansions: 3,982, time: 14,951 [ms], path length: 44 [edges], g_F: 21, g_B: 23, generated: 7,284, MM: 2, MMPER: 3.4444444444444446%
[00:00:00:15:340] 
---------- SM_Grids/7x7_grid_with_random_blocks_8per_1 ----------
[00:00:00:44:700] Path of length 42 found: [0, 7, 8, 15, 14, 21, 28, 35, 42, 43, 36, 29, 22, 23, 30, 31, 38, 39, 46, 47, 40, 33, 32, 25, 24, 17, 16, 9, 2, 3, 10, 11, 4, 5, 6, 13, 12, 19, 26, 27, 34, 41, 48]
[00:00:00:44:700] ! Unidirectional s-t. expansions: 7,989, time: 44,700 [ms], path length: 42 [edges], generated: 91,800
[00:00:00:49:628] Expansion 10,000: state None, f=43, g=15
[00:00:01:03:829] Path of length 42 found: [48, 47, 46, 39, 38, 31, 30, 29, 36, 43, 42, 35, 28, 21, 22, 23, 24, 17, 18, 19, 26, 25, 32, 33, 40, 41, 34, 27, 20, 13, 6, 5, 12, 11, 4, 3, 2, 9, 16, 15, 8, 7, 0]
[00:00:01:03:830] ! Unidirectional t-s. expansions: 12,959, time: 63,830 [ms], path length: 42 [edges], generated: 129,998
[00:00:00:54:355] Path of length 42 found: [0, 7, 14, 21, 28, 35, 42, 43, 36, 29, 22, 15, 8, 9, 2, 3, 10, 11, 4, 5, 6, 13, 20, 19, 18, 17, 24, 23, 30, 31, 38, 39, 46, 47, 40, 33, 32, 25, 26, 27, 34, 41, 48]
[00:00:00:54:730] ! Bidirectional. expansions: 13,586, time: 54,355 [ms], path length: 42 [edges], g_F: 20, g_B: 22, generated: 26,321, MM: 2, MMPER: 3.6511627906976747%
[00:00:00:54:730] 
---------- SM_Grids/7x7_grid_with_random_blocks_8per_2 ----------
[00:00:00:14:529] Path of length 44 found: [0, 7, 8, 15, 14, 21, 22, 29, 28, 35, 36, 43, 44, 45, 46, 47, 40, 33, 32, 39, 38, 37, 30, 31, 24, 23, 16, 17, 18, 11, 10, 9, 2, 3, 4, 5, 6, 13, 12, 19, 26, 27, 34, 41, 48]
[00:00:00:14:530] ! Unidirectional s-t. expansions: 2,590, time: 14,529 [ms], path length: 44 [edges], generated: 28,265
[00:00:00:26:933] Path of length 44 found: [48, 47, 46, 45, 38, 37, 44, 43, 36, 35, 28, 21, 22, 29, 30, 23, 24, 31, 32, 39, 40, 41, 34, 33, 26, 27, 20, 19, 18, 17, 10, 11, 12, 13, 6, 5, 4, 3, 2, 9, 8, 15, 14, 7, 0]
[00:00:00:26:933] ! Unidirectional t-s. expansions: 5,031, time: 26,933 [ms], path length: 44 [edges], generated: 52,291
[00:00:00:24:255] Path of length 44 found: [0, 7, 14, 21, 28, 35, 36, 43, 44, 37, 30, 29, 22, 15, 8, 9, 2, 3, 10, 11, 4, 5, 6, 13, 20, 19, 18, 17, 16, 23, 24, 31, 38, 45, 46, 47, 40, 39, 32, 33, 26, 27, 34, 41, 48]
[00:00:00:24:623] ! Bidirectional. expansions: 6,304, time: 24,256 [ms], path length: 44 [edges], g_F: 21, g_B: 23, generated: 11,762, MM: 2, MMPER: 3.4444444444444446%
[00:00:00:24:623] 
---------- SM_Grids/7x7_grid_with_random_blocks_8per_3 ----------
[00:00:00:36:095] Expansion 10,000: state None, f=45, g=33
[00:00:00:39:073] Path of length 44 found: [0, 7, 14, 21, 28, 35, 42, 43, 44, 37, 30, 29, 22, 23, 16, 9, 8, 1, 2, 3, 10, 17, 24, 31, 38, 45, 46, 39, 32, 25, 18, 11, 4, 5, 6, 13, 12, 19, 20, 27, 26, 33, 40, 47, 48]
[00:00:00:39:074] ! Unidirectional s-t. expansions: 10,849, time: 39,073 [ms], path length: 44 [edges], generated: 90,959
[00:00:00:02:107] Path of length 44 found: [48, 41, 40, 47, 46, 39, 32, 33, 26, 27, 20, 19, 18, 25, 24, 17, 10, 11, 12, 13, 6, 5, 4, 3, 2, 1, 8, 9, 16, 23, 22, 29, 30, 31, 38, 37, 44, 43, 42, 35, 28, 21, 14, 7, 0]
[00:00:00:02:108] ! Unidirectional t-s. expansions: 327, time: 2,107 [ms], path length: 44 [edges], generated: 3,785
[00:00:00:14:615] Path of length 44 found: [0, 7, 14, 21, 28, 35, 42, 43, 44, 37, 30, 29, 22, 23, 16, 9, 8, 1, 2, 3, 10, 17, 24, 25, 18, 19, 12, 11, 4, 5, 6, 13, 20, 27, 26, 33, 32, 39, 38, 45, 46, 47, 40, 41, 48]
[00:00:00:14:979] ! Bidirectional. expansions: 3,739, time: 14,615 [ms], path length: 44 [edges], g_F: 21, g_B: 23, generated: 7,106, MM: 2, MMPER: 3.4444444444444446%
[00:00:00:14:980] 
---------- SM_Grids/7x7_grid_with_random_blocks_8per_4 ----------
[00:00:00:01:275] Path of length 44 found: [0, 7, 14, 21, 22, 29, 28, 35, 42, 43, 36, 37, 38, 45, 46, 47, 40, 39, 32, 33, 26, 19, 18, 25, 24, 31, 30, 23, 16, 15, 8, 1, 2, 9, 10, 11, 4, 5, 12, 13, 20, 27, 34, 41, 48]
[00:00:00:01:275] ! Unidirectional s-t. expansions: 195, time: 1,275 [ms], path length: 44 [edges], generated: 1,996
[00:00:00:04:677] Path of length 44 found: [48, 47, 46, 45, 38, 39, 40, 41, 34, 33, 32, 31, 30, 37, 36, 43, 42, 35, 28, 29, 22, 21, 14, 7, 8, 15, 16, 23, 24, 25, 18, 19, 26, 27, 20, 13, 6, 5, 4, 11, 10, 9, 2, 1, 0]
[00:00:00:04:677] ! Unidirectional t-s. expansions: 704, time: 4,677 [ms], path length: 44 [edges], generated: 7,742
[00:00:00:04:971] Path of length 44 found: [0, 7, 14, 21, 28, 35, 42, 43, 36, 29, 22, 23, 16, 15, 8, 1, 2, 9, 10, 11, 4, 5, 6, 13, 20, 19, 18, 25, 24, 31, 30, 37, 38, 45, 46, 47, 40, 39, 32, 33, 26, 27, 34, 41, 48]
[00:00:00:05:342] ! Bidirectional. expansions: 1,368, time: 4,971 [ms], path length: 44 [edges], g_F: 21, g_B: 23, generated: 2,456, MM: 2, MMPER: 3.4444444444444446%
[00:00:00:05:343] 
---------- SM_Grids/7x7_grid_with_random_blocks_8per_5 ----------
[00:00:00:02:888] Path of length 44 found: [0, 1, 2, 3, 10, 9, 8, 7, 14, 15, 22, 21, 28, 29, 36, 35, 42, 43, 44, 45, 46, 39, 40, 33, 26, 25, 32, 31, 38, 37, 30, 23, 24, 17, 18, 11, 12, 5, 6, 13, 20, 27, 34, 41, 48]
[00:00:00:02:889] ! Unidirectional s-t. expansions: 447, time: 2,888 [ms], path length: 44 [edges], generated: 4,616
[00:00:00:13:237] Path of length 44 found: [48, 41, 34, 27, 20, 13, 6, 5, 12, 11, 18, 19, 26, 25, 32, 33, 40, 39, 46, 45, 38, 31, 30, 29, 36, 37, 44, 43, 42, 35, 28, 21, 14, 15, 22, 23, 24, 17, 10, 3, 2, 9, 8, 1, 0]
[00:00:00:13:237] ! Unidirectional t-s. expansions: 3,332, time: 13,237 [ms], path length: 44 [edges], generated: 29,153
[00:00:00:09:035] Path of length 44 found: [0, 7, 14, 21, 28, 35, 42, 43, 44, 45, 46, 39, 32, 31, 38, 37, 36, 29, 30, 23, 22, 15, 8, 9, 2, 3, 10, 17, 24, 25, 26, 19, 18, 11, 12, 5, 6, 13, 20, 27, 34, 33, 40, 41, 48]
[00:00:00:09:399] ! Bidirectional. expansions: 2,456, time: 9,036 [ms], path length: 44 [edges], g_F: 21, g_B: 23, generated: 4,443, MM: 2, MMPER: 3.4444444444444446%
[00:00:00:09:399] 
---------- SM_Grids/7x7_grid_with_random_blocks_8per_6 ----------
[00:00:00:16:322] Path of length 44 found: [0, 1, 8, 15, 14, 21, 28, 35, 42, 43, 36, 29, 22, 23, 30, 37, 44, 45, 46, 39, 38, 31, 24, 17, 16, 9, 2, 3, 4, 11, 18, 25, 26, 19, 12, 5, 6, 13, 20, 27, 34, 33, 40, 47, 48]
[00:00:00:16:323] ! Unidirectional s-t. expansions: 4,251, time: 16,323 [ms], path length: 44 [edges], generated: 37,233
[00:00:00:07:397] Path of length 44 found: [48, 41, 34, 27, 20, 13, 6, 5, 12, 19, 26, 33, 40, 47, 46, 39, 38, 45, 44, 43, 42, 35, 28, 21, 14, 15, 8, 9, 16, 23, 22, 29, 36, 37, 30, 31, 24, 17, 18, 11, 4, 3, 2, 1, 0]
[00:00:00:07:398] ! Unidirectional t-s. expansions: 1,189, time: 7,397 [ms], path length: 44 [edges], generated: 12,473
[00:00:00:11:736] Path of length 44 found: [0, 1, 8, 15, 14, 21, 28, 35, 42, 43, 36, 29, 22, 23, 16, 9, 2, 3, 4, 11, 18, 17, 24, 31, 30, 37, 44, 45, 38, 39, 46, 47, 40, 33, 26, 19, 12, 5, 6, 13, 20, 27, 34, 41, 48]
[00:00:00:12:110] ! Bidirectional. expansions: 3,182, time: 11,736 [ms], path length: 44 [edges], g_F: 21, g_B: 23, generated: 5,759, MM: 2, MMPER: 3.4444444444444446%
[00:00:00:12:111] 
---------- SM_Grids/7x7_grid_with_random_blocks_8per_7 ----------
[00:00:00:44:771] Expansion 10,000: state None, f=43, g=24
[00:00:01:27:769] Expansion 20,000: state None, f=43, g=15
[00:00:02:10:437] Expansion 30,000: state None, f=43, g=33
[00:00:02:53:951] Expansion 40,000: state None, f=43, g=30
[00:00:03:05:181] Path of length 42 found: [0, 7, 14, 21, 28, 35, 42, 43, 36, 29, 22, 15, 8, 1, 2, 9, 16, 23, 30, 37, 44, 45, 46, 39, 38, 31, 24, 17, 10, 3, 4, 5, 12, 11, 18, 19, 26, 25, 32, 33, 40, 47, 48]
[00:00:03:05:182] ! Unidirectional s-t. expansions: 42,655, time: 185,181 [ms], path length: 42 [edges], generated: 411,914
[00:00:00:37:132] Path of length 42 found: [48, 41, 40, 47, 46, 39, 32, 33, 26, 19, 12, 5, 4, 3, 2, 9, 16, 17, 10, 11, 18, 25, 24, 23, 22, 29, 36, 37, 30, 31, 38, 45, 44, 43, 42, 35, 28, 21, 14, 15, 8, 1, 0]
[00:00:00:37:133] ! Unidirectional t-s. expansions: 7,207, time: 37,132 [ms], path length: 42 [edges], generated: 77,557
[00:00:01:15:049] Path of length 42 found: [0, 7, 14, 21, 28, 35, 42, 43, 36, 29, 22, 15, 8, 1, 2, 9, 16, 23, 30, 31, 24, 25, 18, 11, 10, 3, 4, 5, 12, 19, 26, 33, 32, 39, 38, 37, 44, 45, 46, 47, 40, 41, 48]
[00:00:01:15:420] ! Bidirectional. expansions: 16,717, time: 75,049 [ms], path length: 42 [edges], g_F: 20, g_B: 22, generated: 33,601, MM: 2, MMPER: 3.6511627906976747%
[00:00:01:15:420] 
---------- SM_Grids/7x7_grid_with_random_blocks_8per_8 ----------
[00:00:01:02:233] Expansion 10,000: state None, f=43, g=18
[00:00:01:30:810] Path of length 42 found: [0, 7, 8, 1, 2, 9, 10, 3, 4, 5, 6, 13, 20, 19, 12, 11, 18, 17, 24, 23, 16, 15, 22, 21, 28, 35, 42, 43, 44, 37, 38, 45, 46, 39, 32, 25, 26, 27, 34, 33, 40, 47, 48]
[00:00:01:30:811] ! Unidirectional s-t. expansions: 14,036, time: 90,810 [ms], path length: 42 [edges], generated: 160,353
[00:00:00:55:626] Expansion 10,000: state None, f=43, g=21
[00:00:01:44:501] Expansion 20,000: state None, f=43, g=33
[00:00:02:26:470] Path of length 42 found: [48, 47, 46, 39, 40, 41, 34, 33, 32, 25, 26, 27, 20, 19, 18, 17, 10, 11, 12, 13, 6, 5, 4, 3, 2, 9, 16, 23, 24, 31, 38, 37, 44, 43, 42, 35, 28, 21, 22, 15, 8, 1, 0]
[00:00:02:26:470] ! Unidirectional t-s. expansions: 26,836, time: 146,470 [ms], path length: 42 [edges], generated: 277,924
[00:00:01:27:800] Expansion 20,000: f=43, g=21
[00:00:02:59:563] Expansion 40,000: f=43, g=17
[00:00:03:39:103] Path of length 42 found: [0, 7, 8, 1, 2, 9, 10, 3, 4, 11, 18, 25, 26, 19, 12, 5, 6, 13, 20, 27, 34, 33, 40, 39, 32, 31, 24, 23, 16, 15, 22, 21, 28, 35, 42, 43, 44, 37, 38, 45, 46, 47, 48]
[00:00:03:39:539] ! Bidirectional. expansions: 46,679, time: 219,103 [ms], path length: 42 [edges], g_F: 22, g_B: 20, generated: 91,813, MM: 2, MMPER: 3.6511627906976747%
[00:00:03:39:539] 
---------- SM_Grids/7x7_grid_with_random_blocks_8per_9 ----------
[00:00:00:23:359] Path of length 44 found: [0, 1, 2, 9, 16, 23, 30, 31, 38, 37, 36, 29, 22, 15, 8, 7, 14, 21, 28, 35, 42, 43, 44, 45, 46, 39, 32, 25, 18, 17, 10, 3, 4, 11, 12, 5, 6, 13, 20, 27, 34, 33, 40, 41, 48]
[00:00:00:23:361] ! Unidirectional s-t. expansions: 3,925, time: 23,360 [ms], path length: 44 [edges], generated: 38,357
[00:00:00:05:106] Path of length 44 found: [48, 41, 40, 39, 46, 45, 44, 43, 42, 35, 36, 29, 28, 21, 22, 15, 14, 7, 8, 9, 16, 23, 30, 37, 38, 31, 32, 25, 26, 33, 34, 27, 20, 13, 6, 5, 12, 11, 18, 17, 10, 3, 2, 1, 0]
[00:00:00:05:106] ! Unidirectional t-s. expansions: 687, time: 5,106 [ms], path length: 44 [edges], generated: 6,913
[00:00:00:19:151] Path of length 44 found: [0, 7, 14, 21, 28, 35, 42, 43, 36, 29, 22, 15, 16, 23, 30, 37, 44, 45, 46, 39, 38, 31, 32, 33, 26, 25, 18, 17, 10, 9, 8, 1, 2, 3, 4, 11, 12, 5, 6, 13, 20, 27, 34, 41, 48]
[00:00:00:19:603] ! Bidirectional. expansions: 3,978, time: 19,151 [ms], path length: 44 [edges], g_F: 22, g_B: 22, generated: 7,067, MM: 0, MMPER: -1.0%

[00:00:00:19:603] average expansions: (8,866, 6,571, 10,199, 0)
[00:00:00:19:603] average time: (42,428, 33,474, 44,722, 0)
[00:00:00:19:603] XA*: 6,571 , 33,474 (expansions , time[ms])
[00:00:00:19:604] XMM: 10,199 , 44,722 (expansions , time[ms])

