------------------------------------
Thu 01 Oct 2026 13:48:25 IDT
SLURM_JOBID:		21947745
SLURM_JOB_NODELIST:	ise-cpu256-31
SLURM_SCRATCH_DIR:	/scratch/shubit/21947745
Allocated Resouces:	cpu - 2 / mem - 61440 MB / gpu - 
SLURM_GPU_INDEX:	
Running as shubit from shimony account with normal QOS
------------------------------------
Thu 01 Oct 2026 13:48:25 IDT

SLURM_JOBID:		 21947745
SLURM_JOB_NODELIST:	 ise-cpu256-31 

--------------------------
date: SM_Grids
number_of_graphs: 10
graph_type: grid
size_of_graphs: [7, 7]
heuristic: bcc_heuristic
snake: False
run_uni: True
run_bi: True
run_multi: False
solution_vertices: []
algorithms: ['DFBnB']
lookahead: -2
bsd: False
cube_first_dims: 4
cube_buffer_dim: None
backward_sym_generation: False
sym_coil: False
prefix_set: None

---------- SM_Grids/7x7_grid_with_random_blocks_12per_0 ----------
[00:00:00:01:395] Path of length 38 found: [0, 7, 14, 21, 28, 35, 42, 43, 36, 29, 22, 15, 8, 1, 2, 9, 16, 17, 10, 3, 4, 11, 18, 19, 26, 33, 32, 31, 30, 37, 44, 45, 38, 39, 46, 47, 40, 41, 48]
[00:00:00:01:396] ! Unidirectional s-t. expansions: 931, time: 1,395 [ms], path length: 38 [edges], generated: 1,693
[00:00:00:00:969] Path of length 38 found: [48, 41, 40, 47, 46, 39, 32, 33, 26, 19, 18, 11, 4, 3, 2, 1, 8, 15, 16, 9, 10, 17, 24, 31, 30, 29, 36, 37, 38, 45, 44, 43, 42, 35, 28, 21, 14, 7, 0]
[00:00:00:00:969] ! Unidirectional t-s. expansions: 749, time: 969 [ms], path length: 38 [edges], generated: 1,276
[00:00:00:01:451] Path of length 38 found: [0, 7, 14, 21, 28, 35, 42, 43, 36, 29, 22, 15, 8, 1, 2, 9, 16, 17, 10, 3, 4, 11, 18, 19, 26, 33, 32, 31, 30, 37, 44, 45, 38, 39, 46, 47, 40, 41, 48]
[00:00:00:01:819] ! Bidirectional. expansions: 893, time: 1,451 [ms], path length: 38 [edges], g_F: 36, g_B: 2, generated: 0, MM: 34, MMPER: 86.17948717948718%
[00:00:00:01:820] 
---------- SM_Grids/7x7_grid_with_random_blocks_12per_1 ----------
[00:00:00:04:230] Path of length 40 found: [0, 7, 14, 21, 28, 29, 36, 35, 42, 43, 44, 45, 46, 39, 32, 31, 30, 23, 22, 15, 8, 1, 2, 9, 16, 17, 10, 3, 4, 11, 18, 25, 26, 19, 20, 27, 34, 33, 40, 47, 48]
[00:00:00:04:230] ! Unidirectional s-t. expansions: 3,592, time: 4,230 [ms], path length: 40 [edges], generated: 5,951
[00:00:00:00:887] Path of length 40 found: [48, 41, 34, 27, 20, 19, 18, 11, 4, 3, 2, 1, 8, 9, 10, 17, 16, 15, 22, 23, 30, 31, 32, 25, 26, 33, 40, 39, 46, 45, 44, 43, 42, 35, 36, 29, 28, 21, 14, 7, 0]
[00:00:00:00:888] ! Unidirectional t-s. expansions: 563, time: 888 [ms], path length: 40 [edges], generated: 1,008
[00:00:00:07:685] Path of length 40 found: [0, 7, 14, 21, 28, 29, 36, 35, 42, 43, 44, 45, 46, 47, 40, 33, 26, 25, 32, 31, 30, 23, 22, 15, 8, 1, 2, 9, 16, 17, 10, 3, 4, 11, 18, 19, 20, 27, 34, 41, 48]
[00:00:00:08:019] ! Bidirectional. expansions: 5,599, time: 7,685 [ms], path length: 40 [edges], g_F: 34, g_B: 6, generated: 0, MM: 28, MMPER: 67.29268292682927%
[00:00:00:08:019] 
---------- SM_Grids/7x7_grid_with_random_blocks_12per_2 ----------
[00:00:00:06:251] Path of length 38 found: [0, 7, 14, 21, 28, 29, 22, 15, 8, 1, 2, 9, 16, 23, 30, 37, 36, 43, 44, 45, 38, 31, 24, 17, 10, 3, 4, 11, 18, 19, 26, 25, 32, 39, 40, 33, 34, 41, 48]
[00:00:00:06:251] ! Unidirectional s-t. expansions: 4,991, time: 6,251 [ms], path length: 38 [edges], generated: 8,660
[00:00:00:00:884] Path of length 38 found: [48, 47, 40, 41, 34, 33, 26, 19, 18, 11, 4, 3, 2, 1, 8, 15, 22, 23, 16, 9, 10, 17, 24, 25, 32, 39, 38, 31, 30, 37, 44, 43, 36, 29, 28, 21, 14, 7, 0]
[00:00:00:00:885] ! Unidirectional t-s. expansions: 681, time: 884 [ms], path length: 38 [edges], generated: 1,240
[00:00:00:05:039] Path of length 38 found: [0, 7, 14, 21, 28, 29, 22, 15, 8, 1, 2, 9, 16, 23, 30, 37, 36, 43, 44, 45, 38, 31, 24, 17, 10, 3, 4, 11, 18, 19, 26, 25, 32, 33, 34, 41, 40, 47, 48]
[00:00:00:05:404] ! Bidirectional. expansions: 3,943, time: 5,039 [ms], path length: 38 [edges], g_F: 36, g_B: 2, generated: 0, MM: 34, MMPER: 86.17948717948718%
[00:00:00:05:404] 
---------- SM_Grids/7x7_grid_with_random_blocks_12per_3 ----------
[00:00:00:00:060] Path of length 42 found: [0, 7, 14, 21, 28, 35, 42, 43, 36, 37, 30, 29, 22, 15, 8, 1, 2, 9, 16, 23, 24, 17, 10, 3, 4, 5, 6, 13, 12, 19, 20, 27, 26, 25, 32, 39, 46, 47, 40, 33, 34, 41, 48]
[00:00:00:00:060] ! Unidirectional s-t. expansions: 42, time: 60 [ms], path length: 42 [edges], generated: 67
[00:00:00:00:260] Path of length 42 found: [48, 41, 34, 33, 40, 47, 46, 39, 32, 25, 26, 27, 20, 19, 12, 13, 6, 5, 4, 3, 2, 1, 8, 15, 16, 9, 10, 17, 24, 23, 22, 29, 30, 37, 36, 43, 42, 35, 28, 21, 14, 7, 0]
[00:00:00:00:260] ! Unidirectional t-s. expansions: 235, time: 260 [ms], path length: 42 [edges], generated: 406
[00:00:00:00:061] Path of length 42 found: [0, 7, 14, 21, 28, 35, 42, 43, 36, 37, 30, 29, 22, 15, 8, 1, 2, 9, 16, 23, 24, 17, 10, 3, 4, 5, 6, 13, 12, 19, 20, 27, 26, 25, 32, 39, 46, 47, 40, 33, 34, 41, 48]
[00:00:00:00:403] ! Bidirectional. expansions: 41, time: 61 [ms], path length: 42 [edges], g_F: 42, g_B: 0, generated: 0, MM: 42, MMPER: 96.67441860465117%
[00:00:00:00:403] 
---------- SM_Grids/7x7_grid_with_random_blocks_12per_4 ----------
[00:00:00:00:061] Path of length 42 found: [0, 7, 8, 1, 2, 9, 16, 15, 22, 21, 28, 29, 36, 43, 44, 45, 38, 31, 30, 23, 24, 17, 10, 3, 4, 11, 18, 19, 12, 5, 6, 13, 20, 27, 26, 33, 32, 39, 46, 47, 40, 41, 48]
[00:00:00:00:062] ! Unidirectional s-t. expansions: 42, time: 62 [ms], path length: 42 [edges], generated: 67
[00:00:00:00:140] Path of length 42 found: [48, 41, 40, 47, 46, 39, 32, 33, 26, 27, 20, 13, 6, 5, 4, 3, 10, 11, 12, 19, 18, 17, 24, 23, 30, 31, 38, 45, 44, 43, 36, 29, 28, 21, 22, 15, 16, 9, 2, 1, 8, 7, 0]
[00:00:00:00:140] ! Unidirectional t-s. expansions: 136, time: 140 [ms], path length: 42 [edges], generated: 211
[00:00:00:00:063] Path of length 42 found: [0, 7, 8, 1, 2, 9, 16, 15, 22, 21, 28, 29, 36, 43, 44, 45, 38, 31, 30, 23, 24, 17, 10, 3, 4, 11, 18, 19, 12, 5, 6, 13, 20, 27, 26, 33, 32, 39, 46, 47, 40, 41, 48]
[00:00:00:00:404] ! Bidirectional. expansions: 41, time: 63 [ms], path length: 42 [edges], g_F: 40, g_B: 2, generated: 0, MM: 38, MMPER: 87.37209302325581%
[00:00:00:00:404] 
---------- SM_Grids/7x7_grid_with_random_blocks_12per_5 ----------
[00:00:00:07:986] Path of length 40 found: [0, 7, 14, 21, 28, 35, 42, 43, 36, 29, 22, 15, 8, 1, 2, 9, 16, 23, 24, 25, 18, 11, 4, 5, 6, 13, 12, 19, 20, 27, 26, 33, 32, 31, 30, 37, 38, 45, 46, 47, 48]
[00:00:00:07:986] ! Unidirectional s-t. expansions: 6,203, time: 7,986 [ms], path length: 40 [edges], generated: 10,764
[00:00:00:02:650] Path of length 40 found: [48, 47, 46, 45, 38, 31, 24, 25, 32, 33, 34, 27, 26, 19, 20, 13, 6, 5, 4, 11, 10, 9, 2, 1, 8, 15, 16, 23, 22, 29, 30, 37, 36, 43, 42, 35, 28, 21, 14, 7, 0]
[00:00:00:02:650] ! Unidirectional t-s. expansions: 2,019, time: 2,650 [ms], path length: 40 [edges], generated: 3,682
[00:00:00:02:730] Path of length 40 found: [0, 7, 14, 21, 28, 35, 42, 43, 36, 29, 22, 15, 8, 1, 2, 9, 16, 23, 24, 25, 18, 11, 4, 5, 6, 13, 12, 19, 20, 27, 26, 33, 32, 31, 30, 37, 38, 45, 46, 47, 48]
[00:00:00:03:060] ! Bidirectional. expansions: 2,018, time: 2,731 [ms], path length: 40 [edges], g_F: 34, g_B: 6, generated: 0, MM: 28, MMPER: 67.29268292682927%
[00:00:00:03:060] 
---------- SM_Grids/7x7_grid_with_random_blocks_12per_6 ----------
[00:00:00:15:815] Path of length 40 found: [0, 7, 14, 21, 28, 35, 42, 43, 36, 29, 22, 15, 8, 1, 2, 3, 4, 11, 12, 5, 6, 13, 20, 27, 26, 25, 18, 17, 16, 23, 24, 31, 30, 37, 44, 45, 38, 39, 46, 47, 48]
[00:00:00:15:815] ! Unidirectional s-t. expansions: 13,071, time: 15,815 [ms], path length: 40 [edges], generated: 21,750
[00:00:00:05:471] Path of length 40 found: [48, 41, 34, 27, 20, 13, 6, 5, 12, 11, 4, 3, 2, 1, 8, 15, 22, 29, 36, 37, 30, 23, 16, 17, 18, 25, 24, 31, 32, 39, 38, 45, 44, 43, 42, 35, 28, 21, 14, 7, 0]
[00:00:00:05:471] ! Unidirectional t-s. expansions: 3,973, time: 5,471 [ms], path length: 40 [edges], generated: 6,774
[00:00:00:05:092] Path of length 40 found: [0, 7, 14, 21, 28, 35, 42, 43, 36, 29, 22, 15, 8, 1, 2, 3, 4, 11, 12, 5, 6, 13, 20, 27, 26, 25, 18, 17, 16, 23, 30, 37, 44, 45, 38, 31, 32, 39, 46, 47, 48]
[00:00:00:05:425] ! Bidirectional. expansions: 4,194, time: 5,092 [ms], path length: 40 [edges], g_F: 35, g_B: 5, generated: 0, MM: 30, MMPER: 72.17073170731707%
[00:00:00:05:425] 
---------- SM_Grids/7x7_grid_with_random_blocks_12per_7 ----------
[00:00:00:04:116] Path of length 40 found: [0, 7, 14, 21, 28, 35, 42, 43, 36, 29, 30, 23, 16, 15, 8, 1, 2, 9, 10, 3, 4, 11, 12, 13, 20, 19, 18, 17, 24, 31, 38, 45, 46, 39, 32, 25, 26, 33, 40, 41, 48]
[00:00:00:04:116] ! Unidirectional s-t. expansions: 3,256, time: 4,116 [ms], path length: 40 [edges], generated: 5,451
[00:00:00:01:153] Path of length 40 found: [48, 41, 34, 33, 40, 39, 46, 45, 38, 31, 32, 25, 26, 19, 20, 13, 12, 11, 4, 3, 2, 1, 8, 15, 16, 9, 10, 17, 24, 23, 30, 29, 36, 43, 42, 35, 28, 21, 14, 7, 0]
[00:00:00:01:153] ! Unidirectional t-s. expansions: 704, time: 1,153 [ms], path length: 40 [edges], generated: 1,323
[00:00:00:03:655] Path of length 40 found: [0, 7, 14, 21, 28, 35, 42, 43, 36, 29, 30, 23, 16, 15, 8, 1, 2, 9, 10, 3, 4, 11, 12, 13, 20, 19, 18, 17, 24, 31, 38, 45, 46, 39, 32, 25, 26, 33, 34, 41, 48]
[00:00:00:03:986] ! Bidirectional. expansions: 2,758, time: 3,655 [ms], path length: 40 [edges], g_F: 37, g_B: 3, generated: 0, MM: 34, MMPER: 81.92682926829268%
[00:00:00:03:986] 
---------- SM_Grids/7x7_grid_with_random_blocks_12per_8 ----------
[00:00:00:03:563] Path of length 42 found: [0, 7, 14, 21, 28, 35, 42, 43, 44, 37, 36, 29, 22, 15, 8, 1, 2, 9, 16, 23, 30, 31, 24, 25, 18, 17, 10, 3, 4, 5, 6, 13, 12, 19, 20, 27, 26, 33, 32, 39, 46, 47, 48]
[00:00:00:03:563] ! Unidirectional s-t. expansions: 2,567, time: 3,563 [ms], path length: 42 [edges], generated: 4,335
[00:00:00:01:574] Path of length 42 found: [48, 47, 46, 39, 32, 33, 26, 27, 20, 13, 6, 5, 12, 19, 18, 25, 24, 17, 10, 3, 2, 1, 8, 9, 16, 15, 22, 23, 30, 31, 38, 37, 44, 43, 42, 35, 36, 29, 28, 21, 14, 7, 0]
[00:00:00:01:575] ! Unidirectional t-s. expansions: 1,185, time: 1,574 [ms], path length: 42 [edges], generated: 2,127
[00:00:00:04:203] Path of length 42 found: [0, 7, 14, 21, 28, 35, 42, 43, 44, 37, 36, 29, 22, 15, 8, 1, 2, 9, 16, 23, 30, 31, 24, 25, 18, 17, 10, 3, 4, 5, 6, 13, 12, 19, 20, 27, 26, 33, 32, 39, 46, 47, 48]
[00:00:00:04:533] ! Bidirectional. expansions: 3,190, time: 4,203 [ms], path length: 42 [edges], g_F: 38, g_B: 4, generated: 0, MM: 34, MMPER: 78.06976744186046%
[00:00:00:04:534] 
---------- SM_Grids/7x7_grid_with_random_blocks_12per_9 ----------
[00:00:00:04:010] Path of length 40 found: [0, 7, 14, 21, 28, 29, 36, 37, 30, 23, 16, 15, 8, 1, 2, 9, 10, 3, 4, 11, 18, 17, 24, 31, 38, 45, 46, 39, 32, 25, 26, 19, 12, 5, 6, 13, 20, 27, 34, 41, 48]
[00:00:00:04:010] ! Unidirectional s-t. expansions: 2,956, time: 4,010 [ms], path length: 40 [edges], generated: 5,128
[00:00:00:07:203] Path of length 40 found: [48, 41, 34, 27, 20, 13, 6, 5, 4, 3, 2, 1, 8, 15, 16, 9, 10, 17, 24, 25, 18, 11, 12, 19, 26, 33, 32, 39, 46, 45, 38, 31, 30, 37, 36, 29, 28, 21, 14, 7, 0]
[00:00:00:07:203] ! Unidirectional t-s. expansions: 6,361, time: 7,203 [ms], path length: 40 [edges], generated: 10,559
[00:00:00:05:557] Path of length 40 found: [0, 7, 14, 21, 28, 29, 36, 37, 30, 23, 16, 17, 24, 31, 38, 45, 46, 39, 32, 33, 26, 25, 18, 19, 12, 11, 10, 9, 8, 1, 2, 3, 4, 5, 6, 13, 20, 27, 34, 41, 48]
[00:00:00:05:895] ! Bidirectional. expansions: 3,938, time: 5,558 [ms], path length: 40 [edges], g_F: 28, g_B: 12, generated: 0, MM: 16, MMPER: 38.02439024390244%

[00:00:00:05:895] average expansions: (3,765, 1,661, 2,662, 0)
[00:00:00:05:896] average time: (4,749, 2,119, 3,554, 0)
[00:00:00:05:896] XDFBnB: 1,661 , 2,119 (expansions , time[ms])
[00:00:00:05:896] BiXDFBnB: 2,662 , 3,554 (expansions , time[ms])

