------------------------------------
Thu 01 Oct 2026 16:21:55 IDT
SLURM_JOBID:		21953394
SLURM_JOB_NODELIST:	ise-cpu256-03
SLURM_SCRATCH_DIR:	/scratch/shubit/21953394
Allocated Resouces:	cpu - 2 / mem - 61440 MB / gpu - 
SLURM_GPU_INDEX:	
Running as shubit from shimony account with normal QOS
------------------------------------
Thu 01 Oct 2026 16:21:55 IDT

SLURM_JOBID:		 21953394
SLURM_JOB_NODELIST:	 ise-cpu256-03 

--------------------------
date: SM_Grids
number_of_graphs: 10
graph_type: grid
size_of_graphs: [7, 7]
heuristic: bcc_heuristic
snake: False
run_uni: True
run_bi: True
run_multi: False
solution_vertices: []
algorithms: ['XMM']
lookahead: 3
bsd: False
cube_first_dims: 4
cube_buffer_dim: None
backward_sym_generation: False
sym_coil: False
prefix_set: None

---------- SM_Grids/7x7_grid_with_random_blocks_12per_0 ----------
[00:00:00:01:913] Path of length 38 found: [0, 1, 2, 3, 4, 11, 18, 19, 26, 33, 32, 39, 38, 37, 30, 31, 24, 17, 10, 9, 16, 15, 8, 7, 14, 21, 22, 29, 28, 35, 42, 43, 44, 45, 46, 47, 40, 41, 48]
[00:00:00:01:914] ! Unidirectional s-t. expansions: 304, time: 1,913 [ms], path length: 38 [edges], generated: 3,523
[00:00:00:01:257] Path of length 38 found: [48, 41, 40, 47, 46, 45, 44, 43, 42, 35, 36, 37, 30, 29, 28, 21, 22, 15, 14, 7, 8, 9, 16, 17, 24, 31, 38, 39, 32, 33, 26, 19, 18, 11, 4, 3, 2, 1, 0]
[00:00:00:01:257] ! Unidirectional t-s. expansions: 256, time: 1,257 [ms], path length: 38 [edges], generated: 2,584
[00:00:00:03:193] Path of length 38 found: [0, 7, 14, 15, 22, 21, 28, 35, 42, 43, 36, 29, 30, 37, 44, 45, 38, 31, 24, 17, 10, 9, 8, 1, 2, 3, 4, 11, 18, 19, 26, 33, 32, 39, 46, 47, 40, 41, 48]
[00:00:00:03:571] ! Bidirectional. expansions: 968, time: 3,193 [ms], path length: 38 [edges], g_F: 18, g_B: 20, generated: 1,819, MM: 2, MMPER: 4.128205128205129%
[00:00:00:03:571] 
---------- SM_Grids/7x7_grid_with_random_blocks_12per_1 ----------
[00:00:00:03:881] Path of length 40 found: [0, 1, 2, 3, 4, 11, 10, 9, 8, 7, 14, 15, 22, 21, 28, 29, 36, 35, 42, 43, 44, 45, 46, 39, 32, 31, 30, 23, 16, 17, 18, 25, 26, 19, 20, 27, 34, 41, 40, 47, 48]
[00:00:00:03:882] ! Unidirectional s-t. expansions: 856, time: 3,881 [ms], path length: 40 [edges], generated: 7,977
[00:00:00:01:167] Path of length 40 found: [48, 47, 46, 45, 44, 43, 42, 35, 36, 29, 28, 21, 22, 15, 14, 7, 8, 9, 10, 17, 16, 23, 30, 31, 32, 39, 40, 41, 34, 33, 26, 27, 20, 19, 18, 11, 4, 3, 2, 1, 0]
[00:00:00:01:167] ! Unidirectional t-s. expansions: 189, time: 1,167 [ms], path length: 40 [edges], generated: 2,075
[00:00:00:04:326] Path of length 40 found: [0, 7, 14, 21, 28, 29, 36, 35, 42, 43, 44, 45, 46, 47, 40, 39, 32, 31, 30, 23, 22, 15, 16, 17, 10, 9, 8, 1, 2, 3, 4, 11, 18, 25, 26, 19, 20, 27, 34, 41, 48]
[00:00:00:04:653] ! Bidirectional. expansions: 1,325, time: 4,326 [ms], path length: 40 [edges], g_F: 19, g_B: 21, generated: 2,461, MM: 2, MMPER: 3.8780487804878048%
[00:00:00:04:653] 
---------- SM_Grids/7x7_grid_with_random_blocks_12per_2 ----------
[00:00:00:08:714] Path of length 38 found: [0, 1, 2, 3, 4, 11, 18, 19, 26, 25, 32, 31, 24, 23, 22, 15, 16, 17, 10, 9, 8, 7, 14, 21, 28, 29, 30, 37, 36, 43, 44, 45, 38, 39, 40, 33, 34, 41, 48]
[00:00:00:08:714] ! Unidirectional s-t. expansions: 1,685, time: 8,714 [ms], path length: 38 [edges], generated: 18,575
[00:00:00:01:319] Path of length 38 found: [48, 47, 40, 41, 34, 33, 26, 19, 18, 25, 24, 31, 32, 39, 38, 45, 44, 43, 36, 37, 30, 23, 22, 29, 28, 21, 14, 15, 16, 17, 10, 11, 4, 3, 2, 9, 8, 1, 0]
[00:00:00:01:319] ! Unidirectional t-s. expansions: 225, time: 1,319 [ms], path length: 38 [edges], generated: 2,762
[00:00:00:05:220] Path of length 38 found: [0, 7, 14, 21, 28, 29, 22, 15, 8, 1, 2, 9, 16, 23, 30, 37, 36, 43, 44, 45, 38, 39, 32, 25, 24, 17, 10, 3, 4, 11, 18, 19, 26, 33, 34, 41, 40, 47, 48]
[00:00:00:05:549] ! Bidirectional. expansions: 1,488, time: 5,220 [ms], path length: 38 [edges], g_F: 19, g_B: 19, generated: 2,905, MM: 0, MMPER: -1.0%
[00:00:00:05:549] 
---------- SM_Grids/7x7_grid_with_random_blocks_12per_3 ----------
[00:00:00:00:080] Path of length 42 found: [0, 7, 14, 21, 28, 35, 42, 43, 36, 37, 30, 29, 22, 15, 8, 1, 2, 9, 16, 23, 24, 17, 10, 3, 4, 5, 6, 13, 12, 19, 20, 27, 26, 25, 32, 39, 46, 47, 40, 33, 34, 41, 48]
[00:00:00:00:081] ! Unidirectional s-t. expansions: 14, time: 80 [ms], path length: 42 [edges], generated: 123
[00:00:00:00:103] Path of length 42 found: [48, 41, 34, 33, 40, 47, 46, 39, 32, 25, 26, 27, 20, 19, 12, 13, 6, 5, 4, 3, 2, 1, 8, 15, 16, 9, 10, 17, 24, 23, 22, 29, 30, 37, 36, 43, 42, 35, 28, 21, 14, 7, 0]
[00:00:00:00:103] ! Unidirectional t-s. expansions: 16, time: 103 [ms], path length: 42 [edges], generated: 159
[00:00:00:00:421] Path of length 42 found: [0, 7, 14, 21, 28, 35, 42, 43, 36, 37, 30, 29, 22, 15, 8, 1, 2, 9, 16, 23, 24, 17, 10, 3, 4, 5, 6, 13, 12, 19, 20, 27, 26, 25, 32, 39, 46, 47, 40, 33, 34, 41, 48]
[00:00:00:00:748] ! Bidirectional. expansions: 136, time: 421 [ms], path length: 42 [edges], g_F: 21, g_B: 21, generated: 229, MM: 0, MMPER: -1.0%
[00:00:00:00:748] 
---------- SM_Grids/7x7_grid_with_random_blocks_12per_4 ----------
[00:00:00:00:084] Path of length 42 found: [0, 7, 8, 1, 2, 9, 16, 15, 22, 21, 28, 29, 36, 43, 44, 45, 38, 31, 30, 23, 24, 17, 10, 3, 4, 11, 18, 19, 12, 5, 6, 13, 20, 27, 26, 33, 32, 39, 46, 47, 40, 41, 48]
[00:00:00:00:084] ! Unidirectional s-t. expansions: 14, time: 84 [ms], path length: 42 [edges], generated: 139
[00:00:00:00:111] Path of length 42 found: [48, 41, 40, 47, 46, 39, 32, 33, 26, 27, 20, 13, 6, 5, 4, 3, 10, 11, 12, 19, 18, 17, 24, 23, 30, 31, 38, 45, 44, 43, 36, 29, 28, 21, 22, 15, 16, 9, 2, 1, 8, 7, 0]
[00:00:00:00:112] ! Unidirectional t-s. expansions: 22, time: 111 [ms], path length: 42 [edges], generated: 204
[00:00:00:00:649] Path of length 42 found: [0, 7, 8, 1, 2, 9, 16, 15, 22, 21, 28, 29, 36, 43, 44, 45, 38, 31, 30, 23, 24, 17, 18, 19, 12, 11, 10, 3, 4, 5, 6, 13, 20, 27, 26, 33, 32, 39, 46, 47, 40, 41, 48]
[00:00:00:00:978] ! Bidirectional. expansions: 194, time: 649 [ms], path length: 42 [edges], g_F: 21, g_B: 21, generated: 362, MM: 0, MMPER: -1.0%
[00:00:00:00:978] 
---------- SM_Grids/7x7_grid_with_random_blocks_12per_5 ----------
[00:00:00:08:426] Path of length 40 found: [0, 1, 2, 9, 16, 15, 8, 7, 14, 21, 22, 29, 28, 35, 42, 43, 36, 37, 30, 23, 24, 25, 18, 19, 12, 11, 4, 5, 6, 13, 20, 27, 26, 33, 32, 31, 38, 45, 46, 47, 48]
[00:00:00:08:427] ! Unidirectional s-t. expansions: 1,724, time: 8,426 [ms], path length: 40 [edges], generated: 16,729
[00:00:00:02:945] Path of length 40 found: [48, 47, 46, 45, 38, 37, 36, 43, 42, 35, 28, 21, 22, 29, 30, 23, 24, 31, 32, 33, 34, 27, 26, 25, 18, 19, 20, 13, 6, 5, 4, 11, 10, 9, 2, 1, 8, 15, 14, 7, 0]
[00:00:00:02:945] ! Unidirectional t-s. expansions: 541, time: 2,945 [ms], path length: 40 [edges], generated: 6,015
[00:00:00:09:201] Path of length 40 found: [0, 7, 14, 21, 22, 23, 16, 15, 8, 1, 2, 9, 10, 11, 4, 5, 6, 13, 12, 19, 26, 27, 34, 33, 32, 25, 24, 31, 30, 29, 28, 35, 42, 43, 36, 37, 38, 45, 46, 47, 48]
[00:00:00:09:526] ! Bidirectional. expansions: 2,737, time: 9,201 [ms], path length: 40 [edges], g_F: 20, g_B: 20, generated: 5,145, MM: 0, MMPER: -1.0%
[00:00:00:09:526] 
---------- SM_Grids/7x7_grid_with_random_blocks_12per_6 ----------
[00:00:00:15:659] Path of length 40 found: [0, 7, 14, 21, 22, 23, 30, 37, 36, 29, 28, 35, 42, 43, 44, 45, 38, 31, 24, 17, 16, 15, 8, 1, 2, 3, 4, 11, 12, 5, 6, 13, 20, 27, 26, 25, 32, 39, 46, 47, 48]
[00:00:00:15:659] ! Unidirectional s-t. expansions: 3,550, time: 15,659 [ms], path length: 40 [edges], generated: 31,613
[00:00:00:06:971] Path of length 40 found: [48, 41, 34, 27, 20, 13, 6, 5, 12, 11, 4, 3, 2, 1, 8, 15, 16, 17, 18, 25, 32, 39, 46, 45, 38, 31, 24, 23, 22, 29, 30, 37, 44, 43, 36, 35, 28, 21, 14, 7, 0]
[00:00:00:06:971] ! Unidirectional t-s. expansions: 1,332, time: 6,971 [ms], path length: 40 [edges], generated: 13,195
[00:00:00:18:638] Path of length 40 found: [0, 7, 14, 21, 28, 29, 30, 31, 38, 37, 36, 35, 42, 43, 44, 45, 46, 39, 32, 25, 18, 17, 16, 23, 22, 15, 8, 1, 2, 3, 4, 11, 12, 5, 6, 13, 20, 27, 34, 41, 48]
[00:00:00:18:963] ! Bidirectional. expansions: 5,981, time: 18,638 [ms], path length: 40 [edges], g_F: 20, g_B: 20, generated: 10,658, MM: 0, MMPER: -1.0%
[00:00:00:18:963] 
---------- SM_Grids/7x7_grid_with_random_blocks_12per_7 ----------
[00:00:00:04:607] Path of length 40 found: [0, 1, 2, 9, 16, 15, 8, 7, 14, 21, 28, 29, 36, 35, 42, 43, 44, 45, 46, 39, 38, 31, 30, 23, 24, 17, 10, 3, 4, 11, 12, 13, 20, 19, 26, 25, 32, 33, 40, 41, 48]
[00:00:00:04:608] ! Unidirectional s-t. expansions: 931, time: 4,607 [ms], path length: 40 [edges], generated: 9,152
[00:00:00:01:482] Path of length 40 found: [48, 41, 34, 33, 40, 39, 46, 45, 44, 43, 42, 35, 36, 29, 28, 21, 14, 7, 8, 15, 16, 9, 10, 17, 24, 23, 30, 31, 32, 25, 26, 19, 20, 13, 12, 11, 4, 3, 2, 1, 0]
[00:00:00:01:482] ! Unidirectional t-s. expansions: 234, time: 1,482 [ms], path length: 40 [edges], generated: 2,754
[00:00:00:05:117] Path of length 40 found: [0, 1, 2, 9, 10, 3, 4, 11, 12, 13, 20, 19, 26, 25, 18, 17, 24, 31, 30, 23, 16, 15, 8, 7, 14, 21, 28, 29, 36, 35, 42, 43, 44, 45, 46, 39, 40, 33, 34, 41, 48]
[00:00:00:05:440] ! Bidirectional. expansions: 1,575, time: 5,118 [ms], path length: 40 [edges], g_F: 21, g_B: 19, generated: 2,966, MM: 2, MMPER: 3.8780487804878048%
[00:00:00:05:440] 
---------- SM_Grids/7x7_grid_with_random_blocks_12per_8 ----------
[00:00:00:04:806] Path of length 42 found: [0, 7, 14, 21, 28, 35, 42, 43, 44, 37, 36, 29, 22, 15, 8, 1, 2, 9, 10, 3, 4, 5, 6, 13, 12, 19, 20, 27, 26, 33, 32, 25, 18, 17, 24, 23, 30, 31, 38, 39, 46, 47, 48]
[00:00:00:04:806] ! Unidirectional s-t. expansions: 819, time: 4,806 [ms], path length: 42 [edges], generated: 9,345
[00:00:00:02:102] Path of length 42 found: [48, 47, 46, 39, 38, 31, 32, 33, 26, 27, 20, 19, 12, 13, 6, 5, 4, 3, 10, 9, 2, 1, 8, 15, 16, 17, 18, 25, 24, 23, 30, 37, 44, 43, 42, 35, 36, 29, 22, 21, 14, 7, 0]
[00:00:00:02:102] ! Unidirectional t-s. expansions: 379, time: 2,102 [ms], path length: 42 [edges], generated: 4,454
[00:00:00:05:278] Path of length 42 found: [0, 7, 14, 21, 28, 35, 42, 43, 44, 37, 36, 29, 22, 15, 8, 1, 2, 9, 16, 23, 30, 31, 24, 25, 18, 17, 10, 3, 4, 5, 6, 13, 12, 19, 20, 27, 26, 33, 32, 39, 46, 47, 48]
[00:00:00:05:605] ! Bidirectional. expansions: 1,677, time: 5,278 [ms], path length: 42 [edges], g_F: 20, g_B: 22, generated: 2,991, MM: 2, MMPER: 3.6511627906976747%
[00:00:00:05:606] 
---------- SM_Grids/7x7_grid_with_random_blocks_12per_9 ----------
[00:00:00:05:576] Path of length 40 found: [0, 1, 2, 3, 4, 5, 6, 13, 20, 19, 12, 11, 18, 17, 10, 9, 16, 15, 8, 7, 14, 21, 28, 29, 36, 37, 38, 45, 46, 39, 32, 31, 30, 23, 24, 25, 26, 33, 34, 41, 48]
[00:00:00:05:576] ! Unidirectional s-t. expansions: 1,006, time: 5,576 [ms], path length: 40 [edges], generated: 11,351
[00:00:00:09:029] Path of length 40 found: [48, 41, 34, 33, 32, 39, 46, 45, 38, 31, 24, 25, 26, 27, 20, 19, 18, 17, 10, 11, 12, 13, 6, 5, 4, 3, 2, 9, 16, 23, 30, 37, 36, 29, 28, 21, 14, 7, 8, 1, 0]
[00:00:00:09:029] ! Unidirectional t-s. expansions: 2,100, time: 9,029 [ms], path length: 40 [edges], generated: 21,013
[00:00:00:09:045] Path of length 40 found: [0, 7, 14, 21, 28, 29, 36, 37, 30, 23, 16, 15, 8, 1, 2, 9, 10, 3, 4, 11, 18, 25, 24, 31, 38, 45, 46, 39, 32, 33, 26, 19, 12, 5, 6, 13, 20, 27, 34, 41, 48]
[00:00:00:09:371] ! Bidirectional. expansions: 2,717, time: 9,045 [ms], path length: 40 [edges], g_F: 19, g_B: 21, generated: 5,196, MM: 2, MMPER: 3.8780487804878048%

[00:00:00:09:371] average expansions: (1,090, 529, 1,880, 0)
[00:00:00:09:371] average time: (5,375, 2,649, 6,109, 0)
[00:00:00:09:371] XA*: 529 , 2,649 (expansions , time[ms])
[00:00:00:09:371] XMM: 1,880 , 6,109 (expansions , time[ms])

