------------------------------------
Thu 01 Oct 2026 12:14:08 IDT
SLURM_JOBID:		21944084
SLURM_JOB_NODELIST:	ise-cpu256-09
SLURM_SCRATCH_DIR:	/scratch/shubit/21944084
Allocated Resouces:	cpu - 2 / mem - 61440 MB / gpu - 
SLURM_GPU_INDEX:	
Running as shubit from shimony account with normal QOS
------------------------------------
Thu 01 Oct 2026 12:14:08 IDT

SLURM_JOBID:		 21944084
SLURM_JOB_NODELIST:	 ise-cpu256-09 

--------------------------
date: SM_Grids
number_of_graphs: 10
graph_type: grid
size_of_graphs: [7, 7]
heuristic: bcc_heuristic
snake: False
run_uni: True
run_bi: True
run_multi: False
solution_vertices: []
algorithms: ['IDA']
lookahead: 1
bsd: False
cube_first_dims: 4
cube_buffer_dim: None
backward_sym_generation: False
sym_coil: False
prefix_set: None

---------- SM_Grids/7x7_grid_with_random_blocks_8per_0 ----------
[00:00:00:04:924] Path of length 44 found: [0, 7, 8, 1, 2, 9, 16, 15, 22, 21, 28, 35, 42, 43, 36, 29, 30, 37, 44, 45, 46, 39, 38, 31, 32, 25, 18, 17, 10, 3, 4, 11, 12, 5, 6, 13, 20, 19, 26, 27, 34, 33, 40, 47, 48]
[00:00:00:04:925] ! Unidirectional s-t. expansions: 5,058, time: 4,925 [ms], path length: 44 [edges], generated: 8,588
[00:00:00:21:144] Path of length 44 found: [48, 41, 34, 27, 20, 13, 6, 5, 4, 3, 2, 9, 16, 17, 10, 11, 12, 19, 18, 25, 26, 33, 32, 31, 30, 29, 36, 37, 38, 39, 40, 47, 46, 45, 44, 43, 42, 35, 28, 21, 22, 15, 8, 1, 0]
[00:00:00:21:144] ! Unidirectional t-s. expansions: 21,160, time: 21,144 [ms], path length: 44 [edges], generated: 33,903
[00:00:00:45:950] Path of length 44 found: [0, 7, 8, 1, 2, 9, 16, 15, 22, 21, 28, 35, 42, 43, 44, 37, 36, 29, 30, 31, 38, 45, 46, 47, 40, 33, 32, 25, 26, 19, 18, 17, 10, 3, 4, 11, 12, 5, 6, 13, 20, 27, 34, 41, 48]
[00:00:00:46:320] ! Bidirectional. expansions: 14,745, time: 45,950 [ms], path length: 44 [edges], g_F: 26, g_B: 18, generated: 0, MM: 8, MMPER: 16.77777777777778%
[00:00:00:46:321] 
---------- SM_Grids/7x7_grid_with_random_blocks_8per_1 ----------
[00:00:00:35:033] Path of length 42 found: [0, 7, 14, 21, 28, 35, 42, 43, 36, 29, 22, 15, 8, 9, 2, 3, 10, 17, 16, 23, 30, 31, 24, 25, 18, 11, 4, 5, 6, 13, 12, 19, 20, 27, 26, 33, 32, 39, 46, 47, 40, 41, 48]
[00:00:00:35:034] ! Unidirectional s-t. expansions: 27,277, time: 35,034 [ms], path length: 42 [edges], generated: 48,487
[00:00:01:04:515] Path of length 42 found: [48, 41, 34, 27, 20, 13, 6, 5, 4, 3, 2, 9, 8, 15, 22, 23, 16, 17, 10, 11, 12, 19, 18, 25, 26, 33, 40, 47, 46, 39, 32, 31, 30, 29, 36, 43, 42, 35, 28, 21, 14, 7, 0]
[00:00:01:04:516] ! Unidirectional t-s. expansions: 53,243, time: 64,515 [ms], path length: 42 [edges], generated: 91,643
[00:00:03:13:343] Path of length 42 found: [0, 7, 14, 21, 28, 35, 42, 43, 36, 29, 30, 31, 38, 39, 46, 47, 40, 33, 32, 25, 26, 19, 12, 11, 10, 17, 16, 23, 22, 15, 8, 9, 2, 3, 4, 5, 6, 13, 20, 27, 34, 41, 48]
[00:00:03:13:743] ! Bidirectional. expansions: 60,304, time: 193,343 [ms], path length: 42 [edges], g_F: 25, g_B: 17, generated: 0, MM: 8, MMPER: 17.6046511627907%
[00:00:03:13:743] 
---------- SM_Grids/7x7_grid_with_random_blocks_8per_2 ----------
[00:00:00:10:562] Path of length 44 found: [0, 7, 14, 21, 28, 35, 36, 43, 44, 37, 30, 29, 22, 15, 8, 9, 2, 3, 10, 17, 16, 23, 24, 31, 38, 45, 46, 39, 32, 33, 26, 19, 18, 11, 4, 5, 12, 13, 20, 27, 34, 41, 40, 47, 48]
[00:00:00:10:562] ! Unidirectional s-t. expansions: 7,818, time: 10,562 [ms], path length: 44 [edges], generated: 13,602
[00:00:00:19:729] Path of length 44 found: [48, 41, 34, 27, 20, 13, 6, 5, 4, 3, 2, 9, 8, 15, 22, 29, 30, 37, 38, 31, 24, 23, 16, 17, 10, 11, 18, 19, 26, 33, 32, 39, 40, 47, 46, 45, 44, 43, 36, 35, 28, 21, 14, 7, 0]
[00:00:00:19:730] ! Unidirectional t-s. expansions: 14,939, time: 19,729 [ms], path length: 44 [edges], generated: 25,218
[00:00:01:33:480] Path of length 44 found: [0, 7, 14, 21, 28, 35, 36, 43, 44, 37, 30, 29, 22, 23, 24, 31, 38, 45, 46, 47, 40, 39, 32, 33, 26, 19, 12, 11, 10, 17, 16, 15, 8, 9, 2, 3, 4, 5, 6, 13, 20, 27, 34, 41, 48]
[00:00:01:33:843] ! Bidirectional. expansions: 29,369, time: 93,480 [ms], path length: 44 [edges], g_F: 27, g_B: 17, generated: 0, MM: 10, MMPER: 21.22222222222222%
[00:00:01:33:843] 
---------- SM_Grids/7x7_grid_with_random_blocks_8per_3 ----------
[00:00:00:31:242] Path of length 44 found: [0, 7, 14, 21, 28, 35, 42, 43, 44, 37, 30, 29, 22, 23, 16, 9, 8, 1, 2, 3, 10, 17, 24, 31, 38, 45, 46, 39, 32, 25, 18, 11, 4, 5, 6, 13, 12, 19, 20, 27, 26, 33, 40, 47, 48]
[00:00:00:31:242] ! Unidirectional s-t. expansions: 31,512, time: 31,242 [ms], path length: 44 [edges], generated: 48,560
[00:00:00:01:569] Path of length 44 found: [48, 41, 40, 47, 46, 39, 32, 33, 26, 27, 20, 13, 6, 5, 4, 3, 2, 1, 8, 9, 16, 17, 10, 11, 12, 19, 18, 25, 24, 23, 22, 29, 30, 31, 38, 37, 44, 43, 42, 35, 28, 21, 14, 7, 0]
[00:00:00:01:570] ! Unidirectional t-s. expansions: 1,015, time: 1,569 [ms], path length: 44 [edges], generated: 1,820
[00:00:00:22:887] Path of length 44 found: [0, 7, 14, 21, 22, 29, 28, 35, 42, 43, 44, 45, 38, 31, 30, 23, 16, 17, 24, 25, 18, 19, 12, 11, 10, 9, 8, 1, 2, 3, 4, 5, 6, 13, 20, 27, 26, 33, 32, 39, 46, 47, 40, 41, 48]
[00:00:00:23:252] ! Bidirectional. expansions: 7,296, time: 22,887 [ms], path length: 44 [edges], g_F: 14, g_B: 30, generated: 0, MM: 16, MMPER: 34.55555555555556%
[00:00:00:23:253] 
---------- SM_Grids/7x7_grid_with_random_blocks_8per_4 ----------
[00:00:00:00:990] Path of length 44 found: [0, 7, 14, 21, 28, 35, 42, 43, 36, 29, 22, 15, 8, 1, 2, 9, 16, 23, 30, 37, 38, 45, 46, 39, 32, 31, 24, 25, 18, 11, 4, 5, 6, 13, 12, 19, 20, 27, 26, 33, 34, 41, 40, 47, 48]
[00:00:00:00:990] ! Unidirectional s-t. expansions: 621, time: 990 [ms], path length: 44 [edges], generated: 1,030
[00:00:00:03:458] Path of length 44 found: [48, 41, 34, 27, 20, 13, 6, 5, 4, 11, 10, 9, 2, 1, 8, 15, 16, 23, 22, 29, 30, 31, 24, 25, 18, 19, 26, 33, 32, 39, 40, 47, 46, 45, 38, 37, 36, 43, 42, 35, 28, 21, 14, 7, 0]
[00:00:00:03:459] ! Unidirectional t-s. expansions: 2,168, time: 3,459 [ms], path length: 44 [edges], generated: 3,671
[00:00:00:23:275] Path of length 44 found: [0, 7, 14, 21, 28, 35, 42, 43, 36, 29, 22, 23, 16, 15, 8, 1, 2, 9, 10, 11, 4, 5, 6, 13, 12, 19, 18, 25, 24, 31, 30, 37, 38, 45, 46, 47, 40, 39, 32, 33, 26, 27, 34, 41, 48]
[00:00:00:23:636] ! Bidirectional. expansions: 6,408, time: 23,275 [ms], path length: 44 [edges], g_F: 25, g_B: 19, generated: 0, MM: 6, MMPER: 12.333333333333334%
[00:00:00:23:636] 
---------- SM_Grids/7x7_grid_with_random_blocks_8per_5 ----------
[00:00:00:02:180] Path of length 44 found: [0, 7, 14, 21, 28, 35, 42, 43, 36, 29, 22, 15, 8, 1, 2, 9, 10, 17, 24, 23, 30, 37, 44, 45, 46, 39, 38, 31, 32, 25, 18, 11, 12, 5, 6, 13, 20, 19, 26, 27, 34, 33, 40, 41, 48]
[00:00:00:02:180] ! Unidirectional s-t. expansions: 1,390, time: 2,180 [ms], path length: 44 [edges], generated: 2,330
[00:00:00:11:054] Path of length 44 found: [48, 41, 34, 27, 20, 13, 6, 5, 12, 11, 18, 19, 26, 25, 32, 33, 40, 39, 46, 45, 38, 31, 30, 29, 36, 37, 44, 43, 42, 35, 28, 21, 14, 15, 22, 23, 24, 17, 10, 3, 2, 9, 8, 1, 0]
[00:00:00:11:055] ! Unidirectional t-s. expansions: 9,889, time: 11,054 [ms], path length: 44 [edges], generated: 15,616
[00:00:00:51:009] Path of length 44 found: [0, 7, 14, 21, 28, 35, 42, 43, 36, 29, 22, 15, 8, 1, 2, 9, 10, 17, 24, 23, 30, 31, 38, 37, 44, 45, 46, 39, 40, 33, 32, 25, 26, 19, 18, 11, 12, 5, 6, 13, 20, 27, 34, 41, 48]
[00:00:00:51:409] ! Bidirectional. expansions: 17,269, time: 51,009 [ms], path length: 44 [edges], g_F: 16, g_B: 28, generated: 0, MM: 12, MMPER: 25.666666666666668%
[00:00:00:51:410] 
---------- SM_Grids/7x7_grid_with_random_blocks_8per_6 ----------
[00:00:00:13:589] Path of length 44 found: [0, 1, 8, 15, 14, 21, 28, 35, 42, 43, 36, 29, 22, 23, 30, 37, 44, 45, 46, 39, 38, 31, 24, 17, 16, 9, 2, 3, 4, 11, 18, 25, 26, 19, 12, 5, 6, 13, 20, 27, 34, 33, 40, 47, 48]
[00:00:00:13:589] ! Unidirectional s-t. expansions: 12,640, time: 13,589 [ms], path length: 44 [edges], generated: 20,130
[00:00:00:05:452] Path of length 44 found: [48, 41, 34, 27, 20, 13, 6, 5, 4, 3, 2, 9, 16, 23, 22, 29, 36, 37, 30, 31, 24, 17, 18, 11, 12, 19, 26, 33, 40, 47, 46, 39, 38, 45, 44, 43, 42, 35, 28, 21, 14, 15, 8, 1, 0]
[00:00:00:05:452] ! Unidirectional t-s. expansions: 3,556, time: 5,452 [ms], path length: 44 [edges], generated: 6,085
[00:00:00:50:451] Path of length 44 found: [0, 1, 8, 15, 14, 21, 28, 35, 42, 43, 36, 29, 22, 23, 30, 31, 38, 37, 44, 45, 46, 39, 40, 33, 26, 19, 12, 11, 18, 25, 24, 17, 16, 9, 2, 3, 4, 5, 6, 13, 20, 27, 34, 41, 48]
[00:00:00:50:818] ! Bidirectional. expansions: 16,072, time: 50,451 [ms], path length: 44 [edges], g_F: 22, g_B: 22, generated: 0, MM: 0, MMPER: -1.0%
[00:00:00:50:818] 
---------- SM_Grids/7x7_grid_with_random_blocks_8per_7 ----------
[00:00:02:13:287] Valid states checked so far: 200,000, Expansions: 119,086, Global best: 43
[00:00:02:24:332] Path of length 42 found: [0, 7, 14, 21, 28, 35, 42, 43, 36, 29, 22, 15, 8, 1, 2, 9, 16, 23, 30, 37, 44, 45, 46, 39, 38, 31, 24, 17, 10, 3, 4, 5, 12, 11, 18, 19, 26, 25, 32, 33, 40, 47, 48]
[00:00:02:24:332] ! Unidirectional s-t. expansions: 129,857, time: 144,332 [ms], path length: 42 [edges], generated: 217,483
[00:00:00:25:805] Path of length 42 found: [48, 41, 40, 47, 46, 39, 32, 33, 26, 19, 12, 5, 4, 3, 2, 9, 16, 17, 10, 11, 18, 25, 24, 23, 22, 29, 36, 37, 30, 31, 38, 45, 44, 43, 42, 35, 28, 21, 14, 15, 8, 1, 0]
[00:00:00:25:805] ! Unidirectional t-s. expansions: 21,733, time: 25,805 [ms], path length: 42 [edges], generated: 38,651
[00:00:03:17:931] Path of length 42 found: [0, 7, 14, 21, 28, 35, 42, 43, 36, 29, 22, 15, 8, 1, 2, 9, 16, 23, 30, 37, 44, 45, 38, 31, 24, 25, 18, 17, 10, 3, 4, 11, 12, 19, 26, 33, 32, 39, 46, 47, 40, 41, 48]
[00:00:03:18:296] ! Bidirectional. expansions: 60,586, time: 197,931 [ms], path length: 42 [edges], g_F: 32, g_B: 10, generated: 0, MM: 22, MMPER: 50.16279069767442%
[00:00:03:18:297] 
---------- SM_Grids/7x7_grid_with_random_blocks_8per_8 ----------
[00:00:02:02:517] Path of length 42 found: [0, 7, 8, 1, 2, 9, 16, 15, 22, 21, 28, 35, 42, 43, 44, 37, 38, 45, 46, 39, 32, 31, 24, 17, 10, 3, 4, 11, 18, 25, 26, 19, 12, 5, 6, 13, 20, 27, 34, 33, 40, 47, 48]
[00:00:02:02:518] ! Unidirectional s-t. expansions: 87,390, time: 122,518 [ms], path length: 42 [edges], generated: 155,342
[00:00:02:36:036] Valid states checked so far: 200,000, Expansions: 119,144, Global best: 43
[00:00:03:43:080] Path of length 42 found: [48, 41, 34, 27, 20, 13, 6, 5, 4, 3, 2, 9, 16, 23, 24, 17, 10, 11, 12, 19, 18, 25, 26, 33, 32, 31, 38, 39, 40, 47, 46, 45, 44, 43, 42, 35, 28, 21, 22, 15, 8, 1, 0]
[00:00:03:43:081] ! Unidirectional t-s. expansions: 174,649, time: 223,080 [ms], path length: 42 [edges], generated: 294,280
[00:00:24:57:914] Path of length 42 found: [0, 7, 8, 15, 22, 21, 28, 35, 42, 43, 44, 37, 38, 45, 46, 47, 40, 39, 32, 33, 26, 25, 18, 19, 12, 11, 10, 17, 24, 23, 16, 9, 2, 3, 4, 5, 6, 13, 20, 27, 34, 41, 48]
[00:00:24:58:287] ! Bidirectional. expansions: 469,809, time: 1,497,914 [ms], path length: 42 [edges], g_F: 6, g_B: 36, generated: 0, MM: 30, MMPER: 68.76744186046511%
[00:00:24:58:287] 
---------- SM_Grids/7x7_grid_with_random_blocks_8per_9 ----------
[00:00:00:15:259] Path of length 44 found: [0, 7, 14, 21, 28, 35, 42, 43, 36, 29, 22, 15, 8, 1, 2, 9, 16, 23, 30, 37, 44, 45, 46, 39, 38, 31, 32, 25, 18, 17, 10, 3, 4, 11, 12, 5, 6, 13, 20, 27, 26, 33, 40, 41, 48]
[00:00:00:15:259] ! Unidirectional s-t. expansions: 11,976, time: 15,259 [ms], path length: 44 [edges], generated: 19,458
[00:00:00:03:146] Path of length 44 found: [48, 41, 34, 27, 20, 13, 6, 5, 12, 11, 4, 3, 2, 1, 8, 15, 22, 29, 36, 37, 30, 23, 16, 9, 10, 17, 18, 25, 26, 33, 40, 39, 32, 31, 38, 45, 44, 43, 42, 35, 28, 21, 14, 7, 0]
[00:00:00:03:146] ! Unidirectional t-s. expansions: 2,121, time: 3,146 [ms], path length: 44 [edges], generated: 3,597
[00:00:01:14:630] Path of length 44 found: [0, 7, 14, 21, 28, 35, 42, 43, 36, 29, 30, 23, 22, 15, 8, 1, 2, 9, 16, 17, 18, 11, 10, 3, 4, 5, 12, 13, 20, 27, 26, 25, 32, 31, 38, 37, 44, 45, 46, 39, 40, 33, 34, 41, 48]
[00:00:01:15:007] ! Bidirectional. expansions: 23,429, time: 74,630 [ms], path length: 44 [edges], g_F: 27, g_B: 17, generated: 0, MM: 10, MMPER: 21.22222222222222%

[00:00:01:15:008] average expansions: (31,554, 30,447, 70,529, 0)
[00:00:01:15:008] average time: (38,063, 37,895, 225,087, 0)
[00:00:01:15:008] XIDA: 30,447 , 37,895 (expansions , time[ms])
[00:00:01:15:008] BiXIDA: 70,529 , 225,087 (expansions , time[ms])

