------------------------------------
Thu 01 Oct 2026 12:14:08 IDT
SLURM_JOBID:		21944085
SLURM_JOB_NODELIST:	ise-cpu256-15
SLURM_SCRATCH_DIR:	/scratch/shubit/21944085
Allocated Resouces:	cpu - 2 / mem - 61440 MB / gpu - 
SLURM_GPU_INDEX:	
Running as shubit from shimony account with normal QOS
------------------------------------
Thu 01 Oct 2026 12:14:08 IDT

SLURM_JOBID:		 21944085
SLURM_JOB_NODELIST:	 ise-cpu256-15 

--------------------------
date: SM_Grids
number_of_graphs: 10
graph_type: grid
size_of_graphs: [7, 7]
heuristic: bcc_heuristic
snake: False
run_uni: True
run_bi: True
run_multi: False
solution_vertices: []
algorithms: ['IDA']
lookahead: 2
bsd: False
cube_first_dims: 4
cube_buffer_dim: None
backward_sym_generation: False
sym_coil: False
prefix_set: None

---------- SM_Grids/7x7_grid_with_random_blocks_8per_0 ----------
[00:00:00:04:909] Path of length 44 found: [0, 7, 8, 1, 2, 9, 16, 15, 22, 21, 28, 35, 42, 43, 36, 29, 30, 37, 44, 45, 46, 39, 38, 31, 32, 25, 18, 17, 10, 3, 4, 11, 12, 5, 6, 13, 20, 19, 26, 27, 34, 33, 40, 47, 48]
[00:00:00:04:909] ! Unidirectional s-t. expansions: 2,646, time: 4,909 [ms], path length: 44 [edges], generated: 14,330
[00:00:00:19:394] Path of length 44 found: [48, 41, 34, 27, 20, 13, 6, 5, 4, 3, 2, 9, 16, 17, 10, 11, 12, 19, 18, 25, 26, 33, 32, 31, 30, 29, 36, 37, 38, 39, 40, 47, 46, 45, 44, 43, 42, 35, 28, 21, 22, 15, 8, 1, 0]
[00:00:00:19:394] ! Unidirectional t-s. expansions: 11,086, time: 19,394 [ms], path length: 44 [edges], generated: 51,088
[00:00:00:08:892] Path of length 44 found: [0, 7, 8, 1, 2, 9, 16, 15, 22, 21, 28, 35, 42, 43, 36, 29, 30, 37, 44, 45, 46, 47, 40, 39, 38, 31, 32, 25, 26, 19, 12, 11, 18, 17, 10, 3, 4, 5, 6, 13, 20, 27, 34, 41, 48]
[00:00:00:09:266] ! Bidirectional. expansions: 5,014, time: 8,892 [ms], path length: 44 [edges], g_F: 22, g_B: 22, generated: 0, MM: 0, MMPER: -1.0%
[00:00:00:09:266] 
---------- SM_Grids/7x7_grid_with_random_blocks_8per_1 ----------
[00:00:00:30:118] Path of length 42 found: [0, 7, 14, 21, 28, 35, 42, 43, 36, 29, 22, 15, 8, 9, 2, 3, 10, 17, 16, 23, 30, 31, 24, 25, 18, 11, 4, 5, 6, 13, 12, 19, 20, 27, 26, 33, 32, 39, 46, 47, 40, 41, 48]
[00:00:00:30:118] ! Unidirectional s-t. expansions: 12,993, time: 30,118 [ms], path length: 42 [edges], generated: 60,890
[00:00:00:54:424] Path of length 42 found: [48, 41, 34, 27, 20, 13, 6, 5, 4, 3, 2, 9, 8, 15, 22, 23, 16, 17, 10, 11, 12, 19, 18, 25, 26, 33, 40, 47, 46, 39, 32, 31, 30, 29, 36, 43, 42, 35, 28, 21, 14, 7, 0]
[00:00:00:54:424] ! Unidirectional t-s. expansions: 25,509, time: 54,424 [ms], path length: 42 [edges], generated: 112,118
[00:00:00:36:589] Path of length 42 found: [0, 7, 14, 21, 28, 35, 42, 43, 36, 29, 22, 15, 16, 23, 30, 31, 38, 39, 46, 47, 40, 33, 26, 19, 12, 11, 18, 25, 24, 17, 10, 9, 2, 3, 4, 5, 6, 13, 20, 27, 34, 41, 48]
[00:00:00:36:938] ! Bidirectional. expansions: 20,843, time: 36,589 [ms], path length: 42 [edges], g_F: 21, g_B: 21, generated: 0, MM: 0, MMPER: -1.0%
[00:00:00:36:939] 
---------- SM_Grids/7x7_grid_with_random_blocks_8per_2 ----------
[00:00:00:08:583] Path of length 44 found: [0, 7, 14, 21, 28, 35, 36, 43, 44, 37, 30, 29, 22, 15, 8, 9, 2, 3, 10, 17, 16, 23, 24, 31, 38, 45, 46, 39, 32, 33, 26, 19, 18, 11, 4, 5, 12, 13, 20, 27, 34, 41, 40, 47, 48]
[00:00:00:08:583] ! Unidirectional s-t. expansions: 3,718, time: 8,583 [ms], path length: 44 [edges], generated: 16,805
[00:00:00:16:986] Path of length 44 found: [48, 41, 34, 27, 20, 13, 6, 5, 4, 3, 2, 9, 8, 15, 22, 29, 30, 37, 38, 31, 24, 23, 16, 17, 10, 11, 18, 19, 26, 33, 32, 39, 40, 47, 46, 45, 44, 43, 36, 35, 28, 21, 14, 7, 0]
[00:00:00:16:986] ! Unidirectional t-s. expansions: 7,206, time: 16,986 [ms], path length: 44 [edges], generated: 32,927
[00:00:00:17:734] Path of length 44 found: [0, 7, 14, 21, 28, 35, 36, 43, 44, 37, 38, 45, 46, 47, 40, 39, 32, 33, 26, 19, 12, 11, 10, 17, 16, 23, 24, 31, 30, 29, 22, 15, 8, 9, 2, 3, 4, 5, 6, 13, 20, 27, 34, 41, 48]
[00:00:00:18:106] ! Bidirectional. expansions: 10,258, time: 17,734 [ms], path length: 44 [edges], g_F: 22, g_B: 22, generated: 0, MM: 0, MMPER: -1.0%
[00:00:00:18:106] 
---------- SM_Grids/7x7_grid_with_random_blocks_8per_3 ----------
[00:00:00:25:501] Path of length 44 found: [0, 7, 14, 21, 28, 35, 42, 43, 44, 37, 30, 29, 22, 23, 16, 9, 8, 1, 2, 3, 10, 17, 24, 31, 38, 45, 46, 39, 32, 25, 18, 11, 4, 5, 6, 13, 12, 19, 20, 27, 26, 33, 40, 47, 48]
[00:00:00:25:502] ! Unidirectional s-t. expansions: 16,256, time: 25,501 [ms], path length: 44 [edges], generated: 68,318
[00:00:00:01:579] Path of length 44 found: [48, 41, 40, 47, 46, 39, 32, 33, 26, 27, 20, 13, 6, 5, 4, 3, 2, 1, 8, 9, 16, 17, 10, 11, 12, 19, 18, 25, 24, 23, 22, 29, 30, 31, 38, 37, 44, 43, 42, 35, 28, 21, 14, 7, 0]
[00:00:00:01:580] ! Unidirectional t-s. expansions: 547, time: 1,579 [ms], path length: 44 [edges], generated: 2,987
[00:00:00:02:295] Path of length 44 found: [0, 7, 14, 21, 28, 35, 42, 43, 44, 45, 38, 37, 30, 29, 22, 23, 16, 17, 24, 25, 18, 19, 12, 11, 10, 9, 8, 1, 2, 3, 4, 5, 6, 13, 20, 27, 26, 33, 32, 39, 46, 47, 40, 41, 48]
[00:00:00:02:646] ! Bidirectional. expansions: 1,263, time: 2,295 [ms], path length: 44 [edges], g_F: 22, g_B: 22, generated: 0, MM: 0, MMPER: -1.0%
[00:00:00:02:646] 
---------- SM_Grids/7x7_grid_with_random_blocks_8per_4 ----------
[00:00:00:00:933] Path of length 44 found: [0, 7, 14, 21, 28, 35, 42, 43, 36, 29, 22, 15, 8, 1, 2, 9, 16, 23, 30, 37, 38, 45, 46, 39, 32, 31, 24, 25, 18, 11, 4, 5, 6, 13, 12, 19, 20, 27, 26, 33, 34, 41, 40, 47, 48]
[00:00:00:00:933] ! Unidirectional s-t. expansions: 296, time: 933 [ms], path length: 44 [edges], generated: 1,433
[00:00:00:03:168] Path of length 44 found: [48, 41, 34, 27, 20, 13, 6, 5, 4, 11, 10, 9, 2, 1, 8, 15, 16, 23, 22, 29, 30, 31, 24, 25, 18, 19, 26, 33, 32, 39, 40, 47, 46, 45, 38, 37, 36, 43, 42, 35, 28, 21, 14, 7, 0]
[00:00:00:03:169] ! Unidirectional t-s. expansions: 1,033, time: 3,168 [ms], path length: 44 [edges], generated: 5,180
[00:00:00:03:342] Path of length 44 found: [0, 7, 14, 21, 28, 35, 42, 43, 36, 29, 22, 23, 16, 15, 8, 1, 2, 9, 10, 11, 4, 5, 12, 13, 20, 19, 18, 25, 24, 31, 30, 37, 38, 45, 46, 47, 40, 39, 32, 33, 26, 27, 34, 41, 48]
[00:00:00:03:688] ! Bidirectional. expansions: 1,625, time: 3,342 [ms], path length: 44 [edges], g_F: 22, g_B: 22, generated: 0, MM: 0, MMPER: -1.0%
[00:00:00:03:688] 
---------- SM_Grids/7x7_grid_with_random_blocks_8per_5 ----------
[00:00:00:01:994] Path of length 44 found: [0, 7, 14, 21, 28, 35, 42, 43, 36, 29, 22, 15, 8, 1, 2, 9, 10, 17, 24, 23, 30, 37, 44, 45, 46, 39, 38, 31, 32, 25, 18, 11, 12, 5, 6, 13, 20, 19, 26, 27, 34, 33, 40, 41, 48]
[00:00:00:01:995] ! Unidirectional s-t. expansions: 727, time: 1,995 [ms], path length: 44 [edges], generated: 3,442
[00:00:00:08:719] Path of length 44 found: [48, 41, 34, 27, 20, 13, 6, 5, 12, 11, 18, 19, 26, 25, 32, 33, 40, 39, 46, 45, 38, 31, 30, 29, 36, 37, 44, 43, 42, 35, 28, 21, 14, 15, 22, 23, 24, 17, 10, 3, 2, 9, 8, 1, 0]
[00:00:00:08:720] ! Unidirectional t-s. expansions: 5,043, time: 8,719 [ms], path length: 44 [edges], generated: 21,435
[00:00:00:03:795] Path of length 44 found: [0, 7, 14, 21, 28, 35, 42, 43, 36, 29, 22, 15, 8, 1, 2, 9, 10, 17, 24, 23, 30, 31, 38, 37, 44, 45, 46, 39, 40, 33, 32, 25, 26, 19, 18, 11, 12, 5, 6, 13, 20, 27, 34, 41, 48]
[00:00:00:04:142] ! Bidirectional. expansions: 2,031, time: 3,795 [ms], path length: 44 [edges], g_F: 22, g_B: 22, generated: 0, MM: 0, MMPER: -1.0%
[00:00:00:04:142] 
---------- SM_Grids/7x7_grid_with_random_blocks_8per_6 ----------
[00:00:00:11:860] Path of length 44 found: [0, 1, 8, 15, 14, 21, 28, 35, 42, 43, 36, 29, 22, 23, 30, 37, 44, 45, 46, 39, 38, 31, 24, 17, 16, 9, 2, 3, 4, 11, 18, 25, 26, 19, 12, 5, 6, 13, 20, 27, 34, 33, 40, 47, 48]
[00:00:00:11:860] ! Unidirectional s-t. expansions: 6,549, time: 11,860 [ms], path length: 44 [edges], generated: 30,996
[00:00:00:05:376] Path of length 44 found: [48, 41, 34, 27, 20, 13, 6, 5, 4, 3, 2, 9, 16, 23, 22, 29, 36, 37, 30, 31, 24, 17, 18, 11, 12, 19, 26, 33, 40, 47, 46, 39, 38, 45, 44, 43, 42, 35, 28, 21, 14, 15, 8, 1, 0]
[00:00:00:05:377] ! Unidirectional t-s. expansions: 1,872, time: 5,376 [ms], path length: 44 [edges], generated: 9,841
[00:00:00:08:480] Path of length 44 found: [0, 1, 8, 15, 14, 21, 28, 35, 42, 43, 36, 29, 22, 23, 30, 31, 38, 37, 44, 45, 46, 39, 40, 33, 26, 19, 12, 11, 18, 25, 24, 17, 16, 9, 2, 3, 4, 5, 6, 13, 20, 27, 34, 41, 48]
[00:00:00:08:847] ! Bidirectional. expansions: 4,995, time: 8,480 [ms], path length: 44 [edges], g_F: 22, g_B: 22, generated: 0, MM: 0, MMPER: -1.0%
[00:00:00:08:847] 
---------- SM_Grids/7x7_grid_with_random_blocks_8per_7 ----------
[00:00:01:18:238] Valid states checked so far: 200,000, Expansions: 41,014, Global best: 43
[00:00:02:08:771] Path of length 42 found: [0, 7, 14, 21, 28, 35, 42, 43, 36, 29, 22, 15, 8, 1, 2, 9, 16, 23, 30, 37, 44, 45, 46, 39, 38, 31, 24, 17, 10, 3, 4, 5, 12, 11, 18, 19, 26, 25, 32, 33, 40, 47, 48]
[00:00:02:08:771] ! Unidirectional s-t. expansions: 67,933, time: 128,771 [ms], path length: 42 [edges], generated: 331,705
[00:00:00:24:901] Path of length 42 found: [48, 41, 40, 47, 46, 39, 32, 33, 26, 19, 12, 5, 4, 3, 2, 9, 16, 17, 10, 11, 18, 25, 24, 23, 22, 29, 36, 37, 30, 31, 38, 45, 44, 43, 42, 35, 28, 21, 14, 15, 8, 1, 0]
[00:00:00:24:901] ! Unidirectional t-s. expansions: 11,386, time: 24,901 [ms], path length: 42 [edges], generated: 63,679
[00:00:00:27:526] Path of length 42 found: [0, 7, 14, 21, 28, 35, 42, 43, 36, 29, 22, 15, 16, 23, 30, 37, 44, 45, 38, 31, 24, 17, 18, 11, 10, 9, 8, 1, 2, 3, 4, 5, 12, 19, 26, 33, 32, 39, 46, 47, 40, 41, 48]
[00:00:00:27:919] ! Bidirectional. expansions: 16,469, time: 27,526 [ms], path length: 42 [edges], g_F: 21, g_B: 21, generated: 0, MM: 0, MMPER: -1.0%
[00:00:00:27:919] 
---------- SM_Grids/7x7_grid_with_random_blocks_8per_8 ----------
[00:00:01:33:920] Valid states checked so far: 200,000, Expansions: 39,585, Global best: 43
[00:00:01:48:352] Path of length 42 found: [0, 7, 8, 1, 2, 9, 16, 15, 22, 21, 28, 35, 42, 43, 44, 37, 38, 45, 46, 39, 32, 31, 24, 17, 10, 3, 4, 11, 18, 25, 26, 19, 12, 5, 6, 13, 20, 27, 34, 33, 40, 47, 48]
[00:00:01:48:353] ! Unidirectional s-t. expansions: 46,035, time: 108,352 [ms], path length: 42 [edges], generated: 231,141
[00:00:01:37:460] Valid states checked so far: 200,000, Expansions: 43,668, Global best: 43
[00:00:03:02:166] Valid states checked so far: 400,000, Expansions: 85,145, Global best: 43
[00:00:03:15:572] Path of length 42 found: [48, 41, 34, 27, 20, 13, 6, 5, 4, 3, 2, 9, 16, 23, 24, 17, 10, 11, 12, 19, 18, 25, 26, 33, 32, 31, 38, 39, 40, 47, 46, 45, 44, 43, 42, 35, 28, 21, 22, 15, 8, 1, 0]
[00:00:03:15:573] ! Unidirectional t-s. expansions: 92,244, time: 195,572 [ms], path length: 42 [edges], generated: 434,485
[00:00:02:32:337] Path of length 42 found: [0, 7, 8, 1, 2, 9, 16, 15, 22, 21, 28, 35, 42, 43, 44, 37, 38, 45, 46, 47, 40, 33, 32, 31, 24, 25, 26, 19, 12, 11, 18, 17, 10, 3, 4, 5, 6, 13, 20, 27, 34, 41, 48]
[00:00:02:32:712] ! Bidirectional. expansions: 79,205, time: 152,337 [ms], path length: 42 [edges], g_F: 21, g_B: 21, generated: 0, MM: 0, MMPER: -1.0%
[00:00:02:32:713] 
---------- SM_Grids/7x7_grid_with_random_blocks_8per_9 ----------
[00:00:00:12:399] Path of length 44 found: [0, 7, 14, 21, 28, 35, 42, 43, 36, 29, 22, 15, 8, 1, 2, 9, 16, 23, 30, 37, 44, 45, 46, 39, 38, 31, 32, 25, 18, 17, 10, 3, 4, 11, 12, 5, 6, 13, 20, 27, 26, 33, 40, 41, 48]
[00:00:00:12:399] ! Unidirectional s-t. expansions: 5,703, time: 12,399 [ms], path length: 44 [edges], generated: 24,913
[00:00:00:02:585] Path of length 44 found: [48, 41, 34, 27, 20, 13, 6, 5, 12, 11, 4, 3, 2, 1, 8, 15, 22, 29, 36, 37, 30, 23, 16, 9, 10, 17, 18, 25, 26, 33, 40, 39, 32, 31, 38, 45, 44, 43, 42, 35, 28, 21, 14, 7, 0]
[00:00:00:02:585] ! Unidirectional t-s. expansions: 1,007, time: 2,585 [ms], path length: 44 [edges], generated: 4,611
[00:00:00:08:203] Path of length 44 found: [0, 7, 14, 21, 28, 35, 42, 43, 36, 29, 22, 15, 16, 23, 30, 31, 38, 37, 44, 45, 46, 39, 32, 33, 26, 25, 18, 17, 10, 9, 8, 1, 2, 3, 4, 11, 12, 5, 6, 13, 20, 27, 34, 41, 48]
[00:00:00:08:591] ! Bidirectional. expansions: 4,659, time: 8,203 [ms], path length: 44 [edges], g_F: 22, g_B: 22, generated: 0, MM: 0, MMPER: -1.0%

[00:00:00:08:592] average expansions: (16,286, 15,693, 14,636, 0)
[00:00:00:08:592] average time: (33,342, 33,270, 26,919, 0)
[00:00:00:08:592] XIDA: 15,693 , 33,270 (expansions , time[ms])
[00:00:00:08:592] BiXIDA: 14,636 , 26,919 (expansions , time[ms])

