------------------------------------
Thu 01 Oct 2026 16:17:46 IDT
SLURM_JOBID:		21953387
SLURM_JOB_NODELIST:	ise-cpu256-08
SLURM_SCRATCH_DIR:	/scratch/shubit/21953387
Allocated Resouces:	cpu - 2 / mem - 61440 MB / gpu - 
SLURM_GPU_INDEX:	
Running as shubit from shimony account with normal QOS
------------------------------------
Thu 01 Oct 2026 16:17:46 IDT

SLURM_JOBID:		 21953387
SLURM_JOB_NODELIST:	 ise-cpu256-08 

--------------------------
date: SM_Grids
number_of_graphs: 10
graph_type: grid
size_of_graphs: [7, 7]
heuristic: bcc_heuristic
snake: False
run_uni: True
run_bi: True
run_multi: False
solution_vertices: []
algorithms: ['XMM']
lookahead: 2
bsd: False
cube_first_dims: 4
cube_buffer_dim: None
backward_sym_generation: False
sym_coil: False
prefix_set: None

---------- SM_Grids/7x7_grid_with_random_blocks_8per_0 ----------
[00:00:00:05:971] Path of length 44 found: [0, 7, 8, 1, 2, 9, 16, 15, 22, 21, 28, 35, 42, 43, 36, 29, 30, 37, 44, 45, 46, 39, 38, 31, 32, 25, 18, 17, 10, 3, 4, 11, 12, 5, 6, 13, 20, 19, 26, 27, 34, 33, 40, 47, 48]
[00:00:00:05:971] ! Unidirectional s-t. expansions: 2,626, time: 5,971 [ms], path length: 44 [edges], generated: 14,214
[00:00:00:23:603] Expansion 10,000: state None, f=45, g=20
[00:00:00:26:584] Path of length 44 found: [48, 41, 34, 27, 20, 13, 6, 5, 4, 3, 2, 9, 16, 17, 10, 11, 12, 19, 18, 25, 26, 33, 32, 31, 30, 29, 36, 37, 38, 39, 40, 47, 46, 45, 44, 43, 42, 35, 28, 21, 22, 15, 8, 1, 0]
[00:00:00:26:585] ! Unidirectional t-s. expansions: 11,080, time: 26,584 [ms], path length: 44 [edges], generated: 51,054
[00:00:00:16:455] Path of length 44 found: [0, 7, 8, 1, 2, 9, 16, 15, 22, 21, 28, 35, 42, 43, 36, 29, 30, 31, 38, 37, 44, 45, 46, 47, 40, 33, 32, 25, 26, 19, 12, 11, 18, 17, 10, 3, 4, 5, 6, 13, 20, 27, 34, 41, 48]
[00:00:00:16:835] ! Bidirectional. expansions: 3,982, time: 16,455 [ms], path length: 44 [edges], g_F: 21, g_B: 23, generated: 7,284, MM: 2, MMPER: 3.4444444444444446%
[00:00:00:16:835] 
---------- SM_Grids/7x7_grid_with_random_blocks_8per_1 ----------
[00:00:00:33:054] Expansion 10,000: state None, f=43, g=28
[00:00:00:39:239] Path of length 42 found: [0, 7, 8, 15, 14, 21, 28, 35, 42, 43, 36, 29, 22, 23, 30, 31, 38, 39, 46, 47, 40, 33, 32, 25, 24, 17, 16, 9, 2, 3, 10, 11, 4, 5, 6, 13, 12, 19, 26, 27, 34, 41, 48]
[00:00:00:39:240] ! Unidirectional s-t. expansions: 11,617, time: 39,239 [ms], path length: 42 [edges], generated: 54,664
[00:00:00:32:431] Expansion 10,000: state None, f=43, g=22
[00:00:00:58:964] Path of length 42 found: [48, 47, 46, 39, 38, 31, 32, 33, 40, 41, 34, 27, 26, 25, 18, 19, 20, 13, 6, 5, 12, 11, 4, 3, 2, 9, 10, 17, 24, 23, 30, 29, 36, 43, 42, 35, 28, 21, 22, 15, 8, 7, 0]
[00:00:00:58:965] ! Unidirectional t-s. expansions: 18,191, time: 58,964 [ms], path length: 42 [edges], generated: 80,043
[00:00:01:01:300] Path of length 42 found: [0, 7, 14, 21, 28, 35, 42, 43, 36, 29, 22, 15, 8, 9, 2, 3, 10, 11, 4, 5, 6, 13, 20, 19, 18, 17, 24, 23, 30, 31, 38, 39, 46, 47, 40, 33, 32, 25, 26, 27, 34, 41, 48]
[00:00:01:01:642] ! Bidirectional. expansions: 13,586, time: 61,300 [ms], path length: 42 [edges], g_F: 20, g_B: 22, generated: 26,321, MM: 2, MMPER: 3.6511627906976747%
[00:00:01:01:642] 
---------- SM_Grids/7x7_grid_with_random_blocks_8per_2 ----------
[00:00:00:12:381] Path of length 44 found: [0, 7, 8, 15, 14, 21, 22, 29, 28, 35, 36, 43, 44, 45, 46, 47, 40, 33, 32, 39, 38, 37, 30, 31, 24, 23, 16, 17, 18, 11, 10, 9, 2, 3, 4, 5, 6, 13, 12, 19, 26, 27, 34, 41, 48]
[00:00:00:12:382] ! Unidirectional s-t. expansions: 3,698, time: 12,382 [ms], path length: 44 [edges], generated: 16,704
[00:00:00:24:967] Path of length 44 found: [48, 47, 46, 45, 44, 43, 36, 35, 28, 21, 22, 29, 30, 37, 38, 39, 40, 41, 34, 27, 20, 13, 6, 5, 12, 11, 4, 3, 2, 9, 10, 17, 18, 19, 26, 33, 32, 31, 24, 23, 16, 15, 8, 7, 0]
[00:00:00:24:967] ! Unidirectional t-s. expansions: 7,183, time: 24,967 [ms], path length: 44 [edges], generated: 32,817
[00:00:00:28:136] Path of length 44 found: [0, 7, 14, 21, 28, 35, 36, 43, 44, 37, 30, 29, 22, 15, 8, 9, 2, 3, 10, 11, 4, 5, 6, 13, 20, 19, 18, 17, 16, 23, 24, 31, 38, 45, 46, 47, 40, 39, 32, 33, 26, 27, 34, 41, 48]
[00:00:00:28:571] ! Bidirectional. expansions: 6,304, time: 28,136 [ms], path length: 44 [edges], g_F: 21, g_B: 23, generated: 11,762, MM: 2, MMPER: 3.4444444444444446%
[00:00:00:28:571] 
---------- SM_Grids/7x7_grid_with_random_blocks_8per_3 ----------
[00:00:00:25:032] Expansion 10,000: state None, f=45, g=28
[00:00:00:40:572] Path of length 44 found: [0, 7, 14, 21, 28, 35, 42, 43, 44, 37, 30, 29, 22, 23, 16, 9, 8, 1, 2, 3, 10, 17, 24, 31, 38, 45, 46, 39, 32, 25, 18, 11, 4, 5, 6, 13, 12, 19, 20, 27, 26, 33, 40, 47, 48]
[00:00:00:40:573] ! Unidirectional s-t. expansions: 16,242, time: 40,572 [ms], path length: 44 [edges], generated: 68,244
[00:00:00:02:275] Path of length 44 found: [48, 41, 40, 47, 46, 39, 32, 33, 26, 27, 20, 19, 18, 25, 24, 17, 10, 11, 12, 13, 6, 5, 4, 3, 2, 1, 8, 9, 16, 23, 22, 29, 30, 31, 38, 37, 44, 43, 42, 35, 28, 21, 14, 7, 0]
[00:00:00:02:276] ! Unidirectional t-s. expansions: 529, time: 2,275 [ms], path length: 44 [edges], generated: 2,883
[00:00:00:16:499] Path of length 44 found: [0, 7, 14, 21, 28, 35, 42, 43, 44, 37, 30, 29, 22, 23, 16, 9, 8, 1, 2, 3, 10, 17, 24, 25, 18, 19, 12, 11, 4, 5, 6, 13, 20, 27, 26, 33, 32, 39, 38, 45, 46, 47, 40, 41, 48]
[00:00:00:16:872] ! Bidirectional. expansions: 3,739, time: 16,499 [ms], path length: 44 [edges], g_F: 21, g_B: 23, generated: 7,106, MM: 2, MMPER: 3.4444444444444446%
[00:00:00:16:872] 
---------- SM_Grids/7x7_grid_with_random_blocks_8per_4 ----------
[00:00:00:01:067] Path of length 44 found: [0, 7, 14, 21, 22, 29, 28, 35, 42, 43, 36, 37, 38, 45, 46, 47, 40, 39, 32, 33, 26, 19, 18, 25, 24, 31, 30, 23, 16, 15, 8, 1, 2, 9, 10, 11, 4, 5, 12, 13, 20, 27, 34, 41, 48]
[00:00:00:01:068] ! Unidirectional s-t. expansions: 277, time: 1,067 [ms], path length: 44 [edges], generated: 1,331
[00:00:00:03:977] Path of length 44 found: [48, 47, 46, 45, 38, 39, 40, 41, 34, 33, 32, 31, 30, 37, 36, 43, 42, 35, 28, 29, 22, 21, 14, 7, 8, 15, 16, 23, 24, 25, 18, 19, 26, 27, 20, 13, 6, 5, 4, 11, 10, 9, 2, 1, 0]
[00:00:00:03:977] ! Unidirectional t-s. expansions: 1,014, time: 3,977 [ms], path length: 44 [edges], generated: 5,097
[00:00:00:05:833] Path of length 44 found: [0, 7, 14, 21, 28, 35, 42, 43, 36, 29, 22, 23, 16, 15, 8, 1, 2, 9, 10, 11, 4, 5, 6, 13, 20, 19, 18, 25, 24, 31, 30, 37, 38, 45, 46, 47, 40, 39, 32, 33, 26, 27, 34, 41, 48]
[00:00:00:06:250] ! Bidirectional. expansions: 1,368, time: 5,833 [ms], path length: 44 [edges], g_F: 21, g_B: 23, generated: 2,456, MM: 2, MMPER: 3.4444444444444446%
[00:00:00:06:250] 
---------- SM_Grids/7x7_grid_with_random_blocks_8per_5 ----------
[00:00:00:02:830] Path of length 44 found: [0, 1, 2, 3, 10, 9, 8, 7, 14, 15, 22, 21, 28, 29, 36, 35, 42, 43, 44, 45, 46, 39, 40, 33, 26, 25, 32, 31, 38, 37, 30, 23, 24, 17, 18, 11, 12, 5, 6, 13, 20, 27, 34, 41, 48]
[00:00:00:02:831] ! Unidirectional s-t. expansions: 708, time: 2,831 [ms], path length: 44 [edges], generated: 3,334
[00:00:00:13:875] Path of length 44 found: [48, 41, 34, 27, 20, 13, 6, 5, 12, 11, 18, 19, 26, 25, 32, 33, 40, 39, 46, 45, 38, 31, 30, 29, 36, 37, 44, 43, 42, 35, 28, 21, 14, 15, 22, 23, 24, 17, 10, 3, 2, 9, 8, 1, 0]
[00:00:00:13:876] ! Unidirectional t-s. expansions: 5,036, time: 13,875 [ms], path length: 44 [edges], generated: 21,398
[00:00:00:09:754] Path of length 44 found: [0, 7, 14, 21, 28, 35, 42, 43, 44, 45, 46, 39, 32, 31, 38, 37, 36, 29, 30, 23, 22, 15, 8, 9, 2, 3, 10, 17, 24, 25, 26, 19, 18, 11, 12, 5, 6, 13, 20, 27, 34, 33, 40, 41, 48]
[00:00:00:10:169] ! Bidirectional. expansions: 2,456, time: 9,754 [ms], path length: 44 [edges], g_F: 21, g_B: 23, generated: 4,443, MM: 2, MMPER: 3.4444444444444446%
[00:00:00:10:169] 
---------- SM_Grids/7x7_grid_with_random_blocks_8per_6 ----------
[00:00:00:18:333] Path of length 44 found: [0, 1, 8, 15, 14, 21, 28, 35, 42, 43, 36, 29, 22, 23, 30, 37, 44, 45, 46, 39, 38, 31, 24, 17, 16, 9, 2, 3, 4, 11, 18, 25, 26, 19, 12, 5, 6, 13, 20, 27, 34, 33, 40, 47, 48]
[00:00:00:18:333] ! Unidirectional s-t. expansions: 6,532, time: 18,333 [ms], path length: 44 [edges], generated: 30,912
[00:00:00:07:649] Path of length 44 found: [48, 41, 34, 27, 20, 13, 6, 5, 12, 19, 26, 33, 40, 47, 46, 39, 38, 45, 44, 43, 42, 35, 28, 21, 14, 15, 8, 9, 16, 23, 22, 29, 36, 37, 30, 31, 24, 17, 18, 11, 4, 3, 2, 1, 0]
[00:00:00:07:649] ! Unidirectional t-s. expansions: 1,853, time: 7,649 [ms], path length: 44 [edges], generated: 9,742
[00:00:00:13:398] Path of length 44 found: [0, 1, 8, 15, 14, 21, 28, 35, 42, 43, 36, 29, 22, 23, 16, 9, 2, 3, 4, 11, 18, 17, 24, 31, 30, 37, 44, 45, 38, 39, 46, 47, 40, 33, 26, 19, 12, 5, 6, 13, 20, 27, 34, 41, 48]
[00:00:00:13:829] ! Bidirectional. expansions: 3,182, time: 13,398 [ms], path length: 44 [edges], g_F: 21, g_B: 23, generated: 5,759, MM: 2, MMPER: 3.4444444444444446%
[00:00:00:13:829] 
---------- SM_Grids/7x7_grid_with_random_blocks_8per_7 ----------
[00:00:00:29:731] Expansion 10,000: state None, f=43, g=28
[00:00:00:58:859] Expansion 20,000: state None, f=43, g=22
[00:00:01:27:778] Expansion 30,000: state None, f=43, g=38
[00:00:01:55:105] Expansion 40,000: state None, f=43, g=40
[00:00:02:24:988] Expansion 50,000: state None, f=43, g=30
[00:00:02:53:169] Expansion 60,000: state None, f=43, g=32
[00:00:03:15:384] Path of length 42 found: [0, 7, 14, 21, 28, 35, 42, 43, 36, 29, 22, 15, 8, 1, 2, 9, 16, 23, 30, 37, 44, 45, 46, 39, 38, 31, 24, 17, 10, 3, 4, 5, 12, 11, 18, 19, 26, 25, 32, 33, 40, 47, 48]
[00:00:03:15:385] ! Unidirectional s-t. expansions: 67,913, time: 195,384 [ms], path length: 42 [edges], generated: 331,585
[00:00:00:33:287] Expansion 10,000: state None, f=43, g=30
[00:00:00:38:025] Path of length 42 found: [48, 41, 40, 47, 46, 39, 32, 33, 26, 19, 12, 5, 4, 3, 2, 9, 16, 17, 10, 11, 18, 25, 24, 23, 22, 29, 36, 37, 30, 31, 38, 45, 44, 43, 42, 35, 28, 21, 14, 15, 8, 1, 0]
[00:00:00:38:025] ! Unidirectional t-s. expansions: 11,378, time: 38,025 [ms], path length: 42 [edges], generated: 63,625
[00:00:01:21:404] Path of length 42 found: [0, 7, 14, 21, 28, 35, 42, 43, 36, 29, 22, 15, 8, 1, 2, 9, 16, 23, 30, 31, 24, 25, 18, 11, 10, 3, 4, 5, 12, 19, 26, 33, 32, 39, 38, 37, 44, 45, 46, 47, 40, 41, 48]
[00:00:01:21:828] ! Bidirectional. expansions: 16,717, time: 81,405 [ms], path length: 42 [edges], g_F: 20, g_B: 22, generated: 33,601, MM: 2, MMPER: 3.6511627906976747%
[00:00:01:21:829] 
---------- SM_Grids/7x7_grid_with_random_blocks_8per_8 ----------
[00:00:00:36:779] Expansion 10,000: state None, f=43, g=22
[00:00:01:18:618] Expansion 20,000: state None, f=43, g=18
[00:00:01:29:009] Path of length 42 found: [0, 7, 8, 1, 2, 9, 10, 3, 4, 5, 6, 13, 20, 19, 12, 11, 18, 17, 24, 23, 16, 15, 22, 21, 28, 35, 42, 43, 44, 37, 38, 45, 46, 39, 32, 25, 26, 27, 34, 33, 40, 47, 48]
[00:00:01:29:010] ! Unidirectional s-t. expansions: 22,394, time: 89,009 [ms], path length: 42 [edges], generated: 120,877
[00:00:00:39:643] Expansion 10,000: state None, f=43, g=40
[00:00:01:09:900] Expansion 20,000: state None, f=43, g=20
[00:00:01:41:921] Expansion 30,000: state None, f=43, g=26
[00:00:02:15:963] Expansion 40,000: state None, f=43, g=12
[00:00:02:34:471] Path of length 42 found: [48, 47, 46, 39, 40, 41, 34, 33, 32, 25, 26, 27, 20, 19, 18, 17, 10, 11, 12, 13, 6, 5, 4, 3, 2, 9, 16, 23, 24, 31, 38, 37, 44, 43, 42, 35, 28, 21, 22, 15, 8, 1, 0]
[00:00:02:34:472] ! Unidirectional t-s. expansions: 44,096, time: 154,471 [ms], path length: 42 [edges], generated: 220,851
[00:00:01:28:177] Expansion 20,000: f=43, g=21
[00:00:02:55:331] Expansion 40,000: f=43, g=17
[00:00:03:36:773] Path of length 42 found: [0, 7, 8, 1, 2, 9, 10, 3, 4, 11, 18, 25, 26, 19, 12, 5, 6, 13, 20, 27, 34, 33, 40, 39, 32, 31, 24, 23, 16, 15, 22, 21, 28, 35, 42, 43, 44, 37, 38, 45, 46, 47, 48]
[00:00:03:37:195] ! Bidirectional. expansions: 46,679, time: 216,773 [ms], path length: 42 [edges], g_F: 22, g_B: 20, generated: 91,813, MM: 2, MMPER: 3.6511627906976747%
[00:00:03:37:196] 
---------- SM_Grids/7x7_grid_with_random_blocks_8per_9 ----------
[00:00:00:17:942] Path of length 44 found: [0, 1, 2, 3, 4, 11, 12, 5, 6, 13, 20, 27, 26, 25, 18, 17, 10, 9, 16, 23, 30, 31, 38, 37, 36, 29, 22, 15, 8, 7, 14, 21, 28, 35, 42, 43, 44, 45, 46, 39, 32, 33, 40, 41, 48]
[00:00:00:17:943] ! Unidirectional s-t. expansions: 5,682, time: 17,942 [ms], path length: 44 [edges], generated: 24,809
[00:00:00:03:643] Path of length 44 found: [48, 41, 40, 39, 46, 45, 44, 43, 42, 35, 36, 29, 28, 21, 22, 15, 14, 7, 8, 9, 16, 23, 30, 37, 38, 31, 32, 25, 26, 33, 34, 27, 20, 13, 6, 5, 12, 11, 18, 17, 10, 3, 2, 1, 0]
[00:00:00:03:644] ! Unidirectional t-s. expansions: 988, time: 3,643 [ms], path length: 44 [edges], generated: 4,523
[00:00:00:15:243] Path of length 44 found: [0, 7, 14, 21, 28, 35, 42, 43, 36, 29, 22, 15, 16, 23, 30, 37, 44, 45, 46, 39, 38, 31, 32, 33, 26, 25, 18, 17, 10, 9, 8, 1, 2, 3, 4, 11, 12, 5, 6, 13, 20, 27, 34, 41, 48]
[00:00:00:15:584] ! Bidirectional. expansions: 3,978, time: 15,243 [ms], path length: 44 [edges], g_F: 22, g_B: 22, generated: 7,067, MM: 0, MMPER: -1.0%

[00:00:00:15:584] average expansions: (13,769, 10,135, 10,199, 0)
[00:00:00:15:584] average time: (42,273, 33,443, 46,480, 0)
[00:00:00:15:585] XA*: 10,135 , 33,443 (expansions , time[ms])
[00:00:00:15:585] XMM: 10,199 , 46,480 (expansions , time[ms])

