------------------------------------
Thu 01 Oct 2026 13:50:02 IDT
SLURM_JOBID:		21947751
SLURM_JOB_NODELIST:	ise-cpu256-01
SLURM_SCRATCH_DIR:	/scratch/shubit/21947751
Allocated Resouces:	cpu - 2 / mem - 61440 MB / gpu - 
SLURM_GPU_INDEX:	
Running as shubit from shimony account with normal QOS
------------------------------------
Thu 01 Oct 2026 13:50:02 IDT

SLURM_JOBID:		 21947751
SLURM_JOB_NODELIST:	 ise-cpu256-01 

--------------------------
date: SM_Grids
number_of_graphs: 10
graph_type: grid
size_of_graphs: [7, 7]
heuristic: bcc_heuristic
snake: False
run_uni: True
run_bi: True
run_multi: False
solution_vertices: []
algorithms: ['DFBnB']
lookahead: -2
bsd: False
cube_first_dims: 4
cube_buffer_dim: None
backward_sym_generation: False
sym_coil: False
prefix_set: None

---------- SM_Grids/7x7_grid_with_random_blocks_16per_0 ----------
[00:00:00:00:045] Path of length 34 found: [0, 1, 8, 7, 14, 21, 22, 29, 28, 35, 42, 43, 36, 37, 30, 31, 24, 17, 18, 25, 32, 39, 38, 45, 46, 47, 40, 33, 26, 19, 20, 27, 34, 41, 48]
[00:00:00:00:045] ! Unidirectional s-t. expansions: 34, time: 45 [ms], path length: 34 [edges], generated: 59
[00:00:00:01:890] Path of length 34 found: [48, 41, 34, 27, 20, 19, 18, 17, 24, 31, 30, 29, 36, 37, 38, 39, 32, 25, 26, 33, 40, 47, 46, 45, 44, 43, 42, 35, 28, 21, 14, 7, 8, 1, 0]
[00:00:00:01:890] ! Unidirectional t-s. expansions: 1,530, time: 1,890 [ms], path length: 34 [edges], generated: 2,632
[00:00:00:00:193] Path of length 34 found: [0, 1, 8, 7, 14, 21, 22, 29, 28, 35, 42, 43, 36, 37, 30, 31, 38, 45, 46, 47, 40, 39, 32, 33, 26, 25, 24, 17, 18, 19, 20, 27, 34, 41, 48]
[00:00:00:01:039] ! Bidirectional. expansions: 115, time: 193 [ms], path length: 34 [edges], g_F: 27, g_B: 7, generated: 0, MM: 20, MMPER: 56.142857142857146%
[00:00:00:01:039] 
---------- SM_Grids/7x7_grid_with_random_blocks_16per_1 ----------
[00:00:00:00:280] Path of length 40 found: [0, 1, 2, 3, 4, 5, 12, 13, 20, 27, 26, 19, 18, 11, 10, 9, 16, 15, 22, 21, 28, 35, 42, 43, 36, 29, 30, 37, 44, 45, 38, 31, 24, 25, 32, 39, 46, 47, 40, 41, 48]
[00:00:00:00:281] ! Unidirectional s-t. expansions: 180, time: 280 [ms], path length: 40 [edges], generated: 307
[00:00:00:00:060] Path of length 40 found: [48, 41, 40, 47, 46, 39, 32, 25, 24, 31, 30, 29, 36, 37, 38, 45, 44, 43, 42, 35, 28, 21, 22, 15, 16, 9, 10, 11, 18, 19, 26, 27, 20, 13, 12, 5, 4, 3, 2, 1, 0]
[00:00:00:00:061] ! Unidirectional t-s. expansions: 40, time: 60 [ms], path length: 40 [edges], generated: 60
[00:00:00:00:573] Path of length 40 found: [0, 1, 2, 3, 4, 5, 12, 13, 20, 27, 26, 19, 18, 11, 10, 9, 16, 15, 22, 21, 28, 35, 42, 43, 36, 29, 30, 37, 44, 45, 38, 31, 24, 25, 32, 39, 46, 47, 40, 41, 48]
[00:00:00:00:936] ! Bidirectional. expansions: 409, time: 573 [ms], path length: 40 [edges], g_F: 33, g_B: 7, generated: 0, MM: 26, MMPER: 62.41463414634146%
[00:00:00:00:936] 
---------- SM_Grids/7x7_grid_with_random_blocks_16per_2 ----------
[00:00:00:00:870] Path of length 38 found: [0, 7, 8, 1, 2, 9, 16, 23, 22, 29, 28, 35, 36, 43, 44, 45, 38, 37, 30, 31, 32, 25, 18, 17, 10, 3, 4, 5, 6, 13, 12, 19, 26, 27, 34, 33, 40, 47, 48]
[00:00:00:00:870] ! Unidirectional s-t. expansions: 581, time: 870 [ms], path length: 38 [edges], generated: 964
[00:00:00:00:374] Path of length 38 found: [48, 47, 40, 33, 34, 27, 26, 19, 12, 13, 6, 5, 4, 3, 10, 11, 18, 25, 32, 31, 30, 37, 38, 45, 44, 43, 36, 35, 28, 29, 22, 23, 16, 9, 2, 1, 8, 7, 0]
[00:00:00:00:374] ! Unidirectional t-s. expansions: 275, time: 374 [ms], path length: 38 [edges], generated: 450
[00:00:00:00:440] Path of length 38 found: [0, 7, 8, 1, 2, 9, 16, 23, 22, 29, 28, 35, 36, 43, 44, 45, 38, 37, 30, 31, 32, 25, 18, 17, 10, 3, 4, 5, 6, 13, 12, 19, 26, 27, 34, 33, 40, 47, 48]
[00:00:00:00:812] ! Bidirectional. expansions: 267, time: 440 [ms], path length: 38 [edges], g_F: 35, g_B: 3, generated: 0, MM: 32, MMPER: 81.05128205128206%
[00:00:00:00:812] 
---------- SM_Grids/7x7_grid_with_random_blocks_16per_3 ----------
[00:00:00:00:594] Path of length 38 found: [0, 7, 14, 21, 28, 35, 42, 43, 36, 37, 30, 29, 22, 15, 8, 1, 2, 3, 4, 11, 12, 19, 18, 17, 16, 23, 24, 31, 32, 25, 26, 27, 34, 33, 40, 39, 46, 47, 48]
[00:00:00:00:595] ! Unidirectional s-t. expansions: 424, time: 595 [ms], path length: 38 [edges], generated: 696
[00:00:00:00:416] Path of length 38 found: [48, 41, 34, 27, 26, 33, 40, 47, 46, 39, 32, 25, 18, 19, 12, 11, 4, 3, 2, 1, 8, 15, 22, 23, 16, 17, 24, 31, 30, 37, 36, 43, 42, 35, 28, 21, 14, 7, 0]
[00:00:00:00:416] ! Unidirectional t-s. expansions: 292, time: 416 [ms], path length: 38 [edges], generated: 508
[00:00:00:01:510] Path of length 38 found: [0, 7, 14, 21, 28, 35, 42, 43, 36, 37, 30, 29, 22, 15, 8, 1, 2, 3, 4, 11, 12, 19, 18, 17, 16, 23, 24, 31, 32, 39, 46, 47, 40, 33, 26, 27, 34, 41, 48]
[00:00:00:01:879] ! Bidirectional. expansions: 1,080, time: 1,510 [ms], path length: 38 [edges], g_F: 34, g_B: 4, generated: 0, MM: 30, MMPER: 75.92307692307692%
[00:00:00:01:879] 
---------- SM_Grids/7x7_grid_with_random_blocks_16per_4 ----------
[00:00:00:00:797] Path of length 38 found: [0, 7, 14, 21, 28, 35, 42, 43, 44, 45, 38, 31, 30, 29, 22, 23, 16, 9, 8, 1, 2, 3, 10, 11, 18, 25, 26, 19, 12, 5, 6, 13, 20, 27, 34, 33, 40, 47, 48]
[00:00:00:00:797] ! Unidirectional s-t. expansions: 686, time: 797 [ms], path length: 38 [edges], generated: 1,043
[00:00:00:00:660] Path of length 38 found: [48, 41, 34, 27, 20, 13, 6, 5, 12, 11, 18, 25, 26, 33, 40, 47, 46, 45, 38, 31, 30, 23, 22, 29, 36, 43, 42, 35, 28, 21, 14, 7, 8, 9, 10, 3, 2, 1, 0]
[00:00:00:00:661] ! Unidirectional t-s. expansions: 560, time: 660 [ms], path length: 38 [edges], generated: 878
[00:00:00:01:640] Path of length 38 found: [0, 7, 14, 21, 28, 35, 42, 43, 44, 45, 38, 31, 30, 29, 22, 23, 16, 9, 8, 1, 2, 3, 10, 11, 18, 19, 12, 5, 6, 13, 20, 27, 26, 33, 34, 41, 40, 47, 48]
[00:00:00:02:002] ! Bidirectional. expansions: 1,170, time: 1,640 [ms], path length: 38 [edges], g_F: 32, g_B: 6, generated: 0, MM: 26, MMPER: 65.66666666666667%
[00:00:00:02:003] 
---------- SM_Grids/7x7_grid_with_random_blocks_16per_5 ----------
[00:00:00:00:059] Path of length 38 found: [0, 7, 14, 21, 28, 29, 22, 15, 8, 1, 2, 9, 16, 23, 30, 37, 38, 31, 24, 17, 18, 11, 4, 5, 6, 13, 12, 19, 20, 27, 26, 25, 32, 39, 40, 33, 34, 41, 48]
[00:00:00:00:059] ! Unidirectional s-t. expansions: 38, time: 59 [ms], path length: 38 [edges], generated: 64
[00:00:00:00:058] Path of length 38 found: [48, 41, 34, 27, 20, 13, 6, 5, 4, 11, 12, 19, 18, 17, 16, 9, 2, 1, 8, 15, 22, 23, 24, 31, 32, 25, 26, 33, 40, 39, 38, 37, 30, 29, 28, 21, 14, 7, 0]
[00:00:00:00:058] ! Unidirectional t-s. expansions: 38, time: 58 [ms], path length: 38 [edges], generated: 64
[00:00:00:00:060] Path of length 38 found: [0, 7, 14, 21, 28, 29, 22, 15, 8, 1, 2, 9, 16, 23, 30, 37, 38, 31, 24, 17, 18, 25, 32, 39, 40, 33, 26, 19, 12, 11, 4, 5, 6, 13, 20, 27, 34, 41, 48]
[00:00:00:00:423] ! Bidirectional. expansions: 37, time: 60 [ms], path length: 38 [edges], g_F: 23, g_B: 15, generated: 0, MM: 8, MMPER: 19.512820512820515%
[00:00:00:00:423] 
---------- SM_Grids/7x7_grid_with_random_blocks_16per_6 ----------
[00:00:00:00:052] Path of length 36 found: [0, 1, 8, 15, 22, 23, 16, 9, 2, 3, 10, 17, 24, 31, 30, 37, 44, 45, 46, 39, 32, 25, 18, 11, 4, 5, 6, 13, 12, 19, 20, 27, 26, 33, 34, 41, 48]
[00:00:00:00:053] ! Unidirectional s-t. expansions: 36, time: 52 [ms], path length: 36 [edges], generated: 58
[00:00:00:00:054] Path of length 36 found: [48, 41, 34, 27, 20, 13, 6, 5, 4, 3, 2, 9, 16, 17, 10, 11, 12, 19, 18, 25, 26, 33, 32, 39, 46, 45, 44, 37, 30, 31, 24, 23, 22, 15, 8, 1, 0]
[00:00:00:00:054] ! Unidirectional t-s. expansions: 36, time: 54 [ms], path length: 36 [edges], generated: 58
[00:00:00:00:058] Path of length 36 found: [0, 1, 8, 15, 22, 23, 16, 17, 24, 31, 30, 37, 44, 45, 46, 39, 32, 33, 26, 25, 18, 19, 12, 11, 10, 9, 2, 3, 4, 5, 6, 13, 20, 27, 34, 41, 48]
[00:00:00:00:430] ! Bidirectional. expansions: 35, time: 58 [ms], path length: 36 [edges], g_F: 25, g_B: 11, generated: 0, MM: 14, MMPER: 36.83783783783784%
[00:00:00:00:430] 
---------- SM_Grids/7x7_grid_with_random_blocks_16per_7 ----------
[00:00:00:00:917] Path of length 38 found: [0, 7, 14, 21, 28, 35, 42, 43, 36, 37, 30, 31, 24, 17, 16, 15, 8, 1, 2, 3, 10, 11, 4, 5, 6, 13, 12, 19, 18, 25, 26, 27, 34, 33, 40, 39, 46, 47, 48]
[00:00:00:00:918] ! Unidirectional s-t. expansions: 580, time: 918 [ms], path length: 38 [edges], generated: 969
[00:00:00:00:906] Path of length 38 found: [48, 47, 46, 39, 40, 33, 34, 27, 20, 13, 6, 5, 4, 3, 2, 1, 8, 15, 16, 17, 10, 11, 12, 19, 18, 25, 24, 31, 30, 37, 36, 43, 42, 35, 28, 21, 14, 7, 0]
[00:00:00:00:907] ! Unidirectional t-s. expansions: 685, time: 907 [ms], path length: 38 [edges], generated: 1,149
[00:00:00:01:120] Path of length 38 found: [0, 7, 14, 21, 28, 35, 42, 43, 36, 37, 30, 31, 24, 17, 16, 15, 8, 1, 2, 3, 4, 11, 18, 25, 26, 19, 12, 5, 6, 13, 20, 27, 34, 33, 40, 39, 46, 47, 48]
[00:00:00:01:534] ! Bidirectional. expansions: 872, time: 1,120 [ms], path length: 38 [edges], g_F: 15, g_B: 23, generated: 0, MM: 8, MMPER: 19.512820512820515%
[00:00:00:01:534] 
---------- SM_Grids/7x7_grid_with_random_blocks_16per_8 ----------
[00:00:00:05:503] Path of length 38 found: [0, 1, 8, 15, 22, 21, 28, 35, 42, 43, 44, 37, 36, 29, 30, 31, 24, 17, 16, 9, 2, 3, 10, 11, 4, 5, 6, 13, 12, 19, 18, 25, 26, 27, 34, 33, 40, 47, 48]
[00:00:00:05:503] ! Unidirectional s-t. expansions: 4,388, time: 5,503 [ms], path length: 38 [edges], generated: 7,244
[00:00:00:03:912] Path of length 38 found: [48, 47, 40, 33, 34, 27, 20, 13, 6, 5, 4, 3, 2, 9, 16, 17, 10, 11, 12, 19, 18, 25, 24, 31, 30, 29, 36, 37, 44, 43, 42, 35, 28, 21, 22, 15, 8, 1, 0]
[00:00:00:03:913] ! Unidirectional t-s. expansions: 3,200, time: 3,913 [ms], path length: 38 [edges], generated: 5,280
[00:00:00:04:902] Path of length 38 found: [0, 1, 8, 15, 22, 21, 28, 35, 42, 43, 44, 37, 36, 29, 30, 31, 24, 17, 16, 9, 2, 3, 10, 11, 4, 5, 6, 13, 12, 19, 18, 25, 26, 27, 34, 33, 40, 47, 48]
[00:00:00:05:255] ! Bidirectional. expansions: 4,425, time: 4,902 [ms], path length: 38 [edges], g_F: 35, g_B: 3, generated: 0, MM: 32, MMPER: 81.05128205128206%
[00:00:00:05:255] 
---------- SM_Grids/7x7_grid_with_random_blocks_16per_9 ----------
[00:00:00:04:574] Path of length 36 found: [0, 7, 8, 1, 2, 3, 10, 9, 16, 15, 22, 21, 28, 29, 36, 35, 42, 43, 44, 45, 46, 39, 32, 31, 24, 17, 18, 25, 26, 19, 20, 27, 34, 33, 40, 47, 48]
[00:00:00:04:575] ! Unidirectional s-t. expansions: 3,625, time: 4,574 [ms], path length: 36 [edges], generated: 6,176
[00:00:00:06:245] Path of length 36 found: [48, 41, 34, 27, 20, 19, 18, 17, 10, 3, 2, 9, 16, 23, 24, 31, 32, 25, 26, 33, 40, 39, 46, 45, 44, 37, 36, 43, 42, 35, 28, 21, 22, 15, 8, 1, 0]
[00:00:00:06:246] ! Unidirectional t-s. expansions: 5,301, time: 6,246 [ms], path length: 36 [edges], generated: 8,944
[00:00:00:07:668] Path of length 36 found: [0, 7, 8, 1, 2, 3, 10, 9, 16, 15, 22, 21, 28, 29, 36, 35, 42, 43, 44, 45, 46, 47, 40, 39, 32, 31, 24, 17, 18, 25, 26, 19, 20, 27, 34, 41, 48]
[00:00:00:08:020] ! Bidirectional. expansions: 5,568, time: 7,668 [ms], path length: 36 [edges], g_F: 31, g_B: 5, generated: 0, MM: 26, MMPER: 69.27027027027027%

[00:00:00:08:021] average expansions: (1,057, 1,196, 1,398, 0)
[00:00:00:08:021] average time: (1,369, 1,458, 1,816, 0)
[00:00:00:08:021] XDFBnB: 1,057 , 1,369 (expansions , time[ms])
[00:00:00:08:021] BiXDFBnB: 1,398 , 1,816 (expansions , time[ms])

