------------------------------------
Thu 01 Oct 2026 12:15:11 IDT
SLURM_JOBID:		21944128
SLURM_JOB_NODELIST:	ise-cpu256-14
SLURM_SCRATCH_DIR:	/scratch/shubit/21944128
Allocated Resouces:	cpu - 2 / mem - 61440 MB / gpu - 
SLURM_GPU_INDEX:	
Running as shubit from shimony account with normal QOS
------------------------------------
Thu 01 Oct 2026 12:15:11 IDT

SLURM_JOBID:		 21944128
SLURM_JOB_NODELIST:	 ise-cpu256-14 

--------------------------
date: SM_Grids
number_of_graphs: 10
graph_type: grid
size_of_graphs: [7, 8]
heuristic: bcc_heuristic
snake: False
run_uni: True
run_bi: True
run_multi: False
solution_vertices: []
algorithms: ['IDA']
lookahead: 3
bsd: False
cube_first_dims: 4
cube_buffer_dim: None
backward_sym_generation: False
sym_coil: False
prefix_set: None

---------- SM_Grids/7x8_grid_with_random_blocks_20per_0 ----------
[00:00:00:00:223] Path of length 29 found: [0, 1, 9, 8, 16, 17, 25, 26, 18, 19, 11, 3, 4, 12, 20, 21, 13, 5, 6, 14, 15, 23, 22, 30, 38, 37, 45, 46, 47, 55]
[00:00:00:00:223] ! Unidirectional s-t. expansions: 39, time: 223 [ms], path length: 29 [edges], generated: 418
[00:00:00:00:107] Path of length 29 found: [55, 47, 46, 45, 37, 38, 30, 22, 23, 15, 7, 6, 14, 13, 5, 4, 3, 11, 12, 20, 19, 18, 26, 25, 17, 16, 8, 9, 1, 0]
[00:00:00:00:107] ! Unidirectional t-s. expansions: 20, time: 107 [ms], path length: 29 [edges], generated: 188
[00:00:00:00:666] Path of length 29 found: [0, 1, 9, 8, 16, 17, 25, 26, 18, 19, 11, 3, 4, 12, 20, 21, 13, 5, 6, 14, 15, 23, 22, 30, 38, 37, 45, 46, 47, 55]
[00:00:00:01:068] ! Bidirectional. expansions: 56, time: 666 [ms], path length: 29 [edges], g_F: 19, g_B: 10, generated: 0, MM: 9, MMPER: 29.0%
[00:00:00:01:068] 
---------- SM_Grids/7x8_grid_with_random_blocks_20per_1 ----------
[00:00:00:00:668] Path of length 39 found: [0, 8, 16, 24, 32, 40, 41, 42, 34, 26, 18, 17, 9, 10, 2, 3, 11, 12, 4, 5, 13, 14, 22, 21, 20, 28, 27, 35, 43, 44, 36, 37, 29, 30, 31, 39, 38, 46, 54, 55]
[00:00:00:00:668] ! Unidirectional s-t. expansions: 119, time: 668 [ms], path length: 39 [edges], generated: 1,271
[00:00:00:00:990] Path of length 39 found: [55, 54, 46, 38, 39, 31, 30, 22, 14, 13, 5, 4, 3, 2, 10, 11, 12, 20, 21, 29, 28, 27, 26, 34, 35, 36, 37, 45, 44, 43, 42, 41, 40, 32, 24, 16, 17, 9, 8, 0]
[00:00:00:00:990] ! Unidirectional t-s. expansions: 179, time: 990 [ms], path length: 39 [edges], generated: 1,842
[00:00:00:01:931] Path of length 39 found: [0, 8, 9, 10, 2, 3, 11, 12, 4, 5, 13, 14, 22, 30, 31, 39, 38, 37, 29, 21, 20, 28, 27, 35, 34, 26, 18, 17, 16, 24, 32, 40, 41, 42, 43, 44, 45, 46, 54, 55]
[00:00:00:02:303] ! Bidirectional. expansions: 184, time: 1,931 [ms], path length: 39 [edges], g_F: 22, g_B: 17, generated: 0, MM: 5, MMPER: 11.5%
[00:00:00:02:303] 
---------- SM_Grids/7x8_grid_with_random_blocks_20per_2 ----------
[00:00:00:00:068] Path of length 31 found: [0, 1, 9, 17, 16, 24, 32, 40, 48, 49, 41, 33, 25, 26, 18, 10, 2, 3, 11, 19, 27, 28, 36, 35, 34, 42, 43, 44, 45, 53, 54, 55]
[00:00:00:00:068] ! Unidirectional s-t. expansions: 10, time: 68 [ms], path length: 31 [edges], generated: 95
[00:00:00:00:054] Path of length 31 found: [55, 54, 53, 45, 44, 36, 28, 27, 19, 11, 3, 2, 10, 18, 26, 25, 33, 34, 35, 43, 42, 41, 49, 48, 40, 32, 24, 16, 17, 9, 1, 0]
[00:00:00:00:054] ! Unidirectional t-s. expansions: 10, time: 54 [ms], path length: 31 [edges], generated: 92
[00:00:00:00:087] Path of length 31 found: [0, 1, 9, 17, 16, 24, 32, 40, 48, 49, 41, 42, 43, 35, 34, 33, 25, 26, 18, 10, 2, 3, 11, 19, 27, 28, 36, 44, 45, 53, 54, 55]
[00:00:00:00:466] ! Bidirectional. expansions: 10, time: 87 [ms], path length: 31 [edges], g_F: 19, g_B: 12, generated: 0, MM: 7, MMPER: 20.875%
[00:00:00:00:467] 
---------- SM_Grids/7x8_grid_with_random_blocks_20per_3 ----------
[00:00:00:00:092] Path of length 35 found: [0, 1, 9, 8, 16, 24, 32, 33, 25, 17, 18, 10, 11, 19, 20, 12, 4, 5, 13, 21, 29, 37, 45, 46, 38, 30, 22, 14, 6, 7, 15, 23, 31, 39, 47, 55]
[00:00:00:00:092] ! Unidirectional s-t. expansions: 15, time: 92 [ms], path length: 35 [edges], generated: 150
[00:00:00:00:949] Path of length 35 found: [55, 47, 39, 31, 23, 15, 7, 6, 5, 4, 12, 13, 14, 22, 30, 38, 46, 45, 37, 29, 21, 20, 19, 11, 10, 18, 26, 25, 33, 32, 24, 16, 17, 9, 1, 0]
[00:00:00:00:950] ! Unidirectional t-s. expansions: 207, time: 949 [ms], path length: 35 [edges], generated: 2,043
[00:00:00:00:450] Path of length 35 found: [0, 1, 9, 8, 16, 24, 32, 33, 25, 17, 18, 10, 11, 19, 20, 21, 29, 37, 45, 46, 38, 30, 22, 14, 13, 12, 4, 5, 6, 7, 15, 23, 31, 39, 47, 55]
[00:00:00:00:825] ! Bidirectional. expansions: 33, time: 450 [ms], path length: 35 [edges], g_F: 19, g_B: 16, generated: 0, MM: 3, MMPER: 7.333333333333334%
[00:00:00:00:826] 
---------- SM_Grids/7x8_grid_with_random_blocks_20per_4 ----------
[00:00:00:00:589] Path of length 35 found: [0, 8, 16, 17, 25, 26, 34, 35, 27, 19, 18, 10, 9, 1, 2, 3, 4, 12, 20, 28, 29, 37, 38, 30, 22, 21, 13, 5, 6, 14, 15, 23, 31, 39, 47, 55]
[00:00:00:00:589] ! Unidirectional s-t. expansions: 119, time: 589 [ms], path length: 35 [edges], generated: 1,238
[00:00:00:00:099] Path of length 35 found: [55, 47, 46, 38, 37, 29, 21, 22, 30, 31, 23, 15, 14, 6, 5, 13, 12, 4, 3, 2, 1, 9, 10, 18, 19, 20, 28, 27, 35, 34, 26, 25, 17, 16, 8, 0]
[00:00:00:00:099] ! Unidirectional t-s. expansions: 14, time: 99 [ms], path length: 35 [edges], generated: 156
[00:00:00:00:338] Path of length 35 found: [0, 8, 16, 17, 25, 26, 34, 35, 27, 28, 20, 19, 18, 10, 9, 1, 2, 3, 4, 12, 13, 5, 6, 14, 15, 23, 31, 30, 22, 21, 29, 37, 38, 46, 47, 55]
[00:00:00:00:713] ! Bidirectional. expansions: 23, time: 338 [ms], path length: 35 [edges], g_F: 20, g_B: 15, generated: 0, MM: 5, MMPER: 12.88888888888889%
[00:00:00:00:713] 
---------- SM_Grids/7x8_grid_with_random_blocks_20per_5 ----------
[00:00:00:01:133] Path of length 37 found: [0, 1, 9, 17, 25, 26, 18, 10, 2, 3, 4, 5, 6, 7, 15, 23, 31, 30, 22, 14, 13, 12, 20, 28, 27, 35, 34, 42, 41, 49, 50, 51, 43, 44, 45, 46, 47, 55]
[00:00:00:01:133] ! Unidirectional s-t. expansions: 172, time: 1,133 [ms], path length: 37 [edges], generated: 1,804
[00:00:00:00:321] Path of length 37 found: [55, 47, 39, 31, 30, 22, 23, 15, 7, 6, 14, 13, 5, 4, 3, 11, 12, 20, 28, 27, 35, 43, 44, 52, 51, 50, 49, 41, 42, 34, 26, 25, 17, 18, 10, 2, 1, 0]
[00:00:00:00:321] ! Unidirectional t-s. expansions: 73, time: 321 [ms], path length: 37 [edges], generated: 656
[00:00:00:00:890] Path of length 37 found: [0, 1, 9, 17, 25, 26, 18, 10, 2, 3, 4, 5, 6, 7, 15, 23, 31, 30, 22, 14, 13, 12, 20, 28, 27, 35, 34, 42, 41, 49, 50, 51, 52, 44, 45, 46, 47, 55]
[00:00:00:01:267] ! Bidirectional. expansions: 77, time: 890 [ms], path length: 37 [edges], g_F: 20, g_B: 17, generated: 0, MM: 3, MMPER: 6.894736842105263%
[00:00:00:01:267] 
---------- SM_Grids/7x8_grid_with_random_blocks_20per_6 ----------
[00:00:00:00:632] Path of length 37 found: [0, 8, 16, 17, 9, 1, 2, 10, 18, 26, 34, 42, 50, 51, 43, 35, 27, 28, 29, 21, 13, 5, 6, 7, 15, 14, 22, 30, 38, 39, 47, 46, 45, 44, 52, 53, 54, 55]
[00:00:00:00:633] ! Unidirectional s-t. expansions: 127, time: 632 [ms], path length: 37 [edges], generated: 1,192
[00:00:00:00:884] Path of length 37 found: [55, 47, 39, 38, 30, 22, 23, 15, 7, 6, 5, 13, 21, 29, 28, 27, 35, 43, 44, 45, 46, 54, 53, 52, 51, 50, 42, 34, 26, 25, 17, 16, 8, 9, 10, 2, 1, 0]
[00:00:00:00:884] ! Unidirectional t-s. expansions: 206, time: 884 [ms], path length: 37 [edges], generated: 1,887
[00:00:00:02:056] Path of length 37 found: [0, 8, 16, 17, 9, 1, 2, 10, 18, 26, 34, 42, 50, 51, 43, 35, 27, 28, 29, 21, 13, 5, 6, 7, 15, 23, 22, 30, 38, 39, 47, 46, 45, 44, 52, 53, 54, 55]
[00:00:00:02:430] ! Bidirectional. expansions: 217, time: 2,056 [ms], path length: 37 [edges], g_F: 22, g_B: 15, generated: 0, MM: 7, MMPER: 17.42105263157895%
[00:00:00:02:431] 
---------- SM_Grids/7x8_grid_with_random_blocks_20per_7 ----------
[00:00:00:00:454] Path of length 39 found: [0, 8, 16, 24, 32, 33, 25, 17, 9, 10, 11, 19, 18, 26, 34, 42, 50, 51, 52, 44, 45, 37, 36, 28, 29, 21, 13, 5, 6, 7, 15, 23, 22, 30, 31, 39, 47, 46, 54, 55]
[00:00:00:00:454] ! Unidirectional s-t. expansions: 74, time: 454 [ms], path length: 39 [edges], generated: 703
[00:00:00:00:176] Path of length 39 found: [55, 54, 46, 47, 39, 31, 23, 15, 7, 6, 5, 13, 21, 22, 30, 29, 28, 36, 37, 45, 44, 52, 51, 50, 42, 34, 26, 18, 19, 11, 10, 9, 17, 25, 33, 32, 24, 16, 8, 0]
[00:00:00:00:176] ! Unidirectional t-s. expansions: 30, time: 176 [ms], path length: 39 [edges], generated: 242
[00:00:00:01:158] Path of length 39 found: [0, 8, 16, 24, 32, 33, 25, 17, 9, 10, 11, 19, 18, 26, 34, 42, 50, 51, 52, 44, 45, 37, 36, 28, 29, 30, 22, 21, 13, 5, 6, 7, 15, 23, 31, 39, 47, 46, 54, 55]
[00:00:00:01:533] ! Bidirectional. expansions: 117, time: 1,158 [ms], path length: 39 [edges], g_F: 23, g_B: 16, generated: 0, MM: 7, MMPER: 16.5%
[00:00:00:01:533] 
---------- SM_Grids/7x8_grid_with_random_blocks_20per_8 ----------
[00:00:00:02:532] Path of length 39 found: [0, 1, 9, 17, 16, 24, 32, 40, 41, 33, 34, 26, 18, 10, 2, 3, 4, 12, 20, 28, 27, 35, 43, 51, 52, 53, 45, 37, 29, 21, 13, 5, 6, 14, 22, 30, 38, 46, 54, 55]
[00:00:00:02:532] ! Unidirectional s-t. expansions: 729, time: 2,532 [ms], path length: 39 [edges], generated: 6,111
[00:00:00:01:127] Path of length 39 found: [55, 47, 46, 54, 53, 52, 51, 43, 35, 27, 28, 36, 37, 38, 30, 29, 21, 20, 12, 13, 14, 6, 5, 4, 3, 2, 10, 18, 26, 34, 33, 41, 40, 32, 24, 16, 17, 9, 1, 0]
[00:00:00:01:127] ! Unidirectional t-s. expansions: 189, time: 1,127 [ms], path length: 39 [edges], generated: 1,911
[00:00:00:05:029] Path of length 39 found: [0, 1, 9, 10, 2, 3, 4, 5, 6, 14, 13, 12, 20, 21, 22, 30, 38, 46, 45, 37, 29, 28, 27, 26, 18, 17, 16, 24, 32, 40, 41, 33, 34, 35, 43, 51, 52, 53, 54, 55]
[00:00:00:05:404] ! Bidirectional. expansions: 581, time: 5,029 [ms], path length: 39 [edges], g_F: 21, g_B: 18, generated: 0, MM: 3, MMPER: 6.5%
[00:00:00:05:404] 
---------- SM_Grids/7x8_grid_with_random_blocks_20per_9 ----------
[00:00:00:00:222] Path of length 33 found: [0, 8, 16, 17, 25, 33, 32, 40, 48, 49, 41, 42, 34, 26, 18, 19, 11, 3, 4, 12, 20, 28, 27, 35, 36, 44, 45, 37, 38, 39, 47, 46, 54, 55]
[00:00:00:00:222] ! Unidirectional s-t. expansions: 29, time: 222 [ms], path length: 33 [edges], generated: 315
[00:00:00:01:441] Path of length 33 found: [55, 54, 46, 47, 39, 38, 37, 45, 44, 36, 28, 20, 12, 4, 3, 11, 19, 18, 26, 27, 35, 34, 42, 50, 49, 41, 40, 32, 33, 25, 17, 16, 8, 0]
[00:00:00:01:441] ! Unidirectional t-s. expansions: 219, time: 1,441 [ms], path length: 33 [edges], generated: 2,661
[00:00:00:00:364] Path of length 33 found: [0, 8, 16, 17, 18, 19, 11, 3, 4, 12, 20, 28, 27, 26, 25, 33, 32, 40, 48, 49, 50, 42, 34, 35, 36, 44, 45, 37, 38, 39, 47, 46, 54, 55]
[00:00:00:00:743] ! Bidirectional. expansions: 31, time: 364 [ms], path length: 33 [edges], g_F: 19, g_B: 14, generated: 0, MM: 5, MMPER: 13.705882352941176%

[00:00:00:00:743] average expansions: (143, 115, 133, 0)
[00:00:00:00:743] average time: (661, 615, 1,297, 0)
[00:00:00:00:743] XIDA: 115 , 615 (expansions , time[ms])
[00:00:00:00:743] BiXIDA: 133 , 1,297 (expansions , time[ms])

