------------------------------------
Thu 01 Oct 2026 16:38:36 IDT
SLURM_JOBID:		21953419
SLURM_JOB_NODELIST:	ise-cpu256-02
SLURM_SCRATCH_DIR:	/scratch/shubit/21953419
Allocated Resouces:	cpu - 2 / mem - 61440 MB / gpu - 
SLURM_GPU_INDEX:	
Running as shubit from shimony account with normal QOS
------------------------------------
Thu 01 Oct 2026 16:38:36 IDT

SLURM_JOBID:		 21953419
SLURM_JOB_NODELIST:	 ise-cpu256-02 

--------------------------
date: SM_Grids
number_of_graphs: 10
graph_type: grid
size_of_graphs: [7, 8]
heuristic: bcc_heuristic
snake: False
run_uni: True
run_bi: True
run_multi: False
solution_vertices: []
algorithms: ['XMM']
lookahead: 4
bsd: False
cube_first_dims: 4
cube_buffer_dim: None
backward_sym_generation: False
sym_coil: False
prefix_set: None

---------- SM_Grids/7x8_grid_with_random_blocks_12per_0 ----------
[00:00:00:43:817] Path of length 47 found: [0, 1, 2, 10, 18, 17, 16, 24, 32, 40, 48, 49, 41, 33, 25, 26, 34, 42, 50, 51, 43, 44, 45, 37, 29, 21, 13, 12, 20, 28, 27, 19, 11, 3, 4, 5, 6, 7, 15, 14, 22, 23, 31, 30, 38, 46, 47, 55]
[00:00:00:43:817] ! Unidirectional s-t. expansions: 5,341, time: 43,817 [ms], path length: 47 [edges], generated: 89,308
[00:00:00:13:533] Path of length 47 found: [55, 47, 46, 45, 44, 43, 51, 50, 49, 48, 40, 41, 42, 34, 33, 32, 24, 16, 17, 25, 26, 18, 10, 11, 19, 27, 28, 20, 21, 22, 30, 29, 37, 38, 39, 31, 23, 15, 7, 6, 14, 13, 5, 4, 3, 2, 1, 0]
[00:00:00:13:534] ! Unidirectional t-s. expansions: 1,311, time: 13,533 [ms], path length: 47 [edges], generated: 25,234
[00:00:00:04:897] Path of length 47 found: [0, 1, 2, 10, 18, 17, 16, 24, 32, 40, 48, 49, 41, 33, 25, 26, 34, 42, 50, 51, 43, 44, 45, 37, 38, 30, 29, 21, 22, 14, 13, 12, 20, 28, 27, 19, 11, 3, 4, 5, 6, 7, 15, 23, 31, 39, 47, 55]
[00:00:00:05:412] ! Bidirectional. expansions: 1,039, time: 4,897 [ms], path length: 47 [edges], g_F: 23, g_B: 24, generated: 1,900, MM: 1, MMPER: 1.0833333333333335%
[00:00:00:05:412] 
---------- SM_Grids/7x8_grid_with_random_blocks_12per_1 ----------
[00:00:00:16:513] Path of length 47 found: [0, 8, 9, 10, 2, 3, 4, 12, 11, 19, 27, 35, 34, 33, 25, 26, 18, 17, 16, 24, 32, 40, 41, 42, 50, 51, 43, 44, 36, 28, 20, 21, 13, 5, 6, 14, 15, 23, 22, 30, 38, 37, 45, 53, 54, 46, 47, 55]
[00:00:00:16:514] ! Unidirectional s-t. expansions: 1,412, time: 16,514 [ms], path length: 47 [edges], generated: 25,609
[00:00:00:00:270] Path of length 47 found: [55, 54, 53, 45, 46, 47, 39, 38, 30, 22, 23, 15, 14, 6, 5, 4, 3, 2, 10, 9, 17, 25, 33, 34, 26, 18, 19, 11, 12, 13, 21, 20, 28, 27, 35, 36, 44, 43, 51, 50, 42, 41, 40, 32, 24, 16, 8, 0]
[00:00:00:00:270] ! Unidirectional t-s. expansions: 12, time: 270 [ms], path length: 47 [edges], generated: 301
[00:00:00:11:123] Path of length 47 found: [0, 8, 16, 24, 32, 40, 41, 42, 50, 51, 43, 44, 36, 28, 20, 21, 13, 12, 11, 19, 18, 26, 27, 35, 34, 33, 25, 17, 9, 10, 2, 3, 4, 5, 6, 14, 15, 23, 22, 30, 38, 39, 47, 46, 45, 53, 54, 55]
[00:00:00:11:600] ! Bidirectional. expansions: 2,222, time: 11,123 [ms], path length: 47 [edges], g_F: 24, g_B: 23, generated: 4,039, MM: 1, MMPER: 1.0833333333333335%
[00:00:00:11:601] 
---------- SM_Grids/7x8_grid_with_random_blocks_12per_2 ----------
[00:00:00:18:154] Path of length 45 found: [0, 1, 2, 3, 4, 5, 6, 7, 15, 14, 13, 21, 22, 23, 31, 39, 38, 37, 29, 28, 20, 19, 11, 10, 18, 17, 9, 8, 16, 24, 32, 40, 48, 49, 41, 33, 34, 26, 27, 35, 43, 44, 52, 53, 54, 55]
[00:00:00:18:154] ! Unidirectional s-t. expansions: 1,521, time: 18,154 [ms], path length: 45 [edges], generated: 25,690
[00:00:00:03:635] Path of length 45 found: [55, 54, 53, 52, 44, 43, 35, 36, 28, 27, 26, 34, 33, 41, 49, 48, 40, 32, 24, 16, 8, 9, 17, 18, 10, 11, 19, 20, 21, 29, 37, 38, 39, 31, 23, 22, 14, 15, 7, 6, 5, 4, 3, 2, 1, 0]
[00:00:00:03:636] ! Unidirectional t-s. expansions: 224, time: 3,635 [ms], path length: 45 [edges], generated: 4,739
[00:00:00:07:467] Path of length 45 found: [0, 1, 2, 3, 4, 5, 6, 7, 15, 14, 13, 21, 22, 23, 31, 39, 38, 37, 29, 28, 20, 19, 11, 10, 18, 17, 9, 8, 16, 24, 32, 40, 48, 49, 41, 33, 34, 26, 27, 35, 43, 44, 52, 53, 54, 55]
[00:00:00:07:966] ! Bidirectional. expansions: 1,468, time: 7,467 [ms], path length: 45 [edges], g_F: 23, g_B: 22, generated: 2,648, MM: 1, MMPER: 1.1739130434782608%
[00:00:00:07:966] 
---------- SM_Grids/7x8_grid_with_random_blocks_12per_3 ----------
[00:00:01:55:722] Expansion 10,000: state None, f=46, g=28
[00:00:02:27:372] Path of length 45 found: [0, 1, 2, 3, 4, 5, 6, 14, 22, 21, 29, 28, 36, 35, 43, 42, 34, 26, 27, 19, 20, 12, 11, 10, 9, 8, 16, 17, 25, 24, 32, 33, 41, 49, 50, 51, 52, 44, 45, 37, 38, 30, 31, 39, 47, 55]
[00:00:02:27:373] ! Unidirectional s-t. expansions: 12,724, time: 147,373 [ms], path length: 45 [edges], generated: 262,087
[00:00:01:31:916] Expansion 10,000: state None, f=46, g=28
[00:00:01:48:740] Path of length 45 found: [55, 47, 46, 38, 39, 31, 30, 29, 21, 22, 14, 6, 5, 4, 3, 2, 10, 11, 12, 20, 19, 27, 28, 36, 37, 45, 53, 52, 44, 43, 51, 50, 49, 41, 42, 34, 26, 25, 33, 32, 24, 16, 8, 9, 1, 0]
[00:00:01:48:740] ! Unidirectional t-s. expansions: 11,736, time: 108,740 [ms], path length: 45 [edges], generated: 185,030
[00:00:01:43:007] Path of length 45 found: [0, 8, 16, 24, 32, 33, 41, 49, 50, 42, 34, 35, 43, 51, 52, 53, 45, 44, 36, 28, 27, 26, 25, 17, 9, 10, 2, 3, 11, 19, 20, 12, 4, 5, 6, 14, 22, 21, 29, 30, 31, 39, 38, 46, 47, 55]
[00:00:01:43:518] ! Bidirectional. expansions: 18,958, time: 103,007 [ms], path length: 45 [edges], g_F: 23, g_B: 22, generated: 36,538, MM: 1, MMPER: 1.1739130434782608%
[00:00:01:43:519] 
---------- SM_Grids/7x8_grid_with_random_blocks_12per_4 ----------
[00:00:01:07:661] Path of length 45 found: [0, 1, 2, 10, 9, 17, 18, 19, 11, 12, 20, 21, 13, 5, 6, 7, 15, 23, 22, 30, 31, 39, 38, 37, 36, 28, 27, 35, 34, 33, 25, 24, 32, 40, 48, 49, 41, 42, 43, 51, 52, 53, 45, 46, 54, 55]
[00:00:01:07:662] ! Unidirectional s-t. expansions: 6,803, time: 67,661 [ms], path length: 45 [edges], generated: 114,078
[00:00:01:26:514] Path of length 45 found: [55, 54, 46, 47, 39, 31, 23, 15, 7, 6, 5, 4, 12, 13, 21, 22, 30, 38, 37, 45, 53, 52, 51, 50, 49, 48, 40, 32, 24, 16, 17, 25, 33, 41, 42, 43, 35, 27, 28, 20, 19, 11, 10, 2, 1, 0]
[00:00:01:26:515] ! Unidirectional t-s. expansions: 7,828, time: 86,514 [ms], path length: 45 [edges], generated: 141,824
[00:00:01:18:348] Path of length 45 found: [0, 1, 2, 10, 9, 17, 16, 24, 25, 33, 32, 40, 48, 49, 41, 42, 34, 35, 43, 51, 52, 53, 45, 46, 38, 37, 36, 28, 27, 19, 20, 21, 13, 12, 4, 5, 6, 7, 15, 23, 22, 30, 31, 39, 47, 55]
[00:00:01:18:838] ! Bidirectional. expansions: 15,575, time: 78,348 [ms], path length: 45 [edges], g_F: 21, g_B: 24, generated: 27,617, MM: 3, MMPER: 5.521739130434782%
[00:00:01:18:838] 
---------- SM_Grids/7x8_grid_with_random_blocks_12per_5 ----------
[00:00:01:21:623] Path of length 45 found: [0, 8, 16, 17, 25, 33, 32, 40, 48, 49, 50, 51, 52, 53, 45, 46, 38, 30, 29, 21, 20, 28, 36, 35, 34, 26, 27, 19, 18, 10, 9, 1, 2, 3, 11, 12, 4, 5, 13, 14, 22, 23, 31, 39, 47, 55]
[00:00:01:21:625] ! Unidirectional s-t. expansions: 5,287, time: 81,624 [ms], path length: 45 [edges], generated: 104,185
[00:00:00:32:087] Path of length 45 found: [55, 47, 46, 45, 53, 52, 51, 50, 49, 41, 40, 32, 33, 34, 35, 36, 28, 27, 26, 25, 17, 16, 8, 9, 10, 18, 19, 20, 21, 29, 30, 38, 39, 31, 23, 22, 14, 6, 5, 13, 12, 4, 3, 2, 1, 0]
[00:00:00:32:088] ! Unidirectional t-s. expansions: 2,585, time: 32,087 [ms], path length: 45 [edges], generated: 54,107
[00:00:00:48:750] Path of length 45 found: [0, 1, 2, 3, 4, 5, 6, 14, 13, 12, 11, 10, 9, 8, 16, 17, 25, 33, 32, 40, 48, 49, 50, 51, 52, 53, 45, 46, 38, 30, 29, 28, 36, 35, 34, 26, 27, 19, 20, 21, 22, 23, 31, 39, 47, 55]
[00:00:00:49:247] ! Bidirectional. expansions: 9,064, time: 48,750 [ms], path length: 45 [edges], g_F: 21, g_B: 24, generated: 17,553, MM: 3, MMPER: 5.521739130434782%
[00:00:00:49:247] 
---------- SM_Grids/7x8_grid_with_random_blocks_12per_6 ----------
[00:00:00:00:273] Path of length 47 found: [0, 8, 9, 17, 18, 10, 2, 3, 11, 19, 27, 26, 34, 33, 32, 40, 48, 49, 41, 42, 50, 51, 43, 35, 36, 28, 20, 21, 29, 37, 45, 44, 52, 53, 54, 46, 38, 30, 22, 14, 6, 7, 15, 23, 31, 39, 47, 55]
[00:00:00:00:274] ! Unidirectional s-t. expansions: 12, time: 273 [ms], path length: 47 [edges], generated: 332
[00:00:00:00:480] Path of length 47 found: [55, 47, 39, 31, 23, 15, 7, 6, 14, 22, 21, 20, 28, 36, 35, 43, 44, 45, 37, 29, 30, 38, 46, 54, 53, 52, 51, 50, 42, 41, 49, 48, 40, 32, 33, 34, 26, 27, 19, 11, 3, 2, 10, 18, 17, 9, 8, 0]
[00:00:00:00:480] ! Unidirectional t-s. expansions: 25, time: 480 [ms], path length: 47 [edges], generated: 628
[00:00:00:13:778] Path of length 47 found: [0, 8, 9, 17, 18, 10, 2, 3, 11, 19, 27, 26, 34, 33, 32, 40, 48, 49, 41, 42, 50, 51, 43, 35, 36, 44, 52, 53, 54, 46, 45, 37, 38, 30, 29, 28, 20, 21, 22, 14, 6, 7, 15, 23, 31, 39, 47, 55]
[00:00:00:14:269] ! Bidirectional. expansions: 2,753, time: 13,778 [ms], path length: 47 [edges], g_F: 23, g_B: 24, generated: 5,033, MM: 1, MMPER: 1.0833333333333335%
[00:00:00:14:270] 
---------- SM_Grids/7x8_grid_with_random_blocks_12per_7 ----------
[00:00:00:00:330] Path of length 47 found: [0, 8, 9, 1, 2, 10, 18, 17, 25, 33, 41, 49, 50, 42, 34, 26, 27, 35, 43, 51, 52, 44, 36, 28, 20, 19, 11, 3, 4, 12, 13, 5, 6, 14, 15, 23, 31, 30, 29, 37, 45, 53, 54, 46, 38, 39, 47, 55]
[00:00:00:00:330] ! Unidirectional s-t. expansions: 14, time: 330 [ms], path length: 47 [edges], generated: 383
[00:00:00:01:243] Path of length 47 found: [55, 47, 39, 31, 23, 15, 14, 6, 5, 13, 12, 4, 3, 11, 19, 20, 28, 27, 26, 34, 42, 43, 35, 36, 44, 45, 37, 29, 30, 38, 46, 54, 53, 52, 51, 50, 49, 41, 33, 25, 17, 18, 10, 2, 1, 9, 8, 0]
[00:00:00:01:243] ! Unidirectional t-s. expansions: 95, time: 1,243 [ms], path length: 47 [edges], generated: 2,246
[00:00:00:46:079] Path of length 47 found: [0, 8, 9, 1, 2, 10, 18, 17, 25, 33, 41, 49, 50, 42, 34, 26, 27, 35, 43, 51, 52, 44, 36, 28, 20, 19, 11, 3, 4, 12, 13, 5, 6, 14, 15, 23, 31, 30, 29, 37, 45, 53, 54, 46, 38, 39, 47, 55]
[00:00:00:46:510] ! Bidirectional. expansions: 10,185, time: 46,080 [ms], path length: 47 [edges], g_F: 23, g_B: 24, generated: 18,647, MM: 1, MMPER: 1.0833333333333335%
[00:00:00:46:511] 
---------- SM_Grids/7x8_grid_with_random_blocks_12per_8 ----------
[00:00:00:31:293] Path of length 47 found: [0, 1, 2, 3, 4, 5, 6, 7, 15, 14, 22, 21, 13, 12, 20, 19, 11, 10, 18, 17, 9, 8, 16, 24, 32, 33, 34, 26, 27, 35, 43, 42, 50, 51, 52, 53, 54, 46, 45, 44, 36, 28, 29, 30, 31, 39, 47, 55]
[00:00:00:31:295] ! Unidirectional s-t. expansions: 2,674, time: 31,294 [ms], path length: 47 [edges], generated: 59,555
[00:00:01:14:456] Path of length 47 found: [55, 47, 39, 31, 30, 22, 14, 15, 7, 6, 5, 4, 3, 2, 10, 18, 26, 27, 19, 11, 12, 13, 21, 20, 28, 29, 37, 36, 35, 43, 44, 45, 46, 54, 53, 52, 51, 50, 42, 34, 33, 32, 24, 16, 17, 9, 1, 0]
[00:00:01:14:456] ! Unidirectional t-s. expansions: 9,599, time: 74,456 [ms], path length: 47 [edges], generated: 153,426
[00:00:00:27:252] Path of length 47 found: [0, 8, 16, 24, 32, 33, 34, 26, 18, 17, 9, 1, 2, 10, 11, 3, 4, 12, 20, 19, 27, 35, 43, 42, 50, 51, 52, 53, 54, 46, 45, 44, 36, 37, 29, 21, 13, 5, 6, 7, 15, 14, 22, 30, 31, 39, 47, 55]
[00:00:00:27:686] ! Bidirectional. expansions: 5,852, time: 27,253 [ms], path length: 47 [edges], g_F: 23, g_B: 24, generated: 11,287, MM: 1, MMPER: 1.0833333333333335%
[00:00:00:27:686] 
---------- SM_Grids/7x8_grid_with_random_blocks_12per_9 ----------
[00:00:00:03:128] Path of length 47 found: [0, 8, 16, 17, 25, 24, 32, 33, 34, 42, 41, 40, 48, 49, 50, 51, 43, 44, 36, 35, 27, 26, 18, 10, 2, 3, 11, 19, 20, 28, 29, 21, 13, 5, 6, 7, 15, 14, 22, 23, 31, 30, 38, 39, 47, 46, 54, 55]
[00:00:00:03:129] ! Unidirectional s-t. expansions: 149, time: 3,128 [ms], path length: 47 [edges], generated: 4,023
[00:00:00:01:632] Path of length 47 found: [55, 54, 46, 47, 39, 38, 30, 31, 23, 22, 14, 15, 7, 6, 5, 13, 21, 29, 28, 27, 19, 20, 12, 11, 3, 2, 10, 18, 26, 34, 35, 36, 44, 43, 51, 50, 42, 41, 49, 48, 40, 32, 24, 25, 17, 16, 8, 0]
[00:00:00:01:634] ! Unidirectional t-s. expansions: 167, time: 1,633 [ms], path length: 47 [edges], generated: 3,588
[00:00:00:00:504] Path of length 47 found: [0, 8, 16, 24, 32, 40, 48, 49, 41, 33, 25, 17, 18, 10, 2, 3, 11, 19, 27, 26, 34, 42, 50, 51, 43, 44, 36, 28, 29, 21, 20, 12, 13, 5, 6, 7, 15, 14, 22, 23, 31, 30, 38, 39, 47, 46, 54, 55]
[00:00:00:00:943] ! Bidirectional. expansions: 106, time: 504 [ms], path length: 47 [edges], g_F: 23, g_B: 24, generated: 196, MM: 1, MMPER: 1.0833333333333335%

[00:00:00:00:943] average expansions: (3,594, 3,358, 6,722, 0)
[00:00:00:00:943] average time: (41,017, 32,259, 34,121, 0)
[00:00:00:00:943] XA*: 3,358 , 32,259 (expansions , time[ms])
[00:00:00:00:943] XMM: 6,722 , 34,121 (expansions , time[ms])

