------------------------------------
Thu 01 Oct 2026 12:14:49 IDT
SLURM_JOBID:		21944114
SLURM_JOB_NODELIST:	ise-cpu256-08
SLURM_SCRATCH_DIR:	/scratch/shubit/21944114
Allocated Resouces:	cpu - 2 / mem - 61440 MB / gpu - 
SLURM_GPU_INDEX:	
Running as shubit from shimony account with normal QOS
------------------------------------
Thu 01 Oct 2026 12:14:49 IDT

SLURM_JOBID:		 21944114
SLURM_JOB_NODELIST:	 ise-cpu256-08 

--------------------------
date: SM_Grids
number_of_graphs: 10
graph_type: grid
size_of_graphs: [7, 8]
heuristic: bcc_heuristic
snake: False
run_uni: True
run_bi: True
run_multi: False
solution_vertices: []
algorithms: ['IDA']
lookahead: 1
bsd: False
cube_first_dims: 4
cube_buffer_dim: None
backward_sym_generation: False
sym_coil: False
prefix_set: None

---------- SM_Grids/7x8_grid_with_random_blocks_12per_0 ----------
[00:00:00:23:765] Path of length 47 found: [0, 1, 2, 10, 18, 17, 16, 24, 32, 40, 48, 49, 41, 33, 25, 26, 34, 42, 50, 51, 43, 44, 45, 37, 29, 21, 13, 12, 20, 28, 27, 19, 11, 3, 4, 5, 6, 7, 15, 14, 22, 23, 31, 30, 38, 46, 47, 55]
[00:00:00:23:766] ! Unidirectional s-t. expansions: 20,370, time: 23,765 [ms], path length: 47 [edges], generated: 33,010
[00:00:00:07:224] Path of length 47 found: [55, 47, 39, 31, 23, 15, 7, 6, 5, 4, 3, 11, 19, 27, 28, 20, 12, 13, 14, 22, 21, 29, 30, 38, 37, 45, 44, 43, 51, 50, 42, 34, 26, 25, 33, 41, 49, 48, 40, 32, 24, 16, 17, 18, 10, 2, 1, 0]
[00:00:00:07:225] ! Unidirectional t-s. expansions: 5,634, time: 7,224 [ms], path length: 47 [edges], generated: 9,683
[00:00:01:23:657] Path of length 47 found: [0, 1, 2, 10, 18, 17, 16, 24, 32, 40, 48, 49, 41, 33, 25, 26, 34, 42, 50, 51, 43, 44, 45, 37, 38, 30, 29, 21, 22, 14, 13, 12, 20, 28, 27, 19, 11, 3, 4, 5, 6, 7, 15, 23, 31, 39, 47, 55]
[00:00:01:24:162] ! Bidirectional. expansions: 25,588, time: 83,657 [ms], path length: 47 [edges], g_F: 24, g_B: 23, generated: 0, MM: 1, MMPER: 1.0833333333333335%
[00:00:01:24:162] 
---------- SM_Grids/7x8_grid_with_random_blocks_12per_1 ----------
[00:00:00:09:121] Path of length 47 found: [0, 8, 16, 24, 32, 40, 41, 33, 25, 17, 9, 10, 2, 3, 11, 19, 18, 26, 34, 42, 50, 51, 43, 35, 27, 28, 20, 21, 13, 12, 4, 5, 6, 14, 15, 23, 22, 30, 38, 37, 36, 44, 45, 53, 54, 46, 47, 55]
[00:00:00:09:122] ! Unidirectional s-t. expansions: 5,636, time: 9,121 [ms], path length: 47 [edges], generated: 9,258
[00:00:00:00:120] Path of length 47 found: [55, 47, 39, 38, 46, 54, 53, 45, 37, 36, 44, 43, 51, 50, 42, 34, 35, 27, 28, 20, 12, 13, 21, 22, 23, 15, 14, 6, 5, 4, 3, 2, 10, 11, 19, 18, 26, 25, 33, 41, 40, 32, 24, 16, 17, 9, 8, 0]
[00:00:00:00:120] ! Unidirectional t-s. expansions: 57, time: 120 [ms], path length: 47 [edges], generated: 98
[00:00:00:22:501] Path of length 47 found: [0, 8, 16, 24, 32, 40, 41, 33, 25, 17, 9, 10, 2, 3, 11, 19, 18, 26, 34, 42, 50, 51, 43, 44, 36, 35, 27, 28, 20, 21, 13, 12, 4, 5, 6, 14, 15, 23, 22, 30, 38, 37, 45, 53, 54, 46, 47, 55]
[00:00:00:22:925] ! Bidirectional. expansions: 4,938, time: 22,501 [ms], path length: 47 [edges], g_F: 33, g_B: 14, generated: 0, MM: 19, MMPER: 38.583333333333336%
[00:00:00:22:925] 
---------- SM_Grids/7x8_grid_with_random_blocks_12per_2 ----------
[00:00:00:18:638] Path of length 45 found: [0, 8, 16, 24, 32, 40, 48, 49, 41, 33, 34, 26, 18, 17, 9, 1, 2, 10, 11, 3, 4, 5, 13, 21, 22, 14, 6, 7, 15, 23, 31, 39, 38, 37, 29, 28, 20, 19, 27, 35, 43, 44, 52, 53, 54, 55]
[00:00:00:18:639] ! Unidirectional s-t. expansions: 11,812, time: 18,639 [ms], path length: 45 [edges], generated: 19,751
[00:00:00:01:771] Path of length 45 found: [55, 47, 39, 31, 23, 15, 7, 6, 5, 13, 14, 22, 21, 29, 37, 45, 53, 52, 44, 43, 35, 36, 28, 20, 19, 27, 26, 34, 33, 41, 49, 48, 40, 32, 24, 16, 8, 9, 17, 18, 10, 11, 3, 2, 1, 0]
[00:00:00:01:772] ! Unidirectional t-s. expansions: 921, time: 1,771 [ms], path length: 45 [edges], generated: 1,666
[00:00:00:36:955] Path of length 45 found: [0, 8, 16, 24, 32, 40, 48, 49, 41, 33, 34, 26, 18, 17, 9, 1, 2, 10, 11, 3, 4, 5, 13, 21, 22, 14, 6, 7, 15, 23, 31, 39, 38, 37, 29, 28, 20, 19, 27, 35, 43, 44, 52, 53, 54, 55]
[00:00:00:37:368] ! Bidirectional. expansions: 10,382, time: 36,955 [ms], path length: 45 [edges], g_F: 38, g_B: 7, generated: 0, MM: 31, MMPER: 66.3913043478261%
[00:00:00:37:368] 
---------- SM_Grids/7x8_grid_with_random_blocks_12per_3 ----------
[00:00:01:13:424] Path of length 45 found: [0, 8, 16, 24, 32, 33, 25, 17, 9, 1, 2, 10, 11, 3, 4, 5, 6, 14, 22, 21, 20, 19, 27, 26, 34, 42, 41, 49, 50, 51, 43, 35, 36, 44, 52, 53, 45, 37, 29, 30, 31, 39, 38, 46, 47, 55]
[00:00:01:13:424] ! Unidirectional s-t. expansions: 53,973, time: 73,424 [ms], path length: 45 [edges], generated: 93,857
[00:00:01:25:164] Path of length 45 found: [55, 47, 39, 31, 30, 22, 14, 6, 5, 4, 3, 2, 10, 11, 12, 20, 19, 27, 35, 43, 44, 36, 28, 29, 37, 38, 46, 45, 53, 52, 51, 50, 49, 41, 42, 34, 26, 25, 33, 32, 24, 16, 17, 9, 1, 0]
[00:00:01:25:165] ! Unidirectional t-s. expansions: 68,741, time: 85,165 [ms], path length: 45 [edges], generated: 114,264
[00:00:05:46:555] Path of length 45 found: [0, 8, 16, 24, 32, 33, 41, 49, 50, 42, 34, 26, 25, 17, 9, 1, 2, 10, 11, 19, 27, 28, 36, 35, 43, 51, 52, 44, 45, 46, 38, 37, 29, 21, 20, 12, 4, 5, 6, 14, 22, 30, 31, 39, 47, 55]
[00:00:05:46:944] ! Bidirectional. expansions: 108,050, time: 346,555 [ms], path length: 45 [edges], g_F: 28, g_B: 17, generated: 0, MM: 11, MMPER: 22.91304347826087%
[00:00:05:46:944] 
---------- SM_Grids/7x8_grid_with_random_blocks_12per_4 ----------
[00:00:00:52:406] Path of length 45 found: [0, 1, 2, 10, 9, 17, 16, 24, 25, 33, 32, 40, 48, 49, 41, 42, 34, 35, 43, 51, 52, 53, 45, 37, 36, 28, 27, 19, 11, 12, 20, 21, 13, 5, 6, 7, 15, 23, 22, 30, 31, 39, 38, 46, 54, 55]
[00:00:00:52:406] ! Unidirectional s-t. expansions: 38,319, time: 52,406 [ms], path length: 45 [edges], generated: 66,489
[00:00:01:39:927] Path of length 45 found: [55, 47, 39, 31, 23, 15, 7, 6, 5, 4, 12, 13, 21, 22, 30, 38, 37, 45, 46, 54, 53, 52, 51, 43, 42, 50, 49, 48, 40, 32, 24, 16, 17, 25, 33, 34, 35, 36, 28, 20, 19, 11, 10, 2, 1, 0]
[00:00:01:39:927] ! Unidirectional t-s. expansions: 80,346, time: 99,927 [ms], path length: 45 [edges], generated: 133,205
[00:00:07:44:484] Path of length 45 found: [0, 1, 2, 10, 9, 17, 18, 19, 27, 28, 36, 35, 34, 42, 41, 33, 25, 24, 32, 40, 48, 49, 50, 51, 52, 53, 54, 46, 45, 37, 38, 30, 22, 21, 20, 12, 13, 5, 6, 7, 15, 23, 31, 39, 47, 55]
[00:00:07:44:870] ! Bidirectional. expansions: 141,662, time: 464,484 [ms], path length: 45 [edges], g_F: 13, g_B: 32, generated: 0, MM: 19, MMPER: 40.30434782608695%
[00:00:07:44:870] 
---------- SM_Grids/7x8_grid_with_random_blocks_12per_5 ----------
[00:00:01:29:591] Path of length 45 found: [0, 8, 16, 17, 9, 1, 2, 10, 18, 26, 25, 33, 32, 40, 48, 49, 50, 51, 52, 53, 45, 46, 38, 30, 29, 21, 13, 12, 20, 28, 36, 35, 27, 19, 11, 3, 4, 5, 6, 14, 22, 23, 31, 39, 47, 55]
[00:00:01:29:592] ! Unidirectional s-t. expansions: 53,731, time: 89,591 [ms], path length: 45 [edges], generated: 96,042
[00:00:00:22:327] Path of length 45 found: [55, 47, 39, 31, 23, 22, 14, 6, 5, 4, 3, 2, 1, 9, 10, 18, 26, 34, 35, 36, 28, 27, 19, 11, 12, 20, 21, 29, 30, 38, 46, 45, 53, 52, 51, 50, 49, 48, 40, 32, 33, 25, 17, 16, 8, 0]
[00:00:00:22:327] ! Unidirectional t-s. expansions: 15,451, time: 22,327 [ms], path length: 45 [edges], generated: 26,229
[00:00:07:57:281] Path of length 45 found: [0, 8, 16, 17, 9, 1, 2, 10, 18, 26, 27, 28, 36, 35, 34, 33, 32, 40, 48, 49, 50, 51, 52, 53, 45, 46, 38, 30, 29, 21, 13, 12, 20, 19, 11, 3, 4, 5, 6, 14, 22, 23, 31, 39, 47, 55]
[00:00:07:57:695] ! Bidirectional. expansions: 145,058, time: 477,281 [ms], path length: 45 [edges], g_F: 19, g_B: 26, generated: 0, MM: 7, MMPER: 14.217391304347826%
[00:00:07:57:696] 
---------- SM_Grids/7x8_grid_with_random_blocks_12per_6 ----------
[00:00:00:00:082] Path of length 47 found: [0, 8, 9, 17, 18, 10, 2, 3, 11, 19, 27, 26, 34, 33, 32, 40, 48, 49, 41, 42, 50, 51, 43, 35, 36, 28, 20, 21, 29, 37, 45, 44, 52, 53, 54, 46, 38, 30, 22, 14, 6, 7, 15, 23, 31, 39, 47, 55]
[00:00:00:00:082] ! Unidirectional s-t. expansions: 46, time: 82 [ms], path length: 47 [edges], generated: 77
[00:00:00:00:160] Path of length 47 found: [55, 47, 39, 31, 23, 15, 7, 6, 14, 22, 21, 20, 28, 36, 35, 43, 44, 45, 37, 29, 30, 38, 46, 54, 53, 52, 51, 50, 42, 41, 49, 48, 40, 32, 33, 34, 26, 27, 19, 11, 3, 2, 10, 18, 17, 9, 8, 0]
[00:00:00:00:160] ! Unidirectional t-s. expansions: 92, time: 160 [ms], path length: 47 [edges], generated: 157
[00:00:00:00:198] Path of length 47 found: [0, 8, 9, 17, 18, 10, 2, 3, 11, 19, 27, 26, 34, 33, 32, 40, 48, 49, 41, 42, 50, 51, 52, 53, 54, 46, 38, 30, 29, 37, 45, 44, 43, 35, 36, 28, 20, 21, 22, 14, 6, 7, 15, 23, 31, 39, 47, 55]
[00:00:00:00:587] ! Bidirectional. expansions: 48, time: 198 [ms], path length: 47 [edges], g_F: 29, g_B: 18, generated: 0, MM: 11, MMPER: 21.916666666666668%
[00:00:00:00:587] 
---------- SM_Grids/7x8_grid_with_random_blocks_12per_7 ----------
[00:00:00:00:111] Path of length 47 found: [0, 8, 9, 1, 2, 10, 18, 17, 25, 33, 41, 49, 50, 42, 34, 26, 27, 35, 43, 51, 52, 44, 36, 28, 20, 19, 11, 3, 4, 12, 13, 5, 6, 14, 15, 23, 31, 30, 29, 37, 45, 53, 54, 46, 38, 39, 47, 55]
[00:00:00:00:112] ! Unidirectional s-t. expansions: 60, time: 111 [ms], path length: 47 [edges], generated: 103
[00:00:00:00:504] Path of length 47 found: [55, 47, 39, 31, 23, 15, 14, 6, 5, 13, 12, 4, 3, 11, 19, 20, 28, 27, 26, 34, 42, 43, 35, 36, 44, 45, 37, 29, 30, 38, 46, 54, 53, 52, 51, 50, 49, 41, 33, 25, 17, 18, 10, 2, 1, 9, 8, 0]
[00:00:00:00:504] ! Unidirectional t-s. expansions: 354, time: 504 [ms], path length: 47 [edges], generated: 633
[00:00:00:00:216] Path of length 47 found: [0, 8, 9, 1, 2, 10, 18, 17, 25, 33, 41, 49, 50, 42, 34, 26, 27, 35, 43, 51, 52, 44, 36, 37, 45, 53, 54, 46, 38, 30, 29, 28, 20, 19, 11, 3, 4, 12, 13, 5, 6, 14, 15, 23, 31, 39, 47, 55]
[00:00:00:00:616] ! Bidirectional. expansions: 56, time: 216 [ms], path length: 47 [edges], g_F: 41, g_B: 6, generated: 0, MM: 35, MMPER: 71.91666666666667%
[00:00:00:00:616] 
---------- SM_Grids/7x8_grid_with_random_blocks_12per_8 ----------
[00:00:00:15:349] Path of length 47 found: [0, 8, 16, 24, 32, 33, 34, 26, 18, 17, 9, 1, 2, 10, 11, 3, 4, 12, 20, 19, 27, 35, 43, 42, 50, 51, 52, 44, 36, 28, 29, 21, 13, 5, 6, 7, 15, 14, 22, 30, 31, 39, 47, 46, 45, 53, 54, 55]
[00:00:00:15:349] ! Unidirectional s-t. expansions: 10,105, time: 15,349 [ms], path length: 47 [edges], generated: 17,949
[00:00:00:46:476] Path of length 47 found: [55, 47, 39, 31, 30, 22, 14, 15, 7, 6, 5, 4, 3, 2, 10, 18, 26, 27, 19, 11, 12, 13, 21, 20, 28, 29, 37, 36, 35, 43, 44, 45, 46, 54, 53, 52, 51, 50, 42, 34, 33, 32, 24, 16, 17, 9, 1, 0]
[00:00:00:46:476] ! Unidirectional t-s. expansions: 39,986, time: 46,476 [ms], path length: 47 [edges], generated: 65,447
[00:00:03:19:233] Path of length 47 found: [0, 8, 16, 24, 32, 33, 34, 26, 27, 35, 43, 42, 50, 51, 52, 53, 54, 46, 45, 44, 36, 37, 29, 28, 20, 21, 13, 12, 11, 19, 18, 17, 9, 1, 2, 3, 4, 5, 6, 7, 15, 14, 22, 30, 31, 39, 47, 55]
[00:00:03:19:706] ! Bidirectional. expansions: 61,783, time: 199,233 [ms], path length: 47 [edges], g_F: 34, g_B: 13, generated: 0, MM: 21, MMPER: 42.75%
[00:00:03:19:706] 
---------- SM_Grids/7x8_grid_with_random_blocks_12per_9 ----------
[00:00:00:01:370] Path of length 47 found: [0, 8, 16, 24, 32, 40, 48, 49, 41, 33, 25, 17, 18, 10, 2, 3, 11, 19, 27, 26, 34, 42, 50, 51, 43, 35, 36, 28, 29, 21, 20, 12, 13, 5, 6, 7, 15, 14, 22, 23, 31, 30, 38, 39, 47, 46, 54, 55]
[00:00:00:01:370] ! Unidirectional s-t. expansions: 594, time: 1,370 [ms], path length: 47 [edges], generated: 1,031
[00:00:00:01:039] Path of length 47 found: [55, 54, 46, 47, 39, 38, 30, 31, 23, 15, 7, 6, 5, 13, 14, 22, 21, 29, 28, 20, 12, 11, 3, 2, 10, 18, 19, 27, 26, 25, 33, 41, 42, 34, 35, 36, 44, 43, 51, 50, 49, 48, 40, 32, 24, 16, 8, 0]
[00:00:00:01:039] ! Unidirectional t-s. expansions: 751, time: 1,039 [ms], path length: 47 [edges], generated: 1,277
[00:00:00:05:352] Path of length 47 found: [0, 8, 16, 24, 32, 40, 48, 49, 41, 42, 50, 51, 43, 44, 36, 28, 29, 21, 20, 19, 27, 35, 34, 33, 25, 17, 18, 10, 2, 3, 11, 12, 13, 5, 6, 7, 15, 14, 22, 23, 31, 30, 38, 39, 47, 46, 54, 55]
[00:00:00:05:774] ! Bidirectional. expansions: 1,427, time: 5,352 [ms], path length: 47 [edges], g_F: 26, g_B: 21, generated: 0, MM: 5, MMPER: 9.416666666666666%

[00:00:00:05:774] average expansions: (19,465, 21,233, 49,899, 0)
[00:00:00:05:774] average time: (28,386, 26,471, 163,643, 0)
[00:00:00:05:775] XIDA: 19,465 , 26,471 (expansions , time[ms])
[00:00:00:05:775] BiXIDA: 49,899 , 163,643 (expansions , time[ms])

