------------------------------------
Thu 01 Oct 2026 12:14:55 IDT
SLURM_JOBID:		21944118
SLURM_JOB_NODELIST:	ise-cpu256-08
SLURM_SCRATCH_DIR:	/scratch/shubit/21944118
Allocated Resouces:	cpu - 2 / mem - 61440 MB / gpu - 
SLURM_GPU_INDEX:	
Running as shubit from shimony account with normal QOS
------------------------------------
Thu 01 Oct 2026 12:14:55 IDT

SLURM_JOBID:		 21944118
SLURM_JOB_NODELIST:	 ise-cpu256-08 

--------------------------
date: SM_Grids
number_of_graphs: 10
graph_type: grid
size_of_graphs: [7, 8]
heuristic: bcc_heuristic
snake: False
run_uni: True
run_bi: True
run_multi: False
solution_vertices: []
algorithms: ['IDA']
lookahead: -2
bsd: False
cube_first_dims: 4
cube_buffer_dim: None
backward_sym_generation: False
sym_coil: False
prefix_set: None

---------- SM_Grids/7x8_grid_with_random_blocks_16per_0 ----------
[00:00:00:01:404] Path of length 43 found: [0, 1, 2, 3, 4, 5, 13, 12, 20, 19, 18, 17, 25, 24, 32, 33, 41, 40, 48, 49, 50, 42, 43, 51, 52, 44, 36, 35, 27, 28, 29, 30, 22, 14, 15, 23, 31, 39, 47, 46, 45, 53, 54, 55]
[00:00:00:01:404] ! Unidirectional s-t. expansions: 1,001, time: 1,404 [ms], path length: 43 [edges], generated: 1,778
[00:00:00:13:516] Path of length 43 found: [55, 47, 39, 31, 23, 15, 14, 22, 30, 29, 28, 27, 35, 43, 44, 36, 37, 45, 46, 54, 53, 52, 51, 50, 42, 41, 49, 48, 40, 32, 24, 25, 26, 18, 19, 20, 12, 13, 5, 4, 3, 2, 1, 0]
[00:00:00:13:516] ! Unidirectional t-s. expansions: 10,017, time: 13,516 [ms], path length: 43 [edges], generated: 16,951
[00:00:00:04:203] Path of length 43 found: [0, 1, 2, 3, 4, 5, 13, 12, 20, 19, 18, 17, 25, 26, 27, 28, 29, 30, 22, 14, 15, 23, 31, 39, 47, 46, 45, 37, 36, 35, 43, 42, 41, 33, 32, 40, 48, 49, 50, 51, 52, 53, 54, 55]
[00:00:00:04:624] ! Bidirectional. expansions: 2,808, time: 4,203 [ms], path length: 43 [edges], g_F: 28, g_B: 15, generated: 0, MM: 13, MMPER: 28.545454545454547%
[00:00:00:04:624] 
---------- SM_Grids/7x8_grid_with_random_blocks_16per_1 ----------
[00:00:00:00:072] Path of length 39 found: [0, 1, 9, 8, 16, 17, 25, 26, 18, 10, 11, 19, 27, 35, 34, 42, 43, 51, 52, 44, 36, 28, 20, 12, 13, 14, 22, 21, 29, 37, 45, 53, 54, 46, 38, 30, 31, 39, 47, 55]
[00:00:00:00:072] ! Unidirectional s-t. expansions: 38, time: 72 [ms], path length: 39 [edges], generated: 68
[00:00:00:00:069] Path of length 39 found: [55, 47, 39, 31, 30, 22, 14, 13, 12, 11, 10, 18, 19, 27, 35, 36, 28, 20, 21, 29, 37, 38, 46, 54, 53, 45, 44, 52, 51, 43, 42, 34, 26, 25, 17, 16, 8, 9, 1, 0]
[00:00:00:00:070] ! Unidirectional t-s. expansions: 38, time: 69 [ms], path length: 39 [edges], generated: 68
[00:00:00:00:073] Path of length 39 found: [0, 1, 9, 8, 16, 17, 25, 26, 18, 10, 11, 19, 27, 35, 34, 42, 43, 51, 52, 44, 36, 28, 20, 12, 13, 14, 22, 21, 29, 37, 45, 53, 54, 46, 38, 30, 31, 39, 47, 55]
[00:00:00:00:497] ! Bidirectional. expansions: 38, time: 73 [ms], path length: 39 [edges], g_F: 35, g_B: 4, generated: 0, MM: 31, MMPER: 76.5%
[00:00:00:00:497] 
---------- SM_Grids/7x8_grid_with_random_blocks_16per_2 ----------
[00:00:00:01:616] Path of length 43 found: [0, 8, 16, 24, 32, 40, 48, 49, 50, 51, 52, 44, 43, 35, 27, 26, 34, 33, 25, 17, 9, 1, 2, 3, 11, 12, 4, 5, 13, 14, 6, 7, 15, 23, 22, 21, 20, 28, 29, 37, 38, 39, 47, 55]
[00:00:00:01:616] ! Unidirectional s-t. expansions: 1,001, time: 1,616 [ms], path length: 43 [edges], generated: 1,718
[00:00:00:00:752] Path of length 43 found: [55, 47, 39, 38, 37, 29, 21, 13, 14, 22, 23, 15, 7, 6, 5, 4, 3, 11, 12, 20, 28, 27, 26, 18, 17, 25, 33, 34, 35, 43, 44, 52, 51, 50, 49, 41, 40, 32, 24, 16, 8, 9, 1, 0]
[00:00:00:00:752] ! Unidirectional t-s. expansions: 428, time: 752 [ms], path length: 43 [edges], generated: 736
[00:00:00:01:465] Path of length 43 found: [0, 8, 16, 24, 32, 33, 41, 40, 48, 49, 50, 51, 52, 44, 43, 35, 27, 26, 18, 17, 9, 1, 2, 3, 11, 12, 4, 5, 13, 14, 6, 7, 15, 23, 22, 21, 20, 28, 29, 37, 38, 39, 47, 55]
[00:00:00:01:873] ! Bidirectional. expansions: 778, time: 1,465 [ms], path length: 43 [edges], g_F: 19, g_B: 24, generated: 0, MM: 5, MMPER: 10.363636363636363%
[00:00:00:01:873] 
---------- SM_Grids/7x8_grid_with_random_blocks_16per_3 ----------
[00:00:00:07:828] Path of length 43 found: [0, 1, 9, 17, 16, 24, 32, 40, 48, 49, 41, 33, 34, 42, 50, 51, 43, 44, 52, 53, 45, 46, 38, 30, 22, 21, 29, 28, 27, 19, 18, 10, 2, 3, 11, 12, 13, 14, 15, 23, 31, 39, 47, 55]
[00:00:00:07:829] ! Unidirectional s-t. expansions: 4,450, time: 7,828 [ms], path length: 43 [edges], generated: 7,934
[00:00:00:09:211] Path of length 43 found: [55, 47, 39, 31, 23, 15, 14, 13, 12, 4, 3, 2, 10, 11, 19, 27, 28, 20, 21, 29, 30, 38, 46, 45, 53, 52, 44, 43, 51, 50, 42, 34, 33, 41, 49, 48, 40, 32, 24, 16, 17, 9, 1, 0]
[00:00:00:09:212] ! Unidirectional t-s. expansions: 6,230, time: 9,211 [ms], path length: 43 [edges], generated: 10,960
[00:00:00:28:191] Path of length 43 found: [0, 1, 9, 17, 16, 24, 32, 40, 48, 49, 41, 33, 34, 42, 50, 51, 43, 44, 52, 53, 45, 46, 38, 30, 22, 21, 29, 28, 27, 19, 18, 10, 2, 3, 11, 12, 13, 14, 15, 23, 31, 39, 47, 55]
[00:00:00:28:583] ! Bidirectional. expansions: 17,014, time: 28,191 [ms], path length: 43 [edges], g_F: 35, g_B: 8, generated: 0, MM: 27, MMPER: 60.36363636363637%
[00:00:00:28:583] 
---------- SM_Grids/7x8_grid_with_random_blocks_16per_4 ----------
[00:00:00:00:075] Path of length 47 found: [0, 8, 16, 24, 32, 40, 48, 49, 41, 33, 25, 17, 9, 1, 2, 3, 11, 19, 18, 26, 34, 42, 50, 51, 43, 35, 36, 28, 20, 12, 13, 5, 6, 14, 22, 30, 31, 39, 38, 37, 45, 44, 52, 53, 54, 46, 47, 55]
[00:00:00:00:076] ! Unidirectional s-t. expansions: 46, time: 75 [ms], path length: 47 [edges], generated: 72
[00:00:00:00:074] Path of length 47 found: [55, 47, 39, 31, 30, 22, 14, 6, 5, 13, 12, 11, 3, 2, 1, 9, 17, 25, 33, 41, 42, 34, 26, 18, 19, 20, 28, 36, 35, 43, 44, 45, 37, 38, 46, 54, 53, 52, 51, 50, 49, 48, 40, 32, 24, 16, 8, 0]
[00:00:00:00:074] ! Unidirectional t-s. expansions: 46, time: 74 [ms], path length: 47 [edges], generated: 72
[00:00:00:00:080] Path of length 47 found: [0, 8, 16, 24, 32, 40, 48, 49, 41, 33, 25, 17, 9, 1, 2, 3, 11, 19, 18, 26, 34, 42, 50, 51, 43, 35, 36, 28, 20, 12, 13, 5, 6, 14, 22, 30, 31, 39, 38, 37, 45, 44, 52, 53, 54, 46, 47, 55]
[00:00:00:00:527] ! Bidirectional. expansions: 49, time: 80 [ms], path length: 47 [edges], g_F: 45, g_B: 2, generated: 0, MM: 43, MMPER: 88.58333333333333%
[00:00:00:00:527] 
---------- SM_Grids/7x8_grid_with_random_blocks_16per_5 ----------
[00:00:00:07:156] Path of length 45 found: [0, 8, 16, 17, 9, 1, 2, 10, 18, 26, 34, 33, 32, 40, 41, 49, 50, 42, 43, 35, 27, 19, 11, 3, 4, 12, 20, 28, 29, 21, 13, 5, 6, 14, 15, 23, 31, 30, 38, 37, 45, 44, 52, 53, 54, 55]
[00:00:00:07:156] ! Unidirectional s-t. expansions: 4,091, time: 7,156 [ms], path length: 45 [edges], generated: 6,944
[00:00:00:01:081] Path of length 45 found: [55, 54, 53, 52, 44, 45, 37, 29, 30, 38, 39, 31, 23, 15, 7, 6, 14, 13, 5, 4, 3, 2, 1, 9, 10, 11, 12, 20, 28, 27, 35, 43, 42, 50, 49, 41, 40, 32, 33, 34, 26, 18, 17, 16, 8, 0]
[00:00:00:01:081] ! Unidirectional t-s. expansions: 683, time: 1,081 [ms], path length: 45 [edges], generated: 1,220
[00:00:00:05:050] Path of length 45 found: [0, 8, 16, 17, 9, 1, 2, 10, 18, 26, 34, 33, 32, 40, 41, 49, 50, 42, 43, 35, 27, 28, 29, 21, 20, 19, 11, 3, 4, 12, 13, 14, 6, 7, 15, 23, 31, 39, 38, 37, 45, 44, 52, 53, 54, 55]
[00:00:00:05:456] ! Bidirectional. expansions: 3,040, time: 5,050 [ms], path length: 45 [edges], g_F: 30, g_B: 15, generated: 0, MM: 15, MMPER: 31.608695652173914%
[00:00:00:05:456] 
---------- SM_Grids/7x8_grid_with_random_blocks_16per_6 ----------
[00:00:00:00:077] Path of length 45 found: [0, 1, 9, 17, 16, 24, 32, 33, 25, 26, 34, 35, 27, 19, 18, 10, 2, 3, 11, 12, 4, 5, 13, 14, 6, 7, 15, 23, 31, 30, 29, 21, 20, 28, 36, 44, 43, 51, 52, 53, 45, 37, 38, 46, 54, 55]
[00:00:00:00:077] ! Unidirectional s-t. expansions: 44, time: 77 [ms], path length: 45 [edges], generated: 74
[00:00:00:00:111] Path of length 45 found: [55, 54, 46, 38, 30, 31, 23, 15, 7, 6, 14, 13, 5, 4, 3, 2, 10, 18, 19, 11, 12, 20, 21, 29, 37, 45, 53, 52, 51, 43, 44, 36, 28, 27, 35, 34, 26, 25, 33, 32, 24, 16, 17, 9, 1, 0]
[00:00:00:00:111] ! Unidirectional t-s. expansions: 65, time: 111 [ms], path length: 45 [edges], generated: 113
[00:00:00:00:089] Path of length 45 found: [0, 1, 9, 17, 16, 24, 32, 33, 25, 26, 34, 35, 27, 28, 36, 44, 43, 51, 52, 53, 45, 37, 29, 21, 20, 12, 11, 19, 18, 10, 2, 3, 4, 5, 13, 14, 6, 7, 15, 23, 31, 30, 38, 46, 54, 55]
[00:00:00:00:490] ! Bidirectional. expansions: 51, time: 89 [ms], path length: 45 [edges], g_F: 34, g_B: 11, generated: 0, MM: 23, MMPER: 49.0%
[00:00:00:00:490] 
---------- SM_Grids/7x8_grid_with_random_blocks_16per_7 ----------
[00:00:00:00:124] Path of length 47 found: [0, 1, 9, 8, 16, 17, 25, 24, 32, 40, 48, 49, 41, 33, 34, 42, 50, 51, 43, 44, 52, 53, 45, 37, 36, 28, 27, 19, 11, 3, 4, 12, 20, 21, 13, 14, 6, 7, 15, 23, 22, 30, 38, 39, 47, 46, 54, 55]
[00:00:00:00:124] ! Unidirectional s-t. expansions: 46, time: 124 [ms], path length: 47 [edges], generated: 70
[00:00:00:00:084] Path of length 47 found: [55, 47, 39, 38, 30, 22, 23, 15, 7, 6, 14, 13, 21, 20, 12, 4, 3, 11, 19, 27, 28, 36, 37, 45, 46, 54, 53, 52, 44, 43, 51, 50, 42, 34, 33, 41, 49, 48, 40, 32, 24, 25, 17, 16, 8, 9, 1, 0]
[00:00:00:00:084] ! Unidirectional t-s. expansions: 46, time: 84 [ms], path length: 47 [edges], generated: 70
[00:00:00:00:080] Path of length 47 found: [0, 1, 9, 8, 16, 17, 25, 24, 32, 40, 48, 49, 41, 33, 34, 42, 50, 51, 43, 44, 52, 53, 54, 46, 45, 37, 36, 28, 27, 19, 11, 3, 4, 12, 20, 21, 13, 14, 6, 7, 15, 23, 22, 30, 38, 39, 47, 55]
[00:00:00:00:494] ! Bidirectional. expansions: 46, time: 80 [ms], path length: 47 [edges], g_F: 44, g_B: 3, generated: 0, MM: 41, MMPER: 84.41666666666667%
[00:00:00:00:494] 
---------- SM_Grids/7x8_grid_with_random_blocks_16per_8 ----------
[00:00:00:05:692] Path of length 43 found: [0, 8, 16, 17, 9, 10, 2, 3, 4, 12, 20, 19, 18, 26, 25, 33, 32, 40, 41, 42, 50, 51, 43, 35, 36, 28, 29, 21, 13, 5, 6, 7, 15, 23, 31, 30, 38, 37, 45, 53, 54, 46, 47, 55]
[00:00:00:05:693] ! Unidirectional s-t. expansions: 3,656, time: 5,692 [ms], path length: 43 [edges], generated: 6,420
[00:00:00:12:828] Path of length 43 found: [55, 47, 39, 31, 23, 15, 7, 6, 5, 4, 3, 2, 10, 18, 19, 20, 12, 13, 21, 29, 28, 36, 37, 38, 46, 54, 53, 45, 44, 43, 51, 50, 42, 41, 40, 32, 33, 34, 26, 25, 17, 9, 8, 0]
[00:00:00:12:828] ! Unidirectional t-s. expansions: 8,442, time: 12,828 [ms], path length: 43 [edges], generated: 13,969
[00:00:00:10:999] Path of length 43 found: [0, 8, 16, 17, 9, 10, 18, 19, 20, 28, 36, 35, 34, 26, 25, 33, 32, 40, 41, 42, 50, 51, 43, 44, 45, 53, 54, 46, 38, 30, 29, 21, 13, 12, 4, 5, 6, 7, 15, 23, 31, 39, 47, 55]
[00:00:00:11:403] ! Bidirectional. expansions: 6,865, time: 10,999 [ms], path length: 43 [edges], g_F: 30, g_B: 13, generated: 0, MM: 17, MMPER: 37.63636363636363%
[00:00:00:11:403] 
---------- SM_Grids/7x8_grid_with_random_blocks_16per_9 ----------
[00:00:00:00:580] Path of length 45 found: [0, 8, 16, 24, 25, 17, 9, 1, 2, 10, 18, 19, 20, 28, 27, 26, 34, 35, 43, 42, 41, 49, 50, 51, 52, 44, 45, 37, 38, 30, 22, 14, 13, 12, 4, 5, 6, 7, 15, 23, 31, 39, 47, 46, 54, 55]
[00:00:00:00:580] ! Unidirectional s-t. expansions: 263, time: 580 [ms], path length: 45 [edges], generated: 443
[00:00:00:00:595] Path of length 45 found: [55, 54, 46, 47, 39, 31, 23, 15, 7, 6, 5, 4, 3, 2, 10, 18, 19, 27, 28, 20, 12, 13, 14, 22, 30, 38, 37, 45, 44, 52, 51, 50, 49, 41, 42, 43, 35, 34, 26, 25, 24, 16, 17, 9, 1, 0]
[00:00:00:00:595] ! Unidirectional t-s. expansions: 392, time: 595 [ms], path length: 45 [edges], generated: 622
[00:00:00:00:590] Path of length 45 found: [0, 8, 16, 24, 25, 17, 9, 1, 2, 10, 18, 19, 20, 28, 27, 26, 34, 35, 43, 42, 41, 49, 50, 51, 52, 44, 45, 37, 38, 30, 22, 14, 13, 12, 4, 5, 6, 7, 15, 23, 31, 39, 47, 46, 54, 55]
[00:00:00:00:989] ! Bidirectional. expansions: 285, time: 590 [ms], path length: 45 [edges], g_F: 43, g_B: 2, generated: 0, MM: 41, MMPER: 88.1304347826087%

[00:00:00:00:989] average expansions: (1,464, 2,639, 3,097, 0)
[00:00:00:00:989] average time: (2,462, 3,832, 5,082, 0)
[00:00:00:00:989] XIDA: 1,464 , 2,462 (expansions , time[ms])
[00:00:00:00:989] BiXIDA: 3,097 , 5,082 (expansions , time[ms])

