------------------------------------
Thu 01 Oct 2026 10:43:38 IDT
SLURM_JOBID:		21942749
SLURM_JOB_NODELIST:	ise-cpu256-08
SLURM_SCRATCH_DIR:	/scratch/shubit/21942749
Allocated Resouces:	cpu - 2 / mem - 61440 MB / gpu - 
SLURM_GPU_INDEX:	
Running as shubit from shimony account with normal QOS
------------------------------------
Thu 01 Oct 2026 10:43:38 IDT

SLURM_JOBID:		 21942749
SLURM_JOB_NODELIST:	 ise-cpu256-08 

--------------------------
date: SM_Grids
number_of_graphs: 10
graph_type: grid
size_of_graphs: [7, 8]
heuristic: bcc_heuristic
snake: False
run_uni: True
run_bi: True
run_multi: False
solution_vertices: []
algorithms: ['A']
lookahead: -1
bsd: False
cube_first_dims: 4
cube_buffer_dim: None
backward_sym_generation: False
sym_coil: False
prefix_set: None

---------- SM_Grids/7x8_grid_with_random_blocks_12per_0 ----------
[00:00:00:15:922] Expansion 10,000: state None, f=48, g=28
[00:00:00:33:503] Expansion 20,000: state None, f=48, g=35
[00:00:00:34:341] Path of length 47 found: [0, 1, 2, 3, 4, 5, 6, 7, 15, 23, 31, 30, 29, 28, 27, 19, 20, 21, 22, 14, 13, 12, 11, 10, 18, 26, 34, 42, 41, 33, 25, 17, 16, 24, 32, 40, 48, 49, 50, 51, 43, 44, 45, 37, 38, 46, 47, 55]
[00:00:00:34:342] ! Unidirectional s-t. expansions: 20,326, time: 34,341 [ms], path length: 47 [edges], generated: 32,937
[00:00:00:10:129] Path of length 47 found: [55, 47, 46, 45, 44, 43, 51, 50, 49, 48, 40, 41, 42, 34, 33, 32, 24, 16, 17, 25, 26, 18, 19, 27, 28, 20, 21, 22, 30, 29, 37, 38, 39, 31, 23, 15, 7, 6, 14, 13, 5, 4, 12, 11, 3, 2, 1, 0]
[00:00:00:10:130] ! Unidirectional t-s. expansions: 5,591, time: 10,129 [ms], path length: 47 [edges], generated: 9,610
[00:00:00:17:724] Path of length 47 found: [0, 1, 2, 10, 18, 17, 16, 24, 32, 40, 48, 49, 41, 33, 25, 26, 34, 42, 50, 51, 43, 44, 45, 37, 38, 30, 29, 21, 22, 14, 13, 12, 20, 28, 27, 19, 11, 3, 4, 5, 6, 7, 15, 23, 31, 39, 47, 55]
[00:00:00:18:117] ! Bidirectional. expansions: 14,562, time: 17,724 [ms], path length: 47 [edges], g_F: 24, g_B: 23, generated: 0, MM: 1, MMPER: 1.0833333333333335%
[00:00:00:18:117] 
---------- SM_Grids/7x8_grid_with_random_blocks_12per_1 ----------
[00:00:00:11:746] Path of length 47 found: [0, 8, 9, 10, 2, 3, 4, 12, 11, 19, 27, 35, 34, 33, 25, 26, 18, 17, 16, 24, 32, 40, 41, 42, 50, 51, 43, 44, 36, 28, 20, 21, 13, 5, 6, 14, 15, 23, 22, 30, 38, 37, 45, 53, 54, 46, 47, 55]
[00:00:00:11:747] ! Unidirectional s-t. expansions: 5,589, time: 11,746 [ms], path length: 47 [edges], generated: 9,176
[00:00:00:00:118] Path of length 47 found: [55, 54, 53, 45, 46, 47, 39, 38, 30, 22, 23, 15, 14, 6, 5, 4, 3, 2, 10, 9, 17, 25, 33, 34, 26, 18, 19, 11, 12, 13, 21, 20, 28, 27, 35, 36, 44, 43, 51, 50, 42, 41, 40, 32, 24, 16, 8, 0]
[00:00:00:00:118] ! Unidirectional t-s. expansions: 50, time: 118 [ms], path length: 47 [edges], generated: 85
[00:00:00:00:352] Path of length 47 found: [0, 8, 16, 24, 32, 40, 41, 33, 25, 17, 9, 10, 2, 3, 11, 19, 18, 26, 34, 42, 50, 51, 43, 44, 36, 35, 27, 28, 20, 21, 13, 12, 4, 5, 6, 14, 15, 23, 22, 30, 38, 39, 47, 46, 45, 53, 54, 55]
[00:00:00:00:719] ! Bidirectional. expansions: 161, time: 352 [ms], path length: 47 [edges], g_F: 24, g_B: 23, generated: 0, MM: 1, MMPER: 1.0833333333333335%
[00:00:00:00:719] 
---------- SM_Grids/7x8_grid_with_random_blocks_12per_2 ----------
[00:00:00:13:982] Path of length 45 found: [0, 1, 2, 3, 4, 5, 6, 7, 15, 14, 13, 21, 22, 23, 31, 39, 38, 37, 29, 28, 20, 19, 11, 10, 18, 17, 9, 8, 16, 24, 32, 40, 48, 49, 41, 33, 34, 26, 27, 35, 43, 44, 52, 53, 54, 55]
[00:00:00:13:982] ! Unidirectional s-t. expansions: 6,493, time: 13,982 [ms], path length: 45 [edges], generated: 10,962
[00:00:00:01:939] Path of length 45 found: [55, 54, 53, 52, 44, 43, 35, 36, 28, 27, 26, 34, 33, 41, 49, 48, 40, 32, 24, 16, 8, 9, 17, 18, 10, 11, 19, 20, 21, 29, 37, 38, 39, 31, 23, 22, 14, 15, 7, 6, 5, 4, 3, 2, 1, 0]
[00:00:00:01:940] ! Unidirectional t-s. expansions: 830, time: 1,939 [ms], path length: 45 [edges], generated: 1,492
[00:00:00:04:179] Path of length 45 found: [0, 8, 9, 1, 2, 10, 11, 3, 4, 5, 13, 21, 22, 14, 6, 7, 15, 23, 31, 39, 38, 37, 29, 28, 20, 19, 18, 17, 16, 24, 32, 40, 48, 49, 41, 33, 34, 26, 27, 35, 43, 44, 52, 53, 54, 55]
[00:00:00:04:552] ! Bidirectional. expansions: 2,926, time: 4,179 [ms], path length: 45 [edges], g_F: 23, g_B: 22, generated: 0, MM: 1, MMPER: 1.1739130434782608%
[00:00:00:04:553] 
---------- SM_Grids/7x8_grid_with_random_blocks_12per_3 ----------
[00:00:00:19:737] Expansion 10,000: state None, f=46, g=31
[00:00:00:39:399] Expansion 20,000: state None, f=46, g=20
[00:00:00:58:679] Expansion 30,000: state None, f=46, g=29
[00:00:01:17:291] Expansion 40,000: state None, f=46, g=39
[00:00:01:32:964] Path of length 45 found: [0, 1, 2, 3, 4, 5, 6, 14, 22, 21, 29, 28, 36, 35, 43, 42, 34, 26, 27, 19, 20, 12, 11, 10, 9, 8, 16, 17, 25, 24, 32, 33, 41, 49, 50, 51, 52, 44, 45, 37, 38, 30, 31, 39, 47, 55]
[00:00:01:32:965] ! Unidirectional s-t. expansions: 47,827, time: 92,964 [ms], path length: 45 [edges], generated: 83,098
[00:00:00:19:425] Expansion 10,000: state None, f=46, g=36
[00:00:00:37:584] Expansion 20,000: state None, f=46, g=36
[00:00:00:56:014] Expansion 30,000: state None, f=46, g=37
[00:00:01:13:991] Expansion 40,000: state None, f=46, g=37
[00:00:01:31:241] Path of length 45 found: [55, 47, 46, 45, 53, 52, 51, 50, 49, 41, 33, 32, 24, 16, 17, 25, 26, 34, 42, 43, 44, 36, 37, 38, 39, 31, 30, 29, 28, 27, 19, 20, 21, 22, 14, 6, 5, 4, 12, 11, 3, 2, 10, 9, 1, 0]
[00:00:01:31:241] ! Unidirectional t-s. expansions: 49,224, time: 91,241 [ms], path length: 45 [edges], generated: 81,475
[00:00:00:56:232] Expansions: 50,000. F states: 48,411, B states: 48,386. Checks: 96,798)
[00:00:01:06:626] Path of length 45 found: [0, 8, 16, 17, 25, 24, 32, 33, 41, 49, 50, 51, 52, 53, 45, 37, 36, 44, 43, 42, 34, 26, 27, 19, 20, 12, 11, 10, 9, 1, 2, 3, 4, 5, 6, 14, 22, 21, 29, 30, 31, 39, 38, 46, 47, 55]
[00:00:01:06:993] ! Bidirectional. expansions: 57,762, time: 66,626 [ms], path length: 45 [edges], g_F: 23, g_B: 22, generated: 0, MM: 1, MMPER: 1.1739130434782608%
[00:00:01:06:993] 
---------- SM_Grids/7x8_grid_with_random_blocks_12per_4 ----------
[00:00:00:18:860] Expansion 10,000: state None, f=46, g=37
[00:00:00:36:635] Expansion 20,000: state None, f=46, g=35
[00:00:00:54:562] Path of length 45 found: [0, 1, 2, 10, 9, 17, 18, 19, 11, 12, 20, 21, 13, 5, 6, 7, 15, 23, 22, 30, 31, 39, 38, 37, 36, 28, 27, 35, 34, 33, 25, 24, 32, 40, 48, 49, 41, 42, 43, 51, 52, 53, 45, 46, 54, 55]
[00:00:00:54:562] ! Unidirectional s-t. expansions: 28,883, time: 54,562 [ms], path length: 45 [edges], generated: 50,261
[00:00:00:19:289] Expansion 10,000: state None, f=47, g=17
[00:00:00:36:292] Expansion 20,000: state None, f=46, g=26
[00:00:00:57:171] Expansion 30,000: state None, f=46, g=7
[00:00:01:00:128] Path of length 45 found: [55, 54, 46, 47, 39, 31, 23, 15, 7, 6, 5, 4, 12, 13, 21, 22, 30, 38, 37, 45, 53, 52, 51, 50, 49, 48, 40, 32, 24, 16, 17, 25, 33, 41, 42, 43, 35, 36, 28, 20, 19, 11, 10, 2, 1, 0]
[00:00:01:00:128] ! Unidirectional t-s. expansions: 31,025, time: 60,128 [ms], path length: 45 [edges], generated: 51,896
[00:00:00:58:420] Expansions: 50,000. F states: 44,477, B states: 43,195. Checks: 87,673)
[00:00:01:21:258] Path of length 45 found: [0, 1, 2, 10, 9, 17, 18, 19, 11, 12, 4, 5, 6, 7, 15, 23, 31, 30, 22, 21, 20, 28, 27, 35, 34, 42, 41, 33, 25, 24, 32, 40, 48, 49, 50, 51, 52, 53, 54, 46, 45, 37, 38, 39, 47, 55]
[00:00:01:21:634] ! Bidirectional. expansions: 66,180, time: 81,258 [ms], path length: 45 [edges], g_F: 23, g_B: 22, generated: 0, MM: 1, MMPER: 1.1739130434782608%
[00:00:01:21:634] 
---------- SM_Grids/7x8_grid_with_random_blocks_12per_5 ----------
[00:00:00:23:345] Expansion 10,000: state None, f=46, g=35
[00:00:00:46:536] Expansion 20,000: state None, f=46, g=22
[00:00:00:55:381] Path of length 45 found: [0, 8, 16, 17, 25, 33, 32, 40, 48, 49, 50, 51, 52, 53, 45, 46, 38, 30, 29, 21, 20, 28, 36, 35, 34, 26, 27, 19, 18, 10, 9, 1, 2, 3, 11, 12, 4, 5, 13, 14, 22, 23, 31, 39, 47, 55]
[00:00:00:55:381] ! Unidirectional s-t. expansions: 23,354, time: 55,381 [ms], path length: 45 [edges], generated: 42,156
[00:00:00:20:175] Expansion 10,000: state None, f=46, g=15
[00:00:00:20:418] Path of length 45 found: [55, 47, 46, 45, 53, 52, 51, 50, 49, 48, 40, 32, 33, 34, 35, 36, 28, 27, 26, 25, 17, 16, 8, 9, 10, 18, 19, 20, 21, 29, 30, 38, 39, 31, 23, 22, 14, 6, 5, 13, 12, 4, 3, 2, 1, 0]
[00:00:00:20:418] ! Unidirectional t-s. expansions: 10,055, time: 20,418 [ms], path length: 45 [edges], generated: 17,548
[00:00:00:44:355] Path of length 45 found: [0, 8, 16, 17, 9, 1, 2, 10, 18, 19, 11, 3, 4, 12, 20, 28, 36, 35, 27, 26, 25, 33, 32, 40, 48, 49, 50, 51, 52, 53, 45, 46, 38, 30, 29, 21, 13, 5, 6, 14, 22, 23, 31, 39, 47, 55]
[00:00:00:44:731] ! Bidirectional. expansions: 34,189, time: 44,355 [ms], path length: 45 [edges], g_F: 23, g_B: 22, generated: 0, MM: 1, MMPER: 1.1739130434782608%
[00:00:00:44:732] 
---------- SM_Grids/7x8_grid_with_random_blocks_12per_6 ----------
[00:00:00:00:106] Path of length 47 found: [0, 8, 9, 17, 18, 10, 2, 3, 11, 19, 27, 26, 34, 33, 32, 40, 48, 49, 41, 42, 50, 51, 43, 35, 36, 28, 20, 21, 29, 37, 45, 44, 52, 53, 54, 46, 38, 30, 22, 14, 6, 7, 15, 23, 31, 39, 47, 55]
[00:00:00:00:107] ! Unidirectional s-t. expansions: 47, time: 106 [ms], path length: 47 [edges], generated: 78
[00:00:00:00:214] Path of length 47 found: [55, 47, 39, 31, 23, 15, 7, 6, 14, 22, 21, 20, 28, 36, 35, 43, 44, 45, 37, 29, 30, 38, 46, 54, 53, 52, 51, 50, 42, 41, 49, 48, 40, 32, 33, 34, 26, 27, 19, 11, 3, 2, 10, 18, 17, 9, 8, 0]
[00:00:00:00:215] ! Unidirectional t-s. expansions: 93, time: 214 [ms], path length: 47 [edges], generated: 158
[00:00:00:00:078] Path of length 47 found: [0, 8, 9, 17, 18, 10, 2, 3, 11, 19, 27, 26, 34, 33, 32, 40, 48, 49, 41, 42, 50, 51, 52, 53, 54, 46, 38, 30, 29, 37, 45, 44, 43, 35, 36, 28, 20, 21, 22, 14, 6, 7, 15, 23, 31, 39, 47, 55]
[00:00:00:00:457] ! Bidirectional. expansions: 47, time: 78 [ms], path length: 47 [edges], g_F: 24, g_B: 23, generated: 0, MM: 1, MMPER: 1.0833333333333335%
[00:00:00:00:457] 
---------- SM_Grids/7x8_grid_with_random_blocks_12per_7 ----------
[00:00:00:00:145] Path of length 47 found: [0, 8, 9, 1, 2, 10, 18, 17, 25, 33, 41, 49, 50, 42, 34, 26, 27, 35, 43, 51, 52, 44, 36, 28, 20, 19, 11, 3, 4, 12, 13, 5, 6, 14, 15, 23, 31, 30, 29, 37, 45, 53, 54, 46, 38, 39, 47, 55]
[00:00:00:00:145] ! Unidirectional s-t. expansions: 61, time: 145 [ms], path length: 47 [edges], generated: 104
[00:00:00:00:705] Path of length 47 found: [55, 47, 39, 31, 23, 15, 14, 6, 5, 13, 12, 4, 3, 11, 19, 20, 28, 27, 26, 34, 42, 43, 35, 36, 44, 45, 37, 29, 30, 38, 46, 54, 53, 52, 51, 50, 49, 41, 33, 25, 17, 18, 10, 2, 1, 9, 8, 0]
[00:00:00:00:705] ! Unidirectional t-s. expansions: 355, time: 705 [ms], path length: 47 [edges], generated: 634
[00:00:00:00:079] Path of length 47 found: [0, 8, 9, 1, 2, 10, 18, 17, 25, 33, 41, 49, 50, 42, 34, 26, 27, 35, 43, 51, 52, 53, 54, 46, 38, 30, 29, 37, 45, 44, 36, 28, 20, 19, 11, 3, 4, 12, 13, 5, 6, 14, 15, 23, 31, 39, 47, 55]
[00:00:00:00:462] ! Bidirectional. expansions: 47, time: 79 [ms], path length: 47 [edges], g_F: 24, g_B: 23, generated: 0, MM: 1, MMPER: 1.0833333333333335%
[00:00:00:00:462] 
---------- SM_Grids/7x8_grid_with_random_blocks_12per_8 ----------
[00:00:00:21:251] Expansion 10,000: state None, f=48, g=30
[00:00:00:21:461] Path of length 47 found: [0, 1, 2, 3, 4, 5, 6, 7, 15, 14, 22, 21, 13, 12, 20, 19, 11, 10, 18, 17, 9, 8, 16, 24, 32, 33, 34, 26, 27, 35, 43, 42, 50, 51, 52, 53, 54, 46, 45, 44, 36, 28, 29, 30, 31, 39, 47, 55]
[00:00:00:21:461] ! Unidirectional s-t. expansions: 10,065, time: 21,461 [ms], path length: 47 [edges], generated: 17,878
[00:00:00:18:102] Expansion 10,000: state None, f=48, g=35
[00:00:00:36:068] Expansion 20,000: state None, f=48, g=30
[00:00:00:53:851] Expansion 30,000: state None, f=48, g=9
[00:00:01:12:482] Path of length 47 found: [55, 54, 53, 52, 51, 50, 42, 43, 44, 45, 46, 47, 39, 31, 30, 29, 37, 36, 35, 34, 33, 32, 24, 16, 17, 18, 26, 27, 28, 20, 19, 11, 12, 13, 21, 22, 14, 15, 7, 6, 5, 4, 3, 2, 10, 9, 1, 0]
[00:00:01:12:483] ! Unidirectional t-s. expansions: 39,972, time: 72,482 [ms], path length: 47 [edges], generated: 65,422
[00:00:00:33:523] Path of length 47 found: [0, 8, 16, 24, 32, 33, 34, 26, 18, 17, 9, 1, 2, 10, 11, 3, 4, 12, 20, 19, 27, 28, 36, 35, 43, 42, 50, 51, 52, 53, 54, 46, 45, 37, 29, 21, 13, 5, 6, 7, 15, 14, 22, 30, 31, 39, 47, 55]
[00:00:00:33:928] ! Bidirectional. expansions: 26,966, time: 33,523 [ms], path length: 47 [edges], g_F: 24, g_B: 23, generated: 0, MM: 1, MMPER: 1.0833333333333335%
[00:00:00:33:928] 
---------- SM_Grids/7x8_grid_with_random_blocks_12per_9 ----------
[00:00:00:01:463] Path of length 47 found: [0, 8, 16, 17, 25, 24, 32, 33, 34, 42, 41, 40, 48, 49, 50, 51, 43, 44, 36, 35, 27, 26, 18, 10, 2, 3, 11, 19, 20, 28, 29, 21, 13, 5, 6, 7, 15, 14, 22, 23, 31, 30, 38, 39, 47, 46, 54, 55]
[00:00:00:01:464] ! Unidirectional s-t. expansions: 565, time: 1,463 [ms], path length: 47 [edges], generated: 982
[00:00:00:01:326] Path of length 47 found: [55, 54, 46, 47, 39, 38, 30, 31, 23, 22, 14, 15, 7, 6, 5, 13, 21, 29, 28, 36, 44, 43, 51, 50, 49, 48, 40, 32, 33, 41, 42, 34, 35, 27, 19, 20, 12, 11, 3, 2, 10, 18, 26, 25, 17, 16, 8, 0]
[00:00:00:01:326] ! Unidirectional t-s. expansions: 708, time: 1,326 [ms], path length: 47 [edges], generated: 1,204
[00:00:00:01:355] Path of length 47 found: [0, 8, 16, 24, 32, 40, 48, 49, 41, 42, 50, 51, 43, 44, 36, 28, 29, 21, 20, 19, 27, 35, 34, 26, 25, 17, 18, 10, 2, 3, 11, 12, 13, 5, 6, 7, 15, 14, 22, 23, 31, 30, 38, 39, 47, 46, 54, 55]
[00:00:00:01:749] ! Bidirectional. expansions: 1,162, time: 1,355 [ms], path length: 47 [edges], g_F: 24, g_B: 23, generated: 0, MM: 1, MMPER: 1.0833333333333335%

[00:00:00:01:750] average expansions: (14,321, 13,790, 20,400, 0)
[00:00:00:01:750] average time: (28,615, 25,870, 24,953, 0)
[00:00:00:01:750] XA*: 13,790 , 25,870 (expansions , time[ms])
[00:00:00:01:750] BiXA*: 20,400 , 24,953 (expansions , time[ms])

