------------------------------------
Thu 01 Oct 2026 12:14:40 IDT
SLURM_JOBID:		21944111
SLURM_JOB_NODELIST:	ise-cpu256-14
SLURM_SCRATCH_DIR:	/scratch/shubit/21944111
Allocated Resouces:	cpu - 2 / mem - 61440 MB / gpu - 
SLURM_GPU_INDEX:	
Running as shubit from shimony account with normal QOS
------------------------------------
Thu 01 Oct 2026 12:14:40 IDT

SLURM_JOBID:		 21944111
SLURM_JOB_NODELIST:	 ise-cpu256-14 

--------------------------
date: SM_Grids
number_of_graphs: 10
graph_type: grid
size_of_graphs: [7, 8]
heuristic: bcc_heuristic
snake: False
run_uni: True
run_bi: True
run_multi: False
solution_vertices: []
algorithms: ['IDA']
lookahead: 4
bsd: False
cube_first_dims: 4
cube_buffer_dim: None
backward_sym_generation: False
sym_coil: False
prefix_set: None

---------- SM_Grids/7x8_grid_with_random_blocks_8per_0 ----------
[00:00:01:31:308] Valid states checked so far: 200,000, Expansions: 8,631, Global best: 46
[00:00:03:06:746] Valid states checked so far: 400,000, Expansions: 17,618, Global best: 46
[00:00:04:13:911] Valid states checked so far: 600,000, Expansions: 29,638, Global best: 48
[00:00:05:20:086] Valid states checked so far: 800,000, Expansions: 42,181, Global best: 48
[00:00:06:26:126] Valid states checked so far: 1,000,000, Expansions: 53,922, Global best: 48
[00:00:07:38:491] Valid states checked so far: 1,200,000, Expansions: 65,064, Global best: 48
[00:00:08:52:153] Valid states checked so far: 1,400,000, Expansions: 76,477, Global best: 48
[00:00:10:04:026] Valid states checked so far: 1,600,000, Expansions: 88,026, Global best: 48
[00:00:11:20:301] Valid states checked so far: 1,800,000, Expansions: 99,941, Global best: 48
[00:00:12:27:723] Valid states checked so far: 2,000,000, Expansions: 111,335, Global best: 48
[00:00:13:34:988] Valid states checked so far: 2,200,000, Expansions: 122,840, Global best: 48
[00:00:14:50:138] Valid states checked so far: 2,400,000, Expansions: 134,724, Global best: 48
[00:00:16:02:180] Valid states checked so far: 2,600,000, Expansions: 146,416, Global best: 48
[00:00:17:16:191] Valid states checked so far: 2,800,000, Expansions: 158,809, Global best: 48
[00:00:18:29:950] Valid states checked so far: 3,000,000, Expansions: 171,711, Global best: 48
[00:00:19:35:887] Path of length 47 found: [0, 8, 16, 24, 32, 33, 25, 17, 9, 1, 2, 10, 18, 26, 34, 42, 50, 51, 52, 53, 45, 44, 36, 35, 27, 19, 11, 3, 4, 12, 20, 28, 29, 21, 13, 5, 6, 7, 15, 14, 22, 23, 31, 30, 38, 46, 47, 55]
[00:00:19:35:888] ! Unidirectional s-t. expansions: 181,200, time: 1,175,887 [ms], path length: 47 [edges], generated: 3,166,795
[00:00:01:37:620] Valid states checked so far: 200,000, Expansions: 9,628, Global best: 48
[00:00:03:03:496] Valid states checked so far: 400,000, Expansions: 20,265, Global best: 48
[00:00:04:33:194] Valid states checked so far: 600,000, Expansions: 30,168, Global best: 48
[00:00:05:51:886] Valid states checked so far: 800,000, Expansions: 41,124, Global best: 48
[00:00:07:17:770] Valid states checked so far: 1,000,000, Expansions: 51,179, Global best: 48
[00:00:08:42:666] Valid states checked so far: 1,200,000, Expansions: 61,855, Global best: 48
[00:00:10:03:468] Valid states checked so far: 1,400,000, Expansions: 72,962, Global best: 48
[00:00:10:06:819] Path of length 47 found: [55, 47, 39, 31, 23, 15, 7, 6, 5, 4, 3, 2, 10, 18, 19, 11, 12, 20, 28, 27, 35, 36, 37, 29, 21, 13, 14, 22, 30, 38, 46, 45, 44, 52, 51, 50, 42, 34, 26, 25, 33, 32, 24, 16, 17, 9, 1, 0]
[00:00:10:06:819] ! Unidirectional t-s. expansions: 73,517, time: 606,819 [ms], path length: 47 [edges], generated: 1,409,585
[00:00:13:16:454] Path of length 47 found: [0, 8, 16, 24, 32, 33, 25, 17, 9, 1, 2, 10, 18, 26, 34, 42, 50, 51, 52, 44, 45, 46, 38, 30, 29, 21, 22, 14, 13, 12, 20, 28, 36, 35, 27, 19, 11, 3, 4, 5, 6, 7, 15, 23, 31, 39, 47, 55]
[00:00:13:16:910] ! Bidirectional. expansions: 150,270, time: 796,454 [ms], path length: 47 [edges], g_F: 24, g_B: 23, generated: 0, MM: 1, MMPER: 1.0833333333333335%
[00:00:13:16:911] 
---------- SM_Grids/7x8_grid_with_random_blocks_8per_1 ----------
[00:00:00:31:919] Path of length 49 found: [0, 1, 9, 17, 16, 24, 32, 40, 48, 49, 41, 42, 34, 33, 25, 26, 18, 19, 27, 28, 20, 12, 11, 3, 4, 5, 13, 21, 29, 30, 22, 14, 6, 7, 15, 23, 31, 39, 38, 37, 36, 44, 43, 51, 52, 53, 45, 46, 54, 55]
[00:00:00:31:919] ! Unidirectional s-t. expansions: 3,447, time: 31,919 [ms], path length: 49 [edges], generated: 64,089
[00:00:01:39:364] Valid states checked so far: 200,000, Expansions: 9,830, Global best: 50
[00:00:03:12:823] Valid states checked so far: 400,000, Expansions: 20,296, Global best: 50
[00:00:04:21:918] Path of length 49 found: [55, 47, 39, 31, 23, 15, 7, 6, 5, 13, 14, 22, 21, 20, 12, 4, 3, 11, 19, 18, 26, 27, 28, 36, 44, 45, 37, 29, 30, 38, 46, 54, 53, 52, 51, 43, 42, 34, 33, 41, 49, 48, 40, 32, 24, 16, 17, 9, 1, 0]
[00:00:04:21:919] ! Unidirectional t-s. expansions: 28,299, time: 261,918 [ms], path length: 49 [edges], generated: 547,225
[00:00:01:09:675] Path of length 49 found: [0, 1, 9, 17, 16, 24, 32, 40, 48, 49, 41, 42, 34, 33, 25, 26, 18, 19, 27, 28, 36, 44, 43, 51, 52, 53, 45, 46, 38, 37, 29, 30, 22, 14, 13, 21, 20, 12, 11, 3, 4, 5, 6, 7, 15, 23, 31, 39, 47, 55]
[00:00:01:10:151] ! Bidirectional. expansions: 11,066, time: 69,675 [ms], path length: 49 [edges], g_F: 25, g_B: 24, generated: 0, MM: 1, MMPER: 1.0%
[00:00:01:10:151] 
---------- SM_Grids/7x8_grid_with_random_blocks_8per_2 ----------
[00:00:01:37:956] Valid states checked so far: 200,000, Expansions: 7,683, Global best: 46
[00:00:02:17:702] Path of length 47 found: [0, 8, 16, 24, 32, 40, 41, 49, 50, 42, 34, 33, 25, 17, 9, 1, 2, 3, 11, 10, 18, 26, 27, 19, 20, 12, 13, 21, 29, 28, 36, 35, 43, 51, 52, 44, 45, 37, 38, 30, 22, 23, 31, 39, 47, 46, 54, 55]
[00:00:02:17:702] ! Unidirectional s-t. expansions: 11,144, time: 137,702 [ms], path length: 47 [edges], generated: 277,243
[00:00:01:22:716] Valid states checked so far: 200,000, Expansions: 11,867, Global best: 48
[00:00:02:45:893] Valid states checked so far: 400,000, Expansions: 23,250, Global best: 48
[00:00:04:08:600] Valid states checked so far: 600,000, Expansions: 34,797, Global best: 48
[00:00:05:08:586] Path of length 47 found: [55, 47, 39, 31, 23, 22, 21, 13, 12, 11, 3, 2, 10, 18, 26, 25, 33, 34, 42, 43, 35, 27, 19, 20, 28, 36, 44, 45, 37, 29, 30, 38, 46, 54, 53, 52, 51, 50, 49, 41, 40, 32, 24, 16, 17, 9, 1, 0]
[00:00:05:08:587] ! Unidirectional t-s. expansions: 43,204, time: 308,586 [ms], path length: 47 [edges], generated: 746,275
[00:00:04:25:026] Path of length 47 found: [0, 8, 16, 24, 32, 40, 41, 49, 50, 42, 43, 51, 52, 44, 45, 53, 54, 46, 38, 30, 29, 37, 36, 28, 27, 26, 34, 33, 25, 17, 18, 10, 9, 1, 2, 3, 11, 19, 20, 12, 13, 21, 22, 23, 31, 39, 47, 55]
[00:00:04:25:449] ! Bidirectional. expansions: 35,294, time: 265,026 [ms], path length: 47 [edges], g_F: 24, g_B: 23, generated: 0, MM: 1, MMPER: 1.0833333333333335%
[00:00:04:25:449] 
---------- SM_Grids/7x8_grid_with_random_blocks_8per_3 ----------
[00:00:00:29:199] Path of length 49 found: [0, 8, 16, 24, 32, 40, 48, 49, 41, 33, 34, 42, 50, 51, 43, 35, 27, 26, 18, 17, 9, 1, 2, 10, 11, 3, 4, 12, 20, 28, 36, 44, 45, 37, 29, 21, 13, 5, 6, 7, 15, 14, 22, 23, 31, 39, 38, 46, 47, 55]
[00:00:00:29:199] ! Unidirectional s-t. expansions: 2,286, time: 29,199 [ms], path length: 49 [edges], generated: 53,660
[00:00:01:25:735] Valid states checked so far: 200,000, Expansions: 11,185, Global best: 50
[00:00:01:37:510] Path of length 49 found: [55, 47, 39, 31, 23, 15, 7, 6, 5, 4, 3, 2, 10, 18, 26, 27, 19, 11, 12, 13, 14, 22, 21, 20, 28, 29, 37, 38, 46, 45, 44, 36, 35, 34, 33, 41, 42, 43, 51, 50, 49, 48, 40, 32, 24, 16, 8, 9, 1, 0]
[00:00:01:37:511] ! Unidirectional t-s. expansions: 13,193, time: 97,510 [ms], path length: 49 [edges], generated: 231,513
[00:00:01:03:744] Path of length 49 found: [0, 8, 16, 24, 32, 40, 48, 49, 41, 33, 34, 42, 50, 51, 43, 35, 27, 26, 18, 17, 9, 1, 2, 10, 11, 19, 20, 28, 36, 44, 45, 46, 38, 37, 29, 21, 22, 14, 13, 12, 4, 5, 6, 7, 15, 23, 31, 39, 47, 55]
[00:00:01:04:148] ! Bidirectional. expansions: 10,862, time: 63,744 [ms], path length: 49 [edges], g_F: 25, g_B: 24, generated: 0, MM: 1, MMPER: 1.0%
[00:00:01:04:148] 
---------- SM_Grids/7x8_grid_with_random_blocks_8per_4 ----------
[00:00:00:54:177] Path of length 49 found: [0, 8, 16, 24, 32, 40, 48, 49, 41, 33, 25, 17, 9, 1, 2, 10, 11, 19, 27, 26, 34, 42, 50, 51, 43, 35, 36, 44, 52, 53, 54, 46, 45, 37, 29, 28, 20, 21, 13, 5, 6, 7, 15, 14, 22, 30, 31, 39, 47, 55]
[00:00:00:54:177] ! Unidirectional s-t. expansions: 7,131, time: 54,177 [ms], path length: 49 [edges], generated: 145,595
[00:00:00:14:221] Path of length 49 found: [55, 47, 39, 31, 23, 15, 7, 6, 5, 13, 14, 22, 30, 29, 21, 20, 19, 11, 10, 2, 1, 9, 17, 25, 33, 41, 42, 34, 26, 27, 35, 43, 44, 36, 37, 45, 46, 54, 53, 52, 51, 50, 49, 48, 40, 32, 24, 16, 8, 0]
[00:00:00:14:222] ! Unidirectional t-s. expansions: 1,470, time: 14,221 [ms], path length: 49 [edges], generated: 26,344
[00:00:00:27:602] Path of length 49 found: [0, 8, 16, 24, 32, 40, 48, 49, 41, 33, 25, 17, 9, 1, 2, 10, 11, 19, 27, 26, 34, 35, 43, 42, 50, 51, 52, 53, 54, 46, 45, 37, 36, 28, 20, 21, 29, 30, 22, 14, 13, 5, 6, 7, 15, 23, 31, 39, 47, 55]
[00:00:00:27:992] ! Bidirectional. expansions: 4,415, time: 27,602 [ms], path length: 49 [edges], g_F: 25, g_B: 24, generated: 0, MM: 1, MMPER: 1.0%
[00:00:00:27:992] 
---------- SM_Grids/7x8_grid_with_random_blocks_8per_5 ----------
[00:00:00:33:116] Path of length 49 found: [0, 8, 16, 24, 32, 40, 48, 49, 41, 33, 34, 26, 25, 17, 9, 1, 2, 10, 18, 19, 27, 28, 36, 44, 43, 51, 52, 53, 45, 37, 38, 30, 22, 21, 13, 12, 11, 3, 4, 5, 6, 14, 15, 23, 31, 39, 47, 46, 54, 55]
[00:00:00:33:116] ! Unidirectional s-t. expansions: 3,006, time: 33,116 [ms], path length: 49 [edges], generated: 61,629
[00:00:00:21:048] Path of length 49 found: [55, 47, 39, 38, 30, 31, 23, 15, 7, 6, 14, 22, 21, 13, 5, 4, 12, 11, 3, 2, 1, 9, 10, 18, 19, 27, 28, 36, 37, 45, 46, 54, 53, 52, 44, 43, 51, 50, 49, 48, 40, 32, 33, 34, 26, 25, 17, 16, 8, 0]
[00:00:00:21:049] ! Unidirectional t-s. expansions: 2,318, time: 21,049 [ms], path length: 49 [edges], generated: 41,567
[00:00:01:21:834] Path of length 49 found: [0, 8, 16, 24, 32, 40, 48, 49, 41, 33, 34, 26, 25, 17, 9, 1, 2, 3, 4, 5, 6, 7, 15, 14, 22, 21, 13, 12, 11, 10, 18, 19, 27, 28, 36, 44, 43, 51, 52, 53, 54, 46, 45, 37, 38, 30, 31, 39, 47, 55]
[00:00:01:22:224] ! Bidirectional. expansions: 8,984, time: 81,835 [ms], path length: 49 [edges], g_F: 25, g_B: 24, generated: 0, MM: 1, MMPER: 1.0%
[00:00:01:22:224] 
---------- SM_Grids/7x8_grid_with_random_blocks_8per_6 ----------
[00:00:01:21:843] Valid states checked so far: 200,000, Expansions: 7,943, Global best: 50
[00:00:01:22:116] Path of length 49 found: [0, 8, 16, 24, 32, 40, 48, 49, 41, 33, 25, 17, 9, 1, 2, 10, 18, 26, 34, 42, 50, 51, 43, 35, 27, 19, 11, 12, 20, 21, 22, 14, 6, 7, 15, 23, 31, 39, 47, 46, 38, 30, 29, 28, 36, 44, 45, 53, 54, 55]
[00:00:01:22:116] ! Unidirectional s-t. expansions: 7,952, time: 82,116 [ms], path length: 49 [edges], generated: 200,319
[00:00:00:32:733] Path of length 49 found: [55, 47, 39, 31, 23, 15, 7, 6, 14, 22, 21, 20, 12, 11, 19, 18, 26, 25, 33, 41, 42, 34, 35, 27, 28, 36, 37, 29, 30, 38, 46, 54, 53, 45, 44, 43, 51, 50, 49, 48, 40, 32, 24, 16, 17, 9, 10, 2, 1, 0]
[00:00:00:32:733] ! Unidirectional t-s. expansions: 3,162, time: 32,733 [ms], path length: 49 [edges], generated: 68,161
[00:00:01:16:840] Path of length 49 found: [0, 8, 16, 24, 32, 40, 48, 49, 41, 33, 25, 17, 9, 1, 2, 10, 18, 26, 34, 42, 50, 51, 43, 35, 36, 37, 45, 53, 54, 46, 38, 30, 29, 28, 27, 19, 11, 12, 20, 21, 22, 14, 6, 7, 15, 23, 31, 39, 47, 55]
[00:00:01:17:218] ! Bidirectional. expansions: 13,575, time: 76,840 [ms], path length: 49 [edges], g_F: 25, g_B: 24, generated: 0, MM: 1, MMPER: 1.0%
[00:00:01:17:219] 
---------- SM_Grids/7x8_grid_with_random_blocks_8per_7 ----------
[00:00:00:00:163] Path of length 51 found: [0, 1, 9, 17, 16, 24, 32, 40, 48, 49, 41, 33, 25, 26, 18, 10, 2, 3, 11, 19, 20, 12, 4, 5, 13, 21, 29, 28, 36, 35, 34, 42, 43, 51, 52, 53, 45, 37, 38, 30, 22, 14, 6, 7, 15, 23, 31, 39, 47, 46, 54, 55]
[00:00:00:00:163] ! Unidirectional s-t. expansions: 13, time: 163 [ms], path length: 51 [edges], generated: 274
[00:00:00:00:241] Path of length 51 found: [55, 47, 39, 31, 23, 15, 7, 6, 5, 4, 3, 2, 10, 18, 26, 25, 33, 34, 35, 36, 28, 20, 19, 11, 12, 13, 14, 22, 21, 29, 30, 38, 37, 45, 46, 54, 53, 52, 51, 43, 42, 41, 49, 48, 40, 32, 24, 16, 17, 9, 1, 0]
[00:00:00:00:241] ! Unidirectional t-s. expansions: 13, time: 241 [ms], path length: 51 [edges], generated: 327
[00:00:00:00:124] Path of length 51 found: [0, 1, 9, 17, 16, 24, 32, 40, 48, 49, 41, 33, 25, 26, 18, 19, 20, 28, 36, 35, 34, 42, 43, 51, 52, 53, 54, 46, 45, 37, 38, 30, 29, 21, 22, 14, 13, 12, 11, 10, 2, 3, 4, 5, 6, 7, 15, 23, 31, 39, 47, 55]
[00:00:00:00:516] ! Bidirectional. expansions: 15, time: 124 [ms], path length: 51 [edges], g_F: 26, g_B: 25, generated: 0, MM: 1, MMPER: 0.9230769230769231%
[00:00:00:00:516] 
---------- SM_Grids/7x8_grid_with_random_blocks_8per_8 ----------
[00:00:00:00:223] Path of length 51 found: [0, 8, 16, 24, 32, 40, 48, 49, 41, 33, 25, 17, 9, 1, 2, 10, 18, 26, 27, 35, 34, 42, 43, 51, 52, 44, 45, 53, 54, 46, 38, 37, 29, 30, 22, 14, 13, 12, 20, 19, 11, 3, 4, 5, 6, 7, 15, 23, 31, 39, 47, 55]
[00:00:00:00:223] ! Unidirectional s-t. expansions: 14, time: 223 [ms], path length: 51 [edges], generated: 317
[00:00:00:00:185] Path of length 51 found: [55, 47, 39, 31, 23, 15, 7, 6, 5, 4, 3, 2, 1, 9, 17, 25, 33, 34, 35, 27, 26, 18, 10, 11, 19, 20, 12, 13, 14, 22, 30, 29, 37, 38, 46, 54, 53, 45, 44, 52, 51, 43, 42, 41, 49, 48, 40, 32, 24, 16, 8, 0]
[00:00:00:00:186] ! Unidirectional t-s. expansions: 14, time: 185 [ms], path length: 51 [edges], generated: 266
[00:00:00:00:152] Path of length 51 found: [0, 8, 16, 24, 32, 40, 48, 49, 41, 33, 25, 17, 18, 26, 27, 35, 34, 42, 43, 51, 52, 44, 45, 53, 54, 46, 38, 37, 29, 30, 22, 14, 13, 12, 20, 19, 11, 10, 9, 1, 2, 3, 4, 5, 6, 7, 15, 23, 31, 39, 47, 55]
[00:00:00:00:532] ! Bidirectional. expansions: 16, time: 152 [ms], path length: 51 [edges], g_F: 26, g_B: 25, generated: 0, MM: 1, MMPER: 0.9230769230769231%
[00:00:00:00:532] 
---------- SM_Grids/7x8_grid_with_random_blocks_8per_9 ----------
[00:00:01:16:351] Valid states checked so far: 200,000, Expansions: 11,321, Global best: 50
[00:00:02:34:779] Valid states checked so far: 400,000, Expansions: 23,078, Global best: 50
[00:00:03:14:945] Path of length 49 found: [0, 1, 9, 8, 16, 24, 32, 40, 41, 49, 50, 42, 34, 33, 25, 17, 18, 10, 11, 3, 4, 12, 20, 19, 27, 35, 43, 51, 52, 44, 36, 28, 29, 30, 22, 14, 13, 5, 6, 7, 15, 23, 31, 39, 38, 37, 45, 46, 54, 55]
[00:00:03:14:946] ! Unidirectional s-t. expansions: 29,127, time: 194,945 [ms], path length: 49 [edges], generated: 502,047
[00:00:01:16:302] Valid states checked so far: 200,000, Expansions: 11,135, Global best: 50
[00:00:02:34:595] Valid states checked so far: 400,000, Expansions: 22,757, Global best: 50
[00:00:02:57:381] Path of length 49 found: [55, 54, 46, 47, 39, 31, 23, 15, 7, 6, 5, 4, 3, 11, 10, 18, 26, 25, 33, 34, 42, 43, 35, 27, 19, 20, 12, 13, 14, 22, 30, 38, 37, 29, 28, 36, 44, 52, 51, 50, 49, 41, 40, 32, 24, 16, 8, 9, 1, 0]
[00:00:02:57:382] ! Unidirectional t-s. expansions: 26,224, time: 177,382 [ms], path length: 49 [edges], generated: 458,426
[00:00:01:10:345] Path of length 49 found: [0, 1, 9, 8, 16, 17, 18, 10, 11, 3, 4, 12, 13, 5, 6, 7, 15, 14, 22, 23, 31, 30, 29, 28, 20, 19, 27, 26, 34, 33, 25, 24, 32, 40, 41, 49, 50, 42, 43, 51, 52, 44, 45, 37, 38, 39, 47, 46, 54, 55]
[00:00:01:10:750] ! Bidirectional. expansions: 8,696, time: 70,345 [ms], path length: 49 [edges], g_F: 25, g_B: 24, generated: 0, MM: 1, MMPER: 1.0%

[00:00:01:10:750] average expansions: (24,532, 19,141, 24,319, 0)
[00:00:01:10:750] average time: (173,945, 152,064, 145,180, 0)
[00:00:01:10:750] XIDA: 19,141 , 152,064 (expansions , time[ms])
[00:00:01:10:750] BiXIDA: 24,319 , 145,180 (expansions , time[ms])

