------------------------------------
Thu 01 Oct 2026 12:14:40 IDT
SLURM_JOBID:		21944112
SLURM_JOB_NODELIST:	ise-cpu256-14
SLURM_SCRATCH_DIR:	/scratch/shubit/21944112
Allocated Resouces:	cpu - 2 / mem - 61440 MB / gpu - 
SLURM_GPU_INDEX:	
Running as shubit from shimony account with normal QOS
------------------------------------
Thu 01 Oct 2026 12:14:40 IDT

SLURM_JOBID:		 21944112
SLURM_JOB_NODELIST:	 ise-cpu256-14 

--------------------------
date: SM_Grids
number_of_graphs: 10
graph_type: grid
size_of_graphs: [7, 8]
heuristic: bcc_heuristic
snake: False
run_uni: True
run_bi: True
run_multi: False
solution_vertices: []
algorithms: ['IDA']
lookahead: -2
bsd: False
cube_first_dims: 4
cube_buffer_dim: None
backward_sym_generation: False
sym_coil: False
prefix_set: None

---------- SM_Grids/7x8_grid_with_random_blocks_12per_0 ----------
[00:00:00:22:277] Path of length 47 found: [0, 1, 2, 10, 18, 17, 16, 24, 32, 40, 48, 49, 41, 33, 25, 26, 34, 42, 50, 51, 43, 44, 45, 37, 29, 21, 13, 12, 20, 28, 27, 19, 11, 3, 4, 5, 6, 7, 15, 14, 22, 23, 31, 30, 38, 46, 47, 55]
[00:00:00:22:278] ! Unidirectional s-t. expansions: 20,370, time: 22,277 [ms], path length: 47 [edges], generated: 33,010
[00:00:00:06:974] Path of length 47 found: [55, 47, 39, 31, 23, 15, 7, 6, 5, 4, 3, 11, 19, 27, 28, 20, 12, 13, 14, 22, 21, 29, 30, 38, 37, 45, 44, 43, 51, 50, 42, 34, 26, 25, 33, 41, 49, 48, 40, 32, 24, 16, 17, 18, 10, 2, 1, 0]
[00:00:00:06:974] ! Unidirectional t-s. expansions: 5,634, time: 6,974 [ms], path length: 47 [edges], generated: 9,683
[00:00:00:35:000] Path of length 47 found: [0, 1, 2, 10, 18, 19, 11, 3, 4, 12, 20, 28, 27, 26, 25, 17, 16, 24, 32, 40, 48, 49, 41, 33, 34, 42, 50, 51, 43, 44, 45, 46, 38, 37, 29, 30, 22, 14, 13, 5, 6, 7, 15, 23, 31, 39, 47, 55]
[00:00:00:35:390] ! Bidirectional. expansions: 27,563, time: 35,000 [ms], path length: 47 [edges], g_F: 38, g_B: 9, generated: 0, MM: 29, MMPER: 59.416666666666664%
[00:00:00:35:390] 
---------- SM_Grids/7x8_grid_with_random_blocks_12per_1 ----------
[00:00:00:08:387] Path of length 47 found: [0, 8, 16, 24, 32, 40, 41, 33, 25, 17, 9, 10, 2, 3, 11, 19, 18, 26, 34, 42, 50, 51, 43, 35, 27, 28, 20, 21, 13, 12, 4, 5, 6, 14, 15, 23, 22, 30, 38, 37, 36, 44, 45, 53, 54, 46, 47, 55]
[00:00:00:08:387] ! Unidirectional s-t. expansions: 5,636, time: 8,387 [ms], path length: 47 [edges], generated: 9,258
[00:00:00:00:114] Path of length 47 found: [55, 47, 39, 38, 46, 54, 53, 45, 37, 36, 44, 43, 51, 50, 42, 34, 35, 27, 28, 20, 12, 13, 21, 22, 23, 15, 14, 6, 5, 4, 3, 2, 10, 11, 19, 18, 26, 25, 33, 41, 40, 32, 24, 16, 17, 9, 8, 0]
[00:00:00:00:114] ! Unidirectional t-s. expansions: 57, time: 114 [ms], path length: 47 [edges], generated: 98
[00:00:00:11:376] Path of length 47 found: [0, 8, 16, 24, 32, 40, 41, 33, 25, 17, 9, 10, 2, 3, 11, 19, 18, 26, 34, 42, 50, 51, 43, 35, 27, 28, 20, 21, 13, 12, 4, 5, 6, 14, 15, 23, 22, 30, 38, 37, 36, 44, 45, 53, 54, 46, 47, 55]
[00:00:00:11:755] ! Bidirectional. expansions: 7,353, time: 11,376 [ms], path length: 47 [edges], g_F: 45, g_B: 2, generated: 0, MM: 43, MMPER: 88.58333333333333%
[00:00:00:11:755] 
---------- SM_Grids/7x8_grid_with_random_blocks_12per_2 ----------
[00:00:00:17:564] Path of length 45 found: [0, 8, 16, 24, 32, 40, 48, 49, 41, 33, 34, 26, 18, 17, 9, 1, 2, 10, 11, 3, 4, 5, 13, 21, 22, 14, 6, 7, 15, 23, 31, 39, 38, 37, 29, 28, 20, 19, 27, 35, 43, 44, 52, 53, 54, 55]
[00:00:00:17:565] ! Unidirectional s-t. expansions: 11,812, time: 17,564 [ms], path length: 45 [edges], generated: 19,751
[00:00:00:01:694] Path of length 45 found: [55, 47, 39, 31, 23, 15, 7, 6, 5, 13, 14, 22, 21, 29, 37, 45, 53, 52, 44, 43, 35, 36, 28, 20, 19, 27, 26, 34, 33, 41, 49, 48, 40, 32, 24, 16, 8, 9, 17, 18, 10, 11, 3, 2, 1, 0]
[00:00:00:01:695] ! Unidirectional t-s. expansions: 921, time: 1,694 [ms], path length: 45 [edges], generated: 1,666
[00:00:00:07:102] Path of length 45 found: [0, 8, 16, 24, 32, 40, 48, 49, 41, 33, 34, 26, 18, 17, 9, 1, 2, 10, 11, 3, 4, 5, 13, 21, 22, 14, 6, 7, 15, 23, 31, 39, 38, 37, 29, 28, 20, 19, 27, 35, 43, 44, 52, 53, 54, 55]
[00:00:00:07:485] ! Bidirectional. expansions: 4,633, time: 7,102 [ms], path length: 45 [edges], g_F: 41, g_B: 4, generated: 0, MM: 37, MMPER: 79.43478260869566%
[00:00:00:07:485] 
---------- SM_Grids/7x8_grid_with_random_blocks_12per_3 ----------
[00:00:01:13:198] Path of length 45 found: [0, 8, 16, 24, 32, 33, 25, 17, 9, 1, 2, 10, 11, 3, 4, 5, 6, 14, 22, 21, 20, 19, 27, 26, 34, 42, 41, 49, 50, 51, 43, 35, 36, 44, 52, 53, 45, 37, 29, 30, 31, 39, 38, 46, 47, 55]
[00:00:01:13:198] ! Unidirectional s-t. expansions: 53,973, time: 73,198 [ms], path length: 45 [edges], generated: 93,857
[00:00:01:23:500] Path of length 45 found: [55, 47, 39, 31, 30, 22, 14, 6, 5, 4, 3, 2, 10, 11, 12, 20, 19, 27, 35, 43, 44, 36, 28, 29, 37, 38, 46, 45, 53, 52, 51, 50, 49, 41, 42, 34, 26, 25, 33, 32, 24, 16, 17, 9, 1, 0]
[00:00:01:23:500] ! Unidirectional t-s. expansions: 68,741, time: 83,500 [ms], path length: 45 [edges], generated: 114,264
[00:00:01:35:489] Path of length 45 found: [0, 8, 16, 24, 32, 33, 25, 17, 9, 1, 2, 10, 11, 3, 4, 5, 6, 14, 22, 21, 29, 30, 31, 39, 38, 37, 36, 28, 20, 19, 27, 26, 34, 35, 43, 42, 41, 49, 50, 51, 52, 44, 45, 46, 47, 55]
[00:00:01:35:862] ! Bidirectional. expansions: 68,780, time: 95,489 [ms], path length: 45 [edges], g_F: 42, g_B: 3, generated: 0, MM: 39, MMPER: 83.78260869565217%
[00:00:01:35:862] 
---------- SM_Grids/7x8_grid_with_random_blocks_12per_4 ----------
[00:00:00:51:663] Path of length 45 found: [0, 1, 2, 10, 9, 17, 16, 24, 25, 33, 32, 40, 48, 49, 41, 42, 34, 35, 43, 51, 52, 53, 45, 37, 36, 28, 27, 19, 11, 12, 20, 21, 13, 5, 6, 7, 15, 23, 22, 30, 31, 39, 38, 46, 54, 55]
[00:00:00:51:663] ! Unidirectional s-t. expansions: 38,319, time: 51,663 [ms], path length: 45 [edges], generated: 66,489
[00:00:01:37:660] Path of length 45 found: [55, 47, 39, 31, 23, 15, 7, 6, 5, 4, 12, 13, 21, 22, 30, 38, 37, 45, 46, 54, 53, 52, 51, 43, 42, 50, 49, 48, 40, 32, 24, 16, 17, 25, 33, 34, 35, 36, 28, 20, 19, 11, 10, 2, 1, 0]
[00:00:01:37:660] ! Unidirectional t-s. expansions: 80,346, time: 97,660 [ms], path length: 45 [edges], generated: 133,205
[00:00:01:53:772] Path of length 45 found: [0, 1, 2, 10, 9, 17, 18, 19, 27, 28, 36, 35, 34, 33, 25, 24, 32, 40, 48, 49, 41, 42, 50, 51, 52, 53, 54, 46, 45, 37, 38, 30, 22, 21, 13, 12, 4, 5, 6, 7, 15, 23, 31, 39, 47, 55]
[00:00:01:54:143] ! Bidirectional. expansions: 78,563, time: 113,772 [ms], path length: 45 [edges], g_F: 35, g_B: 10, generated: 0, MM: 25, MMPER: 53.34782608695652%
[00:00:01:54:143] 
---------- SM_Grids/7x8_grid_with_random_blocks_12per_5 ----------
[00:00:01:27:867] Path of length 45 found: [0, 8, 16, 17, 9, 1, 2, 10, 18, 26, 25, 33, 32, 40, 48, 49, 50, 51, 52, 53, 45, 46, 38, 30, 29, 21, 13, 12, 20, 28, 36, 35, 27, 19, 11, 3, 4, 5, 6, 14, 22, 23, 31, 39, 47, 55]
[00:00:01:27:867] ! Unidirectional s-t. expansions: 53,731, time: 87,867 [ms], path length: 45 [edges], generated: 96,042
[00:00:00:22:149] Path of length 45 found: [55, 47, 39, 31, 23, 22, 14, 6, 5, 4, 3, 2, 1, 9, 10, 18, 26, 34, 35, 36, 28, 27, 19, 11, 12, 20, 21, 29, 30, 38, 46, 45, 53, 52, 51, 50, 49, 48, 40, 32, 33, 25, 17, 16, 8, 0]
[00:00:00:22:150] ! Unidirectional t-s. expansions: 15,451, time: 22,149 [ms], path length: 45 [edges], generated: 26,229
[00:00:01:02:952] Path of length 45 found: [0, 8, 16, 17, 9, 1, 2, 10, 18, 19, 11, 3, 4, 12, 20, 21, 13, 5, 6, 14, 22, 23, 31, 30, 29, 28, 36, 35, 27, 26, 25, 33, 32, 40, 48, 49, 50, 51, 52, 53, 45, 46, 38, 39, 47, 55]
[00:00:01:03:325] ! Bidirectional. expansions: 39,518, time: 62,952 [ms], path length: 45 [edges], g_F: 31, g_B: 14, generated: 0, MM: 17, MMPER: 35.95652173913044%
[00:00:01:03:326] 
---------- SM_Grids/7x8_grid_with_random_blocks_12per_6 ----------
[00:00:00:00:100] Path of length 47 found: [0, 8, 9, 17, 18, 10, 2, 3, 11, 19, 27, 26, 34, 33, 32, 40, 48, 49, 41, 42, 50, 51, 43, 35, 36, 28, 20, 21, 29, 37, 45, 44, 52, 53, 54, 46, 38, 30, 22, 14, 6, 7, 15, 23, 31, 39, 47, 55]
[00:00:00:00:100] ! Unidirectional s-t. expansions: 46, time: 100 [ms], path length: 47 [edges], generated: 77
[00:00:00:00:152] Path of length 47 found: [55, 47, 39, 31, 23, 15, 7, 6, 14, 22, 21, 20, 28, 36, 35, 43, 44, 45, 37, 29, 30, 38, 46, 54, 53, 52, 51, 50, 42, 41, 49, 48, 40, 32, 33, 34, 26, 27, 19, 11, 3, 2, 10, 18, 17, 9, 8, 0]
[00:00:00:00:153] ! Unidirectional t-s. expansions: 92, time: 153 [ms], path length: 47 [edges], generated: 157
[00:00:00:00:084] Path of length 47 found: [0, 8, 9, 17, 18, 10, 2, 3, 11, 19, 27, 26, 34, 33, 32, 40, 48, 49, 41, 42, 50, 51, 43, 35, 36, 44, 52, 53, 54, 46, 45, 37, 38, 30, 29, 28, 20, 21, 22, 14, 6, 7, 15, 23, 31, 39, 47, 55]
[00:00:00:00:447] ! Bidirectional. expansions: 47, time: 84 [ms], path length: 47 [edges], g_F: 35, g_B: 12, generated: 0, MM: 23, MMPER: 46.916666666666664%
[00:00:00:00:448] 
---------- SM_Grids/7x8_grid_with_random_blocks_12per_7 ----------
[00:00:00:00:104] Path of length 47 found: [0, 8, 9, 1, 2, 10, 18, 17, 25, 33, 41, 49, 50, 42, 34, 26, 27, 35, 43, 51, 52, 44, 36, 28, 20, 19, 11, 3, 4, 12, 13, 5, 6, 14, 15, 23, 31, 30, 29, 37, 45, 53, 54, 46, 38, 39, 47, 55]
[00:00:00:00:104] ! Unidirectional s-t. expansions: 60, time: 104 [ms], path length: 47 [edges], generated: 103
[00:00:00:00:475] Path of length 47 found: [55, 47, 39, 31, 23, 15, 14, 6, 5, 13, 12, 4, 3, 11, 19, 20, 28, 27, 26, 34, 42, 43, 35, 36, 44, 45, 37, 29, 30, 38, 46, 54, 53, 52, 51, 50, 49, 41, 33, 25, 17, 18, 10, 2, 1, 9, 8, 0]
[00:00:00:00:475] ! Unidirectional t-s. expansions: 354, time: 475 [ms], path length: 47 [edges], generated: 633
[00:00:00:00:084] Path of length 47 found: [0, 8, 9, 1, 2, 10, 18, 17, 25, 33, 41, 49, 50, 42, 34, 26, 27, 35, 43, 51, 52, 44, 36, 37, 45, 53, 54, 46, 38, 30, 29, 28, 20, 19, 11, 3, 4, 12, 13, 5, 6, 14, 15, 23, 31, 39, 47, 55]
[00:00:00:00:458] ! Bidirectional. expansions: 46, time: 84 [ms], path length: 47 [edges], g_F: 37, g_B: 10, generated: 0, MM: 27, MMPER: 55.25%
[00:00:00:00:459] 
---------- SM_Grids/7x8_grid_with_random_blocks_12per_8 ----------
[00:00:00:14:886] Path of length 47 found: [0, 8, 16, 24, 32, 33, 34, 26, 18, 17, 9, 1, 2, 10, 11, 3, 4, 12, 20, 19, 27, 35, 43, 42, 50, 51, 52, 44, 36, 28, 29, 21, 13, 5, 6, 7, 15, 14, 22, 30, 31, 39, 47, 46, 45, 53, 54, 55]
[00:00:00:14:886] ! Unidirectional s-t. expansions: 10,105, time: 14,886 [ms], path length: 47 [edges], generated: 17,949
[00:00:00:46:278] Path of length 47 found: [55, 47, 39, 31, 30, 22, 14, 15, 7, 6, 5, 4, 3, 2, 10, 18, 26, 27, 19, 11, 12, 13, 21, 20, 28, 29, 37, 36, 35, 43, 44, 45, 46, 54, 53, 52, 51, 50, 42, 34, 33, 32, 24, 16, 17, 9, 1, 0]
[00:00:00:46:278] ! Unidirectional t-s. expansions: 39,986, time: 46,278 [ms], path length: 47 [edges], generated: 65,447
[00:00:00:28:512] Path of length 47 found: [0, 8, 16, 24, 32, 33, 34, 26, 18, 17, 9, 1, 2, 10, 11, 3, 4, 12, 13, 5, 6, 7, 15, 14, 22, 21, 20, 19, 27, 35, 43, 42, 50, 51, 52, 53, 54, 46, 45, 44, 36, 28, 29, 30, 31, 39, 47, 55]
[00:00:00:28:877] ! Bidirectional. expansions: 19,396, time: 28,512 [ms], path length: 47 [edges], g_F: 42, g_B: 5, generated: 0, MM: 37, MMPER: 76.08333333333333%
[00:00:00:28:878] 
---------- SM_Grids/7x8_grid_with_random_blocks_12per_9 ----------
[00:00:00:01:171] Path of length 47 found: [0, 8, 16, 24, 32, 40, 48, 49, 41, 33, 25, 17, 18, 10, 2, 3, 11, 19, 27, 26, 34, 42, 50, 51, 43, 35, 36, 28, 29, 21, 20, 12, 13, 5, 6, 7, 15, 14, 22, 23, 31, 30, 38, 39, 47, 46, 54, 55]
[00:00:00:01:171] ! Unidirectional s-t. expansions: 594, time: 1,171 [ms], path length: 47 [edges], generated: 1,031
[00:00:00:00:899] Path of length 47 found: [55, 54, 46, 47, 39, 38, 30, 31, 23, 15, 7, 6, 5, 13, 14, 22, 21, 29, 28, 20, 12, 11, 3, 2, 10, 18, 19, 27, 26, 25, 33, 41, 42, 34, 35, 36, 44, 43, 51, 50, 49, 48, 40, 32, 24, 16, 8, 0]
[00:00:00:00:899] ! Unidirectional t-s. expansions: 751, time: 899 [ms], path length: 47 [edges], generated: 1,277
[00:00:00:01:105] Path of length 47 found: [0, 8, 16, 24, 32, 40, 48, 49, 41, 33, 25, 17, 18, 10, 2, 3, 11, 19, 27, 26, 34, 42, 50, 51, 43, 35, 36, 28, 29, 21, 20, 12, 13, 5, 6, 7, 15, 14, 22, 23, 31, 30, 38, 39, 47, 46, 54, 55]
[00:00:00:01:494] ! Bidirectional. expansions: 620, time: 1,105 [ms], path length: 47 [edges], g_F: 41, g_B: 6, generated: 0, MM: 35, MMPER: 71.91666666666667%

[00:00:00:01:494] average expansions: (19,465, 21,233, 24,652, 0)
[00:00:00:01:494] average time: (27,722, 25,990, 35,548, 0)
[00:00:00:01:494] XIDA: 19,465 , 25,990 (expansions , time[ms])
[00:00:00:01:494] BiXIDA: 24,652 , 35,548 (expansions , time[ms])

