------------------------------------
Thu 01 Oct 2026 12:14:40 IDT
SLURM_JOBID:		21944110
SLURM_JOB_NODELIST:	ise-cpu256-14
SLURM_SCRATCH_DIR:	/scratch/shubit/21944110
Allocated Resouces:	cpu - 2 / mem - 61440 MB / gpu - 
SLURM_GPU_INDEX:	
Running as shubit from shimony account with normal QOS
------------------------------------
Thu 01 Oct 2026 12:14:40 IDT

SLURM_JOBID:		 21944110
SLURM_JOB_NODELIST:	 ise-cpu256-14 

--------------------------
date: SM_Grids
number_of_graphs: 10
graph_type: grid
size_of_graphs: [7, 8]
heuristic: bcc_heuristic
snake: False
run_uni: True
run_bi: True
run_multi: False
solution_vertices: []
algorithms: ['IDA']
lookahead: 3
bsd: False
cube_first_dims: 4
cube_buffer_dim: None
backward_sym_generation: False
sym_coil: False
prefix_set: None

---------- SM_Grids/7x8_grid_with_random_blocks_8per_0 ----------
[00:00:01:39:157] Valid states checked so far: 200,000, Expansions: 18,183, Global best: 38
[00:00:02:56:900] Valid states checked so far: 400,000, Expansions: 39,557, Global best: 46
[00:00:04:07:466] Valid states checked so far: 600,000, Expansions: 61,430, Global best: 46
[00:00:05:22:218] Valid states checked so far: 800,000, Expansions: 82,179, Global best: 46
[00:00:06:39:930] Valid states checked so far: 1,000,000, Expansions: 102,717, Global best: 46
[00:00:08:00:108] Valid states checked so far: 1,200,000, Expansions: 123,869, Global best: 46
[00:00:09:13:786] Valid states checked so far: 1,400,000, Expansions: 145,059, Global best: 46
[00:00:10:24:747] Valid states checked so far: 1,600,000, Expansions: 165,645, Global best: 46
[00:00:11:45:068] Valid states checked so far: 1,800,000, Expansions: 186,959, Global best: 46
[00:00:13:02:903] Valid states checked so far: 2,000,000, Expansions: 208,857, Global best: 46
[00:00:14:22:841] Valid states checked so far: 2,200,000, Expansions: 231,111, Global best: 46
[00:00:14:45:231] Path of length 47 found: [0, 8, 16, 24, 32, 33, 25, 17, 9, 1, 2, 10, 18, 26, 34, 42, 50, 51, 52, 53, 45, 44, 36, 35, 27, 19, 11, 3, 4, 12, 20, 28, 29, 37, 38, 30, 22, 21, 13, 5, 6, 14, 15, 23, 31, 39, 47, 55]
[00:00:14:45:231] ! Unidirectional s-t. expansions: 236,617, time: 885,231 [ms], path length: 47 [edges], generated: 2,253,621
[00:00:01:35:080] Valid states checked so far: 200,000, Expansions: 17,691, Global best: 48
[00:00:03:01:196] Valid states checked so far: 400,000, Expansions: 36,005, Global best: 48
[00:00:04:25:434] Valid states checked so far: 600,000, Expansions: 54,228, Global best: 48
[00:00:05:48:104] Valid states checked so far: 800,000, Expansions: 72,658, Global best: 48
[00:00:07:10:611] Valid states checked so far: 1,000,000, Expansions: 90,988, Global best: 48
[00:00:07:59:653] Path of length 47 found: [55, 47, 39, 31, 23, 15, 7, 6, 5, 4, 3, 2, 10, 18, 19, 11, 12, 20, 28, 27, 35, 36, 37, 29, 21, 13, 14, 22, 30, 38, 46, 45, 44, 52, 51, 50, 42, 34, 26, 25, 33, 32, 24, 16, 17, 9, 1, 0]
[00:00:07:59:653] ! Unidirectional t-s. expansions: 103,608, time: 479,653 [ms], path length: 47 [edges], generated: 1,129,921
[00:00:27:18:174] Path of length 47 found: [0, 8, 16, 24, 32, 33, 25, 17, 9, 1, 2, 10, 18, 26, 34, 42, 50, 51, 52, 53, 45, 46, 38, 30, 22, 14, 13, 12, 20, 28, 29, 37, 36, 35, 27, 19, 11, 3, 4, 5, 6, 7, 15, 23, 31, 39, 47, 55]
[00:00:27:18:633] ! Bidirectional. expansions: 198,420, time: 1,638,174 [ms], path length: 47 [edges], g_F: 29, g_B: 18, generated: 0, MM: 11, MMPER: 21.916666666666668%
[00:00:27:18:633] 
---------- SM_Grids/7x8_grid_with_random_blocks_8per_1 ----------
[00:00:00:25:429] Path of length 49 found: [0, 1, 9, 17, 16, 24, 32, 40, 48, 49, 41, 42, 34, 33, 25, 26, 18, 19, 27, 28, 20, 12, 11, 3, 4, 5, 13, 21, 29, 30, 22, 14, 6, 7, 15, 23, 31, 39, 38, 37, 36, 44, 43, 51, 52, 53, 45, 46, 54, 55]
[00:00:00:25:429] ! Unidirectional s-t. expansions: 4,803, time: 25,429 [ms], path length: 49 [edges], generated: 53,436
[00:00:01:41:374] Valid states checked so far: 200,000, Expansions: 19,618, Global best: 46
[00:00:03:01:528] Path of length 49 found: [55, 47, 39, 31, 23, 15, 7, 6, 5, 4, 12, 20, 28, 36, 44, 45, 37, 29, 21, 13, 14, 22, 30, 38, 46, 54, 53, 52, 51, 43, 42, 34, 33, 41, 49, 48, 40, 32, 24, 16, 17, 25, 26, 18, 19, 11, 3, 2, 1, 0]
[00:00:03:01:529] ! Unidirectional t-s. expansions: 36,073, time: 181,528 [ms], path length: 49 [edges], generated: 365,881
[00:00:02:16:058] Path of length 49 found: [0, 1, 9, 17, 16, 24, 32, 40, 48, 49, 41, 42, 34, 33, 25, 26, 18, 19, 27, 28, 36, 44, 43, 51, 52, 53, 45, 46, 38, 37, 29, 30, 22, 14, 13, 21, 20, 12, 11, 3, 4, 5, 6, 7, 15, 23, 31, 39, 47, 55]
[00:00:02:16:478] ! Bidirectional. expansions: 14,145, time: 136,059 [ms], path length: 49 [edges], g_F: 28, g_B: 21, generated: 0, MM: 7, MMPER: 13.0%
[00:00:02:16:478] 
---------- SM_Grids/7x8_grid_with_random_blocks_8per_2 ----------
[00:00:01:28:807] Path of length 47 found: [0, 8, 16, 24, 32, 40, 41, 49, 50, 42, 34, 33, 25, 17, 9, 1, 2, 3, 11, 10, 18, 26, 27, 19, 20, 12, 13, 21, 29, 28, 36, 35, 43, 51, 52, 44, 45, 37, 38, 30, 22, 23, 31, 39, 47, 46, 54, 55]
[00:00:01:28:807] ! Unidirectional s-t. expansions: 14,033, time: 88,807 [ms], path length: 47 [edges], generated: 169,302
[00:00:01:23:020] Valid states checked so far: 200,000, Expansions: 20,558, Global best: 48
[00:00:02:46:300] Valid states checked so far: 400,000, Expansions: 40,483, Global best: 48
[00:00:04:07:518] Valid states checked so far: 600,000, Expansions: 60,779, Global best: 48
[00:00:04:07:534] Path of length 47 found: [55, 47, 39, 31, 23, 22, 21, 13, 12, 11, 3, 2, 10, 18, 26, 25, 33, 34, 42, 43, 35, 27, 19, 20, 28, 36, 44, 45, 37, 29, 30, 38, 46, 54, 53, 52, 51, 50, 49, 41, 40, 32, 24, 16, 17, 9, 1, 0]
[00:00:04:07:534] ! Unidirectional t-s. expansions: 60,780, time: 247,534 [ms], path length: 47 [edges], generated: 600,011
[00:00:06:32:397] Path of length 47 found: [0, 8, 16, 24, 32, 40, 41, 49, 50, 42, 34, 33, 25, 17, 9, 1, 2, 3, 11, 10, 18, 26, 27, 19, 20, 12, 13, 21, 29, 28, 36, 35, 43, 51, 52, 53, 54, 46, 45, 37, 38, 30, 22, 23, 31, 39, 47, 55]
[00:00:06:32:797] ! Bidirectional. expansions: 43,365, time: 392,397 [ms], path length: 47 [edges], g_F: 31, g_B: 16, generated: 0, MM: 15, MMPER: 30.25%
[00:00:06:32:797] 
---------- SM_Grids/7x8_grid_with_random_blocks_8per_3 ----------
[00:00:00:17:420] Path of length 49 found: [0, 8, 16, 24, 32, 40, 48, 49, 41, 33, 34, 42, 50, 51, 43, 35, 27, 26, 18, 17, 9, 1, 2, 10, 11, 3, 4, 12, 20, 28, 36, 44, 45, 37, 29, 21, 13, 5, 6, 7, 15, 14, 22, 23, 31, 39, 38, 46, 47, 55]
[00:00:00:17:420] ! Unidirectional s-t. expansions: 2,959, time: 17,420 [ms], path length: 49 [edges], generated: 33,037
[00:00:01:12:845] Path of length 49 found: [55, 47, 39, 31, 23, 15, 7, 6, 5, 4, 3, 2, 10, 18, 26, 27, 19, 11, 12, 13, 14, 22, 21, 20, 28, 29, 37, 38, 46, 45, 44, 36, 35, 34, 33, 41, 42, 43, 51, 50, 49, 48, 40, 32, 24, 16, 8, 9, 1, 0]
[00:00:01:12:845] ! Unidirectional t-s. expansions: 18,298, time: 72,845 [ms], path length: 49 [edges], generated: 179,834
[00:00:01:40:699] Path of length 49 found: [0, 8, 16, 24, 32, 40, 48, 49, 41, 33, 34, 42, 50, 51, 43, 35, 36, 44, 45, 46, 38, 37, 29, 28, 27, 26, 18, 10, 9, 1, 2, 3, 11, 19, 20, 21, 22, 14, 13, 12, 4, 5, 6, 7, 15, 23, 31, 39, 47, 55]
[00:00:01:41:064] ! Bidirectional. expansions: 12,975, time: 100,699 [ms], path length: 49 [edges], g_F: 29, g_B: 20, generated: 0, MM: 9, MMPER: 17.0%
[00:00:01:41:065] 
---------- SM_Grids/7x8_grid_with_random_blocks_8per_4 ----------
[00:00:00:35:941] Path of length 49 found: [0, 8, 16, 24, 32, 40, 48, 49, 41, 33, 25, 17, 9, 1, 2, 10, 11, 19, 27, 26, 34, 42, 50, 51, 43, 35, 36, 28, 20, 21, 13, 5, 6, 7, 15, 14, 22, 23, 31, 30, 29, 37, 45, 44, 52, 53, 54, 46, 47, 55]
[00:00:00:35:941] ! Unidirectional s-t. expansions: 8,898, time: 35,941 [ms], path length: 49 [edges], generated: 90,807
[00:00:00:11:412] Path of length 49 found: [55, 47, 39, 31, 23, 15, 7, 6, 5, 13, 14, 22, 30, 29, 21, 20, 19, 11, 10, 2, 1, 9, 17, 25, 33, 41, 42, 34, 26, 27, 28, 36, 35, 43, 44, 45, 46, 54, 53, 52, 51, 50, 49, 48, 40, 32, 24, 16, 8, 0]
[00:00:00:11:413] ! Unidirectional t-s. expansions: 2,055, time: 11,412 [ms], path length: 49 [edges], generated: 21,924
[00:00:01:14:819] Path of length 49 found: [0, 8, 16, 24, 32, 40, 48, 49, 41, 33, 25, 17, 9, 1, 2, 10, 11, 19, 27, 26, 34, 35, 43, 42, 50, 51, 52, 53, 54, 46, 45, 37, 36, 28, 20, 21, 29, 30, 22, 14, 13, 5, 6, 7, 15, 23, 31, 39, 47, 55]
[00:00:01:15:200] ! Bidirectional. expansions: 7,778, time: 74,819 [ms], path length: 49 [edges], g_F: 29, g_B: 20, generated: 0, MM: 9, MMPER: 17.0%
[00:00:01:15:200] 
---------- SM_Grids/7x8_grid_with_random_blocks_8per_5 ----------
[00:00:00:22:658] Path of length 49 found: [0, 8, 16, 24, 32, 40, 48, 49, 41, 33, 34, 26, 25, 17, 9, 1, 2, 10, 18, 19, 27, 28, 36, 44, 43, 51, 52, 53, 45, 37, 38, 30, 22, 21, 13, 12, 11, 3, 4, 5, 6, 14, 15, 23, 31, 39, 47, 46, 54, 55]
[00:00:00:22:658] ! Unidirectional s-t. expansions: 4,165, time: 22,658 [ms], path length: 49 [edges], generated: 42,212
[00:00:00:15:307] Path of length 49 found: [55, 47, 39, 38, 30, 31, 23, 15, 7, 6, 14, 22, 21, 13, 5, 4, 12, 11, 3, 2, 1, 9, 10, 18, 19, 27, 28, 36, 37, 45, 46, 54, 53, 52, 44, 43, 51, 50, 49, 48, 40, 41, 33, 34, 26, 25, 17, 16, 8, 0]
[00:00:00:15:307] ! Unidirectional t-s. expansions: 3,074, time: 15,307 [ms], path length: 49 [edges], generated: 30,549
[00:00:03:11:774] Path of length 49 found: [0, 8, 16, 24, 32, 40, 48, 49, 41, 33, 34, 26, 25, 17, 18, 19, 27, 28, 36, 44, 43, 51, 52, 53, 54, 46, 45, 37, 38, 30, 22, 14, 13, 12, 11, 10, 9, 1, 2, 3, 4, 5, 6, 7, 15, 23, 31, 39, 47, 55]
[00:00:03:12:167] ! Bidirectional. expansions: 15,153, time: 191,774 [ms], path length: 49 [edges], g_F: 32, g_B: 17, generated: 0, MM: 15, MMPER: 29.0%
[00:00:03:12:167] 
---------- SM_Grids/7x8_grid_with_random_blocks_8per_6 ----------
[00:00:00:53:232] Path of length 49 found: [0, 8, 16, 24, 32, 40, 48, 49, 41, 33, 25, 17, 9, 1, 2, 10, 18, 26, 34, 42, 50, 51, 43, 35, 27, 19, 11, 12, 20, 28, 36, 44, 45, 53, 54, 46, 38, 37, 29, 21, 22, 14, 6, 7, 15, 23, 31, 39, 47, 55]
[00:00:00:53:233] ! Unidirectional s-t. expansions: 10,485, time: 53,232 [ms], path length: 49 [edges], generated: 121,666
[00:00:00:25:435] Path of length 49 found: [55, 47, 39, 31, 23, 15, 7, 6, 14, 22, 21, 20, 12, 11, 19, 18, 26, 25, 33, 41, 42, 34, 35, 27, 28, 36, 37, 29, 30, 38, 46, 54, 53, 45, 44, 43, 51, 50, 49, 48, 40, 32, 24, 16, 17, 9, 10, 2, 1, 0]
[00:00:00:25:435] ! Unidirectional t-s. expansions: 4,396, time: 25,435 [ms], path length: 49 [edges], generated: 52,449
[00:00:03:03:554] Path of length 49 found: [0, 8, 16, 24, 32, 40, 48, 49, 41, 33, 25, 17, 9, 1, 2, 10, 18, 26, 34, 42, 50, 51, 43, 44, 45, 53, 54, 46, 38, 37, 29, 28, 36, 35, 27, 19, 11, 12, 20, 21, 22, 14, 6, 7, 15, 23, 31, 39, 47, 55]
[00:00:03:03:933] ! Bidirectional. expansions: 21,673, time: 183,554 [ms], path length: 49 [edges], g_F: 29, g_B: 20, generated: 0, MM: 9, MMPER: 17.0%
[00:00:03:03:933] 
---------- SM_Grids/7x8_grid_with_random_blocks_8per_7 ----------
[00:00:00:00:125] Path of length 51 found: [0, 1, 9, 17, 16, 24, 32, 40, 48, 49, 41, 33, 25, 26, 18, 10, 2, 3, 11, 19, 20, 12, 4, 5, 13, 21, 29, 28, 36, 35, 34, 42, 43, 51, 52, 53, 45, 37, 38, 30, 22, 14, 6, 7, 15, 23, 31, 39, 47, 46, 54, 55]
[00:00:00:00:125] ! Unidirectional s-t. expansions: 17, time: 125 [ms], path length: 51 [edges], generated: 180
[00:00:00:00:164] Path of length 51 found: [55, 47, 39, 31, 23, 15, 7, 6, 5, 4, 3, 2, 10, 18, 26, 25, 33, 34, 35, 36, 28, 20, 19, 11, 12, 13, 14, 22, 21, 29, 30, 38, 37, 45, 46, 54, 53, 52, 51, 43, 42, 41, 49, 48, 40, 32, 24, 16, 17, 9, 1, 0]
[00:00:00:00:164] ! Unidirectional t-s. expansions: 17, time: 164 [ms], path length: 51 [edges], generated: 189
[00:00:00:00:205] Path of length 51 found: [0, 1, 9, 17, 16, 24, 32, 40, 48, 49, 41, 33, 25, 26, 18, 19, 20, 28, 36, 35, 34, 42, 43, 51, 52, 53, 54, 46, 45, 37, 38, 30, 29, 21, 22, 14, 13, 12, 11, 10, 2, 3, 4, 5, 6, 7, 15, 23, 31, 39, 47, 55]
[00:00:00:00:577] ! Bidirectional. expansions: 17, time: 205 [ms], path length: 51 [edges], g_F: 29, g_B: 22, generated: 0, MM: 7, MMPER: 12.461538461538462%
[00:00:00:00:577] 
---------- SM_Grids/7x8_grid_with_random_blocks_8per_8 ----------
[00:00:00:00:135] Path of length 51 found: [0, 8, 16, 24, 32, 40, 48, 49, 41, 33, 25, 17, 9, 1, 2, 10, 18, 26, 27, 35, 34, 42, 43, 51, 52, 44, 45, 53, 54, 46, 38, 37, 29, 30, 22, 14, 13, 12, 20, 19, 11, 3, 4, 5, 6, 7, 15, 23, 31, 39, 47, 55]
[00:00:00:00:135] ! Unidirectional s-t. expansions: 18, time: 135 [ms], path length: 51 [edges], generated: 200
[00:00:00:00:132] Path of length 51 found: [55, 47, 39, 31, 23, 15, 7, 6, 5, 4, 3, 2, 1, 9, 17, 25, 33, 34, 35, 27, 26, 18, 10, 11, 19, 20, 12, 13, 14, 22, 30, 29, 37, 38, 46, 54, 53, 45, 44, 52, 51, 43, 42, 41, 49, 48, 40, 32, 24, 16, 8, 0]
[00:00:00:00:132] ! Unidirectional t-s. expansions: 19, time: 132 [ms], path length: 51 [edges], generated: 194
[00:00:00:00:200] Path of length 51 found: [0, 8, 16, 24, 32, 40, 48, 49, 41, 33, 25, 17, 9, 1, 2, 10, 18, 26, 27, 35, 34, 42, 43, 51, 52, 44, 45, 53, 54, 46, 38, 37, 29, 30, 22, 14, 13, 12, 20, 19, 11, 3, 4, 5, 6, 7, 15, 23, 31, 39, 47, 55]
[00:00:00:00:578] ! Bidirectional. expansions: 18, time: 200 [ms], path length: 51 [edges], g_F: 30, g_B: 21, generated: 0, MM: 9, MMPER: 16.307692307692307%
[00:00:00:00:578] 
---------- SM_Grids/7x8_grid_with_random_blocks_8per_9 ----------
[00:00:01:18:622] Valid states checked so far: 200,000, Expansions: 21,613, Global best: 50
[00:00:02:27:597] Path of length 49 found: [0, 1, 9, 8, 16, 24, 32, 40, 41, 49, 50, 42, 34, 33, 25, 17, 18, 10, 11, 3, 4, 12, 20, 19, 27, 35, 43, 51, 52, 44, 36, 28, 29, 30, 22, 14, 13, 5, 6, 7, 15, 23, 31, 39, 38, 37, 45, 46, 54, 55]
[00:00:02:27:598] ! Unidirectional s-t. expansions: 40,433, time: 147,597 [ms], path length: 49 [edges], generated: 372,209
[00:00:01:18:448] Valid states checked so far: 200,000, Expansions: 21,381, Global best: 50
[00:00:02:12:042] Path of length 49 found: [55, 54, 46, 47, 39, 31, 23, 15, 7, 6, 5, 4, 3, 11, 10, 18, 26, 25, 33, 34, 42, 43, 35, 27, 19, 20, 12, 13, 14, 22, 30, 29, 28, 36, 37, 45, 44, 52, 51, 50, 49, 41, 40, 32, 24, 16, 8, 9, 1, 0]
[00:00:02:12:042] ! Unidirectional t-s. expansions: 36,422, time: 132,042 [ms], path length: 49 [edges], generated: 336,299
[00:00:02:01:964] Path of length 49 found: [0, 1, 9, 8, 16, 24, 32, 40, 41, 49, 50, 42, 34, 33, 25, 17, 18, 26, 27, 19, 20, 28, 36, 35, 43, 51, 52, 44, 45, 37, 29, 30, 22, 14, 13, 12, 11, 3, 4, 5, 6, 7, 15, 23, 31, 39, 47, 46, 54, 55]
[00:00:02:02:354] ! Bidirectional. expansions: 11,975, time: 121,964 [ms], path length: 49 [edges], g_F: 31, g_B: 18, generated: 0, MM: 13, MMPER: 25.0%

[00:00:02:02:355] average expansions: (32,243, 26,474, 32,552, 0)
[00:00:02:02:355] average time: (127,658, 116,605, 283,984, 0)
[00:00:02:02:355] XIDA: 26,474 , 116,605 (expansions , time[ms])
[00:00:02:02:355] BiXIDA: 32,552 , 283,984 (expansions , time[ms])

