------------------------------------
Thu 01 Oct 2026 14:17:27 IDT
SLURM_JOBID:		21947809
SLURM_JOB_NODELIST:	ise-cpu256-31
SLURM_SCRATCH_DIR:	/scratch/shubit/21947809
Allocated Resouces:	cpu - 2 / mem - 61440 MB / gpu - 
SLURM_GPU_INDEX:	
Running as shubit from shimony account with normal QOS
------------------------------------
Thu 01 Oct 2026 14:17:27 IDT

SLURM_JOBID:		 21947809
SLURM_JOB_NODELIST:	 ise-cpu256-31 

--------------------------
date: SM_Grids
number_of_graphs: 10
graph_type: grid
size_of_graphs: [8, 8]
heuristic: bcc_heuristic
snake: False
run_uni: True
run_bi: True
run_multi: False
solution_vertices: []
algorithms: ['DFBnB']
lookahead: 3
bsd: False
cube_first_dims: 4
cube_buffer_dim: None
backward_sym_generation: False
sym_coil: False
prefix_set: None

---------- SM_Grids/8x8_grid_with_random_blocks_20per_0 ----------
[00:00:00:02:659] Path of length 44 found: [0, 1, 9, 10, 2, 3, 4, 12, 20, 28, 29, 21, 13, 5, 6, 7, 15, 14, 22, 30, 31, 39, 38, 37, 36, 35, 34, 26, 25, 17, 16, 24, 32, 40, 48, 49, 41, 42, 43, 44, 52, 53, 61, 62, 63]
[00:00:00:02:659] ! Unidirectional s-t. expansions: 613, time: 2,659 [ms], path length: 44 [edges], generated: 5,386
[00:00:00:01:218] Path of length 44 found: [63, 62, 61, 53, 52, 44, 43, 42, 50, 49, 41, 40, 32, 24, 16, 17, 25, 26, 34, 35, 36, 28, 20, 12, 13, 21, 29, 37, 38, 39, 31, 30, 22, 23, 15, 7, 6, 5, 4, 3, 2, 10, 9, 1, 0]
[00:00:00:01:218] ! Unidirectional t-s. expansions: 230, time: 1,218 [ms], path length: 44 [edges], generated: 2,426
[00:00:00:03:062] Path of length 44 found: [0, 1, 9, 10, 2, 3, 4, 12, 20, 28, 29, 21, 13, 5, 6, 7, 15, 14, 22, 23, 31, 30, 38, 37, 36, 35, 34, 26, 25, 17, 16, 24, 32, 40, 41, 49, 50, 42, 43, 44, 52, 53, 61, 62, 63]
[00:00:00:03:532] ! Bidirectional. expansions: 267, time: 3,062 [ms], path length: 44 [edges], g_F: 29, g_B: 15, generated: 0, MM: 14, MMPER: 30.11111111111111%
[00:00:00:03:533] 
---------- SM_Grids/8x8_grid_with_random_blocks_20per_1 ----------
[00:00:00:18:148] Path of length 38 found: [0, 8, 16, 24, 25, 17, 9, 1, 2, 3, 11, 10, 18, 26, 34, 33, 41, 40, 48, 56, 57, 49, 50, 42, 43, 35, 27, 19, 20, 28, 29, 30, 31, 39, 47, 46, 54, 62, 63]
[00:00:00:18:148] ! Unidirectional s-t. expansions: 3,904, time: 18,148 [ms], path length: 38 [edges], generated: 35,248
[00:00:00:04:712] Path of length 38 found: [63, 62, 54, 55, 47, 39, 31, 30, 29, 21, 20, 28, 27, 19, 11, 3, 2, 1, 9, 10, 18, 26, 34, 35, 43, 42, 50, 49, 57, 56, 48, 40, 41, 33, 25, 17, 16, 8, 0]
[00:00:00:04:712] ! Unidirectional t-s. expansions: 1,005, time: 4,712 [ms], path length: 38 [edges], generated: 9,965
[00:00:00:16:698] Path of length 38 found: [0, 8, 16, 24, 25, 17, 9, 1, 2, 3, 11, 10, 18, 26, 34, 33, 41, 40, 48, 56, 57, 49, 50, 42, 43, 35, 27, 19, 20, 21, 29, 30, 31, 39, 47, 55, 54, 62, 63]
[00:00:00:17:144] ! Bidirectional. expansions: 1,700, time: 16,698 [ms], path length: 38 [edges], g_F: 23, g_B: 15, generated: 0, MM: 8, MMPER: 19.512820512820515%
[00:00:00:17:144] 
---------- SM_Grids/8x8_grid_with_random_blocks_20per_2 ----------
[00:00:00:01:401] Path of length 48 found: [0, 8, 16, 17, 9, 1, 2, 3, 4, 12, 20, 19, 18, 26, 34, 33, 41, 40, 48, 56, 57, 49, 50, 58, 59, 60, 61, 53, 45, 37, 36, 28, 29, 21, 13, 5, 6, 14, 15, 23, 22, 30, 31, 39, 38, 46, 54, 62, 63]
[00:00:00:01:402] ! Unidirectional s-t. expansions: 248, time: 1,401 [ms], path length: 48 [edges], generated: 2,440
[00:00:00:01:899] Path of length 48 found: [63, 62, 54, 46, 47, 39, 31, 23, 15, 14, 6, 5, 13, 21, 22, 30, 29, 28, 36, 37, 45, 53, 61, 60, 59, 58, 50, 49, 57, 56, 48, 40, 41, 33, 34, 26, 18, 19, 20, 12, 4, 3, 2, 1, 9, 17, 16, 8, 0]
[00:00:00:01:900] ! Unidirectional t-s. expansions: 323, time: 1,899 [ms], path length: 48 [edges], generated: 2,828
[00:00:00:03:571] Path of length 48 found: [0, 8, 16, 17, 9, 1, 2, 3, 4, 12, 20, 19, 18, 26, 34, 33, 41, 40, 48, 56, 57, 49, 50, 58, 59, 60, 61, 53, 45, 37, 36, 28, 29, 30, 22, 21, 13, 5, 6, 14, 15, 23, 31, 39, 47, 46, 54, 62, 63]
[00:00:00:04:032] ! Bidirectional. expansions: 441, time: 3,571 [ms], path length: 48 [edges], g_F: 30, g_B: 18, generated: 0, MM: 12, MMPER: 23.489795918367346%
[00:00:00:04:032] 
---------- SM_Grids/8x8_grid_with_random_blocks_20per_3 ----------
[00:00:00:00:942] Path of length 46 found: [0, 1, 9, 8, 16, 24, 32, 40, 41, 49, 57, 58, 50, 51, 43, 35, 34, 26, 27, 19, 18, 10, 11, 3, 4, 12, 13, 5, 6, 7, 15, 23, 22, 30, 31, 39, 38, 37, 36, 44, 45, 53, 52, 60, 61, 62, 63]
[00:00:00:00:942] ! Unidirectional s-t. expansions: 166, time: 942 [ms], path length: 46 [edges], generated: 1,581
[00:00:00:01:012] Path of length 46 found: [63, 62, 61, 60, 52, 53, 45, 37, 29, 30, 38, 39, 31, 23, 15, 7, 6, 5, 13, 12, 4, 3, 11, 10, 9, 17, 18, 19, 27, 26, 34, 35, 36, 44, 43, 51, 50, 58, 57, 49, 41, 40, 32, 24, 16, 8, 0]
[00:00:00:01:013] ! Unidirectional t-s. expansions: 231, time: 1,013 [ms], path length: 46 [edges], generated: 1,844
[00:00:00:03:056] Path of length 46 found: [0, 1, 9, 8, 16, 24, 32, 40, 41, 49, 57, 58, 50, 51, 43, 44, 36, 35, 34, 26, 27, 19, 18, 10, 11, 3, 4, 12, 13, 5, 6, 7, 15, 23, 31, 39, 38, 30, 29, 37, 45, 53, 52, 60, 61, 62, 63]
[00:00:00:03:534] ! Bidirectional. expansions: 281, time: 3,057 [ms], path length: 46 [edges], g_F: 29, g_B: 17, generated: 0, MM: 12, MMPER: 24.53191489361702%
[00:00:00:03:534] 
---------- SM_Grids/8x8_grid_with_random_blocks_20per_4 ----------
[00:00:00:40:803] Path of length 44 found: [0, 8, 16, 24, 32, 40, 48, 49, 57, 58, 59, 51, 43, 44, 36, 28, 20, 19, 27, 26, 34, 33, 25, 17, 18, 10, 9, 1, 2, 3, 4, 5, 6, 7, 15, 23, 22, 21, 29, 37, 45, 46, 54, 62, 63]
[00:00:00:40:804] ! Unidirectional s-t. expansions: 14,772, time: 40,803 [ms], path length: 44 [edges], generated: 100,347
[00:00:00:22:266] Path of length 44 found: [63, 55, 54, 46, 38, 37, 45, 44, 43, 51, 59, 58, 57, 49, 48, 40, 32, 24, 16, 8, 9, 17, 25, 33, 34, 26, 18, 10, 11, 19, 27, 28, 20, 21, 22, 23, 15, 7, 6, 5, 4, 3, 2, 1, 0]
[00:00:00:22:266] ! Unidirectional t-s. expansions: 4,449, time: 22,266 [ms], path length: 44 [edges], generated: 46,378
[00:00:01:17:826] Path of length 44 found: [0, 8, 16, 24, 32, 40, 48, 49, 57, 58, 59, 51, 43, 44, 36, 28, 20, 19, 27, 26, 34, 33, 25, 17, 18, 10, 9, 1, 2, 3, 4, 5, 6, 7, 15, 23, 22, 21, 29, 37, 38, 46, 54, 55, 63]
[00:00:01:18:277] ! Bidirectional. expansions: 10,968, time: 77,826 [ms], path length: 44 [edges], g_F: 28, g_B: 16, generated: 0, MM: 12, MMPER: 25.666666666666668%
[00:00:01:18:277] 
---------- SM_Grids/8x8_grid_with_random_blocks_20per_5 ----------
[00:00:00:05:900] Path of length 46 found: [0, 1, 9, 8, 16, 24, 32, 40, 48, 49, 57, 58, 59, 51, 50, 42, 41, 33, 25, 17, 18, 26, 34, 35, 36, 28, 20, 12, 13, 14, 15, 23, 22, 21, 29, 37, 45, 53, 61, 62, 54, 46, 38, 39, 47, 55, 63]
[00:00:00:05:900] ! Unidirectional s-t. expansions: 1,057, time: 5,900 [ms], path length: 46 [edges], generated: 11,154
[00:00:00:02:925] Path of length 46 found: [63, 55, 47, 39, 31, 23, 15, 14, 22, 21, 13, 12, 20, 28, 29, 37, 45, 46, 54, 62, 61, 53, 52, 51, 59, 58, 57, 49, 48, 40, 32, 24, 25, 33, 41, 42, 43, 35, 34, 26, 18, 17, 16, 8, 9, 1, 0]
[00:00:00:02:925] ! Unidirectional t-s. expansions: 444, time: 2,925 [ms], path length: 46 [edges], generated: 5,365
[00:00:00:34:685] Path of length 46 found: [0, 1, 9, 8, 16, 24, 32, 40, 48, 49, 57, 58, 50, 42, 41, 33, 25, 17, 18, 26, 34, 35, 43, 51, 52, 53, 61, 62, 54, 46, 38, 37, 29, 28, 20, 12, 13, 21, 22, 14, 15, 23, 31, 39, 47, 55, 63]
[00:00:00:35:123] ! Bidirectional. expansions: 3,379, time: 34,685 [ms], path length: 46 [edges], g_F: 28, g_B: 18, generated: 0, MM: 10, MMPER: 20.27659574468085%
[00:00:00:35:123] 
---------- SM_Grids/8x8_grid_with_random_blocks_20per_6 ----------
[00:00:00:02:073] Path of length 46 found: [0, 1, 9, 8, 16, 17, 18, 10, 11, 19, 27, 28, 20, 21, 13, 12, 4, 5, 6, 14, 15, 23, 31, 39, 38, 37, 36, 44, 45, 53, 52, 51, 43, 42, 50, 49, 48, 56, 57, 58, 59, 60, 61, 62, 54, 55, 63]
[00:00:00:02:074] ! Unidirectional s-t. expansions: 419, time: 2,074 [ms], path length: 46 [edges], generated: 3,424
[00:00:00:03:506] Path of length 46 found: [63, 55, 47, 39, 31, 23, 15, 14, 6, 5, 4, 12, 13, 21, 29, 37, 45, 53, 54, 62, 61, 60, 52, 51, 59, 58, 57, 56, 48, 49, 50, 42, 43, 44, 36, 28, 20, 19, 27, 26, 18, 10, 9, 17, 16, 8, 0]
[00:00:00:03:506] ! Unidirectional t-s. expansions: 868, time: 3,506 [ms], path length: 46 [edges], generated: 8,208
[00:00:00:09:045] Path of length 46 found: [0, 1, 9, 8, 16, 17, 18, 10, 11, 19, 27, 28, 36, 44, 43, 42, 50, 49, 48, 56, 57, 58, 59, 51, 52, 60, 61, 62, 54, 53, 45, 37, 29, 21, 20, 12, 4, 5, 6, 14, 15, 23, 31, 39, 47, 55, 63]
[00:00:00:09:478] ! Bidirectional. expansions: 926, time: 9,045 [ms], path length: 46 [edges], g_F: 25, g_B: 21, generated: 0, MM: 4, MMPER: 7.51063829787234%
[00:00:00:09:479] 
---------- SM_Grids/8x8_grid_with_random_blocks_20per_7 ----------
[00:00:00:04:366] Path of length 42 found: [0, 8, 16, 24, 32, 40, 41, 33, 25, 17, 9, 1, 2, 3, 11, 19, 18, 26, 34, 42, 50, 51, 43, 35, 27, 28, 20, 12, 4, 5, 6, 14, 15, 23, 31, 30, 38, 39, 47, 55, 54, 62, 63]
[00:00:00:04:367] ! Unidirectional s-t. expansions: 819, time: 4,367 [ms], path length: 42 [edges], generated: 6,930
[00:00:00:00:673] Path of length 42 found: [63, 62, 54, 55, 47, 39, 38, 30, 31, 23, 15, 7, 6, 5, 4, 3, 2, 1, 9, 17, 25, 33, 34, 26, 18, 19, 11, 12, 20, 28, 27, 35, 43, 51, 50, 42, 41, 40, 32, 24, 16, 8, 0]
[00:00:00:00:673] ! Unidirectional t-s. expansions: 122, time: 673 [ms], path length: 42 [edges], generated: 1,398
[00:00:00:04:386] Path of length 42 found: [0, 8, 16, 24, 32, 40, 41, 33, 25, 17, 9, 1, 2, 3, 11, 19, 18, 26, 34, 42, 50, 51, 43, 35, 27, 28, 20, 12, 4, 5, 6, 7, 15, 23, 31, 30, 38, 39, 47, 55, 54, 62, 63]
[00:00:00:04:823] ! Bidirectional. expansions: 458, time: 4,386 [ms], path length: 42 [edges], g_F: 23, g_B: 19, generated: 0, MM: 4, MMPER: 8.30232558139535%
[00:00:00:04:824] 
---------- SM_Grids/8x8_grid_with_random_blocks_20per_8 ----------
[00:00:00:00:330] Path of length 48 found: [0, 8, 16, 24, 32, 33, 25, 17, 9, 10, 2, 3, 11, 19, 20, 12, 4, 5, 13, 14, 6, 7, 15, 23, 22, 21, 29, 28, 27, 35, 36, 44, 52, 51, 50, 42, 41, 49, 57, 58, 59, 60, 61, 53, 45, 46, 47, 55, 63]
[00:00:00:00:330] ! Unidirectional s-t. expansions: 74, time: 330 [ms], path length: 48 [edges], generated: 599
[00:00:00:00:157] Path of length 48 found: [63, 55, 47, 46, 45, 53, 61, 60, 59, 58, 57, 49, 41, 42, 50, 51, 52, 44, 36, 35, 27, 19, 11, 12, 20, 28, 29, 21, 13, 14, 22, 23, 15, 7, 6, 5, 4, 3, 2, 10, 9, 17, 25, 33, 32, 24, 16, 8, 0]
[00:00:00:00:158] ! Unidirectional t-s. expansions: 27, time: 157 [ms], path length: 48 [edges], generated: 244
[00:00:00:00:153] Path of length 48 found: [0, 8, 16, 24, 32, 33, 25, 17, 9, 10, 2, 3, 11, 19, 20, 12, 4, 5, 13, 14, 6, 7, 15, 23, 22, 21, 29, 28, 27, 35, 36, 44, 52, 51, 50, 42, 41, 49, 57, 58, 59, 60, 61, 53, 45, 46, 47, 55, 63]
[00:00:00:00:624] ! Bidirectional. expansions: 16, time: 153 [ms], path length: 48 [edges], g_F: 29, g_B: 19, generated: 0, MM: 10, MMPER: 19.408163265306122%
[00:00:00:00:624] 
---------- SM_Grids/8x8_grid_with_random_blocks_20per_9 ----------
[00:00:00:00:085] Path of length 36 found: [0, 8, 9, 1, 2, 10, 18, 26, 34, 35, 27, 28, 36, 44, 45, 37, 29, 21, 13, 5, 6, 7, 15, 14, 22, 23, 31, 30, 38, 39, 47, 55, 54, 53, 61, 62, 63]
[00:00:00:00:085] ! Unidirectional s-t. expansions: 12, time: 85 [ms], path length: 36 [edges], generated: 114
[00:00:00:00:249] Path of length 36 found: [63, 62, 61, 53, 54, 55, 47, 39, 31, 23, 15, 7, 6, 5, 13, 14, 22, 21, 29, 30, 38, 37, 45, 44, 36, 28, 27, 35, 34, 26, 18, 10, 2, 1, 9, 8, 0]
[00:00:00:00:249] ! Unidirectional t-s. expansions: 35, time: 249 [ms], path length: 36 [edges], generated: 389
[00:00:00:00:300] Path of length 36 found: [0, 8, 9, 1, 2, 10, 18, 26, 34, 35, 27, 28, 36, 44, 45, 37, 38, 30, 29, 21, 22, 14, 13, 5, 6, 7, 15, 23, 31, 39, 47, 55, 54, 53, 61, 62, 63]
[00:00:00:00:741] ! Bidirectional. expansions: 26, time: 300 [ms], path length: 36 [edges], g_F: 21, g_B: 15, generated: 0, MM: 6, MMPER: 15.216216216216218%

[00:00:00:00:741] average expansions: (2,208, 773, 1,846, 0)
[00:00:00:00:741] average time: (7,671, 3,862, 15,278, 0)
[00:00:00:00:741] XDFBnB: 773 , 3,862 (expansions , time[ms])
[00:00:00:00:741] BiXDFBnB: 1,846 , 15,278 (expansions , time[ms])

