------------------------------------
Thu 01 Oct 2026 10:43:38 IDT
SLURM_JOBID:		21942771
SLURM_JOB_NODELIST:	ise-cpu256-10
SLURM_SCRATCH_DIR:	/scratch/shubit/21942771
Allocated Resouces:	cpu - 2 / mem - 61440 MB / gpu - 
SLURM_GPU_INDEX:	
Running as shubit from shimony account with normal QOS
------------------------------------
Thu 01 Oct 2026 10:43:38 IDT

SLURM_JOBID:		 21942771
SLURM_JOB_NODELIST:	 ise-cpu256-10 

--------------------------
date: SM_Grids
number_of_graphs: 10
graph_type: grid
size_of_graphs: [8, 8]
heuristic: bcc_heuristic
snake: False
run_uni: True
run_bi: True
run_multi: False
solution_vertices: []
algorithms: ['A']
lookahead: 4
bsd: False
cube_first_dims: 4
cube_buffer_dim: None
backward_sym_generation: False
sym_coil: False
prefix_set: None

---------- SM_Grids/8x8_grid_with_random_blocks_8per_0 ----------
[00:00:00:03:480] Path of length 56 found: [0, 8, 9, 17, 16, 24, 25, 26, 18, 19, 11, 10, 2, 3, 4, 5, 6, 7, 15, 23, 31, 39, 47, 55, 54, 53, 45, 46, 38, 37, 29, 30, 22, 14, 13, 21, 20, 28, 27, 35, 36, 44, 43, 42, 34, 33, 32, 40, 41, 49, 57, 58, 59, 60, 61, 62, 63]
[00:00:00:03:480] ! Unidirectional s-t. expansions: 255, time: 3,480 [ms], path length: 56 [edges], generated: 5,607
[00:00:00:30:458] Path of length 56 found: [63, 55, 47, 46, 38, 39, 31, 30, 29, 37, 36, 35, 27, 28, 20, 21, 22, 23, 15, 7, 6, 14, 13, 5, 4, 3, 2, 10, 11, 19, 18, 26, 25, 33, 34, 42, 43, 44, 45, 53, 54, 62, 61, 60, 59, 58, 57, 49, 41, 40, 32, 24, 16, 17, 9, 8, 0]
[00:00:00:30:458] ! Unidirectional t-s. expansions: 2,022, time: 30,458 [ms], path length: 56 [edges], generated: 44,582
[00:00:00:31:715] Path of length 56 found: [0, 8, 9, 17, 16, 24, 25, 26, 18, 19, 11, 10, 2, 3, 4, 5, 13, 21, 20, 28, 27, 35, 36, 44, 43, 42, 34, 33, 32, 40, 41, 49, 57, 58, 59, 60, 61, 62, 54, 53, 45, 46, 38, 37, 29, 30, 22, 14, 6, 7, 15, 23, 31, 39, 47, 55, 63]
[00:00:00:32:146] ! Bidirectional. expansions: 2,556, time: 31,715 [ms], path length: 56 [edges], g_F: 28, g_B: 28, generated: 0, MM: 0, MMPER: -1.0%
[00:00:00:32:146] 
---------- SM_Grids/8x8_grid_with_random_blocks_8per_1 ----------
[00:00:01:57:532] Expansion 10,000: state None, f=57, g=44
[00:00:03:35:654] Path of length 56 found: [0, 8, 16, 24, 32, 40, 48, 56, 57, 49, 41, 42, 50, 51, 59, 60, 61, 62, 54, 53, 52, 44, 43, 35, 34, 26, 18, 17, 9, 1, 2, 10, 11, 3, 4, 12, 20, 28, 36, 37, 29, 21, 13, 5, 6, 7, 15, 14, 22, 23, 31, 30, 38, 46, 47, 55, 63]
[00:00:03:35:654] ! Unidirectional s-t. expansions: 19,538, time: 215,654 [ms], path length: 56 [edges], generated: 406,608
[00:00:01:41:204] Expansion 10,000: state None, f=57, g=16
[00:00:03:43:355] Expansion 20,000: state None, f=57, g=20
[00:00:05:39:994] Expansion 30,000: state None, f=57, g=24
[00:00:06:28:720] Path of length 56 found: [63, 62, 61, 53, 52, 60, 59, 51, 50, 42, 41, 49, 57, 56, 48, 40, 32, 24, 16, 8, 9, 17, 18, 26, 34, 35, 43, 44, 36, 37, 38, 46, 54, 55, 47, 39, 31, 23, 15, 7, 6, 5, 4, 12, 13, 14, 22, 30, 29, 21, 20, 19, 11, 3, 2, 1, 0]
[00:00:06:28:720] ! Unidirectional t-s. expansions: 34,025, time: 388,720 [ms], path length: 56 [edges], generated: 710,524
[00:00:06:01:470] Expansions: 50,000. F states: 382,404, B states: 384,286. Checks: 706,640)
[00:00:06:30:413] Path of length 56 found: [0, 8, 16, 24, 32, 40, 48, 56, 57, 49, 41, 42, 50, 51, 59, 60, 61, 62, 54, 53, 52, 44, 43, 35, 34, 26, 18, 10, 9, 1, 2, 3, 11, 12, 4, 5, 13, 21, 20, 28, 36, 37, 29, 30, 22, 14, 6, 7, 15, 23, 31, 39, 38, 46, 47, 55, 63]
[00:00:06:30:825] ! Bidirectional. expansions: 53,018, time: 390,413 [ms], path length: 56 [edges], g_F: 28, g_B: 28, generated: 0, MM: 0, MMPER: -1.0%
[00:00:06:30:825] 
---------- SM_Grids/8x8_grid_with_random_blocks_8per_2 ----------
[00:00:00:00:234] Path of length 58 found: [0, 8, 16, 24, 32, 40, 48, 56, 57, 49, 41, 42, 34, 35, 27, 26, 25, 17, 18, 10, 9, 1, 2, 3, 11, 12, 20, 21, 13, 5, 6, 7, 15, 14, 22, 23, 31, 30, 29, 37, 36, 44, 43, 51, 50, 58, 59, 60, 52, 53, 45, 46, 38, 39, 47, 55, 54, 62, 63]
[00:00:00:00:234] ! Unidirectional s-t. expansions: 15, time: 234 [ms], path length: 58 [edges], generated: 303
[00:00:00:00:252] Path of length 58 found: [63, 62, 54, 55, 47, 39, 31, 23, 15, 7, 6, 5, 13, 14, 22, 21, 20, 12, 11, 3, 2, 1, 9, 10, 18, 17, 25, 26, 27, 35, 34, 42, 41, 49, 50, 51, 43, 44, 36, 37, 29, 30, 38, 46, 45, 53, 52, 60, 59, 58, 57, 56, 48, 40, 32, 24, 16, 8, 0]
[00:00:00:00:252] ! Unidirectional t-s. expansions: 15, time: 252 [ms], path length: 58 [edges], generated: 310
[00:00:00:00:192] Path of length 58 found: [0, 8, 16, 24, 32, 40, 48, 56, 57, 49, 41, 42, 34, 35, 27, 26, 25, 17, 18, 10, 9, 1, 2, 3, 11, 12, 20, 21, 29, 37, 36, 44, 43, 51, 50, 58, 59, 60, 52, 53, 45, 46, 38, 30, 22, 14, 13, 5, 6, 7, 15, 23, 31, 39, 47, 55, 54, 62, 63]
[00:00:00:00:607] ! Bidirectional. expansions: 16, time: 192 [ms], path length: 58 [edges], g_F: 29, g_B: 29, generated: 0, MM: 0, MMPER: -1.0%
[00:00:00:00:607] 
---------- SM_Grids/8x8_grid_with_random_blocks_8per_3 ----------
[00:00:00:17:073] Path of length 56 found: [0, 8, 16, 17, 25, 26, 34, 35, 43, 51, 50, 49, 41, 33, 32, 40, 48, 56, 57, 58, 59, 60, 52, 44, 45, 37, 36, 28, 27, 19, 18, 10, 2, 3, 4, 12, 20, 21, 29, 30, 22, 14, 13, 5, 6, 7, 15, 23, 31, 39, 47, 46, 54, 53, 61, 62, 63]
[00:00:00:17:074] ! Unidirectional s-t. expansions: 1,633, time: 17,074 [ms], path length: 56 [edges], generated: 33,445
[00:00:02:02:517] Expansion 10,000: state None, f=57, g=28
[00:00:02:50:976] Path of length 56 found: [63, 62, 61, 53, 52, 60, 59, 51, 50, 58, 57, 56, 48, 49, 41, 40, 32, 33, 25, 26, 34, 35, 43, 44, 36, 28, 27, 19, 20, 21, 13, 14, 22, 30, 29, 37, 45, 46, 54, 55, 47, 39, 31, 23, 15, 7, 6, 5, 4, 3, 2, 10, 18, 17, 16, 8, 0]
[00:00:02:50:976] ! Unidirectional t-s. expansions: 13,419, time: 170,976 [ms], path length: 56 [edges], generated: 270,891
[00:00:00:26:377] Path of length 56 found: [0, 8, 16, 17, 25, 33, 32, 40, 41, 49, 48, 56, 57, 58, 50, 51, 59, 60, 52, 53, 61, 62, 54, 46, 45, 37, 29, 21, 22, 14, 13, 12, 20, 19, 27, 28, 36, 44, 43, 35, 34, 26, 18, 10, 2, 3, 4, 5, 6, 7, 15, 23, 31, 39, 47, 55, 63]
[00:00:00:26:812] ! Bidirectional. expansions: 3,725, time: 26,377 [ms], path length: 56 [edges], g_F: 28, g_B: 28, generated: 0, MM: 0, MMPER: -1.0%
[00:00:00:26:812] 
---------- SM_Grids/8x8_grid_with_random_blocks_8per_4 ----------
[00:00:01:44:637] Expansion 10,000: state None, f=55, g=24
[00:00:03:30:580] Expansion 20,000: state None, f=55, g=40
[00:00:05:09:757] Expansion 30,000: state None, f=54, g=32
[00:00:07:06:632] Expansion 40,000: state None, f=54, g=24
[00:00:09:07:907] Expansion 50,000: state None, f=53, g=32
[00:00:10:28:682] Expansion 60,000: state None, f=53, g=32
[00:00:11:55:908] Expansion 70,000: state None, f=53, g=36
[00:00:13:30:904] Expansion 80,000: state None, f=53, g=32
[00:00:14:59:570] Expansion 90,000: state None, f=53, g=32
[00:00:16:34:720] Expansion 100,000: state None, f=53, g=24
[00:00:18:15:552] Expansion 110,000: state None, f=53, g=36
[00:00:19:45:972] Expansion 120,000: state None, f=53, g=28
[00:00:21:24:843] Expansion 130,000: state None, f=53, g=36
[00:00:23:08:662] Expansion 140,000: state None, f=53, g=24
[00:00:24:59:661] Expansion 150,000: state None, f=53, g=28
[00:00:26:56:178] Expansion 160,000: state None, f=53, g=32
[00:00:28:55:879] Expansion 170,000: state None, f=53, g=32
[00:00:30:57:138] Expansion 180,000: state None, f=53, g=36
[00:00:32:55:591] Expansion 190,000: state None, f=53, g=28
[00:00:34:40:005] Path of length 52 found: [0, 1, 2, 3, 4, 12, 13, 14, 22, 30, 31, 39, 38, 37, 36, 44, 43, 42, 41, 33, 34, 35, 27, 28, 29, 21, 20, 19, 11, 10, 18, 26, 25, 17, 9, 8, 16, 24, 32, 40, 48, 56, 57, 58, 59, 51, 52, 53, 54, 46, 47, 55, 63]
[00:00:34:40:009] ! Unidirectional s-t. expansions: 197,996, time: 2,080,005 [ms], path length: 52 [edges], generated: 3,529,869
[00:00:01:47:561] Expansion 10,000: state None, f=53, g=24
[00:00:03:54:332] Expansion 20,000: state None, f=53, g=36
[00:00:04:56:029] Path of length 52 found: [63, 62, 54, 55, 47, 46, 38, 39, 31, 30, 22, 14, 13, 21, 20, 12, 4, 3, 11, 19, 18, 26, 25, 33, 41, 42, 34, 35, 27, 28, 29, 37, 36, 44, 43, 51, 52, 60, 59, 58, 57, 49, 48, 40, 32, 24, 16, 17, 9, 10, 2, 1, 0]
[00:00:04:56:030] ! Unidirectional t-s. expansions: 25,162, time: 296,029 [ms], path length: 52 [edges], generated: 521,688
[00:00:04:37:494] Expansions: 50,000. F states: 379,886, B states: 389,550. Checks: 673,620)
[00:00:10:52:355] Path of length 52 found: [0, 8, 9, 1, 2, 3, 4, 12, 11, 10, 18, 17, 16, 24, 32, 40, 41, 49, 48, 56, 57, 58, 59, 60, 52, 44, 43, 42, 34, 33, 25, 26, 27, 19, 20, 28, 36, 37, 29, 21, 13, 14, 22, 30, 31, 39, 38, 46, 47, 55, 54, 62, 63]
[00:00:10:52:791] ! Bidirectional. expansions: 88,688, time: 652,357 [ms], path length: 52 [edges], g_F: 26, g_B: 26, generated: 0, MM: 0, MMPER: -1.0%
[00:00:10:52:792] 
---------- SM_Grids/8x8_grid_with_random_blocks_8per_5 ----------
[00:00:01:45:112] Expansion 10,000: state None, f=56, g=32
[00:00:03:23:739] Expansion 20,000: state None, f=55, g=32
[00:00:04:41:346] Expansion 30,000: state None, f=55, g=36
[00:00:06:10:884] Expansion 40,000: state None, f=55, g=44
[00:00:07:50:637] Expansion 50,000: state None, f=55, g=24
[00:00:09:42:773] Expansion 60,000: state None, f=55, g=24
[00:00:10:57:843] Path of length 54 found: [0, 1, 2, 3, 11, 12, 4, 5, 6, 7, 15, 23, 22, 14, 13, 21, 20, 28, 27, 35, 43, 44, 52, 51, 50, 49, 41, 42, 34, 33, 25, 26, 18, 17, 16, 24, 32, 40, 48, 56, 57, 58, 59, 60, 61, 53, 45, 37, 29, 30, 38, 39, 47, 55, 63]
[00:00:10:57:843] ! Unidirectional s-t. expansions: 65,703, time: 657,843 [ms], path length: 54 [edges], generated: 1,220,175
[00:00:01:56:046] Expansion 10,000: state None, f=57, g=28
[00:00:04:04:027] Expansion 20,000: state None, f=56, g=32
[00:00:06:26:632] Expansion 30,000: state None, f=55, g=44
[00:00:07:46:637] Expansion 40,000: state None, f=55, g=32
[00:00:09:28:700] Expansion 50,000: state None, f=55, g=32
[00:00:11:24:490] Expansion 60,000: state None, f=55, g=24
[00:00:13:28:981] Expansion 70,000: state None, f=55, g=28
[00:00:15:32:736] Expansion 80,000: state None, f=55, g=36
[00:00:17:39:487] Expansion 90,000: state None, f=55, g=28
[00:00:19:30:876] Path of length 54 found: [63, 55, 47, 39, 38, 37, 45, 44, 43, 35, 34, 42, 50, 51, 52, 53, 61, 60, 59, 58, 57, 56, 48, 49, 41, 40, 32, 33, 25, 24, 16, 17, 18, 26, 27, 28, 29, 30, 31, 23, 22, 14, 15, 7, 6, 5, 13, 21, 20, 12, 4, 3, 2, 1, 0]
[00:00:19:30:876] ! Unidirectional t-s. expansions: 97,656, time: 1,170,876 [ms], path length: 54 [edges], generated: 1,994,574
[00:00:05:12:622] Expansions: 50,000. F states: 327,394, B states: 310,792. Checks: 643,697)
[00:00:05:42:587] Path of length 54 found: [0, 1, 2, 3, 11, 12, 4, 5, 13, 21, 20, 28, 29, 30, 22, 14, 6, 7, 15, 23, 31, 39, 38, 37, 45, 44, 36, 35, 34, 26, 18, 17, 16, 24, 25, 33, 32, 40, 48, 56, 57, 49, 41, 42, 50, 58, 59, 51, 52, 60, 61, 53, 54, 55, 63]
[00:00:05:43:063] ! Bidirectional. expansions: 53,763, time: 342,587 [ms], path length: 54 [edges], g_F: 27, g_B: 27, generated: 0, MM: 0, MMPER: -1.0%
[00:00:05:43:063] 
---------- SM_Grids/8x8_grid_with_random_blocks_8per_6 ----------
[00:00:01:44:931] Expansion 10,000: state None, f=58, g=44
[00:00:03:17:209] Expansion 20,000: state None, f=58, g=28
[00:00:05:04:077] Expansion 30,000: state None, f=58, g=32
[00:00:06:55:474] Expansion 40,000: state None, f=58, g=28
[00:00:08:48:668] Expansion 50,000: state None, f=58, g=28
[00:00:10:38:935] Expansion 60,000: state None, f=58, g=32
[00:00:12:32:857] Expansion 70,000: state None, f=58, g=40
[00:00:14:29:545] Expansion 80,000: state None, f=58, g=32
[00:00:16:21:155] Expansion 90,000: state None, f=58, g=44
[00:00:18:12:015] Expansion 100,000: state None, f=58, g=48
[00:00:20:03:505] Expansion 110,000: state None, f=58, g=40
[00:00:21:51:984] Expansion 120,000: state None, f=58, g=36
[00:00:23:50:054] Expansion 130,000: state None, f=58, g=36
[00:00:25:46:980] Expansion 140,000: state None, f=58, g=36
[00:00:27:45:553] Expansion 150,000: state None, f=58, g=48
[00:00:29:33:973] Expansion 160,000: state None, f=58, g=36
[00:00:31:23:652] Expansion 170,000: state None, f=58, g=36
[00:00:33:20:060] Expansion 180,000: state None, f=58, g=36
[00:00:35:17:707] Expansion 190,000: state None, f=58, g=28
[00:00:37:29:202] Expansion 200,000: state None, f=58, g=44
[00:00:39:14:163] Expansion 210,000: state None, f=58, g=44
[00:00:40:54:627] Expansion 220,000: state None, f=58, g=40
[00:00:41:57:926] Expansion 230,000: state None, f=57, g=36
[00:00:43:10:158] Expansion 240,000: state None, f=57, g=52
[00:00:44:21:704] Expansion 250,000: state None, f=57, g=44
[00:00:45:40:641] Expansion 260,000: state None, f=57, g=44
[00:00:47:05:574] Expansion 270,000: state None, f=57, g=44
[00:00:48:17:621] Expansion 280,000: state None, f=57, g=32
[00:00:49:30:628] Expansion 290,000: state None, f=57, g=36
[00:00:50:46:038] Expansion 300,000: state None, f=57, g=52
[00:00:51:59:939] Expansion 310,000: state None, f=57, g=36
[00:00:53:19:447] Expansion 320,000: state None, f=57, g=52
[00:00:54:40:533] Expansion 330,000: state None, f=57, g=44
[00:00:55:56:101] Expansion 340,000: state None, f=57, g=40
[00:00:57:07:699] Expansion 350,000: state None, f=57, g=36
[00:00:58:23:009] Expansion 360,000: state None, f=57, g=40
[00:00:59:44:960] Expansion 370,000: state None, f=57, g=44
[00:01:01:06:590] Expansion 380,000: state None, f=57, g=44
[00:01:02:23:553] Expansion 390,000: state None, f=57, g=36
[00:01:03:52:465] Expansion 400,000: state None, f=57, g=48
[00:01:05:05:010] Expansion 410,000: state None, f=57, g=28
[00:01:06:28:928] Expansion 420,000: state None, f=57, g=28
[00:01:07:50:072] Expansion 430,000: state None, f=57, g=36
[00:01:09:13:348] Expansion 440,000: state None, f=57, g=32
[00:01:10:30:265] Expansion 450,000: state None, f=57, g=44
[00:01:11:44:795] Expansion 460,000: state None, f=57, g=48
[00:01:12:50:103] Expansion 470,000: state None, f=57, g=48
[00:01:13:56:427] Expansion 480,000: state None, f=57, g=40
[00:01:15:01:835] Expansion 490,000: state None, f=57, g=48
[00:01:16:20:334] Expansion 500,000: state None, f=57, g=32
[00:01:17:46:480] Expansion 510,000: state None, f=57, g=28
[00:01:19:02:743] Expansion 520,000: state None, f=57, g=40
[00:01:20:14:227] Expansion 530,000: state None, f=57, g=44
[00:01:21:23:025] Expansion 540,000: state None, f=57, g=32
[00:01:22:34:333] Expansion 550,000: state None, f=57, g=36
[00:01:23:35:629] Expansion 560,000: state None, f=57, g=40
[00:01:24:44:031] Expansion 570,000: state None, f=57, g=44
[00:01:25:52:385] Expansion 580,000: state None, f=57, g=36
[00:01:27:10:048] Expansion 590,000: state None, f=57, g=44
[00:01:28:28:529] Expansion 600,000: state None, f=57, g=48
[00:01:29:47:608] Expansion 610,000: state None, f=57, g=36
[00:01:31:01:035] Expansion 620,000: state None, f=57, g=48
[00:01:32:11:822] Expansion 630,000: state None, f=57, g=48
[00:01:33:29:841] Expansion 640,000: state None, f=57, g=48
[00:01:34:39:317] Expansion 650,000: state None, f=57, g=52
[00:01:35:49:148] Expansion 660,000: state None, f=57, g=36
[00:01:36:56:279] Expansion 670,000: state None, f=57, g=44
[00:01:38:18:320] Expansion 680,000: state None, f=57, g=44
[00:01:39:33:002] Expansion 690,000: state None, f=57, g=32
[00:01:40:47:158] Expansion 700,000: state None, f=57, g=48
[00:01:41:59:344] Expansion 710,000: state None, f=57, g=44
[00:01:43:11:608] Expansion 720,000: state None, f=57, g=48
[00:01:44:32:165] Expansion 730,000: state None, f=57, g=40
[00:01:45:39:680] Expansion 740,000: state None, f=57, g=40
[00:01:46:44:864] Expansion 750,000: state None, f=57, g=40
[00:01:47:53:195] Expansion 760,000: state None, f=57, g=36
[00:01:48:53:802] Expansion 770,000: state None, f=57, g=36
[00:01:50:00:279] Expansion 780,000: state None, f=57, g=32
[00:01:51:29:449] Expansion 790,000: state None, f=57, g=36
[00:01:52:54:047] Expansion 800,000: state None, f=57, g=28
[00:01:54:03:473] Expansion 810,000: state None, f=57, g=44
[00:01:55:15:825] Expansion 820,000: state None, f=57, g=24
[00:01:56:24:615] Expansion 830,000: state None, f=57, g=52
[00:01:57:36:495] Expansion 840,000: state None, f=57, g=40
[00:01:58:42:951] Expansion 850,000: state None, f=57, g=52
[00:01:59:56:190] Expansion 860,000: state None, f=57, g=24
[00:02:01:15:600] Expansion 870,000: state None, f=57, g=36
[00:02:02:24:376] Expansion 880,000: state None, f=57, g=44
[00:02:03:44:293] Expansion 890,000: state None, f=57, g=44
[00:02:04:58:704] Expansion 900,000: state None, f=57, g=44
[00:02:06:13:295] Expansion 910,000: state None, f=57, g=24
[00:02:07:20:752] Expansion 920,000: state None, f=57, g=44
[00:02:08:27:022] Expansion 930,000: state None, f=57, g=48
[00:02:09:43:931] Expansion 940,000: state None, f=57, g=44
[00:02:10:48:791] Expansion 950,000: state None, f=57, g=36
[00:02:12:11:962] Expansion 960,000: state None, f=57, g=48
[00:02:13:59:896] Expansion 970,000: state None, f=57, g=32
[00:02:15:12:449] Expansion 980,000: state None, f=57, g=52
[00:02:16:49:639] Expansion 990,000: state None, f=57, g=48
[00:02:18:17:727] Expansion 1,000,000: state None, f=57, g=36
[00:02:19:39:011] Expansion 1,010,000: state None, f=57, g=40
[00:02:20:51:381] Expansion 1,020,000: state None, f=57, g=48
[00:02:22:03:695] Expansion 1,030,000: state None, f=57, g=32
[00:02:23:18:396] Expansion 1,040,000: state None, f=57, g=32
[00:02:24:30:175] Expansion 1,050,000: state None, f=57, g=48
[00:02:25:36:514] Expansion 1,060,000: state None, f=57, g=48
[00:02:26:48:355] Expansion 1,070,000: state None, f=57, g=48
[00:02:27:56:279] Expansion 1,080,000: state None, f=57, g=32
[00:02:29:04:770] Expansion 1,090,000: state None, f=57, g=44
[00:02:30:28:944] Expansion 1,100,000: state None, f=57, g=36
[00:02:31:39:572] Expansion 1,110,000: state None, f=57, g=40
[00:02:32:45:173] Expansion 1,120,000: state None, f=57, g=40
[00:02:33:48:872] Expansion 1,130,000: state None, f=57, g=44
[00:02:34:58:753] Expansion 1,140,000: state None, f=57, g=20
[00:02:37:16:135] Path of length 56 found: [0, 1, 2, 3, 4, 5, 6, 14, 15, 23, 22, 21, 13, 12, 20, 28, 27, 35, 43, 42, 41, 33, 34, 26, 25, 17, 18, 19, 11, 10, 9, 8, 16, 24, 32, 40, 48, 49, 50, 58, 59, 51, 52, 44, 36, 37, 29, 30, 31, 39, 38, 46, 45, 53, 61, 62, 63]
[00:02:37:16:137] ! Unidirectional s-t. expansions: 1,146,967, time: 9,436,135 [ms], path length: 56 [edges], generated: 20,269,424
[00:00:01:52:192] Expansion 10,000: state None, f=57, g=48
[00:00:03:47:098] Expansion 20,000: state None, f=57, g=36
[00:00:05:51:822] Expansion 30,000: state None, f=57, g=28
[00:00:07:40:476] Expansion 40,000: state None, f=57, g=32
[00:00:09:39:969] Expansion 50,000: state None, f=57, g=44
[00:00:11:35:267] Expansion 60,000: state None, f=57, g=40
[00:00:13:22:181] Expansion 70,000: state None, f=57, g=36
[00:00:15:21:374] Expansion 80,000: state None, f=57, g=36
[00:00:17:11:298] Expansion 90,000: state None, f=57, g=40
[00:00:19:00:670] Expansion 100,000: state None, f=57, g=44
[00:00:20:46:087] Expansion 110,000: state None, f=57, g=48
[00:00:22:31:788] Expansion 120,000: state None, f=57, g=40
[00:00:24:17:797] Expansion 130,000: state None, f=57, g=40
[00:00:26:12:666] Expansion 140,000: state None, f=57, g=12
[00:00:27:57:810] Expansion 150,000: state None, f=57, g=44
[00:00:29:41:607] Expansion 160,000: state None, f=57, g=28
[00:00:31:24:662] Expansion 170,000: state None, f=57, g=40
[00:00:33:03:943] Expansion 180,000: state None, f=57, g=36
[00:00:34:42:528] Expansion 190,000: state None, f=57, g=36
[00:00:36:18:381] Expansion 200,000: state None, f=57, g=36
[00:00:38:05:065] Expansion 210,000: state None, f=57, g=32
[00:00:39:48:353] Expansion 220,000: state None, f=57, g=48
[00:00:41:32:891] Expansion 230,000: state None, f=57, g=28
[00:00:43:24:663] Expansion 240,000: state None, f=57, g=32
[00:00:45:20:446] Expansion 250,000: state None, f=57, g=36
[00:00:47:03:265] Expansion 260,000: state None, f=57, g=40
[00:00:48:46:754] Expansion 270,000: state None, f=57, g=32
[00:00:50:32:553] Expansion 280,000: state None, f=57, g=40
[00:00:52:12:758] Expansion 290,000: state None, f=57, g=32
[00:00:53:54:508] Expansion 300,000: state None, f=57, g=36
[00:00:55:35:878] Expansion 310,000: state None, f=57, g=28
[00:00:56:14:146] Path of length 56 found: [63, 62, 61, 53, 54, 46, 47, 39, 38, 37, 45, 44, 52, 51, 59, 58, 50, 49, 48, 40, 41, 42, 43, 35, 36, 28, 27, 26, 34, 33, 32, 24, 25, 17, 16, 8, 9, 10, 18, 19, 11, 12, 20, 21, 29, 30, 31, 23, 15, 14, 6, 5, 4, 3, 2, 1, 0]
[00:00:56:14:148] ! Unidirectional t-s. expansions: 311,584, time: 3,374,146 [ms], path length: 56 [edges], generated: 6,405,976
[00:00:04:35:735] Expansions: 50,000. F states: 309,617, B states: 334,517. Checks: 697,193)
[00:00:10:10:989] Expansions: 100,000. F states: 626,507, B states: 682,264. Checks: 1,397,262)
[00:00:16:16:236] Expansions: 150,000. F states: 947,778, B states: 1,025,906. Checks: 2,095,792)
[00:00:22:26:435] Expansions: 200,000. F states: 1,268,089, B states: 1,362,372. Checks: 2,787,507)
[00:00:28:21:711] Expansions: 250,000. F states: 1,577,461, B states: 1,684,479. Checks: 3,446,108)
[00:00:33:23:054] Expansions: 300,000. F states: 1,888,011, B states: 2,003,155. Checks: 4,112,582)
[00:00:39:00:394] Expansions: 350,000. F states: 2,194,397, B states: 2,318,066. Checks: 4,758,134)
[00:00:44:22:184] Expansions: 400,000. F states: 2,503,567, B states: 2,636,058. Checks: 5,417,061)
[00:00:50:12:762] Expansions: 450,000. F states: 2,811,575, B states: 2,950,685. Checks: 6,060,701)
[00:00:55:39:568] Expansions: 500,000. F states: 3,131,177, B states: 3,277,485. Checks: 6,751,360)
[00:01:00:49:163] Expansions: 550,000. F states: 3,442,112, B states: 3,591,036. Checks: 7,402,513)
[00:01:06:38:463] Expansions: 600,000. F states: 3,750,369, B states: 3,903,998. Checks: 8,047,101)
[00:01:11:58:838] Expansions: 650,000. F states: 4,062,519, B states: 4,218,104. Checks: 8,701,864)
[00:01:17:29:275] Expansions: 700,000. F states: 4,373,125, B states: 4,530,577. Checks: 9,342,842)
[00:01:23:31:217] Expansions: 750,000. F states: 4,685,146, B states: 4,848,666. Checks: 9,996,245)
[00:01:24:03:722] Path of length 56 found: [0, 8, 16, 24, 32, 40, 48, 49, 41, 33, 25, 17, 9, 1, 2, 10, 18, 26, 34, 35, 43, 42, 50, 58, 59, 51, 52, 44, 36, 37, 29, 30, 22, 21, 13, 12, 20, 28, 27, 19, 11, 3, 4, 5, 6, 14, 15, 23, 31, 39, 47, 46, 54, 53, 61, 62, 63]
[00:01:24:04:238] ! Bidirectional. expansions: 755,135, time: 5,043,722 [ms], path length: 56 [edges], g_F: 28, g_B: 28, generated: 0, MM: 0, MMPER: -1.0%
[00:01:24:04:240] 
---------- SM_Grids/8x8_grid_with_random_blocks_8per_7 ----------
[00:00:00:00:280] Path of length 56 found: [0, 8, 16, 24, 32, 40, 48, 56, 57, 49, 41, 33, 25, 17, 18, 10, 2, 3, 11, 12, 4, 5, 6, 14, 22, 23, 31, 30, 29, 21, 20, 28, 27, 26, 34, 35, 43, 51, 50, 58, 59, 60, 52, 44, 36, 37, 45, 53, 61, 62, 54, 46, 38, 39, 47, 55, 63]
[00:00:00:00:281] ! Unidirectional s-t. expansions: 14, time: 280 [ms], path length: 56 [edges], generated: 364
[00:00:01:47:779] Expansion 10,000: state None, f=57, g=36
[00:00:03:40:917] Expansion 20,000: state None, f=57, g=40
[00:00:03:52:609] Path of length 56 found: [63, 62, 61, 60, 59, 58, 57, 56, 48, 40, 32, 33, 41, 49, 50, 51, 52, 53, 54, 55, 47, 46, 45, 37, 36, 44, 43, 35, 34, 26, 27, 28, 20, 21, 29, 30, 38, 39, 31, 23, 22, 14, 6, 5, 4, 12, 11, 3, 2, 10, 18, 17, 25, 24, 16, 8, 0]
[00:00:03:52:610] ! Unidirectional t-s. expansions: 20,842, time: 232,609 [ms], path length: 56 [edges], generated: 335,781
[00:00:00:00:177] Path of length 56 found: [0, 8, 16, 24, 32, 40, 48, 56, 57, 49, 41, 33, 25, 17, 18, 26, 34, 35, 27, 28, 36, 44, 43, 51, 50, 58, 59, 60, 52, 53, 61, 62, 54, 46, 45, 37, 38, 30, 29, 21, 20, 12, 11, 10, 2, 3, 4, 5, 6, 14, 22, 23, 31, 39, 47, 55, 63]
[00:00:00:00:693] ! Bidirectional. expansions: 15, time: 177 [ms], path length: 56 [edges], g_F: 28, g_B: 28, generated: 0, MM: 0, MMPER: -1.0%
[00:00:00:00:693] 
---------- SM_Grids/8x8_grid_with_random_blocks_8per_8 ----------
[00:00:00:00:251] Path of length 58 found: [0, 1, 9, 17, 16, 24, 32, 33, 25, 26, 18, 10, 2, 3, 11, 19, 27, 35, 34, 42, 41, 49, 48, 56, 57, 58, 59, 51, 43, 44, 36, 28, 20, 21, 13, 12, 4, 5, 6, 7, 15, 23, 31, 30, 29, 37, 45, 53, 52, 60, 61, 62, 54, 46, 38, 39, 47, 55, 63]
[00:00:00:00:252] ! Unidirectional s-t. expansions: 15, time: 251 [ms], path length: 58 [edges], generated: 262
[00:00:00:04:650] Path of length 58 found: [63, 55, 47, 39, 31, 23, 15, 7, 6, 5, 4, 3, 2, 10, 18, 19, 11, 12, 13, 21, 20, 28, 27, 35, 43, 51, 52, 44, 36, 37, 29, 30, 38, 46, 45, 53, 54, 62, 61, 60, 59, 58, 57, 56, 48, 49, 41, 42, 34, 26, 25, 33, 32, 24, 16, 17, 9, 1, 0]
[00:00:00:04:651] ! Unidirectional t-s. expansions: 340, time: 4,650 [ms], path length: 58 [edges], generated: 7,009
[00:00:00:00:140] Path of length 58 found: [0, 1, 9, 17, 16, 24, 32, 33, 25, 26, 18, 10, 2, 3, 11, 19, 27, 35, 34, 42, 41, 49, 48, 56, 57, 58, 59, 60, 61, 62, 54, 46, 38, 30, 29, 37, 45, 53, 52, 51, 43, 44, 36, 28, 20, 21, 13, 12, 4, 5, 6, 7, 15, 23, 31, 39, 47, 55, 63]
[00:00:00:00:701] ! Bidirectional. expansions: 16, time: 141 [ms], path length: 58 [edges], g_F: 29, g_B: 29, generated: 0, MM: 0, MMPER: -1.0%
[00:00:00:00:702] 
---------- SM_Grids/8x8_grid_with_random_blocks_8per_9 ----------
[00:00:00:40:835] Path of length 56 found: [0, 8, 16, 24, 25, 33, 32, 40, 48, 56, 57, 49, 50, 58, 59, 60, 52, 51, 43, 42, 34, 35, 36, 37, 29, 28, 27, 26, 18, 19, 20, 21, 13, 12, 11, 10, 2, 3, 4, 5, 6, 7, 15, 14, 22, 30, 31, 39, 38, 46, 45, 53, 61, 62, 54, 55, 63]
[00:00:00:40:837] ! Unidirectional s-t. expansions: 3,506, time: 40,835 [ms], path length: 56 [edges], generated: 70,218
[00:00:02:02:646] Expansion 10,000: state None, f=57, g=28
[00:00:04:13:925] Expansion 20,000: state None, f=57, g=44
[00:00:05:56:015] Path of length 56 found: [63, 62, 61, 60, 59, 58, 50, 49, 57, 56, 48, 40, 32, 33, 34, 42, 43, 51, 52, 53, 54, 55, 47, 46, 45, 37, 38, 39, 31, 30, 29, 28, 36, 35, 27, 19, 20, 21, 22, 14, 15, 7, 6, 5, 13, 12, 4, 3, 11, 10, 18, 26, 25, 24, 16, 8, 0]
[00:00:05:56:016] ! Unidirectional t-s. expansions: 27,779, time: 356,016 [ms], path length: 56 [edges], generated: 497,366
[00:00:00:54:179] Path of length 56 found: [0, 8, 16, 24, 32, 40, 48, 56, 57, 49, 50, 58, 59, 51, 52, 60, 61, 62, 54, 53, 45, 46, 38, 37, 29, 21, 13, 12, 11, 19, 27, 28, 36, 35, 43, 42, 34, 33, 25, 26, 18, 10, 2, 3, 4, 5, 6, 7, 15, 14, 22, 30, 31, 39, 47, 55, 63]
[00:00:00:54:700] ! Bidirectional. expansions: 7,151, time: 54,179 [ms], path length: 56 [edges], g_F: 28, g_B: 28, generated: 0, MM: 0, MMPER: -1.0%

[00:00:00:54:700] average expansions: (143,564, 53,284, 96,408, 0)
[00:00:00:54:700] average time: (1,245,179, 602,473, 654,186, 0)
[00:00:00:54:700] XA*: 53,284 , 602,473 (expansions , time[ms])
[00:00:00:54:700] BiXA*: 96,408 , 654,186 (expansions , time[ms])

