------------------------------------
Thu 01 Oct 2026 14:09:47 IDT
SLURM_JOBID:		21947801
SLURM_JOB_NODELIST:	ise-cpu256-29
SLURM_SCRATCH_DIR:	/scratch/shubit/21947801
Allocated Resouces:	cpu - 2 / mem - 61440 MB / gpu - 
SLURM_GPU_INDEX:	
Running as shubit from shimony account with normal QOS
------------------------------------
Thu 01 Oct 2026 14:09:48 IDT

SLURM_JOBID:		 21947801
SLURM_JOB_NODELIST:	 ise-cpu256-29 

--------------------------
date: SM_Grids
number_of_graphs: 10
graph_type: grid
size_of_graphs: [8, 8]
heuristic: bcc_heuristic
snake: False
run_uni: True
run_bi: True
run_multi: False
solution_vertices: []
algorithms: ['DFBnB']
lookahead: 1
bsd: False
cube_first_dims: 4
cube_buffer_dim: None
backward_sym_generation: False
sym_coil: False
prefix_set: None

---------- SM_Grids/8x8_grid_with_random_blocks_16per_0 ----------
[00:00:00:01:186] Path of length 44 found: [0, 1, 9, 10, 2, 3, 11, 19, 18, 26, 25, 24, 32, 40, 48, 49, 41, 33, 34, 42, 50, 51, 43, 35, 36, 28, 20, 12, 13, 5, 6, 7, 15, 14, 22, 23, 31, 30, 29, 37, 38, 46, 47, 55, 63]
[00:00:00:01:186] ! Unidirectional s-t. expansions: 856, time: 1,186 [ms], path length: 44 [edges], generated: 1,443
[00:00:00:00:544] Path of length 44 found: [63, 55, 47, 46, 38, 39, 31, 23, 15, 7, 6, 5, 13, 14, 22, 30, 29, 37, 36, 44, 43, 35, 34, 33, 41, 42, 50, 49, 48, 40, 32, 24, 25, 26, 18, 19, 20, 12, 11, 3, 2, 10, 9, 1, 0]
[00:00:00:00:544] ! Unidirectional t-s. expansions: 242, time: 544 [ms], path length: 44 [edges], generated: 426
[00:00:00:05:599] Path of length 44 found: [0, 1, 9, 10, 2, 3, 11, 12, 20, 19, 18, 26, 25, 24, 32, 40, 48, 49, 41, 33, 34, 42, 50, 51, 43, 44, 36, 37, 29, 30, 22, 14, 13, 5, 6, 7, 15, 23, 31, 39, 38, 46, 47, 55, 63]
[00:00:00:06:123] ! Bidirectional. expansions: 1,704, time: 5,599 [ms], path length: 44 [edges], g_F: 24, g_B: 20, generated: 0, MM: 4, MMPER: 7.888888888888889%
[00:00:00:06:123] 
---------- SM_Grids/8x8_grid_with_random_blocks_16per_1 ----------
[00:00:00:00:136] Path of length 44 found: [0, 8, 16, 24, 32, 33, 25, 26, 18, 10, 2, 3, 4, 12, 11, 19, 27, 35, 34, 42, 43, 44, 36, 28, 20, 21, 29, 30, 22, 14, 15, 23, 31, 39, 38, 46, 47, 55, 54, 53, 52, 60, 61, 62, 63]
[00:00:00:00:136] ! Unidirectional s-t. expansions: 62, time: 136 [ms], path length: 44 [edges], generated: 107
[00:00:00:25:518] Path of length 44 found: [63, 62, 61, 60, 52, 53, 54, 55, 47, 46, 38, 39, 31, 23, 15, 14, 22, 30, 29, 21, 20, 12, 4, 3, 2, 10, 11, 19, 18, 26, 34, 35, 27, 28, 36, 44, 43, 42, 41, 33, 25, 24, 16, 8, 0]
[00:00:00:25:518] ! Unidirectional t-s. expansions: 15,209, time: 25,518 [ms], path length: 44 [edges], generated: 27,628
[00:00:00:57:044] Path of length 44 found: [0, 8, 16, 24, 32, 33, 41, 42, 43, 44, 36, 28, 27, 35, 34, 26, 18, 19, 11, 10, 2, 3, 4, 12, 20, 21, 29, 30, 22, 14, 15, 23, 31, 39, 38, 46, 47, 55, 54, 53, 52, 60, 61, 62, 63]
[00:00:00:57:497] ! Bidirectional. expansions: 15,526, time: 57,045 [ms], path length: 44 [edges], g_F: 13, g_B: 31, generated: 0, MM: 18, MMPER: 39.0%
[00:00:00:57:497] 
---------- SM_Grids/8x8_grid_with_random_blocks_16per_2 ----------
[00:00:00:07:502] Path of length 44 found: [0, 8, 16, 24, 32, 40, 48, 56, 57, 49, 41, 33, 34, 26, 18, 10, 2, 3, 11, 19, 27, 28, 20, 21, 29, 30, 38, 46, 47, 55, 54, 53, 45, 44, 43, 42, 50, 58, 59, 51, 52, 60, 61, 62, 63]
[00:00:00:07:503] ! Unidirectional s-t. expansions: 4,123, time: 7,502 [ms], path length: 44 [edges], generated: 7,453
[00:00:00:22:103] Path of length 44 found: [63, 55, 47, 46, 38, 30, 29, 21, 20, 19, 11, 3, 2, 10, 18, 26, 27, 28, 36, 44, 45, 53, 54, 62, 61, 60, 52, 51, 43, 42, 34, 33, 41, 49, 50, 58, 57, 56, 48, 40, 32, 24, 16, 8, 0]
[00:00:00:22:103] ! Unidirectional t-s. expansions: 13,598, time: 22,103 [ms], path length: 44 [edges], generated: 22,334
[00:00:00:58:271] Path of length 44 found: [0, 8, 16, 24, 32, 40, 48, 56, 57, 49, 41, 33, 34, 42, 50, 58, 59, 51, 52, 60, 61, 62, 54, 53, 45, 44, 36, 28, 27, 26, 18, 10, 2, 3, 11, 19, 20, 21, 29, 30, 38, 46, 47, 55, 63]
[00:00:00:58:723] ! Bidirectional. expansions: 15,165, time: 58,271 [ms], path length: 44 [edges], g_F: 23, g_B: 21, generated: 0, MM: 2, MMPER: 3.4444444444444446%
[00:00:00:58:723] 
---------- SM_Grids/8x8_grid_with_random_blocks_16per_3 ----------
[00:00:00:26:687] Path of length 44 found: [0, 8, 16, 24, 25, 17, 18, 10, 11, 19, 27, 26, 34, 33, 41, 49, 50, 42, 43, 35, 36, 28, 29, 21, 20, 12, 13, 14, 15, 23, 31, 30, 38, 39, 47, 46, 45, 44, 52, 60, 61, 53, 54, 62, 63]
[00:00:00:26:688] ! Unidirectional s-t. expansions: 17,014, time: 26,687 [ms], path length: 44 [edges], generated: 30,233
[00:00:01:17:474] Path of length 44 found: [63, 55, 47, 39, 31, 23, 15, 14, 13, 12, 11, 10, 18, 26, 34, 42, 43, 35, 36, 28, 27, 19, 20, 21, 29, 30, 38, 46, 45, 53, 54, 62, 61, 60, 52, 51, 50, 49, 41, 33, 25, 17, 16, 8, 0]
[00:00:01:17:474] ! Unidirectional t-s. expansions: 54,936, time: 77,474 [ms], path length: 44 [edges], generated: 94,655
[00:00:02:57:192] Path of length 44 found: [0, 8, 16, 24, 25, 17, 18, 10, 11, 19, 27, 26, 34, 33, 41, 49, 50, 42, 43, 35, 36, 44, 52, 60, 61, 62, 54, 53, 45, 46, 38, 30, 29, 21, 20, 12, 13, 14, 15, 23, 31, 39, 47, 55, 63]
[00:00:02:57:647] ! Bidirectional. expansions: 47,506, time: 177,192 [ms], path length: 44 [edges], g_F: 29, g_B: 15, generated: 0, MM: 14, MMPER: 30.11111111111111%
[00:00:02:57:647] 
---------- SM_Grids/8x8_grid_with_random_blocks_16per_4 ----------
[00:00:00:01:295] Path of length 48 found: [0, 1, 9, 8, 16, 17, 25, 33, 32, 40, 48, 56, 57, 49, 41, 42, 50, 51, 52, 60, 61, 53, 45, 44, 36, 28, 27, 35, 34, 26, 18, 10, 11, 3, 4, 12, 13, 14, 22, 30, 29, 37, 38, 39, 47, 46, 54, 62, 63]
[00:00:00:01:295] ! Unidirectional s-t. expansions: 852, time: 1,295 [ms], path length: 48 [edges], generated: 1,430
[00:00:00:04:194] Path of length 48 found: [63, 55, 47, 39, 38, 30, 22, 14, 13, 12, 4, 3, 11, 10, 18, 26, 34, 35, 27, 28, 29, 37, 36, 44, 45, 46, 54, 62, 61, 53, 52, 51, 50, 42, 41, 49, 57, 56, 48, 40, 32, 33, 25, 17, 16, 8, 9, 1, 0]
[00:00:00:04:195] ! Unidirectional t-s. expansions: 1,903, time: 4,194 [ms], path length: 48 [edges], generated: 3,405
[00:00:00:17:628] Path of length 48 found: [0, 1, 9, 8, 16, 17, 25, 33, 32, 40, 48, 56, 57, 49, 41, 42, 50, 51, 52, 60, 61, 62, 54, 46, 45, 44, 36, 37, 29, 28, 27, 35, 34, 26, 18, 10, 11, 3, 4, 12, 13, 14, 22, 30, 38, 39, 47, 55, 63]
[00:00:00:18:072] ! Bidirectional. expansions: 4,210, time: 17,628 [ms], path length: 48 [edges], g_F: 33, g_B: 15, generated: 0, MM: 18, MMPER: 35.734693877551024%
[00:00:00:18:072] 
---------- SM_Grids/8x8_grid_with_random_blocks_16per_5 ----------
[00:00:00:06:335] Path of length 50 found: [0, 8, 16, 24, 32, 33, 34, 26, 25, 17, 9, 1, 2, 10, 11, 19, 20, 12, 4, 5, 6, 14, 15, 23, 22, 30, 29, 28, 36, 35, 43, 51, 50, 49, 48, 56, 57, 58, 59, 60, 61, 53, 52, 44, 45, 46, 38, 39, 47, 55, 63]
[00:00:00:06:336] ! Unidirectional s-t. expansions: 3,821, time: 6,335 [ms], path length: 50 [edges], generated: 6,324
[00:00:00:09:124] Path of length 50 found: [63, 55, 47, 39, 38, 46, 54, 53, 45, 44, 52, 60, 59, 58, 57, 56, 48, 49, 50, 51, 43, 35, 36, 28, 29, 30, 31, 23, 15, 14, 6, 5, 4, 12, 20, 19, 11, 3, 2, 10, 9, 17, 25, 26, 34, 33, 32, 24, 16, 8, 0]
[00:00:00:09:124] ! Unidirectional t-s. expansions: 6,143, time: 9,124 [ms], path length: 50 [edges], generated: 9,959
[00:00:00:48:064] Path of length 50 found: [0, 8, 16, 24, 32, 33, 34, 26, 25, 17, 9, 1, 2, 10, 11, 19, 20, 12, 4, 5, 6, 14, 15, 23, 22, 30, 29, 28, 36, 35, 43, 51, 50, 49, 48, 56, 57, 58, 59, 60, 52, 44, 45, 53, 54, 46, 38, 39, 47, 55, 63]
[00:00:00:48:558] ! Bidirectional. expansions: 10,767, time: 48,064 [ms], path length: 50 [edges], g_F: 43, g_B: 7, generated: 0, MM: 36, MMPER: 69.58823529411765%
[00:00:00:48:558] 
---------- SM_Grids/8x8_grid_with_random_blocks_16per_6 ----------
[00:00:00:00:445] Path of length 48 found: [0, 1, 9, 8, 16, 24, 32, 40, 48, 49, 50, 42, 41, 33, 25, 17, 18, 10, 11, 19, 27, 26, 34, 35, 36, 44, 52, 53, 45, 37, 29, 21, 13, 5, 6, 7, 15, 14, 22, 23, 31, 30, 38, 46, 47, 55, 54, 62, 63]
[00:00:00:00:446] ! Unidirectional s-t. expansions: 242, time: 446 [ms], path length: 48 [edges], generated: 404
[00:00:00:00:167] Path of length 48 found: [63, 62, 54, 55, 47, 46, 38, 30, 31, 23, 15, 7, 6, 5, 13, 14, 22, 21, 29, 37, 45, 53, 52, 44, 36, 35, 27, 19, 11, 10, 18, 17, 25, 26, 34, 33, 41, 42, 50, 49, 48, 40, 32, 24, 16, 8, 9, 1, 0]
[00:00:00:00:168] ! Unidirectional t-s. expansions: 90, time: 168 [ms], path length: 48 [edges], generated: 155
[00:00:00:02:243] Path of length 48 found: [0, 1, 9, 8, 16, 24, 32, 40, 48, 49, 50, 42, 41, 33, 25, 17, 18, 10, 11, 19, 27, 26, 34, 35, 36, 44, 52, 53, 45, 37, 29, 21, 22, 14, 13, 5, 6, 7, 15, 23, 31, 30, 38, 46, 47, 55, 54, 62, 63]
[00:00:00:02:691] ! Bidirectional. expansions: 519, time: 2,244 [ms], path length: 48 [edges], g_F: 28, g_B: 20, generated: 0, MM: 8, MMPER: 15.326530612244898%
[00:00:00:02:692] 
---------- SM_Grids/8x8_grid_with_random_blocks_16per_7 ----------
[00:00:00:51:521] Path of length 48 found: [0, 8, 16, 24, 32, 40, 48, 56, 57, 49, 41, 33, 34, 26, 18, 17, 9, 10, 2, 3, 11, 19, 27, 28, 20, 12, 13, 14, 6, 7, 15, 23, 31, 30, 38, 37, 45, 44, 43, 42, 50, 58, 59, 60, 61, 53, 54, 55, 63]
[00:00:00:51:521] ! Unidirectional s-t. expansions: 32,791, time: 51,521 [ms], path length: 48 [edges], generated: 54,620
[00:00:00:26:262] Path of length 48 found: [63, 55, 54, 46, 38, 30, 31, 23, 15, 7, 6, 14, 13, 21, 20, 12, 11, 3, 2, 10, 9, 17, 18, 19, 27, 26, 34, 35, 43, 44, 45, 53, 61, 60, 59, 51, 50, 42, 41, 49, 57, 56, 48, 40, 32, 24, 16, 8, 0]
[00:00:00:26:262] ! Unidirectional t-s. expansions: 17,153, time: 26,262 [ms], path length: 48 [edges], generated: 29,880
[00:00:03:05:138] Expansions: 50,000. F states: 49,365, B states: 40,260. Checks: 225,287)
[00:00:03:36:106] Path of length 48 found: [0, 8, 16, 24, 32, 40, 48, 56, 57, 49, 41, 33, 34, 42, 50, 58, 59, 60, 61, 53, 45, 44, 43, 35, 27, 26, 18, 17, 9, 10, 2, 3, 11, 12, 20, 21, 13, 14, 6, 7, 15, 23, 31, 30, 38, 46, 54, 55, 63]
[00:00:03:36:551] ! Bidirectional. expansions: 58,960, time: 216,106 [ms], path length: 48 [edges], g_F: 32, g_B: 16, generated: 0, MM: 16, MMPER: 31.653061224489797%
[00:00:03:36:551] 
---------- SM_Grids/8x8_grid_with_random_blocks_16per_8 ----------
[00:00:00:08:270] Path of length 50 found: [0, 8, 16, 17, 9, 1, 2, 10, 18, 19, 11, 3, 4, 5, 6, 7, 15, 23, 22, 14, 13, 12, 20, 21, 29, 28, 36, 35, 34, 33, 32, 40, 48, 56, 57, 49, 41, 42, 50, 51, 59, 60, 61, 53, 45, 37, 38, 46, 54, 62, 63]
[00:00:00:08:271] ! Unidirectional s-t. expansions: 4,611, time: 8,270 [ms], path length: 50 [edges], generated: 7,669
[00:00:00:00:543] Path of length 50 found: [63, 62, 54, 46, 38, 37, 45, 53, 61, 60, 59, 51, 43, 42, 50, 49, 57, 56, 48, 40, 32, 33, 34, 35, 36, 28, 29, 21, 13, 14, 22, 23, 15, 7, 6, 5, 4, 3, 2, 1, 9, 10, 11, 12, 20, 19, 18, 17, 16, 8, 0]
[00:00:00:00:543] ! Unidirectional t-s. expansions: 334, time: 543 [ms], path length: 50 [edges], generated: 575
[00:00:00:47:875] Path of length 50 found: [0, 8, 16, 17, 9, 1, 2, 10, 18, 19, 11, 3, 4, 5, 6, 7, 15, 23, 22, 14, 13, 12, 20, 21, 29, 28, 36, 35, 34, 33, 32, 40, 48, 56, 57, 49, 50, 42, 43, 51, 59, 60, 61, 53, 45, 37, 38, 46, 54, 62, 63]
[00:00:00:48:314] ! Bidirectional. expansions: 12,840, time: 47,875 [ms], path length: 50 [edges], g_F: 35, g_B: 15, generated: 0, MM: 20, MMPER: 38.21568627450981%
[00:00:00:48:315] 
---------- SM_Grids/8x8_grid_with_random_blocks_16per_9 ----------
[00:00:00:01:687] Path of length 46 found: [0, 8, 16, 24, 32, 33, 25, 17, 9, 1, 2, 3, 11, 12, 4, 5, 6, 7, 15, 14, 13, 21, 20, 28, 27, 26, 34, 42, 50, 58, 59, 51, 43, 44, 36, 37, 38, 30, 31, 39, 47, 55, 54, 53, 61, 62, 63]
[00:00:00:01:688] ! Unidirectional s-t. expansions: 876, time: 1,687 [ms], path length: 46 [edges], generated: 1,528
[00:00:00:01:069] Path of length 46 found: [63, 62, 61, 53, 54, 55, 47, 39, 31, 30, 38, 37, 45, 44, 52, 51, 59, 58, 50, 42, 41, 33, 32, 24, 16, 8, 9, 17, 25, 26, 27, 28, 20, 21, 13, 14, 15, 7, 6, 5, 4, 12, 11, 3, 2, 1, 0]
[00:00:00:01:070] ! Unidirectional t-s. expansions: 480, time: 1,069 [ms], path length: 46 [edges], generated: 947
[00:00:00:14:480] Path of length 46 found: [0, 8, 16, 24, 32, 33, 25, 17, 9, 1, 2, 3, 11, 12, 4, 5, 6, 7, 15, 14, 13, 21, 20, 28, 27, 26, 34, 42, 50, 58, 59, 51, 52, 44, 45, 37, 38, 30, 31, 39, 47, 55, 54, 53, 61, 62, 63]
[00:00:00:14:948] ! Bidirectional. expansions: 3,399, time: 14,480 [ms], path length: 46 [edges], g_F: 19, g_B: 27, generated: 0, MM: 8, MMPER: 16.02127659574468%

[00:00:00:14:948] average expansions: (6,525, 11,009, 17,060, 0)
[00:00:00:14:948] average time: (10,506, 16,700, 64,450, 0)
[00:00:00:14:949] XDFBnB: 6,525 , 10,506 (expansions , time[ms])
[00:00:00:14:949] BiXDFBnB: 17,060 , 64,450 (expansions , time[ms])

