------------------------------------
Thu 01 Oct 2026 12:15:42 IDT
SLURM_JOBID:		21944138
SLURM_JOB_NODELIST:	ise-cpu256-15
SLURM_SCRATCH_DIR:	/scratch/shubit/21944138
Allocated Resouces:	cpu - 2 / mem - 61440 MB / gpu - 
SLURM_GPU_INDEX:	
Running as shubit from shimony account with normal QOS
------------------------------------
Thu 01 Oct 2026 12:15:42 IDT

SLURM_JOBID:		 21944138
SLURM_JOB_NODELIST:	 ise-cpu256-15 

--------------------------
date: SM_Grids
number_of_graphs: 10
graph_type: grid
size_of_graphs: [8, 8]
heuristic: bcc_heuristic
snake: False
run_uni: True
run_bi: True
run_multi: False
solution_vertices: []
algorithms: ['IDA']
lookahead: 1
bsd: False
cube_first_dims: 4
cube_buffer_dim: None
backward_sym_generation: False
sym_coil: False
prefix_set: None

---------- SM_Grids/8x8_grid_with_random_blocks_12per_0 ----------
[00:00:00:24:119] Path of length 52 found: [0, 8, 16, 24, 25, 17, 9, 1, 2, 10, 18, 26, 34, 33, 41, 40, 48, 56, 57, 58, 50, 42, 43, 35, 27, 19, 11, 3, 4, 12, 20, 21, 13, 14, 22, 30, 31, 39, 47, 55, 54, 53, 45, 37, 36, 44, 52, 51, 59, 60, 61, 62, 63]
[00:00:00:24:119] ! Unidirectional s-t. expansions: 14,676, time: 24,119 [ms], path length: 52 [edges], generated: 24,058
[00:00:00:32:278] Path of length 52 found: [63, 55, 47, 39, 31, 30, 22, 14, 13, 21, 20, 12, 4, 3, 2, 10, 11, 19, 18, 26, 34, 42, 50, 51, 43, 35, 27, 28, 36, 37, 45, 44, 52, 53, 54, 62, 61, 60, 59, 58, 57, 56, 48, 40, 41, 33, 25, 24, 16, 17, 9, 1, 0]
[00:00:00:32:279] ! Unidirectional t-s. expansions: 24,333, time: 32,278 [ms], path length: 52 [edges], generated: 38,100
[00:00:02:41:331] Path of length 52 found: [0, 8, 16, 24, 25, 17, 9, 1, 2, 3, 4, 12, 11, 10, 18, 26, 34, 33, 41, 40, 48, 56, 57, 58, 50, 42, 43, 51, 59, 60, 61, 62, 54, 53, 52, 44, 45, 37, 36, 35, 27, 19, 20, 21, 13, 14, 22, 30, 31, 39, 47, 55, 63]
[00:00:02:41:795] ! Bidirectional. expansions: 40,536, time: 161,331 [ms], path length: 52 [edges], g_F: 42, g_B: 10, generated: 0, MM: 32, MMPER: 59.37735849056604%
[00:00:02:41:796] 
---------- SM_Grids/8x8_grid_with_random_blocks_12per_1 ----------
[00:00:00:02:792] Path of length 52 found: [0, 8, 16, 24, 32, 33, 25, 17, 9, 1, 2, 10, 11, 3, 4, 12, 13, 5, 6, 7, 15, 14, 22, 21, 20, 19, 27, 26, 34, 42, 41, 49, 50, 58, 59, 51, 52, 60, 61, 53, 45, 44, 36, 28, 29, 37, 38, 39, 47, 46, 54, 62, 63]
[00:00:00:02:793] ! Unidirectional s-t. expansions: 1,684, time: 2,793 [ms], path length: 52 [edges], generated: 2,789
[00:00:00:01:887] Path of length 52 found: [63, 55, 47, 39, 38, 37, 29, 21, 22, 14, 15, 7, 6, 5, 13, 12, 4, 3, 11, 10, 2, 1, 9, 17, 25, 26, 27, 19, 20, 28, 36, 44, 52, 53, 45, 46, 54, 62, 61, 60, 59, 51, 50, 49, 41, 42, 34, 33, 32, 24, 16, 8, 0]
[00:00:00:01:887] ! Unidirectional t-s. expansions: 865, time: 1,887 [ms], path length: 52 [edges], generated: 1,493
[00:00:00:54:932] Path of length 52 found: [0, 8, 16, 24, 32, 33, 25, 17, 9, 1, 2, 10, 11, 3, 4, 12, 13, 5, 6, 7, 15, 14, 22, 21, 20, 19, 27, 26, 34, 42, 41, 49, 50, 58, 59, 60, 52, 53, 61, 62, 54, 46, 45, 44, 36, 28, 29, 37, 38, 39, 47, 55, 63]
[00:00:00:55:376] ! Bidirectional. expansions: 11,924, time: 54,932 [ms], path length: 52 [edges], g_F: 34, g_B: 18, generated: 0, MM: 16, MMPER: 29.18867924528302%
[00:00:00:55:376] 
---------- SM_Grids/8x8_grid_with_random_blocks_12per_2 ----------
[00:00:00:48:844] Path of length 50 found: [0, 8, 16, 24, 32, 33, 25, 17, 9, 1, 2, 10, 18, 19, 27, 28, 20, 12, 11, 3, 4, 5, 13, 21, 22, 14, 15, 23, 31, 30, 29, 37, 36, 44, 43, 42, 50, 49, 57, 58, 59, 51, 52, 60, 61, 62, 54, 46, 47, 55, 63]
[00:00:00:48:845] ! Unidirectional s-t. expansions: 24,872, time: 48,845 [ms], path length: 50 [edges], generated: 44,842
[00:00:00:12:696] Path of length 50 found: [63, 55, 47, 46, 54, 62, 61, 60, 52, 44, 43, 51, 59, 58, 57, 49, 50, 42, 34, 33, 32, 24, 25, 17, 16, 8, 9, 10, 18, 19, 27, 28, 36, 37, 38, 30, 29, 21, 22, 23, 15, 14, 13, 5, 4, 12, 11, 3, 2, 1, 0]
[00:00:00:12:697] ! Unidirectional t-s. expansions: 6,831, time: 12,696 [ms], path length: 50 [edges], generated: 12,775
[00:00:04:15:321] Path of length 50 found: [0, 8, 16, 24, 32, 33, 25, 17, 18, 10, 9, 1, 2, 3, 4, 5, 13, 14, 15, 23, 31, 30, 22, 21, 20, 12, 11, 19, 27, 28, 36, 37, 38, 46, 45, 44, 43, 42, 50, 49, 57, 58, 59, 51, 52, 60, 61, 62, 54, 55, 63]
[00:00:04:15:782] ! Bidirectional. expansions: 58,266, time: 255,321 [ms], path length: 50 [edges], g_F: 23, g_B: 27, generated: 0, MM: 4, MMPER: 6.8431372549019605%
[00:00:04:15:782] 
---------- SM_Grids/8x8_grid_with_random_blocks_12per_3 ----------
[00:00:00:12:556] Path of length 54 found: [0, 8, 16, 24, 32, 33, 41, 49, 48, 56, 57, 58, 50, 51, 59, 60, 52, 44, 43, 35, 36, 37, 29, 30, 22, 14, 13, 12, 20, 19, 27, 26, 25, 17, 18, 10, 9, 1, 2, 3, 4, 5, 6, 7, 15, 23, 31, 39, 38, 46, 47, 55, 54, 62, 63]
[00:00:00:12:557] ! Unidirectional s-t. expansions: 7,276, time: 12,556 [ms], path length: 54 [edges], generated: 12,013
[00:00:00:11:140] Path of length 54 found: [63, 55, 47, 39, 31, 23, 15, 7, 6, 5, 4, 3, 2, 1, 9, 10, 18, 17, 25, 26, 27, 19, 20, 12, 13, 14, 22, 30, 29, 37, 38, 46, 54, 62, 61, 60, 52, 44, 36, 35, 43, 51, 59, 58, 57, 56, 48, 49, 41, 33, 32, 24, 16, 8, 0]
[00:00:00:11:140] ! Unidirectional t-s. expansions: 5,441, time: 11,140 [ms], path length: 54 [edges], generated: 9,107
[00:00:03:31:855] Path of length 54 found: [0, 8, 16, 24, 32, 33, 41, 49, 48, 56, 57, 58, 50, 51, 52, 60, 61, 62, 54, 46, 45, 44, 43, 35, 36, 37, 29, 30, 22, 14, 13, 12, 20, 19, 27, 26, 25, 17, 18, 10, 9, 1, 2, 3, 4, 5, 6, 7, 15, 23, 31, 39, 47, 55, 63]
[00:00:03:32:323] ! Bidirectional. expansions: 48,380, time: 211,855 [ms], path length: 54 [edges], g_F: 27, g_B: 27, generated: 0, MM: 0, MMPER: -1.0%
[00:00:03:32:323] 
---------- SM_Grids/8x8_grid_with_random_blocks_12per_4 ----------
[00:00:00:00:206] Path of length 54 found: [0, 8, 16, 24, 25, 17, 9, 10, 18, 26, 34, 33, 41, 49, 48, 56, 57, 58, 50, 42, 43, 51, 59, 60, 52, 44, 36, 35, 27, 19, 11, 12, 4, 5, 6, 14, 13, 21, 20, 28, 29, 37, 38, 30, 22, 23, 31, 39, 47, 55, 54, 53, 61, 62, 63]
[00:00:00:00:206] ! Unidirectional s-t. expansions: 109, time: 206 [ms], path length: 54 [edges], generated: 192
[00:00:00:00:106] Path of length 54 found: [63, 55, 47, 39, 31, 23, 22, 14, 6, 5, 4, 12, 13, 21, 20, 19, 11, 10, 9, 17, 18, 26, 34, 42, 50, 51, 43, 35, 27, 28, 29, 30, 38, 37, 36, 44, 52, 53, 54, 62, 61, 60, 59, 58, 57, 56, 48, 49, 41, 33, 25, 24, 16, 8, 0]
[00:00:00:00:107] ! Unidirectional t-s. expansions: 53, time: 106 [ms], path length: 54 [edges], generated: 90
[00:00:00:00:991] Path of length 54 found: [0, 8, 16, 24, 25, 17, 9, 10, 18, 26, 34, 33, 41, 49, 48, 56, 57, 58, 50, 42, 43, 51, 59, 60, 61, 62, 54, 53, 52, 44, 36, 35, 27, 28, 20, 19, 11, 12, 4, 5, 6, 14, 13, 21, 29, 37, 38, 30, 22, 23, 31, 39, 47, 55, 63]
[00:00:00:01:433] ! Bidirectional. expansions: 235, time: 991 [ms], path length: 54 [edges], g_F: 27, g_B: 27, generated: 0, MM: 0, MMPER: -1.0%
[00:00:00:01:433] 
---------- SM_Grids/8x8_grid_with_random_blocks_12per_5 ----------
[00:00:00:33:875] Path of length 52 found: [0, 8, 16, 24, 32, 40, 41, 33, 25, 17, 9, 1, 2, 3, 11, 19, 27, 35, 34, 42, 50, 58, 59, 51, 43, 44, 52, 60, 61, 53, 45, 37, 29, 28, 20, 21, 13, 12, 4, 5, 6, 14, 15, 23, 22, 30, 31, 39, 38, 46, 47, 55, 63]
[00:00:00:33:875] ! Unidirectional s-t. expansions: 17,701, time: 33,875 [ms], path length: 52 [edges], generated: 31,438
[00:00:00:15:410] Path of length 52 found: [63, 55, 47, 39, 31, 23, 15, 14, 6, 5, 4, 3, 2, 1, 9, 17, 18, 19, 27, 28, 20, 12, 13, 21, 22, 30, 29, 37, 38, 46, 45, 44, 52, 53, 61, 60, 59, 58, 50, 51, 43, 35, 34, 42, 41, 40, 32, 33, 25, 24, 16, 8, 0]
[00:00:00:15:410] ! Unidirectional t-s. expansions: 9,328, time: 15,410 [ms], path length: 52 [edges], generated: 15,629
[00:00:01:53:577] Path of length 52 found: [0, 8, 16, 24, 32, 40, 41, 33, 25, 17, 9, 1, 2, 3, 11, 19, 20, 28, 27, 35, 34, 42, 50, 58, 59, 60, 61, 53, 52, 51, 43, 44, 45, 46, 38, 37, 29, 30, 22, 21, 13, 12, 4, 5, 6, 14, 15, 23, 31, 39, 47, 55, 63]
[00:00:01:54:016] ! Bidirectional. expansions: 28,575, time: 113,577 [ms], path length: 52 [edges], g_F: 15, g_B: 37, generated: 0, MM: 22, MMPER: 40.509433962264154%
[00:00:01:54:016] 
---------- SM_Grids/8x8_grid_with_random_blocks_12per_6 ----------
[00:00:00:46:641] Path of length 52 found: [0, 8, 16, 24, 32, 40, 48, 49, 41, 42, 50, 51, 59, 60, 61, 53, 45, 44, 43, 35, 34, 26, 25, 17, 9, 1, 2, 10, 18, 19, 27, 28, 20, 12, 11, 3, 4, 5, 13, 14, 6, 7, 15, 23, 22, 21, 29, 37, 38, 46, 54, 62, 63]
[00:00:00:46:642] ! Unidirectional s-t. expansions: 31,333, time: 46,642 [ms], path length: 52 [edges], generated: 50,585
[00:00:00:36:563] Path of length 52 found: [63, 62, 54, 46, 38, 37, 29, 21, 13, 14, 22, 23, 15, 7, 6, 5, 4, 3, 2, 1, 9, 17, 25, 26, 18, 10, 11, 12, 20, 19, 27, 28, 36, 35, 34, 42, 43, 44, 45, 53, 61, 60, 59, 51, 50, 49, 41, 40, 32, 24, 16, 8, 0]
[00:00:00:36:563] ! Unidirectional t-s. expansions: 24,863, time: 36,563 [ms], path length: 52 [edges], generated: 41,690
[00:00:05:16:484] Path of length 52 found: [0, 8, 16, 24, 32, 40, 48, 49, 41, 42, 50, 51, 59, 60, 61, 53, 45, 44, 36, 35, 34, 26, 25, 17, 18, 10, 9, 1, 2, 3, 4, 5, 6, 7, 15, 23, 22, 14, 13, 12, 11, 19, 27, 28, 20, 21, 29, 37, 38, 46, 54, 62, 63]
[00:00:05:16:930] ! Bidirectional. expansions: 87,957, time: 316,484 [ms], path length: 52 [edges], g_F: 19, g_B: 33, generated: 0, MM: 14, MMPER: 25.41509433962264%
[00:00:05:16:930] 
---------- SM_Grids/8x8_grid_with_random_blocks_12per_7 ----------
[00:00:03:01:607] Valid states checked so far: 200,000, Expansions: 114,569, Global best: 53
[00:00:05:49:534] Valid states checked so far: 400,000, Expansions: 230,371, Global best: 53
[00:00:07:43:346] Path of length 52 found: [0, 8, 16, 24, 32, 40, 48, 56, 57, 58, 59, 60, 61, 53, 52, 44, 45, 37, 36, 28, 27, 26, 34, 35, 43, 42, 41, 33, 25, 17, 9, 10, 18, 19, 20, 12, 13, 5, 6, 7, 15, 14, 22, 23, 31, 30, 38, 39, 47, 46, 54, 62, 63]
[00:00:07:43:347] ! Unidirectional s-t. expansions: 309,131, time: 463,346 [ms], path length: 52 [edges], generated: 533,155
[00:00:03:08:968] Valid states checked so far: 200,000, Expansions: 119,046, Global best: 41
[00:00:06:09:170] Valid states checked so far: 400,000, Expansions: 237,373, Global best: 41
[00:00:07:14:530] Path of length 52 found: [63, 55, 47, 39, 31, 23, 15, 7, 6, 5, 13, 12, 20, 21, 22, 30, 38, 37, 36, 28, 27, 19, 18, 10, 9, 17, 25, 26, 34, 35, 43, 44, 52, 53, 45, 46, 54, 62, 61, 60, 59, 58, 57, 56, 48, 49, 41, 33, 32, 24, 16, 8, 0]
[00:00:07:14:530] ! Unidirectional t-s. expansions: 278,223, time: 434,530 [ms], path length: 52 [edges], generated: 471,138
[00:01:17:39:716] Path of length 52 found: [0, 8, 16, 24, 32, 40, 48, 56, 57, 58, 59, 60, 52, 44, 45, 53, 61, 62, 54, 46, 38, 37, 36, 28, 27, 26, 34, 35, 43, 42, 41, 33, 25, 17, 9, 10, 18, 19, 20, 12, 13, 5, 6, 7, 15, 14, 22, 23, 31, 39, 47, 55, 63]
[00:01:17:40:150] ! Bidirectional. expansions: 1,281,356, time: 4,659,716 [ms], path length: 52 [edges], g_F: 40, g_B: 12, generated: 0, MM: 28, MMPER: 51.83018867924528%
[00:01:17:40:150] 
---------- SM_Grids/8x8_grid_with_random_blocks_12per_8 ----------
[00:00:00:13:073] Path of length 54 found: [0, 8, 16, 24, 32, 33, 41, 49, 48, 56, 57, 58, 59, 60, 52, 53, 45, 37, 29, 21, 13, 12, 20, 19, 27, 28, 36, 44, 43, 35, 34, 26, 25, 17, 18, 10, 9, 1, 2, 3, 4, 5, 6, 7, 15, 14, 22, 23, 31, 30, 38, 46, 47, 55, 63]
[00:00:00:13:074] ! Unidirectional s-t. expansions: 8,474, time: 13,073 [ms], path length: 54 [edges], generated: 13,953
[00:00:00:09:481] Path of length 54 found: [63, 55, 47, 39, 31, 23, 15, 7, 6, 5, 4, 3, 2, 1, 9, 10, 18, 17, 25, 26, 34, 35, 43, 44, 36, 28, 27, 19, 20, 12, 13, 14, 22, 21, 29, 30, 38, 37, 45, 53, 52, 60, 59, 58, 57, 56, 48, 49, 41, 33, 32, 24, 16, 8, 0]
[00:00:00:09:481] ! Unidirectional t-s. expansions: 5,465, time: 9,481 [ms], path length: 54 [edges], generated: 9,514
[00:00:01:16:320] Path of length 54 found: [0, 8, 16, 24, 32, 33, 41, 49, 48, 56, 57, 58, 59, 60, 52, 53, 45, 46, 38, 37, 29, 30, 22, 14, 13, 12, 20, 19, 27, 28, 36, 44, 43, 35, 34, 26, 25, 17, 18, 10, 9, 1, 2, 3, 4, 5, 6, 7, 15, 23, 31, 39, 47, 55, 63]
[00:00:01:16:783] ! Bidirectional. expansions: 18,890, time: 76,320 [ms], path length: 54 [edges], g_F: 26, g_B: 28, generated: 0, MM: 2, MMPER: 2.6363636363636362%
[00:00:01:16:784] 
---------- SM_Grids/8x8_grid_with_random_blocks_12per_9 ----------
[00:00:03:05:655] Valid states checked so far: 200,000, Expansions: 117,370, Global best: 43
[00:00:03:17:437] Path of length 52 found: [0, 8, 9, 1, 2, 10, 18, 26, 25, 24, 32, 40, 48, 56, 57, 49, 41, 33, 34, 35, 43, 51, 50, 58, 59, 60, 52, 53, 45, 37, 36, 28, 27, 19, 11, 12, 20, 21, 13, 5, 6, 7, 15, 23, 31, 30, 38, 46, 47, 55, 54, 62, 63]
[00:00:03:17:437] ! Unidirectional s-t. expansions: 124,817, time: 197,437 [ms], path length: 52 [edges], generated: 212,749
[00:00:03:16:166] Valid states checked so far: 200,000, Expansions: 115,954, Global best: 0
[00:00:05:32:048] Path of length 52 found: [63, 55, 47, 46, 38, 30, 31, 23, 15, 7, 6, 5, 4, 12, 13, 21, 20, 19, 11, 10, 18, 26, 25, 33, 34, 35, 27, 28, 36, 37, 45, 53, 54, 62, 61, 60, 52, 51, 59, 58, 50, 49, 57, 56, 48, 40, 32, 24, 16, 8, 9, 1, 0]
[00:00:05:32:049] ! Unidirectional t-s. expansions: 202,704, time: 332,048 [ms], path length: 52 [edges], generated: 347,584
[00:00:28:26:372] Path of length 52 found: [0, 8, 9, 1, 2, 10, 18, 19, 27, 26, 25, 24, 32, 33, 41, 40, 48, 56, 57, 49, 50, 58, 59, 60, 61, 62, 54, 53, 52, 51, 43, 35, 36, 37, 29, 28, 20, 21, 13, 12, 4, 5, 6, 7, 15, 23, 31, 30, 38, 46, 47, 55, 63]
[00:00:28:26:775] ! Bidirectional. expansions: 468,356, time: 1,706,372 [ms], path length: 52 [edges], g_F: 7, g_B: 45, generated: 0, MM: 38, MMPER: 70.69811320754717%

[00:00:28:26:775] average expansions: (54,007, 55,811, 204,448, 0)
[00:00:28:26:775] average time: (84,289, 88,614, 755,690, 0)
[00:00:28:26:775] XIDA: 54,007 , 84,289 (expansions , time[ms])
[00:00:28:26:775] BiXIDA: 204,448 , 755,690 (expansions , time[ms])

