------------------------------------
Thu 01 Oct 2026 10:43:38 IDT
SLURM_JOBID:		21942781
SLURM_JOB_NODELIST:	ise-cpu256-27
SLURM_SCRATCH_DIR:	/scratch/shubit/21942781
Allocated Resouces:	cpu - 2 / mem - 61440 MB / gpu - 
SLURM_GPU_INDEX:	
Running as shubit from shimony account with normal QOS
------------------------------------
Thu 01 Oct 2026 10:43:38 IDT

SLURM_JOBID:		 21942781
SLURM_JOB_NODELIST:	 ise-cpu256-27 

--------------------------
date: SM_Grids
number_of_graphs: 10
graph_type: grid
size_of_graphs: [8, 8]
heuristic: bcc_heuristic
snake: False
run_uni: True
run_bi: True
run_multi: False
solution_vertices: []
algorithms: ['A']
lookahead: 1
bsd: False
cube_first_dims: 4
cube_buffer_dim: None
backward_sym_generation: False
sym_coil: False
prefix_set: None

---------- SM_Grids/8x8_grid_with_random_blocks_16per_0 ----------
[00:00:00:01:025] Path of length 44 found: [0, 1, 9, 10, 2, 3, 11, 19, 18, 26, 34, 42, 41, 33, 25, 24, 32, 40, 48, 49, 50, 51, 43, 44, 36, 37, 29, 28, 20, 12, 13, 5, 6, 7, 15, 14, 22, 23, 31, 30, 38, 46, 47, 55, 63]
[00:00:00:01:025] ! Unidirectional s-t. expansions: 586, time: 1,025 [ms], path length: 44 [edges], generated: 1,011
[00:00:00:00:532] Path of length 44 found: [63, 55, 47, 46, 38, 39, 31, 30, 22, 23, 15, 7, 6, 5, 13, 12, 20, 28, 29, 37, 36, 44, 43, 35, 34, 33, 41, 42, 50, 49, 48, 40, 32, 24, 25, 26, 18, 19, 11, 3, 2, 10, 9, 1, 0]
[00:00:00:00:532] ! Unidirectional t-s. expansions: 240, time: 532 [ms], path length: 44 [edges], generated: 422
[00:00:00:03:209] Path of length 44 found: [0, 1, 9, 10, 2, 3, 11, 19, 18, 26, 25, 24, 32, 40, 48, 49, 41, 33, 34, 42, 50, 51, 43, 35, 36, 37, 29, 28, 20, 12, 13, 5, 6, 7, 15, 23, 22, 30, 31, 39, 38, 46, 47, 55, 63]
[00:00:00:03:674] ! Bidirectional. expansions: 1,362, time: 3,209 [ms], path length: 44 [edges], g_F: 32, g_B: 12, generated: 0, MM: 20, MMPER: 43.44444444444444%
[00:00:00:03:674] 
---------- SM_Grids/8x8_grid_with_random_blocks_16per_1 ----------
[00:00:00:00:126] Path of length 44 found: [0, 8, 9, 10, 2, 3, 4, 12, 11, 19, 18, 26, 25, 24, 32, 33, 41, 42, 34, 35, 43, 44, 36, 28, 20, 21, 29, 30, 22, 14, 15, 23, 31, 39, 38, 46, 47, 55, 54, 53, 52, 60, 61, 62, 63]
[00:00:00:00:126] ! Unidirectional s-t. expansions: 50, time: 126 [ms], path length: 44 [edges], generated: 85
[00:00:00:04:375] Path of length 44 found: [63, 62, 61, 60, 52, 53, 54, 55, 47, 46, 38, 39, 31, 23, 15, 14, 22, 30, 29, 21, 20, 12, 4, 3, 2, 10, 11, 19, 18, 26, 27, 28, 36, 44, 43, 35, 34, 42, 41, 33, 25, 24, 16, 8, 0]
[00:00:00:04:375] ! Unidirectional t-s. expansions: 1,696, time: 4,375 [ms], path length: 44 [edges], generated: 3,189
[00:00:00:04:325] Path of length 44 found: [0, 8, 16, 24, 32, 33, 41, 42, 34, 26, 18, 10, 2, 3, 4, 12, 11, 19, 27, 35, 43, 44, 36, 28, 20, 21, 29, 30, 22, 14, 15, 23, 31, 39, 38, 46, 47, 55, 54, 53, 52, 60, 61, 62, 63]
[00:00:00:04:760] ! Bidirectional. expansions: 1,083, time: 4,325 [ms], path length: 44 [edges], g_F: 8, g_B: 36, generated: 0, MM: 28, MMPER: 61.22222222222222%
[00:00:00:04:760] 
---------- SM_Grids/8x8_grid_with_random_blocks_16per_2 ----------
[00:00:00:09:335] Path of length 44 found: [0, 1, 2, 3, 11, 19, 20, 21, 29, 30, 38, 46, 47, 55, 54, 53, 45, 44, 36, 28, 27, 26, 18, 17, 16, 24, 32, 40, 48, 56, 57, 58, 50, 49, 41, 33, 34, 42, 43, 51, 59, 60, 61, 62, 63]
[00:00:00:09:335] ! Unidirectional s-t. expansions: 4,089, time: 9,335 [ms], path length: 44 [edges], generated: 7,383
[00:00:00:21:536] Path of length 44 found: [63, 62, 54, 55, 47, 46, 38, 30, 29, 21, 20, 28, 36, 44, 45, 53, 52, 60, 59, 58, 57, 56, 48, 49, 50, 51, 43, 42, 34, 33, 41, 40, 32, 24, 16, 17, 18, 26, 27, 19, 11, 3, 2, 1, 0]
[00:00:00:21:536] ! Unidirectional t-s. expansions: 9,624, time: 21,536 [ms], path length: 44 [edges], generated: 15,993
[00:00:00:50:307] Path of length 44 found: [0, 1, 2, 3, 11, 10, 18, 17, 16, 24, 32, 40, 48, 56, 57, 58, 59, 60, 61, 53, 45, 44, 52, 51, 43, 42, 50, 49, 41, 33, 34, 26, 27, 28, 20, 21, 29, 30, 38, 46, 47, 55, 54, 62, 63]
[00:00:00:50:747] ! Bidirectional. expansions: 15,160, time: 50,307 [ms], path length: 44 [edges], g_F: 6, g_B: 38, generated: 0, MM: 32, MMPER: 70.11111111111111%
[00:00:00:50:747] 
---------- SM_Grids/8x8_grid_with_random_blocks_16per_3 ----------
[00:00:00:20:616] Expansion 10,000: state None, f=45, g=32
[00:00:00:34:909] Path of length 44 found: [0, 8, 16, 24, 25, 17, 18, 10, 11, 19, 27, 26, 34, 33, 41, 49, 50, 42, 43, 35, 36, 28, 29, 21, 20, 12, 13, 14, 15, 23, 31, 30, 38, 39, 47, 46, 45, 44, 52, 60, 61, 53, 54, 62, 63]
[00:00:00:34:909] ! Unidirectional s-t. expansions: 16,965, time: 34,909 [ms], path length: 44 [edges], generated: 30,143
[00:00:00:20:510] Expansion 10,000: state None, f=45, g=37
[00:00:00:39:161] Expansion 20,000: state None, f=45, g=37
[00:00:00:58:616] Expansion 30,000: state None, f=45, g=27
[00:00:01:11:973] Path of length 44 found: [63, 55, 47, 39, 31, 23, 15, 14, 13, 12, 11, 10, 18, 19, 27, 35, 34, 42, 43, 44, 36, 28, 20, 21, 29, 30, 38, 46, 45, 53, 54, 62, 61, 60, 52, 51, 50, 49, 41, 33, 25, 17, 16, 8, 0]
[00:00:01:11:973] ! Unidirectional t-s. expansions: 36,756, time: 71,973 [ms], path length: 44 [edges], generated: 62,846
[00:00:02:30:712] Path of length 44 found: [0, 8, 16, 24, 25, 17, 18, 10, 11, 12, 13, 14, 15, 23, 31, 30, 29, 21, 20, 19, 27, 28, 36, 44, 43, 35, 34, 33, 41, 49, 50, 51, 52, 60, 61, 62, 54, 53, 45, 46, 38, 39, 47, 55, 63]
[00:00:02:31:144] ! Bidirectional. expansions: 47,497, time: 150,712 [ms], path length: 44 [edges], g_F: 26, g_B: 18, generated: 0, MM: 8, MMPER: 16.77777777777778%
[00:00:02:31:145] 
---------- SM_Grids/8x8_grid_with_random_blocks_16per_4 ----------
[00:00:00:01:736] Path of length 48 found: [0, 1, 9, 8, 16, 17, 18, 10, 11, 3, 4, 12, 13, 14, 22, 30, 38, 39, 47, 46, 45, 44, 36, 37, 29, 28, 27, 35, 34, 26, 25, 33, 32, 40, 48, 56, 57, 49, 41, 42, 50, 51, 52, 60, 61, 53, 54, 62, 63]
[00:00:00:01:736] ! Unidirectional s-t. expansions: 852, time: 1,736 [ms], path length: 48 [edges], generated: 1,430
[00:00:00:04:604] Path of length 48 found: [63, 55, 47, 39, 38, 37, 36, 44, 45, 46, 54, 62, 61, 60, 52, 51, 50, 42, 41, 49, 57, 56, 48, 40, 32, 33, 25, 26, 34, 35, 27, 28, 29, 30, 22, 14, 13, 12, 4, 3, 11, 10, 18, 17, 16, 8, 9, 1, 0]
[00:00:00:04:604] ! Unidirectional t-s. expansions: 1,764, time: 4,604 [ms], path length: 48 [edges], generated: 3,155
[00:00:00:14:817] Path of length 48 found: [0, 1, 9, 8, 16, 17, 25, 26, 18, 10, 11, 3, 4, 12, 13, 14, 22, 30, 29, 37, 38, 39, 47, 55, 54, 46, 45, 44, 36, 28, 27, 35, 34, 33, 32, 40, 48, 56, 57, 49, 41, 42, 50, 51, 52, 60, 61, 62, 63]
[00:00:00:15:226] ! Bidirectional. expansions: 4,203, time: 14,817 [ms], path length: 48 [edges], g_F: 26, g_B: 22, generated: 0, MM: 4, MMPER: 7.163265306122449%
[00:00:00:15:226] 
---------- SM_Grids/8x8_grid_with_random_blocks_16per_5 ----------
[00:00:00:04:384] Path of length 50 found: [0, 8, 16, 24, 32, 33, 34, 26, 25, 17, 9, 1, 2, 10, 11, 19, 20, 12, 4, 5, 6, 14, 15, 23, 31, 39, 38, 30, 29, 28, 36, 35, 43, 44, 52, 51, 50, 49, 48, 56, 57, 58, 59, 60, 61, 53, 45, 46, 54, 55, 63]
[00:00:00:04:385] ! Unidirectional s-t. expansions: 2,023, time: 4,385 [ms], path length: 50 [edges], generated: 3,392
[00:00:00:03:454] Path of length 50 found: [63, 55, 47, 46, 54, 53, 61, 60, 59, 58, 57, 56, 48, 49, 50, 51, 52, 44, 43, 35, 36, 28, 29, 30, 38, 39, 31, 23, 15, 14, 6, 5, 4, 12, 20, 19, 11, 3, 2, 10, 9, 17, 25, 26, 34, 33, 32, 24, 16, 8, 0]
[00:00:00:03:454] ! Unidirectional t-s. expansions: 1,386, time: 3,454 [ms], path length: 50 [edges], generated: 2,355
[00:00:00:35:543] Path of length 50 found: [0, 8, 16, 24, 32, 33, 34, 26, 25, 17, 9, 1, 2, 3, 11, 19, 20, 12, 4, 5, 6, 14, 15, 23, 22, 30, 29, 28, 36, 35, 43, 51, 50, 49, 48, 56, 57, 58, 59, 60, 61, 53, 52, 44, 45, 46, 38, 39, 47, 55, 63]
[00:00:00:35:964] ! Bidirectional. expansions: 9,395, time: 35,543 [ms], path length: 50 [edges], g_F: 25, g_B: 25, generated: 0, MM: 0, MMPER: -1.0%
[00:00:00:35:964] 
---------- SM_Grids/8x8_grid_with_random_blocks_16per_6 ----------
[00:00:00:00:496] Path of length 48 found: [0, 1, 9, 8, 16, 17, 25, 24, 32, 33, 41, 40, 48, 49, 50, 42, 34, 35, 27, 26, 18, 10, 11, 19, 20, 21, 22, 14, 13, 5, 6, 7, 15, 23, 31, 30, 29, 37, 36, 44, 52, 53, 45, 46, 47, 55, 54, 62, 63]
[00:00:00:00:496] ! Unidirectional s-t. expansions: 224, time: 496 [ms], path length: 48 [edges], generated: 376
[00:00:00:00:157] Path of length 48 found: [63, 62, 54, 55, 47, 46, 38, 30, 31, 23, 22, 14, 15, 7, 6, 5, 13, 21, 29, 37, 45, 53, 52, 44, 36, 35, 27, 19, 11, 10, 18, 17, 25, 26, 34, 33, 41, 42, 50, 49, 48, 40, 32, 24, 16, 8, 9, 1, 0]
[00:00:00:00:157] ! Unidirectional t-s. expansions: 66, time: 157 [ms], path length: 48 [edges], generated: 112
[00:00:00:01:710] Path of length 48 found: [0, 1, 9, 8, 16, 24, 32, 40, 48, 49, 50, 42, 41, 33, 34, 26, 25, 17, 18, 10, 11, 19, 27, 35, 36, 44, 52, 53, 45, 37, 29, 21, 22, 14, 13, 5, 6, 7, 15, 23, 31, 30, 38, 46, 47, 55, 54, 62, 63]
[00:00:00:02:112] ! Bidirectional. expansions: 518, time: 1,710 [ms], path length: 48 [edges], g_F: 28, g_B: 20, generated: 0, MM: 8, MMPER: 15.326530612244898%
[00:00:00:02:112] 
---------- SM_Grids/8x8_grid_with_random_blocks_16per_7 ----------
[00:00:00:21:683] Expansion 10,000: state None, f=49, g=36
[00:00:00:38:976] Path of length 48 found: [0, 8, 9, 10, 2, 3, 11, 19, 18, 17, 16, 24, 32, 40, 48, 56, 57, 58, 59, 60, 61, 53, 45, 44, 43, 51, 50, 49, 41, 33, 34, 35, 27, 28, 20, 21, 13, 14, 6, 7, 15, 23, 31, 30, 38, 46, 54, 55, 63]
[00:00:00:38:977] ! Unidirectional s-t. expansions: 19,623, time: 38,977 [ms], path length: 48 [edges], generated: 33,282
[00:00:00:18:556] Expansion 10,000: state None, f=49, g=34
[00:00:00:25:432] Path of length 48 found: [63, 55, 54, 46, 38, 30, 31, 23, 15, 7, 6, 14, 13, 21, 20, 12, 11, 3, 2, 10, 9, 17, 18, 19, 27, 26, 34, 35, 43, 44, 45, 53, 61, 60, 59, 51, 50, 58, 57, 56, 48, 49, 41, 33, 32, 24, 16, 8, 0]
[00:00:00:25:432] ! Unidirectional t-s. expansions: 13,537, time: 25,432 [ms], path length: 48 [edges], generated: 23,829
[00:00:02:10:996] Expansions: 50,000. F states: 48,966, B states: 39,812. Checks: 222,377)
[00:00:02:42:817] Path of length 48 found: [0, 8, 9, 10, 2, 3, 11, 12, 13, 14, 6, 7, 15, 23, 31, 30, 38, 37, 45, 44, 43, 51, 50, 42, 41, 33, 34, 35, 27, 28, 20, 19, 18, 17, 16, 24, 32, 40, 48, 56, 57, 58, 59, 60, 61, 53, 54, 55, 63]
[00:00:02:43:203] ! Bidirectional. expansions: 58,856, time: 162,817 [ms], path length: 48 [edges], g_F: 18, g_B: 30, generated: 0, MM: 12, MMPER: 23.489795918367346%
[00:00:02:43:203] 
---------- SM_Grids/8x8_grid_with_random_blocks_16per_8 ----------
[00:00:00:07:016] Path of length 50 found: [0, 8, 16, 17, 18, 19, 20, 12, 11, 10, 9, 1, 2, 3, 4, 5, 6, 7, 15, 23, 22, 14, 13, 21, 29, 28, 36, 35, 34, 33, 32, 40, 48, 56, 57, 49, 41, 42, 50, 51, 59, 60, 61, 53, 45, 37, 38, 46, 54, 62, 63]
[00:00:00:07:016] ! Unidirectional s-t. expansions: 3,378, time: 7,016 [ms], path length: 50 [edges], generated: 5,580
[00:00:00:00:602] Path of length 50 found: [63, 62, 54, 46, 38, 37, 45, 53, 61, 60, 59, 51, 50, 49, 57, 56, 48, 40, 32, 33, 41, 42, 43, 35, 34, 26, 18, 19, 20, 28, 29, 21, 22, 23, 15, 7, 6, 14, 13, 5, 4, 12, 11, 3, 2, 10, 9, 17, 16, 8, 0]
[00:00:00:00:602] ! Unidirectional t-s. expansions: 310, time: 602 [ms], path length: 50 [edges], generated: 534
[00:00:00:34:174] Path of length 50 found: [0, 8, 16, 17, 9, 1, 2, 3, 4, 5, 13, 14, 6, 7, 15, 23, 22, 21, 29, 28, 20, 12, 11, 10, 18, 26, 34, 35, 43, 42, 41, 33, 32, 40, 48, 56, 57, 49, 50, 51, 59, 60, 61, 53, 45, 37, 38, 46, 54, 62, 63]
[00:00:00:34:552] ! Bidirectional. expansions: 11,935, time: 34,174 [ms], path length: 50 [edges], g_F: 24, g_B: 26, generated: 0, MM: 2, MMPER: 2.9215686274509802%
[00:00:00:34:552] 
---------- SM_Grids/8x8_grid_with_random_blocks_16per_9 ----------
[00:00:00:01:409] Path of length 46 found: [0, 1, 2, 3, 11, 12, 4, 5, 6, 7, 15, 14, 13, 21, 20, 28, 27, 26, 18, 17, 9, 8, 16, 24, 32, 33, 41, 42, 50, 58, 59, 51, 43, 44, 36, 37, 38, 30, 31, 39, 47, 55, 54, 53, 61, 62, 63]
[00:00:00:01:409] ! Unidirectional s-t. expansions: 655, time: 1,409 [ms], path length: 46 [edges], generated: 1,121
[00:00:00:00:770] Path of length 46 found: [63, 62, 54, 55, 47, 39, 31, 30, 38, 37, 45, 53, 52, 51, 59, 58, 50, 42, 43, 44, 36, 28, 20, 21, 13, 14, 15, 7, 6, 5, 4, 12, 11, 3, 2, 1, 9, 17, 18, 26, 34, 33, 25, 24, 16, 8, 0]
[00:00:00:00:770] ! Unidirectional t-s. expansions: 319, time: 770 [ms], path length: 46 [edges], generated: 641
[00:00:00:09:215] Path of length 46 found: [0, 8, 9, 1, 2, 3, 11, 12, 4, 5, 6, 7, 15, 14, 13, 21, 20, 28, 27, 26, 18, 17, 16, 24, 32, 33, 41, 42, 50, 58, 59, 51, 43, 44, 45, 37, 38, 30, 31, 39, 47, 55, 54, 53, 61, 62, 63]
[00:00:00:09:591] ! Bidirectional. expansions: 2,828, time: 9,216 [ms], path length: 46 [edges], g_F: 25, g_B: 21, generated: 0, MM: 4, MMPER: 7.51063829787234%

[00:00:00:09:591] average expansions: (4,844, 6,570, 15,284, 0)
[00:00:00:09:591] average time: (9,941, 13,344, 46,683, 0)
[00:00:00:09:591] XA*: 4,844 , 9,941 (expansions , time[ms])
[00:00:00:09:591] BiXA*: 15,284 , 46,683 (expansions , time[ms])

