------------------------------------
Thu 01 Oct 2026 16:52:59 IDT
SLURM_JOBID:		21953442
SLURM_JOB_NODELIST:	ise-cpu256-08
SLURM_SCRATCH_DIR:	/scratch/shubit/21953442
Allocated Resouces:	cpu - 2 / mem - 61440 MB / gpu - 
SLURM_GPU_INDEX:	
Running as shubit from shimony account with normal QOS
------------------------------------
Thu 01 Oct 2026 16:53:00 IDT

SLURM_JOBID:		 21953442
SLURM_JOB_NODELIST:	 ise-cpu256-08 

--------------------------
date: SM_Grids
number_of_graphs: 10
graph_type: grid
size_of_graphs: [8, 8]
heuristic: bcc_heuristic
snake: False
run_uni: True
run_bi: True
run_multi: False
solution_vertices: []
algorithms: ['XMM']
lookahead: 3
bsd: False
cube_first_dims: 4
cube_buffer_dim: None
backward_sym_generation: False
sym_coil: False
prefix_set: None

---------- SM_Grids/8x8_grid_with_random_blocks_12per_0 ----------
[00:00:00:34:064] Path of length 52 found: [0, 1, 2, 10, 18, 17, 9, 8, 16, 24, 25, 26, 27, 35, 43, 44, 52, 51, 50, 42, 34, 33, 41, 40, 48, 56, 57, 58, 59, 60, 61, 53, 45, 37, 36, 28, 20, 19, 11, 3, 4, 12, 13, 21, 22, 30, 31, 39, 47, 55, 54, 62, 63]
[00:00:00:34:065] ! Unidirectional s-t. expansions: 4,856, time: 34,064 [ms], path length: 52 [edges], generated: 48,201
[00:00:00:43:088] Path of length 52 found: [63, 62, 61, 60, 59, 58, 57, 56, 48, 40, 41, 42, 50, 51, 52, 53, 54, 55, 47, 39, 31, 30, 22, 14, 13, 21, 20, 28, 36, 37, 45, 44, 43, 35, 27, 19, 11, 12, 4, 3, 2, 1, 9, 10, 18, 26, 34, 33, 25, 17, 16, 8, 0]
[00:00:00:43:088] ! Unidirectional t-s. expansions: 8,062, time: 43,088 [ms], path length: 52 [edges], generated: 71,487
[00:00:00:39:679] Path of length 52 found: [0, 8, 16, 24, 25, 17, 9, 1, 2, 10, 18, 26, 34, 33, 41, 40, 48, 56, 57, 58, 50, 42, 43, 51, 59, 60, 61, 62, 54, 53, 52, 44, 45, 37, 36, 28, 27, 19, 11, 3, 4, 12, 20, 21, 13, 14, 22, 30, 31, 39, 47, 55, 63]
[00:00:00:40:240] ! Bidirectional. expansions: 7,644, time: 39,679 [ms], path length: 52 [edges], g_F: 25, g_B: 27, generated: 14,200, MM: 2, MMPER: 2.7735849056603774%
[00:00:00:40:240] 
---------- SM_Grids/8x8_grid_with_random_blocks_12per_1 ----------
[00:00:00:04:101] Path of length 52 found: [0, 1, 2, 10, 11, 3, 4, 12, 13, 5, 6, 7, 15, 14, 22, 21, 29, 37, 38, 39, 47, 46, 45, 44, 36, 28, 20, 19, 27, 26, 25, 17, 9, 8, 16, 24, 32, 33, 34, 42, 41, 49, 50, 58, 59, 51, 52, 60, 61, 62, 54, 55, 63]
[00:00:00:04:102] ! Unidirectional s-t. expansions: 548, time: 4,101 [ms], path length: 52 [edges], generated: 5,482
[00:00:00:02:773] Path of length 52 found: [63, 62, 61, 53, 54, 55, 47, 39, 38, 46, 45, 37, 29, 21, 22, 14, 15, 7, 6, 5, 13, 12, 4, 3, 11, 10, 2, 1, 9, 17, 25, 26, 27, 19, 20, 28, 36, 44, 52, 60, 59, 51, 50, 49, 41, 42, 34, 33, 32, 24, 16, 8, 0]
[00:00:00:02:773] ! Unidirectional t-s. expansions: 244, time: 2,773 [ms], path length: 52 [edges], generated: 2,651
[00:00:00:05:310] Path of length 52 found: [0, 8, 16, 24, 32, 33, 34, 42, 41, 49, 50, 58, 59, 51, 52, 60, 61, 62, 54, 53, 45, 44, 36, 28, 20, 19, 27, 26, 25, 17, 9, 1, 2, 10, 11, 3, 4, 12, 13, 5, 6, 7, 15, 14, 22, 21, 29, 37, 38, 39, 47, 55, 63]
[00:00:00:05:832] ! Bidirectional. expansions: 1,035, time: 5,311 [ms], path length: 52 [edges], g_F: 25, g_B: 27, generated: 1,862, MM: 2, MMPER: 2.7735849056603774%
[00:00:00:05:832] 
---------- SM_Grids/8x8_grid_with_random_blocks_12per_2 ----------
[00:00:00:38:997] Path of length 50 found: [0, 1, 2, 3, 11, 12, 4, 5, 13, 14, 15, 23, 31, 30, 22, 21, 20, 28, 27, 19, 18, 10, 9, 8, 16, 17, 25, 24, 32, 33, 34, 42, 50, 49, 57, 58, 59, 60, 52, 51, 43, 44, 36, 37, 45, 46, 47, 55, 54, 62, 63]
[00:00:00:38:997] ! Unidirectional s-t. expansions: 4,407, time: 38,997 [ms], path length: 50 [edges], generated: 48,161
[00:00:00:14:956] Path of length 50 found: [63, 62, 54, 55, 47, 46, 38, 30, 31, 23, 15, 14, 22, 21, 20, 12, 13, 5, 4, 3, 11, 10, 2, 1, 9, 17, 18, 19, 27, 28, 29, 37, 45, 44, 52, 60, 59, 58, 57, 49, 50, 51, 43, 42, 34, 33, 25, 24, 16, 8, 0]
[00:00:00:14:956] ! Unidirectional t-s. expansions: 1,725, time: 14,956 [ms], path length: 50 [edges], generated: 19,958
[00:00:00:48:969] Path of length 50 found: [0, 8, 9, 1, 2, 10, 11, 3, 4, 5, 13, 12, 20, 21, 22, 14, 15, 23, 31, 30, 38, 37, 29, 28, 27, 19, 18, 17, 25, 24, 32, 33, 34, 42, 43, 44, 52, 51, 50, 49, 57, 58, 59, 60, 61, 62, 54, 46, 47, 55, 63]
[00:00:00:49:413] ! Bidirectional. expansions: 9,128, time: 48,969 [ms], path length: 50 [edges], g_F: 26, g_B: 24, generated: 17,543, MM: 2, MMPER: 2.9215686274509802%
[00:00:00:49:413] 
---------- SM_Grids/8x8_grid_with_random_blocks_12per_3 ----------
[00:00:00:11:783] Path of length 54 found: [0, 1, 2, 3, 4, 5, 6, 7, 15, 23, 22, 14, 13, 12, 20, 19, 27, 26, 25, 17, 18, 10, 9, 8, 16, 24, 32, 33, 41, 49, 48, 56, 57, 58, 50, 51, 59, 60, 61, 62, 54, 46, 45, 44, 43, 35, 36, 37, 29, 30, 38, 39, 47, 55, 63]
[00:00:00:11:785] ! Unidirectional s-t. expansions: 1,530, time: 11,783 [ms], path length: 54 [edges], generated: 14,288
[00:00:00:14:394] Path of length 54 found: [63, 55, 47, 39, 31, 23, 15, 7, 6, 5, 4, 3, 2, 1, 9, 10, 18, 17, 25, 26, 27, 19, 20, 12, 13, 14, 22, 30, 29, 37, 38, 46, 54, 62, 61, 60, 52, 44, 36, 35, 43, 51, 59, 58, 57, 56, 48, 49, 41, 33, 32, 24, 16, 8, 0]
[00:00:00:14:395] ! Unidirectional t-s. expansions: 1,585, time: 14,395 [ms], path length: 54 [edges], generated: 15,384
[00:00:00:28:922] Path of length 54 found: [0, 8, 16, 17, 18, 10, 9, 1, 2, 3, 4, 12, 20, 19, 27, 26, 25, 24, 32, 33, 41, 49, 48, 56, 57, 58, 50, 51, 43, 35, 36, 37, 29, 30, 22, 14, 13, 5, 6, 7, 15, 23, 31, 39, 47, 55, 54, 46, 45, 44, 52, 60, 61, 62, 63]
[00:00:00:29:448] ! Bidirectional. expansions: 5,833, time: 28,922 [ms], path length: 54 [edges], g_F: 28, g_B: 26, generated: 10,150, MM: 2, MMPER: 2.6363636363636362%
[00:00:00:29:449] 
---------- SM_Grids/8x8_grid_with_random_blocks_12per_4 ----------
[00:00:00:00:335] Path of length 54 found: [0, 8, 16, 24, 25, 17, 9, 10, 18, 26, 34, 33, 41, 49, 48, 56, 57, 58, 50, 42, 43, 51, 59, 60, 52, 44, 36, 35, 27, 19, 11, 12, 4, 5, 6, 14, 13, 21, 20, 28, 29, 37, 38, 30, 22, 23, 31, 39, 47, 55, 54, 53, 61, 62, 63]
[00:00:00:00:336] ! Unidirectional s-t. expansions: 37, time: 335 [ms], path length: 54 [edges], generated: 397
[00:00:00:00:223] Path of length 54 found: [63, 55, 47, 39, 31, 23, 22, 14, 6, 5, 4, 12, 13, 21, 20, 19, 11, 10, 9, 17, 18, 26, 34, 42, 50, 51, 43, 35, 27, 28, 29, 30, 38, 37, 36, 44, 52, 53, 54, 62, 61, 60, 59, 58, 57, 56, 48, 49, 41, 33, 25, 24, 16, 8, 0]
[00:00:00:00:223] ! Unidirectional t-s. expansions: 18, time: 223 [ms], path length: 54 [edges], generated: 226
[00:00:00:48:326] Path of length 54 found: [0, 8, 16, 24, 25, 17, 9, 10, 18, 26, 34, 33, 41, 49, 48, 56, 57, 58, 50, 42, 43, 51, 59, 60, 52, 44, 36, 35, 27, 28, 20, 19, 11, 12, 4, 5, 6, 14, 13, 21, 29, 37, 38, 30, 22, 23, 31, 39, 47, 55, 54, 53, 61, 62, 63]
[00:00:00:48:865] ! Bidirectional. expansions: 8,942, time: 48,326 [ms], path length: 54 [edges], g_F: 27, g_B: 27, generated: 17,095, MM: 0, MMPER: -1.0%
[00:00:00:48:865] 
---------- SM_Grids/8x8_grid_with_random_blocks_12per_5 ----------
[00:00:00:45:657] Path of length 52 found: [0, 1, 2, 3, 4, 5, 6, 14, 15, 23, 22, 30, 31, 39, 38, 37, 29, 28, 20, 21, 13, 12, 11, 19, 18, 17, 9, 8, 16, 24, 25, 33, 32, 40, 41, 42, 34, 35, 43, 44, 52, 51, 50, 58, 59, 60, 61, 53, 45, 46, 47, 55, 63]
[00:00:00:45:658] ! Unidirectional s-t. expansions: 5,090, time: 45,657 [ms], path length: 52 [edges], generated: 54,269
[00:00:00:23:028] Path of length 52 found: [63, 55, 47, 46, 45, 53, 61, 60, 59, 58, 50, 51, 52, 44, 43, 35, 34, 42, 41, 40, 32, 33, 25, 24, 16, 8, 9, 17, 18, 19, 27, 28, 20, 21, 22, 30, 29, 37, 38, 39, 31, 23, 15, 14, 6, 5, 4, 12, 11, 3, 2, 1, 0]
[00:00:00:23:029] ! Unidirectional t-s. expansions: 3,063, time: 23,029 [ms], path length: 52 [edges], generated: 30,016
[00:00:00:51:546] Path of length 52 found: [0, 8, 9, 1, 2, 3, 4, 5, 6, 14, 15, 23, 22, 30, 31, 39, 38, 37, 29, 28, 20, 21, 13, 12, 11, 19, 18, 17, 16, 24, 25, 33, 32, 40, 41, 42, 34, 35, 43, 51, 50, 58, 59, 60, 61, 53, 52, 44, 45, 46, 47, 55, 63]
[00:00:00:52:005] ! Bidirectional. expansions: 9,845, time: 51,546 [ms], path length: 52 [edges], g_F: 26, g_B: 26, generated: 18,324, MM: 0, MMPER: -1.0%
[00:00:00:52:005] 
---------- SM_Grids/8x8_grid_with_random_blocks_12per_6 ----------
[00:00:01:03:168] Expansion 10,000: state None, f=53, g=30
[00:00:01:05:328] Path of length 52 found: [0, 1, 2, 3, 4, 5, 6, 7, 15, 23, 22, 14, 13, 21, 20, 12, 11, 19, 18, 10, 9, 8, 16, 17, 25, 24, 32, 40, 48, 49, 41, 42, 50, 51, 59, 60, 61, 53, 45, 44, 43, 35, 34, 26, 27, 28, 36, 37, 38, 46, 54, 62, 63]
[00:00:01:05:329] ! Unidirectional s-t. expansions: 10,285, time: 65,329 [ms], path length: 52 [edges], generated: 92,418
[00:00:00:51:179] Path of length 52 found: [63, 62, 54, 46, 38, 37, 36, 28, 29, 21, 22, 23, 15, 7, 6, 14, 13, 5, 4, 3, 11, 12, 20, 19, 27, 26, 34, 35, 43, 44, 45, 53, 61, 60, 59, 51, 50, 42, 41, 49, 48, 40, 32, 24, 25, 17, 16, 8, 9, 10, 2, 1, 0]
[00:00:00:51:179] ! Unidirectional t-s. expansions: 8,400, time: 51,179 [ms], path length: 52 [edges], generated: 77,906
[00:00:00:47:731] Path of length 52 found: [0, 8, 16, 24, 32, 40, 48, 49, 41, 42, 50, 51, 59, 60, 61, 53, 45, 44, 43, 35, 34, 26, 25, 17, 9, 1, 2, 10, 18, 19, 27, 28, 20, 12, 11, 3, 4, 5, 6, 7, 15, 23, 22, 14, 13, 21, 29, 37, 38, 46, 54, 62, 63]
[00:00:00:48:269] ! Bidirectional. expansions: 9,110, time: 47,731 [ms], path length: 52 [edges], g_F: 25, g_B: 27, generated: 17,110, MM: 2, MMPER: 2.7735849056603774%
[00:00:00:48:269] 
---------- SM_Grids/8x8_grid_with_random_blocks_12per_7 ----------
[00:00:01:20:122] Expansion 10,000: state None, f=53, g=33
[00:00:02:20:157] Expansion 20,000: state None, f=53, g=33
[00:00:03:24:232] Expansion 30,000: state None, f=53, g=24
[00:00:04:31:281] Expansion 40,000: state None, f=53, g=27
[00:00:05:16:872] Path of length 52 found: [0, 8, 9, 10, 18, 19, 27, 28, 36, 35, 43, 42, 41, 33, 34, 26, 25, 17, 16, 24, 32, 40, 48, 56, 57, 58, 59, 60, 61, 53, 52, 44, 45, 37, 38, 30, 22, 21, 20, 12, 13, 5, 6, 14, 15, 23, 31, 39, 47, 46, 54, 55, 63]
[00:00:05:16:873] ! Unidirectional s-t. expansions: 45,341, time: 316,872 [ms], path length: 52 [edges], generated: 456,017
[00:00:01:29:949] Expansion 10,000: state None, f=54, g=30
[00:00:02:32:307] Expansion 20,000: state None, f=53, g=33
[00:00:03:38:997] Expansion 30,000: state None, f=53, g=27
[00:00:04:45:745] Expansion 40,000: state None, f=53, g=39
[00:00:05:48:197] Path of length 52 found: [63, 62, 61, 53, 52, 60, 59, 58, 57, 56, 48, 49, 41, 40, 32, 24, 16, 17, 25, 33, 34, 42, 43, 44, 36, 37, 45, 46, 54, 55, 47, 39, 38, 30, 31, 23, 22, 14, 15, 7, 6, 5, 13, 12, 20, 28, 27, 19, 18, 10, 9, 8, 0]
[00:00:05:48:199] ! Unidirectional t-s. expansions: 47,671, time: 348,198 [ms], path length: 52 [edges], generated: 483,874
[00:00:01:42:968] Expansion 20,000: f=54, g=26
[00:00:03:28:710] Expansion 40,000: f=53, g=23
[00:00:05:17:676] Expansion 60,000: f=53, g=12
[00:00:05:36:967] Path of length 52 found: [0, 8, 16, 24, 32, 40, 41, 49, 48, 56, 57, 58, 59, 60, 52, 44, 43, 42, 34, 33, 25, 17, 9, 10, 18, 26, 27, 28, 36, 37, 38, 30, 22, 21, 20, 12, 13, 5, 6, 7, 15, 23, 31, 39, 47, 55, 54, 46, 45, 53, 61, 62, 63]
[00:00:05:37:526] ! Bidirectional. expansions: 60,236, time: 336,967 [ms], path length: 52 [edges], g_F: 27, g_B: 25, generated: 115,656, MM: 2, MMPER: 2.7735849056603774%
[00:00:05:37:526] 
---------- SM_Grids/8x8_grid_with_random_blocks_12per_8 ----------
[00:00:00:21:021] Path of length 54 found: [0, 1, 2, 3, 4, 5, 6, 7, 15, 14, 13, 12, 20, 28, 36, 44, 43, 35, 34, 26, 27, 19, 18, 10, 9, 8, 16, 17, 25, 24, 32, 33, 41, 49, 48, 56, 57, 58, 59, 60, 52, 53, 45, 37, 29, 21, 22, 23, 31, 39, 38, 46, 47, 55, 63]
[00:00:00:21:022] ! Unidirectional s-t. expansions: 2,757, time: 21,021 [ms], path length: 54 [edges], generated: 28,580
[00:00:00:15:932] Path of length 54 found: [63, 55, 47, 46, 45, 53, 52, 60, 59, 58, 57, 56, 48, 49, 41, 33, 32, 24, 25, 17, 16, 8, 9, 10, 18, 19, 20, 21, 22, 30, 29, 28, 27, 26, 34, 35, 43, 44, 36, 37, 38, 39, 31, 23, 15, 7, 6, 14, 13, 5, 4, 3, 2, 1, 0]
[00:00:00:15:933] ! Unidirectional t-s. expansions: 1,826, time: 15,932 [ms], path length: 54 [edges], generated: 20,651
[00:00:00:22:515] Path of length 54 found: [0, 8, 16, 24, 32, 33, 41, 49, 48, 56, 57, 58, 59, 60, 52, 53, 45, 37, 29, 21, 22, 14, 13, 12, 20, 19, 27, 28, 36, 44, 43, 35, 34, 26, 25, 17, 18, 10, 9, 1, 2, 3, 4, 5, 6, 7, 15, 23, 31, 39, 38, 46, 47, 55, 63]
[00:00:00:23:063] ! Bidirectional. expansions: 4,291, time: 22,515 [ms], path length: 54 [edges], g_F: 26, g_B: 28, generated: 8,093, MM: 2, MMPER: 2.6363636363636362%
[00:00:00:23:063] 
---------- SM_Grids/8x8_grid_with_random_blocks_12per_9 ----------
[00:00:01:03:940] Expansion 10,000: state None, f=53, g=33
[00:00:01:59:665] Expansion 20,000: state None, f=53, g=39
[00:00:03:07:126] Path of length 52 found: [0, 1, 2, 10, 9, 8, 16, 24, 32, 40, 48, 56, 57, 58, 50, 49, 41, 33, 25, 26, 18, 19, 11, 12, 4, 5, 6, 7, 15, 23, 31, 30, 38, 46, 47, 55, 54, 53, 45, 37, 29, 21, 20, 28, 27, 35, 43, 51, 52, 60, 61, 62, 63]
[00:00:03:07:129] ! Unidirectional s-t. expansions: 29,181, time: 187,126 [ms], path length: 52 [edges], generated: 276,722
[00:00:01:25:962] Expansion 10,000: state None, f=53, g=42
[00:00:02:20:091] Expansion 20,000: state None, f=53, g=39
[00:00:03:36:979] Expansion 30,000: state None, f=53, g=12
[00:00:03:56:929] Path of length 52 found: [63, 62, 61, 60, 59, 58, 50, 49, 57, 56, 48, 40, 41, 33, 32, 24, 25, 26, 34, 35, 43, 51, 52, 53, 54, 55, 47, 46, 45, 37, 38, 30, 31, 23, 15, 7, 6, 5, 4, 12, 13, 21, 29, 28, 20, 19, 11, 10, 2, 1, 9, 8, 0]
[00:00:03:56:930] ! Unidirectional t-s. expansions: 31,782, time: 236,930 [ms], path length: 52 [edges], generated: 301,648
[00:00:01:41:789] Expansion 20,000: f=54, g=24
[00:00:03:16:224] Expansion 40,000: f=53, g=20
[00:00:04:04:380] Path of length 52 found: [0, 1, 2, 10, 9, 8, 16, 24, 32, 40, 48, 56, 57, 58, 50, 49, 41, 33, 25, 26, 18, 19, 11, 12, 4, 5, 6, 7, 15, 23, 31, 30, 29, 21, 20, 28, 36, 35, 43, 51, 52, 60, 61, 53, 45, 37, 38, 46, 47, 55, 54, 62, 63]
[00:00:04:04:940] ! Bidirectional. expansions: 48,840, time: 244,380 [ms], path length: 52 [edges], g_F: 24, g_B: 28, generated: 87,948, MM: 4, MMPER: 6.547169811320755%

[00:00:04:04:941] average expansions: (10,403, 10,438, 16,490, 0)
[00:00:04:04:941] average time: (72,528, 75,070, 87,435, 0)
[00:00:04:04:942] XA*: 10,403 , 72,528 (expansions , time[ms])
[00:00:04:04:942] XMM: 16,490 , 87,435 (expansions , time[ms])

