------------------------------------
Thu 01 Oct 2026 10:43:38 IDT
SLURM_JOBID:		21942766
SLURM_JOB_NODELIST:	ise-cpu256-10
SLURM_SCRATCH_DIR:	/scratch/shubit/21942766
Allocated Resouces:	cpu - 2 / mem - 61440 MB / gpu - 
SLURM_GPU_INDEX:	
Running as shubit from shimony account with normal QOS
------------------------------------
Thu 01 Oct 2026 10:43:38 IDT

SLURM_JOBID:		 21942766
SLURM_JOB_NODELIST:	 ise-cpu256-10 

--------------------------
date: SM_Grids
number_of_graphs: 10
graph_type: grid
size_of_graphs: [8, 8]
heuristic: bcc_heuristic
snake: False
run_uni: True
run_bi: True
run_multi: False
solution_vertices: []
algorithms: ['A']
lookahead: -2
bsd: False
cube_first_dims: 4
cube_buffer_dim: None
backward_sym_generation: False
sym_coil: False
prefix_set: None

---------- SM_Grids/8x8_grid_with_random_blocks_8per_0 ----------
[00:00:00:02:396] Path of length 56 found: [0, 8, 9, 17, 16, 24, 25, 26, 18, 19, 11, 10, 2, 3, 4, 5, 6, 7, 15, 23, 31, 39, 47, 55, 54, 53, 45, 46, 38, 37, 29, 30, 22, 14, 13, 21, 20, 28, 27, 35, 36, 44, 43, 42, 34, 33, 32, 40, 41, 49, 57, 58, 59, 60, 61, 62, 63]
[00:00:00:02:396] ! Unidirectional s-t. expansions: 1,045, time: 2,396 [ms], path length: 56 [edges], generated: 1,904
[00:00:00:21:062] Path of length 56 found: [63, 62, 54, 55, 47, 46, 38, 39, 31, 30, 29, 37, 36, 35, 27, 28, 20, 21, 22, 23, 15, 7, 6, 14, 13, 5, 4, 3, 2, 10, 11, 19, 18, 26, 25, 33, 34, 42, 43, 44, 45, 53, 61, 60, 59, 58, 57, 49, 41, 40, 32, 24, 16, 17, 9, 8, 0]
[00:00:00:21:062] ! Unidirectional t-s. expansions: 7,648, time: 21,062 [ms], path length: 56 [edges], generated: 14,081
[00:00:00:07:610] Path of length 56 found: [0, 8, 9, 17, 16, 24, 25, 26, 18, 19, 11, 10, 2, 3, 4, 5, 13, 14, 6, 7, 15, 23, 22, 30, 31, 39, 38, 37, 29, 21, 20, 28, 27, 35, 36, 44, 43, 42, 34, 33, 32, 40, 41, 49, 57, 58, 59, 60, 61, 62, 54, 53, 45, 46, 47, 55, 63]
[00:00:00:08:064] ! Bidirectional. expansions: 3,213, time: 7,610 [ms], path length: 56 [edges], g_F: 53, g_B: 3, generated: 0, MM: 50, MMPER: 86.71929824561404%
[00:00:00:08:064] 
---------- SM_Grids/8x8_grid_with_random_blocks_8per_1 ----------
[00:00:00:23:707] Expansion 10,000: state None, f=57, g=39
[00:00:00:44:976] Expansion 20,000: state None, f=57, g=24
[00:00:01:10:914] Expansion 30,000: state None, f=57, g=19
[00:00:01:37:523] Expansion 40,000: state None, f=57, g=25
[00:00:02:02:002] Expansion 50,000: state None, f=57, g=52
[00:00:02:21:643] Expansion 60,000: state None, f=57, g=15
[00:00:02:43:771] Expansion 70,000: state None, f=57, g=51
[00:00:02:56:308] Path of length 56 found: [0, 8, 16, 24, 32, 40, 48, 56, 57, 49, 41, 42, 50, 51, 59, 60, 61, 53, 52, 44, 43, 35, 34, 26, 18, 17, 9, 1, 2, 10, 11, 3, 4, 5, 6, 7, 15, 23, 31, 30, 29, 21, 22, 14, 13, 12, 20, 28, 36, 37, 38, 39, 47, 46, 54, 62, 63]
[00:00:02:56:309] ! Unidirectional s-t. expansions: 74,922, time: 176,308 [ms], path length: 56 [edges], generated: 127,510
[00:00:00:22:255] Expansion 10,000: state None, f=57, g=43
[00:00:00:41:584] Expansion 20,000: state None, f=57, g=46
[00:00:01:04:690] Expansion 30,000: state None, f=57, g=22
[00:00:01:28:140] Expansion 40,000: state None, f=57, g=41
[00:00:01:52:007] Expansion 50,000: state None, f=57, g=39
[00:00:02:17:086] Expansion 60,000: state None, f=57, g=33
[00:00:02:42:469] Expansion 70,000: state None, f=57, g=35
[00:00:03:06:419] Expansion 80,000: state None, f=57, g=27
[00:00:03:29:554] Expansion 90,000: state None, f=57, g=32
[00:00:03:53:275] Expansion 100,000: state None, f=57, g=32
[00:00:04:17:192] Expansion 110,000: state None, f=57, g=25
[00:00:04:40:882] Expansion 120,000: state None, f=57, g=22
[00:00:05:05:182] Expansion 130,000: state None, f=57, g=47
[00:00:05:16:253] Path of length 56 found: [63, 55, 47, 39, 31, 23, 15, 7, 6, 5, 4, 12, 11, 3, 2, 10, 18, 26, 34, 35, 43, 44, 36, 37, 29, 28, 20, 21, 13, 14, 22, 30, 38, 46, 54, 62, 61, 53, 52, 60, 59, 51, 50, 42, 41, 49, 57, 56, 48, 40, 32, 24, 16, 17, 9, 1, 0]
[00:00:05:16:254] ! Unidirectional t-s. expansions: 133,914, time: 316,254 [ms], path length: 56 [edges], generated: 226,078
[00:00:01:22:560] Expansions: 50,000. F states: 89,082, B states: 996. Checks: 90,079)
[00:00:02:55:768] Expansions: 100,000. F states: 178,275, B states: 2,052. Checks: 180,328)
[00:00:03:44:731] Path of length 56 found: [0, 8, 16, 24, 32, 40, 48, 56, 57, 49, 41, 42, 50, 51, 59, 60, 52, 53, 61, 62, 54, 46, 38, 37, 36, 44, 43, 35, 34, 26, 18, 17, 9, 1, 2, 10, 11, 3, 4, 5, 13, 12, 20, 28, 29, 30, 22, 14, 6, 7, 15, 23, 31, 39, 47, 55, 63]
[00:00:03:45:175] ! Bidirectional. expansions: 127,197, time: 224,731 [ms], path length: 56 [edges], g_F: 44, g_B: 12, generated: 0, MM: 32, MMPER: 55.14035087719298%
[00:00:03:45:175] 
---------- SM_Grids/8x8_grid_with_random_blocks_8per_2 ----------
[00:00:00:00:152] Path of length 58 found: [0, 8, 16, 24, 32, 40, 48, 56, 57, 49, 41, 42, 34, 35, 27, 26, 25, 17, 18, 10, 9, 1, 2, 3, 11, 12, 20, 21, 13, 5, 6, 7, 15, 14, 22, 23, 31, 30, 29, 37, 36, 44, 43, 51, 50, 58, 59, 60, 52, 53, 45, 46, 38, 39, 47, 55, 54, 62, 63]
[00:00:00:00:152] ! Unidirectional s-t. expansions: 59, time: 152 [ms], path length: 58 [edges], generated: 97
[00:00:00:00:147] Path of length 58 found: [63, 62, 54, 55, 47, 39, 31, 23, 15, 7, 6, 5, 13, 14, 22, 21, 20, 12, 11, 3, 2, 1, 9, 10, 18, 17, 25, 26, 27, 35, 34, 42, 41, 49, 50, 51, 43, 44, 36, 37, 29, 30, 38, 46, 45, 53, 52, 60, 59, 58, 57, 56, 48, 40, 32, 24, 16, 8, 0]
[00:00:00:00:147] ! Unidirectional t-s. expansions: 58, time: 147 [ms], path length: 58 [edges], generated: 94
[00:00:00:00:108] Path of length 58 found: [0, 8, 16, 24, 32, 40, 48, 56, 57, 49, 41, 42, 34, 35, 27, 26, 25, 17, 18, 10, 9, 1, 2, 3, 11, 12, 20, 21, 13, 5, 6, 7, 15, 14, 22, 23, 31, 30, 29, 37, 36, 44, 43, 51, 50, 58, 59, 60, 52, 53, 45, 46, 38, 39, 47, 55, 54, 62, 63]
[00:00:00:00:518] ! Bidirectional. expansions: 59, time: 108 [ms], path length: 58 [edges], g_F: 56, g_B: 2, generated: 0, MM: 54, MMPER: 90.52542372881356%
[00:00:00:00:518] 
---------- SM_Grids/8x8_grid_with_random_blocks_8per_3 ----------
[00:00:00:14:268] Path of length 56 found: [0, 8, 16, 17, 25, 26, 34, 35, 43, 44, 52, 51, 50, 49, 41, 33, 32, 40, 48, 56, 57, 58, 59, 60, 61, 53, 45, 37, 36, 28, 27, 19, 18, 10, 2, 3, 4, 5, 6, 7, 15, 23, 22, 14, 13, 12, 20, 21, 29, 30, 31, 39, 47, 46, 54, 62, 63]
[00:00:00:14:268] ! Unidirectional s-t. expansions: 6,247, time: 14,268 [ms], path length: 56 [edges], generated: 10,636
[00:00:00:22:135] Expansion 10,000: state None, f=57, g=37
[00:00:00:46:918] Expansion 20,000: state None, f=57, g=27
[00:00:01:12:423] Expansion 30,000: state None, f=57, g=34
[00:00:01:39:283] Expansion 40,000: state None, f=57, g=23
[00:00:02:06:938] Expansion 50,000: state None, f=57, g=27
[00:00:02:17:015] Path of length 56 found: [63, 62, 61, 53, 52, 60, 59, 51, 50, 58, 57, 56, 48, 49, 41, 40, 32, 33, 25, 26, 34, 35, 43, 44, 36, 28, 27, 19, 20, 21, 13, 14, 22, 30, 29, 37, 45, 46, 54, 55, 47, 39, 31, 23, 15, 7, 6, 5, 4, 3, 2, 10, 18, 17, 16, 8, 0]
[00:00:02:17:015] ! Unidirectional t-s. expansions: 53,331, time: 137,015 [ms], path length: 56 [edges], generated: 91,163
[00:00:00:25:250] Path of length 56 found: [0, 8, 16, 17, 25, 33, 32, 40, 41, 49, 48, 56, 57, 58, 50, 51, 59, 60, 52, 53, 61, 62, 54, 46, 45, 37, 36, 44, 43, 35, 34, 26, 18, 10, 2, 3, 4, 12, 20, 19, 27, 28, 29, 30, 22, 14, 13, 5, 6, 7, 15, 23, 31, 39, 47, 55, 63]
[00:00:00:25:673] ! Bidirectional. expansions: 15,164, time: 25,250 [ms], path length: 56 [edges], g_F: 46, g_B: 10, generated: 0, MM: 36, MMPER: 62.1578947368421%
[00:00:00:25:673] 
---------- SM_Grids/8x8_grid_with_random_blocks_8per_4 ----------
[00:00:00:23:715] Expansion 10,000: state None, f=55, g=38
[00:00:00:47:711] Expansion 20,000: state None, f=55, g=33
[00:00:01:12:182] Expansion 30,000: state None, f=55, g=23
[00:00:01:36:573] Expansion 40,000: state None, f=55, g=32
[00:00:02:00:787] Expansion 50,000: state None, f=55, g=23
[00:00:02:24:871] Expansion 60,000: state None, f=55, g=32
[00:00:02:49:371] Expansion 70,000: state None, f=55, g=32
[00:00:03:13:850] Expansion 80,000: state None, f=55, g=32
[00:00:03:38:610] Expansion 90,000: state None, f=55, g=21
[00:00:04:02:846] Expansion 100,000: state None, f=55, g=34
[00:00:04:25:677] Expansion 110,000: state None, f=54, g=37
[00:00:04:49:553] Expansion 120,000: state None, f=54, g=22
[00:00:05:15:141] Expansion 130,000: state None, f=54, g=22
[00:00:05:42:025] Expansion 140,000: state None, f=54, g=18
[00:00:06:09:157] Expansion 150,000: state None, f=54, g=24
[00:00:06:34:966] Expansion 160,000: state None, f=54, g=27
[00:00:07:04:070] Expansion 170,000: state None, f=54, g=15
[00:00:07:28:786] Expansion 180,000: state None, f=53, g=40
[00:00:07:49:479] Expansion 190,000: state None, f=53, g=33
[00:00:08:11:427] Expansion 200,000: state None, f=53, g=33
[00:00:08:33:627] Expansion 210,000: state None, f=53, g=27
[00:00:08:56:224] Expansion 220,000: state None, f=53, g=34
[00:00:09:18:980] Expansion 230,000: state None, f=53, g=43
[00:00:09:41:977] Expansion 240,000: state None, f=53, g=36
[00:00:10:05:368] Expansion 250,000: state None, f=53, g=31
[00:00:10:28:568] Expansion 260,000: state None, f=53, g=26
[00:00:10:52:601] Expansion 270,000: state None, f=53, g=33
[00:00:11:16:457] Expansion 280,000: state None, f=53, g=29
[00:00:11:38:587] Expansion 290,000: state None, f=53, g=29
[00:00:12:02:709] Expansion 300,000: state None, f=53, g=32
[00:00:12:27:332] Expansion 310,000: state None, f=53, g=20
[00:00:12:51:632] Expansion 320,000: state None, f=53, g=48
[00:00:13:13:719] Expansion 330,000: state None, f=53, g=20
[00:00:13:38:055] Expansion 340,000: state None, f=53, g=30
[00:00:14:02:520] Expansion 350,000: state None, f=53, g=32
[00:00:14:26:984] Expansion 360,000: state None, f=53, g=33
[00:00:14:49:577] Expansion 370,000: state None, f=53, g=41
[00:00:15:10:893] Expansion 380,000: state None, f=53, g=38
[00:00:15:35:034] Expansion 390,000: state None, f=53, g=28
[00:00:15:59:484] Expansion 400,000: state None, f=53, g=39
[00:00:16:24:016] Expansion 410,000: state None, f=53, g=35
[00:00:16:48:567] Expansion 420,000: state None, f=53, g=26
[00:00:17:10:946] Expansion 430,000: state None, f=53, g=47
[00:00:17:32:739] Expansion 440,000: state None, f=53, g=34
[00:00:17:56:129] Expansion 450,000: state None, f=53, g=30
[00:00:18:20:935] Expansion 460,000: state None, f=53, g=23
[00:00:18:46:042] Expansion 470,000: state None, f=53, g=28
[00:00:19:11:989] Expansion 480,000: state None, f=53, g=30
[00:00:19:36:680] Expansion 490,000: state None, f=53, g=23
[00:00:19:57:668] Expansion 500,000: state None, f=53, g=39
[00:00:20:20:915] Expansion 510,000: state None, f=53, g=36
[00:00:20:45:736] Expansion 520,000: state None, f=53, g=22
[00:00:21:10:838] Expansion 530,000: state None, f=53, g=37
[00:00:21:35:971] Expansion 540,000: state None, f=53, g=18
[00:00:22:00:980] Expansion 550,000: state None, f=53, g=32
[00:00:22:22:603] Expansion 560,000: state None, f=53, g=44
[00:00:22:45:556] Expansion 570,000: state None, f=53, g=21
[00:00:23:10:171] Expansion 580,000: state None, f=53, g=34
[00:00:23:35:700] Expansion 590,000: state None, f=53, g=26
[00:00:24:01:701] Expansion 600,000: state None, f=53, g=25
[00:00:24:26:672] Expansion 610,000: state None, f=53, g=36
[00:00:24:52:269] Expansion 620,000: state None, f=53, g=39
[00:00:25:17:599] Expansion 630,000: state None, f=53, g=22
[00:00:25:42:578] Expansion 640,000: state None, f=53, g=16
[00:00:26:07:600] Expansion 650,000: state None, f=53, g=26
[00:00:26:32:957] Expansion 660,000: state None, f=53, g=33
[00:00:26:57:762] Expansion 670,000: state None, f=53, g=13
[00:00:27:22:904] Expansion 680,000: state None, f=53, g=37
[00:00:27:48:391] Expansion 690,000: state None, f=53, g=33
[00:00:28:13:949] Expansion 700,000: state None, f=53, g=23
[00:00:28:39:492] Expansion 710,000: state None, f=53, g=30
[00:00:29:05:381] Expansion 720,000: state None, f=53, g=39
[00:00:29:33:534] Expansion 730,000: state None, f=53, g=37
[00:00:29:59:093] Expansion 740,000: state None, f=53, g=26
[00:00:30:26:734] Expansion 750,000: state None, f=53, g=38
[00:00:30:54:571] Expansion 760,000: state None, f=53, g=29
[00:00:31:09:454] Path of length 52 found: [0, 1, 2, 3, 4, 12, 13, 14, 22, 30, 31, 39, 47, 46, 38, 37, 36, 44, 43, 42, 41, 33, 34, 35, 27, 28, 29, 21, 20, 19, 11, 10, 18, 26, 25, 17, 9, 8, 16, 24, 32, 40, 48, 56, 57, 58, 59, 60, 52, 53, 54, 62, 63]
[00:00:31:09:458] ! Unidirectional s-t. expansions: 760,576, time: 1,869,454 [ms], path length: 52 [edges], generated: 1,292,404
[00:00:00:29:159] Expansion 10,000: state None, f=54, g=24
[00:00:00:56:032] Expansion 20,000: state None, f=53, g=34
[00:00:01:20:209] Expansion 30,000: state None, f=53, g=24
[00:00:01:46:000] Expansion 40,000: state None, f=53, g=24
[00:00:02:14:621] Expansion 50,000: state None, f=53, g=24
[00:00:02:41:593] Expansion 60,000: state None, f=53, g=37
[00:00:03:06:818] Expansion 70,000: state None, f=53, g=30
[00:00:03:31:158] Expansion 80,000: state None, f=53, g=43
[00:00:03:56:170] Expansion 90,000: state None, f=53, g=40
[00:00:04:15:334] Path of length 52 found: [63, 62, 54, 55, 47, 46, 38, 39, 31, 30, 29, 37, 36, 44, 43, 51, 52, 60, 59, 58, 57, 56, 48, 49, 41, 40, 32, 33, 34, 35, 27, 28, 20, 21, 22, 14, 13, 12, 4, 3, 2, 10, 11, 19, 18, 26, 25, 24, 16, 17, 9, 1, 0]
[00:00:04:15:337] ! Unidirectional t-s. expansions: 96,342, time: 255,335 [ms], path length: 52 [edges], generated: 171,255
[00:00:01:36:811] Expansions: 50,000. F states: 86,822, B states: 24. Checks: 86,847)
[00:00:03:14:763] Expansions: 100,000. F states: 174,493, B states: 24. Checks: 174,518)
[00:00:04:45:779] Expansions: 150,000. F states: 260,545, B states: 108. Checks: 260,654)
[00:00:06:14:061] Expansions: 200,000. F states: 346,663, B states: 132. Checks: 346,796)
[00:00:07:32:720] Expansions: 250,000. F states: 430,763, B states: 159. Checks: 430,923)
[00:00:08:10:053] Expansions: 300,000. F states: 504,761, B states: 159. Checks: 504,921)
[00:00:08:55:739] Expansions: 350,000. F states: 579,811, B states: 159. Checks: 579,971)
[00:00:09:55:348] Expansions: 400,000. F states: 661,226, B states: 159. Checks: 661,386)
[00:00:11:09:213] Expansions: 450,000. F states: 744,650, B states: 159. Checks: 744,810)
[00:00:12:34:794] Expansions: 500,000. F states: 830,624, B states: 159. Checks: 830,784)
[00:00:14:09:046] Expansions: 550,000. F states: 917,245, B states: 159. Checks: 917,405)
[00:00:15:50:077] Expansions: 600,000. F states: 1,006,445, B states: 159. Checks: 1,006,605)
[00:00:17:38:946] Expansions: 650,000. F states: 1,097,255, B states: 210. Checks: 1,097,466)
[00:00:19:18:146] Expansions: 700,000. F states: 1,188,666, B states: 225. Checks: 1,188,892)
[00:00:21:05:233] Expansions: 750,000. F states: 1,280,396, B states: 252. Checks: 1,280,649)
[00:00:22:56:605] Expansions: 800,000. F states: 1,371,938, B states: 318. Checks: 1,372,257)
[00:00:24:51:795] Expansions: 850,000. F states: 1,463,584, B states: 330. Checks: 1,463,915)
[00:00:25:16:201] Path of length 52 found: [0, 8, 16, 24, 32, 33, 25, 17, 9, 1, 2, 10, 18, 26, 34, 35, 27, 19, 11, 3, 4, 12, 20, 28, 29, 21, 13, 14, 22, 30, 31, 39, 38, 37, 36, 44, 43, 42, 41, 40, 48, 56, 57, 58, 59, 51, 52, 53, 54, 46, 47, 55, 63]
[00:00:25:16:673] ! Bidirectional. expansions: 858,176, time: 1,516,201 [ms], path length: 52 [edges], g_F: 46, g_B: 6, generated: 0, MM: 40, MMPER: 74.47169811320755%
[00:00:25:16:675] 
---------- SM_Grids/8x8_grid_with_random_blocks_8per_5 ----------
[00:00:00:22:991] Expansion 10,000: state None, f=56, g=42
[00:00:00:45:671] Expansion 20,000: state None, f=56, g=35
[00:00:01:09:517] Expansion 30,000: state None, f=56, g=37
[00:00:01:35:079] Expansion 40,000: state None, f=56, g=41
[00:00:01:59:287] Expansion 50,000: state None, f=56, g=34
[00:00:02:23:912] Expansion 60,000: state None, f=56, g=23
[00:00:02:49:187] Expansion 70,000: state None, f=56, g=22
[00:00:03:08:875] Expansion 80,000: state None, f=55, g=35
[00:00:03:29:200] Expansion 90,000: state None, f=55, g=35
[00:00:03:49:859] Expansion 100,000: state None, f=55, g=37
[00:00:04:10:288] Expansion 110,000: state None, f=55, g=38
[00:00:04:31:411] Expansion 120,000: state None, f=55, g=32
[00:00:04:52:085] Expansion 130,000: state None, f=55, g=26
[00:00:05:13:559] Expansion 140,000: state None, f=55, g=41
[00:00:05:34:661] Expansion 150,000: state None, f=55, g=28
[00:00:05:55:651] Expansion 160,000: state None, f=55, g=28
[00:00:06:17:994] Expansion 170,000: state None, f=55, g=40
[00:00:06:40:205] Expansion 180,000: state None, f=55, g=34
[00:00:07:02:300] Expansion 190,000: state None, f=55, g=19
[00:00:07:25:017] Expansion 200,000: state None, f=55, g=32
[00:00:07:47:663] Expansion 210,000: state None, f=55, g=25
[00:00:08:11:233] Expansion 220,000: state None, f=55, g=30
[00:00:08:35:162] Expansion 230,000: state None, f=55, g=20
[00:00:08:58:539] Expansion 240,000: state None, f=55, g=24
[00:00:09:23:955] Expansion 250,000: state None, f=55, g=27
[00:00:09:47:082] Expansion 260,000: state None, f=55, g=35
[00:00:10:13:589] Expansion 270,000: state None, f=55, g=28
[00:00:10:41:852] Expansion 280,000: state None, f=55, g=19
[00:00:10:57:594] Path of length 54 found: [0, 1, 2, 3, 11, 12, 4, 5, 6, 7, 15, 23, 22, 14, 13, 21, 20, 28, 27, 35, 43, 44, 52, 51, 50, 49, 41, 42, 34, 33, 25, 26, 18, 17, 16, 24, 32, 40, 48, 56, 57, 58, 59, 60, 61, 53, 45, 37, 29, 30, 38, 39, 47, 55, 63]
[00:00:10:57:596] ! Unidirectional s-t. expansions: 283,898, time: 657,594 [ms], path length: 54 [edges], generated: 481,051
[00:00:00:24:215] Expansion 10,000: state None, f=57, g=39
[00:00:00:50:561] Expansion 20,000: state None, f=57, g=25
[00:00:01:17:958] Expansion 30,000: state None, f=57, g=36
[00:00:01:45:705] Expansion 40,000: state None, f=57, g=21
[00:00:02:13:614] Expansion 50,000: state None, f=56, g=40
[00:00:02:39:574] Expansion 60,000: state None, f=56, g=23
[00:00:03:06:116] Expansion 70,000: state None, f=56, g=21
[00:00:03:34:607] Expansion 80,000: state None, f=56, g=23
[00:00:04:02:598] Expansion 90,000: state None, f=56, g=39
[00:00:04:30:301] Expansion 100,000: state None, f=56, g=35
[00:00:04:58:317] Expansion 110,000: state None, f=56, g=16
[00:00:05:25:167] Expansion 120,000: state None, f=56, g=35
[00:00:05:48:180] Expansion 130,000: state None, f=55, g=41
[00:00:06:09:215] Expansion 140,000: state None, f=55, g=38
[00:00:06:32:098] Expansion 150,000: state None, f=55, g=37
[00:00:06:56:502] Expansion 160,000: state None, f=55, g=36
[00:00:07:20:111] Expansion 170,000: state None, f=55, g=32
[00:00:07:44:608] Expansion 180,000: state None, f=55, g=34
[00:00:08:09:200] Expansion 190,000: state None, f=55, g=31
[00:00:08:35:272] Expansion 200,000: state None, f=55, g=31
[00:00:09:00:136] Expansion 210,000: state None, f=55, g=25
[00:00:09:26:579] Expansion 220,000: state None, f=55, g=29
[00:00:09:51:765] Expansion 230,000: state None, f=55, g=34
[00:00:10:18:440] Expansion 240,000: state None, f=55, g=23
[00:00:10:44:620] Expansion 250,000: state None, f=55, g=28
[00:00:11:12:403] Expansion 260,000: state None, f=55, g=20
[00:00:11:38:676] Expansion 270,000: state None, f=55, g=29
[00:00:12:07:204] Expansion 280,000: state None, f=55, g=41
[00:00:12:32:571] Expansion 290,000: state None, f=55, g=36
[00:00:12:58:495] Expansion 300,000: state None, f=55, g=31
[00:00:13:28:193] Expansion 310,000: state None, f=55, g=26
[00:00:13:52:883] Expansion 320,000: state None, f=55, g=22
[00:00:14:17:744] Expansion 330,000: state None, f=55, g=41
[00:00:14:44:135] Expansion 340,000: state None, f=55, g=36
[00:00:15:09:512] Expansion 350,000: state None, f=55, g=21
[00:00:15:34:273] Expansion 360,000: state None, f=55, g=41
[00:00:16:00:346] Expansion 370,000: state None, f=55, g=39
[00:00:16:26:187] Expansion 380,000: state None, f=55, g=25
[00:00:16:52:553] Expansion 390,000: state None, f=55, g=28
[00:00:17:18:260] Expansion 400,000: state None, f=55, g=9
[00:00:17:44:410] Expansion 410,000: state None, f=55, g=21
[00:00:18:10:312] Expansion 420,000: state None, f=55, g=22
[00:00:18:43:721] Path of length 54 found: [63, 55, 47, 39, 38, 37, 45, 44, 43, 35, 34, 42, 50, 51, 52, 53, 61, 60, 59, 58, 57, 56, 48, 49, 41, 40, 32, 33, 25, 24, 16, 17, 18, 26, 27, 28, 29, 30, 31, 23, 22, 14, 15, 7, 6, 5, 13, 21, 20, 12, 4, 3, 2, 1, 0]
[00:00:18:43:723] ! Unidirectional t-s. expansions: 429,284, time: 1,123,721 [ms], path length: 54 [edges], generated: 789,040
[00:00:00:51:478] Expansions: 50,000. F states: 82,800, B states: 126. Checks: 82,927)
[00:00:01:54:786] Expansions: 100,000. F states: 168,798, B states: 536. Checks: 169,335)
[00:00:03:05:083] Expansions: 150,000. F states: 254,788, B states: 821. Checks: 255,610)
[00:00:04:13:549] Expansions: 200,000. F states: 340,891, B states: 925. Checks: 341,817)
[00:00:05:07:427] Path of length 54 found: [0, 1, 2, 3, 11, 12, 4, 5, 13, 14, 6, 7, 15, 23, 22, 21, 20, 28, 27, 26, 18, 17, 16, 24, 25, 33, 32, 40, 48, 56, 57, 49, 41, 42, 34, 35, 43, 51, 50, 58, 59, 60, 61, 53, 52, 44, 36, 37, 29, 30, 31, 39, 47, 55, 63]
[00:00:05:07:926] ! Bidirectional. expansions: 242,215, time: 307,428 [ms], path length: 54 [edges], g_F: 49, g_B: 5, generated: 0, MM: 44, MMPER: 79.0%
[00:00:05:07:926] 
---------- SM_Grids/8x8_grid_with_random_blocks_8per_6 ----------
[00:00:00:23:189] Expansion 10,000: state None, f=58, g=26
[00:00:00:46:719] Expansion 20,000: state None, f=58, g=49
[00:00:01:10:921] Expansion 30,000: state None, f=58, g=47
[00:00:01:35:594] Expansion 40,000: state None, f=58, g=46
[00:00:01:59:893] Expansion 50,000: state None, f=58, g=30
[00:00:02:22:346] Expansion 60,000: state None, f=58, g=40
[00:00:02:44:600] Expansion 70,000: state None, f=58, g=45
[00:00:03:08:421] Expansion 80,000: state None, f=58, g=38
[00:00:03:32:325] Expansion 90,000: state None, f=58, g=24
[00:00:03:55:859] Expansion 100,000: state None, f=58, g=35
[00:00:04:19:872] Expansion 110,000: state None, f=58, g=25
[00:00:04:45:226] Expansion 120,000: state None, f=58, g=23
[00:00:05:10:119] Expansion 130,000: state None, f=58, g=45
[00:00:05:35:402] Expansion 140,000: state None, f=58, g=15
[00:00:05:59:796] Expansion 150,000: state None, f=58, g=26
[00:00:06:24:532] Expansion 160,000: state None, f=58, g=32
[00:00:06:49:536] Expansion 170,000: state None, f=58, g=37
[00:00:07:14:996] Expansion 180,000: state None, f=58, g=24
[00:00:07:39:705] Expansion 190,000: state None, f=58, g=37
[00:00:08:03:703] Expansion 200,000: state None, f=58, g=46
[00:00:08:28:915] Expansion 210,000: state None, f=58, g=35
[00:00:08:52:983] Expansion 220,000: state None, f=58, g=44
[00:00:09:18:890] Expansion 230,000: state None, f=58, g=18
[00:00:09:42:164] Expansion 240,000: state None, f=58, g=43
[00:00:10:06:221] Expansion 250,000: state None, f=58, g=43
[00:00:10:31:228] Expansion 260,000: state None, f=58, g=43
[00:00:10:55:121] Expansion 270,000: state None, f=58, g=38
[00:00:11:20:265] Expansion 280,000: state None, f=58, g=23
[00:00:11:44:297] Expansion 290,000: state None, f=58, g=45
[00:00:12:08:647] Expansion 300,000: state None, f=58, g=39
[00:00:12:33:324] Expansion 310,000: state None, f=58, g=33
[00:00:12:58:720] Expansion 320,000: state None, f=58, g=28
[00:00:13:24:819] Expansion 330,000: state None, f=58, g=37
[00:00:13:48:406] Expansion 340,000: state None, f=58, g=40
[00:00:14:14:083] Expansion 350,000: state None, f=58, g=34
[00:00:14:39:808] Expansion 360,000: state None, f=58, g=44
[00:00:15:03:822] Expansion 370,000: state None, f=58, g=43
[00:00:15:27:806] Expansion 380,000: state None, f=58, g=39
[00:00:15:51:517] Expansion 390,000: state None, f=58, g=43
[00:00:16:16:826] Expansion 400,000: state None, f=58, g=34
[00:00:16:41:407] Expansion 410,000: state None, f=58, g=36
[00:00:17:04:433] Expansion 420,000: state None, f=58, g=45
[00:00:17:27:131] Expansion 430,000: state None, f=58, g=35
[00:00:17:52:751] Expansion 440,000: state None, f=58, g=47
[00:00:18:18:188] Expansion 450,000: state None, f=58, g=46
[00:00:18:42:676] Expansion 460,000: state None, f=58, g=24
[00:00:19:06:150] Expansion 470,000: state None, f=58, g=33
[00:00:19:29:086] Expansion 480,000: state None, f=58, g=34
[00:00:19:50:976] Expansion 490,000: state None, f=58, g=37
[00:00:20:15:585] Expansion 500,000: state None, f=58, g=25
[00:00:20:39:680] Expansion 510,000: state None, f=58, g=41
[00:00:21:03:153] Expansion 520,000: state None, f=58, g=37
[00:00:21:27:704] Expansion 530,000: state None, f=58, g=31
[00:00:21:54:358] Expansion 540,000: state None, f=58, g=36
[00:00:22:18:589] Expansion 550,000: state None, f=58, g=31
[00:00:22:43:945] Expansion 560,000: state None, f=58, g=47
[00:00:23:07:848] Expansion 570,000: state None, f=58, g=44
[00:00:23:32:541] Expansion 580,000: state None, f=58, g=45
[00:00:23:57:573] Expansion 590,000: state None, f=58, g=27
[00:00:24:20:882] Expansion 600,000: state None, f=58, g=38
[00:00:24:45:752] Expansion 610,000: state None, f=58, g=37
[00:00:25:10:535] Expansion 620,000: state None, f=58, g=33
[00:00:25:34:299] Expansion 630,000: state None, f=58, g=46
[00:00:25:57:706] Expansion 640,000: state None, f=58, g=30
[00:00:26:21:855] Expansion 650,000: state None, f=58, g=46
[00:00:26:46:406] Expansion 660,000: state None, f=58, g=37
[00:00:27:12:617] Expansion 670,000: state None, f=58, g=42
[00:00:27:36:088] Expansion 680,000: state None, f=58, g=43
[00:00:28:00:463] Expansion 690,000: state None, f=58, g=16
[00:00:28:24:223] Expansion 700,000: state None, f=58, g=44
[00:00:28:48:338] Expansion 710,000: state None, f=58, g=21
[00:00:29:11:586] Expansion 720,000: state None, f=58, g=43
[00:00:29:36:948] Expansion 730,000: state None, f=58, g=39
[00:00:30:02:187] Expansion 740,000: state None, f=58, g=30
[00:00:30:25:780] Expansion 750,000: state None, f=58, g=45
[00:00:30:48:397] Expansion 760,000: state None, f=58, g=45
[00:00:31:11:095] Expansion 770,000: state None, f=58, g=36
[00:00:31:35:951] Expansion 780,000: state None, f=58, g=36
[00:00:32:01:150] Expansion 790,000: state None, f=58, g=26
[00:00:32:26:322] Expansion 800,000: state None, f=58, g=48
[00:00:32:52:256] Expansion 810,000: state None, f=58, g=42
[00:00:33:20:633] Expansion 820,000: state None, f=58, g=43
[00:00:33:44:435] Expansion 830,000: state None, f=58, g=23
[00:00:34:08:984] Expansion 840,000: state None, f=58, g=35
[00:00:34:34:099] Expansion 850,000: state None, f=58, g=46
[00:00:34:59:026] Expansion 860,000: state None, f=58, g=27
[00:00:35:22:068] Expansion 870,000: state None, f=58, g=38
[00:00:35:44:147] Expansion 880,000: state None, f=58, g=48
[00:00:36:06:311] Expansion 890,000: state None, f=58, g=40
[00:00:36:29:337] Expansion 900,000: state None, f=58, g=33
[00:00:36:51:127] Expansion 910,000: state None, f=58, g=42
[00:00:37:13:949] Expansion 920,000: state None, f=58, g=40
[00:00:37:38:192] Expansion 930,000: state None, f=57, g=49
[00:00:37:57:463] Expansion 940,000: state None, f=57, g=41
[00:00:38:16:561] Expansion 950,000: state None, f=57, g=50
[00:00:38:37:234] Expansion 960,000: state None, f=57, g=51
[00:00:38:57:509] Expansion 970,000: state None, f=57, g=45
[00:00:39:18:263] Expansion 980,000: state None, f=57, g=37
[00:00:39:38:309] Expansion 990,000: state None, f=57, g=37
[00:00:39:57:282] Expansion 1,000,000: state None, f=57, g=51
[00:00:40:16:931] Expansion 1,010,000: state None, f=57, g=36
[00:00:40:37:093] Expansion 1,020,000: state None, f=57, g=34
[00:00:41:00:646] Expansion 1,030,000: state None, f=57, g=42
[00:00:41:19:514] Expansion 1,040,000: state None, f=57, g=35
[00:00:41:39:107] Expansion 1,050,000: state None, f=57, g=52
[00:00:41:58:647] Expansion 1,060,000: state None, f=57, g=37
[00:00:42:18:666] Expansion 1,070,000: state None, f=57, g=48
[00:00:42:39:259] Expansion 1,080,000: state None, f=57, g=44
[00:00:42:59:115] Expansion 1,090,000: state None, f=57, g=44
[00:00:43:18:829] Expansion 1,100,000: state None, f=57, g=42
[00:00:43:38:277] Expansion 1,110,000: state None, f=57, g=53
[00:00:43:57:993] Expansion 1,120,000: state None, f=57, g=53
[00:00:44:18:458] Expansion 1,130,000: state None, f=57, g=48
[00:00:44:37:123] Expansion 1,140,000: state None, f=57, g=43
[00:00:44:56:067] Expansion 1,150,000: state None, f=57, g=29
[00:00:45:14:715] Expansion 1,160,000: state None, f=57, g=37
[00:00:45:34:762] Expansion 1,170,000: state None, f=57, g=48
[00:00:45:54:123] Expansion 1,180,000: state None, f=57, g=40
[00:00:46:13:863] Expansion 1,190,000: state None, f=57, g=28
[00:00:46:33:355] Expansion 1,200,000: state None, f=57, g=47
[00:00:46:53:229] Expansion 1,210,000: state None, f=57, g=36
[00:00:47:12:728] Expansion 1,220,000: state None, f=57, g=45
[00:00:47:33:619] Expansion 1,230,000: state None, f=57, g=44
[00:00:47:54:217] Expansion 1,240,000: state None, f=57, g=39
[00:00:48:14:328] Expansion 1,250,000: state None, f=57, g=50
[00:00:48:34:829] Expansion 1,260,000: state None, f=57, g=32
[00:00:48:55:490] Expansion 1,270,000: state None, f=57, g=37
[00:00:49:15:595] Expansion 1,280,000: state None, f=57, g=31
[00:00:49:43:567] Expansion 1,290,000: state None, f=57, g=30
[00:00:50:04:329] Expansion 1,300,000: state None, f=57, g=45
[00:00:50:25:236] Expansion 1,310,000: state None, f=57, g=24
[00:00:50:45:693] Expansion 1,320,000: state None, f=57, g=36
[00:00:51:06:215] Expansion 1,330,000: state None, f=57, g=43
[00:00:51:26:935] Expansion 1,340,000: state None, f=57, g=35
[00:00:51:46:757] Expansion 1,350,000: state None, f=57, g=41
[00:00:52:06:931] Expansion 1,360,000: state None, f=57, g=30
[00:00:52:27:184] Expansion 1,370,000: state None, f=57, g=30
[00:00:52:48:452] Expansion 1,380,000: state None, f=57, g=34
[00:00:53:09:370] Expansion 1,390,000: state None, f=57, g=28
[00:00:53:30:042] Expansion 1,400,000: state None, f=57, g=53
[00:00:53:50:864] Expansion 1,410,000: state None, f=57, g=45
[00:00:54:10:967] Expansion 1,420,000: state None, f=57, g=38
[00:00:54:32:530] Expansion 1,430,000: state None, f=57, g=46
[00:00:54:53:753] Expansion 1,440,000: state None, f=57, g=35
[00:00:55:14:070] Expansion 1,450,000: state None, f=57, g=48
[00:00:55:36:796] Expansion 1,460,000: state None, f=57, g=35
[00:00:55:59:371] Expansion 1,470,000: state None, f=57, g=26
[00:00:56:20:770] Expansion 1,480,000: state None, f=57, g=33
[00:00:56:42:186] Expansion 1,490,000: state None, f=57, g=37
[00:00:57:03:175] Expansion 1,500,000: state None, f=57, g=35
[00:00:57:23:659] Expansion 1,510,000: state None, f=57, g=45
[00:00:57:43:318] Expansion 1,520,000: state None, f=57, g=33
[00:00:58:05:476] Expansion 1,530,000: state None, f=57, g=41
[00:00:58:25:467] Expansion 1,540,000: state None, f=57, g=43
[00:00:58:44:878] Expansion 1,550,000: state None, f=57, g=43
[00:00:59:04:763] Expansion 1,560,000: state None, f=57, g=28
[00:00:59:24:326] Expansion 1,570,000: state None, f=57, g=46
[00:00:59:45:656] Expansion 1,580,000: state None, f=57, g=40
[00:01:00:08:339] Expansion 1,590,000: state None, f=57, g=51
[00:01:00:35:807] Expansion 1,600,000: state None, f=57, g=46
[00:01:00:56:264] Expansion 1,610,000: state None, f=57, g=46
[00:01:01:16:501] Expansion 1,620,000: state None, f=57, g=45
[00:01:01:36:167] Expansion 1,630,000: state None, f=57, g=41
[00:01:01:56:128] Expansion 1,640,000: state None, f=57, g=43
[00:01:02:17:392] Expansion 1,650,000: state None, f=57, g=45
[00:01:02:37:623] Expansion 1,660,000: state None, f=57, g=40
[00:01:02:57:149] Expansion 1,670,000: state None, f=57, g=49
[00:01:03:17:512] Expansion 1,680,000: state None, f=57, g=28
[00:01:03:37:470] Expansion 1,690,000: state None, f=57, g=23
[00:01:04:02:248] Expansion 1,700,000: state None, f=57, g=52
[00:01:04:22:880] Expansion 1,710,000: state None, f=57, g=48
[00:01:04:44:125] Expansion 1,720,000: state None, f=57, g=39
[00:01:05:05:003] Expansion 1,730,000: state None, f=57, g=30
[00:01:05:26:230] Expansion 1,740,000: state None, f=57, g=49
[00:01:05:47:173] Expansion 1,750,000: state None, f=57, g=43
[00:01:06:07:683] Expansion 1,760,000: state None, f=57, g=39
[00:01:06:27:844] Expansion 1,770,000: state None, f=57, g=46
[00:01:06:47:015] Expansion 1,780,000: state None, f=57, g=40
[00:01:07:08:595] Expansion 1,790,000: state None, f=57, g=47
[00:01:07:28:522] Expansion 1,800,000: state None, f=57, g=39
[00:01:07:48:281] Expansion 1,810,000: state None, f=57, g=52
[00:01:08:08:279] Expansion 1,820,000: state None, f=57, g=47
[00:01:08:26:695] Expansion 1,830,000: state None, f=57, g=35
[00:01:08:45:247] Expansion 1,840,000: state None, f=57, g=45
[00:01:09:04:105] Expansion 1,850,000: state None, f=57, g=31
[00:01:09:23:594] Expansion 1,860,000: state None, f=57, g=33
[00:01:09:43:489] Expansion 1,870,000: state None, f=57, g=25
[00:01:10:02:821] Expansion 1,880,000: state None, f=57, g=42
[00:01:10:22:365] Expansion 1,890,000: state None, f=57, g=27
[00:01:10:41:945] Expansion 1,900,000: state None, f=57, g=45
[00:01:11:01:032] Expansion 1,910,000: state None, f=57, g=44
[00:01:11:19:674] Expansion 1,920,000: state None, f=57, g=35
[00:01:11:38:893] Expansion 1,930,000: state None, f=57, g=37
[00:01:11:58:265] Expansion 1,940,000: state None, f=57, g=44
[00:01:12:17:364] Expansion 1,950,000: state None, f=57, g=45
[00:01:12:35:562] Expansion 1,960,000: state None, f=57, g=48
[00:01:12:54:877] Expansion 1,970,000: state None, f=57, g=40
[00:01:13:13:080] Expansion 1,980,000: state None, f=57, g=48
[00:01:13:41:722] Expansion 1,990,000: state None, f=57, g=21
[00:01:14:01:819] Expansion 2,000,000: state None, f=57, g=49
[00:01:14:22:217] Expansion 2,010,000: state None, f=57, g=50
[00:01:14:41:960] Expansion 2,020,000: state None, f=57, g=35
[00:01:15:01:788] Expansion 2,030,000: state None, f=57, g=50
[00:01:15:21:798] Expansion 2,040,000: state None, f=57, g=31
[00:01:15:40:769] Expansion 2,050,000: state None, f=57, g=45
[00:01:16:01:886] Expansion 2,060,000: state None, f=57, g=47
[00:01:16:20:344] Expansion 2,070,000: state None, f=57, g=48
[00:01:16:38:898] Expansion 2,080,000: state None, f=57, g=47
[00:01:16:57:802] Expansion 2,090,000: state None, f=57, g=35
[00:01:17:17:930] Expansion 2,100,000: state None, f=57, g=42
[00:01:17:36:705] Expansion 2,110,000: state None, f=57, g=28
[00:01:17:55:228] Expansion 2,120,000: state None, f=57, g=34
[00:01:18:14:611] Expansion 2,130,000: state None, f=57, g=40
[00:01:18:33:774] Expansion 2,140,000: state None, f=57, g=40
[00:01:18:52:709] Expansion 2,150,000: state None, f=57, g=49
[00:01:19:10:892] Expansion 2,160,000: state None, f=57, g=51
[00:01:19:30:304] Expansion 2,170,000: state None, f=57, g=28
[00:01:19:50:628] Expansion 2,180,000: state None, f=57, g=32
[00:01:20:10:719] Expansion 2,190,000: state None, f=57, g=36
[00:01:20:30:692] Expansion 2,200,000: state None, f=57, g=52
[00:01:20:49:931] Expansion 2,210,000: state None, f=57, g=41
[00:01:21:09:832] Expansion 2,220,000: state None, f=57, g=37
[00:01:21:29:195] Expansion 2,230,000: state None, f=57, g=46
[00:01:21:48:854] Expansion 2,240,000: state None, f=57, g=42
[00:01:22:08:142] Expansion 2,250,000: state None, f=57, g=46
[00:01:22:26:653] Expansion 2,260,000: state None, f=57, g=34
[00:01:22:45:957] Expansion 2,270,000: state None, f=57, g=35
[00:01:23:05:139] Expansion 2,280,000: state None, f=57, g=44
[00:01:23:24:365] Expansion 2,290,000: state None, f=57, g=50
[00:01:23:43:149] Expansion 2,300,000: state None, f=57, g=46
[00:01:24:01:834] Expansion 2,310,000: state None, f=57, g=47
[00:01:24:21:009] Expansion 2,320,000: state None, f=57, g=45
[00:01:24:40:029] Expansion 2,330,000: state None, f=57, g=44
[00:01:24:59:277] Expansion 2,340,000: state None, f=57, g=52
[00:01:25:18:414] Expansion 2,350,000: state None, f=57, g=39
[00:01:25:36:644] Expansion 2,360,000: state None, f=57, g=34
[00:01:26:02:929] Expansion 2,370,000: state None, f=57, g=44
[00:01:26:23:299] Expansion 2,380,000: state None, f=57, g=45
[00:01:26:43:434] Expansion 2,390,000: state None, f=57, g=44
[00:01:27:03:650] Expansion 2,400,000: state None, f=57, g=27
[00:01:27:24:048] Expansion 2,410,000: state None, f=57, g=29
[00:01:27:43:093] Expansion 2,420,000: state None, f=57, g=34
[00:01:28:03:005] Expansion 2,430,000: state None, f=57, g=29
[00:01:28:23:433] Expansion 2,440,000: state None, f=57, g=35
[00:01:28:42:825] Expansion 2,450,000: state None, f=57, g=47
[00:01:29:01:845] Expansion 2,460,000: state None, f=57, g=47
[00:01:29:29:023] Expansion 2,470,000: state None, f=57, g=51
[00:01:29:47:391] Expansion 2,480,000: state None, f=57, g=29
[00:01:30:07:665] Expansion 2,490,000: state None, f=57, g=40
[00:01:30:26:199] Expansion 2,500,000: state None, f=57, g=35
[00:01:30:45:006] Expansion 2,510,000: state None, f=57, g=44
[00:01:31:04:239] Expansion 2,520,000: state None, f=57, g=51
[00:01:31:22:935] Expansion 2,530,000: state None, f=57, g=38
[00:01:31:41:716] Expansion 2,540,000: state None, f=57, g=49
[00:01:32:01:241] Expansion 2,550,000: state None, f=57, g=40
[00:01:32:20:326] Expansion 2,560,000: state None, f=57, g=46
[00:01:32:39:601] Expansion 2,570,000: state None, f=57, g=25
[00:01:33:00:935] Expansion 2,580,000: state None, f=57, g=34
[00:01:33:21:308] Expansion 2,590,000: state None, f=57, g=41
[00:01:33:40:349] Expansion 2,600,000: state None, f=57, g=39
[00:01:33:58:956] Expansion 2,610,000: state None, f=57, g=40
[00:01:34:18:896] Expansion 2,620,000: state None, f=57, g=40
[00:01:34:38:796] Expansion 2,630,000: state None, f=57, g=34
[00:01:34:57:992] Expansion 2,640,000: state None, f=57, g=51
[00:01:35:17:720] Expansion 2,650,000: state None, f=57, g=43
[00:01:35:37:927] Expansion 2,660,000: state None, f=57, g=45
[00:01:35:57:789] Expansion 2,670,000: state None, f=57, g=29
[00:01:36:17:404] Expansion 2,680,000: state None, f=57, g=24
[00:01:36:37:664] Expansion 2,690,000: state None, f=57, g=35
[00:01:36:57:110] Expansion 2,700,000: state None, f=57, g=35
[00:01:37:16:346] Expansion 2,710,000: state None, f=57, g=42
[00:01:37:36:360] Expansion 2,720,000: state None, f=57, g=38
[00:01:37:55:509] Expansion 2,730,000: state None, f=57, g=40
[00:01:38:14:093] Expansion 2,740,000: state None, f=57, g=32
[00:01:38:32:938] Expansion 2,750,000: state None, f=57, g=44
[00:01:38:51:443] Expansion 2,760,000: state None, f=57, g=40
[00:01:39:10:540] Expansion 2,770,000: state None, f=57, g=40
[00:01:39:29:521] Expansion 2,780,000: state None, f=57, g=45
[00:01:39:56:499] Expansion 2,790,000: state None, f=57, g=51
[00:01:40:17:750] Expansion 2,800,000: state None, f=57, g=31
[00:01:40:38:830] Expansion 2,810,000: state None, f=57, g=44
[00:01:41:00:274] Expansion 2,820,000: state None, f=57, g=30
[00:01:41:20:828] Expansion 2,830,000: state None, f=57, g=39
[00:01:41:41:134] Expansion 2,840,000: state None, f=57, g=32
[00:01:42:01:550] Expansion 2,850,000: state None, f=57, g=38
[00:01:42:21:043] Expansion 2,860,000: state None, f=57, g=47
[00:01:42:41:826] Expansion 2,870,000: state None, f=57, g=42
[00:01:43:00:533] Expansion 2,880,000: state None, f=57, g=43
[00:01:43:20:254] Expansion 2,890,000: state None, f=57, g=52
[00:01:43:39:495] Expansion 2,900,000: state None, f=57, g=30
[00:01:43:58:173] Expansion 2,910,000: state None, f=57, g=39
[00:01:44:17:337] Expansion 2,920,000: state None, f=57, g=53
[00:01:44:36:714] Expansion 2,930,000: state None, f=57, g=39
[00:01:44:55:475] Expansion 2,940,000: state None, f=57, g=28
[00:01:45:14:861] Expansion 2,950,000: state None, f=57, g=25
[00:01:45:33:701] Expansion 2,960,000: state None, f=57, g=46
[00:01:45:52:777] Expansion 2,970,000: state None, f=57, g=49
[00:01:46:12:213] Expansion 2,980,000: state None, f=57, g=33
[00:01:46:31:187] Expansion 2,990,000: state None, f=57, g=53
[00:01:46:50:112] Expansion 3,000,000: state None, f=57, g=34
[00:01:47:08:159] Expansion 3,010,000: state None, f=57, g=33
[00:01:47:27:443] Expansion 3,020,000: state None, f=57, g=43
[00:01:47:46:624] Expansion 3,030,000: state None, f=57, g=33
[00:01:48:05:287] Expansion 3,040,000: state None, f=57, g=33
[00:01:48:24:874] Expansion 3,050,000: state None, f=57, g=30
[00:01:48:43:958] Expansion 3,060,000: state None, f=57, g=46
[00:01:49:13:081] Expansion 3,070,000: state None, f=57, g=34
[00:01:49:32:827] Expansion 3,080,000: state None, f=57, g=51
[00:01:49:52:051] Expansion 3,090,000: state None, f=57, g=20
[00:01:50:10:281] Expansion 3,100,000: state None, f=57, g=44
[00:01:50:29:508] Expansion 3,110,000: state None, f=57, g=39
[00:01:50:47:897] Expansion 3,120,000: state None, f=57, g=50
[00:01:51:06:621] Expansion 3,130,000: state None, f=57, g=44
[00:01:51:26:374] Expansion 3,140,000: state None, f=57, g=38
[00:01:51:44:930] Expansion 3,150,000: state None, f=57, g=49
[00:01:52:04:587] Expansion 3,160,000: state None, f=57, g=47
[00:01:52:22:862] Expansion 3,170,000: state None, f=57, g=47
[00:01:52:41:150] Expansion 3,180,000: state None, f=57, g=47
[00:01:53:03:528] Expansion 3,190,000: state None, f=57, g=38
[00:01:53:25:614] Expansion 3,200,000: state None, f=57, g=29
[00:01:53:52:409] Expansion 3,210,000: state None, f=57, g=26
[00:01:54:12:574] Expansion 3,220,000: state None, f=57, g=45
[00:01:54:32:514] Expansion 3,230,000: state None, f=57, g=51
[00:01:54:51:516] Expansion 3,240,000: state None, f=57, g=53
[00:01:55:10:410] Expansion 3,250,000: state None, f=57, g=47
[00:01:55:29:435] Expansion 3,260,000: state None, f=57, g=49
[00:01:55:47:615] Expansion 3,270,000: state None, f=57, g=48
[00:01:56:05:161] Expansion 3,280,000: state None, f=57, g=36
[00:01:56:24:393] Expansion 3,290,000: state None, f=57, g=48
[00:01:56:43:932] Expansion 3,300,000: state None, f=57, g=49
[00:01:57:01:871] Expansion 3,310,000: state None, f=57, g=37
[00:01:57:20:360] Expansion 3,320,000: state None, f=57, g=30
[00:01:57:38:776] Expansion 3,330,000: state None, f=57, g=46
[00:01:57:57:597] Expansion 3,340,000: state None, f=57, g=39
[00:01:58:16:409] Expansion 3,350,000: state None, f=57, g=43
[00:01:58:35:473] Expansion 3,360,000: state None, f=57, g=45
[00:01:58:54:058] Expansion 3,370,000: state None, f=57, g=50
[00:01:59:14:298] Expansion 3,380,000: state None, f=57, g=38
[00:01:59:33:246] Expansion 3,390,000: state None, f=57, g=36
[00:01:59:51:790] Expansion 3,400,000: state None, f=57, g=50
[00:02:00:11:361] Expansion 3,410,000: state None, f=57, g=40
[00:02:00:30:899] Expansion 3,420,000: state None, f=57, g=50
[00:02:00:50:014] Expansion 3,430,000: state None, f=57, g=34
[00:02:01:09:685] Expansion 3,440,000: state None, f=57, g=38
[00:02:01:27:655] Expansion 3,450,000: state None, f=57, g=41
[00:02:01:47:059] Expansion 3,460,000: state None, f=57, g=53
[00:02:02:06:890] Expansion 3,470,000: state None, f=57, g=52
[00:02:02:26:333] Expansion 3,480,000: state None, f=57, g=24
[00:02:02:46:065] Expansion 3,490,000: state None, f=57, g=41
[00:02:03:05:708] Expansion 3,500,000: state None, f=57, g=29
[00:02:03:23:661] Expansion 3,510,000: state None, f=57, g=38
[00:02:03:42:134] Expansion 3,520,000: state None, f=57, g=39
[00:02:04:01:240] Expansion 3,530,000: state None, f=57, g=45
[00:02:04:20:610] Expansion 3,540,000: state None, f=57, g=43
[00:02:04:39:750] Expansion 3,550,000: state None, f=57, g=44
[00:02:04:57:990] Expansion 3,560,000: state None, f=57, g=35
[00:02:05:16:742] Expansion 3,570,000: state None, f=57, g=44
[00:02:05:36:008] Expansion 3,580,000: state None, f=57, g=45
[00:02:05:54:608] Expansion 3,590,000: state None, f=57, g=40
[00:02:06:15:671] Expansion 3,600,000: state None, f=57, g=34
[00:02:06:42:278] Expansion 3,610,000: state None, f=57, g=25
[00:02:07:02:535] Expansion 3,620,000: state None, f=57, g=29
[00:02:07:21:647] Expansion 3,630,000: state None, f=57, g=51
[00:02:07:41:012] Expansion 3,640,000: state None, f=57, g=37
[00:02:07:59:581] Expansion 3,650,000: state None, f=57, g=41
[00:02:08:18:719] Expansion 3,660,000: state None, f=57, g=39
[00:02:08:38:490] Expansion 3,670,000: state None, f=57, g=20
[00:02:08:57:093] Expansion 3,680,000: state None, f=57, g=29
[00:02:09:16:104] Expansion 3,690,000: state None, f=57, g=46
[00:02:09:35:509] Expansion 3,700,000: state None, f=57, g=31
[00:02:09:54:244] Expansion 3,710,000: state None, f=57, g=49
[00:02:10:13:127] Expansion 3,720,000: state None, f=57, g=44
[00:02:10:32:276] Expansion 3,730,000: state None, f=57, g=40
[00:02:10:50:068] Expansion 3,740,000: state None, f=57, g=38
[00:02:11:08:709] Expansion 3,750,000: state None, f=57, g=32
[00:02:11:28:555] Expansion 3,760,000: state None, f=57, g=43
[00:02:11:48:636] Expansion 3,770,000: state None, f=57, g=35
[00:02:12:07:187] Expansion 3,780,000: state None, f=57, g=48
[00:02:12:25:902] Expansion 3,790,000: state None, f=57, g=35
[00:02:12:56:307] Expansion 3,800,000: state None, f=57, g=43
[00:02:13:15:427] Expansion 3,810,000: state None, f=57, g=31
[00:02:13:35:256] Expansion 3,820,000: state None, f=57, g=38
[00:02:13:55:197] Expansion 3,830,000: state None, f=57, g=30
[00:02:14:15:083] Expansion 3,840,000: state None, f=57, g=29
[00:02:14:33:951] Expansion 3,850,000: state None, f=57, g=30
[00:02:14:51:692] Expansion 3,860,000: state None, f=57, g=35
[00:02:15:17:341] Expansion 3,870,000: state None, f=57, g=21
[00:02:15:43:252] Expansion 3,880,000: state None, f=57, g=44
[00:02:16:04:241] Expansion 3,890,000: state None, f=57, g=44
[00:02:16:23:553] Expansion 3,900,000: state None, f=57, g=46
[00:02:16:42:996] Expansion 3,910,000: state None, f=57, g=36
[00:02:17:02:464] Expansion 3,920,000: state None, f=57, g=41
[00:02:17:21:798] Expansion 3,930,000: state None, f=57, g=49
[00:02:17:41:475] Expansion 3,940,000: state None, f=57, g=29
[00:02:18:00:174] Expansion 3,950,000: state None, f=57, g=34
[00:02:18:19:530] Expansion 3,960,000: state None, f=57, g=21
[00:02:18:39:092] Expansion 3,970,000: state None, f=57, g=47
[00:02:18:58:785] Expansion 3,980,000: state None, f=57, g=47
[00:02:19:18:086] Expansion 3,990,000: state None, f=57, g=49
[00:02:19:37:093] Expansion 4,000,000: state None, f=57, g=53
[00:02:19:57:283] Expansion 4,010,000: state None, f=57, g=45
[00:02:20:17:246] Expansion 4,020,000: state None, f=57, g=42
[00:02:20:36:792] Expansion 4,030,000: state None, f=57, g=44
[00:02:20:56:358] Expansion 4,040,000: state None, f=57, g=52
[00:02:21:15:019] Expansion 4,050,000: state None, f=57, g=49
[00:02:21:33:596] Expansion 4,060,000: state None, f=57, g=48
[00:02:21:52:824] Expansion 4,070,000: state None, f=57, g=44
[00:02:22:11:042] Expansion 4,080,000: state None, f=57, g=44
[00:02:22:30:733] Expansion 4,090,000: state None, f=57, g=46
[00:02:22:49:507] Expansion 4,100,000: state None, f=57, g=31
[00:02:23:08:945] Expansion 4,110,000: state None, f=57, g=46
[00:02:23:28:907] Expansion 4,120,000: state None, f=57, g=47
[00:02:23:49:263] Expansion 4,130,000: state None, f=57, g=40
[00:02:24:08:209] Expansion 4,140,000: state None, f=57, g=52
[00:02:24:26:155] Expansion 4,150,000: state None, f=57, g=38
[00:02:24:45:668] Expansion 4,160,000: state None, f=57, g=27
[00:02:25:06:140] Expansion 4,170,000: state None, f=57, g=52
[00:02:25:25:035] Expansion 4,180,000: state None, f=57, g=45
[00:02:25:43:895] Expansion 4,190,000: state None, f=57, g=50
[00:02:26:02:371] Expansion 4,200,000: state None, f=57, g=45
[00:02:26:20:563] Expansion 4,210,000: state None, f=57, g=33
[00:02:26:39:790] Expansion 4,220,000: state None, f=57, g=46
[00:02:26:59:225] Expansion 4,230,000: state None, f=57, g=15
[00:02:27:17:856] Expansion 4,240,000: state None, f=57, g=33
[00:02:27:36:087] Expansion 4,250,000: state None, f=57, g=39
[00:02:27:54:202] Expansion 4,260,000: state None, f=57, g=51
[00:02:28:12:159] Expansion 4,270,000: state None, f=57, g=22
[00:02:28:30:578] Expansion 4,280,000: state None, f=57, g=48
[00:02:28:48:752] Expansion 4,290,000: state None, f=57, g=41
[00:02:29:16:401] Expansion 4,300,000: state None, f=57, g=16
[00:02:29:45:212] Expansion 4,310,000: state None, f=57, g=11
[00:02:30:08:105] Expansion 4,320,000: state None, f=57, g=47
[00:02:30:28:765] Expansion 4,330,000: state None, f=57, g=48
[00:02:30:50:593] Expansion 4,340,000: state None, f=57, g=11
[00:02:31:11:442] Expansion 4,350,000: state None, f=57, g=31
[00:02:31:30:866] Expansion 4,360,000: state None, f=57, g=42
[00:02:31:49:996] Expansion 4,370,000: state None, f=57, g=46
[00:02:32:08:909] Expansion 4,380,000: state None, f=57, g=46
[00:02:32:27:822] Expansion 4,390,000: state None, f=57, g=34
[00:02:32:47:048] Expansion 4,400,000: state None, f=57, g=21
[00:02:33:05:672] Expansion 4,410,000: state None, f=57, g=40
[00:02:33:25:107] Expansion 4,420,000: state None, f=57, g=32
[00:02:33:44:018] Expansion 4,430,000: state None, f=57, g=47
[00:02:34:04:179] Expansion 4,440,000: state None, f=57, g=29
[00:02:34:23:641] Expansion 4,450,000: state None, f=57, g=44
[00:02:34:44:275] Expansion 4,460,000: state None, f=57, g=43
[00:02:35:04:098] Expansion 4,470,000: state None, f=57, g=41
[00:02:35:22:600] Expansion 4,480,000: state None, f=57, g=28
[00:02:35:41:366] Expansion 4,490,000: state None, f=57, g=34
[00:02:36:01:909] Expansion 4,500,000: state None, f=57, g=32
[00:02:36:22:196] Expansion 4,510,000: state None, f=57, g=26
[00:02:36:41:396] Expansion 4,520,000: state None, f=57, g=37
[00:02:36:59:454] Expansion 4,530,000: state None, f=57, g=34
[00:02:37:17:957] Expansion 4,540,000: state None, f=57, g=47
[00:02:37:36:431] Expansion 4,550,000: state None, f=57, g=41
[00:02:37:56:523] Expansion 4,560,000: state None, f=57, g=46
[00:02:38:15:548] Expansion 4,570,000: state None, f=57, g=37
[00:02:38:34:651] Expansion 4,580,000: state None, f=57, g=49
[00:02:38:53:717] Expansion 4,590,000: state None, f=57, g=51
[00:02:39:12:254] Expansion 4,600,000: state None, f=57, g=32
[00:02:39:31:173] Expansion 4,610,000: state None, f=57, g=34
[00:02:39:58:880] Expansion 4,620,000: state None, f=57, g=35
[00:02:40:27:184] Expansion 4,630,000: state None, f=57, g=30
[00:02:40:57:670] Expansion 4,640,000: state None, f=57, g=28
[00:02:41:27:378] Expansion 4,650,000: state None, f=57, g=17
[00:02:43:13:138] Path of length 56 found: [0, 1, 2, 3, 4, 5, 6, 14, 15, 23, 31, 39, 47, 46, 38, 37, 36, 44, 43, 42, 41, 33, 34, 35, 27, 28, 29, 30, 22, 21, 13, 12, 20, 19, 11, 10, 18, 26, 25, 17, 9, 8, 16, 24, 32, 40, 48, 49, 50, 58, 59, 51, 52, 53, 61, 62, 63]
[00:02:43:13:142] ! Unidirectional s-t. expansions: 4,657,007, time: 9,793,139 [ms], path length: 56 [edges], generated: 7,410,882
[00:00:00:28:610] Expansion 10,000: state None, f=57, g=41
[00:00:00:52:964] Expansion 20,000: state None, f=57, g=45
[00:00:01:27:064] Expansion 30,000: state None, f=57, g=26
[00:00:01:52:389] Expansion 40,000: state None, f=57, g=34
[00:00:02:17:360] Expansion 50,000: state None, f=57, g=40
[00:00:02:43:552] Expansion 60,000: state None, f=57, g=17
[00:00:03:08:252] Expansion 70,000: state None, f=57, g=46
[00:00:03:34:863] Expansion 80,000: state None, f=57, g=32
[00:00:04:02:924] Expansion 90,000: state None, f=57, g=37
[00:00:04:28:292] Expansion 100,000: state None, f=57, g=32
[00:00:04:51:295] Expansion 110,000: state None, f=57, g=44
[00:00:05:15:975] Expansion 120,000: state None, f=57, g=22
[00:00:05:40:820] Expansion 130,000: state None, f=57, g=25
[00:00:06:04:024] Expansion 140,000: state None, f=57, g=41
[00:00:06:28:430] Expansion 150,000: state None, f=57, g=37
[00:00:06:53:963] Expansion 160,000: state None, f=57, g=32
[00:00:07:19:308] Expansion 170,000: state None, f=57, g=32
[00:00:07:44:395] Expansion 180,000: state None, f=57, g=34
[00:00:08:09:774] Expansion 190,000: state None, f=57, g=39
[00:00:08:33:706] Expansion 200,000: state None, f=57, g=27
[00:00:08:57:585] Expansion 210,000: state None, f=57, g=29
[00:00:09:21:032] Expansion 220,000: state None, f=57, g=38
[00:00:09:45:495] Expansion 230,000: state None, f=57, g=31
[00:00:10:09:356] Expansion 240,000: state None, f=57, g=31
[00:00:10:33:872] Expansion 250,000: state None, f=57, g=40
[00:00:10:57:379] Expansion 260,000: state None, f=57, g=28
[00:00:11:23:427] Expansion 270,000: state None, f=57, g=39
[00:00:11:48:063] Expansion 280,000: state None, f=57, g=38
[00:00:12:12:510] Expansion 290,000: state None, f=57, g=46
[00:00:12:35:911] Expansion 300,000: state None, f=57, g=27
[00:00:12:59:491] Expansion 310,000: state None, f=57, g=35
[00:00:13:22:323] Expansion 320,000: state None, f=57, g=33
[00:00:13:46:408] Expansion 330,000: state None, f=57, g=39
[00:00:14:12:655] Expansion 340,000: state None, f=57, g=41
[00:00:14:38:498] Expansion 350,000: state None, f=57, g=47
[00:00:15:04:396] Expansion 360,000: state None, f=57, g=25
[00:00:15:28:070] Expansion 370,000: state None, f=57, g=31
[00:00:15:51:763] Expansion 380,000: state None, f=57, g=36
[00:00:16:14:285] Expansion 390,000: state None, f=57, g=29
[00:00:16:37:737] Expansion 400,000: state None, f=57, g=34
[00:00:17:01:463] Expansion 410,000: state None, f=57, g=47
[00:00:17:25:834] Expansion 420,000: state None, f=57, g=37
[00:00:17:48:706] Expansion 430,000: state None, f=57, g=32
[00:00:18:12:218] Expansion 440,000: state None, f=57, g=37
[00:00:18:38:524] Expansion 450,000: state None, f=57, g=37
[00:00:19:02:201] Expansion 460,000: state None, f=57, g=34
[00:00:19:26:684] Expansion 470,000: state None, f=57, g=36
[00:00:19:51:484] Expansion 480,000: state None, f=57, g=39
[00:00:20:16:147] Expansion 490,000: state None, f=57, g=27
[00:00:20:41:203] Expansion 500,000: state None, f=57, g=25
[00:00:21:06:122] Expansion 510,000: state None, f=57, g=40
[00:00:21:29:395] Expansion 520,000: state None, f=57, g=24
[00:00:21:52:522] Expansion 530,000: state None, f=57, g=40
[00:00:22:15:814] Expansion 540,000: state None, f=57, g=41
[00:00:22:43:736] Expansion 550,000: state None, f=57, g=35
[00:00:23:07:016] Expansion 560,000: state None, f=57, g=37
[00:00:23:31:691] Expansion 570,000: state None, f=57, g=41
[00:00:23:55:898] Expansion 580,000: state None, f=57, g=22
[00:00:24:19:963] Expansion 590,000: state None, f=57, g=37
[00:00:24:44:871] Expansion 600,000: state None, f=57, g=46
[00:00:25:09:757] Expansion 610,000: state None, f=57, g=27
[00:00:25:33:607] Expansion 620,000: state None, f=57, g=44
[00:00:25:56:382] Expansion 630,000: state None, f=57, g=38
[00:00:26:19:162] Expansion 640,000: state None, f=57, g=25
[00:00:26:42:840] Expansion 650,000: state None, f=57, g=37
[00:00:27:06:240] Expansion 660,000: state None, f=57, g=39
[00:00:27:30:567] Expansion 670,000: state None, f=57, g=37
[00:00:27:55:150] Expansion 680,000: state None, f=57, g=20
[00:00:28:22:103] Expansion 690,000: state None, f=57, g=34
[00:00:28:44:730] Expansion 700,000: state None, f=57, g=40
[00:00:29:07:392] Expansion 710,000: state None, f=57, g=23
[00:00:29:29:945] Expansion 720,000: state None, f=57, g=35
[00:00:29:53:995] Expansion 730,000: state None, f=57, g=32
[00:00:30:17:156] Expansion 740,000: state None, f=57, g=40
[00:00:30:41:424] Expansion 750,000: state None, f=57, g=40
[00:00:31:05:031] Expansion 760,000: state None, f=57, g=39
[00:00:31:27:889] Expansion 770,000: state None, f=57, g=31
[00:00:31:53:433] Expansion 780,000: state None, f=57, g=33
[00:00:32:18:435] Expansion 790,000: state None, f=57, g=34
[00:00:32:41:504] Expansion 800,000: state None, f=57, g=49
[00:00:33:04:462] Expansion 810,000: state None, f=57, g=42
[00:00:33:28:594] Expansion 820,000: state None, f=57, g=39
[00:00:33:51:724] Expansion 830,000: state None, f=57, g=44
[00:00:34:14:895] Expansion 840,000: state None, f=57, g=42
[00:00:34:40:823] Expansion 850,000: state None, f=57, g=42
[00:00:35:04:135] Expansion 860,000: state None, f=57, g=34
[00:00:35:26:927] Expansion 870,000: state None, f=57, g=38
[00:00:35:51:782] Expansion 880,000: state None, f=57, g=43
[00:00:36:15:425] Expansion 890,000: state None, f=57, g=41
[00:00:36:38:329] Expansion 900,000: state None, f=57, g=33
[00:00:37:01:512] Expansion 910,000: state None, f=57, g=20
[00:00:37:24:132] Expansion 920,000: state None, f=57, g=29
[00:00:37:46:538] Expansion 930,000: state None, f=57, g=47
[00:00:38:08:171] Expansion 940,000: state None, f=57, g=31
[00:00:38:31:795] Expansion 950,000: state None, f=57, g=34
[00:00:38:54:082] Expansion 960,000: state None, f=57, g=49
[00:00:39:17:650] Expansion 970,000: state None, f=57, g=38
[00:00:39:39:989] Expansion 980,000: state None, f=57, g=47
[00:00:40:03:250] Expansion 990,000: state None, f=57, g=37
[00:00:40:26:839] Expansion 1,000,000: state None, f=57, g=41
[00:00:40:49:338] Expansion 1,010,000: state None, f=57, g=31
[00:00:41:12:634] Expansion 1,020,000: state None, f=57, g=19
[00:00:41:36:353] Expansion 1,030,000: state None, f=57, g=41
[00:00:42:00:292] Expansion 1,040,000: state None, f=57, g=37
[00:00:42:28:557] Expansion 1,050,000: state None, f=57, g=37
[00:00:42:52:150] Expansion 1,060,000: state None, f=57, g=43
[00:00:43:14:561] Expansion 1,070,000: state None, f=57, g=47
[00:00:43:37:285] Expansion 1,080,000: state None, f=57, g=33
[00:00:44:00:122] Expansion 1,090,000: state None, f=57, g=34
[00:00:44:24:019] Expansion 1,100,000: state None, f=57, g=41
[00:00:44:45:938] Expansion 1,110,000: state None, f=57, g=36
[00:00:45:08:642] Expansion 1,120,000: state None, f=57, g=41
[00:00:45:31:723] Expansion 1,130,000: state None, f=57, g=28
[00:00:45:55:156] Expansion 1,140,000: state None, f=57, g=27
[00:00:46:18:208] Expansion 1,150,000: state None, f=57, g=46
[00:00:46:41:415] Expansion 1,160,000: state None, f=57, g=40
[00:00:47:03:873] Expansion 1,170,000: state None, f=57, g=45
[00:00:47:25:230] Expansion 1,180,000: state None, f=57, g=39
[00:00:47:46:125] Expansion 1,190,000: state None, f=57, g=47
[00:00:48:09:473] Expansion 1,200,000: state None, f=57, g=39
[00:00:48:32:168] Expansion 1,210,000: state None, f=57, g=32
[00:00:48:55:306] Expansion 1,220,000: state None, f=57, g=42
[00:00:49:18:968] Expansion 1,230,000: state None, f=57, g=43
[00:00:49:42:575] Expansion 1,240,000: state None, f=57, g=30
[00:00:50:05:592] Expansion 1,250,000: state None, f=57, g=39
[00:00:50:27:656] Expansion 1,260,000: state None, f=57, g=42
[00:00:50:49:977] Expansion 1,270,000: state None, f=57, g=22
[00:00:51:13:684] Expansion 1,280,000: state None, f=57, g=38
[00:00:51:36:730] Expansion 1,290,000: state None, f=57, g=28
[00:00:52:06:373] Expansion 1,300,000: state None, f=57, g=31
[00:00:52:29:387] Expansion 1,310,000: state None, f=57, g=43
[00:00:52:52:247] Expansion 1,320,000: state None, f=57, g=47
[00:00:53:22:661] Path of length 56 found: [63, 62, 61, 53, 54, 46, 47, 39, 38, 37, 45, 44, 52, 51, 59, 58, 50, 49, 48, 40, 41, 33, 32, 24, 25, 17, 16, 8, 9, 10, 18, 19, 27, 26, 34, 42, 43, 35, 36, 28, 29, 21, 22, 30, 31, 23, 15, 14, 6, 5, 13, 12, 4, 3, 2, 1, 0]
[00:00:53:22:664] ! Unidirectional t-s. expansions: 1,321,729, time: 3,202,661 [ms], path length: 56 [edges], generated: 2,345,903
[00:00:01:13:541] Expansions: 50,000. F states: 83,440, B states: 68. Checks: 83,509)
[00:00:02:21:863] Expansions: 100,000. F states: 167,063, B states: 74. Checks: 167,138)
[00:00:03:42:828] Expansions: 150,000. F states: 250,516, B states: 77. Checks: 250,594)
[00:00:04:59:621] Expansions: 200,000. F states: 334,965, B states: 80. Checks: 335,046)
[00:00:06:13:010] Expansions: 250,000. F states: 420,078, B states: 80. Checks: 420,159)
[00:00:07:28:042] Expansions: 300,000. F states: 504,115, B states: 83. Checks: 504,199)
[00:00:08:45:546] Expansions: 350,000. F states: 590,134, B states: 86. Checks: 590,221)
[00:00:09:58:057] Expansions: 400,000. F states: 674,389, B states: 86. Checks: 674,476)
[00:00:11:14:487] Expansions: 450,000. F states: 759,120, B states: 89. Checks: 759,210)
[00:00:12:24:364] Expansions: 500,000. F states: 843,972, B states: 89. Checks: 844,062)
[00:00:13:44:353] Expansions: 550,000. F states: 929,173, B states: 92. Checks: 929,266)
[00:00:14:58:526] Expansions: 600,000. F states: 1,016,142, B states: 95. Checks: 1,016,238)
[00:00:15:51:971] Expansions: 650,000. F states: 1,106,930, B states: 98. Checks: 1,107,029)
[00:00:16:18:606] Expansions: 700,000. F states: 1,198,378, B states: 98. Checks: 1,198,477)
[00:00:16:46:240] Expansions: 750,000. F states: 1,278,327, B states: 98. Checks: 1,278,426)
[00:00:17:14:279] Expansions: 800,000. F states: 1,357,753, B states: 98. Checks: 1,357,852)
[00:00:17:44:930] Expansions: 850,000. F states: 1,437,259, B states: 98. Checks: 1,437,358)
[00:00:18:15:795] Expansions: 900,000. F states: 1,516,663, B states: 98. Checks: 1,516,762)
[00:00:18:45:975] Expansions: 950,000. F states: 1,594,867, B states: 98. Checks: 1,594,966)
[00:00:19:19:686] Expansions: 1,000,000. F states: 1,676,019, B states: 98. Checks: 1,676,118)
[00:00:19:55:578] Expansions: 1,050,000. F states: 1,757,270, B states: 98. Checks: 1,757,369)
[00:00:20:30:290] Expansions: 1,100,000. F states: 1,837,672, B states: 98. Checks: 1,837,771)
[00:00:21:07:870] Expansions: 1,150,000. F states: 1,921,528, B states: 98. Checks: 1,921,627)
[00:00:21:45:564] Expansions: 1,200,000. F states: 2,004,842, B states: 98. Checks: 2,004,941)
[00:00:22:22:344] Expansions: 1,250,000. F states: 2,087,503, B states: 98. Checks: 2,087,602)
[00:00:22:59:531] Expansions: 1,300,000. F states: 2,171,102, B states: 98. Checks: 2,171,201)
[00:00:23:42:506] Expansions: 1,350,000. F states: 2,255,919, B states: 98. Checks: 2,256,018)
[00:00:24:23:499] Expansions: 1,400,000. F states: 2,340,098, B states: 98. Checks: 2,340,197)
[00:00:25:04:200] Expansions: 1,450,000. F states: 2,423,354, B states: 98. Checks: 2,423,453)
[00:00:25:45:341] Expansions: 1,500,000. F states: 2,507,784, B states: 98. Checks: 2,507,883)
[00:00:26:31:852] Expansions: 1,550,000. F states: 2,592,724, B states: 100. Checks: 2,592,825)
[00:00:27:16:575] Expansions: 1,600,000. F states: 2,677,441, B states: 100. Checks: 2,677,542)
[00:00:28:01:546] Expansions: 1,650,000. F states: 2,761,633, B states: 100. Checks: 2,761,734)
[00:00:28:45:213] Expansions: 1,700,000. F states: 2,845,508, B states: 100. Checks: 2,845,609)
[00:00:29:28:921] Expansions: 1,750,000. F states: 2,929,723, B states: 100. Checks: 2,929,824)
[00:00:30:21:860] Expansions: 1,800,000. F states: 3,015,808, B states: 105. Checks: 3,015,914)
[00:00:31:11:116] Expansions: 1,850,000. F states: 3,099,990, B states: 105. Checks: 3,100,096)
[00:00:31:59:298] Expansions: 1,900,000. F states: 3,183,890, B states: 105. Checks: 3,183,996)
[00:00:32:47:620] Expansions: 1,950,000. F states: 3,267,655, B states: 105. Checks: 3,267,761)
[00:00:33:44:557] Expansions: 2,000,000. F states: 3,353,966, B states: 111. Checks: 3,354,078)
[00:00:34:39:752] Expansions: 2,050,000. F states: 3,436,976, B states: 111. Checks: 3,437,088)
[00:00:35:33:324] Expansions: 2,100,000. F states: 3,520,218, B states: 111. Checks: 3,520,330)
[00:00:36:28:003] Expansions: 2,150,000. F states: 3,603,701, B states: 111. Checks: 3,603,813)
[00:00:37:34:226] Expansions: 2,200,000. F states: 3,688,815, B states: 116. Checks: 3,688,932)
[00:00:38:36:209] Expansions: 2,250,000. F states: 3,771,488, B states: 116. Checks: 3,771,605)
[00:00:39:38:636] Expansions: 2,300,000. F states: 3,854,277, B states: 116. Checks: 3,854,394)
[00:00:40:47:026] Expansions: 2,350,000. F states: 3,940,417, B states: 116. Checks: 3,940,534)
[00:00:41:50:847] Expansions: 2,400,000. F states: 4,023,012, B states: 116. Checks: 4,023,129)
[00:00:42:51:048] Expansions: 2,450,000. F states: 4,105,757, B states: 116. Checks: 4,105,874)
[00:00:43:52:760] Expansions: 2,500,000. F states: 4,188,192, B states: 116. Checks: 4,188,309)
[00:00:45:00:058] Expansions: 2,550,000. F states: 4,272,916, B states: 123. Checks: 4,273,040)
[00:00:46:02:536] Expansions: 2,600,000. F states: 4,354,648, B states: 123. Checks: 4,354,772)
[00:00:47:03:212] Expansions: 2,650,000. F states: 4,436,782, B states: 123. Checks: 4,436,906)
[00:00:48:05:918] Expansions: 2,700,000. F states: 4,519,555, B states: 123. Checks: 4,519,679)
[00:00:49:05:377] Expansions: 2,750,000. F states: 4,602,198, B states: 125. Checks: 4,602,324)
[00:00:50:08:869] Expansions: 2,800,000. F states: 4,685,355, B states: 131. Checks: 4,685,487)
[00:00:51:13:435] Expansions: 2,850,000. F states: 4,767,911, B states: 131. Checks: 4,768,043)
[00:00:52:17:483] Expansions: 2,900,000. F states: 4,850,416, B states: 131. Checks: 4,850,548)
[00:00:53:30:457] Expansions: 2,950,000. F states: 4,935,177, B states: 131. Checks: 4,935,309)
[00:00:54:35:888] Expansions: 3,000,000. F states: 5,016,781, B states: 131. Checks: 5,016,913)
[00:00:55:40:234] Expansions: 3,050,000. F states: 5,098,990, B states: 131. Checks: 5,099,122)
[00:00:56:47:811] Expansions: 3,100,000. F states: 5,181,922, B states: 131. Checks: 5,182,054)
[00:00:58:03:283] Expansions: 3,150,000. F states: 5,266,260, B states: 131. Checks: 5,266,392)
[00:00:59:09:933] Expansions: 3,200,000. F states: 5,347,621, B states: 131. Checks: 5,347,753)
[00:01:00:15:158] Expansions: 3,250,000. F states: 5,430,100, B states: 131. Checks: 5,430,232)
[00:01:01:22:919] Expansions: 3,300,000. F states: 5,512,624, B states: 131. Checks: 5,512,756)
[00:01:02:32:609] Expansions: 3,350,000. F states: 5,595,531, B states: 135. Checks: 5,595,667)
[00:01:03:35:119] Expansions: 3,400,000. F states: 5,677,898, B states: 135. Checks: 5,678,034)
[00:01:04:36:086] Expansions: 3,450,000. F states: 5,760,584, B states: 135. Checks: 5,760,720)
[00:01:05:43:707] Expansions: 3,500,000. F states: 5,843,131, B states: 135. Checks: 5,843,267)
[00:01:06:57:847] Expansions: 3,550,000. F states: 5,926,763, B states: 144. Checks: 5,926,908)
[00:01:08:03:997] Expansions: 3,600,000. F states: 6,008,454, B states: 144. Checks: 6,008,599)
[00:01:09:10:497] Expansions: 3,650,000. F states: 6,090,746, B states: 144. Checks: 6,090,891)
[00:01:10:20:483] Expansions: 3,700,000. F states: 6,173,097, B states: 144. Checks: 6,173,242)
[00:01:11:33:166] Expansions: 3,750,000. F states: 6,256,770, B states: 148. Checks: 6,256,919)
[00:01:12:40:981] Expansions: 3,800,000. F states: 6,338,698, B states: 148. Checks: 6,338,847)
[00:01:13:47:322] Expansions: 3,850,000. F states: 6,421,127, B states: 148. Checks: 6,421,276)
[00:01:14:50:475] Expansions: 3,900,000. F states: 6,502,973, B states: 148. Checks: 6,503,122)
[00:01:16:08:978] Expansions: 3,950,000. F states: 6,587,554, B states: 148. Checks: 6,587,703)
[00:01:17:15:400] Expansions: 4,000,000. F states: 6,669,738, B states: 148. Checks: 6,669,887)
[00:01:18:19:116] Expansions: 4,050,000. F states: 6,751,984, B states: 148. Checks: 6,752,133)
[00:01:19:35:544] Expansions: 4,100,000. F states: 6,835,872, B states: 155. Checks: 6,836,028)
[00:01:20:41:714] Expansions: 4,150,000. F states: 6,919,144, B states: 155. Checks: 6,919,300)
[00:01:21:48:818] Expansions: 4,200,000. F states: 7,001,158, B states: 157. Checks: 7,001,316)
[00:01:23:07:208] Expansions: 4,250,000. F states: 7,084,516, B states: 159. Checks: 7,084,676)
[00:01:24:19:049] Expansions: 4,300,000. F states: 7,167,263, B states: 159. Checks: 7,167,423)
[00:01:25:24:918] Expansions: 4,350,000. F states: 7,251,620, B states: 159. Checks: 7,251,780)
[00:01:26:31:476] Expansions: 4,400,000. F states: 7,334,027, B states: 161. Checks: 7,334,189)
[00:01:27:31:739] Expansions: 4,450,000. F states: 7,414,017, B states: 161. Checks: 7,414,179)
[00:01:28:59:083] Expansions: 4,500,000. F states: 7,500,761, B states: 161. Checks: 7,500,923)
[00:01:30:11:351] Expansions: 4,550,000. F states: 7,584,625, B states: 163. Checks: 7,584,789)
[00:01:31:27:742] Expansions: 4,600,000. F states: 7,669,375, B states: 168. Checks: 7,669,544)
[00:01:32:31:314] Expansions: 4,650,000. F states: 7,750,594, B states: 168. Checks: 7,750,763)
[00:01:33:46:842] Expansions: 4,700,000. F states: 7,834,610, B states: 168. Checks: 7,834,779)
[00:01:34:55:246] Expansions: 4,750,000. F states: 7,917,532, B states: 170. Checks: 7,917,703)
[00:01:36:04:150] Expansions: 4,800,000. F states: 8,001,757, B states: 170. Checks: 8,001,928)
[00:01:37:08:349] Expansions: 4,850,000. F states: 8,085,538, B states: 173. Checks: 8,085,712)
[00:01:38:16:958] Expansions: 4,900,000. F states: 8,168,504, B states: 173. Checks: 8,168,678)
[00:01:39:20:966] Expansions: 4,950,000. F states: 8,250,812, B states: 175. Checks: 8,250,988)
[00:01:40:30:877] Expansions: 5,000,000. F states: 8,334,251, B states: 175. Checks: 8,334,427)
[00:01:42:08:572] Expansions: 5,050,000. F states: 8,422,844, B states: 177. Checks: 8,423,022)
[00:01:43:15:597] Expansions: 5,100,000. F states: 8,507,921, B states: 177. Checks: 8,508,099)
[00:01:44:26:464] Expansions: 5,150,000. F states: 8,592,957, B states: 179. Checks: 8,593,137)
[00:01:45:29:942] Expansions: 5,200,000. F states: 8,676,483, B states: 179. Checks: 8,676,663)
[00:01:46:34:975] Expansions: 5,250,000. F states: 8,758,692, B states: 179. Checks: 8,758,872)
[00:01:47:46:271] Expansions: 5,300,000. F states: 8,843,749, B states: 179. Checks: 8,843,929)
[00:01:49:03:463] Expansions: 5,350,000. F states: 8,927,493, B states: 179. Checks: 8,927,673)
[00:01:50:05:392] Expansions: 5,400,000. F states: 9,009,686, B states: 181. Checks: 9,009,868)
[00:01:51:04:203] Expansions: 5,450,000. F states: 9,091,802, B states: 181. Checks: 9,091,984)
[00:01:52:07:494] Expansions: 5,500,000. F states: 9,175,192, B states: 181. Checks: 9,175,374)
[00:01:53:18:449] Expansions: 5,550,000. F states: 9,259,541, B states: 181. Checks: 9,259,723)
[00:01:54:30:603] Expansions: 5,600,000. F states: 9,343,496, B states: 181. Checks: 9,343,678)
[00:01:55:32:693] Expansions: 5,650,000. F states: 9,426,316, B states: 183. Checks: 9,426,500)
[00:01:56:36:381] Expansions: 5,700,000. F states: 9,509,971, B states: 183. Checks: 9,510,155)
[00:01:57:41:598] Expansions: 5,750,000. F states: 9,593,984, B states: 183. Checks: 9,594,168)
[00:01:58:51:827] Expansions: 5,800,000. F states: 9,678,749, B states: 183. Checks: 9,678,933)
[00:01:59:57:116] Expansions: 5,850,000. F states: 9,762,644, B states: 185. Checks: 9,762,830)
[00:02:00:57:796] Expansions: 5,900,000. F states: 9,844,485, B states: 185. Checks: 9,844,671)
[00:02:01:52:677] Expansions: 5,950,000. F states: 9,927,009, B states: 185. Checks: 9,927,195)
[00:02:03:00:714] Expansions: 6,000,000. F states: 10,010,658, B states: 185. Checks: 10,010,844)
[00:02:04:15:837] Expansions: 6,050,000. F states: 10,095,246, B states: 185. Checks: 10,095,432)
[00:02:05:06:566] Path of length 56 found: [0, 8, 16, 24, 32, 40, 48, 49, 41, 33, 25, 17, 9, 1, 2, 10, 18, 26, 34, 42, 50, 58, 59, 51, 52, 44, 43, 35, 27, 19, 11, 3, 4, 12, 20, 28, 36, 37, 29, 21, 13, 5, 6, 14, 15, 23, 22, 30, 31, 39, 38, 46, 45, 53, 61, 62, 63]
[00:02:05:07:150] ! Bidirectional. expansions: 6,076,879, time: 7,506,566 [ms], path length: 56 [edges], g_F: 53, g_B: 3, generated: 0, MM: 50, MMPER: 86.71929824561404%
[00:02:05:07:151] 
---------- SM_Grids/8x8_grid_with_random_blocks_8per_7 ----------
[00:00:00:00:173] Path of length 56 found: [0, 8, 16, 24, 32, 40, 48, 56, 57, 49, 41, 33, 25, 17, 18, 10, 2, 3, 11, 12, 4, 5, 6, 14, 22, 23, 31, 30, 29, 21, 20, 28, 27, 26, 34, 35, 43, 51, 50, 58, 59, 60, 52, 44, 36, 37, 45, 53, 61, 62, 54, 46, 38, 39, 47, 55, 63]
[00:00:00:00:174] ! Unidirectional s-t. expansions: 56, time: 173 [ms], path length: 56 [edges], generated: 93
[00:00:00:24:952] Expansion 10,000: state None, f=57, g=16
[00:00:00:51:880] Expansion 20,000: state None, f=57, g=16
[00:00:01:18:104] Expansion 30,000: state None, f=57, g=49
[00:00:01:43:850] Expansion 40,000: state None, f=57, g=40
[00:00:02:11:587] Expansion 50,000: state None, f=57, g=33
[00:00:02:37:311] Expansion 60,000: state None, f=57, g=20
[00:00:03:04:775] Expansion 70,000: state None, f=57, g=16
[00:00:03:31:394] Path of length 56 found: [63, 62, 61, 60, 59, 58, 57, 56, 48, 49, 50, 51, 43, 44, 52, 53, 54, 55, 47, 39, 31, 23, 22, 14, 6, 5, 4, 3, 11, 12, 20, 21, 29, 30, 38, 46, 45, 37, 36, 28, 27, 35, 34, 26, 25, 33, 41, 40, 32, 24, 16, 17, 18, 10, 2, 1, 0]
[00:00:03:31:395] ! Unidirectional t-s. expansions: 79,674, time: 211,394 [ms], path length: 56 [edges], generated: 128,660
[00:00:00:00:154] Path of length 56 found: [0, 8, 16, 24, 32, 40, 48, 56, 57, 49, 41, 33, 25, 17, 18, 10, 2, 3, 11, 12, 4, 5, 6, 14, 22, 23, 31, 30, 29, 21, 20, 28, 27, 26, 34, 35, 43, 51, 50, 58, 59, 60, 52, 44, 36, 37, 45, 53, 61, 62, 54, 46, 38, 39, 47, 55, 63]
[00:00:00:00:691] ! Bidirectional. expansions: 57, time: 154 [ms], path length: 56 [edges], g_F: 52, g_B: 4, generated: 0, MM: 48, MMPER: 83.21052631578948%
[00:00:00:00:691] 
---------- SM_Grids/8x8_grid_with_random_blocks_8per_8 ----------
[00:00:00:00:177] Path of length 58 found: [0, 1, 9, 17, 16, 24, 32, 33, 25, 26, 18, 10, 2, 3, 11, 19, 27, 35, 34, 42, 41, 49, 48, 56, 57, 58, 59, 51, 43, 44, 36, 28, 20, 21, 13, 12, 4, 5, 6, 7, 15, 23, 31, 30, 29, 37, 45, 53, 52, 60, 61, 62, 54, 46, 38, 39, 47, 55, 63]
[00:00:00:00:177] ! Unidirectional s-t. expansions: 61, time: 177 [ms], path length: 58 [edges], generated: 100
[00:00:00:03:243] Path of length 58 found: [63, 55, 47, 39, 31, 23, 15, 7, 6, 5, 4, 3, 2, 10, 18, 19, 11, 12, 13, 21, 20, 28, 27, 35, 43, 51, 52, 44, 36, 37, 29, 30, 38, 46, 45, 53, 54, 62, 61, 60, 59, 58, 57, 56, 48, 49, 41, 42, 34, 26, 25, 33, 32, 24, 16, 17, 9, 1, 0]
[00:00:00:03:244] ! Unidirectional t-s. expansions: 1,254, time: 3,244 [ms], path length: 58 [edges], generated: 2,137
[00:00:00:00:122] Path of length 58 found: [0, 1, 9, 17, 16, 24, 32, 33, 25, 26, 18, 19, 27, 35, 34, 42, 41, 49, 48, 56, 57, 58, 59, 51, 43, 44, 36, 37, 45, 53, 52, 60, 61, 62, 54, 46, 38, 30, 29, 28, 20, 21, 13, 12, 11, 10, 2, 3, 4, 5, 6, 7, 15, 23, 31, 39, 47, 55, 63]
[00:00:00:00:619] ! Bidirectional. expansions: 58, time: 122 [ms], path length: 58 [edges], g_F: 45, g_B: 13, generated: 0, MM: 32, MMPER: 53.23728813559322%
[00:00:00:00:619] 
---------- SM_Grids/8x8_grid_with_random_blocks_8per_9 ----------
[00:00:00:23:881] Expansion 10,000: state None, f=57, g=37
[00:00:00:36:440] Path of length 56 found: [0, 8, 16, 24, 25, 33, 32, 40, 48, 56, 57, 49, 50, 58, 59, 60, 61, 62, 54, 46, 45, 53, 52, 51, 43, 42, 34, 35, 36, 37, 29, 28, 27, 26, 18, 19, 20, 21, 13, 12, 11, 10, 2, 3, 4, 5, 6, 7, 15, 14, 22, 30, 38, 39, 47, 55, 63]
[00:00:00:36:440] ! Unidirectional s-t. expansions: 14,764, time: 36,440 [ms], path length: 56 [edges], generated: 25,428
[00:00:00:29:273] Expansion 10,000: state None, f=58, g=39
[00:00:00:54:554] Expansion 20,000: state None, f=57, g=40
[00:00:01:19:773] Expansion 30,000: state None, f=57, g=27
[00:00:01:46:917] Expansion 40,000: state None, f=57, g=24
[00:00:02:14:909] Expansion 50,000: state None, f=57, g=33
[00:00:02:42:980] Expansion 60,000: state None, f=57, g=27
[00:00:03:09:937] Expansion 70,000: state None, f=57, g=16
[00:00:03:36:793] Expansion 80,000: state None, f=57, g=32
[00:00:04:04:213] Expansion 90,000: state None, f=57, g=30
[00:00:04:31:665] Expansion 100,000: state None, f=57, g=28
[00:00:04:53:032] Path of length 56 found: [63, 62, 61, 60, 59, 58, 50, 49, 57, 56, 48, 40, 32, 33, 34, 42, 43, 51, 52, 53, 54, 55, 47, 46, 45, 37, 38, 39, 31, 30, 29, 28, 36, 35, 27, 19, 20, 21, 22, 14, 15, 7, 6, 5, 13, 12, 4, 3, 11, 10, 18, 26, 25, 24, 16, 8, 0]
[00:00:04:53:033] ! Unidirectional t-s. expansions: 107,524, time: 293,032 [ms], path length: 56 [edges], generated: 185,212
[00:00:00:41:901] Path of length 56 found: [0, 8, 16, 24, 32, 40, 48, 56, 57, 49, 50, 58, 59, 51, 52, 60, 61, 62, 54, 53, 45, 46, 38, 37, 36, 28, 20, 12, 11, 19, 27, 35, 43, 42, 34, 33, 25, 26, 18, 10, 2, 3, 4, 5, 6, 7, 15, 14, 13, 21, 29, 30, 31, 39, 47, 55, 63]
[00:00:00:42:363] ! Bidirectional. expansions: 29,753, time: 41,901 [ms], path length: 56 [edges], g_F: 51, g_B: 5, generated: 0, MM: 46, MMPER: 79.70175438596492%

[00:00:00:42:364] average expansions: (579,864, 223,076, 735,277, 0)
[00:00:00:42:364] average time: (1,255,010, 556,386, 963,007, 0)
[00:00:00:42:364] XA*: 223,076 , 556,386 (expansions , time[ms])
[00:00:00:42:364] BiXA*: 735,277 , 963,007 (expansions , time[ms])

