------------------------------------
Thu 01 Oct 2026 14:03:51 IDT
SLURM_JOBID:		21947793
SLURM_JOB_NODELIST:	ise-cpu256-29
SLURM_SCRATCH_DIR:	/scratch/shubit/21947793
Allocated Resouces:	cpu - 2 / mem - 61440 MB / gpu - 
SLURM_GPU_INDEX:	
Running as shubit from shimony account with normal QOS
------------------------------------
Thu 01 Oct 2026 14:03:51 IDT

SLURM_JOBID:		 21947793
SLURM_JOB_NODELIST:	 ise-cpu256-29 

--------------------------
date: SM_Grids
number_of_graphs: 10
graph_type: grid
size_of_graphs: [8, 8]
heuristic: bcc_heuristic
snake: False
run_uni: True
run_bi: True
run_multi: False
solution_vertices: []
algorithms: ['DFBnB']
lookahead: -2
bsd: False
cube_first_dims: 4
cube_buffer_dim: None
backward_sym_generation: False
sym_coil: False
prefix_set: None

---------- SM_Grids/8x8_grid_with_random_blocks_12per_0 ----------
[00:00:00:24:176] Path of length 52 found: [0, 8, 16, 24, 25, 17, 9, 1, 2, 10, 18, 26, 34, 33, 41, 40, 48, 56, 57, 58, 50, 42, 43, 35, 27, 19, 11, 3, 4, 12, 20, 21, 13, 14, 22, 30, 31, 39, 47, 55, 54, 53, 45, 37, 36, 44, 52, 51, 59, 60, 61, 62, 63]
[00:00:00:24:176] ! Unidirectional s-t. expansions: 14,646, time: 24,176 [ms], path length: 52 [edges], generated: 24,004
[00:00:00:31:898] Path of length 52 found: [63, 55, 47, 39, 31, 30, 22, 14, 13, 21, 20, 12, 4, 3, 2, 1, 9, 17, 18, 10, 11, 19, 27, 28, 36, 37, 45, 44, 43, 35, 34, 42, 50, 51, 52, 53, 54, 62, 61, 60, 59, 58, 57, 56, 48, 40, 41, 33, 25, 24, 16, 8, 0]
[00:00:00:31:899] ! Unidirectional t-s. expansions: 24,338, time: 31,898 [ms], path length: 52 [edges], generated: 38,099
[00:00:00:31:620] Path of length 52 found: [0, 8, 16, 24, 25, 17, 9, 1, 2, 10, 18, 26, 34, 33, 41, 40, 48, 56, 57, 58, 50, 42, 43, 51, 59, 60, 61, 62, 54, 53, 52, 44, 45, 37, 36, 35, 27, 28, 20, 19, 11, 3, 4, 12, 13, 14, 22, 30, 31, 39, 47, 55, 63]
[00:00:00:32:088] ! Bidirectional. expansions: 17,820, time: 31,621 [ms], path length: 52 [edges], g_F: 45, g_B: 7, generated: 0, MM: 38, MMPER: 70.69811320754717%
[00:00:00:32:088] 
---------- SM_Grids/8x8_grid_with_random_blocks_12per_1 ----------
[00:00:00:02:696] Path of length 52 found: [0, 8, 16, 24, 32, 33, 25, 17, 9, 1, 2, 10, 11, 3, 4, 12, 13, 5, 6, 7, 15, 14, 22, 21, 20, 19, 27, 26, 34, 42, 41, 49, 50, 58, 59, 51, 52, 60, 61, 53, 45, 44, 36, 28, 29, 37, 38, 39, 47, 46, 54, 62, 63]
[00:00:00:02:697] ! Unidirectional s-t. expansions: 1,633, time: 2,696 [ms], path length: 52 [edges], generated: 2,704
[00:00:00:02:385] Path of length 52 found: [63, 55, 47, 39, 38, 37, 29, 21, 22, 14, 15, 7, 6, 5, 13, 12, 4, 3, 11, 10, 2, 1, 9, 17, 25, 26, 27, 19, 20, 28, 36, 44, 52, 53, 45, 46, 54, 62, 61, 60, 59, 51, 50, 49, 41, 42, 34, 33, 32, 24, 16, 8, 0]
[00:00:00:02:386] ! Unidirectional t-s. expansions: 1,303, time: 2,385 [ms], path length: 52 [edges], generated: 2,238
[00:00:00:10:490] Path of length 52 found: [0, 8, 16, 24, 32, 33, 25, 17, 9, 1, 2, 10, 11, 3, 4, 12, 13, 5, 6, 7, 15, 14, 22, 21, 20, 19, 27, 26, 34, 42, 41, 49, 50, 58, 59, 51, 52, 60, 61, 62, 54, 46, 45, 44, 36, 28, 29, 37, 38, 39, 47, 55, 63]
[00:00:00:10:975] ! Bidirectional. expansions: 5,108, time: 10,490 [ms], path length: 52 [edges], g_F: 47, g_B: 5, generated: 0, MM: 42, MMPER: 78.24528301886792%
[00:00:00:10:975] 
---------- SM_Grids/8x8_grid_with_random_blocks_12per_2 ----------
[00:00:00:38:204] Path of length 50 found: [0, 8, 16, 24, 32, 33, 25, 17, 9, 1, 2, 10, 18, 19, 27, 28, 20, 12, 11, 3, 4, 5, 13, 21, 22, 14, 15, 23, 31, 30, 29, 37, 36, 44, 43, 42, 50, 49, 57, 58, 59, 51, 52, 60, 61, 62, 54, 46, 47, 55, 63]
[00:00:00:38:204] ! Unidirectional s-t. expansions: 19,801, time: 38,204 [ms], path length: 50 [edges], generated: 35,564
[00:00:00:11:724] Path of length 50 found: [63, 55, 47, 46, 54, 62, 61, 60, 52, 44, 43, 51, 59, 58, 57, 49, 50, 42, 34, 33, 32, 24, 25, 17, 16, 8, 9, 10, 18, 19, 27, 28, 36, 37, 38, 30, 29, 21, 22, 23, 15, 14, 13, 5, 4, 12, 11, 3, 2, 1, 0]
[00:00:00:11:724] ! Unidirectional t-s. expansions: 6,370, time: 11,724 [ms], path length: 50 [edges], generated: 11,920
[00:00:00:54:611] Path of length 50 found: [0, 8, 16, 24, 32, 33, 25, 17, 9, 1, 2, 10, 18, 19, 27, 28, 20, 12, 11, 3, 4, 5, 13, 21, 22, 14, 15, 23, 31, 30, 29, 37, 36, 44, 43, 42, 50, 49, 57, 58, 59, 51, 52, 60, 61, 62, 54, 46, 47, 55, 63]
[00:00:00:55:046] ! Bidirectional. expansions: 28,938, time: 54,611 [ms], path length: 50 [edges], g_F: 47, g_B: 3, generated: 0, MM: 44, MMPER: 85.27450980392157%
[00:00:00:55:046] 
---------- SM_Grids/8x8_grid_with_random_blocks_12per_3 ----------
[00:00:00:11:198] Path of length 54 found: [0, 8, 16, 24, 32, 33, 41, 49, 48, 56, 57, 58, 50, 51, 59, 60, 52, 44, 43, 35, 36, 37, 29, 30, 22, 14, 13, 12, 20, 19, 27, 26, 25, 17, 18, 10, 9, 1, 2, 3, 4, 5, 6, 7, 15, 23, 31, 39, 38, 46, 47, 55, 54, 62, 63]
[00:00:00:11:198] ! Unidirectional s-t. expansions: 6,537, time: 11,198 [ms], path length: 54 [edges], generated: 10,793
[00:00:00:10:184] Path of length 54 found: [63, 55, 47, 39, 31, 23, 15, 7, 6, 5, 4, 3, 2, 1, 9, 10, 18, 17, 25, 26, 27, 19, 20, 12, 13, 14, 22, 30, 29, 37, 38, 46, 54, 62, 61, 60, 52, 44, 36, 35, 43, 51, 59, 58, 57, 56, 48, 49, 41, 33, 32, 24, 16, 8, 0]
[00:00:00:10:185] ! Unidirectional t-s. expansions: 4,983, time: 10,184 [ms], path length: 54 [edges], generated: 8,334
[00:00:00:35:854] Path of length 54 found: [0, 8, 16, 24, 32, 33, 41, 49, 48, 56, 57, 58, 50, 51, 59, 60, 61, 62, 54, 46, 45, 44, 43, 35, 36, 37, 29, 30, 22, 14, 13, 12, 20, 19, 27, 26, 25, 17, 18, 10, 9, 1, 2, 3, 4, 5, 6, 7, 15, 23, 31, 39, 47, 55, 63]
[00:00:00:36:314] ! Bidirectional. expansions: 18,665, time: 35,854 [ms], path length: 54 [edges], g_F: 40, g_B: 14, generated: 0, MM: 26, MMPER: 46.27272727272727%
[00:00:00:36:314] 
---------- SM_Grids/8x8_grid_with_random_blocks_12per_4 ----------
[00:00:00:00:639] Path of length 54 found: [0, 8, 16, 24, 25, 17, 9, 10, 18, 26, 34, 33, 41, 49, 48, 56, 57, 58, 50, 42, 43, 51, 59, 60, 52, 44, 36, 35, 27, 19, 11, 12, 4, 5, 6, 14, 13, 21, 20, 28, 29, 37, 38, 30, 22, 23, 31, 39, 47, 55, 54, 53, 61, 62, 63]
[00:00:00:00:639] ! Unidirectional s-t. expansions: 383, time: 639 [ms], path length: 54 [edges], generated: 678
[00:00:00:00:114] Path of length 54 found: [63, 55, 47, 39, 31, 23, 22, 14, 6, 5, 4, 12, 13, 21, 20, 19, 11, 10, 9, 17, 18, 26, 34, 42, 50, 51, 43, 35, 27, 28, 29, 30, 38, 37, 36, 44, 52, 53, 54, 62, 61, 60, 59, 58, 57, 56, 48, 49, 41, 33, 25, 24, 16, 8, 0]
[00:00:00:00:115] ! Unidirectional t-s. expansions: 54, time: 114 [ms], path length: 54 [edges], generated: 91
[00:00:00:00:117] Path of length 54 found: [0, 8, 16, 24, 25, 17, 9, 10, 18, 26, 34, 33, 41, 49, 48, 56, 57, 58, 50, 42, 43, 51, 59, 60, 61, 62, 54, 53, 52, 44, 36, 35, 27, 19, 11, 12, 4, 5, 6, 14, 13, 21, 20, 28, 29, 37, 38, 30, 22, 23, 31, 39, 47, 55, 63]
[00:00:00:00:556] ! Bidirectional. expansions: 53, time: 117 [ms], path length: 54 [edges], g_F: 48, g_B: 6, generated: 0, MM: 42, MMPER: 75.36363636363636%
[00:00:00:00:556] 
---------- SM_Grids/8x8_grid_with_random_blocks_12per_5 ----------
[00:00:00:32:869] Path of length 52 found: [0, 8, 16, 24, 32, 40, 41, 33, 25, 17, 9, 1, 2, 3, 11, 19, 27, 35, 34, 42, 50, 58, 59, 51, 43, 44, 52, 60, 61, 53, 45, 37, 29, 28, 20, 21, 13, 12, 4, 5, 6, 14, 15, 23, 22, 30, 31, 39, 38, 46, 47, 55, 63]
[00:00:00:32:869] ! Unidirectional s-t. expansions: 17,136, time: 32,869 [ms], path length: 52 [edges], generated: 30,426
[00:00:00:15:919] Path of length 52 found: [63, 55, 47, 39, 31, 23, 15, 14, 6, 5, 4, 3, 2, 1, 9, 17, 18, 19, 27, 28, 20, 12, 13, 21, 22, 30, 29, 37, 38, 46, 45, 44, 52, 53, 61, 60, 59, 58, 50, 51, 43, 35, 34, 42, 41, 40, 32, 33, 25, 24, 16, 8, 0]
[00:00:00:15:920] ! Unidirectional t-s. expansions: 9,474, time: 15,919 [ms], path length: 52 [edges], generated: 15,886
[00:00:00:08:593] Path of length 52 found: [0, 8, 16, 24, 32, 40, 41, 33, 25, 17, 9, 1, 2, 3, 11, 19, 20, 28, 27, 35, 34, 42, 50, 58, 59, 51, 43, 44, 52, 60, 61, 53, 45, 46, 38, 37, 29, 30, 22, 21, 13, 12, 4, 5, 6, 14, 15, 23, 31, 39, 47, 55, 63]
[00:00:00:09:029] ! Bidirectional. expansions: 3,927, time: 8,593 [ms], path length: 52 [edges], g_F: 45, g_B: 7, generated: 0, MM: 38, MMPER: 70.69811320754717%
[00:00:00:09:029] 
---------- SM_Grids/8x8_grid_with_random_blocks_12per_6 ----------
[00:00:00:46:556] Path of length 52 found: [0, 8, 16, 24, 32, 40, 48, 49, 41, 42, 50, 51, 59, 60, 61, 53, 45, 44, 43, 35, 34, 26, 25, 17, 9, 1, 2, 10, 18, 19, 27, 28, 20, 12, 11, 3, 4, 5, 13, 14, 6, 7, 15, 23, 22, 21, 29, 37, 38, 46, 54, 62, 63]
[00:00:00:46:557] ! Unidirectional s-t. expansions: 31,302, time: 46,556 [ms], path length: 52 [edges], generated: 50,527
[00:00:00:36:283] Path of length 52 found: [63, 62, 54, 46, 38, 37, 29, 21, 13, 14, 22, 23, 15, 7, 6, 5, 4, 3, 2, 1, 9, 17, 25, 26, 18, 10, 11, 12, 20, 19, 27, 28, 36, 35, 34, 42, 43, 44, 45, 53, 61, 60, 59, 51, 50, 49, 41, 40, 32, 24, 16, 8, 0]
[00:00:00:36:283] ! Unidirectional t-s. expansions: 24,818, time: 36,283 [ms], path length: 52 [edges], generated: 41,609
[00:00:01:16:598] Expansions: 50,000. F states: 85,746, B states: 384. Checks: 86,131)
[00:00:01:23:330] Path of length 52 found: [0, 8, 16, 24, 32, 40, 48, 49, 41, 42, 50, 51, 59, 60, 61, 53, 45, 44, 43, 35, 34, 26, 25, 17, 9, 1, 2, 10, 18, 19, 27, 28, 20, 12, 11, 3, 4, 5, 13, 14, 6, 7, 15, 23, 22, 21, 29, 37, 38, 46, 54, 62, 63]
[00:00:01:23:760] ! Bidirectional. expansions: 54,688, time: 83,330 [ms], path length: 52 [edges], g_F: 49, g_B: 3, generated: 0, MM: 46, MMPER: 85.79245283018868%
[00:00:01:23:760] 
---------- SM_Grids/8x8_grid_with_random_blocks_12per_7 ----------
[00:00:02:46:533] Valid states checked so far: 200,000, Expansions: 115,519, Global best: 53
[00:00:05:35:008] Valid states checked so far: 400,000, Expansions: 232,064, Global best: 53
[00:00:06:36:225] Path of length 52 found: [0, 8, 16, 24, 32, 40, 48, 56, 57, 58, 59, 60, 52, 44, 36, 28, 27, 26, 34, 35, 43, 42, 41, 33, 25, 17, 9, 10, 18, 19, 20, 12, 13, 5, 6, 7, 15, 14, 22, 23, 31, 30, 38, 37, 45, 53, 61, 62, 54, 46, 47, 55, 63]
[00:00:06:36:225] ! Unidirectional s-t. expansions: 273,370, time: 396,225 [ms], path length: 52 [edges], generated: 469,500
[00:00:02:56:707] Valid states checked so far: 200,000, Expansions: 119,574, Global best: 53
[00:00:05:53:896] Valid states checked so far: 400,000, Expansions: 237,285, Global best: 53
[00:00:05:58:207] Path of length 52 found: [63, 55, 47, 39, 31, 23, 15, 7, 6, 5, 13, 12, 20, 21, 22, 30, 38, 37, 36, 28, 27, 19, 18, 10, 9, 17, 25, 26, 34, 35, 43, 44, 52, 53, 45, 46, 54, 62, 61, 60, 59, 58, 57, 56, 48, 49, 41, 33, 32, 24, 16, 8, 0]
[00:00:05:58:207] ! Unidirectional t-s. expansions: 239,510, time: 358,207 [ms], path length: 52 [edges], generated: 403,865
[00:00:01:15:429] Expansions: 50,000. F states: 89,546, B states: 886. Checks: 90,433)
[00:00:02:31:552] Expansions: 100,000. F states: 177,246, B states: 947. Checks: 178,194)
[00:00:03:46:833] Expansions: 150,000. F states: 266,549, B states: 1,055. Checks: 267,605)
[00:00:05:03:819] Expansions: 200,000. F states: 353,185, B states: 1,059. Checks: 354,245)
[00:00:06:16:156] Expansions: 250,000. F states: 442,376, B states: 1,152. Checks: 443,529)
[00:00:07:34:585] Expansions: 300,000. F states: 533,508, B states: 1,169. Checks: 534,678)
[00:00:08:54:686] Expansions: 350,000. F states: 619,058, B states: 1,171. Checks: 620,230)
[00:00:10:14:476] Expansions: 400,000. F states: 707,807, B states: 1,274. Checks: 709,082)
[00:00:10:30:798] Path of length 52 found: [0, 8, 16, 24, 32, 40, 48, 56, 57, 58, 59, 60, 52, 44, 43, 35, 27, 26, 34, 42, 41, 33, 25, 17, 9, 10, 18, 19, 20, 28, 36, 37, 45, 53, 61, 62, 54, 46, 38, 30, 22, 14, 13, 5, 6, 7, 15, 23, 31, 39, 47, 55, 63]
[00:00:10:31:214] ! Bidirectional. expansions: 408,514, time: 630,798 [ms], path length: 52 [edges], g_F: 42, g_B: 10, generated: 0, MM: 32, MMPER: 59.37735849056604%
[00:00:10:31:214] 
---------- SM_Grids/8x8_grid_with_random_blocks_12per_8 ----------
[00:00:00:12:580] Path of length 54 found: [0, 8, 16, 24, 32, 33, 41, 49, 48, 56, 57, 58, 59, 60, 52, 53, 45, 37, 29, 21, 13, 12, 20, 19, 27, 28, 36, 44, 43, 35, 34, 26, 25, 17, 18, 10, 9, 1, 2, 3, 4, 5, 6, 7, 15, 14, 22, 23, 31, 30, 38, 46, 47, 55, 63]
[00:00:00:12:580] ! Unidirectional s-t. expansions: 8,424, time: 12,580 [ms], path length: 54 [edges], generated: 13,871
[00:00:00:09:189] Path of length 54 found: [63, 55, 47, 39, 31, 23, 15, 7, 6, 5, 4, 3, 2, 1, 9, 10, 18, 17, 25, 26, 34, 35, 43, 44, 36, 28, 27, 19, 20, 12, 13, 14, 22, 21, 29, 30, 38, 37, 45, 53, 52, 60, 59, 58, 57, 56, 48, 49, 41, 33, 32, 24, 16, 8, 0]
[00:00:00:09:190] ! Unidirectional t-s. expansions: 5,429, time: 9,189 [ms], path length: 54 [edges], generated: 9,446
[00:00:00:16:951] Path of length 54 found: [0, 8, 16, 24, 32, 33, 41, 49, 48, 56, 57, 58, 59, 60, 52, 53, 45, 46, 38, 30, 22, 14, 13, 12, 20, 19, 27, 28, 29, 37, 36, 44, 43, 35, 34, 26, 25, 17, 18, 10, 9, 1, 2, 3, 4, 5, 6, 7, 15, 23, 31, 39, 47, 55, 63]
[00:00:00:17:368] ! Bidirectional. expansions: 10,881, time: 16,951 [ms], path length: 54 [edges], g_F: 40, g_B: 14, generated: 0, MM: 26, MMPER: 46.27272727272727%
[00:00:00:17:368] 
---------- SM_Grids/8x8_grid_with_random_blocks_12per_9 ----------
[00:00:02:43:056] Path of length 52 found: [0, 8, 9, 1, 2, 10, 18, 26, 25, 24, 32, 40, 48, 56, 57, 49, 41, 33, 34, 35, 43, 51, 50, 58, 59, 60, 52, 53, 45, 37, 36, 28, 27, 19, 11, 12, 20, 21, 13, 5, 6, 7, 15, 23, 31, 30, 38, 46, 47, 55, 54, 62, 63]
[00:00:02:43:056] ! Unidirectional s-t. expansions: 107,860, time: 163,056 [ms], path length: 52 [edges], generated: 181,731
[00:00:03:04:430] Valid states checked so far: 200,000, Expansions: 117,417, Global best: 53
[00:00:04:02:611] Path of length 52 found: [63, 55, 47, 46, 38, 30, 31, 23, 15, 7, 6, 5, 4, 12, 13, 21, 20, 19, 11, 10, 18, 26, 25, 33, 34, 35, 27, 28, 36, 37, 45, 53, 54, 62, 61, 60, 52, 51, 59, 58, 50, 49, 57, 56, 48, 40, 32, 24, 16, 8, 9, 1, 0]
[00:00:04:02:611] ! Unidirectional t-s. expansions: 154,934, time: 242,611 [ms], path length: 52 [edges], generated: 263,786
[00:00:01:17:885] Expansions: 50,000. F states: 84,174, B states: 635. Checks: 84,810)
[00:00:02:37:251] Expansions: 100,000. F states: 169,796, B states: 1,082. Checks: 170,879)
[00:00:03:52:564] Expansions: 150,000. F states: 254,471, B states: 1,903. Checks: 256,375)
[00:00:04:50:606] Path of length 52 found: [0, 8, 9, 1, 2, 10, 18, 26, 25, 24, 32, 40, 48, 56, 57, 49, 41, 33, 34, 35, 43, 51, 50, 58, 59, 60, 61, 62, 54, 53, 45, 37, 36, 28, 27, 19, 11, 12, 20, 21, 13, 5, 6, 7, 15, 23, 31, 30, 38, 46, 47, 55, 63]
[00:00:04:51:026] ! Bidirectional. expansions: 186,495, time: 290,606 [ms], path length: 52 [edges], g_F: 49, g_B: 3, generated: 0, MM: 46, MMPER: 85.79245283018868%

[00:00:04:51:026] average expansions: (48,109, 47,121, 73,509, 0)
[00:00:04:51:026] average time: (72,820, 71,851, 116,297, 0)
[00:00:04:51:027] XDFBnB: 47,121 , 71,851 (expansions , time[ms])
[00:00:04:51:027] BiXDFBnB: 73,509 , 116,297 (expansions , time[ms])

