------------------------------------
Thu 01 Oct 2026 12:15:42 IDT
SLURM_JOBID:		21944136
SLURM_JOB_NODELIST:	ise-cpu256-09
SLURM_SCRATCH_DIR:	/scratch/shubit/21944136
Allocated Resouces:	cpu - 2 / mem - 61440 MB / gpu - 
SLURM_GPU_INDEX:	
Running as shubit from shimony account with normal QOS
------------------------------------
Thu 01 Oct 2026 12:15:42 IDT

SLURM_JOBID:		 21944136
SLURM_JOB_NODELIST:	 ise-cpu256-09 

--------------------------
date: SM_Grids
number_of_graphs: 10
graph_type: grid
size_of_graphs: [8, 8]
heuristic: bcc_heuristic
snake: False
run_uni: True
run_bi: True
run_multi: False
solution_vertices: []
algorithms: ['IDA']
lookahead: -2
bsd: False
cube_first_dims: 4
cube_buffer_dim: None
backward_sym_generation: False
sym_coil: False
prefix_set: None

---------- SM_Grids/8x8_grid_with_random_blocks_12per_0 ----------
[00:00:00:24:245] Path of length 52 found: [0, 8, 16, 24, 25, 17, 9, 1, 2, 10, 18, 26, 34, 33, 41, 40, 48, 56, 57, 58, 50, 42, 43, 35, 27, 19, 11, 3, 4, 12, 20, 21, 13, 14, 22, 30, 31, 39, 47, 55, 54, 53, 45, 37, 36, 44, 52, 51, 59, 60, 61, 62, 63]
[00:00:00:24:245] ! Unidirectional s-t. expansions: 14,676, time: 24,245 [ms], path length: 52 [edges], generated: 24,058
[00:00:00:32:016] Path of length 52 found: [63, 55, 47, 39, 31, 30, 22, 14, 13, 21, 20, 12, 4, 3, 2, 10, 11, 19, 18, 26, 34, 42, 50, 51, 43, 35, 27, 28, 36, 37, 45, 44, 52, 53, 54, 62, 61, 60, 59, 58, 57, 56, 48, 40, 41, 33, 25, 24, 16, 17, 9, 1, 0]
[00:00:00:32:016] ! Unidirectional t-s. expansions: 24,333, time: 32,016 [ms], path length: 52 [edges], generated: 38,100
[00:00:00:31:924] Path of length 52 found: [0, 8, 16, 24, 25, 17, 9, 1, 2, 10, 18, 19, 11, 3, 4, 12, 20, 21, 13, 14, 22, 30, 31, 39, 47, 55, 54, 53, 52, 51, 50, 42, 43, 44, 45, 37, 36, 28, 27, 26, 34, 33, 41, 40, 48, 56, 57, 58, 59, 60, 61, 62, 63]
[00:00:00:32:378] ! Bidirectional. expansions: 17,816, time: 31,924 [ms], path length: 52 [edges], g_F: 40, g_B: 12, generated: 0, MM: 28, MMPER: 51.83018867924528%
[00:00:00:32:379] 
---------- SM_Grids/8x8_grid_with_random_blocks_12per_1 ----------
[00:00:00:02:725] Path of length 52 found: [0, 8, 16, 24, 32, 33, 25, 17, 9, 1, 2, 10, 11, 3, 4, 12, 13, 5, 6, 7, 15, 14, 22, 21, 20, 19, 27, 26, 34, 42, 41, 49, 50, 58, 59, 51, 52, 60, 61, 53, 45, 44, 36, 28, 29, 37, 38, 39, 47, 46, 54, 62, 63]
[00:00:00:02:726] ! Unidirectional s-t. expansions: 1,684, time: 2,725 [ms], path length: 52 [edges], generated: 2,789
[00:00:00:01:917] Path of length 52 found: [63, 55, 47, 39, 38, 37, 29, 21, 22, 14, 15, 7, 6, 5, 13, 12, 4, 3, 11, 10, 2, 1, 9, 17, 25, 26, 27, 19, 20, 28, 36, 44, 52, 53, 45, 46, 54, 62, 61, 60, 59, 51, 50, 49, 41, 42, 34, 33, 32, 24, 16, 8, 0]
[00:00:00:01:917] ! Unidirectional t-s. expansions: 865, time: 1,917 [ms], path length: 52 [edges], generated: 1,493
[00:00:00:10:271] Path of length 52 found: [0, 8, 16, 24, 32, 33, 25, 17, 9, 1, 2, 10, 11, 3, 4, 12, 13, 5, 6, 7, 15, 14, 22, 21, 29, 37, 45, 44, 36, 28, 20, 19, 27, 26, 34, 42, 41, 49, 50, 58, 59, 51, 52, 53, 61, 62, 54, 46, 38, 39, 47, 55, 63]
[00:00:00:10:688] ! Bidirectional. expansions: 5,104, time: 10,271 [ms], path length: 52 [edges], g_F: 42, g_B: 10, generated: 0, MM: 32, MMPER: 59.37735849056604%
[00:00:00:10:688] 
---------- SM_Grids/8x8_grid_with_random_blocks_12per_2 ----------
[00:00:00:48:833] Path of length 50 found: [0, 8, 16, 24, 32, 33, 25, 17, 9, 1, 2, 10, 18, 19, 27, 28, 20, 12, 11, 3, 4, 5, 13, 21, 22, 14, 15, 23, 31, 30, 29, 37, 36, 44, 43, 42, 50, 49, 57, 58, 59, 51, 52, 60, 61, 62, 54, 46, 47, 55, 63]
[00:00:00:48:833] ! Unidirectional s-t. expansions: 24,872, time: 48,833 [ms], path length: 50 [edges], generated: 44,842
[00:00:00:13:125] Path of length 50 found: [63, 55, 47, 46, 54, 62, 61, 60, 52, 44, 43, 51, 59, 58, 57, 49, 50, 42, 34, 33, 32, 24, 25, 17, 16, 8, 9, 10, 18, 19, 27, 28, 36, 37, 38, 30, 29, 21, 22, 23, 15, 14, 13, 5, 4, 12, 11, 3, 2, 1, 0]
[00:00:00:13:125] ! Unidirectional t-s. expansions: 6,831, time: 13,125 [ms], path length: 50 [edges], generated: 12,775
[00:00:01:14:638] Path of length 50 found: [0, 8, 16, 24, 32, 33, 25, 17, 9, 1, 2, 10, 18, 19, 27, 28, 36, 37, 29, 21, 20, 12, 11, 3, 4, 5, 13, 14, 15, 23, 22, 30, 38, 46, 45, 44, 52, 51, 43, 42, 50, 49, 57, 58, 59, 60, 61, 62, 54, 55, 63]
[00:00:01:15:113] ! Bidirectional. expansions: 35,617, time: 74,638 [ms], path length: 50 [edges], g_F: 31, g_B: 19, generated: 0, MM: 12, MMPER: 22.529411764705884%
[00:00:01:15:113] 
---------- SM_Grids/8x8_grid_with_random_blocks_12per_3 ----------
[00:00:00:13:460] Path of length 54 found: [0, 8, 16, 24, 32, 33, 41, 49, 48, 56, 57, 58, 50, 51, 59, 60, 52, 44, 43, 35, 36, 37, 29, 30, 22, 14, 13, 12, 20, 19, 27, 26, 25, 17, 18, 10, 9, 1, 2, 3, 4, 5, 6, 7, 15, 23, 31, 39, 38, 46, 47, 55, 54, 62, 63]
[00:00:00:13:460] ! Unidirectional s-t. expansions: 7,276, time: 13,460 [ms], path length: 54 [edges], generated: 12,013
[00:00:00:11:987] Path of length 54 found: [63, 55, 47, 39, 31, 23, 15, 7, 6, 5, 4, 3, 2, 1, 9, 10, 18, 17, 25, 26, 27, 19, 20, 12, 13, 14, 22, 30, 29, 37, 38, 46, 54, 62, 61, 60, 52, 44, 36, 35, 43, 51, 59, 58, 57, 56, 48, 49, 41, 33, 32, 24, 16, 8, 0]
[00:00:00:11:987] ! Unidirectional t-s. expansions: 5,441, time: 11,987 [ms], path length: 54 [edges], generated: 9,107
[00:00:00:44:915] Path of length 54 found: [0, 8, 16, 17, 18, 10, 9, 1, 2, 3, 4, 12, 20, 19, 27, 26, 25, 24, 32, 33, 41, 49, 48, 56, 57, 58, 50, 51, 43, 35, 36, 44, 52, 60, 61, 62, 54, 46, 38, 37, 29, 30, 22, 14, 13, 5, 6, 7, 15, 23, 31, 39, 47, 55, 63]
[00:00:00:45:381] ! Bidirectional. expansions: 21,709, time: 44,915 [ms], path length: 54 [edges], g_F: 39, g_B: 15, generated: 0, MM: 24, MMPER: 42.63636363636363%
[00:00:00:45:381] 
---------- SM_Grids/8x8_grid_with_random_blocks_12per_4 ----------
[00:00:00:00:216] Path of length 54 found: [0, 8, 16, 24, 25, 17, 9, 10, 18, 26, 34, 33, 41, 49, 48, 56, 57, 58, 50, 42, 43, 51, 59, 60, 52, 44, 36, 35, 27, 19, 11, 12, 4, 5, 6, 14, 13, 21, 20, 28, 29, 37, 38, 30, 22, 23, 31, 39, 47, 55, 54, 53, 61, 62, 63]
[00:00:00:00:216] ! Unidirectional s-t. expansions: 109, time: 216 [ms], path length: 54 [edges], generated: 192
[00:00:00:00:111] Path of length 54 found: [63, 55, 47, 39, 31, 23, 22, 14, 6, 5, 4, 12, 13, 21, 20, 19, 11, 10, 9, 17, 18, 26, 34, 42, 50, 51, 43, 35, 27, 28, 29, 30, 38, 37, 36, 44, 52, 53, 54, 62, 61, 60, 59, 58, 57, 56, 48, 49, 41, 33, 25, 24, 16, 8, 0]
[00:00:00:00:111] ! Unidirectional t-s. expansions: 53, time: 111 [ms], path length: 54 [edges], generated: 90
[00:00:00:00:117] Path of length 54 found: [0, 8, 16, 24, 25, 17, 9, 10, 18, 26, 34, 33, 41, 49, 48, 56, 57, 58, 50, 42, 43, 51, 59, 60, 61, 62, 54, 53, 52, 44, 36, 35, 27, 19, 11, 12, 4, 5, 6, 14, 13, 21, 20, 28, 29, 37, 38, 30, 22, 23, 31, 39, 47, 55, 63]
[00:00:00:00:571] ! Bidirectional. expansions: 53, time: 117 [ms], path length: 54 [edges], g_F: 48, g_B: 6, generated: 0, MM: 42, MMPER: 75.36363636363636%
[00:00:00:00:571] 
---------- SM_Grids/8x8_grid_with_random_blocks_12per_5 ----------
[00:00:00:36:727] Path of length 52 found: [0, 8, 16, 24, 32, 40, 41, 33, 25, 17, 9, 1, 2, 3, 11, 19, 27, 35, 34, 42, 50, 58, 59, 51, 43, 44, 52, 60, 61, 53, 45, 37, 29, 28, 20, 21, 13, 12, 4, 5, 6, 14, 15, 23, 22, 30, 31, 39, 38, 46, 47, 55, 63]
[00:00:00:36:727] ! Unidirectional s-t. expansions: 17,701, time: 36,727 [ms], path length: 52 [edges], generated: 31,438
[00:00:00:16:405] Path of length 52 found: [63, 55, 47, 39, 31, 23, 15, 14, 6, 5, 4, 3, 2, 1, 9, 17, 18, 19, 27, 28, 20, 12, 13, 21, 22, 30, 29, 37, 38, 46, 45, 44, 52, 53, 61, 60, 59, 58, 50, 51, 43, 35, 34, 42, 41, 40, 32, 33, 25, 24, 16, 8, 0]
[00:00:00:16:405] ! Unidirectional t-s. expansions: 9,328, time: 16,405 [ms], path length: 52 [edges], generated: 15,629
[00:00:00:08:633] Path of length 52 found: [0, 8, 16, 24, 25, 33, 32, 40, 41, 42, 34, 35, 43, 51, 50, 58, 59, 60, 61, 53, 52, 44, 45, 46, 38, 37, 29, 30, 22, 21, 20, 28, 27, 19, 18, 17, 9, 1, 2, 3, 11, 12, 4, 5, 13, 14, 15, 23, 31, 39, 47, 55, 63]
[00:00:00:09:127] ! Bidirectional. expansions: 3,618, time: 8,633 [ms], path length: 52 [edges], g_F: 45, g_B: 7, generated: 0, MM: 38, MMPER: 70.69811320754717%
[00:00:00:09:127] 
---------- SM_Grids/8x8_grid_with_random_blocks_12per_6 ----------
[00:00:00:49:432] Path of length 52 found: [0, 8, 16, 24, 32, 40, 48, 49, 41, 42, 50, 51, 59, 60, 61, 53, 45, 44, 43, 35, 34, 26, 25, 17, 9, 1, 2, 10, 18, 19, 27, 28, 20, 12, 11, 3, 4, 5, 13, 14, 6, 7, 15, 23, 22, 21, 29, 37, 38, 46, 54, 62, 63]
[00:00:00:49:433] ! Unidirectional s-t. expansions: 31,333, time: 49,432 [ms], path length: 52 [edges], generated: 50,585
[00:00:00:38:915] Path of length 52 found: [63, 62, 54, 46, 38, 37, 29, 21, 13, 14, 22, 23, 15, 7, 6, 5, 4, 3, 2, 1, 9, 17, 25, 26, 18, 10, 11, 12, 20, 19, 27, 28, 36, 35, 34, 42, 43, 44, 45, 53, 61, 60, 59, 51, 50, 49, 41, 40, 32, 24, 16, 8, 0]
[00:00:00:38:915] ! Unidirectional t-s. expansions: 24,863, time: 38,915 [ms], path length: 52 [edges], generated: 41,690
[00:00:01:31:209] Path of length 52 found: [0, 8, 16, 17, 9, 1, 2, 10, 18, 19, 11, 3, 4, 5, 6, 7, 15, 23, 22, 14, 13, 12, 20, 21, 29, 28, 27, 35, 36, 37, 38, 46, 45, 44, 43, 42, 34, 26, 25, 24, 32, 40, 48, 49, 50, 51, 59, 60, 61, 53, 54, 62, 63]
[00:00:01:31:704] ! Bidirectional. expansions: 54,673, time: 91,209 [ms], path length: 52 [edges], g_F: 43, g_B: 9, generated: 0, MM: 34, MMPER: 63.15094339622641%
[00:00:01:31:704] 
---------- SM_Grids/8x8_grid_with_random_blocks_12per_7 ----------
[00:00:03:13:808] Valid states checked so far: 200,000, Expansions: 114,569, Global best: 53
[00:00:06:12:256] Valid states checked so far: 400,000, Expansions: 230,371, Global best: 53
[00:00:08:12:990] Path of length 52 found: [0, 8, 16, 24, 32, 40, 48, 56, 57, 58, 59, 60, 61, 53, 52, 44, 45, 37, 36, 28, 27, 26, 34, 35, 43, 42, 41, 33, 25, 17, 9, 10, 18, 19, 20, 12, 13, 5, 6, 7, 15, 14, 22, 23, 31, 30, 38, 39, 47, 46, 54, 62, 63]
[00:00:08:12:990] ! Unidirectional s-t. expansions: 309,131, time: 492,990 [ms], path length: 52 [edges], generated: 533,155
[00:00:03:18:561] Valid states checked so far: 200,000, Expansions: 119,046, Global best: 41
[00:00:06:26:808] Valid states checked so far: 400,000, Expansions: 237,373, Global best: 41
[00:00:07:34:832] Path of length 52 found: [63, 55, 47, 39, 31, 23, 15, 7, 6, 5, 13, 12, 20, 21, 22, 30, 38, 37, 36, 28, 27, 19, 18, 10, 9, 17, 25, 26, 34, 35, 43, 44, 52, 53, 45, 46, 54, 62, 61, 60, 59, 58, 57, 56, 48, 49, 41, 33, 32, 24, 16, 8, 0]
[00:00:07:34:832] ! Unidirectional t-s. expansions: 278,223, time: 454,832 [ms], path length: 52 [edges], generated: 471,138
[00:00:14:57:972] Path of length 52 found: [0, 8, 16, 24, 32, 40, 48, 56, 57, 58, 59, 60, 52, 44, 43, 35, 27, 26, 34, 42, 41, 33, 25, 17, 9, 10, 18, 19, 20, 28, 36, 37, 45, 53, 61, 62, 54, 46, 38, 30, 22, 14, 13, 5, 6, 7, 15, 23, 31, 39, 47, 55, 63]
[00:00:14:58:431] ! Bidirectional. expansions: 500,802, time: 897,972 [ms], path length: 52 [edges], g_F: 42, g_B: 10, generated: 0, MM: 32, MMPER: 59.37735849056604%
[00:00:14:58:432] 
---------- SM_Grids/8x8_grid_with_random_blocks_12per_8 ----------
[00:00:00:14:112] Path of length 54 found: [0, 8, 16, 24, 32, 33, 41, 49, 48, 56, 57, 58, 59, 60, 52, 53, 45, 37, 29, 21, 13, 12, 20, 19, 27, 28, 36, 44, 43, 35, 34, 26, 25, 17, 18, 10, 9, 1, 2, 3, 4, 5, 6, 7, 15, 14, 22, 23, 31, 30, 38, 46, 47, 55, 63]
[00:00:00:14:112] ! Unidirectional s-t. expansions: 8,474, time: 14,112 [ms], path length: 54 [edges], generated: 13,953
[00:00:00:10:461] Path of length 54 found: [63, 55, 47, 39, 31, 23, 15, 7, 6, 5, 4, 3, 2, 1, 9, 10, 18, 17, 25, 26, 34, 35, 43, 44, 36, 28, 27, 19, 20, 12, 13, 14, 22, 21, 29, 30, 38, 37, 45, 53, 52, 60, 59, 58, 57, 56, 48, 49, 41, 33, 32, 24, 16, 8, 0]
[00:00:00:10:461] ! Unidirectional t-s. expansions: 5,465, time: 10,461 [ms], path length: 54 [edges], generated: 9,514
[00:00:00:19:138] Path of length 54 found: [0, 8, 16, 24, 32, 33, 41, 49, 48, 56, 57, 58, 59, 60, 52, 53, 45, 46, 38, 37, 36, 44, 43, 35, 34, 26, 25, 17, 18, 10, 9, 1, 2, 3, 4, 12, 20, 19, 27, 28, 29, 30, 22, 14, 13, 5, 6, 7, 15, 23, 31, 39, 47, 55, 63]
[00:00:00:19:599] ! Bidirectional. expansions: 10,842, time: 19,138 [ms], path length: 54 [edges], g_F: 44, g_B: 10, generated: 0, MM: 34, MMPER: 60.81818181818182%
[00:00:00:19:599] 
---------- SM_Grids/8x8_grid_with_random_blocks_12per_9 ----------
[00:00:03:24:737] Valid states checked so far: 200,000, Expansions: 117,370, Global best: 43
[00:00:03:37:721] Path of length 52 found: [0, 8, 9, 1, 2, 10, 18, 26, 25, 24, 32, 40, 48, 56, 57, 49, 41, 33, 34, 35, 43, 51, 50, 58, 59, 60, 52, 53, 45, 37, 36, 28, 27, 19, 11, 12, 20, 21, 13, 5, 6, 7, 15, 23, 31, 30, 38, 46, 47, 55, 54, 62, 63]
[00:00:03:37:721] ! Unidirectional s-t. expansions: 124,817, time: 217,721 [ms], path length: 52 [edges], generated: 212,749
[00:00:03:35:827] Valid states checked so far: 200,000, Expansions: 115,954, Global best: 0
[00:00:06:04:492] Path of length 52 found: [63, 55, 47, 46, 38, 30, 31, 23, 15, 7, 6, 5, 4, 12, 13, 21, 20, 19, 11, 10, 18, 26, 25, 33, 34, 35, 27, 28, 36, 37, 45, 53, 54, 62, 61, 60, 52, 51, 59, 58, 50, 49, 57, 56, 48, 40, 32, 24, 16, 8, 9, 1, 0]
[00:00:06:04:492] ! Unidirectional t-s. expansions: 202,704, time: 364,492 [ms], path length: 52 [edges], generated: 347,584
[00:00:07:06:165] Path of length 52 found: [0, 8, 9, 1, 2, 10, 18, 26, 25, 24, 32, 40, 48, 56, 57, 58, 59, 60, 61, 62, 54, 53, 52, 51, 50, 49, 41, 33, 34, 35, 27, 19, 11, 12, 4, 5, 6, 7, 15, 23, 31, 30, 29, 21, 20, 28, 36, 37, 45, 46, 47, 55, 63]
[00:00:07:06:621] ! Bidirectional. expansions: 228,312, time: 426,165 [ms], path length: 52 [edges], g_F: 49, g_B: 3, generated: 0, MM: 46, MMPER: 85.79245283018868%

[00:00:07:06:622] average expansions: (54,007, 55,811, 87,855, 0)
[00:00:07:06:622] average time: (90,046, 94,426, 160,498, 0)
[00:00:07:06:622] XIDA: 54,007 , 90,046 (expansions , time[ms])
[00:00:07:06:622] BiXIDA: 87,855 , 160,498 (expansions , time[ms])

