------------------------------------
Thu 01 Oct 2026 11:13:28 IDT
SLURM_JOBID:		21943002
SLURM_JOB_NODELIST:	ise-cpu256-26
SLURM_SCRATCH_DIR:	/scratch/shubit/21943002
Allocated Resouces:	cpu - 2 / mem - 61440 MB / gpu - 
SLURM_GPU_INDEX:	
Running as shubit from shimony account with normal QOS
------------------------------------
Thu 01 Oct 2026 11:13:28 IDT

SLURM_JOBID:		 21943002
SLURM_JOB_NODELIST:	 ise-cpu256-26 

--------------------------
date: SM_Grids
number_of_graphs: 10
graph_type: grid
size_of_graphs: [7, 9]
heuristic: bcc_heuristic
snake: True
run_uni: True
run_bi: True
run_multi: False
solution_vertices: []
algorithms: ['A']
lookahead: 2
bsd: False
cube_first_dims: 4
cube_buffer_dim: None
backward_sym_generation: False
sym_coil: False
prefix_set: None

---------- SM_Grids/7x9_grid_with_random_blocks_12per_0 ----------
[00:00:00:11:389] Path of length 32 found: [0, 9, 18, 19, 20, 11, 2, 3, 4, 5, 6, 15, 16, 25, 26, 35, 44, 43, 42, 33, 32, 31, 30, 39, 38, 47, 56, 57, 58, 59, 60, 61, 62]
[00:00:00:11:390] ! Unidirectional s-t. expansions: 1,071, time: 11,390 [ms], path length: 32 [edges], generated: 5,444
[00:00:00:13:798] Path of length 32 found: [62, 61, 60, 59, 58, 57, 56, 47, 38, 39, 30, 31, 32, 41, 42, 43, 44, 35, 26, 25, 16, 7, 6, 5, 14, 13, 12, 11, 20, 19, 18, 9, 0]
[00:00:00:13:799] ! Unidirectional t-s. expansions: 1,647, time: 13,798 [ms], path length: 32 [edges], generated: 7,146
[00:00:00:11:102] Path of length 32 found: [0, 9, 18, 19, 20, 11, 2, 3, 4, 5, 6, 7, 16, 25, 26, 35, 44, 43, 42, 41, 32, 31, 30, 39, 38, 47, 56, 57, 58, 59, 60, 61, 62]
[00:00:00:11:656] ! Bidirectional. expansions: 1,302, time: 11,102 [ms], path length: 32 [edges], g_F: 16, g_B: 16, generated: 0, MM: 0, MMPER: -1.0%
[00:00:00:11:656] 
---------- SM_Grids/7x9_grid_with_random_blocks_12per_1 ----------
[00:00:00:07:955] Path of length 32 found: [0, 9, 18, 19, 20, 11, 12, 13, 14, 5, 6, 7, 16, 17, 26, 35, 34, 43, 42, 41, 32, 31, 30, 39, 38, 47, 56, 57, 58, 59, 60, 61, 62]
[00:00:00:07:955] ! Unidirectional s-t. expansions: 645, time: 7,955 [ms], path length: 32 [edges], generated: 3,120
[00:00:00:10:495] Path of length 32 found: [62, 61, 60, 59, 58, 57, 56, 47, 38, 39, 30, 31, 32, 41, 42, 43, 44, 35, 26, 17, 16, 7, 6, 5, 14, 13, 12, 11, 20, 19, 18, 9, 0]
[00:00:00:10:496] ! Unidirectional t-s. expansions: 1,072, time: 10,495 [ms], path length: 32 [edges], generated: 5,162
[00:00:00:07:534] Path of length 32 found: [0, 9, 18, 19, 20, 11, 12, 13, 14, 5, 6, 7, 16, 25, 26, 35, 44, 43, 42, 41, 32, 31, 30, 39, 38, 47, 56, 57, 58, 59, 60, 61, 62]
[00:00:00:08:163] ! Bidirectional. expansions: 687, time: 7,534 [ms], path length: 32 [edges], g_F: 16, g_B: 16, generated: 0, MM: 0, MMPER: -1.0%
[00:00:00:08:164] 
---------- SM_Grids/7x9_grid_with_random_blocks_12per_2 ----------
[00:00:00:13:387] Path of length 32 found: [0, 9, 18, 27, 36, 45, 54, 55, 56, 47, 48, 49, 50, 41, 32, 31, 30, 29, 20, 11, 2, 3, 4, 13, 14, 15, 24, 25, 34, 43, 52, 61, 62]
[00:00:00:13:388] ! Unidirectional s-t. expansions: 1,132, time: 13,387 [ms], path length: 32 [edges], generated: 6,052
[00:00:00:26:105] Path of length 32 found: [62, 53, 44, 43, 34, 25, 16, 7, 6, 5, 14, 23, 32, 41, 50, 49, 48, 47, 56, 55, 54, 45, 36, 37, 28, 29, 20, 21, 12, 3, 2, 1, 0]
[00:00:00:26:105] ! Unidirectional t-s. expansions: 2,695, time: 26,105 [ms], path length: 32 [edges], generated: 13,758
[00:00:00:21:352] Path of length 32 found: [0, 1, 2, 3, 12, 21, 20, 19, 18, 27, 36, 45, 54, 55, 56, 47, 48, 49, 50, 41, 32, 23, 14, 5, 6, 7, 16, 25, 34, 43, 44, 53, 62]
[00:00:00:21:967] ! Bidirectional. expansions: 3,798, time: 21,352 [ms], path length: 32 [edges], g_F: 16, g_B: 16, generated: 0, MM: 0, MMPER: -1.0%
[00:00:00:21:968] 
---------- SM_Grids/7x9_grid_with_random_blocks_12per_3 ----------
[00:00:00:08:102] Path of length 36 found: [0, 9, 10, 11, 2, 3, 4, 5, 6, 7, 8, 17, 26, 35, 44, 43, 42, 33, 24, 23, 22, 21, 30, 29, 28, 27, 36, 45, 46, 47, 48, 49, 58, 59, 60, 61, 62]
[00:00:00:08:103] ! Unidirectional s-t. expansions: 711, time: 8,102 [ms], path length: 36 [edges], generated: 3,390
[00:00:00:05:332] Path of length 36 found: [62, 61, 60, 59, 50, 49, 40, 39, 38, 47, 46, 45, 36, 27, 28, 19, 20, 21, 22, 23, 32, 33, 42, 43, 44, 35, 26, 17, 8, 7, 6, 5, 4, 3, 2, 1, 0]
[00:00:00:05:333] ! Unidirectional t-s. expansions: 517, time: 5,332 [ms], path length: 36 [edges], generated: 2,397
[00:00:00:04:591] Path of length 36 found: [0, 9, 10, 11, 2, 3, 4, 5, 6, 7, 8, 17, 26, 35, 44, 43, 42, 33, 24, 23, 22, 21, 30, 29, 28, 27, 36, 45, 46, 47, 48, 49, 58, 59, 60, 61, 62]
[00:00:00:05:227] ! Bidirectional. expansions: 519, time: 4,591 [ms], path length: 36 [edges], g_F: 18, g_B: 18, generated: 0, MM: 0, MMPER: -1.0%
[00:00:00:05:227] 
---------- SM_Grids/7x9_grid_with_random_blocks_12per_4 ----------
[00:00:00:05:246] Path of length 36 found: [0, 1, 10, 11, 12, 13, 4, 5, 6, 7, 8, 17, 26, 25, 24, 23, 32, 41, 40, 39, 30, 29, 28, 27, 36, 45, 46, 47, 56, 57, 58, 59, 60, 51, 52, 53, 62]
[00:00:00:05:247] ! Unidirectional s-t. expansions: 489, time: 5,246 [ms], path length: 36 [edges], generated: 2,210
[00:00:00:05:102] Path of length 36 found: [62, 53, 52, 51, 60, 59, 58, 57, 56, 47, 46, 45, 36, 27, 28, 29, 30, 39, 40, 41, 32, 33, 34, 25, 26, 17, 8, 7, 6, 5, 4, 13, 12, 11, 2, 1, 0]
[00:00:00:05:104] ! Unidirectional t-s. expansions: 411, time: 5,102 [ms], path length: 36 [edges], generated: 1,977
[00:00:00:03:376] Path of length 36 found: [0, 1, 10, 11, 12, 13, 4, 5, 6, 7, 8, 17, 26, 25, 24, 23, 32, 41, 40, 39, 30, 29, 28, 27, 36, 45, 46, 47, 56, 57, 58, 59, 60, 51, 52, 53, 62]
[00:00:00:04:334] ! Bidirectional. expansions: 341, time: 3,377 [ms], path length: 36 [edges], g_F: 18, g_B: 18, generated: 0, MM: 0, MMPER: -1.0%
[00:00:00:04:335] 
---------- SM_Grids/7x9_grid_with_random_blocks_12per_5 ----------
[00:00:00:03:668] Path of length 30 found: [0, 1, 10, 19, 28, 29, 38, 39, 48, 49, 50, 41, 32, 31, 22, 21, 12, 3, 4, 5, 14, 15, 24, 25, 26, 35, 44, 43, 52, 61, 62]
[00:00:00:03:668] ! Unidirectional s-t. expansions: 214, time: 3,668 [ms], path length: 30 [edges], generated: 1,225
[00:00:00:11:515] Path of length 30 found: [62, 53, 52, 43, 34, 35, 26, 17, 16, 15, 6, 5, 4, 3, 12, 21, 22, 31, 32, 41, 50, 49, 48, 39, 38, 29, 28, 19, 10, 1, 0]
[00:00:00:11:516] ! Unidirectional t-s. expansions: 1,115, time: 11,515 [ms], path length: 30 [edges], generated: 5,289
[00:00:00:04:140] Path of length 30 found: [0, 1, 10, 19, 28, 29, 38, 39, 48, 49, 50, 41, 32, 23, 22, 21, 12, 3, 4, 5, 6, 15, 16, 17, 26, 35, 44, 43, 52, 61, 62]
[00:00:00:04:752] ! Bidirectional. expansions: 348, time: 4,140 [ms], path length: 30 [edges], g_F: 15, g_B: 15, generated: 0, MM: 0, MMPER: -1.0%
[00:00:00:04:752] 
---------- SM_Grids/7x9_grid_with_random_blocks_12per_6 ----------
[00:00:00:07:157] Path of length 36 found: [0, 9, 18, 19, 20, 11, 2, 3, 4, 13, 22, 31, 40, 39, 38, 37, 36, 45, 54, 55, 56, 57, 58, 59, 50, 51, 42, 33, 24, 15, 16, 17, 26, 35, 44, 53, 62]
[00:00:00:07:157] ! Unidirectional s-t. expansions: 624, time: 7,157 [ms], path length: 36 [edges], generated: 2,992
[00:00:00:06:192] Path of length 36 found: [62, 53, 44, 43, 42, 51, 60, 59, 58, 57, 56, 55, 54, 45, 36, 37, 38, 39, 40, 31, 22, 23, 24, 25, 16, 7, 6, 5, 4, 3, 2, 11, 20, 19, 18, 9, 0]
[00:00:00:06:194] ! Unidirectional t-s. expansions: 590, time: 6,192 [ms], path length: 36 [edges], generated: 2,678
[00:00:00:06:069] Path of length 36 found: [0, 9, 18, 19, 20, 11, 2, 3, 4, 5, 6, 7, 16, 25, 24, 23, 22, 31, 40, 39, 38, 37, 36, 45, 54, 55, 56, 57, 58, 59, 50, 51, 42, 43, 44, 53, 62]
[00:00:00:06:594] ! Bidirectional. expansions: 932, time: 6,069 [ms], path length: 36 [edges], g_F: 18, g_B: 18, generated: 0, MM: 0, MMPER: -1.0%
[00:00:00:06:594] 
---------- SM_Grids/7x9_grid_with_random_blocks_12per_7 ----------
[00:00:00:10:878] Path of length 34 found: [0, 1, 10, 19, 18, 27, 36, 45, 54, 55, 56, 57, 58, 59, 60, 51, 42, 41, 32, 31, 22, 21, 12, 3, 4, 5, 14, 15, 24, 25, 34, 35, 44, 53, 62]
[00:00:00:10:882] ! Unidirectional s-t. expansions: 1,016, time: 10,878 [ms], path length: 34 [edges], generated: 5,213
[00:00:00:06:806] Path of length 34 found: [62, 53, 44, 35, 34, 25, 24, 15, 14, 5, 4, 3, 12, 21, 22, 31, 32, 41, 42, 51, 60, 59, 58, 49, 48, 39, 38, 37, 36, 27, 18, 19, 10, 1, 0]
[00:00:00:06:807] ! Unidirectional t-s. expansions: 642, time: 6,807 [ms], path length: 34 [edges], generated: 2,740
[00:00:00:08:595] Path of length 34 found: [0, 1, 10, 19, 18, 27, 36, 45, 54, 55, 56, 57, 58, 59, 60, 51, 42, 41, 40, 39, 30, 21, 12, 3, 4, 5, 14, 15, 24, 25, 34, 35, 44, 53, 62]
[00:00:00:09:209] ! Bidirectional. expansions: 994, time: 8,595 [ms], path length: 34 [edges], g_F: 17, g_B: 17, generated: 0, MM: 0, MMPER: -1.0%
[00:00:00:09:209] 
---------- SM_Grids/7x9_grid_with_random_blocks_12per_8 ----------
[00:00:00:12:054] Path of length 32 found: [0, 1, 2, 3, 4, 13, 22, 21, 20, 19, 18, 27, 36, 37, 38, 39, 40, 41, 32, 33, 24, 15, 6, 7, 8, 17, 26, 35, 44, 43, 52, 61, 62]
[00:00:00:12:057] ! Unidirectional s-t. expansions: 1,008, time: 12,055 [ms], path length: 32 [edges], generated: 5,708
[00:00:00:12:313] Path of length 32 found: [62, 61, 60, 51, 42, 43, 44, 35, 26, 17, 8, 7, 6, 15, 24, 23, 32, 31, 40, 39, 38, 37, 36, 27, 18, 19, 20, 21, 12, 3, 2, 1, 0]
[00:00:00:12:315] ! Unidirectional t-s. expansions: 1,080, time: 12,313 [ms], path length: 32 [edges], generated: 5,230
[00:00:00:11:738] Path of length 32 found: [0, 9, 18, 27, 36, 37, 38, 29, 20, 11, 2, 3, 4, 5, 6, 7, 16, 17, 26, 35, 34, 33, 24, 23, 22, 31, 40, 41, 50, 51, 60, 61, 62]
[00:00:00:12:393] ! Bidirectional. expansions: 1,401, time: 11,739 [ms], path length: 32 [edges], g_F: 16, g_B: 16, generated: 0, MM: 0, MMPER: -1.0%
[00:00:00:12:393] 
---------- SM_Grids/7x9_grid_with_random_blocks_12per_9 ----------
[00:00:00:09:123] Path of length 36 found: [0, 9, 18, 19, 28, 37, 36, 45, 54, 55, 56, 47, 48, 49, 58, 59, 60, 51, 42, 41, 32, 31, 30, 21, 12, 3, 4, 5, 6, 15, 16, 25, 34, 35, 44, 53, 62]
[00:00:00:09:125] ! Unidirectional s-t. expansions: 849, time: 9,124 [ms], path length: 36 [edges], generated: 4,357
[00:00:00:08:812] Path of length 36 found: [62, 53, 44, 35, 26, 17, 16, 7, 6, 5, 4, 3, 12, 21, 22, 23, 32, 33, 42, 51, 60, 59, 58, 49, 48, 47, 56, 55, 54, 45, 36, 27, 18, 19, 10, 1, 0]
[00:00:00:08:812] ! Unidirectional t-s. expansions: 785, time: 8,812 [ms], path length: 36 [edges], generated: 3,661
[00:00:00:08:649] Path of length 36 found: [0, 9, 18, 19, 28, 37, 36, 45, 54, 55, 56, 47, 48, 49, 58, 59, 60, 51, 42, 41, 32, 31, 30, 21, 12, 3, 4, 5, 6, 7, 16, 17, 26, 35, 44, 53, 62]
[00:00:00:09:258] ! Bidirectional. expansions: 1,503, time: 8,649 [ms], path length: 36 [edges], g_F: 18, g_B: 18, generated: 0, MM: 0, MMPER: -1.0%

[00:00:00:09:259] average expansions: (776, 1,055, 1,182, 0)
[00:00:00:09:259] average time: (8,896, 10,647, 8,715, 0)
[00:00:00:09:259] XA*: 776 , 8,896 (expansions , time[ms])
[00:00:00:09:259] BiXA*: 1,182 , 8,715 (expansions , time[ms])

