------------------------------------
Thu 01 Oct 2026 12:43:45 IDT
SLURM_JOBID:		21944681
SLURM_JOB_NODELIST:	ise-cpu256-09
SLURM_SCRATCH_DIR:	/scratch/shubit/21944681
Allocated Resouces:	cpu - 2 / mem - 61440 MB / gpu - 
SLURM_GPU_INDEX:	
Running as shubit from shimony account with normal QOS
------------------------------------
Thu 01 Oct 2026 12:43:45 IDT

SLURM_JOBID:		 21944681
SLURM_JOB_NODELIST:	 ise-cpu256-09 

--------------------------
date: SM_Grids
number_of_graphs: 10
graph_type: grid
size_of_graphs: [7, 7]
heuristic: bcc_heuristic
snake: True
run_uni: True
run_bi: True
run_multi: False
solution_vertices: []
algorithms: ['IDA']
lookahead: -2
bsd: False
cube_first_dims: 4
cube_buffer_dim: None
backward_sym_generation: False
sym_coil: False
prefix_set: None

---------- SM_Grids/7x7_grid_with_random_blocks_16per_0 ----------
[00:00:00:00:519] Path of length 22 found: [0, 7, 14, 21, 28, 35, 42, 43, 44, 37, 30, 31, 24, 17, 18, 19, 20, 27, 34, 33, 40, 47, 48]
[00:00:00:00:519] ! Unidirectional s-t. expansions: 174, time: 519 [ms], path length: 22 [edges], generated: 286
[00:00:00:01:350] Path of length 22 found: [48, 41, 34, 27, 20, 19, 18, 17, 24, 31, 32, 39, 46, 45, 44, 37, 36, 29, 22, 21, 14, 7, 0]
[00:00:00:01:350] ! Unidirectional t-s. expansions: 466, time: 1,350 [ms], path length: 22 [edges], generated: 745
[00:00:00:00:565] Path of length 22 found: [0, 7, 14, 21, 28, 35, 42, 43, 44, 37, 30, 31, 24, 25, 18, 19, 20, 27, 34, 33, 40, 47, 48]
[00:00:00:01:009] ! Bidirectional. expansions: 142, time: 565 [ms], path length: 22 [edges], g_F: 22, g_B: 0, generated: 0, MM: 22, MMPER: 94.65217391304348%
[00:00:00:01:009] 
---------- SM_Grids/7x7_grid_with_random_blocks_16per_1 ----------
[00:00:00:00:745] Path of length 26 found: [0, 1, 2, 9, 10, 11, 12, 13, 20, 27, 26, 25, 24, 31, 30, 29, 28, 35, 42, 43, 44, 45, 46, 39, 40, 41, 48]
[00:00:00:00:745] ! Unidirectional s-t. expansions: 189, time: 745 [ms], path length: 26 [edges], generated: 322
[00:00:00:03:276] Path of length 26 found: [48, 41, 40, 39, 46, 45, 44, 43, 42, 35, 28, 29, 30, 31, 24, 25, 26, 27, 20, 13, 12, 5, 4, 3, 2, 1, 0]
[00:00:00:03:276] ! Unidirectional t-s. expansions: 963, time: 3,276 [ms], path length: 26 [edges], generated: 1,419
[00:00:00:00:876] Path of length 26 found: [0, 1, 2, 9, 10, 11, 12, 13, 20, 27, 26, 25, 24, 31, 30, 29, 28, 35, 42, 43, 44, 45, 46, 39, 40, 41, 48]
[00:00:00:01:294] ! Bidirectional. expansions: 228, time: 876 [ms], path length: 26 [edges], g_F: 23, g_B: 3, generated: 0, MM: 20, MMPER: 73.07407407407408%
[00:00:00:01:294] 
---------- SM_Grids/7x7_grid_with_random_blocks_16per_2 ----------
[00:00:00:03:551] Path of length 24 found: [0, 1, 2, 3, 4, 5, 12, 19, 18, 17, 16, 23, 22, 29, 36, 43, 44, 45, 38, 31, 32, 33, 40, 47, 48]
[00:00:00:03:551] ! Unidirectional s-t. expansions: 898, time: 3,551 [ms], path length: 24 [edges], generated: 1,681
[00:00:00:01:644] Path of length 24 found: [48, 47, 40, 33, 32, 31, 38, 45, 44, 43, 36, 29, 22, 23, 16, 17, 18, 19, 12, 5, 4, 3, 2, 1, 0]
[00:00:00:01:645] ! Unidirectional t-s. expansions: 388, time: 1,644 [ms], path length: 24 [edges], generated: 721
[00:00:00:03:148] Path of length 24 found: [0, 1, 2, 3, 4, 5, 12, 19, 18, 17, 16, 23, 22, 29, 36, 43, 44, 45, 38, 31, 32, 33, 40, 47, 48]
[00:00:00:03:563] ! Bidirectional. expansions: 754, time: 3,149 [ms], path length: 24 [edges], g_F: 21, g_B: 3, generated: 0, MM: 18, MMPER: 71.0%
[00:00:00:03:563] 
---------- SM_Grids/7x7_grid_with_random_blocks_16per_3 ----------
[00:00:00:02:018] Path of length 22 found: [0, 1, 2, 3, 4, 11, 18, 17, 16, 15, 14, 21, 28, 35, 36, 37, 30, 31, 32, 33, 40, 47, 48]
[00:00:00:02:018] ! Unidirectional s-t. expansions: 536, time: 2,018 [ms], path length: 22 [edges], generated: 933
[00:00:00:03:653] Path of length 22 found: [48, 47, 46, 39, 32, 33, 26, 19, 18, 17, 24, 23, 30, 37, 36, 35, 28, 21, 14, 15, 8, 1, 0]
[00:00:00:03:653] ! Unidirectional t-s. expansions: 1,064, time: 3,653 [ms], path length: 22 [edges], generated: 1,713
[00:00:00:02:811] Path of length 22 found: [0, 1, 8, 15, 14, 21, 28, 35, 36, 37, 30, 23, 24, 17, 18, 19, 26, 33, 32, 39, 46, 47, 48]
[00:00:00:03:213] ! Bidirectional. expansions: 777, time: 2,812 [ms], path length: 22 [edges], g_F: 18, g_B: 4, generated: 0, MM: 14, MMPER: 59.869565217391305%
[00:00:00:03:214] 
---------- SM_Grids/7x7_grid_with_random_blocks_16per_4 ----------
[00:00:00:00:893] Path of length 26 found: [0, 7, 14, 21, 28, 35, 42, 43, 44, 45, 38, 31, 30, 23, 16, 9, 10, 11, 12, 19, 20, 27, 34, 33, 40, 47, 48]
[00:00:00:00:894] ! Unidirectional s-t. expansions: 293, time: 894 [ms], path length: 26 [edges], generated: 430
[00:00:00:00:684] Path of length 26 found: [48, 47, 40, 33, 34, 27, 20, 13, 12, 11, 10, 9, 16, 23, 30, 31, 38, 45, 44, 43, 36, 35, 28, 21, 14, 7, 0]
[00:00:00:00:684] ! Unidirectional t-s. expansions: 177, time: 684 [ms], path length: 26 [edges], generated: 308
[00:00:00:00:668] Path of length 26 found: [0, 7, 14, 21, 28, 35, 42, 43, 44, 45, 38, 31, 30, 23, 16, 9, 10, 11, 12, 13, 20, 27, 34, 33, 40, 47, 48]
[00:00:00:01:020] ! Bidirectional. expansions: 221, time: 668 [ms], path length: 26 [edges], g_F: 19, g_B: 7, generated: 0, MM: 12, MMPER: 43.44444444444444%
[00:00:00:01:021] 
---------- SM_Grids/7x7_grid_with_random_blocks_16per_5 ----------
[00:00:00:00:475] Path of length 26 found: [0, 1, 2, 9, 16, 15, 14, 21, 28, 29, 30, 37, 38, 39, 32, 25, 18, 11, 4, 5, 6, 13, 20, 27, 34, 41, 48]
[00:00:00:00:475] ! Unidirectional s-t. expansions: 126, time: 475 [ms], path length: 26 [edges], generated: 220
[00:00:00:00:463] Path of length 26 found: [48, 41, 34, 27, 20, 13, 6, 5, 4, 11, 18, 25, 32, 39, 38, 37, 30, 29, 28, 21, 14, 15, 16, 9, 2, 1, 0]
[00:00:00:00:463] ! Unidirectional t-s. expansions: 127, time: 463 [ms], path length: 26 [edges], generated: 219
[00:00:00:00:402] Path of length 26 found: [0, 1, 2, 9, 16, 15, 14, 21, 28, 29, 30, 37, 38, 39, 32, 25, 18, 11, 4, 5, 6, 13, 20, 27, 34, 41, 48]
[00:00:00:00:766] ! Bidirectional. expansions: 99, time: 402 [ms], path length: 26 [edges], g_F: 5, g_B: 21, generated: 0, MM: 16, MMPER: 58.25925925925926%
[00:00:00:00:767] 
---------- SM_Grids/7x7_grid_with_random_blocks_16per_6 ----------
[00:00:00:00:424] Path of length 26 found: [0, 1, 8, 15, 22, 23, 30, 37, 44, 45, 46, 39, 32, 25, 18, 17, 10, 3, 4, 5, 12, 13, 20, 27, 34, 41, 48]
[00:00:00:00:424] ! Unidirectional s-t. expansions: 107, time: 424 [ms], path length: 26 [edges], generated: 182
[00:00:00:00:371] Path of length 26 found: [48, 41, 34, 27, 20, 13, 6, 5, 4, 3, 10, 17, 18, 25, 32, 39, 46, 45, 44, 37, 30, 23, 22, 15, 8, 1, 0]
[00:00:00:00:371] ! Unidirectional t-s. expansions: 110, time: 371 [ms], path length: 26 [edges], generated: 180
[00:00:00:00:276] Path of length 26 found: [0, 1, 8, 15, 22, 23, 30, 37, 44, 45, 46, 39, 32, 25, 18, 17, 10, 3, 4, 5, 6, 13, 20, 27, 34, 41, 48]
[00:00:00:00:610] ! Bidirectional. expansions: 77, time: 277 [ms], path length: 26 [edges], g_F: 15, g_B: 11, generated: 0, MM: 4, MMPER: 13.814814814814815%
[00:00:00:00:610] 
---------- SM_Grids/7x7_grid_with_random_blocks_16per_7 ----------
[00:00:00:01:847] Path of length 26 found: [0, 7, 8, 15, 22, 21, 28, 35, 36, 37, 30, 31, 24, 25, 18, 11, 4, 5, 6, 13, 20, 27, 34, 33, 40, 47, 48]
[00:00:00:01:847] ! Unidirectional s-t. expansions: 1,013, time: 1,847 [ms], path length: 26 [edges], generated: 1,360
[00:00:00:00:813] Path of length 26 found: [48, 47, 40, 33, 34, 27, 20, 13, 6, 5, 4, 3, 10, 17, 24, 31, 30, 37, 36, 35, 28, 21, 14, 15, 8, 1, 0]
[00:00:00:00:813] ! Unidirectional t-s. expansions: 306, time: 813 [ms], path length: 26 [edges], generated: 456
[00:00:00:01:038] Path of length 26 found: [0, 7, 8, 15, 22, 21, 28, 35, 36, 37, 30, 31, 24, 25, 18, 11, 4, 5, 6, 13, 20, 27, 34, 33, 40, 47, 48]
[00:00:00:01:389] ! Bidirectional. expansions: 375, time: 1,038 [ms], path length: 26 [edges], g_F: 16, g_B: 10, generated: 0, MM: 6, MMPER: 21.22222222222222%
[00:00:00:01:389] 
---------- SM_Grids/7x7_grid_with_random_blocks_16per_8 ----------
[00:00:00:00:237] Path of length 30 found: [0, 1, 2, 9, 16, 15, 22, 21, 28, 35, 42, 43, 44, 37, 30, 31, 24, 25, 18, 11, 4, 5, 6, 13, 20, 27, 34, 33, 40, 47, 48]
[00:00:00:00:237] ! Unidirectional s-t. expansions: 74, time: 237 [ms], path length: 30 [edges], generated: 107
[00:00:00:00:221] Path of length 30 found: [48, 47, 40, 33, 34, 27, 20, 13, 6, 5, 4, 11, 18, 25, 24, 31, 30, 37, 44, 43, 42, 35, 28, 21, 22, 15, 16, 9, 2, 1, 0]
[00:00:00:00:221] ! Unidirectional t-s. expansions: 78, time: 221 [ms], path length: 30 [edges], generated: 109
[00:00:00:00:269] Path of length 30 found: [0, 1, 2, 9, 16, 15, 22, 21, 28, 35, 42, 43, 44, 37, 30, 31, 24, 25, 18, 11, 4, 5, 6, 13, 20, 27, 34, 33, 40, 47, 48]
[00:00:00:00:647] ! Bidirectional. expansions: 77, time: 269 [ms], path length: 30 [edges], g_F: 29, g_B: 1, generated: 0, MM: 28, MMPER: 89.3225806451613%
[00:00:00:00:647] 
---------- SM_Grids/7x7_grid_with_random_blocks_16per_9 ----------
[00:00:00:02:435] Path of length 24 found: [0, 7, 8, 9, 16, 23, 22, 21, 28, 35, 42, 43, 44, 45, 46, 39, 32, 25, 18, 19, 20, 27, 34, 41, 48]
[00:00:00:02:436] ! Unidirectional s-t. expansions: 764, time: 2,435 [ms], path length: 24 [edges], generated: 1,236
[00:00:00:02:209] Path of length 24 found: [48, 41, 34, 27, 20, 19, 18, 17, 24, 31, 32, 39, 46, 45, 44, 37, 36, 35, 28, 21, 22, 15, 8, 1, 0]
[00:00:00:02:209] ! Unidirectional t-s. expansions: 740, time: 2,209 [ms], path length: 24 [edges], generated: 1,134
[00:00:00:02:059] Path of length 24 found: [0, 7, 8, 9, 16, 23, 22, 21, 28, 35, 36, 37, 44, 45, 46, 39, 32, 25, 18, 19, 20, 27, 34, 41, 48]
[00:00:00:02:465] ! Bidirectional. expansions: 552, time: 2,059 [ms], path length: 24 [edges], g_F: 4, g_B: 20, generated: 0, MM: 16, MMPER: 63.0%

[00:00:00:02:466] average expansions: (417, 442, 330, 0)
[00:00:00:02:466] average time: (1,314, 1,468, 1,212, 0)
[00:00:00:02:466] XIDA: 417 , 1,314 (expansions , time[ms])
[00:00:00:02:466] BiXIDA: 330 , 1,212 (expansions , time[ms])

