------------------------------------
Thu 01 Oct 2026 14:25:07 IDT
SLURM_JOBID:		21950219
SLURM_JOB_NODELIST:	ise-cpu256-03
SLURM_SCRATCH_DIR:	/scratch/shubit/21950219
Allocated Resouces:	cpu - 2 / mem - 61440 MB / gpu - 
SLURM_GPU_INDEX:	
Running as shubit from shimony account with normal QOS
------------------------------------
Thu 01 Oct 2026 14:25:07 IDT

SLURM_JOBID:		 21950219
SLURM_JOB_NODELIST:	 ise-cpu256-03 

--------------------------
date: SM_Grids
number_of_graphs: 10
graph_type: grid
size_of_graphs: [7, 8]
heuristic: bcc_heuristic
snake: True
run_uni: True
run_bi: True
run_multi: False
solution_vertices: []
algorithms: ['DFBnB']
lookahead: 1
bsd: False
cube_first_dims: 4
cube_buffer_dim: None
backward_sym_generation: False
sym_coil: False
prefix_set: None

---------- SM_Grids/7x8_grid_with_random_blocks_16per_0 ----------
[00:00:00:01:450] Path of length 31 found: [0, 1, 2, 3, 4, 5, 13, 14, 15, 23, 31, 30, 29, 28, 20, 19, 18, 17, 25, 24, 32, 40, 48, 49, 50, 42, 43, 44, 52, 53, 54, 55]
[00:00:00:01:450] ! Unidirectional s-t. expansions: 589, time: 1,450 [ms], path length: 31 [edges], generated: 876
[00:00:00:01:497] Path of length 31 found: [55, 47, 46, 45, 53, 52, 51, 43, 42, 41, 40, 32, 24, 25, 17, 18, 19, 27, 28, 29, 30, 31, 23, 15, 14, 13, 5, 4, 3, 2, 1, 0]
[00:00:00:01:497] ! Unidirectional t-s. expansions: 481, time: 1,497 [ms], path length: 31 [edges], generated: 738
[00:00:00:13:324] Path of length 31 found: [0, 1, 2, 3, 4, 5, 13, 14, 15, 23, 31, 30, 29, 28, 20, 19, 18, 17, 25, 24, 32, 40, 41, 42, 43, 51, 52, 53, 45, 46, 47, 55]
[00:00:00:13:754] ! Bidirectional. expansions: 6,900, time: 13,324 [ms], path length: 31 [edges], g_F: 23, g_B: 8, generated: 0, MM: 15, MMPER: 45.875%
[00:00:00:13:754] 
---------- SM_Grids/7x8_grid_with_random_blocks_16per_1 ----------
[00:00:00:01:027] Path of length 25 found: [0, 8, 16, 17, 25, 26, 34, 42, 43, 51, 52, 53, 45, 37, 36, 28, 20, 12, 13, 14, 22, 30, 31, 39, 47, 55]
[00:00:00:01:027] ! Unidirectional s-t. expansions: 252, time: 1,027 [ms], path length: 25 [edges], generated: 471
[00:00:00:00:817] Path of length 25 found: [55, 47, 39, 31, 30, 22, 14, 13, 12, 20, 28, 36, 37, 45, 53, 52, 51, 43, 42, 34, 26, 18, 10, 9, 1, 0]
[00:00:00:00:817] ! Unidirectional t-s. expansions: 183, time: 817 [ms], path length: 25 [edges], generated: 364
[00:00:00:03:667] Path of length 25 found: [0, 8, 16, 17, 25, 26, 34, 42, 43, 51, 52, 53, 45, 37, 36, 28, 20, 12, 13, 14, 22, 30, 31, 39, 47, 55]
[00:00:00:04:061] ! Bidirectional. expansions: 455, time: 3,667 [ms], path length: 25 [edges], g_F: 18, g_B: 7, generated: 0, MM: 11, MMPER: 41.30769230769231%
[00:00:00:04:061] 
---------- SM_Grids/7x8_grid_with_random_blocks_16per_2 ----------
[00:00:00:01:024] Path of length 27 found: [0, 1, 9, 17, 16, 24, 32, 40, 48, 49, 50, 51, 43, 35, 27, 28, 29, 21, 13, 5, 6, 7, 15, 23, 31, 39, 47, 55]
[00:00:00:01:025] ! Unidirectional s-t. expansions: 296, time: 1,024 [ms], path length: 27 [edges], generated: 526
[00:00:00:00:704] Path of length 27 found: [55, 47, 39, 31, 23, 15, 7, 6, 5, 4, 12, 20, 28, 27, 35, 43, 51, 50, 49, 48, 40, 32, 33, 25, 17, 9, 1, 0]
[00:00:00:00:705] ! Unidirectional t-s. expansions: 211, time: 705 [ms], path length: 27 [edges], generated: 324
[00:00:00:09:872] Path of length 27 found: [0, 1, 9, 17, 16, 24, 32, 40, 48, 49, 50, 51, 43, 35, 27, 28, 20, 12, 4, 5, 6, 7, 15, 23, 31, 39, 47, 55]
[00:00:00:10:296] ! Bidirectional. expansions: 2,443, time: 9,872 [ms], path length: 27 [edges], g_F: 18, g_B: 9, generated: 0, MM: 9, MMPER: 31.142857142857146%
[00:00:00:10:296] 
---------- SM_Grids/7x8_grid_with_random_blocks_16per_3 ----------
[00:00:00:01:977] Path of length 31 found: [0, 1, 2, 3, 4, 12, 13, 14, 15, 23, 31, 30, 29, 28, 27, 19, 18, 17, 16, 24, 32, 40, 48, 49, 50, 42, 43, 44, 45, 46, 47, 55]
[00:00:00:01:977] ! Unidirectional s-t. expansions: 706, time: 1,977 [ms], path length: 31 [edges], generated: 1,116
[00:00:00:02:158] Path of length 31 found: [55, 47, 46, 45, 53, 52, 51, 43, 42, 41, 33, 32, 24, 16, 17, 18, 19, 27, 28, 29, 30, 31, 23, 15, 14, 13, 12, 4, 3, 2, 1, 0]
[00:00:00:02:158] ! Unidirectional t-s. expansions: 1,003, time: 2,158 [ms], path length: 31 [edges], generated: 1,312
[00:00:00:10:588] Path of length 31 found: [0, 1, 2, 3, 4, 12, 13, 14, 15, 23, 31, 30, 29, 28, 27, 19, 18, 17, 16, 24, 32, 40, 41, 42, 43, 51, 52, 53, 45, 46, 47, 55]
[00:00:00:11:009] ! Bidirectional. expansions: 2,022, time: 10,589 [ms], path length: 31 [edges], g_F: 23, g_B: 8, generated: 0, MM: 15, MMPER: 45.875%
[00:00:00:11:010] 
---------- SM_Grids/7x8_grid_with_random_blocks_16per_4 ----------
[00:00:00:03:183] Path of length 29 found: [0, 1, 9, 17, 18, 26, 34, 33, 32, 40, 48, 49, 50, 51, 52, 53, 45, 37, 36, 28, 20, 12, 13, 14, 22, 30, 31, 39, 47, 55]
[00:00:00:03:183] ! Unidirectional s-t. expansions: 1,036, time: 3,183 [ms], path length: 29 [edges], generated: 1,762
[00:00:00:01:384] Path of length 29 found: [55, 47, 39, 31, 30, 22, 14, 13, 12, 11, 19, 18, 26, 34, 35, 36, 37, 45, 53, 52, 51, 50, 49, 41, 40, 32, 24, 16, 8, 0]
[00:00:00:01:384] ! Unidirectional t-s. expansions: 496, time: 1,384 [ms], path length: 29 [edges], generated: 747
[00:00:00:09:803] Path of length 29 found: [0, 1, 9, 17, 18, 26, 34, 33, 32, 40, 48, 49, 50, 51, 52, 53, 45, 37, 36, 28, 20, 12, 13, 14, 22, 30, 31, 39, 47, 55]
[00:00:00:10:200] ! Bidirectional. expansions: 3,330, time: 9,804 [ms], path length: 29 [edges], g_F: 12, g_B: 17, generated: 0, MM: 5, MMPER: 15.666666666666668%
[00:00:00:10:200] 
---------- SM_Grids/7x8_grid_with_random_blocks_16per_5 ----------
[00:00:00:02:961] Path of length 29 found: [0, 8, 9, 10, 2, 3, 4, 5, 6, 14, 15, 23, 31, 39, 38, 37, 29, 21, 20, 19, 27, 26, 34, 42, 43, 44, 52, 53, 54, 55]
[00:00:00:02:961] ! Unidirectional s-t. expansions: 959, time: 2,961 [ms], path length: 29 [edges], generated: 1,595
[00:00:00:00:991] Path of length 29 found: [55, 54, 53, 52, 44, 43, 42, 34, 26, 27, 19, 20, 21, 29, 37, 38, 39, 31, 23, 15, 7, 6, 5, 4, 3, 2, 10, 9, 8, 0]
[00:00:00:00:992] ! Unidirectional t-s. expansions: 273, time: 991 [ms], path length: 29 [edges], generated: 495
[00:00:00:12:050] Path of length 29 found: [0, 8, 9, 10, 2, 3, 4, 5, 6, 14, 15, 23, 31, 39, 38, 37, 29, 21, 20, 19, 27, 26, 34, 42, 43, 44, 52, 53, 54, 55]
[00:00:00:12:449] ! Bidirectional. expansions: 2,413, time: 12,050 [ms], path length: 29 [edges], g_F: 24, g_B: 5, generated: 0, MM: 19, MMPER: 62.333333333333336%
[00:00:00:12:449] 
---------- SM_Grids/7x8_grid_with_random_blocks_16per_6 ----------
[00:00:00:02:311] Path of length 29 found: [0, 1, 9, 17, 16, 24, 32, 33, 34, 26, 27, 19, 11, 3, 4, 5, 13, 14, 15, 23, 31, 30, 29, 37, 36, 44, 52, 53, 54, 55]
[00:00:00:02:311] ! Unidirectional s-t. expansions: 784, time: 2,311 [ms], path length: 29 [edges], generated: 1,298
[00:00:00:02:781] Path of length 29 found: [55, 54, 46, 45, 44, 36, 35, 34, 33, 32, 24, 16, 17, 18, 19, 20, 21, 29, 30, 31, 23, 15, 7, 6, 5, 4, 3, 2, 1, 0]
[00:00:00:02:781] ! Unidirectional t-s. expansions: 870, time: 2,781 [ms], path length: 29 [edges], generated: 1,508
[00:00:00:07:365] Path of length 29 found: [0, 1, 9, 17, 16, 24, 32, 33, 34, 26, 27, 19, 11, 3, 4, 5, 13, 14, 15, 23, 31, 30, 29, 37, 36, 44, 52, 53, 54, 55]
[00:00:00:07:770] ! Bidirectional. expansions: 1,203, time: 7,365 [ms], path length: 29 [edges], g_F: 27, g_B: 2, generated: 0, MM: 25, MMPER: 82.33333333333333%
[00:00:00:07:770] 
---------- SM_Grids/7x8_grid_with_random_blocks_16per_7 ----------
[00:00:00:04:010] Path of length 27 found: [0, 1, 9, 17, 16, 24, 32, 40, 48, 49, 50, 42, 43, 44, 36, 28, 27, 19, 11, 12, 13, 14, 22, 30, 38, 46, 54, 55]
[00:00:00:04:010] ! Unidirectional s-t. expansions: 1,202, time: 4,010 [ms], path length: 27 [edges], generated: 2,215
[00:00:00:00:423] Path of length 27 found: [55, 47, 39, 38, 30, 22, 14, 13, 12, 11, 19, 27, 28, 36, 44, 52, 51, 50, 42, 34, 33, 32, 24, 16, 17, 9, 1, 0]
[00:00:00:00:423] ! Unidirectional t-s. expansions: 125, time: 423 [ms], path length: 27 [edges], generated: 206
[00:00:00:21:059] Path of length 27 found: [0, 1, 9, 17, 16, 24, 32, 40, 48, 49, 50, 51, 52, 44, 36, 28, 27, 19, 11, 12, 13, 21, 22, 30, 38, 39, 47, 55]
[00:00:00:21:459] ! Bidirectional. expansions: 4,928, time: 21,059 [ms], path length: 27 [edges], g_F: 22, g_B: 5, generated: 0, MM: 17, MMPER: 59.714285714285715%
[00:00:00:21:459] 
---------- SM_Grids/7x8_grid_with_random_blocks_16per_8 ----------
[00:00:00:01:799] Path of length 27 found: [0, 8, 9, 10, 18, 26, 25, 33, 41, 42, 43, 35, 36, 28, 29, 21, 13, 5, 6, 7, 15, 23, 31, 39, 38, 46, 54, 55]
[00:00:00:01:800] ! Unidirectional s-t. expansions: 636, time: 1,800 [ms], path length: 27 [edges], generated: 1,041
[00:00:00:03:238] Path of length 27 found: [55, 54, 46, 38, 39, 31, 23, 15, 7, 6, 5, 4, 12, 20, 28, 36, 44, 43, 42, 41, 33, 25, 26, 18, 10, 9, 8, 0]
[00:00:00:03:238] ! Unidirectional t-s. expansions: 953, time: 3,238 [ms], path length: 27 [edges], generated: 1,670
[00:00:00:12:081] Path of length 27 found: [0, 8, 9, 10, 18, 26, 25, 33, 41, 42, 43, 44, 36, 28, 20, 12, 4, 5, 6, 7, 15, 23, 31, 39, 38, 46, 54, 55]
[00:00:00:12:484] ! Bidirectional. expansions: 2,562, time: 12,081 [ms], path length: 27 [edges], g_F: 10, g_B: 17, generated: 0, MM: 7, MMPER: 24.0%
[00:00:00:12:484] 
---------- SM_Grids/7x8_grid_with_random_blocks_16per_9 ----------
[00:00:00:05:038] Path of length 25 found: [0, 8, 16, 17, 18, 10, 2, 3, 4, 12, 20, 28, 27, 35, 34, 42, 50, 51, 52, 44, 45, 37, 38, 39, 47, 55]
[00:00:00:05:038] ! Unidirectional s-t. expansions: 2,881, time: 5,038 [ms], path length: 25 [edges], generated: 3,468
[00:00:00:03:183] Path of length 25 found: [55, 47, 39, 38, 37, 45, 44, 52, 51, 50, 42, 34, 35, 27, 28, 20, 12, 4, 3, 2, 10, 18, 17, 16, 8, 0]
[00:00:00:03:184] ! Unidirectional t-s. expansions: 1,011, time: 3,183 [ms], path length: 25 [edges], generated: 1,662
[00:00:00:23:860] Path of length 25 found: [0, 8, 16, 17, 18, 10, 2, 3, 4, 12, 20, 28, 27, 35, 34, 42, 50, 51, 52, 44, 45, 37, 38, 39, 47, 55]
[00:00:00:24:262] ! Bidirectional. expansions: 7,301, time: 23,860 [ms], path length: 25 [edges], g_F: 10, g_B: 15, generated: 0, MM: 5, MMPER: 18.23076923076923%

[00:00:00:24:262] average expansions: (934, 561, 3,356, 0)
[00:00:00:24:262] average time: (2,478, 1,718, 12,367, 0)
[00:00:00:24:262] XDFBnB: 561 , 1,718 (expansions , time[ms])
[00:00:00:24:262] BiXDFBnB: 3,356 , 12,367 (expansions , time[ms])

