------------------------------------
Thu 01 Oct 2026 17:28:48 IDT
SLURM_JOBID:		21953647
SLURM_JOB_NODELIST:	ise-cpu256-04
SLURM_SCRATCH_DIR:	/scratch/shubit/21953647
Allocated Resouces:	cpu - 2 / mem - 61440 MB / gpu - 
SLURM_GPU_INDEX:	
Running as shubit from shimony account with normal QOS
------------------------------------
Thu 01 Oct 2026 17:28:48 IDT

SLURM_JOBID:		 21953647
SLURM_JOB_NODELIST:	 ise-cpu256-04 

--------------------------
date: SM_Grids
number_of_graphs: 10
graph_type: grid
size_of_graphs: [7, 8]
heuristic: bcc_heuristic
snake: True
run_uni: True
run_bi: True
run_multi: False
solution_vertices: []
algorithms: ['XMM']
lookahead: -2
bsd: False
cube_first_dims: 4
cube_buffer_dim: None
backward_sym_generation: False
sym_coil: False
prefix_set: None

---------- SM_Grids/7x8_grid_with_random_blocks_12per_0 ----------
[00:00:00:01:728] Path of length 33 found: [0, 1, 2, 3, 11, 12, 13, 5, 6, 7, 15, 23, 22, 30, 29, 28, 27, 26, 18, 17, 16, 24, 32, 40, 48, 49, 50, 42, 43, 44, 45, 46, 47, 55]
[00:00:00:01:729] ! Unidirectional s-t. expansions: 341, time: 1,729 [ms], path length: 33 [edges], generated: 535
[00:00:00:02:244] Path of length 33 found: [55, 47, 39, 38, 37, 45, 44, 43, 51, 50, 49, 41, 33, 32, 24, 16, 17, 18, 26, 27, 28, 20, 21, 22, 23, 15, 7, 6, 5, 4, 3, 2, 1, 0]
[00:00:00:02:244] ! Unidirectional t-s. expansions: 436, time: 2,244 [ms], path length: 33 [edges], generated: 735
[00:00:00:00:215] Expansion 39: New longest path found with length 19: [0, 1, 2, 10, 11, 12, 4, 5, 6, 7, 15, 23, 22, 30, 29, 37, 45, 46, 47, 55]. g_current=7, g_opposite=12, f_max=38, generated=63
[00:00:00:00:738] Expansion 166: New longest path found with length 21: [0, 1, 2, 10, 18, 17, 16, 24, 32, 40, 48, 49, 50, 51, 43, 44, 45, 37, 38, 39, 47, 55]. g_current=16, g_opposite=5, f_max=35, generated=269
[00:00:00:00:807] Expansion 184: New longest path found with length 31: [0, 1, 2, 10, 11, 12, 4, 5, 6, 7, 15, 23, 22, 21, 29, 28, 27, 26, 25, 24, 32, 40, 48, 49, 50, 51, 43, 44, 45, 46, 47, 55]. g_current=13, g_opposite=18, f_max=35, generated=294
[00:00:00:01:930] Expansion 481: New longest path found with length 33: [0, 1, 2, 3, 11, 12, 13, 5, 6, 7, 15, 23, 22, 30, 29, 28, 27, 26, 18, 17, 16, 24, 32, 40, 48, 49, 50, 51, 43, 44, 45, 46, 47, 55]. g_current=15, g_opposite=18, f_max=34, generated=830
[00:00:00:04:349] Path of length 33 found: [0, 1, 2, 3, 11, 12, 13, 5, 6, 7, 15, 23, 22, 30, 29, 28, 27, 26, 18, 17, 16, 24, 32, 40, 48, 49, 50, 51, 43, 44, 45, 46, 47, 55]
[00:00:00:04:874] ! Bidirectional. expansions: 988, time: 4,349 [ms], path length: 33 [edges], g_F: 15, g_B: 18, generated: 1,640, MM: 3, MMPER: 7.8235294117647065%
[00:00:00:04:874] 
---------- SM_Grids/7x8_grid_with_random_blocks_12per_1 ----------
[00:00:00:04:783] Path of length 29 found: [0, 8, 9, 10, 2, 3, 4, 5, 6, 14, 22, 21, 20, 19, 27, 26, 25, 24, 32, 40, 41, 42, 43, 44, 36, 37, 38, 46, 54, 55]
[00:00:00:04:784] ! Unidirectional s-t. expansions: 877, time: 4,784 [ms], path length: 29 [edges], generated: 1,582
[00:00:00:06:225] Path of length 29 found: [55, 47, 39, 38, 37, 45, 44, 43, 42, 41, 40, 32, 24, 25, 26, 27, 28, 20, 21, 22, 14, 6, 5, 4, 3, 2, 10, 9, 8, 0]
[00:00:00:06:226] ! Unidirectional t-s. expansions: 1,061, time: 6,225 [ms], path length: 29 [edges], generated: 1,977
[00:00:00:00:361] Expansion 45: New longest path found with length 15: [0, 8, 16, 24, 32, 40, 41, 42, 43, 44, 45, 37, 38, 39, 47, 55]. g_current=7, g_opposite=8, f_max=36, generated=83
[00:00:00:00:533] Expansion 72: New longest path found with length 17: [0, 8, 9, 10, 2, 3, 4, 5, 13, 14, 22, 30, 38, 37, 45, 53, 54, 55]. g_current=9, g_opposite=8, f_max=35, generated=138
[00:00:00:00:752] Expansion 109: New longest path found with length 19: [0, 8, 16, 17, 18, 10, 2, 3, 4, 5, 6, 14, 22, 30, 38, 37, 45, 53, 54, 55]. g_current=10, g_opposite=9, f_max=35, generated=210
[00:00:00:00:861] Expansion 128: New longest path found with length 23: [0, 8, 9, 10, 2, 3, 4, 5, 6, 14, 22, 21, 20, 28, 27, 35, 43, 44, 45, 37, 38, 39, 47, 55]. g_current=12, g_opposite=11, f_max=34, generated=246
[00:00:00:01:655] Expansion 258: New longest path found with length 29: [0, 8, 9, 10, 2, 3, 4, 5, 6, 14, 22, 21, 20, 19, 27, 26, 25, 24, 32, 40, 41, 42, 43, 44, 45, 37, 38, 39, 47, 55]. g_current=14, g_opposite=15, f_max=33, generated=492
[00:00:00:06:705] Path of length 29 found: [0, 8, 9, 10, 2, 3, 4, 5, 6, 14, 22, 21, 20, 19, 27, 26, 25, 24, 32, 40, 41, 42, 43, 44, 45, 37, 38, 39, 47, 55]
[00:00:00:07:069] ! Bidirectional. expansions: 1,299, time: 6,705 [ms], path length: 29 [edges], g_F: 14, g_B: 15, generated: 2,481, MM: 1, MMPER: 2.3333333333333335%
[00:00:00:07:069] 
---------- SM_Grids/7x8_grid_with_random_blocks_12per_2 ----------
[00:00:00:00:821] Path of length 31 found: [0, 1, 2, 3, 4, 5, 6, 7, 15, 23, 31, 39, 38, 37, 29, 21, 20, 19, 18, 17, 16, 24, 32, 33, 34, 35, 43, 44, 52, 53, 54, 55]
[00:00:00:00:822] ! Unidirectional s-t. expansions: 192, time: 821 [ms], path length: 31 [edges], generated: 315
[00:00:00:03:011] Path of length 31 found: [55, 54, 53, 52, 44, 43, 35, 34, 33, 32, 24, 16, 17, 18, 19, 20, 28, 29, 37, 38, 39, 31, 23, 15, 7, 6, 5, 4, 3, 2, 1, 0]
[00:00:00:03:012] ! Unidirectional t-s. expansions: 575, time: 3,011 [ms], path length: 31 [edges], generated: 997
[00:00:00:00:115] Expansion 18: New longest path found with length 13: [0, 1, 2, 3, 4, 5, 6, 7, 15, 23, 31, 39, 47, 55]. g_current=11, g_opposite=2, f_max=37, generated=29
[00:00:00:00:243] Expansion 42: New longest path found with length 15: [0, 1, 9, 10, 11, 3, 4, 5, 6, 7, 15, 23, 31, 39, 47, 55]. g_current=12, g_opposite=3, f_max=36, generated=70
[00:00:00:00:442] Expansion 84: New longest path found with length 17: [0, 1, 2, 3, 11, 19, 20, 21, 13, 5, 6, 7, 15, 23, 31, 39, 47, 55]. g_current=5, g_opposite=12, f_max=36, generated=140
[00:00:00:00:452] Expansion 85: New longest path found with length 19: [0, 1, 2, 3, 4, 5, 6, 7, 15, 23, 31, 39, 38, 37, 36, 44, 52, 53, 54, 55]. g_current=5, g_opposite=14, f_max=36, generated=143
[00:00:00:00:501] Expansion 95: New longest path found with length 23: [0, 1, 2, 3, 11, 19, 20, 21, 13, 5, 6, 7, 15, 23, 31, 39, 38, 37, 36, 44, 52, 53, 54, 55]. g_current=17, g_opposite=6, f_max=36, generated=158
[00:00:00:01:873] Expansion 385: New longest path found with length 27: [0, 1, 2, 3, 4, 5, 6, 7, 15, 23, 22, 21, 20, 19, 18, 17, 16, 24, 32, 33, 34, 35, 43, 44, 52, 53, 54, 55]. g_current=14, g_opposite=13, f_max=33, generated=666
[00:00:00:01:907] Expansion 392: New longest path found with length 29: [0, 1, 2, 3, 11, 19, 18, 17, 16, 24, 32, 33, 34, 35, 43, 44, 45, 37, 29, 21, 13, 5, 6, 7, 15, 23, 31, 39, 47, 55]. g_current=12, g_opposite=17, f_max=33, generated=681
[00:00:00:02:048] Expansion 421: New longest path found with length 31: [0, 1, 2, 3, 4, 5, 6, 7, 15, 23, 31, 39, 38, 37, 29, 21, 20, 19, 18, 17, 16, 24, 32, 33, 34, 35, 43, 44, 52, 53, 54, 55]. g_current=14, g_opposite=17, f_max=32, generated=738
[00:00:00:02:452] Path of length 31 found: [0, 1, 2, 3, 4, 5, 6, 7, 15, 23, 31, 39, 38, 37, 29, 21, 20, 19, 18, 17, 16, 24, 32, 33, 34, 35, 43, 44, 52, 53, 54, 55]
[00:00:00:02:932] ! Bidirectional. expansions: 487, time: 2,452 [ms], path length: 31 [edges], g_F: 17, g_B: 14, generated: 857, MM: 3, MMPER: 8.375%
[00:00:00:02:933] 
---------- SM_Grids/7x8_grid_with_random_blocks_12per_3 ----------
[00:00:00:04:070] Path of length 31 found: [0, 1, 9, 17, 16, 24, 32, 33, 41, 49, 50, 51, 52, 53, 45, 37, 36, 28, 20, 19, 11, 3, 4, 5, 6, 14, 22, 30, 31, 39, 47, 55]
[00:00:00:04:071] ! Unidirectional s-t. expansions: 679, time: 4,070 [ms], path length: 31 [edges], generated: 1,265
[00:00:00:02:759] Path of length 31 found: [55, 47, 39, 31, 30, 22, 14, 6, 5, 4, 12, 20, 19, 27, 35, 36, 37, 45, 53, 52, 51, 50, 42, 41, 33, 32, 24, 16, 17, 9, 1, 0]
[00:00:00:02:760] ! Unidirectional t-s. expansions: 513, time: 2,759 [ms], path length: 31 [edges], generated: 862
[00:00:00:00:195] Expansion 24: New longest path found with length 15: [0, 8, 9, 10, 2, 3, 4, 5, 6, 14, 22, 30, 31, 39, 47, 55]. g_current=10, g_opposite=5, f_max=37, generated=40
[00:00:00:00:618] Expansion 103: New longest path found with length 17: [0, 1, 2, 10, 11, 12, 4, 5, 6, 14, 22, 21, 29, 37, 38, 39, 47, 55]. g_current=12, g_opposite=5, f_max=36, generated=175
[00:00:00:00:743] Expansion 127: New longest path found with length 19: [0, 8, 16, 24, 25, 26, 27, 19, 20, 12, 4, 5, 6, 14, 22, 30, 31, 39, 47, 55]. g_current=13, g_opposite=6, f_max=35, generated=218
[00:00:00:00:755] Expansion 129: New longest path found with length 23: [0, 1, 9, 17, 16, 24, 32, 33, 34, 26, 27, 19, 20, 12, 4, 5, 6, 14, 22, 30, 31, 39, 47, 55]. g_current=15, g_opposite=8, f_max=34, generated=222
[00:00:00:01:663] Expansion 311: New longest path found with length 31: [0, 1, 9, 17, 16, 24, 32, 33, 41, 49, 50, 51, 52, 53, 45, 37, 36, 28, 20, 19, 11, 3, 4, 5, 6, 14, 22, 30, 31, 39, 47, 55]. g_current=16, g_opposite=15, f_max=33, generated=538
[00:00:00:04:039] Path of length 31 found: [0, 1, 9, 17, 16, 24, 32, 33, 41, 49, 50, 51, 52, 53, 45, 37, 36, 28, 20, 19, 11, 3, 4, 5, 6, 14, 22, 30, 31, 39, 47, 55]
[00:00:00:04:522] ! Bidirectional. expansions: 780, time: 4,040 [ms], path length: 31 [edges], g_F: 15, g_B: 16, generated: 1,382, MM: 1, MMPER: 2.125%
[00:00:00:04:523] 
---------- SM_Grids/7x8_grid_with_random_blocks_12per_4 ----------
[00:00:00:03:297] Path of length 33 found: [0, 1, 2, 10, 18, 17, 16, 24, 32, 40, 48, 49, 50, 42, 34, 35, 27, 28, 20, 12, 4, 5, 6, 7, 15, 23, 22, 30, 38, 37, 45, 53, 54, 55]
[00:00:00:03:298] ! Unidirectional s-t. expansions: 806, time: 3,297 [ms], path length: 33 [edges], generated: 1,242
[00:00:00:04:711] Path of length 33 found: [55, 54, 53, 45, 37, 38, 30, 31, 23, 15, 7, 6, 5, 13, 21, 20, 28, 27, 35, 43, 42, 50, 49, 48, 40, 32, 24, 16, 17, 18, 10, 2, 1, 0]
[00:00:00:04:712] ! Unidirectional t-s. expansions: 871, time: 4,711 [ms], path length: 33 [edges], generated: 1,344
[00:00:00:00:452] Expansion 69: New longest path found with length 19: [0, 1, 2, 10, 11, 12, 4, 5, 6, 7, 15, 23, 31, 39, 38, 37, 45, 53, 54, 55]. g_current=13, g_opposite=6, f_max=37, generated=112
[00:00:00:00:673] Expansion 114: New longest path found with length 21: [0, 1, 2, 10, 11, 19, 20, 21, 13, 5, 6, 7, 15, 23, 31, 39, 38, 37, 45, 53, 54, 55]. g_current=6, g_opposite=15, f_max=37, generated=182
[00:00:00:00:840] Expansion 149: New longest path found with length 23: [0, 1, 2, 10, 11, 19, 27, 35, 34, 33, 32, 40, 48, 49, 50, 51, 52, 53, 45, 37, 38, 39, 47, 55]. g_current=16, g_opposite=7, f_max=36, generated=235
[00:00:00:01:742] Expansion 321: New longest path found with length 31: [0, 1, 2, 10, 11, 19, 20, 21, 13, 5, 6, 7, 15, 23, 31, 30, 38, 37, 36, 35, 34, 33, 32, 40, 48, 49, 50, 51, 52, 53, 54, 55]. g_current=14, g_opposite=17, f_max=35, generated=514
[00:00:00:03:616] Expansion 734: New longest path found with length 33: [0, 1, 2, 10, 18, 17, 16, 24, 32, 40, 48, 49, 50, 42, 34, 35, 27, 28, 20, 21, 13, 5, 6, 7, 15, 23, 31, 39, 38, 37, 45, 53, 54, 55]. g_current=18, g_opposite=15, f_max=35, generated=1,155
[00:00:00:06:111] Path of length 33 found: [0, 1, 2, 10, 18, 17, 16, 24, 32, 40, 48, 49, 50, 42, 34, 35, 27, 28, 20, 21, 13, 5, 6, 7, 15, 23, 31, 39, 38, 37, 45, 53, 54, 55]
[00:00:00:06:628] ! Bidirectional. expansions: 1,228, time: 6,111 [ms], path length: 33 [edges], g_F: 15, g_B: 18, generated: 1,971, MM: 3, MMPER: 7.8235294117647065%
[00:00:00:06:628] 
---------- SM_Grids/7x8_grid_with_random_blocks_12per_5 ----------
[00:00:00:05:717] Path of length 31 found: [0, 8, 16, 17, 18, 10, 2, 3, 4, 5, 6, 14, 22, 21, 20, 28, 27, 35, 34, 33, 32, 40, 48, 49, 50, 51, 52, 53, 45, 46, 47, 55]
[00:00:00:05:718] ! Unidirectional s-t. expansions: 1,209, time: 5,717 [ms], path length: 31 [edges], generated: 1,854
[00:00:00:01:552] Path of length 31 found: [55, 47, 46, 45, 53, 52, 51, 50, 49, 48, 40, 32, 33, 34, 35, 36, 28, 29, 30, 22, 14, 6, 5, 4, 12, 11, 19, 18, 17, 9, 1, 0]
[00:00:00:01:552] ! Unidirectional t-s. expansions: 287, time: 1,552 [ms], path length: 31 [edges], generated: 534
[00:00:00:00:103] Expansion 20: New longest path found with length 17: [0, 8, 16, 17, 25, 33, 32, 40, 48, 49, 50, 51, 52, 53, 45, 46, 47, 55]. g_current=12, g_opposite=5, f_max=37, generated=30
[00:00:00:00:228] Expansion 49: New longest path found with length 19: [0, 8, 16, 17, 18, 26, 34, 33, 32, 40, 48, 49, 50, 51, 52, 53, 45, 46, 47, 55]. g_current=14, g_opposite=5, f_max=36, generated=83
[00:00:00:00:465] Expansion 95: New longest path found with length 21: [0, 1, 2, 3, 11, 19, 27, 26, 34, 33, 32, 40, 48, 49, 50, 51, 52, 53, 45, 46, 47, 55]. g_current=16, g_opposite=5, f_max=35, generated=167
[00:00:00:01:017] Expansion 242: New longest path found with length 25: [0, 8, 9, 10, 2, 3, 4, 12, 20, 19, 27, 26, 34, 33, 32, 40, 48, 49, 50, 51, 52, 53, 45, 46, 47, 55]. g_current=17, g_opposite=8, f_max=34, generated=419
[00:00:00:01:140] Expansion 271: New longest path found with length 31: [0, 8, 16, 17, 18, 10, 2, 3, 4, 5, 6, 14, 22, 21, 29, 28, 36, 35, 34, 33, 32, 40, 48, 49, 50, 51, 52, 53, 45, 46, 47, 55]. g_current=13, g_opposite=18, f_max=34, generated=473
[00:00:00:04:609] Path of length 31 found: [0, 8, 16, 17, 18, 10, 2, 3, 4, 5, 6, 14, 22, 21, 29, 28, 36, 35, 34, 33, 32, 40, 48, 49, 50, 51, 52, 53, 45, 46, 47, 55]
[00:00:00:05:112] ! Bidirectional. expansions: 971, time: 4,610 [ms], path length: 31 [edges], g_F: 13, g_B: 18, generated: 1,685, MM: 5, MMPER: 14.625%
[00:00:00:05:112] 
---------- SM_Grids/7x8_grid_with_random_blocks_12per_6 ----------
[00:00:00:03:762] Path of length 27 found: [0, 8, 9, 10, 11, 19, 27, 26, 34, 33, 32, 40, 48, 49, 50, 51, 43, 44, 36, 37, 29, 21, 22, 23, 31, 39, 47, 55]
[00:00:00:03:763] ! Unidirectional s-t. expansions: 737, time: 3,762 [ms], path length: 27 [edges], generated: 1,370
[00:00:00:03:661] Path of length 27 found: [55, 54, 46, 38, 39, 31, 23, 22, 21, 29, 28, 36, 44, 43, 51, 50, 49, 48, 40, 32, 33, 34, 26, 18, 10, 9, 8, 0]
[00:00:00:03:662] ! Unidirectional t-s. expansions: 628, time: 3,661 [ms], path length: 27 [edges], generated: 1,132
[00:00:00:00:473] Expansion 69: New longest path found with length 19: [0, 8, 9, 10, 11, 19, 27, 35, 34, 33, 32, 40, 48, 49, 50, 51, 52, 53, 54, 55]. g_current=6, g_opposite=13, f_max=35, generated=124
[00:00:00:00:482] Expansion 70: New longest path found with length 21: [0, 8, 9, 10, 11, 19, 27, 26, 34, 33, 32, 40, 48, 49, 50, 51, 52, 53, 45, 46, 47, 55]. g_current=7, g_opposite=14, f_max=35, generated=127
[00:00:00:00:716] Expansion 117: New longest path found with length 23: [0, 8, 9, 10, 11, 19, 20, 28, 36, 35, 34, 33, 32, 40, 48, 49, 50, 51, 52, 53, 45, 46, 47, 55]. g_current=6, g_opposite=17, f_max=34, generated=211
[00:00:00:01:356] Expansion 224: New longest path found with length 25: [0, 8, 9, 10, 11, 19, 20, 21, 22, 30, 38, 37, 36, 35, 34, 33, 32, 40, 48, 49, 50, 51, 52, 53, 54, 55]. g_current=16, g_opposite=9, f_max=32, generated=410
[00:00:00:01:623] Expansion 273: New longest path found with length 27: [0, 8, 9, 10, 18, 26, 34, 33, 32, 40, 48, 49, 50, 51, 43, 44, 36, 28, 29, 21, 22, 23, 31, 39, 38, 46, 54, 55]. g_current=15, g_opposite=12, f_max=33, generated=502
[00:00:00:04:450] Path of length 27 found: [0, 8, 9, 10, 18, 26, 34, 33, 32, 40, 48, 49, 50, 51, 43, 44, 36, 28, 29, 21, 22, 23, 31, 39, 38, 46, 54, 55]
[00:00:00:04:946] ! Bidirectional. expansions: 790, time: 4,451 [ms], path length: 27 [edges], g_F: 15, g_B: 12, generated: 1,480, MM: 3, MMPER: 9.714285714285714%
[00:00:00:04:946] 
---------- SM_Grids/7x8_grid_with_random_blocks_12per_7 ----------
[00:00:00:03:433] Path of length 31 found: [0, 8, 9, 17, 18, 19, 11, 3, 4, 5, 13, 14, 15, 23, 31, 30, 29, 28, 36, 35, 34, 33, 41, 49, 50, 51, 52, 53, 45, 46, 47, 55]
[00:00:00:03:433] ! Unidirectional s-t. expansions: 669, time: 3,433 [ms], path length: 31 [edges], generated: 1,149
[00:00:00:02:744] Path of length 31 found: [55, 47, 46, 45, 53, 52, 51, 50, 49, 41, 33, 34, 35, 36, 28, 29, 30, 31, 23, 15, 14, 6, 5, 4, 12, 11, 19, 18, 17, 9, 1, 0]
[00:00:00:02:745] ! Unidirectional t-s. expansions: 554, time: 2,744 [ms], path length: 31 [edges], generated: 967
[00:00:00:00:304] Expansion 43: New longest path found with length 13: [0, 1, 2, 3, 4, 5, 6, 14, 15, 23, 31, 39, 47, 55]. g_current=3, g_opposite=10, f_max=35, generated=80
[00:00:00:00:335] Expansion 48: New longest path found with length 15: [0, 8, 9, 10, 2, 3, 4, 5, 6, 14, 15, 23, 31, 39, 47, 55]. g_current=12, g_opposite=3, f_max=34, generated=90
[00:00:00:00:726] Expansion 126: New longest path found with length 17: [0, 1, 2, 10, 18, 17, 25, 33, 41, 49, 50, 51, 52, 53, 45, 46, 47, 55]. g_current=5, g_opposite=12, f_max=35, generated=217
[00:00:00:01:069] Expansion 177: New longest path found with length 19: [0, 8, 9, 10, 2, 3, 4, 12, 13, 14, 15, 23, 31, 30, 38, 37, 45, 53, 54, 55]. g_current=9, g_opposite=10, f_max=34, generated=305
[00:00:00:01:722] Expansion 308: New longest path found with length 21: [0, 8, 9, 10, 2, 3, 4, 5, 13, 14, 15, 23, 31, 30, 29, 37, 36, 44, 52, 53, 54, 55]. g_current=6, g_opposite=15, f_max=33, generated=545
[00:00:00:02:477] Expansion 449: New longest path found with length 23: [0, 8, 9, 17, 18, 19, 11, 3, 4, 5, 6, 14, 15, 23, 31, 30, 29, 37, 36, 44, 52, 53, 54, 55]. g_current=8, g_opposite=15, f_max=33, generated=795
[00:00:00:03:108] Expansion 585: New longest path found with length 29: [0, 8, 9, 10, 2, 3, 4, 5, 13, 14, 15, 23, 31, 30, 29, 28, 27, 35, 34, 33, 41, 49, 50, 51, 52, 53, 45, 46, 47, 55]. g_current=14, g_opposite=15, f_max=32, generated=1,000
[00:00:00:03:123] Expansion 589: New longest path found with length 31: [0, 8, 9, 17, 18, 19, 11, 3, 4, 5, 13, 14, 15, 23, 31, 30, 29, 28, 36, 35, 34, 33, 41, 49, 50, 51, 52, 53, 45, 46, 47, 55]. g_current=16, g_opposite=15, f_max=32, generated=1,006
[00:00:00:05:699] Path of length 31 found: [0, 8, 9, 17, 18, 19, 11, 3, 4, 5, 13, 14, 15, 23, 31, 30, 29, 28, 36, 35, 34, 33, 41, 49, 50, 51, 52, 53, 45, 46, 47, 55]
[00:00:00:06:219] ! Bidirectional. expansions: 1,054, time: 5,699 [ms], path length: 31 [edges], g_F: 15, g_B: 16, generated: 1,831, MM: 1, MMPER: 2.125%
[00:00:00:06:219] 
---------- SM_Grids/7x8_grid_with_random_blocks_12per_8 ----------
[00:00:00:02:952] Path of length 31 found: [0, 8, 16, 24, 32, 33, 34, 42, 50, 51, 52, 53, 45, 37, 36, 28, 27, 19, 18, 10, 2, 3, 4, 5, 6, 14, 22, 30, 31, 39, 47, 55]
[00:00:00:02:953] ! Unidirectional s-t. expansions: 518, time: 2,952 [ms], path length: 31 [edges], generated: 920
[00:00:00:02:762] Path of length 31 found: [55, 47, 39, 31, 30, 22, 14, 6, 5, 4, 3, 2, 10, 18, 19, 27, 28, 36, 37, 45, 53, 52, 51, 43, 42, 34, 33, 32, 24, 16, 8, 0]
[00:00:00:02:763] ! Unidirectional t-s. expansions: 467, time: 2,762 [ms], path length: 31 [edges], generated: 833
[00:00:00:00:185] Expansion 28: New longest path found with length 17: [0, 1, 9, 17, 16, 24, 32, 33, 34, 42, 50, 51, 52, 53, 45, 46, 47, 55]. g_current=8, g_opposite=9, f_max=36, generated=47
[00:00:00:00:369] Expansion 57: New longest path found with length 21: [0, 1, 9, 17, 16, 24, 32, 33, 34, 42, 50, 51, 52, 53, 45, 37, 29, 30, 31, 39, 47, 55]. g_current=7, g_opposite=14, f_max=35, generated=105
[00:00:00:00:750] Expansion 124: New longest path found with length 23: [0, 1, 2, 10, 18, 17, 16, 24, 32, 33, 34, 42, 50, 51, 52, 44, 45, 37, 29, 30, 31, 39, 47, 55]. g_current=10, g_opposite=13, f_max=35, generated=216
[00:00:00:01:281] Expansion 231: New longest path found with length 25: [0, 1, 2, 3, 11, 19, 18, 17, 16, 24, 32, 33, 34, 42, 50, 51, 52, 44, 45, 37, 29, 30, 31, 39, 47, 55]. g_current=11, g_opposite=14, f_max=34, generated=407
[00:00:00:01:487] Expansion 272: New longest path found with length 29: [0, 8, 16, 24, 32, 33, 34, 42, 50, 51, 52, 53, 45, 37, 36, 28, 27, 19, 11, 3, 4, 5, 6, 14, 22, 30, 31, 39, 47, 55]. g_current=12, g_opposite=17, f_max=33, generated=470
[00:00:00:03:550] Expansion 669: New longest path found with length 31: [0, 8, 16, 24, 32, 33, 34, 42, 50, 51, 52, 53, 45, 37, 36, 28, 27, 19, 18, 10, 2, 3, 4, 5, 6, 14, 22, 30, 31, 39, 47, 55]. g_current=14, g_opposite=17, f_max=31, generated=1,213
[00:00:00:03:699] Path of length 31 found: [0, 8, 16, 24, 32, 33, 34, 42, 50, 51, 52, 53, 45, 37, 36, 28, 27, 19, 18, 10, 2, 3, 4, 5, 6, 14, 22, 30, 31, 39, 47, 55]
[00:00:00:04:186] ! Bidirectional. expansions: 669, time: 3,700 [ms], path length: 31 [edges], g_F: 17, g_B: 14, generated: 1,213, MM: 3, MMPER: 8.375%
[00:00:00:04:186] 
---------- SM_Grids/7x8_grid_with_random_blocks_12per_9 ----------
[00:00:00:01:543] Path of length 31 found: [0, 8, 16, 24, 32, 40, 48, 49, 50, 51, 43, 44, 36, 28, 27, 26, 18, 10, 11, 12, 13, 5, 6, 7, 15, 23, 22, 30, 38, 46, 54, 55]
[00:00:00:01:543] ! Unidirectional s-t. expansions: 273, time: 1,543 [ms], path length: 31 [edges], generated: 483
[00:00:00:01:828] Path of length 31 found: [55, 54, 46, 38, 39, 31, 23, 15, 7, 6, 5, 13, 12, 11, 19, 27, 28, 36, 44, 43, 51, 50, 49, 48, 40, 32, 33, 25, 17, 16, 8, 0]
[00:00:00:01:828] ! Unidirectional t-s. expansions: 385, time: 1,828 [ms], path length: 31 [edges], generated: 714
[00:00:00:00:244] Expansion 54: New longest path found with length 19: [0, 8, 16, 17, 18, 19, 20, 21, 13, 5, 6, 7, 15, 23, 31, 39, 38, 46, 54, 55]. g_current=14, g_opposite=5, f_max=36, generated=90
[00:00:00:00:522] Expansion 122: New longest path found with length 21: [0, 8, 16, 24, 25, 26, 27, 28, 29, 21, 13, 5, 6, 7, 15, 23, 31, 39, 38, 46, 54, 55]. g_current=15, g_opposite=6, f_max=35, generated=200
[00:00:00:00:593] Expansion 133: New longest path found with length 27: [0, 8, 16, 24, 32, 40, 48, 49, 50, 51, 43, 44, 36, 28, 29, 21, 13, 5, 6, 7, 15, 23, 31, 39, 38, 46, 54, 55]. g_current=12, g_opposite=15, f_max=35, generated=221
[00:00:00:00:651] Expansion 144: New longest path found with length 29: [0, 8, 16, 24, 32, 40, 48, 49, 50, 51, 43, 35, 34, 26, 18, 19, 20, 21, 13, 5, 6, 7, 15, 23, 31, 39, 38, 46, 54, 55]. g_current=14, g_opposite=15, f_max=35, generated=242
[00:00:00:01:380] Expansion 213: New longest path found with length 31: [0, 8, 16, 24, 32, 40, 48, 49, 50, 51, 43, 44, 36, 28, 27, 26, 18, 10, 11, 12, 13, 5, 6, 7, 15, 23, 31, 39, 38, 46, 54, 55]. g_current=15, g_opposite=16, f_max=34, generated=392
[00:00:00:03:198] Path of length 31 found: [0, 8, 16, 24, 32, 40, 48, 49, 50, 51, 43, 44, 36, 28, 27, 26, 18, 10, 11, 12, 13, 5, 6, 7, 15, 23, 31, 39, 38, 46, 54, 55]
[00:00:00:03:699] ! Bidirectional. expansions: 515, time: 3,198 [ms], path length: 31 [edges], g_F: 15, g_B: 16, generated: 980, MM: 1, MMPER: 2.125%

[00:00:00:03:699] average expansions: (630, 578, 878, 0)
[00:00:00:03:699] average time: (3,211, 3,150, 4,532, 0)
[00:00:00:03:700] XA*: 578 , 3,150 (expansions , time[ms])
[00:00:00:03:700] XMM: 878 , 4,532 (expansions , time[ms])

