------------------------------------
Thu 01 Oct 2026 11:13:28 IDT
SLURM_JOBID:		21942987
SLURM_JOB_NODELIST:	ise-cpu256-10
SLURM_SCRATCH_DIR:	/scratch/shubit/21942987
Allocated Resouces:	cpu - 2 / mem - 61440 MB / gpu - 
SLURM_GPU_INDEX:	
Running as shubit from shimony account with normal QOS
------------------------------------
Thu 01 Oct 2026 11:13:28 IDT

SLURM_JOBID:		 21942987
SLURM_JOB_NODELIST:	 ise-cpu256-10 

--------------------------
date: SM_Grids
number_of_graphs: 10
graph_type: grid
size_of_graphs: [7, 8]
heuristic: bcc_heuristic
snake: True
run_uni: True
run_bi: True
run_multi: False
solution_vertices: []
algorithms: ['A']
lookahead: -2
bsd: False
cube_first_dims: 4
cube_buffer_dim: None
backward_sym_generation: False
sym_coil: False
prefix_set: None

---------- SM_Grids/7x8_grid_with_random_blocks_20per_0 ----------
[00:00:00:01:861] Path of length 19 found: [0, 8, 16, 17, 18, 19, 11, 3, 4, 5, 6, 7, 15, 23, 22, 30, 38, 46, 47, 55]
[00:00:00:01:861] ! Unidirectional s-t. expansions: 1,099, time: 1,861 [ms], path length: 19 [edges], generated: 1,159
[00:00:00:00:168] Path of length 19 found: [55, 47, 46, 38, 30, 22, 23, 15, 7, 6, 5, 4, 3, 11, 19, 18, 17, 9, 1, 0]
[00:00:00:00:168] ! Unidirectional t-s. expansions: 45, time: 168 [ms], path length: 19 [edges], generated: 73
[00:00:00:00:201] Path of length 19 found: [0, 8, 16, 17, 18, 19, 11, 3, 4, 5, 6, 7, 15, 23, 22, 30, 38, 46, 47, 55]
[00:00:00:00:668] ! Bidirectional. expansions: 69, time: 201 [ms], path length: 19 [edges], g_F: 17, g_B: 2, generated: 0, MM: 15, MMPER: 74.0%
[00:00:00:00:668] 
---------- SM_Grids/7x8_grid_with_random_blocks_20per_1 ----------
[00:00:00:00:619] Path of length 27 found: [0, 8, 16, 24, 32, 40, 41, 42, 43, 44, 36, 28, 27, 26, 18, 10, 2, 3, 4, 12, 13, 21, 22, 30, 38, 46, 54, 55]
[00:00:00:00:619] ! Unidirectional s-t. expansions: 170, time: 619 [ms], path length: 27 [edges], generated: 301
[00:00:00:00:510] Path of length 27 found: [55, 54, 46, 45, 44, 36, 28, 29, 30, 22, 14, 13, 5, 4, 3, 2, 10, 18, 26, 34, 42, 41, 40, 32, 24, 16, 8, 0]
[00:00:00:00:511] ! Unidirectional t-s. expansions: 130, time: 510 [ms], path length: 27 [edges], generated: 218
[00:00:00:00:283] Path of length 27 found: [0, 8, 16, 24, 32, 40, 41, 42, 43, 44, 36, 28, 27, 26, 18, 10, 2, 3, 4, 12, 13, 21, 22, 30, 38, 46, 54, 55]
[00:00:00:00:701] ! Bidirectional. expansions: 110, time: 283 [ms], path length: 27 [edges], g_F: 24, g_B: 3, generated: 0, MM: 21, MMPER: 74.0%
[00:00:00:00:701] 
---------- SM_Grids/7x8_grid_with_random_blocks_20per_2 ----------
[00:00:00:00:258] Path of length 21 found: [0, 1, 2, 3, 11, 19, 18, 17, 16, 24, 32, 40, 41, 42, 34, 35, 36, 44, 45, 53, 54, 55]
[00:00:00:00:258] ! Unidirectional s-t. expansions: 56, time: 258 [ms], path length: 21 [edges], generated: 97
[00:00:00:00:220] Path of length 21 found: [55, 54, 53, 45, 44, 36, 35, 34, 42, 41, 40, 32, 24, 16, 17, 18, 19, 11, 3, 2, 1, 0]
[00:00:00:00:221] ! Unidirectional t-s. expansions: 56, time: 220 [ms], path length: 21 [edges], generated: 92
[00:00:00:00:275] Path of length 21 found: [0, 1, 2, 3, 11, 19, 18, 17, 16, 24, 32, 40, 41, 42, 34, 35, 36, 44, 45, 53, 54, 55]
[00:00:00:00:698] ! Bidirectional. expansions: 80, time: 276 [ms], path length: 21 [edges], g_F: 21, g_B: 0, generated: 0, MM: 21, MMPER: 94.45454545454545%
[00:00:00:00:698] 
---------- SM_Grids/7x8_grid_with_random_blocks_20per_3 ----------
[00:00:00:00:360] Path of length 23 found: [0, 8, 16, 24, 25, 26, 18, 10, 11, 12, 4, 5, 6, 7, 15, 23, 22, 21, 29, 37, 45, 46, 47, 55]
[00:00:00:00:360] ! Unidirectional s-t. expansions: 102, time: 360 [ms], path length: 23 [edges], generated: 157
[00:00:00:01:247] Path of length 23 found: [55, 47, 46, 45, 37, 29, 30, 22, 23, 15, 7, 6, 5, 4, 12, 11, 19, 18, 26, 25, 24, 16, 8, 0]
[00:00:00:01:249] ! Unidirectional t-s. expansions: 360, time: 1,248 [ms], path length: 23 [edges], generated: 585
[00:00:00:00:325] Path of length 23 found: [0, 8, 16, 24, 25, 26, 18, 19, 11, 12, 4, 5, 6, 7, 15, 23, 22, 21, 29, 37, 38, 39, 47, 55]
[00:00:00:00:744] ! Bidirectional. expansions: 109, time: 325 [ms], path length: 23 [edges], g_F: 20, g_B: 3, generated: 0, MM: 17, MMPER: 69.83333333333333%
[00:00:00:00:744] 
---------- SM_Grids/7x8_grid_with_random_blocks_20per_4 ----------
[00:00:00:00:841] Path of length 21 found: [0, 8, 16, 17, 25, 26, 27, 19, 20, 12, 4, 5, 6, 14, 15, 23, 31, 30, 38, 46, 47, 55]
[00:00:00:00:841] ! Unidirectional s-t. expansions: 187, time: 841 [ms], path length: 21 [edges], generated: 362
[00:00:00:01:413] Path of length 21 found: [55, 47, 46, 38, 30, 31, 23, 15, 14, 6, 5, 4, 12, 20, 28, 27, 26, 25, 17, 9, 1, 0]
[00:00:00:01:413] ! Unidirectional t-s. expansions: 383, time: 1,413 [ms], path length: 21 [edges], generated: 666
[00:00:00:01:026] Path of length 21 found: [0, 8, 16, 17, 25, 26, 27, 19, 20, 12, 4, 5, 6, 14, 15, 23, 31, 30, 38, 46, 47, 55]
[00:00:00:01:454] ! Bidirectional. expansions: 307, time: 1,026 [ms], path length: 21 [edges], g_F: 17, g_B: 4, generated: 0, MM: 13, MMPER: 58.09090909090909%
[00:00:00:01:454] 
---------- SM_Grids/7x8_grid_with_random_blocks_20per_5 ----------
[00:00:00:00:491] Path of length 19 found: [0, 1, 9, 17, 25, 26, 27, 28, 20, 12, 4, 5, 6, 7, 15, 23, 31, 39, 47, 55]
[00:00:00:00:491] ! Unidirectional s-t. expansions: 130, time: 491 [ms], path length: 19 [edges], generated: 208
[00:00:00:00:641] Path of length 19 found: [55, 47, 46, 45, 44, 52, 51, 50, 42, 34, 35, 27, 28, 20, 12, 4, 3, 2, 1, 0]
[00:00:00:00:641] ! Unidirectional t-s. expansions: 188, time: 641 [ms], path length: 19 [edges], generated: 291
[00:00:00:00:756] Path of length 19 found: [0, 1, 2, 10, 18, 26, 27, 28, 20, 12, 4, 5, 6, 7, 15, 23, 31, 39, 47, 55]
[00:00:00:01:171] ! Bidirectional. expansions: 320, time: 756 [ms], path length: 19 [edges], g_F: 6, g_B: 13, generated: 0, MM: 7, MMPER: 34.0%
[00:00:00:01:171] 
---------- SM_Grids/7x8_grid_with_random_blocks_20per_6 ----------
[00:00:00:04:640] Path of length 15 found: [0, 1, 2, 10, 18, 26, 27, 35, 43, 51, 52, 53, 45, 46, 47, 55]
[00:00:00:04:640] ! Unidirectional s-t. expansions: 2,192, time: 4,640 [ms], path length: 15 [edges], generated: 2,436
[00:00:00:00:696] Path of length 15 found: [55, 47, 46, 45, 44, 52, 51, 50, 42, 34, 26, 25, 17, 9, 1, 0]
[00:00:00:00:697] ! Unidirectional t-s. expansions: 179, time: 696 [ms], path length: 15 [edges], generated: 291
[00:00:00:01:733] Path of length 15 found: [0, 8, 16, 17, 25, 26, 34, 42, 50, 51, 52, 44, 45, 46, 47, 55]
[00:00:00:02:146] ! Bidirectional. expansions: 867, time: 1,733 [ms], path length: 15 [edges], g_F: 14, g_B: 1, generated: 0, MM: 13, MMPER: 80.25%
[00:00:00:02:146] 
---------- SM_Grids/7x8_grid_with_random_blocks_20per_7 ----------
[00:00:00:00:411] Path of length 27 found: [0, 8, 16, 24, 32, 33, 34, 26, 18, 10, 11, 12, 13, 5, 6, 7, 15, 23, 22, 30, 29, 28, 36, 44, 45, 46, 54, 55]
[00:00:00:00:411] ! Unidirectional s-t. expansions: 123, time: 411 [ms], path length: 27 [edges], generated: 183
[00:00:00:00:513] Path of length 27 found: [55, 47, 46, 45, 44, 36, 28, 29, 30, 22, 23, 15, 7, 6, 5, 13, 12, 11, 19, 18, 26, 34, 33, 32, 24, 16, 8, 0]
[00:00:00:00:513] ! Unidirectional t-s. expansions: 176, time: 513 [ms], path length: 27 [edges], generated: 255
[00:00:00:00:429] Path of length 27 found: [0, 8, 16, 24, 32, 33, 34, 26, 18, 10, 11, 12, 13, 5, 6, 7, 15, 23, 22, 30, 29, 28, 36, 44, 45, 46, 47, 55]
[00:00:00:00:880] ! Bidirectional. expansions: 154, time: 429 [ms], path length: 27 [edges], g_F: 9, g_B: 18, generated: 0, MM: 9, MMPER: 31.142857142857146%
[00:00:00:00:880] 
---------- SM_Grids/7x8_grid_with_random_blocks_20per_8 ----------
[00:00:00:00:439] Path of length 27 found: [0, 1, 2, 10, 18, 17, 16, 24, 32, 33, 34, 35, 27, 28, 20, 12, 4, 5, 6, 14, 22, 30, 38, 37, 45, 53, 54, 55]
[00:00:00:00:440] ! Unidirectional s-t. expansions: 104, time: 439 [ms], path length: 27 [edges], generated: 187
[00:00:00:00:361] Path of length 27 found: [55, 54, 53, 45, 37, 38, 30, 22, 14, 6, 5, 4, 12, 20, 28, 27, 35, 34, 33, 32, 24, 16, 17, 18, 10, 2, 1, 0]
[00:00:00:00:361] ! Unidirectional t-s. expansions: 83, time: 361 [ms], path length: 27 [edges], generated: 139
[00:00:00:00:483] Path of length 27 found: [0, 1, 2, 10, 18, 17, 16, 24, 32, 33, 34, 35, 27, 28, 20, 12, 4, 5, 6, 14, 22, 30, 38, 37, 45, 53, 54, 55]
[00:00:00:00:896] ! Bidirectional. expansions: 156, time: 483 [ms], path length: 27 [edges], g_F: 23, g_B: 4, generated: 0, MM: 19, MMPER: 66.85714285714286%
[00:00:00:00:896] 
---------- SM_Grids/7x8_grid_with_random_blocks_20per_9 ----------
[00:00:00:00:210] Path of length 19 found: [0, 1, 2, 3, 4, 12, 20, 19, 18, 17, 25, 33, 34, 35, 36, 44, 45, 46, 54, 55]
[00:00:00:00:210] ! Unidirectional s-t. expansions: 47, time: 210 [ms], path length: 19 [edges], generated: 84
[00:00:00:00:512] Path of length 19 found: [55, 47, 39, 38, 37, 36, 35, 34, 33, 25, 17, 18, 19, 20, 12, 4, 3, 2, 1, 0]
[00:00:00:00:513] ! Unidirectional t-s. expansions: 104, time: 512 [ms], path length: 19 [edges], generated: 218
[00:00:00:00:645] Path of length 19 found: [0, 1, 2, 3, 4, 12, 20, 19, 18, 17, 25, 33, 34, 35, 36, 37, 45, 46, 47, 55]
[00:00:00:01:049] ! Bidirectional. expansions: 258, time: 645 [ms], path length: 19 [edges], g_F: 12, g_B: 7, generated: 0, MM: 5, MMPER: 24.0%

[00:00:00:01:049] average expansions: (421, 170, 243, 0)
[00:00:00:01:049] average time: (1,013, 628, 616, 0)
[00:00:00:01:049] XA*: 170 , 628 (expansions , time[ms])
[00:00:00:01:049] BiXA*: 243 , 616 (expansions , time[ms])

