------------------------------------
Thu 01 Oct 2026 14:22:24 IDT
SLURM_JOBID:		21950195
SLURM_JOB_NODELIST:	ise-cpu256-14
SLURM_SCRATCH_DIR:	/scratch/shubit/21950195
Allocated Resouces:	cpu - 2 / mem - 61440 MB / gpu - 
SLURM_GPU_INDEX:	
Running as shubit from shimony account with normal QOS
------------------------------------
Thu 01 Oct 2026 14:22:25 IDT

SLURM_JOBID:		 21950195
SLURM_JOB_NODELIST:	 ise-cpu256-14 

--------------------------
date: SM_Grids
number_of_graphs: 10
graph_type: grid
size_of_graphs: [7, 7]
heuristic: bcc_heuristic
snake: True
run_uni: True
run_bi: True
run_multi: False
solution_vertices: []
algorithms: ['DFBnB']
lookahead: 1
bsd: False
cube_first_dims: 4
cube_buffer_dim: None
backward_sym_generation: False
sym_coil: False
prefix_set: None

---------- SM_Grids/7x7_grid_with_random_blocks_16per_0 ----------
[00:00:00:00:214] Path of length 22 found: [0, 7, 14, 21, 28, 35, 42, 43, 44, 37, 30, 31, 24, 17, 18, 19, 20, 27, 34, 33, 40, 47, 48]
[00:00:00:00:214] ! Unidirectional s-t. expansions: 83, time: 214 [ms], path length: 22 [edges], generated: 139
[00:00:00:00:590] Path of length 22 found: [48, 41, 34, 27, 20, 19, 18, 17, 24, 31, 32, 39, 46, 45, 44, 37, 36, 29, 22, 21, 14, 7, 0]
[00:00:00:00:590] ! Unidirectional t-s. expansions: 291, time: 590 [ms], path length: 22 [edges], generated: 424
[00:00:00:01:896] Path of length 22 found: [0, 7, 14, 21, 22, 29, 36, 43, 44, 45, 46, 39, 32, 31, 24, 17, 18, 19, 20, 27, 34, 41, 48]
[00:00:00:02:275] ! Bidirectional. expansions: 489, time: 1,897 [ms], path length: 22 [edges], g_F: 8, g_B: 14, generated: 0, MM: 6, MMPER: 25.08695652173913%
[00:00:00:02:275] 
---------- SM_Grids/7x7_grid_with_random_blocks_16per_1 ----------
[00:00:00:00:301] Path of length 26 found: [0, 1, 2, 9, 10, 11, 12, 13, 20, 27, 26, 25, 24, 31, 30, 29, 28, 35, 42, 43, 44, 45, 46, 39, 40, 41, 48]
[00:00:00:00:301] ! Unidirectional s-t. expansions: 102, time: 301 [ms], path length: 26 [edges], generated: 173
[00:00:00:01:163] Path of length 26 found: [48, 41, 40, 39, 46, 45, 44, 43, 42, 35, 28, 29, 30, 31, 24, 25, 26, 27, 20, 13, 12, 5, 4, 3, 2, 1, 0]
[00:00:00:01:164] ! Unidirectional t-s. expansions: 531, time: 1,164 [ms], path length: 26 [edges], generated: 692
[00:00:00:01:914] Path of length 26 found: [0, 1, 2, 9, 10, 11, 12, 13, 20, 27, 26, 25, 24, 31, 30, 29, 28, 35, 42, 43, 44, 45, 46, 39, 40, 41, 48]
[00:00:00:02:292] ! Bidirectional. expansions: 366, time: 1,914 [ms], path length: 26 [edges], g_F: 7, g_B: 19, generated: 0, MM: 12, MMPER: 43.44444444444444%
[00:00:00:02:292] 
---------- SM_Grids/7x7_grid_with_random_blocks_16per_2 ----------
[00:00:00:01:049] Path of length 24 found: [0, 1, 2, 3, 4, 5, 12, 19, 18, 17, 16, 23, 22, 29, 36, 43, 44, 45, 38, 31, 32, 33, 40, 47, 48]
[00:00:00:01:049] ! Unidirectional s-t. expansions: 323, time: 1,049 [ms], path length: 24 [edges], generated: 633
[00:00:00:00:412] Path of length 24 found: [48, 47, 40, 33, 32, 31, 38, 45, 44, 43, 36, 29, 22, 23, 16, 17, 18, 19, 12, 5, 4, 3, 2, 1, 0]
[00:00:00:00:412] ! Unidirectional t-s. expansions: 126, time: 412 [ms], path length: 24 [edges], generated: 241
[00:00:00:02:759] Path of length 24 found: [0, 1, 2, 3, 4, 5, 12, 19, 18, 17, 16, 23, 22, 29, 36, 43, 44, 45, 38, 31, 32, 33, 40, 47, 48]
[00:00:00:03:106] ! Bidirectional. expansions: 579, time: 2,759 [ms], path length: 24 [edges], g_F: 15, g_B: 9, generated: 0, MM: 6, MMPER: 23.0%
[00:00:00:03:107] 
---------- SM_Grids/7x7_grid_with_random_blocks_16per_3 ----------
[00:00:00:00:573] Path of length 22 found: [0, 1, 2, 3, 4, 11, 18, 17, 16, 15, 14, 21, 28, 35, 36, 37, 30, 31, 32, 33, 40, 47, 48]
[00:00:00:00:574] ! Unidirectional s-t. expansions: 227, time: 573 [ms], path length: 22 [edges], generated: 347
[00:00:00:00:957] Path of length 22 found: [48, 47, 46, 39, 32, 33, 26, 19, 18, 17, 24, 23, 30, 37, 36, 35, 28, 21, 14, 15, 8, 1, 0]
[00:00:00:00:957] ! Unidirectional t-s. expansions: 329, time: 957 [ms], path length: 22 [edges], generated: 523
[00:00:00:03:052] Path of length 22 found: [0, 1, 2, 3, 4, 11, 18, 17, 16, 15, 14, 21, 28, 35, 36, 37, 30, 31, 32, 39, 46, 47, 48]
[00:00:00:03:403] ! Bidirectional. expansions: 699, time: 3,052 [ms], path length: 22 [edges], g_F: 15, g_B: 7, generated: 0, MM: 8, MMPER: 33.78260869565217%
[00:00:00:03:404] 
---------- SM_Grids/7x7_grid_with_random_blocks_16per_4 ----------
[00:00:00:00:463] Path of length 26 found: [0, 7, 14, 21, 28, 35, 42, 43, 44, 45, 38, 31, 30, 23, 16, 9, 10, 11, 12, 19, 20, 27, 34, 33, 40, 47, 48]
[00:00:00:00:464] ! Unidirectional s-t. expansions: 173, time: 464 [ms], path length: 26 [edges], generated: 243
[00:00:00:00:204] Path of length 26 found: [48, 47, 40, 33, 34, 27, 20, 13, 12, 11, 10, 9, 16, 23, 30, 31, 38, 45, 44, 43, 36, 35, 28, 21, 14, 7, 0]
[00:00:00:00:204] ! Unidirectional t-s. expansions: 60, time: 204 [ms], path length: 26 [edges], generated: 103
[00:00:00:01:839] Path of length 26 found: [0, 7, 14, 21, 28, 35, 42, 43, 44, 45, 38, 31, 30, 23, 16, 9, 10, 11, 12, 19, 20, 27, 34, 33, 40, 47, 48]
[00:00:00:02:184] ! Bidirectional. expansions: 460, time: 1,839 [ms], path length: 26 [edges], g_F: 20, g_B: 6, generated: 0, MM: 14, MMPER: 50.851851851851855%
[00:00:00:02:184] 
---------- SM_Grids/7x7_grid_with_random_blocks_16per_5 ----------
[00:00:00:00:237] Path of length 26 found: [0, 1, 2, 9, 16, 15, 14, 21, 28, 29, 30, 37, 38, 39, 32, 25, 18, 11, 4, 5, 6, 13, 20, 27, 34, 41, 48]
[00:00:00:00:237] ! Unidirectional s-t. expansions: 64, time: 237 [ms], path length: 26 [edges], generated: 116
[00:00:00:00:415] Path of length 26 found: [48, 41, 34, 27, 20, 13, 6, 5, 4, 11, 18, 25, 32, 39, 38, 37, 30, 29, 28, 21, 14, 15, 16, 9, 2, 1, 0]
[00:00:00:00:416] ! Unidirectional t-s. expansions: 157, time: 415 [ms], path length: 26 [edges], generated: 255
[00:00:00:00:779] Path of length 26 found: [0, 1, 2, 9, 16, 15, 14, 21, 28, 29, 30, 37, 38, 39, 32, 25, 18, 11, 4, 5, 6, 13, 20, 27, 34, 41, 48]
[00:00:00:01:121] ! Bidirectional. expansions: 144, time: 779 [ms], path length: 26 [edges], g_F: 17, g_B: 9, generated: 0, MM: 8, MMPER: 28.62962962962963%
[00:00:00:01:121] 
---------- SM_Grids/7x7_grid_with_random_blocks_16per_6 ----------
[00:00:00:00:233] Path of length 26 found: [0, 1, 8, 15, 22, 23, 30, 37, 44, 45, 46, 39, 32, 25, 18, 17, 10, 3, 4, 5, 12, 13, 20, 27, 34, 41, 48]
[00:00:00:00:233] ! Unidirectional s-t. expansions: 68, time: 233 [ms], path length: 26 [edges], generated: 113
[00:00:00:00:458] Path of length 26 found: [48, 41, 34, 27, 20, 13, 6, 5, 4, 3, 10, 17, 18, 25, 32, 39, 46, 45, 44, 37, 30, 23, 22, 15, 8, 1, 0]
[00:00:00:00:459] ! Unidirectional t-s. expansions: 243, time: 458 [ms], path length: 26 [edges], generated: 286
[00:00:00:00:846] Path of length 26 found: [0, 1, 8, 15, 22, 23, 30, 37, 44, 45, 46, 39, 32, 25, 18, 17, 10, 3, 4, 5, 6, 13, 20, 27, 34, 41, 48]
[00:00:00:01:188] ! Bidirectional. expansions: 164, time: 846 [ms], path length: 26 [edges], g_F: 19, g_B: 7, generated: 0, MM: 12, MMPER: 43.44444444444444%
[00:00:00:01:188] 
---------- SM_Grids/7x7_grid_with_random_blocks_16per_7 ----------
[00:00:00:00:687] Path of length 26 found: [0, 7, 8, 15, 22, 21, 28, 35, 36, 37, 30, 31, 24, 25, 18, 11, 4, 5, 6, 13, 20, 27, 34, 33, 40, 47, 48]
[00:00:00:00:687] ! Unidirectional s-t. expansions: 431, time: 687 [ms], path length: 26 [edges], generated: 563
[00:00:00:00:389] Path of length 26 found: [48, 47, 40, 33, 34, 27, 20, 13, 6, 5, 4, 3, 10, 17, 24, 31, 30, 37, 36, 35, 28, 21, 14, 15, 8, 1, 0]
[00:00:00:00:390] ! Unidirectional t-s. expansions: 159, time: 389 [ms], path length: 26 [edges], generated: 235
[00:00:00:02:029] Path of length 26 found: [0, 7, 8, 15, 22, 21, 28, 35, 36, 37, 30, 31, 24, 17, 10, 3, 4, 5, 6, 13, 20, 27, 34, 33, 40, 47, 48]
[00:00:00:02:413] ! Bidirectional. expansions: 534, time: 2,029 [ms], path length: 26 [edges], g_F: 13, g_B: 13, generated: 0, MM: 0, MMPER: -1.0%
[00:00:00:02:413] 
---------- SM_Grids/7x7_grid_with_random_blocks_16per_8 ----------
[00:00:00:00:371] Path of length 30 found: [0, 1, 2, 9, 16, 15, 22, 21, 28, 35, 42, 43, 44, 37, 30, 31, 24, 25, 18, 11, 4, 5, 6, 13, 20, 27, 34, 33, 40, 47, 48]
[00:00:00:00:372] ! Unidirectional s-t. expansions: 177, time: 371 [ms], path length: 30 [edges], generated: 233
[00:00:00:00:321] Path of length 30 found: [48, 47, 40, 33, 34, 27, 20, 13, 6, 5, 4, 11, 18, 25, 24, 31, 30, 37, 44, 43, 42, 35, 28, 21, 22, 15, 16, 9, 2, 1, 0]
[00:00:00:00:321] ! Unidirectional t-s. expansions: 220, time: 321 [ms], path length: 30 [edges], generated: 246
[00:00:00:00:278] Path of length 30 found: [0, 1, 2, 9, 16, 15, 22, 21, 28, 35, 42, 43, 44, 37, 30, 31, 24, 25, 18, 11, 4, 5, 6, 13, 20, 27, 34, 33, 40, 47, 48]
[00:00:00:00:619] ! Bidirectional. expansions: 45, time: 278 [ms], path length: 30 [edges], g_F: 14, g_B: 16, generated: 0, MM: 2, MMPER: 5.451612903225806%
[00:00:00:00:619] 
---------- SM_Grids/7x7_grid_with_random_blocks_16per_9 ----------
[00:00:00:01:295] Path of length 24 found: [0, 7, 8, 9, 16, 23, 22, 21, 28, 35, 42, 43, 44, 45, 46, 39, 32, 25, 18, 19, 20, 27, 34, 41, 48]
[00:00:00:01:296] ! Unidirectional s-t. expansions: 547, time: 1,295 [ms], path length: 24 [edges], generated: 864
[00:00:00:00:707] Path of length 24 found: [48, 41, 34, 27, 20, 19, 18, 17, 24, 31, 32, 39, 46, 45, 44, 37, 36, 35, 28, 21, 22, 15, 8, 1, 0]
[00:00:00:00:707] ! Unidirectional t-s. expansions: 330, time: 707 [ms], path length: 24 [edges], generated: 488
[00:00:00:03:525] Path of length 24 found: [0, 7, 8, 9, 16, 23, 22, 21, 28, 35, 42, 43, 44, 45, 46, 39, 32, 25, 18, 19, 20, 27, 34, 41, 48]
[00:00:00:03:874] ! Bidirectional. expansions: 699, time: 3,525 [ms], path length: 24 [edges], g_F: 13, g_B: 11, generated: 0, MM: 2, MMPER: 7.0%

[00:00:00:03:874] average expansions: (220, 245, 418, 0)
[00:00:00:03:874] average time: (542, 562, 1,892, 0)
[00:00:00:03:874] XDFBnB: 220 , 542 (expansions , time[ms])
[00:00:00:03:874] BiXDFBnB: 418 , 1,892 (expansions , time[ms])

