------------------------------------
Thu 01 Oct 2026 14:22:41 IDT
SLURM_JOBID:		21950197
SLURM_JOB_NODELIST:	ise-cpu256-09
SLURM_SCRATCH_DIR:	/scratch/shubit/21950197
Allocated Resouces:	cpu - 2 / mem - 61440 MB / gpu - 
SLURM_GPU_INDEX:	
Running as shubit from shimony account with normal QOS
------------------------------------
Thu 01 Oct 2026 14:22:41 IDT

SLURM_JOBID:		 21950197
SLURM_JOB_NODELIST:	 ise-cpu256-09 

--------------------------
date: SM_Grids
number_of_graphs: 10
graph_type: grid
size_of_graphs: [7, 7]
heuristic: bcc_heuristic
snake: True
run_uni: True
run_bi: True
run_multi: False
solution_vertices: []
algorithms: ['DFBnB']
lookahead: 3
bsd: False
cube_first_dims: 4
cube_buffer_dim: None
backward_sym_generation: False
sym_coil: False
prefix_set: None

---------- SM_Grids/7x7_grid_with_random_blocks_16per_0 ----------
[00:00:00:00:229] Path of length 22 found: [0, 7, 14, 21, 28, 35, 42, 43, 44, 37, 30, 31, 24, 17, 18, 19, 20, 27, 34, 33, 40, 47, 48]
[00:00:00:00:229] ! Unidirectional s-t. expansions: 27, time: 229 [ms], path length: 22 [edges], generated: 254
[00:00:00:00:563] Path of length 22 found: [48, 41, 34, 27, 20, 19, 18, 17, 24, 31, 32, 39, 46, 45, 44, 37, 36, 29, 22, 21, 14, 7, 0]
[00:00:00:00:564] ! Unidirectional t-s. expansions: 88, time: 563 [ms], path length: 22 [edges], generated: 696
[00:00:00:00:996] Path of length 22 found: [0, 7, 14, 21, 22, 29, 36, 43, 44, 45, 46, 39, 32, 31, 24, 17, 18, 19, 20, 27, 34, 41, 48]
[00:00:00:01:397] ! Bidirectional. expansions: 50, time: 996 [ms], path length: 22 [edges], g_F: 13, g_B: 9, generated: 0, MM: 4, MMPER: 16.391304347826086%
[00:00:00:01:397] 
---------- SM_Grids/7x7_grid_with_random_blocks_16per_1 ----------
[00:00:00:00:274] Path of length 26 found: [0, 1, 2, 9, 10, 11, 12, 13, 20, 27, 26, 25, 24, 31, 30, 29, 28, 35, 42, 43, 44, 45, 46, 39, 40, 41, 48]
[00:00:00:00:274] ! Unidirectional s-t. expansions: 29, time: 274 [ms], path length: 26 [edges], generated: 288
[00:00:00:00:962] Path of length 26 found: [48, 41, 40, 39, 46, 45, 44, 43, 42, 35, 28, 29, 30, 31, 24, 25, 26, 27, 20, 13, 12, 5, 4, 3, 2, 1, 0]
[00:00:00:00:962] ! Unidirectional t-s. expansions: 205, time: 962 [ms], path length: 26 [edges], generated: 1,140
[00:00:00:00:938] Path of length 26 found: [0, 1, 2, 9, 10, 11, 12, 13, 20, 27, 26, 25, 24, 31, 30, 29, 28, 35, 42, 43, 44, 45, 46, 39, 40, 41, 48]
[00:00:00:01:311] ! Bidirectional. expansions: 64, time: 938 [ms], path length: 26 [edges], g_F: 16, g_B: 10, generated: 0, MM: 6, MMPER: 21.22222222222222%
[00:00:00:01:312] 
---------- SM_Grids/7x7_grid_with_random_blocks_16per_2 ----------
[00:00:00:00:938] Path of length 24 found: [0, 1, 2, 3, 4, 5, 12, 19, 18, 17, 16, 23, 22, 29, 36, 43, 44, 45, 38, 31, 32, 33, 40, 47, 48]
[00:00:00:00:939] ! Unidirectional s-t. expansions: 97, time: 938 [ms], path length: 24 [edges], generated: 968
[00:00:00:00:435] Path of length 24 found: [48, 47, 40, 33, 32, 31, 38, 45, 44, 43, 36, 29, 22, 23, 16, 17, 18, 19, 12, 5, 4, 3, 2, 1, 0]
[00:00:00:00:435] ! Unidirectional t-s. expansions: 42, time: 435 [ms], path length: 24 [edges], generated: 485
[00:00:00:01:918] Path of length 24 found: [0, 1, 2, 3, 4, 5, 12, 19, 18, 17, 16, 23, 22, 29, 36, 43, 44, 45, 38, 31, 32, 33, 40, 47, 48]
[00:00:00:02:313] ! Bidirectional. expansions: 152, time: 1,918 [ms], path length: 24 [edges], g_F: 13, g_B: 11, generated: 0, MM: 2, MMPER: 7.0%
[00:00:00:02:313] 
---------- SM_Grids/7x7_grid_with_random_blocks_16per_3 ----------
[00:00:00:00:675] Path of length 22 found: [0, 1, 2, 3, 4, 11, 18, 17, 16, 15, 14, 21, 28, 35, 36, 37, 30, 31, 32, 39, 46, 47, 48]
[00:00:00:00:676] ! Unidirectional s-t. expansions: 126, time: 675 [ms], path length: 22 [edges], generated: 754
[00:00:00:00:863] Path of length 22 found: [48, 47, 46, 39, 32, 33, 26, 19, 18, 17, 24, 23, 30, 37, 36, 35, 28, 21, 14, 15, 8, 1, 0]
[00:00:00:00:863] ! Unidirectional t-s. expansions: 117, time: 863 [ms], path length: 22 [edges], generated: 870
[00:00:00:02:353] Path of length 22 found: [0, 1, 2, 3, 4, 11, 18, 17, 16, 15, 14, 21, 28, 35, 36, 37, 30, 31, 32, 39, 46, 47, 48]
[00:00:00:02:744] ! Bidirectional. expansions: 145, time: 2,353 [ms], path length: 22 [edges], g_F: 13, g_B: 9, generated: 0, MM: 4, MMPER: 16.391304347826086%
[00:00:00:02:744] 
---------- SM_Grids/7x7_grid_with_random_blocks_16per_4 ----------
[00:00:00:00:278] Path of length 26 found: [0, 7, 14, 21, 28, 35, 42, 43, 44, 45, 38, 31, 30, 23, 16, 9, 10, 11, 12, 19, 20, 27, 34, 33, 40, 47, 48]
[00:00:00:00:279] ! Unidirectional s-t. expansions: 45, time: 278 [ms], path length: 26 [edges], generated: 285
[00:00:00:00:191] Path of length 26 found: [48, 41, 40, 33, 26, 27, 20, 13, 12, 11, 10, 9, 16, 23, 30, 31, 38, 45, 44, 43, 36, 35, 28, 21, 14, 7, 0]
[00:00:00:00:191] ! Unidirectional t-s. expansions: 22, time: 191 [ms], path length: 26 [edges], generated: 165
[00:00:00:00:906] Path of length 26 found: [0, 7, 14, 21, 28, 35, 42, 43, 44, 45, 38, 31, 30, 23, 16, 9, 10, 11, 12, 13, 20, 27, 34, 33, 40, 47, 48]
[00:00:00:01:364] ! Bidirectional. expansions: 96, time: 906 [ms], path length: 26 [edges], g_F: 16, g_B: 10, generated: 0, MM: 6, MMPER: 21.22222222222222%
[00:00:00:01:364] 
---------- SM_Grids/7x7_grid_with_random_blocks_16per_5 ----------
[00:00:00:00:283] Path of length 26 found: [0, 1, 2, 9, 16, 15, 14, 21, 28, 29, 30, 37, 38, 39, 32, 25, 18, 11, 4, 5, 6, 13, 20, 27, 34, 41, 48]
[00:00:00:00:284] ! Unidirectional s-t. expansions: 23, time: 283 [ms], path length: 26 [edges], generated: 219
[00:00:00:00:298] Path of length 26 found: [48, 41, 34, 27, 20, 13, 6, 5, 4, 11, 18, 25, 32, 39, 38, 37, 30, 29, 28, 21, 14, 15, 16, 9, 2, 1, 0]
[00:00:00:00:299] ! Unidirectional t-s. expansions: 37, time: 298 [ms], path length: 26 [edges], generated: 293
[00:00:00:00:872] Path of length 26 found: [0, 1, 2, 9, 16, 15, 14, 21, 28, 29, 30, 37, 38, 39, 32, 25, 18, 11, 4, 5, 6, 13, 20, 27, 34, 41, 48]
[00:00:00:01:255] ! Bidirectional. expansions: 39, time: 872 [ms], path length: 26 [edges], g_F: 13, g_B: 13, generated: 0, MM: 0, MMPER: -1.0%
[00:00:00:01:256] 
---------- SM_Grids/7x7_grid_with_random_blocks_16per_6 ----------
[00:00:00:00:394] Path of length 26 found: [0, 1, 8, 15, 22, 23, 30, 37, 44, 45, 46, 39, 32, 25, 18, 17, 10, 3, 4, 5, 12, 13, 20, 27, 34, 41, 48]
[00:00:00:00:395] ! Unidirectional s-t. expansions: 40, time: 394 [ms], path length: 26 [edges], generated: 362
[00:00:00:00:235] Path of length 26 found: [48, 41, 34, 27, 20, 13, 6, 5, 4, 3, 10, 17, 18, 25, 32, 39, 46, 45, 44, 37, 30, 23, 22, 15, 8, 1, 0]
[00:00:00:00:236] ! Unidirectional t-s. expansions: 27, time: 235 [ms], path length: 26 [edges], generated: 220
[00:00:00:00:448] Path of length 26 found: [0, 1, 8, 15, 22, 23, 30, 37, 44, 45, 46, 39, 32, 25, 18, 17, 10, 3, 4, 5, 6, 13, 20, 27, 34, 41, 48]
[00:00:00:00:817] ! Bidirectional. expansions: 24, time: 448 [ms], path length: 26 [edges], g_F: 15, g_B: 11, generated: 0, MM: 4, MMPER: 13.814814814814815%
[00:00:00:00:817] 
---------- SM_Grids/7x7_grid_with_random_blocks_16per_7 ----------
[00:00:00:00:894] Path of length 26 found: [0, 7, 8, 15, 22, 21, 28, 35, 36, 37, 30, 31, 24, 17, 10, 3, 4, 5, 6, 13, 20, 19, 26, 33, 40, 47, 48]
[00:00:00:00:894] ! Unidirectional s-t. expansions: 316, time: 894 [ms], path length: 26 [edges], generated: 1,325
[00:00:00:00:278] Path of length 26 found: [48, 47, 40, 33, 34, 27, 20, 13, 6, 5, 4, 3, 10, 17, 24, 31, 30, 37, 36, 35, 28, 21, 14, 15, 8, 1, 0]
[00:00:00:00:279] ! Unidirectional t-s. expansions: 63, time: 279 [ms], path length: 26 [edges], generated: 370
[00:00:00:00:647] Path of length 26 found: [0, 7, 8, 15, 22, 21, 28, 35, 36, 37, 30, 31, 24, 25, 18, 11, 4, 5, 6, 13, 20, 27, 34, 33, 40, 47, 48]
[00:00:00:00:997] ! Bidirectional. expansions: 76, time: 648 [ms], path length: 26 [edges], g_F: 15, g_B: 11, generated: 0, MM: 4, MMPER: 13.814814814814815%
[00:00:00:00:998] 
---------- SM_Grids/7x7_grid_with_random_blocks_16per_8 ----------
[00:00:00:00:376] Path of length 30 found: [0, 1, 2, 9, 16, 15, 22, 21, 28, 35, 42, 43, 44, 37, 30, 31, 24, 25, 18, 11, 4, 5, 6, 13, 20, 27, 34, 33, 40, 47, 48]
[00:00:00:00:377] ! Unidirectional s-t. expansions: 69, time: 377 [ms], path length: 30 [edges], generated: 437
[00:00:00:00:202] Path of length 30 found: [48, 47, 40, 33, 34, 27, 20, 13, 6, 5, 4, 11, 18, 25, 24, 31, 30, 37, 44, 43, 42, 35, 28, 21, 22, 15, 16, 9, 2, 1, 0]
[00:00:00:00:202] ! Unidirectional t-s. expansions: 36, time: 202 [ms], path length: 30 [edges], generated: 241
[00:00:00:00:391] Path of length 30 found: [0, 1, 2, 9, 16, 15, 22, 21, 28, 35, 42, 43, 44, 37, 30, 31, 24, 25, 18, 11, 4, 5, 6, 13, 20, 27, 34, 33, 40, 47, 48]
[00:00:00:00:746] ! Bidirectional. expansions: 38, time: 392 [ms], path length: 30 [edges], g_F: 17, g_B: 13, generated: 0, MM: 4, MMPER: 11.903225806451612%
[00:00:00:00:746] 
---------- SM_Grids/7x7_grid_with_random_blocks_16per_9 ----------
[00:00:00:01:131] Path of length 24 found: [0, 1, 2, 3, 10, 17, 16, 15, 22, 21, 28, 35, 42, 43, 44, 45, 46, 39, 32, 25, 26, 27, 34, 41, 48]
[00:00:00:01:132] ! Unidirectional s-t. expansions: 184, time: 1,131 [ms], path length: 24 [edges], generated: 1,551
[00:00:00:00:630] Path of length 24 found: [48, 41, 34, 27, 20, 19, 18, 25, 32, 39, 46, 45, 44, 43, 42, 35, 28, 21, 22, 15, 16, 9, 2, 1, 0]
[00:00:00:00:631] ! Unidirectional t-s. expansions: 111, time: 630 [ms], path length: 24 [edges], generated: 884
[00:00:00:01:701] Path of length 24 found: [0, 7, 8, 9, 16, 23, 22, 21, 28, 35, 42, 43, 44, 45, 46, 39, 32, 25, 18, 19, 20, 27, 34, 41, 48]
[00:00:00:02:054] ! Bidirectional. expansions: 106, time: 1,701 [ms], path length: 24 [edges], g_F: 12, g_B: 12, generated: 0, MM: 0, MMPER: -1.0%

[00:00:00:02:055] average expansions: (96, 75, 79, 0)
[00:00:00:02:055] average time: (547, 466, 1,117, 0)
[00:00:00:02:055] XDFBnB: 75 , 466 (expansions , time[ms])
[00:00:00:02:055] BiXDFBnB: 79 , 1,117 (expansions , time[ms])

