------------------------------------
Thu 01 Oct 2026 14:25:23 IDT
SLURM_JOBID:		21950220
SLURM_JOB_NODELIST:	ise-cpu256-08
SLURM_SCRATCH_DIR:	/scratch/shubit/21950220
Allocated Resouces:	cpu - 2 / mem - 61440 MB / gpu - 
SLURM_GPU_INDEX:	
Running as shubit from shimony account with normal QOS
------------------------------------
Thu 01 Oct 2026 14:25:23 IDT

SLURM_JOBID:		 21950220
SLURM_JOB_NODELIST:	 ise-cpu256-08 

--------------------------
date: SM_Grids
number_of_graphs: 10
graph_type: grid
size_of_graphs: [7, 8]
heuristic: bcc_heuristic
snake: True
run_uni: True
run_bi: True
run_multi: False
solution_vertices: []
algorithms: ['DFBnB']
lookahead: 2
bsd: False
cube_first_dims: 4
cube_buffer_dim: None
backward_sym_generation: False
sym_coil: False
prefix_set: None

---------- SM_Grids/7x8_grid_with_random_blocks_16per_0 ----------
[00:00:00:02:091] Path of length 31 found: [0, 1, 2, 3, 4, 12, 13, 14, 15, 23, 31, 30, 29, 37, 36, 35, 27, 19, 18, 17, 25, 24, 32, 40, 48, 49, 50, 51, 52, 53, 54, 55]
[00:00:00:02:091] ! Unidirectional s-t. expansions: 564, time: 2,091 [ms], path length: 31 [edges], generated: 2,094
[00:00:00:01:503] Path of length 31 found: [55, 47, 46, 45, 53, 52, 51, 43, 42, 41, 40, 32, 24, 25, 17, 18, 19, 27, 28, 29, 30, 31, 23, 15, 14, 13, 5, 4, 3, 2, 1, 0]
[00:00:00:01:503] ! Unidirectional t-s. expansions: 248, time: 1,503 [ms], path length: 31 [edges], generated: 932
[00:00:00:01:273] Path of length 31 found: [0, 1, 2, 3, 4, 5, 13, 14, 15, 23, 31, 30, 29, 28, 20, 19, 18, 17, 25, 24, 32, 40, 41, 42, 43, 51, 52, 53, 45, 46, 47, 55]
[00:00:00:01:801] ! Bidirectional. expansions: 349, time: 1,273 [ms], path length: 31 [edges], g_F: 16, g_B: 15, generated: 0, MM: 1, MMPER: 2.125%
[00:00:00:01:801] 
---------- SM_Grids/7x8_grid_with_random_blocks_16per_1 ----------
[00:00:00:01:167] Path of length 25 found: [0, 8, 16, 17, 25, 26, 34, 42, 43, 51, 52, 53, 45, 37, 36, 28, 20, 12, 13, 14, 22, 30, 31, 39, 47, 55]
[00:00:00:01:168] ! Unidirectional s-t. expansions: 128, time: 1,167 [ms], path length: 25 [edges], generated: 679
[00:00:00:01:026] Path of length 25 found: [55, 47, 39, 31, 30, 22, 14, 13, 12, 20, 28, 36, 37, 45, 53, 52, 51, 43, 42, 34, 26, 18, 10, 9, 1, 0]
[00:00:00:01:026] ! Unidirectional t-s. expansions: 89, time: 1,026 [ms], path length: 25 [edges], generated: 528
[00:00:00:00:984] Path of length 25 found: [0, 8, 16, 17, 25, 26, 34, 42, 43, 51, 52, 53, 45, 37, 36, 28, 20, 12, 13, 14, 22, 30, 31, 39, 47, 55]
[00:00:00:01:463] ! Bidirectional. expansions: 113, time: 984 [ms], path length: 25 [edges], g_F: 13, g_B: 12, generated: 0, MM: 1, MMPER: 2.8461538461538463%
[00:00:00:01:463] 
---------- SM_Grids/7x8_grid_with_random_blocks_16per_2 ----------
[00:00:00:01:094] Path of length 27 found: [0, 8, 9, 17, 25, 24, 32, 40, 48, 49, 50, 51, 43, 35, 27, 28, 29, 21, 13, 5, 6, 7, 15, 23, 31, 39, 47, 55]
[00:00:00:01:094] ! Unidirectional s-t. expansions: 168, time: 1,094 [ms], path length: 27 [edges], generated: 762
[00:00:00:00:572] Path of length 27 found: [55, 47, 39, 31, 23, 15, 7, 6, 5, 4, 12, 20, 28, 27, 35, 43, 51, 50, 49, 48, 40, 32, 33, 25, 17, 9, 1, 0]
[00:00:00:00:573] ! Unidirectional t-s. expansions: 96, time: 573 [ms], path length: 27 [edges], generated: 363
[00:00:00:01:839] Path of length 27 found: [0, 1, 9, 17, 16, 24, 32, 40, 48, 49, 50, 51, 43, 35, 27, 28, 20, 12, 4, 5, 6, 7, 15, 23, 31, 39, 47, 55]
[00:00:00:02:376] ! Bidirectional. expansions: 433, time: 1,839 [ms], path length: 27 [edges], g_F: 14, g_B: 13, generated: 0, MM: 1, MMPER: 2.5714285714285716%
[00:00:00:02:376] 
---------- SM_Grids/7x8_grid_with_random_blocks_16per_3 ----------
[00:00:00:01:928] Path of length 31 found: [0, 1, 2, 3, 4, 12, 13, 14, 15, 23, 31, 30, 29, 28, 27, 19, 18, 17, 16, 24, 32, 40, 48, 49, 50, 42, 43, 44, 45, 46, 47, 55]
[00:00:00:01:929] ! Unidirectional s-t. expansions: 362, time: 1,928 [ms], path length: 31 [edges], generated: 1,431
[00:00:00:01:832] Path of length 31 found: [55, 47, 46, 45, 53, 52, 51, 43, 42, 34, 33, 32, 24, 16, 17, 18, 19, 27, 28, 29, 30, 31, 23, 15, 14, 13, 12, 4, 3, 2, 1, 0]
[00:00:00:01:833] ! Unidirectional t-s. expansions: 467, time: 1,832 [ms], path length: 31 [edges], generated: 1,477
[00:00:00:01:728] Path of length 31 found: [0, 1, 2, 3, 4, 12, 13, 14, 15, 23, 31, 30, 29, 28, 27, 19, 18, 17, 16, 24, 32, 33, 41, 42, 43, 51, 52, 53, 45, 46, 47, 55]
[00:00:00:02:127] ! Bidirectional. expansions: 504, time: 1,728 [ms], path length: 31 [edges], g_F: 16, g_B: 15, generated: 0, MM: 1, MMPER: 2.125%
[00:00:00:02:127] 
---------- SM_Grids/7x8_grid_with_random_blocks_16per_4 ----------
[00:00:00:03:055] Path of length 29 found: [0, 1, 9, 17, 18, 26, 34, 33, 32, 40, 48, 49, 50, 51, 52, 53, 45, 37, 36, 28, 20, 12, 13, 14, 22, 30, 31, 39, 47, 55]
[00:00:00:03:056] ! Unidirectional s-t. expansions: 506, time: 3,055 [ms], path length: 29 [edges], generated: 2,255
[00:00:00:01:617] Path of length 29 found: [55, 47, 39, 31, 30, 22, 14, 13, 12, 20, 28, 36, 37, 45, 53, 52, 51, 50, 49, 48, 40, 32, 33, 34, 26, 18, 17, 9, 1, 0]
[00:00:00:01:618] ! Unidirectional t-s. expansions: 261, time: 1,617 [ms], path length: 29 [edges], generated: 1,130
[00:00:00:01:858] Path of length 29 found: [0, 1, 9, 17, 18, 26, 34, 33, 32, 40, 48, 49, 50, 51, 52, 53, 45, 37, 36, 28, 20, 12, 13, 14, 22, 30, 31, 39, 47, 55]
[00:00:00:02:389] ! Bidirectional. expansions: 290, time: 1,858 [ms], path length: 29 [edges], g_F: 15, g_B: 14, generated: 0, MM: 1, MMPER: 2.3333333333333335%
[00:00:00:02:389] 
---------- SM_Grids/7x8_grid_with_random_blocks_16per_5 ----------
[00:00:00:02:666] Path of length 29 found: [0, 8, 9, 10, 2, 3, 4, 5, 6, 14, 15, 23, 31, 39, 38, 37, 29, 21, 20, 19, 27, 26, 34, 42, 43, 44, 52, 53, 54, 55]
[00:00:00:02:667] ! Unidirectional s-t. expansions: 458, time: 2,666 [ms], path length: 29 [edges], generated: 2,125
[00:00:00:01:151] Path of length 29 found: [55, 54, 53, 52, 44, 43, 42, 34, 26, 27, 19, 20, 21, 29, 37, 38, 39, 31, 23, 15, 7, 6, 5, 4, 3, 2, 10, 9, 8, 0]
[00:00:00:01:152] ! Unidirectional t-s. expansions: 151, time: 1,151 [ms], path length: 29 [edges], generated: 785
[00:00:00:01:247] Path of length 29 found: [0, 8, 9, 10, 2, 3, 4, 5, 6, 14, 15, 23, 31, 39, 38, 37, 29, 21, 20, 19, 27, 26, 34, 42, 43, 44, 52, 53, 54, 55]
[00:00:00:01:735] ! Bidirectional. expansions: 170, time: 1,247 [ms], path length: 29 [edges], g_F: 15, g_B: 14, generated: 0, MM: 1, MMPER: 2.3333333333333335%
[00:00:00:01:736] 
---------- SM_Grids/7x8_grid_with_random_blocks_16per_6 ----------
[00:00:00:02:417] Path of length 29 found: [0, 1, 9, 17, 16, 24, 32, 33, 34, 26, 27, 19, 11, 3, 4, 5, 13, 14, 15, 23, 31, 30, 29, 37, 36, 44, 52, 53, 54, 55]
[00:00:00:02:418] ! Unidirectional s-t. expansions: 384, time: 2,417 [ms], path length: 29 [edges], generated: 1,691
[00:00:00:02:857] Path of length 29 found: [55, 54, 46, 45, 44, 43, 35, 34, 33, 32, 24, 16, 17, 18, 19, 20, 28, 29, 30, 31, 23, 15, 7, 6, 5, 4, 3, 2, 1, 0]
[00:00:00:02:857] ! Unidirectional t-s. expansions: 408, time: 2,857 [ms], path length: 29 [edges], generated: 1,907
[00:00:00:02:293] Path of length 29 found: [0, 1, 2, 3, 4, 5, 6, 14, 15, 23, 31, 30, 29, 21, 20, 19, 18, 17, 16, 24, 32, 33, 34, 35, 36, 44, 45, 46, 54, 55]
[00:00:00:02:835] ! Bidirectional. expansions: 325, time: 2,294 [ms], path length: 29 [edges], g_F: 15, g_B: 14, generated: 0, MM: 1, MMPER: 2.3333333333333335%
[00:00:00:02:835] 
---------- SM_Grids/7x8_grid_with_random_blocks_16per_7 ----------
[00:00:00:04:026] Path of length 27 found: [0, 1, 9, 17, 16, 24, 32, 40, 48, 49, 50, 42, 43, 44, 36, 28, 27, 19, 11, 12, 13, 21, 22, 30, 38, 46, 54, 55]
[00:00:00:04:027] ! Unidirectional s-t. expansions: 648, time: 4,027 [ms], path length: 27 [edges], generated: 3,142
[00:00:00:00:395] Path of length 27 found: [55, 47, 39, 38, 30, 22, 14, 13, 12, 11, 19, 27, 28, 36, 44, 52, 51, 50, 42, 34, 33, 32, 24, 16, 17, 9, 1, 0]
[00:00:00:00:396] ! Unidirectional t-s. expansions: 58, time: 396 [ms], path length: 27 [edges], generated: 239
[00:00:00:02:388] Path of length 27 found: [0, 1, 9, 17, 16, 24, 32, 40, 48, 49, 50, 51, 52, 44, 36, 28, 27, 19, 11, 12, 13, 14, 22, 30, 38, 39, 47, 55]
[00:00:00:02:958] ! Bidirectional. expansions: 512, time: 2,388 [ms], path length: 27 [edges], g_F: 14, g_B: 13, generated: 0, MM: 1, MMPER: 2.5714285714285716%
[00:00:00:02:959] 
---------- SM_Grids/7x8_grid_with_random_blocks_16per_8 ----------
[00:00:00:01:684] Path of length 27 found: [0, 8, 9, 10, 18, 26, 25, 33, 41, 42, 43, 35, 36, 28, 29, 21, 13, 5, 6, 7, 15, 23, 31, 39, 38, 46, 54, 55]
[00:00:00:01:685] ! Unidirectional s-t. expansions: 364, time: 1,684 [ms], path length: 27 [edges], generated: 1,382
[00:00:00:02:581] Path of length 27 found: [55, 47, 39, 31, 23, 15, 7, 6, 5, 4, 12, 20, 28, 29, 37, 45, 44, 43, 42, 41, 33, 25, 26, 18, 10, 9, 8, 0]
[00:00:00:02:582] ! Unidirectional t-s. expansions: 457, time: 2,581 [ms], path length: 27 [edges], generated: 1,992
[00:00:00:01:467] Path of length 27 found: [0, 8, 9, 10, 18, 26, 25, 33, 41, 42, 43, 35, 36, 28, 20, 12, 4, 5, 6, 7, 15, 23, 31, 39, 38, 46, 54, 55]
[00:00:00:01:951] ! Bidirectional. expansions: 277, time: 1,468 [ms], path length: 27 [edges], g_F: 14, g_B: 13, generated: 0, MM: 1, MMPER: 2.5714285714285716%
[00:00:00:01:951] 
---------- SM_Grids/7x8_grid_with_random_blocks_16per_9 ----------
[00:00:00:03:662] Path of length 25 found: [0, 8, 16, 17, 18, 10, 2, 3, 4, 12, 20, 28, 27, 35, 34, 42, 50, 51, 52, 44, 45, 37, 38, 39, 47, 55]
[00:00:00:03:663] ! Unidirectional s-t. expansions: 1,203, time: 3,662 [ms], path length: 25 [edges], generated: 3,268
[00:00:00:02:787] Path of length 25 found: [55, 47, 39, 38, 37, 45, 44, 52, 51, 50, 42, 34, 35, 27, 28, 20, 12, 4, 3, 2, 10, 18, 17, 16, 8, 0]
[00:00:00:02:787] ! Unidirectional t-s. expansions: 459, time: 2,787 [ms], path length: 25 [edges], generated: 2,011
[00:00:00:02:162] Path of length 25 found: [0, 8, 16, 17, 18, 10, 2, 3, 4, 12, 20, 28, 27, 35, 34, 42, 50, 51, 52, 44, 45, 37, 38, 39, 47, 55]
[00:00:00:02:708] ! Bidirectional. expansions: 317, time: 2,162 [ms], path length: 25 [edges], g_F: 13, g_B: 12, generated: 0, MM: 1, MMPER: 2.8461538461538463%

[00:00:00:02:709] average expansions: (478, 269, 329, 0)
[00:00:00:02:709] average time: (2,379, 1,632, 1,724, 0)
[00:00:00:02:709] XDFBnB: 269 , 1,632 (expansions , time[ms])
[00:00:00:02:709] BiXDFBnB: 329 , 1,724 (expansions , time[ms])

