------------------------------------
Thu 01 Oct 2026 11:13:28 IDT
SLURM_JOBID:		21942995
SLURM_JOB_NODELIST:	ise-cpu256-12
SLURM_SCRATCH_DIR:	/scratch/shubit/21942995
Allocated Resouces:	cpu - 2 / mem - 61440 MB / gpu - 
SLURM_GPU_INDEX:	
Running as shubit from shimony account with normal QOS
------------------------------------
Thu 01 Oct 2026 11:13:28 IDT

SLURM_JOBID:		 21942995
SLURM_JOB_NODELIST:	 ise-cpu256-12 

--------------------------
date: SM_Grids
number_of_graphs: 10
graph_type: grid
size_of_graphs: [7, 9]
heuristic: bcc_heuristic
snake: True
run_uni: True
run_bi: True
run_multi: False
solution_vertices: []
algorithms: ['A']
lookahead: 1
bsd: False
cube_first_dims: 4
cube_buffer_dim: None
backward_sym_generation: False
sym_coil: False
prefix_set: None

---------- SM_Grids/7x9_grid_with_random_blocks_8per_0 ----------
[00:00:00:04:843] Path of length 38 found: [0, 9, 10, 11, 2, 3, 4, 5, 6, 15, 16, 25, 26, 35, 44, 43, 42, 33, 32, 23, 22, 21, 30, 29, 28, 27, 36, 45, 54, 55, 56, 47, 48, 49, 58, 59, 60, 61, 62]
[00:00:00:04:843] ! Unidirectional s-t. expansions: 1,013, time: 4,843 [ms], path length: 38 [edges], generated: 1,708
[00:00:00:03:460] Path of length 38 found: [62, 53, 44, 35, 26, 25, 16, 7, 6, 5, 4, 3, 2, 11, 20, 21, 22, 23, 32, 33, 42, 51, 60, 59, 58, 49, 40, 39, 38, 47, 56, 55, 54, 45, 36, 27, 18, 9, 0]
[00:00:00:03:461] ! Unidirectional t-s. expansions: 711, time: 3,460 [ms], path length: 38 [edges], generated: 1,264
[00:00:00:19:124] Path of length 38 found: [0, 1, 2, 3, 4, 5, 6, 15, 16, 25, 26, 35, 44, 43, 42, 33, 32, 23, 22, 21, 20, 19, 18, 27, 36, 45, 54, 55, 56, 47, 38, 39, 40, 49, 58, 59, 60, 61, 62]
[00:00:00:19:586] ! Bidirectional. expansions: 2,681, time: 19,124 [ms], path length: 38 [edges], g_F: 30, g_B: 8, generated: 0, MM: 22, MMPER: 55.41025641025641%
[00:00:00:19:586] 
---------- SM_Grids/7x9_grid_with_random_blocks_8per_1 ----------
[00:00:00:04:347] Path of length 38 found: [0, 1, 2, 3, 12, 21, 20, 19, 18, 27, 36, 45, 54, 55, 56, 47, 38, 39, 40, 49, 58, 59, 60, 51, 42, 33, 24, 23, 14, 5, 6, 7, 16, 17, 26, 35, 44, 53, 62]
[00:00:00:04:347] ! Unidirectional s-t. expansions: 822, time: 4,347 [ms], path length: 38 [edges], generated: 1,438
[00:00:00:03:894] Path of length 38 found: [62, 53, 44, 35, 26, 17, 8, 7, 6, 5, 14, 23, 24, 33, 42, 51, 60, 59, 58, 49, 40, 39, 38, 47, 56, 55, 54, 45, 36, 27, 18, 19, 20, 21, 12, 3, 2, 1, 0]
[00:00:00:03:895] ! Unidirectional t-s. expansions: 814, time: 3,894 [ms], path length: 38 [edges], generated: 1,425
[00:00:00:18:448] Path of length 38 found: [0, 1, 2, 3, 12, 21, 20, 19, 18, 27, 36, 45, 54, 55, 56, 47, 38, 39, 40, 49, 58, 59, 60, 51, 42, 33, 24, 23, 14, 5, 6, 7, 8, 17, 26, 35, 44, 53, 62]
[00:00:00:18:887] ! Bidirectional. expansions: 2,209, time: 18,448 [ms], path length: 38 [edges], g_F: 31, g_B: 7, generated: 0, MM: 24, MMPER: 60.53846153846154%
[00:00:00:18:887] 
---------- SM_Grids/7x9_grid_with_random_blocks_8per_2 ----------
[00:00:00:16:093] Path of length 36 found: [0, 1, 2, 11, 20, 19, 18, 27, 36, 45, 54, 55, 56, 47, 38, 39, 30, 31, 22, 13, 14, 5, 6, 7, 16, 25, 26, 35, 44, 43, 42, 41, 50, 59, 60, 61, 62]
[00:00:00:16:093] ! Unidirectional s-t. expansions: 3,356, time: 16,093 [ms], path length: 36 [edges], generated: 5,820
[00:00:00:15:814] Path of length 36 found: [62, 61, 60, 59, 58, 49, 40, 41, 42, 43, 44, 35, 26, 25, 16, 7, 6, 5, 14, 23, 22, 21, 30, 29, 38, 47, 56, 55, 54, 45, 36, 27, 18, 19, 10, 1, 0]
[00:00:00:15:815] ! Unidirectional t-s. expansions: 3,187, time: 15,814 [ms], path length: 36 [edges], generated: 5,639
[00:00:01:00:823] Path of length 36 found: [0, 1, 2, 3, 12, 13, 14, 5, 6, 7, 16, 25, 26, 35, 44, 43, 42, 41, 40, 39, 38, 29, 20, 19, 18, 27, 36, 45, 54, 55, 56, 57, 58, 59, 60, 61, 62]
[00:00:01:01:243] ! Bidirectional. expansions: 7,569, time: 60,823 [ms], path length: 36 [edges], g_F: 15, g_B: 21, generated: 0, MM: 6, MMPER: 15.216216216216218%
[00:00:01:01:244] 
---------- SM_Grids/7x9_grid_with_random_blocks_8per_3 ----------
[00:00:00:06:745] Path of length 38 found: [0, 9, 10, 11, 2, 3, 4, 13, 22, 23, 24, 15, 6, 7, 8, 17, 26, 35, 34, 43, 42, 41, 40, 39, 30, 29, 28, 27, 36, 45, 54, 55, 56, 57, 58, 59, 60, 61, 62]
[00:00:00:06:745] ! Unidirectional s-t. expansions: 1,346, time: 6,745 [ms], path length: 38 [edges], generated: 2,268
[00:00:00:05:031] Path of length 38 found: [62, 61, 60, 59, 58, 57, 56, 55, 54, 45, 36, 27, 28, 29, 38, 39, 40, 41, 42, 43, 34, 35, 26, 17, 8, 7, 6, 15, 24, 23, 22, 13, 4, 3, 2, 11, 10, 9, 0]
[00:00:00:05:032] ! Unidirectional t-s. expansions: 1,045, time: 5,031 [ms], path length: 38 [edges], generated: 1,764
[00:00:00:18:264] Path of length 38 found: [0, 9, 10, 11, 2, 3, 4, 13, 22, 23, 24, 15, 6, 7, 8, 17, 26, 35, 34, 43, 42, 41, 40, 39, 38, 29, 28, 27, 36, 45, 54, 55, 56, 57, 58, 59, 60, 61, 62]
[00:00:00:18:693] ! Bidirectional. expansions: 2,476, time: 18,264 [ms], path length: 38 [edges], g_F: 16, g_B: 22, generated: 0, MM: 6, MMPER: 14.384615384615385%
[00:00:00:18:694] 
---------- SM_Grids/7x9_grid_with_random_blocks_8per_4 ----------
[00:00:00:03:483] Path of length 36 found: [0, 9, 18, 27, 36, 45, 54, 55, 56, 47, 48, 49, 58, 59, 60, 51, 42, 41, 32, 31, 30, 21, 20, 11, 2, 3, 4, 13, 14, 15, 24, 25, 34, 35, 44, 53, 62]
[00:00:00:03:483] ! Unidirectional s-t. expansions: 618, time: 3,483 [ms], path length: 36 [edges], generated: 1,113
[00:00:00:01:636] Path of length 36 found: [62, 53, 44, 35, 34, 25, 24, 15, 14, 13, 4, 3, 2, 11, 20, 21, 30, 31, 32, 41, 42, 51, 60, 59, 58, 49, 48, 47, 56, 55, 54, 45, 36, 27, 18, 9, 0]
[00:00:00:01:637] ! Unidirectional t-s. expansions: 315, time: 1,636 [ms], path length: 36 [edges], generated: 547
[00:00:00:05:012] Path of length 36 found: [0, 9, 18, 27, 36, 45, 54, 55, 56, 47, 48, 49, 58, 59, 60, 51, 42, 41, 32, 31, 30, 21, 20, 11, 2, 3, 4, 13, 14, 15, 24, 25, 34, 35, 44, 53, 62]
[00:00:00:05:436] ! Bidirectional. expansions: 554, time: 5,012 [ms], path length: 36 [edges], g_F: 17, g_B: 19, generated: 0, MM: 2, MMPER: 4.405405405405405%
[00:00:00:05:436] 
---------- SM_Grids/7x9_grid_with_random_blocks_8per_5 ----------
[00:00:00:08:313] Path of length 38 found: [0, 9, 18, 19, 20, 11, 2, 3, 4, 5, 6, 7, 16, 17, 26, 35, 34, 33, 24, 23, 22, 31, 40, 39, 38, 37, 36, 45, 54, 55, 56, 57, 58, 59, 50, 51, 52, 53, 62]
[00:00:00:08:313] ! Unidirectional s-t. expansions: 1,584, time: 8,313 [ms], path length: 38 [edges], generated: 2,754
[00:00:00:05:785] Path of length 38 found: [62, 53, 52, 51, 60, 59, 58, 57, 56, 55, 54, 45, 36, 27, 28, 29, 38, 39, 40, 31, 22, 23, 24, 33, 34, 35, 26, 17, 16, 7, 6, 5, 4, 3, 2, 11, 10, 9, 0]
[00:00:00:05:786] ! Unidirectional t-s. expansions: 1,192, time: 5,786 [ms], path length: 38 [edges], generated: 2,008
[00:00:00:20:387] Path of length 38 found: [0, 9, 10, 11, 2, 3, 4, 5, 6, 7, 16, 17, 26, 35, 34, 33, 24, 23, 22, 31, 40, 39, 38, 29, 28, 27, 36, 45, 46, 55, 56, 57, 58, 59, 60, 51, 52, 53, 62]
[00:00:00:20:814] ! Bidirectional. expansions: 2,425, time: 20,387 [ms], path length: 38 [edges], g_F: 28, g_B: 10, generated: 0, MM: 18, MMPER: 45.15384615384615%
[00:00:00:20:814] 
---------- SM_Grids/7x9_grid_with_random_blocks_8per_6 ----------
[00:00:00:13:693] Path of length 34 found: [0, 9, 18, 27, 36, 37, 46, 55, 56, 57, 58, 49, 40, 39, 30, 29, 20, 11, 12, 13, 22, 23, 24, 15, 6, 7, 8, 17, 26, 35, 34, 43, 52, 61, 62]
[00:00:00:13:695] ! Unidirectional s-t. expansions: 3,116, time: 13,693 [ms], path length: 34 [edges], generated: 5,539
[00:00:00:19:185] Path of length 34 found: [62, 61, 52, 43, 44, 35, 26, 17, 8, 7, 6, 5, 4, 3, 12, 21, 22, 23, 32, 41, 40, 49, 58, 57, 56, 55, 46, 37, 36, 27, 18, 19, 10, 1, 0]
[00:00:00:19:186] ! Unidirectional t-s. expansions: 4,102, time: 19,185 [ms], path length: 34 [edges], generated: 7,676
[00:00:01:36:159] Path of length 34 found: [0, 1, 10, 19, 18, 27, 36, 37, 46, 55, 56, 57, 58, 49, 40, 41, 32, 23, 22, 21, 12, 3, 4, 5, 6, 7, 8, 17, 26, 35, 44, 43, 52, 61, 62]
[00:00:01:36:582] ! Bidirectional. expansions: 13,706, time: 96,159 [ms], path length: 34 [edges], g_F: 18, g_B: 16, generated: 0, MM: 2, MMPER: 4.714285714285714%
[00:00:01:36:582] 
---------- SM_Grids/7x9_grid_with_random_blocks_8per_7 ----------
[00:00:00:05:922] Path of length 38 found: [0, 1, 2, 3, 12, 13, 14, 5, 6, 7, 8, 17, 26, 25, 24, 33, 32, 31, 30, 29, 20, 19, 18, 27, 36, 45, 54, 55, 56, 47, 48, 49, 58, 59, 60, 51, 52, 53, 62]
[00:00:00:05:923] ! Unidirectional s-t. expansions: 1,237, time: 5,922 [ms], path length: 38 [edges], generated: 2,027
[00:00:00:02:967] Path of length 38 found: [62, 61, 60, 59, 58, 49, 48, 47, 56, 55, 54, 45, 36, 27, 18, 19, 20, 29, 30, 31, 32, 41, 42, 43, 34, 25, 26, 17, 8, 7, 6, 5, 14, 13, 12, 3, 2, 1, 0]
[00:00:00:02:968] ! Unidirectional t-s. expansions: 576, time: 2,968 [ms], path length: 38 [edges], generated: 940
[00:00:00:21:143] Path of length 38 found: [0, 9, 10, 11, 2, 3, 4, 13, 14, 15, 6, 7, 8, 17, 26, 25, 34, 33, 32, 31, 30, 29, 28, 27, 36, 45, 54, 55, 56, 47, 48, 49, 58, 59, 60, 51, 52, 53, 62]
[00:00:00:21:596] ! Bidirectional. expansions: 2,525, time: 21,143 [ms], path length: 38 [edges], g_F: 30, g_B: 8, generated: 0, MM: 22, MMPER: 55.41025641025641%
[00:00:00:21:596] 
---------- SM_Grids/7x9_grid_with_random_blocks_8per_8 ----------
[00:00:00:06:295] Path of length 38 found: [0, 9, 18, 27, 36, 45, 54, 55, 56, 47, 38, 29, 20, 11, 2, 3, 4, 13, 22, 31, 40, 49, 58, 59, 60, 51, 42, 33, 24, 15, 6, 7, 8, 17, 26, 35, 44, 53, 62]
[00:00:00:06:296] ! Unidirectional s-t. expansions: 1,337, time: 6,295 [ms], path length: 38 [edges], generated: 2,112
[00:00:00:07:723] Path of length 38 found: [62, 61, 60, 51, 42, 43, 34, 35, 26, 17, 8, 7, 6, 15, 24, 23, 22, 13, 4, 3, 2, 11, 20, 29, 30, 39, 40, 49, 58, 57, 56, 47, 46, 37, 36, 27, 18, 9, 0]
[00:00:00:07:724] ! Unidirectional t-s. expansions: 1,666, time: 7,723 [ms], path length: 38 [edges], generated: 2,799
[00:00:00:26:955] Path of length 38 found: [0, 9, 10, 11, 2, 3, 4, 5, 6, 7, 16, 17, 26, 35, 44, 43, 42, 33, 24, 23, 22, 21, 30, 29, 28, 27, 36, 45, 54, 55, 56, 57, 48, 49, 50, 59, 60, 61, 62]
[00:00:00:27:389] ! Bidirectional. expansions: 3,637, time: 26,955 [ms], path length: 38 [edges], g_F: 27, g_B: 11, generated: 0, MM: 16, MMPER: 40.02564102564103%
[00:00:00:27:389] 
---------- SM_Grids/7x9_grid_with_random_blocks_8per_9 ----------
[00:00:00:03:541] Path of length 36 found: [0, 9, 18, 27, 28, 37, 38, 47, 56, 57, 58, 59, 50, 41, 40, 31, 30, 21, 20, 11, 2, 3, 4, 13, 14, 15, 6, 7, 8, 17, 26, 25, 34, 43, 52, 61, 62]
[00:00:00:03:542] ! Unidirectional s-t. expansions: 700, time: 3,541 [ms], path length: 36 [edges], generated: 1,178
[00:00:00:06:249] Path of length 36 found: [62, 61, 52, 43, 44, 35, 26, 17, 8, 7, 6, 15, 14, 13, 4, 3, 2, 11, 20, 21, 30, 31, 40, 41, 50, 59, 58, 57, 48, 47, 38, 37, 28, 27, 18, 9, 0]
[00:00:00:06:250] ! Unidirectional t-s. expansions: 1,348, time: 6,249 [ms], path length: 36 [edges], generated: 2,259
[00:00:00:17:303] Path of length 36 found: [0, 9, 18, 27, 28, 37, 38, 47, 56, 57, 58, 59, 50, 41, 40, 31, 30, 21, 20, 11, 2, 3, 4, 13, 14, 15, 6, 7, 8, 17, 26, 35, 44, 43, 52, 61, 62]
[00:00:00:17:722] ! Bidirectional. expansions: 2,115, time: 17,303 [ms], path length: 36 [edges], g_F: 29, g_B: 7, generated: 0, MM: 22, MMPER: 58.45945945945946%

[00:00:00:17:722] average expansions: (1,513, 1,496, 3,990, 0)
[00:00:00:17:722] average time: (7,328, 7,175, 30,362, 0)
[00:00:00:17:723] XA*: 1,496 , 7,175 (expansions , time[ms])
[00:00:00:17:723] BiXA*: 3,990 , 30,362 (expansions , time[ms])

