------------------------------------
Thu 01 Oct 2026 12:45:03 IDT
SLURM_JOBID:		21944735
SLURM_JOB_NODELIST:	ise-cpu256-09
SLURM_SCRATCH_DIR:	/scratch/shubit/21944735
Allocated Resouces:	cpu - 2 / mem - 61440 MB / gpu - 
SLURM_GPU_INDEX:	
Running as shubit from shimony account with normal QOS
------------------------------------
Thu 01 Oct 2026 12:45:03 IDT

SLURM_JOBID:		 21944735
SLURM_JOB_NODELIST:	 ise-cpu256-09 

--------------------------
date: SM_Grids
number_of_graphs: 10
graph_type: grid
size_of_graphs: [7, 9]
heuristic: bcc_heuristic
snake: True
run_uni: True
run_bi: True
run_multi: False
solution_vertices: []
algorithms: ['IDA']
lookahead: -2
bsd: False
cube_first_dims: 4
cube_buffer_dim: None
backward_sym_generation: False
sym_coil: False
prefix_set: None

---------- SM_Grids/7x9_grid_with_random_blocks_20per_0 ----------
[00:00:00:00:917] Path of length 28 found: [0, 9, 18, 19, 20, 29, 30, 39, 48, 57, 58, 59, 50, 41, 32, 23, 22, 13, 4, 5, 6, 7, 8, 17, 26, 35, 44, 53, 62]
[00:00:00:00:917] ! Unidirectional s-t. expansions: 246, time: 917 [ms], path length: 28 [edges], generated: 394
[00:00:00:00:917] Path of length 28 found: [62, 53, 44, 35, 26, 17, 8, 7, 6, 5, 4, 13, 22, 23, 32, 41, 50, 59, 58, 57, 48, 39, 30, 29, 20, 19, 10, 1, 0]
[00:00:00:00:917] ! Unidirectional t-s. expansions: 210, time: 917 [ms], path length: 28 [edges], generated: 329
[00:00:00:01:834] Path of length 28 found: [0, 9, 18, 19, 20, 29, 30, 39, 48, 57, 58, 59, 50, 41, 32, 23, 22, 13, 4, 5, 6, 7, 8, 17, 26, 35, 44, 53, 62]
[00:00:00:02:322] ! Bidirectional. expansions: 489, time: 1,834 [ms], path length: 28 [edges], g_F: 28, g_B: 0, generated: 0, MM: 28, MMPER: 95.55172413793103%
[00:00:00:02:322] 
---------- SM_Grids/7x9_grid_with_random_blocks_20per_1 ----------
[00:00:00:02:672] Path of length 22 found: [0, 9, 10, 11, 12, 21, 30, 29, 38, 37, 36, 45, 54, 55, 56, 57, 48, 49, 50, 59, 60, 61, 62]
[00:00:00:02:673] ! Unidirectional s-t. expansions: 766, time: 2,672 [ms], path length: 22 [edges], generated: 1,008
[00:00:00:01:785] Path of length 22 found: [62, 53, 52, 51, 60, 59, 58, 57, 56, 55, 54, 45, 36, 37, 38, 29, 30, 21, 12, 11, 10, 1, 0]
[00:00:00:01:785] ! Unidirectional t-s. expansions: 426, time: 1,785 [ms], path length: 22 [edges], generated: 648
[00:00:00:02:594] Path of length 22 found: [0, 9, 10, 11, 12, 21, 30, 29, 38, 37, 36, 45, 54, 55, 56, 57, 48, 49, 50, 59, 60, 61, 62]
[00:00:00:03:064] ! Bidirectional. expansions: 692, time: 2,594 [ms], path length: 22 [edges], g_F: 22, g_B: 0, generated: 0, MM: 22, MMPER: 94.65217391304348%
[00:00:00:03:064] 
---------- SM_Grids/7x9_grid_with_random_blocks_20per_2 ----------
[00:00:00:04:377] Path of length 30 found: [0, 9, 10, 19, 28, 27, 36, 45, 46, 47, 38, 39, 30, 21, 12, 3, 4, 5, 14, 15, 16, 25, 34, 33, 32, 41, 50, 51, 60, 61, 62]
[00:00:00:04:377] ! Unidirectional s-t. expansions: 995, time: 4,377 [ms], path length: 30 [edges], generated: 1,776
[00:00:00:03:784] Path of length 30 found: [62, 53, 52, 51, 50, 49, 40, 31, 32, 33, 34, 25, 16, 15, 14, 5, 4, 3, 12, 21, 20, 29, 38, 47, 46, 45, 36, 27, 18, 9, 0]
[00:00:00:03:785] ! Unidirectional t-s. expansions: 868, time: 3,785 [ms], path length: 30 [edges], generated: 1,475
[00:00:00:04:951] Path of length 30 found: [0, 1, 10, 19, 18, 27, 36, 45, 46, 47, 38, 29, 30, 21, 12, 3, 4, 5, 14, 15, 16, 25, 34, 33, 32, 41, 50, 51, 52, 53, 62]
[00:00:00:05:424] ! Bidirectional. expansions: 1,080, time: 4,951 [ms], path length: 30 [edges], g_F: 27, g_B: 3, generated: 0, MM: 24, MMPER: 76.41935483870968%
[00:00:00:05:424] 
---------- SM_Grids/7x9_grid_with_random_blocks_20per_3 ----------
[00:00:00:01:557] Path of length 32 found: [0, 1, 10, 19, 28, 27, 36, 45, 46, 55, 56, 57, 58, 59, 50, 41, 40, 39, 30, 21, 22, 13, 4, 5, 6, 7, 16, 25, 34, 43, 52, 61, 62]
[00:00:00:01:557] ! Unidirectional s-t. expansions: 340, time: 1,557 [ms], path length: 32 [edges], generated: 550
[00:00:00:01:470] Path of length 32 found: [62, 53, 44, 43, 34, 25, 16, 7, 6, 5, 4, 13, 22, 21, 30, 39, 40, 41, 50, 59, 58, 57, 56, 47, 46, 45, 36, 27, 28, 19, 10, 1, 0]
[00:00:00:01:470] ! Unidirectional t-s. expansions: 332, time: 1,470 [ms], path length: 32 [edges], generated: 546
[00:00:00:01:538] Path of length 32 found: [0, 1, 10, 19, 28, 27, 36, 45, 46, 55, 56, 57, 58, 59, 50, 41, 40, 39, 30, 21, 22, 13, 4, 5, 6, 7, 16, 25, 34, 43, 44, 53, 62]
[00:00:00:02:042] ! Bidirectional. expansions: 339, time: 1,538 [ms], path length: 32 [edges], g_F: 17, g_B: 15, generated: 0, MM: 2, MMPER: 5.0606060606060606%
[00:00:00:02:042] 
---------- SM_Grids/7x9_grid_with_random_blocks_20per_4 ----------
[00:00:00:01:058] Path of length 28 found: [0, 9, 18, 27, 36, 45, 54, 55, 56, 57, 48, 39, 38, 29, 20, 21, 12, 3, 4, 5, 14, 23, 32, 33, 34, 43, 52, 61, 62]
[00:00:00:01:058] ! Unidirectional s-t. expansions: 258, time: 1,058 [ms], path length: 28 [edges], generated: 422
[00:00:00:03:821] Path of length 28 found: [62, 53, 44, 43, 34, 33, 32, 23, 14, 5, 4, 3, 12, 21, 20, 29, 38, 39, 48, 57, 56, 55, 54, 45, 36, 27, 18, 9, 0]
[00:00:00:03:822] ! Unidirectional t-s. expansions: 975, time: 3,821 [ms], path length: 28 [edges], generated: 1,638
[00:00:00:01:268] Path of length 28 found: [0, 9, 18, 27, 36, 45, 54, 55, 56, 57, 48, 39, 38, 29, 20, 21, 12, 3, 4, 5, 14, 23, 32, 41, 42, 51, 60, 61, 62]
[00:00:00:01:715] ! Bidirectional. expansions: 282, time: 1,268 [ms], path length: 28 [edges], g_F: 24, g_B: 4, generated: 0, MM: 20, MMPER: 67.96551724137932%
[00:00:00:01:716] 
---------- SM_Grids/7x9_grid_with_random_blocks_20per_5 ----------
[00:00:00:07:576] Path of length 30 found: [0, 9, 10, 11, 20, 29, 28, 27, 36, 45, 46, 47, 48, 39, 40, 31, 32, 23, 14, 5, 6, 7, 16, 17, 26, 35, 34, 43, 52, 61, 62]
[00:00:00:07:577] ! Unidirectional s-t. expansions: 1,849, time: 7,576 [ms], path length: 30 [edges], generated: 3,205
[00:00:00:02:678] Path of length 30 found: [62, 61, 52, 43, 44, 35, 26, 17, 16, 7, 6, 5, 14, 23, 32, 41, 40, 39, 48, 47, 46, 45, 36, 27, 28, 29, 20, 11, 10, 1, 0]
[00:00:00:02:678] ! Unidirectional t-s. expansions: 650, time: 2,678 [ms], path length: 30 [edges], generated: 1,019
[00:00:00:05:428] Path of length 30 found: [0, 9, 10, 11, 20, 29, 28, 27, 36, 45, 46, 47, 48, 39, 40, 31, 32, 23, 14, 5, 6, 7, 16, 17, 26, 35, 34, 43, 52, 61, 62]
[00:00:00:05:894] ! Bidirectional. expansions: 1,404, time: 5,428 [ms], path length: 30 [edges], g_F: 27, g_B: 3, generated: 0, MM: 24, MMPER: 76.41935483870968%
[00:00:00:05:894] 
---------- SM_Grids/7x9_grid_with_random_blocks_20per_6 ----------
[00:00:00:00:643] Path of length 32 found: [0, 1, 2, 3, 4, 5, 6, 7, 8, 17, 26, 35, 34, 33, 24, 23, 22, 31, 30, 29, 38, 37, 46, 55, 56, 57, 48, 49, 50, 51, 60, 61, 62]
[00:00:00:00:644] ! Unidirectional s-t. expansions: 161, time: 643 [ms], path length: 32 [edges], generated: 253
[00:00:00:02:314] Path of length 32 found: [62, 61, 60, 51, 50, 49, 48, 57, 56, 55, 46, 37, 38, 29, 30, 31, 22, 23, 24, 33, 34, 35, 26, 17, 8, 7, 6, 5, 4, 3, 2, 1, 0]
[00:00:00:02:314] ! Unidirectional t-s. expansions: 670, time: 2,314 [ms], path length: 32 [edges], generated: 1,033
[00:00:00:00:670] Path of length 32 found: [0, 1, 2, 3, 4, 5, 6, 7, 8, 17, 26, 35, 34, 33, 24, 23, 22, 31, 30, 29, 38, 37, 46, 55, 56, 57, 48, 49, 50, 51, 60, 61, 62]
[00:00:00:01:128] ! Bidirectional. expansions: 167, time: 670 [ms], path length: 32 [edges], g_F: 32, g_B: 0, generated: 0, MM: 32, MMPER: 95.96969696969697%
[00:00:00:01:128] 
---------- SM_Grids/7x9_grid_with_random_blocks_20per_7 ----------
[00:00:00:06:378] Path of length 32 found: [0, 9, 18, 27, 28, 37, 46, 55, 56, 57, 48, 39, 40, 31, 22, 21, 12, 3, 4, 5, 14, 15, 16, 25, 26, 35, 44, 43, 42, 51, 60, 61, 62]
[00:00:00:06:378] ! Unidirectional s-t. expansions: 1,603, time: 6,378 [ms], path length: 32 [edges], generated: 2,745
[00:00:00:06:565] Path of length 32 found: [62, 53, 44, 35, 26, 17, 16, 15, 6, 5, 4, 3, 12, 21, 22, 31, 32, 33, 42, 51, 50, 49, 48, 57, 56, 55, 46, 37, 28, 19, 18, 9, 0]
[00:00:00:06:566] ! Unidirectional t-s. expansions: 1,549, time: 6,565 [ms], path length: 32 [edges], generated: 2,622
[00:00:00:07:892] Path of length 32 found: [0, 9, 18, 27, 28, 37, 46, 55, 56, 57, 48, 39, 40, 31, 22, 21, 12, 3, 4, 5, 14, 15, 24, 25, 26, 35, 44, 43, 42, 51, 60, 61, 62]
[00:00:00:08:403] ! Bidirectional. expansions: 1,977, time: 7,892 [ms], path length: 32 [edges], g_F: 28, g_B: 4, generated: 0, MM: 24, MMPER: 71.72727272727273%
[00:00:00:08:404] 
---------- SM_Grids/7x9_grid_with_random_blocks_20per_8 ----------
[00:00:00:02:694] Path of length 26 found: [0, 9, 10, 11, 2, 3, 4, 5, 14, 15, 24, 33, 32, 31, 30, 29, 38, 47, 48, 57, 58, 59, 50, 51, 52, 61, 62]
[00:00:00:02:694] ! Unidirectional s-t. expansions: 701, time: 2,694 [ms], path length: 26 [edges], generated: 1,209
[00:00:00:03:461] Path of length 26 found: [62, 53, 44, 43, 34, 33, 24, 15, 14, 13, 22, 31, 40, 41, 50, 59, 58, 57, 48, 47, 38, 29, 28, 19, 10, 1, 0]
[00:00:00:03:462] ! Unidirectional t-s. expansions: 804, time: 3,462 [ms], path length: 26 [edges], generated: 1,400
[00:00:00:02:991] Path of length 26 found: [0, 9, 10, 11, 2, 3, 4, 5, 14, 15, 24, 33, 32, 31, 30, 29, 38, 47, 48, 49, 58, 59, 60, 51, 52, 53, 62]
[00:00:00:03:503] ! Bidirectional. expansions: 769, time: 2,991 [ms], path length: 26 [edges], g_F: 14, g_B: 12, generated: 0, MM: 2, MMPER: 6.407407407407407%
[00:00:00:03:503] 
---------- SM_Grids/7x9_grid_with_random_blocks_20per_9 ----------
[00:00:00:01:313] Path of length 32 found: [0, 9, 18, 19, 28, 37, 36, 45, 54, 55, 56, 57, 48, 39, 30, 21, 12, 3, 4, 5, 14, 15, 24, 25, 26, 35, 44, 43, 42, 51, 60, 61, 62]
[00:00:00:01:313] ! Unidirectional s-t. expansions: 312, time: 1,313 [ms], path length: 32 [edges], generated: 498
[00:00:00:05:220] Path of length 32 found: [62, 61, 60, 51, 42, 43, 44, 35, 26, 25, 16, 7, 6, 5, 4, 3, 2, 11, 20, 21, 30, 39, 48, 57, 56, 55, 54, 45, 36, 27, 18, 9, 0]
[00:00:00:05:220] ! Unidirectional t-s. expansions: 1,386, time: 5,220 [ms], path length: 32 [edges], generated: 2,349
[00:00:00:02:118] Path of length 32 found: [0, 9, 18, 27, 36, 45, 54, 55, 56, 57, 48, 39, 30, 21, 20, 11, 2, 3, 4, 5, 6, 7, 16, 25, 26, 35, 44, 43, 42, 51, 60, 61, 62]
[00:00:00:02:569] ! Bidirectional. expansions: 553, time: 2,118 [ms], path length: 32 [edges], g_F: 14, g_B: 18, generated: 0, MM: 4, MMPER: 11.121212121212121%

[00:00:00:02:569] average expansions: (723, 787, 775, 0)
[00:00:00:02:569] average time: (2,918, 3,202, 3,128, 0)
[00:00:00:02:569] XIDA: 723 , 2,918 (expansions , time[ms])
[00:00:00:02:569] BiXIDA: 775 , 3,128 (expansions , time[ms])

