------------------------------------
Thu 01 Oct 2026 11:13:28 IDT
SLURM_JOBID:		21943010
SLURM_JOB_NODELIST:	ise-cpu256-27
SLURM_SCRATCH_DIR:	/scratch/shubit/21943010
Allocated Resouces:	cpu - 2 / mem - 61440 MB / gpu - 
SLURM_GPU_INDEX:	
Running as shubit from shimony account with normal QOS
------------------------------------
Thu 01 Oct 2026 11:13:28 IDT

SLURM_JOBID:		 21943010
SLURM_JOB_NODELIST:	 ise-cpu256-27 

--------------------------
date: SM_Grids
number_of_graphs: 10
graph_type: grid
size_of_graphs: [7, 9]
heuristic: bcc_heuristic
snake: True
run_uni: True
run_bi: True
run_multi: False
solution_vertices: []
algorithms: ['A']
lookahead: 4
bsd: False
cube_first_dims: 4
cube_buffer_dim: None
backward_sym_generation: False
sym_coil: False
prefix_set: None

---------- SM_Grids/7x9_grid_with_random_blocks_16per_0 ----------
[00:00:00:03:903] Path of length 24 found: [0, 1, 2, 11, 20, 19, 18, 27, 36, 45, 54, 55, 56, 47, 38, 39, 30, 31, 32, 41, 50, 59, 60, 61, 62]
[00:00:00:03:903] ! Unidirectional s-t. expansions: 491, time: 3,903 [ms], path length: 24 [edges], generated: 5,852
[00:00:00:05:796] Path of length 24 found: [62, 53, 44, 35, 34, 33, 42, 41, 40, 31, 30, 29, 38, 47, 56, 55, 54, 45, 36, 27, 18, 19, 10, 1, 0]
[00:00:00:05:796] ! Unidirectional t-s. expansions: 520, time: 5,796 [ms], path length: 24 [edges], generated: 6,209
[00:00:00:02:947] Path of length 24 found: [0, 1, 10, 19, 18, 27, 36, 45, 54, 55, 56, 47, 38, 29, 30, 31, 40, 41, 42, 33, 34, 35, 44, 53, 62]
[00:00:00:03:396] ! Bidirectional. expansions: 186, time: 2,947 [ms], path length: 24 [edges], g_F: 12, g_B: 12, generated: 0, MM: 0, MMPER: -1.0%
[00:00:00:03:396] 
---------- SM_Grids/7x9_grid_with_random_blocks_16per_1 ----------
[00:00:00:00:404] Path of length 38 found: [0, 1, 2, 3, 12, 21, 20, 19, 18, 27, 36, 45, 54, 55, 56, 47, 38, 39, 40, 49, 58, 59, 60, 51, 42, 33, 32, 23, 14, 5, 6, 7, 16, 25, 26, 35, 44, 53, 62]
[00:00:00:00:404] ! Unidirectional s-t. expansions: 30, time: 404 [ms], path length: 38 [edges], generated: 338
[00:00:00:00:383] Path of length 38 found: [62, 53, 44, 35, 26, 17, 8, 7, 6, 5, 14, 23, 32, 33, 42, 51, 60, 59, 58, 49, 40, 39, 38, 47, 56, 55, 54, 45, 36, 27, 18, 19, 20, 21, 12, 3, 2, 1, 0]
[00:00:00:00:383] ! Unidirectional t-s. expansions: 39, time: 383 [ms], path length: 38 [edges], generated: 410
[00:00:00:00:389] Path of length 38 found: [0, 1, 2, 3, 12, 21, 20, 19, 18, 27, 36, 45, 54, 55, 56, 47, 38, 39, 40, 49, 58, 59, 60, 51, 42, 33, 32, 23, 14, 5, 6, 7, 16, 17, 26, 35, 44, 53, 62]
[00:00:00:00:817] ! Bidirectional. expansions: 39, time: 389 [ms], path length: 38 [edges], g_F: 19, g_B: 19, generated: 0, MM: 0, MMPER: -1.0%
[00:00:00:00:817] 
---------- SM_Grids/7x9_grid_with_random_blocks_16per_2 ----------
[00:00:00:02:279] Path of length 26 found: [0, 1, 2, 11, 20, 19, 28, 37, 38, 39, 30, 31, 32, 23, 14, 5, 6, 7, 16, 25, 26, 35, 44, 43, 52, 61, 62]
[00:00:00:02:279] ! Unidirectional s-t. expansions: 415, time: 2,279 [ms], path length: 26 [edges], generated: 3,258
[00:00:00:02:896] Path of length 26 found: [62, 61, 52, 43, 44, 35, 26, 17, 8, 7, 6, 5, 14, 23, 22, 31, 40, 39, 38, 37, 28, 19, 20, 11, 2, 1, 0]
[00:00:00:02:897] ! Unidirectional t-s. expansions: 259, time: 2,896 [ms], path length: 26 [edges], generated: 3,057
[00:00:00:01:159] Path of length 26 found: [0, 1, 2, 11, 20, 19, 28, 37, 38, 39, 30, 31, 22, 13, 4, 5, 6, 7, 8, 17, 26, 35, 44, 43, 52, 61, 62]
[00:00:00:01:583] ! Bidirectional. expansions: 159, time: 1,159 [ms], path length: 26 [edges], g_F: 13, g_B: 13, generated: 0, MM: 0, MMPER: -1.0%
[00:00:00:01:584] 
---------- SM_Grids/7x9_grid_with_random_blocks_16per_3 ----------
[00:00:00:01:518] Path of length 34 found: [0, 9, 18, 27, 36, 45, 46, 47, 48, 49, 40, 31, 30, 21, 20, 11, 2, 3, 4, 13, 14, 15, 6, 7, 8, 17, 26, 35, 34, 33, 42, 51, 52, 61, 62]
[00:00:00:01:519] ! Unidirectional s-t. expansions: 89, time: 1,518 [ms], path length: 34 [edges], generated: 1,367
[00:00:00:01:457] Path of length 34 found: [62, 61, 52, 51, 42, 33, 34, 35, 26, 17, 8, 7, 6, 15, 14, 13, 4, 3, 2, 11, 20, 29, 30, 31, 40, 49, 48, 47, 46, 45, 36, 27, 18, 9, 0]
[00:00:00:01:457] ! Unidirectional t-s. expansions: 102, time: 1,457 [ms], path length: 34 [edges], generated: 1,669
[00:00:00:00:968] Path of length 34 found: [0, 9, 18, 27, 36, 45, 46, 47, 38, 29, 20, 11, 2, 3, 4, 13, 14, 15, 6, 7, 8, 17, 26, 35, 34, 33, 32, 31, 40, 49, 50, 51, 52, 61, 62]
[00:00:00:01:411] ! Bidirectional. expansions: 83, time: 968 [ms], path length: 34 [edges], g_F: 17, g_B: 17, generated: 0, MM: 0, MMPER: -1.0%
[00:00:00:01:411] 
---------- SM_Grids/7x9_grid_with_random_blocks_16per_4 ----------
[00:00:00:01:177] Path of length 26 found: [0, 9, 18, 27, 36, 37, 38, 29, 20, 11, 12, 13, 22, 31, 32, 33, 24, 15, 16, 17, 26, 35, 44, 43, 52, 61, 62]
[00:00:00:01:177] ! Unidirectional s-t. expansions: 104, time: 1,177 [ms], path length: 26 [edges], generated: 1,180
[00:00:00:04:838] Path of length 26 found: [62, 61, 52, 43, 44, 35, 26, 17, 16, 15, 24, 33, 32, 31, 22, 13, 12, 11, 20, 29, 38, 37, 36, 27, 18, 9, 0]
[00:00:00:04:839] ! Unidirectional t-s. expansions: 239, time: 4,838 [ms], path length: 26 [edges], generated: 5,513
[00:00:00:00:781] Path of length 26 found: [0, 9, 18, 27, 36, 37, 38, 29, 20, 11, 12, 13, 22, 31, 32, 33, 24, 15, 16, 17, 26, 35, 44, 43, 52, 61, 62]
[00:00:00:01:200] ! Bidirectional. expansions: 76, time: 781 [ms], path length: 26 [edges], g_F: 13, g_B: 13, generated: 0, MM: 0, MMPER: -1.0%
[00:00:00:01:200] 
---------- SM_Grids/7x9_grid_with_random_blocks_16per_5 ----------
[00:00:00:02:252] Path of length 30 found: [0, 9, 18, 27, 36, 37, 38, 47, 56, 57, 58, 59, 50, 41, 40, 31, 30, 21, 12, 3, 4, 5, 14, 23, 24, 33, 34, 43, 52, 61, 62]
[00:00:00:02:252] ! Unidirectional s-t. expansions: 118, time: 2,252 [ms], path length: 30 [edges], generated: 2,240
[00:00:00:01:689] Path of length 30 found: [62, 53, 52, 43, 34, 25, 24, 23, 14, 5, 4, 3, 12, 21, 30, 31, 40, 41, 50, 59, 58, 57, 48, 47, 38, 37, 28, 19, 18, 9, 0]
[00:00:00:01:690] ! Unidirectional t-s. expansions: 99, time: 1,689 [ms], path length: 30 [edges], generated: 1,514
[00:00:00:04:019] Path of length 30 found: [0, 9, 18, 27, 36, 37, 38, 47, 56, 57, 58, 59, 50, 41, 40, 31, 30, 21, 12, 3, 4, 5, 14, 23, 24, 25, 34, 43, 52, 53, 62]
[00:00:00:04:435] ! Bidirectional. expansions: 213, time: 4,019 [ms], path length: 30 [edges], g_F: 15, g_B: 15, generated: 0, MM: 0, MMPER: -1.0%
[00:00:00:04:435] 
---------- SM_Grids/7x9_grid_with_random_blocks_16per_6 ----------
[00:00:00:03:316] Path of length 32 found: [0, 9, 10, 11, 2, 3, 4, 5, 6, 7, 16, 17, 26, 35, 34, 33, 24, 23, 22, 21, 30, 29, 28, 37, 46, 47, 56, 57, 58, 59, 60, 61, 62]
[00:00:00:03:316] ! Unidirectional s-t. expansions: 336, time: 3,316 [ms], path length: 32 [edges], generated: 3,684
[00:00:00:01:398] Path of length 32 found: [62, 61, 60, 59, 58, 57, 56, 47, 46, 37, 28, 29, 20, 21, 22, 31, 40, 41, 42, 33, 34, 25, 26, 17, 8, 7, 6, 5, 4, 3, 2, 1, 0]
[00:00:00:01:399] ! Unidirectional t-s. expansions: 100, time: 1,399 [ms], path length: 32 [edges], generated: 1,501
[00:00:00:01:259] Path of length 32 found: [0, 9, 10, 11, 2, 3, 4, 5, 6, 7, 16, 17, 26, 35, 34, 33, 24, 23, 22, 21, 30, 29, 28, 37, 46, 47, 56, 57, 58, 59, 60, 61, 62]
[00:00:00:01:711] ! Bidirectional. expansions: 119, time: 1,259 [ms], path length: 32 [edges], g_F: 16, g_B: 16, generated: 0, MM: 0, MMPER: -1.0%
[00:00:00:01:711] 
---------- SM_Grids/7x9_grid_with_random_blocks_16per_7 ----------
[00:00:00:03:905] Path of length 32 found: [0, 1, 10, 11, 20, 21, 22, 13, 4, 5, 6, 7, 8, 17, 26, 25, 34, 33, 32, 41, 40, 39, 38, 47, 56, 57, 58, 59, 60, 51, 52, 53, 62]
[00:00:00:03:906] ! Unidirectional s-t. expansions: 376, time: 3,905 [ms], path length: 32 [edges], generated: 4,619
[00:00:00:02:265] Path of length 32 found: [62, 53, 52, 51, 60, 59, 58, 57, 56, 47, 38, 39, 40, 41, 32, 33, 34, 25, 26, 17, 8, 7, 6, 15, 14, 13, 22, 21, 20, 11, 2, 1, 0]
[00:00:00:02:265] ! Unidirectional t-s. expansions: 136, time: 2,265 [ms], path length: 32 [edges], generated: 2,492
[00:00:00:01:940] Path of length 32 found: [0, 1, 2, 11, 20, 21, 22, 13, 4, 5, 6, 15, 16, 17, 26, 35, 34, 33, 32, 41, 40, 39, 38, 47, 56, 57, 58, 59, 60, 51, 52, 53, 62]
[00:00:00:02:361] ! Bidirectional. expansions: 105, time: 1,940 [ms], path length: 32 [edges], g_F: 16, g_B: 16, generated: 0, MM: 0, MMPER: -1.0%
[00:00:00:02:362] 
---------- SM_Grids/7x9_grid_with_random_blocks_16per_8 ----------
[00:00:00:05:216] Path of length 32 found: [0, 9, 18, 27, 36, 45, 54, 55, 56, 47, 48, 39, 30, 21, 12, 13, 4, 5, 6, 7, 8, 17, 26, 25, 24, 33, 32, 41, 50, 59, 60, 61, 62]
[00:00:00:05:217] ! Unidirectional s-t. expansions: 560, time: 5,216 [ms], path length: 32 [edges], generated: 7,916
[00:00:00:04:967] Path of length 32 found: [62, 53, 52, 51, 50, 41, 32, 33, 34, 25, 26, 17, 8, 7, 6, 15, 14, 13, 12, 21, 30, 39, 48, 57, 56, 55, 46, 37, 36, 27, 18, 9, 0]
[00:00:00:04:967] ! Unidirectional t-s. expansions: 560, time: 4,967 [ms], path length: 32 [edges], generated: 5,826
[00:00:00:04:157] Path of length 32 found: [0, 9, 18, 27, 36, 45, 54, 55, 56, 47, 48, 39, 30, 21, 12, 3, 4, 5, 6, 7, 8, 17, 26, 25, 34, 33, 32, 41, 50, 51, 52, 53, 62]
[00:00:00:04:576] ! Bidirectional. expansions: 957, time: 4,157 [ms], path length: 32 [edges], g_F: 16, g_B: 16, generated: 0, MM: 0, MMPER: -1.0%
[00:00:00:04:577] 
---------- SM_Grids/7x9_grid_with_random_blocks_16per_9 ----------
[00:00:00:00:219] Path of length 24 found: [0, 1, 2, 3, 4, 5, 6, 7, 16, 17, 26, 35, 34, 33, 24, 23, 22, 31, 40, 41, 50, 59, 60, 61, 62]
[00:00:00:00:219] ! Unidirectional s-t. expansions: 15, time: 219 [ms], path length: 24 [edges], generated: 196
[00:00:00:00:483] Path of length 24 found: [62, 53, 52, 51, 50, 41, 40, 31, 22, 23, 24, 33, 34, 35, 26, 17, 8, 7, 6, 5, 4, 3, 2, 1, 0]
[00:00:00:00:483] ! Unidirectional t-s. expansions: 57, time: 483 [ms], path length: 24 [edges], generated: 487
[00:00:00:00:412] Path of length 24 found: [0, 1, 2, 3, 4, 5, 6, 7, 16, 17, 26, 35, 34, 33, 24, 23, 22, 31, 40, 41, 50, 51, 52, 53, 62]
[00:00:00:00:829] ! Bidirectional. expansions: 31, time: 412 [ms], path length: 24 [edges], g_F: 12, g_B: 12, generated: 0, MM: 0, MMPER: -1.0%

[00:00:00:00:830] average expansions: (253, 211, 197, 0)
[00:00:00:00:830] average time: (2,419, 2,617, 1,803, 0)
[00:00:00:00:830] XA*: 211 , 2,419 (expansions , time[ms])
[00:00:00:00:830] BiXA*: 197 , 1,803 (expansions , time[ms])

