------------------------------------
Thu 01 Oct 2026 14:32:34 IDT
SLURM_JOBID:		21950246
SLURM_JOB_NODELIST:	ise-cpu256-09
SLURM_SCRATCH_DIR:	/scratch/shubit/21950246
Allocated Resouces:	cpu - 2 / mem - 61440 MB / gpu - 
SLURM_GPU_INDEX:	
Running as shubit from shimony account with normal QOS
------------------------------------
Thu 01 Oct 2026 14:32:34 IDT

SLURM_JOBID:		 21950246
SLURM_JOB_NODELIST:	 ise-cpu256-09 

--------------------------
date: SM_Grids
number_of_graphs: 10
graph_type: grid
size_of_graphs: [7, 9]
heuristic: bcc_heuristic
snake: True
run_uni: True
run_bi: True
run_multi: False
solution_vertices: []
algorithms: ['DFBnB']
lookahead: 4
bsd: False
cube_first_dims: 4
cube_buffer_dim: None
backward_sym_generation: False
sym_coil: False
prefix_set: None

---------- SM_Grids/7x9_grid_with_random_blocks_16per_0 ----------
[00:00:00:05:781] Path of length 24 found: [0, 1, 2, 11, 20, 19, 18, 27, 36, 45, 54, 55, 56, 47, 38, 39, 30, 31, 32, 41, 50, 59, 60, 61, 62]
[00:00:00:05:782] ! Unidirectional s-t. expansions: 837, time: 5,782 [ms], path length: 24 [edges], generated: 7,444
[00:00:00:09:158] Path of length 24 found: [62, 53, 44, 35, 34, 33, 32, 41, 40, 39, 48, 57, 56, 55, 46, 45, 36, 27, 28, 29, 20, 11, 2, 1, 0]
[00:00:00:09:158] ! Unidirectional t-s. expansions: 1,327, time: 9,158 [ms], path length: 24 [edges], generated: 9,771
[00:00:00:03:251] Path of length 24 found: [0, 1, 2, 11, 20, 19, 18, 27, 36, 45, 54, 55, 56, 47, 38, 39, 40, 41, 42, 33, 34, 35, 44, 53, 62]
[00:00:00:03:725] ! Bidirectional. expansions: 352, time: 3,251 [ms], path length: 24 [edges], g_F: 12, g_B: 12, generated: 0, MM: 0, MMPER: -1.0%
[00:00:00:03:725] 
---------- SM_Grids/7x9_grid_with_random_blocks_16per_1 ----------
[00:00:00:00:723] Path of length 38 found: [0, 1, 2, 3, 12, 21, 20, 19, 18, 27, 36, 45, 54, 55, 56, 47, 38, 39, 40, 49, 58, 59, 60, 51, 42, 33, 32, 23, 14, 5, 6, 7, 16, 25, 26, 35, 44, 53, 62]
[00:00:00:00:723] ! Unidirectional s-t. expansions: 55, time: 723 [ms], path length: 38 [edges], generated: 675
[00:00:00:00:819] Path of length 38 found: [62, 53, 44, 35, 26, 17, 8, 7, 6, 5, 14, 23, 32, 33, 42, 51, 60, 59, 58, 49, 40, 39, 38, 47, 56, 55, 54, 45, 36, 27, 18, 19, 20, 21, 12, 3, 2, 1, 0]
[00:00:00:00:819] ! Unidirectional t-s. expansions: 205, time: 819 [ms], path length: 38 [edges], generated: 1,140
[00:00:00:01:116] Path of length 38 found: [0, 1, 2, 3, 12, 21, 20, 19, 18, 27, 36, 45, 54, 55, 56, 47, 38, 39, 40, 49, 58, 59, 60, 51, 42, 33, 32, 23, 14, 5, 6, 7, 16, 17, 26, 35, 44, 53, 62]
[00:00:00:01:573] ! Bidirectional. expansions: 136, time: 1,116 [ms], path length: 38 [edges], g_F: 19, g_B: 19, generated: 0, MM: 0, MMPER: -1.0%
[00:00:00:01:573] 
---------- SM_Grids/7x9_grid_with_random_blocks_16per_2 ----------
[00:00:00:02:053] Path of length 26 found: [0, 1, 2, 11, 20, 19, 28, 37, 38, 39, 30, 31, 32, 23, 14, 5, 6, 7, 16, 25, 26, 35, 44, 43, 52, 61, 62]
[00:00:00:02:054] ! Unidirectional s-t. expansions: 415, time: 2,053 [ms], path length: 26 [edges], generated: 3,258
[00:00:00:02:931] Path of length 26 found: [62, 61, 52, 43, 44, 35, 26, 17, 8, 7, 6, 5, 4, 13, 22, 31, 40, 39, 38, 37, 28, 19, 20, 11, 2, 1, 0]
[00:00:00:02:932] ! Unidirectional t-s. expansions: 262, time: 2,931 [ms], path length: 26 [edges], generated: 3,072
[00:00:00:01:752] Path of length 26 found: [0, 1, 2, 11, 20, 19, 28, 37, 38, 39, 30, 31, 22, 13, 4, 5, 6, 7, 8, 17, 26, 35, 44, 43, 52, 61, 62]
[00:00:00:02:324] ! Bidirectional. expansions: 187, time: 1,752 [ms], path length: 26 [edges], g_F: 13, g_B: 13, generated: 0, MM: 0, MMPER: -1.0%
[00:00:00:02:324] 
---------- SM_Grids/7x9_grid_with_random_blocks_16per_3 ----------
[00:00:00:03:006] Path of length 34 found: [0, 9, 18, 27, 36, 45, 46, 47, 38, 29, 20, 11, 2, 3, 4, 13, 14, 15, 6, 7, 8, 17, 26, 35, 34, 33, 32, 31, 40, 49, 50, 51, 52, 61, 62]
[00:00:00:03:007] ! Unidirectional s-t. expansions: 388, time: 3,007 [ms], path length: 34 [edges], generated: 2,431
[00:00:00:02:024] Path of length 34 found: [62, 61, 52, 51, 42, 33, 34, 35, 26, 17, 8, 7, 6, 15, 14, 13, 4, 3, 2, 11, 20, 29, 30, 31, 40, 49, 48, 47, 46, 45, 36, 27, 18, 9, 0]
[00:00:00:02:025] ! Unidirectional t-s. expansions: 102, time: 2,024 [ms], path length: 34 [edges], generated: 1,669
[00:00:00:01:581] Path of length 34 found: [0, 1, 2, 3, 12, 13, 14, 15, 6, 7, 8, 17, 26, 35, 34, 33, 32, 31, 30, 29, 20, 19, 18, 27, 36, 45, 46, 47, 48, 49, 50, 51, 52, 61, 62]
[00:00:00:02:104] ! Bidirectional. expansions: 106, time: 1,582 [ms], path length: 34 [edges], g_F: 17, g_B: 17, generated: 0, MM: 0, MMPER: -1.0%
[00:00:00:02:105] 
---------- SM_Grids/7x9_grid_with_random_blocks_16per_4 ----------
[00:00:00:01:552] Path of length 26 found: [0, 9, 18, 27, 36, 37, 38, 29, 20, 11, 12, 13, 22, 31, 32, 33, 24, 15, 16, 17, 26, 35, 44, 43, 52, 61, 62]
[00:00:00:01:552] ! Unidirectional s-t. expansions: 140, time: 1,552 [ms], path length: 26 [edges], generated: 1,455
[00:00:00:12:285] Path of length 26 found: [62, 61, 52, 43, 44, 35, 26, 17, 16, 15, 24, 33, 32, 31, 22, 13, 12, 11, 20, 29, 38, 37, 36, 27, 18, 9, 0]
[00:00:00:12:285] ! Unidirectional t-s. expansions: 2,597, time: 12,285 [ms], path length: 26 [edges], generated: 14,464
[00:00:00:01:584] Path of length 26 found: [0, 9, 18, 27, 36, 37, 38, 29, 20, 11, 12, 13, 22, 31, 32, 33, 24, 15, 16, 17, 26, 35, 44, 43, 52, 61, 62]
[00:00:00:02:115] ! Bidirectional. expansions: 138, time: 1,584 [ms], path length: 26 [edges], g_F: 13, g_B: 13, generated: 0, MM: 0, MMPER: -1.0%
[00:00:00:02:115] 
---------- SM_Grids/7x9_grid_with_random_blocks_16per_5 ----------
[00:00:00:03:070] Path of length 30 found: [0, 9, 18, 27, 36, 37, 38, 47, 56, 57, 58, 59, 50, 41, 40, 31, 30, 21, 12, 3, 4, 5, 14, 23, 24, 33, 34, 43, 52, 61, 62]
[00:00:00:03:070] ! Unidirectional s-t. expansions: 110, time: 3,070 [ms], path length: 30 [edges], generated: 2,190
[00:00:00:03:086] Path of length 30 found: [62, 53, 52, 43, 34, 25, 24, 23, 14, 5, 4, 3, 12, 21, 30, 31, 40, 41, 50, 59, 58, 57, 48, 47, 38, 37, 28, 19, 18, 9, 0]
[00:00:00:03:087] ! Unidirectional t-s. expansions: 162, time: 3,086 [ms], path length: 30 [edges], generated: 2,011
[00:00:00:05:242] Path of length 30 found: [0, 9, 18, 27, 36, 37, 38, 47, 56, 57, 58, 59, 50, 41, 40, 31, 30, 21, 12, 3, 4, 5, 14, 23, 24, 25, 34, 43, 52, 53, 62]
[00:00:00:05:687] ! Bidirectional. expansions: 253, time: 5,242 [ms], path length: 30 [edges], g_F: 15, g_B: 15, generated: 0, MM: 0, MMPER: -1.0%
[00:00:00:05:687] 
---------- SM_Grids/7x9_grid_with_random_blocks_16per_6 ----------
[00:00:00:03:244] Path of length 32 found: [0, 9, 10, 11, 2, 3, 4, 5, 14, 15, 16, 17, 26, 35, 34, 33, 42, 41, 40, 31, 30, 29, 28, 37, 46, 47, 56, 57, 58, 59, 60, 61, 62]
[00:00:00:03:245] ! Unidirectional s-t. expansions: 336, time: 3,245 [ms], path length: 32 [edges], generated: 3,684
[00:00:00:02:396] Path of length 32 found: [62, 61, 60, 59, 58, 57, 56, 47, 46, 37, 28, 19, 20, 21, 30, 31, 40, 41, 42, 33, 34, 25, 26, 17, 8, 7, 6, 5, 4, 3, 2, 1, 0]
[00:00:00:02:396] ! Unidirectional t-s. expansions: 514, time: 2,396 [ms], path length: 32 [edges], generated: 3,052
[00:00:00:01:374] Path of length 32 found: [0, 1, 10, 11, 12, 3, 4, 5, 14, 15, 16, 17, 26, 35, 34, 33, 42, 41, 40, 31, 30, 29, 28, 37, 46, 47, 56, 57, 58, 59, 60, 61, 62]
[00:00:00:01:828] ! Bidirectional. expansions: 143, time: 1,374 [ms], path length: 32 [edges], g_F: 16, g_B: 16, generated: 0, MM: 0, MMPER: -1.0%
[00:00:00:01:828] 
---------- SM_Grids/7x9_grid_with_random_blocks_16per_7 ----------
[00:00:00:04:106] Path of length 32 found: [0, 1, 10, 11, 20, 21, 22, 13, 4, 5, 6, 7, 8, 17, 26, 25, 34, 33, 32, 41, 40, 39, 38, 47, 56, 57, 58, 59, 60, 51, 52, 53, 62]
[00:00:00:04:107] ! Unidirectional s-t. expansions: 376, time: 4,106 [ms], path length: 32 [edges], generated: 4,619
[00:00:00:02:861] Path of length 32 found: [62, 53, 52, 51, 60, 59, 58, 57, 56, 47, 38, 39, 40, 41, 32, 33, 34, 25, 26, 17, 8, 7, 6, 15, 14, 13, 22, 21, 20, 11, 2, 1, 0]
[00:00:00:02:862] ! Unidirectional t-s. expansions: 136, time: 2,861 [ms], path length: 32 [edges], generated: 2,492
[00:00:00:02:671] Path of length 32 found: [0, 1, 2, 11, 20, 21, 22, 13, 4, 5, 6, 15, 16, 17, 26, 35, 34, 33, 32, 41, 40, 39, 38, 47, 56, 57, 58, 59, 60, 51, 52, 53, 62]
[00:00:00:03:178] ! Bidirectional. expansions: 101, time: 2,671 [ms], path length: 32 [edges], g_F: 16, g_B: 16, generated: 0, MM: 0, MMPER: -1.0%
[00:00:00:03:178] 
---------- SM_Grids/7x9_grid_with_random_blocks_16per_8 ----------
[00:00:00:05:696] Path of length 32 found: [0, 9, 18, 27, 36, 45, 54, 55, 56, 47, 48, 39, 30, 21, 12, 13, 4, 5, 6, 7, 8, 17, 26, 25, 24, 33, 32, 41, 50, 59, 60, 61, 62]
[00:00:00:05:696] ! Unidirectional s-t. expansions: 560, time: 5,696 [ms], path length: 32 [edges], generated: 7,916
[00:00:00:05:582] Path of length 32 found: [62, 53, 52, 43, 34, 25, 26, 17, 8, 7, 6, 15, 14, 13, 12, 21, 30, 39, 40, 41, 50, 59, 58, 57, 56, 47, 46, 37, 36, 27, 18, 9, 0]
[00:00:00:05:583] ! Unidirectional t-s. expansions: 573, time: 5,582 [ms], path length: 32 [edges], generated: 5,911
[00:00:00:05:906] Path of length 32 found: [0, 9, 18, 27, 36, 45, 54, 55, 56, 57, 58, 59, 50, 41, 40, 39, 30, 21, 12, 13, 14, 15, 6, 7, 8, 17, 26, 25, 34, 43, 52, 53, 62]
[00:00:00:06:423] ! Bidirectional. expansions: 996, time: 5,906 [ms], path length: 32 [edges], g_F: 16, g_B: 16, generated: 0, MM: 0, MMPER: -1.0%
[00:00:00:06:424] 
---------- SM_Grids/7x9_grid_with_random_blocks_16per_9 ----------
[00:00:00:00:375] Path of length 24 found: [0, 1, 2, 3, 4, 5, 6, 7, 16, 17, 26, 35, 34, 33, 24, 23, 22, 31, 40, 41, 50, 59, 60, 61, 62]
[00:00:00:00:375] ! Unidirectional s-t. expansions: 27, time: 375 [ms], path length: 24 [edges], generated: 238
[00:00:00:00:584] Path of length 24 found: [62, 53, 52, 51, 50, 41, 40, 31, 22, 23, 24, 33, 34, 35, 26, 17, 8, 7, 6, 5, 4, 3, 2, 1, 0]
[00:00:00:00:584] ! Unidirectional t-s. expansions: 57, time: 584 [ms], path length: 24 [edges], generated: 487
[00:00:00:02:621] Path of length 24 found: [0, 1, 2, 3, 4, 5, 6, 7, 16, 17, 26, 35, 34, 33, 24, 23, 22, 31, 40, 41, 50, 51, 52, 53, 62]
[00:00:00:03:133] ! Bidirectional. expansions: 920, time: 2,621 [ms], path length: 24 [edges], g_F: 12, g_B: 12, generated: 0, MM: 0, MMPER: -1.0%

[00:00:00:03:133] average expansions: (324, 594, 333, 0)
[00:00:00:03:133] average time: (2,961, 4,173, 2,710, 0)
[00:00:00:03:133] XDFBnB: 324 , 2,961 (expansions , time[ms])
[00:00:00:03:133] BiXDFBnB: 333 , 2,710 (expansions , time[ms])

