------------------------------------
Thu 01 Oct 2026 11:13:28 IDT
SLURM_JOBID:		21942952
SLURM_JOB_NODELIST:	ise-cpu256-04
SLURM_SCRATCH_DIR:	/scratch/shubit/21942952
Allocated Resouces:	cpu - 2 / mem - 61440 MB / gpu - 
SLURM_GPU_INDEX:	
Running as shubit from shimony account with normal QOS
------------------------------------
Thu 01 Oct 2026 11:13:28 IDT

SLURM_JOBID:		 21942952
SLURM_JOB_NODELIST:	 ise-cpu256-04 

--------------------------
date: SM_Grids
number_of_graphs: 10
graph_type: grid
size_of_graphs: [7, 7]
heuristic: bcc_heuristic
snake: True
run_uni: True
run_bi: True
run_multi: False
solution_vertices: []
algorithms: ['A']
lookahead: -1
bsd: False
cube_first_dims: 4
cube_buffer_dim: None
backward_sym_generation: False
sym_coil: False
prefix_set: None

---------- SM_Grids/7x7_grid_with_random_blocks_12per_0 ----------
[00:00:00:00:724] Path of length 26 found: [0, 7, 14, 15, 16, 9, 2, 3, 4, 11, 18, 19, 26, 33, 32, 31, 30, 29, 28, 35, 42, 43, 44, 45, 46, 47, 48]
[00:00:00:00:725] ! Unidirectional s-t. expansions: 203, time: 725 [ms], path length: 26 [edges], generated: 343
[00:00:00:00:427] Path of length 26 found: [48, 47, 46, 45, 44, 43, 42, 35, 28, 29, 30, 31, 32, 33, 26, 19, 18, 11, 4, 3, 2, 9, 16, 15, 14, 7, 0]
[00:00:00:00:427] ! Unidirectional t-s. expansions: 123, time: 427 [ms], path length: 26 [edges], generated: 208
[00:00:00:00:534] Path of length 26 found: [0, 7, 14, 15, 16, 9, 2, 3, 4, 11, 18, 19, 26, 33, 32, 31, 30, 29, 28, 35, 42, 43, 44, 45, 46, 47, 48]
[00:00:00:00:913] ! Bidirectional. expansions: 141, time: 534 [ms], path length: 26 [edges], g_F: 14, g_B: 12, generated: 0, MM: 2, MMPER: 6.407407407407407%
[00:00:00:00:913] 
---------- SM_Grids/7x7_grid_with_random_blocks_12per_1 ----------
[00:00:00:00:380] Path of length 28 found: [0, 7, 14, 15, 16, 9, 2, 3, 4, 11, 18, 19, 20, 27, 34, 33, 32, 31, 30, 29, 28, 35, 42, 43, 44, 45, 46, 47, 48]
[00:00:00:00:381] ! Unidirectional s-t. expansions: 99, time: 381 [ms], path length: 28 [edges], generated: 173
[00:00:00:00:377] Path of length 28 found: [48, 47, 46, 45, 44, 43, 42, 35, 28, 21, 22, 23, 30, 31, 32, 33, 34, 27, 20, 19, 18, 11, 4, 3, 2, 9, 8, 7, 0]
[00:00:00:00:378] ! Unidirectional t-s. expansions: 111, time: 377 [ms], path length: 28 [edges], generated: 179
[00:00:00:00:404] Path of length 28 found: [0, 1, 2, 3, 4, 11, 18, 19, 20, 27, 34, 33, 32, 31, 30, 23, 16, 15, 14, 21, 28, 35, 36, 43, 44, 45, 46, 47, 48]
[00:00:00:00:765] ! Bidirectional. expansions: 104, time: 404 [ms], path length: 28 [edges], g_F: 15, g_B: 13, generated: 0, MM: 2, MMPER: 5.896551724137931%
[00:00:00:00:765] 
---------- SM_Grids/7x7_grid_with_random_blocks_12per_2 ----------
[00:00:00:00:615] Path of length 26 found: [0, 7, 14, 21, 28, 29, 36, 43, 44, 45, 38, 31, 24, 23, 16, 9, 2, 3, 4, 11, 18, 19, 26, 33, 40, 47, 48]
[00:00:00:00:616] ! Unidirectional s-t. expansions: 123, time: 615 [ms], path length: 26 [edges], generated: 228
[00:00:00:00:699] Path of length 26 found: [48, 41, 34, 33, 26, 19, 18, 11, 4, 3, 2, 9, 16, 23, 24, 31, 38, 45, 44, 43, 36, 29, 28, 21, 14, 7, 0]
[00:00:00:00:699] ! Unidirectional t-s. expansions: 145, time: 699 [ms], path length: 26 [edges], generated: 252
[00:00:00:00:723] Path of length 26 found: [0, 7, 14, 21, 28, 29, 36, 43, 44, 45, 38, 31, 24, 23, 16, 9, 2, 3, 4, 11, 18, 19, 26, 33, 34, 41, 48]
[00:00:00:01:131] ! Bidirectional. expansions: 141, time: 723 [ms], path length: 26 [edges], g_F: 14, g_B: 12, generated: 0, MM: 2, MMPER: 6.407407407407407%
[00:00:00:01:131] 
---------- SM_Grids/7x7_grid_with_random_blocks_12per_3 ----------
[00:00:00:00:267] Path of length 28 found: [0, 1, 8, 15, 14, 21, 28, 35, 36, 37, 30, 23, 24, 17, 10, 3, 4, 5, 6, 13, 20, 19, 26, 33, 32, 39, 46, 47, 48]
[00:00:00:00:268] ! Unidirectional s-t. expansions: 53, time: 267 [ms], path length: 28 [edges], generated: 90
[00:00:00:01:783] Path of length 28 found: [48, 47, 46, 39, 32, 33, 34, 27, 20, 13, 6, 5, 4, 3, 10, 17, 24, 23, 30, 37, 36, 35, 28, 21, 14, 15, 8, 1, 0]
[00:00:00:01:784] ! Unidirectional t-s. expansions: 420, time: 1,783 [ms], path length: 28 [edges], generated: 734
[00:00:00:00:728] Path of length 28 found: [0, 1, 8, 15, 14, 21, 28, 35, 36, 37, 30, 23, 24, 17, 10, 3, 4, 5, 6, 13, 20, 27, 34, 33, 32, 39, 46, 47, 48]
[00:00:00:01:118] ! Bidirectional. expansions: 141, time: 728 [ms], path length: 28 [edges], g_F: 15, g_B: 13, generated: 0, MM: 2, MMPER: 5.896551724137931%
[00:00:00:01:119] 
---------- SM_Grids/7x7_grid_with_random_blocks_12per_4 ----------
[00:00:00:02:632] Path of length 26 found: [0, 7, 8, 9, 2, 3, 4, 5, 6, 13, 20, 19, 18, 17, 24, 23, 22, 29, 36, 43, 44, 45, 38, 39, 40, 47, 48]
[00:00:00:02:632] ! Unidirectional s-t. expansions: 611, time: 2,632 [ms], path length: 26 [edges], generated: 1,082
[00:00:00:02:427] Path of length 26 found: [48, 41, 40, 33, 26, 27, 20, 13, 6, 5, 4, 11, 18, 17, 24, 31, 38, 45, 44, 43, 36, 29, 22, 15, 8, 1, 0]
[00:00:00:02:428] ! Unidirectional t-s. expansions: 545, time: 2,427 [ms], path length: 26 [edges], generated: 970
[00:00:00:01:880] Path of length 26 found: [0, 1, 2, 3, 4, 5, 6, 13, 20, 19, 18, 17, 16, 15, 22, 29, 36, 43, 44, 45, 38, 31, 32, 33, 40, 41, 48]
[00:00:00:02:284] ! Bidirectional. expansions: 459, time: 1,880 [ms], path length: 26 [edges], g_F: 14, g_B: 12, generated: 0, MM: 2, MMPER: 6.407407407407407%
[00:00:00:02:284] 
---------- SM_Grids/7x7_grid_with_random_blocks_12per_5 ----------
[00:00:00:01:202] Path of length 28 found: [0, 1, 2, 9, 10, 11, 4, 5, 6, 13, 20, 27, 34, 33, 32, 25, 24, 23, 22, 21, 28, 35, 36, 37, 38, 45, 46, 47, 48]
[00:00:00:01:202] ! Unidirectional s-t. expansions: 243, time: 1,202 [ms], path length: 28 [edges], generated: 414
[00:00:00:00:967] Path of length 28 found: [48, 47, 46, 45, 38, 37, 36, 35, 28, 21, 22, 23, 24, 25, 32, 33, 34, 27, 20, 13, 6, 5, 4, 11, 10, 9, 2, 1, 0]
[00:00:00:00:968] ! Unidirectional t-s. expansions: 214, time: 967 [ms], path length: 28 [edges], generated: 366
[00:00:00:00:734] Path of length 28 found: [0, 1, 2, 9, 10, 11, 4, 5, 6, 13, 20, 27, 34, 33, 32, 25, 24, 23, 22, 21, 28, 35, 36, 37, 38, 45, 46, 47, 48]
[00:00:00:01:139] ! Bidirectional. expansions: 159, time: 734 [ms], path length: 28 [edges], g_F: 15, g_B: 13, generated: 0, MM: 2, MMPER: 5.896551724137931%
[00:00:00:01:139] 
---------- SM_Grids/7x7_grid_with_random_blocks_12per_6 ----------
[00:00:00:00:966] Path of length 28 found: [0, 1, 2, 3, 4, 5, 12, 13, 20, 27, 26, 25, 18, 17, 16, 15, 14, 21, 28, 35, 42, 43, 44, 37, 38, 39, 46, 47, 48]
[00:00:00:00:966] ! Unidirectional s-t. expansions: 213, time: 966 [ms], path length: 28 [edges], generated: 353
[00:00:00:01:016] Path of length 28 found: [48, 41, 34, 27, 20, 13, 6, 5, 4, 11, 18, 17, 16, 23, 30, 31, 32, 39, 46, 45, 44, 43, 36, 35, 28, 21, 14, 7, 0]
[00:00:00:01:017] ! Unidirectional t-s. expansions: 241, time: 1,016 [ms], path length: 28 [edges], generated: 375
[00:00:00:01:296] Path of length 28 found: [0, 1, 8, 15, 14, 21, 28, 35, 42, 43, 44, 45, 46, 39, 32, 31, 24, 17, 18, 11, 4, 5, 6, 13, 20, 27, 34, 41, 48]
[00:00:00:01:684] ! Bidirectional. expansions: 354, time: 1,297 [ms], path length: 28 [edges], g_F: 15, g_B: 13, generated: 0, MM: 2, MMPER: 5.896551724137931%
[00:00:00:01:684] 
---------- SM_Grids/7x7_grid_with_random_blocks_12per_7 ----------
[00:00:00:00:988] Path of length 28 found: [0, 7, 14, 15, 16, 9, 2, 3, 4, 11, 12, 19, 26, 25, 24, 31, 30, 29, 28, 35, 42, 43, 44, 45, 46, 39, 40, 41, 48]
[00:00:00:00:988] ! Unidirectional s-t. expansions: 201, time: 988 [ms], path length: 28 [edges], generated: 357
[00:00:00:00:893] Path of length 28 found: [48, 41, 40, 39, 46, 45, 44, 43, 42, 35, 28, 29, 30, 31, 24, 25, 26, 19, 12, 11, 4, 3, 2, 9, 16, 15, 14, 7, 0]
[00:00:00:00:894] ! Unidirectional t-s. expansions: 213, time: 893 [ms], path length: 28 [edges], generated: 346
[00:00:00:00:937] Path of length 28 found: [0, 7, 14, 15, 16, 9, 2, 3, 4, 11, 12, 19, 26, 25, 24, 31, 30, 29, 28, 35, 42, 43, 44, 45, 46, 39, 40, 41, 48]
[00:00:00:01:345] ! Bidirectional. expansions: 194, time: 937 [ms], path length: 28 [edges], g_F: 15, g_B: 13, generated: 0, MM: 2, MMPER: 5.896551724137931%
[00:00:00:01:345] 
---------- SM_Grids/7x7_grid_with_random_blocks_12per_8 ----------
[00:00:00:00:941] Path of length 30 found: [0, 1, 8, 15, 14, 21, 28, 35, 42, 43, 44, 37, 30, 23, 24, 17, 10, 3, 4, 5, 12, 13, 20, 27, 26, 33, 32, 39, 46, 47, 48]
[00:00:00:00:941] ! Unidirectional s-t. expansions: 175, time: 941 [ms], path length: 30 [edges], generated: 278
[00:00:00:00:485] Path of length 30 found: [48, 47, 46, 39, 32, 33, 26, 19, 20, 13, 6, 5, 4, 3, 10, 17, 24, 23, 30, 37, 44, 43, 42, 35, 28, 21, 14, 15, 8, 1, 0]
[00:00:00:00:485] ! Unidirectional t-s. expansions: 94, time: 485 [ms], path length: 30 [edges], generated: 162
[00:00:00:00:561] Path of length 30 found: [0, 1, 8, 15, 14, 21, 28, 35, 42, 43, 44, 37, 30, 23, 24, 17, 10, 3, 4, 5, 6, 13, 20, 19, 26, 33, 32, 39, 46, 47, 48]
[00:00:00:00:963] ! Bidirectional. expansions: 131, time: 561 [ms], path length: 30 [edges], g_F: 16, g_B: 14, generated: 0, MM: 2, MMPER: 5.451612903225806%
[00:00:00:00:963] 
---------- SM_Grids/7x7_grid_with_random_blocks_12per_9 ----------
[00:00:00:01:613] Path of length 26 found: [0, 1, 2, 3, 4, 5, 6, 13, 20, 19, 18, 17, 16, 15, 14, 21, 28, 29, 36, 37, 38, 31, 32, 33, 34, 41, 48]
[00:00:00:01:614] ! Unidirectional s-t. expansions: 315, time: 1,613 [ms], path length: 26 [edges], generated: 567
[00:00:00:01:750] Path of length 26 found: [48, 41, 34, 27, 20, 13, 6, 5, 4, 3, 2, 9, 16, 17, 18, 25, 32, 39, 38, 37, 30, 29, 28, 21, 14, 7, 0]
[00:00:00:01:751] ! Unidirectional t-s. expansions: 374, time: 1,750 [ms], path length: 26 [edges], generated: 679
[00:00:00:01:452] Path of length 26 found: [0, 1, 2, 9, 16, 15, 14, 21, 28, 29, 36, 37, 38, 31, 24, 25, 18, 11, 4, 5, 6, 13, 20, 27, 34, 41, 48]
[00:00:00:01:857] ! Bidirectional. expansions: 365, time: 1,452 [ms], path length: 26 [edges], g_F: 14, g_B: 12, generated: 0, MM: 2, MMPER: 6.407407407407407%

[00:00:00:01:857] average expansions: (224, 248, 219, 0)
[00:00:00:01:857] average time: (1,033, 1,082, 925, 0)
[00:00:00:01:857] XA*: 224 , 1,033 (expansions , time[ms])
[00:00:00:01:857] BiXA*: 219 , 925 (expansions , time[ms])

