------------------------------------
Thu 01 Oct 2026 14:33:21 IDT
SLURM_JOBID:		21950250
SLURM_JOB_NODELIST:	ise-cpu256-31
SLURM_SCRATCH_DIR:	/scratch/shubit/21950250
Allocated Resouces:	cpu - 2 / mem - 61440 MB / gpu - 
SLURM_GPU_INDEX:	
Running as shubit from shimony account with normal QOS
------------------------------------
Thu 01 Oct 2026 14:33:21 IDT

SLURM_JOBID:		 21950250
SLURM_JOB_NODELIST:	 ise-cpu256-31 

--------------------------
date: SM_Grids
number_of_graphs: 10
graph_type: grid
size_of_graphs: [7, 9]
heuristic: bcc_heuristic
snake: True
run_uni: True
run_bi: True
run_multi: False
solution_vertices: []
algorithms: ['DFBnB']
lookahead: 2
bsd: False
cube_first_dims: 4
cube_buffer_dim: None
backward_sym_generation: False
sym_coil: False
prefix_set: None

---------- SM_Grids/7x9_grid_with_random_blocks_20per_0 ----------
[00:00:00:00:231] Path of length 28 found: [0, 9, 18, 19, 20, 29, 30, 39, 48, 57, 58, 59, 50, 41, 32, 23, 22, 13, 4, 5, 6, 7, 8, 17, 26, 35, 44, 53, 62]
[00:00:00:00:231] ! Unidirectional s-t. expansions: 52, time: 231 [ms], path length: 28 [edges], generated: 180
[00:00:00:00:244] Path of length 28 found: [62, 53, 44, 35, 26, 17, 8, 7, 6, 5, 4, 13, 22, 23, 32, 41, 50, 59, 58, 57, 48, 39, 30, 29, 20, 19, 10, 1, 0]
[00:00:00:00:244] ! Unidirectional t-s. expansions: 44, time: 244 [ms], path length: 28 [edges], generated: 177
[00:00:00:00:671] Path of length 28 found: [0, 9, 18, 19, 20, 29, 30, 39, 48, 57, 58, 59, 50, 41, 32, 23, 22, 13, 4, 5, 6, 7, 8, 17, 26, 35, 44, 53, 62]
[00:00:00:01:153] ! Bidirectional. expansions: 176, time: 671 [ms], path length: 28 [edges], g_F: 14, g_B: 14, generated: 0, MM: 0, MMPER: -1.0%
[00:00:00:01:153] 
---------- SM_Grids/7x9_grid_with_random_blocks_20per_1 ----------
[00:00:00:00:524] Path of length 22 found: [0, 9, 10, 19, 20, 21, 30, 39, 38, 37, 36, 45, 54, 55, 56, 57, 58, 49, 50, 51, 60, 61, 62]
[00:00:00:00:524] ! Unidirectional s-t. expansions: 116, time: 524 [ms], path length: 22 [edges], generated: 380
[00:00:00:00:775] Path of length 22 found: [62, 53, 52, 51, 60, 59, 58, 57, 56, 55, 54, 45, 36, 37, 38, 39, 30, 21, 12, 11, 10, 1, 0]
[00:00:00:00:775] ! Unidirectional t-s. expansions: 200, time: 775 [ms], path length: 22 [edges], generated: 557
[00:00:00:00:837] Path of length 22 found: [0, 9, 10, 19, 20, 21, 30, 39, 38, 37, 36, 45, 54, 55, 56, 57, 58, 59, 60, 51, 52, 53, 62]
[00:00:00:01:340] ! Bidirectional. expansions: 186, time: 837 [ms], path length: 22 [edges], g_F: 11, g_B: 11, generated: 0, MM: 0, MMPER: -1.0%
[00:00:00:01:340] 
---------- SM_Grids/7x9_grid_with_random_blocks_20per_2 ----------
[00:00:00:01:408] Path of length 30 found: [0, 9, 10, 19, 28, 27, 36, 45, 46, 47, 38, 39, 30, 21, 12, 3, 4, 5, 14, 15, 16, 25, 34, 33, 32, 41, 50, 51, 60, 61, 62]
[00:00:00:01:409] ! Unidirectional s-t. expansions: 245, time: 1,409 [ms], path length: 30 [edges], generated: 1,143
[00:00:00:01:360] Path of length 30 found: [62, 61, 60, 51, 50, 49, 40, 31, 32, 33, 34, 25, 16, 15, 14, 5, 4, 3, 12, 21, 20, 29, 38, 47, 46, 45, 36, 27, 18, 9, 0]
[00:00:00:01:360] ! Unidirectional t-s. expansions: 229, time: 1,360 [ms], path length: 30 [edges], generated: 985
[00:00:00:02:926] Path of length 30 found: [0, 1, 10, 19, 18, 27, 36, 45, 46, 47, 38, 39, 40, 31, 22, 21, 12, 3, 4, 5, 14, 15, 16, 25, 34, 33, 42, 51, 52, 53, 62]
[00:00:00:03:391] ! Bidirectional. expansions: 497, time: 2,926 [ms], path length: 30 [edges], g_F: 15, g_B: 15, generated: 0, MM: 0, MMPER: -1.0%
[00:00:00:03:391] 
---------- SM_Grids/7x9_grid_with_random_blocks_20per_3 ----------
[00:00:00:01:690] Path of length 32 found: [0, 9, 10, 19, 28, 27, 36, 45, 46, 55, 56, 57, 58, 59, 50, 41, 40, 39, 30, 21, 22, 13, 4, 5, 6, 7, 16, 25, 34, 43, 52, 61, 62]
[00:00:00:01:690] ! Unidirectional s-t. expansions: 656, time: 1,690 [ms], path length: 32 [edges], generated: 1,619
[00:00:00:00:729] Path of length 32 found: [62, 53, 44, 43, 34, 25, 16, 7, 6, 5, 4, 13, 22, 21, 30, 39, 40, 41, 50, 59, 58, 57, 56, 47, 46, 45, 36, 27, 28, 19, 10, 1, 0]
[00:00:00:00:730] ! Unidirectional t-s. expansions: 215, time: 730 [ms], path length: 32 [edges], generated: 638
[00:00:00:00:594] Path of length 32 found: [0, 1, 10, 19, 28, 27, 36, 45, 46, 55, 56, 57, 58, 59, 50, 41, 40, 39, 30, 21, 22, 13, 4, 5, 6, 7, 16, 25, 34, 43, 44, 53, 62]
[00:00:00:01:051] ! Bidirectional. expansions: 115, time: 594 [ms], path length: 32 [edges], g_F: 16, g_B: 16, generated: 0, MM: 0, MMPER: -1.0%
[00:00:00:01:051] 
---------- SM_Grids/7x9_grid_with_random_blocks_20per_4 ----------
[00:00:00:00:225] Path of length 28 found: [0, 9, 18, 27, 36, 45, 54, 55, 56, 57, 48, 39, 38, 29, 20, 21, 12, 3, 4, 5, 14, 23, 32, 33, 34, 43, 52, 61, 62]
[00:00:00:00:225] ! Unidirectional s-t. expansions: 53, time: 225 [ms], path length: 28 [edges], generated: 199
[00:00:00:01:643] Path of length 28 found: [62, 61, 60, 51, 42, 33, 32, 23, 14, 5, 4, 3, 12, 21, 20, 29, 38, 39, 48, 57, 56, 55, 54, 45, 36, 27, 18, 9, 0]
[00:00:00:01:643] ! Unidirectional t-s. expansions: 261, time: 1,643 [ms], path length: 28 [edges], generated: 1,157
[00:00:00:00:997] Path of length 28 found: [0, 9, 18, 27, 36, 45, 54, 55, 56, 57, 48, 39, 38, 29, 20, 21, 12, 3, 4, 5, 14, 23, 32, 33, 34, 43, 44, 53, 62]
[00:00:00:01:455] ! Bidirectional. expansions: 241, time: 998 [ms], path length: 28 [edges], g_F: 14, g_B: 14, generated: 0, MM: 0, MMPER: -1.0%
[00:00:00:01:456] 
---------- SM_Grids/7x9_grid_with_random_blocks_20per_5 ----------
[00:00:00:01:765] Path of length 30 found: [0, 9, 10, 11, 20, 29, 28, 27, 36, 45, 46, 47, 48, 39, 40, 31, 32, 23, 14, 5, 6, 7, 16, 17, 26, 35, 34, 43, 52, 61, 62]
[00:00:00:01:766] ! Unidirectional s-t. expansions: 263, time: 1,765 [ms], path length: 30 [edges], generated: 1,262
[00:00:00:01:485] Path of length 30 found: [62, 61, 52, 43, 44, 35, 26, 17, 16, 7, 6, 5, 14, 23, 32, 41, 40, 39, 48, 47, 46, 45, 36, 27, 28, 29, 20, 11, 10, 1, 0]
[00:00:00:01:485] ! Unidirectional t-s. expansions: 585, time: 1,485 [ms], path length: 30 [edges], generated: 1,319
[00:00:00:01:384] Path of length 30 found: [0, 9, 10, 11, 20, 29, 28, 27, 36, 45, 46, 47, 48, 39, 40, 31, 32, 23, 14, 5, 6, 7, 16, 17, 26, 35, 44, 43, 52, 61, 62]
[00:00:00:01:835] ! Bidirectional. expansions: 315, time: 1,384 [ms], path length: 30 [edges], g_F: 15, g_B: 15, generated: 0, MM: 0, MMPER: -1.0%
[00:00:00:01:836] 
---------- SM_Grids/7x9_grid_with_random_blocks_20per_6 ----------
[00:00:00:00:198] Path of length 32 found: [0, 1, 2, 3, 4, 5, 6, 7, 8, 17, 26, 35, 34, 33, 24, 23, 22, 31, 30, 29, 38, 37, 46, 55, 56, 57, 48, 49, 50, 51, 60, 61, 62]
[00:00:00:00:198] ! Unidirectional s-t. expansions: 31, time: 198 [ms], path length: 32 [edges], generated: 131
[00:00:00:00:696] Path of length 32 found: [62, 61, 60, 51, 50, 49, 48, 57, 56, 55, 46, 37, 38, 29, 30, 31, 22, 23, 24, 33, 34, 35, 26, 17, 8, 7, 6, 5, 4, 3, 2, 1, 0]
[00:00:00:00:696] ! Unidirectional t-s. expansions: 171, time: 696 [ms], path length: 32 [edges], generated: 637
[00:00:00:00:141] Path of length 32 found: [0, 1, 2, 3, 4, 5, 6, 7, 8, 17, 26, 35, 34, 33, 24, 23, 22, 31, 30, 29, 38, 37, 46, 55, 56, 57, 58, 49, 50, 51, 60, 61, 62]
[00:00:00:00:650] ! Bidirectional. expansions: 28, time: 141 [ms], path length: 32 [edges], g_F: 16, g_B: 16, generated: 0, MM: 0, MMPER: -1.0%
[00:00:00:00:650] 
---------- SM_Grids/7x9_grid_with_random_blocks_20per_7 ----------
[00:00:00:02:568] Path of length 32 found: [0, 9, 18, 27, 28, 37, 46, 55, 56, 57, 48, 39, 40, 31, 22, 21, 12, 3, 4, 5, 14, 15, 16, 17, 26, 35, 34, 33, 42, 51, 60, 61, 62]
[00:00:00:02:568] ! Unidirectional s-t. expansions: 425, time: 2,568 [ms], path length: 32 [edges], generated: 2,088
[00:00:00:01:822] Path of length 32 found: [62, 53, 44, 35, 26, 17, 16, 15, 6, 5, 4, 3, 12, 21, 22, 31, 32, 33, 42, 51, 50, 49, 48, 57, 56, 55, 46, 37, 28, 19, 18, 9, 0]
[00:00:00:01:823] ! Unidirectional t-s. expansions: 264, time: 1,822 [ms], path length: 32 [edges], generated: 1,242
[00:00:00:02:166] Path of length 32 found: [0, 9, 18, 27, 28, 37, 46, 55, 56, 57, 48, 49, 50, 51, 42, 33, 32, 31, 22, 21, 12, 3, 4, 5, 6, 15, 16, 17, 26, 35, 44, 53, 62]
[00:00:00:02:683] ! Bidirectional. expansions: 448, time: 2,166 [ms], path length: 32 [edges], g_F: 16, g_B: 16, generated: 0, MM: 0, MMPER: -1.0%
[00:00:00:02:683] 
---------- SM_Grids/7x9_grid_with_random_blocks_20per_8 ----------
[00:00:00:01:048] Path of length 26 found: [0, 9, 10, 11, 2, 3, 4, 5, 14, 15, 24, 33, 32, 31, 30, 29, 38, 47, 48, 57, 58, 59, 50, 51, 52, 61, 62]
[00:00:00:01:049] ! Unidirectional s-t. expansions: 246, time: 1,048 [ms], path length: 26 [edges], generated: 914
[00:00:00:01:026] Path of length 26 found: [62, 53, 44, 43, 34, 33, 24, 15, 14, 13, 22, 31, 40, 41, 50, 59, 58, 57, 48, 47, 38, 29, 28, 19, 10, 1, 0]
[00:00:00:01:027] ! Unidirectional t-s. expansions: 145, time: 1,026 [ms], path length: 26 [edges], generated: 722
[00:00:00:01:298] Path of length 26 found: [0, 9, 10, 11, 2, 3, 4, 13, 22, 21, 30, 29, 38, 47, 48, 57, 58, 59, 50, 41, 32, 33, 34, 43, 44, 53, 62]
[00:00:00:01:758] ! Bidirectional. expansions: 307, time: 1,299 [ms], path length: 26 [edges], g_F: 13, g_B: 13, generated: 0, MM: 0, MMPER: -1.0%
[00:00:00:01:759] 
---------- SM_Grids/7x9_grid_with_random_blocks_20per_9 ----------
[00:00:00:00:307] Path of length 32 found: [0, 9, 18, 19, 28, 37, 36, 45, 54, 55, 56, 57, 48, 39, 30, 21, 12, 3, 4, 5, 14, 15, 24, 25, 26, 35, 44, 43, 42, 51, 60, 61, 62]
[00:00:00:00:308] ! Unidirectional s-t. expansions: 58, time: 308 [ms], path length: 32 [edges], generated: 217
[00:00:00:01:725] Path of length 32 found: [62, 61, 60, 51, 42, 43, 44, 35, 26, 25, 16, 7, 6, 5, 4, 3, 2, 11, 20, 21, 30, 39, 48, 57, 56, 55, 54, 45, 36, 27, 18, 9, 0]
[00:00:00:01:725] ! Unidirectional t-s. expansions: 350, time: 1,725 [ms], path length: 32 [edges], generated: 1,563
[00:00:00:01:380] Path of length 32 found: [0, 9, 18, 27, 36, 45, 54, 55, 56, 57, 48, 39, 30, 29, 20, 11, 2, 3, 4, 5, 6, 7, 16, 25, 26, 35, 44, 43, 42, 51, 60, 61, 62]
[00:00:00:01:831] ! Bidirectional. expansions: 618, time: 1,380 [ms], path length: 32 [edges], g_F: 16, g_B: 16, generated: 0, MM: 0, MMPER: -1.0%

[00:00:00:01:831] average expansions: (214, 246, 293, 0)
[00:00:00:01:831] average time: (997, 1,151, 1,240, 0)
[00:00:00:01:831] XDFBnB: 214 , 997 (expansions , time[ms])
[00:00:00:01:831] BiXDFBnB: 293 , 1,240 (expansions , time[ms])

