------------------------------------
Thu 01 Oct 2026 12:45:19 IDT
SLURM_JOBID:		21944738
SLURM_JOB_NODELIST:	ise-cpu256-08
SLURM_SCRATCH_DIR:	/scratch/shubit/21944738
Allocated Resouces:	cpu - 2 / mem - 61440 MB / gpu - 
SLURM_GPU_INDEX:	
Running as shubit from shimony account with normal QOS
------------------------------------
Thu 01 Oct 2026 12:45:20 IDT

SLURM_JOBID:		 21944738
SLURM_JOB_NODELIST:	 ise-cpu256-08 

--------------------------
date: SM_Grids
number_of_graphs: 10
graph_type: grid
size_of_graphs: [7, 9]
heuristic: bcc_heuristic
snake: True
run_uni: True
run_bi: True
run_multi: False
solution_vertices: []
algorithms: ['IDA']
lookahead: 2
bsd: False
cube_first_dims: 4
cube_buffer_dim: None
backward_sym_generation: False
sym_coil: False
prefix_set: None

---------- SM_Grids/7x9_grid_with_random_blocks_20per_0 ----------
[00:00:00:00:706] Path of length 28 found: [0, 9, 18, 19, 20, 29, 30, 39, 48, 57, 58, 59, 50, 41, 32, 23, 22, 13, 4, 5, 6, 7, 8, 17, 26, 35, 44, 53, 62]
[00:00:00:00:706] ! Unidirectional s-t. expansions: 119, time: 706 [ms], path length: 28 [edges], generated: 451
[00:00:00:00:766] Path of length 28 found: [62, 53, 44, 35, 26, 17, 8, 7, 6, 5, 4, 13, 22, 23, 32, 41, 50, 59, 58, 57, 48, 39, 30, 29, 20, 19, 10, 1, 0]
[00:00:00:00:767] ! Unidirectional t-s. expansions: 105, time: 767 [ms], path length: 28 [edges], generated: 435
[00:00:00:01:652] Path of length 28 found: [0, 9, 18, 19, 20, 29, 30, 39, 48, 57, 58, 59, 50, 41, 32, 23, 22, 13, 4, 5, 6, 7, 8, 17, 26, 35, 44, 53, 62]
[00:00:00:02:132] ! Bidirectional. expansions: 402, time: 1,652 [ms], path length: 28 [edges], g_F: 14, g_B: 14, generated: 0, MM: 0, MMPER: -1.0%
[00:00:00:02:132] 
---------- SM_Grids/7x9_grid_with_random_blocks_20per_1 ----------
[00:00:00:01:625] Path of length 22 found: [0, 9, 10, 11, 12, 21, 30, 29, 38, 37, 36, 45, 54, 55, 56, 57, 48, 49, 50, 59, 60, 61, 62]
[00:00:00:01:625] ! Unidirectional s-t. expansions: 335, time: 1,625 [ms], path length: 22 [edges], generated: 1,071
[00:00:00:01:580] Path of length 22 found: [62, 53, 52, 51, 60, 59, 58, 57, 56, 55, 54, 45, 36, 37, 38, 39, 30, 21, 12, 11, 10, 1, 0]
[00:00:00:01:580] ! Unidirectional t-s. expansions: 212, time: 1,580 [ms], path length: 22 [edges], generated: 820
[00:00:00:01:884] Path of length 22 found: [0, 9, 10, 19, 20, 21, 30, 39, 38, 37, 36, 45, 54, 55, 56, 57, 58, 59, 60, 51, 52, 53, 62]
[00:00:00:02:401] ! Bidirectional. expansions: 334, time: 1,884 [ms], path length: 22 [edges], g_F: 11, g_B: 11, generated: 0, MM: 0, MMPER: -1.0%
[00:00:00:02:401] 
---------- SM_Grids/7x9_grid_with_random_blocks_20per_2 ----------
[00:00:00:04:235] Path of length 30 found: [0, 9, 10, 19, 28, 27, 36, 45, 46, 47, 38, 39, 40, 31, 22, 21, 12, 3, 4, 5, 14, 15, 16, 25, 34, 33, 42, 51, 60, 61, 62]
[00:00:00:04:235] ! Unidirectional s-t. expansions: 511, time: 4,235 [ms], path length: 30 [edges], generated: 2,512
[00:00:00:03:432] Path of length 30 found: [62, 61, 60, 51, 50, 49, 40, 31, 32, 33, 34, 25, 16, 15, 14, 5, 4, 3, 12, 21, 20, 29, 38, 47, 46, 45, 36, 27, 18, 9, 0]
[00:00:00:03:432] ! Unidirectional t-s. expansions: 416, time: 3,432 [ms], path length: 30 [edges], generated: 1,913
[00:00:00:06:169] Path of length 30 found: [0, 1, 10, 19, 18, 27, 36, 45, 46, 47, 38, 39, 40, 31, 22, 21, 12, 3, 4, 5, 14, 15, 16, 25, 34, 33, 42, 51, 52, 53, 62]
[00:00:00:06:668] ! Bidirectional. expansions: 817, time: 6,169 [ms], path length: 30 [edges], g_F: 15, g_B: 15, generated: 0, MM: 0, MMPER: -1.0%
[00:00:00:06:668] 
---------- SM_Grids/7x9_grid_with_random_blocks_20per_3 ----------
[00:00:00:01:506] Path of length 32 found: [0, 9, 10, 19, 28, 27, 36, 45, 46, 55, 56, 57, 58, 59, 50, 41, 40, 39, 30, 21, 22, 13, 4, 5, 6, 7, 16, 25, 34, 43, 52, 61, 62]
[00:00:00:01:506] ! Unidirectional s-t. expansions: 173, time: 1,506 [ms], path length: 32 [edges], generated: 767
[00:00:00:01:296] Path of length 32 found: [62, 53, 44, 43, 34, 25, 16, 7, 6, 5, 4, 13, 22, 21, 30, 39, 40, 41, 50, 59, 58, 57, 56, 47, 46, 45, 36, 27, 28, 19, 10, 1, 0]
[00:00:00:01:297] ! Unidirectional t-s. expansions: 164, time: 1,296 [ms], path length: 32 [edges], generated: 670
[00:00:00:01:381] Path of length 32 found: [0, 1, 10, 19, 28, 27, 36, 45, 46, 55, 56, 57, 58, 59, 50, 41, 40, 39, 30, 21, 22, 13, 4, 5, 6, 7, 16, 25, 34, 43, 44, 53, 62]
[00:00:00:01:942] ! Bidirectional. expansions: 166, time: 1,381 [ms], path length: 32 [edges], g_F: 16, g_B: 16, generated: 0, MM: 0, MMPER: -1.0%
[00:00:00:01:942] 
---------- SM_Grids/7x9_grid_with_random_blocks_20per_4 ----------
[00:00:00:00:942] Path of length 28 found: [0, 9, 18, 27, 36, 45, 54, 55, 56, 57, 48, 39, 38, 29, 20, 21, 12, 3, 4, 5, 14, 23, 32, 33, 34, 43, 52, 61, 62]
[00:00:00:00:943] ! Unidirectional s-t. expansions: 137, time: 942 [ms], path length: 28 [edges], generated: 548
[00:00:00:04:554] Path of length 28 found: [62, 61, 60, 51, 42, 33, 32, 23, 14, 5, 4, 3, 12, 21, 20, 29, 38, 39, 48, 57, 56, 55, 54, 45, 36, 27, 18, 9, 0]
[00:00:00:04:555] ! Unidirectional t-s. expansions: 500, time: 4,554 [ms], path length: 28 [edges], generated: 2,404
[00:00:00:02:289] Path of length 28 found: [0, 9, 18, 27, 36, 45, 54, 55, 56, 57, 48, 39, 38, 29, 20, 21, 12, 3, 4, 5, 14, 23, 32, 33, 34, 43, 44, 53, 62]
[00:00:00:02:748] ! Bidirectional. expansions: 531, time: 2,289 [ms], path length: 28 [edges], g_F: 14, g_B: 14, generated: 0, MM: 0, MMPER: -1.0%
[00:00:00:02:748] 
---------- SM_Grids/7x9_grid_with_random_blocks_20per_5 ----------
[00:00:00:10:532] Path of length 30 found: [0, 9, 10, 11, 20, 29, 28, 27, 36, 45, 46, 47, 48, 39, 40, 31, 32, 23, 14, 5, 6, 7, 16, 17, 26, 35, 34, 43, 52, 61, 62]
[00:00:00:10:533] ! Unidirectional s-t. expansions: 863, time: 10,532 [ms], path length: 30 [edges], generated: 4,036
[00:00:00:05:242] Path of length 30 found: [62, 61, 52, 43, 44, 35, 26, 17, 16, 7, 6, 5, 14, 23, 32, 41, 40, 39, 48, 47, 46, 45, 36, 27, 28, 29, 20, 11, 10, 1, 0]
[00:00:00:05:243] ! Unidirectional t-s. expansions: 310, time: 5,242 [ms], path length: 30 [edges], generated: 1,204
[00:00:00:07:027] Path of length 30 found: [0, 9, 10, 11, 20, 29, 28, 27, 36, 45, 46, 47, 48, 39, 40, 31, 32, 23, 14, 5, 6, 7, 16, 17, 26, 35, 44, 43, 52, 61, 62]
[00:00:00:07:912] ! Bidirectional. expansions: 467, time: 7,027 [ms], path length: 30 [edges], g_F: 15, g_B: 15, generated: 0, MM: 0, MMPER: -1.0%
[00:00:00:07:912] 
---------- SM_Grids/7x9_grid_with_random_blocks_20per_6 ----------
[00:00:00:01:378] Path of length 32 found: [0, 1, 2, 3, 4, 5, 6, 7, 8, 17, 26, 35, 34, 33, 24, 23, 22, 31, 30, 29, 38, 37, 46, 55, 56, 57, 48, 49, 50, 51, 60, 61, 62]
[00:00:00:01:379] ! Unidirectional s-t. expansions: 78, time: 1,378 [ms], path length: 32 [edges], generated: 323
[00:00:00:03:028] Path of length 32 found: [62, 61, 60, 51, 50, 49, 48, 57, 56, 55, 46, 37, 38, 29, 30, 31, 22, 23, 24, 33, 34, 35, 26, 17, 8, 7, 6, 5, 4, 3, 2, 1, 0]
[00:00:00:03:028] ! Unidirectional t-s. expansions: 303, time: 3,028 [ms], path length: 32 [edges], generated: 1,213
[00:00:00:00:345] Path of length 32 found: [0, 1, 2, 3, 4, 5, 6, 7, 8, 17, 26, 35, 34, 33, 24, 23, 22, 31, 30, 29, 38, 37, 46, 55, 56, 57, 58, 49, 50, 51, 60, 61, 62]
[00:00:00:00:768] ! Bidirectional. expansions: 66, time: 345 [ms], path length: 32 [edges], g_F: 16, g_B: 16, generated: 0, MM: 0, MMPER: -1.0%
[00:00:00:00:768] 
---------- SM_Grids/7x9_grid_with_random_blocks_20per_7 ----------
[00:00:00:04:874] Path of length 32 found: [0, 9, 18, 27, 28, 37, 46, 55, 56, 57, 48, 39, 40, 31, 22, 21, 12, 3, 4, 5, 14, 15, 16, 17, 26, 35, 34, 33, 42, 51, 60, 61, 62]
[00:00:00:04:875] ! Unidirectional s-t. expansions: 761, time: 4,875 [ms], path length: 32 [edges], generated: 3,672
[00:00:00:13:066] Path of length 32 found: [62, 53, 44, 35, 26, 17, 16, 15, 6, 5, 4, 3, 12, 21, 22, 31, 32, 33, 42, 51, 50, 49, 48, 57, 56, 55, 46, 37, 28, 19, 18, 9, 0]
[00:00:00:13:066] ! Unidirectional t-s. expansions: 715, time: 13,066 [ms], path length: 32 [edges], generated: 3,278
[00:00:00:12:207] Path of length 32 found: [0, 9, 18, 27, 28, 37, 46, 55, 56, 57, 48, 49, 50, 51, 42, 33, 32, 31, 22, 21, 12, 3, 4, 5, 6, 15, 16, 17, 26, 35, 44, 53, 62]
[00:00:00:12:815] ! Bidirectional. expansions: 872, time: 12,207 [ms], path length: 32 [edges], g_F: 16, g_B: 16, generated: 0, MM: 0, MMPER: -1.0%
[00:00:00:12:815] 
---------- SM_Grids/7x9_grid_with_random_blocks_20per_8 ----------
[00:00:00:02:077] Path of length 26 found: [0, 9, 10, 11, 2, 3, 4, 5, 14, 15, 24, 33, 32, 31, 30, 29, 38, 47, 48, 57, 58, 59, 50, 51, 52, 61, 62]
[00:00:00:02:077] ! Unidirectional s-t. expansions: 344, time: 2,077 [ms], path length: 26 [edges], generated: 1,644
[00:00:00:02:832] Path of length 26 found: [62, 53, 44, 43, 34, 33, 24, 15, 14, 13, 22, 31, 40, 41, 50, 59, 58, 57, 48, 47, 38, 29, 28, 19, 10, 1, 0]
[00:00:00:02:833] ! Unidirectional t-s. expansions: 371, time: 2,833 [ms], path length: 26 [edges], generated: 1,851
[00:00:00:06:209] Path of length 26 found: [0, 9, 10, 11, 2, 3, 4, 5, 14, 15, 24, 33, 32, 31, 30, 29, 38, 47, 48, 57, 58, 59, 60, 51, 52, 53, 62]
[00:00:00:07:282] ! Bidirectional. expansions: 500, time: 6,209 [ms], path length: 26 [edges], g_F: 13, g_B: 13, generated: 0, MM: 0, MMPER: -1.0%
[00:00:00:07:282] 
---------- SM_Grids/7x9_grid_with_random_blocks_20per_9 ----------
[00:00:00:02:864] Path of length 32 found: [0, 9, 18, 19, 28, 37, 36, 45, 54, 55, 56, 57, 48, 39, 30, 21, 12, 3, 4, 5, 14, 15, 24, 25, 26, 35, 44, 43, 42, 51, 60, 61, 62]
[00:00:00:02:865] ! Unidirectional s-t. expansions: 157, time: 2,865 [ms], path length: 32 [edges], generated: 651
[00:00:00:09:164] Path of length 32 found: [62, 61, 60, 51, 42, 43, 44, 35, 26, 25, 16, 7, 6, 5, 4, 3, 2, 11, 20, 21, 30, 39, 48, 57, 56, 55, 54, 45, 36, 27, 18, 9, 0]
[00:00:00:09:165] ! Unidirectional t-s. expansions: 594, time: 9,164 [ms], path length: 32 [edges], generated: 2,671
[00:00:00:04:720] Path of length 32 found: [0, 9, 18, 19, 28, 37, 36, 45, 54, 55, 56, 57, 48, 39, 30, 21, 12, 3, 4, 5, 6, 7, 16, 25, 26, 35, 44, 43, 42, 51, 60, 61, 62]
[00:00:00:05:730] ! Bidirectional. expansions: 440, time: 4,720 [ms], path length: 32 [edges], g_F: 16, g_B: 16, generated: 0, MM: 0, MMPER: -1.0%

[00:00:00:05:730] average expansions: (348, 369, 460, 0)
[00:00:00:05:730] average time: (3,074, 4,496, 4,388, 0)
[00:00:00:05:730] XIDA: 348 , 3,074 (expansions , time[ms])
[00:00:00:05:730] BiXIDA: 460 , 4,388 (expansions , time[ms])

