------------------------------------
Thu 01 Oct 2026 17:37:09 IDT
SLURM_JOBID:		21953684
SLURM_JOB_NODELIST:	ise-cpu256-25
SLURM_SCRATCH_DIR:	/scratch/shubit/21953684
Allocated Resouces:	cpu - 2 / mem - 61440 MB / gpu - 
SLURM_GPU_INDEX:	
Running as shubit from shimony account with normal QOS
------------------------------------
Thu 01 Oct 2026 17:37:09 IDT

SLURM_JOBID:		 21953684
SLURM_JOB_NODELIST:	 ise-cpu256-25 

--------------------------
date: SM_Grids
number_of_graphs: 10
graph_type: grid
size_of_graphs: [7, 9]
heuristic: bcc_heuristic
snake: True
run_uni: True
run_bi: True
run_multi: False
solution_vertices: []
algorithms: ['XMM']
lookahead: -1
bsd: False
cube_first_dims: 4
cube_buffer_dim: None
backward_sym_generation: False
sym_coil: False
prefix_set: None

---------- SM_Grids/7x9_grid_with_random_blocks_20per_0 ----------
[00:00:00:00:383] Path of length 28 found: [0, 9, 18, 19, 20, 29, 30, 39, 48, 57, 58, 59, 50, 41, 32, 23, 22, 13, 4, 5, 6, 7, 8, 17, 26, 35, 44, 53, 62]
[00:00:00:00:383] ! Unidirectional s-t. expansions: 93, time: 383 [ms], path length: 28 [edges], generated: 148
[00:00:00:00:346] Path of length 28 found: [62, 53, 44, 35, 26, 17, 8, 7, 6, 5, 4, 13, 22, 23, 32, 41, 50, 59, 58, 57, 48, 39, 30, 29, 20, 19, 10, 1, 0]
[00:00:00:00:346] ! Unidirectional t-s. expansions: 75, time: 346 [ms], path length: 28 [edges], generated: 121
[00:00:00:00:238] Expansion 54: New longest path found with length 14: [0, 9, 18, 19, 20, 29, 30, 39, 48, 57, 58, 59, 60, 61, 62]. g_current=10, g_opposite=4, f_max=32, generated=83
[00:00:00:00:288] Expansion 67: New longest path found with length 20: [0, 9, 18, 19, 20, 29, 30, 31, 22, 13, 4, 5, 6, 7, 8, 17, 26, 35, 44, 53, 62]. g_current=7, g_opposite=13, f_max=31, generated=104
[00:00:00:00:475] Expansion 95: New longest path found with length 28: [0, 9, 18, 19, 20, 29, 30, 39, 48, 57, 58, 59, 50, 41, 32, 23, 22, 13, 4, 5, 6, 7, 8, 17, 26, 35, 44, 53, 62]. g_current=13, g_opposite=15, f_max=30, generated=151
[00:00:00:00:540] Path of length 28 found: [0, 9, 18, 19, 20, 29, 30, 39, 48, 57, 58, 59, 50, 41, 32, 23, 22, 13, 4, 5, 6, 7, 8, 17, 26, 35, 44, 53, 62]
[00:00:00:01:074] ! Bidirectional. expansions: 107, time: 540 [ms], path length: 28 [edges], g_F: 13, g_B: 15, generated: 172, MM: 2, MMPER: 5.896551724137931%
[00:00:00:01:075] 
---------- SM_Grids/7x9_grid_with_random_blocks_20per_1 ----------
[00:00:00:00:945] Path of length 22 found: [0, 9, 10, 11, 12, 21, 30, 29, 38, 37, 36, 45, 54, 55, 56, 57, 48, 49, 50, 59, 60, 61, 62]
[00:00:00:00:945] ! Unidirectional s-t. expansions: 210, time: 945 [ms], path length: 22 [edges], generated: 294
[00:00:00:00:963] Path of length 22 found: [62, 53, 52, 51, 60, 59, 58, 57, 56, 55, 54, 45, 36, 37, 38, 39, 30, 21, 12, 11, 10, 1, 0]
[00:00:00:00:963] ! Unidirectional t-s. expansions: 205, time: 963 [ms], path length: 22 [edges], generated: 311
[00:00:00:00:165] Expansion 36: New longest path found with length 18: [0, 9, 10, 19, 20, 21, 12, 3, 4, 5, 6, 7, 8, 17, 26, 35, 44, 53, 62]. g_current=4, g_opposite=14, f_max=35, generated=51
[00:00:00:00:831] Expansion 194: New longest path found with length 22: [0, 9, 10, 11, 12, 21, 30, 29, 38, 37, 36, 45, 54, 55, 56, 57, 58, 59, 60, 51, 52, 53, 62]. g_current=10, g_opposite=12, f_max=23, generated=273
[00:00:00:01:274] Path of length 22 found: [0, 9, 10, 11, 12, 21, 30, 29, 38, 37, 36, 45, 54, 55, 56, 57, 58, 59, 60, 51, 52, 53, 62]
[00:00:00:01:797] ! Bidirectional. expansions: 282, time: 1,274 [ms], path length: 22 [edges], g_F: 12, g_B: 10, generated: 428, MM: 2, MMPER: 7.695652173913043%
[00:00:00:01:797] 
---------- SM_Grids/7x9_grid_with_random_blocks_20per_2 ----------
[00:00:00:02:135] Path of length 30 found: [0, 1, 10, 19, 18, 27, 36, 45, 46, 47, 38, 29, 30, 21, 12, 3, 4, 5, 14, 15, 16, 25, 34, 33, 32, 41, 50, 51, 60, 61, 62]
[00:00:00:02:136] ! Unidirectional s-t. expansions: 417, time: 2,135 [ms], path length: 30 [edges], generated: 745
[00:00:00:01:959] Path of length 30 found: [62, 53, 52, 51, 50, 49, 40, 31, 32, 33, 34, 25, 16, 15, 14, 5, 4, 3, 12, 21, 20, 29, 38, 47, 46, 45, 36, 27, 18, 9, 0]
[00:00:00:01:960] ! Unidirectional t-s. expansions: 401, time: 1,959 [ms], path length: 30 [edges], generated: 657
[00:00:00:00:228] Expansion 35: New longest path found with length 14: [0, 1, 2, 3, 4, 5, 14, 15, 16, 25, 34, 43, 44, 53, 62]. g_current=10, g_opposite=4, f_max=35, generated=62
[00:00:00:00:426] Expansion 68: New longest path found with length 18: [0, 9, 10, 19, 28, 27, 36, 45, 46, 47, 38, 39, 40, 49, 50, 51, 52, 53, 62]. g_current=6, g_opposite=12, f_max=34, generated=117
[00:00:00:00:567] Expansion 97: New longest path found with length 20: [0, 1, 10, 19, 18, 27, 36, 45, 46, 47, 38, 29, 30, 31, 40, 49, 50, 51, 52, 53, 62]. g_current=13, g_opposite=7, f_max=34, generated=170
[00:00:00:00:724] Expansion 123: New longest path found with length 26: [0, 1, 10, 19, 18, 27, 36, 45, 46, 47, 38, 29, 30, 21, 12, 3, 4, 5, 14, 15, 16, 25, 34, 43, 44, 53, 62]. g_current=9, g_opposite=17, f_max=34, generated=225
[00:00:00:01:279] Expansion 247: New longest path found with length 28: [0, 1, 10, 19, 18, 27, 36, 45, 46, 47, 38, 29, 30, 21, 12, 3, 4, 5, 14, 15, 16, 25, 34, 43, 42, 51, 60, 61, 62]. g_current=11, g_opposite=17, f_max=32, generated=438
[00:00:00:01:449] Expansion 285: New longest path found with length 30: [0, 1, 10, 19, 18, 27, 36, 45, 46, 47, 38, 29, 30, 21, 12, 3, 4, 5, 14, 15, 16, 25, 34, 33, 32, 41, 50, 51, 52, 53, 62]. g_current=13, g_opposite=17, f_max=32, generated=503
[00:00:00:02:766] Path of length 30 found: [0, 1, 10, 19, 18, 27, 36, 45, 46, 47, 38, 29, 30, 21, 12, 3, 4, 5, 14, 15, 16, 25, 34, 33, 32, 41, 50, 51, 52, 53, 62]
[00:00:00:03:290] ! Bidirectional. expansions: 546, time: 2,766 [ms], path length: 30 [edges], g_F: 17, g_B: 13, generated: 979, MM: 4, MMPER: 11.903225806451612%
[00:00:00:03:290] 
---------- SM_Grids/7x9_grid_with_random_blocks_20per_3 ----------
[00:00:00:00:663] Path of length 32 found: [0, 1, 10, 19, 28, 27, 36, 45, 46, 55, 56, 57, 58, 59, 50, 41, 40, 39, 30, 21, 22, 13, 4, 5, 6, 7, 16, 25, 34, 43, 52, 61, 62]
[00:00:00:00:663] ! Unidirectional s-t. expansions: 142, time: 663 [ms], path length: 32 [edges], generated: 228
[00:00:00:00:750] Path of length 32 found: [62, 53, 44, 43, 34, 25, 16, 7, 6, 5, 4, 13, 22, 21, 30, 39, 40, 41, 50, 59, 58, 57, 56, 47, 46, 45, 36, 27, 28, 19, 10, 1, 0]
[00:00:00:00:750] ! Unidirectional t-s. expansions: 176, time: 750 [ms], path length: 32 [edges], generated: 278
[00:00:00:00:124] Expansion 21: New longest path found with length 14: [0, 1, 2, 3, 4, 5, 6, 7, 16, 25, 34, 43, 44, 53, 62]. g_current=10, g_opposite=4, f_max=37, generated=37
[00:00:00:00:233] Expansion 44: New longest path found with length 16: [0, 1, 2, 3, 4, 5, 6, 7, 16, 25, 34, 33, 42, 51, 52, 53, 62]. g_current=12, g_opposite=4, f_max=36, generated=73
[00:00:00:00:434] Expansion 85: New longest path found with length 18: [0, 1, 10, 19, 20, 21, 22, 13, 4, 5, 6, 7, 16, 25, 34, 43, 44, 53, 62]. g_current=13, g_opposite=5, f_max=34, generated=141
[00:00:00:00:612] Expansion 134: New longest path found with length 20: [0, 1, 10, 19, 20, 21, 22, 13, 4, 5, 6, 7, 16, 25, 34, 33, 42, 51, 52, 53, 62]. g_current=6, g_opposite=14, f_max=34, generated=219
[00:00:00:00:875] Expansion 183: New longest path found with length 30: [0, 1, 10, 19, 28, 27, 36, 45, 46, 55, 56, 57, 58, 59, 50, 41, 40, 31, 22, 13, 4, 5, 6, 7, 16, 25, 34, 43, 44, 53, 62]. g_current=15, g_opposite=15, f_max=33, generated=303
[00:00:00:01:084] Expansion 239: New longest path found with length 32: [0, 1, 10, 19, 28, 27, 36, 45, 46, 55, 56, 57, 58, 59, 50, 41, 40, 39, 30, 21, 22, 13, 4, 5, 6, 7, 16, 25, 34, 43, 44, 53, 62]. g_current=16, g_opposite=16, f_max=32, generated=392
[00:00:00:01:126] Path of length 32 found: [0, 1, 10, 19, 28, 27, 36, 45, 46, 55, 56, 57, 58, 59, 50, 41, 40, 39, 30, 21, 22, 13, 4, 5, 6, 7, 16, 25, 34, 43, 44, 53, 62]
[00:00:00:01:602] ! Bidirectional. expansions: 239, time: 1,126 [ms], path length: 32 [edges], g_F: 16, g_B: 16, generated: 392, MM: 0, MMPER: -1.0%
[00:00:00:01:602] 
---------- SM_Grids/7x9_grid_with_random_blocks_20per_4 ----------
[00:00:00:00:285] Path of length 28 found: [0, 9, 18, 27, 36, 45, 54, 55, 56, 57, 48, 39, 38, 29, 20, 21, 12, 3, 4, 5, 14, 23, 32, 33, 34, 43, 52, 61, 62]
[00:00:00:00:285] ! Unidirectional s-t. expansions: 67, time: 285 [ms], path length: 28 [edges], generated: 114
[00:00:00:01:936] Path of length 28 found: [62, 61, 60, 51, 42, 33, 32, 23, 14, 5, 4, 3, 12, 21, 20, 29, 38, 39, 48, 57, 56, 55, 54, 45, 36, 27, 18, 9, 0]
[00:00:00:01:936] ! Unidirectional t-s. expansions: 473, time: 1,936 [ms], path length: 28 [edges], generated: 756
[00:00:00:00:235] Expansion 36: New longest path found with length 14: [0, 1, 2, 3, 4, 5, 14, 23, 32, 33, 42, 51, 60, 61, 62]. g_current=6, g_opposite=8, f_max=32, generated=59
[00:00:00:00:519] Expansion 94: New longest path found with length 24: [0, 9, 18, 27, 36, 45, 54, 55, 56, 57, 48, 39, 38, 29, 20, 21, 22, 31, 32, 33, 42, 51, 60, 61, 62]. g_current=8, g_opposite=16, f_max=31, generated=168
[00:00:00:00:784] Expansion 144: New longest path found with length 28: [0, 9, 18, 27, 36, 45, 54, 55, 56, 57, 48, 39, 38, 29, 20, 21, 12, 3, 4, 5, 14, 23, 32, 33, 42, 51, 60, 61, 62]. g_current=12, g_opposite=16, f_max=30, generated=282
[00:00:00:01:525] Path of length 28 found: [0, 9, 18, 27, 36, 45, 54, 55, 56, 57, 48, 39, 38, 29, 20, 21, 12, 3, 4, 5, 14, 23, 32, 33, 42, 51, 60, 61, 62]
[00:00:00:01:992] ! Bidirectional. expansions: 307, time: 1,525 [ms], path length: 28 [edges], g_F: 16, g_B: 12, generated: 551, MM: 4, MMPER: 12.793103448275861%
[00:00:00:01:993] 
---------- SM_Grids/7x9_grid_with_random_blocks_20per_5 ----------
[00:00:00:02:511] Path of length 30 found: [0, 9, 10, 11, 20, 29, 28, 27, 36, 45, 46, 47, 48, 39, 40, 31, 32, 23, 14, 5, 6, 7, 16, 17, 26, 35, 34, 43, 52, 61, 62]
[00:00:00:02:512] ! Unidirectional s-t. expansions: 520, time: 2,511 [ms], path length: 30 [edges], generated: 933
[00:00:00:00:984] Path of length 30 found: [62, 61, 52, 43, 44, 35, 26, 17, 16, 7, 6, 5, 14, 23, 32, 41, 40, 39, 48, 47, 46, 45, 36, 27, 28, 29, 20, 11, 10, 1, 0]
[00:00:00:00:984] ! Unidirectional t-s. expansions: 201, time: 984 [ms], path length: 30 [edges], generated: 314
[00:00:00:00:204] Expansion 27: New longest path found with length 18: [0, 9, 10, 11, 12, 13, 4, 5, 6, 7, 16, 17, 26, 35, 44, 43, 52, 61, 62]. g_current=15, g_opposite=3, f_max=36, generated=41
[00:00:00:00:449] Expansion 81: New longest path found with length 20: [0, 9, 10, 11, 12, 13, 4, 5, 6, 7, 16, 17, 26, 35, 34, 33, 42, 51, 52, 61, 62]. g_current=14, g_opposite=6, f_max=35, generated=125
[00:00:00:00:742] Expansion 145: New longest path found with length 22: [0, 9, 10, 11, 12, 13, 4, 5, 6, 7, 16, 17, 26, 35, 34, 33, 32, 41, 50, 51, 52, 61, 62]. g_current=7, g_opposite=15, f_max=34, generated=228
[00:00:00:00:847] Expansion 171: New longest path found with length 30: [0, 9, 10, 11, 20, 29, 28, 27, 36, 45, 46, 47, 48, 39, 40, 31, 32, 23, 14, 5, 6, 7, 16, 17, 26, 35, 44, 43, 52, 61, 62]. g_current=17, g_opposite=13, f_max=34, generated=265
[00:00:00:02:660] Path of length 30 found: [0, 9, 10, 11, 20, 29, 28, 27, 36, 45, 46, 47, 48, 39, 40, 31, 32, 23, 14, 5, 6, 7, 16, 17, 26, 35, 44, 43, 52, 61, 62]
[00:00:00:03:155] ! Bidirectional. expansions: 523, time: 2,660 [ms], path length: 30 [edges], g_F: 17, g_B: 13, generated: 906, MM: 4, MMPER: 11.903225806451612%
[00:00:00:03:155] 
---------- SM_Grids/7x9_grid_with_random_blocks_20per_6 ----------
[00:00:00:00:318] Path of length 32 found: [0, 1, 2, 3, 4, 5, 6, 7, 8, 17, 26, 35, 34, 33, 24, 23, 22, 31, 30, 29, 38, 37, 46, 55, 56, 57, 48, 49, 50, 51, 60, 61, 62]
[00:00:00:00:318] ! Unidirectional s-t. expansions: 68, time: 318 [ms], path length: 32 [edges], generated: 108
[00:00:00:00:814] Path of length 32 found: [62, 61, 60, 51, 50, 49, 48, 57, 56, 55, 46, 37, 38, 29, 30, 31, 22, 23, 24, 33, 34, 35, 26, 17, 8, 7, 6, 5, 4, 3, 2, 1, 0]
[00:00:00:00:814] ! Unidirectional t-s. expansions: 203, time: 814 [ms], path length: 32 [edges], generated: 310
[00:00:00:00:221] Expansion 56: New longest path found with length 18: [0, 1, 2, 3, 4, 5, 6, 7, 8, 17, 26, 35, 34, 43, 42, 51, 60, 61, 62]. g_current=4, g_opposite=14, f_max=37, generated=85
[00:00:00:00:422] Expansion 122: New longest path found with length 32: [0, 1, 2, 3, 4, 5, 6, 7, 8, 17, 26, 35, 34, 33, 24, 23, 22, 31, 30, 29, 38, 37, 46, 55, 56, 57, 48, 49, 50, 51, 60, 61, 62]. g_current=15, g_opposite=17, f_max=34, generated=171
[00:00:00:00:558] Path of length 32 found: [0, 1, 2, 3, 4, 5, 6, 7, 8, 17, 26, 35, 34, 33, 24, 23, 22, 31, 30, 29, 38, 37, 46, 55, 56, 57, 48, 49, 50, 51, 60, 61, 62]
[00:00:00:01:042] ! Bidirectional. expansions: 146, time: 558 [ms], path length: 32 [edges], g_F: 15, g_B: 17, generated: 211, MM: 2, MMPER: 5.0606060606060606%
[00:00:00:01:042] 
---------- SM_Grids/7x9_grid_with_random_blocks_20per_7 ----------
[00:00:00:03:117] Path of length 32 found: [0, 9, 18, 27, 28, 37, 46, 55, 56, 57, 48, 39, 40, 31, 22, 21, 12, 3, 4, 5, 14, 15, 16, 17, 26, 35, 34, 33, 42, 51, 60, 61, 62]
[00:00:00:03:118] ! Unidirectional s-t. expansions: 717, time: 3,118 [ms], path length: 32 [edges], generated: 1,208
[00:00:00:02:715] Path of length 32 found: [62, 53, 44, 35, 26, 17, 16, 15, 6, 5, 4, 3, 12, 21, 22, 31, 32, 33, 42, 51, 50, 49, 48, 57, 56, 55, 46, 37, 28, 19, 18, 9, 0]
[00:00:00:02:716] ! Unidirectional t-s. expansions: 536, time: 2,715 [ms], path length: 32 [edges], generated: 929
[00:00:00:00:294] Expansion 43: New longest path found with length 18: [0, 9, 18, 19, 20, 21, 12, 3, 4, 5, 6, 15, 16, 17, 26, 35, 44, 53, 62]. g_current=11, g_opposite=7, f_max=38, generated=72
[00:00:00:00:418] Expansion 69: New longest path found with length 22: [0, 9, 18, 19, 20, 21, 12, 3, 4, 5, 6, 15, 16, 17, 26, 35, 44, 43, 42, 51, 60, 61, 62]. g_current=10, g_opposite=12, f_max=38, generated=114
[00:00:00:00:685] Expansion 128: New longest path found with length 28: [0, 9, 18, 27, 28, 37, 46, 55, 56, 57, 48, 39, 40, 31, 22, 21, 12, 3, 4, 5, 6, 15, 16, 17, 26, 35, 44, 53, 62]. g_current=14, g_opposite=14, f_max=36, generated=211
[00:00:00:00:934] Expansion 191: New longest path found with length 30: [0, 9, 18, 27, 28, 37, 46, 55, 56, 57, 48, 39, 40, 31, 22, 13, 4, 5, 6, 15, 16, 17, 26, 35, 44, 43, 42, 51, 60, 61, 62]. g_current=14, g_opposite=16, f_max=36, generated=308
[00:00:00:00:943] Expansion 192: New longest path found with length 32: [0, 9, 18, 27, 28, 37, 46, 55, 56, 57, 48, 39, 40, 31, 22, 21, 12, 3, 4, 5, 6, 15, 16, 17, 26, 35, 44, 43, 42, 51, 60, 61, 62]. g_current=15, g_opposite=17, f_max=36, generated=311
[00:00:00:03:878] Path of length 32 found: [0, 9, 18, 27, 28, 37, 46, 55, 56, 57, 48, 39, 40, 31, 22, 21, 12, 3, 4, 5, 6, 15, 16, 17, 26, 35, 44, 43, 42, 51, 60, 61, 62]
[00:00:00:04:387] ! Bidirectional. expansions: 767, time: 3,878 [ms], path length: 32 [edges], g_F: 15, g_B: 17, generated: 1,377, MM: 2, MMPER: 5.0606060606060606%
[00:00:00:04:387] 
---------- SM_Grids/7x9_grid_with_random_blocks_20per_8 ----------
[00:00:00:01:559] Path of length 26 found: [0, 9, 10, 11, 2, 3, 4, 5, 14, 15, 24, 33, 32, 31, 30, 29, 38, 47, 48, 57, 58, 59, 50, 51, 52, 61, 62]
[00:00:00:01:559] ! Unidirectional s-t. expansions: 303, time: 1,559 [ms], path length: 26 [edges], generated: 529
[00:00:00:01:538] Path of length 26 found: [62, 53, 44, 43, 34, 33, 24, 15, 14, 13, 22, 31, 40, 41, 50, 59, 58, 57, 48, 47, 38, 29, 28, 19, 10, 1, 0]
[00:00:00:01:538] ! Unidirectional t-s. expansions: 302, time: 1,538 [ms], path length: 26 [edges], generated: 528
[00:00:00:00:178] Expansion 33: New longest path found with length 16: [0, 9, 10, 11, 2, 3, 4, 13, 14, 15, 24, 33, 34, 43, 44, 53, 62]. g_current=6, g_opposite=10, f_max=32, generated=52
[00:00:00:00:352] Expansion 68: New longest path found with length 18: [0, 9, 10, 19, 28, 29, 30, 21, 22, 13, 14, 15, 24, 33, 34, 43, 44, 53, 62]. g_current=12, g_opposite=6, f_max=30, generated=115
[00:00:00:00:619] Expansion 110: New longest path found with length 26: [0, 9, 10, 11, 2, 3, 4, 5, 14, 15, 24, 33, 32, 31, 30, 29, 38, 47, 48, 57, 58, 59, 60, 51, 52, 53, 62]. g_current=12, g_opposite=14, f_max=29, generated=193
[00:00:00:02:251] Path of length 26 found: [0, 9, 10, 11, 2, 3, 4, 5, 14, 15, 24, 33, 32, 31, 30, 29, 38, 47, 48, 57, 58, 59, 60, 51, 52, 53, 62]
[00:00:00:02:766] ! Bidirectional. expansions: 428, time: 2,252 [ms], path length: 26 [edges], g_F: 14, g_B: 12, generated: 785, MM: 2, MMPER: 6.407407407407407%
[00:00:00:02:766] 
---------- SM_Grids/7x9_grid_with_random_blocks_20per_9 ----------
[00:00:00:00:485] Path of length 32 found: [0, 9, 18, 19, 28, 37, 36, 45, 54, 55, 56, 57, 48, 39, 30, 21, 12, 3, 4, 5, 14, 15, 24, 25, 26, 35, 44, 43, 42, 51, 60, 61, 62]
[00:00:00:00:485] ! Unidirectional s-t. expansions: 110, time: 485 [ms], path length: 32 [edges], generated: 167
[00:00:00:02:010] Path of length 32 found: [62, 61, 60, 51, 42, 43, 44, 35, 26, 25, 16, 7, 6, 5, 4, 3, 2, 11, 20, 21, 30, 39, 48, 57, 56, 55, 54, 45, 36, 27, 18, 9, 0]
[00:00:00:02:011] ! Unidirectional t-s. expansions: 455, time: 2,010 [ms], path length: 32 [edges], generated: 795
[00:00:00:00:229] Expansion 27: New longest path found with length 18: [0, 1, 2, 3, 4, 5, 6, 7, 16, 25, 26, 35, 44, 43, 42, 51, 60, 61, 62]. g_current=14, g_opposite=4, f_max=38, generated=42
[00:00:00:00:360] Expansion 65: New longest path found with length 22: [0, 9, 18, 19, 20, 11, 2, 3, 4, 5, 6, 7, 16, 25, 26, 35, 44, 43, 42, 51, 60, 61, 62]. g_current=4, g_opposite=18, f_max=38, generated=96
[00:00:00:00:633] Expansion 130: New longest path found with length 32: [0, 9, 18, 19, 28, 37, 36, 45, 54, 55, 56, 57, 48, 39, 30, 21, 12, 3, 4, 5, 6, 7, 16, 25, 26, 35, 44, 43, 42, 51, 60, 61, 62]. g_current=17, g_opposite=15, f_max=35, generated=204
[00:00:00:01:568] Path of length 32 found: [0, 9, 18, 19, 28, 37, 36, 45, 54, 55, 56, 57, 48, 39, 30, 21, 12, 3, 4, 5, 6, 7, 16, 25, 26, 35, 44, 43, 42, 51, 60, 61, 62]
[00:00:00:02:054] ! Bidirectional. expansions: 314, time: 1,568 [ms], path length: 32 [edges], g_F: 15, g_B: 17, generated: 526, MM: 2, MMPER: 5.0606060606060606%

[00:00:00:02:054] average expansions: (265, 303, 366, 0)
[00:00:00:02:054] average time: (1,240, 1,402, 1,815, 0)
[00:00:00:02:054] XA*: 265 , 1,240 (expansions , time[ms])
[00:00:00:02:054] XMM: 366 , 1,815 (expansions , time[ms])

