------------------------------------
Thu 01 Oct 2026 14:25:39 IDT
SLURM_JOBID:		21950222
SLURM_JOB_NODELIST:	ise-cpu256-08
SLURM_SCRATCH_DIR:	/scratch/shubit/21950222
Allocated Resouces:	cpu - 2 / mem - 61440 MB / gpu - 
SLURM_GPU_INDEX:	
Running as shubit from shimony account with normal QOS
------------------------------------
Thu 01 Oct 2026 14:25:39 IDT

SLURM_JOBID:		 21950222
SLURM_JOB_NODELIST:	 ise-cpu256-08 

--------------------------
date: SM_Grids
number_of_graphs: 10
graph_type: grid
size_of_graphs: [7, 8]
heuristic: bcc_heuristic
snake: True
run_uni: True
run_bi: True
run_multi: False
solution_vertices: []
algorithms: ['DFBnB']
lookahead: 4
bsd: False
cube_first_dims: 4
cube_buffer_dim: None
backward_sym_generation: False
sym_coil: False
prefix_set: None

---------- SM_Grids/7x8_grid_with_random_blocks_16per_0 ----------
[00:00:00:01:285] Path of length 31 found: [0, 1, 2, 3, 4, 12, 13, 14, 15, 23, 31, 30, 29, 28, 27, 19, 18, 17, 25, 24, 32, 40, 48, 49, 50, 42, 43, 44, 52, 53, 54, 55]
[00:00:00:01:286] ! Unidirectional s-t. expansions: 111, time: 1,285 [ms], path length: 31 [edges], generated: 1,466
[00:00:00:01:594] Path of length 31 found: [55, 47, 46, 45, 53, 52, 51, 43, 42, 41, 40, 32, 24, 25, 17, 18, 19, 27, 28, 29, 30, 31, 23, 15, 14, 13, 5, 4, 3, 2, 1, 0]
[00:00:00:01:594] ! Unidirectional t-s. expansions: 127, time: 1,594 [ms], path length: 31 [edges], generated: 1,626
[00:00:00:01:619] Path of length 31 found: [0, 1, 2, 3, 4, 5, 13, 14, 15, 23, 31, 30, 29, 28, 20, 19, 18, 17, 25, 24, 32, 40, 41, 42, 43, 51, 52, 53, 45, 46, 47, 55]
[00:00:00:02:138] ! Bidirectional. expansions: 422, time: 1,619 [ms], path length: 31 [edges], g_F: 16, g_B: 15, generated: 0, MM: 1, MMPER: 2.125%
[00:00:00:02:138] 
---------- SM_Grids/7x8_grid_with_random_blocks_16per_1 ----------
[00:00:00:01:756] Path of length 25 found: [0, 8, 16, 17, 25, 26, 34, 42, 43, 51, 52, 53, 45, 37, 36, 28, 20, 12, 13, 14, 22, 30, 31, 39, 47, 55]
[00:00:00:01:756] ! Unidirectional s-t. expansions: 62, time: 1,756 [ms], path length: 25 [edges], generated: 1,463
[00:00:00:01:702] Path of length 25 found: [55, 47, 39, 31, 30, 22, 14, 13, 12, 20, 28, 36, 37, 45, 53, 52, 51, 43, 42, 34, 26, 18, 10, 9, 1, 0]
[00:00:00:01:702] ! Unidirectional t-s. expansions: 44, time: 1,702 [ms], path length: 25 [edges], generated: 1,240
[00:00:00:01:984] Path of length 25 found: [0, 8, 16, 17, 25, 26, 34, 42, 43, 51, 52, 53, 45, 37, 36, 28, 20, 12, 13, 14, 22, 30, 31, 39, 47, 55]
[00:00:00:02:515] ! Bidirectional. expansions: 101, time: 1,984 [ms], path length: 25 [edges], g_F: 13, g_B: 12, generated: 0, MM: 1, MMPER: 2.8461538461538463%
[00:00:00:02:516] 
---------- SM_Grids/7x8_grid_with_random_blocks_16per_2 ----------
[00:00:00:01:386] Path of length 27 found: [0, 1, 9, 17, 16, 24, 32, 40, 48, 49, 50, 51, 43, 35, 27, 28, 29, 21, 13, 5, 6, 7, 15, 23, 31, 39, 47, 55]
[00:00:00:01:387] ! Unidirectional s-t. expansions: 82, time: 1,386 [ms], path length: 27 [edges], generated: 1,348
[00:00:00:00:644] Path of length 27 found: [55, 47, 39, 31, 23, 15, 7, 6, 5, 4, 12, 20, 28, 27, 35, 43, 51, 50, 49, 48, 40, 32, 24, 16, 17, 9, 1, 0]
[00:00:00:00:645] ! Unidirectional t-s. expansions: 57, time: 645 [ms], path length: 27 [edges], generated: 599
[00:00:00:02:390] Path of length 27 found: [0, 8, 9, 17, 25, 24, 32, 40, 48, 49, 50, 51, 43, 35, 27, 28, 20, 12, 4, 5, 6, 7, 15, 23, 31, 39, 47, 55]
[00:00:00:02:862] ! Bidirectional. expansions: 533, time: 2,390 [ms], path length: 27 [edges], g_F: 14, g_B: 13, generated: 0, MM: 1, MMPER: 2.5714285714285716%
[00:00:00:02:862] 
---------- SM_Grids/7x8_grid_with_random_blocks_16per_3 ----------
[00:00:00:01:870] Path of length 31 found: [0, 1, 2, 3, 4, 12, 13, 14, 15, 23, 31, 30, 29, 28, 27, 19, 18, 17, 16, 24, 32, 40, 48, 49, 50, 42, 43, 44, 45, 46, 47, 55]
[00:00:00:01:871] ! Unidirectional s-t. expansions: 142, time: 1,870 [ms], path length: 31 [edges], generated: 1,911
[00:00:00:01:378] Path of length 31 found: [55, 47, 46, 45, 53, 52, 51, 43, 42, 34, 33, 32, 24, 16, 17, 18, 19, 27, 28, 29, 30, 31, 23, 15, 14, 13, 12, 4, 3, 2, 1, 0]
[00:00:00:01:378] ! Unidirectional t-s. expansions: 109, time: 1,378 [ms], path length: 31 [edges], generated: 1,364
[00:00:00:01:894] Path of length 31 found: [0, 1, 2, 3, 4, 12, 13, 14, 15, 23, 31, 30, 29, 28, 27, 19, 18, 17, 16, 24, 32, 33, 34, 42, 43, 51, 52, 53, 45, 46, 47, 55]
[00:00:00:02:377] ! Bidirectional. expansions: 240, time: 1,894 [ms], path length: 31 [edges], g_F: 16, g_B: 15, generated: 0, MM: 1, MMPER: 2.125%
[00:00:00:02:377] 
---------- SM_Grids/7x8_grid_with_random_blocks_16per_4 ----------
[00:00:00:02:869] Path of length 29 found: [0, 1, 2, 3, 11, 12, 13, 14, 22, 30, 38, 37, 36, 35, 34, 26, 18, 17, 16, 24, 32, 40, 48, 49, 50, 51, 52, 53, 54, 55]
[00:00:00:02:870] ! Unidirectional s-t. expansions: 187, time: 2,870 [ms], path length: 29 [edges], generated: 2,795
[00:00:00:01:589] Path of length 29 found: [55, 47, 39, 31, 30, 22, 14, 13, 12, 11, 19, 18, 26, 34, 35, 36, 37, 45, 53, 52, 51, 50, 49, 41, 40, 32, 24, 16, 8, 0]
[00:00:00:01:590] ! Unidirectional t-s. expansions: 91, time: 1,589 [ms], path length: 29 [edges], generated: 1,410
[00:00:00:02:829] Path of length 29 found: [0, 1, 9, 17, 18, 26, 34, 33, 32, 40, 48, 49, 50, 51, 52, 53, 45, 37, 36, 28, 20, 12, 13, 14, 22, 30, 31, 39, 47, 55]
[00:00:00:03:306] ! Bidirectional. expansions: 177, time: 2,829 [ms], path length: 29 [edges], g_F: 15, g_B: 14, generated: 0, MM: 1, MMPER: 2.3333333333333335%
[00:00:00:03:307] 
---------- SM_Grids/7x8_grid_with_random_blocks_16per_5 ----------
[00:00:00:03:279] Path of length 29 found: [0, 8, 9, 10, 2, 3, 4, 5, 6, 14, 15, 23, 31, 39, 38, 37, 29, 21, 20, 19, 27, 26, 34, 42, 43, 44, 52, 53, 54, 55]
[00:00:00:03:279] ! Unidirectional s-t. expansions: 225, time: 3,279 [ms], path length: 29 [edges], generated: 3,529
[00:00:00:01:513] Path of length 29 found: [55, 54, 53, 52, 44, 43, 42, 34, 26, 27, 19, 20, 21, 29, 37, 38, 39, 31, 23, 15, 7, 6, 5, 4, 3, 2, 10, 9, 8, 0]
[00:00:00:01:513] ! Unidirectional t-s. expansions: 96, time: 1,513 [ms], path length: 29 [edges], generated: 1,778
[00:00:00:01:712] Path of length 29 found: [0, 8, 9, 10, 2, 3, 4, 5, 6, 14, 15, 23, 31, 39, 38, 37, 29, 21, 20, 19, 27, 26, 34, 42, 43, 44, 52, 53, 54, 55]
[00:00:00:02:232] ! Bidirectional. expansions: 91, time: 1,712 [ms], path length: 29 [edges], g_F: 15, g_B: 14, generated: 0, MM: 1, MMPER: 2.3333333333333335%
[00:00:00:02:232] 
---------- SM_Grids/7x8_grid_with_random_blocks_16per_6 ----------
[00:00:00:02:809] Path of length 29 found: [0, 1, 9, 17, 16, 24, 32, 33, 34, 26, 27, 19, 11, 3, 4, 5, 13, 14, 15, 23, 31, 30, 29, 37, 36, 44, 52, 53, 54, 55]
[00:00:00:02:810] ! Unidirectional s-t. expansions: 342, time: 2,809 [ms], path length: 29 [edges], generated: 3,143
[00:00:00:03:754] Path of length 29 found: [55, 54, 53, 52, 51, 43, 35, 34, 33, 32, 24, 16, 17, 18, 19, 20, 28, 29, 30, 31, 23, 15, 7, 6, 5, 4, 3, 2, 1, 0]
[00:00:00:03:754] ! Unidirectional t-s. expansions: 313, time: 3,754 [ms], path length: 29 [edges], generated: 3,888
[00:00:00:02:998] Path of length 29 found: [0, 1, 2, 3, 4, 5, 6, 14, 15, 23, 31, 30, 29, 21, 20, 19, 18, 17, 16, 24, 32, 33, 34, 35, 36, 44, 45, 46, 54, 55]
[00:00:00:03:475] ! Bidirectional. expansions: 165, time: 2,998 [ms], path length: 29 [edges], g_F: 15, g_B: 14, generated: 0, MM: 1, MMPER: 2.3333333333333335%
[00:00:00:03:475] 
---------- SM_Grids/7x8_grid_with_random_blocks_16per_7 ----------
[00:00:00:04:147] Path of length 27 found: [0, 1, 9, 17, 16, 24, 32, 40, 48, 49, 50, 42, 43, 44, 36, 28, 27, 19, 11, 12, 13, 21, 22, 30, 38, 46, 54, 55]
[00:00:00:04:147] ! Unidirectional s-t. expansions: 279, time: 4,147 [ms], path length: 27 [edges], generated: 4,660
[00:00:00:00:519] Path of length 27 found: [55, 47, 39, 38, 30, 22, 14, 13, 12, 11, 19, 27, 28, 36, 44, 52, 51, 50, 49, 48, 40, 32, 24, 16, 17, 9, 1, 0]
[00:00:00:00:520] ! Unidirectional t-s. expansions: 42, time: 520 [ms], path length: 27 [edges], generated: 472
[00:00:00:02:869] Path of length 27 found: [0, 1, 9, 17, 16, 24, 32, 40, 48, 49, 50, 51, 52, 44, 36, 28, 27, 19, 11, 12, 13, 14, 22, 30, 38, 39, 47, 55]
[00:00:00:03:350] ! Bidirectional. expansions: 241, time: 2,870 [ms], path length: 27 [edges], g_F: 14, g_B: 13, generated: 0, MM: 1, MMPER: 2.5714285714285716%
[00:00:00:03:350] 
---------- SM_Grids/7x8_grid_with_random_blocks_16per_8 ----------
[00:00:00:01:946] Path of length 27 found: [0, 8, 9, 10, 18, 26, 25, 33, 41, 42, 43, 35, 36, 28, 29, 21, 13, 5, 6, 7, 15, 23, 31, 39, 38, 46, 54, 55]
[00:00:00:01:947] ! Unidirectional s-t. expansions: 168, time: 1,946 [ms], path length: 27 [edges], generated: 2,063
[00:00:00:03:372] Path of length 27 found: [55, 47, 39, 31, 23, 15, 7, 6, 5, 4, 12, 20, 28, 29, 37, 45, 44, 43, 42, 41, 33, 25, 26, 18, 10, 9, 8, 0]
[00:00:00:03:373] ! Unidirectional t-s. expansions: 344, time: 3,372 [ms], path length: 27 [edges], generated: 3,693
[00:00:00:02:026] Path of length 27 found: [0, 8, 9, 10, 18, 26, 25, 33, 41, 42, 43, 35, 36, 37, 29, 21, 20, 12, 4, 5, 6, 7, 15, 23, 31, 39, 47, 55]
[00:00:00:02:460] ! Bidirectional. expansions: 192, time: 2,026 [ms], path length: 27 [edges], g_F: 14, g_B: 13, generated: 0, MM: 1, MMPER: 2.5714285714285716%
[00:00:00:02:460] 
---------- SM_Grids/7x8_grid_with_random_blocks_16per_9 ----------
[00:00:00:03:697] Path of length 25 found: [0, 8, 16, 17, 18, 10, 2, 3, 4, 12, 20, 28, 27, 35, 34, 42, 50, 51, 52, 44, 45, 37, 38, 39, 47, 55]
[00:00:00:03:698] ! Unidirectional s-t. expansions: 1,011, time: 3,697 [ms], path length: 25 [edges], generated: 5,790
[00:00:00:02:885] Path of length 25 found: [55, 47, 39, 38, 37, 45, 44, 52, 51, 50, 42, 34, 35, 27, 28, 20, 12, 4, 3, 2, 10, 18, 17, 16, 8, 0]
[00:00:00:02:885] ! Unidirectional t-s. expansions: 165, time: 2,885 [ms], path length: 25 [edges], generated: 2,941
[00:00:00:01:995] Path of length 25 found: [0, 8, 16, 17, 18, 10, 2, 3, 4, 12, 20, 28, 27, 35, 34, 42, 50, 51, 52, 44, 45, 37, 38, 39, 47, 55]
[00:00:00:02:431] ! Bidirectional. expansions: 128, time: 1,995 [ms], path length: 25 [edges], g_F: 13, g_B: 12, generated: 0, MM: 1, MMPER: 2.8461538461538463%

[00:00:00:02:431] average expansions: (261, 139, 229, 0)
[00:00:00:02:431] average time: (2,504, 1,895, 2,232, 0)
[00:00:00:02:431] XDFBnB: 139 , 1,895 (expansions , time[ms])
[00:00:00:02:431] BiXDFBnB: 229 , 2,232 (expansions , time[ms])

