------------------------------------
Thu 01 Oct 2026 12:44:48 IDT
SLURM_JOBID:		21944726
SLURM_JOB_NODELIST:	ise-cpu256-01
SLURM_SCRATCH_DIR:	/scratch/shubit/21944726
Allocated Resouces:	cpu - 2 / mem - 61440 MB / gpu - 
SLURM_GPU_INDEX:	
Running as shubit from shimony account with normal QOS
------------------------------------
Thu 01 Oct 2026 12:44:48 IDT

SLURM_JOBID:		 21944726
SLURM_JOB_NODELIST:	 ise-cpu256-01 

--------------------------
date: SM_Grids
number_of_graphs: 10
graph_type: grid
size_of_graphs: [7, 9]
heuristic: bcc_heuristic
snake: True
run_uni: True
run_bi: True
run_multi: False
solution_vertices: []
algorithms: ['IDA']
lookahead: 2
bsd: False
cube_first_dims: 4
cube_buffer_dim: None
backward_sym_generation: False
sym_coil: False
prefix_set: None

---------- SM_Grids/7x9_grid_with_random_blocks_12per_0 ----------
[00:00:00:17:462] Path of length 32 found: [0, 9, 18, 19, 20, 11, 2, 3, 4, 13, 14, 15, 16, 25, 26, 35, 44, 43, 42, 33, 32, 31, 30, 39, 38, 47, 56, 57, 58, 59, 60, 61, 62]
[00:00:00:17:463] ! Unidirectional s-t. expansions: 2,060, time: 17,463 [ms], path length: 32 [edges], generated: 10,615
[00:00:00:31:504] Path of length 32 found: [62, 53, 44, 43, 42, 51, 60, 59, 58, 57, 56, 47, 38, 39, 30, 31, 32, 23, 24, 25, 16, 7, 6, 5, 4, 13, 12, 11, 20, 19, 18, 9, 0]
[00:00:00:31:504] ! Unidirectional t-s. expansions: 4,794, time: 31,504 [ms], path length: 32 [edges], generated: 21,689
[00:00:00:18:557] Path of length 32 found: [0, 9, 18, 19, 20, 11, 2, 3, 4, 13, 14, 15, 24, 25, 26, 35, 44, 43, 42, 41, 32, 31, 30, 39, 38, 47, 56, 57, 58, 59, 60, 61, 62]
[00:00:00:19:106] ! Bidirectional. expansions: 2,712, time: 18,557 [ms], path length: 32 [edges], g_F: 16, g_B: 16, generated: 0, MM: 0, MMPER: -1.0%
[00:00:00:19:106] 
---------- SM_Grids/7x9_grid_with_random_blocks_12per_1 ----------
[00:00:00:10:266] Path of length 32 found: [0, 9, 18, 19, 20, 11, 12, 13, 14, 5, 6, 7, 16, 17, 26, 35, 34, 43, 42, 41, 32, 31, 30, 39, 38, 47, 56, 57, 58, 59, 60, 61, 62]
[00:00:00:10:266] ! Unidirectional s-t. expansions: 1,123, time: 10,266 [ms], path length: 32 [edges], generated: 5,728
[00:00:00:25:902] Path of length 32 found: [62, 61, 60, 59, 58, 57, 56, 47, 38, 39, 30, 31, 32, 41, 42, 43, 34, 35, 26, 17, 16, 7, 6, 5, 14, 13, 12, 11, 20, 19, 18, 9, 0]
[00:00:00:25:903] ! Unidirectional t-s. expansions: 3,251, time: 25,902 [ms], path length: 32 [edges], generated: 16,646
[00:00:00:16:196] Path of length 32 found: [0, 9, 18, 19, 20, 11, 12, 13, 14, 5, 6, 7, 16, 17, 26, 35, 34, 43, 42, 41, 32, 31, 30, 39, 38, 47, 56, 57, 58, 59, 60, 61, 62]
[00:00:00:16:707] ! Bidirectional. expansions: 1,788, time: 16,196 [ms], path length: 32 [edges], g_F: 16, g_B: 16, generated: 0, MM: 0, MMPER: -1.0%
[00:00:00:16:707] 
---------- SM_Grids/7x9_grid_with_random_blocks_12per_2 ----------
[00:00:00:27:162] Path of length 32 found: [0, 1, 10, 19, 18, 27, 36, 45, 54, 55, 56, 47, 38, 29, 30, 21, 12, 3, 4, 5, 6, 7, 16, 25, 24, 23, 32, 41, 42, 43, 52, 61, 62]
[00:00:00:27:163] ! Unidirectional s-t. expansions: 3,251, time: 27,162 [ms], path length: 32 [edges], generated: 16,432
[00:00:00:43:612] Path of length 32 found: [62, 53, 44, 43, 34, 25, 16, 7, 6, 5, 14, 23, 32, 41, 50, 49, 48, 47, 56, 55, 54, 45, 36, 37, 28, 29, 20, 21, 12, 3, 2, 1, 0]
[00:00:00:43:612] ! Unidirectional t-s. expansions: 5,979, time: 43,612 [ms], path length: 32 [edges], generated: 31,497
[00:00:00:45:431] Path of length 32 found: [0, 1, 2, 3, 12, 21, 20, 19, 18, 27, 36, 45, 54, 55, 56, 47, 48, 49, 50, 41, 32, 23, 14, 5, 6, 7, 16, 25, 34, 43, 44, 53, 62]
[00:00:00:45:941] ! Bidirectional. expansions: 8,498, time: 45,431 [ms], path length: 32 [edges], g_F: 16, g_B: 16, generated: 0, MM: 0, MMPER: -1.0%
[00:00:00:45:941] 
---------- SM_Grids/7x9_grid_with_random_blocks_12per_3 ----------
[00:00:00:13:386] Path of length 36 found: [0, 1, 10, 11, 12, 3, 4, 5, 6, 7, 8, 17, 26, 35, 44, 43, 42, 33, 24, 23, 22, 31, 30, 29, 28, 27, 36, 45, 46, 47, 48, 49, 58, 59, 60, 61, 62]
[00:00:00:13:386] ! Unidirectional s-t. expansions: 1,615, time: 13,386 [ms], path length: 36 [edges], generated: 7,651
[00:00:00:08:873] Path of length 36 found: [62, 61, 60, 59, 50, 49, 40, 39, 38, 47, 46, 45, 36, 27, 28, 19, 20, 21, 22, 23, 32, 33, 42, 43, 44, 35, 26, 17, 8, 7, 6, 5, 4, 3, 2, 1, 0]
[00:00:00:08:874] ! Unidirectional t-s. expansions: 1,062, time: 8,873 [ms], path length: 36 [edges], generated: 5,023
[00:00:00:10:575] Path of length 36 found: [0, 9, 10, 11, 2, 3, 4, 5, 6, 7, 8, 17, 26, 35, 44, 43, 42, 33, 24, 23, 22, 21, 30, 29, 28, 27, 36, 45, 46, 47, 48, 49, 58, 59, 60, 61, 62]
[00:00:00:11:100] ! Bidirectional. expansions: 1,234, time: 10,576 [ms], path length: 36 [edges], g_F: 18, g_B: 18, generated: 0, MM: 0, MMPER: -1.0%
[00:00:00:11:100] 
---------- SM_Grids/7x9_grid_with_random_blocks_12per_4 ----------
[00:00:00:07:380] Path of length 36 found: [0, 1, 10, 11, 12, 13, 4, 5, 6, 7, 8, 17, 26, 25, 24, 23, 32, 41, 40, 39, 30, 29, 28, 27, 36, 45, 46, 47, 56, 57, 58, 59, 60, 51, 52, 53, 62]
[00:00:00:07:380] ! Unidirectional s-t. expansions: 1,008, time: 7,380 [ms], path length: 36 [edges], generated: 4,413
[00:00:00:08:597] Path of length 36 found: [62, 53, 52, 51, 60, 59, 58, 57, 56, 47, 46, 45, 36, 27, 28, 29, 30, 39, 40, 41, 32, 33, 34, 25, 26, 17, 8, 7, 6, 5, 4, 13, 12, 11, 2, 1, 0]
[00:00:00:08:597] ! Unidirectional t-s. expansions: 991, time: 8,597 [ms], path length: 36 [edges], generated: 4,815
[00:00:00:07:331] Path of length 36 found: [0, 1, 2, 11, 12, 13, 4, 5, 6, 7, 8, 17, 26, 25, 24, 23, 32, 41, 40, 39, 30, 29, 28, 27, 36, 45, 46, 47, 56, 57, 58, 59, 60, 51, 52, 53, 62]
[00:00:00:07:788] ! Bidirectional. expansions: 985, time: 7,331 [ms], path length: 36 [edges], g_F: 18, g_B: 18, generated: 0, MM: 0, MMPER: -1.0%
[00:00:00:07:788] 
---------- SM_Grids/7x9_grid_with_random_blocks_12per_5 ----------
[00:00:00:05:277] Path of length 30 found: [0, 1, 10, 19, 28, 29, 38, 39, 48, 49, 50, 41, 32, 31, 22, 21, 12, 3, 4, 5, 14, 15, 24, 25, 26, 35, 44, 43, 52, 61, 62]
[00:00:00:05:277] ! Unidirectional s-t. expansions: 495, time: 5,277 [ms], path length: 30 [edges], generated: 2,888
[00:00:00:19:141] Path of length 30 found: [62, 53, 44, 35, 26, 17, 16, 15, 6, 5, 4, 3, 12, 21, 22, 31, 32, 33, 42, 51, 50, 49, 48, 39, 38, 29, 28, 19, 10, 1, 0]
[00:00:00:19:141] ! Unidirectional t-s. expansions: 2,168, time: 19,141 [ms], path length: 30 [edges], generated: 11,160
[00:00:00:08:579] Path of length 30 found: [0, 1, 10, 19, 28, 29, 38, 39, 48, 49, 50, 41, 32, 23, 22, 21, 12, 3, 4, 5, 6, 15, 16, 17, 26, 35, 44, 43, 52, 61, 62]
[00:00:00:09:038] ! Bidirectional. expansions: 903, time: 8,579 [ms], path length: 30 [edges], g_F: 15, g_B: 15, generated: 0, MM: 0, MMPER: -1.0%
[00:00:00:09:039] 
---------- SM_Grids/7x9_grid_with_random_blocks_12per_6 ----------
[00:00:00:15:441] Path of length 36 found: [0, 9, 18, 19, 20, 11, 12, 3, 4, 5, 6, 7, 16, 25, 24, 23, 22, 31, 40, 39, 38, 37, 36, 45, 54, 55, 56, 57, 58, 59, 50, 51, 42, 43, 44, 53, 62]
[00:00:00:15:441] ! Unidirectional s-t. expansions: 1,764, time: 15,441 [ms], path length: 36 [edges], generated: 8,516
[00:00:00:10:437] Path of length 36 found: [62, 53, 44, 35, 26, 17, 16, 15, 24, 33, 42, 51, 60, 59, 58, 57, 56, 55, 54, 45, 36, 37, 38, 39, 40, 31, 22, 13, 4, 3, 2, 11, 20, 19, 18, 9, 0]
[00:00:00:10:437] ! Unidirectional t-s. expansions: 1,391, time: 10,437 [ms], path length: 36 [edges], generated: 6,402
[00:00:00:16:461] Path of length 36 found: [0, 9, 18, 19, 20, 11, 2, 3, 4, 13, 22, 31, 40, 39, 38, 37, 36, 45, 54, 55, 56, 57, 58, 59, 50, 51, 42, 33, 24, 15, 16, 17, 26, 35, 44, 53, 62]
[00:00:00:16:914] ! Bidirectional. expansions: 2,857, time: 16,461 [ms], path length: 36 [edges], g_F: 18, g_B: 18, generated: 0, MM: 0, MMPER: -1.0%
[00:00:00:16:914] 
---------- SM_Grids/7x9_grid_with_random_blocks_12per_7 ----------
[00:00:00:13:556] Path of length 34 found: [0, 1, 10, 19, 18, 27, 36, 45, 54, 55, 56, 57, 58, 59, 60, 51, 42, 41, 32, 31, 22, 21, 12, 3, 4, 5, 14, 15, 24, 25, 34, 35, 44, 53, 62]
[00:00:00:13:556] ! Unidirectional s-t. expansions: 1,700, time: 13,556 [ms], path length: 34 [edges], generated: 8,470
[00:00:00:11:950] Path of length 34 found: [62, 53, 44, 35, 34, 25, 24, 15, 14, 5, 4, 3, 12, 21, 30, 31, 32, 41, 42, 51, 60, 59, 58, 57, 56, 55, 54, 45, 36, 37, 28, 19, 10, 1, 0]
[00:00:00:11:951] ! Unidirectional t-s. expansions: 1,485, time: 11,950 [ms], path length: 34 [edges], generated: 6,625
[00:00:00:12:122] Path of length 34 found: [0, 9, 10, 19, 28, 27, 36, 45, 54, 55, 56, 57, 58, 59, 60, 51, 42, 41, 40, 39, 30, 21, 12, 3, 4, 5, 14, 15, 24, 25, 34, 35, 44, 53, 62]
[00:00:00:12:658] ! Bidirectional. expansions: 1,748, time: 12,122 [ms], path length: 34 [edges], g_F: 17, g_B: 17, generated: 0, MM: 0, MMPER: -1.0%
[00:00:00:12:658] 
---------- SM_Grids/7x9_grid_with_random_blocks_12per_8 ----------
[00:00:00:19:100] Path of length 32 found: [0, 1, 2, 3, 4, 13, 22, 21, 20, 19, 18, 27, 36, 37, 38, 39, 40, 41, 32, 33, 24, 15, 6, 7, 8, 17, 26, 35, 44, 43, 52, 61, 62]
[00:00:00:19:100] ! Unidirectional s-t. expansions: 2,075, time: 19,100 [ms], path length: 32 [edges], generated: 11,724
[00:00:00:17:329] Path of length 32 found: [62, 61, 60, 51, 42, 43, 44, 35, 26, 17, 8, 7, 6, 15, 24, 23, 32, 31, 40, 39, 38, 37, 36, 27, 18, 19, 20, 21, 12, 3, 2, 1, 0]
[00:00:00:17:329] ! Unidirectional t-s. expansions: 1,917, time: 17,329 [ms], path length: 32 [edges], generated: 9,766
[00:00:00:19:484] Path of length 32 found: [0, 9, 18, 27, 36, 37, 38, 29, 20, 11, 2, 3, 4, 5, 6, 7, 16, 17, 26, 35, 34, 33, 24, 23, 22, 31, 40, 49, 50, 51, 60, 61, 62]
[00:00:00:19:941] ! Bidirectional. expansions: 2,599, time: 19,484 [ms], path length: 32 [edges], g_F: 16, g_B: 16, generated: 0, MM: 0, MMPER: -1.0%
[00:00:00:19:941] 
---------- SM_Grids/7x9_grid_with_random_blocks_12per_9 ----------
[00:00:00:13:940] Path of length 36 found: [0, 1, 10, 19, 18, 27, 36, 45, 54, 55, 56, 47, 48, 49, 58, 59, 60, 51, 42, 41, 32, 31, 30, 21, 12, 3, 4, 5, 6, 15, 16, 25, 34, 35, 44, 53, 62]
[00:00:00:13:941] ! Unidirectional s-t. expansions: 1,839, time: 13,940 [ms], path length: 36 [edges], generated: 9,391
[00:00:00:16:573] Path of length 36 found: [62, 53, 44, 35, 26, 17, 16, 7, 6, 5, 4, 3, 12, 21, 30, 31, 32, 33, 42, 51, 60, 59, 58, 49, 48, 47, 56, 55, 54, 45, 36, 37, 28, 19, 10, 1, 0]
[00:00:00:16:573] ! Unidirectional t-s. expansions: 2,461, time: 16,573 [ms], path length: 36 [edges], generated: 11,043
[00:00:00:20:140] Path of length 36 found: [0, 1, 10, 19, 18, 27, 36, 45, 54, 55, 56, 47, 48, 49, 58, 59, 60, 51, 42, 41, 32, 31, 30, 21, 12, 3, 4, 5, 6, 7, 16, 17, 26, 35, 44, 53, 62]
[00:00:00:20:594] ! Bidirectional. expansions: 4,008, time: 20,140 [ms], path length: 36 [edges], g_F: 18, g_B: 18, generated: 0, MM: 0, MMPER: -1.0%

[00:00:00:20:594] average expansions: (1,693, 2,550, 2,733, 0)
[00:00:00:20:594] average time: (14,297, 19,392, 17,488, 0)
[00:00:00:20:594] XIDA: 1,693 , 14,297 (expansions , time[ms])
[00:00:00:20:594] BiXIDA: 2,733 , 17,488 (expansions , time[ms])

