------------------------------------
Thu 01 Oct 2026 12:43:45 IDT
SLURM_JOBID:		21944690
SLURM_JOB_NODELIST:	ise-cpu256-06
SLURM_SCRATCH_DIR:	/scratch/shubit/21944690
Allocated Resouces:	cpu - 2 / mem - 61440 MB / gpu - 
SLURM_GPU_INDEX:	
Running as shubit from shimony account with normal QOS
------------------------------------
Thu 01 Oct 2026 12:43:45 IDT

SLURM_JOBID:		 21944690
SLURM_JOB_NODELIST:	 ise-cpu256-06 

--------------------------
date: SM_Grids
number_of_graphs: 10
graph_type: grid
size_of_graphs: [7, 7]
heuristic: bcc_heuristic
snake: True
run_uni: True
run_bi: True
run_multi: False
solution_vertices: []
algorithms: ['IDA']
lookahead: 2
bsd: False
cube_first_dims: 4
cube_buffer_dim: None
backward_sym_generation: False
sym_coil: False
prefix_set: None

---------- SM_Grids/7x7_grid_with_random_blocks_20per_0 ----------
[00:00:00:00:170] Path of length 16 found: [0, 7, 14, 21, 22, 29, 36, 43, 44, 45, 38, 31, 32, 33, 40, 47, 48]
[00:00:00:00:171] ! Unidirectional s-t. expansions: 38, time: 170 [ms], path length: 16 [edges], generated: 140
[00:00:00:01:370] Path of length 16 found: [48, 41, 34, 33, 32, 31, 38, 45, 44, 43, 42, 35, 28, 21, 14, 7, 0]
[00:00:00:01:370] ! Unidirectional t-s. expansions: 416, time: 1,370 [ms], path length: 16 [edges], generated: 1,445
[00:00:00:00:331] Path of length 16 found: [0, 7, 14, 21, 22, 29, 36, 43, 44, 45, 38, 31, 32, 33, 34, 41, 48]
[00:00:00:00:723] ! Bidirectional. expansions: 80, time: 331 [ms], path length: 16 [edges], g_F: 8, g_B: 8, generated: 0, MM: 0, MMPER: -1.0%
[00:00:00:00:724] 
---------- SM_Grids/7x7_grid_with_random_blocks_20per_1 ----------
[00:00:00:00:616] Path of length 12 found: [0, 7, 8, 9, 16, 23, 30, 31, 32, 39, 40, 47, 48]
[00:00:00:00:616] ! Unidirectional s-t. expansions: 149, time: 616 [ms], path length: 12 [edges], generated: 608
[00:00:00:00:885] Path of length 12 found: [48, 41, 34, 33, 32, 31, 30, 29, 22, 15, 8, 7, 0]
[00:00:00:00:885] ! Unidirectional t-s. expansions: 249, time: 885 [ms], path length: 12 [edges], generated: 906
[00:00:00:00:956] Path of length 12 found: [0, 7, 8, 9, 16, 23, 30, 31, 32, 33, 34, 41, 48]
[00:00:00:01:318] ! Bidirectional. expansions: 269, time: 956 [ms], path length: 12 [edges], g_F: 6, g_B: 6, generated: 0, MM: 0, MMPER: -1.0%
[00:00:00:01:319] 
---------- SM_Grids/7x7_grid_with_random_blocks_20per_2 ----------
[00:00:00:01:965] Path of length 26 found: [0, 7, 8, 9, 2, 3, 4, 5, 6, 13, 20, 19, 18, 25, 32, 31, 30, 29, 28, 35, 42, 43, 44, 45, 46, 47, 48]
[00:00:00:01:966] ! Unidirectional s-t. expansions: 454, time: 1,965 [ms], path length: 26 [edges], generated: 2,013
[00:00:00:00:526] Path of length 26 found: [48, 47, 46, 45, 44, 43, 42, 35, 28, 29, 30, 31, 32, 33, 26, 27, 20, 13, 6, 5, 4, 11, 10, 9, 2, 1, 0]
[00:00:00:00:527] ! Unidirectional t-s. expansions: 101, time: 526 [ms], path length: 26 [edges], generated: 424
[00:00:00:00:860] Path of length 26 found: [0, 7, 8, 9, 2, 3, 4, 5, 6, 13, 20, 19, 18, 25, 32, 31, 30, 29, 28, 35, 42, 43, 44, 45, 46, 47, 48]
[00:00:00:01:212] ! Bidirectional. expansions: 243, time: 860 [ms], path length: 26 [edges], g_F: 13, g_B: 13, generated: 0, MM: 0, MMPER: -1.0%
[00:00:00:01:212] 
---------- SM_Grids/7x7_grid_with_random_blocks_20per_3 ----------
[00:00:00:00:328] Path of length 28 found: [0, 7, 14, 21, 28, 35, 42, 43, 44, 37, 30, 31, 24, 17, 16, 9, 2, 3, 4, 11, 12, 19, 20, 27, 34, 33, 40, 47, 48]
[00:00:00:00:329] ! Unidirectional s-t. expansions: 79, time: 328 [ms], path length: 28 [edges], generated: 265
[00:00:00:00:122] Path of length 28 found: [48, 47, 40, 33, 34, 27, 20, 19, 12, 11, 4, 3, 2, 9, 16, 17, 24, 31, 30, 37, 44, 43, 42, 35, 28, 21, 14, 7, 0]
[00:00:00:00:123] ! Unidirectional t-s. expansions: 32, time: 122 [ms], path length: 28 [edges], generated: 104
[00:00:00:00:199] Path of length 28 found: [0, 7, 14, 21, 28, 35, 42, 43, 44, 45, 38, 31, 24, 17, 16, 9, 2, 3, 4, 11, 12, 19, 20, 27, 34, 33, 40, 47, 48]
[00:00:00:00:601] ! Bidirectional. expansions: 48, time: 199 [ms], path length: 28 [edges], g_F: 14, g_B: 14, generated: 0, MM: 0, MMPER: -1.0%
[00:00:00:00:601] 
---------- SM_Grids/7x7_grid_with_random_blocks_20per_4 ----------
[00:00:00:00:877] Path of length 24 found: [0, 7, 8, 9, 2, 3, 4, 11, 18, 17, 24, 23, 22, 29, 36, 37, 44, 45, 46, 39, 32, 33, 34, 41, 48]
[00:00:00:00:878] ! Unidirectional s-t. expansions: 129, time: 878 [ms], path length: 24 [edges], generated: 652
[00:00:00:00:577] Path of length 24 found: [48, 41, 34, 33, 32, 39, 46, 45, 44, 37, 36, 29, 22, 23, 24, 17, 18, 11, 4, 3, 2, 9, 8, 7, 0]
[00:00:00:00:577] ! Unidirectional t-s. expansions: 87, time: 577 [ms], path length: 24 [edges], generated: 411
[00:00:00:00:802] Path of length 24 found: [0, 7, 8, 9, 2, 3, 4, 11, 18, 17, 24, 23, 22, 29, 36, 37, 44, 45, 46, 39, 32, 33, 34, 41, 48]
[00:00:00:01:161] ! Bidirectional. expansions: 136, time: 802 [ms], path length: 24 [edges], g_F: 12, g_B: 12, generated: 0, MM: 0, MMPER: -1.0%
[00:00:00:01:161] 
---------- SM_Grids/7x7_grid_with_random_blocks_20per_5 ----------
[00:00:00:00:461] Path of length 24 found: [0, 1, 2, 3, 4, 5, 6, 13, 20, 19, 18, 17, 16, 15, 14, 21, 28, 29, 30, 31, 38, 39, 40, 47, 48]
[00:00:00:00:461] ! Unidirectional s-t. expansions: 82, time: 461 [ms], path length: 24 [edges], generated: 359
[00:00:00:00:165] Path of length 24 found: [48, 47, 40, 39, 38, 31, 30, 29, 28, 21, 14, 15, 16, 17, 18, 19, 20, 13, 6, 5, 4, 3, 2, 1, 0]
[00:00:00:00:165] ! Unidirectional t-s. expansions: 35, time: 165 [ms], path length: 24 [edges], generated: 132
[00:00:00:00:404] Path of length 24 found: [0, 1, 2, 3, 4, 5, 6, 13, 20, 19, 18, 17, 16, 15, 14, 21, 28, 29, 30, 31, 38, 39, 40, 47, 48]
[00:00:00:00:807] ! Bidirectional. expansions: 94, time: 404 [ms], path length: 24 [edges], g_F: 12, g_B: 12, generated: 0, MM: 0, MMPER: -1.0%
[00:00:00:00:808] 
---------- SM_Grids/7x7_grid_with_random_blocks_20per_6 ----------
[00:00:00:00:174] Path of length 24 found: [0, 7, 14, 21, 28, 29, 30, 23, 16, 9, 10, 3, 4, 5, 6, 13, 20, 19, 18, 25, 32, 33, 40, 47, 48]
[00:00:00:00:174] ! Unidirectional s-t. expansions: 37, time: 174 [ms], path length: 24 [edges], generated: 144
[00:00:00:00:114] Path of length 24 found: [48, 41, 40, 33, 32, 25, 18, 19, 20, 13, 6, 5, 4, 3, 10, 9, 16, 23, 30, 29, 28, 21, 14, 7, 0]
[00:00:00:00:115] ! Unidirectional t-s. expansions: 23, time: 114 [ms], path length: 24 [edges], generated: 84
[00:00:00:00:157] Path of length 24 found: [0, 7, 14, 21, 28, 29, 30, 23, 16, 9, 10, 3, 4, 5, 6, 13, 20, 19, 18, 25, 32, 33, 40, 47, 48]
[00:00:00:00:503] ! Bidirectional. expansions: 36, time: 157 [ms], path length: 24 [edges], g_F: 12, g_B: 12, generated: 0, MM: 0, MMPER: -1.0%
[00:00:00:00:503] 
---------- SM_Grids/7x7_grid_with_random_blocks_20per_7 ----------
[00:00:00:00:594] Path of length 16 found: [0, 1, 2, 3, 4, 5, 12, 19, 18, 17, 24, 31, 38, 39, 46, 47, 48]
[00:00:00:00:594] ! Unidirectional s-t. expansions: 87, time: 594 [ms], path length: 16 [edges], generated: 494
[00:00:00:01:811] Path of length 16 found: [48, 47, 46, 39, 38, 31, 24, 25, 18, 19, 12, 5, 4, 3, 2, 1, 0]
[00:00:00:01:811] ! Unidirectional t-s. expansions: 310, time: 1,811 [ms], path length: 16 [edges], generated: 1,493
[00:00:00:01:499] Path of length 16 found: [0, 1, 2, 3, 4, 5, 12, 19, 18, 17, 24, 31, 38, 39, 40, 41, 48]
[00:00:00:01:915] ! Bidirectional. expansions: 371, time: 1,499 [ms], path length: 16 [edges], g_F: 8, g_B: 8, generated: 0, MM: 0, MMPER: -1.0%
[00:00:00:01:915] 
---------- SM_Grids/7x7_grid_with_random_blocks_20per_8 ----------
[00:00:00:01:163] Path of length 24 found: [0, 1, 2, 3, 4, 11, 18, 17, 16, 23, 30, 29, 28, 35, 42, 43, 44, 45, 38, 39, 32, 33, 34, 41, 48]
[00:00:00:01:163] ! Unidirectional s-t. expansions: 202, time: 1,163 [ms], path length: 24 [edges], generated: 932
[00:00:00:00:976] Path of length 24 found: [48, 41, 34, 27, 26, 25, 32, 39, 38, 45, 44, 43, 42, 35, 28, 29, 30, 23, 16, 17, 10, 3, 2, 1, 0]
[00:00:00:00:976] ! Unidirectional t-s. expansions: 250, time: 976 [ms], path length: 24 [edges], generated: 883
[00:00:00:01:206] Path of length 24 found: [0, 1, 2, 3, 10, 17, 16, 23, 30, 29, 28, 35, 42, 43, 44, 45, 38, 39, 32, 25, 26, 27, 34, 41, 48]
[00:00:00:01:565] ! Bidirectional. expansions: 208, time: 1,207 [ms], path length: 24 [edges], g_F: 12, g_B: 12, generated: 0, MM: 0, MMPER: -1.0%
[00:00:00:01:566] 
---------- SM_Grids/7x7_grid_with_random_blocks_20per_9 ----------
[00:00:00:00:299] Path of length 28 found: [0, 7, 8, 15, 22, 29, 28, 35, 42, 43, 44, 45, 46, 39, 32, 25, 18, 17, 10, 3, 4, 5, 12, 13, 20, 27, 34, 41, 48]
[00:00:00:00:299] ! Unidirectional s-t. expansions: 65, time: 299 [ms], path length: 28 [edges], generated: 233
[00:00:00:00:164] Path of length 28 found: [48, 41, 34, 27, 20, 13, 6, 5, 4, 3, 10, 17, 18, 25, 32, 39, 46, 45, 44, 43, 42, 35, 28, 29, 22, 15, 8, 1, 0]
[00:00:00:00:165] ! Unidirectional t-s. expansions: 46, time: 165 [ms], path length: 28 [edges], generated: 150
[00:00:00:00:183] Path of length 28 found: [0, 7, 8, 15, 22, 29, 28, 35, 42, 43, 44, 45, 46, 39, 32, 25, 18, 17, 10, 3, 4, 5, 6, 13, 20, 27, 34, 41, 48]
[00:00:00:00:589] ! Bidirectional. expansions: 48, time: 183 [ms], path length: 28 [edges], g_F: 14, g_B: 14, generated: 0, MM: 0, MMPER: -1.0%

[00:00:00:00:589] average expansions: (132, 155, 153, 0)
[00:00:00:00:589] average time: (665, 671, 660, 0)
[00:00:00:00:590] XIDA: 132 , 665 (expansions , time[ms])
[00:00:00:00:590] BiXIDA: 153 , 660 (expansions , time[ms])

