------------------------------------
Thu 01 Oct 2026 11:13:29 IDT
SLURM_JOBID:		21942959
SLURM_JOB_NODELIST:	ise-cpu256-02
SLURM_SCRATCH_DIR:	/scratch/shubit/21942959
Allocated Resouces:	cpu - 2 / mem - 61440 MB / gpu - 
SLURM_GPU_INDEX:	
Running as shubit from shimony account with normal QOS
------------------------------------
Thu 01 Oct 2026 11:13:29 IDT

SLURM_JOBID:		 21942959
SLURM_JOB_NODELIST:	 ise-cpu256-02 

--------------------------
date: SM_Grids
number_of_graphs: 10
graph_type: grid
size_of_graphs: [7, 7]
heuristic: bcc_heuristic
snake: True
run_uni: True
run_bi: True
run_multi: False
solution_vertices: []
algorithms: ['A']
lookahead: 1
bsd: False
cube_first_dims: 4
cube_buffer_dim: None
backward_sym_generation: False
sym_coil: False
prefix_set: None

---------- SM_Grids/7x7_grid_with_random_blocks_16per_0 ----------
[00:00:00:00:271] Path of length 22 found: [0, 7, 14, 21, 28, 35, 42, 43, 44, 37, 30, 31, 24, 17, 18, 19, 20, 27, 34, 33, 40, 47, 48]
[00:00:00:00:272] ! Unidirectional s-t. expansions: 83, time: 271 [ms], path length: 22 [edges], generated: 139
[00:00:00:00:648] Path of length 22 found: [48, 41, 34, 27, 20, 19, 18, 17, 24, 31, 32, 39, 46, 45, 44, 43, 42, 35, 28, 21, 14, 7, 0]
[00:00:00:00:648] ! Unidirectional t-s. expansions: 245, time: 648 [ms], path length: 22 [edges], generated: 363
[00:00:00:01:413] Path of length 22 found: [0, 7, 14, 21, 22, 29, 36, 43, 44, 45, 46, 39, 32, 31, 24, 17, 18, 19, 20, 27, 34, 41, 48]
[00:00:00:01:904] ! Bidirectional. expansions: 336, time: 1,413 [ms], path length: 22 [edges], g_F: 8, g_B: 14, generated: 0, MM: 6, MMPER: 25.08695652173913%
[00:00:00:01:905] 
---------- SM_Grids/7x7_grid_with_random_blocks_16per_1 ----------
[00:00:00:00:313] Path of length 26 found: [0, 1, 2, 3, 4, 5, 12, 13, 20, 27, 26, 25, 24, 31, 30, 29, 28, 35, 42, 43, 44, 45, 46, 39, 40, 41, 48]
[00:00:00:00:314] ! Unidirectional s-t. expansions: 82, time: 314 [ms], path length: 26 [edges], generated: 141
[00:00:00:01:166] Path of length 26 found: [48, 41, 40, 39, 46, 45, 44, 43, 42, 35, 28, 29, 30, 31, 24, 25, 26, 27, 20, 13, 12, 5, 4, 3, 2, 1, 0]
[00:00:00:01:167] ! Unidirectional t-s. expansions: 340, time: 1,167 [ms], path length: 26 [edges], generated: 485
[00:00:00:01:851] Path of length 26 found: [0, 1, 2, 9, 10, 11, 12, 13, 20, 27, 26, 25, 24, 31, 30, 29, 28, 35, 42, 43, 44, 45, 46, 39, 40, 41, 48]
[00:00:00:02:287] ! Bidirectional. expansions: 312, time: 1,851 [ms], path length: 26 [edges], g_F: 7, g_B: 19, generated: 0, MM: 12, MMPER: 43.44444444444444%
[00:00:00:02:287] 
---------- SM_Grids/7x7_grid_with_random_blocks_16per_2 ----------
[00:00:00:01:100] Path of length 24 found: [0, 1, 2, 3, 4, 5, 12, 19, 18, 17, 16, 23, 22, 29, 36, 43, 44, 45, 38, 31, 32, 33, 40, 47, 48]
[00:00:00:01:101] ! Unidirectional s-t. expansions: 235, time: 1,100 [ms], path length: 24 [edges], generated: 445
[00:00:00:00:477] Path of length 24 found: [48, 47, 40, 33, 32, 31, 38, 45, 44, 43, 36, 29, 22, 23, 16, 17, 18, 19, 12, 5, 4, 3, 2, 1, 0]
[00:00:00:00:477] ! Unidirectional t-s. expansions: 101, time: 477 [ms], path length: 24 [edges], generated: 197
[00:00:00:02:667] Path of length 24 found: [0, 1, 2, 3, 4, 5, 12, 19, 18, 17, 16, 23, 22, 29, 36, 43, 44, 45, 38, 31, 32, 33, 40, 47, 48]
[00:00:00:03:096] ! Bidirectional. expansions: 442, time: 2,667 [ms], path length: 24 [edges], g_F: 15, g_B: 9, generated: 0, MM: 6, MMPER: 23.0%
[00:00:00:03:097] 
---------- SM_Grids/7x7_grid_with_random_blocks_16per_3 ----------
[00:00:00:00:628] Path of length 22 found: [0, 1, 2, 3, 4, 11, 18, 17, 16, 15, 14, 21, 28, 35, 36, 37, 30, 31, 32, 33, 40, 47, 48]
[00:00:00:00:628] ! Unidirectional s-t. expansions: 156, time: 628 [ms], path length: 22 [edges], generated: 274
[00:00:00:01:287] Path of length 22 found: [48, 47, 46, 39, 32, 31, 30, 37, 36, 35, 28, 21, 14, 15, 16, 17, 18, 11, 4, 3, 2, 1, 0]
[00:00:00:01:288] ! Unidirectional t-s. expansions: 326, time: 1,287 [ms], path length: 22 [edges], generated: 517
[00:00:00:02:766] Path of length 22 found: [0, 1, 2, 3, 4, 11, 18, 17, 16, 15, 14, 21, 28, 35, 36, 37, 30, 31, 32, 33, 40, 41, 48]
[00:00:00:03:191] ! Bidirectional. expansions: 429, time: 2,767 [ms], path length: 22 [edges], g_F: 15, g_B: 7, generated: 0, MM: 8, MMPER: 33.78260869565217%
[00:00:00:03:191] 
---------- SM_Grids/7x7_grid_with_random_blocks_16per_4 ----------
[00:00:00:00:541] Path of length 26 found: [0, 7, 14, 21, 28, 35, 42, 43, 44, 45, 38, 31, 30, 23, 16, 9, 10, 11, 12, 19, 20, 27, 34, 33, 40, 47, 48]
[00:00:00:00:542] ! Unidirectional s-t. expansions: 149, time: 541 [ms], path length: 26 [edges], generated: 213
[00:00:00:00:280] Path of length 26 found: [48, 47, 40, 33, 34, 27, 20, 13, 12, 11, 10, 9, 16, 23, 30, 31, 38, 45, 44, 43, 36, 35, 28, 21, 14, 7, 0]
[00:00:00:00:280] ! Unidirectional t-s. expansions: 60, time: 280 [ms], path length: 26 [edges], generated: 103
[00:00:00:01:398] Path of length 26 found: [0, 7, 14, 21, 28, 35, 42, 43, 44, 45, 38, 31, 30, 23, 16, 9, 10, 11, 12, 19, 20, 27, 34, 33, 40, 47, 48]
[00:00:00:01:905] ! Bidirectional. expansions: 268, time: 1,398 [ms], path length: 26 [edges], g_F: 20, g_B: 6, generated: 0, MM: 14, MMPER: 50.851851851851855%
[00:00:00:01:905] 
---------- SM_Grids/7x7_grid_with_random_blocks_16per_5 ----------
[00:00:00:00:303] Path of length 26 found: [0, 1, 2, 9, 16, 15, 14, 21, 28, 29, 30, 37, 38, 39, 32, 25, 18, 11, 4, 5, 6, 13, 20, 27, 34, 41, 48]
[00:00:00:00:303] ! Unidirectional s-t. expansions: 64, time: 303 [ms], path length: 26 [edges], generated: 116
[00:00:00:00:335] Path of length 26 found: [48, 41, 34, 27, 20, 13, 6, 5, 4, 11, 18, 25, 32, 39, 38, 37, 30, 29, 28, 21, 14, 15, 16, 9, 2, 1, 0]
[00:00:00:00:336] ! Unidirectional t-s. expansions: 84, time: 335 [ms], path length: 26 [edges], generated: 140
[00:00:00:00:740] Path of length 26 found: [0, 1, 2, 9, 16, 15, 14, 21, 28, 29, 30, 37, 38, 39, 32, 25, 18, 11, 4, 5, 6, 13, 20, 27, 34, 41, 48]
[00:00:00:01:154] ! Bidirectional. expansions: 97, time: 741 [ms], path length: 26 [edges], g_F: 17, g_B: 9, generated: 0, MM: 8, MMPER: 28.62962962962963%
[00:00:00:01:154] 
---------- SM_Grids/7x7_grid_with_random_blocks_16per_6 ----------
[00:00:00:00:293] Path of length 26 found: [0, 1, 8, 15, 22, 23, 30, 37, 44, 45, 46, 39, 32, 25, 18, 17, 10, 3, 4, 5, 12, 13, 20, 27, 34, 41, 48]
[00:00:00:00:294] ! Unidirectional s-t. expansions: 68, time: 293 [ms], path length: 26 [edges], generated: 113
[00:00:00:00:332] Path of length 26 found: [48, 41, 34, 27, 20, 13, 6, 5, 4, 3, 10, 17, 18, 25, 32, 39, 46, 45, 44, 37, 30, 23, 22, 15, 8, 1, 0]
[00:00:00:00:332] ! Unidirectional t-s. expansions: 87, time: 332 [ms], path length: 26 [edges], generated: 138
[00:00:00:00:604] Path of length 26 found: [0, 1, 8, 15, 22, 23, 30, 37, 44, 45, 46, 39, 32, 25, 18, 17, 10, 3, 4, 5, 6, 13, 20, 27, 34, 41, 48]
[00:00:00:01:047] ! Bidirectional. expansions: 84, time: 604 [ms], path length: 26 [edges], g_F: 19, g_B: 7, generated: 0, MM: 12, MMPER: 43.44444444444444%
[00:00:00:01:047] 
---------- SM_Grids/7x7_grid_with_random_blocks_16per_7 ----------
[00:00:00:01:107] Path of length 26 found: [0, 7, 8, 15, 22, 21, 28, 35, 36, 37, 30, 31, 24, 25, 18, 11, 4, 5, 6, 13, 20, 27, 34, 33, 40, 47, 48]
[00:00:00:01:107] ! Unidirectional s-t. expansions: 431, time: 1,107 [ms], path length: 26 [edges], generated: 563
[00:00:00:00:528] Path of length 26 found: [48, 47, 40, 33, 34, 27, 20, 13, 6, 5, 4, 3, 10, 17, 24, 31, 30, 37, 36, 35, 28, 21, 14, 15, 8, 1, 0]
[00:00:00:00:529] ! Unidirectional t-s. expansions: 158, time: 528 [ms], path length: 26 [edges], generated: 233
[00:00:00:02:016] Path of length 26 found: [0, 7, 8, 15, 22, 21, 28, 35, 36, 37, 30, 31, 24, 17, 10, 3, 4, 5, 6, 13, 20, 27, 34, 33, 40, 47, 48]
[00:00:00:02:423] ! Bidirectional. expansions: 535, time: 2,016 [ms], path length: 26 [edges], g_F: 13, g_B: 13, generated: 0, MM: 0, MMPER: -1.0%
[00:00:00:02:423] 
---------- SM_Grids/7x7_grid_with_random_blocks_16per_8 ----------
[00:00:00:00:267] Path of length 30 found: [0, 1, 2, 9, 16, 15, 22, 21, 28, 35, 42, 43, 44, 37, 30, 31, 24, 25, 18, 11, 4, 5, 6, 13, 20, 27, 34, 33, 40, 47, 48]
[00:00:00:00:267] ! Unidirectional s-t. expansions: 71, time: 267 [ms], path length: 30 [edges], generated: 104
[00:00:00:00:179] Path of length 30 found: [48, 47, 40, 33, 34, 27, 20, 13, 6, 5, 4, 11, 18, 25, 24, 31, 30, 37, 44, 43, 42, 35, 28, 21, 22, 15, 16, 9, 2, 1, 0]
[00:00:00:00:179] ! Unidirectional t-s. expansions: 58, time: 179 [ms], path length: 30 [edges], generated: 78
[00:00:00:00:479] Path of length 30 found: [0, 1, 2, 9, 16, 15, 22, 21, 28, 35, 42, 43, 44, 37, 30, 31, 24, 25, 18, 11, 4, 5, 6, 13, 20, 27, 34, 33, 40, 47, 48]
[00:00:00:00:909] ! Bidirectional. expansions: 95, time: 479 [ms], path length: 30 [edges], g_F: 14, g_B: 16, generated: 0, MM: 2, MMPER: 5.451612903225806%
[00:00:00:00:910] 
---------- SM_Grids/7x7_grid_with_random_blocks_16per_9 ----------
[00:00:00:01:736] Path of length 24 found: [0, 1, 2, 3, 10, 17, 16, 15, 22, 21, 28, 35, 42, 43, 44, 45, 46, 39, 32, 25, 26, 27, 34, 41, 48]
[00:00:00:01:737] ! Unidirectional s-t. expansions: 527, time: 1,736 [ms], path length: 24 [edges], generated: 839
[00:00:00:00:941] Path of length 24 found: [48, 41, 34, 27, 20, 19, 18, 17, 24, 31, 32, 39, 46, 45, 44, 37, 36, 35, 28, 21, 22, 15, 8, 1, 0]
[00:00:00:00:941] ! Unidirectional t-s. expansions: 330, time: 941 [ms], path length: 24 [edges], generated: 488
[00:00:00:03:376] Path of length 24 found: [0, 1, 2, 9, 16, 15, 22, 21, 28, 35, 42, 43, 44, 45, 46, 39, 32, 25, 18, 19, 20, 27, 34, 41, 48]
[00:00:00:03:772] ! Bidirectional. expansions: 624, time: 3,376 [ms], path length: 24 [edges], g_F: 13, g_B: 11, generated: 0, MM: 2, MMPER: 7.0%

[00:00:00:03:772] average expansions: (187, 179, 322, 0)
[00:00:00:03:773] average time: (656, 617, 1,731, 0)
[00:00:00:03:773] XA*: 179 , 617 (expansions , time[ms])
[00:00:00:03:773] BiXA*: 322 , 1,731 (expansions , time[ms])

