------------------------------------
Thu 01 Oct 2026 17:26:42 IDT
SLURM_JOBID:		21953625
SLURM_JOB_NODELIST:	ise-cpu256-23
SLURM_SCRATCH_DIR:	/scratch/shubit/21953625
Allocated Resouces:	cpu - 2 / mem - 61440 MB / gpu - 
SLURM_GPU_INDEX:	
Running as shubit from shimony account with normal QOS
------------------------------------
Thu 01 Oct 2026 17:26:42 IDT

SLURM_JOBID:		 21953625
SLURM_JOB_NODELIST:	 ise-cpu256-23 

--------------------------
date: SM_Grids
number_of_graphs: 10
graph_type: grid
size_of_graphs: [7, 7]
heuristic: bcc_heuristic
snake: True
run_uni: True
run_bi: True
run_multi: False
solution_vertices: []
algorithms: ['XMM']
lookahead: 1
bsd: False
cube_first_dims: 4
cube_buffer_dim: None
backward_sym_generation: False
sym_coil: False
prefix_set: None

---------- SM_Grids/7x7_grid_with_random_blocks_12per_0 ----------
[00:00:00:00:702] Path of length 26 found: [0, 7, 14, 15, 16, 9, 2, 3, 4, 11, 18, 19, 26, 33, 32, 31, 30, 29, 28, 35, 42, 43, 44, 45, 46, 47, 48]
[00:00:00:00:702] ! Unidirectional s-t. expansions: 203, time: 702 [ms], path length: 26 [edges], generated: 343
[00:00:00:00:424] Path of length 26 found: [48, 47, 46, 45, 44, 43, 42, 35, 28, 29, 30, 31, 32, 33, 26, 19, 18, 11, 4, 3, 2, 9, 16, 15, 14, 7, 0]
[00:00:00:00:424] ! Unidirectional t-s. expansions: 123, time: 424 [ms], path length: 26 [edges], generated: 208
[00:00:00:00:133] Expansion 32: New longest path found with length 14: [0, 7, 8, 9, 2, 3, 4, 11, 18, 19, 26, 33, 40, 41, 48]. g_current=7, g_opposite=7, f_max=30, generated=58
[00:00:00:00:262] Expansion 59: New longest path found with length 16: [0, 7, 8, 9, 2, 3, 4, 11, 18, 19, 26, 33, 32, 39, 46, 47, 48]. g_current=7, g_opposite=9, f_max=28, generated=104
[00:00:00:00:332] Expansion 85: New longest path found with length 18: [0, 7, 14, 15, 16, 9, 2, 3, 4, 11, 18, 19, 26, 33, 32, 39, 46, 47, 48]. g_current=9, g_opposite=9, f_max=28, generated=142
[00:00:00:00:517] Expansion 151: New longest path found with length 20: [0, 7, 14, 15, 16, 9, 2, 3, 4, 11, 18, 19, 26, 33, 32, 31, 38, 45, 46, 47, 48]. g_current=6, g_opposite=14, f_max=27, generated=251
[00:00:00:00:586] Expansion 172: New longest path found with length 22: [0, 7, 8, 9, 2, 3, 4, 11, 18, 17, 24, 31, 30, 29, 28, 35, 42, 43, 44, 45, 46, 47, 48]. g_current=11, g_opposite=11, f_max=27, generated=285
[00:00:00:00:899] Expansion 279: New longest path found with length 24: [0, 7, 8, 9, 2, 3, 4, 11, 18, 19, 26, 33, 32, 31, 30, 29, 28, 35, 42, 43, 44, 45, 46, 47, 48]. g_current=11, g_opposite=13, f_max=26, generated=477
[00:00:00:00:904] Expansion 280: New longest path found with length 26: [0, 7, 14, 15, 16, 9, 2, 3, 4, 11, 18, 19, 26, 33, 32, 31, 30, 29, 28, 35, 42, 43, 44, 45, 46, 47, 48]. g_current=12, g_opposite=14, f_max=26, generated=479
[00:00:00:00:931] Path of length 26 found: [0, 7, 14, 15, 16, 9, 2, 3, 4, 11, 18, 19, 26, 33, 32, 31, 30, 29, 28, 35, 42, 43, 44, 45, 46, 47, 48]
[00:00:00:01:298] ! Bidirectional. expansions: 280, time: 931 [ms], path length: 26 [edges], g_F: 14, g_B: 12, generated: 479, MM: 2, MMPER: 6.407407407407407%
[00:00:00:01:299] 
---------- SM_Grids/7x7_grid_with_random_blocks_12per_1 ----------
[00:00:00:00:416] Path of length 28 found: [0, 7, 14, 15, 16, 9, 2, 3, 4, 11, 18, 19, 20, 27, 34, 33, 32, 31, 30, 29, 28, 35, 42, 43, 44, 45, 46, 47, 48]
[00:00:00:00:417] ! Unidirectional s-t. expansions: 99, time: 417 [ms], path length: 28 [edges], generated: 173
[00:00:00:00:397] Path of length 28 found: [48, 47, 46, 45, 44, 43, 42, 35, 28, 21, 22, 23, 30, 31, 32, 33, 34, 27, 20, 19, 18, 11, 4, 3, 2, 9, 8, 7, 0]
[00:00:00:00:397] ! Unidirectional t-s. expansions: 111, time: 397 [ms], path length: 28 [edges], generated: 179
[00:00:00:00:113] Expansion 24: New longest path found with length 12: [0, 7, 14, 21, 28, 35, 42, 43, 44, 45, 46, 47, 48]. g_current=9, g_opposite=3, f_max=30, generated=44
[00:00:00:00:120] Expansion 26: New longest path found with length 14: [0, 1, 8, 15, 14, 21, 28, 35, 42, 43, 44, 45, 46, 47, 48]. g_current=11, g_opposite=3, f_max=30, generated=48
[00:00:00:00:289] Expansion 77: New longest path found with length 16: [0, 7, 14, 15, 16, 9, 2, 3, 4, 11, 18, 19, 20, 27, 34, 41, 48]. g_current=12, g_opposite=4, f_max=29, generated=135
[00:00:00:00:357] Expansion 102: New longest path found with length 18: [0, 7, 14, 21, 28, 35, 42, 43, 44, 45, 46, 39, 32, 25, 26, 27, 34, 41, 48]. g_current=14, g_opposite=4, f_max=29, generated=174
[00:00:00:00:400] Expansion 114: New longest path found with length 20: [0, 1, 2, 3, 4, 11, 18, 17, 16, 15, 14, 21, 28, 35, 42, 43, 44, 45, 46, 47, 48]. g_current=8, g_opposite=12, f_max=29, generated=196
[00:00:00:00:591] Expansion 170: New longest path found with length 28: [0, 7, 8, 9, 2, 3, 4, 11, 18, 19, 20, 27, 34, 33, 32, 31, 30, 23, 22, 21, 28, 35, 42, 43, 44, 45, 46, 47, 48]. g_current=14, g_opposite=14, f_max=28, generated=294
[00:00:00:00:611] Path of length 28 found: [0, 7, 8, 9, 2, 3, 4, 11, 18, 19, 20, 27, 34, 33, 32, 31, 30, 23, 22, 21, 28, 35, 42, 43, 44, 45, 46, 47, 48]
[00:00:00:00:960] ! Bidirectional. expansions: 170, time: 611 [ms], path length: 28 [edges], g_F: 14, g_B: 14, generated: 294, MM: 0, MMPER: -1.0%
[00:00:00:00:960] 
---------- SM_Grids/7x7_grid_with_random_blocks_12per_2 ----------
[00:00:00:00:547] Path of length 26 found: [0, 7, 14, 21, 28, 29, 36, 43, 44, 45, 38, 31, 24, 23, 16, 9, 2, 3, 4, 11, 18, 19, 26, 33, 40, 47, 48]
[00:00:00:00:547] ! Unidirectional s-t. expansions: 123, time: 547 [ms], path length: 26 [edges], generated: 228
[00:00:00:00:553] Path of length 26 found: [48, 41, 34, 33, 26, 19, 18, 11, 4, 3, 2, 9, 16, 23, 24, 31, 38, 45, 44, 43, 36, 29, 28, 21, 14, 7, 0]
[00:00:00:00:553] ! Unidirectional t-s. expansions: 145, time: 553 [ms], path length: 26 [edges], generated: 252
[00:00:00:00:138] Expansion 29: New longest path found with length 14: [0, 7, 8, 9, 2, 3, 4, 11, 18, 19, 26, 33, 34, 41, 48]. g_current=6, g_opposite=8, f_max=28, generated=53
[00:00:00:00:310] Expansion 73: New longest path found with length 16: [0, 1, 8, 15, 14, 21, 28, 29, 36, 43, 44, 45, 38, 39, 40, 41, 48]. g_current=7, g_opposite=9, f_max=28, generated=132
[00:00:00:00:369] Expansion 91: New longest path found with length 18: [0, 7, 14, 21, 22, 23, 16, 9, 2, 3, 4, 11, 18, 19, 26, 33, 34, 41, 48]. g_current=12, g_opposite=6, f_max=27, generated=164
[00:00:00:00:893] Expansion 233: New longest path found with length 24: [0, 7, 8, 9, 2, 3, 4, 11, 18, 17, 24, 23, 30, 29, 36, 43, 44, 45, 38, 39, 32, 33, 34, 41, 48]. g_current=13, g_opposite=11, f_max=26, generated=424
[00:00:00:01:263] Expansion 343: New longest path found with length 26: [0, 7, 14, 21, 28, 29, 36, 43, 44, 45, 38, 31, 24, 23, 16, 9, 2, 3, 4, 11, 18, 19, 26, 33, 34, 41, 48]. g_current=13, g_opposite=13, f_max=26, generated=631
[00:00:00:01:305] Path of length 26 found: [0, 7, 14, 21, 28, 29, 36, 43, 44, 45, 38, 31, 24, 23, 16, 9, 2, 3, 4, 11, 18, 19, 26, 33, 34, 41, 48]
[00:00:00:01:654] ! Bidirectional. expansions: 343, time: 1,305 [ms], path length: 26 [edges], g_F: 13, g_B: 13, generated: 631, MM: 0, MMPER: -1.0%
[00:00:00:01:654] 
---------- SM_Grids/7x7_grid_with_random_blocks_12per_3 ----------
[00:00:00:00:218] Path of length 28 found: [0, 1, 8, 15, 14, 21, 28, 35, 36, 37, 30, 23, 24, 17, 10, 3, 4, 5, 6, 13, 20, 19, 26, 33, 32, 39, 46, 47, 48]
[00:00:00:00:218] ! Unidirectional s-t. expansions: 53, time: 218 [ms], path length: 28 [edges], generated: 90
[00:00:00:01:442] Path of length 28 found: [48, 47, 46, 39, 32, 33, 34, 27, 20, 13, 6, 5, 4, 3, 10, 17, 24, 23, 30, 37, 36, 35, 28, 21, 14, 15, 8, 1, 0]
[00:00:00:01:442] ! Unidirectional t-s. expansions: 420, time: 1,442 [ms], path length: 28 [edges], generated: 734
[00:00:00:00:124] Expansion 29: New longest path found with length 16: [0, 1, 2, 3, 4, 5, 6, 13, 20, 27, 34, 33, 32, 39, 46, 47, 48]. g_current=13, g_opposite=3, f_max=31, generated=49
[00:00:00:00:131] Expansion 31: New longest path found with length 18: [0, 7, 8, 9, 2, 3, 4, 5, 6, 13, 20, 27, 34, 33, 32, 39, 46, 47, 48]. g_current=15, g_opposite=3, f_max=31, generated=53
[00:00:00:00:920] Expansion 285: New longest path found with length 28: [0, 1, 8, 15, 14, 21, 28, 35, 36, 37, 30, 23, 24, 17, 10, 3, 4, 5, 6, 13, 20, 27, 34, 33, 32, 39, 46, 47, 48]. g_current=13, g_opposite=15, f_max=29, generated=457
[00:00:00:00:959] Path of length 28 found: [0, 1, 8, 15, 14, 21, 28, 35, 36, 37, 30, 23, 24, 17, 10, 3, 4, 5, 6, 13, 20, 27, 34, 33, 32, 39, 46, 47, 48]
[00:00:00:01:292] ! Bidirectional. expansions: 288, time: 959 [ms], path length: 28 [edges], g_F: 13, g_B: 15, generated: 462, MM: 2, MMPER: 5.896551724137931%
[00:00:00:01:293] 
---------- SM_Grids/7x7_grid_with_random_blocks_12per_4 ----------
[00:00:00:02:066] Path of length 26 found: [0, 7, 8, 9, 2, 3, 4, 5, 6, 13, 20, 19, 18, 17, 24, 23, 22, 29, 36, 43, 44, 45, 38, 39, 40, 47, 48]
[00:00:00:02:066] ! Unidirectional s-t. expansions: 611, time: 2,066 [ms], path length: 26 [edges], generated: 1,082
[00:00:00:01:917] Path of length 26 found: [48, 41, 40, 33, 26, 27, 20, 13, 6, 5, 4, 11, 18, 17, 24, 31, 38, 45, 44, 43, 36, 29, 22, 15, 8, 1, 0]
[00:00:00:01:918] ! Unidirectional t-s. expansions: 545, time: 1,918 [ms], path length: 26 [edges], generated: 970
[00:00:00:00:209] Expansion 40: New longest path found with length 16: [0, 7, 8, 9, 2, 3, 4, 5, 6, 13, 20, 27, 26, 33, 40, 41, 48]. g_current=9, g_opposite=7, f_max=32, generated=71
[00:00:00:00:488] Expansion 128: New longest path found with length 26: [0, 7, 8, 9, 2, 3, 4, 5, 6, 13, 20, 19, 18, 17, 24, 31, 30, 29, 36, 43, 44, 45, 46, 39, 40, 41, 48]. g_current=13, g_opposite=13, f_max=31, generated=209
[00:00:00:02:439] Path of length 26 found: [0, 7, 8, 9, 2, 3, 4, 5, 6, 13, 20, 19, 18, 17, 24, 31, 30, 29, 36, 43, 44, 45, 46, 39, 40, 41, 48]
[00:00:00:02:779] ! Bidirectional. expansions: 706, time: 2,439 [ms], path length: 26 [edges], g_F: 13, g_B: 13, generated: 1,254, MM: 0, MMPER: -1.0%
[00:00:00:02:779] 
---------- SM_Grids/7x7_grid_with_random_blocks_12per_5 ----------
[00:00:00:00:893] Path of length 28 found: [0, 1, 2, 9, 10, 11, 4, 5, 6, 13, 20, 27, 34, 33, 32, 25, 24, 23, 22, 21, 28, 35, 36, 37, 38, 45, 46, 47, 48]
[00:00:00:00:893] ! Unidirectional s-t. expansions: 243, time: 893 [ms], path length: 28 [edges], generated: 414
[00:00:00:00:731] Path of length 28 found: [48, 47, 46, 45, 38, 37, 36, 35, 28, 21, 22, 23, 24, 25, 32, 33, 34, 27, 20, 13, 6, 5, 4, 11, 10, 9, 2, 1, 0]
[00:00:00:00:731] ! Unidirectional t-s. expansions: 214, time: 731 [ms], path length: 28 [edges], generated: 366
[00:00:00:00:133] Expansion 31: New longest path found with length 14: [0, 1, 2, 9, 10, 11, 4, 5, 6, 13, 20, 27, 34, 41, 48]. g_current=10, g_opposite=4, f_max=32, generated=54
[00:00:00:00:138] Expansion 32: New longest path found with length 16: [0, 1, 2, 9, 10, 11, 4, 5, 6, 13, 20, 19, 26, 33, 34, 41, 48]. g_current=11, g_opposite=5, f_max=33, generated=56
[00:00:00:00:154] Expansion 37: New longest path found with length 20: [0, 1, 2, 9, 10, 11, 4, 5, 6, 13, 20, 27, 34, 33, 32, 31, 38, 45, 46, 47, 48]. g_current=13, g_opposite=7, f_max=32, generated=65
[00:00:00:00:411] Expansion 107: New longest path found with length 22: [0, 7, 14, 15, 16, 9, 10, 11, 4, 5, 6, 13, 20, 27, 34, 33, 32, 31, 38, 45, 46, 47, 48]. g_current=15, g_opposite=7, f_max=30, generated=179
[00:00:00:00:543] Expansion 152: New longest path found with length 26: [0, 1, 2, 9, 10, 11, 4, 5, 6, 13, 20, 19, 26, 25, 24, 23, 22, 21, 28, 35, 36, 37, 38, 45, 46, 47, 48]. g_current=15, g_opposite=11, f_max=30, generated=244
[00:00:00:00:803] Expansion 234: New longest path found with length 28: [0, 1, 2, 9, 10, 11, 4, 5, 6, 13, 20, 27, 34, 33, 32, 25, 24, 23, 22, 21, 28, 35, 36, 37, 38, 45, 46, 47, 48]. g_current=12, g_opposite=16, f_max=30, generated=388
[00:00:00:01:143] Path of length 28 found: [0, 1, 2, 9, 10, 11, 4, 5, 6, 13, 20, 27, 34, 33, 32, 25, 24, 23, 22, 21, 28, 35, 36, 37, 38, 45, 46, 47, 48]
[00:00:00:01:498] ! Bidirectional. expansions: 324, time: 1,143 [ms], path length: 28 [edges], g_F: 16, g_B: 12, generated: 545, MM: 4, MMPER: 12.793103448275861%
[00:00:00:01:498] 
---------- SM_Grids/7x7_grid_with_random_blocks_12per_6 ----------
[00:00:00:00:750] Path of length 28 found: [0, 1, 2, 3, 4, 5, 12, 13, 20, 27, 26, 25, 18, 17, 16, 15, 14, 21, 28, 35, 42, 43, 44, 37, 38, 39, 46, 47, 48]
[00:00:00:00:750] ! Unidirectional s-t. expansions: 213, time: 750 [ms], path length: 28 [edges], generated: 353
[00:00:00:00:796] Path of length 28 found: [48, 41, 34, 27, 20, 13, 6, 5, 4, 11, 18, 17, 16, 23, 30, 31, 32, 39, 46, 45, 44, 43, 36, 35, 28, 21, 14, 7, 0]
[00:00:00:00:797] ! Unidirectional t-s. expansions: 241, time: 796 [ms], path length: 28 [edges], generated: 375
[00:00:00:00:112] Expansion 31: New longest path found with length 12: [0, 1, 2, 3, 4, 5, 6, 13, 20, 27, 34, 41, 48]. g_current=1, g_opposite=11, f_max=32, generated=46
[00:00:00:00:220] Expansion 63: New longest path found with length 16: [0, 1, 2, 3, 4, 5, 12, 13, 20, 27, 26, 25, 32, 39, 46, 47, 48]. g_current=11, g_opposite=5, f_max=31, generated=95
[00:00:00:00:323] Expansion 91: New longest path found with length 26: [0, 1, 2, 3, 4, 5, 12, 13, 20, 27, 26, 25, 18, 17, 16, 15, 14, 21, 28, 35, 42, 43, 44, 45, 46, 47, 48]. g_current=11, g_opposite=15, f_max=30, generated=146
[00:00:00:00:415] Expansion 116: New longest path found with length 28: [0, 1, 2, 3, 4, 5, 12, 13, 20, 27, 26, 25, 18, 17, 16, 15, 22, 29, 28, 35, 42, 43, 44, 37, 38, 39, 46, 47, 48]. g_current=15, g_opposite=13, f_max=30, generated=191
[00:00:00:01:014] Path of length 28 found: [0, 1, 2, 3, 4, 5, 12, 13, 20, 27, 26, 25, 18, 17, 16, 15, 22, 29, 28, 35, 42, 43, 44, 37, 38, 39, 46, 47, 48]
[00:00:00:01:346] ! Bidirectional. expansions: 285, time: 1,014 [ms], path length: 28 [edges], g_F: 15, g_B: 13, generated: 488, MM: 2, MMPER: 5.896551724137931%
[00:00:00:01:346] 
---------- SM_Grids/7x7_grid_with_random_blocks_12per_7 ----------
[00:00:00:00:785] Path of length 28 found: [0, 7, 14, 15, 16, 9, 2, 3, 4, 11, 12, 19, 26, 25, 24, 31, 30, 29, 28, 35, 42, 43, 44, 45, 46, 39, 40, 41, 48]
[00:00:00:00:786] ! Unidirectional s-t. expansions: 201, time: 786 [ms], path length: 28 [edges], generated: 357
[00:00:00:00:720] Path of length 28 found: [48, 41, 40, 39, 46, 45, 44, 43, 42, 35, 28, 29, 30, 31, 24, 25, 26, 19, 12, 11, 4, 3, 2, 9, 16, 15, 14, 7, 0]
[00:00:00:00:721] ! Unidirectional t-s. expansions: 213, time: 720 [ms], path length: 28 [edges], generated: 346
[00:00:00:00:193] Expansion 41: New longest path found with length 18: [0, 1, 8, 15, 14, 21, 28, 35, 42, 43, 44, 45, 38, 39, 32, 33, 34, 41, 48]. g_current=11, g_opposite=7, f_max=32, generated=70
[00:00:00:00:202] Expansion 45: New longest path found with length 20: [0, 7, 14, 15, 16, 23, 30, 29, 28, 35, 42, 43, 44, 45, 38, 39, 32, 33, 34, 41, 48]. g_current=15, g_opposite=5, f_max=31, generated=75
[00:00:00:00:823] Expansion 243: New longest path found with length 26: [0, 7, 14, 21, 28, 35, 42, 43, 44, 45, 38, 31, 30, 23, 16, 9, 2, 3, 4, 11, 12, 19, 26, 33, 34, 41, 48]. g_current=14, g_opposite=12, f_max=29, generated=413
[00:00:00:01:016] Expansion 297: New longest path found with length 28: [0, 7, 14, 15, 16, 9, 2, 3, 4, 11, 12, 19, 26, 25, 24, 31, 30, 29, 28, 35, 42, 43, 44, 45, 46, 39, 40, 41, 48]. g_current=15, g_opposite=13, f_max=29, generated=511
[00:00:00:01:048] Path of length 28 found: [0, 7, 14, 15, 16, 9, 2, 3, 4, 11, 12, 19, 26, 25, 24, 31, 30, 29, 28, 35, 42, 43, 44, 45, 46, 39, 40, 41, 48]
[00:00:00:01:403] ! Bidirectional. expansions: 297, time: 1,048 [ms], path length: 28 [edges], g_F: 13, g_B: 15, generated: 511, MM: 2, MMPER: 5.896551724137931%
[00:00:00:01:403] 
---------- SM_Grids/7x7_grid_with_random_blocks_12per_8 ----------
[00:00:00:00:670] Path of length 30 found: [0, 1, 8, 15, 14, 21, 28, 35, 42, 43, 44, 37, 30, 23, 24, 17, 10, 3, 4, 5, 12, 13, 20, 27, 26, 33, 32, 39, 46, 47, 48]
[00:00:00:00:671] ! Unidirectional s-t. expansions: 175, time: 670 [ms], path length: 30 [edges], generated: 278
[00:00:00:00:353] Path of length 30 found: [48, 47, 46, 39, 32, 33, 26, 19, 20, 13, 6, 5, 4, 3, 10, 17, 24, 23, 30, 37, 44, 43, 42, 35, 28, 21, 14, 15, 8, 1, 0]
[00:00:00:00:353] ! Unidirectional t-s. expansions: 94, time: 353 [ms], path length: 30 [edges], generated: 162
[00:00:00:00:109] Expansion 25: New longest path found with length 16: [0, 1, 2, 3, 4, 5, 6, 13, 20, 27, 26, 33, 32, 39, 46, 47, 48]. g_current=14, g_opposite=2, f_max=32, generated=42
[00:00:00:00:216] Expansion 59: New longest path found with length 20: [0, 7, 14, 15, 16, 9, 2, 3, 4, 5, 6, 13, 20, 27, 26, 33, 32, 39, 46, 47, 48]. g_current=5, g_opposite=15, f_max=32, generated=95
[00:00:00:00:763] Expansion 211: New longest path found with length 28: [0, 7, 14, 21, 28, 35, 42, 43, 44, 37, 30, 23, 24, 17, 10, 3, 4, 5, 6, 13, 20, 27, 26, 33, 32, 39, 46, 47, 48]. g_current=15, g_opposite=13, f_max=30, generated=347
[00:00:00:00:997] Expansion 290: New longest path found with length 30: [0, 1, 8, 15, 14, 21, 28, 35, 42, 43, 44, 37, 30, 23, 24, 17, 10, 3, 4, 5, 6, 13, 20, 27, 26, 33, 32, 39, 46, 47, 48]. g_current=15, g_opposite=15, f_max=30, generated=484
[00:00:00:01:025] Path of length 30 found: [0, 1, 8, 15, 14, 21, 28, 35, 42, 43, 44, 37, 30, 23, 24, 17, 10, 3, 4, 5, 6, 13, 20, 27, 26, 33, 32, 39, 46, 47, 48]
[00:00:00:01:357] ! Bidirectional. expansions: 290, time: 1,025 [ms], path length: 30 [edges], g_F: 15, g_B: 15, generated: 484, MM: 0, MMPER: -1.0%
[00:00:00:01:357] 
---------- SM_Grids/7x7_grid_with_random_blocks_12per_9 ----------
[00:00:00:01:207] Path of length 26 found: [0, 1, 2, 3, 4, 5, 6, 13, 20, 19, 18, 17, 16, 15, 14, 21, 28, 29, 36, 37, 38, 31, 32, 33, 34, 41, 48]
[00:00:00:01:207] ! Unidirectional s-t. expansions: 315, time: 1,207 [ms], path length: 26 [edges], generated: 567
[00:00:00:01:396] Path of length 26 found: [48, 41, 34, 27, 20, 13, 6, 5, 4, 3, 2, 9, 16, 17, 18, 25, 32, 39, 38, 37, 30, 29, 28, 21, 14, 7, 0]
[00:00:00:01:396] ! Unidirectional t-s. expansions: 374, time: 1,396 [ms], path length: 26 [edges], generated: 679
[00:00:00:00:099] Expansion 23: New longest path found with length 12: [0, 1, 2, 3, 4, 5, 6, 13, 20, 27, 34, 41, 48]. g_current=8, g_opposite=4, f_max=31, generated=38
[00:00:00:00:196] Expansion 48: New longest path found with length 14: [0, 7, 8, 9, 2, 3, 4, 5, 6, 13, 20, 27, 34, 41, 48]. g_current=11, g_opposite=3, f_max=30, generated=84
[00:00:00:00:284] Expansion 72: New longest path found with length 16: [0, 7, 14, 21, 28, 29, 36, 37, 38, 39, 32, 25, 26, 27, 34, 41, 48]. g_current=9, g_opposite=7, f_max=30, generated=129
[00:00:00:00:381] Expansion 98: New longest path found with length 22: [0, 7, 14, 21, 28, 29, 36, 37, 38, 31, 24, 17, 18, 11, 4, 5, 6, 13, 20, 27, 34, 41, 48]. g_current=13, g_opposite=9, f_max=29, generated=176
[00:00:00:00:495] Expansion 130: New longest path found with length 24: [0, 1, 8, 15, 14, 21, 28, 29, 36, 37, 38, 31, 24, 17, 18, 11, 4, 5, 6, 13, 20, 27, 34, 41, 48]. g_current=10, g_opposite=14, f_max=29, generated=240
[00:00:00:00:665] Expansion 182: New longest path found with length 26: [0, 1, 2, 3, 4, 5, 6, 13, 20, 19, 18, 17, 16, 15, 14, 21, 28, 29, 36, 37, 38, 39, 32, 33, 34, 41, 48]. g_current=14, g_opposite=12, f_max=28, generated=331
[00:00:00:01:738] Path of length 26 found: [0, 1, 2, 3, 4, 5, 6, 13, 20, 19, 18, 17, 16, 15, 14, 21, 28, 29, 36, 37, 38, 39, 32, 33, 34, 41, 48]
[00:00:00:02:093] ! Bidirectional. expansions: 483, time: 1,738 [ms], path length: 26 [edges], g_F: 12, g_B: 14, generated: 897, MM: 2, MMPER: 6.407407407407407%

[00:00:00:02:094] average expansions: (224, 248, 347, 0)
[00:00:00:02:094] average time: (826, 873, 1,221, 0)
[00:00:00:02:094] XA*: 224 , 826 (expansions , time[ms])
[00:00:00:02:094] XMM: 347 , 1,221 (expansions , time[ms])

