------------------------------------
Thu 01 Oct 2026 11:13:29 IDT
SLURM_JOBID:		21942956
SLURM_JOB_NODELIST:	ise-cpu256-02
SLURM_SCRATCH_DIR:	/scratch/shubit/21942956
Allocated Resouces:	cpu - 2 / mem - 61440 MB / gpu - 
SLURM_GPU_INDEX:	
Running as shubit from shimony account with normal QOS
------------------------------------
Thu 01 Oct 2026 11:13:29 IDT

SLURM_JOBID:		 21942956
SLURM_JOB_NODELIST:	 ise-cpu256-02 

--------------------------
date: SM_Grids
number_of_graphs: 10
graph_type: grid
size_of_graphs: [7, 7]
heuristic: bcc_heuristic
snake: True
run_uni: True
run_bi: True
run_multi: False
solution_vertices: []
algorithms: ['A']
lookahead: 4
bsd: False
cube_first_dims: 4
cube_buffer_dim: None
backward_sym_generation: False
sym_coil: False
prefix_set: None

---------- SM_Grids/7x7_grid_with_random_blocks_12per_0 ----------
[00:00:00:00:931] Path of length 26 found: [0, 7, 14, 15, 16, 9, 2, 3, 4, 11, 18, 19, 26, 33, 32, 31, 30, 29, 28, 35, 42, 43, 44, 45, 46, 47, 48]
[00:00:00:00:931] ! Unidirectional s-t. expansions: 56, time: 931 [ms], path length: 26 [edges], generated: 939
[00:00:00:00:679] Path of length 26 found: [48, 47, 46, 45, 44, 43, 42, 35, 28, 29, 30, 31, 32, 33, 26, 19, 18, 11, 4, 3, 2, 9, 16, 15, 14, 7, 0]
[00:00:00:00:680] ! Unidirectional t-s. expansions: 49, time: 679 [ms], path length: 26 [edges], generated: 858
[00:00:00:00:726] Path of length 26 found: [0, 7, 14, 15, 16, 9, 2, 3, 4, 11, 18, 19, 26, 33, 32, 31, 30, 29, 28, 35, 42, 43, 44, 45, 46, 47, 48]
[00:00:00:01:135] ! Bidirectional. expansions: 42, time: 726 [ms], path length: 26 [edges], g_F: 13, g_B: 13, generated: 0, MM: 0, MMPER: -1.0%
[00:00:00:01:135] 
---------- SM_Grids/7x7_grid_with_random_blocks_12per_1 ----------
[00:00:00:00:537] Path of length 28 found: [0, 7, 14, 15, 16, 9, 2, 3, 4, 11, 18, 19, 20, 27, 34, 33, 32, 31, 30, 29, 28, 35, 42, 43, 44, 45, 46, 47, 48]
[00:00:00:00:537] ! Unidirectional s-t. expansions: 26, time: 537 [ms], path length: 28 [edges], generated: 409
[00:00:00:00:358] Path of length 28 found: [48, 47, 46, 45, 44, 43, 36, 35, 28, 21, 22, 23, 30, 31, 32, 33, 34, 27, 20, 19, 18, 11, 4, 3, 2, 9, 8, 7, 0]
[00:00:00:00:359] ! Unidirectional t-s. expansions: 26, time: 358 [ms], path length: 28 [edges], generated: 422
[00:00:00:00:620] Path of length 28 found: [0, 1, 2, 3, 10, 11, 18, 19, 20, 27, 34, 33, 32, 31, 30, 23, 16, 15, 14, 21, 28, 35, 36, 43, 44, 45, 46, 47, 48]
[00:00:00:00:996] ! Bidirectional. expansions: 28, time: 620 [ms], path length: 28 [edges], g_F: 14, g_B: 14, generated: 0, MM: 0, MMPER: -1.0%
[00:00:00:00:996] 
---------- SM_Grids/7x7_grid_with_random_blocks_12per_2 ----------
[00:00:00:01:084] Path of length 26 found: [0, 7, 14, 21, 28, 29, 36, 43, 44, 45, 38, 31, 24, 23, 16, 9, 2, 3, 4, 11, 18, 19, 26, 33, 40, 47, 48]
[00:00:00:01:084] ! Unidirectional s-t. expansions: 33, time: 1,084 [ms], path length: 26 [edges], generated: 788
[00:00:00:01:202] Path of length 26 found: [48, 41, 34, 33, 26, 19, 18, 11, 4, 3, 2, 9, 16, 23, 24, 31, 38, 45, 44, 43, 36, 29, 28, 21, 14, 7, 0]
[00:00:00:01:202] ! Unidirectional t-s. expansions: 45, time: 1,202 [ms], path length: 26 [edges], generated: 1,006
[00:00:00:00:628] Path of length 26 found: [0, 7, 14, 21, 28, 29, 36, 43, 44, 45, 38, 31, 24, 23, 16, 9, 2, 3, 4, 11, 18, 19, 26, 33, 34, 41, 48]
[00:00:00:01:053] ! Bidirectional. expansions: 21, time: 628 [ms], path length: 26 [edges], g_F: 13, g_B: 13, generated: 0, MM: 0, MMPER: -1.0%
[00:00:00:01:053] 
---------- SM_Grids/7x7_grid_with_random_blocks_12per_3 ----------
[00:00:00:00:440] Path of length 28 found: [0, 1, 8, 15, 14, 21, 28, 35, 36, 37, 30, 23, 24, 17, 10, 3, 4, 5, 12, 13, 20, 27, 26, 33, 32, 39, 46, 47, 48]
[00:00:00:00:440] ! Unidirectional s-t. expansions: 16, time: 440 [ms], path length: 28 [edges], generated: 292
[00:00:00:02:397] Path of length 28 found: [48, 47, 46, 39, 32, 33, 26, 27, 20, 13, 6, 5, 4, 3, 10, 17, 24, 23, 30, 37, 36, 35, 28, 21, 14, 15, 8, 1, 0]
[00:00:00:02:398] ! Unidirectional t-s. expansions: 144, time: 2,397 [ms], path length: 28 [edges], generated: 2,861
[00:00:00:00:913] Path of length 28 found: [0, 1, 8, 15, 14, 21, 28, 35, 36, 37, 30, 23, 24, 17, 10, 3, 4, 5, 6, 13, 20, 27, 34, 33, 32, 39, 46, 47, 48]
[00:00:00:01:322] ! Bidirectional. expansions: 36, time: 913 [ms], path length: 28 [edges], g_F: 14, g_B: 14, generated: 0, MM: 0, MMPER: -1.0%
[00:00:00:01:322] 
---------- SM_Grids/7x7_grid_with_random_blocks_12per_4 ----------
[00:00:00:02:243] Path of length 26 found: [0, 7, 8, 9, 2, 3, 4, 5, 6, 13, 20, 19, 18, 17, 24, 23, 22, 29, 36, 43, 44, 45, 38, 39, 40, 47, 48]
[00:00:00:02:244] ! Unidirectional s-t. expansions: 171, time: 2,243 [ms], path length: 26 [edges], generated: 2,374
[00:00:00:02:281] Path of length 26 found: [48, 41, 40, 33, 26, 27, 20, 13, 6, 5, 4, 11, 18, 17, 24, 31, 38, 45, 44, 43, 36, 29, 22, 15, 8, 1, 0]
[00:00:00:02:282] ! Unidirectional t-s. expansions: 145, time: 2,281 [ms], path length: 26 [edges], generated: 2,322
[00:00:00:02:505] Path of length 26 found: [0, 7, 8, 9, 2, 3, 4, 5, 6, 13, 20, 19, 18, 17, 24, 23, 22, 29, 36, 43, 44, 45, 46, 39, 40, 41, 48]
[00:00:00:02:915] ! Bidirectional. expansions: 177, time: 2,505 [ms], path length: 26 [edges], g_F: 13, g_B: 13, generated: 0, MM: 0, MMPER: -1.0%
[00:00:00:02:915] 
---------- SM_Grids/7x7_grid_with_random_blocks_12per_5 ----------
[00:00:00:01:354] Path of length 28 found: [0, 1, 2, 9, 10, 11, 4, 5, 6, 13, 20, 27, 34, 33, 32, 25, 24, 23, 22, 21, 28, 35, 36, 37, 38, 45, 46, 47, 48]
[00:00:00:01:355] ! Unidirectional s-t. expansions: 66, time: 1,354 [ms], path length: 28 [edges], generated: 1,106
[00:00:00:01:050] Path of length 28 found: [48, 47, 46, 45, 38, 37, 36, 35, 28, 21, 22, 23, 24, 25, 32, 33, 34, 27, 20, 13, 6, 5, 4, 11, 10, 9, 2, 1, 0]
[00:00:00:01:051] ! Unidirectional t-s. expansions: 53, time: 1,050 [ms], path length: 28 [edges], generated: 886
[00:00:00:00:979] Path of length 28 found: [0, 1, 2, 9, 10, 11, 4, 5, 6, 13, 20, 27, 34, 33, 32, 25, 24, 23, 22, 21, 28, 35, 36, 37, 38, 45, 46, 47, 48]
[00:00:00:01:366] ! Bidirectional. expansions: 54, time: 979 [ms], path length: 28 [edges], g_F: 14, g_B: 14, generated: 0, MM: 0, MMPER: -1.0%
[00:00:00:01:366] 
---------- SM_Grids/7x7_grid_with_random_blocks_12per_6 ----------
[00:00:00:01:380] Path of length 28 found: [0, 1, 2, 3, 4, 5, 12, 13, 20, 27, 26, 25, 18, 17, 16, 15, 14, 21, 28, 35, 42, 43, 44, 37, 38, 39, 46, 47, 48]
[00:00:00:01:381] ! Unidirectional s-t. expansions: 62, time: 1,381 [ms], path length: 28 [edges], generated: 1,170
[00:00:00:01:094] Path of length 28 found: [48, 41, 34, 27, 20, 13, 6, 5, 4, 11, 18, 25, 32, 39, 38, 45, 44, 43, 42, 35, 28, 29, 30, 23, 16, 15, 8, 1, 0]
[00:00:00:01:094] ! Unidirectional t-s. expansions: 65, time: 1,094 [ms], path length: 28 [edges], generated: 957
[00:00:00:01:193] Path of length 28 found: [0, 1, 8, 15, 14, 21, 28, 35, 42, 43, 44, 45, 46, 39, 32, 31, 24, 17, 18, 11, 4, 5, 6, 13, 20, 27, 34, 41, 48]
[00:00:00:01:704] ! Bidirectional. expansions: 95, time: 1,193 [ms], path length: 28 [edges], g_F: 14, g_B: 14, generated: 0, MM: 0, MMPER: -1.0%
[00:00:00:01:704] 
---------- SM_Grids/7x7_grid_with_random_blocks_12per_7 ----------
[00:00:00:01:334] Path of length 28 found: [0, 7, 14, 15, 16, 9, 2, 3, 4, 11, 12, 19, 26, 25, 24, 31, 30, 29, 28, 35, 42, 43, 44, 45, 46, 39, 40, 41, 48]
[00:00:00:01:335] ! Unidirectional s-t. expansions: 56, time: 1,334 [ms], path length: 28 [edges], generated: 1,296
[00:00:00:00:911] Path of length 28 found: [48, 41, 40, 39, 46, 45, 44, 43, 42, 35, 28, 29, 30, 31, 24, 25, 26, 19, 12, 11, 4, 3, 2, 9, 16, 15, 14, 7, 0]
[00:00:00:00:911] ! Unidirectional t-s. expansions: 58, time: 911 [ms], path length: 28 [edges], generated: 976
[00:00:00:01:148] Path of length 28 found: [0, 7, 14, 15, 16, 9, 2, 3, 4, 11, 12, 19, 26, 25, 24, 31, 30, 29, 28, 35, 42, 43, 44, 45, 46, 39, 40, 41, 48]
[00:00:00:01:540] ! Bidirectional. expansions: 61, time: 1,148 [ms], path length: 28 [edges], g_F: 14, g_B: 14, generated: 0, MM: 0, MMPER: -1.0%
[00:00:00:01:540] 
---------- SM_Grids/7x7_grid_with_random_blocks_12per_8 ----------
[00:00:00:01:308] Path of length 30 found: [0, 1, 8, 15, 14, 21, 28, 35, 42, 43, 44, 37, 30, 23, 24, 17, 10, 3, 4, 5, 12, 13, 20, 27, 26, 33, 32, 39, 46, 47, 48]
[00:00:00:01:309] ! Unidirectional s-t. expansions: 57, time: 1,308 [ms], path length: 30 [edges], generated: 1,097
[00:00:00:00:515] Path of length 30 found: [48, 47, 46, 39, 32, 33, 26, 27, 20, 13, 6, 5, 4, 3, 10, 17, 24, 23, 30, 37, 44, 43, 42, 35, 28, 21, 14, 15, 8, 1, 0]
[00:00:00:00:515] ! Unidirectional t-s. expansions: 27, time: 515 [ms], path length: 30 [edges], generated: 459
[00:00:00:00:502] Path of length 30 found: [0, 1, 8, 15, 14, 21, 28, 35, 42, 43, 44, 37, 30, 23, 24, 17, 10, 3, 4, 5, 6, 13, 20, 19, 26, 33, 32, 39, 46, 47, 48]
[00:00:00:00:897] ! Bidirectional. expansions: 34, time: 502 [ms], path length: 30 [edges], g_F: 15, g_B: 15, generated: 0, MM: 0, MMPER: -1.0%
[00:00:00:00:897] 
---------- SM_Grids/7x7_grid_with_random_blocks_12per_9 ----------
[00:00:00:01:993] Path of length 26 found: [0, 1, 2, 3, 4, 5, 6, 13, 20, 19, 18, 17, 16, 15, 14, 21, 28, 29, 36, 37, 38, 31, 32, 33, 34, 41, 48]
[00:00:00:01:993] ! Unidirectional s-t. expansions: 82, time: 1,993 [ms], path length: 26 [edges], generated: 1,729
[00:00:00:01:680] Path of length 26 found: [48, 41, 34, 27, 20, 13, 6, 5, 4, 3, 2, 9, 16, 23, 24, 25, 32, 39, 38, 37, 36, 29, 28, 21, 14, 7, 0]
[00:00:00:01:681] ! Unidirectional t-s. expansions: 84, time: 1,680 [ms], path length: 26 [edges], generated: 1,641
[00:00:00:01:594] Path of length 26 found: [0, 1, 2, 9, 16, 15, 14, 21, 28, 29, 36, 37, 38, 31, 32, 25, 18, 11, 4, 5, 6, 13, 20, 27, 34, 41, 48]
[00:00:00:01:997] ! Bidirectional. expansions: 155, time: 1,594 [ms], path length: 26 [edges], g_F: 13, g_B: 13, generated: 0, MM: 0, MMPER: -1.0%

[00:00:00:01:997] average expansions: (62, 70, 70, 0)
[00:00:00:01:997] average time: (1,260, 1,217, 1,081, 0)
[00:00:00:01:997] XA*: 62 , 1,217 (expansions , time[ms])
[00:00:00:01:997] BiXA*: 70 , 1,081 (expansions , time[ms])

