------------------------------------
Thu 01 Oct 2026 17:27:45 IDT
SLURM_JOBID:		21953632
SLURM_JOB_NODELIST:	ise-cpu256-12
SLURM_SCRATCH_DIR:	/scratch/shubit/21953632
Allocated Resouces:	cpu - 2 / mem - 61440 MB / gpu - 
SLURM_GPU_INDEX:	
Running as shubit from shimony account with normal QOS
------------------------------------
Thu 01 Oct 2026 17:27:46 IDT

SLURM_JOBID:		 21953632
SLURM_JOB_NODELIST:	 ise-cpu256-12 

--------------------------
date: SM_Grids
number_of_graphs: 10
graph_type: grid
size_of_graphs: [7, 7]
heuristic: bcc_heuristic
snake: True
run_uni: True
run_bi: True
run_multi: False
solution_vertices: []
algorithms: ['XMM']
lookahead: 2
bsd: False
cube_first_dims: 4
cube_buffer_dim: None
backward_sym_generation: False
sym_coil: False
prefix_set: None

---------- SM_Grids/7x7_grid_with_random_blocks_16per_0 ----------
[00:00:00:00:225] Path of length 22 found: [0, 7, 14, 21, 28, 35, 42, 43, 44, 37, 30, 31, 24, 17, 18, 19, 20, 27, 34, 33, 40, 47, 48]
[00:00:00:00:225] ! Unidirectional s-t. expansions: 43, time: 225 [ms], path length: 22 [edges], generated: 201
[00:00:00:00:561] Path of length 22 found: [48, 41, 34, 27, 20, 19, 18, 17, 24, 31, 32, 39, 46, 45, 44, 43, 42, 35, 28, 21, 14, 7, 0]
[00:00:00:00:561] ! Unidirectional t-s. expansions: 150, time: 561 [ms], path length: 22 [edges], generated: 520
[00:00:00:00:235] Expansion 66: New longest path found with length 22: [0, 7, 14, 21, 28, 35, 42, 43, 44, 45, 46, 39, 32, 31, 24, 17, 18, 19, 20, 27, 34, 41, 48]. g_current=13, g_opposite=9, f_max=25, generated=118
[00:00:00:00:527] Path of length 22 found: [0, 7, 14, 21, 28, 35, 42, 43, 44, 45, 46, 39, 32, 31, 24, 17, 18, 19, 20, 27, 34, 41, 48]
[00:00:00:00:921] ! Bidirectional. expansions: 138, time: 527 [ms], path length: 22 [edges], g_F: 9, g_B: 13, generated: 256, MM: 4, MMPER: 16.391304347826086%
[00:00:00:00:921] 
---------- SM_Grids/7x7_grid_with_random_blocks_16per_1 ----------
[00:00:00:00:258] Path of length 26 found: [0, 1, 2, 3, 4, 5, 12, 13, 20, 27, 26, 25, 24, 31, 30, 29, 28, 35, 42, 43, 44, 45, 46, 39, 40, 41, 48]
[00:00:00:00:258] ! Unidirectional s-t. expansions: 42, time: 258 [ms], path length: 26 [edges], generated: 202
[00:00:00:00:786] Path of length 26 found: [48, 41, 40, 39, 46, 45, 44, 43, 42, 35, 28, 29, 30, 31, 24, 25, 26, 27, 20, 13, 12, 5, 4, 3, 2, 1, 0]
[00:00:00:00:786] ! Unidirectional t-s. expansions: 167, time: 786 [ms], path length: 26 [edges], generated: 561
[00:00:00:00:316] Expansion 79: New longest path found with length 18: [0, 1, 2, 9, 16, 15, 22, 29, 28, 35, 42, 43, 44, 45, 46, 39, 40, 41, 48]. g_current=14, g_opposite=4, f_max=29, generated=128
[00:00:00:00:696] Expansion 235: New longest path found with length 26: [0, 1, 2, 3, 4, 5, 12, 13, 20, 27, 26, 25, 24, 31, 30, 29, 28, 35, 42, 43, 44, 45, 46, 39, 40, 41, 48]. g_current=11, g_opposite=15, f_max=28, generated=350
[00:00:00:00:976] Path of length 26 found: [0, 1, 2, 3, 4, 5, 12, 13, 20, 27, 26, 25, 24, 31, 30, 29, 28, 35, 42, 43, 44, 45, 46, 39, 40, 41, 48]
[00:00:00:01:325] ! Bidirectional. expansions: 343, time: 976 [ms], path length: 26 [edges], g_F: 11, g_B: 15, generated: 496, MM: 4, MMPER: 13.814814814814815%
[00:00:00:01:325] 
---------- SM_Grids/7x7_grid_with_random_blocks_16per_2 ----------
[00:00:00:00:811] Path of length 24 found: [0, 1, 2, 3, 4, 5, 12, 19, 18, 17, 16, 23, 22, 29, 36, 43, 44, 45, 38, 31, 32, 33, 40, 47, 48]
[00:00:00:00:812] ! Unidirectional s-t. expansions: 124, time: 811 [ms], path length: 24 [edges], generated: 697
[00:00:00:00:331] Path of length 24 found: [48, 47, 40, 33, 32, 31, 38, 45, 44, 43, 36, 29, 22, 23, 16, 17, 18, 19, 12, 5, 4, 3, 2, 1, 0]
[00:00:00:00:331] ! Unidirectional t-s. expansions: 49, time: 331 [ms], path length: 24 [edges], generated: 274
[00:00:00:00:198] Expansion 51: New longest path found with length 14: [0, 7, 8, 9, 16, 23, 22, 29, 36, 43, 44, 45, 46, 47, 48]. g_current=8, g_opposite=6, f_max=30, generated=92
[00:00:00:00:367] Expansion 102: New longest path found with length 18: [0, 7, 8, 9, 16, 23, 22, 29, 36, 43, 44, 45, 38, 31, 32, 33, 40, 47, 48]. g_current=10, g_opposite=8, f_max=28, generated=185
[00:00:00:00:417] Expansion 113: New longest path found with length 22: [0, 7, 8, 9, 10, 3, 4, 5, 12, 19, 26, 33, 32, 31, 30, 29, 36, 43, 44, 45, 46, 47, 48]. g_current=12, g_opposite=10, f_max=27, generated=212
[00:00:00:00:699] Expansion 195: New longest path found with length 24: [0, 1, 2, 3, 4, 5, 12, 19, 18, 17, 16, 23, 22, 29, 36, 43, 44, 45, 38, 31, 32, 33, 40, 47, 48]. g_current=10, g_opposite=14, f_max=27, generated=367
[00:00:00:00:990] Path of length 24 found: [0, 1, 2, 3, 4, 5, 12, 19, 18, 17, 16, 23, 22, 29, 36, 43, 44, 45, 38, 31, 32, 33, 40, 47, 48]
[00:00:00:01:332] ! Bidirectional. expansions: 278, time: 990 [ms], path length: 24 [edges], g_F: 10, g_B: 14, generated: 523, MM: 4, MMPER: 15.0%
[00:00:00:01:332] 
---------- SM_Grids/7x7_grid_with_random_blocks_16per_3 ----------
[00:00:00:00:408] Path of length 22 found: [0, 1, 2, 3, 4, 11, 18, 17, 16, 15, 14, 21, 28, 35, 36, 37, 30, 31, 32, 39, 46, 47, 48]
[00:00:00:00:408] ! Unidirectional s-t. expansions: 79, time: 408 [ms], path length: 22 [edges], generated: 389
[00:00:00:00:784] Path of length 22 found: [48, 47, 46, 39, 32, 31, 30, 37, 36, 35, 28, 21, 14, 15, 16, 17, 18, 11, 4, 3, 2, 1, 0]
[00:00:00:00:784] ! Unidirectional t-s. expansions: 172, time: 784 [ms], path length: 22 [edges], generated: 699
[00:00:00:00:123] Expansion 18: New longest path found with length 14: [0, 1, 2, 3, 4, 11, 12, 19, 26, 33, 32, 39, 46, 47, 48]. g_current=8, g_opposite=6, f_max=29, generated=31
[00:00:00:00:501] Expansion 150: New longest path found with length 16: [0, 1, 2, 3, 4, 11, 18, 17, 16, 23, 30, 31, 32, 39, 46, 47, 48]. g_current=6, g_opposite=10, f_max=26, generated=239
[00:00:00:00:582] Expansion 171: New longest path found with length 18: [0, 1, 2, 3, 4, 11, 18, 17, 16, 15, 22, 29, 30, 31, 32, 39, 46, 47, 48]. g_current=11, g_opposite=7, f_max=26, generated=282
[00:00:00:00:853] Expansion 265: New longest path found with length 20: [0, 1, 2, 3, 4, 11, 18, 17, 16, 15, 14, 21, 28, 29, 30, 31, 32, 39, 46, 47, 48]. g_current=13, g_opposite=7, f_max=25, generated=435
[00:00:00:00:857] Expansion 266: New longest path found with length 22: [0, 1, 8, 15, 14, 21, 28, 35, 36, 37, 30, 23, 24, 17, 18, 19, 26, 33, 32, 39, 46, 47, 48]. g_current=10, g_opposite=12, f_max=24, generated=437
[00:00:00:01:129] Path of length 22 found: [0, 1, 8, 15, 14, 21, 28, 35, 36, 37, 30, 23, 24, 17, 18, 19, 26, 33, 32, 39, 46, 47, 48]
[00:00:00:01:501] ! Bidirectional. expansions: 332, time: 1,129 [ms], path length: 22 [edges], g_F: 12, g_B: 10, generated: 555, MM: 2, MMPER: 7.695652173913043%
[00:00:00:01:502] 
---------- SM_Grids/7x7_grid_with_random_blocks_16per_4 ----------
[00:00:00:00:346] Path of length 26 found: [0, 7, 14, 21, 28, 35, 42, 43, 44, 45, 38, 31, 30, 23, 16, 9, 10, 11, 12, 19, 20, 27, 34, 33, 40, 47, 48]
[00:00:00:00:346] ! Unidirectional s-t. expansions: 79, time: 346 [ms], path length: 26 [edges], generated: 257
[00:00:00:00:206] Path of length 26 found: [48, 47, 40, 33, 34, 27, 20, 13, 12, 11, 10, 9, 16, 23, 30, 31, 38, 45, 44, 43, 36, 35, 28, 21, 14, 7, 0]
[00:00:00:00:206] ! Unidirectional t-s. expansions: 34, time: 206 [ms], path length: 26 [edges], generated: 143
[00:00:00:00:249] Expansion 68: New longest path found with length 14: [0, 7, 8, 9, 10, 11, 12, 13, 20, 27, 34, 33, 40, 47, 48]. g_current=10, g_opposite=4, f_max=28, generated=110
[00:00:00:00:487] Expansion 155: New longest path found with length 26: [0, 7, 14, 21, 28, 35, 42, 43, 44, 45, 38, 31, 30, 23, 16, 9, 10, 11, 12, 13, 20, 27, 34, 33, 40, 47, 48]. g_current=11, g_opposite=15, f_max=26, generated=233
[00:00:00:00:501] Path of length 26 found: [0, 7, 14, 21, 28, 35, 42, 43, 44, 45, 38, 31, 30, 23, 16, 9, 10, 11, 12, 13, 20, 27, 34, 33, 40, 47, 48]
[00:00:00:00:874] ! Bidirectional. expansions: 155, time: 501 [ms], path length: 26 [edges], g_F: 15, g_B: 11, generated: 233, MM: 4, MMPER: 13.814814814814815%
[00:00:00:00:874] 
---------- SM_Grids/7x7_grid_with_random_blocks_16per_5 ----------
[00:00:00:00:271] Path of length 26 found: [0, 1, 2, 9, 16, 15, 14, 21, 28, 29, 30, 37, 38, 39, 32, 25, 18, 11, 4, 5, 6, 13, 20, 27, 34, 41, 48]
[00:00:00:00:271] ! Unidirectional s-t. expansions: 31, time: 271 [ms], path length: 26 [edges], generated: 154
[00:00:00:00:232] Path of length 26 found: [48, 41, 34, 27, 20, 13, 6, 5, 4, 11, 18, 25, 32, 39, 38, 37, 30, 29, 28, 21, 14, 15, 16, 9, 2, 1, 0]
[00:00:00:00:232] ! Unidirectional t-s. expansions: 41, time: 232 [ms], path length: 26 [edges], generated: 183
[00:00:00:00:177] Expansion 46: New longest path found with length 14: [0, 1, 8, 15, 14, 21, 28, 29, 30, 37, 38, 39, 40, 41, 48]. g_current=6, g_opposite=8, f_max=28, generated=76
[00:00:00:00:198] Expansion 52: New longest path found with length 18: [0, 1, 2, 9, 16, 17, 18, 11, 4, 5, 6, 13, 20, 27, 26, 33, 40, 41, 48]. g_current=4, g_opposite=14, f_max=28, generated=88
[00:00:00:00:293] Expansion 75: New longest path found with length 24: [0, 1, 2, 9, 16, 15, 14, 21, 28, 29, 30, 31, 24, 25, 18, 11, 4, 5, 6, 13, 20, 27, 34, 41, 48]. g_current=12, g_opposite=12, f_max=27, generated=134
[00:00:00:00:367] Expansion 92: New longest path found with length 26: [0, 1, 2, 9, 16, 15, 14, 21, 28, 29, 30, 37, 38, 39, 32, 25, 18, 11, 4, 5, 6, 13, 20, 27, 34, 41, 48]. g_current=13, g_opposite=13, f_max=26, generated=170
[00:00:00:00:377] Path of length 26 found: [0, 1, 2, 9, 16, 15, 14, 21, 28, 29, 30, 37, 38, 39, 32, 25, 18, 11, 4, 5, 6, 13, 20, 27, 34, 41, 48]
[00:00:00:00:850] ! Bidirectional. expansions: 92, time: 377 [ms], path length: 26 [edges], g_F: 13, g_B: 13, generated: 170, MM: 0, MMPER: -1.0%
[00:00:00:00:851] 
---------- SM_Grids/7x7_grid_with_random_blocks_16per_6 ----------
[00:00:00:00:237] Path of length 26 found: [0, 1, 8, 15, 22, 23, 30, 37, 44, 45, 46, 39, 32, 25, 18, 17, 10, 3, 4, 5, 12, 13, 20, 27, 34, 41, 48]
[00:00:00:00:238] ! Unidirectional s-t. expansions: 34, time: 237 [ms], path length: 26 [edges], generated: 160
[00:00:00:00:267] Path of length 26 found: [48, 41, 34, 27, 20, 13, 6, 5, 4, 3, 10, 17, 18, 25, 32, 39, 46, 45, 44, 37, 30, 23, 22, 15, 8, 1, 0]
[00:00:00:00:268] ! Unidirectional t-s. expansions: 48, time: 268 [ms], path length: 26 [edges], generated: 209
[00:00:00:00:115] Expansion 18: New longest path found with length 12: [0, 1, 2, 3, 4, 5, 6, 13, 20, 27, 34, 41, 48]. g_current=8, g_opposite=4, f_max=28, generated=31
[00:00:00:00:171] Expansion 34: New longest path found with length 16: [0, 1, 8, 15, 22, 23, 30, 37, 44, 45, 46, 39, 32, 33, 34, 41, 48]. g_current=5, g_opposite=11, f_max=28, generated=57
[00:00:00:00:220] Expansion 48: New longest path found with length 18: [0, 1, 8, 15, 22, 23, 24, 17, 18, 11, 4, 5, 6, 13, 20, 27, 34, 41, 48]. g_current=12, g_opposite=6, f_max=27, generated=84
[00:00:00:00:329] Expansion 84: New longest path found with length 24: [0, 1, 8, 15, 22, 23, 30, 37, 44, 45, 46, 39, 32, 25, 18, 11, 4, 5, 6, 13, 20, 27, 34, 41, 48]. g_current=13, g_opposite=11, f_max=27, generated=144
[00:00:00:00:420] Expansion 110: New longest path found with length 26: [0, 1, 8, 15, 22, 23, 30, 37, 44, 45, 46, 39, 32, 25, 18, 17, 10, 3, 4, 5, 6, 13, 20, 27, 34, 41, 48]. g_current=13, g_opposite=13, f_max=26, generated=192
[00:00:00:00:431] Path of length 26 found: [0, 1, 8, 15, 22, 23, 30, 37, 44, 45, 46, 39, 32, 25, 18, 17, 10, 3, 4, 5, 6, 13, 20, 27, 34, 41, 48]
[00:00:00:00:788] ! Bidirectional. expansions: 110, time: 431 [ms], path length: 26 [edges], g_F: 13, g_B: 13, generated: 192, MM: 0, MMPER: -1.0%
[00:00:00:00:789] 
---------- SM_Grids/7x7_grid_with_random_blocks_16per_7 ----------
[00:00:00:00:618] Path of length 26 found: [0, 7, 8, 15, 22, 21, 28, 35, 36, 37, 30, 31, 24, 25, 18, 11, 4, 5, 6, 13, 20, 27, 34, 33, 40, 47, 48]
[00:00:00:00:619] ! Unidirectional s-t. expansions: 214, time: 618 [ms], path length: 26 [edges], generated: 710
[00:00:00:00:347] Path of length 26 found: [48, 47, 40, 33, 34, 27, 20, 13, 6, 5, 4, 3, 10, 17, 24, 31, 30, 37, 36, 35, 28, 21, 14, 15, 8, 1, 0]
[00:00:00:00:347] ! Unidirectional t-s. expansions: 87, time: 347 [ms], path length: 26 [edges], generated: 310
[00:00:00:00:075] Expansion 18: New longest path found with length 14: [0, 1, 2, 3, 4, 5, 6, 13, 20, 27, 34, 33, 40, 47, 48]. g_current=7, g_opposite=7, f_max=31, generated=29
[00:00:00:00:264] Expansion 71: New longest path found with length 22: [0, 7, 8, 15, 22, 21, 28, 35, 36, 37, 30, 31, 24, 25, 18, 19, 20, 27, 34, 33, 40, 47, 48]. g_current=7, g_opposite=15, f_max=29, generated=110
[00:00:00:00:302] Expansion 84: New longest path found with length 26: [0, 7, 8, 15, 22, 21, 28, 35, 36, 37, 30, 31, 24, 17, 10, 3, 4, 5, 6, 13, 20, 27, 34, 33, 40, 47, 48]. g_current=13, g_opposite=13, f_max=29, generated=130
[00:00:00:00:538] Path of length 26 found: [0, 7, 8, 15, 22, 21, 28, 35, 36, 37, 30, 31, 24, 17, 10, 3, 4, 5, 6, 13, 20, 27, 34, 33, 40, 47, 48]
[00:00:00:00:889] ! Bidirectional. expansions: 160, time: 539 [ms], path length: 26 [edges], g_F: 13, g_B: 13, generated: 263, MM: 0, MMPER: -1.0%
[00:00:00:00:890] 
---------- SM_Grids/7x7_grid_with_random_blocks_16per_8 ----------
[00:00:00:00:208] Path of length 30 found: [0, 1, 2, 9, 16, 15, 22, 21, 28, 35, 42, 43, 44, 37, 30, 31, 24, 25, 18, 11, 4, 5, 6, 13, 20, 27, 34, 33, 40, 47, 48]
[00:00:00:00:208] ! Unidirectional s-t. expansions: 37, time: 208 [ms], path length: 30 [edges], generated: 144
[00:00:00:00:127] Path of length 30 found: [48, 47, 40, 33, 34, 27, 20, 13, 6, 5, 4, 11, 18, 25, 24, 31, 30, 37, 44, 43, 42, 35, 28, 21, 22, 15, 16, 9, 2, 1, 0]
[00:00:00:00:127] ! Unidirectional t-s. expansions: 30, time: 127 [ms], path length: 30 [edges], generated: 104
[00:00:00:00:062] Expansion 14: New longest path found with length 14: [0, 1, 2, 3, 4, 5, 6, 13, 20, 27, 34, 33, 40, 47, 48]. g_current=10, g_opposite=4, f_max=31, generated=22
[00:00:00:00:218] Expansion 65: New longest path found with length 28: [0, 1, 8, 15, 22, 21, 28, 35, 42, 43, 44, 37, 30, 31, 24, 17, 18, 11, 4, 5, 6, 13, 20, 27, 34, 33, 40, 47, 48]. g_current=13, g_opposite=15, f_max=30, generated=103
[00:00:00:00:315] Expansion 98: New longest path found with length 30: [0, 1, 2, 9, 16, 15, 22, 21, 28, 35, 42, 43, 44, 37, 30, 31, 24, 25, 18, 11, 4, 5, 6, 13, 20, 27, 34, 33, 40, 47, 48]. g_current=15, g_opposite=15, f_max=30, generated=152
[00:00:00:00:325] Path of length 30 found: [0, 1, 2, 9, 16, 15, 22, 21, 28, 35, 42, 43, 44, 37, 30, 31, 24, 25, 18, 11, 4, 5, 6, 13, 20, 27, 34, 33, 40, 47, 48]
[00:00:00:00:723] ! Bidirectional. expansions: 98, time: 325 [ms], path length: 30 [edges], g_F: 15, g_B: 15, generated: 152, MM: 0, MMPER: -1.0%
[00:00:00:00:723] 
---------- SM_Grids/7x7_grid_with_random_blocks_16per_9 ----------
[00:00:00:01:131] Path of length 24 found: [0, 1, 2, 3, 10, 17, 16, 15, 22, 21, 28, 35, 42, 43, 44, 45, 46, 39, 32, 25, 26, 27, 34, 41, 48]
[00:00:00:01:131] ! Unidirectional s-t. expansions: 299, time: 1,131 [ms], path length: 24 [edges], generated: 1,201
[00:00:00:00:647] Path of length 24 found: [48, 41, 34, 27, 20, 19, 18, 17, 24, 31, 32, 39, 46, 45, 44, 37, 36, 35, 28, 21, 22, 15, 8, 1, 0]
[00:00:00:00:647] ! Unidirectional t-s. expansions: 169, time: 647 [ms], path length: 24 [edges], generated: 663
[00:00:00:00:069] Expansion 15: New longest path found with length 12: [0, 1, 2, 3, 10, 17, 18, 19, 20, 27, 34, 41, 48]. g_current=7, g_opposite=5, f_max=29, generated=26
[00:00:00:00:220] Expansion 59: New longest path found with length 16: [0, 1, 2, 9, 16, 15, 22, 21, 28, 35, 36, 37, 44, 45, 46, 47, 48]. g_current=5, g_opposite=11, f_max=28, generated=101
[00:00:00:00:279] Expansion 77: New longest path found with length 18: [0, 1, 2, 9, 16, 15, 22, 21, 28, 35, 36, 37, 44, 45, 46, 39, 40, 41, 48]. g_current=12, g_opposite=6, f_max=27, generated=132
[00:00:00:00:331] Expansion 94: New longest path found with length 20: [0, 1, 2, 3, 10, 17, 16, 15, 22, 21, 28, 35, 36, 37, 44, 45, 46, 39, 40, 41, 48]. g_current=7, g_opposite=13, f_max=27, generated=160
[00:00:00:00:348] Expansion 100: New longest path found with length 24: [0, 1, 2, 9, 16, 15, 22, 21, 28, 35, 42, 43, 44, 45, 46, 39, 32, 25, 18, 19, 20, 27, 34, 41, 48]. g_current=10, g_opposite=14, f_max=27, generated=168
[00:00:00:01:022] Path of length 24 found: [0, 1, 2, 9, 16, 15, 22, 21, 28, 35, 42, 43, 44, 45, 46, 39, 32, 25, 18, 19, 20, 27, 34, 41, 48]
[00:00:00:01:390] ! Bidirectional. expansions: 321, time: 1,022 [ms], path length: 24 [edges], g_F: 10, g_B: 14, generated: 503, MM: 4, MMPER: 15.0%

[00:00:00:01:390] average expansions: (98, 95, 203, 0)
[00:00:00:01:390] average time: (451, 429, 682, 0)
[00:00:00:01:390] XA*: 95 , 429 (expansions , time[ms])
[00:00:00:01:390] XMM: 203 , 682 (expansions , time[ms])

