------------------------------------
Thu 01 Oct 2026 14:23:13 IDT
SLURM_JOBID:		21950212
SLURM_JOB_NODELIST:	ise-cpu256-14
SLURM_SCRATCH_DIR:	/scratch/shubit/21950212
Allocated Resouces:	cpu - 2 / mem - 61440 MB / gpu - 
SLURM_GPU_INDEX:	
Running as shubit from shimony account with normal QOS
------------------------------------
Thu 01 Oct 2026 14:23:14 IDT

SLURM_JOBID:		 21950212
SLURM_JOB_NODELIST:	 ise-cpu256-14 

--------------------------
date: SM_Grids
number_of_graphs: 10
graph_type: grid
size_of_graphs: [7, 8]
heuristic: bcc_heuristic
snake: True
run_uni: True
run_bi: True
run_multi: False
solution_vertices: []
algorithms: ['DFBnB']
lookahead: -1
bsd: False
cube_first_dims: 4
cube_buffer_dim: None
backward_sym_generation: False
sym_coil: False
prefix_set: None

---------- SM_Grids/7x8_grid_with_random_blocks_12per_0 ----------
[00:00:00:03:154] Path of length 33 found: [0, 1, 2, 3, 4, 5, 6, 7, 15, 23, 22, 21, 20, 28, 27, 26, 18, 17, 16, 24, 32, 40, 48, 49, 50, 42, 43, 44, 45, 37, 38, 39, 47, 55]
[00:00:00:03:154] ! Unidirectional s-t. expansions: 1,166, time: 3,154 [ms], path length: 33 [edges], generated: 1,794
[00:00:00:03:000] Path of length 33 found: [55, 47, 39, 38, 37, 45, 44, 43, 51, 50, 49, 48, 40, 32, 24, 16, 17, 18, 26, 27, 28, 20, 21, 22, 23, 15, 7, 6, 5, 4, 3, 2, 1, 0]
[00:00:00:03:000] ! Unidirectional t-s. expansions: 951, time: 3,000 [ms], path length: 33 [edges], generated: 1,641
[00:00:00:01:366] Path of length 33 found: [0, 1, 2, 3, 4, 5, 6, 7, 15, 23, 22, 21, 20, 28, 27, 26, 18, 17, 16, 24, 32, 40, 48, 49, 50, 51, 43, 44, 45, 37, 38, 39, 47, 55]
[00:00:00:01:789] ! Bidirectional. expansions: 376, time: 1,366 [ms], path length: 33 [edges], g_F: 17, g_B: 16, generated: 0, MM: 1, MMPER: 1.9411764705882355%
[00:00:00:01:789] 
---------- SM_Grids/7x8_grid_with_random_blocks_12per_1 ----------
[00:00:00:05:559] Path of length 29 found: [0, 8, 9, 10, 2, 3, 4, 5, 6, 14, 22, 21, 20, 19, 27, 26, 25, 24, 32, 40, 41, 42, 43, 44, 36, 37, 38, 46, 54, 55]
[00:00:00:05:560] ! Unidirectional s-t. expansions: 1,733, time: 5,559 [ms], path length: 29 [edges], generated: 3,034
[00:00:00:05:390] Path of length 29 found: [55, 47, 39, 38, 37, 45, 44, 43, 42, 41, 40, 32, 24, 25, 26, 27, 28, 20, 21, 22, 14, 6, 5, 4, 3, 2, 10, 9, 8, 0]
[00:00:00:05:390] ! Unidirectional t-s. expansions: 1,578, time: 5,390 [ms], path length: 29 [edges], generated: 2,728
[00:00:00:05:077] Path of length 29 found: [0, 8, 9, 10, 2, 3, 4, 5, 6, 14, 22, 21, 20, 19, 27, 26, 25, 24, 32, 40, 41, 42, 43, 44, 45, 37, 38, 39, 47, 55]
[00:00:00:05:474] ! Bidirectional. expansions: 1,257, time: 5,077 [ms], path length: 29 [edges], g_F: 15, g_B: 14, generated: 0, MM: 1, MMPER: 2.3333333333333335%
[00:00:00:05:474] 
---------- SM_Grids/7x8_grid_with_random_blocks_12per_2 ----------
[00:00:00:01:552] Path of length 31 found: [0, 1, 2, 3, 4, 5, 6, 7, 15, 23, 31, 39, 38, 37, 29, 21, 20, 19, 18, 17, 16, 24, 32, 33, 34, 35, 43, 44, 52, 53, 54, 55]
[00:00:00:01:552] ! Unidirectional s-t. expansions: 506, time: 1,552 [ms], path length: 31 [edges], generated: 810
[00:00:00:03:121] Path of length 31 found: [55, 54, 53, 52, 44, 43, 35, 34, 33, 32, 24, 16, 17, 18, 19, 20, 28, 29, 37, 38, 39, 31, 23, 15, 7, 6, 5, 4, 3, 2, 1, 0]
[00:00:00:03:121] ! Unidirectional t-s. expansions: 925, time: 3,121 [ms], path length: 31 [edges], generated: 1,600
[00:00:00:02:197] Path of length 31 found: [0, 1, 2, 3, 4, 5, 6, 7, 15, 23, 31, 39, 38, 37, 29, 21, 20, 19, 18, 17, 16, 24, 32, 33, 34, 35, 43, 44, 52, 53, 54, 55]
[00:00:00:02:623] ! Bidirectional. expansions: 631, time: 2,197 [ms], path length: 31 [edges], g_F: 16, g_B: 15, generated: 0, MM: 1, MMPER: 2.125%
[00:00:00:02:623] 
---------- SM_Grids/7x8_grid_with_random_blocks_12per_3 ----------
[00:00:00:06:000] Path of length 31 found: [0, 1, 9, 17, 16, 24, 32, 33, 41, 49, 50, 51, 52, 53, 45, 37, 36, 35, 27, 19, 11, 3, 4, 5, 6, 14, 22, 30, 31, 39, 47, 55]
[00:00:00:06:001] ! Unidirectional s-t. expansions: 1,599, time: 6,000 [ms], path length: 31 [edges], generated: 3,026
[00:00:00:02:847] Path of length 31 found: [55, 47, 39, 31, 30, 22, 14, 6, 5, 4, 3, 11, 19, 20, 28, 36, 37, 45, 53, 52, 51, 43, 42, 34, 33, 32, 24, 16, 17, 9, 1, 0]
[00:00:00:02:847] ! Unidirectional t-s. expansions: 1,204, time: 2,847 [ms], path length: 31 [edges], generated: 1,557
[00:00:00:05:931] Path of length 31 found: [0, 1, 9, 17, 16, 24, 32, 33, 41, 49, 50, 51, 52, 53, 45, 37, 36, 35, 27, 19, 11, 3, 4, 5, 6, 14, 22, 30, 31, 39, 47, 55]
[00:00:00:06:321] ! Bidirectional. expansions: 1,788, time: 5,931 [ms], path length: 31 [edges], g_F: 16, g_B: 15, generated: 0, MM: 1, MMPER: 2.125%
[00:00:00:06:322] 
---------- SM_Grids/7x8_grid_with_random_blocks_12per_4 ----------
[00:00:00:06:129] Path of length 33 found: [0, 1, 2, 10, 18, 17, 16, 24, 32, 40, 48, 49, 50, 42, 34, 35, 27, 28, 20, 12, 4, 5, 6, 7, 15, 23, 22, 30, 38, 37, 45, 53, 54, 55]
[00:00:00:06:129] ! Unidirectional s-t. expansions: 2,264, time: 6,129 [ms], path length: 33 [edges], generated: 3,286
[00:00:00:05:123] Path of length 33 found: [55, 54, 53, 45, 37, 38, 39, 31, 23, 15, 7, 6, 5, 4, 12, 20, 28, 27, 35, 43, 51, 50, 49, 48, 40, 32, 24, 16, 17, 18, 10, 2, 1, 0]
[00:00:00:05:123] ! Unidirectional t-s. expansions: 1,674, time: 5,123 [ms], path length: 33 [edges], generated: 2,583
[00:00:00:02:923] Path of length 33 found: [0, 1, 2, 10, 18, 17, 16, 24, 32, 40, 48, 49, 50, 42, 34, 35, 27, 28, 20, 12, 4, 5, 6, 7, 15, 23, 31, 39, 38, 37, 45, 53, 54, 55]
[00:00:00:03:319] ! Bidirectional. expansions: 951, time: 2,924 [ms], path length: 33 [edges], g_F: 17, g_B: 16, generated: 0, MM: 1, MMPER: 1.9411764705882355%
[00:00:00:03:319] 
---------- SM_Grids/7x8_grid_with_random_blocks_12per_5 ----------
[00:00:00:04:857] Path of length 31 found: [0, 8, 16, 17, 18, 10, 2, 3, 4, 5, 13, 14, 22, 30, 29, 28, 27, 35, 34, 33, 32, 40, 48, 49, 50, 51, 52, 53, 45, 46, 47, 55]
[00:00:00:04:857] ! Unidirectional s-t. expansions: 1,890, time: 4,857 [ms], path length: 31 [edges], generated: 2,617
[00:00:00:02:176] Path of length 31 found: [55, 47, 46, 45, 53, 52, 51, 50, 49, 48, 40, 32, 33, 34, 35, 27, 28, 29, 30, 22, 14, 6, 5, 4, 12, 11, 10, 18, 17, 16, 8, 0]
[00:00:00:02:176] ! Unidirectional t-s. expansions: 692, time: 2,176 [ms], path length: 31 [edges], generated: 1,158
[00:00:00:02:709] Path of length 31 found: [0, 8, 16, 17, 18, 10, 2, 3, 4, 5, 6, 14, 22, 21, 20, 28, 27, 35, 34, 33, 32, 40, 48, 49, 50, 51, 52, 53, 45, 46, 47, 55]
[00:00:00:03:103] ! Bidirectional. expansions: 963, time: 2,709 [ms], path length: 31 [edges], g_F: 16, g_B: 15, generated: 0, MM: 1, MMPER: 2.125%
[00:00:00:03:103] 
---------- SM_Grids/7x8_grid_with_random_blocks_12per_6 ----------
[00:00:00:02:577] Path of length 27 found: [0, 8, 9, 10, 11, 19, 27, 26, 34, 33, 32, 40, 48, 49, 50, 51, 43, 44, 36, 37, 29, 21, 22, 23, 31, 39, 47, 55]
[00:00:00:02:577] ! Unidirectional s-t. expansions: 737, time: 2,577 [ms], path length: 27 [edges], generated: 1,370
[00:00:00:02:642] Path of length 27 found: [55, 47, 39, 31, 23, 22, 21, 20, 28, 36, 37, 45, 53, 52, 51, 50, 49, 48, 40, 32, 33, 34, 26, 18, 10, 9, 8, 0]
[00:00:00:02:642] ! Unidirectional t-s. expansions: 721, time: 2,642 [ms], path length: 27 [edges], generated: 1,276
[00:00:00:01:804] Path of length 27 found: [0, 8, 9, 10, 18, 26, 34, 33, 32, 40, 48, 49, 50, 51, 43, 44, 36, 28, 20, 21, 22, 23, 31, 39, 38, 46, 54, 55]
[00:00:00:02:196] ! Bidirectional. expansions: 434, time: 1,804 [ms], path length: 27 [edges], g_F: 14, g_B: 13, generated: 0, MM: 1, MMPER: 2.5714285714285716%
[00:00:00:02:196] 
---------- SM_Grids/7x8_grid_with_random_blocks_12per_7 ----------
[00:00:00:02:683] Path of length 31 found: [0, 8, 9, 17, 18, 19, 11, 3, 4, 5, 13, 14, 15, 23, 31, 30, 29, 28, 36, 35, 34, 33, 41, 49, 50, 51, 52, 53, 45, 46, 47, 55]
[00:00:00:02:683] ! Unidirectional s-t. expansions: 672, time: 2,683 [ms], path length: 31 [edges], generated: 1,140
[00:00:00:08:726] Path of length 31 found: [55, 47, 46, 45, 53, 52, 51, 50, 49, 41, 33, 34, 35, 36, 28, 29, 30, 31, 23, 15, 14, 6, 5, 4, 12, 11, 19, 18, 17, 9, 1, 0]
[00:00:00:08:726] ! Unidirectional t-s. expansions: 4,530, time: 8,726 [ms], path length: 31 [edges], generated: 5,407
[00:00:00:04:009] Path of length 31 found: [0, 8, 9, 17, 18, 19, 11, 3, 4, 5, 13, 14, 15, 23, 31, 30, 29, 28, 36, 35, 34, 33, 41, 49, 50, 51, 52, 53, 45, 46, 47, 55]
[00:00:00:04:434] ! Bidirectional. expansions: 1,206, time: 4,009 [ms], path length: 31 [edges], g_F: 16, g_B: 15, generated: 0, MM: 1, MMPER: 2.125%
[00:00:00:04:434] 
---------- SM_Grids/7x8_grid_with_random_blocks_12per_8 ----------
[00:00:00:03:343] Path of length 31 found: [0, 8, 16, 24, 32, 33, 34, 42, 50, 51, 52, 53, 45, 37, 36, 28, 27, 19, 18, 10, 2, 3, 4, 5, 6, 14, 22, 30, 31, 39, 47, 55]
[00:00:00:03:343] ! Unidirectional s-t. expansions: 1,108, time: 3,343 [ms], path length: 31 [edges], generated: 1,774
[00:00:00:01:582] Path of length 31 found: [55, 47, 39, 31, 30, 22, 14, 6, 5, 4, 3, 2, 10, 18, 19, 27, 28, 36, 37, 45, 53, 52, 51, 43, 42, 34, 33, 32, 24, 16, 8, 0]
[00:00:00:01:583] ! Unidirectional t-s. expansions: 380, time: 1,582 [ms], path length: 31 [edges], generated: 675
[00:00:00:01:547] Path of length 31 found: [0, 8, 16, 24, 32, 33, 34, 42, 50, 51, 52, 53, 45, 37, 36, 28, 27, 19, 18, 10, 2, 3, 4, 5, 6, 14, 22, 30, 31, 39, 47, 55]
[00:00:00:01:980] ! Bidirectional. expansions: 338, time: 1,547 [ms], path length: 31 [edges], g_F: 16, g_B: 15, generated: 0, MM: 1, MMPER: 2.125%
[00:00:00:01:980] 
---------- SM_Grids/7x8_grid_with_random_blocks_12per_9 ----------
[00:00:00:01:144] Path of length 31 found: [0, 8, 16, 17, 18, 26, 34, 33, 32, 40, 48, 49, 50, 51, 43, 44, 36, 28, 20, 12, 13, 5, 6, 7, 15, 23, 22, 30, 38, 46, 54, 55]
[00:00:00:01:144] ! Unidirectional s-t. expansions: 276, time: 1,144 [ms], path length: 31 [edges], generated: 487
[00:00:00:02:065] Path of length 31 found: [55, 54, 46, 38, 39, 31, 23, 15, 7, 6, 5, 13, 12, 11, 10, 18, 26, 27, 28, 36, 44, 43, 51, 50, 49, 41, 33, 32, 24, 16, 8, 0]
[00:00:00:02:066] ! Unidirectional t-s. expansions: 728, time: 2,066 [ms], path length: 31 [edges], generated: 1,056
[00:00:00:03:777] Path of length 31 found: [0, 8, 16, 17, 18, 26, 34, 33, 32, 40, 48, 49, 50, 51, 43, 44, 36, 28, 20, 12, 13, 5, 6, 7, 15, 23, 31, 39, 38, 46, 54, 55]
[00:00:00:04:226] ! Bidirectional. expansions: 1,228, time: 3,777 [ms], path length: 31 [edges], g_F: 16, g_B: 15, generated: 0, MM: 1, MMPER: 2.125%

[00:00:00:04:227] average expansions: (1,195, 1,338, 917, 0)
[00:00:00:04:227] average time: (3,700, 3,667, 3,134, 0)
[00:00:00:04:227] XDFBnB: 1,195 , 3,667 (expansions , time[ms])
[00:00:00:04:227] BiXDFBnB: 917 , 3,134 (expansions , time[ms])

