------------------------------------
Thu 01 Oct 2026 11:13:28 IDT
SLURM_JOBID:		21943004
SLURM_JOB_NODELIST:	ise-cpu256-28
SLURM_SCRATCH_DIR:	/scratch/shubit/21943004
Allocated Resouces:	cpu - 2 / mem - 61440 MB / gpu - 
SLURM_GPU_INDEX:	
Running as shubit from shimony account with normal QOS
------------------------------------
Thu 01 Oct 2026 11:13:28 IDT

SLURM_JOBID:		 21943004
SLURM_JOB_NODELIST:	 ise-cpu256-28 

--------------------------
date: SM_Grids
number_of_graphs: 10
graph_type: grid
size_of_graphs: [7, 9]
heuristic: bcc_heuristic
snake: True
run_uni: True
run_bi: True
run_multi: False
solution_vertices: []
algorithms: ['A']
lookahead: 4
bsd: False
cube_first_dims: 4
cube_buffer_dim: None
backward_sym_generation: False
sym_coil: False
prefix_set: None

---------- SM_Grids/7x9_grid_with_random_blocks_12per_0 ----------
[00:00:00:14:432] Path of length 32 found: [0, 9, 18, 19, 20, 11, 2, 3, 4, 5, 6, 15, 16, 25, 26, 35, 44, 43, 42, 33, 32, 31, 30, 39, 38, 47, 56, 57, 58, 59, 60, 61, 62]
[00:00:00:14:432] ! Unidirectional s-t. expansions: 527, time: 14,432 [ms], path length: 32 [edges], generated: 11,560
[00:00:00:15:359] Path of length 32 found: [62, 61, 60, 59, 58, 57, 56, 47, 38, 39, 30, 31, 32, 41, 42, 43, 44, 35, 26, 25, 16, 7, 6, 5, 14, 13, 12, 11, 20, 19, 18, 9, 0]
[00:00:00:15:360] ! Unidirectional t-s. expansions: 778, time: 15,360 [ms], path length: 32 [edges], generated: 12,451
[00:00:00:15:335] Path of length 32 found: [0, 9, 18, 19, 20, 11, 2, 3, 4, 5, 6, 7, 16, 25, 26, 35, 44, 43, 42, 41, 32, 31, 30, 39, 38, 47, 56, 57, 58, 59, 60, 61, 62]
[00:00:00:15:830] ! Bidirectional. expansions: 737, time: 15,335 [ms], path length: 32 [edges], g_F: 16, g_B: 16, generated: 0, MM: 0, MMPER: -1.0%
[00:00:00:15:830] 
---------- SM_Grids/7x9_grid_with_random_blocks_12per_1 ----------
[00:00:00:09:125] Path of length 32 found: [0, 9, 18, 19, 20, 11, 12, 13, 14, 5, 6, 7, 16, 25, 26, 35, 44, 43, 42, 41, 32, 31, 30, 39, 38, 47, 56, 57, 58, 59, 60, 61, 62]
[00:00:00:09:125] ! Unidirectional s-t. expansions: 373, time: 9,125 [ms], path length: 32 [edges], generated: 6,719
[00:00:00:10:501] Path of length 32 found: [62, 61, 60, 59, 58, 57, 56, 47, 38, 39, 30, 31, 32, 41, 42, 43, 34, 35, 26, 17, 16, 7, 6, 5, 14, 13, 12, 11, 20, 19, 18, 9, 0]
[00:00:00:10:501] ! Unidirectional t-s. expansions: 556, time: 10,501 [ms], path length: 32 [edges], generated: 9,050
[00:00:00:09:567] Path of length 32 found: [0, 9, 18, 19, 20, 11, 12, 13, 14, 5, 6, 7, 16, 25, 26, 35, 44, 43, 42, 41, 32, 31, 30, 39, 38, 47, 56, 57, 58, 59, 60, 61, 62]
[00:00:00:10:101] ! Bidirectional. expansions: 339, time: 9,567 [ms], path length: 32 [edges], g_F: 16, g_B: 16, generated: 0, MM: 0, MMPER: -1.0%
[00:00:00:10:101] 
---------- SM_Grids/7x9_grid_with_random_blocks_12per_2 ----------
[00:00:00:17:049] Path of length 32 found: [0, 9, 18, 27, 36, 45, 54, 55, 56, 47, 48, 49, 50, 41, 32, 31, 30, 21, 20, 11, 2, 3, 4, 13, 14, 15, 24, 25, 34, 43, 52, 61, 62]
[00:00:00:17:050] ! Unidirectional s-t. expansions: 699, time: 17,049 [ms], path length: 32 [edges], generated: 14,409
[00:00:00:25:022] Path of length 32 found: [62, 53, 44, 43, 34, 25, 16, 7, 6, 5, 14, 23, 32, 41, 40, 49, 48, 47, 56, 55, 54, 45, 36, 37, 28, 29, 20, 21, 12, 3, 2, 1, 0]
[00:00:00:25:022] ! Unidirectional t-s. expansions: 1,312, time: 25,022 [ms], path length: 32 [edges], generated: 25,044
[00:00:00:22:164] Path of length 32 found: [0, 1, 2, 3, 12, 21, 20, 19, 18, 27, 36, 45, 54, 55, 56, 47, 48, 49, 50, 41, 32, 23, 14, 5, 6, 7, 16, 25, 34, 43, 44, 53, 62]
[00:00:00:22:685] ! Bidirectional. expansions: 1,760, time: 22,164 [ms], path length: 32 [edges], g_F: 16, g_B: 16, generated: 0, MM: 0, MMPER: -1.0%
[00:00:00:22:686] 
---------- SM_Grids/7x9_grid_with_random_blocks_12per_3 ----------
[00:00:00:08:321] Path of length 36 found: [0, 9, 10, 11, 2, 3, 4, 5, 6, 7, 8, 17, 26, 35, 44, 43, 42, 33, 24, 23, 22, 21, 30, 29, 28, 27, 36, 45, 46, 47, 48, 49, 58, 59, 60, 61, 62]
[00:00:00:08:321] ! Unidirectional s-t. expansions: 366, time: 8,321 [ms], path length: 36 [edges], generated: 6,591
[00:00:00:06:195] Path of length 36 found: [62, 61, 60, 59, 58, 49, 48, 47, 46, 45, 36, 27, 28, 29, 30, 21, 22, 23, 32, 41, 42, 43, 34, 25, 26, 17, 8, 7, 6, 5, 4, 3, 2, 11, 10, 9, 0]
[00:00:00:06:196] ! Unidirectional t-s. expansions: 254, time: 6,195 [ms], path length: 36 [edges], generated: 4,880
[00:00:00:06:294] Path of length 36 found: [0, 9, 10, 11, 2, 3, 4, 5, 6, 7, 8, 17, 26, 35, 44, 43, 42, 33, 24, 23, 22, 21, 30, 29, 28, 27, 36, 45, 46, 47, 48, 49, 58, 59, 60, 61, 62]
[00:00:00:06:809] ! Bidirectional. expansions: 249, time: 6,294 [ms], path length: 36 [edges], g_F: 18, g_B: 18, generated: 0, MM: 0, MMPER: -1.0%
[00:00:00:06:809] 
---------- SM_Grids/7x9_grid_with_random_blocks_12per_4 ----------
[00:00:00:04:680] Path of length 36 found: [0, 1, 10, 11, 12, 13, 4, 5, 6, 7, 8, 17, 26, 25, 24, 23, 32, 41, 40, 39, 30, 29, 28, 27, 36, 45, 46, 47, 56, 57, 58, 59, 60, 51, 52, 53, 62]
[00:00:00:04:680] ! Unidirectional s-t. expansions: 244, time: 4,680 [ms], path length: 36 [edges], generated: 3,869
[00:00:00:05:877] Path of length 36 found: [62, 53, 52, 51, 60, 59, 58, 57, 56, 47, 46, 45, 36, 27, 28, 29, 30, 39, 40, 41, 32, 33, 34, 25, 26, 17, 8, 7, 6, 5, 4, 13, 12, 11, 2, 1, 0]
[00:00:00:05:877] ! Unidirectional t-s. expansions: 235, time: 5,877 [ms], path length: 36 [edges], generated: 4,751
[00:00:00:05:391] Path of length 36 found: [0, 1, 2, 11, 12, 13, 4, 5, 6, 7, 8, 17, 26, 25, 24, 23, 32, 41, 40, 39, 30, 29, 28, 27, 36, 45, 46, 47, 56, 57, 58, 59, 60, 51, 52, 53, 62]
[00:00:00:05:905] ! Bidirectional. expansions: 182, time: 5,391 [ms], path length: 36 [edges], g_F: 18, g_B: 18, generated: 0, MM: 0, MMPER: -1.0%
[00:00:00:05:905] 
---------- SM_Grids/7x9_grid_with_random_blocks_12per_5 ----------
[00:00:00:03:990] Path of length 30 found: [0, 1, 10, 19, 28, 29, 38, 39, 48, 49, 50, 41, 32, 31, 22, 21, 12, 3, 4, 5, 14, 15, 24, 25, 26, 35, 44, 43, 52, 61, 62]
[00:00:00:03:990] ! Unidirectional s-t. expansions: 101, time: 3,990 [ms], path length: 30 [edges], generated: 2,581
[00:00:00:16:418] Path of length 30 found: [62, 53, 52, 43, 34, 35, 26, 17, 16, 15, 6, 5, 4, 3, 12, 21, 22, 31, 32, 41, 50, 49, 48, 39, 38, 29, 28, 19, 10, 1, 0]
[00:00:00:16:418] ! Unidirectional t-s. expansions: 693, time: 16,418 [ms], path length: 30 [edges], generated: 12,177
[00:00:00:06:989] Path of length 30 found: [0, 1, 10, 19, 28, 29, 38, 39, 48, 49, 50, 41, 32, 23, 22, 21, 12, 3, 4, 5, 6, 15, 16, 17, 26, 35, 44, 43, 52, 61, 62]
[00:00:00:07:561] ! Bidirectional. expansions: 204, time: 6,989 [ms], path length: 30 [edges], g_F: 15, g_B: 15, generated: 0, MM: 0, MMPER: -1.0%
[00:00:00:07:561] 
---------- SM_Grids/7x9_grid_with_random_blocks_12per_6 ----------
[00:00:00:07:578] Path of length 36 found: [0, 9, 18, 19, 20, 11, 2, 3, 4, 13, 22, 31, 40, 39, 38, 37, 36, 45, 54, 55, 56, 57, 58, 59, 50, 51, 42, 33, 24, 15, 16, 17, 26, 35, 44, 53, 62]
[00:00:00:07:579] ! Unidirectional s-t. expansions: 286, time: 7,578 [ms], path length: 36 [edges], generated: 5,575
[00:00:00:06:437] Path of length 36 found: [62, 53, 44, 35, 26, 17, 16, 15, 24, 33, 42, 51, 60, 59, 58, 57, 56, 55, 54, 45, 36, 37, 38, 39, 40, 31, 22, 13, 4, 3, 2, 11, 20, 19, 18, 9, 0]
[00:00:00:06:437] ! Unidirectional t-s. expansions: 326, time: 6,437 [ms], path length: 36 [edges], generated: 5,404
[00:00:00:07:877] Path of length 36 found: [0, 9, 18, 19, 20, 11, 2, 3, 4, 5, 6, 7, 16, 25, 24, 23, 22, 31, 40, 39, 38, 37, 36, 45, 54, 55, 56, 57, 58, 59, 60, 51, 42, 43, 44, 53, 62]
[00:00:00:08:387] ! Bidirectional. expansions: 506, time: 7,877 [ms], path length: 36 [edges], g_F: 18, g_B: 18, generated: 0, MM: 0, MMPER: -1.0%
[00:00:00:08:387] 
---------- SM_Grids/7x9_grid_with_random_blocks_12per_7 ----------
[00:00:00:13:119] Path of length 34 found: [0, 1, 10, 19, 18, 27, 36, 45, 54, 55, 56, 57, 58, 59, 60, 51, 42, 41, 40, 39, 30, 21, 12, 3, 4, 5, 14, 23, 24, 25, 34, 35, 44, 53, 62]
[00:00:00:13:119] ! Unidirectional s-t. expansions: 700, time: 13,119 [ms], path length: 34 [edges], generated: 12,106
[00:00:00:08:068] Path of length 34 found: [62, 53, 44, 35, 34, 25, 24, 15, 14, 5, 4, 3, 12, 21, 22, 31, 32, 41, 42, 51, 60, 59, 58, 49, 48, 39, 38, 37, 36, 27, 18, 19, 10, 1, 0]
[00:00:00:08:069] ! Unidirectional t-s. expansions: 365, time: 8,068 [ms], path length: 34 [edges], generated: 6,124
[00:00:00:09:609] Path of length 34 found: [0, 1, 10, 19, 18, 27, 36, 45, 54, 55, 56, 57, 58, 59, 60, 51, 42, 41, 40, 39, 30, 21, 12, 3, 4, 5, 14, 15, 24, 25, 34, 35, 44, 53, 62]
[00:00:00:10:167] ! Bidirectional. expansions: 516, time: 9,609 [ms], path length: 34 [edges], g_F: 17, g_B: 17, generated: 0, MM: 0, MMPER: -1.0%
[00:00:00:10:168] 
---------- SM_Grids/7x9_grid_with_random_blocks_12per_8 ----------
[00:00:00:15:784] Path of length 32 found: [0, 1, 2, 3, 4, 13, 22, 21, 20, 19, 18, 27, 36, 37, 38, 39, 40, 41, 32, 33, 24, 15, 6, 7, 8, 17, 26, 35, 44, 43, 52, 61, 62]
[00:00:00:15:785] ! Unidirectional s-t. expansions: 587, time: 15,784 [ms], path length: 32 [edges], generated: 13,969
[00:00:00:16:116] Path of length 32 found: [62, 61, 60, 51, 42, 43, 34, 35, 26, 17, 8, 7, 6, 15, 24, 23, 32, 31, 40, 39, 38, 37, 36, 27, 18, 19, 20, 21, 12, 3, 2, 1, 0]
[00:00:00:16:116] ! Unidirectional t-s. expansions: 551, time: 16,116 [ms], path length: 32 [edges], generated: 11,237
[00:00:00:15:197] Path of length 32 found: [0, 9, 18, 27, 36, 37, 38, 29, 20, 11, 2, 3, 4, 5, 6, 7, 16, 17, 26, 35, 34, 33, 24, 23, 22, 31, 40, 41, 50, 51, 60, 61, 62]
[00:00:00:15:677] ! Bidirectional. expansions: 709, time: 15,197 [ms], path length: 32 [edges], g_F: 16, g_B: 16, generated: 0, MM: 0, MMPER: -1.0%
[00:00:00:15:677] 
---------- SM_Grids/7x9_grid_with_random_blocks_12per_9 ----------
[00:00:00:11:329] Path of length 36 found: [0, 9, 18, 19, 28, 37, 36, 45, 54, 55, 56, 47, 48, 49, 58, 59, 60, 51, 42, 41, 32, 23, 22, 21, 12, 3, 4, 5, 6, 15, 16, 25, 34, 35, 44, 53, 62]
[00:00:00:11:329] ! Unidirectional s-t. expansions: 499, time: 11,329 [ms], path length: 36 [edges], generated: 9,427
[00:00:00:07:552] Path of length 36 found: [62, 53, 44, 35, 26, 17, 16, 7, 6, 5, 4, 3, 12, 21, 22, 23, 32, 41, 42, 51, 60, 59, 58, 49, 48, 47, 56, 55, 54, 45, 36, 37, 28, 19, 10, 1, 0]
[00:00:00:07:552] ! Unidirectional t-s. expansions: 572, time: 7,552 [ms], path length: 36 [edges], generated: 7,708
[00:00:00:09:684] Path of length 36 found: [0, 9, 18, 19, 28, 37, 36, 45, 54, 55, 56, 47, 48, 49, 58, 59, 60, 51, 42, 41, 32, 31, 30, 21, 12, 3, 4, 5, 6, 7, 16, 17, 26, 35, 44, 53, 62]
[00:00:00:10:238] ! Bidirectional. expansions: 694, time: 9,684 [ms], path length: 36 [edges], g_F: 18, g_B: 18, generated: 0, MM: 0, MMPER: -1.0%

[00:00:00:10:238] average expansions: (438, 564, 590, 0)
[00:00:00:10:238] average time: (10,541, 11,755, 10,811, 0)
[00:00:00:10:238] XA*: 438 , 10,541 (expansions , time[ms])
[00:00:00:10:238] BiXA*: 590 , 10,811 (expansions , time[ms])

