------------------------------------
Thu 01 Oct 2026 17:32:43 IDT
SLURM_JOBID:		21953672
SLURM_JOB_NODELIST:	ise-cpu256-23
SLURM_SCRATCH_DIR:	/scratch/shubit/21953672
Allocated Resouces:	cpu - 2 / mem - 61440 MB / gpu - 
SLURM_GPU_INDEX:	
Running as shubit from shimony account with normal QOS
------------------------------------
Thu 01 Oct 2026 17:32:43 IDT

SLURM_JOBID:		 21953672
SLURM_JOB_NODELIST:	 ise-cpu256-23 

--------------------------
date: SM_Grids
number_of_graphs: 10
graph_type: grid
size_of_graphs: [7, 9]
heuristic: bcc_heuristic
snake: True
run_uni: True
run_bi: True
run_multi: False
solution_vertices: []
algorithms: ['XMM']
lookahead: -1
bsd: False
cube_first_dims: 4
cube_buffer_dim: None
backward_sym_generation: False
sym_coil: False
prefix_set: None

---------- SM_Grids/7x9_grid_with_random_blocks_12per_0 ----------
[00:00:00:09:801] Path of length 32 found: [0, 9, 18, 19, 20, 11, 2, 3, 4, 5, 6, 15, 16, 25, 26, 35, 44, 43, 42, 33, 32, 31, 30, 39, 38, 47, 56, 57, 58, 59, 60, 61, 62]
[00:00:00:09:801] ! Unidirectional s-t. expansions: 2,100, time: 9,801 [ms], path length: 32 [edges], generated: 3,806
[00:00:00:11:751] Path of length 32 found: [62, 61, 60, 59, 58, 57, 56, 47, 38, 39, 30, 31, 32, 41, 42, 43, 44, 35, 26, 25, 16, 7, 6, 5, 4, 13, 12, 11, 20, 19, 18, 9, 0]
[00:00:00:11:752] ! Unidirectional t-s. expansions: 3,032, time: 11,751 [ms], path length: 32 [edges], generated: 4,933
[00:00:00:00:210] Expansion 35: New longest path found with length 16: [0, 9, 18, 19, 28, 29, 38, 47, 56, 57, 58, 49, 50, 51, 60, 61, 62]. g_current=10, g_opposite=6, f_max=38, generated=63
[00:00:00:00:451] Expansion 82: New longest path found with length 18: [0, 9, 18, 19, 20, 11, 2, 3, 4, 5, 6, 7, 16, 25, 26, 35, 44, 53, 62]. g_current=7, g_opposite=11, f_max=38, generated=149
[00:00:00:00:650] Expansion 118: New longest path found with length 22: [0, 9, 18, 19, 20, 11, 2, 3, 4, 5, 6, 7, 16, 25, 26, 35, 44, 43, 42, 51, 60, 61, 62]. g_current=13, g_opposite=9, f_max=37, generated=210
[00:00:00:00:956] Expansion 179: New longest path found with length 28: [0, 9, 18, 19, 28, 29, 38, 47, 56, 57, 58, 59, 60, 51, 42, 33, 32, 23, 14, 5, 6, 7, 16, 25, 26, 35, 44, 53, 62]. g_current=13, g_opposite=15, f_max=38, generated=328
[00:00:00:01:297] Expansion 252: New longest path found with length 30: [0, 9, 18, 19, 28, 29, 38, 47, 56, 57, 58, 49, 40, 31, 22, 23, 14, 5, 6, 7, 16, 25, 26, 35, 44, 43, 42, 51, 60, 61, 62]. g_current=17, g_opposite=13, f_max=36, generated=455
[00:00:00:02:923] Expansion 621: New longest path found with length 32: [0, 9, 18, 19, 20, 11, 2, 3, 4, 5, 6, 15, 16, 25, 26, 35, 44, 43, 42, 41, 32, 31, 30, 39, 38, 47, 56, 57, 58, 59, 60, 61, 62]. g_current=14, g_opposite=18, f_max=35, generated=1,113
[00:00:00:13:395] Path of length 32 found: [0, 9, 18, 19, 20, 11, 2, 3, 4, 5, 6, 15, 16, 25, 26, 35, 44, 43, 42, 41, 32, 31, 30, 39, 38, 47, 56, 57, 58, 59, 60, 61, 62]
[00:00:00:13:837] ! Bidirectional. expansions: 2,937, time: 13,395 [ms], path length: 32 [edges], g_F: 18, g_B: 14, generated: 5,404, MM: 4, MMPER: 11.121212121212121%
[00:00:00:13:837] 
---------- SM_Grids/7x9_grid_with_random_blocks_12per_1 ----------
[00:00:00:05:357] Path of length 32 found: [0, 9, 18, 19, 20, 11, 12, 13, 14, 5, 6, 7, 16, 17, 26, 35, 34, 43, 42, 41, 32, 31, 30, 39, 38, 47, 56, 57, 58, 59, 60, 61, 62]
[00:00:00:05:357] ! Unidirectional s-t. expansions: 1,087, time: 5,357 [ms], path length: 32 [edges], generated: 1,882
[00:00:00:08:784] Path of length 32 found: [62, 61, 60, 59, 58, 57, 56, 47, 38, 39, 30, 31, 32, 41, 42, 43, 44, 35, 26, 17, 16, 7, 6, 5, 14, 13, 12, 11, 20, 19, 18, 9, 0]
[00:00:00:08:785] ! Unidirectional t-s. expansions: 2,088, time: 8,784 [ms], path length: 32 [edges], generated: 3,544
[00:00:00:00:612] Expansion 115: New longest path found with length 20: [0, 9, 18, 19, 20, 11, 12, 13, 14, 5, 6, 7, 16, 17, 26, 35, 34, 43, 52, 53, 62]. g_current=6, g_opposite=14, f_max=38, generated=199
[00:00:00:00:989] Expansion 200: New longest path found with length 24: [0, 9, 18, 19, 20, 11, 12, 13, 14, 5, 6, 7, 16, 17, 26, 35, 34, 43, 42, 41, 50, 59, 60, 61, 62]. g_current=8, g_opposite=16, f_max=37, generated=344
[00:00:00:02:230] Expansion 445: New longest path found with length 30: [0, 9, 18, 19, 20, 11, 12, 13, 14, 5, 6, 7, 16, 17, 26, 35, 34, 43, 42, 41, 40, 39, 38, 47, 56, 57, 58, 59, 60, 61, 62]. g_current=13, g_opposite=17, f_max=35, generated=845
[00:00:00:04:633] Expansion 956: New longest path found with length 32: [0, 9, 18, 19, 20, 11, 12, 13, 14, 5, 6, 7, 16, 17, 26, 35, 34, 43, 42, 41, 32, 31, 30, 39, 38, 47, 56, 57, 58, 59, 60, 61, 62]. g_current=15, g_opposite=17, f_max=34, generated=1,845
[00:00:00:09:082] Path of length 32 found: [0, 9, 18, 19, 20, 11, 12, 13, 14, 5, 6, 7, 16, 17, 26, 35, 34, 43, 42, 41, 32, 31, 30, 39, 38, 47, 56, 57, 58, 59, 60, 61, 62]
[00:00:00:09:509] ! Bidirectional. expansions: 1,950, time: 9,082 [ms], path length: 32 [edges], g_F: 17, g_B: 15, generated: 3,561, MM: 2, MMPER: 5.0606060606060606%
[00:00:00:09:509] 
---------- SM_Grids/7x9_grid_with_random_blocks_12per_2 ----------
[00:00:00:10:367] Path of length 32 found: [0, 9, 18, 27, 36, 45, 54, 55, 56, 47, 48, 49, 50, 41, 32, 31, 30, 29, 20, 11, 2, 3, 4, 13, 14, 15, 24, 25, 34, 43, 52, 61, 62]
[00:00:00:10:368] ! Unidirectional s-t. expansions: 2,202, time: 10,367 [ms], path length: 32 [edges], generated: 4,010
[00:00:00:19:984] Path of length 32 found: [62, 53, 44, 43, 34, 25, 16, 7, 6, 5, 14, 23, 32, 41, 50, 49, 48, 47, 56, 55, 54, 45, 36, 37, 28, 29, 20, 21, 12, 3, 2, 1, 0]
[00:00:00:19:984] ! Unidirectional t-s. expansions: 4,867, time: 19,984 [ms], path length: 32 [edges], generated: 8,684
[00:00:00:00:517] Expansion 90: New longest path found with length 14: [0, 1, 2, 3, 4, 5, 6, 7, 16, 25, 34, 43, 44, 53, 62]. g_current=9, g_opposite=5, f_max=39, generated=171
[00:00:00:00:661] Expansion 127: New longest path found with length 20: [0, 9, 18, 19, 28, 37, 36, 45, 54, 55, 56, 47, 48, 49, 50, 41, 42, 43, 44, 53, 62]. g_current=7, g_opposite=13, f_max=39, generated=229
[00:00:00:00:731] Expansion 141: New longest path found with length 22: [0, 9, 18, 19, 28, 37, 36, 45, 54, 55, 56, 47, 48, 49, 50, 41, 32, 33, 34, 43, 44, 53, 62]. g_current=13, g_opposite=9, f_max=39, generated=255
[00:00:00:00:914] Expansion 180: New longest path found with length 28: [0, 9, 18, 19, 28, 37, 36, 45, 54, 55, 56, 47, 48, 49, 50, 41, 32, 23, 14, 5, 6, 7, 16, 25, 34, 43, 44, 53, 62]. g_current=14, g_opposite=14, f_max=38, generated=323
[00:00:00:02:431] Expansion 530: New longest path found with length 30: [0, 1, 2, 11, 20, 19, 18, 27, 36, 45, 54, 55, 56, 47, 48, 49, 50, 41, 32, 23, 14, 5, 6, 7, 16, 25, 34, 43, 44, 53, 62]. g_current=15, g_opposite=15, f_max=37, generated=884
[00:00:00:03:296] Expansion 767: New longest path found with length 32: [0, 1, 2, 3, 12, 21, 20, 19, 18, 27, 36, 45, 54, 55, 56, 47, 38, 39, 40, 41, 32, 23, 14, 5, 6, 7, 16, 25, 34, 43, 44, 53, 62]. g_current=18, g_opposite=14, f_max=37, generated=1,280
[00:00:00:17:533] Path of length 32 found: [0, 1, 2, 3, 12, 21, 20, 19, 18, 27, 36, 45, 54, 55, 56, 47, 38, 39, 40, 41, 32, 23, 14, 5, 6, 7, 16, 25, 34, 43, 44, 53, 62]
[00:00:00:17:958] ! Bidirectional. expansions: 3,947, time: 17,533 [ms], path length: 32 [edges], g_F: 18, g_B: 14, generated: 7,407, MM: 4, MMPER: 11.121212121212121%
[00:00:00:17:958] 
---------- SM_Grids/7x9_grid_with_random_blocks_12per_3 ----------
[00:00:00:06:271] Path of length 36 found: [0, 9, 10, 11, 2, 3, 4, 5, 6, 7, 8, 17, 26, 35, 44, 43, 42, 33, 24, 23, 22, 21, 30, 29, 28, 27, 36, 45, 46, 47, 48, 49, 58, 59, 60, 61, 62]
[00:00:00:06:272] ! Unidirectional s-t. expansions: 1,391, time: 6,271 [ms], path length: 36 [edges], generated: 2,340
[00:00:00:04:854] Path of length 36 found: [62, 61, 60, 59, 50, 49, 40, 39, 38, 47, 46, 45, 36, 27, 28, 19, 20, 21, 22, 23, 32, 33, 42, 43, 44, 35, 26, 17, 8, 7, 6, 5, 4, 3, 2, 1, 0]
[00:00:00:04:854] ! Unidirectional t-s. expansions: 1,094, time: 4,854 [ms], path length: 36 [edges], generated: 1,913
[00:00:00:00:290] Expansion 48: New longest path found with length 18: [0, 9, 10, 11, 2, 3, 4, 5, 6, 7, 8, 17, 26, 25, 34, 43, 44, 53, 62]. g_current=7, g_opposite=11, f_max=42, generated=90
[00:00:00:00:458] Expansion 80: New longest path found with length 20: [0, 1, 2, 3, 4, 5, 6, 7, 8, 17, 26, 35, 44, 43, 42, 41, 50, 59, 60, 61, 62]. g_current=9, g_opposite=11, f_max=42, generated=149
[00:00:00:00:462] Expansion 81: New longest path found with length 22: [0, 9, 10, 11, 2, 3, 4, 5, 6, 7, 8, 17, 26, 35, 44, 43, 42, 41, 50, 59, 60, 61, 62]. g_current=10, g_opposite=12, f_max=41, generated=150
[00:00:00:00:530] Expansion 94: New longest path found with length 24: [0, 9, 10, 11, 2, 3, 4, 5, 6, 7, 8, 17, 26, 25, 24, 33, 32, 41, 40, 49, 58, 59, 60, 61, 62]. g_current=14, g_opposite=10, f_max=41, generated=173
[00:00:00:01:301] Expansion 269: New longest path found with length 26: [0, 1, 10, 11, 20, 21, 22, 13, 4, 5, 6, 7, 8, 17, 26, 35, 44, 43, 42, 41, 40, 49, 58, 59, 60, 61, 62]. g_current=13, g_opposite=13, f_max=40, generated=466
[00:00:00:02:357] Expansion 521: New longest path found with length 28: [0, 9, 10, 11, 2, 3, 4, 5, 6, 7, 8, 17, 26, 35, 44, 43, 42, 33, 24, 23, 22, 31, 40, 49, 50, 59, 60, 61, 62]. g_current=19, g_opposite=9, f_max=40, generated=856
[00:00:00:02:369] Expansion 524: New longest path found with length 32: [0, 9, 10, 11, 2, 3, 4, 5, 6, 7, 8, 17, 26, 25, 24, 23, 22, 21, 30, 29, 28, 27, 36, 45, 46, 47, 48, 49, 50, 59, 60, 61, 62]. g_current=17, g_opposite=15, f_max=39, generated=861
[00:00:00:02:522] Expansion 559: New longest path found with length 36: [0, 1, 2, 3, 4, 5, 6, 7, 8, 17, 26, 35, 44, 43, 42, 33, 24, 23, 22, 21, 20, 19, 28, 27, 36, 45, 46, 47, 38, 39, 40, 49, 50, 59, 60, 61, 62]. g_current=19, g_opposite=17, f_max=39, generated=916
[00:00:00:07:572] Path of length 36 found: [0, 1, 2, 3, 4, 5, 6, 7, 8, 17, 26, 35, 44, 43, 42, 33, 24, 23, 22, 21, 20, 19, 28, 27, 36, 45, 46, 47, 38, 39, 40, 49, 50, 59, 60, 61, 62]
[00:00:00:07:999] ! Bidirectional. expansions: 1,699, time: 7,572 [ms], path length: 36 [edges], g_F: 19, g_B: 17, generated: 2,933, MM: 2, MMPER: 4.405405405405405%
[00:00:00:07:999] 
---------- SM_Grids/7x9_grid_with_random_blocks_12per_4 ----------
[00:00:00:04:054] Path of length 36 found: [0, 1, 10, 11, 12, 13, 4, 5, 6, 7, 8, 17, 26, 25, 24, 23, 32, 41, 40, 39, 30, 29, 28, 27, 36, 45, 46, 47, 56, 57, 58, 59, 60, 51, 52, 53, 62]
[00:00:00:04:055] ! Unidirectional s-t. expansions: 926, time: 4,054 [ms], path length: 36 [edges], generated: 1,527
[00:00:00:03:685] Path of length 36 found: [62, 53, 52, 51, 60, 59, 58, 57, 56, 47, 46, 45, 36, 27, 28, 29, 30, 39, 40, 41, 32, 33, 34, 25, 26, 17, 8, 7, 6, 5, 4, 13, 12, 11, 2, 1, 0]
[00:00:00:03:685] ! Unidirectional t-s. expansions: 735, time: 3,685 [ms], path length: 36 [edges], generated: 1,266
[00:00:00:00:253] Expansion 48: New longest path found with length 18: [0, 1, 10, 19, 28, 27, 36, 45, 46, 47, 56, 57, 58, 59, 60, 51, 52, 53, 62]. g_current=3, g_opposite=15, f_max=41, generated=78
[00:00:00:00:314] Expansion 59: New longest path found with length 20: [0, 1, 2, 11, 20, 19, 28, 27, 36, 45, 46, 47, 56, 57, 58, 59, 60, 51, 52, 53, 62]. g_current=15, g_opposite=5, f_max=40, generated=98
[00:00:00:00:798] Expansion 155: New longest path found with length 26: [0, 1, 10, 11, 12, 13, 4, 5, 6, 7, 8, 17, 26, 25, 34, 33, 32, 41, 40, 49, 58, 59, 60, 51, 52, 53, 62]. g_current=12, g_opposite=14, f_max=39, generated=264
[00:00:00:01:184] Expansion 241: New longest path found with length 36: [0, 1, 10, 11, 12, 13, 4, 5, 6, 7, 8, 17, 26, 25, 24, 23, 32, 41, 40, 39, 30, 29, 28, 27, 36, 45, 46, 47, 56, 57, 58, 59, 60, 51, 52, 53, 62]. g_current=16, g_opposite=20, f_max=40, generated=409
[00:00:00:05:552] Path of length 36 found: [0, 1, 10, 11, 12, 13, 4, 5, 6, 7, 8, 17, 26, 25, 24, 23, 32, 41, 40, 39, 30, 29, 28, 27, 36, 45, 46, 47, 56, 57, 58, 59, 60, 51, 52, 53, 62]
[00:00:00:05:978] ! Bidirectional. expansions: 1,262, time: 5,552 [ms], path length: 36 [edges], g_F: 16, g_B: 20, generated: 2,142, MM: 4, MMPER: 9.81081081081081%
[00:00:00:05:979] 
---------- SM_Grids/7x9_grid_with_random_blocks_12per_5 ----------
[00:00:00:02:127] Path of length 30 found: [0, 1, 10, 19, 28, 29, 38, 39, 48, 49, 50, 41, 32, 31, 22, 21, 12, 3, 4, 5, 14, 15, 24, 25, 26, 35, 44, 43, 52, 61, 62]
[00:00:00:02:127] ! Unidirectional s-t. expansions: 398, time: 2,127 [ms], path length: 30 [edges], generated: 776
[00:00:00:08:535] Path of length 30 found: [62, 61, 52, 43, 44, 35, 26, 17, 16, 15, 6, 5, 4, 3, 12, 21, 22, 31, 32, 41, 50, 49, 48, 39, 38, 29, 28, 19, 10, 1, 0]
[00:00:00:08:535] ! Unidirectional t-s. expansions: 1,790, time: 8,535 [ms], path length: 30 [edges], generated: 3,256
[00:00:00:00:354] Expansion 63: New longest path found with length 14: [0, 1, 2, 11, 20, 29, 38, 39, 48, 49, 50, 51, 60, 61, 62]. g_current=4, g_opposite=10, f_max=36, generated=113
[00:00:00:00:443] Expansion 73: New longest path found with length 18: [0, 1, 2, 3, 4, 5, 6, 15, 16, 17, 26, 35, 34, 43, 42, 51, 60, 61, 62]. g_current=11, g_opposite=7, f_max=35, generated=134
[00:00:00:00:890] Expansion 170: New longest path found with length 20: [0, 1, 10, 11, 12, 3, 4, 5, 6, 15, 16, 17, 26, 35, 34, 43, 42, 51, 60, 61, 62]. g_current=16, g_opposite=4, f_max=34, generated=312
[00:00:00:01:657] Expansion 328: New longest path found with length 24: [0, 1, 10, 19, 28, 29, 38, 39, 40, 31, 32, 23, 24, 15, 16, 17, 26, 35, 34, 43, 42, 51, 60, 61, 62]. g_current=16, g_opposite=8, f_max=33, generated=608
[00:00:00:03:128] Expansion 629: New longest path found with length 26: [0, 1, 2, 3, 4, 13, 22, 21, 20, 29, 38, 39, 48, 49, 50, 41, 32, 33, 24, 25, 26, 35, 44, 43, 52, 61, 62]. g_current=17, g_opposite=9, f_max=33, generated=1,207
[00:00:00:03:225] Expansion 653: New longest path found with length 28: [0, 1, 10, 19, 28, 29, 38, 39, 48, 49, 50, 41, 32, 23, 22, 13, 4, 5, 6, 15, 16, 17, 26, 35, 44, 43, 52, 61, 62]. g_current=16, g_opposite=12, f_max=32, generated=1,257
[00:00:00:07:055] Expansion 1,489: New longest path found with length 30: [0, 1, 10, 19, 28, 29, 38, 39, 48, 49, 50, 41, 32, 31, 22, 21, 12, 3, 4, 5, 6, 15, 16, 17, 26, 35, 44, 43, 52, 61, 62]. g_current=14, g_opposite=16, f_max=31, generated=2,897
[00:00:00:07:921] Path of length 30 found: [0, 1, 10, 19, 28, 29, 38, 39, 48, 49, 50, 41, 32, 31, 22, 21, 12, 3, 4, 5, 6, 15, 16, 17, 26, 35, 44, 43, 52, 61, 62]
[00:00:00:08:342] ! Bidirectional. expansions: 1,625, time: 7,921 [ms], path length: 30 [edges], g_F: 14, g_B: 16, generated: 3,150, MM: 2, MMPER: 5.451612903225806%
[00:00:00:08:342] 
---------- SM_Grids/7x9_grid_with_random_blocks_12per_6 ----------
[00:00:00:06:164] Path of length 36 found: [0, 9, 18, 19, 20, 11, 2, 3, 4, 13, 22, 31, 40, 39, 38, 37, 36, 45, 54, 55, 56, 57, 58, 59, 50, 51, 42, 33, 24, 15, 16, 17, 26, 35, 44, 53, 62]
[00:00:00:06:165] ! Unidirectional s-t. expansions: 1,293, time: 6,164 [ms], path length: 36 [edges], generated: 2,185
[00:00:00:05:082] Path of length 36 found: [62, 53, 44, 43, 42, 51, 50, 59, 58, 57, 56, 55, 54, 45, 36, 37, 38, 39, 40, 31, 22, 23, 24, 25, 16, 7, 6, 5, 4, 3, 2, 11, 20, 19, 18, 9, 0]
[00:00:00:05:082] ! Unidirectional t-s. expansions: 1,122, time: 5,082 [ms], path length: 36 [edges], generated: 1,862
[00:00:00:00:226] Expansion 42: New longest path found with length 18: [0, 9, 18, 19, 20, 11, 12, 3, 4, 5, 6, 7, 16, 17, 26, 35, 44, 53, 62]. g_current=7, g_opposite=11, f_max=42, generated=71
[00:00:00:00:426] Expansion 81: New longest path found with length 20: [0, 9, 18, 19, 28, 37, 36, 45, 54, 55, 56, 57, 48, 39, 40, 41, 42, 43, 44, 53, 62]. g_current=15, g_opposite=5, f_max=41, generated=140
[00:00:00:00:767] Expansion 151: New longest path found with length 30: [0, 9, 18, 19, 28, 37, 36, 45, 54, 55, 56, 57, 48, 39, 40, 41, 42, 33, 24, 23, 14, 5, 6, 7, 16, 17, 26, 35, 44, 53, 62]. g_current=14, g_opposite=16, f_max=40, generated=256
[00:00:00:01:751] Expansion 380: New longest path found with length 32: [0, 9, 18, 19, 28, 37, 36, 45, 54, 55, 56, 57, 48, 39, 40, 41, 42, 33, 24, 23, 22, 13, 4, 5, 6, 7, 16, 17, 26, 35, 44, 53, 62]. g_current=16, g_opposite=16, f_max=39, generated=636
[00:00:00:02:556] Expansion 561: New longest path found with length 34: [0, 1, 2, 11, 20, 19, 18, 27, 36, 45, 54, 55, 56, 57, 48, 39, 40, 41, 42, 33, 24, 23, 22, 13, 4, 5, 6, 7, 16, 17, 26, 35, 44, 53, 62]. g_current=17, g_opposite=17, f_max=39, generated=938
[00:00:00:04:366] Expansion 985: New longest path found with length 36: [0, 9, 18, 19, 20, 11, 2, 3, 4, 13, 22, 31, 40, 39, 38, 37, 36, 45, 54, 55, 56, 57, 58, 59, 60, 51, 42, 33, 24, 15, 16, 17, 26, 35, 44, 53, 62]. g_current=16, g_opposite=20, f_max=38, generated=1,683
[00:00:00:08:407] Path of length 36 found: [0, 9, 18, 19, 20, 11, 2, 3, 4, 13, 22, 31, 40, 39, 38, 37, 36, 45, 54, 55, 56, 57, 58, 59, 60, 51, 42, 33, 24, 15, 16, 17, 26, 35, 44, 53, 62]
[00:00:00:08:825] ! Bidirectional. expansions: 1,900, time: 8,407 [ms], path length: 36 [edges], g_F: 16, g_B: 20, generated: 3,215, MM: 4, MMPER: 9.81081081081081%
[00:00:00:08:825] 
---------- SM_Grids/7x9_grid_with_random_blocks_12per_7 ----------
[00:00:00:08:857] Path of length 34 found: [0, 9, 18, 19, 28, 37, 36, 45, 54, 55, 56, 57, 58, 59, 60, 51, 42, 41, 32, 31, 22, 21, 12, 3, 4, 5, 14, 15, 24, 25, 34, 35, 44, 53, 62]
[00:00:00:08:858] ! Unidirectional s-t. expansions: 2,132, time: 8,857 [ms], path length: 34 [edges], generated: 3,745
[00:00:00:04:938] Path of length 34 found: [62, 53, 44, 35, 34, 25, 24, 15, 14, 5, 4, 3, 12, 21, 22, 31, 32, 41, 42, 51, 60, 59, 58, 49, 48, 39, 38, 37, 36, 27, 18, 19, 10, 1, 0]
[00:00:00:04:939] ! Unidirectional t-s. expansions: 1,050, time: 4,938 [ms], path length: 34 [edges], generated: 1,723
[00:00:00:00:268] Expansion 41: New longest path found with length 14: [0, 1, 2, 3, 4, 5, 14, 15, 24, 25, 34, 35, 44, 53, 62]. g_current=6, g_opposite=8, f_max=39, generated=74
[00:00:00:00:321] Expansion 52: New longest path found with length 16: [0, 9, 18, 19, 28, 37, 36, 45, 54, 55, 56, 57, 58, 59, 60, 61, 62]. g_current=9, g_opposite=7, f_max=39, generated=92
[00:00:00:00:614] Expansion 124: New longest path found with length 18: [0, 9, 18, 19, 20, 21, 12, 3, 4, 5, 14, 15, 24, 25, 34, 35, 44, 53, 62]. g_current=12, g_opposite=6, f_max=40, generated=197
[00:00:00:01:050] Expansion 220: New longest path found with length 20: [0, 9, 18, 19, 20, 21, 12, 3, 4, 5, 14, 15, 24, 25, 34, 43, 42, 51, 60, 61, 62]. g_current=14, g_opposite=6, f_max=38, generated=364
[00:00:00:01:664] Expansion 379: New longest path found with length 22: [0, 9, 18, 19, 20, 21, 12, 3, 4, 5, 14, 15, 24, 25, 34, 43, 42, 41, 50, 59, 60, 61, 62]. g_current=7, g_opposite=15, f_max=37, generated=611
[00:00:00:01:829] Expansion 413: New longest path found with length 28: [0, 9, 18, 19, 28, 37, 36, 45, 54, 55, 56, 57, 48, 39, 30, 21, 12, 3, 4, 5, 14, 15, 24, 25, 34, 35, 44, 53, 62]. g_current=13, g_opposite=15, f_max=37, generated=672
[00:00:00:01:834] Expansion 414: New longest path found with length 30: [0, 9, 18, 19, 28, 37, 36, 45, 54, 55, 56, 57, 48, 39, 40, 31, 22, 21, 12, 3, 4, 5, 14, 15, 24, 25, 34, 35, 44, 53, 62]. g_current=14, g_opposite=16, f_max=38, generated=674
[00:00:00:02:744] Expansion 612: New longest path found with length 32: [0, 9, 18, 19, 28, 37, 36, 45, 54, 55, 56, 57, 48, 49, 50, 41, 32, 31, 22, 21, 12, 3, 4, 5, 14, 15, 24, 25, 34, 35, 44, 53, 62]. g_current=18, g_opposite=14, f_max=36, generated=1,036
[00:00:00:04:193] Expansion 953: New longest path found with length 34: [0, 9, 18, 19, 28, 37, 36, 45, 54, 55, 56, 57, 58, 59, 60, 51, 42, 41, 32, 31, 22, 21, 12, 3, 4, 5, 14, 15, 24, 25, 34, 35, 44, 53, 62]. g_current=15, g_opposite=19, f_max=36, generated=1,643
[00:00:00:08:980] Path of length 34 found: [0, 9, 18, 19, 28, 37, 36, 45, 54, 55, 56, 57, 58, 59, 60, 51, 42, 41, 32, 31, 22, 21, 12, 3, 4, 5, 14, 15, 24, 25, 34, 35, 44, 53, 62]
[00:00:00:09:394] ! Bidirectional. expansions: 2,043, time: 8,980 [ms], path length: 34 [edges], g_F: 15, g_B: 19, generated: 3,607, MM: 4, MMPER: 10.428571428571429%
[00:00:00:09:394] 
---------- SM_Grids/7x9_grid_with_random_blocks_12per_8 ----------
[00:00:00:08:898] Path of length 32 found: [0, 1, 2, 3, 4, 13, 22, 21, 20, 19, 18, 27, 36, 37, 38, 39, 40, 41, 32, 33, 24, 15, 6, 7, 8, 17, 26, 35, 44, 43, 52, 61, 62]
[00:00:00:08:899] ! Unidirectional s-t. expansions: 1,878, time: 8,898 [ms], path length: 32 [edges], generated: 3,575
[00:00:00:10:445] Path of length 32 found: [62, 61, 60, 51, 42, 43, 44, 35, 26, 17, 8, 7, 6, 15, 24, 23, 32, 31, 40, 39, 38, 37, 36, 27, 18, 19, 20, 21, 12, 3, 2, 1, 0]
[00:00:00:10:446] ! Unidirectional t-s. expansions: 2,207, time: 10,445 [ms], path length: 32 [edges], generated: 3,861
[00:00:00:00:193] Expansion 31: New longest path found with length 16: [0, 9, 18, 27, 36, 37, 38, 29, 30, 31, 40, 49, 50, 51, 60, 61, 62]. g_current=7, g_opposite=9, f_max=38, generated=57
[00:00:00:00:385] Expansion 65: New longest path found with length 18: [0, 1, 2, 11, 20, 19, 18, 27, 36, 37, 38, 39, 40, 49, 50, 51, 60, 61, 62]. g_current=14, g_opposite=4, f_max=37, generated=126
[00:00:00:00:684] Expansion 120: New longest path found with length 24: [0, 9, 18, 27, 36, 37, 38, 29, 20, 11, 2, 3, 4, 5, 6, 7, 8, 17, 26, 35, 34, 43, 52, 61, 62]. g_current=13, g_opposite=11, f_max=37, generated=222
[00:00:00:01:551] Expansion 287: New longest path found with length 26: [0, 9, 18, 27, 36, 37, 38, 29, 20, 11, 2, 3, 4, 13, 22, 31, 40, 49, 50, 51, 42, 33, 34, 35, 44, 53, 62]. g_current=14, g_opposite=12, f_max=36, generated=553
[00:00:00:02:265] Expansion 435: New longest path found with length 28: [0, 9, 18, 27, 36, 37, 38, 29, 20, 11, 2, 3, 4, 13, 22, 23, 24, 15, 6, 7, 8, 17, 26, 35, 34, 43, 52, 61, 62]. g_current=13, g_opposite=15, f_max=35, generated=830
[00:00:00:02:318] Expansion 448: New longest path found with length 30: [0, 1, 2, 3, 12, 21, 20, 19, 18, 27, 36, 37, 38, 39, 40, 41, 32, 33, 24, 15, 6, 7, 8, 17, 26, 35, 44, 43, 52, 61, 62]. g_current=15, g_opposite=15, f_max=35, generated=853
[00:00:00:02:432] Expansion 476: New longest path found with length 32: [0, 9, 18, 27, 36, 37, 38, 29, 20, 11, 2, 3, 4, 5, 6, 7, 8, 17, 26, 25, 24, 23, 32, 31, 40, 49, 50, 51, 42, 43, 44, 53, 62]. g_current=17, g_opposite=15, f_max=35, generated=903
[00:00:00:13:921] Path of length 32 found: [0, 9, 18, 27, 36, 37, 38, 29, 20, 11, 2, 3, 4, 5, 6, 7, 8, 17, 26, 25, 24, 23, 32, 31, 40, 49, 50, 51, 42, 43, 44, 53, 62]
[00:00:00:14:353] ! Bidirectional. expansions: 2,887, time: 13,921 [ms], path length: 32 [edges], g_F: 15, g_B: 17, generated: 5,450, MM: 2, MMPER: 5.0606060606060606%
[00:00:00:14:353] 
---------- SM_Grids/7x9_grid_with_random_blocks_12per_9 ----------
[00:00:00:07:446] Path of length 36 found: [0, 9, 18, 19, 28, 37, 36, 45, 54, 55, 56, 47, 48, 49, 58, 59, 60, 51, 42, 41, 32, 31, 30, 21, 12, 3, 4, 5, 6, 15, 16, 25, 34, 35, 44, 53, 62]
[00:00:00:07:447] ! Unidirectional s-t. expansions: 1,698, time: 7,446 [ms], path length: 36 [edges], generated: 2,999
[00:00:00:06:662] Path of length 36 found: [62, 53, 44, 35, 26, 17, 16, 7, 6, 5, 4, 3, 12, 21, 22, 23, 32, 33, 42, 51, 60, 59, 58, 49, 48, 47, 56, 55, 54, 45, 36, 27, 18, 19, 10, 1, 0]
[00:00:00:06:663] ! Unidirectional t-s. expansions: 1,533, time: 6,662 [ms], path length: 36 [edges], generated: 2,534
[00:00:00:00:269] Expansion 41: New longest path found with length 18: [0, 9, 18, 19, 28, 37, 36, 45, 54, 55, 56, 47, 48, 49, 50, 51, 60, 61, 62]. g_current=13, g_opposite=5, f_max=42, generated=69
[00:00:00:00:285] Expansion 45: New longest path found with length 20: [0, 9, 18, 19, 28, 37, 36, 45, 54, 55, 56, 47, 48, 49, 58, 59, 60, 51, 52, 53, 62]. g_current=17, g_opposite=3, f_max=42, generated=76
[00:00:00:01:496] Expansion 342: New longest path found with length 22: [0, 9, 18, 19, 28, 37, 36, 45, 54, 55, 56, 47, 48, 49, 58, 59, 60, 51, 42, 43, 44, 53, 62]. g_current=18, g_opposite=4, f_max=40, generated=535
[00:00:00:02:250] Expansion 519: New longest path found with length 26: [0, 9, 10, 11, 2, 3, 4, 5, 6, 15, 16, 17, 26, 35, 34, 33, 32, 41, 40, 49, 58, 59, 60, 51, 52, 53, 62]. g_current=10, g_opposite=16, f_max=39, generated=858
[00:00:00:03:060] Expansion 736: New longest path found with length 28: [0, 9, 18, 19, 28, 37, 36, 45, 54, 55, 56, 47, 48, 49, 40, 31, 22, 13, 4, 5, 6, 7, 16, 17, 26, 35, 44, 53, 62]. g_current=15, g_opposite=13, f_max=39, generated=1,218
[00:00:00:03:076] Expansion 739: New longest path found with length 30: [0, 9, 18, 19, 28, 37, 36, 45, 54, 55, 56, 47, 48, 49, 40, 41, 32, 23, 22, 13, 4, 5, 6, 7, 16, 17, 26, 35, 44, 53, 62]. g_current=17, g_opposite=13, f_max=39, generated=1,225
[00:00:00:04:032] Expansion 956: New longest path found with length 32: [0, 9, 18, 19, 28, 37, 36, 45, 54, 55, 56, 47, 48, 49, 40, 31, 22, 13, 4, 5, 6, 7, 16, 17, 26, 35, 44, 43, 42, 51, 60, 61, 62]. g_current=16, g_opposite=16, f_max=38, generated=1,626
[00:00:00:04:121] Expansion 975: New longest path found with length 36: [0, 9, 18, 19, 28, 37, 36, 45, 54, 55, 56, 47, 48, 49, 58, 59, 60, 51, 42, 41, 32, 23, 22, 21, 12, 3, 4, 5, 6, 7, 16, 17, 26, 35, 44, 53, 62]. g_current=16, g_opposite=20, f_max=38, generated=1,668
[00:00:00:09:063] Path of length 36 found: [0, 9, 18, 19, 28, 37, 36, 45, 54, 55, 56, 47, 48, 49, 58, 59, 60, 51, 42, 41, 32, 23, 22, 21, 12, 3, 4, 5, 6, 7, 16, 17, 26, 35, 44, 53, 62]
[00:00:00:09:483] ! Bidirectional. expansions: 2,183, time: 9,063 [ms], path length: 36 [edges], g_F: 20, g_B: 16, generated: 3,728, MM: 4, MMPER: 9.81081081081081%

[00:00:00:09:483] average expansions: (1,510, 1,952, 2,243, 0)
[00:00:00:09:483] average time: (6,934, 8,472, 10,143, 0)
[00:00:00:09:484] XA*: 1,510 , 6,934 (expansions , time[ms])
[00:00:00:09:484] XMM: 2,243 , 10,143 (expansions , time[ms])

