------------------------------------
Thu 01 Oct 2026 12:43:45 IDT
SLURM_JOBID:		21944705
SLURM_JOB_NODELIST:	ise-cpu256-14
SLURM_SCRATCH_DIR:	/scratch/shubit/21944705
Allocated Resouces:	cpu - 2 / mem - 61440 MB / gpu - 
SLURM_GPU_INDEX:	
Running as shubit from shimony account with normal QOS
------------------------------------
Thu 01 Oct 2026 12:43:45 IDT

SLURM_JOBID:		 21944705
SLURM_JOB_NODELIST:	 ise-cpu256-14 

--------------------------
date: SM_Grids
number_of_graphs: 10
graph_type: grid
size_of_graphs: [7, 8]
heuristic: bcc_heuristic
snake: True
run_uni: True
run_bi: True
run_multi: False
solution_vertices: []
algorithms: ['IDA']
lookahead: -2
bsd: False
cube_first_dims: 4
cube_buffer_dim: None
backward_sym_generation: False
sym_coil: False
prefix_set: None

---------- SM_Grids/7x8_grid_with_random_blocks_16per_0 ----------
[00:00:00:02:665] Path of length 31 found: [0, 1, 2, 3, 4, 5, 13, 14, 15, 23, 31, 30, 29, 28, 20, 19, 18, 17, 25, 24, 32, 40, 48, 49, 50, 42, 43, 44, 52, 53, 54, 55]
[00:00:00:02:665] ! Unidirectional s-t. expansions: 930, time: 2,665 [ms], path length: 31 [edges], generated: 1,387
[00:00:00:02:235] Path of length 31 found: [55, 47, 46, 45, 53, 52, 51, 43, 42, 41, 40, 32, 24, 25, 17, 18, 19, 27, 28, 29, 30, 31, 23, 15, 14, 13, 5, 4, 3, 2, 1, 0]
[00:00:00:02:235] ! Unidirectional t-s. expansions: 568, time: 2,235 [ms], path length: 31 [edges], generated: 945
[00:00:00:02:235] Path of length 31 found: [0, 1, 2, 3, 4, 5, 13, 14, 15, 23, 31, 30, 29, 28, 20, 19, 18, 17, 25, 24, 32, 40, 48, 49, 50, 42, 43, 44, 45, 46, 47, 55]
[00:00:00:02:634] ! Bidirectional. expansions: 720, time: 2,235 [ms], path length: 31 [edges], g_F: 28, g_B: 3, generated: 0, MM: 25, MMPER: 77.125%
[00:00:00:02:634] 
---------- SM_Grids/7x8_grid_with_random_blocks_16per_1 ----------
[00:00:00:01:870] Path of length 25 found: [0, 8, 16, 17, 25, 26, 34, 42, 43, 51, 52, 53, 45, 37, 36, 28, 20, 12, 13, 14, 22, 30, 31, 39, 47, 55]
[00:00:00:01:870] ! Unidirectional s-t. expansions: 449, time: 1,870 [ms], path length: 25 [edges], generated: 831
[00:00:00:01:793] Path of length 25 found: [55, 47, 39, 31, 30, 22, 14, 13, 12, 20, 28, 36, 37, 45, 53, 52, 51, 43, 42, 34, 26, 18, 10, 9, 1, 0]
[00:00:00:01:794] ! Unidirectional t-s. expansions: 391, time: 1,793 [ms], path length: 25 [edges], generated: 760
[00:00:00:01:943] Path of length 25 found: [0, 8, 16, 17, 25, 26, 34, 42, 43, 51, 52, 53, 45, 37, 36, 28, 20, 12, 13, 14, 22, 30, 31, 39, 47, 55]
[00:00:00:02:322] ! Bidirectional. expansions: 463, time: 1,943 [ms], path length: 25 [edges], g_F: 19, g_B: 6, generated: 0, MM: 13, MMPER: 49.0%
[00:00:00:02:322] 
---------- SM_Grids/7x8_grid_with_random_blocks_16per_2 ----------
[00:00:00:04:889] Path of length 27 found: [0, 1, 9, 17, 16, 24, 32, 40, 48, 49, 50, 51, 43, 35, 27, 28, 29, 21, 13, 5, 6, 7, 15, 23, 31, 39, 47, 55]
[00:00:00:04:890] ! Unidirectional s-t. expansions: 1,401, time: 4,890 [ms], path length: 27 [edges], generated: 2,360
[00:00:00:02:958] Path of length 27 found: [55, 47, 39, 31, 23, 15, 7, 6, 5, 4, 12, 20, 28, 27, 35, 43, 51, 50, 49, 48, 40, 32, 33, 25, 17, 9, 1, 0]
[00:00:00:02:958] ! Unidirectional t-s. expansions: 818, time: 2,958 [ms], path length: 27 [edges], generated: 1,278
[00:00:00:04:212] Path of length 27 found: [0, 1, 9, 17, 16, 24, 32, 40, 48, 49, 50, 51, 43, 35, 27, 28, 20, 12, 4, 5, 6, 7, 15, 23, 31, 39, 47, 55]
[00:00:00:04:587] ! Bidirectional. expansions: 1,204, time: 4,212 [ms], path length: 27 [edges], g_F: 4, g_B: 23, generated: 0, MM: 19, MMPER: 66.85714285714286%
[00:00:00:04:587] 
---------- SM_Grids/7x8_grid_with_random_blocks_16per_3 ----------
[00:00:00:03:502] Path of length 31 found: [0, 1, 2, 3, 4, 12, 13, 14, 15, 23, 31, 30, 29, 28, 27, 19, 18, 17, 16, 24, 32, 40, 48, 49, 50, 42, 43, 44, 45, 46, 47, 55]
[00:00:00:03:503] ! Unidirectional s-t. expansions: 1,062, time: 3,502 [ms], path length: 31 [edges], generated: 1,679
[00:00:00:02:527] Path of length 31 found: [55, 47, 46, 45, 53, 52, 51, 43, 42, 41, 33, 32, 24, 16, 17, 18, 19, 27, 28, 29, 30, 31, 23, 15, 14, 13, 12, 4, 3, 2, 1, 0]
[00:00:00:02:527] ! Unidirectional t-s. expansions: 656, time: 2,527 [ms], path length: 31 [edges], generated: 1,090
[00:00:00:01:685] Path of length 31 found: [0, 1, 2, 3, 4, 12, 13, 14, 15, 23, 31, 30, 29, 28, 27, 19, 18, 17, 16, 24, 32, 40, 48, 49, 50, 42, 43, 44, 45, 46, 47, 55]
[00:00:00:02:062] ! Bidirectional. expansions: 454, time: 1,685 [ms], path length: 31 [edges], g_F: 30, g_B: 1, generated: 0, MM: 29, MMPER: 89.625%
[00:00:00:02:062] 
---------- SM_Grids/7x8_grid_with_random_blocks_16per_4 ----------
[00:00:00:06:290] Path of length 29 found: [0, 1, 9, 17, 18, 26, 34, 33, 32, 40, 48, 49, 50, 51, 52, 53, 45, 37, 36, 28, 20, 12, 13, 14, 22, 30, 31, 39, 47, 55]
[00:00:00:06:290] ! Unidirectional s-t. expansions: 1,795, time: 6,290 [ms], path length: 29 [edges], generated: 3,073
[00:00:00:03:602] Path of length 29 found: [55, 47, 39, 31, 30, 22, 14, 13, 12, 11, 19, 18, 26, 34, 35, 36, 37, 45, 53, 52, 51, 50, 49, 41, 40, 32, 24, 16, 8, 0]
[00:00:00:03:602] ! Unidirectional t-s. expansions: 943, time: 3,602 [ms], path length: 29 [edges], generated: 1,604
[00:00:00:04:008] Path of length 29 found: [0, 1, 9, 17, 18, 26, 34, 33, 32, 40, 48, 49, 50, 51, 52, 53, 45, 37, 36, 28, 20, 12, 13, 14, 22, 30, 31, 39, 47, 55]
[00:00:00:04:387] ! Bidirectional. expansions: 1,027, time: 4,008 [ms], path length: 29 [edges], g_F: 18, g_B: 11, generated: 0, MM: 7, MMPER: 22.333333333333332%
[00:00:00:04:387] 
---------- SM_Grids/7x8_grid_with_random_blocks_16per_5 ----------
[00:00:00:10:318] Path of length 29 found: [0, 8, 9, 10, 2, 3, 4, 5, 6, 14, 15, 23, 31, 39, 38, 37, 29, 21, 20, 19, 27, 26, 34, 42, 43, 44, 52, 53, 54, 55]
[00:00:00:10:318] ! Unidirectional s-t. expansions: 3,260, time: 10,318 [ms], path length: 29 [edges], generated: 5,343
[00:00:00:04:062] Path of length 29 found: [55, 54, 53, 52, 44, 43, 42, 34, 26, 27, 19, 20, 21, 29, 37, 38, 39, 31, 23, 15, 7, 6, 5, 4, 3, 2, 10, 9, 8, 0]
[00:00:00:04:062] ! Unidirectional t-s. expansions: 1,094, time: 4,062 [ms], path length: 29 [edges], generated: 1,942
[00:00:00:08:034] Path of length 29 found: [0, 8, 9, 10, 2, 3, 4, 5, 6, 14, 15, 23, 31, 39, 38, 37, 29, 21, 20, 19, 27, 26, 34, 42, 43, 44, 52, 53, 54, 55]
[00:00:00:08:413] ! Bidirectional. expansions: 2,698, time: 8,035 [ms], path length: 29 [edges], g_F: 23, g_B: 6, generated: 0, MM: 17, MMPER: 55.666666666666664%
[00:00:00:08:413] 
---------- SM_Grids/7x8_grid_with_random_blocks_16per_6 ----------
[00:00:00:05:662] Path of length 29 found: [0, 1, 2, 3, 4, 5, 13, 14, 15, 23, 31, 30, 29, 28, 20, 19, 18, 17, 16, 24, 32, 33, 34, 35, 43, 51, 52, 53, 54, 55]
[00:00:00:05:662] ! Unidirectional s-t. expansions: 1,795, time: 5,662 [ms], path length: 29 [edges], generated: 2,960
[00:00:00:06:217] Path of length 29 found: [55, 54, 53, 52, 44, 36, 37, 38, 30, 31, 23, 15, 7, 6, 5, 13, 12, 20, 19, 27, 26, 34, 33, 32, 24, 16, 17, 9, 1, 0]
[00:00:00:06:218] ! Unidirectional t-s. expansions: 1,773, time: 6,217 [ms], path length: 29 [edges], generated: 3,056
[00:00:00:03:966] Path of length 29 found: [0, 1, 2, 3, 4, 5, 13, 14, 15, 23, 31, 30, 29, 28, 20, 19, 18, 17, 16, 24, 32, 33, 34, 35, 43, 44, 45, 46, 54, 55]
[00:00:00:04:343] ! Bidirectional. expansions: 1,081, time: 3,966 [ms], path length: 29 [edges], g_F: 25, g_B: 4, generated: 0, MM: 21, MMPER: 69.0%
[00:00:00:04:343] 
---------- SM_Grids/7x8_grid_with_random_blocks_16per_7 ----------
[00:00:00:17:271] Path of length 27 found: [0, 1, 9, 17, 16, 24, 32, 40, 48, 49, 50, 42, 43, 44, 36, 28, 27, 19, 11, 12, 13, 14, 22, 30, 38, 46, 54, 55]
[00:00:00:17:271] ! Unidirectional s-t. expansions: 4,999, time: 17,271 [ms], path length: 27 [edges], generated: 8,965
[00:00:00:01:671] Path of length 27 found: [55, 47, 39, 38, 30, 22, 14, 13, 12, 11, 19, 27, 28, 36, 44, 52, 51, 50, 42, 34, 33, 32, 24, 16, 17, 9, 1, 0]
[00:00:00:01:671] ! Unidirectional t-s. expansions: 396, time: 1,671 [ms], path length: 27 [edges], generated: 699
[00:00:00:26:651] Path of length 27 found: [0, 1, 9, 17, 16, 24, 32, 40, 48, 49, 50, 42, 43, 44, 36, 28, 27, 19, 11, 12, 13, 21, 22, 30, 38, 39, 47, 55]
[00:00:00:27:033] ! Bidirectional. expansions: 9,325, time: 26,651 [ms], path length: 27 [edges], g_F: 22, g_B: 5, generated: 0, MM: 17, MMPER: 59.714285714285715%
[00:00:00:27:034] 
---------- SM_Grids/7x8_grid_with_random_blocks_16per_8 ----------
[00:00:00:06:267] Path of length 27 found: [0, 8, 9, 10, 18, 26, 25, 33, 41, 42, 43, 35, 36, 28, 29, 21, 13, 5, 6, 7, 15, 23, 31, 39, 38, 46, 54, 55]
[00:00:00:06:267] ! Unidirectional s-t. expansions: 1,860, time: 6,267 [ms], path length: 27 [edges], generated: 3,087
[00:00:00:11:603] Path of length 27 found: [55, 54, 46, 38, 39, 31, 23, 15, 7, 6, 5, 4, 12, 20, 28, 36, 44, 43, 42, 41, 33, 25, 26, 18, 10, 9, 8, 0]
[00:00:00:11:604] ! Unidirectional t-s. expansions: 3,213, time: 11,604 [ms], path length: 27 [edges], generated: 5,598
[00:00:00:08:215] Path of length 27 found: [0, 8, 9, 10, 18, 26, 25, 33, 41, 42, 43, 35, 36, 28, 29, 21, 13, 5, 6, 7, 15, 23, 31, 39, 38, 46, 54, 55]
[00:00:00:08:600] ! Bidirectional. expansions: 2,394, time: 8,215 [ms], path length: 27 [edges], g_F: 24, g_B: 3, generated: 0, MM: 21, MMPER: 74.0%
[00:00:00:08:600] 
---------- SM_Grids/7x8_grid_with_random_blocks_16per_9 ----------
[00:00:00:06:998] Path of length 25 found: [0, 8, 16, 17, 18, 10, 2, 3, 4, 12, 20, 28, 27, 35, 34, 42, 50, 51, 52, 44, 45, 37, 38, 39, 47, 55]
[00:00:00:06:998] ! Unidirectional s-t. expansions: 1,862, time: 6,998 [ms], path length: 25 [edges], generated: 3,399
[00:00:00:16:262] Path of length 25 found: [55, 47, 39, 38, 37, 45, 44, 52, 51, 50, 42, 34, 35, 27, 28, 20, 12, 4, 3, 2, 10, 18, 17, 16, 8, 0]
[00:00:00:16:262] ! Unidirectional t-s. expansions: 4,501, time: 16,262 [ms], path length: 25 [edges], generated: 7,668
[00:00:00:17:397] Path of length 25 found: [0, 8, 16, 17, 18, 10, 2, 3, 4, 12, 20, 28, 27, 35, 34, 42, 50, 51, 52, 44, 45, 37, 38, 39, 47, 55]
[00:00:00:17:779] ! Bidirectional. expansions: 5,437, time: 17,397 [ms], path length: 25 [edges], g_F: 5, g_B: 20, generated: 0, MM: 15, MMPER: 56.69230769230769%

[00:00:00:17:779] average expansions: (1,941, 1,435, 2,480, 0)
[00:00:00:17:779] average time: (6,573, 5,293, 7,835, 0)
[00:00:00:17:780] XIDA: 1,435 , 5,293 (expansions , time[ms])
[00:00:00:17:780] BiXIDA: 2,480 , 7,835 (expansions , time[ms])

