------------------------------------
Thu 01 Oct 2026 17:32:27 IDT
SLURM_JOBID:		21953670
SLURM_JOB_NODELIST:	ise-cpu256-11
SLURM_SCRATCH_DIR:	/scratch/shubit/21953670
Allocated Resouces:	cpu - 2 / mem - 61440 MB / gpu - 
SLURM_GPU_INDEX:	
Running as shubit from shimony account with normal QOS
------------------------------------
Thu 01 Oct 2026 17:32:27 IDT

SLURM_JOBID:		 21953670
SLURM_JOB_NODELIST:	 ise-cpu256-11 

--------------------------
date: SM_Grids
number_of_graphs: 10
graph_type: grid
size_of_graphs: [7, 9]
heuristic: bcc_heuristic
snake: True
run_uni: True
run_bi: True
run_multi: False
solution_vertices: []
algorithms: ['XMM']
lookahead: 4
bsd: False
cube_first_dims: 4
cube_buffer_dim: None
backward_sym_generation: False
sym_coil: False
prefix_set: None

---------- SM_Grids/7x9_grid_with_random_blocks_8per_0 ----------
[00:00:00:07:330] Path of length 38 found: [0, 9, 10, 11, 2, 3, 4, 5, 6, 15, 16, 25, 26, 35, 44, 43, 42, 33, 32, 23, 22, 21, 30, 29, 28, 27, 36, 45, 54, 55, 56, 47, 48, 49, 58, 59, 60, 61, 62]
[00:00:00:07:330] ! Unidirectional s-t. expansions: 278, time: 7,330 [ms], path length: 38 [edges], generated: 5,199
[00:00:00:05:956] Path of length 38 found: [62, 53, 44, 35, 26, 25, 16, 7, 6, 5, 4, 3, 2, 11, 20, 21, 22, 23, 32, 33, 42, 51, 60, 59, 58, 49, 40, 39, 38, 47, 56, 55, 54, 45, 36, 27, 18, 9, 0]
[00:00:00:05:956] ! Unidirectional t-s. expansions: 201, time: 5,956 [ms], path length: 38 [edges], generated: 4,552
[00:00:00:00:176] Expansion 23: New longest path found with length 14: [0, 1, 2, 3, 4, 5, 6, 7, 16, 25, 26, 35, 44, 53, 62]. g_current=12, g_opposite=2, f_max=44, generated=35
[00:00:00:00:187] Expansion 25: New longest path found with length 16: [0, 9, 10, 11, 2, 3, 4, 5, 6, 7, 16, 25, 26, 35, 44, 53, 62]. g_current=14, g_opposite=2, f_max=43, generated=39
[00:00:00:00:284] Expansion 41: New longest path found with length 18: [0, 9, 18, 19, 20, 11, 2, 3, 4, 5, 6, 7, 16, 25, 26, 35, 44, 53, 62]. g_current=14, g_opposite=4, f_max=42, generated=70
[00:00:00:00:693] Expansion 121: New longest path found with length 20: [0, 9, 18, 19, 28, 37, 36, 45, 54, 55, 56, 57, 58, 59, 60, 51, 42, 43, 44, 53, 62]. g_current=9, g_opposite=11, f_max=42, generated=207
[00:00:00:01:336] Expansion 231: New longest path found with length 22: [0, 9, 18, 19, 28, 37, 36, 45, 54, 55, 56, 47, 48, 49, 58, 59, 60, 51, 42, 43, 44, 53, 62]. g_current=11, g_opposite=11, f_max=42, generated=410
[00:00:00:01:351] Expansion 234: New longest path found with length 34: [0, 9, 18, 19, 28, 37, 36, 45, 54, 55, 56, 47, 48, 49, 58, 59, 60, 51, 42, 33, 32, 23, 22, 13, 4, 5, 6, 7, 16, 25, 26, 35, 44, 53, 62]. g_current=14, g_opposite=20, f_max=41, generated=415
[00:00:00:02:665] Expansion 486: New longest path found with length 36: [0, 1, 2, 3, 4, 5, 6, 7, 16, 25, 26, 35, 44, 43, 42, 33, 32, 23, 22, 21, 30, 29, 28, 27, 36, 45, 54, 55, 56, 47, 48, 49, 58, 59, 60, 61, 62]. g_current=20, g_opposite=16, f_max=40, generated=866
[00:00:00:04:270] Expansion 807: New longest path found with length 38: [0, 1, 2, 3, 4, 5, 6, 7, 16, 25, 26, 35, 44, 43, 42, 33, 32, 23, 22, 21, 20, 19, 18, 27, 36, 45, 54, 55, 56, 47, 38, 39, 40, 49, 58, 59, 60, 61, 62]. g_current=18, g_opposite=20, f_max=39, generated=1,411
[00:00:00:07:689] Path of length 38 found: [0, 1, 2, 3, 4, 5, 6, 7, 16, 25, 26, 35, 44, 43, 42, 33, 32, 23, 22, 21, 20, 19, 18, 27, 36, 45, 54, 55, 56, 47, 38, 39, 40, 49, 58, 59, 60, 61, 62]
[00:00:00:08:178] ! Bidirectional. expansions: 1,511, time: 7,690 [ms], path length: 38 [edges], g_F: 20, g_B: 18, generated: 2,634, MM: 2, MMPER: 4.128205128205129%
[00:00:00:08:178] 
---------- SM_Grids/7x9_grid_with_random_blocks_8per_1 ----------
[00:00:00:05:623] Path of length 38 found: [0, 1, 2, 3, 12, 21, 20, 19, 18, 27, 36, 45, 54, 55, 56, 47, 38, 39, 40, 49, 58, 59, 60, 51, 42, 33, 24, 23, 14, 5, 6, 7, 16, 17, 26, 35, 44, 53, 62]
[00:00:00:05:623] ! Unidirectional s-t. expansions: 217, time: 5,623 [ms], path length: 38 [edges], generated: 4,351
[00:00:00:05:078] Path of length 38 found: [62, 53, 44, 35, 26, 17, 8, 7, 6, 5, 14, 23, 24, 33, 42, 51, 60, 59, 58, 49, 40, 39, 38, 47, 56, 55, 54, 45, 36, 27, 18, 19, 20, 21, 12, 3, 2, 1, 0]
[00:00:00:05:079] ! Unidirectional t-s. expansions: 224, time: 5,078 [ms], path length: 38 [edges], generated: 4,357
[00:00:00:00:409] Expansion 63: New longest path found with length 18: [0, 1, 2, 3, 12, 21, 22, 23, 14, 5, 6, 7, 8, 17, 26, 35, 44, 53, 62]. g_current=6, g_opposite=12, f_max=44, generated=102
[00:00:00:00:732] Expansion 117: New longest path found with length 28: [0, 9, 18, 27, 36, 45, 54, 55, 56, 57, 58, 59, 60, 51, 42, 33, 24, 23, 14, 5, 6, 7, 8, 17, 26, 35, 44, 53, 62]. g_current=10, g_opposite=18, f_max=42, generated=199
[00:00:00:00:977] Expansion 160: New longest path found with length 30: [0, 9, 18, 27, 36, 45, 54, 55, 56, 47, 48, 49, 58, 59, 60, 51, 42, 33, 24, 23, 14, 5, 6, 7, 8, 17, 26, 35, 44, 53, 62]. g_current=19, g_opposite=11, f_max=41, generated=277
[00:00:00:00:983] Expansion 161: New longest path found with length 32: [0, 1, 2, 11, 20, 19, 18, 27, 36, 45, 54, 55, 56, 57, 58, 59, 60, 51, 42, 33, 24, 23, 14, 5, 6, 7, 8, 17, 26, 35, 44, 53, 62]. g_current=19, g_opposite=13, f_max=41, generated=279
[00:00:00:01:573] Expansion 269: New longest path found with length 34: [0, 1, 2, 11, 20, 19, 18, 27, 36, 45, 54, 55, 56, 47, 48, 49, 58, 59, 60, 51, 42, 33, 24, 23, 14, 5, 6, 7, 8, 17, 26, 35, 44, 53, 62]. g_current=14, g_opposite=20, f_max=41, generated=460
[00:00:00:03:192] Expansion 583: New longest path found with length 36: [0, 1, 2, 11, 20, 19, 18, 27, 36, 45, 54, 55, 56, 47, 38, 39, 30, 31, 22, 23, 14, 5, 6, 7, 8, 17, 26, 35, 44, 43, 42, 41, 50, 59, 60, 61, 62]. g_current=16, g_opposite=20, f_max=40, generated=1,022
[00:00:00:05:009] Expansion 950: New longest path found with length 38: [0, 1, 2, 3, 12, 21, 20, 19, 18, 27, 36, 45, 54, 55, 56, 47, 38, 39, 40, 49, 58, 59, 60, 51, 42, 33, 24, 23, 14, 5, 6, 7, 8, 17, 26, 35, 44, 53, 62]. g_current=18, g_opposite=20, f_max=39, generated=1,671
[00:00:00:06:676] Path of length 38 found: [0, 1, 2, 3, 12, 21, 20, 19, 18, 27, 36, 45, 54, 55, 56, 47, 38, 39, 40, 49, 58, 59, 60, 51, 42, 33, 24, 23, 14, 5, 6, 7, 8, 17, 26, 35, 44, 53, 62]
[00:00:00:07:156] ! Bidirectional. expansions: 1,240, time: 6,676 [ms], path length: 38 [edges], g_F: 18, g_B: 20, generated: 2,162, MM: 2, MMPER: 4.128205128205129%
[00:00:00:07:157] 
---------- SM_Grids/7x9_grid_with_random_blocks_8per_2 ----------
[00:00:00:21:176] Path of length 36 found: [0, 1, 2, 11, 20, 19, 18, 27, 36, 45, 54, 55, 56, 47, 38, 39, 30, 31, 22, 13, 14, 5, 6, 7, 16, 25, 26, 35, 44, 43, 42, 41, 50, 59, 60, 61, 62]
[00:00:00:21:176] ! Unidirectional s-t. expansions: 916, time: 21,176 [ms], path length: 36 [edges], generated: 17,945
[00:00:00:21:705] Path of length 36 found: [62, 61, 60, 59, 58, 49, 40, 41, 42, 43, 44, 35, 26, 25, 16, 7, 6, 5, 14, 23, 22, 21, 30, 29, 38, 47, 56, 55, 54, 45, 36, 27, 18, 19, 10, 1, 0]
[00:00:00:21:705] ! Unidirectional t-s. expansions: 824, time: 21,705 [ms], path length: 36 [edges], generated: 17,802
[00:00:00:00:715] Expansion 121: New longest path found with length 20: [0, 1, 2, 11, 12, 21, 22, 23, 14, 5, 6, 7, 16, 25, 26, 35, 44, 43, 52, 61, 62]. g_current=6, g_opposite=14, f_max=42, generated=211
[00:00:00:00:893] Expansion 158: New longest path found with length 22: [0, 9, 18, 19, 20, 11, 12, 13, 14, 5, 6, 7, 16, 25, 26, 35, 44, 43, 42, 51, 60, 61, 62]. g_current=15, g_opposite=7, f_max=41, generated=270
[00:00:00:01:714] Expansion 310: New longest path found with length 24: [0, 1, 2, 11, 20, 19, 18, 27, 36, 45, 54, 55, 56, 47, 38, 39, 40, 49, 58, 59, 60, 51, 52, 53, 62]. g_current=14, g_opposite=10, f_max=42, generated=544
[00:00:00:01:849] Expansion 337: New longest path found with length 30: [0, 9, 18, 27, 36, 45, 54, 55, 56, 57, 58, 49, 40, 31, 22, 23, 14, 5, 6, 7, 16, 25, 26, 35, 44, 43, 42, 51, 60, 61, 62]. g_current=17, g_opposite=13, f_max=40, generated=588
[00:00:00:01:855] Expansion 338: New longest path found with length 34: [0, 1, 2, 11, 20, 19, 18, 27, 36, 45, 54, 55, 56, 47, 38, 39, 40, 31, 22, 23, 14, 5, 6, 7, 16, 25, 26, 35, 44, 43, 42, 51, 60, 61, 62]. g_current=18, g_opposite=16, f_max=40, generated=590
[00:00:00:03:217] Expansion 622: New longest path found with length 36: [0, 1, 2, 11, 20, 19, 18, 27, 36, 45, 54, 55, 56, 47, 38, 39, 30, 31, 22, 23, 14, 5, 6, 7, 16, 25, 26, 35, 44, 43, 42, 41, 50, 59, 60, 61, 62]. g_current=18, g_opposite=18, f_max=41, generated=1,064
[00:00:00:26:256] Path of length 36 found: [0, 1, 2, 11, 20, 19, 18, 27, 36, 45, 54, 55, 56, 47, 38, 39, 30, 31, 22, 23, 14, 5, 6, 7, 16, 25, 26, 35, 44, 43, 42, 41, 50, 59, 60, 61, 62]
[00:00:00:26:745] ! Bidirectional. expansions: 4,947, time: 26,256 [ms], path length: 36 [edges], g_F: 18, g_B: 18, generated: 8,886, MM: 0, MMPER: -1.0%
[00:00:00:26:745] 
---------- SM_Grids/7x9_grid_with_random_blocks_8per_3 ----------
[00:00:00:09:460] Path of length 38 found: [0, 9, 10, 11, 2, 3, 4, 13, 22, 23, 24, 15, 6, 7, 8, 17, 26, 35, 34, 43, 42, 41, 40, 39, 30, 29, 28, 27, 36, 45, 54, 55, 56, 57, 58, 59, 60, 61, 62]
[00:00:00:09:460] ! Unidirectional s-t. expansions: 326, time: 9,460 [ms], path length: 38 [edges], generated: 6,736
[00:00:00:06:955] Path of length 38 found: [62, 61, 60, 59, 58, 57, 56, 55, 54, 45, 36, 27, 28, 29, 38, 39, 40, 41, 42, 43, 34, 35, 26, 17, 8, 7, 6, 15, 24, 23, 22, 13, 4, 3, 2, 11, 10, 9, 0]
[00:00:00:06:955] ! Unidirectional t-s. expansions: 281, time: 6,955 [ms], path length: 38 [edges], generated: 5,063
[00:00:00:00:238] Expansion 34: New longest path found with length 16: [0, 9, 18, 19, 28, 37, 36, 45, 54, 55, 56, 57, 58, 59, 60, 61, 62]. g_current=10, g_opposite=6, f_max=43, generated=58
[00:00:00:00:250] Expansion 36: New longest path found with length 18: [0, 9, 18, 19, 28, 37, 36, 45, 54, 55, 56, 47, 48, 49, 50, 59, 60, 61, 62]. g_current=12, g_opposite=6, f_max=43, generated=61
[00:00:00:00:615] Expansion 103: New longest path found with length 22: [0, 9, 10, 11, 2, 3, 4, 5, 6, 7, 8, 17, 26, 35, 34, 43, 42, 41, 50, 59, 60, 61, 62]. g_current=14, g_opposite=8, f_max=42, generated=163
[00:00:00:01:181] Expansion 179: New longest path found with length 24: [0, 9, 10, 11, 2, 3, 4, 13, 14, 15, 6, 7, 8, 17, 26, 35, 34, 43, 42, 41, 50, 59, 60, 61, 62]. g_current=15, g_opposite=9, f_max=41, generated=301
[00:00:00:01:197] Expansion 182: New longest path found with length 26: [0, 9, 10, 11, 2, 3, 4, 13, 22, 23, 24, 15, 6, 7, 8, 17, 26, 35, 34, 43, 42, 41, 50, 59, 60, 61, 62]. g_current=17, g_opposite=9, f_max=42, generated=306
[00:00:00:01:632] Expansion 280: New longest path found with length 28: [0, 9, 10, 11, 2, 3, 4, 13, 22, 21, 30, 29, 38, 37, 36, 45, 54, 55, 56, 57, 58, 49, 40, 41, 42, 51, 60, 61, 62]. g_current=19, g_opposite=9, f_max=41, generated=448
[00:00:00:02:056] Expansion 364: New longest path found with length 32: [0, 1, 10, 19, 18, 27, 36, 45, 54, 55, 56, 47, 38, 29, 30, 21, 12, 3, 4, 5, 6, 7, 8, 17, 26, 35, 34, 43, 42, 51, 60, 61, 62]. g_current=18, g_opposite=14, f_max=42, generated=584
[00:00:00:02:059] Expansion 365: New longest path found with length 36: [0, 1, 10, 19, 18, 27, 36, 45, 54, 55, 56, 47, 38, 29, 30, 21, 12, 3, 4, 5, 6, 7, 8, 17, 26, 35, 34, 43, 42, 41, 40, 49, 58, 59, 60, 61, 62]. g_current=19, g_opposite=17, f_max=41, generated=585
[00:00:00:03:520] Expansion 649: New longest path found with length 38: [0, 9, 10, 11, 2, 3, 4, 13, 22, 23, 24, 15, 6, 7, 8, 17, 26, 35, 34, 43, 42, 41, 40, 39, 38, 29, 28, 27, 36, 45, 54, 55, 56, 57, 58, 59, 60, 61, 62]. g_current=18, g_opposite=20, f_max=40, generated=1,057
[00:00:00:10:651] Path of length 38 found: [0, 9, 10, 11, 2, 3, 4, 13, 22, 23, 24, 15, 6, 7, 8, 17, 26, 35, 34, 43, 42, 41, 40, 39, 38, 29, 28, 27, 36, 45, 54, 55, 56, 57, 58, 59, 60, 61, 62]
[00:00:00:11:113] ! Bidirectional. expansions: 2,049, time: 10,651 [ms], path length: 38 [edges], g_F: 20, g_B: 18, generated: 3,447, MM: 2, MMPER: 4.128205128205129%
[00:00:00:11:114] 
---------- SM_Grids/7x9_grid_with_random_blocks_8per_4 ----------
[00:00:00:04:742] Path of length 36 found: [0, 9, 18, 27, 36, 45, 54, 55, 56, 47, 48, 49, 58, 59, 60, 51, 42, 41, 32, 31, 30, 21, 20, 11, 2, 3, 4, 13, 14, 15, 24, 25, 34, 35, 44, 53, 62]
[00:00:00:04:743] ! Unidirectional s-t. expansions: 125, time: 4,742 [ms], path length: 36 [edges], generated: 3,064
[00:00:00:03:170] Path of length 36 found: [62, 53, 44, 35, 34, 25, 24, 15, 14, 13, 4, 3, 2, 11, 20, 21, 30, 31, 32, 41, 42, 51, 60, 59, 58, 49, 48, 47, 56, 55, 54, 45, 36, 27, 18, 9, 0]
[00:00:00:03:171] ! Unidirectional t-s. expansions: 89, time: 3,171 [ms], path length: 36 [edges], generated: 2,084
[00:00:00:00:225] Expansion 25: New longest path found with length 14: [0, 1, 2, 3, 4, 13, 14, 15, 24, 25, 34, 35, 44, 53, 62]. g_current=1, g_opposite=13, f_max=41, generated=43
[00:00:00:00:253] Expansion 28: New longest path found with length 16: [0, 9, 10, 11, 2, 3, 4, 13, 14, 15, 24, 25, 34, 35, 44, 53, 62]. g_current=14, g_opposite=2, f_max=40, generated=49
[00:00:00:00:503] Expansion 64: New longest path found with length 18: [0, 9, 18, 19, 20, 11, 2, 3, 4, 13, 14, 15, 24, 25, 34, 35, 44, 53, 62]. g_current=14, g_opposite=4, f_max=39, generated=110
[00:00:00:00:519] Expansion 66: New longest path found with length 20: [0, 9, 18, 27, 28, 29, 20, 11, 2, 3, 4, 13, 14, 15, 24, 25, 34, 35, 44, 53, 62]. g_current=15, g_opposite=5, f_max=39, generated=115
[00:00:00:00:768] Expansion 110: New longest path found with length 26: [0, 1, 10, 19, 18, 27, 36, 45, 54, 55, 56, 57, 58, 59, 60, 51, 42, 41, 32, 23, 24, 25, 34, 35, 44, 53, 62]. g_current=11, g_opposite=15, f_max=39, generated=192
[00:00:00:01:065] Expansion 158: New longest path found with length 28: [0, 1, 10, 19, 18, 27, 36, 45, 54, 55, 56, 47, 48, 49, 58, 59, 60, 51, 42, 41, 32, 23, 24, 25, 34, 35, 44, 53, 62]. g_current=16, g_opposite=12, f_max=38, generated=276
[00:00:00:02:048] Expansion 295: New longest path found with length 30: [0, 1, 2, 11, 20, 19, 18, 27, 36, 45, 54, 55, 56, 47, 48, 49, 58, 59, 60, 51, 42, 41, 32, 23, 24, 25, 34, 35, 44, 53, 62]. g_current=18, g_opposite=12, f_max=37, generated=537
[00:00:00:02:206] Expansion 324: New longest path found with length 32: [0, 9, 18, 19, 28, 37, 36, 45, 54, 55, 56, 47, 48, 49, 58, 59, 60, 51, 42, 41, 32, 31, 22, 13, 14, 15, 24, 25, 34, 35, 44, 53, 62]. g_current=19, g_opposite=13, f_max=38, generated=590
[00:00:00:03:057] Expansion 470: New longest path found with length 34: [0, 9, 18, 27, 36, 45, 54, 55, 56, 57, 58, 59, 60, 51, 42, 41, 40, 31, 30, 21, 20, 11, 2, 3, 4, 13, 14, 15, 24, 25, 34, 35, 44, 53, 62]. g_current=15, g_opposite=19, f_max=37, generated=853
[00:00:00:06:124] Expansion 1,026: New longest path found with length 36: [0, 9, 18, 27, 36, 45, 54, 55, 56, 47, 48, 49, 58, 59, 60, 51, 42, 41, 32, 31, 30, 21, 20, 11, 2, 3, 4, 13, 14, 15, 24, 25, 34, 35, 44, 53, 62]. g_current=17, g_opposite=19, f_max=37, generated=1,888
[00:00:00:06:357] Path of length 36 found: [0, 9, 18, 27, 36, 45, 54, 55, 56, 47, 48, 49, 58, 59, 60, 51, 42, 41, 32, 31, 30, 21, 20, 11, 2, 3, 4, 13, 14, 15, 24, 25, 34, 35, 44, 53, 62]
[00:00:00:06:858] ! Bidirectional. expansions: 1,026, time: 6,357 [ms], path length: 36 [edges], g_F: 17, g_B: 19, generated: 1,888, MM: 2, MMPER: 4.405405405405405%
[00:00:00:06:858] 
---------- SM_Grids/7x9_grid_with_random_blocks_8per_5 ----------
[00:00:00:14:197] Path of length 38 found: [0, 9, 18, 19, 20, 11, 2, 3, 4, 5, 6, 7, 16, 17, 26, 35, 34, 33, 24, 23, 22, 31, 40, 39, 38, 37, 36, 45, 54, 55, 56, 57, 58, 59, 50, 51, 52, 53, 62]
[00:00:00:14:198] ! Unidirectional s-t. expansions: 432, time: 14,197 [ms], path length: 38 [edges], generated: 9,184
[00:00:00:09:083] Path of length 38 found: [62, 53, 52, 51, 60, 59, 58, 57, 56, 55, 46, 45, 36, 27, 18, 19, 20, 29, 38, 39, 40, 31, 22, 23, 24, 33, 34, 35, 26, 17, 16, 7, 6, 5, 4, 3, 2, 1, 0]
[00:00:00:09:084] ! Unidirectional t-s. expansions: 362, time: 9,083 [ms], path length: 38 [edges], generated: 6,584
[00:00:00:00:279] Expansion 43: New longest path found with length 14: [0, 1, 2, 3, 4, 5, 6, 7, 16, 17, 26, 35, 44, 53, 62]. g_current=3, g_opposite=11, f_max=43, generated=73
[00:00:00:00:396] Expansion 60: New longest path found with length 16: [0, 1, 10, 11, 12, 3, 4, 5, 6, 7, 16, 17, 26, 35, 44, 53, 62]. g_current=11, g_opposite=5, f_max=42, generated=105
[00:00:00:00:422] Expansion 64: New longest path found with length 18: [0, 1, 2, 11, 12, 21, 22, 23, 14, 5, 6, 7, 16, 17, 26, 35, 44, 53, 62]. g_current=11, g_opposite=7, f_max=42, generated=113
[00:00:00:00:671] Expansion 98: New longest path found with length 22: [0, 1, 2, 3, 12, 21, 20, 19, 18, 27, 36, 45, 54, 55, 56, 57, 58, 59, 60, 51, 52, 53, 62]. g_current=9, g_opposite=13, f_max=43, generated=173
[00:00:00:01:329] Expansion 231: New longest path found with length 28: [0, 9, 18, 27, 36, 45, 54, 55, 56, 57, 48, 39, 38, 29, 20, 11, 2, 3, 4, 5, 6, 7, 16, 17, 26, 35, 44, 53, 62]. g_current=14, g_opposite=14, f_max=42, generated=371
[00:00:00:02:217] Expansion 380: New longest path found with length 30: [0, 9, 18, 27, 36, 45, 54, 55, 56, 57, 48, 39, 38, 29, 20, 11, 2, 3, 4, 5, 6, 7, 16, 17, 26, 35, 34, 43, 52, 53, 62]. g_current=18, g_opposite=12, f_max=42, generated=630
[00:00:00:03:602] Expansion 634: New longest path found with length 34: [0, 1, 2, 3, 12, 21, 20, 19, 18, 27, 36, 45, 54, 55, 56, 57, 58, 59, 60, 51, 42, 33, 32, 23, 14, 5, 6, 7, 16, 17, 26, 35, 44, 53, 62]. g_current=18, g_opposite=16, f_max=40, generated=1,051
[00:00:00:05:064] Expansion 916: New longest path found with length 36: [0, 9, 18, 19, 20, 11, 2, 3, 4, 5, 6, 7, 16, 17, 26, 35, 34, 33, 32, 41, 40, 39, 38, 37, 36, 45, 54, 55, 56, 57, 58, 59, 60, 51, 52, 53, 62]. g_current=17, g_opposite=19, f_max=40, generated=1,556
[00:00:00:06:542] Expansion 1,179: New longest path found with length 38: [0, 9, 18, 19, 20, 11, 2, 3, 4, 5, 6, 7, 16, 17, 26, 35, 34, 33, 24, 23, 22, 31, 40, 39, 38, 37, 36, 45, 54, 55, 56, 57, 58, 59, 60, 51, 52, 53, 62]. g_current=18, g_opposite=20, f_max=39, generated=2,044
[00:00:00:12:708] Path of length 38 found: [0, 9, 18, 19, 20, 11, 2, 3, 4, 5, 6, 7, 16, 17, 26, 35, 34, 33, 24, 23, 22, 31, 40, 39, 38, 37, 36, 45, 54, 55, 56, 57, 58, 59, 60, 51, 52, 53, 62]
[00:00:00:13:192] ! Bidirectional. expansions: 2,316, time: 12,708 [ms], path length: 38 [edges], g_F: 20, g_B: 18, generated: 4,015, MM: 2, MMPER: 4.128205128205129%
[00:00:00:13:192] 
---------- SM_Grids/7x9_grid_with_random_blocks_8per_6 ----------
[00:00:00:20:398] Path of length 34 found: [0, 9, 18, 27, 36, 37, 46, 55, 56, 57, 58, 49, 40, 39, 30, 29, 20, 11, 12, 3, 4, 5, 6, 7, 8, 17, 26, 25, 24, 33, 42, 51, 52, 61, 62]
[00:00:00:20:399] ! Unidirectional s-t. expansions: 1,024, time: 20,398 [ms], path length: 34 [edges], generated: 18,836
[00:00:00:27:334] Path of length 34 found: [62, 61, 52, 43, 44, 35, 26, 17, 8, 7, 6, 5, 4, 3, 12, 21, 22, 23, 32, 41, 40, 49, 58, 57, 56, 47, 38, 37, 36, 27, 18, 19, 10, 1, 0]
[00:00:00:27:335] ! Unidirectional t-s. expansions: 950, time: 27,334 [ms], path length: 34 [edges], generated: 21,271
[00:00:00:00:548] Expansion 93: New longest path found with length 28: [0, 9, 18, 27, 36, 37, 46, 55, 56, 57, 58, 49, 40, 41, 32, 33, 24, 15, 6, 7, 8, 17, 26, 35, 44, 43, 52, 61, 62]. g_current=16, g_opposite=12, f_max=40, generated=157
[00:00:00:01:216] Expansion 215: New longest path found with length 32: [0, 9, 18, 27, 36, 37, 46, 55, 56, 57, 58, 49, 40, 39, 30, 29, 20, 11, 12, 3, 4, 5, 6, 7, 8, 17, 26, 35, 44, 43, 52, 61, 62]. g_current=18, g_opposite=14, f_max=40, generated=355
[00:00:00:02:941] Expansion 528: New longest path found with length 34: [0, 9, 18, 27, 36, 37, 46, 55, 56, 57, 58, 49, 40, 39, 30, 29, 20, 11, 12, 13, 14, 15, 6, 7, 8, 17, 26, 25, 34, 33, 42, 51, 52, 53, 62]. g_current=15, g_opposite=19, f_max=38, generated=918
[00:00:00:19:980] Path of length 34 found: [0, 9, 18, 27, 36, 37, 46, 55, 56, 57, 58, 49, 40, 39, 30, 29, 20, 11, 12, 13, 14, 15, 6, 7, 8, 17, 26, 25, 34, 33, 42, 51, 52, 53, 62]
[00:00:00:20:465] ! Bidirectional. expansions: 3,771, time: 19,980 [ms], path length: 34 [edges], g_F: 19, g_B: 15, generated: 7,293, MM: 4, MMPER: 10.428571428571429%
[00:00:00:20:465] 
---------- SM_Grids/7x9_grid_with_random_blocks_8per_7 ----------
[00:00:00:08:589] Path of length 38 found: [0, 1, 2, 3, 12, 13, 14, 5, 6, 7, 8, 17, 26, 25, 24, 33, 32, 31, 30, 29, 20, 19, 18, 27, 36, 45, 54, 55, 56, 47, 48, 49, 58, 59, 60, 51, 52, 53, 62]
[00:00:00:08:591] ! Unidirectional s-t. expansions: 372, time: 8,590 [ms], path length: 38 [edges], generated: 6,482
[00:00:00:05:319] Path of length 38 found: [62, 61, 60, 59, 58, 49, 48, 47, 56, 55, 54, 45, 36, 27, 18, 19, 20, 29, 30, 31, 32, 41, 42, 43, 34, 25, 26, 17, 8, 7, 6, 5, 14, 13, 12, 3, 2, 1, 0]
[00:00:00:05:319] ! Unidirectional t-s. expansions: 197, time: 5,319 [ms], path length: 38 [edges], generated: 3,708
[00:00:00:00:293] Expansion 31: New longest path found with length 18: [0, 1, 2, 11, 12, 13, 4, 5, 6, 7, 8, 17, 26, 25, 34, 43, 44, 53, 62]. g_current=13, g_opposite=5, f_max=43, generated=56
[00:00:00:00:543] Expansion 82: New longest path found with length 22: [0, 9, 18, 19, 20, 11, 2, 3, 4, 13, 14, 15, 6, 7, 8, 17, 26, 25, 34, 43, 44, 53, 62]. g_current=17, g_opposite=5, f_max=42, generated=134
[00:00:00:01:545] Expansion 256: New longest path found with length 26: [0, 1, 2, 11, 12, 13, 4, 5, 6, 7, 8, 17, 26, 25, 24, 33, 32, 31, 30, 39, 48, 49, 58, 59, 60, 61, 62]. g_current=17, g_opposite=9, f_max=41, generated=416
[00:00:00:01:591] Expansion 267: New longest path found with length 30: [0, 9, 18, 19, 28, 37, 36, 45, 54, 55, 56, 47, 48, 39, 30, 31, 22, 13, 14, 5, 6, 7, 8, 17, 26, 25, 34, 43, 44, 53, 62]. g_current=15, g_opposite=15, f_max=41, generated=433
[00:00:00:02:130] Expansion 376: New longest path found with length 32: [0, 1, 2, 11, 20, 19, 18, 27, 36, 45, 54, 55, 56, 47, 38, 39, 30, 31, 22, 13, 14, 5, 6, 7, 8, 17, 26, 25, 34, 43, 44, 53, 62]. g_current=17, g_opposite=15, f_max=41, generated=608
[00:00:00:02:569] Expansion 467: New longest path found with length 34: [0, 1, 2, 11, 12, 13, 4, 5, 6, 7, 8, 17, 26, 25, 24, 33, 32, 31, 30, 29, 28, 37, 36, 45, 54, 55, 56, 47, 48, 49, 58, 59, 60, 61, 62]. g_current=15, g_opposite=19, f_max=40, generated=760
[00:00:00:02:852] Expansion 509: New longest path found with length 36: [0, 1, 2, 11, 20, 19, 18, 27, 36, 45, 54, 55, 56, 47, 38, 39, 30, 31, 22, 13, 14, 5, 6, 7, 8, 17, 26, 25, 34, 43, 42, 41, 50, 59, 60, 61, 62]. g_current=16, g_opposite=20, f_max=40, generated=833
[00:00:00:03:391] Expansion 629: New longest path found with length 38: [0, 1, 2, 3, 12, 13, 14, 5, 6, 7, 8, 17, 26, 25, 24, 33, 32, 31, 30, 29, 20, 19, 18, 27, 36, 45, 54, 55, 56, 47, 48, 49, 58, 59, 60, 51, 52, 53, 62]. g_current=20, g_opposite=18, f_max=40, generated=1,024
[00:00:00:08:013] Path of length 38 found: [0, 1, 2, 3, 12, 13, 14, 5, 6, 7, 8, 17, 26, 25, 24, 33, 32, 31, 30, 29, 20, 19, 18, 27, 36, 45, 54, 55, 56, 47, 48, 49, 58, 59, 60, 51, 52, 53, 62]
[00:00:00:08:509] ! Bidirectional. expansions: 1,531, time: 8,014 [ms], path length: 38 [edges], g_F: 20, g_B: 18, generated: 2,540, MM: 2, MMPER: 4.128205128205129%
[00:00:00:08:509] 
---------- SM_Grids/7x9_grid_with_random_blocks_8per_8 ----------
[00:00:00:08:307] Path of length 38 found: [0, 9, 18, 27, 36, 45, 54, 55, 56, 47, 38, 29, 20, 11, 2, 3, 4, 13, 22, 31, 40, 49, 58, 59, 60, 51, 42, 33, 24, 15, 6, 7, 8, 17, 26, 35, 44, 53, 62]
[00:00:00:08:307] ! Unidirectional s-t. expansions: 372, time: 8,307 [ms], path length: 38 [edges], generated: 5,921
[00:00:00:12:147] Path of length 38 found: [62, 61, 60, 51, 42, 43, 34, 35, 26, 17, 8, 7, 6, 15, 24, 23, 22, 13, 4, 3, 2, 11, 20, 29, 30, 39, 40, 49, 58, 57, 56, 47, 46, 37, 36, 27, 18, 9, 0]
[00:00:00:12:148] ! Unidirectional t-s. expansions: 547, time: 12,147 [ms], path length: 38 [edges], generated: 9,817
[00:00:00:00:207] Expansion 28: New longest path found with length 16: [0, 1, 10, 11, 12, 13, 4, 5, 6, 7, 8, 17, 26, 35, 44, 53, 62]. g_current=12, g_opposite=4, f_max=43, generated=45
[00:00:00:00:486] Expansion 83: New longest path found with length 20: [0, 9, 10, 11, 2, 3, 4, 13, 22, 23, 24, 15, 6, 7, 8, 17, 26, 35, 44, 53, 62]. g_current=11, g_opposite=9, f_max=42, generated=138
[00:00:00:00:743] Expansion 137: New longest path found with length 24: [0, 9, 10, 11, 2, 3, 4, 13, 22, 23, 24, 15, 6, 7, 8, 17, 26, 35, 34, 43, 42, 51, 60, 61, 62]. g_current=15, g_opposite=9, f_max=42, generated=225
[00:00:00:01:248] Expansion 238: New longest path found with length 28: [0, 9, 18, 27, 36, 45, 54, 55, 56, 47, 48, 49, 58, 59, 60, 51, 42, 33, 24, 15, 6, 7, 8, 17, 26, 35, 44, 53, 62]. g_current=18, g_opposite=10, f_max=41, generated=402
[00:00:00:01:805] Expansion 373: New longest path found with length 30: [0, 9, 18, 27, 36, 45, 54, 55, 56, 47, 38, 29, 30, 31, 32, 23, 24, 15, 6, 7, 8, 17, 26, 35, 34, 43, 42, 51, 60, 61, 62]. g_current=11, g_opposite=19, f_max=41, generated=612
[00:00:00:02:336] Expansion 487: New longest path found with length 32: [0, 9, 18, 27, 36, 45, 54, 55, 56, 47, 38, 29, 20, 11, 2, 3, 4, 13, 22, 31, 32, 33, 24, 15, 6, 7, 8, 17, 26, 35, 44, 53, 62]. g_current=20, g_opposite=12, f_max=40, generated=794
[00:00:00:03:575] Expansion 762: New longest path found with length 36: [0, 9, 10, 11, 2, 3, 4, 5, 6, 7, 16, 17, 26, 35, 44, 43, 42, 33, 32, 31, 40, 39, 38, 29, 28, 27, 36, 45, 54, 55, 56, 57, 58, 59, 60, 61, 62]. g_current=17, g_opposite=19, f_max=40, generated=1,287
[00:00:00:04:302] Expansion 913: New longest path found with length 38: [0, 1, 10, 11, 12, 3, 4, 5, 6, 7, 16, 17, 26, 35, 44, 43, 42, 33, 24, 23, 22, 31, 40, 39, 38, 29, 28, 27, 36, 45, 54, 55, 56, 57, 58, 59, 60, 61, 62]. g_current=20, g_opposite=18, f_max=41, generated=1,535
[00:00:00:10:492] Path of length 38 found: [0, 1, 10, 11, 12, 3, 4, 5, 6, 7, 16, 17, 26, 35, 44, 43, 42, 33, 24, 23, 22, 31, 40, 39, 38, 29, 28, 27, 36, 45, 54, 55, 56, 57, 58, 59, 60, 61, 62]
[00:00:00:10:957] ! Bidirectional. expansions: 2,294, time: 10,492 [ms], path length: 38 [edges], g_F: 20, g_B: 18, generated: 3,843, MM: 2, MMPER: 4.128205128205129%
[00:00:00:10:958] 
---------- SM_Grids/7x9_grid_with_random_blocks_8per_9 ----------
[00:00:00:05:855] Path of length 36 found: [0, 9, 18, 27, 28, 37, 38, 47, 56, 57, 58, 59, 50, 41, 40, 31, 30, 21, 20, 11, 2, 3, 4, 13, 14, 15, 6, 7, 8, 17, 26, 25, 34, 43, 52, 61, 62]
[00:00:00:05:857] ! Unidirectional s-t. expansions: 211, time: 5,855 [ms], path length: 36 [edges], generated: 4,019
[00:00:00:09:009] Path of length 36 found: [62, 61, 52, 43, 44, 35, 26, 17, 8, 7, 6, 15, 14, 13, 4, 3, 2, 11, 20, 21, 30, 31, 40, 41, 50, 59, 58, 57, 48, 47, 38, 37, 28, 27, 18, 9, 0]
[00:00:00:09:010] ! Unidirectional t-s. expansions: 356, time: 9,010 [ms], path length: 36 [edges], generated: 7,263
[00:00:00:00:656] Expansion 109: New longest path found with length 14: [0, 9, 18, 27, 28, 37, 38, 47, 48, 57, 58, 59, 60, 61, 62]. g_current=8, g_opposite=6, f_max=41, generated=183
[00:00:00:00:912] Expansion 162: New longest path found with length 20: [0, 9, 18, 27, 28, 37, 38, 47, 56, 57, 58, 59, 50, 41, 42, 33, 34, 35, 44, 53, 62]. g_current=9, g_opposite=11, f_max=40, generated=266
[00:00:00:01:685] Expansion 311: New longest path found with length 26: [0, 9, 18, 27, 28, 37, 38, 47, 56, 57, 58, 59, 50, 41, 42, 33, 24, 15, 6, 7, 8, 17, 26, 35, 44, 53, 62]. g_current=13, g_opposite=13, f_max=39, generated=516
[00:00:00:02:304] Expansion 429: New longest path found with length 30: [0, 9, 18, 27, 28, 37, 38, 47, 56, 57, 58, 59, 50, 41, 40, 31, 22, 23, 24, 15, 6, 7, 8, 17, 26, 35, 44, 43, 52, 61, 62]. g_current=14, g_opposite=16, f_max=38, generated=717
[00:00:00:03:020] Expansion 578: New longest path found with length 32: [0, 9, 18, 27, 28, 37, 38, 47, 56, 57, 58, 59, 50, 41, 40, 31, 30, 21, 20, 11, 2, 3, 4, 5, 6, 7, 8, 17, 26, 35, 44, 53, 62]. g_current=12, g_opposite=20, f_max=38, generated=965
[00:00:00:04:944] Expansion 994: New longest path found with length 36: [0, 9, 18, 27, 28, 37, 38, 47, 56, 57, 58, 59, 50, 41, 40, 31, 30, 21, 20, 11, 2, 3, 4, 13, 14, 15, 6, 7, 8, 17, 26, 35, 44, 43, 52, 61, 62]. g_current=16, g_opposite=20, f_max=38, generated=1,682
[00:00:00:07:887] Path of length 36 found: [0, 9, 18, 27, 28, 37, 38, 47, 56, 57, 58, 59, 50, 41, 40, 31, 30, 21, 20, 11, 2, 3, 4, 13, 14, 15, 6, 7, 8, 17, 26, 35, 44, 43, 52, 61, 62]
[00:00:00:08:369] ! Bidirectional. expansions: 1,516, time: 7,887 [ms], path length: 36 [edges], g_F: 20, g_B: 16, generated: 2,603, MM: 4, MMPER: 9.81081081081081%

[00:00:00:08:369] average expansions: (427, 403, 2,220, 0)
[00:00:00:08:369] average time: (10,568, 10,576, 11,671, 0)
[00:00:00:08:370] XA*: 403 , 10,568 (expansions , time[ms])
[00:00:00:08:370] XMM: 2,220 , 11,671 (expansions , time[ms])

