------------------------------------
Thu 01 Oct 2026 14:28:04 IDT
SLURM_JOBID:		21950239
SLURM_JOB_NODELIST:	ise-cpu256-32
SLURM_SCRATCH_DIR:	/scratch/shubit/21950239
Allocated Resouces:	cpu - 2 / mem - 61440 MB / gpu - 
SLURM_GPU_INDEX:	
Running as shubit from shimony account with normal QOS
------------------------------------
Thu 01 Oct 2026 14:28:04 IDT

SLURM_JOBID:		 21950239
SLURM_JOB_NODELIST:	 ise-cpu256-32 

--------------------------
date: SM_Grids
number_of_graphs: 10
graph_type: grid
size_of_graphs: [7, 9]
heuristic: bcc_heuristic
snake: True
run_uni: True
run_bi: True
run_multi: False
solution_vertices: []
algorithms: ['DFBnB']
lookahead: 3
bsd: False
cube_first_dims: 4
cube_buffer_dim: None
backward_sym_generation: False
sym_coil: False
prefix_set: None

---------- SM_Grids/7x9_grid_with_random_blocks_12per_0 ----------
[00:00:00:12:507] Path of length 32 found: [0, 9, 18, 19, 20, 11, 2, 3, 4, 13, 14, 15, 16, 25, 26, 35, 44, 43, 42, 33, 32, 31, 30, 39, 38, 47, 56, 57, 58, 59, 60, 61, 62]
[00:00:00:12:508] ! Unidirectional s-t. expansions: 894, time: 12,507 [ms], path length: 32 [edges], generated: 10,336
[00:00:00:15:878] Path of length 32 found: [62, 53, 44, 43, 42, 51, 60, 59, 58, 57, 56, 47, 38, 39, 30, 31, 32, 23, 24, 25, 16, 7, 6, 5, 4, 3, 2, 11, 20, 19, 18, 9, 0]
[00:00:00:15:878] ! Unidirectional t-s. expansions: 2,249, time: 15,878 [ms], path length: 32 [edges], generated: 17,118
[00:00:00:35:312] Path of length 32 found: [0, 9, 18, 19, 20, 11, 2, 3, 4, 5, 6, 7, 16, 25, 24, 23, 22, 31, 30, 39, 38, 47, 56, 57, 58, 59, 60, 51, 42, 43, 44, 53, 62]
[00:00:00:35:815] ! Bidirectional. expansions: 1,979, time: 35,313 [ms], path length: 32 [edges], g_F: 18, g_B: 14, generated: 0, MM: 4, MMPER: 11.121212121212121%
[00:00:00:35:815] 
---------- SM_Grids/7x9_grid_with_random_blocks_12per_1 ----------
[00:00:00:04:509] Path of length 32 found: [0, 9, 18, 19, 20, 11, 12, 13, 14, 5, 6, 7, 16, 25, 26, 35, 44, 43, 42, 41, 32, 31, 30, 39, 38, 47, 56, 57, 58, 59, 60, 61, 62]
[00:00:00:04:510] ! Unidirectional s-t. expansions: 382, time: 4,509 [ms], path length: 32 [edges], generated: 3,434
[00:00:00:08:568] Path of length 32 found: [62, 61, 60, 59, 58, 57, 56, 47, 38, 39, 30, 31, 32, 41, 42, 43, 44, 35, 26, 17, 16, 7, 6, 5, 14, 13, 12, 11, 20, 19, 18, 9, 0]
[00:00:00:08:569] ! Unidirectional t-s. expansions: 772, time: 8,568 [ms], path length: 32 [edges], generated: 7,273
[00:00:00:23:876] Path of length 32 found: [0, 9, 18, 19, 20, 11, 12, 13, 14, 5, 6, 7, 16, 25, 26, 35, 44, 43, 42, 41, 32, 31, 30, 39, 38, 47, 56, 57, 58, 59, 60, 61, 62]
[00:00:00:24:332] ! Bidirectional. expansions: 845, time: 23,876 [ms], path length: 32 [edges], g_F: 14, g_B: 18, generated: 0, MM: 4, MMPER: 11.121212121212121%
[00:00:00:24:332] 
---------- SM_Grids/7x9_grid_with_random_blocks_12per_2 ----------
[00:00:00:10:986] Path of length 32 found: [0, 9, 18, 19, 28, 37, 36, 45, 54, 55, 56, 47, 48, 49, 50, 41, 32, 31, 30, 21, 12, 3, 4, 5, 14, 15, 24, 25, 34, 43, 52, 61, 62]
[00:00:00:10:986] ! Unidirectional s-t. expansions: 1,068, time: 10,986 [ms], path length: 32 [edges], generated: 9,695
[00:00:00:19:295] Path of length 32 found: [62, 53, 44, 43, 34, 25, 16, 7, 6, 5, 14, 23, 32, 41, 50, 49, 48, 47, 56, 55, 54, 45, 36, 27, 18, 19, 20, 21, 12, 3, 2, 1, 0]
[00:00:00:19:296] ! Unidirectional t-s. expansions: 1,966, time: 19,295 [ms], path length: 32 [edges], generated: 18,502
[00:00:00:48:251] Path of length 32 found: [0, 9, 18, 27, 36, 45, 54, 55, 56, 47, 38, 39, 30, 21, 20, 11, 2, 3, 4, 5, 6, 7, 16, 25, 24, 23, 32, 41, 42, 43, 44, 53, 62]
[00:00:00:48:728] ! Bidirectional. expansions: 3,000, time: 48,251 [ms], path length: 32 [edges], g_F: 18, g_B: 14, generated: 0, MM: 4, MMPER: 11.121212121212121%
[00:00:00:48:728] 
---------- SM_Grids/7x9_grid_with_random_blocks_12per_3 ----------
[00:00:00:06:043] Path of length 36 found: [0, 9, 10, 11, 2, 3, 4, 5, 6, 7, 8, 17, 26, 35, 44, 43, 42, 33, 24, 23, 22, 21, 30, 29, 28, 27, 36, 45, 46, 47, 48, 49, 58, 59, 60, 61, 62]
[00:00:00:06:043] ! Unidirectional s-t. expansions: 466, time: 6,043 [ms], path length: 36 [edges], generated: 4,562
[00:00:00:04:504] Path of length 36 found: [62, 61, 60, 59, 50, 49, 40, 39, 38, 47, 46, 45, 36, 27, 28, 19, 20, 21, 22, 23, 32, 33, 42, 43, 44, 35, 26, 17, 8, 7, 6, 5, 4, 3, 2, 1, 0]
[00:00:00:04:505] ! Unidirectional t-s. expansions: 308, time: 4,504 [ms], path length: 36 [edges], generated: 3,408
[00:00:00:13:187] Path of length 36 found: [0, 9, 10, 11, 2, 3, 4, 5, 6, 7, 8, 17, 26, 35, 44, 43, 42, 33, 32, 23, 22, 21, 30, 29, 28, 27, 36, 45, 46, 47, 48, 49, 50, 59, 60, 61, 62]
[00:00:00:13:667] ! Bidirectional. expansions: 429, time: 13,187 [ms], path length: 36 [edges], g_F: 18, g_B: 18, generated: 0, MM: 0, MMPER: -1.0%
[00:00:00:13:667] 
---------- SM_Grids/7x9_grid_with_random_blocks_12per_4 ----------
[00:00:00:04:171] Path of length 36 found: [0, 1, 10, 11, 12, 13, 4, 5, 6, 7, 8, 17, 26, 25, 24, 23, 32, 41, 40, 39, 30, 29, 28, 27, 36, 45, 46, 47, 56, 57, 58, 59, 60, 51, 52, 53, 62]
[00:00:00:04:171] ! Unidirectional s-t. expansions: 342, time: 4,171 [ms], path length: 36 [edges], generated: 3,146
[00:00:00:04:460] Path of length 36 found: [62, 53, 52, 51, 60, 59, 58, 57, 56, 47, 46, 45, 36, 27, 28, 29, 30, 39, 40, 41, 32, 33, 34, 25, 26, 17, 8, 7, 6, 5, 4, 13, 12, 11, 2, 1, 0]
[00:00:00:04:460] ! Unidirectional t-s. expansions: 327, time: 4,460 [ms], path length: 36 [edges], generated: 3,332
[00:00:00:09:840] Path of length 36 found: [0, 1, 10, 11, 12, 13, 4, 5, 6, 7, 8, 17, 26, 25, 24, 23, 32, 41, 40, 39, 30, 29, 28, 27, 36, 45, 46, 47, 56, 57, 58, 59, 60, 51, 52, 53, 62]
[00:00:00:10:317] ! Bidirectional. expansions: 410, time: 9,840 [ms], path length: 36 [edges], g_F: 22, g_B: 14, generated: 0, MM: 8, MMPER: 20.62162162162162%
[00:00:00:10:317] 
---------- SM_Grids/7x9_grid_with_random_blocks_12per_5 ----------
[00:00:00:03:629] Path of length 30 found: [0, 1, 10, 19, 28, 29, 38, 39, 48, 49, 50, 41, 32, 31, 22, 21, 12, 3, 4, 5, 14, 15, 24, 25, 26, 35, 44, 43, 52, 61, 62]
[00:00:00:03:629] ! Unidirectional s-t. expansions: 280, time: 3,629 [ms], path length: 30 [edges], generated: 2,718
[00:00:00:11:525] Path of length 30 found: [62, 53, 44, 35, 26, 17, 16, 15, 6, 5, 4, 3, 12, 21, 22, 31, 32, 33, 42, 51, 50, 49, 48, 39, 38, 29, 28, 19, 10, 1, 0]
[00:00:00:11:526] ! Unidirectional t-s. expansions: 1,237, time: 11,526 [ms], path length: 30 [edges], generated: 10,071
[00:00:00:11:506] Path of length 30 found: [0, 1, 10, 19, 28, 29, 38, 39, 48, 49, 50, 41, 32, 23, 22, 21, 12, 3, 4, 5, 6, 15, 16, 17, 26, 35, 44, 43, 52, 61, 62]
[00:00:00:11:938] ! Bidirectional. expansions: 407, time: 11,506 [ms], path length: 30 [edges], g_F: 16, g_B: 14, generated: 0, MM: 2, MMPER: 5.451612903225806%
[00:00:00:11:938] 
---------- SM_Grids/7x9_grid_with_random_blocks_12per_6 ----------
[00:00:00:06:119] Path of length 36 found: [0, 9, 18, 19, 20, 11, 12, 3, 4, 5, 6, 7, 16, 25, 24, 23, 22, 31, 40, 39, 38, 37, 36, 45, 54, 55, 56, 57, 58, 59, 50, 51, 42, 43, 44, 53, 62]
[00:00:00:06:119] ! Unidirectional s-t. expansions: 522, time: 6,119 [ms], path length: 36 [edges], generated: 4,917
[00:00:00:05:293] Path of length 36 found: [62, 53, 44, 35, 26, 17, 16, 15, 24, 33, 42, 51, 60, 59, 58, 57, 56, 55, 54, 45, 36, 37, 38, 39, 40, 31, 22, 13, 4, 3, 2, 11, 20, 19, 18, 9, 0]
[00:00:00:05:293] ! Unidirectional t-s. expansions: 604, time: 5,293 [ms], path length: 36 [edges], generated: 4,898
[00:00:00:18:774] Path of length 36 found: [0, 9, 18, 19, 20, 11, 2, 3, 4, 13, 22, 31, 40, 39, 38, 37, 36, 45, 54, 55, 56, 57, 58, 59, 50, 51, 42, 33, 24, 15, 16, 17, 26, 35, 44, 53, 62]
[00:00:00:19:232] ! Bidirectional. expansions: 958, time: 18,774 [ms], path length: 36 [edges], g_F: 21, g_B: 15, generated: 0, MM: 6, MMPER: 15.216216216216218%
[00:00:00:19:232] 
---------- SM_Grids/7x9_grid_with_random_blocks_12per_7 ----------
[00:00:00:10:925] Path of length 34 found: [0, 9, 18, 19, 28, 37, 36, 45, 54, 55, 56, 57, 58, 59, 60, 51, 42, 41, 32, 31, 22, 21, 12, 3, 4, 5, 14, 15, 24, 25, 34, 35, 44, 53, 62]
[00:00:00:10:925] ! Unidirectional s-t. expansions: 1,095, time: 10,925 [ms], path length: 34 [edges], generated: 10,364
[00:00:00:04:941] Path of length 34 found: [62, 53, 44, 35, 34, 25, 24, 15, 14, 5, 4, 3, 12, 21, 22, 31, 32, 41, 42, 51, 60, 59, 58, 49, 48, 39, 38, 37, 36, 27, 18, 19, 10, 1, 0]
[00:00:00:04:941] ! Unidirectional t-s. expansions: 426, time: 4,941 [ms], path length: 34 [edges], generated: 3,880
[00:00:00:17:393] Path of length 34 found: [0, 9, 10, 19, 28, 27, 36, 45, 54, 55, 56, 57, 58, 59, 60, 51, 42, 41, 32, 31, 22, 21, 12, 3, 4, 5, 14, 15, 24, 25, 34, 35, 44, 53, 62]
[00:00:00:17:832] ! Bidirectional. expansions: 841, time: 17,393 [ms], path length: 34 [edges], g_F: 21, g_B: 13, generated: 0, MM: 8, MMPER: 21.857142857142858%
[00:00:00:17:832] 
---------- SM_Grids/7x9_grid_with_random_blocks_12per_8 ----------
[00:00:00:10:294] Path of length 32 found: [0, 1, 2, 11, 20, 19, 18, 27, 36, 37, 38, 39, 40, 49, 50, 51, 42, 33, 32, 23, 22, 13, 4, 5, 6, 15, 16, 25, 26, 35, 44, 53, 62]
[00:00:00:10:294] ! Unidirectional s-t. expansions: 862, time: 10,294 [ms], path length: 32 [edges], generated: 9,131
[00:00:00:12:789] Path of length 32 found: [62, 61, 60, 51, 50, 49, 40, 31, 32, 33, 34, 35, 26, 17, 8, 7, 6, 15, 14, 13, 4, 3, 2, 11, 20, 29, 38, 37, 36, 27, 18, 9, 0]
[00:00:00:12:790] ! Unidirectional t-s. expansions: 1,206, time: 12,789 [ms], path length: 32 [edges], generated: 10,408
[00:00:00:28:099] Path of length 32 found: [0, 9, 18, 27, 36, 37, 38, 39, 30, 21, 20, 11, 2, 3, 4, 13, 14, 15, 6, 7, 8, 17, 26, 25, 34, 33, 32, 41, 50, 51, 60, 61, 62]
[00:00:00:28:541] ! Bidirectional. expansions: 1,219, time: 28,099 [ms], path length: 32 [edges], g_F: 19, g_B: 13, generated: 0, MM: 6, MMPER: 17.181818181818183%
[00:00:00:28:542] 
---------- SM_Grids/7x9_grid_with_random_blocks_12per_9 ----------
[00:00:00:07:091] Path of length 36 found: [0, 9, 18, 19, 28, 37, 36, 45, 54, 55, 56, 47, 48, 49, 58, 59, 60, 51, 42, 41, 32, 23, 22, 21, 12, 3, 4, 5, 6, 15, 16, 25, 34, 35, 44, 53, 62]
[00:00:00:07:092] ! Unidirectional s-t. expansions: 727, time: 7,091 [ms], path length: 36 [edges], generated: 6,614
[00:00:00:05:759] Path of length 36 found: [62, 53, 44, 35, 26, 17, 16, 7, 6, 5, 4, 3, 12, 21, 22, 23, 32, 33, 42, 51, 60, 59, 58, 49, 48, 47, 56, 55, 54, 45, 36, 27, 18, 19, 10, 1, 0]
[00:00:00:05:759] ! Unidirectional t-s. expansions: 995, time: 5,759 [ms], path length: 36 [edges], generated: 5,704
[00:00:00:30:174] Path of length 36 found: [0, 1, 10, 19, 18, 27, 36, 45, 54, 55, 56, 47, 48, 49, 58, 59, 60, 51, 42, 41, 32, 23, 22, 21, 12, 3, 4, 5, 6, 7, 16, 17, 26, 35, 44, 53, 62]
[00:00:00:30:608] ! Bidirectional. expansions: 3,805, time: 30,174 [ms], path length: 36 [edges], g_F: 17, g_B: 19, generated: 0, MM: 2, MMPER: 4.405405405405405%

[00:00:00:30:608] average expansions: (664, 1,009, 1,389, 0)
[00:00:00:30:608] average time: (7,627, 9,301, 23,641, 0)
[00:00:00:30:608] XDFBnB: 664 , 7,627 (expansions , time[ms])
[00:00:00:30:608] BiXDFBnB: 1,389 , 23,641 (expansions , time[ms])

