------------------------------------
Thu 01 Oct 2026 12:43:45 IDT
SLURM_JOBID:		21944715
SLURM_JOB_NODELIST:	ise-cpu256-15
SLURM_SCRATCH_DIR:	/scratch/shubit/21944715
Allocated Resouces:	cpu - 2 / mem - 61440 MB / gpu - 
SLURM_GPU_INDEX:	
Running as shubit from shimony account with normal QOS
------------------------------------
Thu 01 Oct 2026 12:43:45 IDT

SLURM_JOBID:		 21944715
SLURM_JOB_NODELIST:	 ise-cpu256-15 

--------------------------
date: SM_Grids
number_of_graphs: 10
graph_type: grid
size_of_graphs: [7, 8]
heuristic: bcc_heuristic
snake: True
run_uni: True
run_bi: True
run_multi: False
solution_vertices: []
algorithms: ['IDA']
lookahead: 3
bsd: False
cube_first_dims: 4
cube_buffer_dim: None
backward_sym_generation: False
sym_coil: False
prefix_set: None

---------- SM_Grids/7x8_grid_with_random_blocks_20per_0 ----------
[00:00:00:00:979] Path of length 19 found: [0, 8, 16, 17, 18, 19, 11, 3, 4, 5, 6, 7, 15, 23, 22, 30, 38, 46, 47, 55]
[00:00:00:00:979] ! Unidirectional s-t. expansions: 429, time: 979 [ms], path length: 19 [edges], generated: 1,479
[00:00:00:00:453] Path of length 19 found: [55, 47, 46, 38, 30, 22, 23, 15, 7, 6, 5, 4, 3, 11, 19, 18, 17, 9, 1, 0]
[00:00:00:00:453] ! Unidirectional t-s. expansions: 195, time: 453 [ms], path length: 19 [edges], generated: 690
[00:00:00:00:563] Path of length 19 found: [0, 1, 9, 17, 18, 19, 11, 3, 4, 5, 6, 7, 15, 23, 22, 30, 38, 46, 47, 55]
[00:00:00:00:971] ! Bidirectional. expansions: 40, time: 563 [ms], path length: 19 [edges], g_F: 9, g_B: 10, generated: 0, MM: 1, MMPER: 4.0%
[00:00:00:00:971] 
---------- SM_Grids/7x8_grid_with_random_blocks_20per_1 ----------
[00:00:00:01:094] Path of length 27 found: [0, 8, 16, 24, 32, 40, 41, 42, 43, 35, 27, 26, 18, 10, 2, 3, 4, 12, 13, 14, 22, 30, 29, 37, 45, 46, 54, 55]
[00:00:00:01:095] ! Unidirectional s-t. expansions: 137, time: 1,094 [ms], path length: 27 [edges], generated: 1,214
[00:00:00:00:817] Path of length 27 found: [55, 54, 46, 38, 30, 22, 14, 13, 5, 4, 3, 2, 10, 18, 26, 27, 28, 36, 44, 43, 42, 41, 40, 32, 24, 16, 8, 0]
[00:00:00:00:817] ! Unidirectional t-s. expansions: 77, time: 817 [ms], path length: 27 [edges], generated: 720
[00:00:00:01:046] Path of length 27 found: [0, 8, 16, 24, 32, 40, 41, 42, 43, 44, 36, 28, 27, 26, 18, 10, 2, 3, 4, 5, 13, 14, 22, 30, 38, 46, 54, 55]
[00:00:00:01:438] ! Bidirectional. expansions: 64, time: 1,046 [ms], path length: 27 [edges], g_F: 17, g_B: 10, generated: 0, MM: 7, MMPER: 24.0%
[00:00:00:01:438] 
---------- SM_Grids/7x8_grid_with_random_blocks_20per_2 ----------
[00:00:00:00:644] Path of length 21 found: [0, 1, 2, 3, 11, 19, 18, 17, 16, 24, 32, 40, 41, 42, 34, 35, 36, 44, 45, 53, 54, 55]
[00:00:00:00:645] ! Unidirectional s-t. expansions: 51, time: 644 [ms], path length: 21 [edges], generated: 531
[00:00:00:00:535] Path of length 21 found: [55, 54, 53, 45, 44, 36, 35, 34, 42, 41, 40, 32, 24, 16, 17, 18, 19, 11, 3, 2, 1, 0]
[00:00:00:00:535] ! Unidirectional t-s. expansions: 53, time: 535 [ms], path length: 21 [edges], generated: 457
[00:00:00:00:696] Path of length 21 found: [0, 1, 2, 3, 11, 19, 18, 17, 16, 24, 32, 40, 41, 42, 34, 35, 36, 44, 45, 53, 54, 55]
[00:00:00:01:127] ! Bidirectional. expansions: 58, time: 696 [ms], path length: 21 [edges], g_F: 11, g_B: 10, generated: 0, MM: 1, MMPER: 3.545454545454546%
[00:00:00:01:127] 
---------- SM_Grids/7x8_grid_with_random_blocks_20per_3 ----------
[00:00:00:00:765] Path of length 23 found: [0, 8, 16, 24, 25, 26, 18, 10, 11, 12, 4, 5, 6, 7, 15, 23, 22, 21, 29, 37, 45, 46, 47, 55]
[00:00:00:00:765] ! Unidirectional s-t. expansions: 86, time: 765 [ms], path length: 23 [edges], generated: 762
[00:00:00:02:144] Path of length 23 found: [55, 47, 46, 38, 37, 29, 21, 22, 23, 15, 7, 6, 5, 4, 12, 11, 19, 18, 26, 25, 24, 16, 8, 0]
[00:00:00:02:144] ! Unidirectional t-s. expansions: 482, time: 2,144 [ms], path length: 23 [edges], generated: 2,671
[00:00:00:01:252] Path of length 23 found: [0, 8, 16, 24, 25, 26, 18, 10, 11, 12, 4, 5, 6, 14, 15, 23, 31, 30, 29, 37, 45, 46, 47, 55]
[00:00:00:01:686] ! Bidirectional. expansions: 56, time: 1,252 [ms], path length: 23 [edges], g_F: 13, g_B: 10, generated: 0, MM: 3, MMPER: 11.5%
[00:00:00:01:686] 
---------- SM_Grids/7x8_grid_with_random_blocks_20per_4 ----------
[00:00:00:02:173] Path of length 21 found: [0, 8, 16, 17, 25, 26, 27, 19, 20, 12, 4, 5, 6, 14, 15, 23, 31, 30, 38, 46, 47, 55]
[00:00:00:02:173] ! Unidirectional s-t. expansions: 178, time: 2,173 [ms], path length: 21 [edges], generated: 2,057
[00:00:00:03:195] Path of length 21 found: [55, 47, 46, 38, 30, 31, 23, 15, 14, 6, 5, 4, 12, 20, 28, 27, 26, 25, 17, 9, 1, 0]
[00:00:00:03:195] ! Unidirectional t-s. expansions: 328, time: 3,195 [ms], path length: 21 [edges], generated: 3,653
[00:00:00:08:107] Path of length 21 found: [0, 8, 16, 17, 18, 26, 27, 28, 20, 12, 4, 5, 6, 14, 15, 23, 31, 30, 38, 46, 47, 55]
[00:00:00:08:490] ! Bidirectional. expansions: 406, time: 8,107 [ms], path length: 21 [edges], g_F: 11, g_B: 10, generated: 0, MM: 1, MMPER: 3.545454545454546%
[00:00:00:08:490] 
---------- SM_Grids/7x8_grid_with_random_blocks_20per_5 ----------
[00:00:00:00:800] Path of length 19 found: [0, 1, 9, 17, 25, 26, 27, 28, 20, 12, 4, 5, 6, 7, 15, 23, 31, 39, 47, 55]
[00:00:00:00:800] ! Unidirectional s-t. expansions: 86, time: 800 [ms], path length: 19 [edges], generated: 731
[00:00:00:02:721] Path of length 19 found: [55, 47, 46, 45, 44, 52, 51, 50, 42, 34, 35, 27, 28, 20, 12, 4, 3, 2, 1, 0]
[00:00:00:02:722] ! Unidirectional t-s. expansions: 390, time: 2,721 [ms], path length: 19 [edges], generated: 2,787
[00:00:00:04:686] Path of length 19 found: [0, 1, 9, 17, 25, 26, 27, 28, 20, 12, 4, 5, 6, 7, 15, 23, 31, 39, 47, 55]
[00:00:00:05:070] ! Bidirectional. expansions: 338, time: 4,686 [ms], path length: 19 [edges], g_F: 11, g_B: 8, generated: 0, MM: 3, MMPER: 14.0%
[00:00:00:05:070] 
---------- SM_Grids/7x8_grid_with_random_blocks_20per_6 ----------
[00:00:00:04:596] Path of length 15 found: [0, 1, 2, 10, 18, 26, 27, 35, 43, 51, 52, 53, 45, 46, 47, 55]
[00:00:00:04:596] ! Unidirectional s-t. expansions: 1,615, time: 4,596 [ms], path length: 15 [edges], generated: 6,236
[00:00:00:01:437] Path of length 15 found: [55, 47, 46, 45, 44, 52, 51, 50, 42, 34, 26, 25, 17, 9, 1, 0]
[00:00:00:01:438] ! Unidirectional t-s. expansions: 181, time: 1,438 [ms], path length: 15 [edges], generated: 1,363
[00:00:00:10:087] Path of length 15 found: [0, 1, 2, 10, 18, 26, 34, 42, 50, 51, 52, 44, 45, 46, 47, 55]
[00:00:00:10:489] ! Bidirectional. expansions: 874, time: 10,087 [ms], path length: 15 [edges], g_F: 7, g_B: 8, generated: 0, MM: 1, MMPER: 5.25%
[00:00:00:10:489] 
---------- SM_Grids/7x8_grid_with_random_blocks_20per_7 ----------
[00:00:00:00:671] Path of length 27 found: [0, 8, 16, 24, 32, 33, 34, 26, 18, 10, 11, 12, 13, 5, 6, 7, 15, 23, 22, 30, 29, 28, 36, 44, 45, 46, 54, 55]
[00:00:00:00:671] ! Unidirectional s-t. expansions: 84, time: 671 [ms], path length: 27 [edges], generated: 631
[00:00:00:01:041] Path of length 27 found: [55, 47, 46, 45, 44, 36, 28, 29, 30, 22, 23, 15, 7, 6, 5, 13, 12, 11, 19, 18, 26, 34, 33, 32, 24, 16, 8, 0]
[00:00:00:01:041] ! Unidirectional t-s. expansions: 180, time: 1,041 [ms], path length: 27 [edges], generated: 1,162
[00:00:00:03:381] Path of length 27 found: [0, 8, 16, 24, 32, 33, 34, 26, 18, 10, 11, 12, 13, 5, 6, 7, 15, 23, 22, 30, 29, 28, 36, 44, 45, 46, 47, 55]
[00:00:00:03:768] ! Bidirectional. expansions: 149, time: 3,381 [ms], path length: 27 [edges], g_F: 15, g_B: 12, generated: 0, MM: 3, MMPER: 9.714285714285714%
[00:00:00:03:768] 
---------- SM_Grids/7x8_grid_with_random_blocks_20per_8 ----------
[00:00:00:01:291] Path of length 27 found: [0, 1, 2, 10, 18, 17, 16, 24, 32, 33, 34, 35, 27, 28, 20, 12, 4, 5, 6, 14, 22, 30, 38, 37, 45, 53, 54, 55]
[00:00:00:01:291] ! Unidirectional s-t. expansions: 126, time: 1,291 [ms], path length: 27 [edges], generated: 1,242
[00:00:00:00:851] Path of length 27 found: [55, 54, 53, 45, 37, 38, 30, 22, 14, 6, 5, 4, 12, 20, 28, 27, 35, 34, 33, 32, 24, 16, 17, 18, 10, 2, 1, 0]
[00:00:00:00:851] ! Unidirectional t-s. expansions: 83, time: 851 [ms], path length: 27 [edges], generated: 688
[00:00:00:02:867] Path of length 27 found: [0, 1, 2, 10, 18, 17, 16, 24, 32, 33, 34, 35, 27, 28, 20, 12, 4, 5, 6, 14, 22, 30, 38, 37, 45, 53, 54, 55]
[00:00:00:03:263] ! Bidirectional. expansions: 179, time: 2,867 [ms], path length: 27 [edges], g_F: 15, g_B: 12, generated: 0, MM: 3, MMPER: 9.714285714285714%
[00:00:00:03:264] 
---------- SM_Grids/7x8_grid_with_random_blocks_20per_9 ----------
[00:00:00:00:835] Path of length 19 found: [0, 1, 2, 3, 4, 12, 20, 19, 18, 17, 25, 33, 34, 35, 36, 44, 45, 46, 54, 55]
[00:00:00:00:836] ! Unidirectional s-t. expansions: 71, time: 835 [ms], path length: 19 [edges], generated: 720
[00:00:00:01:355] Path of length 19 found: [55, 47, 39, 38, 37, 36, 35, 34, 33, 25, 17, 18, 19, 20, 12, 4, 3, 2, 1, 0]
[00:00:00:01:356] ! Unidirectional t-s. expansions: 97, time: 1,355 [ms], path length: 19 [edges], generated: 1,213
[00:00:00:20:934] Path of length 19 found: [0, 1, 2, 3, 4, 12, 20, 19, 18, 17, 25, 33, 34, 35, 36, 37, 38, 39, 47, 55]
[00:00:00:21:321] ! Bidirectional. expansions: 5,822, time: 20,934 [ms], path length: 19 [edges], g_F: 12, g_B: 7, generated: 0, MM: 5, MMPER: 24.0%

[00:00:00:21:322] average expansions: (286, 207, 799, 0)
[00:00:00:21:322] average time: (1,385, 1,455, 5,362, 0)
[00:00:00:21:322] XIDA: 207 , 1,385 (expansions , time[ms])
[00:00:00:21:322] BiXIDA: 799 , 5,362 (expansions , time[ms])

