------------------------------------
Thu 01 Oct 2026 11:13:28 IDT
SLURM_JOBID:		21942948
SLURM_JOB_NODELIST:	ise-cpu256-04
SLURM_SCRATCH_DIR:	/scratch/shubit/21942948
Allocated Resouces:	cpu - 2 / mem - 61440 MB / gpu - 
SLURM_GPU_INDEX:	
Running as shubit from shimony account with normal QOS
------------------------------------
Thu 01 Oct 2026 11:13:28 IDT

SLURM_JOBID:		 21942948
SLURM_JOB_NODELIST:	 ise-cpu256-04 

--------------------------
date: SM_Grids
number_of_graphs: 10
graph_type: grid
size_of_graphs: [7, 7]
heuristic: bcc_heuristic
snake: True
run_uni: True
run_bi: True
run_multi: False
solution_vertices: []
algorithms: ['A']
lookahead: 2
bsd: False
cube_first_dims: 4
cube_buffer_dim: None
backward_sym_generation: False
sym_coil: False
prefix_set: None

---------- SM_Grids/7x7_grid_with_random_blocks_8per_0 ----------
[00:00:00:04:993] Path of length 28 found: [0, 1, 2, 3, 4, 5, 6, 13, 20, 19, 18, 17, 16, 15, 22, 21, 28, 35, 42, 43, 44, 37, 30, 31, 32, 39, 46, 47, 48]
[00:00:00:04:994] ! Unidirectional s-t. expansions: 905, time: 4,993 [ms], path length: 28 [edges], generated: 4,501
[00:00:00:02:848] Path of length 28 found: [48, 47, 46, 45, 44, 43, 42, 35, 28, 29, 30, 31, 32, 33, 34, 27, 20, 13, 6, 5, 4, 11, 18, 17, 16, 9, 2, 1, 0]
[00:00:00:02:848] ! Unidirectional t-s. expansions: 447, time: 2,848 [ms], path length: 28 [edges], generated: 2,110
[00:00:00:01:871] Path of length 28 found: [0, 1, 2, 9, 16, 15, 22, 21, 28, 35, 42, 43, 44, 37, 30, 31, 32, 25, 18, 11, 4, 5, 6, 13, 20, 27, 34, 41, 48]
[00:00:00:02:279] ! Bidirectional. expansions: 379, time: 1,872 [ms], path length: 28 [edges], g_F: 14, g_B: 14, generated: 0, MM: 0, MMPER: -1.0%
[00:00:00:02:280] 
---------- SM_Grids/7x7_grid_with_random_blocks_8per_1 ----------
[00:00:00:02:407] Path of length 24 found: [0, 7, 14, 21, 28, 29, 30, 31, 24, 17, 16, 9, 2, 3, 4, 5, 6, 13, 20, 19, 26, 33, 40, 47, 48]
[00:00:00:02:408] ! Unidirectional s-t. expansions: 409, time: 2,408 [ms], path length: 24 [edges], generated: 1,972
[00:00:00:11:093] Path of length 24 found: [48, 47, 46, 39, 32, 33, 34, 27, 20, 13, 6, 5, 4, 11, 18, 17, 24, 23, 30, 29, 28, 21, 14, 7, 0]
[00:00:00:11:094] ! Unidirectional t-s. expansions: 1,722, time: 11,093 [ms], path length: 24 [edges], generated: 8,585
[00:00:00:02:409] Path of length 24 found: [0, 7, 14, 21, 28, 29, 30, 23, 24, 17, 10, 3, 4, 5, 6, 13, 20, 27, 34, 33, 32, 39, 46, 47, 48]
[00:00:00:02:785] ! Bidirectional. expansions: 407, time: 2,409 [ms], path length: 24 [edges], g_F: 12, g_B: 12, generated: 0, MM: 0, MMPER: -1.0%
[00:00:00:02:786] 
---------- SM_Grids/7x7_grid_with_random_blocks_8per_2 ----------
[00:00:00:01:283] Path of length 30 found: [0, 7, 8, 9, 2, 3, 4, 5, 6, 13, 20, 19, 18, 17, 24, 23, 22, 21, 28, 35, 36, 43, 44, 45, 38, 39, 32, 33, 34, 41, 48]
[00:00:00:01:284] ! Unidirectional s-t. expansions: 168, time: 1,283 [ms], path length: 30 [edges], generated: 802
[00:00:00:02:517] Path of length 30 found: [48, 41, 34, 33, 32, 39, 38, 45, 44, 43, 36, 35, 28, 21, 22, 23, 24, 17, 18, 19, 20, 13, 6, 5, 4, 3, 2, 9, 8, 7, 0]
[00:00:00:02:517] ! Unidirectional t-s. expansions: 316, time: 2,517 [ms], path length: 30 [edges], generated: 1,500
[00:00:00:01:173] Path of length 30 found: [0, 7, 8, 9, 2, 3, 4, 5, 6, 13, 20, 19, 18, 17, 24, 23, 22, 21, 28, 35, 36, 43, 44, 45, 38, 39, 32, 33, 34, 41, 48]
[00:00:00:01:548] ! Bidirectional. expansions: 163, time: 1,173 [ms], path length: 30 [edges], g_F: 15, g_B: 15, generated: 0, MM: 0, MMPER: -1.0%
[00:00:00:01:548] 
---------- SM_Grids/7x7_grid_with_random_blocks_8per_3 ----------
[00:00:00:03:798] Path of length 28 found: [0, 7, 14, 21, 28, 35, 42, 43, 44, 37, 30, 31, 24, 17, 16, 9, 2, 3, 4, 11, 12, 13, 20, 27, 26, 33, 40, 47, 48]
[00:00:00:03:799] ! Unidirectional s-t. expansions: 709, time: 3,798 [ms], path length: 28 [edges], generated: 3,060
[00:00:00:05:412] Path of length 28 found: [48, 47, 46, 39, 32, 33, 26, 27, 20, 13, 6, 5, 4, 11, 18, 17, 24, 23, 30, 37, 44, 43, 42, 35, 28, 21, 14, 7, 0]
[00:00:00:05:412] ! Unidirectional t-s. expansions: 1,205, time: 5,412 [ms], path length: 28 [edges], generated: 4,400
[00:00:00:03:387] Path of length 28 found: [0, 7, 8, 9, 2, 3, 4, 5, 6, 13, 20, 27, 26, 25, 24, 23, 22, 21, 28, 35, 42, 43, 44, 45, 46, 39, 40, 41, 48]
[00:00:00:03:759] ! Bidirectional. expansions: 954, time: 3,387 [ms], path length: 28 [edges], g_F: 14, g_B: 14, generated: 0, MM: 0, MMPER: -1.0%
[00:00:00:03:759] 
---------- SM_Grids/7x7_grid_with_random_blocks_8per_4 ----------
[00:00:00:01:579] Path of length 28 found: [0, 1, 2, 9, 16, 15, 14, 21, 28, 35, 36, 37, 30, 31, 24, 25, 18, 11, 4, 5, 6, 13, 20, 27, 34, 33, 40, 47, 48]
[00:00:00:01:579] ! Unidirectional s-t. expansions: 209, time: 1,579 [ms], path length: 28 [edges], generated: 1,104
[00:00:00:02:168] Path of length 28 found: [48, 47, 40, 33, 34, 27, 20, 13, 6, 5, 4, 11, 18, 25, 24, 31, 30, 37, 36, 35, 28, 21, 14, 15, 16, 9, 2, 1, 0]
[00:00:00:02:168] ! Unidirectional t-s. expansions: 324, time: 2,168 [ms], path length: 28 [edges], generated: 1,539
[00:00:00:01:980] Path of length 28 found: [0, 1, 2, 9, 16, 15, 14, 21, 28, 35, 36, 37, 30, 31, 24, 25, 18, 11, 4, 5, 6, 13, 20, 27, 34, 33, 40, 47, 48]
[00:00:00:02:338] ! Bidirectional. expansions: 303, time: 1,981 [ms], path length: 28 [edges], g_F: 14, g_B: 14, generated: 0, MM: 0, MMPER: -1.0%
[00:00:00:02:338] 
---------- SM_Grids/7x7_grid_with_random_blocks_8per_5 ----------
[00:00:00:06:527] Path of length 26 found: [0, 1, 8, 15, 14, 21, 28, 35, 42, 43, 44, 37, 30, 23, 24, 17, 10, 11, 12, 13, 20, 27, 26, 33, 40, 41, 48]
[00:00:00:06:528] ! Unidirectional s-t. expansions: 1,068, time: 6,527 [ms], path length: 26 [edges], generated: 5,502
[00:00:00:02:970] Path of length 26 found: [48, 41, 40, 39, 46, 45, 44, 43, 42, 35, 28, 29, 30, 23, 24, 25, 26, 27, 20, 13, 12, 11, 10, 3, 2, 1, 0]
[00:00:00:02:971] ! Unidirectional t-s. expansions: 543, time: 2,970 [ms], path length: 26 [edges], generated: 2,437
[00:00:00:02:890] Path of length 26 found: [0, 1, 2, 9, 10, 11, 12, 13, 20, 27, 26, 25, 24, 23, 22, 21, 28, 35, 42, 43, 44, 45, 46, 39, 40, 41, 48]
[00:00:00:03:266] ! Bidirectional. expansions: 637, time: 2,890 [ms], path length: 26 [edges], g_F: 13, g_B: 13, generated: 0, MM: 0, MMPER: -1.0%
[00:00:00:03:267] 
---------- SM_Grids/7x7_grid_with_random_blocks_8per_6 ----------
[00:00:00:01:082] Path of length 30 found: [0, 1, 2, 9, 16, 15, 14, 21, 28, 35, 42, 43, 44, 37, 30, 31, 24, 25, 18, 11, 4, 5, 6, 13, 20, 27, 34, 33, 40, 47, 48]
[00:00:00:01:083] ! Unidirectional s-t. expansions: 157, time: 1,082 [ms], path length: 30 [edges], generated: 709
[00:00:00:01:682] Path of length 30 found: [48, 47, 40, 33, 34, 27, 20, 13, 6, 5, 4, 11, 18, 25, 24, 31, 38, 37, 44, 43, 42, 35, 28, 21, 14, 15, 16, 9, 2, 1, 0]
[00:00:00:01:683] ! Unidirectional t-s. expansions: 237, time: 1,682 [ms], path length: 30 [edges], generated: 1,095
[00:00:00:00:937] Path of length 30 found: [0, 1, 2, 9, 16, 15, 14, 21, 28, 35, 42, 43, 44, 37, 30, 31, 24, 25, 18, 11, 4, 5, 6, 13, 20, 27, 34, 33, 40, 47, 48]
[00:00:00:01:331] ! Bidirectional. expansions: 160, time: 937 [ms], path length: 30 [edges], g_F: 15, g_B: 15, generated: 0, MM: 0, MMPER: -1.0%
[00:00:00:01:331] 
---------- SM_Grids/7x7_grid_with_random_blocks_8per_7 ----------
[00:00:00:01:872] Path of length 28 found: [0, 7, 14, 15, 16, 9, 2, 3, 4, 5, 12, 19, 18, 25, 24, 31, 30, 29, 28, 35, 42, 43, 44, 45, 46, 39, 40, 41, 48]
[00:00:00:01:873] ! Unidirectional s-t. expansions: 194, time: 1,873 [ms], path length: 28 [edges], generated: 1,017
[00:00:00:01:871] Path of length 28 found: [48, 41, 40, 39, 46, 45, 44, 43, 42, 35, 28, 29, 30, 31, 24, 25, 26, 19, 12, 5, 4, 3, 2, 9, 16, 15, 14, 7, 0]
[00:00:00:01:871] ! Unidirectional t-s. expansions: 213, time: 1,871 [ms], path length: 28 [edges], generated: 1,078
[00:00:00:01:416] Path of length 28 found: [0, 7, 14, 15, 16, 9, 2, 3, 4, 11, 12, 19, 26, 25, 24, 31, 30, 29, 28, 35, 42, 43, 44, 45, 46, 39, 40, 41, 48]
[00:00:00:01:851] ! Bidirectional. expansions: 173, time: 1,416 [ms], path length: 28 [edges], g_F: 14, g_B: 14, generated: 0, MM: 0, MMPER: -1.0%
[00:00:00:01:852] 
---------- SM_Grids/7x7_grid_with_random_blocks_8per_8 ----------
[00:00:00:01:459] Path of length 30 found: [0, 7, 8, 9, 2, 3, 4, 5, 6, 13, 20, 19, 18, 17, 24, 23, 22, 21, 28, 35, 42, 43, 44, 37, 38, 39, 32, 33, 34, 41, 48]
[00:00:00:01:460] ! Unidirectional s-t. expansions: 210, time: 1,460 [ms], path length: 30 [edges], generated: 933
[00:00:00:01:352] Path of length 30 found: [48, 41, 34, 33, 32, 39, 38, 37, 44, 43, 42, 35, 28, 21, 22, 23, 24, 17, 18, 19, 20, 13, 6, 5, 4, 3, 2, 9, 8, 7, 0]
[00:00:00:01:352] ! Unidirectional t-s. expansions: 167, time: 1,352 [ms], path length: 30 [edges], generated: 843
[00:00:00:01:292] Path of length 30 found: [0, 7, 8, 9, 2, 3, 4, 5, 6, 13, 20, 19, 18, 17, 24, 23, 22, 21, 28, 35, 42, 43, 44, 37, 38, 39, 32, 33, 34, 41, 48]
[00:00:00:01:679] ! Bidirectional. expansions: 204, time: 1,292 [ms], path length: 30 [edges], g_F: 15, g_B: 15, generated: 0, MM: 0, MMPER: -1.0%
[00:00:00:01:679] 
---------- SM_Grids/7x7_grid_with_random_blocks_8per_9 ----------
[00:00:00:06:677] Path of length 28 found: [0, 1, 2, 3, 4, 5, 12, 13, 20, 27, 26, 25, 18, 17, 16, 15, 14, 21, 28, 35, 42, 43, 44, 37, 38, 39, 40, 41, 48]
[00:00:00:06:678] ! Unidirectional s-t. expansions: 940, time: 6,678 [ms], path length: 28 [edges], generated: 4,550
[00:00:00:04:587] Path of length 28 found: [48, 41, 34, 27, 20, 13, 6, 5, 4, 11, 18, 25, 32, 39, 38, 45, 44, 43, 42, 35, 28, 29, 30, 23, 16, 9, 2, 1, 0]
[00:00:00:04:588] ! Unidirectional t-s. expansions: 797, time: 4,587 [ms], path length: 28 [edges], generated: 3,501
[00:00:00:02:234] Path of length 28 found: [0, 1, 2, 9, 16, 15, 14, 21, 28, 35, 42, 43, 44, 37, 30, 31, 32, 25, 18, 11, 4, 5, 6, 13, 20, 27, 34, 41, 48]
[00:00:00:02:615] ! Bidirectional. expansions: 582, time: 2,234 [ms], path length: 28 [edges], g_F: 14, g_B: 14, generated: 0, MM: 0, MMPER: -1.0%

[00:00:00:02:615] average expansions: (497, 597, 396, 0)
[00:00:00:02:615] average time: (3,168, 3,650, 1,959, 0)
[00:00:00:02:616] XA*: 497 , 3,168 (expansions , time[ms])
[00:00:00:02:616] BiXA*: 396 , 1,959 (expansions , time[ms])

