------------------------------------
Thu 01 Oct 2026 11:13:28 IDT
SLURM_JOBID:		21943008
SLURM_JOB_NODELIST:	ise-cpu256-28
SLURM_SCRATCH_DIR:	/scratch/shubit/21943008
Allocated Resouces:	cpu - 2 / mem - 61440 MB / gpu - 
SLURM_GPU_INDEX:	
Running as shubit from shimony account with normal QOS
------------------------------------
Thu 01 Oct 2026 11:13:28 IDT

SLURM_JOBID:		 21943008
SLURM_JOB_NODELIST:	 ise-cpu256-28 

--------------------------
date: SM_Grids
number_of_graphs: 10
graph_type: grid
size_of_graphs: [7, 9]
heuristic: bcc_heuristic
snake: True
run_uni: True
run_bi: True
run_multi: False
solution_vertices: []
algorithms: ['A']
lookahead: 2
bsd: False
cube_first_dims: 4
cube_buffer_dim: None
backward_sym_generation: False
sym_coil: False
prefix_set: None

---------- SM_Grids/7x9_grid_with_random_blocks_16per_0 ----------
[00:00:00:07:186] Path of length 24 found: [0, 1, 2, 11, 20, 19, 18, 27, 36, 45, 54, 55, 56, 47, 38, 39, 30, 31, 32, 41, 50, 59, 60, 61, 62]
[00:00:00:07:187] ! Unidirectional s-t. expansions: 1,190, time: 7,186 [ms], path length: 24 [edges], generated: 4,740
[00:00:00:05:278] Path of length 24 found: [62, 53, 44, 35, 34, 33, 42, 41, 40, 31, 30, 29, 38, 47, 56, 55, 54, 45, 36, 27, 18, 19, 10, 1, 0]
[00:00:00:05:278] ! Unidirectional t-s. expansions: 522, time: 5,278 [ms], path length: 24 [edges], generated: 2,163
[00:00:00:02:535] Path of length 24 found: [0, 1, 10, 19, 18, 27, 36, 45, 54, 55, 56, 47, 38, 29, 30, 31, 40, 41, 42, 33, 34, 35, 44, 53, 62]
[00:00:00:03:178] ! Bidirectional. expansions: 361, time: 2,535 [ms], path length: 24 [edges], g_F: 12, g_B: 12, generated: 0, MM: 0, MMPER: -1.0%
[00:00:00:03:179] 
---------- SM_Grids/7x9_grid_with_random_blocks_16per_1 ----------
[00:00:00:00:555] Path of length 38 found: [0, 1, 2, 3, 12, 21, 20, 19, 18, 27, 36, 45, 54, 55, 56, 47, 38, 39, 40, 49, 58, 59, 60, 51, 42, 33, 32, 23, 14, 5, 6, 7, 16, 25, 26, 35, 44, 53, 62]
[00:00:00:00:555] ! Unidirectional s-t. expansions: 57, time: 555 [ms], path length: 38 [edges], generated: 203
[00:00:00:00:497] Path of length 38 found: [62, 53, 44, 35, 26, 17, 16, 7, 6, 5, 14, 23, 32, 33, 42, 51, 60, 59, 58, 49, 40, 39, 38, 47, 56, 55, 54, 45, 36, 27, 18, 19, 20, 21, 12, 3, 2, 1, 0]
[00:00:00:00:497] ! Unidirectional t-s. expansions: 72, time: 497 [ms], path length: 38 [edges], generated: 270
[00:00:00:00:359] Path of length 38 found: [0, 1, 2, 3, 12, 21, 20, 19, 18, 27, 36, 45, 54, 55, 56, 47, 38, 39, 40, 49, 58, 59, 60, 51, 42, 33, 32, 23, 14, 5, 6, 7, 16, 17, 26, 35, 44, 53, 62]
[00:00:00:00:936] ! Bidirectional. expansions: 66, time: 360 [ms], path length: 38 [edges], g_F: 19, g_B: 19, generated: 0, MM: 0, MMPER: -1.0%
[00:00:00:00:936] 
---------- SM_Grids/7x9_grid_with_random_blocks_16per_2 ----------
[00:00:00:03:471] Path of length 26 found: [0, 1, 2, 11, 20, 19, 28, 37, 38, 39, 30, 31, 32, 23, 14, 5, 6, 7, 16, 25, 26, 35, 44, 43, 52, 61, 62]
[00:00:00:03:472] ! Unidirectional s-t. expansions: 762, time: 3,472 [ms], path length: 26 [edges], generated: 2,546
[00:00:00:03:410] Path of length 26 found: [62, 61, 52, 43, 44, 35, 26, 17, 8, 7, 6, 5, 14, 23, 22, 31, 40, 39, 38, 37, 28, 19, 20, 11, 2, 1, 0]
[00:00:00:03:411] ! Unidirectional t-s. expansions: 468, time: 3,410 [ms], path length: 26 [edges], generated: 1,873
[00:00:00:01:223] Path of length 26 found: [0, 1, 2, 11, 20, 19, 28, 37, 38, 39, 30, 31, 22, 13, 4, 5, 6, 7, 8, 17, 26, 35, 44, 43, 52, 61, 62]
[00:00:00:01:894] ! Bidirectional. expansions: 263, time: 1,223 [ms], path length: 26 [edges], g_F: 13, g_B: 13, generated: 0, MM: 0, MMPER: -1.0%
[00:00:00:01:894] 
---------- SM_Grids/7x9_grid_with_random_blocks_16per_3 ----------
[00:00:00:01:670] Path of length 34 found: [0, 9, 18, 27, 36, 45, 46, 47, 48, 49, 40, 31, 30, 21, 20, 11, 2, 3, 4, 13, 14, 15, 6, 7, 8, 17, 26, 35, 34, 33, 42, 51, 52, 61, 62]
[00:00:00:01:671] ! Unidirectional s-t. expansions: 175, time: 1,670 [ms], path length: 34 [edges], generated: 739
[00:00:00:01:533] Path of length 34 found: [62, 61, 52, 51, 42, 33, 34, 35, 26, 17, 8, 7, 6, 15, 14, 13, 4, 3, 2, 11, 20, 21, 30, 31, 40, 49, 48, 47, 46, 45, 36, 27, 18, 9, 0]
[00:00:00:01:534] ! Unidirectional t-s. expansions: 174, time: 1,534 [ms], path length: 34 [edges], generated: 794
[00:00:00:01:035] Path of length 34 found: [0, 9, 18, 27, 36, 45, 46, 47, 38, 29, 20, 11, 2, 3, 4, 13, 14, 15, 6, 7, 8, 17, 26, 35, 34, 33, 32, 31, 40, 49, 50, 51, 52, 61, 62]
[00:00:00:01:668] ! Bidirectional. expansions: 153, time: 1,035 [ms], path length: 34 [edges], g_F: 17, g_B: 17, generated: 0, MM: 0, MMPER: -1.0%
[00:00:00:01:668] 
---------- SM_Grids/7x9_grid_with_random_blocks_16per_4 ----------
[00:00:00:01:521] Path of length 26 found: [0, 9, 18, 27, 36, 37, 38, 29, 20, 11, 12, 13, 22, 31, 32, 33, 24, 15, 16, 17, 26, 35, 44, 43, 52, 61, 62]
[00:00:00:01:522] ! Unidirectional s-t. expansions: 198, time: 1,521 [ms], path length: 26 [edges], generated: 716
[00:00:00:04:337] Path of length 26 found: [62, 61, 52, 43, 44, 35, 26, 17, 16, 15, 24, 33, 32, 31, 22, 13, 12, 11, 20, 29, 38, 37, 36, 27, 18, 9, 0]
[00:00:00:04:338] ! Unidirectional t-s. expansions: 416, time: 4,338 [ms], path length: 26 [edges], generated: 2,360
[00:00:00:01:130] Path of length 26 found: [0, 9, 18, 27, 36, 37, 38, 29, 20, 11, 12, 13, 22, 31, 32, 33, 24, 15, 16, 17, 26, 35, 44, 43, 52, 61, 62]
[00:00:00:01:976] ! Bidirectional. expansions: 126, time: 1,131 [ms], path length: 26 [edges], g_F: 13, g_B: 13, generated: 0, MM: 0, MMPER: -1.0%
[00:00:00:01:976] 
---------- SM_Grids/7x9_grid_with_random_blocks_16per_5 ----------
[00:00:00:02:558] Path of length 30 found: [0, 9, 18, 27, 36, 37, 38, 47, 56, 57, 58, 59, 50, 41, 40, 31, 30, 21, 12, 3, 4, 5, 14, 23, 24, 33, 34, 43, 52, 61, 62]
[00:00:00:02:558] ! Unidirectional s-t. expansions: 201, time: 2,558 [ms], path length: 30 [edges], generated: 1,144
[00:00:00:01:419] Path of length 30 found: [62, 53, 52, 43, 34, 25, 24, 23, 14, 5, 4, 3, 12, 21, 30, 31, 40, 41, 50, 59, 58, 57, 48, 47, 38, 37, 28, 19, 18, 9, 0]
[00:00:00:01:420] ! Unidirectional t-s. expansions: 164, time: 1,419 [ms], path length: 30 [edges], generated: 815
[00:00:00:03:630] Path of length 30 found: [0, 9, 18, 27, 36, 37, 38, 47, 56, 57, 58, 59, 50, 41, 40, 31, 30, 21, 12, 3, 4, 5, 14, 23, 24, 25, 34, 43, 52, 53, 62]
[00:00:00:04:232] ! Bidirectional. expansions: 502, time: 3,630 [ms], path length: 30 [edges], g_F: 15, g_B: 15, generated: 0, MM: 0, MMPER: -1.0%
[00:00:00:04:232] 
---------- SM_Grids/7x9_grid_with_random_blocks_16per_6 ----------
[00:00:00:04:742] Path of length 32 found: [0, 9, 10, 11, 2, 3, 4, 5, 6, 7, 8, 17, 26, 35, 34, 33, 24, 23, 22, 21, 30, 29, 28, 37, 46, 47, 56, 57, 58, 59, 60, 61, 62]
[00:00:00:04:743] ! Unidirectional s-t. expansions: 739, time: 4,742 [ms], path length: 32 [edges], generated: 2,621
[00:00:00:01:608] Path of length 32 found: [62, 61, 60, 59, 58, 57, 56, 47, 46, 37, 28, 29, 20, 21, 22, 31, 40, 41, 42, 33, 34, 25, 26, 17, 8, 7, 6, 5, 4, 3, 2, 1, 0]
[00:00:00:01:609] ! Unidirectional t-s. expansions: 202, time: 1,608 [ms], path length: 32 [edges], generated: 831
[00:00:00:01:262] Path of length 32 found: [0, 9, 10, 11, 2, 3, 4, 5, 6, 7, 16, 17, 26, 35, 34, 33, 24, 23, 22, 21, 30, 29, 28, 37, 46, 47, 56, 57, 58, 59, 60, 61, 62]
[00:00:00:01:867] ! Bidirectional. expansions: 232, time: 1,263 [ms], path length: 32 [edges], g_F: 16, g_B: 16, generated: 0, MM: 0, MMPER: -1.0%
[00:00:00:01:867] 
---------- SM_Grids/7x9_grid_with_random_blocks_16per_7 ----------
[00:00:00:07:851] Path of length 32 found: [0, 1, 10, 11, 20, 21, 22, 13, 4, 5, 6, 7, 8, 17, 26, 25, 34, 33, 32, 41, 40, 39, 38, 47, 56, 57, 58, 59, 60, 51, 52, 53, 62]
[00:00:00:07:852] ! Unidirectional s-t. expansions: 775, time: 7,851 [ms], path length: 32 [edges], generated: 3,005
[00:00:00:01:812] Path of length 32 found: [62, 53, 52, 51, 60, 59, 58, 57, 56, 47, 38, 39, 40, 41, 32, 33, 34, 25, 26, 17, 8, 7, 6, 15, 14, 13, 22, 21, 20, 11, 2, 1, 0]
[00:00:00:01:812] ! Unidirectional t-s. expansions: 230, time: 1,812 [ms], path length: 32 [edges], generated: 1,143
[00:00:00:01:749] Path of length 32 found: [0, 1, 10, 11, 20, 21, 22, 13, 4, 5, 6, 15, 16, 17, 26, 35, 34, 33, 32, 41, 40, 39, 38, 47, 56, 57, 58, 59, 60, 51, 52, 53, 62]
[00:00:00:02:355] ! Bidirectional. expansions: 220, time: 1,749 [ms], path length: 32 [edges], g_F: 16, g_B: 16, generated: 0, MM: 0, MMPER: -1.0%
[00:00:00:02:355] 
---------- SM_Grids/7x9_grid_with_random_blocks_16per_8 ----------
[00:00:00:08:059] Path of length 32 found: [0, 9, 18, 27, 36, 45, 54, 55, 56, 47, 48, 39, 30, 21, 12, 13, 4, 5, 6, 7, 8, 17, 26, 25, 24, 33, 32, 41, 50, 59, 60, 61, 62]
[00:00:00:08:060] ! Unidirectional s-t. expansions: 1,490, time: 8,059 [ms], path length: 32 [edges], generated: 5,929
[00:00:00:05:426] Path of length 32 found: [62, 53, 52, 43, 34, 25, 26, 17, 8, 7, 6, 15, 14, 13, 12, 21, 30, 39, 40, 41, 50, 59, 58, 57, 56, 47, 46, 37, 36, 27, 18, 9, 0]
[00:00:00:05:427] ! Unidirectional t-s. expansions: 792, time: 5,426 [ms], path length: 32 [edges], generated: 2,868
[00:00:00:06:141] Path of length 32 found: [0, 9, 18, 27, 36, 45, 54, 55, 56, 47, 48, 39, 30, 21, 12, 3, 4, 5, 6, 7, 8, 17, 26, 25, 34, 33, 32, 41, 50, 59, 60, 61, 62]
[00:00:00:06:743] ! Bidirectional. expansions: 2,300, time: 6,141 [ms], path length: 32 [edges], g_F: 16, g_B: 16, generated: 0, MM: 0, MMPER: -1.0%
[00:00:00:06:744] 
---------- SM_Grids/7x9_grid_with_random_blocks_16per_9 ----------
[00:00:00:00:278] Path of length 24 found: [0, 1, 2, 3, 4, 5, 6, 7, 16, 17, 26, 35, 34, 33, 24, 23, 22, 31, 40, 41, 50, 59, 60, 61, 62]
[00:00:00:00:279] ! Unidirectional s-t. expansions: 37, time: 278 [ms], path length: 24 [edges], generated: 132
[00:00:00:00:764] Path of length 24 found: [62, 53, 52, 51, 50, 41, 40, 31, 22, 23, 24, 33, 34, 35, 26, 17, 8, 7, 6, 5, 4, 3, 2, 1, 0]
[00:00:00:00:764] ! Unidirectional t-s. expansions: 120, time: 764 [ms], path length: 24 [edges], generated: 383
[00:00:00:00:330] Path of length 24 found: [0, 1, 2, 3, 4, 5, 6, 7, 16, 17, 26, 35, 34, 33, 24, 23, 22, 31, 40, 41, 50, 51, 52, 53, 62]
[00:00:00:01:097] ! Bidirectional. expansions: 52, time: 331 [ms], path length: 24 [edges], g_F: 12, g_B: 12, generated: 0, MM: 0, MMPER: -1.0%

[00:00:00:01:098] average expansions: (562, 316, 428, 0)
[00:00:00:01:098] average time: (3,789, 2,609, 1,940, 0)
[00:00:00:01:098] XA*: 316 , 2,609 (expansions , time[ms])
[00:00:00:01:098] BiXA*: 428 , 1,940 (expansions , time[ms])

