------------------------------------
Thu 01 Oct 2026 17:28:32 IDT
SLURM_JOBID:		21953646
SLURM_JOB_NODELIST:	ise-cpu256-23
SLURM_SCRATCH_DIR:	/scratch/shubit/21953646
Allocated Resouces:	cpu - 2 / mem - 61440 MB / gpu - 
SLURM_GPU_INDEX:	
Running as shubit from shimony account with normal QOS
------------------------------------
Thu 01 Oct 2026 17:28:32 IDT

SLURM_JOBID:		 21953646
SLURM_JOB_NODELIST:	 ise-cpu256-23 

--------------------------
date: SM_Grids
number_of_graphs: 10
graph_type: grid
size_of_graphs: [7, 8]
heuristic: bcc_heuristic
snake: True
run_uni: True
run_bi: True
run_multi: False
solution_vertices: []
algorithms: ['XMM']
lookahead: 4
bsd: False
cube_first_dims: 4
cube_buffer_dim: None
backward_sym_generation: False
sym_coil: False
prefix_set: None

---------- SM_Grids/7x8_grid_with_random_blocks_8per_0 ----------
[00:00:00:07:619] Path of length 31 found: [0, 1, 2, 3, 11, 19, 18, 17, 16, 24, 32, 33, 34, 42, 50, 51, 52, 44, 36, 28, 29, 21, 13, 5, 6, 7, 15, 23, 31, 39, 47, 55]
[00:00:00:07:619] ! Unidirectional s-t. expansions: 387, time: 7,619 [ms], path length: 31 [edges], generated: 8,050
[00:00:00:06:536] Path of length 31 found: [55, 47, 46, 38, 30, 31, 23, 15, 7, 6, 5, 13, 21, 20, 28, 36, 44, 52, 51, 50, 42, 34, 33, 32, 24, 16, 17, 18, 10, 2, 1, 0]
[00:00:00:06:536] ! Unidirectional t-s. expansions: 343, time: 6,536 [ms], path length: 31 [edges], generated: 6,957
[00:00:00:00:266] Expansion 53: New longest path found with length 15: [0, 1, 2, 3, 4, 5, 6, 7, 15, 23, 22, 30, 38, 39, 47, 55]. g_current=5, g_opposite=10, f_max=37, generated=85
[00:00:00:00:317] Expansion 64: New longest path found with length 17: [0, 8, 16, 24, 32, 33, 34, 42, 50, 51, 52, 44, 45, 37, 38, 39, 47, 55]. g_current=6, g_opposite=11, f_max=37, generated=104
[00:00:00:00:533] Expansion 113: New longest path found with length 19: [0, 1, 9, 17, 16, 24, 32, 33, 34, 42, 50, 51, 52, 44, 45, 37, 38, 39, 47, 55]. g_current=8, g_opposite=11, f_max=36, generated=191
[00:00:00:01:100] Expansion 254: New longest path found with length 21: [0, 1, 9, 17, 16, 24, 32, 33, 34, 42, 50, 51, 52, 53, 45, 37, 29, 30, 31, 39, 47, 55]. g_current=6, g_opposite=15, f_max=35, generated=442
[00:00:00:01:248] Expansion 293: New longest path found with length 27: [0, 1, 9, 17, 16, 24, 32, 33, 34, 42, 50, 51, 52, 53, 45, 37, 29, 21, 13, 5, 6, 7, 15, 23, 31, 39, 47, 55]. g_current=15, g_opposite=12, f_max=35, generated=500
[00:00:00:01:256] Expansion 295: New longest path found with length 29: [0, 1, 9, 17, 16, 24, 32, 33, 34, 42, 50, 51, 52, 53, 45, 37, 36, 28, 20, 21, 13, 5, 6, 7, 15, 23, 31, 39, 47, 55]. g_current=17, g_opposite=12, f_max=35, generated=504
[00:00:00:02:089] Expansion 504: New longest path found with length 31: [0, 1, 2, 3, 11, 19, 18, 17, 16, 24, 32, 33, 34, 42, 50, 51, 52, 44, 45, 37, 29, 21, 13, 5, 6, 7, 15, 23, 31, 39, 47, 55]. g_current=15, g_opposite=16, f_max=34, generated=878
[00:00:00:08:292] Path of length 31 found: [0, 1, 2, 3, 11, 19, 18, 17, 16, 24, 32, 33, 34, 42, 50, 51, 52, 44, 45, 37, 29, 21, 13, 5, 6, 7, 15, 23, 31, 39, 47, 55]
[00:00:00:08:677] ! Bidirectional. expansions: 2,017, time: 8,292 [ms], path length: 31 [edges], g_F: 16, g_B: 15, generated: 3,796, MM: 1, MMPER: 2.125%
[00:00:00:08:678] 
---------- SM_Grids/7x8_grid_with_random_blocks_8per_1 ----------
[00:00:00:03:204] Path of length 33 found: [0, 1, 2, 3, 11, 12, 13, 5, 6, 7, 15, 23, 22, 30, 38, 37, 36, 28, 27, 26, 18, 17, 16, 24, 32, 40, 41, 42, 43, 51, 52, 53, 54, 55]
[00:00:00:03:205] ! Unidirectional s-t. expansions: 200, time: 3,204 [ms], path length: 33 [edges], generated: 3,386
[00:00:00:05:607] Path of length 33 found: [55, 54, 53, 52, 51, 43, 42, 41, 40, 32, 24, 16, 17, 18, 26, 27, 28, 36, 37, 38, 39, 31, 23, 15, 7, 6, 5, 13, 12, 11, 3, 2, 1, 0]
[00:00:00:05:608] ! Unidirectional t-s. expansions: 332, time: 5,607 [ms], path length: 33 [edges], generated: 5,499
[00:00:00:00:274] Expansion 50: New longest path found with length 15: [0, 1, 2, 3, 4, 5, 6, 7, 15, 23, 22, 30, 38, 39, 47, 55]. g_current=10, g_opposite=5, f_max=38, generated=89
[00:00:00:00:282] Expansion 52: New longest path found with length 17: [0, 1, 2, 3, 11, 12, 13, 5, 6, 7, 15, 23, 22, 30, 38, 39, 47, 55]. g_current=12, g_opposite=5, f_max=38, generated=92
[00:00:00:00:465] Expansion 94: New longest path found with length 19: [0, 1, 9, 17, 16, 24, 32, 40, 41, 42, 43, 51, 52, 53, 45, 37, 38, 39, 47, 55]. g_current=8, g_opposite=11, f_max=38, generated=164
[00:00:00:00:759] Expansion 167: New longest path found with length 21: [0, 1, 9, 17, 16, 24, 32, 40, 41, 42, 43, 51, 52, 53, 45, 37, 29, 30, 31, 39, 47, 55]. g_current=12, g_opposite=9, f_max=37, generated=290
[00:00:00:01:240] Expansion 275: New longest path found with length 27: [0, 1, 9, 17, 16, 24, 32, 40, 41, 42, 43, 51, 52, 53, 45, 37, 29, 21, 13, 5, 6, 7, 15, 23, 31, 39, 47, 55]. g_current=17, g_opposite=10, f_max=36, generated=480
[00:00:00:01:817] Expansion 423: New longest path found with length 31: [0, 1, 9, 17, 16, 24, 32, 40, 41, 42, 34, 26, 27, 19, 20, 21, 13, 5, 6, 7, 15, 23, 31, 30, 38, 37, 36, 44, 52, 53, 54, 55]. g_current=13, g_opposite=18, f_max=36, generated=744
[00:00:00:03:117] Expansion 751: New longest path found with length 33: [0, 1, 2, 3, 11, 12, 13, 5, 6, 7, 15, 23, 22, 30, 38, 37, 36, 28, 27, 26, 18, 17, 16, 24, 32, 40, 41, 42, 43, 51, 52, 53, 54, 55]. g_current=15, g_opposite=18, f_max=35, generated=1,321
[00:00:00:06:391] Path of length 33 found: [0, 1, 2, 3, 11, 12, 13, 5, 6, 7, 15, 23, 22, 30, 38, 37, 36, 28, 27, 26, 18, 17, 16, 24, 32, 40, 41, 42, 43, 51, 52, 53, 54, 55]
[00:00:00:06:764] ! Bidirectional. expansions: 1,607, time: 6,391 [ms], path length: 33 [edges], g_F: 15, g_B: 18, generated: 2,767, MM: 3, MMPER: 7.8235294117647065%
[00:00:00:06:764] 
---------- SM_Grids/7x8_grid_with_random_blocks_8per_2 ----------
[00:00:00:05:444] Path of length 31 found: [0, 1, 2, 3, 11, 12, 13, 21, 22, 23, 31, 39, 38, 37, 36, 28, 27, 26, 18, 17, 16, 24, 32, 40, 41, 49, 50, 51, 52, 53, 54, 55]
[00:00:00:05:445] ! Unidirectional s-t. expansions: 183, time: 5,444 [ms], path length: 31 [edges], generated: 5,207
[00:00:00:04:679] Path of length 31 found: [55, 54, 53, 52, 51, 50, 49, 41, 40, 32, 24, 16, 17, 18, 26, 34, 35, 36, 37, 38, 39, 31, 23, 22, 21, 13, 12, 11, 3, 2, 1, 0]
[00:00:00:04:679] ! Unidirectional t-s. expansions: 173, time: 4,679 [ms], path length: 31 [edges], generated: 4,197
[00:00:00:00:255] Expansion 43: New longest path found with length 15: [0, 1, 2, 3, 11, 12, 13, 21, 22, 23, 31, 39, 38, 46, 54, 55]. g_current=8, g_opposite=7, f_max=35, generated=80
[00:00:00:00:396] Expansion 75: New longest path found with length 17: [0, 1, 2, 3, 11, 12, 13, 21, 22, 23, 31, 39, 38, 37, 45, 53, 54, 55]. g_current=10, g_opposite=7, f_max=35, generated=137
[00:00:00:00:745] Expansion 157: New longest path found with length 19: [0, 1, 2, 3, 11, 12, 13, 21, 22, 23, 31, 39, 38, 37, 36, 44, 52, 53, 54, 55]. g_current=6, g_opposite=13, f_max=34, generated=287
[00:00:00:01:239] Expansion 266: New longest path found with length 21: [0, 1, 2, 3, 11, 19, 18, 17, 16, 24, 32, 40, 41, 49, 50, 51, 52, 53, 45, 46, 47, 55]. g_current=6, g_opposite=15, f_max=34, generated=489
[00:00:00:01:467] Expansion 321: New longest path found with length 23: [0, 8, 16, 24, 32, 40, 41, 49, 50, 51, 52, 44, 36, 28, 29, 21, 22, 23, 31, 39, 38, 46, 54, 55]. g_current=11, g_opposite=12, f_max=33, generated=590
[00:00:00:01:476] Expansion 323: New longest path found with length 25: [0, 1, 9, 17, 16, 24, 32, 40, 41, 49, 50, 51, 52, 44, 36, 28, 29, 21, 22, 23, 31, 39, 38, 46, 54, 55]. g_current=13, g_opposite=12, f_max=33, generated=594
[00:00:00:01:485] Expansion 326: New longest path found with length 27: [0, 1, 2, 10, 18, 17, 16, 24, 32, 40, 41, 49, 50, 51, 52, 44, 36, 28, 29, 21, 22, 23, 31, 39, 38, 46, 54, 55]. g_current=16, g_opposite=11, f_max=33, generated=598
[00:00:00:02:582] Expansion 579: New longest path found with length 31: [0, 1, 2, 3, 11, 12, 13, 21, 22, 23, 31, 39, 38, 37, 36, 35, 34, 26, 18, 17, 16, 24, 32, 40, 41, 49, 50, 51, 52, 53, 54, 55]. g_current=16, g_opposite=15, f_max=33, generated=1,073
[00:00:00:05:487] Path of length 31 found: [0, 1, 2, 3, 11, 12, 13, 21, 22, 23, 31, 39, 38, 37, 36, 35, 34, 26, 18, 17, 16, 24, 32, 40, 41, 49, 50, 51, 52, 53, 54, 55]
[00:00:00:05:875] ! Bidirectional. expansions: 1,210, time: 5,487 [ms], path length: 31 [edges], g_F: 15, g_B: 16, generated: 2,260, MM: 1, MMPER: 2.125%
[00:00:00:05:875] 
---------- SM_Grids/7x8_grid_with_random_blocks_8per_3 ----------
[00:00:00:05:334] Path of length 33 found: [0, 8, 9, 10, 2, 3, 4, 5, 6, 7, 15, 23, 22, 21, 20, 19, 27, 26, 34, 33, 32, 40, 48, 49, 50, 51, 43, 44, 36, 37, 38, 46, 47, 55]
[00:00:00:05:334] ! Unidirectional s-t. expansions: 287, time: 5,334 [ms], path length: 33 [edges], generated: 5,034
[00:00:00:04:229] Path of length 33 found: [55, 47, 39, 38, 37, 45, 44, 43, 51, 50, 49, 48, 40, 32, 33, 34, 26, 27, 19, 20, 21, 22, 23, 15, 7, 6, 5, 4, 3, 2, 10, 9, 8, 0]
[00:00:00:04:229] ! Unidirectional t-s. expansions: 208, time: 4,229 [ms], path length: 33 [edges], generated: 4,252
[00:00:00:00:249] Expansion 49: New longest path found with length 13: [0, 1, 2, 3, 4, 5, 6, 7, 15, 23, 31, 39, 47, 55]. g_current=8, g_opposite=5, f_max=37, generated=81
[00:00:00:00:377] Expansion 70: New longest path found with length 19: [0, 1, 9, 17, 16, 24, 32, 40, 48, 49, 50, 51, 43, 44, 45, 37, 38, 39, 47, 55]. g_current=12, g_opposite=7, f_max=37, generated=121
[00:00:00:00:684] Expansion 140: New longest path found with length 21: [0, 1, 2, 10, 18, 17, 16, 24, 32, 40, 48, 49, 50, 51, 43, 44, 45, 37, 38, 39, 47, 55]. g_current=8, g_opposite=13, f_max=37, generated=246
[00:00:00:00:717] Expansion 151: New longest path found with length 23: [0, 1, 2, 3, 11, 19, 27, 26, 34, 33, 32, 40, 48, 49, 50, 51, 43, 44, 45, 37, 38, 39, 47, 55]. g_current=17, g_opposite=6, f_max=36, generated=261
[00:00:00:00:722] Expansion 152: New longest path found with length 25: [0, 1, 2, 3, 11, 12, 20, 28, 27, 26, 34, 33, 32, 40, 48, 49, 50, 51, 43, 44, 45, 37, 38, 39, 47, 55]. g_current=18, g_opposite=7, f_max=37, generated=263
[00:00:00:00:953] Expansion 211: New longest path found with length 27: [0, 1, 9, 17, 16, 24, 32, 40, 48, 49, 50, 42, 34, 26, 27, 28, 20, 21, 13, 5, 6, 7, 15, 23, 31, 39, 47, 55]. g_current=14, g_opposite=13, f_max=36, generated=363
[00:00:00:00:976] Expansion 216: New longest path found with length 31: [0, 1, 2, 3, 4, 5, 6, 7, 15, 23, 22, 21, 20, 28, 27, 26, 34, 33, 32, 40, 48, 49, 50, 51, 43, 44, 45, 37, 38, 39, 47, 55]. g_current=12, g_opposite=19, f_max=36, generated=373
[00:00:00:03:080] Expansion 735: New longest path found with length 33: [0, 8, 9, 10, 2, 3, 4, 5, 6, 7, 15, 23, 22, 21, 20, 28, 27, 26, 34, 33, 32, 40, 48, 49, 50, 51, 43, 44, 45, 37, 38, 39, 47, 55]. g_current=19, g_opposite=14, f_max=36, generated=1,284
[00:00:00:05:936] Path of length 33 found: [0, 8, 9, 10, 2, 3, 4, 5, 6, 7, 15, 23, 22, 21, 20, 28, 27, 26, 34, 33, 32, 40, 48, 49, 50, 51, 43, 44, 45, 37, 38, 39, 47, 55]
[00:00:00:06:313] ! Bidirectional. expansions: 1,431, time: 5,936 [ms], path length: 33 [edges], g_F: 14, g_B: 19, generated: 2,479, MM: 5, MMPER: 13.705882352941176%
[00:00:00:06:313] 
---------- SM_Grids/7x8_grid_with_random_blocks_8per_4 ----------
[00:00:00:04:958] Path of length 31 found: [0, 1, 2, 10, 11, 19, 27, 26, 25, 24, 32, 40, 48, 49, 50, 42, 43, 44, 36, 37, 29, 21, 13, 5, 6, 7, 15, 23, 31, 39, 47, 55]
[00:00:00:04:958] ! Unidirectional s-t. expansions: 326, time: 4,958 [ms], path length: 31 [edges], generated: 5,467
[00:00:00:03:702] Path of length 31 found: [55, 47, 39, 31, 23, 15, 7, 6, 5, 13, 21, 20, 19, 27, 35, 36, 37, 45, 53, 52, 51, 50, 49, 48, 40, 32, 24, 16, 17, 9, 1, 0]
[00:00:00:03:703] ! Unidirectional t-s. expansions: 219, time: 3,702 [ms], path length: 31 [edges], generated: 3,877
[00:00:00:00:135] Expansion 26: New longest path found with length 13: [0, 1, 2, 10, 11, 19, 20, 28, 29, 30, 31, 39, 47, 55]. g_current=8, g_opposite=5, f_max=38, generated=43
[00:00:00:00:164] Expansion 32: New longest path found with length 17: [0, 1, 2, 10, 11, 19, 20, 21, 13, 5, 6, 7, 15, 23, 31, 39, 47, 55]. g_current=10, g_opposite=7, f_max=37, generated=53
[00:00:00:00:287] Expansion 60: New longest path found with length 19: [0, 1, 2, 10, 11, 19, 27, 28, 29, 21, 13, 5, 6, 7, 15, 23, 31, 39, 47, 55]. g_current=6, g_opposite=13, f_max=37, generated=102
[00:00:00:00:662] Expansion 146: New longest path found with length 27: [0, 1, 9, 17, 16, 24, 32, 40, 48, 49, 50, 51, 52, 53, 45, 37, 29, 21, 13, 5, 6, 7, 15, 23, 31, 39, 47, 55]. g_current=16, g_opposite=11, f_max=35, generated=253
[00:00:00:01:123] Expansion 247: New longest path found with length 29: [0, 1, 9, 17, 16, 24, 32, 40, 48, 49, 50, 51, 52, 53, 45, 37, 36, 28, 20, 21, 13, 5, 6, 7, 15, 23, 31, 39, 47, 55]. g_current=11, g_opposite=18, f_max=35, generated=433
[00:00:00:01:330] Expansion 290: New longest path found with length 31: [0, 1, 9, 17, 16, 24, 32, 40, 48, 49, 50, 51, 52, 53, 45, 37, 36, 35, 27, 19, 20, 21, 13, 5, 6, 7, 15, 23, 31, 39, 47, 55]. g_current=17, g_opposite=14, f_max=34, generated=519
[00:00:00:07:329] Path of length 31 found: [0, 1, 9, 17, 16, 24, 32, 40, 48, 49, 50, 51, 52, 53, 45, 37, 36, 35, 27, 19, 20, 21, 13, 5, 6, 7, 15, 23, 31, 39, 47, 55]
[00:00:00:07:703] ! Bidirectional. expansions: 1,655, time: 7,330 [ms], path length: 31 [edges], g_F: 14, g_B: 17, generated: 3,082, MM: 3, MMPER: 8.375%
[00:00:00:07:703] 
---------- SM_Grids/7x8_grid_with_random_blocks_8per_5 ----------
[00:00:00:05:336] Path of length 33 found: [0, 1, 2, 3, 11, 12, 13, 5, 6, 7, 15, 23, 22, 30, 38, 37, 36, 28, 27, 26, 18, 17, 16, 24, 32, 40, 48, 49, 50, 51, 52, 53, 54, 55]
[00:00:00:05:336] ! Unidirectional s-t. expansions: 394, time: 5,336 [ms], path length: 33 [edges], generated: 5,685
[00:00:00:07:682] Path of length 33 found: [55, 54, 53, 52, 51, 50, 49, 48, 40, 32, 24, 16, 17, 18, 26, 27, 28, 36, 37, 38, 39, 31, 23, 15, 7, 6, 5, 13, 12, 11, 3, 2, 1, 0]
[00:00:00:07:682] ! Unidirectional t-s. expansions: 441, time: 7,682 [ms], path length: 33 [edges], generated: 8,794
[00:00:00:00:187] Expansion 34: New longest path found with length 13: [0, 8, 16, 24, 32, 40, 48, 49, 50, 51, 52, 53, 54, 55]. g_current=4, g_opposite=9, f_max=39, generated=60
[00:00:00:00:258] Expansion 51: New longest path found with length 15: [0, 8, 16, 24, 32, 40, 48, 49, 50, 51, 43, 44, 45, 53, 54, 55]. g_current=10, g_opposite=5, f_max=38, generated=86
[00:00:00:00:349] Expansion 69: New longest path found with length 17: [0, 8, 16, 17, 25, 33, 32, 40, 48, 49, 50, 51, 43, 44, 45, 53, 54, 55]. g_current=6, g_opposite=11, f_max=38, generated=119
[00:00:00:00:506] Expansion 105: New longest path found with length 19: [0, 8, 16, 17, 18, 26, 34, 33, 32, 40, 48, 49, 50, 51, 43, 44, 45, 53, 54, 55]. g_current=14, g_opposite=5, f_max=37, generated=181
[00:00:00:00:512] Expansion 106: New longest path found with length 21: [0, 1, 2, 10, 11, 19, 27, 26, 34, 33, 32, 40, 48, 49, 50, 51, 43, 44, 45, 53, 54, 55]. g_current=15, g_opposite=6, f_max=37, generated=183
[00:00:00:01:207] Expansion 288: New longest path found with length 31: [0, 1, 2, 3, 11, 12, 13, 5, 6, 7, 15, 23, 22, 30, 38, 37, 36, 28, 27, 26, 34, 33, 32, 40, 48, 49, 50, 51, 52, 53, 54, 55]. g_current=17, g_opposite=14, f_max=36, generated=452
[00:00:00:04:203] Expansion 1,104: New longest path found with length 33: [0, 1, 2, 3, 11, 12, 13, 5, 6, 7, 15, 23, 22, 30, 38, 37, 36, 28, 27, 26, 18, 17, 16, 24, 32, 40, 48, 49, 50, 51, 52, 53, 54, 55]. g_current=15, g_opposite=18, f_max=35, generated=1,848
[00:00:00:13:202] Path of length 33 found: [0, 1, 2, 3, 11, 12, 13, 5, 6, 7, 15, 23, 22, 30, 38, 37, 36, 28, 27, 26, 18, 17, 16, 24, 32, 40, 48, 49, 50, 51, 52, 53, 54, 55]
[00:00:00:13:574] ! Bidirectional. expansions: 3,417, time: 13,202 [ms], path length: 33 [edges], g_F: 15, g_B: 18, generated: 5,966, MM: 3, MMPER: 7.8235294117647065%
[00:00:00:13:575] 
---------- SM_Grids/7x8_grid_with_random_blocks_8per_6 ----------
[00:00:00:14:503] Path of length 29 found: [0, 1, 2, 10, 18, 17, 16, 24, 32, 40, 48, 49, 50, 42, 34, 35, 27, 28, 20, 21, 22, 23, 31, 39, 38, 37, 45, 53, 54, 55]
[00:00:00:14:503] ! Unidirectional s-t. expansions: 784, time: 14,503 [ms], path length: 29 [edges], generated: 17,871
[00:00:00:03:905] Path of length 29 found: [55, 54, 53, 45, 37, 38, 39, 31, 23, 22, 21, 20, 12, 11, 10, 18, 26, 27, 35, 43, 51, 50, 49, 41, 33, 32, 24, 16, 8, 0]
[00:00:00:03:906] ! Unidirectional t-s. expansions: 157, time: 3,906 [ms], path length: 29 [edges], generated: 3,634
[00:00:00:00:275] Expansion 49: New longest path found with length 17: [0, 1, 2, 10, 11, 12, 20, 21, 22, 23, 31, 39, 38, 37, 45, 53, 54, 55]. g_current=8, g_opposite=9, f_max=37, generated=91
[00:00:00:00:588] Expansion 105: New longest path found with length 21: [0, 1, 2, 10, 11, 19, 27, 26, 25, 33, 32, 40, 48, 49, 50, 51, 43, 44, 45, 53, 54, 55]. g_current=13, g_opposite=8, f_max=35, generated=201
[00:00:00:00:762] Expansion 151: New longest path found with length 23: [0, 1, 2, 10, 11, 12, 20, 28, 27, 26, 34, 33, 32, 40, 48, 49, 50, 51, 43, 44, 45, 53, 54, 55]. g_current=7, g_opposite=16, f_max=35, generated=277
[00:00:00:02:394] Expansion 539: New longest path found with length 27: [0, 1, 9, 17, 16, 24, 32, 40, 48, 49, 50, 42, 34, 26, 27, 19, 20, 21, 22, 23, 31, 39, 38, 37, 45, 53, 54, 55]. g_current=11, g_opposite=16, f_max=33, generated=990
[00:00:00:02:401] Expansion 540: New longest path found with length 29: [0, 8, 16, 24, 32, 33, 41, 49, 50, 51, 43, 35, 27, 26, 18, 10, 11, 12, 20, 21, 22, 23, 31, 39, 38, 37, 45, 53, 54, 55]. g_current=12, g_opposite=17, f_max=33, generated=993
[00:00:00:08:232] Path of length 29 found: [0, 8, 16, 24, 32, 33, 41, 49, 50, 51, 43, 35, 27, 26, 18, 10, 11, 12, 20, 21, 22, 23, 31, 39, 38, 37, 45, 53, 54, 55]
[00:00:00:08:599] ! Bidirectional. expansions: 1,911, time: 8,232 [ms], path length: 29 [edges], g_F: 17, g_B: 12, generated: 3,619, MM: 5, MMPER: 15.666666666666668%
[00:00:00:08:599] 
---------- SM_Grids/7x8_grid_with_random_blocks_8per_7 ----------
[00:00:00:10:150] Path of length 31 found: [0, 1, 2, 3, 11, 19, 18, 17, 16, 24, 32, 40, 41, 42, 34, 35, 36, 28, 29, 21, 13, 5, 6, 7, 15, 23, 31, 39, 38, 46, 54, 55]
[00:00:00:10:151] ! Unidirectional s-t. expansions: 712, time: 10,150 [ms], path length: 31 [edges], generated: 12,283
[00:00:00:14:962] Path of length 31 found: [55, 47, 39, 31, 23, 15, 7, 6, 5, 13, 21, 20, 28, 36, 37, 45, 53, 52, 51, 43, 42, 41, 40, 32, 24, 16, 17, 18, 10, 2, 1, 0]
[00:00:00:14:962] ! Unidirectional t-s. expansions: 893, time: 14,962 [ms], path length: 31 [edges], generated: 16,866
[00:00:00:00:210] Expansion 40: New longest path found with length 15: [0, 1, 2, 3, 11, 12, 13, 5, 6, 7, 15, 23, 31, 39, 47, 55]. g_current=5, g_opposite=10, f_max=39, generated=70
[00:00:00:00:411] Expansion 84: New longest path found with length 17: [0, 1, 2, 10, 11, 19, 20, 21, 13, 5, 6, 7, 15, 23, 31, 39, 47, 55]. g_current=5, g_opposite=12, f_max=38, generated=148
[00:00:00:00:593] Expansion 130: New longest path found with length 25: [0, 1, 2, 3, 11, 12, 13, 5, 6, 7, 15, 23, 22, 30, 29, 28, 36, 35, 43, 51, 52, 53, 45, 46, 47, 55]. g_current=12, g_opposite=13, f_max=37, generated=223
[00:00:00:01:131] Expansion 257: New longest path found with length 27: [0, 1, 9, 17, 18, 19, 11, 3, 4, 5, 6, 7, 15, 23, 22, 30, 29, 28, 36, 35, 43, 51, 52, 53, 45, 46, 47, 55]. g_current=9, g_opposite=18, f_max=37, generated=447
[00:00:00:03:179] Expansion 803: New longest path found with length 29: [0, 1, 2, 3, 4, 5, 6, 7, 15, 23, 22, 21, 20, 19, 18, 26, 25, 24, 32, 40, 41, 42, 43, 51, 52, 53, 45, 46, 47, 55]. g_current=14, g_opposite=15, f_max=35, generated=1,344
[00:00:00:03:972] Expansion 1,017: New longest path found with length 31: [0, 1, 2, 3, 4, 5, 6, 7, 15, 23, 22, 21, 20, 19, 18, 17, 16, 24, 32, 40, 41, 42, 43, 51, 52, 53, 45, 37, 38, 39, 47, 55]. g_current=17, g_opposite=14, f_max=36, generated=1,689
[00:00:00:16:945] Path of length 31 found: [0, 1, 2, 3, 4, 5, 6, 7, 15, 23, 22, 21, 20, 19, 18, 17, 16, 24, 32, 40, 41, 42, 43, 51, 52, 53, 45, 37, 38, 39, 47, 55]
[00:00:00:17:318] ! Bidirectional. expansions: 4,213, time: 16,945 [ms], path length: 31 [edges], g_F: 17, g_B: 14, generated: 7,421, MM: 3, MMPER: 8.375%
[00:00:00:17:318] 
---------- SM_Grids/7x8_grid_with_random_blocks_8per_8 ----------
[00:00:00:12:665] Path of length 29 found: [0, 8, 9, 10, 2, 3, 4, 12, 20, 19, 27, 26, 25, 24, 32, 40, 41, 42, 43, 51, 52, 53, 45, 37, 29, 30, 31, 39, 47, 55]
[00:00:00:12:666] ! Unidirectional s-t. expansions: 1,863, time: 12,665 [ms], path length: 29 [edges], generated: 17,472
[00:00:00:19:684] Path of length 29 found: [55, 54, 53, 45, 37, 29, 30, 22, 23, 15, 7, 6, 5, 4, 12, 20, 19, 27, 26, 34, 42, 41, 40, 32, 24, 16, 17, 9, 1, 0]
[00:00:00:19:684] ! Unidirectional t-s. expansions: 1,503, time: 19,684 [ms], path length: 29 [edges], generated: 26,359
[00:00:00:00:336] Expansion 64: New longest path found with length 19: [0, 8, 16, 17, 25, 33, 34, 35, 43, 51, 52, 53, 45, 37, 29, 30, 31, 39, 47, 55]. g_current=13, g_opposite=6, f_max=37, generated=120
[00:00:00:00:448] Expansion 88: New longest path found with length 21: [0, 1, 9, 17, 16, 24, 32, 40, 41, 42, 43, 51, 52, 53, 45, 37, 29, 30, 31, 39, 47, 55]. g_current=8, g_opposite=13, f_max=37, generated=165
[00:00:00:00:461] Expansion 91: New longest path found with length 23: [0, 8, 9, 10, 2, 3, 4, 12, 20, 19, 27, 35, 43, 51, 52, 53, 45, 37, 29, 30, 31, 39, 47, 55]. g_current=9, g_opposite=14, f_max=38, generated=170
[00:00:00:01:010] Expansion 220: New longest path found with length 27: [0, 1, 2, 3, 4, 12, 20, 19, 18, 17, 16, 24, 32, 33, 34, 35, 43, 51, 52, 53, 45, 37, 29, 30, 31, 39, 47, 55]. g_current=12, g_opposite=15, f_max=36, generated=384
[00:00:00:01:638] Expansion 368: New longest path found with length 29: [0, 8, 9, 10, 2, 3, 4, 12, 20, 19, 27, 26, 25, 24, 32, 40, 41, 42, 43, 51, 52, 53, 45, 37, 29, 30, 31, 39, 47, 55]. g_current=12, g_opposite=17, f_max=35, generated=665
[00:00:00:12:774] Path of length 29 found: [0, 8, 9, 10, 2, 3, 4, 12, 20, 19, 27, 26, 25, 24, 32, 40, 41, 42, 43, 51, 52, 53, 45, 37, 29, 30, 31, 39, 47, 55]
[00:00:00:13:153] ! Bidirectional. expansions: 3,203, time: 12,774 [ms], path length: 29 [edges], g_F: 12, g_B: 17, generated: 5,786, MM: 5, MMPER: 15.666666666666668%
[00:00:00:13:153] 
---------- SM_Grids/7x8_grid_with_random_blocks_8per_9 ----------
[00:00:00:18:540] Path of length 31 found: [0, 1, 9, 17, 16, 24, 32, 40, 41, 49, 50, 51, 52, 44, 36, 35, 27, 19, 11, 3, 4, 5, 6, 7, 15, 23, 22, 30, 38, 46, 54, 55]
[00:00:00:18:541] ! Unidirectional s-t. expansions: 1,181, time: 18,540 [ms], path length: 31 [edges], generated: 21,091
[00:00:00:23:114] Path of length 31 found: [55, 47, 46, 45, 37, 29, 30, 31, 23, 15, 7, 6, 5, 4, 12, 20, 19, 18, 26, 34, 35, 43, 51, 50, 49, 41, 40, 32, 24, 16, 8, 0]
[00:00:00:23:114] ! Unidirectional t-s. expansions: 1,331, time: 23,114 [ms], path length: 31 [edges], generated: 26,963
[00:00:00:00:249] Expansion 46: New longest path found with length 17: [0, 1, 9, 17, 16, 24, 32, 40, 41, 49, 50, 51, 52, 44, 45, 46, 54, 55]. g_current=4, g_opposite=13, f_max=38, generated=80
[00:00:00:00:290] Expansion 53: New longest path found with length 19: [0, 1, 9, 17, 16, 24, 32, 40, 41, 49, 50, 51, 52, 44, 45, 37, 38, 39, 47, 55]. g_current=13, g_opposite=6, f_max=38, generated=94
[00:00:00:01:502] Expansion 344: New longest path found with length 21: [0, 1, 9, 17, 16, 24, 32, 40, 41, 49, 50, 51, 52, 44, 45, 37, 29, 30, 31, 39, 47, 55]. g_current=7, g_opposite=14, f_max=37, generated=575
[00:00:00:01:821] Expansion 425: New longest path found with length 29: [0, 8, 16, 24, 32, 40, 41, 49, 50, 51, 43, 35, 34, 26, 18, 10, 11, 3, 4, 5, 6, 7, 15, 23, 31, 39, 38, 46, 54, 55]. g_current=15, g_opposite=14, f_max=36, generated=710
[00:00:00:03:008] Expansion 694: New longest path found with length 31: [0, 8, 16, 24, 32, 40, 41, 49, 50, 51, 43, 35, 34, 26, 18, 10, 11, 3, 4, 5, 6, 7, 15, 23, 22, 30, 29, 37, 45, 46, 54, 55]. g_current=16, g_opposite=15, f_max=35, generated=1,203
[00:00:00:23:652] Path of length 31 found: [0, 8, 16, 24, 32, 40, 41, 49, 50, 51, 43, 35, 34, 26, 18, 10, 11, 3, 4, 5, 6, 7, 15, 23, 22, 30, 29, 37, 45, 46, 54, 55]
[00:00:00:24:039] ! Bidirectional. expansions: 5,585, time: 23,652 [ms], path length: 31 [edges], g_F: 16, g_B: 15, generated: 10,629, MM: 1, MMPER: 2.125%

[00:00:00:24:039] average expansions: (632, 560, 2,625, 0)
[00:00:00:24:039] average time: (8,775, 9,410, 10,824, 0)
[00:00:00:24:039] XA*: 560 , 8,775 (expansions , time[ms])
[00:00:00:24:039] XMM: 2,625 , 10,824 (expansions , time[ms])

