------------------------------------
Thu 01 Oct 2026 12:43:45 IDT
SLURM_JOBID:		21944707
SLURM_JOB_NODELIST:	ise-cpu256-14
SLURM_SCRATCH_DIR:	/scratch/shubit/21944707
Allocated Resouces:	cpu - 2 / mem - 61440 MB / gpu - 
SLURM_GPU_INDEX:	
Running as shubit from shimony account with normal QOS
------------------------------------
Thu 01 Oct 2026 12:43:45 IDT

SLURM_JOBID:		 21944707
SLURM_JOB_NODELIST:	 ise-cpu256-14 

--------------------------
date: SM_Grids
number_of_graphs: 10
graph_type: grid
size_of_graphs: [7, 8]
heuristic: bcc_heuristic
snake: True
run_uni: True
run_bi: True
run_multi: False
solution_vertices: []
algorithms: ['IDA']
lookahead: 1
bsd: False
cube_first_dims: 4
cube_buffer_dim: None
backward_sym_generation: False
sym_coil: False
prefix_set: None

---------- SM_Grids/7x8_grid_with_random_blocks_16per_0 ----------
[00:00:00:02:622] Path of length 31 found: [0, 1, 2, 3, 4, 5, 13, 14, 15, 23, 31, 30, 29, 28, 20, 19, 18, 17, 25, 24, 32, 40, 48, 49, 50, 42, 43, 44, 52, 53, 54, 55]
[00:00:00:02:622] ! Unidirectional s-t. expansions: 930, time: 2,622 [ms], path length: 31 [edges], generated: 1,387
[00:00:00:02:166] Path of length 31 found: [55, 47, 46, 45, 53, 52, 51, 43, 42, 41, 40, 32, 24, 25, 17, 18, 19, 27, 28, 29, 30, 31, 23, 15, 14, 13, 5, 4, 3, 2, 1, 0]
[00:00:00:02:166] ! Unidirectional t-s. expansions: 568, time: 2,166 [ms], path length: 31 [edges], generated: 945
[00:00:00:07:578] Path of length 31 found: [0, 1, 2, 3, 4, 5, 13, 14, 15, 23, 31, 30, 29, 28, 20, 19, 18, 17, 25, 24, 32, 40, 41, 42, 43, 51, 52, 53, 45, 46, 47, 55]
[00:00:00:07:985] ! Bidirectional. expansions: 1,300, time: 7,578 [ms], path length: 31 [edges], g_F: 23, g_B: 8, generated: 0, MM: 15, MMPER: 45.875%
[00:00:00:07:986] 
---------- SM_Grids/7x8_grid_with_random_blocks_16per_1 ----------
[00:00:00:01:890] Path of length 25 found: [0, 8, 16, 17, 25, 26, 34, 42, 43, 51, 52, 53, 45, 37, 36, 28, 20, 12, 13, 14, 22, 30, 31, 39, 47, 55]
[00:00:00:01:890] ! Unidirectional s-t. expansions: 449, time: 1,890 [ms], path length: 25 [edges], generated: 831
[00:00:00:01:779] Path of length 25 found: [55, 47, 39, 31, 30, 22, 14, 13, 12, 20, 28, 36, 37, 45, 53, 52, 51, 43, 42, 34, 26, 18, 10, 9, 1, 0]
[00:00:00:01:779] ! Unidirectional t-s. expansions: 391, time: 1,779 [ms], path length: 25 [edges], generated: 760
[00:00:00:06:274] Path of length 25 found: [0, 8, 16, 17, 25, 26, 34, 42, 43, 51, 52, 53, 45, 37, 36, 28, 20, 12, 13, 14, 22, 30, 31, 39, 47, 55]
[00:00:00:06:659] ! Bidirectional. expansions: 768, time: 6,274 [ms], path length: 25 [edges], g_F: 18, g_B: 7, generated: 0, MM: 11, MMPER: 41.30769230769231%
[00:00:00:06:659] 
---------- SM_Grids/7x8_grid_with_random_blocks_16per_2 ----------
[00:00:00:04:942] Path of length 27 found: [0, 1, 9, 17, 16, 24, 32, 40, 48, 49, 50, 51, 43, 35, 27, 28, 29, 21, 13, 5, 6, 7, 15, 23, 31, 39, 47, 55]
[00:00:00:04:942] ! Unidirectional s-t. expansions: 1,401, time: 4,942 [ms], path length: 27 [edges], generated: 2,360
[00:00:00:02:991] Path of length 27 found: [55, 47, 39, 31, 23, 15, 7, 6, 5, 4, 12, 20, 28, 27, 35, 43, 51, 50, 49, 48, 40, 32, 33, 25, 17, 9, 1, 0]
[00:00:00:02:991] ! Unidirectional t-s. expansions: 818, time: 2,991 [ms], path length: 27 [edges], generated: 1,278
[00:00:00:20:509] Path of length 27 found: [0, 1, 9, 17, 16, 24, 32, 40, 48, 49, 50, 51, 43, 35, 27, 28, 20, 12, 4, 5, 6, 7, 15, 23, 31, 39, 47, 55]
[00:00:00:20:917] ! Bidirectional. expansions: 3,736, time: 20,509 [ms], path length: 27 [edges], g_F: 18, g_B: 9, generated: 0, MM: 9, MMPER: 31.142857142857146%
[00:00:00:20:917] 
---------- SM_Grids/7x8_grid_with_random_blocks_16per_3 ----------
[00:00:00:03:598] Path of length 31 found: [0, 1, 2, 3, 4, 12, 13, 14, 15, 23, 31, 30, 29, 28, 27, 19, 18, 17, 16, 24, 32, 40, 48, 49, 50, 42, 43, 44, 45, 46, 47, 55]
[00:00:00:03:599] ! Unidirectional s-t. expansions: 1,062, time: 3,598 [ms], path length: 31 [edges], generated: 1,679
[00:00:00:02:544] Path of length 31 found: [55, 47, 46, 45, 53, 52, 51, 43, 42, 41, 33, 32, 24, 16, 17, 18, 19, 27, 28, 29, 30, 31, 23, 15, 14, 13, 12, 4, 3, 2, 1, 0]
[00:00:00:02:544] ! Unidirectional t-s. expansions: 656, time: 2,544 [ms], path length: 31 [edges], generated: 1,090
[00:00:00:06:893] Path of length 31 found: [0, 1, 2, 3, 4, 12, 13, 14, 15, 23, 31, 30, 29, 28, 27, 19, 18, 17, 16, 24, 32, 40, 41, 42, 43, 51, 52, 53, 45, 46, 47, 55]
[00:00:00:07:303] ! Bidirectional. expansions: 899, time: 6,893 [ms], path length: 31 [edges], g_F: 23, g_B: 8, generated: 0, MM: 15, MMPER: 45.875%
[00:00:00:07:303] 
---------- SM_Grids/7x8_grid_with_random_blocks_16per_4 ----------
[00:00:00:06:249] Path of length 29 found: [0, 1, 9, 17, 18, 26, 34, 33, 32, 40, 48, 49, 50, 51, 52, 53, 45, 37, 36, 28, 20, 12, 13, 14, 22, 30, 31, 39, 47, 55]
[00:00:00:06:249] ! Unidirectional s-t. expansions: 1,795, time: 6,249 [ms], path length: 29 [edges], generated: 3,073
[00:00:00:03:553] Path of length 29 found: [55, 47, 39, 31, 30, 22, 14, 13, 12, 11, 19, 18, 26, 34, 35, 36, 37, 45, 53, 52, 51, 50, 49, 41, 40, 32, 24, 16, 8, 0]
[00:00:00:03:553] ! Unidirectional t-s. expansions: 943, time: 3,553 [ms], path length: 29 [edges], generated: 1,604
[00:00:00:12:046] Path of length 29 found: [0, 1, 2, 3, 11, 12, 13, 14, 22, 30, 38, 37, 36, 35, 34, 26, 18, 17, 16, 24, 32, 40, 41, 49, 50, 51, 52, 53, 54, 55]
[00:00:00:12:430] ! Bidirectional. expansions: 1,726, time: 12,046 [ms], path length: 29 [edges], g_F: 10, g_B: 19, generated: 0, MM: 9, MMPER: 29.0%
[00:00:00:12:430] 
---------- SM_Grids/7x8_grid_with_random_blocks_16per_5 ----------
[00:00:00:10:275] Path of length 29 found: [0, 8, 9, 10, 2, 3, 4, 5, 6, 14, 15, 23, 31, 39, 38, 37, 29, 21, 20, 19, 27, 26, 34, 42, 43, 44, 52, 53, 54, 55]
[00:00:00:10:275] ! Unidirectional s-t. expansions: 3,260, time: 10,275 [ms], path length: 29 [edges], generated: 5,343
[00:00:00:04:017] Path of length 29 found: [55, 54, 53, 52, 44, 43, 42, 34, 26, 27, 19, 20, 21, 29, 37, 38, 39, 31, 23, 15, 7, 6, 5, 4, 3, 2, 10, 9, 8, 0]
[00:00:00:04:017] ! Unidirectional t-s. expansions: 1,094, time: 4,017 [ms], path length: 29 [edges], generated: 1,942
[00:00:00:34:883] Path of length 29 found: [0, 8, 9, 10, 2, 3, 4, 5, 6, 14, 15, 23, 31, 39, 38, 37, 29, 21, 20, 19, 27, 26, 34, 42, 43, 44, 52, 53, 54, 55]
[00:00:00:35:264] ! Bidirectional. expansions: 5,725, time: 34,883 [ms], path length: 29 [edges], g_F: 24, g_B: 5, generated: 0, MM: 19, MMPER: 62.333333333333336%
[00:00:00:35:264] 
---------- SM_Grids/7x8_grid_with_random_blocks_16per_6 ----------
[00:00:00:05:721] Path of length 29 found: [0, 1, 2, 3, 4, 5, 13, 14, 15, 23, 31, 30, 29, 28, 20, 19, 18, 17, 16, 24, 32, 33, 34, 35, 43, 51, 52, 53, 54, 55]
[00:00:00:05:721] ! Unidirectional s-t. expansions: 1,795, time: 5,721 [ms], path length: 29 [edges], generated: 2,960
[00:00:00:06:256] Path of length 29 found: [55, 54, 53, 52, 44, 36, 37, 38, 30, 31, 23, 15, 7, 6, 5, 13, 12, 20, 19, 27, 26, 34, 33, 32, 24, 16, 17, 9, 1, 0]
[00:00:00:06:257] ! Unidirectional t-s. expansions: 1,773, time: 6,257 [ms], path length: 29 [edges], generated: 3,056
[00:00:00:15:672] Path of length 29 found: [0, 1, 9, 17, 16, 24, 32, 33, 34, 26, 27, 19, 11, 3, 4, 5, 13, 14, 15, 23, 31, 30, 29, 37, 36, 44, 52, 53, 54, 55]
[00:00:00:16:051] ! Bidirectional. expansions: 2,487, time: 15,672 [ms], path length: 29 [edges], g_F: 27, g_B: 2, generated: 0, MM: 25, MMPER: 82.33333333333333%
[00:00:00:16:051] 
---------- SM_Grids/7x8_grid_with_random_blocks_16per_7 ----------
[00:00:00:17:121] Path of length 27 found: [0, 1, 9, 17, 16, 24, 32, 40, 48, 49, 50, 42, 43, 44, 36, 28, 27, 19, 11, 12, 13, 14, 22, 30, 38, 46, 54, 55]
[00:00:00:17:122] ! Unidirectional s-t. expansions: 4,999, time: 17,121 [ms], path length: 27 [edges], generated: 8,965
[00:00:00:01:694] Path of length 27 found: [55, 47, 39, 38, 30, 22, 14, 13, 12, 11, 19, 27, 28, 36, 44, 52, 51, 50, 42, 34, 33, 32, 24, 16, 17, 9, 1, 0]
[00:00:00:01:694] ! Unidirectional t-s. expansions: 396, time: 1,694 [ms], path length: 27 [edges], generated: 699
[00:00:01:15:830] Path of length 27 found: [0, 1, 9, 17, 16, 24, 32, 40, 48, 49, 50, 51, 52, 44, 36, 28, 27, 19, 11, 12, 13, 21, 22, 30, 38, 39, 47, 55]
[00:00:01:16:211] ! Bidirectional. expansions: 14,772, time: 75,830 [ms], path length: 27 [edges], g_F: 22, g_B: 5, generated: 0, MM: 17, MMPER: 59.714285714285715%
[00:00:01:16:211] 
---------- SM_Grids/7x8_grid_with_random_blocks_16per_8 ----------
[00:00:00:06:370] Path of length 27 found: [0, 8, 9, 10, 18, 26, 25, 33, 41, 42, 43, 35, 36, 28, 29, 21, 13, 5, 6, 7, 15, 23, 31, 39, 38, 46, 54, 55]
[00:00:00:06:371] ! Unidirectional s-t. expansions: 1,860, time: 6,370 [ms], path length: 27 [edges], generated: 3,087
[00:00:00:11:623] Path of length 27 found: [55, 54, 46, 38, 39, 31, 23, 15, 7, 6, 5, 4, 12, 20, 28, 36, 44, 43, 42, 41, 33, 25, 26, 18, 10, 9, 8, 0]
[00:00:00:11:623] ! Unidirectional t-s. expansions: 3,213, time: 11,623 [ms], path length: 27 [edges], generated: 5,598
[00:00:00:31:007] Path of length 27 found: [0, 8, 9, 10, 18, 26, 25, 33, 41, 42, 43, 44, 36, 28, 20, 12, 4, 5, 6, 7, 15, 23, 31, 39, 38, 46, 54, 55]
[00:00:00:31:408] ! Bidirectional. expansions: 4,991, time: 31,007 [ms], path length: 27 [edges], g_F: 10, g_B: 17, generated: 0, MM: 7, MMPER: 24.0%
[00:00:00:31:409] 
---------- SM_Grids/7x8_grid_with_random_blocks_16per_9 ----------
[00:00:00:07:070] Path of length 25 found: [0, 8, 16, 17, 18, 10, 2, 3, 4, 12, 20, 28, 27, 35, 34, 42, 50, 51, 52, 44, 45, 37, 38, 39, 47, 55]
[00:00:00:07:071] ! Unidirectional s-t. expansions: 1,862, time: 7,070 [ms], path length: 25 [edges], generated: 3,399
[00:00:00:15:925] Path of length 25 found: [55, 47, 39, 38, 37, 45, 44, 52, 51, 50, 42, 34, 35, 27, 28, 20, 12, 4, 3, 2, 10, 18, 17, 16, 8, 0]
[00:00:00:15:925] ! Unidirectional t-s. expansions: 4,501, time: 15,925 [ms], path length: 25 [edges], generated: 7,668
[00:00:01:13:273] Path of length 25 found: [0, 8, 16, 17, 18, 10, 2, 3, 4, 12, 20, 28, 27, 35, 34, 42, 50, 51, 52, 44, 45, 37, 38, 39, 47, 55]
[00:00:01:13:665] ! Bidirectional. expansions: 11,089, time: 73,273 [ms], path length: 25 [edges], g_F: 10, g_B: 15, generated: 0, MM: 5, MMPER: 18.23076923076923%

[00:00:01:13:665] average expansions: (1,941, 1,435, 4,749, 0)
[00:00:01:13:665] average time: (6,586, 5,255, 28,396, 0)
[00:00:01:13:665] XIDA: 1,435 , 5,255 (expansions , time[ms])
[00:00:01:13:665] BiXIDA: 4,749 , 28,396 (expansions , time[ms])

