------------------------------------
Thu 01 Oct 2026 12:44:01 IDT
SLURM_JOBID:		21944717
SLURM_JOB_NODELIST:	ise-cpu256-02
SLURM_SCRATCH_DIR:	/scratch/shubit/21944717
Allocated Resouces:	cpu - 2 / mem - 61440 MB / gpu - 
SLURM_GPU_INDEX:	
Running as shubit from shimony account with normal QOS
------------------------------------
Thu 01 Oct 2026 12:44:01 IDT

SLURM_JOBID:		 21944717
SLURM_JOB_NODELIST:	 ise-cpu256-02 

--------------------------
date: SM_Grids
number_of_graphs: 10
graph_type: grid
size_of_graphs: [7, 9]
heuristic: bcc_heuristic
snake: True
run_uni: True
run_bi: True
run_multi: False
solution_vertices: []
algorithms: ['IDA']
lookahead: -2
bsd: False
cube_first_dims: 4
cube_buffer_dim: None
backward_sym_generation: False
sym_coil: False
prefix_set: None

---------- SM_Grids/7x9_grid_with_random_blocks_8per_0 ----------
[00:00:00:10:808] Path of length 38 found: [0, 9, 18, 27, 36, 45, 54, 55, 56, 47, 38, 39, 40, 49, 58, 59, 60, 51, 42, 33, 32, 23, 22, 21, 20, 11, 2, 3, 4, 5, 6, 15, 16, 25, 26, 35, 44, 53, 62]
[00:00:00:10:808] ! Unidirectional s-t. expansions: 2,112, time: 10,808 [ms], path length: 38 [edges], generated: 3,546
[00:00:00:07:751] Path of length 38 found: [62, 53, 44, 35, 26, 25, 16, 7, 6, 5, 4, 3, 2, 11, 20, 21, 22, 23, 32, 33, 42, 51, 60, 59, 58, 49, 40, 39, 38, 47, 56, 55, 54, 45, 36, 27, 18, 9, 0]
[00:00:00:07:751] ! Unidirectional t-s. expansions: 1,439, time: 7,751 [ms], path length: 38 [edges], generated: 2,537
[00:00:00:12:932] Path of length 38 found: [0, 9, 18, 27, 36, 45, 54, 55, 56, 47, 38, 39, 40, 49, 58, 59, 60, 51, 42, 33, 32, 23, 22, 21, 20, 11, 2, 3, 4, 5, 6, 7, 16, 25, 26, 35, 44, 53, 62]
[00:00:00:13:472] ! Bidirectional. expansions: 2,419, time: 12,932 [ms], path length: 38 [edges], g_F: 24, g_B: 14, generated: 0, MM: 10, MMPER: 24.641025641025642%
[00:00:00:13:472] 
---------- SM_Grids/7x9_grid_with_random_blocks_8per_1 ----------
[00:00:00:11:584] Path of length 38 found: [0, 1, 2, 3, 12, 21, 20, 19, 18, 27, 36, 45, 54, 55, 56, 47, 38, 39, 40, 49, 58, 59, 60, 51, 42, 33, 24, 23, 14, 5, 6, 7, 16, 17, 26, 35, 44, 53, 62]
[00:00:00:11:585] ! Unidirectional s-t. expansions: 2,123, time: 11,584 [ms], path length: 38 [edges], generated: 3,772
[00:00:00:11:134] Path of length 38 found: [62, 53, 44, 35, 26, 17, 8, 7, 6, 5, 14, 23, 24, 33, 42, 51, 60, 59, 58, 49, 40, 39, 38, 47, 56, 55, 54, 45, 36, 27, 18, 19, 20, 21, 12, 3, 2, 1, 0]
[00:00:00:11:134] ! Unidirectional t-s. expansions: 2,136, time: 11,134 [ms], path length: 38 [edges], generated: 3,624
[00:00:00:16:203] Path of length 38 found: [0, 1, 2, 3, 12, 21, 20, 19, 18, 27, 36, 45, 54, 55, 56, 47, 38, 39, 40, 49, 58, 59, 60, 51, 42, 33, 24, 23, 14, 5, 6, 7, 8, 17, 26, 35, 44, 53, 62]
[00:00:00:16:673] ! Bidirectional. expansions: 3,058, time: 16,203 [ms], path length: 38 [edges], g_F: 16, g_B: 22, generated: 0, MM: 6, MMPER: 14.384615384615385%
[00:00:00:16:675] 
---------- SM_Grids/7x9_grid_with_random_blocks_8per_2 ----------
[00:00:00:40:719] Path of length 36 found: [0, 9, 10, 11, 12, 21, 22, 23, 14, 5, 6, 7, 16, 25, 26, 35, 44, 43, 42, 41, 40, 39, 38, 29, 28, 27, 36, 45, 54, 55, 56, 57, 58, 59, 60, 61, 62]
[00:00:00:40:720] ! Unidirectional s-t. expansions: 8,646, time: 40,720 [ms], path length: 36 [edges], generated: 14,907
[00:00:00:48:575] Path of length 36 found: [62, 61, 60, 59, 58, 49, 40, 41, 42, 43, 44, 35, 26, 25, 16, 7, 6, 5, 14, 23, 22, 21, 30, 29, 38, 47, 56, 55, 54, 45, 36, 27, 18, 19, 10, 1, 0]
[00:00:00:48:575] ! Unidirectional t-s. expansions: 10,496, time: 48,575 [ms], path length: 36 [edges], generated: 18,319
[00:00:00:42:845] Path of length 36 found: [0, 9, 10, 11, 12, 21, 22, 23, 14, 5, 6, 7, 16, 25, 26, 35, 44, 43, 42, 41, 40, 39, 38, 29, 28, 27, 36, 45, 46, 55, 56, 57, 58, 59, 60, 61, 62]
[00:00:00:43:333] ! Bidirectional. expansions: 8,604, time: 42,845 [ms], path length: 36 [edges], g_F: 23, g_B: 13, generated: 0, MM: 10, MMPER: 26.027027027027028%
[00:00:00:43:333] 
---------- SM_Grids/7x9_grid_with_random_blocks_8per_3 ----------
[00:00:00:20:623] Path of length 38 found: [0, 9, 10, 11, 2, 3, 4, 13, 22, 23, 24, 15, 6, 7, 8, 17, 26, 35, 34, 43, 42, 41, 40, 39, 30, 29, 28, 27, 36, 45, 54, 55, 56, 57, 58, 59, 60, 61, 62]
[00:00:00:20:623] ! Unidirectional s-t. expansions: 4,250, time: 20,623 [ms], path length: 38 [edges], generated: 7,119
[00:00:00:14:686] Path of length 38 found: [62, 61, 60, 59, 58, 57, 56, 55, 54, 45, 36, 27, 28, 29, 38, 39, 40, 41, 42, 43, 34, 35, 26, 17, 8, 7, 6, 15, 24, 23, 22, 13, 4, 3, 2, 11, 10, 9, 0]
[00:00:00:14:686] ! Unidirectional t-s. expansions: 3,705, time: 14,686 [ms], path length: 38 [edges], generated: 5,909
[00:00:00:18:843] Path of length 38 found: [0, 9, 10, 11, 2, 3, 4, 13, 22, 23, 24, 15, 6, 7, 8, 17, 26, 35, 34, 43, 42, 41, 40, 39, 38, 29, 28, 27, 36, 45, 54, 55, 56, 57, 58, 59, 60, 61, 62]
[00:00:00:19:323] ! Bidirectional. expansions: 3,918, time: 18,843 [ms], path length: 38 [edges], g_F: 9, g_B: 29, generated: 0, MM: 20, MMPER: 50.282051282051285%
[00:00:00:19:324] 
---------- SM_Grids/7x9_grid_with_random_blocks_8per_4 ----------
[00:00:00:04:032] Path of length 36 found: [0, 9, 18, 27, 36, 45, 54, 55, 56, 47, 48, 49, 58, 59, 60, 51, 42, 41, 32, 31, 30, 21, 20, 11, 2, 3, 4, 13, 14, 15, 24, 25, 34, 35, 44, 53, 62]
[00:00:00:04:033] ! Unidirectional s-t. expansions: 719, time: 4,033 [ms], path length: 36 [edges], generated: 1,300
[00:00:00:03:062] Path of length 36 found: [62, 53, 44, 35, 34, 25, 24, 15, 14, 13, 4, 3, 2, 11, 20, 29, 30, 31, 32, 41, 42, 51, 60, 59, 58, 49, 48, 47, 56, 55, 54, 45, 36, 27, 18, 9, 0]
[00:00:00:03:062] ! Unidirectional t-s. expansions: 617, time: 3,062 [ms], path length: 36 [edges], generated: 1,056
[00:00:00:04:481] Path of length 36 found: [0, 9, 18, 27, 36, 45, 54, 55, 56, 47, 48, 49, 58, 59, 60, 51, 42, 41, 32, 31, 30, 21, 20, 11, 2, 3, 4, 13, 14, 15, 24, 25, 34, 35, 44, 53, 62]
[00:00:00:04:943] ! Bidirectional. expansions: 810, time: 4,481 [ms], path length: 36 [edges], g_F: 27, g_B: 9, generated: 0, MM: 18, MMPER: 47.648648648648646%
[00:00:00:04:943] 
---------- SM_Grids/7x9_grid_with_random_blocks_8per_5 ----------
[00:00:00:17:224] Path of length 38 found: [0, 1, 10, 11, 12, 3, 4, 5, 6, 7, 16, 17, 26, 35, 34, 33, 24, 23, 22, 31, 40, 39, 38, 29, 28, 27, 36, 45, 54, 55, 56, 57, 58, 59, 50, 51, 52, 53, 62]
[00:00:00:17:225] ! Unidirectional s-t. expansions: 3,346, time: 17,224 [ms], path length: 38 [edges], generated: 5,748
[00:00:00:09:608] Path of length 38 found: [62, 53, 44, 35, 26, 17, 16, 7, 6, 5, 4, 3, 2, 11, 20, 29, 38, 39, 40, 31, 22, 23, 24, 33, 42, 51, 50, 59, 58, 57, 56, 55, 46, 45, 36, 27, 18, 9, 0]
[00:00:00:09:609] ! Unidirectional t-s. expansions: 1,916, time: 9,608 [ms], path length: 38 [edges], generated: 3,243
[00:00:00:12:036] Path of length 38 found: [0, 9, 18, 19, 20, 11, 2, 3, 4, 5, 6, 7, 16, 17, 26, 35, 34, 33, 24, 23, 22, 31, 40, 39, 38, 37, 36, 45, 54, 55, 56, 57, 58, 59, 50, 51, 52, 53, 62]
[00:00:00:12:495] ! Bidirectional. expansions: 2,318, time: 12,036 [ms], path length: 38 [edges], g_F: 35, g_B: 3, generated: 0, MM: 32, MMPER: 81.05128205128206%
[00:00:00:12:495] 
---------- SM_Grids/7x9_grid_with_random_blocks_8per_6 ----------
[00:00:00:30:036] Path of length 34 found: [0, 9, 18, 27, 36, 37, 46, 55, 56, 57, 58, 49, 40, 39, 30, 29, 20, 11, 12, 13, 22, 23, 24, 15, 6, 7, 8, 17, 26, 35, 34, 43, 52, 61, 62]
[00:00:00:30:037] ! Unidirectional s-t. expansions: 6,691, time: 30,036 [ms], path length: 34 [edges], generated: 11,920
[00:00:00:42:380] Path of length 34 found: [62, 53, 52, 51, 42, 33, 34, 25, 26, 17, 8, 7, 6, 15, 14, 13, 22, 21, 30, 39, 40, 49, 58, 57, 56, 47, 46, 37, 36, 27, 18, 19, 10, 1, 0]
[00:00:00:42:381] ! Unidirectional t-s. expansions: 8,831, time: 42,381 [ms], path length: 34 [edges], generated: 16,408
[00:00:00:43:495] Path of length 34 found: [0, 9, 18, 27, 36, 37, 46, 55, 56, 57, 58, 49, 40, 39, 30, 29, 20, 11, 12, 3, 4, 5, 6, 7, 8, 17, 26, 25, 24, 33, 42, 43, 44, 53, 62]
[00:00:00:43:999] ! Bidirectional. expansions: 9,450, time: 43,495 [ms], path length: 34 [edges], g_F: 30, g_B: 4, generated: 0, MM: 26, MMPER: 73.28571428571429%
[00:00:00:44:000] 
---------- SM_Grids/7x9_grid_with_random_blocks_8per_7 ----------
[00:00:00:17:116] Path of length 38 found: [0, 1, 2, 3, 12, 13, 14, 5, 6, 7, 8, 17, 26, 25, 24, 33, 32, 31, 30, 29, 20, 19, 18, 27, 36, 45, 54, 55, 56, 47, 48, 49, 58, 59, 60, 51, 52, 53, 62]
[00:00:00:17:116] ! Unidirectional s-t. expansions: 3,804, time: 17,116 [ms], path length: 38 [edges], generated: 6,141
[00:00:00:07:124] Path of length 38 found: [62, 53, 52, 51, 60, 59, 58, 49, 48, 47, 56, 55, 54, 45, 36, 37, 28, 29, 30, 31, 32, 33, 34, 25, 26, 17, 8, 7, 6, 15, 14, 13, 4, 3, 2, 11, 10, 9, 0]
[00:00:00:07:125] ! Unidirectional t-s. expansions: 1,405, time: 7,125 [ms], path length: 38 [edges], generated: 2,357
[00:00:00:16:214] Path of length 38 found: [0, 1, 2, 3, 12, 13, 14, 5, 6, 7, 8, 17, 26, 25, 24, 33, 32, 31, 30, 29, 20, 19, 18, 27, 36, 45, 54, 55, 56, 47, 48, 49, 58, 59, 60, 51, 52, 53, 62]
[00:00:00:16:685] ! Bidirectional. expansions: 3,300, time: 16,214 [ms], path length: 38 [edges], g_F: 35, g_B: 3, generated: 0, MM: 32, MMPER: 81.05128205128206%
[00:00:00:16:686] 
---------- SM_Grids/7x9_grid_with_random_blocks_8per_8 ----------
[00:00:00:10:106] Path of length 38 found: [0, 9, 18, 27, 36, 45, 54, 55, 56, 47, 38, 29, 20, 11, 2, 3, 4, 13, 22, 31, 40, 49, 58, 59, 60, 51, 42, 33, 24, 15, 6, 7, 8, 17, 26, 35, 44, 53, 62]
[00:00:00:10:107] ! Unidirectional s-t. expansions: 2,182, time: 10,106 [ms], path length: 38 [edges], generated: 3,467
[00:00:00:14:471] Path of length 38 found: [62, 53, 44, 35, 26, 17, 8, 7, 6, 5, 4, 3, 2, 11, 20, 21, 22, 23, 32, 33, 42, 51, 60, 59, 58, 49, 40, 39, 38, 47, 56, 55, 54, 45, 36, 27, 18, 9, 0]
[00:00:00:14:472] ! Unidirectional t-s. expansions: 3,039, time: 14,472 [ms], path length: 38 [edges], generated: 5,115
[00:00:00:12:008] Path of length 38 found: [0, 9, 18, 27, 36, 45, 54, 55, 56, 47, 38, 29, 20, 11, 2, 3, 4, 13, 22, 31, 40, 49, 58, 59, 60, 51, 42, 33, 24, 15, 6, 7, 8, 17, 26, 35, 44, 53, 62]
[00:00:00:12:472] ! Bidirectional. expansions: 2,500, time: 12,009 [ms], path length: 38 [edges], g_F: 38, g_B: 0, generated: 0, MM: 38, MMPER: 96.43589743589743%
[00:00:00:12:472] 
---------- SM_Grids/7x9_grid_with_random_blocks_8per_9 ----------
[00:00:00:09:075] Path of length 36 found: [0, 9, 18, 27, 28, 37, 38, 47, 56, 57, 58, 59, 50, 41, 40, 31, 30, 21, 20, 11, 2, 3, 4, 13, 14, 15, 6, 7, 8, 17, 26, 25, 34, 43, 52, 61, 62]
[00:00:00:09:076] ! Unidirectional s-t. expansions: 1,776, time: 9,076 [ms], path length: 36 [edges], generated: 2,992
[00:00:00:10:743] Path of length 36 found: [62, 53, 52, 43, 34, 35, 26, 17, 8, 7, 6, 15, 14, 13, 4, 3, 2, 11, 20, 21, 30, 31, 40, 41, 50, 59, 58, 57, 48, 47, 38, 37, 28, 27, 18, 9, 0]
[00:00:00:10:743] ! Unidirectional t-s. expansions: 2,149, time: 10,743 [ms], path length: 36 [edges], generated: 3,574
[00:00:00:11:743] Path of length 36 found: [0, 9, 18, 27, 28, 37, 38, 47, 56, 57, 58, 59, 50, 41, 40, 31, 30, 21, 20, 11, 2, 3, 4, 13, 14, 15, 6, 7, 8, 17, 26, 25, 34, 43, 52, 61, 62]
[00:00:00:12:257] ! Bidirectional. expansions: 2,274, time: 11,743 [ms], path length: 36 [edges], g_F: 33, g_B: 3, generated: 0, MM: 30, MMPER: 80.08108108108108%

[00:00:00:12:258] average expansions: (3,565, 3,573, 3,865, 0)
[00:00:00:12:258] average time: (17,133, 16,954, 19,080, 0)
[00:00:00:12:258] XIDA: 3,565 , 16,954 (expansions , time[ms])
[00:00:00:12:258] BiXIDA: 3,865 , 19,080 (expansions , time[ms])

