------------------------------------
Thu 01 Oct 2026 17:48:22 IDT
SLURM_JOBID:		21953729
SLURM_JOB_NODELIST:	ise-cpu256-13
SLURM_SCRATCH_DIR:	/scratch/shubit/21953729
Allocated Resouces:	cpu - 2 / mem - 61440 MB / gpu - 
SLURM_GPU_INDEX:	
Running as shubit from shimony account with normal QOS
------------------------------------
Thu 01 Oct 2026 17:48:22 IDT

SLURM_JOBID:		 21953729
SLURM_JOB_NODELIST:	 ise-cpu256-13 

--------------------------
date: SM_Grids
number_of_graphs: 10
graph_type: grid
size_of_graphs: [8, 9]
heuristic: bcc_heuristic
snake: True
run_uni: True
run_bi: True
run_multi: False
solution_vertices: []
algorithms: ['XMM']
lookahead: 2
bsd: False
cube_first_dims: 4
cube_buffer_dim: None
backward_sym_generation: False
sym_coil: False
prefix_set: None

---------- SM_Grids/8x9_grid_with_random_blocks_16per_0 ----------
[00:00:00:03:589] Path of length 39 found: [0, 9, 10, 19, 28, 27, 36, 45, 54, 63, 64, 65, 56, 47, 38, 39, 30, 21, 12, 3, 4, 5, 6, 7, 16, 25, 24, 23, 32, 41, 50, 49, 58, 67, 68, 69, 60, 61, 62, 71]
[00:00:00:03:589] ! Unidirectional s-t. expansions: 398, time: 3,589 [ms], path length: 39 [edges], generated: 1,927
[00:00:00:04:986] Path of length 39 found: [71, 62, 61, 60, 69, 68, 67, 58, 49, 50, 41, 42, 33, 34, 25, 16, 7, 6, 5, 4, 3, 12, 21, 30, 39, 38, 47, 56, 65, 64, 63, 54, 45, 36, 27, 28, 19, 10, 1, 0]
[00:00:00:04:987] ! Unidirectional t-s. expansions: 530, time: 4,986 [ms], path length: 39 [edges], generated: 2,473
[00:00:00:00:733] Expansion 121: New longest path found with length 17: [0, 1, 2, 3, 4, 5, 6, 7, 16, 25, 24, 33, 42, 51, 52, 61, 62, 71]. g_current=10, g_opposite=7, f_max=43, generated=203
[00:00:00:00:805] Expansion 135: New longest path found with length 23: [0, 1, 2, 3, 12, 21, 20, 19, 28, 27, 36, 45, 54, 55, 56, 65, 66, 67, 68, 69, 60, 61, 62, 71]. g_current=8, g_opposite=15, f_max=43, generated=226
[00:00:00:00:830] Expansion 141: New longest path found with length 25: [0, 1, 2, 3, 12, 21, 20, 19, 28, 27, 36, 45, 54, 63, 64, 65, 66, 67, 58, 59, 50, 51, 52, 61, 62, 71]. g_current=14, g_opposite=11, f_max=44, generated=234
[00:00:00:00:848] Expansion 146: New longest path found with length 29: [0, 1, 2, 3, 12, 21, 20, 19, 28, 27, 36, 45, 54, 63, 64, 65, 56, 47, 38, 39, 40, 49, 58, 67, 68, 69, 60, 61, 62, 71]. g_current=19, g_opposite=10, f_max=44, generated=240
[00:00:00:02:167] Expansion 393: New longest path found with length 31: [0, 1, 2, 11, 20, 19, 28, 27, 36, 45, 54, 63, 64, 65, 56, 47, 38, 39, 30, 31, 32, 41, 50, 49, 58, 67, 68, 69, 60, 61, 62, 71]. g_current=11, g_opposite=20, f_max=41, generated=669
[00:00:00:02:669] Expansion 489: New longest path found with length 33: [0, 9, 10, 19, 28, 27, 36, 45, 54, 63, 64, 65, 56, 47, 38, 39, 30, 21, 12, 3, 4, 5, 6, 7, 16, 25, 34, 33, 42, 51, 52, 61, 62, 71]. g_current=12, g_opposite=21, f_max=41, generated=814
[00:00:00:04:704] Expansion 871: New longest path found with length 39: [0, 9, 10, 19, 28, 27, 36, 45, 54, 63, 64, 65, 56, 47, 38, 39, 30, 21, 12, 3, 4, 5, 6, 7, 16, 25, 34, 33, 42, 41, 50, 49, 58, 67, 68, 69, 60, 61, 62, 71]. g_current=18, g_opposite=21, f_max=40, generated=1,501
[00:00:00:07:285] Path of length 39 found: [0, 9, 10, 19, 28, 27, 36, 45, 54, 63, 64, 65, 56, 47, 38, 39, 30, 21, 12, 3, 4, 5, 6, 7, 16, 25, 34, 33, 42, 41, 50, 49, 58, 67, 68, 69, 60, 61, 62, 71]
[00:00:00:07:836] ! Bidirectional. expansions: 1,337, time: 7,285 [ms], path length: 39 [edges], g_F: 21, g_B: 18, generated: 2,298, MM: 3, MMPER: 6.5%
[00:00:00:07:836] 
---------- SM_Grids/8x9_grid_with_random_blocks_16per_1 ----------
[00:00:00:36:581] Path of length 29 found: [0, 1, 2, 11, 20, 29, 38, 47, 56, 57, 58, 49, 50, 41, 32, 31, 22, 13, 14, 15, 16, 17, 26, 35, 34, 43, 52, 61, 70, 71]
[00:00:00:36:581] ! Unidirectional s-t. expansions: 4,957, time: 36,581 [ms], path length: 29 [edges], generated: 24,157
[00:00:00:24:975] Path of length 29 found: [71, 70, 61, 52, 53, 44, 35, 26, 17, 16, 15, 14, 13, 22, 31, 32, 41, 50, 59, 58, 57, 48, 39, 38, 29, 28, 27, 18, 9, 0]
[00:00:00:24:976] ! Unidirectional t-s. expansions: 3,541, time: 24,976 [ms], path length: 29 [edges], generated: 17,287
[00:00:00:00:706] Expansion 100: New longest path found with length 23: [0, 9, 18, 27, 28, 29, 20, 11, 12, 13, 14, 15, 16, 17, 26, 35, 44, 53, 52, 51, 60, 69, 70, 71]. g_current=12, g_opposite=11, f_max=39, generated=186
[00:00:00:00:713] Expansion 101: New longest path found with length 25: [0, 9, 18, 27, 28, 29, 20, 11, 12, 13, 22, 23, 24, 15, 16, 17, 26, 35, 44, 53, 52, 51, 60, 69, 70, 71]. g_current=13, g_opposite=12, f_max=39, generated=188
[00:00:00:01:566] Expansion 234: New longest path found with length 27: [0, 9, 18, 27, 28, 29, 20, 11, 12, 13, 22, 23, 24, 15, 16, 17, 26, 35, 44, 53, 52, 51, 50, 59, 68, 69, 70, 71]. g_current=15, g_opposite=12, f_max=39, generated=437
[00:00:00:10:029] Expansion 1,735: New longest path found with length 29: [0, 9, 18, 27, 28, 29, 38, 47, 56, 57, 58, 49, 40, 41, 32, 23, 24, 15, 16, 17, 26, 35, 44, 53, 52, 51, 60, 69, 70, 71]. g_current=11, g_opposite=18, f_max=35, generated=3,310
[00:00:00:37:872] Path of length 29 found: [0, 9, 18, 27, 28, 29, 38, 47, 56, 57, 58, 49, 40, 41, 32, 23, 24, 15, 16, 17, 26, 35, 44, 53, 52, 51, 60, 69, 70, 71]
[00:00:00:38:407] ! Bidirectional. expansions: 7,022, time: 37,873 [ms], path length: 29 [edges], g_F: 11, g_B: 18, generated: 13,151, MM: 7, MMPER: 22.333333333333332%
[00:00:00:38:408] 
---------- SM_Grids/8x9_grid_with_random_blocks_16per_2 ----------
[00:00:00:03:672] Path of length 39 found: [0, 9, 10, 11, 2, 3, 4, 5, 14, 15, 16, 17, 26, 35, 44, 43, 42, 33, 32, 31, 40, 39, 38, 29, 28, 27, 36, 45, 46, 55, 64, 65, 66, 57, 58, 59, 68, 69, 70, 71]
[00:00:00:03:673] ! Unidirectional s-t. expansions: 403, time: 3,672 [ms], path length: 39 [edges], generated: 1,940
[00:00:00:01:704] Path of length 39 found: [71, 70, 69, 68, 59, 58, 57, 66, 65, 64, 55, 46, 45, 36, 27, 28, 29, 38, 39, 40, 31, 32, 33, 42, 43, 44, 35, 26, 17, 16, 15, 14, 5, 4, 3, 2, 11, 10, 9, 0]
[00:00:00:01:704] ! Unidirectional t-s. expansions: 189, time: 1,704 [ms], path length: 39 [edges], generated: 849
[00:00:00:00:210] Expansion 18: New longest path found with length 17: [0, 9, 18, 27, 36, 45, 46, 55, 64, 65, 66, 57, 58, 59, 68, 69, 70, 71]. g_current=13, g_opposite=4, f_max=48, generated=27
[00:00:00:00:520] Expansion 73: New longest path found with length 31: [0, 9, 10, 11, 2, 3, 4, 5, 14, 23, 22, 31, 40, 39, 38, 29, 28, 27, 36, 45, 46, 55, 64, 65, 66, 57, 58, 59, 68, 69, 70, 71]. g_current=11, g_opposite=20, f_max=46, generated=127
[00:00:00:02:195] Expansion 374: New longest path found with length 37: [0, 9, 10, 11, 2, 3, 4, 5, 14, 15, 16, 17, 26, 35, 34, 33, 42, 41, 40, 39, 38, 29, 28, 27, 36, 45, 46, 55, 64, 65, 66, 57, 58, 59, 68, 69, 70, 71]. g_current=15, g_opposite=22, f_max=42, generated=676
[00:00:00:04:384] Expansion 785: New longest path found with length 39: [0, 9, 10, 11, 2, 3, 4, 5, 14, 15, 16, 17, 26, 35, 44, 43, 42, 33, 32, 31, 40, 39, 38, 29, 28, 27, 36, 45, 46, 55, 64, 65, 66, 57, 58, 59, 68, 69, 70, 71]. g_current=17, g_opposite=22, f_max=40, generated=1,413
[00:00:00:05:413] Path of length 39 found: [0, 9, 10, 11, 2, 3, 4, 5, 14, 15, 16, 17, 26, 35, 44, 43, 42, 33, 32, 31, 40, 39, 38, 29, 28, 27, 36, 45, 46, 55, 64, 65, 66, 57, 58, 59, 68, 69, 70, 71]
[00:00:00:05:960] ! Bidirectional. expansions: 941, time: 5,413 [ms], path length: 39 [edges], g_F: 17, g_B: 22, generated: 1,699, MM: 5, MMPER: 11.5%
[00:00:00:05:961] 
---------- SM_Grids/8x9_grid_with_random_blocks_16per_3 ----------
[00:00:00:01:115] Path of length 37 found: [0, 1, 2, 3, 4, 5, 14, 23, 24, 25, 34, 35, 44, 53, 52, 51, 42, 41, 40, 31, 30, 21, 20, 19, 28, 37, 46, 55, 64, 65, 66, 57, 58, 59, 68, 69, 70, 71]
[00:00:00:01:116] ! Unidirectional s-t. expansions: 126, time: 1,115 [ms], path length: 37 [edges], generated: 590
[00:00:00:02:463] Path of length 37 found: [71, 70, 69, 68, 59, 58, 57, 66, 65, 64, 55, 46, 37, 28, 19, 20, 21, 30, 39, 40, 41, 42, 51, 52, 53, 44, 35, 26, 25, 24, 23, 14, 5, 4, 3, 2, 1, 0]
[00:00:00:02:464] ! Unidirectional t-s. expansions: 245, time: 2,463 [ms], path length: 37 [edges], generated: 1,192
[00:00:00:00:400] Expansion 55: New longest path found with length 15: [0, 1, 2, 3, 4, 5, 14, 23, 24, 25, 26, 35, 44, 53, 62, 71]. g_current=7, g_opposite=8, f_max=43, generated=102
[00:00:00:00:436] Expansion 61: New longest path found with length 25: [0, 1, 2, 3, 4, 5, 14, 23, 22, 21, 20, 19, 28, 37, 46, 55, 64, 65, 66, 57, 58, 59, 68, 69, 70, 71]. g_current=13, g_opposite=12, f_max=43, generated=113
[00:00:00:00:909] Expansion 142: New longest path found with length 27: [0, 1, 2, 3, 4, 5, 14, 23, 22, 21, 20, 19, 28, 37, 46, 55, 64, 65, 66, 57, 48, 49, 50, 59, 68, 69, 70, 71]. g_current=13, g_opposite=14, f_max=41, generated=271
[00:00:00:01:112] Expansion 175: New longest path found with length 29: [0, 1, 2, 3, 4, 5, 14, 23, 32, 31, 30, 21, 20, 19, 28, 37, 46, 55, 64, 65, 66, 57, 48, 49, 50, 59, 68, 69, 70, 71]. g_current=15, g_opposite=14, f_max=41, generated=335
[00:00:00:01:744] Expansion 278: New longest path found with length 31: [0, 1, 2, 3, 4, 5, 14, 23, 32, 41, 40, 39, 30, 21, 20, 19, 28, 37, 46, 55, 64, 65, 66, 57, 58, 59, 60, 51, 52, 53, 62, 71]. g_current=17, g_opposite=14, f_max=40, generated=524
[00:00:00:01:788] Expansion 287: New longest path found with length 37: [0, 1, 2, 3, 4, 5, 14, 23, 24, 25, 34, 35, 44, 53, 52, 51, 42, 41, 40, 39, 30, 21, 20, 19, 28, 37, 46, 55, 64, 65, 66, 57, 58, 59, 68, 69, 70, 71]. g_current=17, g_opposite=20, f_max=40, generated=540
[00:00:00:03:500] Path of length 37 found: [0, 1, 2, 3, 4, 5, 14, 23, 24, 25, 34, 35, 44, 53, 52, 51, 42, 41, 40, 39, 30, 21, 20, 19, 28, 37, 46, 55, 64, 65, 66, 57, 58, 59, 68, 69, 70, 71]
[00:00:00:04:015] ! Bidirectional. expansions: 586, time: 3,501 [ms], path length: 37 [edges], g_F: 17, g_B: 20, generated: 1,082, MM: 3, MMPER: 6.894736842105263%
[00:00:00:04:015] 
---------- SM_Grids/8x9_grid_with_random_blocks_16per_4 ----------
[00:00:00:05:446] Path of length 33 found: [0, 1, 10, 19, 18, 27, 36, 37, 38, 47, 48, 49, 40, 31, 30, 21, 12, 3, 4, 5, 6, 15, 16, 25, 34, 35, 44, 53, 52, 51, 60, 69, 70, 71]
[00:00:00:05:447] ! Unidirectional s-t. expansions: 567, time: 5,446 [ms], path length: 33 [edges], generated: 2,841
[00:00:00:15:507] Path of length 33 found: [71, 70, 69, 60, 51, 52, 53, 44, 35, 34, 25, 16, 7, 6, 5, 4, 3, 12, 21, 30, 31, 40, 49, 48, 47, 38, 37, 36, 27, 18, 19, 10, 1, 0]
[00:00:00:15:507] ! Unidirectional t-s. expansions: 1,802, time: 15,507 [ms], path length: 33 [edges], generated: 8,970
[00:00:00:00:450] Expansion 70: New longest path found with length 17: [0, 1, 10, 19, 18, 27, 36, 37, 38, 47, 48, 49, 50, 59, 68, 69, 70, 71]. g_current=7, g_opposite=10, f_max=45, generated=124
[00:00:00:00:571] Expansion 88: New longest path found with length 25: [0, 9, 18, 19, 20, 11, 12, 3, 4, 5, 6, 7, 16, 25, 34, 35, 44, 53, 52, 51, 50, 59, 68, 69, 70, 71]. g_current=15, g_opposite=10, f_max=44, generated=161
[00:00:00:01:315] Expansion 211: New longest path found with length 27: [0, 1, 10, 19, 20, 21, 30, 31, 32, 23, 14, 5, 6, 7, 16, 25, 34, 35, 44, 53, 52, 51, 50, 59, 68, 69, 70, 71]. g_current=6, g_opposite=21, f_max=42, generated=384
[00:00:00:01:901] Expansion 328: New longest path found with length 33: [0, 1, 10, 19, 18, 27, 36, 37, 38, 47, 48, 49, 40, 31, 30, 21, 12, 3, 4, 5, 6, 7, 16, 25, 34, 35, 44, 53, 52, 51, 60, 69, 70, 71]. g_current=18, g_opposite=15, f_max=41, generated=580
[00:00:00:17:806] Path of length 33 found: [0, 1, 10, 19, 18, 27, 36, 37, 38, 47, 48, 49, 40, 31, 30, 21, 12, 3, 4, 5, 6, 7, 16, 25, 34, 35, 44, 53, 52, 51, 60, 69, 70, 71]
[00:00:00:18:344] ! Bidirectional. expansions: 3,356, time: 17,807 [ms], path length: 33 [edges], g_F: 18, g_B: 15, generated: 5,889, MM: 3, MMPER: 7.8235294117647065%
[00:00:00:18:344] 
---------- SM_Grids/8x9_grid_with_random_blocks_16per_5 ----------
[00:00:00:03:475] Path of length 31 found: [0, 9, 18, 19, 20, 11, 12, 13, 22, 23, 24, 15, 6, 7, 8, 17, 26, 35, 34, 43, 42, 41, 40, 39, 48, 57, 66, 67, 68, 69, 70, 71]
[00:00:00:03:476] ! Unidirectional s-t. expansions: 429, time: 3,475 [ms], path length: 31 [edges], generated: 1,807
[00:00:00:02:714] Path of length 31 found: [71, 70, 69, 68, 67, 66, 57, 48, 49, 50, 51, 42, 43, 34, 35, 26, 17, 8, 7, 6, 15, 24, 23, 32, 31, 30, 21, 12, 11, 10, 9, 0]
[00:00:00:02:715] ! Unidirectional t-s. expansions: 315, time: 2,714 [ms], path length: 31 [edges], generated: 1,492
[00:00:00:00:602] Expansion 97: New longest path found with length 15: [0, 9, 18, 19, 28, 37, 38, 39, 48, 57, 58, 67, 68, 69, 70, 71]. g_current=6, g_opposite=9, f_max=38, generated=170
[00:00:00:00:643] Expansion 103: New longest path found with length 23: [0, 9, 10, 11, 12, 13, 22, 23, 24, 15, 6, 7, 8, 17, 26, 35, 34, 43, 42, 51, 60, 69, 70, 71]. g_current=5, g_opposite=18, f_max=38, generated=183
[00:00:00:00:947] Expansion 161: New longest path found with length 27: [0, 9, 18, 19, 28, 37, 38, 39, 30, 31, 32, 23, 24, 15, 6, 7, 8, 17, 26, 35, 34, 43, 42, 51, 60, 69, 70, 71]. g_current=8, g_opposite=19, f_max=37, generated=288
[00:00:00:01:710] Expansion 304: New longest path found with length 31: [0, 9, 18, 19, 28, 37, 38, 39, 30, 21, 22, 23, 24, 15, 6, 7, 8, 17, 26, 35, 34, 43, 42, 51, 50, 49, 58, 67, 68, 69, 70, 71]. g_current=11, g_opposite=20, f_max=35, generated=534
[00:00:00:04:322] Path of length 31 found: [0, 9, 18, 19, 28, 37, 38, 39, 30, 21, 22, 23, 24, 15, 6, 7, 8, 17, 26, 35, 34, 43, 42, 51, 50, 49, 58, 67, 68, 69, 70, 71]
[00:00:00:04:850] ! Bidirectional. expansions: 769, time: 4,322 [ms], path length: 31 [edges], g_F: 11, g_B: 20, generated: 1,389, MM: 9, MMPER: 27.125%
[00:00:00:04:850] 
---------- SM_Grids/8x9_grid_with_random_blocks_16per_6 ----------
[00:00:00:05:717] Path of length 25 found: [0, 1, 2, 11, 20, 19, 18, 27, 36, 45, 54, 63, 64, 65, 56, 57, 58, 49, 40, 41, 42, 51, 60, 61, 62, 71]
[00:00:00:05:717] ! Unidirectional s-t. expansions: 477, time: 5,717 [ms], path length: 25 [edges], generated: 3,007
[00:00:00:02:209] Path of length 25 found: [71, 62, 53, 52, 51, 42, 41, 40, 49, 58, 67, 66, 65, 64, 63, 54, 45, 36, 27, 18, 19, 20, 11, 2, 1, 0]
[00:00:00:02:210] ! Unidirectional t-s. expansions: 299, time: 2,209 [ms], path length: 25 [edges], generated: 1,247
[00:00:00:00:546] Expansion 85: New longest path found with length 25: [0, 1, 2, 11, 20, 19, 18, 27, 36, 45, 54, 63, 64, 65, 56, 57, 58, 67, 68, 69, 60, 51, 52, 53, 62, 71]. g_current=15, g_opposite=10, f_max=33, generated=152
[00:00:00:04:570] Path of length 25 found: [0, 1, 2, 11, 20, 19, 18, 27, 36, 45, 54, 63, 64, 65, 56, 57, 58, 67, 68, 69, 60, 51, 52, 53, 62, 71]
[00:00:00:05:106] ! Bidirectional. expansions: 747, time: 4,570 [ms], path length: 25 [edges], g_F: 15, g_B: 10, generated: 1,433, MM: 5, MMPER: 18.23076923076923%
[00:00:00:05:106] 
---------- SM_Grids/8x9_grid_with_random_blocks_16per_7 ----------
[00:00:00:01:852] Path of length 37 found: [0, 1, 10, 19, 18, 27, 36, 45, 46, 47, 56, 57, 58, 67, 68, 69, 60, 51, 50, 41, 32, 31, 22, 21, 12, 3, 4, 5, 14, 15, 24, 25, 34, 43, 44, 53, 62, 71]
[00:00:00:01:852] ! Unidirectional s-t. expansions: 202, time: 1,852 [ms], path length: 37 [edges], generated: 926
[00:00:00:01:302] Path of length 37 found: [71, 62, 53, 44, 43, 34, 25, 24, 15, 6, 5, 4, 3, 12, 21, 22, 31, 32, 41, 50, 51, 60, 69, 68, 67, 58, 57, 48, 39, 38, 37, 36, 27, 18, 19, 10, 1, 0]
[00:00:00:01:303] ! Unidirectional t-s. expansions: 138, time: 1,302 [ms], path length: 37 [edges], generated: 617
[00:00:00:00:356] Expansion 50: New longest path found with length 19: [0, 1, 10, 19, 20, 21, 12, 3, 4, 5, 6, 15, 24, 25, 34, 43, 44, 53, 62, 71]. g_current=14, g_opposite=5, f_max=40, generated=86
[00:00:00:00:427] Expansion 64: New longest path found with length 27: [0, 1, 10, 19, 18, 27, 36, 45, 46, 47, 38, 29, 30, 21, 12, 3, 4, 5, 6, 15, 24, 25, 34, 43, 44, 53, 62, 71]. g_current=12, g_opposite=15, f_max=40, generated=109
[00:00:00:01:397] Expansion 243: New longest path found with length 35: [0, 9, 18, 27, 36, 45, 46, 47, 56, 57, 58, 67, 68, 69, 60, 51, 50, 41, 32, 31, 22, 21, 12, 3, 4, 5, 6, 15, 24, 25, 34, 43, 44, 53, 62, 71]. g_current=20, g_opposite=15, f_max=39, generated=418
[00:00:00:03:465] Expansion 646: New longest path found with length 37: [0, 1, 10, 19, 18, 27, 36, 45, 46, 47, 56, 57, 58, 67, 68, 69, 60, 51, 50, 41, 32, 31, 22, 21, 12, 3, 4, 5, 6, 15, 24, 25, 34, 43, 44, 53, 62, 71]. g_current=17, g_opposite=20, f_max=37, generated=1,132
[00:00:00:03:628] Path of length 37 found: [0, 1, 10, 19, 18, 27, 36, 45, 46, 47, 56, 57, 58, 67, 68, 69, 60, 51, 50, 41, 32, 31, 22, 21, 12, 3, 4, 5, 6, 15, 24, 25, 34, 43, 44, 53, 62, 71]
[00:00:00:04:149] ! Bidirectional. expansions: 646, time: 3,628 [ms], path length: 37 [edges], g_F: 17, g_B: 20, generated: 1,132, MM: 3, MMPER: 6.894736842105263%
[00:00:00:04:149] 
---------- SM_Grids/8x9_grid_with_random_blocks_16per_8 ----------
[00:00:00:04:821] Path of length 35 found: [0, 9, 18, 27, 36, 45, 54, 63, 64, 65, 66, 67, 68, 59, 50, 49, 48, 39, 38, 29, 20, 11, 12, 13, 22, 23, 24, 25, 26, 35, 44, 43, 52, 61, 62, 71]
[00:00:00:04:823] ! Unidirectional s-t. expansions: 572, time: 4,822 [ms], path length: 35 [edges], generated: 2,682
[00:00:00:08:095] Path of length 35 found: [71, 62, 61, 52, 43, 44, 35, 26, 25, 24, 23, 22, 13, 12, 11, 20, 29, 38, 39, 48, 49, 50, 59, 68, 67, 66, 65, 56, 55, 54, 45, 36, 27, 18, 9, 0]
[00:00:00:08:096] ! Unidirectional t-s. expansions: 1,084, time: 8,095 [ms], path length: 35 [edges], generated: 5,030
[00:00:00:00:491] Expansion 72: New longest path found with length 27: [0, 9, 18, 27, 36, 45, 54, 63, 64, 65, 66, 67, 68, 59, 50, 41, 32, 23, 24, 25, 26, 35, 44, 43, 52, 61, 62, 71]. g_current=13, g_opposite=14, f_max=41, generated=126
[00:00:00:00:981] Expansion 161: New longest path found with length 29: [0, 9, 18, 19, 28, 37, 36, 45, 54, 63, 64, 65, 66, 67, 58, 59, 50, 41, 32, 23, 24, 25, 26, 35, 44, 43, 52, 61, 62, 71]. g_current=9, g_opposite=20, f_max=40, generated=289
[00:00:00:01:496] Expansion 237: New longest path found with length 31: [0, 9, 18, 27, 36, 45, 54, 63, 64, 65, 66, 67, 68, 59, 50, 49, 48, 39, 30, 31, 32, 23, 24, 25, 26, 35, 44, 43, 52, 61, 62, 71]. g_current=17, g_opposite=14, f_max=39, generated=431
[00:00:00:01:509] Expansion 241: New longest path found with length 33: [0, 9, 18, 27, 36, 45, 54, 63, 64, 65, 66, 67, 68, 59, 50, 49, 48, 47, 38, 29, 30, 31, 32, 23, 24, 25, 26, 35, 44, 43, 52, 61, 62, 71]. g_current=19, g_opposite=14, f_max=39, generated=436
[00:00:00:03:593] Expansion 672: New longest path found with length 35: [0, 9, 18, 27, 36, 45, 54, 63, 64, 65, 66, 67, 68, 59, 50, 49, 48, 39, 38, 29, 20, 11, 12, 13, 22, 23, 24, 25, 26, 35, 44, 43, 52, 61, 62, 71]. g_current=16, g_opposite=19, f_max=37, generated=1,166
[00:00:00:12:831] Path of length 35 found: [0, 9, 18, 27, 36, 45, 54, 63, 64, 65, 66, 67, 68, 59, 50, 49, 48, 39, 38, 29, 20, 11, 12, 13, 22, 23, 24, 25, 26, 35, 44, 43, 52, 61, 62, 71]
[00:00:00:13:358] ! Bidirectional. expansions: 2,388, time: 12,831 [ms], path length: 35 [edges], g_F: 19, g_B: 16, generated: 4,203, MM: 3, MMPER: 7.333333333333334%
[00:00:00:13:358] 
---------- SM_Grids/8x9_grid_with_random_blocks_16per_9 ----------
[00:00:00:03:707] Path of length 35 found: [0, 1, 10, 19, 18, 27, 36, 45, 46, 47, 48, 57, 58, 59, 50, 41, 40, 31, 22, 21, 12, 3, 4, 5, 14, 15, 24, 33, 34, 35, 44, 53, 52, 61, 70, 71]
[00:00:00:03:707] ! Unidirectional s-t. expansions: 355, time: 3,707 [ms], path length: 35 [edges], generated: 1,937
[00:00:00:06:602] Path of length 35 found: [71, 70, 61, 52, 43, 44, 35, 26, 25, 24, 15, 6, 5, 4, 3, 12, 21, 22, 31, 32, 41, 50, 59, 58, 57, 48, 39, 38, 37, 36, 27, 18, 19, 10, 1, 0]
[00:00:00:06:603] ! Unidirectional t-s. expansions: 838, time: 6,602 [ms], path length: 35 [edges], generated: 3,811
[00:00:00:00:594] Expansion 97: New longest path found with length 17: [0, 1, 2, 3, 12, 21, 22, 23, 24, 25, 26, 35, 44, 43, 52, 61, 70, 71]. g_current=9, g_opposite=8, f_max=40, generated=166
[00:00:00:00:931] Expansion 147: New longest path found with length 19: [0, 1, 10, 19, 18, 27, 36, 45, 46, 47, 48, 57, 58, 59, 60, 51, 52, 53, 62, 71]. g_current=9, g_opposite=10, f_max=40, generated=268
[00:00:00:01:664] Expansion 285: New longest path found with length 21: [0, 1, 2, 3, 4, 5, 6, 15, 24, 33, 32, 41, 40, 49, 58, 59, 60, 51, 52, 53, 62, 71]. g_current=12, g_opposite=9, f_max=39, generated=485
[00:00:00:02:209] Expansion 397: New longest path found with length 31: [0, 1, 10, 19, 18, 27, 36, 45, 46, 47, 38, 39, 40, 31, 22, 21, 12, 3, 4, 5, 6, 15, 24, 25, 26, 35, 44, 43, 52, 61, 70, 71]. g_current=12, g_opposite=19, f_max=39, generated=667
[00:00:00:05:046] Expansion 962: New longest path found with length 33: [0, 1, 10, 19, 18, 27, 36, 45, 46, 47, 48, 57, 58, 59, 50, 41, 32, 31, 22, 21, 12, 3, 4, 5, 6, 15, 24, 25, 26, 35, 44, 53, 62, 71]. g_current=14, g_opposite=19, f_max=37, generated=1,627
[00:00:00:07:000] Expansion 1,377: New longest path found with length 35: [0, 1, 10, 19, 18, 27, 36, 45, 46, 47, 48, 57, 58, 59, 50, 41, 32, 31, 22, 21, 12, 3, 4, 5, 6, 15, 24, 25, 26, 35, 44, 43, 52, 61, 70, 71]. g_current=15, g_opposite=20, f_max=36, generated=2,322
[00:00:00:07:351] Path of length 35 found: [0, 1, 10, 19, 18, 27, 36, 45, 46, 47, 48, 57, 58, 59, 50, 41, 32, 31, 22, 21, 12, 3, 4, 5, 6, 15, 24, 25, 26, 35, 44, 43, 52, 61, 70, 71]
[00:00:00:07:886] ! Bidirectional. expansions: 1,377, time: 7,351 [ms], path length: 35 [edges], g_F: 15, g_B: 20, generated: 2,322, MM: 5, MMPER: 12.88888888888889%

[00:00:00:07:887] average expansions: (849, 898, 1,917, 0)
[00:00:00:07:887] average time: (6,998, 7,056, 10,458, 0)
[00:00:00:07:887] XA*: 849 , 6,998 (expansions , time[ms])
[00:00:00:07:887] XMM: 1,917 , 10,458 (expansions , time[ms])

