------------------------------------
Thu 01 Oct 2026 11:13:59 IDT
SLURM_JOBID:		21943039
SLURM_JOB_NODELIST:	ise-cpu256-29
SLURM_SCRATCH_DIR:	/scratch/shubit/21943039
Allocated Resouces:	cpu - 2 / mem - 61440 MB / gpu - 
SLURM_GPU_INDEX:	
Running as shubit from shimony account with normal QOS
------------------------------------
Thu 01 Oct 2026 11:14:00 IDT

SLURM_JOBID:		 21943039
SLURM_JOB_NODELIST:	 ise-cpu256-29 

--------------------------
date: SM_Grids
number_of_graphs: 10
graph_type: grid
size_of_graphs: [8, 8]
heuristic: bcc_heuristic
snake: True
run_uni: True
run_bi: True
run_multi: False
solution_vertices: []
algorithms: ['A']
lookahead: 3
bsd: False
cube_first_dims: 4
cube_buffer_dim: None
backward_sym_generation: False
sym_coil: False
prefix_set: None

---------- SM_Grids/8x8_grid_with_random_blocks_20per_0 ----------
[00:00:00:00:718] Path of length 20 found: [0, 1, 2, 3, 4, 5, 6, 14, 15, 23, 31, 39, 38, 37, 36, 44, 52, 53, 61, 62, 63]
[00:00:00:00:718] ! Unidirectional s-t. expansions: 81, time: 718 [ms], path length: 20 [edges], generated: 634
[00:00:00:02:425] Path of length 20 found: [63, 62, 61, 53, 52, 44, 36, 37, 38, 30, 31, 23, 15, 7, 6, 5, 4, 3, 2, 1, 0]
[00:00:00:02:426] ! Unidirectional t-s. expansions: 919, time: 2,426 [ms], path length: 20 [edges], generated: 2,787
[00:00:00:00:510] Path of length 20 found: [0, 1, 2, 3, 4, 5, 6, 7, 15, 23, 22, 21, 20, 28, 36, 44, 52, 53, 61, 62, 63]
[00:00:00:01:067] ! Bidirectional. expansions: 85, time: 510 [ms], path length: 20 [edges], g_F: 10, g_B: 10, generated: 0, MM: 0, MMPER: -1.0%
[00:00:00:01:067] 
---------- SM_Grids/8x8_grid_with_random_blocks_20per_1 ----------
[00:00:00:00:378] Path of length 24 found: [0, 1, 2, 10, 18, 17, 25, 33, 41, 49, 50, 51, 43, 35, 27, 28, 29, 30, 31, 39, 47, 46, 54, 62, 63]
[00:00:00:00:378] ! Unidirectional s-t. expansions: 24, time: 378 [ms], path length: 24 [edges], generated: 256
[00:00:00:01:011] Path of length 24 found: [63, 62, 54, 46, 47, 39, 31, 30, 29, 21, 20, 19, 27, 35, 43, 51, 50, 49, 41, 33, 25, 24, 16, 8, 0]
[00:00:00:01:011] ! Unidirectional t-s. expansions: 73, time: 1,011 [ms], path length: 24 [edges], generated: 878
[00:00:00:04:592] Path of length 24 found: [0, 1, 2, 10, 18, 17, 25, 33, 41, 49, 50, 51, 43, 35, 27, 28, 29, 30, 31, 39, 47, 46, 54, 62, 63]
[00:00:00:05:057] ! Bidirectional. expansions: 198, time: 4,592 [ms], path length: 24 [edges], g_F: 10, g_B: 14, generated: 0, MM: 4, MMPER: 15.0%
[00:00:00:05:057] 
---------- SM_Grids/8x8_grid_with_random_blocks_20per_2 ----------
[00:00:00:01:012] Path of length 34 found: [0, 8, 16, 17, 18, 19, 20, 12, 4, 5, 6, 14, 15, 23, 31, 39, 47, 46, 45, 37, 36, 35, 34, 33, 41, 40, 48, 56, 57, 58, 59, 60, 61, 62, 63]
[00:00:00:01:012] ! Unidirectional s-t. expansions: 100, time: 1,012 [ms], path length: 34 [edges], generated: 780
[00:00:00:00:474] Path of length 34 found: [63, 62, 61, 60, 59, 58, 57, 56, 48, 40, 41, 33, 34, 26, 18, 19, 20, 28, 36, 37, 45, 46, 47, 39, 31, 23, 15, 14, 6, 5, 4, 3, 2, 1, 0]
[00:00:00:00:474] ! Unidirectional t-s. expansions: 56, time: 474 [ms], path length: 34 [edges], generated: 383
[00:00:00:00:917] Path of length 34 found: [0, 8, 16, 17, 18, 19, 20, 12, 4, 5, 6, 14, 15, 23, 31, 39, 47, 46, 45, 37, 36, 35, 34, 33, 41, 40, 48, 56, 57, 58, 59, 60, 61, 62, 63]
[00:00:00:01:377] ! Bidirectional. expansions: 66, time: 918 [ms], path length: 34 [edges], g_F: 18, g_B: 16, generated: 0, MM: 2, MMPER: 4.714285714285714%
[00:00:00:01:377] 
---------- SM_Grids/8x8_grid_with_random_blocks_20per_3 ----------
[00:00:00:00:333] Path of length 32 found: [0, 1, 9, 17, 16, 24, 32, 40, 41, 49, 50, 51, 43, 35, 27, 19, 11, 3, 4, 5, 6, 7, 15, 23, 22, 30, 29, 37, 45, 53, 61, 62, 63]
[00:00:00:00:333] ! Unidirectional s-t. expansions: 51, time: 333 [ms], path length: 32 [edges], generated: 278
[00:00:00:01:555] Path of length 32 found: [63, 62, 61, 53, 45, 37, 29, 30, 22, 23, 15, 7, 6, 5, 4, 3, 11, 19, 18, 26, 34, 35, 43, 51, 50, 49, 41, 40, 32, 24, 16, 8, 0]
[00:00:00:01:556] ! Unidirectional t-s. expansions: 288, time: 1,555 [ms], path length: 32 [edges], generated: 1,812
[00:00:00:00:865] Path of length 32 found: [0, 1, 9, 17, 16, 24, 32, 40, 41, 49, 50, 51, 43, 35, 27, 19, 11, 3, 4, 5, 6, 7, 15, 23, 22, 30, 29, 37, 45, 53, 61, 62, 63]
[00:00:00:01:341] ! Bidirectional. expansions: 167, time: 866 [ms], path length: 32 [edges], g_F: 16, g_B: 16, generated: 0, MM: 0, MMPER: -1.0%
[00:00:00:01:342] 
---------- SM_Grids/8x8_grid_with_random_blocks_20per_4 ----------
[00:00:00:00:423] Path of length 36 found: [0, 8, 9, 10, 2, 3, 4, 5, 6, 7, 15, 23, 22, 21, 20, 19, 27, 26, 25, 24, 32, 40, 48, 49, 57, 58, 59, 51, 43, 44, 36, 37, 38, 46, 54, 62, 63]
[00:00:00:00:424] ! Unidirectional s-t. expansions: 29, time: 423 [ms], path length: 36 [edges], generated: 276
[00:00:00:00:919] Path of length 36 found: [63, 55, 54, 46, 38, 37, 36, 44, 43, 51, 59, 58, 57, 49, 48, 40, 32, 33, 34, 26, 27, 19, 20, 21, 22, 23, 15, 7, 6, 5, 4, 3, 2, 10, 9, 8, 0]
[00:00:00:00:919] ! Unidirectional t-s. expansions: 101, time: 919 [ms], path length: 36 [edges], generated: 847
[00:00:00:01:690] Path of length 36 found: [0, 8, 9, 10, 2, 3, 4, 5, 6, 7, 15, 23, 22, 21, 20, 19, 27, 26, 25, 24, 32, 40, 41, 49, 57, 58, 59, 51, 43, 44, 36, 37, 38, 46, 54, 55, 63]
[00:00:00:02:160] ! Bidirectional. expansions: 100, time: 1,690 [ms], path length: 36 [edges], g_F: 20, g_B: 16, generated: 0, MM: 4, MMPER: 9.81081081081081%
[00:00:00:02:160] 
---------- SM_Grids/8x8_grid_with_random_blocks_20per_5 ----------
[00:00:00:01:340] Path of length 32 found: [0, 8, 9, 17, 18, 26, 34, 33, 32, 40, 48, 49, 57, 58, 59, 51, 52, 53, 45, 37, 29, 28, 20, 12, 13, 14, 22, 23, 31, 39, 47, 55, 63]
[00:00:00:01:340] ! Unidirectional s-t. expansions: 116, time: 1,340 [ms], path length: 32 [edges], generated: 981
[00:00:00:02:318] Path of length 32 found: [63, 62, 61, 53, 45, 46, 38, 39, 31, 23, 15, 14, 13, 12, 20, 28, 36, 35, 43, 51, 59, 58, 57, 49, 48, 40, 32, 24, 16, 17, 9, 1, 0]
[00:00:00:02:319] ! Unidirectional t-s. expansions: 350, time: 2,318 [ms], path length: 32 [edges], generated: 2,299
[00:00:00:06:743] Path of length 32 found: [0, 1, 9, 17, 16, 24, 32, 40, 48, 49, 57, 58, 59, 51, 43, 35, 36, 28, 20, 12, 13, 14, 15, 23, 31, 39, 38, 46, 45, 53, 61, 62, 63]
[00:00:00:07:232] ! Bidirectional. expansions: 384, time: 6,744 [ms], path length: 32 [edges], g_F: 15, g_B: 17, generated: 0, MM: 2, MMPER: 5.0606060606060606%
[00:00:00:07:233] 
---------- SM_Grids/8x8_grid_with_random_blocks_20per_6 ----------
[00:00:00:02:853] Path of length 30 found: [0, 8, 16, 17, 18, 26, 27, 28, 20, 12, 4, 5, 6, 14, 15, 23, 31, 39, 38, 37, 45, 44, 43, 42, 50, 58, 59, 60, 61, 62, 63]
[00:00:00:02:854] ! Unidirectional s-t. expansions: 332, time: 2,853 [ms], path length: 30 [edges], generated: 2,731
[00:00:00:00:531] Path of length 30 found: [63, 55, 54, 53, 61, 60, 59, 58, 50, 42, 43, 44, 36, 37, 38, 39, 31, 23, 15, 14, 6, 5, 4, 12, 20, 19, 18, 10, 9, 1, 0]
[00:00:00:00:531] ! Unidirectional t-s. expansions: 45, time: 531 [ms], path length: 30 [edges], generated: 413
[00:00:00:07:447] Path of length 30 found: [0, 8, 9, 17, 18, 19, 11, 12, 4, 5, 6, 14, 15, 23, 31, 39, 38, 37, 36, 44, 43, 42, 50, 58, 59, 60, 61, 53, 54, 55, 63]
[00:00:00:07:914] ! Bidirectional. expansions: 306, time: 7,447 [ms], path length: 30 [edges], g_F: 17, g_B: 13, generated: 0, MM: 4, MMPER: 11.903225806451612%
[00:00:00:07:915] 
---------- SM_Grids/8x8_grid_with_random_blocks_20per_7 ----------
[00:00:00:01:152] Path of length 28 found: [0, 1, 9, 17, 16, 24, 32, 40, 41, 42, 34, 35, 36, 28, 20, 19, 11, 3, 4, 5, 6, 14, 15, 23, 31, 39, 47, 55, 63]
[00:00:00:01:153] ! Unidirectional s-t. expansions: 115, time: 1,153 [ms], path length: 28 [edges], generated: 937
[00:00:00:00:292] Path of length 28 found: [63, 55, 47, 39, 31, 23, 15, 7, 6, 5, 4, 3, 11, 19, 20, 28, 36, 35, 43, 42, 41, 33, 32, 24, 16, 17, 9, 1, 0]
[00:00:00:00:293] ! Unidirectional t-s. expansions: 31, time: 292 [ms], path length: 28 [edges], generated: 250
[00:00:00:01:097] Path of length 28 found: [0, 1, 9, 17, 16, 24, 32, 40, 41, 42, 34, 35, 36, 28, 20, 19, 11, 3, 4, 5, 6, 7, 15, 23, 31, 39, 47, 55, 63]
[00:00:00:01:568] ! Bidirectional. expansions: 64, time: 1,097 [ms], path length: 28 [edges], g_F: 16, g_B: 12, generated: 0, MM: 4, MMPER: 12.793103448275861%
[00:00:00:01:568] 
---------- SM_Grids/8x8_grid_with_random_blocks_20per_8 ----------
[00:00:00:00:636] Path of length 24 found: [0, 8, 9, 10, 2, 3, 4, 5, 6, 7, 15, 23, 22, 21, 20, 19, 27, 35, 36, 44, 52, 60, 61, 62, 63]
[00:00:00:00:636] ! Unidirectional s-t. expansions: 68, time: 636 [ms], path length: 24 [edges], generated: 525
[00:00:00:01:326] Path of length 24 found: [63, 55, 47, 46, 45, 44, 36, 35, 27, 19, 20, 21, 22, 23, 15, 7, 6, 5, 4, 3, 2, 10, 9, 8, 0]
[00:00:00:01:326] ! Unidirectional t-s. expansions: 200, time: 1,326 [ms], path length: 24 [edges], generated: 1,237
[00:00:00:00:470] Path of length 24 found: [0, 8, 9, 10, 2, 3, 4, 5, 6, 7, 15, 23, 22, 21, 20, 19, 27, 35, 36, 44, 52, 53, 61, 62, 63]
[00:00:00:00:933] ! Bidirectional. expansions: 24, time: 470 [ms], path length: 24 [edges], g_F: 12, g_B: 12, generated: 0, MM: 0, MMPER: -1.0%
[00:00:00:00:934] 
---------- SM_Grids/8x8_grid_with_random_blocks_20per_9 ----------
[00:00:00:01:390] Path of length 22 found: [0, 8, 9, 17, 18, 26, 34, 35, 36, 28, 29, 21, 13, 5, 6, 7, 15, 23, 31, 39, 47, 55, 63]
[00:00:00:01:391] ! Unidirectional s-t. expansions: 152, time: 1,390 [ms], path length: 22 [edges], generated: 1,166
[00:00:00:00:204] Path of length 22 found: [63, 55, 47, 39, 31, 23, 15, 7, 6, 5, 13, 21, 29, 28, 36, 35, 34, 26, 18, 10, 2, 1, 0]
[00:00:00:00:204] ! Unidirectional t-s. expansions: 19, time: 204 [ms], path length: 22 [edges], generated: 148
[00:00:00:02:348] Path of length 22 found: [0, 8, 9, 17, 18, 26, 34, 35, 36, 28, 29, 21, 13, 5, 6, 7, 15, 23, 31, 39, 47, 55, 63]
[00:00:00:02:822] ! Bidirectional. expansions: 199, time: 2,348 [ms], path length: 22 [edges], g_F: 11, g_B: 11, generated: 0, MM: 0, MMPER: -1.0%

[00:00:00:02:822] average expansions: (107, 208, 159, 0)
[00:00:00:02:822] average time: (1,024, 1,106, 2,668, 0)
[00:00:00:02:822] XA*: 107 , 1,024 (expansions , time[ms])
[00:00:00:02:822] BiXA*: 159 , 2,668 (expansions , time[ms])

