------------------------------------
Thu 01 Oct 2026 14:34:55 IDT
SLURM_JOBID:		21950263
SLURM_JOB_NODELIST:	ise-cpu256-01
SLURM_SCRATCH_DIR:	/scratch/shubit/21950263
Allocated Resouces:	cpu - 2 / mem - 61440 MB / gpu - 
SLURM_GPU_INDEX:	
Running as shubit from shimony account with normal QOS
------------------------------------
Thu 01 Oct 2026 14:34:55 IDT

SLURM_JOBID:		 21950263
SLURM_JOB_NODELIST:	 ise-cpu256-01 

--------------------------
date: SM_Grids
number_of_graphs: 10
graph_type: grid
size_of_graphs: [8, 8]
heuristic: bcc_heuristic
snake: True
run_uni: True
run_bi: True
run_multi: False
solution_vertices: []
algorithms: ['DFBnB']
lookahead: 3
bsd: False
cube_first_dims: 4
cube_buffer_dim: None
backward_sym_generation: False
sym_coil: False
prefix_set: None

---------- SM_Grids/8x8_grid_with_random_blocks_12per_0 ----------
[00:00:00:01:980] Path of length 36 found: [0, 8, 16, 24, 25, 33, 41, 40, 48, 56, 57, 58, 50, 51, 52, 53, 45, 37, 36, 28, 27, 19, 18, 10, 2, 3, 4, 12, 13, 21, 22, 30, 31, 39, 47, 55, 63]
[00:00:00:01:980] ! Unidirectional s-t. expansions: 185, time: 1,980 [ms], path length: 36 [edges], generated: 1,447
[00:00:00:01:098] Path of length 36 found: [63, 55, 47, 39, 31, 30, 22, 14, 13, 12, 4, 3, 2, 10, 18, 19, 27, 28, 36, 37, 45, 53, 61, 60, 59, 58, 57, 56, 48, 40, 41, 33, 25, 24, 16, 8, 0]
[00:00:00:01:098] ! Unidirectional t-s. expansions: 92, time: 1,098 [ms], path length: 36 [edges], generated: 905
[00:00:00:02:657] Path of length 36 found: [0, 8, 16, 24, 25, 33, 41, 40, 48, 56, 57, 58, 50, 51, 52, 53, 45, 37, 36, 35, 27, 19, 18, 10, 2, 3, 4, 12, 13, 14, 22, 30, 31, 39, 47, 55, 63]
[00:00:00:03:246] ! Bidirectional. expansions: 103, time: 2,657 [ms], path length: 36 [edges], g_F: 16, g_B: 20, generated: 0, MM: 4, MMPER: 9.81081081081081%
[00:00:00:03:247] 
---------- SM_Grids/8x8_grid_with_random_blocks_12per_1 ----------
[00:00:00:06:040] Path of length 32 found: [0, 8, 9, 10, 2, 3, 4, 5, 6, 14, 22, 21, 20, 19, 27, 26, 25, 33, 41, 49, 50, 58, 59, 60, 61, 53, 45, 37, 38, 39, 47, 55, 63]
[00:00:00:06:041] ! Unidirectional s-t. expansions: 583, time: 6,040 [ms], path length: 32 [edges], generated: 5,234
[00:00:00:09:556] Path of length 32 found: [63, 55, 47, 39, 38, 37, 36, 44, 52, 60, 59, 58, 50, 42, 41, 33, 25, 26, 27, 19, 20, 21, 22, 14, 6, 5, 4, 3, 2, 10, 9, 8, 0]
[00:00:00:09:556] ! Unidirectional t-s. expansions: 908, time: 9,556 [ms], path length: 32 [edges], generated: 8,584
[00:00:00:26:067] Path of length 32 found: [0, 8, 9, 10, 2, 3, 4, 5, 6, 14, 22, 21, 20, 19, 27, 26, 25, 33, 41, 49, 50, 58, 59, 60, 52, 44, 36, 37, 38, 46, 54, 62, 63]
[00:00:00:26:556] ! Bidirectional. expansions: 1,173, time: 26,067 [ms], path length: 32 [edges], g_F: 16, g_B: 16, generated: 0, MM: 0, MMPER: -1.0%
[00:00:00:26:557] 
---------- SM_Grids/8x8_grid_with_random_blocks_12per_2 ----------
[00:00:00:02:153] Path of length 34 found: [0, 1, 2, 3, 4, 12, 13, 14, 15, 23, 31, 30, 29, 28, 27, 19, 18, 17, 16, 24, 32, 33, 34, 42, 50, 58, 59, 60, 52, 44, 45, 46, 54, 62, 63]
[00:00:00:02:155] ! Unidirectional s-t. expansions: 161, time: 2,153 [ms], path length: 34 [edges], generated: 1,519
[00:00:00:02:967] Path of length 34 found: [63, 55, 47, 46, 38, 30, 31, 23, 15, 14, 13, 5, 4, 3, 2, 10, 18, 19, 27, 28, 36, 44, 52, 60, 59, 58, 50, 42, 34, 33, 25, 24, 16, 8, 0]
[00:00:00:02:967] ! Unidirectional t-s. expansions: 224, time: 2,967 [ms], path length: 34 [edges], generated: 2,220
[00:00:00:09:346] Path of length 34 found: [0, 1, 2, 3, 4, 5, 13, 14, 15, 23, 31, 30, 38, 46, 45, 44, 36, 28, 20, 19, 18, 17, 16, 24, 32, 33, 34, 42, 50, 58, 59, 60, 61, 62, 63]
[00:00:00:09:833] ! Bidirectional. expansions: 319, time: 9,346 [ms], path length: 34 [edges], g_F: 21, g_B: 13, generated: 0, MM: 8, MMPER: 21.857142857142858%
[00:00:00:09:833] 
---------- SM_Grids/8x8_grid_with_random_blocks_12per_3 ----------
[00:00:00:19:712] Path of length 34 found: [0, 1, 2, 3, 4, 12, 13, 14, 15, 23, 31, 30, 29, 37, 45, 44, 43, 35, 27, 19, 18, 17, 16, 24, 32, 33, 41, 49, 57, 58, 59, 60, 61, 62, 63]
[00:00:00:19:712] ! Unidirectional s-t. expansions: 2,437, time: 19,712 [ms], path length: 34 [edges], generated: 18,975
[00:00:00:20:767] Path of length 34 found: [63, 62, 61, 60, 52, 51, 50, 49, 41, 33, 32, 24, 16, 17, 18, 26, 27, 35, 36, 37, 45, 46, 47, 39, 31, 23, 15, 7, 6, 5, 4, 3, 2, 1, 0]
[00:00:00:20:769] ! Unidirectional t-s. expansions: 2,961, time: 20,767 [ms], path length: 34 [edges], generated: 21,436
[00:00:00:26:624] Path of length 34 found: [0, 1, 9, 17, 16, 24, 32, 33, 41, 49, 57, 58, 59, 51, 52, 44, 36, 35, 27, 19, 20, 12, 4, 5, 6, 14, 22, 30, 31, 39, 47, 46, 54, 62, 63]
[00:00:00:27:212] ! Bidirectional. expansions: 1,625, time: 26,624 [ms], path length: 34 [edges], g_F: 19, g_B: 15, generated: 0, MM: 4, MMPER: 10.428571428571429%
[00:00:00:27:212] 
---------- SM_Grids/8x8_grid_with_random_blocks_12per_4 ----------
[00:00:00:08:512] Path of length 34 found: [0, 8, 16, 24, 25, 26, 18, 10, 11, 12, 4, 5, 6, 14, 22, 23, 31, 39, 38, 37, 36, 35, 43, 42, 41, 49, 57, 58, 59, 60, 52, 53, 54, 62, 63]
[00:00:00:08:513] ! Unidirectional s-t. expansions: 655, time: 8,513 [ms], path length: 34 [edges], generated: 6,163
[00:00:00:15:567] Path of length 34 found: [63, 55, 54, 53, 61, 60, 59, 58, 57, 49, 41, 42, 34, 35, 27, 28, 29, 37, 38, 39, 31, 23, 22, 14, 6, 5, 4, 12, 11, 10, 18, 17, 16, 8, 0]
[00:00:00:15:568] ! Unidirectional t-s. expansions: 1,196, time: 15,567 [ms], path length: 34 [edges], generated: 11,578
[00:00:00:37:689] Path of length 34 found: [0, 8, 16, 24, 25, 26, 18, 10, 11, 12, 4, 5, 6, 14, 22, 23, 31, 39, 38, 37, 36, 35, 43, 42, 41, 49, 57, 58, 59, 60, 61, 53, 54, 55, 63]
[00:00:00:38:171] ! Bidirectional. expansions: 1,245, time: 37,689 [ms], path length: 34 [edges], g_F: 19, g_B: 15, generated: 0, MM: 4, MMPER: 10.428571428571429%
[00:00:00:38:172] 
---------- SM_Grids/8x8_grid_with_random_blocks_12per_5 ----------
[00:00:00:15:840] Path of length 34 found: [0, 1, 2, 3, 4, 5, 13, 14, 15, 23, 31, 39, 47, 46, 45, 37, 29, 28, 20, 19, 18, 17, 16, 24, 32, 40, 41, 42, 50, 58, 59, 60, 61, 62, 63]
[00:00:00:15:840] ! Unidirectional s-t. expansions: 1,251, time: 15,840 [ms], path length: 34 [edges], generated: 12,914
[00:00:00:12:303] Path of length 34 found: [63, 55, 47, 46, 45, 53, 61, 60, 59, 51, 43, 35, 34, 33, 32, 24, 16, 17, 18, 19, 20, 28, 29, 30, 31, 23, 15, 14, 6, 5, 4, 3, 2, 1, 0]
[00:00:00:12:304] ! Unidirectional t-s. expansions: 1,051, time: 12,303 [ms], path length: 34 [edges], generated: 10,244
[00:00:00:23:928] Path of length 34 found: [0, 1, 9, 17, 16, 24, 32, 40, 41, 42, 50, 58, 59, 60, 52, 44, 45, 37, 29, 28, 27, 19, 11, 3, 4, 5, 6, 14, 15, 23, 31, 39, 47, 55, 63]
[00:00:00:24:388] ! Bidirectional. expansions: 969, time: 23,928 [ms], path length: 34 [edges], g_F: 20, g_B: 14, generated: 0, MM: 6, MMPER: 16.142857142857142%
[00:00:00:24:389] 
---------- SM_Grids/8x8_grid_with_random_blocks_12per_6 ----------
[00:00:00:18:748] Path of length 34 found: [0, 8, 9, 10, 2, 3, 4, 5, 6, 7, 15, 23, 22, 21, 20, 19, 27, 26, 25, 24, 32, 40, 48, 49, 50, 42, 43, 44, 36, 37, 38, 46, 54, 62, 63]
[00:00:00:18:748] ! Unidirectional s-t. expansions: 2,725, time: 18,748 [ms], path length: 34 [edges], generated: 16,247
[00:00:00:07:907] Path of length 34 found: [63, 62, 54, 46, 38, 37, 36, 44, 43, 42, 50, 49, 48, 40, 32, 24, 25, 26, 27, 19, 20, 21, 22, 23, 15, 7, 6, 5, 4, 3, 2, 10, 9, 8, 0]
[00:00:00:07:907] ! Unidirectional t-s. expansions: 833, time: 7,907 [ms], path length: 34 [edges], generated: 6,344
[00:00:00:18:916] Path of length 34 found: [0, 8, 9, 10, 2, 3, 4, 5, 6, 7, 15, 23, 22, 21, 20, 19, 27, 26, 25, 24, 32, 40, 48, 49, 50, 42, 43, 44, 36, 37, 38, 46, 54, 62, 63]
[00:00:00:19:397] ! Bidirectional. expansions: 848, time: 18,916 [ms], path length: 34 [edges], g_F: 22, g_B: 12, generated: 0, MM: 10, MMPER: 27.571428571428573%
[00:00:00:19:397] 
---------- SM_Grids/8x8_grid_with_random_blocks_12per_7 ----------
[00:00:00:08:110] Path of length 36 found: [0, 8, 16, 24, 32, 40, 48, 56, 57, 58, 59, 60, 61, 53, 45, 44, 43, 42, 34, 26, 18, 19, 20, 12, 13, 5, 6, 7, 15, 23, 22, 30, 38, 39, 47, 55, 63]
[00:00:00:08:111] ! Unidirectional s-t. expansions: 633, time: 8,110 [ms], path length: 36 [edges], generated: 5,880
[00:00:00:11:897] Path of length 36 found: [63, 55, 47, 39, 38, 30, 22, 23, 15, 7, 6, 5, 13, 12, 20, 19, 27, 26, 34, 42, 43, 44, 45, 53, 61, 60, 59, 58, 57, 49, 48, 40, 32, 24, 16, 8, 0]
[00:00:00:11:897] ! Unidirectional t-s. expansions: 1,262, time: 11,897 [ms], path length: 36 [edges], generated: 9,960
[00:00:00:19:123] Path of length 36 found: [0, 8, 16, 24, 32, 40, 48, 56, 57, 58, 59, 60, 61, 53, 45, 44, 43, 35, 34, 26, 18, 19, 20, 12, 13, 5, 6, 7, 15, 23, 22, 30, 38, 39, 47, 55, 63]
[00:00:00:19:611] ! Bidirectional. expansions: 926, time: 19,123 [ms], path length: 36 [edges], g_F: 21, g_B: 15, generated: 0, MM: 6, MMPER: 15.216216216216218%
[00:00:00:19:611] 
---------- SM_Grids/8x8_grid_with_random_blocks_12per_8 ----------
[00:00:00:06:692] Path of length 36 found: [0, 1, 2, 10, 18, 17, 16, 24, 32, 33, 41, 49, 57, 58, 59, 60, 52, 44, 43, 35, 27, 28, 20, 12, 4, 5, 6, 7, 15, 23, 22, 30, 38, 46, 47, 55, 63]
[00:00:00:06:693] ! Unidirectional s-t. expansions: 459, time: 6,692 [ms], path length: 36 [edges], generated: 4,462
[00:00:00:08:680] Path of length 36 found: [63, 55, 47, 39, 38, 30, 22, 23, 15, 7, 6, 5, 4, 12, 20, 28, 27, 35, 43, 44, 52, 60, 59, 58, 57, 49, 41, 33, 32, 24, 16, 17, 18, 10, 2, 1, 0]
[00:00:00:08:680] ! Unidirectional t-s. expansions: 998, time: 8,680 [ms], path length: 36 [edges], generated: 7,183
[00:00:00:16:387] Path of length 36 found: [0, 8, 16, 24, 25, 33, 41, 49, 57, 58, 59, 60, 52, 44, 43, 35, 27, 19, 18, 10, 2, 3, 4, 5, 6, 7, 15, 23, 22, 21, 29, 37, 38, 39, 47, 55, 63]
[00:00:00:16:870] ! Bidirectional. expansions: 738, time: 16,388 [ms], path length: 36 [edges], g_F: 20, g_B: 16, generated: 0, MM: 4, MMPER: 9.81081081081081%
[00:00:00:16:870] 
---------- SM_Grids/8x8_grid_with_random_blocks_12per_9 ----------
[00:00:00:17:557] Path of length 36 found: [0, 8, 9, 10, 11, 12, 4, 5, 6, 7, 15, 23, 31, 30, 29, 28, 36, 35, 34, 26, 25, 24, 32, 40, 48, 56, 57, 58, 50, 51, 52, 53, 45, 46, 47, 55, 63]
[00:00:00:17:557] ! Unidirectional s-t. expansions: 2,012, time: 17,557 [ms], path length: 36 [edges], generated: 15,279
[00:00:00:16:009] Path of length 36 found: [63, 55, 47, 46, 45, 53, 61, 60, 59, 51, 50, 49, 48, 40, 32, 24, 25, 26, 34, 35, 36, 28, 29, 30, 31, 23, 15, 7, 6, 5, 4, 12, 11, 10, 2, 1, 0]
[00:00:00:16:009] ! Unidirectional t-s. expansions: 1,347, time: 16,009 [ms], path length: 36 [edges], generated: 12,553
[00:00:00:31:106] Path of length 36 found: [0, 8, 9, 10, 11, 12, 4, 5, 6, 7, 15, 23, 31, 30, 29, 28, 36, 35, 34, 26, 25, 24, 32, 40, 48, 49, 50, 51, 59, 60, 61, 53, 45, 46, 47, 55, 63]
[00:00:00:31:591] ! Bidirectional. expansions: 1,792, time: 31,107 [ms], path length: 36 [edges], g_F: 20, g_B: 16, generated: 0, MM: 4, MMPER: 9.81081081081081%

[00:00:00:31:591] average expansions: (1,110, 1,087, 974, 0)
[00:00:00:31:591] average time: (10,534, 10,675, 21,184, 0)
[00:00:00:31:591] XDFBnB: 1,087 , 10,534 (expansions , time[ms])
[00:00:00:31:591] BiXDFBnB: 974 , 21,184 (expansions , time[ms])

