------------------------------------
Thu 01 Oct 2026 17:38:11 IDT
SLURM_JOBID:		21953694
SLURM_JOB_NODELIST:	ise-cpu256-04
SLURM_SCRATCH_DIR:	/scratch/shubit/21953694
Allocated Resouces:	cpu - 2 / mem - 61440 MB / gpu - 
SLURM_GPU_INDEX:	
Running as shubit from shimony account with normal QOS
------------------------------------
Thu 01 Oct 2026 17:38:11 IDT

SLURM_JOBID:		 21953694
SLURM_JOB_NODELIST:	 ise-cpu256-04 

--------------------------
date: SM_Grids
number_of_graphs: 10
graph_type: grid
size_of_graphs: [8, 8]
heuristic: bcc_heuristic
snake: True
run_uni: True
run_bi: True
run_multi: False
solution_vertices: []
algorithms: ['XMM']
lookahead: 4
bsd: False
cube_first_dims: 4
cube_buffer_dim: None
backward_sym_generation: False
sym_coil: False
prefix_set: None

---------- SM_Grids/8x8_grid_with_random_blocks_8per_0 ----------
[00:00:00:23:522] Path of length 36 found: [0, 8, 9, 10, 2, 3, 4, 5, 6, 7, 15, 23, 22, 21, 20, 19, 27, 26, 25, 24, 32, 40, 41, 49, 57, 58, 59, 51, 43, 44, 36, 37, 38, 46, 54, 62, 63]
[00:00:00:23:522] ! Unidirectional s-t. expansions: 1,206, time: 23,522 [ms], path length: 36 [edges], generated: 20,883
[00:00:00:40:209] Path of length 36 found: [63, 62, 61, 53, 45, 46, 38, 39, 31, 23, 15, 7, 6, 5, 13, 21, 29, 28, 36, 35, 43, 51, 59, 58, 57, 49, 41, 40, 32, 24, 25, 26, 18, 10, 9, 8, 0]
[00:00:00:40:209] ! Unidirectional t-s. expansions: 1,860, time: 40,209 [ms], path length: 36 [edges], generated: 33,159
[00:00:00:00:436] Expansion 56: New longest path found with length 14: [0, 8, 16, 24, 32, 40, 41, 49, 57, 58, 59, 60, 61, 62, 63]. g_current=10, g_opposite=4, f_max=43, generated=98
[00:00:00:00:505] Expansion 68: New longest path found with length 16: [0, 8, 16, 24, 32, 40, 41, 49, 57, 58, 59, 60, 61, 53, 54, 55, 63]. g_current=12, g_opposite=4, f_max=43, generated=117
[00:00:00:00:575] Expansion 79: New longest path found with length 18: [0, 8, 16, 24, 32, 40, 41, 49, 57, 58, 59, 60, 61, 53, 45, 46, 47, 55, 63]. g_current=6, g_opposite=12, f_max=43, generated=137
[00:00:00:00:699] Expansion 102: New longest path found with length 20: [0, 8, 9, 17, 25, 24, 32, 40, 41, 49, 57, 58, 59, 60, 61, 53, 45, 46, 47, 55, 63]. g_current=8, g_opposite=12, f_max=43, generated=174
[00:00:00:00:946] Expansion 146: New longest path found with length 22: [0, 8, 9, 17, 25, 24, 32, 40, 41, 49, 57, 58, 59, 60, 61, 53, 45, 37, 38, 39, 47, 55, 63]. g_current=13, g_opposite=9, f_max=42, generated=248
[00:00:00:01:706] Expansion 275: New longest path found with length 34: [0, 8, 16, 24, 32, 40, 41, 49, 57, 58, 59, 51, 43, 35, 34, 26, 18, 10, 2, 3, 4, 5, 6, 7, 15, 23, 31, 39, 47, 46, 45, 53, 61, 62, 63]. g_current=17, g_opposite=17, f_max=42, generated=464
[00:00:00:06:210] Expansion 1,116: New longest path found with length 36: [0, 8, 9, 10, 2, 3, 4, 5, 6, 7, 15, 23, 22, 21, 20, 19, 27, 26, 25, 24, 32, 40, 41, 49, 57, 58, 59, 60, 61, 53, 45, 37, 38, 39, 47, 55, 63]. g_current=17, g_opposite=19, f_max=41, generated=1,940
[00:00:00:34:294] Path of length 36 found: [0, 8, 9, 10, 2, 3, 4, 5, 6, 7, 15, 23, 22, 21, 20, 19, 27, 26, 25, 24, 32, 40, 41, 49, 57, 58, 59, 60, 61, 53, 45, 37, 38, 39, 47, 55, 63]
[00:00:00:34:853] ! Bidirectional. expansions: 6,226, time: 34,294 [ms], path length: 36 [edges], g_F: 17, g_B: 19, generated: 11,416, MM: 2, MMPER: 4.405405405405405%
[00:00:00:34:853] 
---------- SM_Grids/8x8_grid_with_random_blocks_8per_1 ----------
[00:00:00:27:991] Path of length 36 found: [0, 1, 2, 3, 11, 12, 13, 5, 6, 7, 15, 23, 22, 30, 29, 28, 36, 35, 34, 26, 18, 17, 16, 24, 32, 40, 48, 49, 50, 51, 59, 60, 61, 53, 54, 55, 63]
[00:00:00:27:992] ! Unidirectional s-t. expansions: 1,339, time: 27,991 [ms], path length: 36 [edges], generated: 22,911
[00:00:00:30:260] Path of length 36 found: [63, 55, 54, 53, 61, 60, 59, 51, 50, 49, 41, 40, 32, 24, 16, 17, 18, 26, 34, 35, 36, 37, 38, 30, 31, 23, 15, 7, 6, 5, 13, 12, 11, 3, 2, 1, 0]
[00:00:00:30:260] ! Unidirectional t-s. expansions: 1,136, time: 30,260 [ms], path length: 36 [edges], generated: 23,433
[00:00:00:00:399] Expansion 57: New longest path found with length 14: [0, 1, 2, 3, 4, 12, 20, 28, 29, 37, 38, 46, 47, 55, 63]. g_current=6, g_opposite=8, f_max=44, generated=96
[00:00:00:00:473] Expansion 68: New longest path found with length 16: [0, 1, 2, 3, 4, 5, 6, 7, 15, 23, 31, 30, 38, 46, 47, 55, 63]. g_current=11, g_opposite=5, f_max=43, generated=115
[00:00:00:00:488] Expansion 70: New longest path found with length 18: [0, 1, 2, 3, 11, 12, 13, 5, 6, 7, 15, 23, 31, 30, 38, 46, 47, 55, 63]. g_current=12, g_opposite=6, f_max=43, generated=119
[00:00:00:00:511] Expansion 74: New longest path found with length 20: [0, 1, 2, 3, 11, 19, 20, 21, 13, 5, 6, 7, 15, 23, 31, 30, 38, 46, 47, 55, 63]. g_current=15, g_opposite=5, f_max=43, generated=126
[00:00:00:01:806] Expansion 281: New longest path found with length 22: [0, 8, 16, 17, 18, 10, 2, 3, 4, 5, 6, 7, 15, 23, 22, 21, 29, 37, 38, 46, 47, 55, 63]. g_current=13, g_opposite=9, f_max=42, generated=503
[00:00:00:02:376] Expansion 362: New longest path found with length 24: [0, 1, 2, 3, 4, 12, 20, 19, 18, 17, 16, 24, 32, 40, 48, 49, 50, 51, 59, 60, 61, 53, 54, 55, 63]. g_current=14, g_opposite=10, f_max=42, generated=650
[00:00:00:04:379] Expansion 712: New longest path found with length 26: [0, 1, 2, 3, 11, 12, 13, 5, 6, 7, 15, 23, 22, 30, 29, 28, 36, 44, 43, 51, 59, 60, 61, 53, 54, 55, 63]. g_current=17, g_opposite=9, f_max=41, generated=1,279
[00:00:00:04:605] Expansion 760: New longest path found with length 28: [0, 8, 16, 24, 32, 40, 48, 49, 50, 51, 52, 44, 36, 28, 20, 21, 13, 5, 6, 7, 15, 23, 31, 30, 38, 46, 47, 55, 63]. g_current=9, g_opposite=19, f_max=41, generated=1,363
[00:00:00:05:137] Expansion 869: New longest path found with length 30: [0, 8, 16, 24, 32, 40, 48, 49, 50, 51, 52, 44, 36, 37, 29, 21, 20, 12, 4, 5, 6, 7, 15, 23, 31, 39, 47, 46, 54, 62, 63]. g_current=20, g_opposite=10, f_max=40, generated=1,538
[00:00:00:07:350] Expansion 1,258: New longest path found with length 36: [0, 1, 2, 3, 11, 12, 13, 5, 6, 7, 15, 23, 22, 30, 29, 28, 36, 35, 34, 26, 18, 17, 16, 24, 32, 40, 41, 49, 50, 51, 59, 60, 61, 53, 54, 55, 63]. g_current=20, g_opposite=16, f_max=40, generated=2,268
[00:00:00:36:478] Path of length 36 found: [0, 1, 2, 3, 11, 12, 13, 5, 6, 7, 15, 23, 22, 30, 29, 28, 36, 35, 34, 26, 18, 17, 16, 24, 32, 40, 41, 49, 50, 51, 59, 60, 61, 53, 54, 55, 63]
[00:00:00:37:013] ! Bidirectional. expansions: 7,006, time: 36,478 [ms], path length: 36 [edges], g_F: 20, g_B: 16, generated: 12,456, MM: 4, MMPER: 9.81081081081081%
[00:00:00:37:014] 
---------- SM_Grids/8x8_grid_with_random_blocks_8per_2 ----------
[00:00:00:21:261] Path of length 36 found: [0, 1, 2, 3, 11, 12, 13, 5, 6, 7, 15, 23, 22, 30, 29, 37, 36, 35, 27, 26, 18, 17, 16, 24, 32, 40, 48, 56, 57, 58, 50, 51, 52, 53, 54, 62, 63]
[00:00:00:21:262] ! Unidirectional s-t. expansions: 905, time: 21,261 [ms], path length: 36 [edges], generated: 16,501
[00:00:00:15:199] Path of length 36 found: [63, 55, 54, 53, 52, 60, 59, 58, 57, 56, 48, 40, 41, 42, 43, 35, 36, 37, 38, 30, 31, 23, 15, 7, 6, 5, 13, 12, 11, 10, 18, 26, 25, 24, 16, 8, 0]
[00:00:00:15:199] ! Unidirectional t-s. expansions: 917, time: 15,199 [ms], path length: 36 [edges], generated: 12,568
[00:00:00:00:317] Expansion 51: New longest path found with length 16: [0, 1, 2, 3, 11, 12, 20, 21, 22, 30, 31, 39, 47, 46, 54, 62, 63]. g_current=8, g_opposite=8, f_max=43, generated=92
[00:00:00:00:344] Expansion 57: New longest path found with length 18: [0, 1, 2, 3, 11, 12, 13, 5, 6, 7, 15, 23, 31, 39, 47, 46, 54, 62, 63]. g_current=12, g_opposite=6, f_max=44, generated=101
[00:00:00:00:619] Expansion 104: New longest path found with length 20: [0, 1, 2, 3, 11, 12, 13, 5, 6, 7, 15, 23, 22, 30, 29, 37, 45, 46, 54, 55, 63]. g_current=14, g_opposite=6, f_max=43, generated=183
[00:00:00:01:334] Expansion 262: New longest path found with length 32: [0, 1, 2, 3, 11, 12, 13, 5, 6, 7, 15, 23, 22, 30, 29, 37, 36, 35, 43, 42, 41, 40, 48, 56, 57, 58, 59, 60, 52, 53, 54, 55, 63]. g_current=15, g_opposite=17, f_max=42, generated=429
[00:00:00:02:563] Expansion 521: New longest path found with length 34: [0, 1, 2, 10, 18, 17, 16, 24, 32, 40, 48, 56, 57, 58, 59, 60, 52, 44, 36, 37, 29, 21, 13, 5, 6, 7, 15, 23, 31, 39, 47, 46, 54, 62, 63]. g_current=16, g_opposite=18, f_max=41, generated=854
[00:00:00:04:419] Expansion 919: New longest path found with length 36: [0, 1, 2, 3, 11, 12, 13, 5, 6, 7, 15, 23, 22, 30, 29, 37, 36, 35, 27, 26, 18, 17, 16, 24, 32, 40, 48, 56, 57, 58, 59, 60, 52, 53, 54, 55, 63]. g_current=18, g_opposite=18, f_max=40, generated=1,543
[00:00:00:20:256] Path of length 36 found: [0, 1, 2, 3, 11, 12, 13, 5, 6, 7, 15, 23, 22, 30, 29, 37, 36, 35, 27, 26, 18, 17, 16, 24, 32, 40, 48, 56, 57, 58, 59, 60, 52, 53, 54, 55, 63]
[00:00:00:20:740] ! Bidirectional. expansions: 3,757, time: 20,256 [ms], path length: 36 [edges], g_F: 18, g_B: 18, generated: 6,558, MM: 0, MMPER: -1.0%
[00:00:00:20:740] 
---------- SM_Grids/8x8_grid_with_random_blocks_8per_3 ----------
[00:00:00:11:653] Path of length 38 found: [0, 8, 16, 17, 18, 10, 2, 3, 4, 5, 6, 7, 15, 23, 31, 39, 47, 46, 45, 37, 29, 28, 27, 35, 34, 33, 32, 40, 48, 56, 57, 58, 50, 51, 52, 60, 61, 62, 63]
[00:00:00:11:654] ! Unidirectional s-t. expansions: 442, time: 11,653 [ms], path length: 38 [edges], generated: 8,778
[00:00:00:12:846] Path of length 38 found: [63, 62, 61, 60, 52, 51, 50, 58, 57, 56, 48, 40, 32, 33, 34, 35, 27, 28, 29, 37, 45, 46, 47, 39, 31, 23, 15, 7, 6, 5, 4, 3, 2, 10, 18, 17, 16, 8, 0]
[00:00:00:12:847] ! Unidirectional t-s. expansions: 509, time: 12,847 [ms], path length: 38 [edges], generated: 8,902
[00:00:00:00:263] Expansion 48: New longest path found with length 20: [0, 8, 16, 17, 18, 10, 2, 3, 4, 5, 6, 7, 15, 23, 31, 39, 47, 46, 54, 62, 63]. g_current=10, g_opposite=10, f_max=43, generated=78
[00:00:00:00:481] Expansion 87: New longest path found with length 28: [0, 8, 16, 17, 18, 10, 2, 3, 4, 12, 20, 28, 27, 35, 34, 33, 32, 40, 48, 56, 57, 58, 50, 51, 52, 60, 61, 62, 63]. g_current=17, g_opposite=11, f_max=42, generated=148
[00:00:00:02:516] Expansion 437: New longest path found with length 36: [0, 8, 16, 17, 18, 10, 2, 3, 4, 5, 6, 7, 15, 23, 31, 39, 47, 46, 45, 37, 36, 35, 34, 33, 32, 40, 48, 56, 57, 58, 50, 51, 52, 60, 61, 62, 63]. g_current=19, g_opposite=17, f_max=41, generated=756
[00:00:00:03:028] Expansion 523: New longest path found with length 38: [0, 8, 16, 17, 18, 10, 2, 3, 4, 5, 6, 7, 15, 23, 31, 39, 47, 46, 45, 37, 29, 28, 27, 35, 34, 33, 32, 40, 48, 56, 57, 58, 50, 51, 52, 60, 61, 62, 63]. g_current=18, g_opposite=20, f_max=40, generated=918
[00:00:00:17:213] Path of length 38 found: [0, 8, 16, 17, 18, 10, 2, 3, 4, 5, 6, 7, 15, 23, 31, 39, 47, 46, 45, 37, 29, 28, 27, 35, 34, 33, 32, 40, 48, 56, 57, 58, 50, 51, 52, 60, 61, 62, 63]
[00:00:00:17:693] ! Bidirectional. expansions: 2,990, time: 17,213 [ms], path length: 38 [edges], g_F: 20, g_B: 18, generated: 5,096, MM: 2, MMPER: 4.128205128205129%
[00:00:00:17:693] 
---------- SM_Grids/8x8_grid_with_random_blocks_8per_4 ----------
[00:00:00:08:400] Path of length 36 found: [0, 8, 16, 24, 25, 33, 41, 40, 48, 56, 57, 58, 59, 60, 52, 44, 43, 35, 27, 19, 18, 10, 2, 3, 4, 12, 13, 14, 22, 30, 31, 39, 47, 46, 54, 62, 63]
[00:00:00:08:401] ! Unidirectional s-t. expansions: 269, time: 8,401 [ms], path length: 36 [edges], generated: 5,783
[00:00:00:08:782] Path of length 36 found: [63, 62, 54, 46, 47, 39, 31, 30, 22, 14, 13, 12, 4, 3, 2, 10, 18, 19, 27, 28, 36, 44, 52, 51, 59, 58, 57, 56, 48, 40, 41, 33, 25, 24, 16, 8, 0]
[00:00:00:08:783] ! Unidirectional t-s. expansions: 243, time: 8,782 [ms], path length: 36 [edges], generated: 5,946
[00:00:00:00:274] Expansion 41: New longest path found with length 18: [0, 1, 9, 17, 16, 24, 32, 40, 48, 56, 57, 58, 59, 60, 52, 53, 54, 55, 63]. g_current=6, g_opposite=12, f_max=41, generated=67
[00:00:00:00:643] Expansion 90: New longest path found with length 20: [0, 8, 16, 17, 25, 26, 34, 42, 41, 40, 48, 56, 57, 58, 59, 60, 52, 53, 54, 55, 63]. g_current=14, g_opposite=6, f_max=40, generated=156
[00:00:00:01:238] Expansion 206: New longest path found with length 22: [0, 8, 16, 17, 25, 26, 27, 35, 43, 42, 41, 40, 48, 56, 57, 58, 59, 60, 52, 53, 54, 55, 63]. g_current=6, g_opposite=16, f_max=40, generated=353
[00:00:00:02:393] Expansion 387: New longest path found with length 26: [0, 1, 9, 17, 16, 24, 32, 40, 48, 56, 57, 58, 59, 60, 52, 44, 36, 37, 29, 30, 31, 39, 47, 46, 54, 62, 63]. g_current=15, g_opposite=11, f_max=39, generated=678
[00:00:00:03:058] Expansion 504: New longest path found with length 34: [0, 8, 16, 24, 25, 26, 18, 10, 2, 3, 4, 12, 13, 14, 22, 30, 38, 37, 36, 35, 43, 42, 41, 40, 48, 56, 57, 58, 59, 60, 52, 53, 54, 55, 63]. g_current=18, g_opposite=16, f_max=38, generated=901
[00:00:00:04:526] Expansion 814: New longest path found with length 36: [0, 8, 16, 24, 25, 33, 41, 40, 48, 56, 57, 58, 59, 60, 52, 44, 43, 35, 27, 19, 18, 10, 2, 3, 4, 12, 13, 21, 22, 30, 31, 39, 47, 46, 54, 62, 63]. g_current=17, g_opposite=19, f_max=39, generated=1,492
[00:00:00:10:312] Path of length 36 found: [0, 8, 16, 24, 25, 33, 41, 40, 48, 56, 57, 58, 59, 60, 52, 44, 43, 35, 27, 19, 18, 10, 2, 3, 4, 12, 13, 21, 22, 30, 31, 39, 47, 46, 54, 62, 63]
[00:00:00:10:839] ! Bidirectional. expansions: 1,847, time: 10,312 [ms], path length: 36 [edges], g_F: 17, g_B: 19, generated: 3,392, MM: 2, MMPER: 4.405405405405405%
[00:00:00:10:839] 
---------- SM_Grids/8x8_grid_with_random_blocks_8per_5 ----------
[00:00:00:14:424] Path of length 38 found: [0, 1, 2, 3, 11, 12, 13, 5, 6, 7, 15, 23, 31, 39, 38, 37, 29, 28, 27, 26, 18, 17, 16, 24, 32, 40, 48, 56, 57, 58, 50, 42, 43, 44, 52, 53, 54, 55, 63]
[00:00:00:14:425] ! Unidirectional s-t. expansions: 441, time: 14,425 [ms], path length: 38 [edges], generated: 9,708
[00:00:00:08:622] Path of length 38 found: [63, 55, 54, 53, 61, 60, 59, 58, 57, 49, 48, 40, 32, 24, 16, 17, 18, 26, 34, 42, 43, 44, 36, 37, 38, 30, 31, 23, 15, 7, 6, 5, 13, 12, 11, 3, 2, 1, 0]
[00:00:00:08:622] ! Unidirectional t-s. expansions: 343, time: 8,622 [ms], path length: 38 [edges], generated: 6,458
[00:00:00:00:258] Expansion 27: New longest path found with length 16: [0, 1, 2, 3, 11, 12, 13, 5, 6, 7, 15, 23, 31, 39, 47, 55, 63]. g_current=11, g_opposite=5, f_max=45, generated=43
[00:00:00:00:265] Expansion 28: New longest path found with length 18: [0, 1, 2, 3, 11, 12, 13, 5, 6, 7, 15, 23, 22, 30, 38, 39, 47, 55, 63]. g_current=12, g_opposite=6, f_max=45, generated=45
[00:00:00:00:904] Expansion 124: New longest path found with length 20: [0, 1, 2, 3, 4, 5, 6, 7, 15, 23, 22, 21, 20, 28, 36, 37, 38, 39, 47, 55, 63]. g_current=12, g_opposite=8, f_max=44, generated=226
[00:00:00:01:317] Expansion 192: New longest path found with length 22: [0, 8, 16, 17, 18, 26, 27, 28, 20, 12, 13, 5, 6, 7, 15, 23, 22, 30, 38, 39, 47, 55, 63]. g_current=14, g_opposite=8, f_max=42, generated=343
[00:00:00:01:365] Expansion 200: New longest path found with length 32: [0, 1, 2, 3, 4, 5, 6, 7, 15, 23, 22, 21, 20, 28, 27, 26, 18, 17, 16, 24, 32, 40, 48, 56, 57, 58, 59, 60, 61, 53, 54, 55, 63]. g_current=17, g_opposite=15, f_max=42, generated=356
[00:00:00:01:749] Expansion 256: New longest path found with length 36: [0, 1, 2, 3, 11, 12, 13, 5, 6, 7, 15, 23, 22, 30, 38, 37, 36, 28, 27, 26, 18, 17, 16, 24, 32, 40, 48, 56, 57, 58, 59, 60, 61, 53, 54, 55, 63]. g_current=18, g_opposite=18, f_max=42, generated=459
[00:00:00:04:111] Expansion 682: New longest path found with length 38: [0, 1, 2, 3, 11, 12, 13, 5, 6, 7, 15, 23, 22, 30, 38, 37, 36, 44, 43, 42, 34, 26, 18, 17, 16, 24, 32, 40, 48, 56, 57, 58, 59, 60, 61, 53, 54, 55, 63]. g_current=21, g_opposite=17, f_max=41, generated=1,214
[00:00:00:12:618] Path of length 38 found: [0, 1, 2, 3, 11, 12, 13, 5, 6, 7, 15, 23, 22, 30, 38, 37, 36, 44, 43, 42, 34, 26, 18, 17, 16, 24, 32, 40, 48, 56, 57, 58, 59, 60, 61, 53, 54, 55, 63]
[00:00:00:13:049] ! Bidirectional. expansions: 2,229, time: 12,618 [ms], path length: 38 [edges], g_F: 17, g_B: 21, generated: 4,001, MM: 4, MMPER: 9.256410256410257%
[00:00:00:13:049] 
---------- SM_Grids/8x8_grid_with_random_blocks_8per_6 ----------
[00:00:01:04:635] Path of length 36 found: [0, 8, 9, 10, 2, 3, 4, 5, 6, 14, 15, 23, 31, 39, 38, 37, 29, 21, 20, 19, 27, 26, 25, 24, 32, 40, 48, 49, 50, 42, 43, 44, 52, 53, 61, 62, 63]
[00:00:01:04:636] ! Unidirectional s-t. expansions: 1,874, time: 64,635 [ms], path length: 36 [edges], generated: 46,640
[00:00:00:41:561] Path of length 36 found: [63, 62, 61, 53, 52, 44, 43, 42, 50, 49, 48, 40, 32, 24, 25, 26, 27, 19, 20, 21, 29, 37, 38, 39, 31, 23, 15, 14, 6, 5, 4, 3, 2, 10, 9, 8, 0]
[00:00:00:41:561] ! Unidirectional t-s. expansions: 1,280, time: 41,561 [ms], path length: 36 [edges], generated: 32,475
[00:00:00:00:421] Expansion 62: New longest path found with length 20: [0, 8, 9, 10, 2, 3, 4, 5, 6, 14, 15, 23, 31, 39, 47, 46, 45, 53, 61, 62, 63]. g_current=13, g_opposite=7, f_max=44, generated=115
[00:00:00:00:726] Expansion 111: New longest path found with length 22: [0, 8, 16, 17, 18, 10, 2, 3, 4, 5, 6, 14, 15, 23, 31, 39, 47, 46, 45, 53, 61, 62, 63]. g_current=7, g_opposite=15, f_max=45, generated=210
[00:00:00:01:774] Expansion 307: New longest path found with length 24: [0, 8, 16, 17, 25, 26, 27, 19, 11, 3, 4, 5, 6, 14, 15, 23, 31, 39, 47, 46, 45, 53, 61, 62, 63]. g_current=7, g_opposite=17, f_max=42, generated=567
[00:00:00:03:596] Expansion 658: New longest path found with length 26: [0, 8, 9, 10, 2, 3, 4, 12, 20, 19, 27, 26, 25, 24, 32, 40, 48, 49, 50, 42, 43, 44, 52, 53, 61, 62, 63]. g_current=11, g_opposite=15, f_max=41, generated=1,225
[00:00:00:05:075] Expansion 882: New longest path found with length 30: [0, 8, 16, 17, 25, 33, 32, 40, 48, 49, 50, 42, 43, 35, 36, 28, 29, 21, 13, 14, 15, 23, 31, 39, 47, 46, 45, 53, 61, 62, 63]. g_current=16, g_opposite=14, f_max=40, generated=1,654
[00:00:00:05:320] Expansion 930: New longest path found with length 32: [0, 8, 16, 17, 25, 33, 32, 40, 48, 49, 50, 42, 43, 35, 36, 37, 29, 21, 20, 12, 4, 5, 6, 14, 15, 23, 31, 39, 47, 46, 54, 62, 63]. g_current=18, g_opposite=14, f_max=40, generated=1,749
[00:00:00:07:000] Expansion 1,209: New longest path found with length 34: [0, 8, 9, 10, 2, 3, 4, 5, 6, 14, 15, 23, 31, 30, 29, 21, 20, 19, 27, 26, 25, 24, 32, 40, 48, 49, 50, 42, 43, 44, 52, 53, 61, 62, 63]. g_current=18, g_opposite=16, f_max=40, generated=2,275
[00:00:00:10:657] Expansion 1,879: New longest path found with length 36: [0, 8, 9, 10, 2, 3, 4, 5, 6, 14, 15, 23, 31, 39, 38, 37, 29, 21, 20, 19, 27, 26, 25, 24, 32, 40, 48, 49, 50, 42, 43, 44, 52, 53, 61, 62, 63]. g_current=16, g_opposite=20, f_max=39, generated=3,528
[00:00:00:54:874] Path of length 36 found: [0, 8, 9, 10, 2, 3, 4, 5, 6, 14, 15, 23, 31, 39, 38, 37, 29, 21, 20, 19, 27, 26, 25, 24, 32, 40, 48, 49, 50, 42, 43, 44, 52, 53, 61, 62, 63]
[00:00:00:55:384] ! Bidirectional. expansions: 9,395, time: 54,874 [ms], path length: 36 [edges], g_F: 20, g_B: 16, generated: 18,345, MM: 4, MMPER: 9.81081081081081%
[00:00:00:55:384] 
---------- SM_Grids/8x8_grid_with_random_blocks_8per_7 ----------
[00:00:00:16:873] Path of length 38 found: [0, 8, 16, 17, 18, 10, 2, 3, 4, 5, 6, 14, 22, 23, 31, 39, 47, 46, 45, 37, 29, 28, 27, 35, 34, 33, 32, 40, 48, 56, 57, 58, 50, 51, 52, 60, 61, 62, 63]
[00:00:00:16:873] ! Unidirectional s-t. expansions: 561, time: 16,873 [ms], path length: 38 [edges], generated: 13,247
[00:00:00:13:941] Path of length 38 found: [63, 62, 61, 60, 52, 51, 50, 58, 57, 56, 48, 40, 41, 33, 34, 35, 27, 28, 29, 37, 45, 46, 47, 39, 31, 23, 22, 14, 6, 5, 4, 12, 11, 10, 18, 17, 16, 8, 0]
[00:00:00:13:942] ! Unidirectional t-s. expansions: 489, time: 13,941 [ms], path length: 38 [edges], generated: 8,944
[00:00:00:00:230] Expansion 37: New longest path found with length 16: [0, 1, 2, 3, 4, 5, 6, 14, 22, 23, 31, 39, 47, 46, 54, 62, 63]. g_current=8, g_opposite=8, f_max=44, generated=66
[00:00:00:00:318] Expansion 53: New longest path found with length 18: [0, 1, 2, 10, 11, 12, 4, 5, 6, 14, 22, 23, 31, 39, 47, 46, 54, 62, 63]. g_current=8, g_opposite=10, f_max=43, generated=93
[00:00:00:00:542] Expansion 100: New longest path found with length 20: [0, 8, 16, 17, 18, 10, 2, 3, 4, 5, 6, 14, 22, 23, 31, 39, 47, 46, 54, 62, 63]. g_current=8, g_opposite=12, f_max=43, generated=169
[00:00:00:00:963] Expansion 187: New longest path found with length 22: [0, 8, 16, 17, 18, 10, 2, 3, 4, 5, 6, 14, 22, 23, 31, 39, 38, 46, 45, 53, 61, 62, 63]. g_current=9, g_opposite=13, f_max=42, generated=310
[00:00:00:01:197] Expansion 240: New longest path found with length 24: [0, 8, 16, 24, 32, 33, 34, 26, 27, 28, 20, 12, 4, 5, 6, 14, 22, 23, 31, 39, 47, 46, 54, 62, 63]. g_current=9, g_opposite=15, f_max=42, generated=394
[00:00:00:02:303] Expansion 465: New longest path found with length 26: [0, 1, 2, 10, 11, 12, 4, 5, 6, 14, 22, 23, 31, 39, 38, 37, 36, 44, 43, 51, 59, 60, 61, 53, 54, 55, 63]. g_current=15, g_opposite=11, f_max=41, generated=783
[00:00:00:02:321] Expansion 469: New longest path found with length 34: [0, 1, 2, 10, 11, 12, 4, 5, 6, 14, 22, 23, 31, 39, 38, 37, 29, 28, 27, 26, 25, 33, 41, 40, 48, 56, 57, 58, 50, 51, 52, 60, 61, 62, 63]. g_current=19, g_opposite=15, f_max=41, generated=790
[00:00:00:03:550] Expansion 678: New longest path found with length 36: [0, 1, 2, 10, 11, 12, 4, 5, 6, 14, 22, 23, 31, 39, 47, 46, 45, 37, 29, 28, 27, 35, 34, 33, 41, 40, 48, 56, 57, 58, 50, 51, 52, 60, 61, 62, 63]. g_current=16, g_opposite=20, f_max=40, generated=1,172
[00:00:00:13:161] Expansion 2,510: New longest path found with length 38: [0, 8, 16, 17, 18, 10, 2, 3, 4, 5, 6, 14, 22, 23, 31, 39, 47, 46, 45, 37, 29, 28, 27, 35, 34, 33, 41, 40, 48, 56, 57, 58, 50, 51, 52, 60, 61, 62, 63]. g_current=18, g_opposite=20, f_max=39, generated=4,322
[00:00:00:18:093] Path of length 38 found: [0, 8, 16, 17, 18, 10, 2, 3, 4, 5, 6, 14, 22, 23, 31, 39, 47, 46, 45, 37, 29, 28, 27, 35, 34, 33, 41, 40, 48, 56, 57, 58, 50, 51, 52, 60, 61, 62, 63]
[00:00:00:18:618] ! Bidirectional. expansions: 3,293, time: 18,093 [ms], path length: 38 [edges], g_F: 18, g_B: 20, generated: 5,817, MM: 2, MMPER: 4.128205128205129%
[00:00:00:18:619] 
---------- SM_Grids/8x8_grid_with_random_blocks_8per_8 ----------
[00:00:00:06:926] Path of length 38 found: [0, 1, 2, 3, 11, 19, 18, 17, 16, 24, 32, 33, 41, 49, 57, 58, 59, 51, 43, 35, 36, 28, 29, 21, 13, 5, 6, 7, 15, 23, 31, 39, 38, 46, 45, 53, 61, 62, 63]
[00:00:00:06:928] ! Unidirectional s-t. expansions: 255, time: 6,926 [ms], path length: 38 [edges], generated: 5,718
[00:00:00:18:768] Path of length 38 found: [63, 62, 61, 53, 45, 46, 38, 39, 31, 23, 15, 7, 6, 5, 13, 21, 29, 28, 36, 35, 43, 51, 59, 58, 57, 49, 41, 33, 32, 24, 16, 17, 18, 19, 11, 3, 2, 1, 0]
[00:00:00:18:769] ! Unidirectional t-s. expansions: 629, time: 18,769 [ms], path length: 38 [edges], generated: 13,455
[00:00:00:00:323] Expansion 50: New longest path found with length 16: [0, 1, 2, 3, 4, 5, 6, 7, 15, 23, 31, 39, 47, 46, 54, 62, 63]. g_current=4, g_opposite=12, f_max=45, generated=85
[00:00:00:00:336] Expansion 52: New longest path found with length 18: [0, 1, 2, 10, 11, 12, 13, 5, 6, 7, 15, 23, 31, 39, 47, 46, 54, 62, 63]. g_current=13, g_opposite=5, f_max=44, generated=89
[00:00:00:00:649] Expansion 104: New longest path found with length 20: [0, 1, 2, 10, 11, 19, 20, 21, 13, 5, 6, 7, 15, 23, 31, 39, 47, 46, 54, 62, 63]. g_current=6, g_opposite=14, f_max=44, generated=177
[00:00:00:01:151] Expansion 178: New longest path found with length 22: [0, 1, 2, 10, 11, 19, 20, 21, 13, 5, 6, 7, 15, 23, 31, 39, 47, 46, 45, 53, 61, 62, 63]. g_current=15, g_opposite=7, f_max=43, generated=316
[00:00:00:01:386] Expansion 225: New longest path found with length 24: [0, 1, 2, 10, 11, 19, 27, 28, 29, 21, 13, 5, 6, 7, 15, 23, 31, 39, 47, 46, 45, 53, 61, 62, 63]. g_current=6, g_opposite=18, f_max=43, generated=392
[00:00:00:02:982] Expansion 525: New longest path found with length 30: [0, 1, 9, 17, 16, 24, 32, 33, 41, 42, 43, 35, 36, 28, 29, 21, 13, 5, 6, 7, 15, 23, 31, 39, 47, 46, 45, 53, 61, 62, 63]. g_current=20, g_opposite=10, f_max=41, generated=907
[00:00:00:03:025] Expansion 531: New longest path found with length 32: [0, 1, 9, 17, 16, 24, 32, 33, 41, 49, 57, 58, 59, 51, 43, 35, 36, 28, 20, 21, 13, 5, 6, 7, 15, 23, 31, 30, 38, 46, 47, 55, 63]. g_current=19, g_opposite=13, f_max=41, generated=921
[00:00:00:03:543] Expansion 595: New longest path found with length 34: [0, 1, 2, 3, 11, 19, 18, 17, 16, 24, 32, 33, 41, 49, 57, 58, 59, 60, 61, 53, 45, 37, 29, 21, 13, 5, 6, 7, 15, 23, 31, 39, 47, 55, 63]. g_current=20, g_opposite=14, f_max=41, generated=1,049
[00:00:00:05:509] Expansion 917: New longest path found with length 36: [0, 1, 2, 3, 11, 19, 18, 17, 16, 24, 32, 33, 41, 49, 57, 58, 59, 51, 52, 44, 36, 37, 29, 21, 13, 5, 6, 7, 15, 23, 31, 39, 47, 46, 54, 62, 63]. g_current=15, g_opposite=21, f_max=42, generated=1,646
[00:00:00:05:796] Expansion 964: New longest path found with length 38: [0, 1, 2, 3, 11, 19, 18, 17, 16, 24, 32, 33, 41, 49, 57, 58, 59, 51, 43, 35, 36, 28, 29, 21, 13, 5, 6, 7, 15, 23, 31, 39, 47, 46, 45, 53, 61, 62, 63]. g_current=21, g_opposite=17, f_max=41, generated=1,736
[00:00:00:15:153] Path of length 38 found: [0, 1, 2, 3, 11, 19, 18, 17, 16, 24, 32, 33, 41, 49, 57, 58, 59, 51, 43, 35, 36, 28, 29, 21, 13, 5, 6, 7, 15, 23, 31, 39, 47, 46, 45, 53, 61, 62, 63]
[00:00:00:15:665] ! Bidirectional. expansions: 2,578, time: 15,153 [ms], path length: 38 [edges], g_F: 17, g_B: 21, generated: 4,883, MM: 4, MMPER: 9.256410256410257%
[00:00:00:15:665] 
---------- SM_Grids/8x8_grid_with_random_blocks_8per_9 ----------
[00:00:00:24:940] Path of length 36 found: [0, 1, 2, 10, 18, 26, 25, 24, 32, 40, 48, 56, 57, 58, 50, 42, 43, 35, 36, 28, 20, 12, 4, 5, 6, 14, 22, 30, 31, 39, 47, 46, 45, 53, 61, 62, 63]
[00:00:00:24:940] ! Unidirectional s-t. expansions: 1,104, time: 24,940 [ms], path length: 36 [edges], generated: 20,996
[00:00:00:27:290] Path of length 36 found: [63, 62, 61, 53, 45, 46, 47, 39, 31, 30, 22, 14, 6, 5, 4, 3, 2, 10, 18, 19, 20, 28, 36, 35, 43, 42, 50, 58, 57, 56, 48, 40, 32, 24, 16, 8, 0]
[00:00:00:27:292] ! Unidirectional t-s. expansions: 1,019, time: 27,290 [ms], path length: 36 [edges], generated: 21,347
[00:00:00:00:298] Expansion 40: New longest path found with length 14: [0, 8, 16, 24, 32, 33, 34, 35, 43, 51, 52, 53, 61, 62, 63]. g_current=5, g_opposite=9, f_max=43, generated=69
[00:00:00:00:316] Expansion 42: New longest path found with length 16: [0, 8, 16, 24, 32, 40, 48, 56, 57, 58, 50, 51, 52, 60, 61, 62, 63]. g_current=6, g_opposite=10, f_max=43, generated=74
[00:00:00:00:601] Expansion 91: New longest path found with length 18: [0, 8, 16, 24, 32, 40, 48, 56, 57, 58, 59, 60, 52, 53, 45, 46, 47, 55, 63]. g_current=13, g_opposite=5, f_max=43, generated=156
[00:00:00:00:950] Expansion 133: New longest path found with length 20: [0, 1, 2, 10, 18, 26, 25, 24, 32, 40, 48, 56, 57, 58, 50, 51, 52, 60, 61, 62, 63]. g_current=15, g_opposite=5, f_max=42, generated=242
[00:00:00:00:985] Expansion 139: New longest path found with length 24: [0, 8, 16, 24, 32, 40, 48, 56, 57, 58, 50, 42, 34, 35, 36, 37, 29, 30, 31, 39, 47, 46, 54, 62, 63]. g_current=10, g_opposite=14, f_max=42, generated=253
[00:00:00:01:521] Expansion 239: New longest path found with length 26: [0, 8, 16, 24, 32, 40, 48, 56, 57, 58, 50, 42, 34, 35, 36, 28, 29, 30, 31, 39, 47, 46, 45, 53, 61, 62, 63]. g_current=15, g_opposite=11, f_max=42, generated=406
[00:00:00:02:902] Expansion 460: New longest path found with length 28: [0, 8, 16, 24, 32, 40, 48, 56, 57, 58, 59, 51, 43, 42, 34, 26, 27, 28, 29, 30, 31, 39, 47, 46, 45, 53, 61, 62, 63]. g_current=17, g_opposite=11, f_max=41, generated=813
[00:00:00:04:329] Expansion 716: New longest path found with length 30: [0, 1, 2, 10, 18, 26, 25, 24, 32, 40, 48, 56, 57, 58, 50, 42, 43, 35, 36, 28, 29, 30, 31, 39, 47, 46, 45, 53, 61, 62, 63]. g_current=11, g_opposite=19, f_max=40, generated=1,283
[00:00:00:04:349] Expansion 719: New longest path found with length 34: [0, 8, 16, 24, 32, 40, 48, 56, 57, 58, 50, 51, 43, 35, 34, 26, 18, 10, 2, 3, 4, 12, 20, 28, 29, 30, 31, 39, 47, 46, 45, 53, 61, 62, 63]. g_current=13, g_opposite=21, f_max=40, generated=1,289
[00:00:00:10:629] Expansion 1,858: New longest path found with length 36: [0, 1, 2, 10, 18, 19, 20, 12, 4, 5, 6, 14, 22, 30, 31, 39, 47, 46, 45, 37, 36, 35, 34, 33, 32, 40, 48, 56, 57, 58, 50, 51, 52, 60, 61, 62, 63]. g_current=16, g_opposite=20, f_max=40, generated=3,362
[00:00:00:42:253] Path of length 36 found: [0, 1, 2, 10, 18, 19, 20, 12, 4, 5, 6, 14, 22, 30, 31, 39, 47, 46, 45, 37, 36, 35, 34, 33, 32, 40, 48, 56, 57, 58, 50, 51, 52, 60, 61, 62, 63]
[00:00:00:42:738] ! Bidirectional. expansions: 7,939, time: 42,254 [ms], path length: 36 [edges], g_F: 16, g_B: 20, generated: 14,625, MM: 4, MMPER: 9.81081081081081%

[00:00:00:42:738] average expansions: (840, 842, 4,726, 0)
[00:00:00:42:738] average time: (22,063, 21,748, 26,154, 0)
[00:00:00:42:739] XA*: 840 , 21,748 (expansions , time[ms])
[00:00:00:42:739] XMM: 4,726 , 26,154 (expansions , time[ms])

