------------------------------------
Thu 01 Oct 2026 12:47:40 IDT
SLURM_JOBID:		21944753
SLURM_JOB_NODELIST:	ise-cpu256-02
SLURM_SCRATCH_DIR:	/scratch/shubit/21944753
Allocated Resouces:	cpu - 2 / mem - 61440 MB / gpu - 
SLURM_GPU_INDEX:	
Running as shubit from shimony account with normal QOS
------------------------------------
Thu 01 Oct 2026 12:47:40 IDT

SLURM_JOBID:		 21944753
SLURM_JOB_NODELIST:	 ise-cpu256-02 

--------------------------
date: SM_Grids
number_of_graphs: 10
graph_type: grid
size_of_graphs: [8, 8]
heuristic: bcc_heuristic
snake: True
run_uni: True
run_bi: True
run_multi: False
solution_vertices: []
algorithms: ['IDA']
lookahead: -2
bsd: False
cube_first_dims: 4
cube_buffer_dim: None
backward_sym_generation: False
sym_coil: False
prefix_set: None

---------- SM_Grids/8x8_grid_with_random_blocks_16per_0 ----------
[00:00:00:01:476] Path of length 32 found: [0, 1, 9, 10, 18, 26, 25, 24, 32, 40, 48, 49, 50, 42, 43, 35, 36, 28, 20, 12, 13, 5, 6, 7, 15, 23, 22, 30, 38, 46, 47, 55, 63]
[00:00:00:01:476] ! Unidirectional s-t. expansions: 402, time: 1,476 [ms], path length: 32 [edges], generated: 650
[00:00:00:01:100] Path of length 32 found: [63, 55, 47, 39, 38, 30, 22, 23, 15, 7, 6, 5, 13, 12, 20, 28, 36, 44, 43, 51, 50, 49, 41, 40, 32, 24, 25, 26, 18, 10, 2, 1, 0]
[00:00:00:01:101] ! Unidirectional t-s. expansions: 261, time: 1,100 [ms], path length: 32 [edges], generated: 423
[00:00:00:01:262] Path of length 32 found: [0, 1, 9, 10, 18, 26, 25, 24, 32, 40, 48, 49, 50, 42, 43, 35, 36, 28, 20, 12, 13, 5, 6, 7, 15, 23, 22, 30, 38, 39, 47, 55, 63]
[00:00:00:01:739] ! Bidirectional. expansions: 314, time: 1,262 [ms], path length: 32 [edges], g_F: 13, g_B: 19, generated: 0, MM: 6, MMPER: 17.181818181818183%
[00:00:00:01:740] 
---------- SM_Grids/8x8_grid_with_random_blocks_16per_1 ----------
[00:00:00:04:296] Path of length 28 found: [0, 8, 16, 24, 32, 33, 41, 42, 43, 35, 27, 26, 18, 10, 2, 3, 4, 12, 20, 21, 22, 23, 31, 39, 38, 46, 54, 62, 63]
[00:00:00:04:296] ! Unidirectional s-t. expansions: 1,059, time: 4,296 [ms], path length: 28 [edges], generated: 1,852
[00:00:00:04:404] Path of length 28 found: [63, 55, 54, 46, 38, 39, 31, 23, 22, 21, 20, 12, 4, 3, 2, 10, 18, 26, 27, 35, 43, 42, 41, 33, 32, 24, 16, 8, 0]
[00:00:00:04:404] ! Unidirectional t-s. expansions: 870, time: 4,404 [ms], path length: 28 [edges], generated: 1,651
[00:00:00:07:689] Path of length 28 found: [0, 8, 16, 24, 32, 33, 41, 42, 43, 35, 27, 26, 18, 10, 2, 3, 4, 12, 20, 21, 22, 23, 31, 39, 47, 46, 54, 62, 63]
[00:00:00:08:191] ! Bidirectional. expansions: 1,841, time: 7,689 [ms], path length: 28 [edges], g_F: 18, g_B: 10, generated: 0, MM: 8, MMPER: 26.586206896551722%
[00:00:00:08:192] 
---------- SM_Grids/8x8_grid_with_random_blocks_16per_2 ----------
[00:00:00:11:703] Path of length 28 found: [0, 1, 2, 3, 11, 19, 18, 17, 16, 24, 32, 33, 41, 49, 57, 58, 59, 51, 43, 44, 36, 28, 29, 30, 38, 46, 54, 62, 63]
[00:00:00:11:703] ! Unidirectional s-t. expansions: 3,010, time: 11,703 [ms], path length: 28 [edges], generated: 5,320
[00:00:00:17:634] Path of length 28 found: [63, 55, 47, 46, 38, 30, 29, 21, 20, 19, 18, 26, 34, 42, 43, 44, 52, 60, 59, 58, 57, 49, 48, 40, 32, 24, 16, 8, 0]
[00:00:00:17:634] ! Unidirectional t-s. expansions: 4,836, time: 17,634 [ms], path length: 28 [edges], generated: 7,736
[00:00:00:15:378] Path of length 28 found: [0, 8, 16, 24, 32, 40, 48, 56, 57, 58, 59, 60, 52, 44, 43, 42, 34, 26, 18, 19, 20, 21, 29, 30, 38, 46, 47, 55, 63]
[00:00:00:15:822] ! Bidirectional. expansions: 3,967, time: 15,378 [ms], path length: 28 [edges], g_F: 19, g_B: 9, generated: 0, MM: 10, MMPER: 33.48275862068966%
[00:00:00:15:822] 
---------- SM_Grids/8x8_grid_with_random_blocks_16per_3 ----------
[00:00:00:06:908] Path of length 30 found: [0, 8, 16, 17, 18, 10, 11, 12, 13, 14, 15, 23, 31, 30, 29, 28, 27, 35, 34, 33, 41, 49, 50, 51, 52, 44, 45, 46, 54, 62, 63]
[00:00:00:06:908] ! Unidirectional s-t. expansions: 1,711, time: 6,908 [ms], path length: 30 [edges], generated: 3,110
[00:00:00:07:240] Path of length 30 found: [63, 55, 47, 46, 45, 53, 52, 51, 50, 49, 41, 33, 34, 35, 27, 28, 29, 30, 31, 23, 15, 14, 13, 12, 11, 10, 18, 17, 16, 8, 0]
[00:00:00:07:241] ! Unidirectional t-s. expansions: 1,476, time: 7,240 [ms], path length: 30 [edges], generated: 2,806
[00:00:00:09:015] Path of length 30 found: [0, 8, 16, 17, 18, 10, 11, 12, 13, 14, 15, 23, 31, 30, 29, 28, 27, 35, 34, 33, 41, 49, 50, 51, 52, 53, 45, 46, 47, 55, 63]
[00:00:00:09:456] ! Bidirectional. expansions: 2,120, time: 9,015 [ms], path length: 30 [edges], g_F: 22, g_B: 8, generated: 0, MM: 14, MMPER: 44.16129032258065%
[00:00:00:09:456] 
---------- SM_Grids/8x8_grid_with_random_blocks_16per_4 ----------
[00:00:00:05:543] Path of length 30 found: [0, 8, 16, 17, 18, 10, 11, 12, 13, 14, 22, 30, 29, 28, 27, 35, 34, 33, 32, 40, 48, 49, 50, 51, 52, 44, 45, 46, 54, 62, 63]
[00:00:00:05:543] ! Unidirectional s-t. expansions: 1,266, time: 5,543 [ms], path length: 30 [edges], generated: 2,267
[00:00:00:10:780] Path of length 30 found: [63, 55, 47, 46, 45, 53, 52, 51, 50, 49, 48, 40, 32, 33, 34, 35, 27, 28, 29, 30, 22, 14, 13, 12, 11, 10, 18, 17, 16, 8, 0]
[00:00:00:10:780] ! Unidirectional t-s. expansions: 2,362, time: 10,780 [ms], path length: 30 [edges], generated: 4,352
[00:00:00:10:879] Path of length 30 found: [0, 8, 16, 17, 18, 10, 11, 12, 13, 14, 22, 30, 29, 28, 27, 35, 34, 33, 32, 40, 48, 49, 50, 51, 52, 44, 45, 46, 47, 55, 63]
[00:00:00:11:335] ! Bidirectional. expansions: 2,357, time: 10,879 [ms], path length: 30 [edges], g_F: 26, g_B: 4, generated: 0, MM: 22, MMPER: 69.96774193548387%
[00:00:00:11:336] 
---------- SM_Grids/8x8_grid_with_random_blocks_16per_5 ----------
[00:00:00:16:814] Path of length 28 found: [0, 1, 9, 17, 16, 24, 32, 33, 34, 35, 36, 28, 20, 19, 11, 3, 4, 5, 6, 14, 15, 23, 31, 30, 38, 46, 54, 55, 63]
[00:00:00:16:814] ! Unidirectional s-t. expansions: 4,110, time: 16,814 [ms], path length: 28 [edges], generated: 7,009
[00:00:00:14:468] Path of length 28 found: [63, 55, 47, 46, 45, 53, 61, 60, 59, 51, 43, 35, 36, 28, 29, 30, 31, 23, 15, 14, 6, 5, 4, 12, 11, 10, 9, 1, 0]
[00:00:00:14:468] ! Unidirectional t-s. expansions: 3,661, time: 14,468 [ms], path length: 28 [edges], generated: 5,906
[00:00:00:16:825] Path of length 28 found: [0, 8, 9, 10, 2, 3, 4, 5, 6, 14, 15, 23, 31, 30, 29, 28, 36, 35, 43, 51, 59, 60, 61, 53, 45, 46, 47, 55, 63]
[00:00:00:17:307] ! Bidirectional. expansions: 4,278, time: 16,825 [ms], path length: 28 [edges], g_F: 20, g_B: 8, generated: 0, MM: 12, MMPER: 40.37931034482759%
[00:00:00:17:307] 
---------- SM_Grids/8x8_grid_with_random_blocks_16per_6 ----------
[00:00:00:01:537] Path of length 34 found: [0, 1, 9, 17, 16, 24, 32, 40, 48, 49, 50, 42, 34, 26, 27, 19, 20, 21, 13, 5, 6, 7, 15, 23, 31, 30, 38, 37, 36, 44, 52, 53, 54, 62, 63]
[00:00:00:01:538] ! Unidirectional s-t. expansions: 339, time: 1,537 [ms], path length: 34 [edges], generated: 575
[00:00:00:01:065] Path of length 34 found: [63, 55, 54, 53, 52, 44, 36, 37, 38, 30, 31, 23, 15, 7, 6, 5, 13, 21, 20, 19, 27, 26, 34, 42, 50, 49, 48, 40, 32, 24, 16, 17, 9, 1, 0]
[00:00:00:01:065] ! Unidirectional t-s. expansions: 229, time: 1,065 [ms], path length: 34 [edges], generated: 372
[00:00:00:01:329] Path of length 34 found: [0, 1, 9, 17, 16, 24, 32, 40, 48, 49, 50, 42, 34, 26, 27, 19, 20, 21, 13, 5, 6, 7, 15, 23, 31, 30, 38, 37, 36, 44, 52, 53, 54, 55, 63]
[00:00:00:01:820] ! Bidirectional. expansions: 251, time: 1,329 [ms], path length: 34 [edges], g_F: 15, g_B: 19, generated: 0, MM: 4, MMPER: 10.428571428571429%
[00:00:00:01:820] 
---------- SM_Grids/8x8_grid_with_random_blocks_16per_7 ----------
[00:00:00:11:925] Path of length 32 found: [0, 8, 16, 24, 32, 40, 48, 56, 57, 58, 59, 51, 43, 35, 34, 26, 18, 10, 11, 12, 13, 14, 15, 23, 31, 30, 38, 37, 45, 53, 54, 55, 63]
[00:00:00:11:925] ! Unidirectional s-t. expansions: 2,968, time: 11,925 [ms], path length: 32 [edges], generated: 4,953
[00:00:00:05:578] Path of length 32 found: [63, 55, 54, 53, 45, 37, 38, 30, 31, 23, 15, 14, 13, 12, 11, 19, 27, 26, 34, 42, 43, 51, 59, 58, 57, 49, 48, 40, 32, 24, 16, 8, 0]
[00:00:00:05:578] ! Unidirectional t-s. expansions: 1,840, time: 5,578 [ms], path length: 32 [edges], generated: 2,859
[00:00:00:08:978] Path of length 32 found: [0, 8, 16, 24, 32, 40, 48, 56, 57, 58, 59, 51, 43, 35, 34, 26, 18, 19, 20, 21, 13, 14, 15, 23, 31, 30, 38, 37, 45, 53, 54, 55, 63]
[00:00:00:09:425] ! Bidirectional. expansions: 2,526, time: 8,978 [ms], path length: 32 [edges], g_F: 17, g_B: 15, generated: 0, MM: 2, MMPER: 5.0606060606060606%
[00:00:00:09:425] 
---------- SM_Grids/8x8_grid_with_random_blocks_16per_8 ----------
[00:00:00:14:980] Path of length 32 found: [0, 8, 16, 17, 18, 10, 2, 3, 4, 5, 6, 7, 15, 23, 22, 21, 20, 28, 36, 35, 34, 33, 32, 40, 48, 49, 50, 51, 59, 60, 61, 62, 63]
[00:00:00:14:980] ! Unidirectional s-t. expansions: 4,321, time: 14,980 [ms], path length: 32 [edges], generated: 7,100
[00:00:00:01:916] Path of length 32 found: [63, 62, 61, 60, 59, 51, 50, 49, 48, 40, 32, 33, 34, 35, 36, 28, 29, 21, 22, 23, 15, 7, 6, 5, 4, 12, 11, 19, 18, 17, 9, 1, 0]
[00:00:00:01:916] ! Unidirectional t-s. expansions: 391, time: 1,916 [ms], path length: 32 [edges], generated: 669
[00:00:00:07:370] Path of length 32 found: [0, 8, 9, 17, 18, 19, 11, 3, 4, 5, 6, 7, 15, 23, 22, 21, 29, 28, 36, 35, 34, 33, 32, 40, 48, 49, 50, 51, 59, 60, 61, 62, 63]
[00:00:00:07:817] ! Bidirectional. expansions: 1,809, time: 7,370 [ms], path length: 32 [edges], g_F: 31, g_B: 1, generated: 0, MM: 30, MMPER: 89.9090909090909%
[00:00:00:07:817] 
---------- SM_Grids/8x8_grid_with_random_blocks_16per_9 ----------
[00:00:00:01:135] Path of length 30 found: [0, 1, 2, 3, 4, 5, 13, 21, 20, 28, 27, 26, 18, 17, 16, 24, 32, 33, 41, 42, 50, 51, 52, 44, 45, 37, 38, 39, 47, 55, 63]
[00:00:00:01:135] ! Unidirectional s-t. expansions: 284, time: 1,135 [ms], path length: 30 [edges], generated: 445
[00:00:00:01:712] Path of length 30 found: [63, 55, 47, 39, 38, 37, 45, 53, 52, 51, 43, 42, 41, 33, 32, 24, 16, 17, 18, 26, 27, 28, 20, 21, 13, 5, 4, 3, 2, 1, 0]
[00:00:00:01:712] ! Unidirectional t-s. expansions: 397, time: 1,712 [ms], path length: 30 [edges], generated: 681
[00:00:00:00:737] Path of length 30 found: [0, 1, 2, 3, 4, 5, 13, 21, 20, 28, 27, 26, 18, 17, 16, 24, 32, 33, 41, 42, 50, 51, 52, 53, 45, 37, 38, 39, 47, 55, 63]
[00:00:00:01:229] ! Bidirectional. expansions: 149, time: 737 [ms], path length: 30 [edges], g_F: 21, g_B: 9, generated: 0, MM: 12, MMPER: 37.70967741935484%

[00:00:00:01:229] average expansions: (1,947, 1,632, 1,961, 0)
[00:00:00:01:229] average time: (7,632, 6,590, 7,946, 0)
[00:00:00:01:229] XIDA: 1,632 , 6,590 (expansions , time[ms])
[00:00:00:01:229] BiXIDA: 1,961 , 7,946 (expansions , time[ms])

