------------------------------------
Thu 01 Oct 2026 14:34:23 IDT
SLURM_JOBID:		21950258
SLURM_JOB_NODELIST:	ise-cpu256-01
SLURM_SCRATCH_DIR:	/scratch/shubit/21950258
Allocated Resouces:	cpu - 2 / mem - 61440 MB / gpu - 
SLURM_GPU_INDEX:	
Running as shubit from shimony account with normal QOS
------------------------------------
Thu 01 Oct 2026 14:34:24 IDT

SLURM_JOBID:		 21950258
SLURM_JOB_NODELIST:	 ise-cpu256-01 

--------------------------
date: SM_Grids
number_of_graphs: 10
graph_type: grid
size_of_graphs: [8, 8]
heuristic: bcc_heuristic
snake: True
run_uni: True
run_bi: True
run_multi: False
solution_vertices: []
algorithms: ['DFBnB']
lookahead: 4
bsd: False
cube_first_dims: 4
cube_buffer_dim: None
backward_sym_generation: False
sym_coil: False
prefix_set: None

---------- SM_Grids/8x8_grid_with_random_blocks_8per_0 ----------
[00:00:00:19:387] Path of length 36 found: [0, 8, 16, 17, 18, 10, 2, 3, 4, 5, 6, 7, 15, 23, 22, 21, 20, 28, 27, 35, 34, 33, 41, 49, 57, 58, 59, 60, 61, 53, 45, 37, 38, 39, 47, 55, 63]
[00:00:00:19:387] ! Unidirectional s-t. expansions: 1,209, time: 19,387 [ms], path length: 36 [edges], generated: 20,917
[00:00:00:32:566] Path of length 36 found: [63, 55, 54, 53, 61, 60, 59, 58, 57, 49, 41, 40, 32, 24, 25, 26, 34, 35, 36, 37, 38, 30, 31, 23, 15, 7, 6, 5, 13, 21, 20, 19, 11, 10, 9, 8, 0]
[00:00:00:32:567] ! Unidirectional t-s. expansions: 1,864, time: 32,567 [ms], path length: 36 [edges], generated: 33,174
[00:00:00:19:472] Path of length 36 found: [0, 8, 16, 17, 25, 26, 34, 42, 41, 49, 57, 58, 59, 60, 61, 53, 45, 44, 36, 28, 20, 19, 11, 3, 4, 5, 6, 7, 15, 23, 22, 30, 38, 39, 47, 55, 63]
[00:00:00:19:963] ! Bidirectional. expansions: 1,564, time: 19,472 [ms], path length: 36 [edges], g_F: 18, g_B: 18, generated: 0, MM: 0, MMPER: -1.0%
[00:00:00:19:964] 
---------- SM_Grids/8x8_grid_with_random_blocks_8per_1 ----------
[00:00:00:36:766] Path of length 36 found: [0, 1, 2, 3, 11, 12, 13, 5, 6, 7, 15, 23, 22, 30, 29, 28, 36, 35, 34, 26, 18, 17, 16, 24, 32, 40, 48, 49, 50, 51, 59, 60, 61, 53, 54, 55, 63]
[00:00:00:36:766] ! Unidirectional s-t. expansions: 4,235, time: 36,766 [ms], path length: 36 [edges], generated: 46,113
[00:00:00:38:074] Path of length 36 found: [63, 55, 54, 53, 61, 60, 59, 51, 50, 49, 41, 40, 32, 24, 16, 17, 18, 26, 34, 35, 36, 37, 38, 30, 31, 23, 15, 7, 6, 5, 13, 12, 11, 3, 2, 1, 0]
[00:00:00:38:074] ! Unidirectional t-s. expansions: 2,322, time: 38,074 [ms], path length: 36 [edges], generated: 41,512
[00:00:00:30:195] Path of length 36 found: [0, 1, 2, 3, 11, 12, 13, 5, 6, 7, 15, 23, 22, 30, 29, 28, 36, 35, 34, 26, 18, 17, 16, 24, 32, 40, 41, 49, 50, 51, 59, 60, 61, 53, 54, 55, 63]
[00:00:00:30:623] ! Bidirectional. expansions: 1,840, time: 30,195 [ms], path length: 36 [edges], g_F: 18, g_B: 18, generated: 0, MM: 0, MMPER: -1.0%
[00:00:00:30:624] 
---------- SM_Grids/8x8_grid_with_random_blocks_8per_2 ----------
[00:00:00:18:942] Path of length 36 found: [0, 1, 2, 3, 11, 12, 13, 5, 6, 7, 15, 23, 22, 30, 29, 37, 36, 35, 27, 26, 18, 17, 16, 24, 32, 40, 48, 56, 57, 58, 50, 51, 52, 53, 54, 62, 63]
[00:00:00:18:942] ! Unidirectional s-t. expansions: 1,411, time: 18,942 [ms], path length: 36 [edges], generated: 20,619
[00:00:00:15:955] Path of length 36 found: [63, 55, 54, 53, 52, 60, 59, 58, 57, 49, 48, 40, 32, 24, 16, 17, 18, 26, 34, 35, 36, 37, 38, 39, 31, 23, 15, 7, 6, 5, 13, 12, 11, 3, 2, 1, 0]
[00:00:00:15:955] ! Unidirectional t-s. expansions: 1,669, time: 15,955 [ms], path length: 36 [edges], generated: 19,854
[00:00:00:19:862] Path of length 36 found: [0, 8, 16, 24, 25, 26, 18, 10, 11, 12, 13, 5, 6, 7, 15, 23, 22, 30, 29, 37, 36, 35, 43, 42, 41, 40, 48, 56, 57, 58, 59, 60, 52, 53, 54, 55, 63]
[00:00:00:20:289] ! Bidirectional. expansions: 2,595, time: 19,862 [ms], path length: 36 [edges], g_F: 18, g_B: 18, generated: 0, MM: 0, MMPER: -1.0%
[00:00:00:20:289] 
---------- SM_Grids/8x8_grid_with_random_blocks_8per_3 ----------
[00:00:00:08:992] Path of length 38 found: [0, 8, 16, 17, 18, 10, 2, 3, 4, 5, 6, 7, 15, 23, 31, 39, 47, 46, 45, 37, 29, 28, 27, 35, 34, 33, 32, 40, 48, 56, 57, 58, 50, 51, 52, 60, 61, 62, 63]
[00:00:00:08:992] ! Unidirectional s-t. expansions: 400, time: 8,992 [ms], path length: 38 [edges], generated: 8,106
[00:00:00:22:845] Path of length 38 found: [63, 62, 61, 60, 52, 51, 50, 58, 57, 56, 48, 40, 32, 33, 34, 35, 27, 28, 29, 37, 45, 46, 47, 39, 31, 23, 15, 7, 6, 5, 4, 3, 2, 10, 18, 17, 16, 8, 0]
[00:00:00:22:845] ! Unidirectional t-s. expansions: 3,884, time: 22,845 [ms], path length: 38 [edges], generated: 26,939
[00:00:00:09:196] Path of length 38 found: [0, 8, 16, 17, 18, 10, 2, 3, 4, 12, 13, 14, 22, 23, 31, 39, 47, 46, 45, 37, 29, 28, 27, 35, 34, 33, 32, 40, 48, 56, 57, 58, 50, 51, 52, 60, 61, 62, 63]
[00:00:00:09:621] ! Bidirectional. expansions: 696, time: 9,196 [ms], path length: 38 [edges], g_F: 19, g_B: 19, generated: 0, MM: 0, MMPER: -1.0%
[00:00:00:09:621] 
---------- SM_Grids/8x8_grid_with_random_blocks_8per_4 ----------
[00:00:00:14:447] Path of length 36 found: [0, 8, 16, 24, 25, 33, 41, 40, 48, 56, 57, 58, 59, 60, 52, 44, 43, 35, 27, 19, 18, 10, 2, 3, 4, 12, 13, 14, 22, 30, 31, 39, 47, 46, 54, 62, 63]
[00:00:00:14:448] ! Unidirectional s-t. expansions: 864, time: 14,447 [ms], path length: 36 [edges], generated: 14,208
[00:00:00:11:888] Path of length 36 found: [63, 62, 54, 46, 47, 39, 31, 30, 22, 14, 13, 12, 4, 3, 2, 10, 18, 19, 27, 28, 36, 44, 52, 51, 59, 58, 57, 56, 48, 40, 41, 33, 25, 24, 16, 8, 0]
[00:00:00:11:888] ! Unidirectional t-s. expansions: 605, time: 11,888 [ms], path length: 36 [edges], generated: 11,467
[00:00:00:13:806] Path of length 36 found: [0, 8, 16, 24, 25, 33, 41, 40, 48, 56, 57, 58, 59, 60, 52, 44, 36, 28, 27, 19, 18, 10, 2, 3, 4, 12, 13, 14, 22, 30, 31, 39, 47, 46, 54, 62, 63]
[00:00:00:14:233] ! Bidirectional. expansions: 878, time: 13,806 [ms], path length: 36 [edges], g_F: 18, g_B: 18, generated: 0, MM: 0, MMPER: -1.0%
[00:00:00:14:234] 
---------- SM_Grids/8x8_grid_with_random_blocks_8per_5 ----------
[00:00:00:11:616] Path of length 38 found: [0, 1, 2, 3, 11, 12, 13, 5, 6, 7, 15, 23, 22, 30, 29, 28, 36, 44, 43, 42, 34, 26, 18, 17, 16, 24, 32, 40, 48, 56, 57, 58, 59, 60, 61, 53, 54, 55, 63]
[00:00:00:11:617] ! Unidirectional s-t. expansions: 453, time: 11,616 [ms], path length: 38 [edges], generated: 9,826
[00:00:00:12:048] Path of length 38 found: [63, 55, 54, 53, 61, 60, 59, 58, 57, 49, 48, 40, 32, 24, 16, 17, 18, 26, 34, 42, 43, 44, 36, 28, 29, 30, 22, 23, 15, 7, 6, 5, 13, 12, 11, 3, 2, 1, 0]
[00:00:00:12:048] ! Unidirectional t-s. expansions: 675, time: 12,048 [ms], path length: 38 [edges], generated: 12,330
[00:00:00:16:453] Path of length 38 found: [0, 1, 2, 3, 11, 12, 13, 5, 6, 7, 15, 23, 22, 30, 38, 37, 36, 44, 43, 42, 34, 26, 18, 17, 16, 24, 32, 40, 48, 49, 57, 58, 59, 60, 61, 53, 54, 55, 63]
[00:00:00:16:883] ! Bidirectional. expansions: 1,130, time: 16,453 [ms], path length: 38 [edges], g_F: 19, g_B: 19, generated: 0, MM: 0, MMPER: -1.0%
[00:00:00:16:884] 
---------- SM_Grids/8x8_grid_with_random_blocks_8per_6 ----------
[00:00:01:17:030] Path of length 36 found: [0, 8, 9, 10, 2, 3, 4, 5, 6, 14, 15, 23, 31, 39, 38, 37, 29, 21, 20, 19, 27, 26, 25, 24, 32, 40, 48, 49, 50, 42, 43, 44, 52, 53, 61, 62, 63]
[00:00:01:17:030] ! Unidirectional s-t. expansions: 3,526, time: 77,030 [ms], path length: 36 [edges], generated: 74,954
[00:00:00:36:430] Path of length 36 found: [63, 62, 61, 53, 52, 44, 43, 42, 50, 49, 48, 40, 32, 24, 25, 26, 27, 19, 20, 21, 29, 37, 38, 39, 31, 23, 15, 14, 6, 5, 4, 3, 2, 10, 9, 8, 0]
[00:00:00:36:430] ! Unidirectional t-s. expansions: 1,465, time: 36,430 [ms], path length: 36 [edges], generated: 34,856
[00:00:00:39:315] Path of length 36 found: [0, 8, 9, 10, 2, 3, 4, 5, 6, 14, 15, 23, 31, 39, 38, 37, 29, 21, 20, 19, 27, 26, 25, 24, 32, 40, 48, 49, 50, 42, 43, 44, 52, 53, 54, 62, 63]
[00:00:00:39:741] ! Bidirectional. expansions: 2,892, time: 39,315 [ms], path length: 36 [edges], g_F: 18, g_B: 18, generated: 0, MM: 0, MMPER: -1.0%
[00:00:00:39:741] 
---------- SM_Grids/8x8_grid_with_random_blocks_8per_7 ----------
[00:00:00:25:349] Path of length 38 found: [0, 8, 16, 17, 18, 10, 2, 3, 4, 5, 6, 14, 22, 23, 31, 39, 47, 46, 45, 37, 29, 28, 27, 35, 34, 33, 32, 40, 48, 56, 57, 58, 50, 51, 52, 60, 61, 62, 63]
[00:00:00:25:349] ! Unidirectional s-t. expansions: 1,767, time: 25,349 [ms], path length: 38 [edges], generated: 26,456
[00:00:00:20:521] Path of length 38 found: [63, 62, 61, 60, 52, 51, 50, 58, 57, 56, 48, 40, 41, 33, 34, 35, 27, 28, 29, 37, 45, 46, 47, 39, 31, 23, 22, 14, 6, 5, 4, 12, 11, 10, 18, 17, 16, 8, 0]
[00:00:00:20:521] ! Unidirectional t-s. expansions: 1,427, time: 20,521 [ms], path length: 38 [edges], generated: 19,712
[00:00:00:21:952] Path of length 38 found: [0, 8, 16, 17, 18, 10, 2, 3, 4, 5, 6, 14, 22, 23, 31, 39, 47, 46, 45, 37, 29, 28, 27, 35, 34, 33, 32, 40, 48, 56, 57, 58, 50, 51, 52, 60, 61, 62, 63]
[00:00:00:22:381] ! Bidirectional. expansions: 2,334, time: 21,952 [ms], path length: 38 [edges], g_F: 19, g_B: 19, generated: 0, MM: 0, MMPER: -1.0%
[00:00:00:22:381] 
---------- SM_Grids/8x8_grid_with_random_blocks_8per_8 ----------
[00:00:00:11:227] Path of length 38 found: [0, 1, 2, 3, 11, 19, 18, 17, 16, 24, 32, 33, 41, 49, 57, 58, 59, 51, 43, 35, 36, 28, 29, 21, 13, 5, 6, 7, 15, 23, 31, 39, 38, 46, 45, 53, 61, 62, 63]
[00:00:00:11:227] ! Unidirectional s-t. expansions: 789, time: 11,227 [ms], path length: 38 [edges], generated: 11,176
[00:00:00:30:269] Path of length 38 found: [63, 62, 61, 53, 45, 46, 38, 39, 31, 23, 15, 7, 6, 5, 13, 21, 29, 28, 36, 35, 43, 51, 59, 58, 57, 49, 41, 33, 32, 24, 16, 17, 18, 19, 11, 3, 2, 1, 0]
[00:00:00:30:270] ! Unidirectional t-s. expansions: 3,286, time: 30,269 [ms], path length: 38 [edges], generated: 32,345
[00:00:00:21:400] Path of length 38 found: [0, 1, 2, 3, 11, 19, 18, 17, 16, 24, 32, 33, 41, 49, 57, 58, 59, 51, 43, 35, 36, 28, 29, 21, 13, 5, 6, 7, 15, 23, 31, 39, 38, 46, 45, 53, 61, 62, 63]
[00:00:00:21:832] ! Bidirectional. expansions: 1,791, time: 21,400 [ms], path length: 38 [edges], g_F: 19, g_B: 19, generated: 0, MM: 0, MMPER: -1.0%
[00:00:00:21:832] 
---------- SM_Grids/8x8_grid_with_random_blocks_8per_9 ----------
[00:00:00:21:204] Path of length 36 found: [0, 8, 16, 24, 32, 40, 48, 56, 57, 58, 50, 42, 34, 35, 36, 28, 20, 19, 18, 10, 2, 3, 4, 5, 6, 14, 22, 30, 31, 39, 47, 46, 45, 53, 61, 62, 63]
[00:00:00:21:204] ! Unidirectional s-t. expansions: 1,268, time: 21,204 [ms], path length: 36 [edges], generated: 22,840
[00:00:00:24:999] Path of length 36 found: [63, 62, 61, 60, 52, 51, 50, 58, 57, 56, 48, 40, 32, 24, 25, 26, 34, 35, 36, 37, 45, 46, 47, 39, 31, 30, 22, 14, 6, 5, 4, 12, 11, 10, 2, 1, 0]
[00:00:00:25:000] ! Unidirectional t-s. expansions: 1,132, time: 24,999 [ms], path length: 36 [edges], generated: 23,636
[00:00:00:22:845] Path of length 36 found: [0, 8, 16, 24, 32, 40, 48, 56, 57, 58, 59, 51, 43, 35, 36, 28, 20, 19, 18, 10, 2, 3, 4, 5, 6, 14, 22, 30, 31, 39, 47, 46, 45, 53, 61, 62, 63]
[00:00:00:23:299] ! Bidirectional. expansions: 1,245, time: 22,845 [ms], path length: 36 [edges], g_F: 18, g_B: 18, generated: 0, MM: 0, MMPER: -1.0%

[00:00:00:23:300] average expansions: (1,592, 1,833, 1,696, 0)
[00:00:00:23:300] average time: (24,496, 24,560, 21,450, 0)
[00:00:00:23:300] XDFBnB: 1,592 , 24,496 (expansions , time[ms])
[00:00:00:23:300] BiXDFBnB: 1,696 , 21,450 (expansions , time[ms])

