------------------------------------
Thu 01 Oct 2026 14:37:00 IDT
SLURM_JOBID:		21950269
SLURM_JOB_NODELIST:	ise-cpu256-29
SLURM_SCRATCH_DIR:	/scratch/shubit/21950269
Allocated Resouces:	cpu - 2 / mem - 61440 MB / gpu - 
SLURM_GPU_INDEX:	
Running as shubit from shimony account with normal QOS
------------------------------------
Thu 01 Oct 2026 14:37:00 IDT

SLURM_JOBID:		 21950269
SLURM_JOB_NODELIST:	 ise-cpu256-29 

--------------------------
date: SM_Grids
number_of_graphs: 10
graph_type: grid
size_of_graphs: [8, 8]
heuristic: bcc_heuristic
snake: True
run_uni: True
run_bi: True
run_multi: False
solution_vertices: []
algorithms: ['DFBnB']
lookahead: 3
bsd: False
cube_first_dims: 4
cube_buffer_dim: None
backward_sym_generation: False
sym_coil: False
prefix_set: None

---------- SM_Grids/8x8_grid_with_random_blocks_16per_0 ----------
[00:00:00:01:474] Path of length 32 found: [0, 1, 9, 10, 18, 26, 25, 24, 32, 40, 48, 49, 50, 42, 43, 35, 36, 28, 20, 12, 13, 5, 6, 7, 15, 23, 22, 30, 38, 46, 47, 55, 63]
[00:00:00:01:475] ! Unidirectional s-t. expansions: 370, time: 1,475 [ms], path length: 32 [edges], generated: 1,676
[00:00:00:00:428] Path of length 32 found: [63, 55, 47, 39, 38, 30, 22, 23, 15, 7, 6, 5, 13, 12, 20, 28, 36, 44, 43, 51, 50, 49, 48, 40, 32, 24, 25, 26, 18, 10, 2, 1, 0]
[00:00:00:00:428] ! Unidirectional t-s. expansions: 65, time: 428 [ms], path length: 32 [edges], generated: 422
[00:00:00:01:110] Path of length 32 found: [0, 1, 9, 10, 18, 26, 25, 24, 32, 40, 48, 49, 50, 42, 43, 35, 36, 28, 20, 12, 13, 5, 6, 7, 15, 23, 22, 30, 38, 39, 47, 55, 63]
[00:00:00:01:601] ! Bidirectional. expansions: 99, time: 1,110 [ms], path length: 32 [edges], g_F: 15, g_B: 17, generated: 0, MM: 2, MMPER: 5.0606060606060606%
[00:00:00:01:601] 
---------- SM_Grids/8x8_grid_with_random_blocks_16per_1 ----------
[00:00:00:01:576] Path of length 28 found: [0, 8, 16, 24, 32, 33, 41, 42, 43, 35, 27, 26, 18, 10, 2, 3, 4, 12, 20, 21, 22, 23, 31, 39, 38, 46, 54, 62, 63]
[00:00:00:01:577] ! Unidirectional s-t. expansions: 302, time: 1,577 [ms], path length: 28 [edges], generated: 1,547
[00:00:00:01:649] Path of length 28 found: [63, 55, 54, 46, 38, 39, 31, 23, 22, 21, 20, 12, 4, 3, 2, 10, 18, 26, 27, 35, 43, 42, 41, 33, 32, 24, 16, 8, 0]
[00:00:00:01:649] ! Unidirectional t-s. expansions: 115, time: 1,649 [ms], path length: 28 [edges], generated: 1,242
[00:00:00:05:444] Path of length 28 found: [0, 8, 16, 24, 32, 33, 41, 42, 43, 35, 27, 26, 18, 10, 2, 3, 4, 12, 20, 21, 22, 23, 31, 39, 38, 46, 54, 55, 63]
[00:00:00:05:914] ! Bidirectional. expansions: 284, time: 5,444 [ms], path length: 28 [edges], g_F: 18, g_B: 10, generated: 0, MM: 8, MMPER: 26.586206896551722%
[00:00:00:05:914] 
---------- SM_Grids/8x8_grid_with_random_blocks_16per_2 ----------
[00:00:00:05:375] Path of length 28 found: [0, 8, 16, 24, 32, 40, 48, 56, 57, 58, 50, 42, 34, 26, 18, 19, 20, 28, 29, 30, 38, 46, 45, 44, 52, 60, 61, 62, 63]
[00:00:00:05:376] ! Unidirectional s-t. expansions: 482, time: 5,376 [ms], path length: 28 [edges], generated: 5,025
[00:00:00:05:756] Path of length 28 found: [63, 55, 47, 46, 38, 30, 29, 21, 20, 19, 18, 26, 34, 42, 43, 44, 52, 60, 59, 58, 57, 49, 48, 40, 32, 24, 16, 8, 0]
[00:00:00:05:756] ! Unidirectional t-s. expansions: 685, time: 5,756 [ms], path length: 28 [edges], generated: 4,980
[00:00:00:09:363] Path of length 28 found: [0, 8, 16, 24, 32, 40, 48, 56, 57, 58, 59, 60, 52, 44, 43, 42, 34, 26, 18, 19, 20, 21, 29, 30, 38, 46, 47, 55, 63]
[00:00:00:09:817] ! Bidirectional. expansions: 520, time: 9,363 [ms], path length: 28 [edges], g_F: 17, g_B: 11, generated: 0, MM: 6, MMPER: 19.689655172413794%
[00:00:00:09:817] 
---------- SM_Grids/8x8_grid_with_random_blocks_16per_3 ----------
[00:00:00:03:538] Path of length 30 found: [0, 8, 16, 17, 18, 10, 11, 12, 13, 14, 15, 23, 31, 30, 29, 28, 27, 35, 34, 33, 41, 49, 50, 51, 52, 44, 45, 46, 54, 62, 63]
[00:00:00:03:539] ! Unidirectional s-t. expansions: 330, time: 3,538 [ms], path length: 30 [edges], generated: 3,315
[00:00:00:04:176] Path of length 30 found: [63, 55, 47, 46, 45, 53, 52, 51, 50, 49, 41, 33, 34, 35, 36, 28, 29, 30, 31, 23, 15, 14, 13, 12, 11, 10, 18, 17, 16, 8, 0]
[00:00:00:04:176] ! Unidirectional t-s. expansions: 273, time: 4,176 [ms], path length: 30 [edges], generated: 3,159
[00:00:00:10:846] Path of length 30 found: [0, 8, 16, 17, 18, 10, 11, 12, 13, 14, 15, 23, 31, 30, 29, 28, 27, 35, 34, 33, 41, 49, 50, 51, 52, 53, 45, 46, 47, 55, 63]
[00:00:00:11:306] ! Bidirectional. expansions: 685, time: 10,847 [ms], path length: 30 [edges], g_F: 16, g_B: 14, generated: 0, MM: 2, MMPER: 5.451612903225806%
[00:00:00:11:306] 
---------- SM_Grids/8x8_grid_with_random_blocks_16per_4 ----------
[00:00:00:01:729] Path of length 30 found: [0, 8, 16, 17, 18, 10, 11, 12, 13, 14, 22, 30, 29, 28, 27, 35, 34, 33, 32, 40, 48, 49, 50, 51, 52, 44, 45, 46, 54, 62, 63]
[00:00:00:01:729] ! Unidirectional s-t. expansions: 159, time: 1,729 [ms], path length: 30 [edges], generated: 1,433
[00:00:00:03:904] Path of length 30 found: [63, 55, 47, 46, 45, 44, 52, 51, 50, 49, 48, 40, 32, 33, 34, 35, 27, 28, 29, 30, 22, 14, 13, 12, 11, 10, 18, 17, 16, 8, 0]
[00:00:00:03:905] ! Unidirectional t-s. expansions: 439, time: 3,904 [ms], path length: 30 [edges], generated: 3,410
[00:00:00:11:441] Path of length 30 found: [0, 8, 16, 17, 18, 10, 11, 12, 13, 14, 22, 30, 29, 28, 27, 35, 34, 33, 32, 40, 48, 49, 50, 51, 52, 53, 45, 46, 47, 55, 63]
[00:00:00:11:904] ! Bidirectional. expansions: 386, time: 11,441 [ms], path length: 30 [edges], g_F: 17, g_B: 13, generated: 0, MM: 4, MMPER: 11.903225806451612%
[00:00:00:11:904] 
---------- SM_Grids/8x8_grid_with_random_blocks_16per_5 ----------
[00:00:00:07:018] Path of length 28 found: [0, 1, 9, 17, 16, 24, 32, 33, 34, 35, 36, 28, 20, 19, 11, 3, 4, 5, 6, 14, 15, 23, 31, 30, 38, 46, 54, 55, 63]
[00:00:00:07:019] ! Unidirectional s-t. expansions: 2,057, time: 7,018 [ms], path length: 28 [edges], generated: 8,661
[00:00:00:01:986] Path of length 28 found: [63, 55, 47, 46, 45, 53, 61, 60, 59, 51, 43, 35, 36, 28, 29, 30, 31, 23, 15, 14, 6, 5, 4, 12, 11, 10, 2, 1, 0]
[00:00:00:01:986] ! Unidirectional t-s. expansions: 283, time: 1,986 [ms], path length: 28 [edges], generated: 1,849
[00:00:00:07:477] Path of length 28 found: [0, 8, 9, 10, 2, 3, 4, 5, 6, 14, 15, 23, 31, 30, 29, 28, 36, 35, 43, 51, 59, 60, 61, 53, 45, 46, 47, 55, 63]
[00:00:00:07:930] ! Bidirectional. expansions: 485, time: 7,477 [ms], path length: 28 [edges], g_F: 16, g_B: 12, generated: 0, MM: 4, MMPER: 12.793103448275861%
[00:00:00:07:930] 
---------- SM_Grids/8x8_grid_with_random_blocks_16per_6 ----------
[00:00:00:00:950] Path of length 34 found: [0, 1, 9, 17, 16, 24, 32, 40, 48, 49, 50, 42, 34, 26, 27, 19, 20, 21, 13, 5, 6, 7, 15, 23, 31, 30, 38, 37, 36, 44, 52, 53, 54, 62, 63]
[00:00:00:00:950] ! Unidirectional s-t. expansions: 88, time: 950 [ms], path length: 34 [edges], generated: 712
[00:00:00:00:808] Path of length 34 found: [63, 55, 54, 53, 52, 44, 36, 37, 38, 30, 31, 23, 15, 7, 6, 5, 13, 21, 20, 19, 27, 26, 34, 42, 50, 49, 48, 40, 32, 24, 16, 17, 9, 1, 0]
[00:00:00:00:809] ! Unidirectional t-s. expansions: 102, time: 809 [ms], path length: 34 [edges], generated: 661
[00:00:00:03:792] Path of length 34 found: [0, 1, 9, 17, 16, 24, 32, 40, 48, 49, 50, 42, 34, 26, 27, 19, 20, 21, 13, 5, 6, 7, 15, 23, 31, 30, 38, 37, 36, 44, 52, 53, 54, 55, 63]
[00:00:00:04:255] ! Bidirectional. expansions: 139, time: 3,793 [ms], path length: 34 [edges], g_F: 20, g_B: 14, generated: 0, MM: 6, MMPER: 16.142857142857142%
[00:00:00:04:255] 
---------- SM_Grids/8x8_grid_with_random_blocks_16per_7 ----------
[00:00:00:03:440] Path of length 32 found: [0, 8, 16, 24, 32, 40, 48, 56, 57, 58, 50, 51, 43, 35, 34, 26, 18, 10, 11, 12, 13, 14, 15, 23, 31, 30, 38, 37, 45, 53, 54, 55, 63]
[00:00:00:03:440] ! Unidirectional s-t. expansions: 689, time: 3,440 [ms], path length: 32 [edges], generated: 3,477
[00:00:00:02:305] Path of length 32 found: [63, 55, 54, 53, 45, 37, 38, 30, 31, 23, 15, 14, 13, 21, 20, 19, 27, 26, 34, 42, 43, 51, 59, 58, 57, 49, 48, 40, 32, 24, 16, 8, 0]
[00:00:00:02:306] ! Unidirectional t-s. expansions: 418, time: 2,305 [ms], path length: 32 [edges], generated: 2,459
[00:00:00:03:896] Path of length 32 found: [0, 8, 16, 24, 32, 40, 48, 56, 57, 58, 50, 51, 43, 35, 27, 26, 18, 10, 11, 12, 13, 14, 15, 23, 31, 30, 38, 37, 45, 53, 54, 55, 63]
[00:00:00:04:366] ! Bidirectional. expansions: 466, time: 3,896 [ms], path length: 32 [edges], g_F: 18, g_B: 14, generated: 0, MM: 4, MMPER: 11.121212121212121%
[00:00:00:04:366] 
---------- SM_Grids/8x8_grid_with_random_blocks_16per_8 ----------
[00:00:00:04:686] Path of length 32 found: [0, 8, 16, 17, 18, 10, 2, 3, 4, 5, 6, 7, 15, 23, 22, 21, 20, 28, 36, 35, 34, 33, 32, 40, 48, 49, 50, 51, 59, 60, 61, 62, 63]
[00:00:00:04:687] ! Unidirectional s-t. expansions: 588, time: 4,686 [ms], path length: 32 [edges], generated: 4,421
[00:00:00:00:848] Path of length 32 found: [63, 62, 61, 60, 59, 51, 50, 49, 48, 40, 32, 33, 34, 35, 36, 28, 29, 21, 22, 23, 15, 7, 6, 5, 4, 3, 11, 19, 18, 17, 9, 1, 0]
[00:00:00:00:848] ! Unidirectional t-s. expansions: 90, time: 848 [ms], path length: 32 [edges], generated: 647
[00:00:00:04:987] Path of length 32 found: [0, 8, 16, 17, 18, 10, 2, 3, 4, 5, 6, 7, 15, 23, 22, 21, 20, 28, 36, 35, 34, 33, 32, 40, 48, 49, 50, 51, 59, 60, 61, 62, 63]
[00:00:00:05:505] ! Bidirectional. expansions: 429, time: 4,987 [ms], path length: 32 [edges], g_F: 17, g_B: 15, generated: 0, MM: 2, MMPER: 5.0606060606060606%
[00:00:00:05:506] 
---------- SM_Grids/8x8_grid_with_random_blocks_16per_9 ----------
[00:00:00:00:266] Path of length 30 found: [0, 1, 2, 3, 4, 5, 13, 21, 20, 28, 27, 26, 18, 17, 16, 24, 32, 33, 41, 42, 50, 51, 52, 44, 45, 37, 38, 39, 47, 55, 63]
[00:00:00:00:267] ! Unidirectional s-t. expansions: 27, time: 266 [ms], path length: 30 [edges], generated: 218
[00:00:00:00:614] Path of length 30 found: [63, 55, 47, 39, 38, 37, 45, 44, 52, 51, 50, 42, 41, 33, 32, 24, 16, 17, 18, 26, 27, 28, 20, 21, 13, 5, 4, 3, 2, 1, 0]
[00:00:00:00:615] ! Unidirectional t-s. expansions: 60, time: 614 [ms], path length: 30 [edges], generated: 505
[00:00:00:00:689] Path of length 30 found: [0, 1, 2, 3, 4, 5, 13, 21, 20, 28, 27, 26, 18, 17, 16, 24, 32, 33, 41, 42, 43, 51, 52, 53, 45, 37, 38, 39, 47, 55, 63]
[00:00:00:01:148] ! Bidirectional. expansions: 28, time: 689 [ms], path length: 30 [edges], g_F: 18, g_B: 12, generated: 0, MM: 6, MMPER: 18.35483870967742%

[00:00:00:01:148] average expansions: (509, 253, 352, 0)
[00:00:00:01:148] average time: (3,006, 2,248, 5,905, 0)
[00:00:00:01:148] XDFBnB: 253 , 2,248 (expansions , time[ms])
[00:00:00:01:148] BiXDFBnB: 352 , 5,905 (expansions , time[ms])

