------------------------------------
Thu 01 Oct 2026 11:13:45 IDT
SLURM_JOBID:		21943027
SLURM_JOB_NODELIST:	ise-cpu256-01
SLURM_SCRATCH_DIR:	/scratch/shubit/21943027
Allocated Resouces:	cpu - 2 / mem - 61440 MB / gpu - 
SLURM_GPU_INDEX:	
Running as shubit from shimony account with normal QOS
------------------------------------
Thu 01 Oct 2026 11:13:45 IDT

SLURM_JOBID:		 21943027
SLURM_JOB_NODELIST:	 ise-cpu256-01 

--------------------------
date: SM_Grids
number_of_graphs: 10
graph_type: grid
size_of_graphs: [8, 8]
heuristic: bcc_heuristic
snake: True
run_uni: True
run_bi: True
run_multi: False
solution_vertices: []
algorithms: ['A']
lookahead: 3
bsd: False
cube_first_dims: 4
cube_buffer_dim: None
backward_sym_generation: False
sym_coil: False
prefix_set: None

---------- SM_Grids/8x8_grid_with_random_blocks_12per_0 ----------
[00:00:00:01:732] Path of length 36 found: [0, 8, 16, 24, 25, 33, 41, 40, 48, 56, 57, 58, 59, 60, 61, 53, 45, 44, 43, 35, 27, 19, 18, 10, 2, 3, 4, 12, 13, 21, 22, 30, 31, 39, 47, 55, 63]
[00:00:00:01:733] ! Unidirectional s-t. expansions: 153, time: 1,732 [ms], path length: 36 [edges], generated: 1,256
[00:00:00:01:106] Path of length 36 found: [63, 55, 47, 39, 31, 30, 22, 14, 13, 12, 4, 3, 2, 10, 18, 19, 27, 28, 36, 37, 45, 53, 61, 60, 59, 58, 57, 56, 48, 40, 41, 33, 25, 24, 16, 8, 0]
[00:00:00:01:107] ! Unidirectional t-s. expansions: 92, time: 1,106 [ms], path length: 36 [edges], generated: 905
[00:00:00:02:420] Path of length 36 found: [0, 8, 16, 24, 25, 33, 41, 40, 48, 56, 57, 58, 50, 51, 52, 53, 45, 37, 36, 28, 27, 19, 18, 10, 2, 3, 4, 12, 13, 21, 22, 30, 31, 39, 47, 55, 63]
[00:00:00:02:893] ! Bidirectional. expansions: 104, time: 2,421 [ms], path length: 36 [edges], g_F: 15, g_B: 21, generated: 0, MM: 6, MMPER: 15.216216216216218%
[00:00:00:02:893] 
---------- SM_Grids/8x8_grid_with_random_blocks_12per_1 ----------
[00:00:00:05:238] Path of length 32 found: [0, 8, 9, 10, 2, 3, 4, 5, 6, 14, 22, 21, 20, 19, 27, 26, 25, 33, 41, 49, 50, 58, 59, 60, 52, 44, 36, 37, 38, 39, 47, 55, 63]
[00:00:00:05:238] ! Unidirectional s-t. expansions: 494, time: 5,238 [ms], path length: 32 [edges], generated: 4,635
[00:00:00:08:972] Path of length 32 found: [63, 55, 47, 39, 38, 37, 45, 53, 61, 60, 59, 51, 50, 49, 41, 33, 34, 26, 27, 19, 20, 21, 22, 14, 6, 5, 4, 3, 2, 10, 9, 8, 0]
[00:00:00:08:972] ! Unidirectional t-s. expansions: 883, time: 8,972 [ms], path length: 32 [edges], generated: 8,380
[00:00:00:23:004] Path of length 32 found: [0, 8, 9, 10, 2, 3, 4, 5, 6, 14, 22, 21, 20, 19, 27, 26, 25, 33, 41, 42, 50, 58, 59, 60, 52, 44, 36, 37, 38, 39, 47, 55, 63]
[00:00:00:23:453] ! Bidirectional. expansions: 1,119, time: 23,004 [ms], path length: 32 [edges], g_F: 17, g_B: 15, generated: 0, MM: 2, MMPER: 5.0606060606060606%
[00:00:00:23:454] 
---------- SM_Grids/8x8_grid_with_random_blocks_12per_2 ----------
[00:00:00:01:865] Path of length 34 found: [0, 1, 2, 3, 4, 5, 13, 14, 15, 23, 31, 30, 38, 46, 45, 44, 36, 28, 20, 19, 18, 17, 16, 24, 32, 33, 34, 42, 50, 58, 59, 60, 61, 62, 63]
[00:00:00:01:865] ! Unidirectional s-t. expansions: 151, time: 1,865 [ms], path length: 34 [edges], generated: 1,422
[00:00:00:02:691] Path of length 34 found: [63, 55, 47, 46, 38, 30, 31, 23, 15, 14, 13, 5, 4, 3, 2, 10, 18, 19, 27, 28, 36, 44, 52, 60, 59, 58, 50, 42, 34, 33, 25, 24, 16, 8, 0]
[00:00:00:02:691] ! Unidirectional t-s. expansions: 224, time: 2,691 [ms], path length: 34 [edges], generated: 2,220
[00:00:00:07:650] Path of length 34 found: [0, 1, 2, 3, 4, 5, 13, 14, 15, 23, 31, 30, 38, 46, 45, 44, 36, 28, 27, 19, 18, 17, 16, 24, 32, 33, 34, 42, 50, 51, 59, 60, 61, 62, 63]
[00:00:00:08:100] ! Bidirectional. expansions: 287, time: 7,650 [ms], path length: 34 [edges], g_F: 18, g_B: 16, generated: 0, MM: 2, MMPER: 4.714285714285714%
[00:00:00:08:101] 
---------- SM_Grids/8x8_grid_with_random_blocks_12per_3 ----------
[00:00:00:18:113] Path of length 34 found: [0, 8, 16, 24, 32, 33, 41, 49, 57, 58, 59, 60, 52, 44, 43, 35, 27, 19, 18, 10, 2, 3, 4, 12, 13, 14, 15, 23, 31, 30, 38, 46, 54, 62, 63]
[00:00:00:18:113] ! Unidirectional s-t. expansions: 2,424, time: 18,113 [ms], path length: 34 [edges], generated: 18,929
[00:00:00:20:246] Path of length 34 found: [63, 55, 54, 46, 45, 37, 29, 30, 31, 23, 15, 7, 6, 5, 4, 12, 20, 19, 27, 35, 43, 51, 59, 58, 57, 49, 41, 33, 32, 24, 16, 17, 9, 1, 0]
[00:00:00:20:247] ! Unidirectional t-s. expansions: 2,960, time: 20,247 [ms], path length: 34 [edges], generated: 21,432
[00:00:00:22:664] Path of length 34 found: [0, 1, 2, 3, 4, 12, 13, 14, 15, 23, 31, 30, 29, 37, 45, 44, 43, 35, 27, 26, 18, 17, 16, 24, 32, 33, 41, 49, 50, 58, 59, 60, 61, 62, 63]
[00:00:00:23:104] ! Bidirectional. expansions: 1,591, time: 22,664 [ms], path length: 34 [edges], g_F: 14, g_B: 20, generated: 0, MM: 6, MMPER: 16.142857142857142%
[00:00:00:23:105] 
---------- SM_Grids/8x8_grid_with_random_blocks_12per_4 ----------
[00:00:00:06:607] Path of length 34 found: [0, 8, 16, 17, 18, 10, 11, 12, 4, 5, 6, 14, 22, 23, 31, 39, 38, 37, 29, 28, 27, 35, 34, 33, 41, 49, 57, 58, 59, 51, 52, 53, 61, 62, 63]
[00:00:00:06:607] ! Unidirectional s-t. expansions: 503, time: 6,607 [ms], path length: 34 [edges], generated: 4,989
[00:00:00:10:374] Path of length 34 found: [63, 55, 54, 53, 61, 60, 59, 58, 57, 49, 41, 42, 34, 35, 27, 28, 29, 37, 38, 39, 31, 23, 22, 14, 6, 5, 4, 12, 11, 10, 18, 17, 16, 8, 0]
[00:00:00:10:374] ! Unidirectional t-s. expansions: 672, time: 10,374 [ms], path length: 34 [edges], generated: 8,269
[00:00:00:22:974] Path of length 34 found: [0, 8, 16, 24, 25, 26, 18, 10, 11, 12, 4, 5, 6, 14, 22, 23, 31, 39, 38, 37, 36, 35, 43, 42, 41, 49, 57, 58, 59, 60, 61, 53, 54, 55, 63]
[00:00:00:23:423] ! Bidirectional. expansions: 839, time: 22,974 [ms], path length: 34 [edges], g_F: 19, g_B: 15, generated: 0, MM: 4, MMPER: 10.428571428571429%
[00:00:00:23:423] 
---------- SM_Grids/8x8_grid_with_random_blocks_12per_5 ----------
[00:00:00:13:195] Path of length 34 found: [0, 1, 2, 3, 4, 5, 13, 14, 15, 23, 31, 39, 47, 46, 45, 37, 29, 28, 20, 19, 18, 17, 16, 24, 32, 40, 41, 42, 50, 58, 59, 60, 61, 62, 63]
[00:00:00:13:196] ! Unidirectional s-t. expansions: 1,109, time: 13,196 [ms], path length: 34 [edges], generated: 11,209
[00:00:00:11:945] Path of length 34 found: [63, 55, 47, 39, 31, 23, 15, 14, 6, 5, 4, 3, 11, 19, 20, 28, 29, 37, 45, 53, 61, 60, 59, 51, 43, 35, 34, 33, 32, 24, 16, 17, 9, 1, 0]
[00:00:00:11:946] ! Unidirectional t-s. expansions: 1,049, time: 11,945 [ms], path length: 34 [edges], generated: 10,239
[00:00:00:21:497] Path of length 34 found: [0, 1, 2, 3, 4, 5, 13, 14, 15, 23, 31, 30, 29, 28, 20, 19, 18, 17, 16, 24, 32, 33, 34, 35, 43, 51, 59, 60, 61, 53, 45, 46, 47, 55, 63]
[00:00:00:21:933] ! Bidirectional. expansions: 937, time: 21,498 [ms], path length: 34 [edges], g_F: 21, g_B: 13, generated: 0, MM: 8, MMPER: 21.857142857142858%
[00:00:00:21:934] 
---------- SM_Grids/8x8_grid_with_random_blocks_12per_6 ----------
[00:00:00:08:790] Path of length 34 found: [0, 8, 9, 10, 2, 3, 4, 5, 6, 7, 15, 23, 22, 21, 20, 19, 27, 26, 25, 24, 32, 40, 48, 49, 50, 42, 43, 44, 36, 37, 38, 46, 54, 62, 63]
[00:00:00:08:790] ! Unidirectional s-t. expansions: 807, time: 8,790 [ms], path length: 34 [edges], generated: 7,271
[00:00:00:04:229] Path of length 34 found: [63, 62, 54, 46, 38, 37, 36, 44, 43, 42, 50, 49, 48, 40, 32, 24, 25, 26, 27, 19, 20, 21, 22, 23, 15, 7, 6, 5, 4, 3, 2, 10, 9, 8, 0]
[00:00:00:04:230] ! Unidirectional t-s. expansions: 321, time: 4,229 [ms], path length: 34 [edges], generated: 3,378
[00:00:00:13:847] Path of length 34 found: [0, 8, 9, 10, 2, 3, 4, 5, 6, 7, 15, 23, 22, 21, 20, 19, 27, 26, 25, 24, 32, 40, 48, 49, 50, 42, 43, 44, 36, 37, 38, 46, 54, 62, 63]
[00:00:00:14:314] ! Bidirectional. expansions: 633, time: 13,847 [ms], path length: 34 [edges], g_F: 22, g_B: 12, generated: 0, MM: 10, MMPER: 27.571428571428573%
[00:00:00:14:315] 
---------- SM_Grids/8x8_grid_with_random_blocks_12per_7 ----------
[00:00:00:06:499] Path of length 36 found: [0, 8, 9, 10, 18, 19, 20, 12, 13, 5, 6, 7, 15, 23, 22, 30, 38, 37, 36, 44, 43, 42, 34, 33, 32, 40, 48, 56, 57, 58, 59, 60, 61, 53, 54, 55, 63]
[00:00:00:06:499] ! Unidirectional s-t. expansions: 572, time: 6,499 [ms], path length: 36 [edges], generated: 5,399
[00:00:00:09:536] Path of length 36 found: [63, 55, 47, 39, 38, 30, 22, 23, 15, 7, 6, 5, 13, 12, 20, 19, 27, 26, 34, 42, 43, 44, 45, 53, 61, 60, 59, 58, 57, 49, 48, 40, 32, 24, 16, 8, 0]
[00:00:00:09:536] ! Unidirectional t-s. expansions: 1,009, time: 9,536 [ms], path length: 36 [edges], generated: 8,639
[00:00:00:14:895] Path of length 36 found: [0, 8, 9, 10, 18, 26, 25, 24, 32, 40, 48, 56, 57, 58, 59, 60, 61, 53, 45, 44, 36, 28, 20, 12, 13, 5, 6, 7, 15, 23, 22, 30, 38, 39, 47, 55, 63]
[00:00:00:15:329] ! Bidirectional. expansions: 770, time: 14,896 [ms], path length: 36 [edges], g_F: 20, g_B: 16, generated: 0, MM: 4, MMPER: 9.81081081081081%
[00:00:00:15:329] 
---------- SM_Grids/8x8_grid_with_random_blocks_12per_8 ----------
[00:00:00:04:687] Path of length 36 found: [0, 1, 2, 10, 18, 17, 16, 24, 32, 33, 41, 49, 57, 58, 59, 60, 52, 44, 43, 35, 27, 28, 20, 12, 4, 5, 6, 7, 15, 23, 22, 30, 38, 46, 47, 55, 63]
[00:00:00:04:687] ! Unidirectional s-t. expansions: 348, time: 4,687 [ms], path length: 36 [edges], generated: 3,562
[00:00:00:04:547] Path of length 36 found: [63, 55, 47, 39, 38, 37, 29, 21, 22, 23, 15, 7, 6, 5, 4, 3, 2, 10, 18, 26, 27, 35, 43, 44, 52, 60, 59, 58, 57, 49, 41, 33, 32, 24, 16, 8, 0]
[00:00:00:04:548] ! Unidirectional t-s. expansions: 442, time: 4,547 [ms], path length: 36 [edges], generated: 3,783
[00:00:00:12:304] Path of length 36 found: [0, 1, 2, 10, 18, 17, 16, 24, 32, 33, 41, 49, 57, 58, 59, 60, 52, 44, 43, 35, 27, 28, 20, 12, 4, 5, 6, 7, 15, 23, 22, 30, 38, 39, 47, 55, 63]
[00:00:00:12:728] ! Bidirectional. expansions: 579, time: 12,304 [ms], path length: 36 [edges], g_F: 18, g_B: 18, generated: 0, MM: 0, MMPER: -1.0%
[00:00:00:12:728] 
---------- SM_Grids/8x8_grid_with_random_blocks_12per_9 ----------
[00:00:00:11:739] Path of length 36 found: [0, 8, 9, 10, 11, 19, 20, 21, 13, 5, 6, 7, 15, 23, 31, 30, 38, 37, 36, 35, 34, 26, 25, 24, 32, 40, 48, 56, 57, 58, 50, 51, 52, 60, 61, 62, 63]
[00:00:00:11:740] ! Unidirectional s-t. expansions: 1,382, time: 11,739 [ms], path length: 36 [edges], generated: 11,058
[00:00:00:13:311] Path of length 36 found: [63, 62, 61, 53, 45, 46, 38, 30, 31, 23, 15, 7, 6, 5, 13, 21, 20, 28, 36, 35, 43, 51, 50, 58, 57, 56, 48, 40, 41, 33, 25, 26, 18, 10, 2, 1, 0]
[00:00:00:13:311] ! Unidirectional t-s. expansions: 1,197, time: 13,311 [ms], path length: 36 [edges], generated: 11,665
[00:00:00:24:148] Path of length 36 found: [0, 1, 9, 10, 11, 12, 4, 5, 6, 7, 15, 23, 31, 30, 29, 28, 36, 35, 34, 26, 25, 24, 32, 40, 48, 56, 57, 58, 59, 60, 61, 53, 45, 46, 47, 55, 63]
[00:00:00:24:579] ! Bidirectional. expansions: 1,480, time: 24,148 [ms], path length: 36 [edges], g_F: 22, g_B: 14, generated: 0, MM: 8, MMPER: 20.62162162162162%

[00:00:00:24:579] average expansions: (794, 885, 834, 0)
[00:00:00:24:579] average time: (7,847, 8,696, 16,541, 0)
[00:00:00:24:579] XA*: 794 , 7,847 (expansions , time[ms])
[00:00:00:24:579] BiXA*: 834 , 16,541 (expansions , time[ms])

