------------------------------------
Thu 01 Oct 2026 11:14:15 IDT
SLURM_JOBID:		21943043
SLURM_JOB_NODELIST:	ise-cpu256-27
SLURM_SCRATCH_DIR:	/scratch/shubit/21943043
Allocated Resouces:	cpu - 2 / mem - 61440 MB / gpu - 
SLURM_GPU_INDEX:	
Running as shubit from shimony account with normal QOS
------------------------------------
Thu 01 Oct 2026 11:14:15 IDT

SLURM_JOBID:		 21943043
SLURM_JOB_NODELIST:	 ise-cpu256-27 

--------------------------
date: SM_Grids
number_of_graphs: 10
graph_type: grid
size_of_graphs: [8, 9]
heuristic: bcc_heuristic
snake: True
run_uni: True
run_bi: True
run_multi: False
solution_vertices: []
algorithms: ['A']
lookahead: 1
bsd: False
cube_first_dims: 4
cube_buffer_dim: None
backward_sym_generation: False
sym_coil: False
prefix_set: None

---------- SM_Grids/8x9_grid_with_random_blocks_8per_0 ----------
[00:00:00:26:104] Path of length 43 found: [0, 1, 2, 11, 20, 19, 18, 27, 36, 45, 54, 63, 64, 65, 56, 47, 38, 39, 30, 31, 22, 13, 4, 5, 6, 7, 8, 17, 26, 25, 24, 33, 42, 41, 50, 49, 58, 67, 68, 69, 60, 61, 62, 71]
[00:00:00:26:104] ! Unidirectional s-t. expansions: 5,208, time: 26,104 [ms], path length: 43 [edges], generated: 8,385
[00:00:00:15:575] Path of length 43 found: [71, 62, 61, 60, 69, 68, 67, 58, 49, 50, 41, 42, 43, 34, 25, 26, 17, 8, 7, 6, 5, 14, 23, 22, 31, 30, 39, 38, 47, 56, 65, 64, 63, 54, 45, 36, 27, 18, 19, 20, 11, 2, 1, 0]
[00:00:00:15:576] ! Unidirectional t-s. expansions: 2,796, time: 15,575 [ms], path length: 43 [edges], generated: 4,797
[00:00:01:19:810] Path of length 43 found: [0, 9, 18, 27, 36, 45, 54, 63, 64, 65, 56, 47, 38, 39, 30, 21, 20, 11, 2, 3, 4, 13, 14, 15, 6, 7, 8, 17, 26, 25, 34, 33, 32, 41, 50, 49, 58, 67, 68, 69, 60, 61, 62, 71]
[00:00:01:20:302] ! Bidirectional. expansions: 8,161, time: 79,810 [ms], path length: 43 [edges], g_F: 42, g_B: 1, generated: 0, MM: 41, MMPER: 92.18181818181819%
[00:00:01:20:303] 
---------- SM_Grids/8x9_grid_with_random_blocks_8per_1 ----------
[00:00:00:49:012] Expansion 10,000: state None, f=44, g=20
[00:00:01:03:382] Path of length 43 found: [0, 1, 2, 11, 20, 19, 18, 27, 36, 45, 54, 63, 64, 65, 56, 47, 38, 39, 30, 31, 22, 13, 4, 5, 6, 7, 8, 17, 26, 25, 24, 33, 42, 41, 50, 49, 58, 67, 68, 69, 60, 61, 62, 71]
[00:00:01:03:383] ! Unidirectional s-t. expansions: 12,760, time: 63,383 [ms], path length: 43 [edges], generated: 21,075
[00:00:00:42:657] Path of length 43 found: [71, 62, 61, 60, 69, 68, 67, 58, 49, 50, 41, 42, 43, 44, 35, 26, 17, 8, 7, 6, 15, 24, 23, 22, 31, 30, 39, 38, 47, 56, 65, 64, 63, 54, 45, 36, 27, 18, 19, 20, 11, 2, 1, 0]
[00:00:00:42:658] ! Unidirectional t-s. expansions: 7,660, time: 42,658 [ms], path length: 43 [edges], generated: 13,643
[00:00:02:27:684] Path of length 43 found: [0, 9, 18, 27, 36, 45, 54, 63, 64, 65, 56, 47, 38, 39, 30, 21, 20, 11, 2, 3, 4, 13, 14, 15, 6, 7, 8, 17, 26, 25, 34, 33, 32, 41, 50, 49, 58, 67, 68, 69, 60, 61, 62, 71]
[00:00:02:28:145] ! Bidirectional. expansions: 17,636, time: 147,684 [ms], path length: 43 [edges], g_F: 30, g_B: 13, generated: 0, MM: 17, MMPER: 37.63636363636363%
[00:00:02:28:145] 
---------- SM_Grids/8x9_grid_with_random_blocks_8per_2 ----------
[00:00:00:46:954] Path of length 37 found: [0, 1, 2, 11, 20, 19, 18, 27, 36, 37, 38, 47, 56, 57, 58, 49, 40, 41, 42, 33, 24, 23, 22, 13, 4, 5, 6, 7, 16, 17, 26, 35, 44, 53, 52, 61, 70, 71]
[00:00:00:46:954] ! Unidirectional s-t. expansions: 7,627, time: 46,954 [ms], path length: 37 [edges], generated: 15,277
[00:00:00:56:263] Expansion 10,000: state None, f=38, g=11
[00:00:01:01:957] Path of length 37 found: [71, 70, 61, 52, 53, 44, 35, 26, 17, 8, 7, 6, 15, 24, 33, 42, 41, 50, 49, 58, 57, 56, 47, 38, 39, 30, 31, 22, 13, 4, 3, 2, 11, 20, 19, 18, 9, 0]
[00:00:01:01:958] ! Unidirectional t-s. expansions: 10,885, time: 61,957 [ms], path length: 37 [edges], generated: 20,139
[00:00:03:49:136] Path of length 37 found: [0, 1, 2, 11, 20, 19, 18, 27, 36, 37, 38, 47, 56, 57, 58, 49, 40, 41, 32, 23, 22, 13, 4, 5, 6, 15, 16, 25, 34, 35, 44, 53, 52, 51, 60, 69, 70, 71]
[00:00:03:49:594] ! Bidirectional. expansions: 23,421, time: 229,136 [ms], path length: 37 [edges], g_F: 26, g_B: 11, generated: 0, MM: 15, MMPER: 38.473684210526315%
[00:00:03:49:594] 
---------- SM_Grids/8x9_grid_with_random_blocks_8per_3 ----------
[00:00:00:36:958] Path of length 41 found: [0, 1, 2, 3, 12, 13, 14, 5, 6, 7, 16, 25, 24, 33, 32, 31, 40, 49, 48, 47, 38, 29, 20, 19, 18, 27, 36, 45, 54, 63, 64, 65, 66, 67, 68, 59, 60, 51, 52, 53, 62, 71]
[00:00:00:36:958] ! Unidirectional s-t. expansions: 6,865, time: 36,958 [ms], path length: 41 [edges], generated: 11,862
[00:00:00:35:333] Path of length 41 found: [71, 62, 53, 52, 51, 60, 59, 68, 67, 66, 65, 64, 63, 54, 45, 36, 27, 18, 19, 20, 29, 38, 47, 48, 49, 40, 41, 32, 33, 24, 25, 16, 7, 6, 5, 14, 13, 12, 3, 2, 1, 0]
[00:00:00:35:333] ! Unidirectional t-s. expansions: 6,472, time: 35,333 [ms], path length: 41 [edges], generated: 11,614
[00:00:01:42:859] Path of length 41 found: [0, 1, 2, 3, 12, 13, 14, 5, 6, 7, 16, 25, 24, 33, 32, 41, 40, 49, 48, 47, 38, 29, 20, 19, 18, 27, 36, 45, 54, 55, 64, 65, 66, 67, 68, 59, 60, 51, 52, 53, 62, 71]
[00:00:01:43:339] ! Bidirectional. expansions: 11,156, time: 102,860 [ms], path length: 41 [edges], g_F: 25, g_B: 16, generated: 0, MM: 9, MMPER: 20.428571428571427%
[00:00:01:43:339] 
---------- SM_Grids/8x9_grid_with_random_blocks_8per_4 ----------
[00:00:00:54:137] Expansion 10,000: state None, f=41, g=21
[00:00:01:40:039] Expansion 20,000: state None, f=40, g=26
[00:00:02:05:782] Path of length 39 found: [0, 9, 18, 19, 28, 29, 38, 47, 46, 45, 54, 63, 64, 65, 66, 57, 58, 49, 50, 41, 32, 31, 22, 21, 12, 3, 4, 5, 14, 15, 16, 17, 26, 35, 34, 43, 52, 61, 70, 71]
[00:00:02:05:783] ! Unidirectional s-t. expansions: 24,928, time: 125,782 [ms], path length: 39 [edges], generated: 46,869
[00:00:00:52:434] Expansion 10,000: state None, f=41, g=20
[00:00:01:36:088] Expansion 20,000: state None, f=40, g=29
[00:00:01:48:138] Path of length 39 found: [71, 70, 69, 60, 59, 58, 49, 48, 47, 56, 65, 64, 63, 54, 45, 36, 37, 28, 29, 20, 21, 22, 31, 32, 41, 42, 43, 34, 35, 26, 17, 16, 15, 14, 5, 4, 3, 2, 1, 0]
[00:00:01:48:138] ! Unidirectional t-s. expansions: 22,172, time: 108,138 [ms], path length: 39 [edges], generated: 41,379
[00:00:05:59:472] Expansions: 50,000. F states: 50,132, B states: 42,427. Checks: 204,147)
[00:00:07:55:514] Path of length 39 found: [0, 9, 18, 19, 20, 11, 2, 3, 4, 13, 14, 15, 16, 17, 26, 35, 34, 33, 32, 31, 30, 39, 38, 37, 36, 45, 54, 63, 64, 65, 66, 67, 58, 49, 50, 51, 60, 69, 70, 71]
[00:00:07:55:945] ! Bidirectional. expansions: 64,699, time: 475,514 [ms], path length: 39 [edges], g_F: 14, g_B: 25, generated: 0, MM: 11, MMPER: 26.5%
[00:00:07:55:945] 
---------- SM_Grids/8x9_grid_with_random_blocks_8per_5 ----------
[00:00:00:25:780] Path of length 43 found: [0, 9, 18, 19, 20, 11, 2, 3, 4, 5, 6, 7, 16, 17, 26, 35, 44, 43, 42, 33, 24, 23, 22, 31, 40, 49, 48, 47, 38, 37, 36, 45, 54, 63, 64, 65, 66, 67, 68, 59, 60, 61, 70, 71]
[00:00:00:25:780] ! Unidirectional s-t. expansions: 4,994, time: 25,780 [ms], path length: 43 [edges], generated: 8,555
[00:00:00:25:409] Path of length 43 found: [71, 70, 61, 60, 59, 68, 67, 66, 65, 64, 55, 54, 45, 36, 37, 38, 47, 48, 49, 40, 31, 22, 23, 24, 33, 42, 43, 44, 35, 26, 17, 8, 7, 6, 5, 4, 3, 2, 11, 20, 19, 18, 9, 0]
[00:00:00:25:409] ! Unidirectional t-s. expansions: 5,516, time: 25,409 [ms], path length: 43 [edges], generated: 9,384
[00:00:01:25:032] Path of length 43 found: [0, 9, 18, 19, 20, 11, 2, 3, 4, 13, 14, 15, 6, 7, 8, 17, 26, 35, 44, 43, 42, 33, 32, 31, 40, 49, 48, 47, 38, 37, 36, 45, 54, 63, 64, 65, 66, 67, 68, 59, 60, 61, 70, 71]
[00:00:01:25:486] ! Bidirectional. expansions: 9,769, time: 85,032 [ms], path length: 43 [edges], g_F: 21, g_B: 22, generated: 0, MM: 1, MMPER: 1.272727272727273%
[00:00:01:25:486] 
---------- SM_Grids/8x9_grid_with_random_blocks_8per_6 ----------
[00:00:00:52:351] Expansion 10,000: state None, f=40, g=19
[00:00:01:05:585] Path of length 39 found: [0, 1, 2, 3, 12, 13, 14, 5, 6, 7, 16, 25, 24, 33, 32, 41, 40, 39, 30, 29, 20, 19, 18, 27, 36, 37, 46, 55, 64, 65, 66, 57, 58, 59, 60, 51, 52, 53, 62, 71]
[00:00:01:05:585] ! Unidirectional s-t. expansions: 12,548, time: 65,585 [ms], path length: 39 [edges], generated: 23,545
[00:00:00:51:243] Expansion 10,000: state None, f=40, g=23
[00:00:01:10:200] Path of length 39 found: [71, 70, 69, 60, 51, 52, 53, 44, 35, 34, 25, 16, 7, 6, 5, 14, 23, 22, 31, 30, 39, 48, 49, 58, 67, 66, 65, 64, 55, 46, 37, 36, 27, 18, 19, 20, 11, 2, 1, 0]
[00:00:01:10:200] ! Unidirectional t-s. expansions: 13,688, time: 70,200 [ms], path length: 39 [edges], generated: 25,986
[00:00:04:29:357] Path of length 39 found: [0, 1, 2, 11, 20, 19, 18, 27, 36, 37, 38, 47, 56, 65, 66, 67, 58, 49, 40, 41, 32, 23, 22, 13, 4, 5, 6, 7, 16, 25, 34, 35, 44, 53, 52, 51, 60, 69, 70, 71]
[00:00:04:29:773] ! Bidirectional. expansions: 31,920, time: 269,357 [ms], path length: 39 [edges], g_F: 14, g_B: 25, generated: 0, MM: 11, MMPER: 26.5%
[00:00:04:29:774] 
---------- SM_Grids/8x9_grid_with_random_blocks_8per_7 ----------
[00:00:00:45:833] Expansion 10,000: state None, f=42, g=16
[00:00:01:22:920] Expansion 20,000: state None, f=40, g=34
[00:00:01:57:518] Expansion 30,000: state None, f=40, g=24
[00:00:02:06:703] Path of length 39 found: [0, 9, 18, 27, 28, 29, 20, 11, 2, 3, 4, 5, 6, 7, 8, 17, 26, 25, 24, 23, 22, 31, 40, 39, 48, 47, 46, 45, 54, 63, 64, 65, 66, 67, 58, 59, 60, 61, 70, 71]
[00:00:02:06:703] ! Unidirectional s-t. expansions: 31,802, time: 126,703 [ms], path length: 39 [edges], generated: 53,640
[00:00:00:45:292] Expansion 10,000: state None, f=42, g=24
[00:00:01:22:534] Expansion 20,000: state None, f=41, g=28
[00:00:01:58:829] Expansion 30,000: state None, f=40, g=34
[00:00:02:34:943] Expansion 40,000: state None, f=40, g=18
[00:00:02:46:114] Path of length 39 found: [71, 62, 61, 52, 43, 44, 35, 26, 17, 8, 7, 6, 5, 4, 13, 22, 23, 32, 41, 50, 59, 58, 67, 66, 65, 64, 63, 54, 45, 46, 47, 48, 39, 30, 29, 28, 27, 18, 9, 0]
[00:00:02:46:114] ! Unidirectional t-s. expansions: 42,330, time: 166,114 [ms], path length: 39 [edges], generated: 71,014
[00:00:05:24:934] Expansions: 50,000. F states: 42,112, B states: 45,771. Checks: 190,285)
[00:00:06:49:464] Path of length 39 found: [0, 1, 2, 3, 12, 13, 14, 5, 6, 7, 8, 17, 26, 25, 24, 33, 32, 41, 50, 49, 48, 39, 30, 29, 28, 37, 46, 45, 54, 63, 64, 65, 66, 67, 68, 69, 60, 61, 62, 71]
[00:00:06:49:905] ! Bidirectional. expansions: 61,319, time: 409,464 [ms], path length: 39 [edges], g_F: 25, g_B: 14, generated: 0, MM: 11, MMPER: 26.5%
[00:00:06:49:905] 
---------- SM_Grids/8x9_grid_with_random_blocks_8per_8 ----------
[00:00:00:38:851] Path of length 43 found: [0, 9, 18, 27, 36, 45, 54, 63, 64, 65, 56, 47, 38, 39, 30, 21, 20, 11, 2, 3, 4, 13, 14, 15, 6, 7, 8, 17, 26, 25, 34, 33, 32, 41, 50, 49, 58, 67, 68, 69, 60, 61, 62, 71]
[00:00:00:38:851] ! Unidirectional s-t. expansions: 8,285, time: 38,851 [ms], path length: 43 [edges], generated: 13,617
[00:00:00:41:114] Path of length 43 found: [71, 62, 53, 44, 35, 26, 17, 8, 7, 6, 15, 24, 33, 32, 41, 50, 51, 60, 69, 68, 67, 58, 57, 56, 65, 64, 63, 54, 45, 36, 37, 38, 29, 30, 21, 22, 13, 4, 3, 2, 11, 10, 9, 0]
[00:00:00:41:114] ! Unidirectional t-s. expansions: 8,598, time: 41,114 [ms], path length: 43 [edges], generated: 14,405
[00:00:02:45:087] Path of length 43 found: [0, 9, 18, 27, 36, 45, 54, 63, 64, 65, 56, 47, 38, 39, 30, 21, 20, 11, 2, 3, 4, 13, 14, 15, 6, 7, 8, 17, 26, 25, 34, 33, 32, 41, 50, 49, 58, 67, 68, 69, 60, 61, 62, 71]
[00:00:02:45:505] ! Bidirectional. expansions: 21,054, time: 165,088 [ms], path length: 43 [edges], g_F: 30, g_B: 13, generated: 0, MM: 17, MMPER: 37.63636363636363%
[00:00:02:45:505] 
---------- SM_Grids/8x9_grid_with_random_blocks_8per_9 ----------
[00:00:00:50:503] Expansion 10,000: state None, f=42, g=17
[00:00:01:33:606] Expansion 20,000: state None, f=41, g=23
[00:00:02:15:905] Expansion 30,000: state None, f=40, g=23
[00:00:02:54:919] Expansion 40,000: state None, f=40, g=26
[00:00:03:14:265] Path of length 39 found: [0, 9, 18, 27, 28, 37, 46, 45, 54, 63, 64, 65, 56, 57, 48, 49, 40, 41, 32, 23, 22, 21, 20, 11, 2, 3, 4, 5, 6, 7, 16, 25, 34, 35, 44, 53, 52, 61, 70, 71]
[00:00:03:14:265] ! Unidirectional s-t. expansions: 44,176, time: 194,265 [ms], path length: 39 [edges], generated: 76,856
[00:00:00:48:638] Expansion 10,000: state None, f=41, g=25
[00:00:01:32:567] Expansion 20,000: state None, f=41, g=10
[00:00:02:13:137] Path of length 39 found: [71, 62, 53, 52, 51, 60, 59, 68, 67, 66, 65, 64, 55, 54, 45, 36, 37, 38, 47, 48, 49, 40, 41, 32, 33, 34, 25, 16, 7, 6, 5, 14, 13, 22, 21, 20, 11, 2, 1, 0]
[00:00:02:13:137] ! Unidirectional t-s. expansions: 29,883, time: 133,137 [ms], path length: 39 [edges], generated: 53,536
[00:00:05:33:352] Expansions: 50,000. F states: 59,852, B states: 29,038. Checks: 196,121)
[00:00:08:39:112] Path of length 39 found: [0, 9, 18, 27, 28, 37, 46, 45, 54, 63, 64, 65, 66, 67, 68, 59, 50, 41, 40, 31, 30, 21, 20, 11, 2, 3, 4, 13, 14, 15, 24, 25, 34, 35, 44, 53, 52, 61, 70, 71]
[00:00:08:39:523] ! Bidirectional. expansions: 80,610, time: 519,112 [ms], path length: 39 [edges], g_F: 31, g_B: 8, generated: 0, MM: 23, MMPER: 56.5%

[00:00:08:39:524] average expansions: (15,919, 15,000, 32,974, 0)
[00:00:08:39:524] average time: (75,036, 69,964, 248,306, 0)
[00:00:08:39:524] XA*: 15,000 , 69,964 (expansions , time[ms])
[00:00:08:39:524] BiXA*: 32,974 , 248,306 (expansions , time[ms])

