------------------------------------
Thu 01 Oct 2026 14:39:52 IDT
SLURM_JOBID:		21950281
SLURM_JOB_NODELIST:	ise-cpu256-29
SLURM_SCRATCH_DIR:	/scratch/shubit/21950281
Allocated Resouces:	cpu - 2 / mem - 61440 MB / gpu - 
SLURM_GPU_INDEX:	
Running as shubit from shimony account with normal QOS
------------------------------------
Thu 01 Oct 2026 14:39:52 IDT

SLURM_JOBID:		 21950281
SLURM_JOB_NODELIST:	 ise-cpu256-29 

--------------------------
date: SM_Grids
number_of_graphs: 10
graph_type: grid
size_of_graphs: [8, 9]
heuristic: bcc_heuristic
snake: True
run_uni: True
run_bi: True
run_multi: False
solution_vertices: []
algorithms: ['DFBnB']
lookahead: 3
bsd: False
cube_first_dims: 4
cube_buffer_dim: None
backward_sym_generation: False
sym_coil: False
prefix_set: None

---------- SM_Grids/8x9_grid_with_random_blocks_8per_0 ----------
[00:00:00:31:299] Path of length 43 found: [0, 1, 2, 11, 20, 19, 18, 27, 36, 45, 54, 63, 64, 65, 56, 47, 38, 39, 30, 31, 22, 13, 4, 5, 6, 7, 8, 17, 26, 25, 24, 33, 42, 41, 50, 49, 58, 67, 68, 69, 60, 61, 62, 71]
[00:00:00:31:299] ! Unidirectional s-t. expansions: 3,592, time: 31,299 [ms], path length: 43 [edges], generated: 24,583
[00:00:00:35:621] Path of length 43 found: [71, 62, 61, 60, 69, 68, 67, 58, 49, 50, 41, 42, 43, 34, 25, 26, 17, 8, 7, 6, 5, 14, 23, 22, 31, 30, 39, 38, 47, 56, 65, 64, 63, 54, 45, 36, 27, 18, 19, 20, 11, 2, 1, 0]
[00:00:00:35:622] ! Unidirectional t-s. expansions: 2,405, time: 35,621 [ms], path length: 43 [edges], generated: 25,301
[00:00:01:39:966] Path of length 43 found: [0, 1, 2, 11, 20, 19, 18, 27, 36, 45, 54, 63, 64, 65, 56, 47, 38, 39, 30, 31, 22, 13, 4, 5, 6, 7, 8, 17, 26, 25, 34, 43, 42, 41, 50, 49, 58, 67, 68, 69, 60, 61, 62, 71]
[00:00:01:40:505] ! Bidirectional. expansions: 5,817, time: 99,966 [ms], path length: 43 [edges], g_F: 24, g_B: 19, generated: 0, MM: 5, MMPER: 10.363636363636363%
[00:00:01:40:506] 
---------- SM_Grids/8x9_grid_with_random_blocks_8per_1 ----------
[00:00:01:14:662] Path of length 43 found: [0, 9, 18, 27, 36, 45, 54, 63, 64, 65, 56, 47, 38, 29, 20, 11, 2, 3, 4, 13, 22, 23, 24, 15, 6, 7, 8, 17, 26, 35, 34, 43, 42, 41, 40, 49, 58, 67, 68, 69, 60, 61, 62, 71]
[00:00:01:14:662] ! Unidirectional s-t. expansions: 8,388, time: 74,662 [ms], path length: 43 [edges], generated: 54,619
[00:00:01:31:998] Path of length 43 found: [71, 62, 61, 60, 69, 68, 67, 58, 49, 48, 47, 56, 65, 64, 63, 54, 45, 36, 27, 18, 19, 20, 29, 30, 31, 32, 41, 42, 43, 44, 35, 26, 17, 8, 7, 6, 5, 14, 13, 12, 3, 2, 1, 0]
[00:00:01:31:998] ! Unidirectional t-s. expansions: 6,121, time: 91,998 [ms], path length: 43 [edges], generated: 63,293
[00:00:02:29:274] Path of length 43 found: [0, 1, 2, 11, 20, 19, 18, 27, 36, 45, 54, 63, 64, 65, 56, 47, 38, 39, 30, 31, 22, 13, 4, 5, 6, 7, 8, 17, 26, 25, 34, 33, 42, 41, 50, 49, 58, 67, 68, 69, 60, 61, 62, 71]
[00:00:02:29:790] ! Bidirectional. expansions: 6,934, time: 149,274 [ms], path length: 43 [edges], g_F: 24, g_B: 19, generated: 0, MM: 5, MMPER: 10.363636363636363%
[00:00:02:29:791] 
---------- SM_Grids/8x9_grid_with_random_blocks_8per_2 ----------
[00:00:01:22:296] Path of length 37 found: [0, 9, 18, 19, 20, 11, 2, 3, 4, 13, 22, 31, 30, 39, 38, 47, 56, 57, 58, 49, 50, 41, 42, 33, 24, 15, 6, 7, 8, 17, 26, 35, 44, 53, 52, 61, 70, 71]
[00:00:01:22:297] ! Unidirectional s-t. expansions: 4,092, time: 82,296 [ms], path length: 37 [edges], generated: 54,757
[00:00:01:09:085] Path of length 37 found: [71, 70, 69, 60, 51, 52, 43, 44, 35, 26, 17, 8, 7, 6, 5, 4, 13, 22, 23, 32, 41, 40, 49, 58, 57, 56, 47, 38, 37, 36, 27, 18, 19, 20, 11, 2, 1, 0]
[00:00:01:09:085] ! Unidirectional t-s. expansions: 4,033, time: 69,085 [ms], path length: 37 [edges], generated: 43,938
[00:00:03:58:738] Path of length 37 found: [0, 9, 18, 19, 20, 11, 2, 3, 4, 13, 22, 31, 30, 39, 38, 47, 56, 57, 58, 49, 50, 41, 42, 33, 24, 15, 6, 7, 8, 17, 26, 35, 44, 53, 52, 61, 70, 71]
[00:00:03:59:259] ! Bidirectional. expansions: 7,688, time: 238,738 [ms], path length: 37 [edges], g_F: 20, g_B: 17, generated: 0, MM: 3, MMPER: 6.894736842105263%
[00:00:03:59:259] 
---------- SM_Grids/8x9_grid_with_random_blocks_8per_3 ----------
[00:00:01:26:109] Path of length 41 found: [0, 1, 2, 3, 12, 13, 14, 5, 6, 7, 16, 25, 24, 33, 32, 31, 40, 49, 48, 47, 38, 29, 20, 19, 18, 27, 36, 45, 54, 63, 64, 65, 66, 67, 68, 59, 60, 51, 52, 53, 62, 71]
[00:00:01:26:109] ! Unidirectional s-t. expansions: 6,756, time: 86,109 [ms], path length: 41 [edges], generated: 62,528
[00:00:00:46:631] Path of length 41 found: [71, 62, 53, 52, 51, 60, 59, 68, 67, 66, 65, 64, 63, 54, 45, 36, 27, 18, 19, 20, 29, 38, 47, 48, 49, 40, 41, 32, 33, 24, 25, 16, 7, 6, 5, 14, 13, 12, 3, 2, 1, 0]
[00:00:00:46:632] ! Unidirectional t-s. expansions: 3,367, time: 46,631 [ms], path length: 41 [edges], generated: 31,014
[00:00:03:35:166] Path of length 41 found: [0, 1, 2, 3, 12, 13, 14, 5, 6, 7, 16, 25, 24, 33, 32, 41, 40, 49, 48, 47, 38, 29, 20, 19, 18, 27, 36, 45, 54, 55, 64, 65, 66, 67, 68, 59, 60, 51, 52, 53, 62, 71]
[00:00:03:35:674] ! Bidirectional. expansions: 8,392, time: 215,166 [ms], path length: 41 [edges], g_F: 21, g_B: 20, generated: 0, MM: 1, MMPER: 1.380952380952381%
[00:00:03:35:675] 
---------- SM_Grids/8x9_grid_with_random_blocks_8per_4 ----------
[00:00:02:39:616] Path of length 39 found: [0, 9, 18, 19, 20, 11, 2, 3, 4, 13, 14, 15, 16, 17, 26, 35, 34, 33, 32, 31, 30, 39, 38, 37, 36, 45, 54, 63, 64, 65, 56, 57, 58, 49, 50, 51, 60, 69, 70, 71]
[00:00:02:39:616] ! Unidirectional s-t. expansions: 9,897, time: 159,616 [ms], path length: 39 [edges], generated: 115,577
[00:00:02:12:813] Path of length 39 found: [71, 70, 69, 60, 51, 52, 43, 34, 35, 26, 17, 16, 15, 14, 5, 4, 3, 12, 21, 22, 31, 40, 49, 58, 67, 66, 65, 64, 63, 54, 45, 46, 47, 38, 29, 28, 19, 10, 1, 0]
[00:00:02:12:813] ! Unidirectional t-s. expansions: 9,827, time: 132,813 [ms], path length: 39 [edges], generated: 100,886
[00:00:04:53:046] Path of length 39 found: [0, 9, 18, 19, 28, 29, 38, 47, 46, 45, 54, 63, 64, 65, 66, 57, 58, 49, 40, 31, 22, 21, 12, 3, 4, 5, 14, 15, 16, 17, 26, 35, 34, 43, 52, 51, 60, 69, 70, 71]
[00:00:04:53:529] ! Bidirectional. expansions: 10,298, time: 293,046 [ms], path length: 39 [edges], g_F: 20, g_B: 19, generated: 0, MM: 1, MMPER: 1.5%
[00:00:04:53:530] 
---------- SM_Grids/8x9_grid_with_random_blocks_8per_5 ----------
[00:00:00:26:447] Path of length 43 found: [0, 9, 18, 19, 20, 11, 2, 3, 4, 5, 6, 7, 16, 17, 26, 35, 44, 43, 42, 33, 24, 23, 22, 31, 40, 49, 48, 47, 38, 37, 36, 45, 54, 63, 64, 65, 66, 67, 68, 59, 60, 61, 70, 71]
[00:00:00:26:447] ! Unidirectional s-t. expansions: 1,827, time: 26,447 [ms], path length: 43 [edges], generated: 16,903
[00:00:00:47:807] Path of length 43 found: [71, 70, 61, 60, 59, 68, 67, 66, 65, 64, 55, 54, 45, 36, 37, 38, 47, 48, 49, 40, 31, 32, 33, 42, 43, 44, 35, 26, 17, 8, 7, 6, 15, 14, 13, 4, 3, 2, 11, 20, 19, 18, 9, 0]
[00:00:00:47:807] ! Unidirectional t-s. expansions: 2,816, time: 47,807 [ms], path length: 43 [edges], generated: 33,530
[00:00:01:14:503] Path of length 43 found: [0, 9, 18, 19, 20, 11, 2, 3, 4, 13, 14, 15, 6, 7, 8, 17, 26, 35, 44, 43, 42, 33, 32, 31, 40, 49, 48, 47, 38, 37, 36, 45, 54, 55, 64, 65, 66, 67, 68, 59, 60, 61, 70, 71]
[00:00:01:14:975] ! Bidirectional. expansions: 3,655, time: 74,503 [ms], path length: 43 [edges], g_F: 22, g_B: 21, generated: 0, MM: 1, MMPER: 1.272727272727273%
[00:00:01:14:975] 
---------- SM_Grids/8x9_grid_with_random_blocks_8per_6 ----------
[00:00:01:15:939] Path of length 39 found: [0, 1, 2, 11, 20, 19, 18, 27, 36, 37, 46, 55, 64, 65, 66, 57, 48, 39, 40, 41, 32, 23, 22, 13, 4, 5, 6, 7, 16, 25, 34, 35, 44, 53, 52, 51, 60, 69, 70, 71]
[00:00:01:15:939] ! Unidirectional s-t. expansions: 5,198, time: 75,939 [ms], path length: 39 [edges], generated: 57,020
[00:00:01:20:305] Path of length 39 found: [71, 70, 69, 60, 51, 52, 53, 44, 35, 34, 25, 16, 7, 6, 5, 14, 23, 22, 31, 30, 39, 48, 49, 58, 67, 66, 65, 64, 55, 46, 37, 36, 27, 18, 19, 20, 11, 2, 1, 0]
[00:00:01:20:306] ! Unidirectional t-s. expansions: 5,425, time: 80,305 [ms], path length: 39 [edges], generated: 59,568
[00:00:04:14:264] Path of length 39 found: [0, 1, 2, 11, 20, 19, 18, 27, 36, 37, 46, 55, 64, 65, 66, 57, 58, 49, 40, 41, 32, 23, 22, 13, 4, 5, 6, 7, 16, 25, 34, 35, 44, 53, 52, 51, 60, 69, 70, 71]
[00:00:04:14:738] ! Bidirectional. expansions: 7,290, time: 254,264 [ms], path length: 39 [edges], g_F: 20, g_B: 19, generated: 0, MM: 1, MMPER: 1.5%
[00:00:04:14:738] 
---------- SM_Grids/8x9_grid_with_random_blocks_8per_7 ----------
[00:00:01:56:259] Path of length 39 found: [0, 9, 18, 27, 28, 29, 20, 11, 2, 3, 4, 5, 6, 7, 8, 17, 26, 25, 24, 23, 22, 31, 40, 39, 48, 47, 46, 45, 54, 63, 64, 65, 66, 67, 58, 59, 60, 69, 70, 71]
[00:00:01:56:259] ! Unidirectional s-t. expansions: 12,375, time: 116,259 [ms], path length: 39 [edges], generated: 102,435
[00:00:02:51:469] Path of length 39 found: [71, 62, 61, 52, 43, 44, 35, 26, 17, 8, 7, 6, 5, 4, 13, 22, 23, 32, 41, 50, 59, 68, 67, 66, 65, 64, 63, 54, 45, 46, 47, 48, 39, 30, 29, 28, 27, 18, 9, 0]
[00:00:02:51:470] ! Unidirectional t-s. expansions: 17,635, time: 171,470 [ms], path length: 39 [edges], generated: 159,366
[00:00:05:14:645] Path of length 39 found: [0, 1, 10, 19, 28, 29, 30, 39, 48, 47, 46, 45, 54, 63, 64, 65, 66, 67, 58, 59, 50, 41, 32, 23, 22, 13, 4, 5, 6, 7, 8, 17, 26, 35, 44, 43, 52, 61, 70, 71]
[00:00:05:15:108] ! Bidirectional. expansions: 14,315, time: 314,645 [ms], path length: 39 [edges], g_F: 21, g_B: 18, generated: 0, MM: 3, MMPER: 6.5%
[00:00:05:15:108] 
---------- SM_Grids/8x9_grid_with_random_blocks_8per_8 ----------
[00:00:00:39:243] Path of length 43 found: [0, 9, 18, 19, 20, 11, 2, 3, 4, 5, 6, 7, 8, 17, 26, 35, 34, 33, 24, 23, 22, 31, 30, 39, 38, 37, 36, 45, 54, 63, 64, 65, 56, 57, 58, 67, 68, 69, 60, 51, 52, 53, 62, 71]
[00:00:00:39:243] ! Unidirectional s-t. expansions: 3,222, time: 39,243 [ms], path length: 43 [edges], generated: 28,642
[00:00:00:50:543] Path of length 43 found: [71, 62, 53, 44, 43, 34, 25, 26, 17, 8, 7, 6, 15, 14, 13, 4, 3, 2, 11, 20, 21, 30, 31, 32, 41, 50, 51, 60, 69, 68, 67, 58, 57, 56, 65, 64, 63, 54, 45, 36, 27, 18, 9, 0]
[00:00:00:50:544] ! Unidirectional t-s. expansions: 3,811, time: 50,544 [ms], path length: 43 [edges], generated: 36,347
[00:00:02:00:261] Path of length 43 found: [0, 9, 18, 19, 20, 11, 2, 3, 4, 13, 14, 15, 6, 7, 8, 17, 26, 25, 34, 33, 32, 31, 30, 39, 38, 37, 36, 45, 54, 63, 64, 65, 56, 57, 58, 67, 68, 69, 60, 51, 52, 53, 62, 71]
[00:00:02:00:726] ! Bidirectional. expansions: 4,957, time: 120,261 [ms], path length: 43 [edges], g_F: 26, g_B: 17, generated: 0, MM: 9, MMPER: 19.454545454545453%
[00:00:02:00:726] 
---------- SM_Grids/8x9_grid_with_random_blocks_8per_9 ----------
[00:00:03:17:109] Path of length 39 found: [0, 9, 18, 19, 28, 37, 36, 45, 54, 63, 64, 65, 56, 47, 48, 49, 58, 59, 60, 51, 42, 41, 32, 31, 30, 21, 12, 3, 4, 5, 6, 15, 24, 25, 34, 35, 44, 53, 62, 71]
[00:00:03:17:109] ! Unidirectional s-t. expansions: 15,808, time: 197,109 [ms], path length: 39 [edges], generated: 157,290
[00:00:02:10:973] Path of length 39 found: [71, 62, 53, 44, 35, 34, 25, 16, 7, 6, 5, 4, 3, 2, 11, 20, 21, 30, 31, 40, 41, 42, 51, 60, 59, 68, 67, 66, 65, 64, 63, 54, 45, 46, 37, 28, 27, 18, 9, 0]
[00:00:02:10:974] ! Unidirectional t-s. expansions: 13,029, time: 130,974 [ms], path length: 39 [edges], generated: 114,462
[00:00:05:23:917] Path of length 39 found: [0, 1, 2, 3, 12, 21, 20, 19, 18, 27, 36, 37, 38, 47, 56, 65, 66, 67, 68, 59, 50, 49, 40, 31, 32, 23, 14, 5, 6, 7, 16, 25, 34, 35, 44, 53, 52, 61, 70, 71]
[00:00:05:24:388] ! Bidirectional. expansions: 24,923, time: 323,917 [ms], path length: 39 [edges], g_F: 23, g_B: 16, generated: 0, MM: 7, MMPER: 16.5%

[00:00:05:24:389] average expansions: (7,116, 6,847, 9,427, 0)
[00:00:05:24:389] average time: (88,898, 85,725, 208,378, 0)
[00:00:05:24:389] XDFBnB: 6,847 , 85,725 (expansions , time[ms])
[00:00:05:24:389] BiXDFBnB: 9,427 , 208,378 (expansions , time[ms])

