------------------------------------
Thu 01 Oct 2026 17:38:27 IDT
SLURM_JOBID:		21953703
SLURM_JOB_NODELIST:	ise-cpu256-31
SLURM_SCRATCH_DIR:	/scratch/shubit/21953703
Allocated Resouces:	cpu - 2 / mem - 61440 MB / gpu - 
SLURM_GPU_INDEX:	
Running as shubit from shimony account with normal QOS
------------------------------------
Thu 01 Oct 2026 17:38:27 IDT

SLURM_JOBID:		 21953703
SLURM_JOB_NODELIST:	 ise-cpu256-31 

--------------------------
date: SM_Grids
number_of_graphs: 10
graph_type: grid
size_of_graphs: [8, 8]
heuristic: bcc_heuristic
snake: True
run_uni: True
run_bi: True
run_multi: False
solution_vertices: []
algorithms: ['XMM']
lookahead: 1
bsd: False
cube_first_dims: 4
cube_buffer_dim: None
backward_sym_generation: False
sym_coil: False
prefix_set: None

---------- SM_Grids/8x8_grid_with_random_blocks_16per_0 ----------
[00:00:00:01:014] Path of length 32 found: [0, 1, 9, 10, 18, 26, 25, 24, 32, 40, 48, 49, 50, 42, 43, 35, 36, 28, 20, 12, 13, 5, 6, 7, 15, 23, 22, 30, 38, 46, 47, 55, 63]
[00:00:00:01:014] ! Unidirectional s-t. expansions: 272, time: 1,014 [ms], path length: 32 [edges], generated: 439
[00:00:00:00:401] Path of length 32 found: [63, 55, 47, 39, 38, 30, 22, 23, 15, 7, 6, 5, 13, 12, 20, 28, 36, 44, 43, 51, 50, 49, 48, 40, 32, 24, 25, 26, 18, 10, 2, 1, 0]
[00:00:00:00:401] ! Unidirectional t-s. expansions: 101, time: 401 [ms], path length: 32 [edges], generated: 165
[00:00:00:00:096] Expansion 20: New longest path found with length 16: [0, 1, 2, 3, 11, 12, 13, 5, 6, 7, 15, 23, 31, 39, 47, 55, 63]. g_current=11, g_opposite=5, f_max=35, generated=31
[00:00:00:00:157] Expansion 36: New longest path found with length 18: [0, 1, 2, 3, 11, 12, 13, 5, 6, 7, 15, 23, 22, 30, 38, 39, 47, 55, 63]. g_current=13, g_opposite=5, f_max=35, generated=57
[00:00:00:00:630] Expansion 153: New longest path found with length 32: [0, 1, 9, 10, 18, 26, 25, 24, 32, 40, 48, 49, 50, 42, 43, 35, 36, 28, 20, 12, 13, 5, 6, 7, 15, 23, 22, 30, 38, 39, 47, 55, 63]. g_current=15, g_opposite=17, f_max=34, generated=251
[00:00:00:00:845] Path of length 32 found: [0, 1, 9, 10, 18, 26, 25, 24, 32, 40, 48, 49, 50, 42, 43, 35, 36, 28, 20, 12, 13, 5, 6, 7, 15, 23, 22, 30, 38, 39, 47, 55, 63]
[00:00:00:01:331] ! Bidirectional. expansions: 214, time: 845 [ms], path length: 32 [edges], g_F: 15, g_B: 17, generated: 342, MM: 2, MMPER: 5.0606060606060606%
[00:00:00:01:331] 
---------- SM_Grids/8x8_grid_with_random_blocks_16per_1 ----------
[00:00:00:01:316] Path of length 28 found: [0, 8, 16, 24, 32, 33, 41, 42, 43, 35, 27, 26, 18, 10, 2, 3, 4, 12, 20, 21, 22, 23, 31, 39, 38, 46, 54, 62, 63]
[00:00:00:01:316] ! Unidirectional s-t. expansions: 309, time: 1,316 [ms], path length: 28 [edges], generated: 527
[00:00:00:01:372] Path of length 28 found: [63, 62, 54, 46, 47, 39, 31, 23, 22, 21, 20, 12, 4, 3, 2, 10, 18, 26, 27, 35, 43, 42, 41, 33, 32, 24, 16, 8, 0]
[00:00:00:01:373] ! Unidirectional t-s. expansions: 277, time: 1,372 [ms], path length: 28 [edges], generated: 522
[00:00:00:00:140] Expansion 25: New longest path found with length 14: [0, 8, 16, 24, 32, 33, 41, 42, 43, 44, 52, 53, 61, 62, 63]. g_current=7, g_opposite=7, f_max=36, generated=42
[00:00:00:00:215] Expansion 40: New longest path found with length 16: [0, 8, 9, 10, 2, 3, 4, 12, 20, 28, 36, 44, 52, 53, 61, 62, 63]. g_current=7, g_opposite=9, f_max=34, generated=69
[00:00:00:00:522] Expansion 95: New longest path found with length 22: [0, 8, 9, 10, 2, 3, 4, 12, 20, 19, 27, 26, 25, 33, 41, 42, 43, 44, 52, 53, 61, 62, 63]. g_current=11, g_opposite=11, f_max=33, generated=166
[00:00:00:00:923] Expansion 180: New longest path found with length 26: [0, 8, 16, 24, 32, 33, 41, 42, 43, 35, 27, 26, 18, 10, 11, 12, 20, 21, 22, 23, 31, 39, 47, 46, 54, 62, 63]. g_current=16, g_opposite=10, f_max=32, generated=343
[00:00:00:01:295] Expansion 262: New longest path found with length 28: [0, 8, 16, 24, 32, 33, 41, 42, 43, 35, 27, 26, 18, 10, 2, 3, 4, 12, 20, 21, 22, 23, 31, 39, 47, 46, 54, 62, 63]. g_current=11, g_opposite=17, f_max=30, generated=504
[00:00:00:01:813] Path of length 28 found: [0, 8, 16, 24, 32, 33, 41, 42, 43, 35, 27, 26, 18, 10, 2, 3, 4, 12, 20, 21, 22, 23, 31, 39, 47, 46, 54, 62, 63]
[00:00:00:02:272] ! Bidirectional. expansions: 351, time: 1,813 [ms], path length: 28 [edges], g_F: 17, g_B: 11, generated: 677, MM: 6, MMPER: 19.689655172413794%
[00:00:00:02:272] 
---------- SM_Grids/8x8_grid_with_random_blocks_16per_2 ----------
[00:00:00:05:083] Path of length 28 found: [0, 1, 2, 3, 11, 19, 18, 17, 16, 24, 32, 40, 48, 56, 57, 58, 50, 42, 43, 44, 36, 28, 29, 30, 38, 46, 54, 62, 63]
[00:00:00:05:084] ! Unidirectional s-t. expansions: 1,209, time: 5,084 [ms], path length: 28 [edges], generated: 2,177
[00:00:00:08:494] Path of length 28 found: [63, 62, 61, 60, 59, 58, 57, 56, 48, 40, 32, 33, 34, 42, 43, 44, 45, 46, 38, 30, 29, 21, 20, 19, 18, 10, 2, 1, 0]
[00:00:00:08:495] ! Unidirectional t-s. expansions: 2,169, time: 8,494 [ms], path length: 28 [edges], generated: 3,425
[00:00:00:00:165] Expansion 31: New longest path found with length 14: [0, 1, 2, 3, 11, 19, 20, 21, 29, 30, 38, 46, 47, 55, 63]. g_current=5, g_opposite=9, f_max=36, generated=55
[00:00:00:00:388] Expansion 77: New longest path found with length 16: [0, 8, 16, 24, 32, 33, 34, 26, 27, 28, 29, 30, 38, 46, 47, 55, 63]. g_current=9, g_opposite=7, f_max=34, generated=144
[00:00:00:00:443] Expansion 89: New longest path found with length 18: [0, 8, 16, 24, 32, 40, 48, 56, 57, 58, 59, 51, 52, 53, 45, 46, 47, 55, 63]. g_current=6, g_opposite=12, f_max=34, generated=166
[00:00:00:00:508] Expansion 105: New longest path found with length 22: [0, 8, 16, 24, 32, 40, 48, 56, 57, 58, 59, 51, 43, 44, 36, 28, 29, 30, 38, 46, 47, 55, 63]. g_current=12, g_opposite=10, f_max=34, generated=191
[00:00:00:00:528] Expansion 110: New longest path found with length 24: [0, 8, 16, 24, 32, 40, 48, 56, 57, 58, 50, 42, 34, 26, 18, 19, 20, 21, 29, 30, 38, 46, 47, 55, 63]. g_current=14, g_opposite=10, f_max=34, generated=200
[00:00:00:00:655] Expansion 141: New longest path found with length 26: [0, 8, 16, 24, 32, 40, 48, 56, 57, 58, 50, 42, 34, 26, 18, 19, 20, 21, 29, 30, 38, 46, 45, 53, 61, 62, 63]. g_current=11, g_opposite=15, f_max=33, generated=256
[00:00:00:01:141] Expansion 251: New longest path found with length 28: [0, 8, 16, 24, 32, 40, 48, 56, 57, 58, 50, 42, 34, 26, 18, 19, 20, 21, 29, 30, 38, 46, 45, 44, 52, 60, 61, 62, 63]. g_current=13, g_opposite=15, f_max=32, generated=447
[00:00:00:09:996] Path of length 28 found: [0, 8, 16, 24, 32, 40, 48, 56, 57, 58, 50, 42, 34, 26, 18, 19, 20, 21, 29, 30, 38, 46, 45, 44, 52, 60, 61, 62, 63]
[00:00:00:10:435] ! Bidirectional. expansions: 2,454, time: 9,997 [ms], path length: 28 [edges], g_F: 15, g_B: 13, generated: 4,167, MM: 2, MMPER: 5.896551724137931%
[00:00:00:10:435] 
---------- SM_Grids/8x8_grid_with_random_blocks_16per_3 ----------
[00:00:00:02:528] Path of length 30 found: [0, 8, 16, 17, 18, 10, 11, 12, 13, 14, 15, 23, 31, 30, 29, 28, 27, 35, 34, 33, 41, 49, 50, 51, 52, 44, 45, 46, 54, 62, 63]
[00:00:00:02:529] ! Unidirectional s-t. expansions: 561, time: 2,529 [ms], path length: 30 [edges], generated: 1,023
[00:00:00:03:582] Path of length 30 found: [63, 55, 47, 46, 45, 53, 52, 51, 50, 49, 41, 33, 34, 35, 36, 28, 29, 30, 31, 23, 15, 14, 13, 12, 11, 10, 18, 17, 16, 8, 0]
[00:00:00:03:582] ! Unidirectional t-s. expansions: 720, time: 3,582 [ms], path length: 30 [edges], generated: 1,368
[00:00:00:00:205] Expansion 35: New longest path found with length 14: [0, 8, 16, 24, 25, 33, 41, 49, 50, 51, 52, 53, 61, 62, 63]. g_current=9, g_opposite=5, f_max=35, generated=66
[00:00:00:00:247] Expansion 42: New longest path found with length 16: [0, 8, 16, 17, 18, 10, 11, 12, 13, 14, 15, 23, 31, 39, 47, 55, 63]. g_current=7, g_opposite=9, f_max=35, generated=80
[00:00:00:00:302] Expansion 55: New longest path found with length 20: [0, 8, 16, 17, 18, 10, 11, 12, 13, 14, 15, 23, 31, 39, 47, 46, 45, 53, 61, 62, 63]. g_current=12, g_opposite=8, f_max=34, generated=101
[00:00:00:00:500] Expansion 99: New longest path found with length 22: [0, 8, 16, 17, 18, 10, 11, 12, 13, 14, 15, 23, 31, 30, 29, 28, 36, 44, 52, 53, 61, 62, 63]. g_current=15, g_opposite=7, f_max=34, generated=181
[00:00:00:00:868] Expansion 176: New longest path found with length 24: [0, 8, 16, 24, 25, 26, 18, 10, 11, 12, 13, 14, 15, 23, 31, 39, 47, 46, 45, 44, 52, 60, 61, 62, 63]. g_current=14, g_opposite=10, f_max=34, generated=334
[00:00:00:01:381] Expansion 301: New longest path found with length 28: [0, 8, 16, 24, 25, 33, 41, 49, 50, 51, 43, 35, 27, 28, 29, 21, 13, 14, 15, 23, 31, 39, 47, 46, 45, 53, 61, 62, 63]. g_current=12, g_opposite=16, f_max=33, generated=549
[00:00:00:02:924] Expansion 643: New longest path found with length 30: [0, 8, 16, 17, 18, 10, 11, 12, 13, 14, 15, 23, 31, 30, 29, 28, 27, 35, 34, 33, 41, 49, 50, 51, 52, 53, 45, 46, 47, 55, 63]. g_current=13, g_opposite=17, f_max=31, generated=1,200
[00:00:00:04:560] Path of length 30 found: [0, 8, 16, 17, 18, 10, 11, 12, 13, 14, 15, 23, 31, 30, 29, 28, 27, 35, 34, 33, 41, 49, 50, 51, 52, 53, 45, 46, 47, 55, 63]
[00:00:00:05:046] ! Bidirectional. expansions: 985, time: 4,560 [ms], path length: 30 [edges], g_F: 17, g_B: 13, generated: 1,863, MM: 4, MMPER: 11.903225806451612%
[00:00:00:05:047] 
---------- SM_Grids/8x8_grid_with_random_blocks_16per_4 ----------
[00:00:00:02:105] Path of length 30 found: [0, 8, 16, 17, 18, 10, 11, 12, 13, 14, 22, 30, 29, 28, 27, 35, 34, 33, 32, 40, 48, 49, 50, 51, 52, 44, 45, 46, 54, 62, 63]
[00:00:00:02:106] ! Unidirectional s-t. expansions: 447, time: 2,106 [ms], path length: 30 [edges], generated: 778
[00:00:00:03:982] Path of length 30 found: [63, 55, 47, 46, 45, 53, 52, 51, 50, 49, 48, 40, 32, 33, 34, 35, 27, 28, 29, 30, 22, 14, 13, 12, 11, 10, 18, 17, 16, 8, 0]
[00:00:00:03:982] ! Unidirectional t-s. expansions: 792, time: 3,982 [ms], path length: 30 [edges], generated: 1,452
[00:00:00:00:285] Expansion 38: New longest path found with length 16: [0, 8, 16, 17, 18, 10, 11, 12, 13, 14, 22, 30, 38, 39, 47, 55, 63]. g_current=9, g_opposite=7, f_max=38, generated=68
[00:00:00:00:398] Expansion 56: New longest path found with length 20: [0, 8, 16, 17, 18, 10, 11, 12, 13, 14, 22, 30, 38, 46, 45, 44, 52, 60, 61, 62, 63]. g_current=10, g_opposite=10, f_max=36, generated=107
[00:00:00:00:873] Expansion 152: New longest path found with length 28: [0, 8, 16, 17, 18, 10, 11, 12, 13, 14, 22, 30, 29, 28, 27, 35, 34, 33, 32, 40, 48, 49, 50, 51, 52, 60, 61, 62, 63]. g_current=15, g_opposite=13, f_max=35, generated=283
[00:00:00:01:945] Expansion 358: New longest path found with length 30: [0, 8, 16, 17, 18, 10, 11, 12, 13, 14, 22, 30, 29, 28, 27, 35, 34, 33, 32, 40, 48, 49, 50, 51, 52, 53, 45, 46, 47, 55, 63]. g_current=13, g_opposite=17, f_max=33, generated=681
[00:00:00:04:748] Path of length 30 found: [0, 8, 16, 17, 18, 10, 11, 12, 13, 14, 22, 30, 29, 28, 27, 35, 34, 33, 32, 40, 48, 49, 50, 51, 52, 53, 45, 46, 47, 55, 63]
[00:00:00:05:222] ! Bidirectional. expansions: 935, time: 4,748 [ms], path length: 30 [edges], g_F: 17, g_B: 13, generated: 1,744, MM: 4, MMPER: 11.903225806451612%
[00:00:00:05:222] 
---------- SM_Grids/8x8_grid_with_random_blocks_16per_5 ----------
[00:00:00:04:509] Path of length 28 found: [0, 1, 9, 17, 16, 24, 32, 33, 34, 35, 36, 28, 20, 19, 11, 3, 4, 5, 6, 14, 22, 23, 31, 39, 38, 46, 54, 55, 63]
[00:00:00:04:509] ! Unidirectional s-t. expansions: 1,121, time: 4,509 [ms], path length: 28 [edges], generated: 1,796
[00:00:00:02:833] Path of length 28 found: [63, 55, 47, 46, 45, 53, 61, 60, 59, 51, 43, 35, 36, 28, 29, 30, 31, 23, 15, 14, 6, 5, 4, 3, 2, 10, 9, 8, 0]
[00:00:00:02:834] ! Unidirectional t-s. expansions: 677, time: 2,833 [ms], path length: 28 [edges], generated: 1,114
[00:00:00:00:461] Expansion 104: New longest path found with length 28: [0, 1, 9, 17, 16, 24, 32, 33, 34, 35, 36, 28, 20, 19, 11, 3, 4, 5, 6, 14, 15, 23, 31, 30, 38, 46, 47, 55, 63]. g_current=17, g_opposite=11, f_max=40, generated=167
[00:00:00:04:653] Path of length 28 found: [0, 1, 9, 17, 16, 24, 32, 33, 34, 35, 36, 28, 20, 19, 11, 3, 4, 5, 6, 14, 15, 23, 31, 30, 38, 46, 47, 55, 63]
[00:00:00:05:135] ! Bidirectional. expansions: 1,100, time: 4,654 [ms], path length: 28 [edges], g_F: 11, g_B: 17, generated: 1,913, MM: 6, MMPER: 19.689655172413794%
[00:00:00:05:135] 
---------- SM_Grids/8x8_grid_with_random_blocks_16per_6 ----------
[00:00:00:00:561] Path of length 34 found: [0, 1, 9, 17, 16, 24, 32, 40, 48, 49, 50, 42, 34, 26, 27, 19, 20, 21, 13, 5, 6, 7, 15, 23, 31, 30, 38, 37, 36, 44, 52, 53, 54, 62, 63]
[00:00:00:00:561] ! Unidirectional s-t. expansions: 104, time: 561 [ms], path length: 34 [edges], generated: 177
[00:00:00:00:512] Path of length 34 found: [63, 55, 54, 53, 52, 44, 36, 37, 38, 30, 31, 23, 15, 7, 6, 5, 13, 21, 20, 19, 27, 26, 34, 42, 50, 49, 48, 40, 32, 24, 16, 17, 9, 1, 0]
[00:00:00:00:513] ! Unidirectional t-s. expansions: 102, time: 512 [ms], path length: 34 [edges], generated: 164
[00:00:00:00:344] Expansion 56: New longest path found with length 24: [0, 1, 9, 10, 11, 19, 20, 21, 13, 5, 6, 7, 15, 23, 31, 30, 38, 37, 36, 44, 52, 53, 54, 55, 63]. g_current=18, g_opposite=6, f_max=36, generated=97
[00:00:00:00:473] Expansion 87: New longest path found with length 34: [0, 1, 9, 17, 16, 24, 32, 40, 48, 49, 50, 42, 34, 26, 27, 19, 20, 21, 13, 5, 6, 7, 15, 23, 31, 30, 38, 37, 36, 44, 52, 53, 54, 55, 63]. g_current=16, g_opposite=18, f_max=36, generated=146
[00:00:00:00:735] Path of length 34 found: [0, 1, 9, 17, 16, 24, 32, 40, 48, 49, 50, 42, 34, 26, 27, 19, 20, 21, 13, 5, 6, 7, 15, 23, 31, 30, 38, 37, 36, 44, 52, 53, 54, 55, 63]
[00:00:00:01:180] ! Bidirectional. expansions: 147, time: 735 [ms], path length: 34 [edges], g_F: 16, g_B: 18, generated: 241, MM: 2, MMPER: 4.714285714285714%
[00:00:00:01:180] 
---------- SM_Grids/8x8_grid_with_random_blocks_16per_7 ----------
[00:00:00:03:830] Path of length 32 found: [0, 8, 16, 24, 32, 40, 48, 56, 57, 58, 59, 51, 43, 42, 34, 26, 18, 10, 11, 12, 13, 14, 15, 23, 31, 30, 38, 37, 45, 53, 54, 55, 63]
[00:00:00:03:832] ! Unidirectional s-t. expansions: 924, time: 3,830 [ms], path length: 32 [edges], generated: 1,547
[00:00:00:02:913] Path of length 32 found: [63, 55, 54, 53, 45, 37, 38, 30, 31, 23, 15, 14, 13, 21, 20, 28, 27, 26, 34, 42, 43, 51, 59, 58, 57, 49, 48, 40, 32, 24, 16, 8, 0]
[00:00:00:02:914] ! Unidirectional t-s. expansions: 897, time: 2,913 [ms], path length: 32 [edges], generated: 1,376
[00:00:00:00:218] Expansion 34: New longest path found with length 16: [0, 8, 16, 24, 32, 40, 48, 56, 57, 58, 59, 60, 61, 53, 54, 55, 63]. g_current=12, g_opposite=4, f_max=41, generated=54
[00:00:00:00:462] Expansion 86: New longest path found with length 20: [0, 8, 16, 17, 18, 10, 11, 12, 13, 14, 15, 23, 31, 30, 38, 37, 45, 53, 54, 55, 63]. g_current=12, g_opposite=8, f_max=39, generated=138
[00:00:00:00:546] Expansion 103: New longest path found with length 24: [0, 8, 16, 24, 32, 33, 34, 26, 18, 19, 20, 21, 13, 14, 15, 23, 31, 30, 38, 37, 45, 53, 54, 55, 63]. g_current=8, g_opposite=16, f_max=39, generated=170
[00:00:00:00:888] Expansion 173: New longest path found with length 32: [0, 8, 16, 24, 32, 40, 48, 56, 57, 58, 59, 51, 43, 42, 34, 26, 18, 19, 20, 21, 13, 14, 15, 23, 31, 30, 38, 37, 45, 53, 54, 55, 63]. g_current=16, g_opposite=16, f_max=37, generated=299
[00:00:00:03:304] Path of length 32 found: [0, 8, 16, 24, 32, 40, 48, 56, 57, 58, 59, 51, 43, 42, 34, 26, 18, 19, 20, 21, 13, 14, 15, 23, 31, 30, 38, 37, 45, 53, 54, 55, 63]
[00:00:00:03:919] ! Bidirectional. expansions: 733, time: 3,305 [ms], path length: 32 [edges], g_F: 16, g_B: 16, generated: 1,274, MM: 0, MMPER: -1.0%
[00:00:00:03:919] 
---------- SM_Grids/8x8_grid_with_random_blocks_16per_8 ----------
[00:00:00:05:603] Path of length 32 found: [0, 8, 16, 17, 18, 10, 2, 3, 4, 5, 6, 7, 15, 23, 22, 21, 20, 28, 36, 35, 34, 33, 32, 40, 48, 49, 50, 51, 59, 60, 61, 62, 63]
[00:00:00:05:604] ! Unidirectional s-t. expansions: 1,467, time: 5,603 [ms], path length: 32 [edges], generated: 2,364
[00:00:00:00:434] Path of length 32 found: [63, 62, 61, 60, 59, 51, 50, 49, 48, 40, 32, 33, 34, 35, 36, 28, 29, 21, 22, 23, 15, 7, 6, 5, 4, 12, 11, 19, 18, 17, 9, 1, 0]
[00:00:00:00:434] ! Unidirectional t-s. expansions: 88, time: 434 [ms], path length: 32 [edges], generated: 152
[00:00:00:00:292] Expansion 46: New longest path found with length 14: [0, 8, 16, 17, 18, 26, 34, 42, 43, 51, 59, 60, 61, 62, 63]. g_current=7, g_opposite=7, f_max=38, generated=81
[00:00:00:00:384] Expansion 65: New longest path found with length 24: [0, 8, 16, 17, 18, 10, 2, 3, 4, 5, 6, 7, 15, 23, 22, 21, 20, 28, 36, 37, 45, 53, 61, 62, 63]. g_current=17, g_opposite=7, f_max=39, generated=117
[00:00:00:01:142] Expansion 237: New longest path found with length 26: [0, 8, 16, 17, 18, 10, 2, 3, 4, 5, 6, 7, 15, 23, 22, 21, 20, 28, 36, 35, 43, 51, 59, 60, 61, 62, 63]. g_current=19, g_opposite=7, f_max=37, generated=416
[00:00:00:01:160] Expansion 242: New longest path found with length 28: [0, 1, 2, 3, 4, 5, 6, 7, 15, 23, 22, 21, 20, 19, 18, 26, 34, 33, 32, 40, 48, 49, 50, 51, 59, 60, 61, 62, 63]. g_current=12, g_opposite=16, f_max=36, generated=423
[00:00:00:01:168] Expansion 244: New longest path found with length 32: [0, 8, 16, 17, 18, 10, 2, 3, 4, 5, 6, 7, 15, 23, 22, 21, 20, 28, 36, 35, 34, 33, 32, 40, 48, 49, 50, 51, 59, 60, 61, 62, 63]. g_current=13, g_opposite=19, f_max=36, generated=426
[00:00:00:02:185] Path of length 32 found: [0, 8, 16, 17, 18, 10, 2, 3, 4, 5, 6, 7, 15, 23, 22, 21, 20, 28, 36, 35, 34, 33, 32, 40, 48, 49, 50, 51, 59, 60, 61, 62, 63]
[00:00:00:02:670] ! Bidirectional. expansions: 499, time: 2,185 [ms], path length: 32 [edges], g_F: 19, g_B: 13, generated: 854, MM: 6, MMPER: 17.181818181818183%
[00:00:00:02:670] 
---------- SM_Grids/8x8_grid_with_random_blocks_16per_9 ----------
[00:00:00:00:344] Path of length 30 found: [0, 1, 2, 3, 4, 5, 13, 21, 20, 28, 27, 26, 18, 17, 16, 24, 32, 33, 41, 42, 50, 51, 52, 44, 45, 37, 38, 39, 47, 55, 63]
[00:00:00:00:344] ! Unidirectional s-t. expansions: 85, time: 344 [ms], path length: 30 [edges], generated: 137
[00:00:00:00:547] Path of length 30 found: [63, 55, 47, 39, 38, 37, 45, 53, 52, 51, 43, 42, 41, 33, 32, 24, 16, 17, 18, 26, 27, 28, 20, 21, 13, 5, 4, 3, 2, 1, 0]
[00:00:00:00:548] ! Unidirectional t-s. expansions: 123, time: 547 [ms], path length: 30 [edges], generated: 210
[00:00:00:00:171] Expansion 31: New longest path found with length 16: [0, 1, 2, 3, 4, 5, 13, 21, 20, 28, 36, 37, 38, 39, 47, 55, 63]. g_current=9, g_opposite=7, f_max=35, generated=55
[00:00:00:00:267] Expansion 56: New longest path found with length 30: [0, 1, 2, 3, 4, 5, 13, 21, 20, 28, 27, 26, 18, 17, 16, 24, 32, 33, 41, 42, 43, 51, 52, 53, 45, 37, 38, 39, 47, 55, 63]. g_current=13, g_opposite=17, f_max=33, generated=95
[00:00:00:00:587] Path of length 30 found: [0, 1, 2, 3, 4, 5, 13, 21, 20, 28, 27, 26, 18, 17, 16, 24, 32, 33, 41, 42, 43, 51, 52, 53, 45, 37, 38, 39, 47, 55, 63]
[00:00:00:01:080] ! Bidirectional. expansions: 132, time: 587 [ms], path length: 30 [edges], g_F: 17, g_B: 13, generated: 227, MM: 4, MMPER: 11.903225806451612%

[00:00:00:01:081] average expansions: (650, 595, 755, 0)
[00:00:00:01:081] average time: (2,690, 2,507, 3,343, 0)
[00:00:00:01:081] XA*: 595 , 2,507 (expansions , time[ms])
[00:00:00:01:081] XMM: 755 , 3,343 (expansions , time[ms])

