------------------------------------
Thu 01 Oct 2026 14:50:17 IDT
SLURM_JOBID:		21950298
SLURM_JOB_NODELIST:	ise-cpu256-01
SLURM_SCRATCH_DIR:	/scratch/shubit/21950298
Allocated Resouces:	cpu - 2 / mem - 61440 MB / gpu - 
SLURM_GPU_INDEX:	
Running as shubit from shimony account with normal QOS
------------------------------------
Thu 01 Oct 2026 14:50:17 IDT

SLURM_JOBID:		 21950298
SLURM_JOB_NODELIST:	 ise-cpu256-01 

--------------------------
date: SM_Grids
number_of_graphs: 10
graph_type: grid
size_of_graphs: [8, 9]
heuristic: bcc_heuristic
snake: True
run_uni: True
run_bi: True
run_multi: False
solution_vertices: []
algorithms: ['DFBnB']
lookahead: 2
bsd: False
cube_first_dims: 4
cube_buffer_dim: None
backward_sym_generation: False
sym_coil: False
prefix_set: None

---------- SM_Grids/8x9_grid_with_random_blocks_20per_0 ----------
[00:00:00:00:815] Path of length 21 found: [0, 9, 18, 19, 20, 11, 2, 3, 4, 13, 14, 23, 32, 33, 34, 35, 44, 53, 52, 61, 70, 71]
[00:00:00:00:816] ! Unidirectional s-t. expansions: 111, time: 815 [ms], path length: 21 [edges], generated: 520
[00:00:00:07:292] Path of length 21 found: [71, 70, 61, 52, 43, 44, 35, 26, 25, 24, 15, 14, 5, 4, 3, 2, 11, 20, 19, 18, 9, 0]
[00:00:00:07:292] ! Unidirectional t-s. expansions: 2,883, time: 7,292 [ms], path length: 21 [edges], generated: 7,314
[00:00:00:01:276] Path of length 21 found: [0, 9, 18, 19, 20, 11, 2, 3, 4, 13, 14, 15, 24, 25, 26, 35, 44, 43, 52, 61, 70, 71]
[00:00:00:01:819] ! Bidirectional. expansions: 228, time: 1,276 [ms], path length: 21 [edges], g_F: 11, g_B: 10, generated: 0, MM: 1, MMPER: 3.545454545454546%
[00:00:00:01:820] 
---------- SM_Grids/8x9_grid_with_random_blocks_20per_1 ----------
[00:00:00:01:065] Path of length 35 found: [0, 9, 18, 19, 20, 11, 2, 3, 4, 13, 22, 31, 30, 39, 38, 47, 56, 65, 66, 67, 58, 49, 50, 41, 42, 33, 24, 25, 26, 35, 44, 53, 52, 61, 70, 71]
[00:00:00:01:066] ! Unidirectional s-t. expansions: 141, time: 1,066 [ms], path length: 35 [edges], generated: 635
[00:00:00:00:985] Path of length 35 found: [71, 70, 61, 52, 53, 44, 35, 26, 25, 24, 33, 42, 41, 50, 49, 58, 67, 66, 65, 56, 47, 38, 39, 30, 31, 22, 13, 4, 3, 2, 11, 20, 19, 18, 9, 0]
[00:00:00:00:985] ! Unidirectional t-s. expansions: 166, time: 985 [ms], path length: 35 [edges], generated: 752
[00:00:00:00:938] Path of length 35 found: [0, 9, 18, 19, 20, 11, 2, 3, 4, 13, 22, 31, 30, 39, 38, 47, 56, 65, 66, 67, 58, 49, 50, 41, 42, 33, 24, 25, 26, 35, 44, 53, 52, 61, 70, 71]
[00:00:00:01:441] ! Bidirectional. expansions: 130, time: 938 [ms], path length: 35 [edges], g_F: 18, g_B: 17, generated: 0, MM: 1, MMPER: 1.7777777777777777%
[00:00:00:01:441] 
---------- SM_Grids/8x9_grid_with_random_blocks_20per_2 ----------
[00:00:00:03:429] Path of length 29 found: [0, 9, 10, 19, 20, 29, 38, 47, 56, 65, 66, 67, 58, 49, 40, 31, 22, 13, 14, 15, 16, 25, 34, 33, 42, 51, 60, 69, 70, 71]
[00:00:00:03:429] ! Unidirectional s-t. expansions: 509, time: 3,429 [ms], path length: 29 [edges], generated: 2,340
[00:00:00:01:570] Path of length 29 found: [71, 70, 69, 68, 67, 66, 65, 56, 47, 48, 49, 50, 51, 52, 43, 34, 25, 16, 15, 14, 13, 22, 31, 30, 29, 20, 19, 10, 1, 0]
[00:00:00:01:571] ! Unidirectional t-s. expansions: 228, time: 1,570 [ms], path length: 29 [edges], generated: 1,127
[00:00:00:02:962] Path of length 29 found: [0, 9, 10, 19, 20, 29, 38, 47, 56, 65, 66, 67, 58, 49, 40, 31, 22, 13, 14, 15, 16, 25, 34, 43, 52, 51, 60, 69, 70, 71]
[00:00:00:03:476] ! Bidirectional. expansions: 547, time: 2,962 [ms], path length: 29 [edges], g_F: 15, g_B: 14, generated: 0, MM: 1, MMPER: 2.3333333333333335%
[00:00:00:03:476] 
---------- SM_Grids/8x9_grid_with_random_blocks_20per_3 ----------
[00:00:00:02:028] Path of length 33 found: [0, 1, 2, 11, 12, 13, 4, 5, 6, 7, 8, 17, 26, 25, 24, 23, 32, 31, 40, 39, 38, 47, 56, 65, 66, 67, 58, 59, 60, 51, 52, 53, 62, 71]
[00:00:00:02:028] ! Unidirectional s-t. expansions: 300, time: 2,028 [ms], path length: 33 [edges], generated: 1,349
[00:00:00:07:410] Path of length 33 found: [71, 62, 53, 52, 51, 60, 69, 68, 67, 66, 65, 56, 47, 48, 39, 40, 31, 32, 23, 24, 25, 26, 17, 8, 7, 6, 5, 4, 13, 12, 11, 2, 1, 0]
[00:00:00:07:411] ! Unidirectional t-s. expansions: 1,994, time: 7,411 [ms], path length: 33 [edges], generated: 6,455
[00:00:00:04:640] Path of length 33 found: [0, 1, 2, 11, 12, 13, 4, 5, 6, 7, 8, 17, 26, 25, 24, 23, 32, 31, 40, 39, 38, 47, 56, 57, 58, 67, 68, 69, 60, 51, 52, 53, 62, 71]
[00:00:00:05:159] ! Bidirectional. expansions: 960, time: 4,640 [ms], path length: 33 [edges], g_F: 17, g_B: 16, generated: 0, MM: 1, MMPER: 1.9411764705882355%
[00:00:00:05:159] 
---------- SM_Grids/8x9_grid_with_random_blocks_20per_4 ----------
[00:00:00:02:238] Path of length 27 found: [0, 9, 10, 19, 20, 21, 22, 13, 4, 5, 6, 7, 8, 17, 26, 35, 34, 33, 32, 41, 40, 49, 58, 59, 68, 69, 70, 71]
[00:00:00:02:239] ! Unidirectional s-t. expansions: 651, time: 2,238 [ms], path length: 27 [edges], generated: 1,901
[00:00:00:01:029] Path of length 27 found: [71, 62, 61, 60, 59, 58, 49, 40, 41, 32, 33, 34, 35, 26, 17, 8, 7, 6, 5, 4, 13, 22, 21, 20, 11, 10, 1, 0]
[00:00:00:01:030] ! Unidirectional t-s. expansions: 150, time: 1,030 [ms], path length: 27 [edges], generated: 649
[00:00:00:01:752] Path of length 27 found: [0, 9, 10, 19, 20, 21, 22, 13, 4, 5, 6, 7, 8, 17, 26, 35, 34, 33, 32, 41, 40, 49, 58, 59, 60, 61, 62, 71]
[00:00:00:02:304] ! Bidirectional. expansions: 309, time: 1,752 [ms], path length: 27 [edges], g_F: 14, g_B: 13, generated: 0, MM: 1, MMPER: 2.5714285714285716%
[00:00:00:02:304] 
---------- SM_Grids/8x9_grid_with_random_blocks_20per_5 ----------
[00:00:00:02:161] Path of length 29 found: [0, 1, 10, 19, 18, 27, 36, 45, 54, 55, 56, 47, 38, 39, 40, 31, 22, 13, 4, 5, 6, 15, 16, 17, 26, 35, 44, 53, 62, 71]
[00:00:00:02:161] ! Unidirectional s-t. expansions: 369, time: 2,161 [ms], path length: 29 [edges], generated: 1,610
[00:00:00:02:281] Path of length 29 found: [71, 62, 53, 44, 43, 42, 33, 24, 15, 6, 5, 4, 13, 22, 31, 40, 39, 38, 47, 56, 55, 54, 45, 36, 27, 18, 19, 10, 1, 0]
[00:00:00:02:282] ! Unidirectional t-s. expansions: 373, time: 2,281 [ms], path length: 29 [edges], generated: 1,578
[00:00:00:03:638] Path of length 29 found: [0, 9, 18, 27, 36, 45, 54, 55, 56, 47, 38, 29, 20, 11, 12, 13, 22, 31, 32, 33, 24, 15, 16, 17, 26, 35, 44, 53, 62, 71]
[00:00:00:04:152] ! Bidirectional. expansions: 651, time: 3,638 [ms], path length: 29 [edges], g_F: 15, g_B: 14, generated: 0, MM: 1, MMPER: 2.3333333333333335%
[00:00:00:04:152] 
---------- SM_Grids/8x9_grid_with_random_blocks_20per_6 ----------
[00:00:00:02:665] Path of length 35 found: [0, 9, 10, 11, 2, 3, 4, 5, 6, 15, 24, 23, 22, 21, 30, 29, 28, 27, 36, 45, 46, 47, 56, 65, 66, 67, 68, 59, 50, 41, 42, 43, 52, 53, 62, 71]
[00:00:00:02:666] ! Unidirectional s-t. expansions: 493, time: 2,665 [ms], path length: 35 [edges], generated: 1,936
[00:00:00:00:655] Path of length 35 found: [71, 62, 53, 52, 43, 42, 41, 50, 59, 68, 67, 66, 57, 56, 47, 46, 45, 36, 27, 28, 29, 30, 31, 22, 23, 24, 15, 6, 5, 4, 3, 2, 11, 10, 9, 0]
[00:00:00:00:655] ! Unidirectional t-s. expansions: 126, time: 655 [ms], path length: 35 [edges], generated: 454
[00:00:00:01:040] Path of length 35 found: [0, 9, 10, 11, 2, 3, 4, 5, 6, 15, 24, 23, 22, 21, 30, 29, 28, 27, 36, 45, 46, 47, 56, 57, 66, 67, 68, 59, 50, 41, 42, 43, 52, 53, 62, 71]
[00:00:00:01:554] ! Bidirectional. expansions: 219, time: 1,040 [ms], path length: 35 [edges], g_F: 18, g_B: 17, generated: 0, MM: 1, MMPER: 1.7777777777777777%
[00:00:00:01:554] 
---------- SM_Grids/8x9_grid_with_random_blocks_20per_7 ----------
[00:00:00:02:564] Path of length 23 found: [0, 1, 10, 11, 20, 29, 28, 27, 36, 45, 54, 55, 56, 47, 48, 39, 40, 41, 50, 59, 60, 69, 70, 71]
[00:00:00:02:565] ! Unidirectional s-t. expansions: 453, time: 2,564 [ms], path length: 23 [edges], generated: 2,015
[00:00:00:07:277] Path of length 23 found: [71, 70, 61, 52, 43, 42, 41, 40, 39, 48, 57, 56, 55, 46, 45, 36, 27, 28, 29, 20, 11, 10, 1, 0]
[00:00:00:07:277] ! Unidirectional t-s. expansions: 1,121, time: 7,277 [ms], path length: 23 [edges], generated: 5,607
[00:00:00:03:879] Path of length 23 found: [0, 1, 10, 11, 20, 29, 28, 27, 36, 45, 54, 55, 56, 47, 48, 39, 40, 41, 42, 51, 60, 69, 70, 71]
[00:00:00:04:438] ! Bidirectional. expansions: 870, time: 3,879 [ms], path length: 23 [edges], g_F: 12, g_B: 11, generated: 0, MM: 1, MMPER: 3.166666666666667%
[00:00:00:04:438] 
---------- SM_Grids/8x9_grid_with_random_blocks_20per_8 ----------
[00:00:00:03:270] Path of length 25 found: [0, 1, 10, 19, 20, 21, 30, 31, 32, 23, 24, 25, 34, 43, 42, 51, 50, 49, 48, 57, 66, 67, 68, 69, 70, 71]
[00:00:00:03:270] ! Unidirectional s-t. expansions: 338, time: 3,270 [ms], path length: 25 [edges], generated: 2,062
[00:00:00:02:410] Path of length 25 found: [71, 70, 61, 60, 59, 68, 67, 66, 57, 48, 49, 40, 41, 42, 43, 34, 25, 24, 23, 22, 13, 12, 11, 2, 1, 0]
[00:00:00:02:410] ! Unidirectional t-s. expansions: 322, time: 2,410 [ms], path length: 25 [edges], generated: 1,560
[00:00:00:04:097] Path of length 25 found: [0, 1, 10, 19, 20, 21, 22, 23, 24, 25, 34, 43, 42, 41, 40, 49, 48, 57, 66, 67, 68, 59, 60, 61, 70, 71]
[00:00:00:04:609] ! Bidirectional. expansions: 886, time: 4,097 [ms], path length: 25 [edges], g_F: 13, g_B: 12, generated: 0, MM: 1, MMPER: 2.8461538461538463%
[00:00:00:04:609] 
---------- SM_Grids/8x9_grid_with_random_blocks_20per_9 ----------
[00:00:00:00:748] Path of length 31 found: [0, 1, 2, 3, 4, 5, 14, 23, 22, 31, 30, 29, 38, 37, 46, 55, 56, 57, 48, 49, 50, 41, 42, 33, 34, 35, 44, 53, 52, 61, 70, 71]
[00:00:00:00:748] ! Unidirectional s-t. expansions: 90, time: 748 [ms], path length: 31 [edges], generated: 471
[00:00:00:01:924] Path of length 31 found: [71, 70, 61, 52, 53, 44, 35, 34, 33, 42, 41, 50, 49, 48, 57, 56, 55, 46, 37, 38, 29, 30, 31, 22, 23, 14, 5, 4, 3, 2, 1, 0]
[00:00:00:01:924] ! Unidirectional t-s. expansions: 258, time: 1,924 [ms], path length: 31 [edges], generated: 1,156
[00:00:00:01:814] Path of length 31 found: [0, 1, 2, 3, 4, 5, 14, 23, 22, 31, 30, 29, 38, 37, 46, 55, 56, 57, 48, 49, 50, 41, 42, 33, 34, 35, 44, 53, 52, 61, 70, 71]
[00:00:00:02:335] ! Bidirectional. expansions: 412, time: 1,814 [ms], path length: 31 [edges], g_F: 16, g_B: 15, generated: 0, MM: 1, MMPER: 2.125%

[00:00:00:02:335] average expansions: (346, 762, 521, 0)
[00:00:00:02:335] average time: (2,098, 3,284, 2,604, 0)
[00:00:00:02:335] XDFBnB: 346 , 2,098 (expansions , time[ms])
[00:00:00:02:335] BiXDFBnB: 521 , 2,604 (expansions , time[ms])

