------------------------------------
Thu 01 Oct 2026 17:53:16 IDT
SLURM_JOBID:		21953735
SLURM_JOB_NODELIST:	ise-cpu256-06
SLURM_SCRATCH_DIR:	/scratch/shubit/21953735
Allocated Resouces:	cpu - 2 / mem - 61440 MB / gpu - 
SLURM_GPU_INDEX:	
Running as shubit from shimony account with normal QOS
------------------------------------
Thu 01 Oct 2026 17:53:16 IDT

SLURM_JOBID:		 21953735
SLURM_JOB_NODELIST:	 ise-cpu256-06 

--------------------------
date: SM_Grids
number_of_graphs: 10
graph_type: grid
size_of_graphs: [8, 9]
heuristic: bcc_heuristic
snake: True
run_uni: True
run_bi: True
run_multi: False
solution_vertices: []
algorithms: ['XMM']
lookahead: 2
bsd: False
cube_first_dims: 4
cube_buffer_dim: None
backward_sym_generation: False
sym_coil: False
prefix_set: None

---------- SM_Grids/8x9_grid_with_random_blocks_20per_0 ----------
[00:00:00:00:795] Path of length 21 found: [0, 9, 18, 19, 20, 11, 2, 3, 4, 13, 14, 23, 24, 25, 26, 35, 44, 43, 52, 61, 70, 71]
[00:00:00:00:795] ! Unidirectional s-t. expansions: 112, time: 795 [ms], path length: 21 [edges], generated: 520
[00:00:00:08:809] Path of length 21 found: [71, 70, 61, 52, 43, 44, 35, 26, 25, 24, 15, 14, 5, 4, 3, 2, 11, 20, 19, 18, 9, 0]
[00:00:00:08:809] ! Unidirectional t-s. expansions: 2,883, time: 8,809 [ms], path length: 21 [edges], generated: 7,314
[00:00:00:00:360] Expansion 74: New longest path found with length 21: [0, 9, 18, 19, 20, 11, 2, 3, 4, 13, 14, 15, 24, 25, 26, 35, 44, 43, 52, 61, 70, 71]. g_current=10, g_opposite=11, f_max=25, generated=128
[00:00:00:02:007] Path of length 21 found: [0, 9, 18, 19, 20, 11, 2, 3, 4, 13, 14, 15, 24, 25, 26, 35, 44, 43, 52, 61, 70, 71]
[00:00:00:02:522] ! Bidirectional. expansions: 476, time: 2,007 [ms], path length: 21 [edges], g_F: 10, g_B: 11, generated: 761, MM: 1, MMPER: 3.545454545454546%
[00:00:00:02:522] 
---------- SM_Grids/8x9_grid_with_random_blocks_20per_1 ----------
[00:00:00:00:452] Path of length 35 found: [0, 9, 18, 19, 20, 11, 2, 3, 4, 13, 22, 31, 30, 39, 38, 47, 56, 65, 66, 67, 58, 49, 50, 41, 42, 33, 24, 25, 26, 35, 44, 53, 52, 61, 70, 71]
[00:00:00:00:453] ! Unidirectional s-t. expansions: 47, time: 452 [ms], path length: 35 [edges], generated: 225
[00:00:00:01:039] Path of length 35 found: [71, 70, 61, 52, 53, 44, 35, 26, 25, 24, 33, 42, 41, 50, 49, 58, 67, 66, 65, 56, 47, 38, 39, 30, 31, 22, 13, 4, 3, 2, 11, 20, 19, 18, 9, 0]
[00:00:00:01:039] ! Unidirectional t-s. expansions: 166, time: 1,039 [ms], path length: 35 [edges], generated: 752
[00:00:00:00:260] Expansion 45: New longest path found with length 25: [0, 9, 18, 27, 28, 29, 38, 47, 56, 57, 58, 49, 50, 41, 42, 33, 24, 25, 26, 35, 44, 53, 52, 61, 70, 71]. g_current=19, g_opposite=6, f_max=38, generated=77
[00:00:00:00:878] Expansion 208: New longest path found with length 31: [0, 9, 18, 19, 20, 11, 2, 3, 4, 13, 22, 31, 30, 39, 38, 47, 56, 57, 58, 49, 50, 51, 42, 33, 24, 25, 26, 35, 44, 53, 62, 71]. g_current=13, g_opposite=18, f_max=36, generated=342
[00:00:00:00:881] Expansion 209: New longest path found with length 33: [0, 9, 18, 19, 20, 11, 2, 3, 4, 13, 22, 31, 30, 39, 38, 47, 56, 57, 58, 49, 50, 41, 42, 33, 24, 25, 26, 35, 44, 53, 52, 61, 70, 71]. g_current=14, g_opposite=19, f_max=36, generated=343
[00:00:00:00:884] Expansion 210: New longest path found with length 35: [0, 9, 18, 19, 20, 11, 2, 3, 4, 13, 22, 31, 30, 39, 38, 47, 56, 65, 66, 67, 58, 49, 50, 41, 42, 33, 24, 25, 26, 35, 44, 53, 52, 61, 70, 71]. g_current=15, g_opposite=20, f_max=36, generated=344
[00:00:00:00:923] Path of length 35 found: [0, 9, 18, 19, 20, 11, 2, 3, 4, 13, 22, 31, 30, 39, 38, 47, 56, 65, 66, 67, 58, 49, 50, 41, 42, 33, 24, 25, 26, 35, 44, 53, 52, 61, 70, 71]
[00:00:00:01:421] ! Bidirectional. expansions: 210, time: 923 [ms], path length: 35 [edges], g_F: 15, g_B: 20, generated: 344, MM: 5, MMPER: 12.88888888888889%
[00:00:00:01:421] 
---------- SM_Grids/8x9_grid_with_random_blocks_20per_2 ----------
[00:00:00:03:312] Path of length 29 found: [0, 9, 10, 19, 20, 29, 38, 47, 56, 65, 66, 67, 58, 49, 40, 31, 22, 13, 14, 15, 16, 25, 34, 33, 42, 51, 60, 69, 70, 71]
[00:00:00:03:312] ! Unidirectional s-t. expansions: 390, time: 3,312 [ms], path length: 29 [edges], generated: 2,117
[00:00:00:01:121] Path of length 29 found: [71, 70, 69, 60, 51, 52, 43, 34, 25, 16, 15, 14, 13, 22, 31, 40, 49, 58, 67, 66, 65, 56, 47, 46, 37, 28, 19, 10, 1, 0]
[00:00:00:01:121] ! Unidirectional t-s. expansions: 132, time: 1,121 [ms], path length: 29 [edges], generated: 675
[00:00:00:00:270] Expansion 49: New longest path found with length 15: [0, 9, 10, 19, 20, 29, 38, 47, 48, 57, 66, 67, 68, 69, 70, 71]. g_current=7, g_opposite=8, f_max=38, generated=88
[00:00:00:00:535] Expansion 105: New longest path found with length 17: [0, 9, 10, 19, 20, 29, 38, 47, 56, 65, 66, 67, 58, 59, 60, 69, 70, 71]. g_current=12, g_opposite=5, f_max=37, generated=188
[00:00:00:00:897] Expansion 186: New longest path found with length 19: [0, 9, 10, 19, 20, 29, 30, 31, 40, 49, 48, 47, 56, 65, 66, 67, 68, 69, 70, 71]. g_current=11, g_opposite=8, f_max=37, generated=326
[00:00:00:01:243] Expansion 257: New longest path found with length 21: [0, 9, 10, 19, 20, 29, 30, 31, 22, 13, 14, 15, 16, 25, 34, 43, 52, 51, 60, 69, 70, 71]. g_current=9, g_opposite=12, f_max=35, generated=482
[00:00:00:01:925] Expansion 385: New longest path found with length 29: [0, 9, 10, 19, 20, 29, 30, 31, 22, 13, 14, 15, 16, 25, 34, 43, 52, 51, 50, 49, 48, 47, 56, 65, 66, 67, 68, 69, 70, 71]. g_current=14, g_opposite=15, f_max=33, generated=762
[00:00:00:03:025] Path of length 29 found: [0, 9, 10, 19, 20, 29, 30, 31, 22, 13, 14, 15, 16, 25, 34, 43, 52, 51, 50, 49, 48, 47, 56, 65, 66, 67, 68, 69, 70, 71]
[00:00:00:03:531] ! Bidirectional. expansions: 620, time: 3,025 [ms], path length: 29 [edges], g_F: 15, g_B: 14, generated: 1,193, MM: 1, MMPER: 2.3333333333333335%
[00:00:00:03:531] 
---------- SM_Grids/8x9_grid_with_random_blocks_20per_3 ----------
[00:00:00:01:413] Path of length 33 found: [0, 1, 10, 11, 12, 3, 4, 5, 6, 7, 8, 17, 26, 25, 24, 23, 22, 31, 40, 39, 38, 47, 56, 65, 66, 67, 58, 59, 60, 51, 52, 53, 62, 71]
[00:00:00:01:413] ! Unidirectional s-t. expansions: 191, time: 1,413 [ms], path length: 33 [edges], generated: 889
[00:00:00:06:356] Path of length 33 found: [71, 62, 53, 52, 51, 60, 69, 68, 67, 66, 65, 56, 47, 48, 39, 40, 31, 32, 23, 24, 25, 26, 17, 8, 7, 6, 5, 4, 13, 12, 11, 2, 1, 0]
[00:00:00:06:356] ! Unidirectional t-s. expansions: 1,155, time: 6,356 [ms], path length: 33 [edges], generated: 4,809
[00:00:00:00:657] Expansion 122: New longest path found with length 21: [0, 1, 2, 11, 20, 29, 28, 37, 46, 47, 56, 65, 66, 67, 68, 69, 60, 51, 52, 53, 62, 71]. g_current=17, g_opposite=4, f_max=41, generated=219
[00:00:00:01:507] Expansion 336: New longest path found with length 33: [0, 1, 10, 11, 12, 3, 4, 5, 6, 7, 8, 17, 26, 25, 24, 23, 32, 31, 40, 39, 48, 47, 56, 65, 66, 67, 68, 69, 60, 51, 52, 53, 62, 71]. g_current=15, g_opposite=18, f_max=40, generated=584
[00:00:00:05:447] Path of length 33 found: [0, 1, 10, 11, 12, 3, 4, 5, 6, 7, 8, 17, 26, 25, 24, 23, 32, 31, 40, 39, 48, 47, 56, 65, 66, 67, 68, 69, 60, 51, 52, 53, 62, 71]
[00:00:00:05:925] ! Bidirectional. expansions: 1,205, time: 5,447 [ms], path length: 33 [edges], g_F: 15, g_B: 18, generated: 2,189, MM: 3, MMPER: 7.8235294117647065%
[00:00:00:05:925] 
---------- SM_Grids/8x9_grid_with_random_blocks_20per_4 ----------
[00:00:00:01:443] Path of length 27 found: [0, 9, 10, 19, 20, 21, 22, 13, 4, 5, 6, 7, 8, 17, 26, 35, 34, 33, 32, 41, 40, 49, 58, 59, 68, 69, 70, 71]
[00:00:00:01:443] ! Unidirectional s-t. expansions: 224, time: 1,443 [ms], path length: 27 [edges], generated: 908
[00:00:00:00:989] Path of length 27 found: [71, 62, 61, 60, 59, 58, 49, 40, 41, 32, 33, 34, 35, 26, 17, 8, 7, 6, 5, 4, 13, 22, 21, 20, 11, 10, 1, 0]
[00:00:00:00:989] ! Unidirectional t-s. expansions: 132, time: 989 [ms], path length: 27 [edges], generated: 584
[00:00:00:00:544] Expansion 97: New longest path found with length 21: [0, 9, 10, 19, 20, 21, 22, 13, 4, 5, 6, 7, 8, 17, 26, 35, 34, 43, 52, 61, 62, 71]. g_current=9, g_opposite=12, f_max=34, generated=170
[00:00:00:01:049] Expansion 228: New longest path found with length 23: [0, 9, 10, 19, 20, 29, 30, 31, 32, 23, 14, 5, 6, 7, 8, 17, 26, 35, 34, 43, 52, 61, 62, 71]. g_current=14, g_opposite=9, f_max=31, generated=354
[00:00:00:01:212] Expansion 262: New longest path found with length 27: [0, 9, 10, 19, 20, 21, 22, 13, 4, 5, 6, 7, 8, 17, 26, 35, 34, 33, 32, 41, 40, 49, 58, 59, 60, 61, 62, 71]. g_current=11, g_opposite=16, f_max=30, generated=417
[00:00:00:01:672] Path of length 27 found: [0, 9, 10, 19, 20, 21, 22, 13, 4, 5, 6, 7, 8, 17, 26, 35, 34, 33, 32, 41, 40, 49, 58, 59, 60, 61, 62, 71]
[00:00:00:02:144] ! Bidirectional. expansions: 359, time: 1,672 [ms], path length: 27 [edges], g_F: 16, g_B: 11, generated: 590, MM: 5, MMPER: 16.857142857142858%
[00:00:00:02:144] 
---------- SM_Grids/8x9_grid_with_random_blocks_20per_5 ----------
[00:00:00:01:997] Path of length 29 found: [0, 1, 10, 19, 18, 27, 36, 45, 54, 55, 56, 47, 38, 39, 40, 31, 22, 13, 4, 5, 6, 15, 16, 17, 26, 35, 44, 53, 62, 71]
[00:00:00:01:998] ! Unidirectional s-t. expansions: 289, time: 1,998 [ms], path length: 29 [edges], generated: 1,325
[00:00:00:02:519] Path of length 29 found: [71, 62, 53, 44, 35, 26, 17, 16, 15, 6, 5, 4, 13, 22, 31, 40, 39, 38, 47, 56, 55, 54, 45, 36, 27, 18, 19, 10, 1, 0]
[00:00:00:02:519] ! Unidirectional t-s. expansions: 373, time: 2,519 [ms], path length: 29 [edges], generated: 1,578
[00:00:00:00:576] Expansion 108: New longest path found with length 27: [0, 1, 10, 19, 18, 27, 36, 45, 54, 55, 56, 47, 38, 39, 40, 31, 32, 33, 24, 15, 16, 17, 26, 35, 44, 53, 62, 71]. g_current=14, g_opposite=13, f_max=37, generated=193
[00:00:00:00:870] Expansion 173: New longest path found with length 29: [0, 1, 10, 19, 18, 27, 36, 45, 54, 55, 56, 47, 38, 39, 40, 31, 22, 13, 4, 5, 6, 15, 16, 17, 26, 35, 44, 53, 62, 71]. g_current=16, g_opposite=13, f_max=35, generated=314
[00:00:00:02:726] Path of length 29 found: [0, 1, 10, 19, 18, 27, 36, 45, 54, 55, 56, 47, 38, 39, 40, 31, 22, 13, 4, 5, 6, 15, 16, 17, 26, 35, 44, 53, 62, 71]
[00:00:00:03:206] ! Bidirectional. expansions: 620, time: 2,726 [ms], path length: 29 [edges], g_F: 16, g_B: 13, generated: 1,018, MM: 3, MMPER: 9.0%
[00:00:00:03:206] 
---------- SM_Grids/8x9_grid_with_random_blocks_20per_6 ----------
[00:00:00:00:629] Path of length 35 found: [0, 9, 10, 11, 2, 3, 4, 5, 6, 15, 24, 23, 22, 21, 30, 29, 28, 27, 36, 45, 46, 47, 56, 65, 66, 67, 68, 59, 50, 41, 42, 43, 52, 53, 62, 71]
[00:00:00:00:629] ! Unidirectional s-t. expansions: 91, time: 629 [ms], path length: 35 [edges], generated: 385
[00:00:00:00:704] Path of length 35 found: [71, 62, 53, 52, 43, 42, 41, 50, 59, 68, 67, 66, 57, 56, 47, 46, 45, 36, 27, 28, 29, 30, 31, 22, 23, 24, 15, 6, 5, 4, 3, 2, 11, 10, 9, 0]
[00:00:00:00:705] ! Unidirectional t-s. expansions: 126, time: 704 [ms], path length: 35 [edges], generated: 454
[00:00:00:00:145] Expansion 22: New longest path found with length 21: [0, 9, 18, 27, 36, 45, 46, 47, 56, 57, 66, 67, 68, 59, 50, 41, 42, 43, 52, 53, 62, 71]. g_current=14, g_opposite=7, f_max=40, generated=33
[00:00:00:01:205] Expansion 307: New longest path found with length 33: [0, 9, 10, 11, 2, 3, 4, 5, 6, 15, 24, 23, 22, 21, 30, 29, 28, 37, 46, 47, 56, 57, 66, 67, 68, 59, 50, 41, 42, 43, 52, 53, 62, 71]. g_current=14, g_opposite=19, f_max=36, generated=466
[00:00:00:01:217] Expansion 310: New longest path found with length 35: [0, 9, 10, 11, 2, 3, 4, 5, 6, 15, 24, 23, 22, 21, 30, 29, 28, 27, 36, 45, 46, 47, 56, 57, 66, 67, 68, 59, 50, 41, 42, 43, 52, 53, 62, 71]. g_current=15, g_opposite=20, f_max=36, generated=471
[00:00:00:01:381] Path of length 35 found: [0, 9, 10, 11, 2, 3, 4, 5, 6, 15, 24, 23, 22, 21, 30, 29, 28, 27, 36, 45, 46, 47, 56, 57, 66, 67, 68, 59, 50, 41, 42, 43, 52, 53, 62, 71]
[00:00:00:01:858] ! Bidirectional. expansions: 338, time: 1,381 [ms], path length: 35 [edges], g_F: 15, g_B: 20, generated: 519, MM: 5, MMPER: 12.88888888888889%
[00:00:00:01:858] 
---------- SM_Grids/8x9_grid_with_random_blocks_20per_7 ----------
[00:00:00:02:803] Path of length 23 found: [0, 1, 10, 11, 20, 29, 28, 27, 36, 45, 54, 55, 56, 47, 48, 39, 40, 41, 50, 59, 60, 69, 70, 71]
[00:00:00:02:804] ! Unidirectional s-t. expansions: 453, time: 2,803 [ms], path length: 23 [edges], generated: 2,015
[00:00:00:07:648] Path of length 23 found: [71, 62, 53, 44, 43, 42, 51, 50, 49, 48, 57, 56, 55, 46, 45, 36, 27, 28, 29, 20, 11, 10, 1, 0]
[00:00:00:07:648] ! Unidirectional t-s. expansions: 1,115, time: 7,648 [ms], path length: 23 [edges], generated: 5,598
[00:00:00:01:118] Expansion 260: New longest path found with length 23: [0, 1, 10, 11, 20, 29, 28, 27, 36, 45, 54, 55, 56, 57, 48, 49, 50, 51, 42, 43, 44, 53, 62, 71]. g_current=12, g_opposite=11, f_max=31, generated=420
[00:00:00:04:682] Path of length 23 found: [0, 1, 10, 11, 20, 29, 28, 27, 36, 45, 54, 55, 56, 57, 48, 49, 50, 51, 42, 43, 44, 53, 62, 71]
[00:00:00:05:197] ! Bidirectional. expansions: 1,169, time: 4,682 [ms], path length: 23 [edges], g_F: 11, g_B: 12, generated: 1,830, MM: 1, MMPER: 3.166666666666667%
[00:00:00:05:197] 
---------- SM_Grids/8x9_grid_with_random_blocks_20per_8 ----------
[00:00:00:03:398] Path of length 25 found: [0, 1, 10, 19, 20, 21, 30, 31, 32, 23, 24, 25, 34, 43, 42, 51, 50, 49, 48, 57, 66, 67, 68, 69, 70, 71]
[00:00:00:03:398] ! Unidirectional s-t. expansions: 338, time: 3,398 [ms], path length: 25 [edges], generated: 2,062
[00:00:00:01:606] Path of length 25 found: [71, 70, 61, 60, 59, 68, 67, 66, 57, 48, 49, 40, 41, 42, 43, 34, 25, 24, 23, 22, 13, 12, 11, 2, 1, 0]
[00:00:00:01:606] ! Unidirectional t-s. expansions: 165, time: 1,606 [ms], path length: 25 [edges], generated: 964
[00:00:00:00:246] Expansion 43: New longest path found with length 17: [0, 1, 10, 19, 20, 21, 30, 31, 40, 49, 48, 57, 66, 67, 68, 69, 70, 71]. g_current=6, g_opposite=11, f_max=34, generated=80
[00:00:00:00:342] Expansion 59: New longest path found with length 19: [0, 1, 10, 19, 20, 21, 30, 31, 40, 49, 48, 57, 66, 67, 68, 59, 60, 61, 70, 71]. g_current=7, g_opposite=12, f_max=33, generated=115
[00:00:00:00:631] Expansion 109: New longest path found with length 25: [0, 1, 10, 19, 20, 21, 30, 31, 32, 23, 24, 25, 34, 43, 52, 51, 50, 49, 48, 57, 66, 67, 68, 69, 70, 71]. g_current=10, g_opposite=15, f_max=32, generated=217
[00:00:00:04:852] Path of length 25 found: [0, 1, 10, 19, 20, 21, 30, 31, 32, 23, 24, 25, 34, 43, 52, 51, 50, 49, 48, 57, 66, 67, 68, 69, 70, 71]
[00:00:00:05:330] ! Bidirectional. expansions: 876, time: 4,852 [ms], path length: 25 [edges], g_F: 10, g_B: 15, generated: 1,871, MM: 5, MMPER: 18.23076923076923%
[00:00:00:05:330] 
---------- SM_Grids/8x9_grid_with_random_blocks_20per_9 ----------
[00:00:00:00:692] Path of length 31 found: [0, 1, 2, 3, 4, 5, 14, 23, 22, 31, 30, 29, 38, 37, 46, 55, 56, 57, 48, 49, 50, 41, 42, 33, 34, 35, 44, 53, 52, 61, 70, 71]
[00:00:00:00:693] ! Unidirectional s-t. expansions: 72, time: 693 [ms], path length: 31 [edges], generated: 413
[00:00:00:01:888] Path of length 31 found: [71, 70, 61, 52, 53, 44, 35, 34, 33, 42, 41, 50, 49, 48, 57, 56, 55, 46, 37, 38, 29, 30, 31, 22, 23, 14, 5, 4, 3, 2, 1, 0]
[00:00:00:01:889] ! Unidirectional t-s. expansions: 250, time: 1,889 [ms], path length: 31 [edges], generated: 1,135
[00:00:00:00:470] Expansion 78: New longest path found with length 17: [0, 1, 2, 3, 4, 5, 6, 7, 16, 25, 34, 35, 44, 53, 52, 61, 70, 71]. g_current=4, g_opposite=13, f_max=40, generated=148
[00:00:00:01:205] Expansion 205: New longest path found with length 19: [0, 1, 2, 3, 4, 5, 6, 15, 16, 25, 34, 33, 32, 41, 50, 51, 60, 61, 70, 71]. g_current=12, g_opposite=7, f_max=36, generated=410
[00:00:00:01:499] Expansion 262: New longest path found with length 21: [0, 1, 2, 3, 4, 5, 14, 23, 22, 31, 40, 41, 42, 33, 34, 35, 44, 53, 52, 61, 70, 71]. g_current=9, g_opposite=12, f_max=36, generated=536
[00:00:00:01:510] Expansion 264: New longest path found with length 29: [0, 1, 2, 3, 4, 5, 14, 23, 22, 31, 30, 29, 38, 37, 46, 55, 56, 57, 48, 49, 50, 51, 42, 33, 34, 35, 44, 53, 62, 71]. g_current=11, g_opposite=18, f_max=36, generated=540
[00:00:00:01:513] Expansion 265: New longest path found with length 31: [0, 1, 2, 3, 4, 5, 14, 23, 22, 31, 30, 29, 38, 37, 46, 55, 56, 57, 48, 49, 50, 41, 42, 33, 34, 35, 44, 53, 52, 61, 70, 71]. g_current=12, g_opposite=19, f_max=35, generated=541
[00:00:00:02:094] Path of length 31 found: [0, 1, 2, 3, 4, 5, 14, 23, 22, 31, 30, 29, 38, 37, 46, 55, 56, 57, 48, 49, 50, 41, 42, 33, 34, 35, 44, 53, 52, 61, 70, 71]
[00:00:00:02:601] ! Bidirectional. expansions: 393, time: 2,094 [ms], path length: 31 [edges], g_F: 12, g_B: 19, generated: 769, MM: 7, MMPER: 20.875%

[00:00:00:02:601] average expansions: (221, 650, 627, 0)
[00:00:00:02:601] average time: (1,694, 3,268, 2,881, 0)
[00:00:00:02:601] XA*: 221 , 1,694 (expansions , time[ms])
[00:00:00:02:601] XMM: 627 , 2,881 (expansions , time[ms])

