------------------------------------
Thu 01 Oct 2026 12:47:40 IDT
SLURM_JOBID:		21944754
SLURM_JOB_NODELIST:	ise-cpu256-08
SLURM_SCRATCH_DIR:	/scratch/shubit/21944754
Allocated Resouces:	cpu - 2 / mem - 61440 MB / gpu - 
SLURM_GPU_INDEX:	
Running as shubit from shimony account with normal QOS
------------------------------------
Thu 01 Oct 2026 12:47:40 IDT

SLURM_JOBID:		 21944754
SLURM_JOB_NODELIST:	 ise-cpu256-08 

--------------------------
date: SM_Grids
number_of_graphs: 10
graph_type: grid
size_of_graphs: [8, 8]
heuristic: bcc_heuristic
snake: True
run_uni: True
run_bi: True
run_multi: False
solution_vertices: []
algorithms: ['IDA']
lookahead: -1
bsd: False
cube_first_dims: 4
cube_buffer_dim: None
backward_sym_generation: False
sym_coil: False
prefix_set: None

---------- SM_Grids/8x8_grid_with_random_blocks_16per_0 ----------
[00:00:00:03:930] Path of length 32 found: [0, 1, 9, 10, 18, 26, 25, 24, 32, 40, 48, 49, 50, 42, 43, 35, 36, 28, 20, 12, 13, 5, 6, 7, 15, 23, 22, 30, 38, 46, 47, 55, 63]
[00:00:00:03:930] ! Unidirectional s-t. expansions: 402, time: 3,930 [ms], path length: 32 [edges], generated: 650
[00:00:00:02:879] Path of length 32 found: [63, 55, 47, 39, 38, 30, 22, 23, 15, 7, 6, 5, 13, 12, 20, 28, 36, 44, 43, 51, 50, 49, 41, 40, 32, 24, 25, 26, 18, 10, 2, 1, 0]
[00:00:00:02:879] ! Unidirectional t-s. expansions: 261, time: 2,879 [ms], path length: 32 [edges], generated: 423
[00:00:00:02:141] Path of length 32 found: [0, 1, 9, 10, 18, 26, 25, 24, 32, 40, 48, 49, 50, 42, 43, 35, 36, 28, 20, 12, 13, 5, 6, 7, 15, 23, 22, 30, 38, 39, 47, 55, 63]
[00:00:00:03:196] ! Bidirectional. expansions: 193, time: 2,141 [ms], path length: 32 [edges], g_F: 17, g_B: 15, generated: 0, MM: 2, MMPER: 5.0606060606060606%
[00:00:00:03:197] 
---------- SM_Grids/8x8_grid_with_random_blocks_16per_1 ----------
[00:00:00:05:608] Path of length 28 found: [0, 8, 16, 24, 32, 33, 41, 42, 43, 35, 27, 26, 18, 10, 2, 3, 4, 12, 20, 21, 22, 23, 31, 39, 38, 46, 54, 62, 63]
[00:00:00:05:608] ! Unidirectional s-t. expansions: 1,059, time: 5,608 [ms], path length: 28 [edges], generated: 1,852
[00:00:00:04:669] Path of length 28 found: [63, 55, 54, 46, 38, 39, 31, 23, 22, 21, 20, 12, 4, 3, 2, 10, 18, 26, 27, 35, 43, 42, 41, 33, 32, 24, 16, 8, 0]
[00:00:00:04:669] ! Unidirectional t-s. expansions: 870, time: 4,669 [ms], path length: 28 [edges], generated: 1,651
[00:00:00:09:723] Path of length 28 found: [0, 8, 16, 24, 32, 33, 41, 42, 43, 35, 27, 26, 18, 10, 2, 3, 4, 12, 20, 21, 22, 23, 31, 39, 38, 46, 54, 55, 63]
[00:00:00:10:252] ! Bidirectional. expansions: 1,922, time: 9,723 [ms], path length: 28 [edges], g_F: 15, g_B: 13, generated: 0, MM: 2, MMPER: 5.896551724137931%
[00:00:00:10:252] 
---------- SM_Grids/8x8_grid_with_random_blocks_16per_2 ----------
[00:00:00:13:703] Path of length 28 found: [0, 1, 2, 3, 11, 19, 18, 17, 16, 24, 32, 33, 41, 49, 57, 58, 59, 51, 43, 44, 36, 28, 29, 30, 38, 46, 54, 62, 63]
[00:00:00:13:704] ! Unidirectional s-t. expansions: 3,010, time: 13,703 [ms], path length: 28 [edges], generated: 5,320
[00:00:00:19:996] Path of length 28 found: [63, 55, 47, 46, 38, 30, 29, 21, 20, 19, 18, 26, 34, 42, 43, 44, 52, 60, 59, 58, 57, 49, 48, 40, 32, 24, 16, 8, 0]
[00:00:00:19:996] ! Unidirectional t-s. expansions: 4,836, time: 19,996 [ms], path length: 28 [edges], generated: 7,736
[00:00:00:15:987] Path of length 28 found: [0, 8, 16, 24, 32, 40, 48, 56, 57, 58, 50, 42, 34, 26, 18, 19, 20, 21, 29, 30, 38, 46, 45, 44, 52, 60, 61, 62, 63]
[00:00:00:16:504] ! Bidirectional. expansions: 3,202, time: 15,987 [ms], path length: 28 [edges], g_F: 15, g_B: 13, generated: 0, MM: 2, MMPER: 5.896551724137931%
[00:00:00:16:504] 
---------- SM_Grids/8x8_grid_with_random_blocks_16per_3 ----------
[00:00:00:07:853] Path of length 30 found: [0, 8, 16, 17, 18, 10, 11, 12, 13, 14, 15, 23, 31, 30, 29, 28, 27, 35, 34, 33, 41, 49, 50, 51, 52, 44, 45, 46, 54, 62, 63]
[00:00:00:07:853] ! Unidirectional s-t. expansions: 1,711, time: 7,853 [ms], path length: 30 [edges], generated: 3,110
[00:00:00:08:285] Path of length 30 found: [63, 55, 47, 46, 45, 53, 52, 51, 50, 49, 41, 33, 34, 35, 27, 28, 29, 30, 31, 23, 15, 14, 13, 12, 11, 10, 18, 17, 16, 8, 0]
[00:00:00:08:285] ! Unidirectional t-s. expansions: 1,476, time: 8,285 [ms], path length: 30 [edges], generated: 2,806
[00:00:00:07:897] Path of length 30 found: [0, 8, 16, 17, 18, 10, 11, 12, 13, 14, 15, 23, 31, 30, 29, 28, 27, 35, 34, 33, 41, 49, 50, 51, 52, 53, 45, 46, 47, 55, 63]
[00:00:00:08:408] ! Bidirectional. expansions: 1,548, time: 7,898 [ms], path length: 30 [edges], g_F: 16, g_B: 14, generated: 0, MM: 2, MMPER: 5.451612903225806%
[00:00:00:08:409] 
---------- SM_Grids/8x8_grid_with_random_blocks_16per_4 ----------
[00:00:00:06:327] Path of length 30 found: [0, 8, 16, 17, 18, 10, 11, 12, 13, 14, 22, 30, 29, 28, 27, 35, 34, 33, 32, 40, 48, 49, 50, 51, 52, 44, 45, 46, 54, 62, 63]
[00:00:00:06:328] ! Unidirectional s-t. expansions: 1,266, time: 6,327 [ms], path length: 30 [edges], generated: 2,267
[00:00:00:12:077] Path of length 30 found: [63, 55, 47, 46, 45, 53, 52, 51, 50, 49, 48, 40, 32, 33, 34, 35, 27, 28, 29, 30, 22, 14, 13, 12, 11, 10, 18, 17, 16, 8, 0]
[00:00:00:12:077] ! Unidirectional t-s. expansions: 2,362, time: 12,077 [ms], path length: 30 [edges], generated: 4,352
[00:00:00:15:053] Path of length 30 found: [0, 8, 16, 17, 18, 10, 11, 12, 13, 14, 22, 30, 29, 28, 27, 35, 34, 33, 32, 40, 48, 49, 50, 51, 52, 53, 45, 46, 47, 55, 63]
[00:00:00:15:576] ! Bidirectional. expansions: 2,606, time: 15,053 [ms], path length: 30 [edges], g_F: 16, g_B: 14, generated: 0, MM: 2, MMPER: 5.451612903225806%
[00:00:00:15:577] 
---------- SM_Grids/8x8_grid_with_random_blocks_16per_5 ----------
[00:00:00:19:182] Path of length 28 found: [0, 1, 9, 17, 16, 24, 32, 33, 34, 35, 36, 28, 20, 19, 11, 3, 4, 5, 6, 14, 15, 23, 31, 30, 38, 46, 54, 55, 63]
[00:00:00:19:182] ! Unidirectional s-t. expansions: 4,110, time: 19,182 [ms], path length: 28 [edges], generated: 7,009
[00:00:00:16:987] Path of length 28 found: [63, 55, 47, 46, 45, 53, 61, 60, 59, 51, 43, 35, 36, 28, 29, 30, 31, 23, 15, 14, 6, 5, 4, 12, 11, 10, 9, 1, 0]
[00:00:00:16:987] ! Unidirectional t-s. expansions: 3,661, time: 16,987 [ms], path length: 28 [edges], generated: 5,906
[00:00:00:29:959] Path of length 28 found: [0, 8, 9, 10, 2, 3, 4, 5, 6, 14, 15, 23, 31, 30, 29, 28, 36, 35, 43, 51, 59, 60, 61, 53, 45, 46, 47, 55, 63]
[00:00:00:30:484] ! Bidirectional. expansions: 6,099, time: 29,959 [ms], path length: 28 [edges], g_F: 15, g_B: 13, generated: 0, MM: 2, MMPER: 5.896551724137931%
[00:00:00:30:484] 
---------- SM_Grids/8x8_grid_with_random_blocks_16per_6 ----------
[00:00:00:01:822] Path of length 34 found: [0, 1, 9, 17, 16, 24, 32, 40, 48, 49, 50, 42, 34, 26, 27, 19, 20, 21, 13, 5, 6, 7, 15, 23, 31, 30, 38, 37, 36, 44, 52, 53, 54, 62, 63]
[00:00:00:01:822] ! Unidirectional s-t. expansions: 339, time: 1,822 [ms], path length: 34 [edges], generated: 575
[00:00:00:01:266] Path of length 34 found: [63, 55, 54, 53, 52, 44, 36, 37, 38, 30, 31, 23, 15, 7, 6, 5, 13, 21, 20, 19, 27, 26, 34, 42, 50, 49, 48, 40, 32, 24, 16, 17, 9, 1, 0]
[00:00:00:01:266] ! Unidirectional t-s. expansions: 229, time: 1,266 [ms], path length: 34 [edges], generated: 372
[00:00:00:02:821] Path of length 34 found: [0, 1, 9, 17, 16, 24, 32, 40, 48, 49, 50, 42, 34, 26, 27, 19, 20, 21, 13, 5, 6, 7, 15, 23, 31, 30, 38, 37, 36, 44, 52, 53, 54, 55, 63]
[00:00:00:03:281] ! Bidirectional. expansions: 489, time: 2,821 [ms], path length: 34 [edges], g_F: 18, g_B: 16, generated: 0, MM: 2, MMPER: 4.714285714285714%
[00:00:00:03:281] 
---------- SM_Grids/8x8_grid_with_random_blocks_16per_7 ----------
[00:00:00:14:266] Path of length 32 found: [0, 8, 16, 24, 32, 40, 48, 56, 57, 58, 59, 51, 43, 35, 34, 26, 18, 10, 11, 12, 13, 14, 15, 23, 31, 30, 38, 37, 45, 53, 54, 55, 63]
[00:00:00:14:266] ! Unidirectional s-t. expansions: 2,968, time: 14,266 [ms], path length: 32 [edges], generated: 4,953
[00:00:00:06:815] Path of length 32 found: [63, 55, 54, 53, 45, 37, 38, 30, 31, 23, 15, 14, 13, 12, 11, 19, 27, 26, 34, 42, 43, 51, 59, 58, 57, 49, 48, 40, 32, 24, 16, 8, 0]
[00:00:00:06:815] ! Unidirectional t-s. expansions: 1,840, time: 6,815 [ms], path length: 32 [edges], generated: 2,859
[00:00:00:09:751] Path of length 32 found: [0, 8, 16, 24, 32, 40, 48, 56, 57, 58, 59, 51, 43, 42, 34, 26, 18, 19, 20, 21, 13, 14, 15, 23, 31, 30, 38, 37, 45, 53, 54, 55, 63]
[00:00:00:10:249] ! Bidirectional. expansions: 2,641, time: 9,751 [ms], path length: 32 [edges], g_F: 17, g_B: 15, generated: 0, MM: 2, MMPER: 5.0606060606060606%
[00:00:00:10:250] 
---------- SM_Grids/8x8_grid_with_random_blocks_16per_8 ----------
[00:00:00:17:740] Path of length 32 found: [0, 8, 16, 17, 18, 10, 2, 3, 4, 5, 6, 7, 15, 23, 22, 21, 20, 28, 36, 35, 34, 33, 32, 40, 48, 49, 50, 51, 59, 60, 61, 62, 63]
[00:00:00:17:741] ! Unidirectional s-t. expansions: 4,321, time: 17,741 [ms], path length: 32 [edges], generated: 7,100
[00:00:00:02:265] Path of length 32 found: [63, 62, 61, 60, 59, 51, 50, 49, 48, 40, 32, 33, 34, 35, 36, 28, 29, 21, 22, 23, 15, 7, 6, 5, 4, 12, 11, 19, 18, 17, 9, 1, 0]
[00:00:00:02:265] ! Unidirectional t-s. expansions: 391, time: 2,265 [ms], path length: 32 [edges], generated: 669
[00:00:00:06:467] Path of length 32 found: [0, 8, 16, 17, 18, 10, 2, 3, 4, 5, 6, 7, 15, 23, 22, 21, 20, 28, 36, 35, 34, 33, 32, 40, 48, 49, 50, 51, 59, 60, 61, 62, 63]
[00:00:00:07:036] ! Bidirectional. expansions: 1,106, time: 6,467 [ms], path length: 32 [edges], g_F: 17, g_B: 15, generated: 0, MM: 2, MMPER: 5.0606060606060606%
[00:00:00:07:036] 
---------- SM_Grids/8x8_grid_with_random_blocks_16per_9 ----------
[00:00:00:01:292] Path of length 30 found: [0, 1, 2, 3, 4, 5, 13, 21, 20, 28, 27, 26, 18, 17, 16, 24, 32, 33, 41, 42, 50, 51, 52, 44, 45, 37, 38, 39, 47, 55, 63]
[00:00:00:01:293] ! Unidirectional s-t. expansions: 284, time: 1,293 [ms], path length: 30 [edges], generated: 445
[00:00:00:01:874] Path of length 30 found: [63, 55, 47, 39, 38, 37, 45, 53, 52, 51, 43, 42, 41, 33, 32, 24, 16, 17, 18, 26, 27, 28, 20, 21, 13, 5, 4, 3, 2, 1, 0]
[00:00:00:01:875] ! Unidirectional t-s. expansions: 397, time: 1,875 [ms], path length: 30 [edges], generated: 681
[00:00:00:01:307] Path of length 30 found: [0, 1, 2, 3, 4, 5, 13, 21, 20, 28, 27, 26, 18, 17, 16, 24, 32, 33, 41, 42, 43, 51, 52, 53, 45, 37, 38, 39, 47, 55, 63]
[00:00:00:01:820] ! Bidirectional. expansions: 251, time: 1,307 [ms], path length: 30 [edges], g_F: 16, g_B: 14, generated: 0, MM: 2, MMPER: 5.451612903225806%

[00:00:00:01:820] average expansions: (1,947, 1,632, 2,006, 0)
[00:00:00:01:820] average time: (9,172, 7,711, 10,111, 0)
[00:00:00:01:820] XIDA: 1,632 , 7,711 (expansions , time[ms])
[00:00:00:01:820] BiXIDA: 2,006 , 10,111 (expansions , time[ms])

