------------------------------------
Thu 01 Oct 2026 12:47:09 IDT
SLURM_JOBID:		21944748
SLURM_JOB_NODELIST:	ise-cpu256-08
SLURM_SCRATCH_DIR:	/scratch/shubit/21944748
Allocated Resouces:	cpu - 2 / mem - 61440 MB / gpu - 
SLURM_GPU_INDEX:	
Running as shubit from shimony account with normal QOS
------------------------------------
Thu 01 Oct 2026 12:47:09 IDT

SLURM_JOBID:		 21944748
SLURM_JOB_NODELIST:	 ise-cpu256-08 

--------------------------
date: SM_Grids
number_of_graphs: 10
graph_type: grid
size_of_graphs: [8, 8]
heuristic: bcc_heuristic
snake: True
run_uni: True
run_bi: True
run_multi: False
solution_vertices: []
algorithms: ['IDA']
lookahead: -1
bsd: False
cube_first_dims: 4
cube_buffer_dim: None
backward_sym_generation: False
sym_coil: False
prefix_set: None

---------- SM_Grids/8x8_grid_with_random_blocks_12per_0 ----------
[00:00:00:04:968] Path of length 36 found: [0, 8, 16, 24, 25, 33, 41, 40, 48, 56, 57, 58, 50, 51, 52, 53, 45, 37, 36, 35, 27, 19, 18, 10, 2, 3, 4, 12, 13, 21, 22, 30, 31, 39, 47, 55, 63]
[00:00:00:04:969] ! Unidirectional s-t. expansions: 985, time: 4,968 [ms], path length: 36 [edges], generated: 1,578
[00:00:00:02:531] Path of length 36 found: [63, 55, 47, 39, 31, 30, 22, 14, 13, 12, 4, 3, 2, 10, 18, 19, 27, 28, 36, 37, 45, 53, 61, 60, 59, 58, 57, 56, 48, 40, 41, 33, 25, 24, 16, 8, 0]
[00:00:00:02:531] ! Unidirectional t-s. expansions: 524, time: 2,531 [ms], path length: 36 [edges], generated: 858
[00:00:00:02:881] Path of length 36 found: [0, 8, 16, 24, 25, 33, 41, 40, 48, 56, 57, 58, 50, 51, 52, 53, 45, 37, 36, 35, 27, 19, 18, 10, 2, 3, 4, 12, 13, 14, 22, 30, 31, 39, 47, 55, 63]
[00:00:00:03:469] ! Bidirectional. expansions: 544, time: 2,881 [ms], path length: 36 [edges], g_F: 19, g_B: 17, generated: 0, MM: 2, MMPER: 4.405405405405405%
[00:00:00:03:469] 
---------- SM_Grids/8x8_grid_with_random_blocks_12per_1 ----------
[00:00:00:24:472] Path of length 32 found: [0, 8, 9, 10, 2, 3, 4, 5, 6, 14, 22, 21, 20, 19, 27, 26, 25, 33, 41, 49, 50, 58, 59, 60, 52, 44, 36, 37, 38, 39, 47, 55, 63]
[00:00:00:24:473] ! Unidirectional s-t. expansions: 4,764, time: 24,473 [ms], path length: 32 [edges], generated: 8,674
[00:00:00:29:766] Path of length 32 found: [63, 55, 47, 39, 38, 37, 36, 44, 52, 60, 59, 58, 50, 49, 41, 33, 34, 26, 27, 19, 20, 21, 22, 14, 6, 5, 4, 3, 2, 10, 9, 8, 0]
[00:00:00:29:766] ! Unidirectional t-s. expansions: 6,860, time: 29,766 [ms], path length: 32 [edges], generated: 11,499
[00:00:00:38:354] Path of length 32 found: [0, 8, 9, 10, 2, 3, 4, 5, 6, 14, 22, 21, 20, 19, 27, 26, 25, 33, 41, 49, 50, 58, 59, 60, 52, 44, 36, 37, 38, 39, 47, 55, 63]
[00:00:00:38:897] ! Bidirectional. expansions: 7,008, time: 38,354 [ms], path length: 32 [edges], g_F: 17, g_B: 15, generated: 0, MM: 2, MMPER: 5.0606060606060606%
[00:00:00:38:897] 
---------- SM_Grids/8x8_grid_with_random_blocks_12per_2 ----------
[00:00:00:06:395] Path of length 34 found: [0, 8, 16, 24, 32, 33, 34, 42, 50, 58, 59, 60, 52, 44, 36, 28, 27, 19, 18, 10, 2, 3, 4, 12, 13, 14, 15, 23, 31, 30, 38, 46, 54, 62, 63]
[00:00:00:06:396] ! Unidirectional s-t. expansions: 1,094, time: 6,395 [ms], path length: 34 [edges], generated: 1,856
[00:00:00:06:575] Path of length 34 found: [63, 55, 47, 46, 38, 30, 31, 23, 15, 14, 13, 5, 4, 3, 2, 10, 18, 19, 27, 28, 36, 44, 52, 60, 59, 58, 50, 42, 34, 33, 25, 24, 16, 8, 0]
[00:00:00:06:575] ! Unidirectional t-s. expansions: 1,289, time: 6,575 [ms], path length: 34 [edges], generated: 2,231
[00:00:00:09:920] Path of length 34 found: [0, 8, 16, 24, 32, 33, 34, 42, 50, 58, 59, 60, 52, 44, 36, 28, 20, 19, 18, 10, 2, 3, 4, 5, 13, 14, 15, 23, 31, 30, 38, 46, 47, 55, 63]
[00:00:00:10:476] ! Bidirectional. expansions: 1,667, time: 9,921 [ms], path length: 34 [edges], g_F: 18, g_B: 16, generated: 0, MM: 2, MMPER: 4.714285714285714%
[00:00:00:10:476] 
---------- SM_Grids/8x8_grid_with_random_blocks_12per_3 ----------
[00:00:00:57:693] Path of length 34 found: [0, 8, 16, 24, 32, 33, 41, 49, 57, 58, 59, 60, 52, 44, 43, 35, 27, 19, 18, 10, 2, 3, 4, 5, 6, 7, 15, 23, 22, 30, 38, 39, 47, 55, 63]
[00:00:00:57:694] ! Unidirectional s-t. expansions: 15,096, time: 57,694 [ms], path length: 34 [edges], generated: 23,349
[00:00:01:24:774] Path of length 34 found: [63, 62, 54, 46, 47, 39, 31, 30, 22, 14, 6, 5, 4, 12, 20, 19, 27, 35, 36, 44, 52, 60, 59, 58, 57, 49, 41, 33, 32, 24, 16, 17, 9, 1, 0]
[00:00:01:24:774] ! Unidirectional t-s. expansions: 22,370, time: 84,774 [ms], path length: 34 [edges], generated: 34,602
[00:00:00:37:619] Path of length 34 found: [0, 8, 16, 24, 32, 33, 41, 49, 57, 58, 59, 51, 52, 44, 36, 35, 27, 19, 18, 10, 2, 3, 4, 5, 6, 14, 22, 30, 31, 39, 47, 46, 54, 62, 63]
[00:00:00:38:165] ! Bidirectional. expansions: 7,302, time: 37,619 [ms], path length: 34 [edges], g_F: 18, g_B: 16, generated: 0, MM: 2, MMPER: 4.714285714285714%
[00:00:00:38:166] 
---------- SM_Grids/8x8_grid_with_random_blocks_12per_4 ----------
[00:00:00:20:134] Path of length 34 found: [0, 8, 16, 24, 25, 26, 18, 19, 11, 12, 4, 5, 6, 14, 22, 23, 31, 39, 38, 37, 36, 35, 43, 42, 41, 49, 57, 58, 59, 60, 52, 53, 54, 62, 63]
[00:00:00:20:134] ! Unidirectional s-t. expansions: 3,559, time: 20,134 [ms], path length: 34 [edges], generated: 6,398
[00:00:00:26:723] Path of length 34 found: [63, 55, 54, 53, 61, 60, 59, 58, 57, 49, 41, 42, 34, 35, 27, 28, 29, 37, 38, 39, 31, 23, 22, 14, 6, 5, 4, 12, 11, 10, 18, 17, 16, 8, 0]
[00:00:00:26:723] ! Unidirectional t-s. expansions: 4,613, time: 26,723 [ms], path length: 34 [edges], generated: 8,970
[00:00:00:30:543] Path of length 34 found: [0, 8, 16, 24, 25, 26, 18, 10, 11, 12, 4, 5, 6, 14, 22, 23, 31, 39, 38, 37, 36, 35, 43, 42, 41, 49, 57, 58, 59, 60, 61, 53, 54, 55, 63]
[00:00:00:31:070] ! Bidirectional. expansions: 5,076, time: 30,543 [ms], path length: 34 [edges], g_F: 18, g_B: 16, generated: 0, MM: 2, MMPER: 4.714285714285714%
[00:00:00:31:071] 
---------- SM_Grids/8x8_grid_with_random_blocks_12per_5 ----------
[00:00:00:34:426] Path of length 34 found: [0, 8, 9, 17, 25, 24, 32, 40, 41, 42, 50, 58, 59, 60, 52, 44, 45, 37, 29, 28, 27, 19, 11, 3, 4, 5, 13, 14, 22, 23, 31, 39, 47, 55, 63]
[00:00:00:34:426] ! Unidirectional s-t. expansions: 6,910, time: 34,426 [ms], path length: 34 [edges], generated: 11,860
[00:00:00:34:502] Path of length 34 found: [63, 55, 47, 46, 45, 53, 61, 60, 59, 51, 50, 42, 34, 33, 32, 24, 16, 17, 18, 19, 27, 28, 29, 30, 31, 23, 15, 14, 6, 5, 4, 3, 2, 1, 0]
[00:00:00:34:502] ! Unidirectional t-s. expansions: 6,886, time: 34,502 [ms], path length: 34 [edges], generated: 11,432
[00:00:00:33:337] Path of length 34 found: [0, 8, 9, 17, 25, 24, 32, 40, 41, 42, 50, 58, 59, 60, 52, 44, 45, 37, 29, 28, 27, 19, 11, 3, 4, 5, 6, 14, 15, 23, 31, 39, 47, 55, 63]
[00:00:00:33:876] ! Bidirectional. expansions: 5,810, time: 33,337 [ms], path length: 34 [edges], g_F: 18, g_B: 16, generated: 0, MM: 2, MMPER: 4.714285714285714%
[00:00:00:33:877] 
---------- SM_Grids/8x8_grid_with_random_blocks_12per_6 ----------
[00:00:00:27:508] Path of length 34 found: [0, 8, 9, 10, 2, 3, 4, 5, 6, 7, 15, 23, 22, 21, 20, 19, 27, 26, 25, 24, 32, 40, 48, 49, 50, 51, 43, 44, 36, 37, 38, 46, 54, 62, 63]
[00:00:00:27:509] ! Unidirectional s-t. expansions: 5,693, time: 27,508 [ms], path length: 34 [edges], generated: 9,569
[00:00:00:12:899] Path of length 34 found: [63, 62, 54, 46, 38, 37, 36, 44, 43, 42, 50, 49, 48, 40, 32, 24, 25, 26, 27, 19, 20, 21, 22, 23, 15, 7, 6, 5, 4, 3, 2, 10, 9, 8, 0]
[00:00:00:12:899] ! Unidirectional t-s. expansions: 2,373, time: 12,899 [ms], path length: 34 [edges], generated: 4,366
[00:00:00:18:458] Path of length 34 found: [0, 8, 9, 10, 2, 3, 4, 5, 6, 7, 15, 23, 22, 21, 20, 19, 27, 26, 25, 24, 32, 40, 48, 49, 50, 42, 43, 44, 36, 37, 38, 46, 54, 62, 63]
[00:00:00:18:993] ! Bidirectional. expansions: 3,235, time: 18,458 [ms], path length: 34 [edges], g_F: 18, g_B: 16, generated: 0, MM: 2, MMPER: 4.714285714285714%
[00:00:00:18:994] 
---------- SM_Grids/8x8_grid_with_random_blocks_12per_7 ----------
[00:00:00:16:492] Path of length 36 found: [0, 8, 16, 24, 25, 26, 18, 19, 20, 12, 13, 5, 6, 7, 15, 23, 22, 30, 38, 37, 36, 35, 43, 42, 41, 40, 48, 56, 57, 58, 59, 60, 52, 53, 54, 62, 63]
[00:00:00:16:492] ! Unidirectional s-t. expansions: 3,312, time: 16,492 [ms], path length: 36 [edges], generated: 5,451
[00:00:00:22:392] Path of length 36 found: [63, 55, 47, 39, 38, 30, 22, 23, 15, 7, 6, 5, 13, 12, 20, 19, 27, 26, 34, 42, 43, 44, 45, 53, 61, 60, 59, 58, 57, 49, 48, 40, 32, 24, 16, 8, 0]
[00:00:00:22:392] ! Unidirectional t-s. expansions: 5,027, time: 22,392 [ms], path length: 36 [edges], generated: 8,132
[00:00:00:15:652] Path of length 36 found: [0, 8, 9, 17, 25, 24, 32, 40, 48, 56, 57, 58, 59, 60, 61, 53, 45, 44, 36, 35, 27, 19, 20, 12, 13, 5, 6, 7, 15, 23, 22, 30, 38, 39, 47, 55, 63]
[00:00:00:16:179] ! Bidirectional. expansions: 2,849, time: 15,652 [ms], path length: 36 [edges], g_F: 19, g_B: 17, generated: 0, MM: 2, MMPER: 4.405405405405405%
[00:00:00:16:179] 
---------- SM_Grids/8x8_grid_with_random_blocks_12per_8 ----------
[00:00:00:14:367] Path of length 36 found: [0, 8, 16, 24, 32, 33, 41, 49, 57, 58, 59, 60, 52, 44, 43, 35, 27, 26, 18, 10, 2, 3, 4, 5, 6, 7, 15, 23, 22, 21, 29, 37, 38, 46, 47, 55, 63]
[00:00:00:14:367] ! Unidirectional s-t. expansions: 2,490, time: 14,367 [ms], path length: 36 [edges], generated: 4,439
[00:00:00:13:154] Path of length 36 found: [63, 55, 47, 39, 38, 30, 22, 23, 15, 7, 6, 5, 4, 12, 20, 28, 27, 35, 43, 44, 52, 60, 59, 58, 57, 49, 41, 33, 32, 24, 16, 17, 18, 10, 2, 1, 0]
[00:00:00:13:155] ! Unidirectional t-s. expansions: 2,578, time: 13,154 [ms], path length: 36 [edges], generated: 4,385
[00:00:00:14:691] Path of length 36 found: [0, 8, 16, 24, 32, 33, 41, 49, 57, 58, 59, 60, 52, 44, 43, 35, 27, 19, 18, 10, 2, 3, 4, 5, 6, 7, 15, 23, 22, 21, 29, 37, 38, 46, 47, 55, 63]
[00:00:00:15:232] ! Bidirectional. expansions: 2,652, time: 14,691 [ms], path length: 36 [edges], g_F: 19, g_B: 17, generated: 0, MM: 2, MMPER: 4.405405405405405%
[00:00:00:15:232] 
---------- SM_Grids/8x8_grid_with_random_blocks_12per_9 ----------
[00:00:00:38:524] Path of length 36 found: [0, 8, 9, 10, 11, 19, 20, 21, 13, 5, 6, 7, 15, 23, 31, 30, 38, 37, 36, 35, 34, 26, 25, 24, 32, 40, 48, 56, 57, 58, 50, 51, 52, 60, 61, 62, 63]
[00:00:00:38:525] ! Unidirectional s-t. expansions: 8,738, time: 38,524 [ms], path length: 36 [edges], generated: 13,406
[00:00:00:33:531] Path of length 36 found: [63, 55, 47, 46, 45, 53, 61, 60, 59, 51, 50, 49, 48, 40, 32, 24, 25, 26, 34, 35, 36, 28, 29, 30, 31, 23, 15, 7, 6, 5, 4, 12, 11, 10, 2, 1, 0]
[00:00:00:33:531] ! Unidirectional t-s. expansions: 6,975, time: 33,531 [ms], path length: 36 [edges], generated: 11,224
[00:00:00:32:371] Path of length 36 found: [0, 8, 9, 10, 11, 12, 4, 5, 6, 7, 15, 23, 31, 30, 29, 28, 36, 35, 34, 26, 25, 24, 32, 40, 41, 49, 50, 51, 59, 60, 61, 53, 45, 46, 47, 55, 63]
[00:00:00:32:919] ! Bidirectional. expansions: 6,205, time: 32,371 [ms], path length: 36 [edges], g_F: 19, g_B: 17, generated: 0, MM: 2, MMPER: 4.405405405405405%

[00:00:00:32:919] average expansions: (5,264, 5,950, 4,235, 0)
[00:00:00:32:919] average time: (24,498, 26,685, 23,383, 0)
[00:00:00:32:920] XIDA: 5,264 , 24,498 (expansions , time[ms])
[00:00:00:32:920] BiXIDA: 4,235 , 23,383 (expansions , time[ms])

