------------------------------------
Thu 01 Oct 2026 11:14:30 IDT
SLURM_JOBID:		21943057
SLURM_JOB_NODELIST:	ise-cpu256-10
SLURM_SCRATCH_DIR:	/scratch/shubit/21943057
Allocated Resouces:	cpu - 2 / mem - 61440 MB / gpu - 
SLURM_GPU_INDEX:	
Running as shubit from shimony account with normal QOS
------------------------------------
Thu 01 Oct 2026 11:14:30 IDT

SLURM_JOBID:		 21943057
SLURM_JOB_NODELIST:	 ise-cpu256-10 

--------------------------
date: SM_Grids
number_of_graphs: 10
graph_type: grid
size_of_graphs: [8, 9]
heuristic: bcc_heuristic
snake: True
run_uni: True
run_bi: True
run_multi: False
solution_vertices: []
algorithms: ['A']
lookahead: 3
bsd: False
cube_first_dims: 4
cube_buffer_dim: None
backward_sym_generation: False
sym_coil: False
prefix_set: None

---------- SM_Grids/8x9_grid_with_random_blocks_16per_0 ----------
[00:00:00:04:593] Path of length 39 found: [0, 9, 10, 19, 28, 27, 36, 45, 54, 63, 64, 65, 56, 47, 38, 39, 30, 21, 12, 3, 4, 5, 6, 7, 16, 25, 24, 23, 32, 41, 50, 49, 58, 67, 68, 69, 60, 61, 62, 71]
[00:00:00:04:593] ! Unidirectional s-t. expansions: 307, time: 4,593 [ms], path length: 39 [edges], generated: 3,377
[00:00:00:05:453] Path of length 39 found: [71, 62, 61, 60, 69, 68, 67, 58, 49, 50, 41, 42, 33, 34, 25, 16, 7, 6, 5, 4, 3, 12, 21, 30, 39, 38, 47, 56, 65, 64, 63, 54, 45, 36, 27, 28, 19, 10, 1, 0]
[00:00:00:05:454] ! Unidirectional t-s. expansions: 366, time: 5,453 [ms], path length: 39 [edges], generated: 3,845
[00:00:00:14:010] Path of length 39 found: [0, 9, 10, 19, 28, 27, 36, 45, 54, 63, 64, 65, 56, 47, 38, 39, 30, 21, 12, 3, 4, 5, 6, 7, 16, 25, 24, 33, 42, 41, 50, 49, 58, 67, 68, 69, 60, 61, 62, 71]
[00:00:00:14:509] ! Bidirectional. expansions: 546, time: 14,010 [ms], path length: 39 [edges], g_F: 24, g_B: 15, generated: 0, MM: 9, MMPER: 21.5%
[00:00:00:14:509] 
---------- SM_Grids/8x9_grid_with_random_blocks_16per_1 ----------
[00:00:00:33:505] Path of length 29 found: [0, 1, 2, 11, 20, 29, 38, 47, 56, 57, 58, 49, 50, 41, 32, 31, 22, 13, 14, 15, 16, 17, 26, 35, 34, 43, 52, 61, 70, 71]
[00:00:00:33:505] ! Unidirectional s-t. expansions: 3,433, time: 33,505 [ms], path length: 29 [edges], generated: 31,974
[00:00:00:26:934] Path of length 29 found: [71, 62, 61, 52, 43, 44, 35, 26, 17, 16, 15, 14, 13, 22, 31, 32, 41, 50, 59, 58, 57, 56, 47, 38, 29, 28, 27, 18, 9, 0]
[00:00:00:26:934] ! Unidirectional t-s. expansions: 3,396, time: 26,934 [ms], path length: 29 [edges], generated: 25,856
[00:00:01:32:824] Path of length 29 found: [0, 1, 10, 19, 28, 29, 38, 47, 56, 57, 58, 49, 40, 41, 32, 23, 14, 15, 16, 17, 26, 35, 44, 53, 52, 51, 60, 69, 70, 71]
[00:00:01:33:288] ! Bidirectional. expansions: 5,959, time: 92,824 [ms], path length: 29 [edges], g_F: 16, g_B: 13, generated: 0, MM: 3, MMPER: 9.0%
[00:00:01:33:289] 
---------- SM_Grids/8x9_grid_with_random_blocks_16per_2 ----------
[00:00:00:03:660] Path of length 39 found: [0, 9, 10, 11, 2, 3, 4, 13, 14, 15, 16, 17, 26, 35, 44, 43, 42, 33, 32, 31, 40, 39, 38, 29, 28, 27, 36, 45, 46, 55, 64, 65, 66, 57, 58, 59, 68, 69, 70, 71]
[00:00:00:03:661] ! Unidirectional s-t. expansions: 285, time: 3,661 [ms], path length: 39 [edges], generated: 2,650
[00:00:00:01:787] Path of length 39 found: [71, 70, 69, 68, 59, 58, 57, 66, 65, 64, 55, 46, 45, 36, 27, 28, 29, 38, 39, 40, 31, 32, 33, 42, 43, 44, 35, 26, 17, 16, 15, 14, 5, 4, 3, 2, 11, 10, 9, 0]
[00:00:00:01:787] ! Unidirectional t-s. expansions: 132, time: 1,787 [ms], path length: 39 [edges], generated: 1,230
[00:00:00:04:982] Path of length 39 found: [0, 9, 10, 11, 2, 3, 4, 5, 14, 15, 16, 17, 26, 35, 44, 43, 42, 33, 32, 31, 40, 39, 38, 29, 28, 27, 36, 45, 46, 55, 64, 65, 66, 57, 58, 59, 68, 69, 70, 71]
[00:00:00:05:443] ! Bidirectional. expansions: 211, time: 4,982 [ms], path length: 39 [edges], g_F: 19, g_B: 20, generated: 0, MM: 1, MMPER: 1.5%
[00:00:00:05:443] 
---------- SM_Grids/8x9_grid_with_random_blocks_16per_3 ----------
[00:00:00:01:174] Path of length 37 found: [0, 1, 2, 3, 4, 5, 14, 23, 24, 25, 34, 35, 44, 53, 52, 51, 42, 41, 40, 31, 30, 21, 20, 19, 28, 37, 46, 55, 64, 65, 66, 57, 58, 59, 68, 69, 70, 71]
[00:00:00:01:174] ! Unidirectional s-t. expansions: 83, time: 1,174 [ms], path length: 37 [edges], generated: 852
[00:00:00:02:550] Path of length 37 found: [71, 70, 69, 68, 59, 58, 57, 66, 65, 64, 55, 46, 37, 28, 19, 20, 21, 30, 39, 40, 41, 42, 51, 52, 53, 44, 35, 26, 25, 24, 23, 14, 5, 4, 3, 2, 1, 0]
[00:00:00:02:551] ! Unidirectional t-s. expansions: 177, time: 2,550 [ms], path length: 37 [edges], generated: 1,728
[00:00:00:04:059] Path of length 37 found: [0, 1, 2, 3, 4, 5, 14, 23, 24, 25, 34, 35, 44, 53, 52, 51, 42, 41, 40, 31, 30, 21, 20, 19, 28, 37, 46, 55, 64, 65, 66, 57, 58, 59, 68, 69, 70, 71]
[00:00:00:04:516] ! Bidirectional. expansions: 126, time: 4,059 [ms], path length: 37 [edges], g_F: 20, g_B: 17, generated: 0, MM: 3, MMPER: 6.894736842105263%
[00:00:00:04:516] 
---------- SM_Grids/8x9_grid_with_random_blocks_16per_4 ----------
[00:00:00:05:614] Path of length 33 found: [0, 1, 10, 19, 18, 27, 36, 37, 38, 47, 48, 49, 40, 31, 30, 21, 12, 3, 4, 5, 6, 7, 16, 25, 34, 35, 44, 53, 52, 51, 60, 69, 70, 71]
[00:00:00:05:614] ! Unidirectional s-t. expansions: 398, time: 5,614 [ms], path length: 33 [edges], generated: 4,194
[00:00:00:16:278] Path of length 33 found: [71, 70, 69, 60, 51, 52, 53, 44, 35, 34, 25, 16, 7, 6, 5, 4, 3, 12, 21, 30, 31, 40, 49, 48, 47, 38, 37, 36, 27, 18, 19, 10, 1, 0]
[00:00:00:16:278] ! Unidirectional t-s. expansions: 1,232, time: 16,278 [ms], path length: 33 [edges], generated: 13,248
[00:00:00:28:869] Path of length 33 found: [0, 1, 10, 19, 18, 27, 36, 37, 38, 47, 48, 49, 40, 31, 30, 21, 12, 3, 4, 5, 6, 7, 16, 25, 34, 35, 44, 53, 52, 51, 60, 69, 70, 71]
[00:00:00:29:331] ! Bidirectional. expansions: 971, time: 28,869 [ms], path length: 33 [edges], g_F: 17, g_B: 16, generated: 0, MM: 1, MMPER: 1.9411764705882355%
[00:00:00:29:332] 
---------- SM_Grids/8x9_grid_with_random_blocks_16per_5 ----------
[00:00:00:03:509] Path of length 31 found: [0, 9, 18, 19, 20, 11, 12, 13, 22, 23, 24, 15, 6, 7, 8, 17, 26, 35, 34, 43, 42, 41, 40, 39, 48, 57, 66, 67, 68, 69, 70, 71]
[00:00:00:03:509] ! Unidirectional s-t. expansions: 273, time: 3,509 [ms], path length: 31 [edges], generated: 2,373
[00:00:00:02:964] Path of length 31 found: [71, 70, 69, 68, 67, 66, 57, 48, 49, 50, 51, 42, 43, 34, 35, 26, 17, 8, 7, 6, 15, 24, 23, 32, 31, 30, 21, 12, 11, 10, 9, 0]
[00:00:00:02:965] ! Unidirectional t-s. expansions: 343, time: 2,965 [ms], path length: 31 [edges], generated: 2,462
[00:00:00:06:392] Path of length 31 found: [0, 9, 18, 19, 20, 11, 12, 13, 22, 23, 24, 15, 6, 7, 8, 17, 26, 35, 34, 43, 42, 41, 40, 39, 48, 57, 66, 67, 68, 69, 70, 71]
[00:00:00:06:843] ! Bidirectional. expansions: 243, time: 6,392 [ms], path length: 31 [edges], g_F: 18, g_B: 13, generated: 0, MM: 5, MMPER: 14.625%
[00:00:00:06:844] 
---------- SM_Grids/8x9_grid_with_random_blocks_16per_6 ----------
[00:00:00:06:047] Path of length 25 found: [0, 1, 2, 11, 20, 19, 18, 27, 36, 45, 54, 63, 64, 65, 56, 57, 58, 49, 40, 41, 42, 51, 60, 61, 62, 71]
[00:00:00:06:048] ! Unidirectional s-t. expansions: 510, time: 6,047 [ms], path length: 25 [edges], generated: 4,598
[00:00:00:01:944] Path of length 25 found: [71, 62, 53, 52, 51, 42, 41, 40, 49, 58, 67, 66, 65, 64, 63, 54, 45, 36, 27, 18, 19, 20, 11, 2, 1, 0]
[00:00:00:01:945] ! Unidirectional t-s. expansions: 209, time: 1,944 [ms], path length: 25 [edges], generated: 1,573
[00:00:00:09:074] Path of length 25 found: [0, 1, 2, 11, 20, 19, 18, 27, 36, 37, 46, 55, 64, 65, 66, 67, 58, 49, 40, 41, 42, 51, 52, 53, 62, 71]
[00:00:00:09:535] ! Bidirectional. expansions: 434, time: 9,074 [ms], path length: 25 [edges], g_F: 13, g_B: 12, generated: 0, MM: 1, MMPER: 2.8461538461538463%
[00:00:00:09:535] 
---------- SM_Grids/8x9_grid_with_random_blocks_16per_7 ----------
[00:00:00:02:019] Path of length 37 found: [0, 1, 10, 19, 18, 27, 36, 45, 46, 47, 56, 57, 58, 67, 68, 69, 60, 51, 50, 41, 32, 31, 22, 21, 12, 3, 4, 5, 14, 15, 24, 25, 34, 43, 44, 53, 62, 71]
[00:00:00:02:019] ! Unidirectional s-t. expansions: 134, time: 2,019 [ms], path length: 37 [edges], generated: 1,341
[00:00:00:01:324] Path of length 37 found: [71, 62, 53, 44, 43, 34, 25, 24, 15, 6, 5, 4, 3, 12, 21, 22, 31, 32, 41, 50, 51, 60, 69, 68, 67, 58, 57, 48, 39, 38, 37, 36, 27, 18, 19, 10, 1, 0]
[00:00:00:01:324] ! Unidirectional t-s. expansions: 99, time: 1,324 [ms], path length: 37 [edges], generated: 852
[00:00:00:06:755] Path of length 37 found: [0, 1, 10, 19, 18, 27, 36, 45, 46, 47, 56, 57, 58, 67, 68, 69, 60, 51, 50, 41, 32, 31, 30, 21, 12, 3, 4, 5, 6, 15, 24, 25, 34, 43, 44, 53, 62, 71]
[00:00:00:07:215] ! Bidirectional. expansions: 212, time: 6,756 [ms], path length: 37 [edges], g_F: 19, g_B: 18, generated: 0, MM: 1, MMPER: 1.6315789473684212%
[00:00:00:07:215] 
---------- SM_Grids/8x9_grid_with_random_blocks_16per_8 ----------
[00:00:00:04:750] Path of length 35 found: [0, 9, 18, 27, 36, 45, 54, 63, 64, 65, 66, 67, 68, 59, 50, 49, 48, 47, 38, 29, 20, 11, 12, 13, 22, 23, 24, 25, 26, 35, 44, 43, 52, 61, 62, 71]
[00:00:00:04:750] ! Unidirectional s-t. expansions: 364, time: 4,750 [ms], path length: 35 [edges], generated: 3,349
[00:00:00:06:969] Path of length 35 found: [71, 62, 61, 52, 43, 44, 35, 26, 25, 24, 23, 22, 13, 12, 11, 20, 29, 38, 39, 48, 49, 50, 59, 68, 67, 66, 65, 56, 55, 54, 45, 36, 27, 18, 9, 0]
[00:00:00:06:970] ! Unidirectional t-s. expansions: 628, time: 6,969 [ms], path length: 35 [edges], generated: 5,887
[00:00:00:12:123] Path of length 35 found: [0, 9, 18, 27, 36, 45, 54, 55, 56, 65, 66, 67, 68, 59, 50, 49, 48, 39, 30, 29, 20, 11, 12, 13, 22, 23, 24, 25, 26, 35, 44, 43, 52, 61, 62, 71]
[00:00:00:12:608] ! Bidirectional. expansions: 525, time: 12,123 [ms], path length: 35 [edges], g_F: 21, g_B: 14, generated: 0, MM: 7, MMPER: 18.444444444444443%
[00:00:00:12:608] 
---------- SM_Grids/8x9_grid_with_random_blocks_16per_9 ----------
[00:00:00:03:571] Path of length 35 found: [0, 9, 10, 19, 28, 27, 36, 45, 46, 47, 48, 57, 58, 59, 50, 41, 32, 31, 22, 21, 12, 3, 4, 5, 14, 15, 24, 25, 34, 35, 44, 53, 52, 61, 70, 71]
[00:00:00:03:571] ! Unidirectional s-t. expansions: 243, time: 3,571 [ms], path length: 35 [edges], generated: 2,562
[00:00:00:05:826] Path of length 35 found: [71, 62, 61, 52, 43, 44, 35, 26, 25, 24, 15, 6, 5, 4, 3, 12, 21, 22, 31, 32, 41, 50, 59, 58, 57, 48, 39, 38, 37, 36, 27, 18, 19, 10, 1, 0]
[00:00:00:05:827] ! Unidirectional t-s. expansions: 564, time: 5,826 [ms], path length: 35 [edges], generated: 4,801
[00:00:00:19:517] Path of length 35 found: [0, 1, 10, 19, 18, 27, 36, 37, 38, 47, 48, 57, 58, 59, 50, 41, 32, 31, 22, 21, 12, 3, 4, 5, 6, 15, 24, 25, 26, 35, 44, 43, 52, 61, 70, 71]
[00:00:00:19:978] ! Bidirectional. expansions: 725, time: 19,517 [ms], path length: 35 [edges], g_F: 21, g_B: 14, generated: 0, MM: 7, MMPER: 18.444444444444443%

[00:00:00:19:978] average expansions: (603, 715, 995, 0)
[00:00:00:19:978] average time: (6,844, 7,203, 19,861, 0)
[00:00:00:19:978] XA*: 603 , 6,844 (expansions , time[ms])
[00:00:00:19:978] BiXA*: 995 , 19,861 (expansions , time[ms])

