------------------------------------
Thu 01 Oct 2026 14:50:32 IDT
SLURM_JOBID:		21950300
SLURM_JOB_NODELIST:	ise-cpu256-03
SLURM_SCRATCH_DIR:	/scratch/shubit/21950300
Allocated Resouces:	cpu - 2 / mem - 61440 MB / gpu - 
SLURM_GPU_INDEX:	
Running as shubit from shimony account with normal QOS
------------------------------------
Thu 01 Oct 2026 14:50:32 IDT

SLURM_JOBID:		 21950300
SLURM_JOB_NODELIST:	 ise-cpu256-03 

--------------------------
date: SM_Grids
number_of_graphs: 10
graph_type: grid
size_of_graphs: [8, 9]
heuristic: bcc_heuristic
snake: True
run_uni: True
run_bi: True
run_multi: False
solution_vertices: []
algorithms: ['DFBnB']
lookahead: 4
bsd: False
cube_first_dims: 4
cube_buffer_dim: None
backward_sym_generation: False
sym_coil: False
prefix_set: None

---------- SM_Grids/8x9_grid_with_random_blocks_20per_0 ----------
[00:00:00:01:086] Path of length 21 found: [0, 9, 18, 19, 20, 11, 2, 3, 4, 13, 14, 23, 32, 33, 34, 35, 44, 53, 52, 61, 70, 71]
[00:00:00:01:086] ! Unidirectional s-t. expansions: 102, time: 1,086 [ms], path length: 21 [edges], generated: 1,008
[00:00:00:11:986] Path of length 21 found: [71, 62, 61, 52, 43, 44, 35, 26, 25, 24, 15, 14, 5, 4, 3, 2, 11, 20, 19, 18, 9, 0]
[00:00:00:11:986] ! Unidirectional t-s. expansions: 3,599, time: 11,986 [ms], path length: 21 [edges], generated: 18,801
[00:00:00:01:340] Path of length 21 found: [0, 9, 18, 19, 20, 11, 2, 3, 4, 13, 14, 15, 24, 25, 26, 35, 44, 43, 52, 61, 70, 71]
[00:00:00:01:881] ! Bidirectional. expansions: 117, time: 1,340 [ms], path length: 21 [edges], g_F: 11, g_B: 10, generated: 0, MM: 1, MMPER: 3.545454545454546%
[00:00:00:01:881] 
---------- SM_Grids/8x9_grid_with_random_blocks_20per_1 ----------
[00:00:00:01:099] Path of length 35 found: [0, 9, 18, 19, 20, 11, 2, 3, 4, 13, 22, 31, 30, 39, 38, 47, 56, 65, 66, 67, 58, 49, 50, 41, 42, 33, 24, 25, 26, 35, 44, 53, 52, 61, 70, 71]
[00:00:00:01:099] ! Unidirectional s-t. expansions: 51, time: 1,099 [ms], path length: 35 [edges], generated: 858
[00:00:00:01:329] Path of length 35 found: [71, 70, 61, 52, 53, 44, 35, 26, 25, 24, 33, 42, 41, 50, 49, 58, 67, 66, 65, 56, 47, 38, 39, 30, 31, 22, 13, 4, 3, 2, 11, 20, 19, 18, 9, 0]
[00:00:00:01:329] ! Unidirectional t-s. expansions: 90, time: 1,329 [ms], path length: 35 [edges], generated: 1,648
[00:00:00:01:082] Path of length 35 found: [0, 9, 18, 19, 20, 11, 2, 3, 4, 13, 22, 31, 30, 39, 38, 47, 56, 65, 66, 67, 58, 49, 50, 41, 42, 33, 24, 25, 26, 35, 44, 53, 52, 61, 70, 71]
[00:00:00:01:560] ! Bidirectional. expansions: 58, time: 1,082 [ms], path length: 35 [edges], g_F: 18, g_B: 17, generated: 0, MM: 1, MMPER: 1.7777777777777777%
[00:00:00:01:560] 
---------- SM_Grids/8x9_grid_with_random_blocks_20per_2 ----------
[00:00:00:04:597] Path of length 29 found: [0, 9, 10, 19, 20, 29, 38, 47, 56, 65, 66, 67, 58, 49, 40, 31, 22, 13, 14, 15, 16, 25, 34, 33, 42, 51, 60, 69, 70, 71]
[00:00:00:04:597] ! Unidirectional s-t. expansions: 196, time: 4,597 [ms], path length: 29 [edges], generated: 4,256
[00:00:00:01:353] Path of length 29 found: [71, 70, 69, 68, 67, 66, 65, 56, 47, 48, 49, 50, 51, 42, 33, 34, 25, 16, 15, 14, 13, 22, 31, 30, 29, 20, 19, 10, 1, 0]
[00:00:00:01:353] ! Unidirectional t-s. expansions: 96, time: 1,353 [ms], path length: 29 [edges], generated: 1,375
[00:00:00:03:442] Path of length 29 found: [0, 9, 10, 19, 20, 29, 38, 47, 56, 65, 66, 67, 58, 49, 40, 31, 22, 13, 14, 15, 16, 25, 34, 43, 52, 51, 60, 69, 70, 71]
[00:00:00:03:949] ! Bidirectional. expansions: 347, time: 3,442 [ms], path length: 29 [edges], g_F: 15, g_B: 14, generated: 0, MM: 1, MMPER: 2.3333333333333335%
[00:00:00:03:949] 
---------- SM_Grids/8x9_grid_with_random_blocks_20per_3 ----------
[00:00:00:01:849] Path of length 33 found: [0, 1, 10, 11, 12, 3, 4, 5, 6, 7, 8, 17, 26, 25, 24, 23, 22, 31, 40, 39, 38, 47, 56, 65, 66, 67, 58, 59, 60, 51, 52, 53, 62, 71]
[00:00:00:01:850] ! Unidirectional s-t. expansions: 126, time: 1,850 [ms], path length: 33 [edges], generated: 1,917
[00:00:00:08:151] Path of length 33 found: [71, 62, 53, 52, 51, 60, 59, 58, 67, 66, 65, 56, 47, 48, 39, 40, 31, 32, 23, 24, 25, 26, 17, 8, 7, 6, 5, 4, 13, 12, 11, 2, 1, 0]
[00:00:00:08:152] ! Unidirectional t-s. expansions: 1,758, time: 8,151 [ms], path length: 33 [edges], generated: 11,049
[00:00:00:05:386] Path of length 33 found: [0, 1, 2, 11, 12, 13, 4, 5, 6, 7, 8, 17, 26, 25, 24, 23, 32, 31, 40, 39, 38, 47, 56, 57, 58, 67, 68, 69, 60, 51, 52, 53, 62, 71]
[00:00:00:05:871] ! Bidirectional. expansions: 478, time: 5,386 [ms], path length: 33 [edges], g_F: 17, g_B: 16, generated: 0, MM: 1, MMPER: 1.9411764705882355%
[00:00:00:05:871] 
---------- SM_Grids/8x9_grid_with_random_blocks_20per_4 ----------
[00:00:00:01:893] Path of length 27 found: [0, 9, 10, 19, 20, 21, 22, 13, 4, 5, 6, 7, 8, 17, 26, 35, 34, 33, 32, 41, 40, 49, 58, 59, 68, 69, 70, 71]
[00:00:00:01:893] ! Unidirectional s-t. expansions: 225, time: 1,893 [ms], path length: 27 [edges], generated: 2,184
[00:00:00:01:318] Path of length 27 found: [71, 62, 61, 60, 59, 58, 49, 40, 41, 32, 33, 34, 35, 26, 17, 8, 7, 6, 5, 4, 13, 22, 21, 20, 11, 10, 1, 0]
[00:00:00:01:318] ! Unidirectional t-s. expansions: 68, time: 1,318 [ms], path length: 27 [edges], generated: 1,128
[00:00:00:01:617] Path of length 27 found: [0, 9, 10, 19, 20, 21, 22, 13, 4, 5, 6, 7, 8, 17, 26, 35, 34, 33, 32, 41, 40, 49, 58, 59, 60, 61, 62, 71]
[00:00:00:02:103] ! Bidirectional. expansions: 192, time: 1,617 [ms], path length: 27 [edges], g_F: 14, g_B: 13, generated: 0, MM: 1, MMPER: 2.5714285714285716%
[00:00:00:02:103] 
---------- SM_Grids/8x9_grid_with_random_blocks_20per_5 ----------
[00:00:00:03:418] Path of length 29 found: [0, 9, 18, 27, 36, 45, 54, 55, 56, 47, 38, 29, 20, 11, 12, 13, 22, 31, 32, 33, 24, 15, 16, 17, 26, 35, 44, 53, 62, 71]
[00:00:00:03:419] ! Unidirectional s-t. expansions: 312, time: 3,419 [ms], path length: 29 [edges], generated: 3,780
[00:00:00:02:392] Path of length 29 found: [71, 62, 53, 44, 43, 34, 25, 16, 15, 6, 5, 4, 13, 22, 31, 40, 39, 38, 47, 56, 55, 54, 45, 36, 27, 18, 19, 10, 1, 0]
[00:00:00:02:393] ! Unidirectional t-s. expansions: 192, time: 2,392 [ms], path length: 29 [edges], generated: 2,353
[00:00:00:03:666] Path of length 29 found: [0, 1, 10, 19, 18, 27, 36, 45, 54, 55, 56, 47, 38, 39, 40, 31, 22, 13, 4, 5, 6, 15, 24, 33, 42, 43, 44, 53, 62, 71]
[00:00:00:04:140] ! Bidirectional. expansions: 254, time: 3,666 [ms], path length: 29 [edges], g_F: 15, g_B: 14, generated: 0, MM: 1, MMPER: 2.3333333333333335%
[00:00:00:04:140] 
---------- SM_Grids/8x9_grid_with_random_blocks_20per_6 ----------
[00:00:00:02:746] Path of length 35 found: [0, 9, 10, 11, 2, 3, 4, 5, 6, 15, 24, 23, 22, 21, 30, 29, 28, 27, 36, 45, 46, 47, 56, 65, 66, 67, 68, 59, 50, 41, 42, 43, 52, 53, 62, 71]
[00:00:00:02:746] ! Unidirectional s-t. expansions: 458, time: 2,746 [ms], path length: 35 [edges], generated: 3,612
[00:00:00:00:740] Path of length 35 found: [71, 62, 53, 52, 43, 42, 41, 50, 59, 68, 67, 66, 57, 56, 47, 46, 45, 36, 27, 28, 29, 30, 21, 22, 23, 24, 15, 6, 5, 4, 3, 2, 11, 10, 9, 0]
[00:00:00:00:740] ! Unidirectional t-s. expansions: 69, time: 740 [ms], path length: 35 [edges], generated: 824
[00:00:00:01:329] Path of length 35 found: [0, 9, 10, 11, 2, 3, 4, 5, 6, 15, 24, 23, 22, 21, 30, 29, 28, 27, 36, 45, 46, 47, 56, 57, 66, 67, 68, 59, 50, 41, 42, 43, 52, 53, 62, 71]
[00:00:00:01:821] ! Bidirectional. expansions: 118, time: 1,330 [ms], path length: 35 [edges], g_F: 18, g_B: 17, generated: 0, MM: 1, MMPER: 1.7777777777777777%
[00:00:00:01:821] 
---------- SM_Grids/8x9_grid_with_random_blocks_20per_7 ----------
[00:00:00:02:711] Path of length 23 found: [0, 9, 10, 11, 20, 29, 28, 27, 36, 45, 54, 55, 56, 47, 48, 39, 40, 41, 50, 59, 60, 69, 70, 71]
[00:00:00:02:711] ! Unidirectional s-t. expansions: 207, time: 2,711 [ms], path length: 23 [edges], generated: 3,399
[00:00:00:07:467] Path of length 23 found: [71, 62, 53, 44, 43, 42, 51, 50, 49, 48, 47, 56, 55, 54, 45, 36, 27, 28, 29, 20, 11, 10, 1, 0]
[00:00:00:07:467] ! Unidirectional t-s. expansions: 526, time: 7,467 [ms], path length: 23 [edges], generated: 8,785
[00:00:00:04:228] Path of length 23 found: [0, 1, 10, 11, 20, 29, 28, 27, 36, 45, 54, 55, 56, 47, 48, 39, 40, 41, 42, 51, 60, 69, 70, 71]
[00:00:00:04:717] ! Bidirectional. expansions: 425, time: 4,228 [ms], path length: 23 [edges], g_F: 12, g_B: 11, generated: 0, MM: 1, MMPER: 3.166666666666667%
[00:00:00:04:717] 
---------- SM_Grids/8x9_grid_with_random_blocks_20per_8 ----------
[00:00:00:04:860] Path of length 25 found: [0, 1, 10, 19, 20, 21, 30, 31, 32, 23, 24, 25, 34, 43, 42, 51, 50, 49, 48, 57, 66, 67, 68, 69, 70, 71]
[00:00:00:04:860] ! Unidirectional s-t. expansions: 151, time: 4,860 [ms], path length: 25 [edges], generated: 4,124
[00:00:00:02:778] Path of length 25 found: [71, 70, 69, 68, 67, 66, 57, 48, 49, 50, 51, 52, 43, 34, 25, 24, 23, 32, 31, 30, 21, 12, 3, 2, 1, 0]
[00:00:00:02:779] ! Unidirectional t-s. expansions: 177, time: 2,778 [ms], path length: 25 [edges], generated: 2,472
[00:00:00:04:416] Path of length 25 found: [0, 1, 10, 19, 20, 21, 22, 23, 24, 25, 34, 43, 42, 41, 40, 49, 48, 57, 66, 67, 68, 59, 60, 61, 70, 71]
[00:00:00:04:902] ! Bidirectional. expansions: 616, time: 4,416 [ms], path length: 25 [edges], g_F: 13, g_B: 12, generated: 0, MM: 1, MMPER: 2.8461538461538463%
[00:00:00:04:902] 
---------- SM_Grids/8x9_grid_with_random_blocks_20per_9 ----------
[00:00:00:01:114] Path of length 31 found: [0, 1, 2, 3, 4, 5, 14, 23, 22, 31, 30, 29, 38, 37, 46, 55, 56, 57, 48, 49, 50, 41, 42, 33, 34, 35, 44, 53, 52, 61, 70, 71]
[00:00:00:01:114] ! Unidirectional s-t. expansions: 49, time: 1,114 [ms], path length: 31 [edges], generated: 990
[00:00:00:03:641] Path of length 31 found: [71, 70, 61, 52, 53, 44, 35, 34, 33, 42, 41, 50, 49, 48, 57, 56, 55, 46, 37, 38, 29, 30, 31, 22, 23, 14, 5, 4, 3, 2, 1, 0]
[00:00:00:03:642] ! Unidirectional t-s. expansions: 791, time: 3,641 [ms], path length: 31 [edges], generated: 3,779
[00:00:00:01:681] Path of length 31 found: [0, 1, 2, 3, 4, 5, 14, 23, 22, 31, 30, 29, 38, 37, 46, 55, 56, 57, 48, 49, 50, 41, 42, 33, 34, 35, 44, 53, 52, 61, 70, 71]
[00:00:00:02:168] ! Bidirectional. expansions: 138, time: 1,681 [ms], path length: 31 [edges], g_F: 16, g_B: 15, generated: 0, MM: 1, MMPER: 2.125%

[00:00:00:02:168] average expansions: (188, 737, 274, 0)
[00:00:00:02:168] average time: (2,538, 4,116, 2,819, 0)
[00:00:00:02:168] XDFBnB: 188 , 2,538 (expansions , time[ms])
[00:00:00:02:169] BiXDFBnB: 274 , 2,819 (expansions , time[ms])

