------------------------------------
Thu 01 Oct 2026 17:43:56 IDT
SLURM_JOBID:		21953720
SLURM_JOB_NODELIST:	ise-cpu256-27
SLURM_SCRATCH_DIR:	/scratch/shubit/21953720
Allocated Resouces:	cpu - 2 / mem - 61440 MB / gpu - 
SLURM_GPU_INDEX:	
Running as shubit from shimony account with normal QOS
------------------------------------
Thu 01 Oct 2026 17:43:56 IDT

SLURM_JOBID:		 21953720
SLURM_JOB_NODELIST:	 ise-cpu256-27 

--------------------------
date: SM_Grids
number_of_graphs: 10
graph_type: grid
size_of_graphs: [8, 9]
heuristic: bcc_heuristic
snake: True
run_uni: True
run_bi: True
run_multi: False
solution_vertices: []
algorithms: ['XMM']
lookahead: -2
bsd: False
cube_first_dims: 4
cube_buffer_dim: None
backward_sym_generation: False
sym_coil: False
prefix_set: None

---------- SM_Grids/8x9_grid_with_random_blocks_12per_0 ----------
[00:00:00:21:446] Path of length 41 found: [0, 9, 10, 11, 2, 3, 4, 13, 14, 15, 6, 7, 8, 17, 26, 25, 34, 33, 32, 31, 40, 39, 38, 29, 28, 27, 36, 45, 46, 55, 56, 57, 66, 67, 68, 59, 50, 51, 52, 61, 70, 71]
[00:00:00:21:447] ! Unidirectional s-t. expansions: 3,494, time: 21,447 [ms], path length: 41 [edges], generated: 6,540
[00:00:00:20:896] Path of length 41 found: [71, 62, 53, 52, 51, 60, 59, 68, 67, 66, 57, 56, 55, 46, 45, 36, 27, 28, 29, 38, 39, 40, 41, 32, 33, 34, 25, 26, 17, 8, 7, 6, 15, 14, 13, 4, 3, 2, 11, 10, 9, 0]
[00:00:00:20:897] ! Unidirectional t-s. expansions: 3,609, time: 20,896 [ms], path length: 41 [edges], generated: 6,121
[00:00:00:00:533] Expansion 69: New longest path found with length 17: [0, 9, 10, 11, 2, 3, 4, 13, 22, 31, 32, 41, 42, 51, 52, 53, 62, 71]. g_current=8, g_opposite=9, f_max=47, generated=123
[00:00:00:00:559] Expansion 74: New longest path found with length 21: [0, 1, 10, 19, 18, 27, 36, 45, 46, 55, 56, 57, 66, 67, 68, 59, 60, 51, 52, 53, 62, 71]. g_current=10, g_opposite=11, f_max=47, generated=130
[00:00:00:01:354] Expansion 184: New longest path found with length 29: [0, 9, 10, 11, 2, 3, 4, 13, 22, 21, 30, 29, 28, 27, 36, 45, 46, 55, 56, 57, 66, 67, 68, 59, 60, 51, 52, 53, 62, 71]. g_current=18, g_opposite=11, f_max=47, generated=340
[00:00:00:02:025] Expansion 300: New longest path found with length 31: [0, 9, 10, 11, 2, 3, 4, 5, 6, 7, 8, 17, 26, 25, 24, 33, 32, 41, 40, 49, 48, 57, 66, 67, 68, 59, 60, 51, 52, 53, 62, 71]. g_current=15, g_opposite=16, f_max=46, generated=543
[00:00:00:04:634] Expansion 768: New longest path found with length 33: [0, 9, 10, 11, 2, 3, 4, 13, 14, 15, 6, 7, 8, 17, 26, 25, 34, 33, 32, 41, 40, 49, 48, 57, 66, 67, 68, 59, 60, 51, 52, 53, 62, 71]. g_current=16, g_opposite=17, f_max=45, generated=1,325
[00:00:00:07:786] Expansion 1,328: New longest path found with length 39: [0, 1, 2, 11, 12, 13, 4, 5, 6, 7, 8, 17, 26, 25, 24, 33, 32, 31, 40, 39, 38, 29, 28, 27, 36, 45, 46, 55, 56, 57, 66, 67, 68, 59, 60, 51, 52, 53, 62, 71]. g_current=17, g_opposite=22, f_max=44, generated=2,356
[00:00:00:14:948] Expansion 2,665: New longest path found with length 41: [0, 9, 10, 11, 2, 3, 4, 13, 14, 15, 6, 7, 8, 17, 26, 25, 34, 33, 32, 31, 40, 39, 38, 29, 28, 27, 36, 45, 46, 55, 56, 57, 66, 67, 68, 59, 60, 51, 52, 53, 62, 71]. g_current=19, g_opposite=22, f_max=43, generated=4,745
[00:00:00:35:846] Path of length 41 found: [0, 9, 10, 11, 2, 3, 4, 13, 14, 15, 6, 7, 8, 17, 26, 25, 34, 33, 32, 31, 40, 39, 38, 29, 28, 27, 36, 45, 46, 55, 56, 57, 66, 67, 68, 59, 60, 51, 52, 53, 62, 71]
[00:00:00:36:363] ! Bidirectional. expansions: 6,466, time: 35,846 [ms], path length: 41 [edges], g_F: 19, g_B: 22, generated: 11,678, MM: 3, MMPER: 6.142857142857143%
[00:00:00:36:363] 
---------- SM_Grids/8x9_grid_with_random_blocks_12per_1 ----------
[00:00:00:39:711] Path of length 33 found: [0, 9, 10, 19, 20, 21, 12, 3, 4, 5, 6, 7, 8, 17, 26, 25, 24, 23, 32, 31, 40, 39, 48, 57, 58, 59, 50, 51, 42, 43, 44, 53, 62, 71]
[00:00:00:39:711] ! Unidirectional s-t. expansions: 6,580, time: 39,711 [ms], path length: 33 [edges], generated: 13,151
[00:00:00:48:498] Expansion 10,000: state None, f=37, g=20
[00:00:01:08:613] Path of length 33 found: [71, 62, 53, 44, 43, 42, 51, 60, 59, 58, 57, 48, 39, 40, 31, 32, 23, 24, 25, 26, 17, 8, 7, 6, 5, 4, 13, 12, 21, 20, 19, 10, 1, 0]
[00:00:01:08:613] ! Unidirectional t-s. expansions: 14,048, time: 68,613 [ms], path length: 33 [edges], generated: 25,548
[00:00:00:01:716] Expansion 328: New longest path found with length 27: [0, 1, 2, 11, 20, 19, 28, 27, 36, 45, 54, 63, 64, 65, 56, 47, 48, 49, 58, 59, 60, 51, 42, 43, 44, 53, 62, 71]. g_current=10, g_opposite=17, f_max=45, generated=507
[00:00:00:03:753] Expansion 710: New longest path found with length 29: [0, 1, 2, 11, 20, 19, 28, 27, 36, 45, 54, 63, 64, 65, 56, 47, 48, 39, 40, 31, 32, 33, 42, 51, 50, 59, 68, 69, 70, 71]. g_current=11, g_opposite=18, f_max=44, generated=1,160
[00:00:00:03:760] Expansion 712: New longest path found with length 31: [0, 1, 2, 3, 12, 21, 20, 19, 28, 27, 36, 45, 54, 63, 64, 65, 56, 47, 48, 39, 40, 31, 32, 33, 42, 51, 50, 59, 68, 69, 70, 71]. g_current=13, g_opposite=18, f_max=44, generated=1,162
[00:00:00:03:915] Expansion 735: New longest path found with length 33: [0, 9, 10, 19, 20, 21, 12, 3, 4, 5, 6, 7, 8, 17, 26, 25, 24, 23, 32, 31, 40, 39, 48, 57, 58, 59, 60, 51, 42, 43, 44, 53, 62, 71]. g_current=22, g_opposite=11, f_max=44, generated=1,210
[00:00:00:56:171] Path of length 33 found: [0, 9, 10, 19, 20, 21, 12, 3, 4, 5, 6, 7, 8, 17, 26, 25, 24, 23, 32, 31, 40, 39, 48, 57, 58, 59, 60, 51, 42, 43, 44, 53, 62, 71]
[00:00:00:56:660] ! Bidirectional. expansions: 10,838, time: 56,171 [ms], path length: 33 [edges], g_F: 22, g_B: 11, generated: 19,785, MM: 11, MMPER: 31.352941176470587%
[00:00:00:56:660] 
---------- SM_Grids/8x9_grid_with_random_blocks_12per_2 ----------
[00:00:00:07:760] Path of length 39 found: [0, 1, 2, 3, 12, 21, 20, 29, 38, 47, 46, 45, 54, 63, 64, 65, 66, 67, 68, 59, 50, 49, 40, 31, 32, 23, 24, 15, 6, 7, 8, 17, 26, 35, 34, 43, 52, 61, 70, 71]
[00:00:00:07:761] ! Unidirectional s-t. expansions: 1,253, time: 7,760 [ms], path length: 39 [edges], generated: 2,194
[00:00:00:19:304] Path of length 39 found: [71, 70, 61, 52, 53, 44, 35, 26, 17, 8, 7, 6, 15, 24, 23, 32, 31, 40, 49, 50, 59, 68, 67, 66, 65, 64, 63, 54, 45, 46, 47, 38, 29, 20, 21, 12, 3, 2, 1, 0]
[00:00:00:19:304] ! Unidirectional t-s. expansions: 4,595, time: 19,304 [ms], path length: 39 [edges], generated: 7,470
[00:00:00:00:297] Expansion 42: New longest path found with length 21: [0, 1, 2, 3, 4, 13, 22, 23, 24, 15, 6, 7, 8, 17, 26, 35, 44, 53, 52, 61, 70, 71]. g_current=14, g_opposite=7, f_max=46, generated=73
[00:00:00:01:309] Expansion 215: New longest path found with length 23: [0, 1, 10, 19, 28, 29, 30, 31, 32, 23, 24, 15, 6, 7, 8, 17, 26, 35, 44, 53, 52, 61, 70, 71]. g_current=6, g_opposite=17, f_max=45, generated=372
[00:00:00:01:394] Expansion 227: New longest path found with length 25: [0, 1, 10, 19, 28, 29, 30, 39, 40, 41, 32, 23, 24, 15, 6, 7, 8, 17, 26, 35, 44, 53, 52, 61, 70, 71]. g_current=18, g_opposite=7, f_max=44, generated=397
[00:00:00:01:828] Expansion 309: New longest path found with length 27: [0, 1, 10, 19, 28, 29, 30, 31, 32, 23, 24, 15, 6, 7, 8, 17, 26, 35, 44, 53, 52, 51, 50, 59, 68, 69, 70, 71]. g_current=20, g_opposite=7, f_max=44, generated=555
[00:00:00:03:198] Expansion 557: New longest path found with length 35: [0, 1, 2, 3, 4, 13, 22, 23, 24, 15, 6, 7, 8, 17, 26, 35, 44, 53, 52, 51, 50, 49, 48, 47, 46, 45, 54, 63, 64, 65, 66, 67, 68, 69, 70, 71]. g_current=14, g_opposite=21, f_max=44, generated=1,008
[00:00:00:03:203] Expansion 558: New longest path found with length 37: [0, 1, 2, 3, 4, 13, 22, 23, 24, 15, 6, 7, 8, 17, 26, 35, 44, 53, 52, 51, 50, 41, 40, 39, 48, 47, 46, 45, 54, 63, 64, 65, 66, 67, 68, 69, 70, 71]. g_current=15, g_opposite=22, f_max=43, generated=1,009
[00:00:00:06:791] Expansion 1,236: New longest path found with length 39: [0, 1, 2, 3, 12, 21, 20, 29, 38, 47, 46, 45, 54, 63, 64, 65, 66, 67, 68, 59, 50, 49, 40, 31, 32, 23, 24, 15, 6, 7, 8, 17, 26, 35, 44, 53, 52, 61, 70, 71]. g_current=16, g_opposite=23, f_max=41, generated=2,271
[00:00:00:12:865] Path of length 39 found: [0, 1, 2, 3, 12, 21, 20, 29, 38, 47, 46, 45, 54, 63, 64, 65, 66, 67, 68, 59, 50, 49, 40, 31, 32, 23, 24, 15, 6, 7, 8, 17, 26, 35, 44, 53, 52, 61, 70, 71]
[00:00:00:13:363] ! Bidirectional. expansions: 2,320, time: 12,865 [ms], path length: 39 [edges], g_F: 16, g_B: 23, generated: 4,164, MM: 7, MMPER: 16.5%
[00:00:00:13:364] 
---------- SM_Grids/8x9_grid_with_random_blocks_12per_3 ----------
[00:00:00:41:216] Expansion 10,000: state None, f=38, g=29
[00:00:00:52:444] Path of length 37 found: [0, 9, 18, 27, 28, 37, 46, 45, 54, 63, 64, 65, 66, 67, 58, 49, 50, 41, 32, 31, 30, 21, 20, 11, 2, 3, 4, 5, 6, 7, 16, 25, 34, 43, 44, 53, 62, 71]
[00:00:00:52:446] ! Unidirectional s-t. expansions: 12,431, time: 52,446 [ms], path length: 37 [edges], generated: 19,686
[00:00:00:22:482] Path of length 37 found: [71, 62, 53, 44, 43, 34, 25, 16, 7, 6, 5, 4, 3, 12, 21, 22, 31, 32, 41, 50, 59, 58, 67, 66, 65, 64, 63, 54, 45, 46, 47, 38, 29, 28, 27, 18, 9, 0]
[00:00:00:22:483] ! Unidirectional t-s. expansions: 5,330, time: 22,482 [ms], path length: 37 [edges], generated: 8,887
[00:00:00:00:465] Expansion 67: New longest path found with length 17: [0, 9, 18, 27, 36, 45, 54, 63, 64, 65, 66, 67, 58, 59, 60, 69, 70, 71]. g_current=13, g_opposite=4, f_max=46, generated=118
[00:00:00:00:604] Expansion 91: New longest path found with length 19: [0, 9, 10, 11, 2, 3, 4, 5, 6, 7, 16, 25, 34, 43, 52, 51, 60, 69, 70, 71]. g_current=6, g_opposite=13, f_max=46, generated=158
[00:00:00:00:691] Expansion 104: New longest path found with length 21: [0, 9, 18, 27, 28, 29, 20, 11, 2, 3, 4, 5, 6, 7, 16, 25, 34, 43, 44, 53, 62, 71]. g_current=14, g_opposite=7, f_max=45, generated=184
[00:00:00:00:938] Expansion 143: New longest path found with length 23: [0, 9, 18, 27, 28, 29, 20, 11, 2, 3, 4, 5, 6, 7, 16, 25, 34, 43, 52, 51, 60, 69, 70, 71]. g_current=9, g_opposite=14, f_max=46, generated=261
[00:00:00:01:502] Expansion 233: New longest path found with length 31: [0, 9, 18, 27, 28, 37, 46, 45, 54, 63, 64, 65, 56, 57, 48, 39, 30, 21, 12, 13, 14, 5, 6, 7, 16, 25, 34, 43, 44, 53, 62, 71]. g_current=16, g_opposite=15, f_max=44, generated=419
[00:00:00:02:259] Expansion 371: New longest path found with length 33: [0, 9, 18, 27, 28, 37, 46, 45, 54, 63, 64, 65, 56, 57, 48, 39, 30, 21, 20, 11, 2, 3, 4, 5, 6, 7, 16, 25, 34, 43, 44, 53, 62, 71]. g_current=16, g_opposite=17, f_max=43, generated=668
[00:00:00:02:273] Expansion 374: New longest path found with length 35: [0, 9, 18, 27, 28, 37, 46, 45, 54, 63, 64, 65, 56, 57, 48, 39, 40, 31, 22, 21, 20, 11, 2, 3, 4, 5, 6, 7, 16, 25, 34, 43, 44, 53, 62, 71]. g_current=18, g_opposite=17, f_max=43, generated=673
[00:00:00:02:683] Expansion 437: New longest path found with length 37: [0, 9, 18, 27, 28, 37, 46, 45, 54, 63, 64, 65, 66, 67, 58, 49, 50, 41, 32, 31, 22, 21, 20, 11, 2, 3, 4, 5, 6, 7, 16, 25, 34, 43, 44, 53, 62, 71]. g_current=16, g_opposite=21, f_max=43, generated=793
[00:00:00:32:253] Path of length 37 found: [0, 9, 18, 27, 28, 37, 46, 45, 54, 63, 64, 65, 66, 67, 58, 49, 50, 41, 32, 31, 22, 21, 20, 11, 2, 3, 4, 5, 6, 7, 16, 25, 34, 43, 44, 53, 62, 71]
[00:00:00:32:784] ! Bidirectional. expansions: 6,097, time: 32,253 [ms], path length: 37 [edges], g_F: 16, g_B: 21, generated: 11,488, MM: 5, MMPER: 12.157894736842104%
[00:00:00:32:784] 
---------- SM_Grids/8x9_grid_with_random_blocks_12per_4 ----------
[00:00:00:13:602] Path of length 39 found: [0, 1, 10, 19, 18, 27, 36, 37, 46, 55, 64, 65, 66, 57, 48, 39, 40, 31, 22, 21, 12, 3, 4, 5, 14, 15, 16, 25, 26, 35, 44, 43, 52, 51, 50, 59, 68, 69, 70, 71]
[00:00:00:13:603] ! Unidirectional s-t. expansions: 2,312, time: 13,602 [ms], path length: 39 [edges], generated: 4,136
[00:00:00:06:921] Path of length 39 found: [71, 70, 69, 68, 59, 50, 51, 52, 43, 34, 35, 26, 17, 16, 15, 14, 5, 4, 3, 2, 11, 20, 21, 22, 31, 40, 39, 48, 57, 66, 65, 64, 55, 46, 37, 28, 27, 18, 9, 0]
[00:00:00:06:922] ! Unidirectional t-s. expansions: 1,262, time: 6,921 [ms], path length: 39 [edges], generated: 2,225
[00:00:00:00:314] Expansion 42: New longest path found with length 15: [0, 9, 18, 27, 36, 37, 46, 55, 64, 65, 66, 67, 68, 69, 70, 71]. g_current=6, g_opposite=9, f_max=46, generated=74
[00:00:00:00:492] Expansion 68: New longest path found with length 17: [0, 1, 10, 19, 18, 27, 36, 37, 46, 55, 64, 65, 66, 67, 68, 69, 70, 71]. g_current=9, g_opposite=8, f_max=45, generated=121
[00:00:00:00:836] Expansion 122: New longest path found with length 19: [0, 1, 2, 11, 20, 19, 18, 27, 36, 37, 46, 55, 64, 65, 66, 67, 68, 69, 70, 71]. g_current=9, g_opposite=10, f_max=46, generated=219
[00:00:00:00:989] Expansion 145: New longest path found with length 21: [0, 1, 2, 3, 4, 5, 14, 15, 16, 17, 26, 35, 44, 43, 52, 51, 50, 59, 68, 69, 70, 71]. g_current=12, g_opposite=9, f_max=44, generated=261
[00:00:00:01:312] Expansion 203: New longest path found with length 23: [0, 9, 10, 11, 2, 3, 4, 5, 14, 15, 16, 17, 26, 35, 44, 43, 52, 51, 50, 59, 68, 69, 70, 71]. g_current=10, g_opposite=13, f_max=44, generated=365
[00:00:00:01:902] Expansion 306: New longest path found with length 27: [0, 9, 18, 27, 28, 29, 20, 11, 2, 3, 4, 5, 14, 15, 16, 17, 26, 35, 44, 43, 52, 51, 50, 59, 68, 69, 70, 71]. g_current=14, g_opposite=13, f_max=44, generated=547
[00:00:00:01:960] Expansion 318: New longest path found with length 31: [0, 1, 2, 3, 4, 5, 14, 15, 16, 25, 26, 35, 44, 43, 52, 51, 50, 41, 40, 39, 48, 47, 46, 55, 64, 65, 66, 67, 68, 69, 70, 71]. g_current=16, g_opposite=15, f_max=43, generated=566
[00:00:00:02:731] Expansion 444: New longest path found with length 33: [0, 9, 10, 11, 2, 3, 4, 5, 14, 15, 16, 25, 26, 35, 44, 43, 52, 51, 50, 41, 40, 39, 48, 47, 46, 55, 64, 65, 66, 67, 68, 69, 70, 71]. g_current=11, g_opposite=22, f_max=43, generated=795
[00:00:00:03:343] Expansion 562: New longest path found with length 35: [0, 1, 10, 19, 18, 27, 36, 37, 46, 55, 64, 65, 66, 57, 48, 39, 40, 31, 22, 23, 14, 15, 16, 17, 26, 35, 44, 43, 52, 51, 50, 59, 68, 69, 70, 71]. g_current=17, g_opposite=18, f_max=42, generated=1,017
[00:00:00:04:048] Expansion 690: New longest path found with length 37: [0, 1, 2, 11, 20, 19, 18, 27, 36, 37, 46, 55, 64, 65, 66, 57, 48, 39, 30, 31, 22, 23, 14, 15, 16, 17, 26, 35, 44, 43, 52, 51, 50, 59, 68, 69, 70, 71]. g_current=19, g_opposite=18, f_max=42, generated=1,246
[00:00:00:04:076] Expansion 696: New longest path found with length 39: [0, 1, 10, 19, 18, 27, 36, 37, 46, 55, 64, 65, 66, 57, 48, 39, 40, 31, 22, 21, 12, 3, 4, 5, 14, 15, 16, 17, 26, 35, 44, 43, 52, 51, 50, 59, 68, 69, 70, 71]. g_current=19, g_opposite=20, f_max=42, generated=1,257
[00:00:00:22:156] Path of length 39 found: [0, 1, 10, 19, 18, 27, 36, 37, 46, 55, 64, 65, 66, 57, 48, 39, 40, 31, 22, 21, 12, 3, 4, 5, 14, 15, 16, 17, 26, 35, 44, 43, 52, 51, 50, 59, 68, 69, 70, 71]
[00:00:00:22:704] ! Bidirectional. expansions: 4,150, time: 22,156 [ms], path length: 39 [edges], g_F: 19, g_B: 20, generated: 7,606, MM: 1, MMPER: 1.5%
[00:00:00:22:705] 
---------- SM_Grids/8x9_grid_with_random_blocks_12per_5 ----------
[00:00:00:16:595] Path of length 41 found: [0, 9, 18, 27, 28, 37, 46, 45, 54, 63, 64, 65, 66, 57, 58, 59, 50, 41, 40, 39, 30, 21, 20, 11, 2, 3, 4, 13, 14, 15, 6, 7, 8, 17, 26, 25, 34, 43, 44, 53, 62, 71]
[00:00:00:16:596] ! Unidirectional s-t. expansions: 3,188, time: 16,596 [ms], path length: 41 [edges], generated: 4,901
[00:00:00:24:113] Path of length 41 found: [71, 62, 61, 60, 59, 58, 57, 66, 65, 64, 63, 54, 45, 46, 47, 38, 39, 40, 41, 42, 43, 44, 35, 26, 17, 8, 7, 6, 15, 24, 23, 22, 13, 4, 3, 2, 11, 20, 19, 18, 9, 0]
[00:00:00:24:113] ! Unidirectional t-s. expansions: 4,714, time: 24,113 [ms], path length: 41 [edges], generated: 8,157
[00:00:00:00:308] Expansion 39: New longest path found with length 17: [0, 1, 2, 3, 4, 5, 6, 7, 8, 17, 26, 25, 34, 43, 44, 53, 62, 71]. g_current=12, g_opposite=5, f_max=47, generated=69
[00:00:00:00:435] Expansion 63: New longest path found with length 19: [0, 9, 18, 27, 28, 37, 46, 45, 54, 63, 64, 65, 66, 57, 58, 59, 60, 61, 62, 71]. g_current=13, g_opposite=6, f_max=47, generated=107
[00:00:00:00:903] Expansion 153: New longest path found with length 21: [0, 9, 18, 19, 28, 29, 38, 47, 46, 45, 54, 63, 64, 65, 66, 57, 58, 59, 60, 61, 62, 71]. g_current=15, g_opposite=6, f_max=46, generated=244
[00:00:00:01:128] Expansion 195: New longest path found with length 23: [0, 9, 18, 27, 28, 37, 46, 45, 54, 63, 64, 65, 66, 57, 58, 59, 60, 51, 42, 43, 44, 53, 62, 71]. g_current=9, g_opposite=14, f_max=46, generated=317
[00:00:00:01:255] Expansion 209: New longest path found with length 25: [0, 9, 18, 19, 28, 29, 38, 47, 46, 45, 54, 63, 64, 65, 66, 57, 58, 49, 40, 41, 42, 51, 60, 61, 62, 71]. g_current=19, g_opposite=6, f_max=46, generated=338
[00:00:00:02:317] Expansion 459: New longest path found with length 27: [0, 1, 2, 3, 12, 21, 20, 29, 38, 47, 46, 45, 54, 63, 64, 65, 66, 57, 58, 49, 40, 41, 42, 51, 60, 61, 62, 71]. g_current=20, g_opposite=7, f_max=45, generated=691
[00:00:00:02:401] Expansion 473: New longest path found with length 35: [0, 1, 2, 3, 4, 5, 6, 7, 8, 17, 26, 25, 24, 23, 22, 21, 30, 39, 38, 47, 46, 45, 54, 63, 64, 65, 66, 57, 58, 49, 50, 51, 60, 61, 62, 71]. g_current=19, g_opposite=16, f_max=45, generated=724
[00:00:00:02:542] Expansion 492: New longest path found with length 37: [0, 1, 2, 3, 12, 13, 22, 23, 24, 15, 6, 7, 8, 17, 26, 35, 34, 43, 42, 41, 40, 39, 38, 47, 46, 45, 54, 63, 64, 65, 66, 57, 58, 59, 60, 61, 62, 71]. g_current=19, g_opposite=18, f_max=46, generated=749
[00:00:00:04:460] Expansion 914: New longest path found with length 39: [0, 9, 10, 11, 2, 3, 4, 13, 22, 23, 24, 15, 6, 7, 8, 17, 26, 35, 44, 43, 42, 41, 40, 39, 38, 47, 46, 45, 54, 63, 64, 65, 66, 57, 58, 59, 60, 61, 62, 71]. g_current=16, g_opposite=23, f_max=45, generated=1,412
[00:00:00:07:088] Expansion 1,467: New longest path found with length 41: [0, 9, 18, 27, 28, 37, 46, 45, 54, 63, 64, 65, 66, 57, 58, 49, 40, 39, 30, 21, 20, 11, 2, 3, 4, 13, 14, 15, 6, 7, 8, 17, 26, 35, 44, 43, 42, 51, 60, 61, 62, 71]. g_current=20, g_opposite=21, f_max=44, generated=2,351
[00:00:00:39:581] Path of length 41 found: [0, 9, 18, 27, 28, 37, 46, 45, 54, 63, 64, 65, 66, 57, 58, 49, 40, 39, 30, 21, 20, 11, 2, 3, 4, 13, 14, 15, 6, 7, 8, 17, 26, 35, 44, 43, 42, 51, 60, 61, 62, 71]
[00:00:00:40:068] ! Bidirectional. expansions: 8,059, time: 39,581 [ms], path length: 41 [edges], g_F: 20, g_B: 21, generated: 13,688, MM: 1, MMPER: 1.380952380952381%
[00:00:00:40:068] 
---------- SM_Grids/8x9_grid_with_random_blocks_12per_6 ----------
[00:00:00:17:008] Path of length 39 found: [0, 1, 2, 3, 12, 21, 20, 19, 28, 37, 36, 45, 54, 63, 64, 65, 66, 57, 48, 39, 40, 41, 42, 33, 24, 23, 14, 5, 6, 7, 16, 17, 26, 35, 44, 53, 52, 61, 70, 71]
[00:00:00:17:009] ! Unidirectional s-t. expansions: 4,710, time: 17,008 [ms], path length: 39 [edges], generated: 7,063
[00:00:00:14:982] Path of length 39 found: [71, 70, 61, 52, 53, 44, 35, 26, 17, 8, 7, 6, 5, 14, 23, 24, 33, 42, 41, 40, 39, 48, 57, 66, 65, 64, 55, 54, 45, 36, 37, 28, 29, 20, 21, 12, 3, 2, 1, 0]
[00:00:00:14:983] ! Unidirectional t-s. expansions: 2,590, time: 14,982 [ms], path length: 39 [edges], generated: 4,842
[00:00:00:00:233] Expansion 31: New longest path found with length 17: [0, 1, 2, 3, 4, 5, 6, 7, 8, 17, 26, 35, 44, 53, 52, 61, 70, 71]. g_current=11, g_opposite=6, f_max=47, generated=58
[00:00:00:00:343] Expansion 47: New longest path found with length 21: [0, 1, 2, 3, 4, 5, 14, 23, 22, 31, 40, 41, 42, 33, 34, 35, 44, 53, 52, 61, 70, 71]. g_current=8, g_opposite=13, f_max=47, generated=89
[00:00:00:00:573] Expansion 84: New longest path found with length 23: [0, 1, 10, 11, 12, 3, 4, 5, 14, 23, 22, 31, 40, 41, 42, 33, 34, 35, 44, 53, 52, 61, 70, 71]. g_current=10, g_opposite=13, f_max=47, generated=157
[00:00:00:00:874] Expansion 136: New longest path found with length 27: [0, 1, 10, 19, 28, 29, 30, 31, 40, 41, 42, 33, 24, 23, 14, 5, 6, 7, 8, 17, 26, 35, 44, 53, 52, 61, 70, 71]. g_current=21, g_opposite=6, f_max=45, generated=247
[00:00:00:02:215] Expansion 388: New longest path found with length 35: [0, 1, 2, 11, 20, 19, 28, 37, 36, 45, 54, 63, 64, 65, 66, 57, 48, 39, 40, 41, 42, 33, 24, 15, 6, 7, 8, 17, 26, 35, 44, 53, 52, 61, 70, 71]. g_current=15, g_opposite=20, f_max=44, generated=670
[00:00:00:02:727] Expansion 498: New longest path found with length 37: [0, 1, 2, 11, 20, 19, 28, 37, 36, 45, 54, 63, 64, 65, 66, 57, 48, 39, 40, 41, 42, 33, 24, 23, 14, 5, 6, 7, 8, 17, 26, 35, 44, 53, 52, 61, 70, 71]. g_current=20, g_opposite=17, f_max=43, generated=856
[00:00:00:03:665] Expansion 671: New longest path found with length 39: [0, 1, 2, 11, 20, 19, 28, 37, 36, 45, 54, 63, 64, 65, 66, 57, 48, 39, 40, 41, 42, 33, 24, 23, 22, 13, 4, 5, 6, 7, 8, 17, 26, 35, 44, 53, 52, 61, 70, 71]. g_current=17, g_opposite=22, f_max=43, generated=1,174
[00:00:00:22:800] Path of length 39 found: [0, 1, 2, 11, 20, 19, 28, 37, 36, 45, 54, 63, 64, 65, 66, 57, 48, 39, 40, 41, 42, 33, 24, 23, 22, 13, 4, 5, 6, 7, 8, 17, 26, 35, 44, 53, 52, 61, 70, 71]
[00:00:00:23:480] ! Bidirectional. expansions: 4,174, time: 22,801 [ms], path length: 39 [edges], g_F: 17, g_B: 22, generated: 7,853, MM: 5, MMPER: 11.5%
[00:00:00:23:480] 
---------- SM_Grids/8x9_grid_with_random_blocks_12per_7 ----------
[00:00:00:09:056] Path of length 31 found: [0, 1, 2, 11, 20, 29, 30, 31, 22, 13, 4, 5, 6, 7, 8, 17, 26, 25, 24, 33, 42, 41, 50, 49, 58, 67, 68, 69, 60, 61, 62, 71]
[00:00:00:09:057] ! Unidirectional s-t. expansions: 1,759, time: 9,056 [ms], path length: 31 [edges], generated: 3,158
[00:00:00:15:912] Path of length 31 found: [71, 62, 61, 60, 69, 68, 67, 58, 49, 50, 41, 42, 43, 34, 35, 26, 17, 8, 7, 6, 15, 24, 23, 22, 31, 30, 29, 20, 11, 2, 1, 0]
[00:00:00:15:912] ! Unidirectional t-s. expansions: 3,096, time: 15,912 [ms], path length: 31 [edges], generated: 5,275
[00:00:00:00:317] Expansion 35: New longest path found with length 17: [0, 1, 2, 3, 4, 5, 6, 7, 8, 17, 26, 35, 34, 43, 52, 53, 62, 71]. g_current=10, g_opposite=7, f_max=40, generated=65
[00:00:00:00:537] Expansion 71: New longest path found with length 21: [0, 1, 2, 3, 4, 13, 22, 23, 24, 15, 6, 7, 8, 17, 26, 35, 34, 43, 52, 53, 62, 71]. g_current=14, g_opposite=7, f_max=38, generated=132
[00:00:00:00:590] Expansion 81: New longest path found with length 25: [0, 1, 2, 3, 4, 5, 6, 7, 8, 17, 26, 25, 34, 43, 42, 41, 50, 49, 58, 67, 68, 69, 60, 61, 62, 71]. g_current=12, g_opposite=13, f_max=38, generated=150
[00:00:00:00:977] Expansion 141: New longest path found with length 27: [0, 1, 2, 3, 4, 5, 6, 7, 8, 17, 26, 25, 34, 33, 32, 41, 40, 49, 58, 67, 68, 69, 60, 51, 52, 53, 62, 71]. g_current=14, g_opposite=13, f_max=37, generated=268
[00:00:00:01:415] Expansion 218: New longest path found with length 29: [0, 1, 2, 11, 20, 21, 22, 13, 4, 5, 6, 7, 8, 17, 26, 35, 34, 43, 42, 41, 50, 49, 58, 67, 68, 69, 60, 61, 62, 71]. g_current=10, g_opposite=19, f_max=37, generated=410
[00:00:00:02:045] Expansion 337: New longest path found with length 31: [0, 1, 2, 11, 20, 21, 22, 13, 4, 5, 6, 7, 8, 17, 26, 25, 24, 33, 32, 41, 40, 49, 58, 67, 68, 69, 60, 51, 52, 53, 62, 71]. g_current=13, g_opposite=18, f_max=37, generated=636
[00:00:00:13:948] Path of length 31 found: [0, 1, 2, 11, 20, 21, 22, 13, 4, 5, 6, 7, 8, 17, 26, 25, 24, 33, 32, 41, 40, 49, 58, 67, 68, 69, 60, 51, 52, 53, 62, 71]
[00:00:00:14:467] ! Bidirectional. expansions: 2,502, time: 13,948 [ms], path length: 31 [edges], g_F: 13, g_B: 18, generated: 4,630, MM: 5, MMPER: 14.625%
[00:00:00:14:468] 
---------- SM_Grids/8x9_grid_with_random_blocks_12per_8 ----------
[00:00:00:15:462] Path of length 41 found: [0, 1, 2, 3, 12, 21, 20, 19, 18, 27, 36, 45, 54, 55, 64, 65, 66, 57, 48, 39, 40, 31, 32, 23, 14, 5, 6, 7, 16, 25, 26, 35, 44, 53, 52, 51, 50, 59, 68, 69, 70, 71]
[00:00:00:15:463] ! Unidirectional s-t. expansions: 2,599, time: 15,462 [ms], path length: 41 [edges], generated: 4,565
[00:00:00:05:692] Path of length 41 found: [71, 70, 69, 68, 59, 50, 51, 52, 53, 44, 35, 26, 25, 16, 7, 6, 5, 14, 23, 32, 31, 40, 39, 48, 57, 66, 65, 64, 55, 54, 45, 36, 37, 28, 29, 20, 21, 12, 3, 2, 1, 0]
[00:00:00:05:693] ! Unidirectional t-s. expansions: 1,008, time: 5,692 [ms], path length: 41 [edges], generated: 1,854
[00:00:00:00:397] Expansion 58: New longest path found with length 21: [0, 1, 2, 3, 4, 5, 6, 7, 16, 25, 26, 35, 44, 53, 52, 51, 50, 59, 68, 69, 70, 71]. g_current=4, g_opposite=17, f_max=47, generated=98
[00:00:00:00:464] Expansion 68: New longest path found with length 23: [0, 9, 10, 11, 2, 3, 4, 5, 6, 7, 16, 25, 26, 35, 44, 53, 52, 51, 50, 59, 68, 69, 70, 71]. g_current=6, g_opposite=17, f_max=47, generated=117
[00:00:00:00:795] Expansion 128: New longest path found with length 25: [0, 9, 18, 19, 20, 11, 2, 3, 4, 5, 6, 7, 16, 25, 26, 35, 44, 53, 52, 51, 50, 59, 68, 69, 70, 71]. g_current=8, g_opposite=17, f_max=46, generated=217
[00:00:00:00:855] Expansion 138: New longest path found with length 27: [0, 1, 2, 11, 12, 21, 30, 31, 32, 23, 14, 5, 6, 7, 16, 25, 26, 35, 44, 53, 52, 51, 50, 59, 68, 69, 70, 71]. g_current=20, g_opposite=7, f_max=46, generated=234
[00:00:00:01:022] Expansion 161: New longest path found with length 33: [0, 9, 18, 19, 28, 37, 36, 45, 54, 55, 64, 65, 66, 57, 58, 59, 50, 41, 32, 23, 14, 5, 6, 7, 16, 25, 26, 35, 44, 53, 52, 61, 70, 71]. g_current=19, g_opposite=14, f_max=45, generated=279
[00:00:00:01:207] Expansion 192: New longest path found with length 37: [0, 9, 18, 19, 28, 37, 36, 45, 54, 55, 64, 65, 66, 57, 48, 39, 40, 31, 32, 23, 14, 5, 6, 7, 16, 25, 26, 35, 44, 53, 52, 51, 50, 59, 68, 69, 70, 71]. g_current=14, g_opposite=23, f_max=45, generated=336
[00:00:00:06:778] Expansion 1,252: New longest path found with length 41: [0, 1, 2, 3, 12, 21, 20, 19, 18, 27, 36, 45, 54, 55, 64, 65, 66, 57, 48, 39, 40, 31, 32, 23, 14, 5, 6, 7, 16, 25, 26, 35, 44, 53, 52, 51, 50, 59, 68, 69, 70, 71]. g_current=18, g_opposite=23, f_max=43, generated=2,209
[00:00:00:17:980] Path of length 41 found: [0, 1, 2, 3, 12, 21, 20, 19, 18, 27, 36, 45, 54, 55, 64, 65, 66, 57, 48, 39, 40, 31, 32, 23, 14, 5, 6, 7, 16, 25, 26, 35, 44, 53, 52, 51, 50, 59, 68, 69, 70, 71]
[00:00:00:18:478] ! Bidirectional. expansions: 3,315, time: 17,980 [ms], path length: 41 [edges], g_F: 18, g_B: 23, generated: 5,930, MM: 5, MMPER: 10.904761904761905%
[00:00:00:18:479] 
---------- SM_Grids/8x9_grid_with_random_blocks_12per_9 ----------
[00:00:00:33:140] Path of length 39 found: [0, 9, 18, 27, 28, 37, 46, 45, 54, 63, 64, 65, 66, 67, 58, 59, 50, 41, 32, 31, 30, 21, 20, 11, 2, 3, 4, 5, 6, 7, 8, 17, 26, 25, 34, 43, 44, 53, 62, 71]
[00:00:00:33:141] ! Unidirectional s-t. expansions: 7,321, time: 33,140 [ms], path length: 39 [edges], generated: 10,907
[00:00:00:41:796] Expansion 10,000: state None, f=41, g=28
[00:00:01:16:469] Expansion 20,000: state None, f=40, g=27
[00:00:01:27:590] Path of length 39 found: [71, 70, 61, 52, 53, 44, 35, 34, 25, 16, 7, 6, 5, 4, 13, 22, 23, 32, 41, 50, 59, 58, 67, 66, 65, 64, 63, 54, 45, 46, 47, 48, 39, 30, 29, 28, 27, 18, 9, 0]
[00:00:01:27:591] ! Unidirectional t-s. expansions: 22,794, time: 87,590 [ms], path length: 39 [edges], generated: 38,397
[00:00:00:00:299] Expansion 45: New longest path found with length 17: [0, 1, 2, 3, 4, 5, 6, 7, 16, 25, 34, 35, 44, 53, 52, 61, 70, 71]. g_current=12, g_opposite=5, f_max=47, generated=76
[00:00:00:00:307] Expansion 46: New longest path found with length 19: [0, 1, 2, 3, 12, 13, 14, 5, 6, 7, 16, 25, 34, 35, 44, 53, 52, 61, 70, 71]. g_current=13, g_opposite=6, f_max=47, generated=78
[00:00:00:01:659] Expansion 269: New longest path found with length 21: [0, 1, 2, 3, 4, 5, 6, 7, 8, 17, 26, 25, 24, 23, 32, 41, 50, 59, 68, 69, 70, 71]. g_current=10, g_opposite=11, f_max=46, generated=460
[00:00:00:02:086] Expansion 344: New longest path found with length 23: [0, 1, 2, 11, 12, 13, 4, 5, 6, 7, 8, 17, 26, 25, 24, 23, 32, 41, 50, 59, 68, 69, 70, 71]. g_current=12, g_opposite=11, f_max=46, generated=592
[00:00:00:02:241] Expansion 372: New longest path found with length 31: [0, 9, 18, 27, 36, 45, 54, 63, 64, 65, 66, 67, 58, 59, 50, 41, 32, 23, 14, 5, 6, 7, 16, 25, 34, 35, 44, 53, 52, 61, 70, 71]. g_current=19, g_opposite=12, f_max=45, generated=639
[00:00:00:02:247] Expansion 374: New longest path found with length 33: [0, 9, 18, 19, 28, 37, 36, 45, 54, 63, 64, 65, 66, 67, 58, 59, 50, 41, 32, 23, 14, 5, 6, 7, 16, 25, 34, 35, 44, 53, 52, 61, 70, 71]. g_current=21, g_opposite=12, f_max=45, generated=641
[00:00:00:04:581] Expansion 886: New longest path found with length 35: [0, 9, 18, 19, 28, 29, 38, 47, 46, 45, 54, 63, 64, 65, 66, 67, 58, 59, 50, 41, 32, 23, 14, 5, 6, 7, 16, 25, 34, 35, 44, 53, 52, 61, 70, 71]. g_current=12, g_opposite=23, f_max=45, generated=1,462
[00:00:00:04:744] Expansion 920: New longest path found with length 37: [0, 9, 18, 19, 28, 29, 30, 39, 48, 47, 46, 45, 54, 63, 64, 65, 66, 67, 58, 59, 50, 41, 32, 23, 14, 5, 6, 7, 16, 25, 34, 35, 44, 53, 52, 61, 70, 71]. g_current=14, g_opposite=23, f_max=45, generated=1,515
[00:00:00:05:532] Expansion 1,077: New longest path found with length 39: [0, 9, 18, 19, 28, 29, 30, 39, 48, 47, 46, 45, 54, 63, 64, 65, 66, 67, 58, 59, 50, 41, 32, 23, 22, 13, 4, 5, 6, 7, 16, 25, 34, 35, 44, 53, 52, 61, 70, 71]. g_current=21, g_opposite=18, f_max=44, generated=1,806
[00:00:00:46:397] Path of length 39 found: [0, 9, 18, 19, 28, 29, 30, 39, 48, 47, 46, 45, 54, 63, 64, 65, 66, 67, 58, 59, 50, 41, 32, 23, 22, 13, 4, 5, 6, 7, 16, 25, 34, 35, 44, 53, 52, 61, 70, 71]
[00:00:00:46:893] ! Bidirectional. expansions: 10,066, time: 46,397 [ms], path length: 39 [edges], g_F: 18, g_B: 21, generated: 16,234, MM: 3, MMPER: 6.5%

[00:00:00:46:893] average expansions: (4,565, 6,305, 5,799, 0)
[00:00:00:46:893] average time: (22,623, 28,650, 30,000, 0)
[00:00:00:46:894] XA*: 4,565 , 22,623 (expansions , time[ms])
[00:00:00:46:894] XMM: 5,799 , 30,000 (expansions , time[ms])

