------------------------------------
Thu 01 Oct 2026 17:40:16 IDT
SLURM_JOBID:		21953707
SLURM_JOB_NODELIST:	ise-cpu256-02
SLURM_SCRATCH_DIR:	/scratch/shubit/21953707
Allocated Resouces:	cpu - 2 / mem - 61440 MB / gpu - 
SLURM_GPU_INDEX:	
Running as shubit from shimony account with normal QOS
------------------------------------
Thu 01 Oct 2026 17:40:16 IDT

SLURM_JOBID:		 21953707
SLURM_JOB_NODELIST:	 ise-cpu256-02 

--------------------------
date: SM_Grids
number_of_graphs: 10
graph_type: grid
size_of_graphs: [8, 8]
heuristic: bcc_heuristic
snake: True
run_uni: True
run_bi: True
run_multi: False
solution_vertices: []
algorithms: ['XMM']
lookahead: -2
bsd: False
cube_first_dims: 4
cube_buffer_dim: None
backward_sym_generation: False
sym_coil: False
prefix_set: None

---------- SM_Grids/8x8_grid_with_random_blocks_20per_0 ----------
[00:00:00:00:932] Path of length 20 found: [0, 1, 2, 3, 4, 5, 6, 14, 15, 23, 31, 39, 38, 37, 36, 44, 52, 53, 61, 62, 63]
[00:00:00:00:932] ! Unidirectional s-t. expansions: 214, time: 932 [ms], path length: 20 [edges], generated: 387
[00:00:00:04:662] Path of length 20 found: [63, 62, 61, 53, 52, 44, 36, 37, 38, 30, 31, 23, 15, 7, 6, 5, 4, 3, 2, 1, 0]
[00:00:00:04:663] ! Unidirectional t-s. expansions: 2,498, time: 4,662 [ms], path length: 20 [edges], generated: 2,604
[00:00:00:00:091] Expansion 15: New longest path found with length 14: [0, 1, 2, 3, 4, 12, 20, 28, 36, 44, 52, 53, 61, 62, 63]. g_current=7, g_opposite=7, f_max=35, generated=26
[00:00:00:00:129] Expansion 24: New longest path found with length 20: [0, 1, 2, 3, 4, 5, 6, 14, 15, 23, 31, 39, 38, 37, 36, 44, 52, 53, 61, 62, 63]. g_current=13, g_opposite=7, f_max=35, generated=40
[00:00:00:01:036] Path of length 20 found: [0, 1, 2, 3, 4, 5, 6, 14, 15, 23, 31, 39, 38, 37, 36, 44, 52, 53, 61, 62, 63]
[00:00:00:01:586] ! Bidirectional. expansions: 219, time: 1,036 [ms], path length: 20 [edges], g_F: 13, g_B: 7, generated: 398, MM: 6, MMPER: 27.571428571428573%
[00:00:00:01:586] 
---------- SM_Grids/8x8_grid_with_random_blocks_20per_1 ----------
[00:00:00:00:598] Path of length 24 found: [0, 1, 2, 10, 18, 17, 25, 33, 41, 49, 50, 51, 43, 35, 27, 28, 29, 30, 31, 39, 47, 46, 54, 62, 63]
[00:00:00:00:599] ! Unidirectional s-t. expansions: 87, time: 599 [ms], path length: 24 [edges], generated: 176
[00:00:00:01:214] Path of length 24 found: [63, 62, 54, 46, 47, 39, 31, 30, 29, 21, 20, 19, 27, 35, 43, 51, 50, 49, 41, 33, 25, 24, 16, 8, 0]
[00:00:00:01:214] ! Unidirectional t-s. expansions: 232, time: 1,214 [ms], path length: 24 [edges], generated: 445
[00:00:00:00:271] Expansion 39: New longest path found with length 16: [0, 1, 2, 3, 11, 19, 20, 21, 29, 30, 31, 39, 47, 46, 54, 62, 63]. g_current=4, g_opposite=12, f_max=33, generated=59
[00:00:00:00:318] Expansion 46: New longest path found with length 18: [0, 8, 16, 24, 25, 26, 27, 19, 20, 21, 29, 30, 31, 39, 47, 46, 54, 62, 63]. g_current=12, g_opposite=6, f_max=31, generated=76
[00:00:00:00:690] Expansion 117: New longest path found with length 20: [0, 1, 2, 10, 18, 17, 25, 33, 34, 35, 27, 28, 29, 30, 31, 39, 47, 46, 54, 62, 63]. g_current=7, g_opposite=13, f_max=29, generated=228
[00:00:00:00:697] Expansion 118: New longest path found with length 22: [0, 1, 2, 10, 18, 17, 25, 33, 41, 42, 43, 35, 27, 28, 29, 30, 31, 39, 47, 46, 54, 62, 63]. g_current=8, g_opposite=14, f_max=29, generated=230
[00:00:00:00:765] Expansion 129: New longest path found with length 24: [0, 1, 2, 10, 18, 17, 25, 33, 41, 49, 50, 51, 43, 35, 27, 28, 29, 30, 31, 39, 47, 46, 54, 62, 63]. g_current=15, g_opposite=9, f_max=29, generated=255
[00:00:00:01:402] Path of length 24 found: [0, 1, 2, 10, 18, 17, 25, 33, 41, 49, 50, 51, 43, 35, 27, 28, 29, 30, 31, 39, 47, 46, 54, 62, 63]
[00:00:00:01:911] ! Bidirectional. expansions: 233, time: 1,402 [ms], path length: 24 [edges], g_F: 9, g_B: 15, generated: 482, MM: 6, MMPER: 23.0%
[00:00:00:01:911] 
---------- SM_Grids/8x8_grid_with_random_blocks_20per_2 ----------
[00:00:00:01:198] Path of length 34 found: [0, 8, 16, 17, 18, 19, 20, 12, 4, 5, 6, 14, 15, 23, 31, 39, 47, 46, 45, 37, 36, 35, 34, 33, 41, 40, 48, 56, 57, 58, 59, 60, 61, 62, 63]
[00:00:00:01:199] ! Unidirectional s-t. expansions: 280, time: 1,198 [ms], path length: 34 [edges], generated: 429
[00:00:00:00:620] Path of length 34 found: [63, 62, 61, 60, 59, 58, 57, 56, 48, 40, 41, 33, 34, 26, 18, 19, 20, 28, 36, 37, 45, 46, 47, 39, 31, 23, 15, 14, 6, 5, 4, 3, 2, 1, 0]
[00:00:00:00:621] ! Unidirectional t-s. expansions: 190, time: 620 [ms], path length: 34 [edges], generated: 268
[00:00:00:00:206] Expansion 28: New longest path found with length 18: [0, 8, 16, 17, 18, 26, 34, 33, 41, 40, 48, 56, 57, 58, 59, 60, 61, 62, 63]. g_current=3, g_opposite=15, f_max=39, generated=42
[00:00:00:00:376] Expansion 71: New longest path found with length 22: [0, 8, 16, 17, 18, 19, 20, 28, 36, 35, 34, 33, 41, 40, 48, 56, 57, 58, 59, 60, 61, 62, 63]. g_current=6, g_opposite=16, f_max=37, generated=104
[00:00:00:00:681] Expansion 147: New longest path found with length 30: [0, 1, 2, 3, 4, 5, 6, 14, 15, 23, 31, 39, 47, 46, 45, 37, 36, 35, 34, 33, 41, 40, 48, 56, 57, 58, 59, 60, 61, 62, 63]. g_current=11, g_opposite=19, f_max=36, generated=223
[00:00:00:00:761] Expansion 161: New longest path found with length 32: [0, 8, 16, 17, 18, 19, 20, 12, 4, 5, 6, 14, 15, 23, 31, 39, 38, 37, 36, 35, 34, 33, 41, 40, 48, 56, 57, 58, 59, 60, 61, 62, 63]. g_current=17, g_opposite=15, f_max=35, generated=255
[00:00:00:00:838] Expansion 180: New longest path found with length 34: [0, 8, 16, 17, 18, 19, 20, 12, 4, 5, 6, 14, 15, 23, 31, 39, 47, 46, 45, 37, 36, 35, 34, 33, 41, 40, 48, 56, 57, 58, 59, 60, 61, 62, 63]. g_current=15, g_opposite=19, f_max=35, generated=289
[00:00:00:01:379] Path of length 34 found: [0, 8, 16, 17, 18, 19, 20, 12, 4, 5, 6, 14, 15, 23, 31, 39, 47, 46, 45, 37, 36, 35, 34, 33, 41, 40, 48, 56, 57, 58, 59, 60, 61, 62, 63]
[00:00:00:01:872] ! Bidirectional. expansions: 295, time: 1,379 [ms], path length: 34 [edges], g_F: 15, g_B: 19, generated: 466, MM: 4, MMPER: 10.428571428571429%
[00:00:00:01:872] 
---------- SM_Grids/8x8_grid_with_random_blocks_20per_3 ----------
[00:00:00:00:564] Path of length 32 found: [0, 1, 9, 17, 16, 24, 32, 40, 41, 49, 50, 51, 43, 35, 27, 19, 11, 3, 4, 5, 6, 7, 15, 23, 22, 30, 29, 37, 45, 53, 61, 62, 63]
[00:00:00:00:564] ! Unidirectional s-t. expansions: 164, time: 564 [ms], path length: 32 [edges], generated: 231
[00:00:00:02:364] Path of length 32 found: [63, 62, 61, 53, 45, 37, 29, 30, 22, 23, 15, 7, 6, 5, 4, 12, 20, 19, 18, 26, 34, 35, 43, 51, 50, 49, 41, 40, 32, 24, 16, 8, 0]
[00:00:00:02:364] ! Unidirectional t-s. expansions: 785, time: 2,364 [ms], path length: 32 [edges], generated: 1,114
[00:00:00:00:120] Expansion 20: New longest path found with length 14: [0, 8, 16, 24, 32, 40, 41, 49, 50, 51, 52, 60, 61, 62, 63]. g_current=8, g_opposite=6, f_max=39, generated=33
[00:00:00:00:155] Expansion 28: New longest path found with length 16: [0, 1, 9, 17, 16, 24, 32, 40, 41, 49, 50, 51, 52, 60, 61, 62, 63]. g_current=6, g_opposite=10, f_max=38, generated=44
[00:00:00:00:590] Expansion 133: New longest path found with length 32: [0, 1, 9, 17, 16, 24, 32, 40, 41, 49, 50, 51, 43, 35, 27, 19, 20, 12, 4, 5, 6, 7, 15, 23, 22, 30, 29, 37, 45, 53, 61, 62, 63]. g_current=14, g_opposite=18, f_max=35, generated=205
[00:00:00:00:856] Path of length 32 found: [0, 1, 9, 17, 16, 24, 32, 40, 41, 49, 50, 51, 43, 35, 27, 19, 20, 12, 4, 5, 6, 7, 15, 23, 22, 30, 29, 37, 45, 53, 61, 62, 63]
[00:00:00:01:367] ! Bidirectional. expansions: 182, time: 856 [ms], path length: 32 [edges], g_F: 14, g_B: 18, generated: 307, MM: 4, MMPER: 11.121212121212121%
[00:00:00:01:368] 
---------- SM_Grids/8x8_grid_with_random_blocks_20per_4 ----------
[00:00:00:00:375] Path of length 36 found: [0, 8, 9, 10, 2, 3, 4, 5, 6, 7, 15, 23, 22, 21, 20, 19, 27, 26, 25, 24, 32, 40, 48, 49, 57, 58, 59, 51, 43, 44, 36, 37, 38, 46, 54, 62, 63]
[00:00:00:00:375] ! Unidirectional s-t. expansions: 81, time: 375 [ms], path length: 36 [edges], generated: 123
[00:00:00:01:092] Path of length 36 found: [63, 55, 54, 46, 38, 37, 36, 44, 43, 51, 59, 58, 57, 49, 48, 40, 32, 33, 34, 26, 27, 19, 20, 21, 22, 23, 15, 7, 6, 5, 4, 3, 2, 10, 9, 8, 0]
[00:00:00:01:093] ! Unidirectional t-s. expansions: 268, time: 1,092 [ms], path length: 36 [edges], generated: 393
[00:00:00:00:449] Expansion 111: New longest path found with length 22: [0, 8, 16, 17, 25, 33, 32, 40, 48, 49, 57, 58, 59, 51, 43, 44, 36, 37, 38, 46, 54, 55, 63]. g_current=4, g_opposite=18, f_max=38, generated=159
[00:00:00:00:859] Expansion 214: New longest path found with length 34: [0, 8, 9, 10, 2, 3, 4, 5, 6, 7, 15, 23, 22, 21, 20, 19, 27, 26, 34, 33, 32, 40, 48, 49, 57, 58, 59, 51, 43, 44, 45, 46, 54, 55, 63]. g_current=16, g_opposite=18, f_max=37, generated=327
[00:00:00:01:171] Expansion 297: New longest path found with length 36: [0, 8, 9, 10, 2, 3, 4, 5, 6, 7, 15, 23, 22, 21, 20, 19, 27, 26, 34, 33, 32, 40, 48, 49, 57, 58, 59, 51, 43, 44, 36, 37, 38, 46, 54, 55, 63]. g_current=17, g_opposite=19, f_max=36, generated=472
[00:00:00:01:245] Path of length 36 found: [0, 8, 9, 10, 2, 3, 4, 5, 6, 7, 15, 23, 22, 21, 20, 19, 27, 26, 34, 33, 32, 40, 48, 49, 57, 58, 59, 51, 43, 44, 36, 37, 38, 46, 54, 55, 63]
[00:00:00:01:740] ! Bidirectional. expansions: 297, time: 1,245 [ms], path length: 36 [edges], g_F: 17, g_B: 19, generated: 472, MM: 2, MMPER: 4.405405405405405%
[00:00:00:01:741] 
---------- SM_Grids/8x8_grid_with_random_blocks_20per_5 ----------
[00:00:00:01:705] Path of length 32 found: [0, 8, 9, 17, 18, 26, 34, 33, 32, 40, 48, 49, 57, 58, 59, 51, 52, 53, 45, 37, 29, 28, 20, 12, 13, 14, 22, 23, 31, 39, 47, 55, 63]
[00:00:00:01:705] ! Unidirectional s-t. expansions: 403, time: 1,705 [ms], path length: 32 [edges], generated: 665
[00:00:00:02:700] Path of length 32 found: [63, 62, 61, 53, 45, 46, 38, 39, 31, 23, 15, 14, 13, 12, 20, 28, 36, 35, 43, 51, 59, 58, 57, 49, 48, 40, 32, 33, 25, 17, 9, 1, 0]
[00:00:00:02:701] ! Unidirectional t-s. expansions: 659, time: 2,700 [ms], path length: 32 [edges], generated: 1,118
[00:00:00:00:809] Expansion 183: New longest path found with length 30: [0, 8, 9, 17, 25, 24, 32, 40, 48, 49, 57, 58, 59, 51, 52, 53, 45, 37, 29, 28, 20, 12, 13, 14, 15, 23, 31, 39, 47, 55, 63]. g_current=12, g_opposite=18, f_max=36, generated=295
[00:00:00:01:022] Expansion 211: New longest path found with length 32: [0, 8, 9, 17, 25, 24, 32, 40, 48, 49, 57, 58, 59, 51, 43, 35, 36, 28, 20, 12, 13, 14, 15, 23, 31, 39, 38, 46, 45, 53, 61, 62, 63]. g_current=18, g_opposite=14, f_max=35, generated=344
[00:00:00:02:574] Path of length 32 found: [0, 8, 9, 17, 25, 24, 32, 40, 48, 49, 57, 58, 59, 51, 43, 35, 36, 28, 20, 12, 13, 14, 15, 23, 31, 39, 38, 46, 45, 53, 61, 62, 63]
[00:00:00:03:069] ! Bidirectional. expansions: 527, time: 2,574 [ms], path length: 32 [edges], g_F: 14, g_B: 18, generated: 897, MM: 4, MMPER: 11.121212121212121%
[00:00:00:03:069] 
---------- SM_Grids/8x8_grid_with_random_blocks_20per_6 ----------
[00:00:00:03:962] Path of length 30 found: [0, 8, 16, 17, 18, 26, 27, 28, 20, 12, 4, 5, 6, 14, 15, 23, 31, 39, 38, 37, 45, 44, 43, 42, 50, 58, 59, 60, 61, 62, 63]
[00:00:00:03:963] ! Unidirectional s-t. expansions: 1,025, time: 3,962 [ms], path length: 30 [edges], generated: 1,665
[00:00:00:00:599] Path of length 30 found: [63, 55, 54, 53, 61, 60, 59, 58, 50, 42, 43, 44, 36, 37, 38, 39, 31, 23, 15, 14, 6, 5, 4, 12, 20, 19, 18, 10, 9, 1, 0]
[00:00:00:00:599] ! Unidirectional t-s. expansions: 138, time: 599 [ms], path length: 30 [edges], generated: 227
[00:00:00:00:337] Expansion 47: New longest path found with length 18: [0, 8, 16, 17, 18, 10, 11, 12, 4, 5, 6, 14, 15, 23, 31, 39, 47, 55, 63]. g_current=6, g_opposite=12, f_max=37, generated=84
[00:00:00:00:354] Expansion 51: New longest path found with length 20: [0, 8, 16, 17, 18, 26, 27, 28, 20, 12, 4, 5, 6, 14, 15, 23, 31, 39, 47, 55, 63]. g_current=7, g_opposite=13, f_max=36, generated=90
[00:00:00:00:917] Expansion 207: New longest path found with length 30: [0, 8, 16, 17, 18, 10, 11, 12, 4, 5, 6, 14, 15, 23, 31, 39, 38, 37, 36, 44, 43, 42, 50, 58, 59, 60, 61, 53, 54, 55, 63]. g_current=13, g_opposite=17, f_max=34, generated=309
[00:00:00:02:642] Path of length 30 found: [0, 8, 16, 17, 18, 10, 11, 12, 4, 5, 6, 14, 15, 23, 31, 39, 38, 37, 36, 44, 43, 42, 50, 58, 59, 60, 61, 53, 54, 55, 63]
[00:00:00:03:150] ! Bidirectional. expansions: 621, time: 2,642 [ms], path length: 30 [edges], g_F: 17, g_B: 13, generated: 931, MM: 4, MMPER: 11.903225806451612%
[00:00:00:03:151] 
---------- SM_Grids/8x8_grid_with_random_blocks_20per_7 ----------
[00:00:00:01:313] Path of length 28 found: [0, 1, 9, 17, 16, 24, 32, 40, 41, 42, 34, 35, 36, 28, 20, 19, 11, 3, 4, 5, 6, 14, 15, 23, 31, 39, 47, 55, 63]
[00:00:00:01:313] ! Unidirectional s-t. expansions: 325, time: 1,313 [ms], path length: 28 [edges], generated: 507
[00:00:00:00:464] Path of length 28 found: [63, 55, 47, 39, 31, 23, 15, 7, 6, 5, 4, 3, 11, 19, 20, 28, 36, 35, 43, 42, 41, 33, 32, 24, 16, 17, 9, 1, 0]
[00:00:00:00:464] ! Unidirectional t-s. expansions: 99, time: 464 [ms], path length: 28 [edges], generated: 166
[00:00:00:00:136] Expansion 25: New longest path found with length 14: [0, 1, 2, 3, 4, 5, 6, 7, 15, 23, 31, 39, 47, 55, 63]. g_current=9, g_opposite=5, f_max=34, generated=40
[00:00:00:00:370] Expansion 75: New longest path found with length 18: [0, 1, 9, 17, 18, 19, 11, 3, 4, 5, 6, 7, 15, 23, 31, 39, 47, 55, 63]. g_current=13, g_opposite=5, f_max=31, generated=125
[00:00:00:00:446] Expansion 91: New longest path found with length 26: [0, 1, 9, 17, 16, 24, 32, 40, 41, 42, 34, 35, 36, 28, 20, 12, 4, 5, 6, 7, 15, 23, 31, 39, 47, 55, 63]. g_current=11, g_opposite=15, f_max=31, generated=156
[00:00:00:00:452] Expansion 92: New longest path found with length 28: [0, 1, 9, 17, 16, 24, 32, 40, 41, 42, 34, 35, 36, 28, 20, 19, 11, 3, 4, 5, 6, 7, 15, 23, 31, 39, 47, 55, 63]. g_current=12, g_opposite=16, f_max=31, generated=158
[00:00:00:01:064] Path of length 28 found: [0, 1, 9, 17, 16, 24, 32, 40, 41, 42, 34, 35, 36, 28, 20, 19, 11, 3, 4, 5, 6, 7, 15, 23, 31, 39, 47, 55, 63]
[00:00:00:01:569] ! Bidirectional. expansions: 199, time: 1,064 [ms], path length: 28 [edges], g_F: 12, g_B: 16, generated: 360, MM: 4, MMPER: 12.793103448275861%
[00:00:00:01:570] 
---------- SM_Grids/8x8_grid_with_random_blocks_20per_8 ----------
[00:00:00:00:886] Path of length 24 found: [0, 8, 9, 10, 2, 3, 4, 5, 6, 7, 15, 23, 22, 21, 20, 19, 27, 35, 36, 44, 52, 60, 61, 62, 63]
[00:00:00:00:887] ! Unidirectional s-t. expansions: 218, time: 886 [ms], path length: 24 [edges], generated: 342
[00:00:00:02:082] Path of length 24 found: [63, 55, 47, 46, 45, 44, 36, 35, 27, 19, 20, 21, 22, 23, 15, 7, 6, 5, 4, 3, 2, 10, 9, 8, 0]
[00:00:00:02:083] ! Unidirectional t-s. expansions: 615, time: 2,082 [ms], path length: 24 [edges], generated: 851
[00:00:00:00:278] Expansion 48: New longest path found with length 22: [0, 8, 9, 10, 2, 3, 4, 5, 6, 7, 15, 23, 22, 21, 20, 28, 36, 44, 45, 46, 47, 55, 63]. g_current=16, g_opposite=6, f_max=32, generated=77
[00:00:00:00:441] Expansion 86: New longest path found with length 24: [0, 8, 9, 10, 2, 3, 4, 5, 6, 7, 15, 23, 22, 21, 20, 19, 27, 35, 36, 44, 45, 46, 47, 55, 63]. g_current=8, g_opposite=16, f_max=30, generated=138
[00:00:00:01:412] Path of length 24 found: [0, 8, 9, 10, 2, 3, 4, 5, 6, 7, 15, 23, 22, 21, 20, 19, 27, 35, 36, 44, 45, 46, 47, 55, 63]
[00:00:00:01:934] ! Bidirectional. expansions: 272, time: 1,412 [ms], path length: 24 [edges], g_F: 16, g_B: 8, generated: 477, MM: 8, MMPER: 31.0%
[00:00:00:01:935] 
---------- SM_Grids/8x8_grid_with_random_blocks_20per_9 ----------
[00:00:00:01:785] Path of length 22 found: [0, 8, 9, 17, 18, 26, 34, 35, 36, 28, 29, 21, 13, 5, 6, 7, 15, 23, 31, 39, 47, 55, 63]
[00:00:00:01:785] ! Unidirectional s-t. expansions: 447, time: 1,785 [ms], path length: 22 [edges], generated: 710
[00:00:00:00:278] Path of length 22 found: [63, 55, 47, 39, 31, 23, 15, 7, 6, 5, 13, 21, 29, 37, 36, 35, 27, 26, 18, 10, 2, 1, 0]
[00:00:00:00:278] ! Unidirectional t-s. expansions: 53, time: 278 [ms], path length: 22 [edges], generated: 96
[00:00:00:00:411] Expansion 61: New longest path found with length 14: [0, 8, 9, 17, 18, 26, 34, 35, 36, 37, 45, 53, 54, 55, 63]. g_current=8, g_opposite=6, f_max=26, generated=106
[00:00:00:00:421] Expansion 63: New longest path found with length 16: [0, 8, 9, 17, 18, 26, 34, 35, 36, 28, 29, 30, 31, 39, 47, 55, 63]. g_current=10, g_opposite=6, f_max=26, generated=110
[00:00:00:00:617] Expansion 102: New longest path found with length 22: [0, 8, 9, 17, 18, 26, 34, 35, 36, 28, 29, 21, 13, 5, 6, 7, 15, 23, 31, 39, 47, 55, 63]. g_current=11, g_opposite=11, f_max=26, generated=195
[00:00:00:01:166] Path of length 22 found: [0, 8, 9, 17, 18, 26, 34, 35, 36, 28, 29, 21, 13, 5, 6, 7, 15, 23, 31, 39, 47, 55, 63]
[00:00:00:01:694] ! Bidirectional. expansions: 196, time: 1,166 [ms], path length: 22 [edges], g_F: 11, g_B: 11, generated: 402, MM: 0, MMPER: -1.0%

[00:00:00:01:694] average expansions: (324, 554, 304, 0)
[00:00:00:01:694] average time: (1,332, 1,608, 1,478, 0)
[00:00:00:01:694] XA*: 324 , 1,332 (expansions , time[ms])
[00:00:00:01:694] XMM: 304 , 1,478 (expansions , time[ms])

