------------------------------------
Thu 01 Oct 2026 12:47:50 IDT
SLURM_JOBID:		21944758
SLURM_JOB_NODELIST:	ise-cpu256-15
SLURM_SCRATCH_DIR:	/scratch/shubit/21944758
Allocated Resouces:	cpu - 2 / mem - 61440 MB / gpu - 
SLURM_GPU_INDEX:	
Running as shubit from shimony account with normal QOS
------------------------------------
Thu 01 Oct 2026 12:47:50 IDT

SLURM_JOBID:		 21944758
SLURM_JOB_NODELIST:	 ise-cpu256-15 

--------------------------
date: SM_Grids
number_of_graphs: 10
graph_type: grid
size_of_graphs: [8, 8]
heuristic: bcc_heuristic
snake: True
run_uni: True
run_bi: True
run_multi: False
solution_vertices: []
algorithms: ['IDA']
lookahead: 4
bsd: False
cube_first_dims: 4
cube_buffer_dim: None
backward_sym_generation: False
sym_coil: False
prefix_set: None

---------- SM_Grids/8x8_grid_with_random_blocks_16per_0 ----------
[00:00:00:02:213] Path of length 32 found: [0, 1, 9, 10, 18, 26, 25, 24, 32, 40, 48, 49, 50, 42, 43, 35, 36, 28, 20, 12, 13, 5, 6, 7, 15, 23, 22, 30, 38, 46, 47, 55, 63]
[00:00:00:02:213] ! Unidirectional s-t. expansions: 158, time: 2,213 [ms], path length: 32 [edges], generated: 2,489
[00:00:00:01:123] Path of length 32 found: [63, 55, 47, 39, 38, 30, 22, 23, 15, 7, 6, 5, 13, 12, 20, 28, 36, 44, 43, 51, 50, 49, 48, 40, 32, 24, 25, 26, 18, 10, 2, 1, 0]
[00:00:00:01:123] ! Unidirectional t-s. expansions: 75, time: 1,123 [ms], path length: 32 [edges], generated: 1,082
[00:00:00:00:725] Path of length 32 found: [0, 1, 9, 10, 18, 26, 25, 24, 32, 40, 48, 49, 50, 42, 43, 35, 36, 28, 20, 12, 13, 5, 6, 7, 15, 23, 22, 30, 38, 39, 47, 55, 63]
[00:00:00:01:189] ! Bidirectional. expansions: 38, time: 725 [ms], path length: 32 [edges], g_F: 16, g_B: 16, generated: 0, MM: 0, MMPER: -1.0%
[00:00:00:01:189] 
---------- SM_Grids/8x8_grid_with_random_blocks_16per_1 ----------
[00:00:00:04:933] Path of length 28 found: [0, 8, 16, 24, 32, 33, 41, 42, 43, 35, 27, 26, 18, 10, 2, 3, 4, 12, 20, 21, 22, 30, 31, 39, 47, 46, 54, 62, 63]
[00:00:00:04:933] ! Unidirectional s-t. expansions: 299, time: 4,933 [ms], path length: 28 [edges], generated: 4,631
[00:00:00:06:122] Path of length 28 found: [63, 62, 54, 46, 47, 39, 31, 23, 22, 21, 20, 12, 4, 3, 2, 10, 18, 26, 27, 35, 43, 42, 41, 33, 32, 24, 16, 8, 0]
[00:00:00:06:122] ! Unidirectional t-s. expansions: 237, time: 6,122 [ms], path length: 28 [edges], generated: 5,174
[00:00:00:07:678] Path of length 28 found: [0, 8, 16, 24, 32, 33, 41, 42, 43, 35, 27, 26, 18, 10, 2, 3, 4, 12, 20, 21, 22, 23, 31, 39, 38, 46, 54, 55, 63]
[00:00:00:08:145] ! Bidirectional. expansions: 560, time: 7,678 [ms], path length: 28 [edges], g_F: 14, g_B: 14, generated: 0, MM: 0, MMPER: -1.0%
[00:00:00:08:145] 
---------- SM_Grids/8x8_grid_with_random_blocks_16per_2 ----------
[00:00:00:14:185] Path of length 28 found: [0, 1, 2, 3, 11, 19, 18, 17, 16, 24, 32, 33, 41, 49, 57, 58, 59, 51, 43, 44, 36, 28, 29, 30, 38, 46, 54, 62, 63]
[00:00:00:14:185] ! Unidirectional s-t. expansions: 796, time: 14,185 [ms], path length: 28 [edges], generated: 14,889
[00:00:00:19:561] Path of length 28 found: [63, 62, 61, 60, 59, 58, 57, 56, 48, 40, 32, 33, 34, 42, 43, 44, 45, 46, 38, 30, 29, 21, 20, 19, 18, 10, 2, 1, 0]
[00:00:00:19:562] ! Unidirectional t-s. expansions: 1,341, time: 19,561 [ms], path length: 28 [edges], generated: 19,472
[00:00:00:16:704] Path of length 28 found: [0, 8, 16, 24, 32, 40, 48, 56, 57, 58, 50, 42, 34, 26, 18, 19, 20, 21, 29, 30, 38, 46, 45, 44, 52, 60, 61, 62, 63]
[00:00:00:17:162] ! Bidirectional. expansions: 879, time: 16,704 [ms], path length: 28 [edges], g_F: 14, g_B: 14, generated: 0, MM: 0, MMPER: -1.0%
[00:00:00:17:163] 
---------- SM_Grids/8x8_grid_with_random_blocks_16per_3 ----------
[00:00:00:05:707] Path of length 30 found: [0, 8, 16, 17, 18, 10, 11, 12, 13, 14, 15, 23, 31, 30, 29, 28, 27, 35, 34, 33, 41, 49, 50, 51, 52, 44, 45, 46, 54, 62, 63]
[00:00:00:05:707] ! Unidirectional s-t. expansions: 344, time: 5,707 [ms], path length: 30 [edges], generated: 5,954
[00:00:00:09:520] Path of length 30 found: [63, 55, 47, 46, 45, 53, 52, 51, 50, 49, 41, 33, 34, 35, 27, 28, 29, 30, 31, 23, 15, 14, 13, 12, 11, 10, 18, 17, 16, 8, 0]
[00:00:00:09:520] ! Unidirectional t-s. expansions: 383, time: 9,520 [ms], path length: 30 [edges], generated: 8,646
[00:00:00:07:710] Path of length 30 found: [0, 8, 16, 17, 18, 10, 11, 12, 13, 14, 15, 23, 31, 30, 29, 28, 27, 35, 34, 33, 41, 49, 50, 51, 52, 53, 45, 46, 47, 55, 63]
[00:00:00:08:142] ! Bidirectional. expansions: 424, time: 7,710 [ms], path length: 30 [edges], g_F: 15, g_B: 15, generated: 0, MM: 0, MMPER: -1.0%
[00:00:00:08:142] 
---------- SM_Grids/8x8_grid_with_random_blocks_16per_4 ----------
[00:00:00:06:582] Path of length 30 found: [0, 8, 16, 17, 18, 10, 11, 12, 13, 14, 22, 30, 29, 28, 27, 35, 34, 33, 32, 40, 48, 49, 50, 51, 52, 44, 45, 46, 54, 62, 63]
[00:00:00:06:582] ! Unidirectional s-t. expansions: 365, time: 6,582 [ms], path length: 30 [edges], generated: 5,948
[00:00:00:12:313] Path of length 30 found: [63, 55, 47, 46, 45, 44, 52, 51, 50, 49, 48, 40, 32, 33, 34, 35, 27, 28, 29, 30, 22, 14, 13, 12, 11, 10, 18, 17, 16, 8, 0]
[00:00:00:12:313] ! Unidirectional t-s. expansions: 665, time: 12,313 [ms], path length: 30 [edges], generated: 11,162
[00:00:00:16:931] Path of length 30 found: [0, 8, 16, 17, 18, 10, 11, 12, 13, 14, 22, 30, 29, 28, 27, 35, 34, 33, 32, 40, 48, 49, 50, 51, 52, 53, 45, 46, 47, 55, 63]
[00:00:00:17:377] ! Bidirectional. expansions: 711, time: 16,932 [ms], path length: 30 [edges], g_F: 15, g_B: 15, generated: 0, MM: 0, MMPER: -1.0%
[00:00:00:17:377] 
---------- SM_Grids/8x8_grid_with_random_blocks_16per_5 ----------
[00:00:00:18:336] Path of length 28 found: [0, 1, 9, 17, 16, 24, 32, 33, 34, 35, 36, 28, 20, 19, 11, 3, 4, 5, 6, 14, 15, 23, 31, 30, 38, 46, 54, 55, 63]
[00:00:00:18:336] ! Unidirectional s-t. expansions: 1,090, time: 18,336 [ms], path length: 28 [edges], generated: 17,286
[00:00:00:14:322] Path of length 28 found: [63, 55, 47, 46, 45, 53, 61, 60, 59, 51, 43, 35, 36, 28, 29, 30, 31, 23, 15, 14, 6, 5, 4, 12, 11, 10, 2, 1, 0]
[00:00:00:14:322] ! Unidirectional t-s. expansions: 1,104, time: 14,322 [ms], path length: 28 [edges], generated: 14,592
[00:00:00:17:150] Path of length 28 found: [0, 1, 9, 17, 16, 24, 32, 33, 34, 35, 36, 28, 20, 19, 11, 3, 4, 5, 6, 14, 15, 23, 31, 30, 38, 46, 47, 55, 63]
[00:00:00:17:586] ! Bidirectional. expansions: 1,524, time: 17,150 [ms], path length: 28 [edges], g_F: 14, g_B: 14, generated: 0, MM: 0, MMPER: -1.0%
[00:00:00:17:587] 
---------- SM_Grids/8x8_grid_with_random_blocks_16per_6 ----------
[00:00:00:02:081] Path of length 34 found: [0, 1, 9, 17, 16, 24, 32, 40, 48, 49, 50, 42, 34, 26, 27, 19, 20, 21, 13, 5, 6, 7, 15, 23, 31, 30, 38, 37, 36, 44, 52, 53, 54, 62, 63]
[00:00:00:02:082] ! Unidirectional s-t. expansions: 88, time: 2,081 [ms], path length: 34 [edges], generated: 1,566
[00:00:00:01:186] Path of length 34 found: [63, 55, 54, 53, 52, 44, 36, 37, 38, 30, 31, 23, 15, 7, 6, 5, 13, 21, 20, 19, 27, 26, 34, 42, 50, 49, 48, 40, 32, 24, 16, 17, 9, 1, 0]
[00:00:00:01:187] ! Unidirectional t-s. expansions: 62, time: 1,186 [ms], path length: 34 [edges], generated: 911
[00:00:00:02:032] Path of length 34 found: [0, 1, 9, 17, 16, 24, 32, 40, 48, 49, 50, 42, 34, 26, 27, 19, 20, 21, 13, 5, 6, 7, 15, 23, 31, 30, 38, 37, 36, 44, 52, 53, 54, 55, 63]
[00:00:00:02:473] ! Bidirectional. expansions: 85, time: 2,032 [ms], path length: 34 [edges], g_F: 17, g_B: 17, generated: 0, MM: 0, MMPER: -1.0%
[00:00:00:02:473] 
---------- SM_Grids/8x8_grid_with_random_blocks_16per_7 ----------
[00:00:00:10:320] Path of length 32 found: [0, 8, 16, 24, 32, 40, 48, 56, 57, 58, 50, 51, 43, 35, 27, 26, 18, 10, 11, 12, 13, 14, 15, 23, 31, 30, 38, 37, 45, 53, 54, 55, 63]
[00:00:00:10:320] ! Unidirectional s-t. expansions: 720, time: 10,320 [ms], path length: 32 [edges], generated: 10,258
[00:00:00:05:218] Path of length 32 found: [63, 55, 54, 53, 45, 37, 38, 30, 31, 23, 15, 14, 13, 12, 20, 28, 27, 26, 34, 42, 43, 51, 59, 58, 57, 49, 48, 40, 32, 24, 16, 8, 0]
[00:00:00:05:219] ! Unidirectional t-s. expansions: 560, time: 5,218 [ms], path length: 32 [edges], generated: 6,353
[00:00:00:05:063] Path of length 32 found: [0, 8, 16, 24, 32, 40, 48, 56, 57, 58, 59, 51, 43, 42, 34, 26, 18, 19, 20, 21, 13, 14, 15, 23, 31, 30, 38, 37, 45, 53, 54, 55, 63]
[00:00:00:05:512] ! Bidirectional. expansions: 609, time: 5,063 [ms], path length: 32 [edges], g_F: 16, g_B: 16, generated: 0, MM: 0, MMPER: -1.0%
[00:00:00:05:512] 
---------- SM_Grids/8x8_grid_with_random_blocks_16per_8 ----------
[00:00:00:16:256] Path of length 32 found: [0, 8, 16, 17, 18, 10, 2, 3, 4, 5, 6, 7, 15, 23, 22, 21, 20, 28, 36, 35, 34, 33, 32, 40, 48, 49, 50, 51, 59, 60, 61, 62, 63]
[00:00:00:16:256] ! Unidirectional s-t. expansions: 1,218, time: 16,256 [ms], path length: 32 [edges], generated: 17,329
[00:00:00:01:462] Path of length 32 found: [63, 62, 61, 60, 59, 51, 50, 49, 48, 40, 32, 33, 34, 35, 36, 37, 29, 21, 22, 23, 15, 7, 6, 5, 4, 3, 11, 19, 18, 17, 9, 1, 0]
[00:00:00:01:463] ! Unidirectional t-s. expansions: 73, time: 1,462 [ms], path length: 32 [edges], generated: 1,117
[00:00:00:05:976] Path of length 32 found: [0, 8, 9, 17, 18, 19, 11, 3, 4, 5, 6, 7, 15, 23, 22, 21, 29, 28, 36, 35, 34, 33, 32, 40, 48, 49, 50, 51, 59, 60, 61, 62, 63]
[00:00:00:06:428] ! Bidirectional. expansions: 273, time: 5,976 [ms], path length: 32 [edges], g_F: 16, g_B: 16, generated: 0, MM: 0, MMPER: -1.0%
[00:00:00:06:428] 
---------- SM_Grids/8x8_grid_with_random_blocks_16per_9 ----------
[00:00:00:01:289] Path of length 30 found: [0, 1, 2, 3, 4, 5, 13, 21, 20, 28, 27, 26, 18, 17, 16, 24, 32, 33, 41, 42, 50, 51, 52, 44, 45, 37, 38, 39, 47, 55, 63]
[00:00:00:01:289] ! Unidirectional s-t. expansions: 90, time: 1,289 [ms], path length: 30 [edges], generated: 1,103
[00:00:00:01:782] Path of length 30 found: [63, 55, 47, 39, 38, 37, 45, 44, 52, 51, 50, 42, 41, 33, 32, 24, 16, 17, 18, 26, 27, 28, 20, 21, 13, 5, 4, 3, 2, 1, 0]
[00:00:00:01:782] ! Unidirectional t-s. expansions: 101, time: 1,782 [ms], path length: 30 [edges], generated: 1,484
[00:00:00:01:220] Path of length 30 found: [0, 1, 2, 3, 4, 5, 13, 21, 20, 28, 27, 26, 18, 17, 16, 24, 32, 33, 41, 42, 43, 51, 52, 53, 45, 37, 38, 39, 47, 55, 63]
[00:00:00:01:707] ! Bidirectional. expansions: 58, time: 1,220 [ms], path length: 30 [edges], g_F: 15, g_B: 15, generated: 0, MM: 0, MMPER: -1.0%

[00:00:00:01:707] average expansions: (517, 460, 516, 0)
[00:00:00:01:707] average time: (8,190, 7,261, 8,119, 0)
[00:00:00:01:707] XIDA: 460 , 7,261 (expansions , time[ms])
[00:00:00:01:707] BiXIDA: 516 , 8,119 (expansions , time[ms])

