------------------------------------
Thu 01 Oct 2026 11:14:31 IDT
SLURM_JOBID:		21943054
SLURM_JOB_NODELIST:	ise-cpu256-02
SLURM_SCRATCH_DIR:	/scratch/shubit/21943054
Allocated Resouces:	cpu - 2 / mem - 61440 MB / gpu - 
SLURM_GPU_INDEX:	
Running as shubit from shimony account with normal QOS
------------------------------------
Thu 01 Oct 2026 11:14:31 IDT

SLURM_JOBID:		 21943054
SLURM_JOB_NODELIST:	 ise-cpu256-02 

--------------------------
date: SM_Grids
number_of_graphs: 10
graph_type: grid
size_of_graphs: [8, 9]
heuristic: bcc_heuristic
snake: True
run_uni: True
run_bi: True
run_multi: False
solution_vertices: []
algorithms: ['A']
lookahead: -1
bsd: False
cube_first_dims: 4
cube_buffer_dim: None
backward_sym_generation: False
sym_coil: False
prefix_set: None

---------- SM_Grids/8x9_grid_with_random_blocks_16per_0 ----------
[00:00:00:04:189] Path of length 39 found: [0, 9, 10, 19, 28, 27, 36, 45, 54, 63, 64, 65, 56, 47, 38, 39, 30, 21, 12, 3, 4, 5, 6, 7, 16, 25, 24, 23, 32, 41, 50, 49, 58, 67, 68, 69, 60, 61, 62, 71]
[00:00:00:04:189] ! Unidirectional s-t. expansions: 791, time: 4,189 [ms], path length: 39 [edges], generated: 1,389
[00:00:00:05:729] Path of length 39 found: [71, 62, 61, 60, 69, 68, 67, 58, 49, 50, 41, 42, 33, 34, 25, 16, 7, 6, 5, 4, 3, 12, 21, 30, 39, 38, 47, 56, 65, 64, 63, 54, 45, 36, 27, 28, 19, 10, 1, 0]
[00:00:00:05:729] ! Unidirectional t-s. expansions: 1,061, time: 5,729 [ms], path length: 39 [edges], generated: 1,813
[00:00:00:06:637] Path of length 39 found: [0, 9, 10, 19, 28, 27, 36, 45, 54, 63, 64, 65, 56, 47, 38, 39, 30, 21, 12, 3, 4, 5, 6, 7, 16, 25, 34, 33, 42, 41, 50, 49, 58, 67, 68, 69, 60, 61, 62, 71]
[00:00:00:07:200] ! Bidirectional. expansions: 1,260, time: 6,637 [ms], path length: 39 [edges], g_F: 20, g_B: 19, generated: 0, MM: 1, MMPER: 1.5%
[00:00:00:07:200] 
---------- SM_Grids/8x9_grid_with_random_blocks_16per_1 ----------
[00:00:00:44:972] Path of length 29 found: [0, 9, 18, 27, 28, 29, 38, 47, 56, 57, 58, 49, 50, 41, 32, 31, 22, 13, 14, 15, 16, 17, 26, 35, 34, 43, 52, 61, 70, 71]
[00:00:00:44:972] ! Unidirectional s-t. expansions: 9,340, time: 44,972 [ms], path length: 29 [edges], generated: 17,067
[00:00:00:34:741] Path of length 29 found: [71, 70, 61, 52, 53, 44, 35, 26, 17, 16, 15, 14, 13, 22, 31, 32, 41, 50, 59, 58, 57, 56, 47, 38, 29, 28, 27, 18, 9, 0]
[00:00:00:34:741] ! Unidirectional t-s. expansions: 7,994, time: 34,741 [ms], path length: 29 [edges], generated: 14,193
[00:00:00:41:245] Path of length 29 found: [0, 9, 18, 27, 28, 29, 38, 47, 56, 57, 58, 49, 40, 41, 32, 23, 14, 15, 16, 17, 26, 35, 44, 53, 52, 51, 60, 69, 70, 71]
[00:00:00:41:752] ! Bidirectional. expansions: 9,035, time: 41,245 [ms], path length: 29 [edges], g_F: 15, g_B: 14, generated: 0, MM: 1, MMPER: 2.3333333333333335%
[00:00:00:41:752] 
---------- SM_Grids/8x9_grid_with_random_blocks_16per_2 ----------
[00:00:00:04:762] Path of length 39 found: [0, 9, 10, 11, 2, 3, 4, 5, 14, 15, 16, 17, 26, 35, 44, 43, 42, 33, 32, 31, 40, 39, 38, 29, 28, 27, 36, 45, 46, 55, 64, 65, 66, 57, 58, 59, 68, 69, 70, 71]
[00:00:00:04:762] ! Unidirectional s-t. expansions: 828, time: 4,762 [ms], path length: 39 [edges], generated: 1,448
[00:00:00:02:025] Path of length 39 found: [71, 70, 69, 68, 59, 58, 57, 66, 65, 64, 55, 46, 45, 36, 27, 28, 29, 38, 39, 40, 31, 32, 33, 42, 43, 44, 35, 26, 17, 16, 15, 14, 5, 4, 3, 2, 11, 10, 9, 0]
[00:00:00:02:026] ! Unidirectional t-s. expansions: 348, time: 2,025 [ms], path length: 39 [edges], generated: 606
[00:00:00:02:388] Path of length 39 found: [0, 9, 10, 11, 2, 3, 4, 5, 14, 15, 16, 17, 26, 35, 44, 43, 42, 33, 32, 31, 40, 39, 38, 29, 28, 27, 36, 45, 46, 55, 64, 65, 66, 57, 58, 59, 68, 69, 70, 71]
[00:00:00:02:999] ! Bidirectional. expansions: 488, time: 2,388 [ms], path length: 39 [edges], g_F: 20, g_B: 19, generated: 0, MM: 1, MMPER: 1.5%
[00:00:00:03:000] 
---------- SM_Grids/8x9_grid_with_random_blocks_16per_3 ----------
[00:00:00:01:274] Path of length 37 found: [0, 1, 2, 3, 4, 5, 14, 23, 24, 25, 34, 35, 44, 53, 52, 51, 42, 41, 40, 31, 30, 21, 20, 19, 28, 37, 46, 55, 64, 65, 66, 57, 58, 59, 68, 69, 70, 71]
[00:00:00:01:274] ! Unidirectional s-t. expansions: 242, time: 1,274 [ms], path length: 37 [edges], generated: 419
[00:00:00:03:089] Path of length 37 found: [71, 70, 69, 68, 59, 58, 57, 66, 65, 64, 55, 46, 37, 28, 19, 20, 21, 30, 39, 40, 41, 42, 51, 52, 53, 44, 35, 26, 25, 24, 23, 14, 5, 4, 3, 2, 1, 0]
[00:00:00:03:089] ! Unidirectional t-s. expansions: 508, time: 3,089 [ms], path length: 37 [edges], generated: 931
[00:00:00:01:624] Path of length 37 found: [0, 1, 2, 3, 4, 5, 14, 23, 24, 25, 34, 35, 44, 53, 52, 51, 42, 41, 40, 39, 30, 21, 20, 19, 28, 37, 46, 55, 64, 65, 66, 57, 58, 59, 68, 69, 70, 71]
[00:00:00:02:138] ! Bidirectional. expansions: 284, time: 1,624 [ms], path length: 37 [edges], g_F: 19, g_B: 18, generated: 0, MM: 1, MMPER: 1.6315789473684212%
[00:00:00:02:138] 
---------- SM_Grids/8x9_grid_with_random_blocks_16per_4 ----------
[00:00:00:06:191] Path of length 33 found: [0, 1, 10, 19, 18, 27, 36, 37, 38, 47, 48, 49, 40, 31, 30, 21, 12, 3, 4, 5, 6, 7, 16, 25, 34, 35, 44, 53, 52, 51, 60, 69, 70, 71]
[00:00:00:06:192] ! Unidirectional s-t. expansions: 1,125, time: 6,191 [ms], path length: 33 [edges], generated: 1,988
[00:00:00:17:910] Path of length 33 found: [71, 70, 69, 60, 51, 52, 53, 44, 35, 34, 25, 16, 7, 6, 5, 4, 3, 12, 21, 30, 31, 40, 49, 48, 47, 38, 37, 36, 27, 18, 19, 10, 1, 0]
[00:00:00:17:911] ! Unidirectional t-s. expansions: 3,354, time: 17,910 [ms], path length: 33 [edges], generated: 5,922
[00:00:00:13:542] Path of length 33 found: [0, 1, 10, 19, 18, 27, 36, 37, 38, 47, 48, 49, 40, 31, 30, 21, 12, 3, 4, 5, 6, 7, 16, 25, 34, 35, 44, 53, 52, 51, 60, 69, 70, 71]
[00:00:00:14:115] ! Bidirectional. expansions: 2,555, time: 13,542 [ms], path length: 33 [edges], g_F: 17, g_B: 16, generated: 0, MM: 1, MMPER: 1.9411764705882355%
[00:00:00:14:116] 
---------- SM_Grids/8x9_grid_with_random_blocks_16per_5 ----------
[00:00:00:04:200] Path of length 31 found: [0, 9, 18, 19, 20, 11, 12, 13, 22, 23, 24, 15, 6, 7, 8, 17, 26, 35, 34, 43, 42, 41, 40, 39, 48, 57, 66, 67, 68, 69, 70, 71]
[00:00:00:04:201] ! Unidirectional s-t. expansions: 835, time: 4,200 [ms], path length: 31 [edges], generated: 1,315
[00:00:00:03:133] Path of length 31 found: [71, 70, 69, 68, 67, 66, 57, 48, 49, 50, 51, 42, 43, 34, 35, 26, 17, 8, 7, 6, 15, 24, 23, 32, 31, 30, 21, 12, 11, 10, 9, 0]
[00:00:00:03:134] ! Unidirectional t-s. expansions: 612, time: 3,133 [ms], path length: 31 [edges], generated: 1,062
[00:00:00:03:346] Path of length 31 found: [0, 9, 18, 19, 20, 11, 12, 13, 22, 23, 24, 15, 6, 7, 8, 17, 26, 35, 34, 43, 42, 41, 40, 39, 48, 57, 66, 67, 68, 69, 70, 71]
[00:00:00:03:929] ! Bidirectional. expansions: 598, time: 3,347 [ms], path length: 31 [edges], g_F: 16, g_B: 15, generated: 0, MM: 1, MMPER: 2.125%
[00:00:00:03:929] 
---------- SM_Grids/8x9_grid_with_random_blocks_16per_6 ----------
[00:00:00:05:847] Path of length 25 found: [0, 1, 2, 11, 20, 19, 18, 27, 36, 45, 54, 63, 64, 65, 56, 57, 58, 49, 40, 41, 42, 51, 60, 61, 62, 71]
[00:00:00:05:847] ! Unidirectional s-t. expansions: 912, time: 5,847 [ms], path length: 25 [edges], generated: 1,875
[00:00:00:03:021] Path of length 25 found: [71, 62, 53, 52, 51, 42, 41, 40, 49, 58, 67, 66, 65, 64, 63, 54, 45, 36, 27, 18, 19, 20, 11, 2, 1, 0]
[00:00:00:03:022] ! Unidirectional t-s. expansions: 601, time: 3,021 [ms], path length: 25 [edges], generated: 984
[00:00:00:03:944] Path of length 25 found: [0, 1, 2, 11, 20, 19, 18, 27, 36, 37, 46, 55, 64, 65, 66, 67, 58, 49, 40, 41, 42, 51, 52, 53, 62, 71]
[00:00:00:04:465] ! Bidirectional. expansions: 815, time: 3,944 [ms], path length: 25 [edges], g_F: 13, g_B: 12, generated: 0, MM: 1, MMPER: 2.8461538461538463%
[00:00:00:04:466] 
---------- SM_Grids/8x9_grid_with_random_blocks_16per_7 ----------
[00:00:00:02:428] Path of length 37 found: [0, 1, 10, 19, 18, 27, 36, 45, 46, 47, 56, 57, 58, 67, 68, 69, 60, 51, 50, 41, 32, 31, 22, 21, 12, 3, 4, 5, 14, 15, 24, 25, 34, 43, 44, 53, 62, 71]
[00:00:00:02:428] ! Unidirectional s-t. expansions: 404, time: 2,428 [ms], path length: 37 [edges], generated: 686
[00:00:00:01:579] Path of length 37 found: [71, 62, 53, 44, 43, 34, 25, 24, 15, 6, 5, 4, 3, 12, 21, 22, 31, 32, 41, 50, 51, 60, 69, 68, 67, 58, 57, 48, 39, 38, 37, 36, 27, 18, 19, 10, 1, 0]
[00:00:00:01:580] ! Unidirectional t-s. expansions: 265, time: 1,579 [ms], path length: 37 [edges], generated: 436
[00:00:00:02:703] Path of length 37 found: [0, 1, 10, 19, 18, 27, 36, 45, 46, 47, 56, 57, 58, 67, 68, 69, 60, 51, 50, 41, 32, 31, 30, 21, 12, 3, 4, 5, 6, 15, 24, 25, 34, 43, 44, 53, 62, 71]
[00:00:00:03:251] ! Bidirectional. expansions: 479, time: 2,704 [ms], path length: 37 [edges], g_F: 19, g_B: 18, generated: 0, MM: 1, MMPER: 1.6315789473684212%
[00:00:00:03:251] 
---------- SM_Grids/8x9_grid_with_random_blocks_16per_8 ----------
[00:00:00:06:066] Path of length 35 found: [0, 9, 18, 27, 36, 45, 54, 63, 64, 65, 66, 67, 68, 59, 50, 49, 48, 39, 38, 29, 20, 11, 12, 13, 22, 23, 24, 25, 26, 35, 44, 43, 52, 61, 62, 71]
[00:00:00:06:067] ! Unidirectional s-t. expansions: 1,138, time: 6,066 [ms], path length: 35 [edges], generated: 1,961
[00:00:00:10:105] Path of length 35 found: [71, 62, 61, 52, 43, 44, 35, 26, 25, 24, 23, 22, 13, 12, 11, 20, 29, 38, 39, 48, 49, 50, 59, 68, 67, 66, 65, 56, 55, 54, 45, 36, 27, 18, 9, 0]
[00:00:00:10:105] ! Unidirectional t-s. expansions: 2,211, time: 10,105 [ms], path length: 35 [edges], generated: 3,872
[00:00:00:05:398] Path of length 35 found: [0, 9, 18, 27, 36, 45, 54, 63, 64, 65, 66, 67, 68, 59, 50, 49, 48, 39, 38, 29, 20, 11, 12, 13, 22, 23, 24, 25, 26, 35, 44, 43, 52, 61, 62, 71]
[00:00:00:05:917] ! Bidirectional. expansions: 1,132, time: 5,398 [ms], path length: 35 [edges], g_F: 18, g_B: 17, generated: 0, MM: 1, MMPER: 1.7777777777777777%
[00:00:00:05:917] 
---------- SM_Grids/8x9_grid_with_random_blocks_16per_9 ----------
[00:00:00:04:834] Path of length 35 found: [0, 1, 10, 19, 18, 27, 36, 45, 46, 47, 48, 57, 58, 59, 50, 41, 32, 31, 22, 21, 12, 3, 4, 5, 14, 15, 24, 25, 34, 35, 44, 53, 52, 61, 70, 71]
[00:00:00:04:835] ! Unidirectional s-t. expansions: 785, time: 4,834 [ms], path length: 35 [edges], generated: 1,449
[00:00:00:08:147] Path of length 35 found: [71, 70, 61, 52, 43, 44, 35, 26, 25, 24, 15, 6, 5, 4, 3, 12, 21, 22, 31, 32, 41, 50, 59, 58, 57, 48, 39, 38, 37, 36, 27, 18, 19, 10, 1, 0]
[00:00:00:08:149] ! Unidirectional t-s. expansions: 1,616, time: 8,147 [ms], path length: 35 [edges], generated: 2,678
[00:00:00:08:466] Path of length 35 found: [0, 1, 10, 19, 18, 27, 36, 45, 46, 47, 48, 57, 58, 59, 50, 41, 32, 31, 22, 21, 12, 3, 4, 5, 6, 15, 24, 25, 26, 35, 44, 43, 52, 61, 70, 71]
[00:00:00:08:990] ! Bidirectional. expansions: 1,547, time: 8,466 [ms], path length: 35 [edges], g_F: 18, g_B: 17, generated: 0, MM: 1, MMPER: 1.7777777777777777%

[00:00:00:08:990] average expansions: (1,640, 1,857, 1,819, 0)
[00:00:00:08:990] average time: (8,476, 8,948, 8,930, 0)
[00:00:00:08:990] XA*: 1,640 , 8,476 (expansions , time[ms])
[00:00:00:08:990] BiXA*: 1,819 , 8,930 (expansions , time[ms])

