------------------------------------
Thu 01 Oct 2026 14:48:59 IDT
SLURM_JOBID:		21950295
SLURM_JOB_NODELIST:	ise-cpu256-04
SLURM_SCRATCH_DIR:	/scratch/shubit/21950295
Allocated Resouces:	cpu - 2 / mem - 61440 MB / gpu - 
SLURM_GPU_INDEX:	
Running as shubit from shimony account with normal QOS
------------------------------------
Thu 01 Oct 2026 14:48:59 IDT

SLURM_JOBID:		 21950295
SLURM_JOB_NODELIST:	 ise-cpu256-04 

--------------------------
date: SM_Grids
number_of_graphs: 10
graph_type: grid
size_of_graphs: [8, 9]
heuristic: bcc_heuristic
snake: True
run_uni: True
run_bi: True
run_multi: False
solution_vertices: []
algorithms: ['DFBnB']
lookahead: -2
bsd: False
cube_first_dims: 4
cube_buffer_dim: None
backward_sym_generation: False
sym_coil: False
prefix_set: None

---------- SM_Grids/8x9_grid_with_random_blocks_20per_0 ----------
[00:00:00:01:090] Path of length 21 found: [0, 9, 18, 19, 20, 11, 2, 3, 4, 13, 14, 23, 32, 33, 34, 35, 44, 53, 52, 61, 70, 71]
[00:00:00:01:091] ! Unidirectional s-t. expansions: 243, time: 1,091 [ms], path length: 21 [edges], generated: 419
[00:00:00:13:258] Path of length 21 found: [71, 70, 61, 52, 43, 44, 35, 26, 25, 24, 15, 14, 5, 4, 3, 2, 11, 20, 19, 18, 9, 0]
[00:00:00:13:259] ! Unidirectional t-s. expansions: 6,595, time: 13,258 [ms], path length: 21 [edges], generated: 7,056
[00:00:00:01:550] Path of length 21 found: [0, 9, 18, 19, 20, 11, 2, 3, 4, 13, 14, 23, 32, 33, 34, 35, 44, 53, 52, 61, 70, 71]
[00:00:00:02:129] ! Bidirectional. expansions: 331, time: 1,550 [ms], path length: 21 [edges], g_F: 18, g_B: 3, generated: 0, MM: 15, MMPER: 67.18181818181819%
[00:00:00:02:129] 
---------- SM_Grids/8x9_grid_with_random_blocks_20per_1 ----------
[00:00:00:01:339] Path of length 35 found: [0, 9, 18, 19, 20, 11, 2, 3, 4, 13, 22, 31, 30, 39, 38, 47, 56, 65, 66, 67, 58, 49, 50, 41, 42, 33, 24, 25, 26, 35, 44, 53, 52, 61, 70, 71]
[00:00:00:01:340] ! Unidirectional s-t. expansions: 261, time: 1,340 [ms], path length: 35 [edges], generated: 459
[00:00:00:01:221] Path of length 35 found: [71, 70, 61, 52, 53, 44, 35, 26, 25, 24, 33, 42, 41, 50, 49, 58, 67, 66, 65, 56, 47, 38, 39, 30, 31, 22, 13, 4, 3, 2, 11, 20, 19, 18, 9, 0]
[00:00:00:01:222] ! Unidirectional t-s. expansions: 324, time: 1,221 [ms], path length: 35 [edges], generated: 532
[00:00:00:01:846] Path of length 35 found: [0, 9, 18, 19, 20, 11, 2, 3, 4, 13, 22, 31, 30, 39, 38, 47, 56, 65, 66, 67, 58, 49, 50, 41, 42, 33, 24, 25, 26, 35, 44, 53, 52, 61, 70, 71]
[00:00:00:02:368] ! Bidirectional. expansions: 401, time: 1,846 [ms], path length: 35 [edges], g_F: 9, g_B: 26, generated: 0, MM: 17, MMPER: 46.22222222222222%
[00:00:00:02:368] 
---------- SM_Grids/8x9_grid_with_random_blocks_20per_2 ----------
[00:00:00:03:510] Path of length 29 found: [0, 9, 10, 19, 20, 29, 38, 47, 56, 65, 66, 67, 58, 49, 40, 31, 22, 13, 14, 15, 16, 25, 34, 43, 42, 51, 60, 69, 70, 71]
[00:00:00:03:511] ! Unidirectional s-t. expansions: 837, time: 3,510 [ms], path length: 29 [edges], generated: 1,554
[00:00:00:01:298] Path of length 29 found: [71, 70, 69, 60, 51, 52, 43, 34, 25, 16, 15, 14, 13, 22, 31, 40, 49, 58, 67, 66, 65, 56, 47, 46, 37, 28, 19, 10, 1, 0]
[00:00:00:01:298] ! Unidirectional t-s. expansions: 290, time: 1,298 [ms], path length: 29 [edges], generated: 539
[00:00:00:03:840] Path of length 29 found: [0, 9, 10, 19, 20, 29, 30, 31, 22, 13, 14, 15, 16, 25, 34, 43, 42, 41, 50, 49, 48, 47, 56, 65, 66, 67, 68, 69, 70, 71]
[00:00:00:04:339] ! Bidirectional. expansions: 1,097, time: 3,840 [ms], path length: 29 [edges], g_F: 21, g_B: 8, generated: 0, MM: 13, MMPER: 42.333333333333336%
[00:00:00:04:340] 
---------- SM_Grids/8x9_grid_with_random_blocks_20per_3 ----------
[00:00:00:02:152] Path of length 33 found: [0, 1, 2, 11, 12, 13, 4, 5, 6, 7, 8, 17, 26, 25, 24, 23, 32, 31, 40, 39, 38, 47, 56, 65, 66, 67, 58, 59, 60, 51, 52, 53, 62, 71]
[00:00:00:02:153] ! Unidirectional s-t. expansions: 533, time: 2,152 [ms], path length: 33 [edges], generated: 911
[00:00:00:09:819] Path of length 33 found: [71, 62, 53, 52, 51, 60, 69, 68, 67, 58, 57, 56, 47, 38, 39, 40, 31, 32, 23, 24, 25, 26, 17, 8, 7, 6, 5, 4, 3, 12, 11, 10, 1, 0]
[00:00:00:09:820] ! Unidirectional t-s. expansions: 4,107, time: 9,819 [ms], path length: 33 [edges], generated: 5,441
[00:00:00:07:251] Path of length 33 found: [0, 1, 2, 11, 12, 13, 4, 5, 6, 7, 8, 17, 26, 25, 24, 23, 32, 31, 40, 39, 38, 47, 56, 57, 58, 67, 68, 69, 60, 51, 52, 53, 62, 71]
[00:00:00:07:719] ! Bidirectional. expansions: 2,278, time: 7,251 [ms], path length: 33 [edges], g_F: 20, g_B: 13, generated: 0, MM: 7, MMPER: 19.58823529411765%
[00:00:00:07:719] 
---------- SM_Grids/8x9_grid_with_random_blocks_20per_4 ----------
[00:00:00:03:137] Path of length 27 found: [0, 9, 10, 19, 20, 21, 22, 13, 4, 5, 6, 7, 8, 17, 26, 35, 34, 33, 32, 41, 40, 49, 58, 59, 68, 69, 70, 71]
[00:00:00:03:137] ! Unidirectional s-t. expansions: 1,415, time: 3,137 [ms], path length: 27 [edges], generated: 1,735
[00:00:00:01:150] Path of length 27 found: [71, 62, 61, 60, 59, 58, 49, 40, 41, 32, 33, 34, 35, 26, 17, 8, 7, 6, 5, 4, 13, 22, 21, 20, 11, 10, 1, 0]
[00:00:00:01:151] ! Unidirectional t-s. expansions: 284, time: 1,150 [ms], path length: 27 [edges], generated: 469
[00:00:00:05:171] Path of length 27 found: [0, 9, 10, 19, 20, 21, 22, 13, 4, 5, 6, 7, 8, 17, 26, 35, 34, 33, 32, 41, 40, 49, 58, 59, 60, 61, 62, 71]
[00:00:00:05:637] ! Bidirectional. expansions: 2,096, time: 5,171 [ms], path length: 27 [edges], g_F: 23, g_B: 4, generated: 0, MM: 19, MMPER: 66.85714285714286%
[00:00:00:05:637] 
---------- SM_Grids/8x9_grid_with_random_blocks_20per_5 ----------
[00:00:00:03:278] Path of length 29 found: [0, 9, 18, 27, 36, 45, 54, 55, 56, 47, 38, 29, 20, 11, 12, 13, 22, 31, 32, 33, 24, 15, 16, 17, 26, 35, 44, 53, 62, 71]
[00:00:00:03:279] ! Unidirectional s-t. expansions: 1,078, time: 3,278 [ms], path length: 29 [edges], generated: 1,657
[00:00:00:03:033] Path of length 29 found: [71, 62, 53, 44, 43, 42, 33, 24, 15, 6, 5, 4, 13, 22, 31, 40, 39, 38, 47, 56, 55, 54, 45, 36, 27, 18, 19, 10, 1, 0]
[00:00:00:03:033] ! Unidirectional t-s. expansions: 810, time: 3,033 [ms], path length: 29 [edges], generated: 1,393
[00:00:00:04:581] Path of length 29 found: [0, 9, 18, 27, 36, 45, 54, 55, 56, 47, 38, 29, 20, 11, 12, 13, 22, 31, 32, 33, 24, 15, 16, 17, 26, 35, 44, 53, 62, 71]
[00:00:00:05:061] ! Bidirectional. expansions: 1,381, time: 4,581 [ms], path length: 29 [edges], g_F: 21, g_B: 8, generated: 0, MM: 13, MMPER: 42.333333333333336%
[00:00:00:05:061] 
---------- SM_Grids/8x9_grid_with_random_blocks_20per_6 ----------
[00:00:00:03:530] Path of length 35 found: [0, 9, 10, 11, 2, 3, 4, 5, 6, 15, 24, 23, 22, 21, 30, 29, 28, 27, 36, 45, 46, 47, 56, 65, 66, 67, 68, 59, 50, 41, 42, 43, 52, 53, 62, 71]
[00:00:00:03:530] ! Unidirectional s-t. expansions: 1,022, time: 3,530 [ms], path length: 35 [edges], generated: 1,661
[00:00:00:01:061] Path of length 35 found: [71, 62, 53, 52, 43, 42, 41, 50, 59, 68, 67, 66, 57, 56, 47, 46, 45, 36, 27, 28, 29, 30, 31, 22, 23, 24, 15, 6, 5, 4, 3, 2, 11, 10, 9, 0]
[00:00:00:01:061] ! Unidirectional t-s. expansions: 309, time: 1,061 [ms], path length: 35 [edges], generated: 468
[00:00:00:01:639] Path of length 35 found: [0, 9, 10, 11, 2, 3, 4, 5, 6, 15, 24, 23, 22, 21, 30, 29, 28, 27, 36, 45, 46, 47, 56, 65, 66, 67, 68, 59, 50, 41, 42, 43, 52, 53, 62, 71]
[00:00:00:02:104] ! Bidirectional. expansions: 468, time: 1,639 [ms], path length: 35 [edges], g_F: 29, g_B: 6, generated: 0, MM: 23, MMPER: 62.888888888888886%
[00:00:00:02:104] 
---------- SM_Grids/8x9_grid_with_random_blocks_20per_7 ----------
[00:00:00:04:497] Path of length 23 found: [0, 1, 10, 11, 20, 29, 28, 27, 36, 45, 54, 55, 56, 47, 48, 39, 40, 41, 50, 59, 60, 61, 70, 71]
[00:00:00:04:498] ! Unidirectional s-t. expansions: 1,562, time: 4,498 [ms], path length: 23 [edges], generated: 2,333
[00:00:00:07:816] Path of length 23 found: [71, 70, 61, 52, 43, 42, 41, 40, 39, 48, 57, 56, 55, 46, 45, 36, 27, 28, 29, 20, 11, 10, 1, 0]
[00:00:00:07:816] ! Unidirectional t-s. expansions: 2,230, time: 7,816 [ms], path length: 23 [edges], generated: 3,766
[00:00:00:08:938] Path of length 23 found: [0, 1, 10, 11, 20, 29, 28, 27, 36, 45, 54, 55, 56, 47, 48, 39, 40, 41, 42, 43, 44, 53, 62, 71]
[00:00:00:09:426] ! Bidirectional. expansions: 3,702, time: 8,938 [ms], path length: 23 [edges], g_F: 18, g_B: 5, generated: 0, MM: 13, MMPER: 53.166666666666664%
[00:00:00:09:427] 
---------- SM_Grids/8x9_grid_with_random_blocks_20per_8 ----------
[00:00:00:03:097] Path of length 25 found: [0, 1, 10, 19, 20, 21, 30, 31, 32, 23, 24, 25, 34, 43, 42, 51, 50, 49, 48, 57, 66, 67, 68, 69, 70, 71]
[00:00:00:03:098] ! Unidirectional s-t. expansions: 647, time: 3,097 [ms], path length: 25 [edges], generated: 1,327
[00:00:00:02:586] Path of length 25 found: [71, 70, 61, 60, 59, 68, 67, 66, 57, 48, 49, 40, 41, 42, 43, 34, 25, 24, 23, 22, 13, 12, 11, 2, 1, 0]
[00:00:00:02:586] ! Unidirectional t-s. expansions: 676, time: 2,586 [ms], path length: 25 [edges], generated: 1,189
[00:00:00:04:544] Path of length 25 found: [0, 1, 10, 19, 20, 21, 22, 23, 24, 25, 34, 43, 42, 41, 40, 49, 48, 57, 66, 67, 68, 59, 60, 61, 70, 71]
[00:00:00:05:014] ! Bidirectional. expansions: 1,106, time: 4,544 [ms], path length: 25 [edges], g_F: 21, g_B: 4, generated: 0, MM: 17, MMPER: 64.38461538461539%
[00:00:00:05:014] 
---------- SM_Grids/8x9_grid_with_random_blocks_20per_9 ----------
[00:00:00:00:852] Path of length 31 found: [0, 1, 2, 3, 4, 5, 14, 23, 22, 31, 30, 29, 38, 37, 46, 55, 56, 57, 48, 49, 50, 41, 42, 33, 34, 35, 44, 53, 52, 61, 70, 71]
[00:00:00:00:853] ! Unidirectional s-t. expansions: 199, time: 853 [ms], path length: 31 [edges], generated: 370
[00:00:00:02:007] Path of length 31 found: [71, 70, 61, 52, 53, 44, 35, 34, 33, 42, 41, 50, 49, 48, 57, 56, 55, 46, 37, 38, 29, 30, 31, 22, 23, 14, 5, 4, 3, 2, 1, 0]
[00:00:00:02:007] ! Unidirectional t-s. expansions: 511, time: 2,007 [ms], path length: 31 [edges], generated: 863
[00:00:00:02:428] Path of length 31 found: [0, 1, 2, 3, 4, 5, 14, 23, 22, 31, 30, 29, 38, 37, 46, 55, 56, 57, 48, 49, 50, 41, 42, 33, 34, 35, 44, 53, 52, 61, 70, 71]
[00:00:00:02:912] ! Bidirectional. expansions: 674, time: 2,428 [ms], path length: 31 [edges], g_F: 31, g_B: 0, generated: 0, MM: 31, MMPER: 95.875%

[00:00:00:02:912] average expansions: (780, 1,614, 1,353, 0)
[00:00:00:02:913] average time: (2,649, 4,325, 4,179, 0)
[00:00:00:02:913] XDFBnB: 780 , 2,649 (expansions , time[ms])
[00:00:00:02:913] BiXDFBnB: 1,353 , 4,179 (expansions , time[ms])

