------------------------------------
Thu 01 Oct 2026 12:47:40 IDT
SLURM_JOBID:		21944756
SLURM_JOB_NODELIST:	ise-cpu256-14
SLURM_SCRATCH_DIR:	/scratch/shubit/21944756
Allocated Resouces:	cpu - 2 / mem - 61440 MB / gpu - 
SLURM_GPU_INDEX:	
Running as shubit from shimony account with normal QOS
------------------------------------
Thu 01 Oct 2026 12:47:40 IDT

SLURM_JOBID:		 21944756
SLURM_JOB_NODELIST:	 ise-cpu256-14 

--------------------------
date: SM_Grids
number_of_graphs: 10
graph_type: grid
size_of_graphs: [8, 8]
heuristic: bcc_heuristic
snake: True
run_uni: True
run_bi: True
run_multi: False
solution_vertices: []
algorithms: ['IDA']
lookahead: 2
bsd: False
cube_first_dims: 4
cube_buffer_dim: None
backward_sym_generation: False
sym_coil: False
prefix_set: None

---------- SM_Grids/8x8_grid_with_random_blocks_16per_0 ----------
[00:00:00:01:105] Path of length 32 found: [0, 1, 9, 10, 18, 26, 25, 24, 32, 40, 48, 49, 50, 42, 43, 35, 36, 28, 20, 12, 13, 5, 6, 7, 15, 23, 22, 30, 38, 46, 47, 55, 63]
[00:00:00:01:105] ! Unidirectional s-t. expansions: 187, time: 1,105 [ms], path length: 32 [edges], generated: 807
[00:00:00:00:791] Path of length 32 found: [63, 55, 47, 39, 38, 30, 22, 23, 15, 7, 6, 5, 13, 12, 20, 28, 36, 44, 43, 51, 50, 49, 41, 40, 32, 24, 25, 26, 18, 10, 2, 1, 0]
[00:00:00:00:791] ! Unidirectional t-s. expansions: 126, time: 791 [ms], path length: 32 [edges], generated: 516
[00:00:00:00:638] Path of length 32 found: [0, 1, 9, 10, 18, 26, 25, 24, 32, 40, 48, 49, 50, 42, 43, 35, 36, 28, 20, 12, 13, 5, 6, 7, 15, 23, 22, 30, 38, 39, 47, 55, 63]
[00:00:00:01:103] ! Bidirectional. expansions: 100, time: 638 [ms], path length: 32 [edges], g_F: 16, g_B: 16, generated: 0, MM: 0, MMPER: -1.0%
[00:00:00:01:103] 
---------- SM_Grids/8x8_grid_with_random_blocks_16per_1 ----------
[00:00:00:03:793] Path of length 28 found: [0, 8, 16, 24, 32, 33, 41, 42, 43, 35, 27, 26, 18, 10, 2, 3, 4, 12, 20, 21, 22, 23, 31, 39, 38, 46, 54, 62, 63]
[00:00:00:03:794] ! Unidirectional s-t. expansions: 561, time: 3,794 [ms], path length: 28 [edges], generated: 2,647
[00:00:00:03:941] Path of length 28 found: [63, 55, 54, 46, 38, 39, 31, 23, 22, 21, 20, 12, 4, 3, 2, 10, 18, 26, 27, 35, 43, 42, 41, 33, 32, 24, 16, 8, 0]
[00:00:00:03:941] ! Unidirectional t-s. expansions: 440, time: 3,941 [ms], path length: 28 [edges], generated: 2,331
[00:00:00:06:243] Path of length 28 found: [0, 8, 16, 24, 32, 33, 41, 42, 43, 35, 27, 26, 18, 10, 2, 3, 4, 12, 20, 21, 22, 23, 31, 39, 38, 46, 54, 55, 63]
[00:00:00:06:711] ! Bidirectional. expansions: 1,006, time: 6,244 [ms], path length: 28 [edges], g_F: 14, g_B: 14, generated: 0, MM: 0, MMPER: -1.0%
[00:00:00:06:712] 
---------- SM_Grids/8x8_grid_with_random_blocks_16per_2 ----------
[00:00:00:10:377] Path of length 28 found: [0, 1, 2, 3, 11, 19, 18, 17, 16, 24, 32, 33, 41, 49, 57, 58, 59, 51, 43, 44, 36, 28, 29, 30, 38, 46, 54, 62, 63]
[00:00:00:10:378] ! Unidirectional s-t. expansions: 1,593, time: 10,378 [ms], path length: 28 [edges], generated: 7,601
[00:00:00:14:299] Path of length 28 found: [63, 62, 61, 60, 59, 58, 57, 56, 48, 40, 32, 33, 34, 42, 43, 44, 45, 46, 38, 30, 29, 21, 20, 19, 18, 10, 2, 1, 0]
[00:00:00:14:299] ! Unidirectional t-s. expansions: 2,428, time: 14,299 [ms], path length: 28 [edges], generated: 10,057
[00:00:00:10:964] Path of length 28 found: [0, 8, 16, 24, 32, 40, 48, 56, 57, 58, 50, 42, 34, 26, 18, 19, 20, 21, 29, 30, 38, 46, 45, 44, 52, 60, 61, 62, 63]
[00:00:00:11:433] ! Bidirectional. expansions: 1,682, time: 10,964 [ms], path length: 28 [edges], g_F: 14, g_B: 14, generated: 0, MM: 0, MMPER: -1.0%
[00:00:00:11:433] 
---------- SM_Grids/8x8_grid_with_random_blocks_16per_3 ----------
[00:00:00:04:233] Path of length 30 found: [0, 8, 16, 17, 18, 10, 11, 12, 13, 14, 15, 23, 31, 30, 29, 28, 27, 35, 34, 33, 41, 49, 50, 51, 52, 44, 45, 46, 54, 62, 63]
[00:00:00:04:234] ! Unidirectional s-t. expansions: 599, time: 4,233 [ms], path length: 30 [edges], generated: 2,996
[00:00:00:06:346] Path of length 30 found: [63, 55, 47, 46, 45, 53, 52, 51, 50, 49, 41, 33, 34, 35, 27, 28, 29, 30, 31, 23, 15, 14, 13, 12, 11, 10, 18, 17, 16, 8, 0]
[00:00:00:06:346] ! Unidirectional t-s. expansions: 746, time: 6,346 [ms], path length: 30 [edges], generated: 4,007
[00:00:00:05:417] Path of length 30 found: [0, 8, 16, 17, 18, 10, 11, 12, 13, 14, 15, 23, 31, 30, 29, 28, 27, 35, 34, 33, 41, 49, 50, 51, 52, 53, 45, 46, 47, 55, 63]
[00:00:00:05:843] ! Bidirectional. expansions: 780, time: 5,417 [ms], path length: 30 [edges], g_F: 15, g_B: 15, generated: 0, MM: 0, MMPER: -1.0%
[00:00:00:05:843] 
---------- SM_Grids/8x8_grid_with_random_blocks_16per_4 ----------
[00:00:00:04:976] Path of length 30 found: [0, 8, 16, 17, 18, 10, 11, 12, 13, 14, 22, 30, 29, 28, 27, 35, 34, 33, 32, 40, 48, 49, 50, 51, 52, 44, 45, 46, 54, 62, 63]
[00:00:00:04:976] ! Unidirectional s-t. expansions: 665, time: 4,976 [ms], path length: 30 [edges], generated: 3,198
[00:00:00:08:976] Path of length 30 found: [63, 55, 47, 46, 45, 44, 52, 51, 50, 49, 48, 40, 32, 33, 34, 35, 27, 28, 29, 30, 22, 14, 13, 12, 11, 10, 18, 17, 16, 8, 0]
[00:00:00:08:976] ! Unidirectional t-s. expansions: 1,211, time: 8,976 [ms], path length: 30 [edges], generated: 5,668
[00:00:00:10:185] Path of length 30 found: [0, 8, 16, 17, 18, 10, 11, 12, 13, 14, 22, 30, 29, 28, 27, 35, 34, 33, 32, 40, 48, 49, 50, 51, 52, 53, 45, 46, 47, 55, 63]
[00:00:00:10:641] ! Bidirectional. expansions: 1,317, time: 10,185 [ms], path length: 30 [edges], g_F: 15, g_B: 15, generated: 0, MM: 0, MMPER: -1.0%
[00:00:00:10:641] 
---------- SM_Grids/8x8_grid_with_random_blocks_16per_5 ----------
[00:00:00:12:916] Path of length 28 found: [0, 1, 9, 17, 16, 24, 32, 33, 34, 35, 36, 28, 20, 19, 11, 3, 4, 5, 6, 14, 15, 23, 31, 30, 38, 46, 54, 55, 63]
[00:00:00:12:916] ! Unidirectional s-t. expansions: 2,108, time: 12,916 [ms], path length: 28 [edges], generated: 8,950
[00:00:00:12:181] Path of length 28 found: [63, 55, 47, 46, 45, 53, 61, 60, 59, 51, 43, 35, 36, 28, 29, 30, 31, 23, 15, 14, 6, 5, 4, 12, 11, 10, 9, 1, 0]
[00:00:00:12:181] ! Unidirectional t-s. expansions: 2,036, time: 12,181 [ms], path length: 28 [edges], generated: 8,584
[00:00:00:18:187] Path of length 28 found: [0, 8, 9, 10, 2, 3, 4, 5, 6, 14, 15, 23, 31, 30, 29, 28, 36, 35, 43, 51, 59, 60, 61, 53, 45, 46, 47, 55, 63]
[00:00:00:18:621] ! Bidirectional. expansions: 3,335, time: 18,187 [ms], path length: 28 [edges], g_F: 14, g_B: 14, generated: 0, MM: 0, MMPER: -1.0%
[00:00:00:18:621] 
---------- SM_Grids/8x8_grid_with_random_blocks_16per_6 ----------
[00:00:00:01:112] Path of length 34 found: [0, 1, 9, 17, 16, 24, 32, 40, 48, 49, 50, 42, 34, 26, 27, 19, 20, 21, 13, 5, 6, 7, 15, 23, 31, 30, 38, 37, 36, 44, 52, 53, 54, 62, 63]
[00:00:00:01:112] ! Unidirectional s-t. expansions: 135, time: 1,112 [ms], path length: 34 [edges], generated: 622
[00:00:00:00:995] Path of length 34 found: [63, 55, 54, 53, 52, 44, 36, 37, 38, 30, 31, 23, 15, 7, 6, 5, 13, 21, 20, 19, 27, 26, 34, 42, 50, 49, 48, 40, 32, 24, 16, 17, 9, 1, 0]
[00:00:00:00:996] ! Unidirectional t-s. expansions: 120, time: 995 [ms], path length: 34 [edges], generated: 530
[00:00:00:02:002] Path of length 34 found: [0, 1, 9, 17, 16, 24, 32, 40, 48, 49, 50, 42, 34, 26, 27, 19, 20, 21, 13, 5, 6, 7, 15, 23, 31, 30, 38, 37, 36, 44, 52, 53, 54, 55, 63]
[00:00:00:02:444] ! Bidirectional. expansions: 247, time: 2,003 [ms], path length: 34 [edges], g_F: 17, g_B: 17, generated: 0, MM: 0, MMPER: -1.0%
[00:00:00:02:444] 
---------- SM_Grids/8x8_grid_with_random_blocks_16per_7 ----------
[00:00:00:08:269] Path of length 32 found: [0, 8, 16, 24, 32, 40, 48, 56, 57, 58, 59, 51, 43, 42, 34, 26, 18, 10, 11, 12, 13, 14, 15, 23, 31, 30, 38, 37, 45, 53, 54, 55, 63]
[00:00:00:08:269] ! Unidirectional s-t. expansions: 1,320, time: 8,269 [ms], path length: 32 [edges], generated: 5,685
[00:00:00:04:658] Path of length 32 found: [63, 55, 54, 53, 45, 37, 38, 30, 31, 23, 15, 14, 13, 21, 20, 28, 27, 26, 34, 42, 43, 51, 59, 58, 57, 49, 48, 40, 32, 24, 16, 8, 0]
[00:00:00:04:659] ! Unidirectional t-s. expansions: 1,023, time: 4,658 [ms], path length: 32 [edges], generated: 3,983
[00:00:00:05:559] Path of length 32 found: [0, 8, 16, 24, 32, 40, 48, 56, 57, 58, 59, 51, 43, 42, 34, 26, 18, 19, 20, 21, 13, 14, 15, 23, 31, 30, 38, 37, 45, 53, 54, 55, 63]
[00:00:00:05:994] ! Bidirectional. expansions: 1,377, time: 5,559 [ms], path length: 32 [edges], g_F: 16, g_B: 16, generated: 0, MM: 0, MMPER: -1.0%
[00:00:00:05:994] 
---------- SM_Grids/8x8_grid_with_random_blocks_16per_8 ----------
[00:00:00:13:980] Path of length 32 found: [0, 8, 16, 17, 18, 10, 2, 3, 4, 5, 6, 7, 15, 23, 22, 21, 20, 28, 36, 35, 34, 33, 32, 40, 48, 49, 50, 51, 59, 60, 61, 62, 63]
[00:00:00:13:980] ! Unidirectional s-t. expansions: 2,484, time: 13,980 [ms], path length: 32 [edges], generated: 10,805
[00:00:00:01:374] Path of length 32 found: [63, 62, 61, 60, 59, 51, 50, 49, 48, 40, 32, 33, 34, 35, 36, 37, 29, 21, 22, 23, 15, 7, 6, 5, 4, 12, 11, 19, 18, 17, 9, 1, 0]
[00:00:00:01:374] ! Unidirectional t-s. expansions: 180, time: 1,374 [ms], path length: 32 [edges], generated: 808
[00:00:00:04:079] Path of length 32 found: [0, 8, 9, 17, 18, 19, 11, 3, 4, 5, 6, 7, 15, 23, 22, 21, 29, 28, 36, 35, 34, 33, 32, 40, 48, 49, 50, 51, 59, 60, 61, 62, 63]
[00:00:00:04:537] ! Bidirectional. expansions: 562, time: 4,079 [ms], path length: 32 [edges], g_F: 16, g_B: 16, generated: 0, MM: 0, MMPER: -1.0%
[00:00:00:04:538] 
---------- SM_Grids/8x8_grid_with_random_blocks_16per_9 ----------
[00:00:00:00:892] Path of length 30 found: [0, 1, 2, 3, 4, 5, 13, 21, 20, 28, 27, 26, 18, 17, 16, 24, 32, 33, 41, 42, 50, 51, 52, 44, 45, 37, 38, 39, 47, 55, 63]
[00:00:00:00:893] ! Unidirectional s-t. expansions: 157, time: 892 [ms], path length: 30 [edges], generated: 573
[00:00:00:01:743] Path of length 30 found: [63, 55, 47, 39, 38, 37, 45, 44, 52, 51, 50, 42, 41, 33, 32, 24, 16, 17, 18, 26, 27, 28, 20, 21, 13, 5, 4, 3, 2, 1, 0]
[00:00:00:01:743] ! Unidirectional t-s. expansions: 231, time: 1,743 [ms], path length: 30 [edges], generated: 1,068
[00:00:00:00:979] Path of length 30 found: [0, 1, 2, 3, 4, 5, 13, 21, 20, 28, 27, 26, 18, 17, 16, 24, 32, 33, 41, 42, 43, 51, 52, 53, 45, 37, 38, 39, 47, 55, 63]
[00:00:00:01:421] ! Bidirectional. expansions: 126, time: 979 [ms], path length: 30 [edges], g_F: 15, g_B: 15, generated: 0, MM: 0, MMPER: -1.0%

[00:00:00:01:421] average expansions: (981, 854, 1,053, 0)
[00:00:00:01:421] average time: (6,166, 5,530, 6,426, 0)
[00:00:00:01:422] XIDA: 854 , 5,530 (expansions , time[ms])
[00:00:00:01:422] BiXIDA: 1,053 , 6,426 (expansions , time[ms])

