------------------------------------
Thu 01 Oct 2026 17:37:40 IDT
SLURM_JOBID:		21953690
SLURM_JOB_NODELIST:	ise-cpu256-02
SLURM_SCRATCH_DIR:	/scratch/shubit/21953690
Allocated Resouces:	cpu - 2 / mem - 61440 MB / gpu - 
SLURM_GPU_INDEX:	
Running as shubit from shimony account with normal QOS
------------------------------------
Thu 01 Oct 2026 17:37:40 IDT

SLURM_JOBID:		 21953690
SLURM_JOB_NODELIST:	 ise-cpu256-02 

--------------------------
date: SM_Grids
number_of_graphs: 10
graph_type: grid
size_of_graphs: [8, 8]
heuristic: bcc_heuristic
snake: True
run_uni: True
run_bi: True
run_multi: False
solution_vertices: []
algorithms: ['XMM']
lookahead: -1
bsd: False
cube_first_dims: 4
cube_buffer_dim: None
backward_sym_generation: False
sym_coil: False
prefix_set: None

---------- SM_Grids/8x8_grid_with_random_blocks_8per_0 ----------
[00:00:00:21:398] Path of length 36 found: [0, 8, 9, 10, 2, 3, 4, 5, 6, 7, 15, 23, 22, 21, 20, 19, 27, 26, 25, 24, 32, 40, 41, 49, 57, 58, 59, 51, 43, 44, 36, 37, 38, 39, 47, 55, 63]
[00:00:00:21:398] ! Unidirectional s-t. expansions: 4,606, time: 21,398 [ms], path length: 36 [edges], generated: 7,840
[00:00:00:32:523] Path of length 36 found: [63, 55, 47, 39, 38, 37, 45, 53, 61, 60, 59, 58, 57, 49, 41, 42, 43, 35, 27, 28, 20, 21, 22, 23, 15, 7, 6, 5, 4, 3, 2, 10, 18, 17, 16, 8, 0]
[00:00:00:32:524] ! Unidirectional t-s. expansions: 6,623, time: 32,523 [ms], path length: 36 [edges], generated: 11,196
[00:00:00:00:361] Expansion 56: New longest path found with length 14: [0, 8, 16, 24, 32, 40, 41, 49, 57, 58, 59, 60, 61, 62, 63]. g_current=10, g_opposite=4, f_max=43, generated=98
[00:00:00:00:435] Expansion 68: New longest path found with length 16: [0, 8, 16, 24, 32, 40, 41, 49, 57, 58, 59, 60, 61, 53, 54, 55, 63]. g_current=12, g_opposite=4, f_max=43, generated=117
[00:00:00:00:504] Expansion 79: New longest path found with length 18: [0, 8, 16, 24, 32, 40, 41, 49, 57, 58, 59, 60, 61, 53, 45, 46, 47, 55, 63]. g_current=6, g_opposite=12, f_max=43, generated=137
[00:00:00:00:631] Expansion 102: New longest path found with length 20: [0, 8, 9, 17, 25, 24, 32, 40, 41, 49, 57, 58, 59, 60, 61, 53, 45, 46, 47, 55, 63]. g_current=8, g_opposite=12, f_max=43, generated=174
[00:00:00:00:861] Expansion 146: New longest path found with length 22: [0, 8, 9, 17, 25, 24, 32, 40, 41, 49, 57, 58, 59, 60, 61, 53, 45, 37, 38, 39, 47, 55, 63]. g_current=13, g_opposite=9, f_max=42, generated=248
[00:00:00:01:623] Expansion 275: New longest path found with length 34: [0, 8, 16, 24, 32, 40, 41, 49, 57, 58, 59, 51, 43, 35, 34, 26, 18, 10, 2, 3, 4, 5, 6, 7, 15, 23, 31, 39, 47, 46, 45, 53, 61, 62, 63]. g_current=17, g_opposite=17, f_max=42, generated=464
[00:00:00:06:043] Expansion 1,116: New longest path found with length 36: [0, 8, 9, 10, 2, 3, 4, 5, 6, 7, 15, 23, 22, 21, 20, 19, 27, 26, 25, 24, 32, 40, 41, 49, 57, 58, 59, 60, 61, 53, 45, 37, 38, 39, 47, 55, 63]. g_current=17, g_opposite=19, f_max=41, generated=1,940
[00:00:00:34:072] Path of length 36 found: [0, 8, 9, 10, 2, 3, 4, 5, 6, 7, 15, 23, 22, 21, 20, 19, 27, 26, 25, 24, 32, 40, 41, 49, 57, 58, 59, 60, 61, 53, 45, 37, 38, 39, 47, 55, 63]
[00:00:00:34:594] ! Bidirectional. expansions: 6,226, time: 34,072 [ms], path length: 36 [edges], g_F: 17, g_B: 19, generated: 11,416, MM: 2, MMPER: 4.405405405405405%
[00:00:00:34:594] 
---------- SM_Grids/8x8_grid_with_random_blocks_8per_1 ----------
[00:00:00:25:701] Path of length 36 found: [0, 1, 2, 3, 11, 12, 13, 5, 6, 7, 15, 23, 22, 30, 29, 28, 36, 35, 34, 26, 18, 17, 16, 24, 32, 40, 48, 49, 50, 51, 59, 60, 61, 53, 54, 55, 63]
[00:00:00:25:701] ! Unidirectional s-t. expansions: 4,853, time: 25,701 [ms], path length: 36 [edges], generated: 8,204
[00:00:00:24:396] Path of length 36 found: [63, 55, 54, 53, 61, 60, 59, 51, 50, 49, 41, 40, 32, 24, 16, 17, 18, 26, 34, 35, 36, 37, 38, 30, 31, 23, 15, 7, 6, 5, 13, 12, 11, 3, 2, 1, 0]
[00:00:00:24:397] ! Unidirectional t-s. expansions: 4,260, time: 24,396 [ms], path length: 36 [edges], generated: 7,648
[00:00:00:00:370] Expansion 57: New longest path found with length 14: [0, 1, 2, 3, 4, 12, 20, 28, 29, 37, 38, 46, 47, 55, 63]. g_current=6, g_opposite=8, f_max=44, generated=96
[00:00:00:00:444] Expansion 68: New longest path found with length 16: [0, 1, 2, 3, 4, 5, 6, 7, 15, 23, 31, 30, 38, 46, 47, 55, 63]. g_current=11, g_opposite=5, f_max=43, generated=115
[00:00:00:00:458] Expansion 70: New longest path found with length 18: [0, 1, 2, 3, 11, 12, 13, 5, 6, 7, 15, 23, 31, 30, 38, 46, 47, 55, 63]. g_current=12, g_opposite=6, f_max=43, generated=119
[00:00:00:00:480] Expansion 74: New longest path found with length 20: [0, 1, 2, 3, 11, 19, 20, 21, 13, 5, 6, 7, 15, 23, 31, 30, 38, 46, 47, 55, 63]. g_current=15, g_opposite=5, f_max=43, generated=126
[00:00:00:01:846] Expansion 281: New longest path found with length 22: [0, 8, 16, 17, 18, 10, 2, 3, 4, 5, 6, 7, 15, 23, 22, 21, 29, 37, 38, 46, 47, 55, 63]. g_current=13, g_opposite=9, f_max=42, generated=503
[00:00:00:02:336] Expansion 362: New longest path found with length 24: [0, 1, 2, 3, 4, 12, 20, 19, 18, 17, 16, 24, 32, 40, 48, 49, 50, 51, 59, 60, 61, 53, 54, 55, 63]. g_current=14, g_opposite=10, f_max=42, generated=650
[00:00:00:04:328] Expansion 712: New longest path found with length 26: [0, 1, 2, 3, 11, 12, 13, 5, 6, 7, 15, 23, 22, 30, 29, 28, 36, 44, 43, 51, 59, 60, 61, 53, 54, 55, 63]. g_current=17, g_opposite=9, f_max=41, generated=1,279
[00:00:00:04:550] Expansion 760: New longest path found with length 28: [0, 8, 16, 24, 32, 40, 48, 49, 50, 51, 52, 44, 36, 28, 20, 21, 13, 5, 6, 7, 15, 23, 31, 30, 38, 46, 47, 55, 63]. g_current=9, g_opposite=19, f_max=41, generated=1,363
[00:00:00:05:220] Expansion 869: New longest path found with length 30: [0, 8, 16, 24, 32, 40, 48, 49, 50, 51, 52, 44, 36, 37, 29, 21, 20, 12, 4, 5, 6, 7, 15, 23, 31, 39, 47, 46, 54, 62, 63]. g_current=20, g_opposite=10, f_max=40, generated=1,538
[00:00:00:07:452] Expansion 1,258: New longest path found with length 36: [0, 1, 2, 3, 11, 12, 13, 5, 6, 7, 15, 23, 22, 30, 29, 28, 36, 35, 34, 26, 18, 17, 16, 24, 32, 40, 41, 49, 50, 51, 59, 60, 61, 53, 54, 55, 63]. g_current=20, g_opposite=16, f_max=40, generated=2,268
[00:00:00:38:084] Path of length 36 found: [0, 1, 2, 3, 11, 12, 13, 5, 6, 7, 15, 23, 22, 30, 29, 28, 36, 35, 34, 26, 18, 17, 16, 24, 32, 40, 41, 49, 50, 51, 59, 60, 61, 53, 54, 55, 63]
[00:00:00:38:572] ! Bidirectional. expansions: 7,006, time: 38,085 [ms], path length: 36 [edges], g_F: 20, g_B: 16, generated: 12,456, MM: 4, MMPER: 9.81081081081081%
[00:00:00:38:572] 
---------- SM_Grids/8x8_grid_with_random_blocks_8per_2 ----------
[00:00:00:17:256] Path of length 36 found: [0, 1, 2, 3, 11, 12, 13, 5, 6, 7, 15, 23, 22, 30, 29, 37, 36, 35, 27, 26, 18, 17, 16, 24, 32, 40, 48, 56, 57, 58, 50, 51, 52, 53, 54, 62, 63]
[00:00:00:17:257] ! Unidirectional s-t. expansions: 3,404, time: 17,256 [ms], path length: 36 [edges], generated: 5,735
[00:00:00:16:216] Path of length 36 found: [63, 55, 54, 53, 52, 60, 59, 58, 57, 56, 48, 40, 32, 24, 16, 17, 18, 26, 34, 35, 36, 37, 38, 30, 31, 23, 15, 7, 6, 5, 13, 12, 11, 3, 2, 1, 0]
[00:00:00:16:216] ! Unidirectional t-s. expansions: 3,553, time: 16,216 [ms], path length: 36 [edges], generated: 5,673
[00:00:00:00:346] Expansion 51: New longest path found with length 16: [0, 1, 2, 3, 11, 12, 20, 21, 22, 30, 31, 39, 47, 46, 54, 62, 63]. g_current=8, g_opposite=8, f_max=43, generated=92
[00:00:00:00:376] Expansion 57: New longest path found with length 18: [0, 1, 2, 3, 11, 12, 13, 5, 6, 7, 15, 23, 31, 39, 47, 46, 54, 62, 63]. g_current=12, g_opposite=6, f_max=44, generated=101
[00:00:00:00:648] Expansion 104: New longest path found with length 20: [0, 1, 2, 3, 11, 12, 13, 5, 6, 7, 15, 23, 22, 30, 29, 37, 45, 46, 54, 55, 63]. g_current=14, g_opposite=6, f_max=43, generated=183
[00:00:00:01:481] Expansion 262: New longest path found with length 32: [0, 1, 2, 3, 11, 12, 13, 5, 6, 7, 15, 23, 22, 30, 29, 37, 36, 35, 43, 42, 41, 40, 48, 56, 57, 58, 59, 60, 52, 53, 54, 55, 63]. g_current=15, g_opposite=17, f_max=42, generated=429
[00:00:00:02:890] Expansion 521: New longest path found with length 34: [0, 1, 2, 10, 18, 17, 16, 24, 32, 40, 48, 56, 57, 58, 59, 60, 52, 44, 36, 37, 29, 21, 13, 5, 6, 7, 15, 23, 31, 39, 47, 46, 54, 62, 63]. g_current=16, g_opposite=18, f_max=41, generated=854
[00:00:00:05:253] Expansion 919: New longest path found with length 36: [0, 1, 2, 3, 11, 12, 13, 5, 6, 7, 15, 23, 22, 30, 29, 37, 36, 35, 27, 26, 18, 17, 16, 24, 32, 40, 48, 56, 57, 58, 59, 60, 52, 53, 54, 55, 63]. g_current=18, g_opposite=18, f_max=40, generated=1,543
[00:00:00:20:523] Path of length 36 found: [0, 1, 2, 3, 11, 12, 13, 5, 6, 7, 15, 23, 22, 30, 29, 37, 36, 35, 27, 26, 18, 17, 16, 24, 32, 40, 48, 56, 57, 58, 59, 60, 52, 53, 54, 55, 63]
[00:00:00:21:017] ! Bidirectional. expansions: 3,757, time: 20,524 [ms], path length: 36 [edges], g_F: 18, g_B: 18, generated: 6,558, MM: 0, MMPER: -1.0%
[00:00:00:21:017] 
---------- SM_Grids/8x8_grid_with_random_blocks_8per_3 ----------
[00:00:00:08:530] Path of length 38 found: [0, 8, 16, 17, 18, 10, 2, 3, 4, 5, 6, 7, 15, 23, 31, 39, 47, 46, 45, 37, 29, 28, 27, 35, 34, 33, 32, 40, 48, 56, 57, 58, 50, 51, 52, 60, 61, 62, 63]
[00:00:00:08:530] ! Unidirectional s-t. expansions: 1,612, time: 8,530 [ms], path length: 38 [edges], generated: 2,697
[00:00:00:11:155] Path of length 38 found: [63, 62, 61, 60, 52, 51, 50, 58, 57, 56, 48, 40, 32, 33, 34, 35, 27, 28, 29, 37, 45, 46, 47, 39, 31, 23, 15, 7, 6, 5, 4, 3, 2, 10, 18, 17, 16, 8, 0]
[00:00:00:11:156] ! Unidirectional t-s. expansions: 2,000, time: 11,155 [ms], path length: 38 [edges], generated: 3,337
[00:00:00:00:320] Expansion 48: New longest path found with length 20: [0, 8, 16, 17, 18, 10, 2, 3, 4, 5, 6, 7, 15, 23, 31, 39, 47, 46, 54, 62, 63]. g_current=10, g_opposite=10, f_max=43, generated=78
[00:00:00:00:556] Expansion 87: New longest path found with length 28: [0, 8, 16, 17, 18, 10, 2, 3, 4, 12, 20, 28, 27, 35, 34, 33, 32, 40, 48, 56, 57, 58, 50, 51, 52, 60, 61, 62, 63]. g_current=17, g_opposite=11, f_max=42, generated=148
[00:00:00:02:432] Expansion 437: New longest path found with length 36: [0, 8, 16, 17, 18, 10, 2, 3, 4, 5, 6, 7, 15, 23, 31, 39, 47, 46, 45, 37, 36, 35, 34, 33, 32, 40, 48, 56, 57, 58, 50, 51, 52, 60, 61, 62, 63]. g_current=19, g_opposite=17, f_max=41, generated=756
[00:00:00:03:005] Expansion 523: New longest path found with length 38: [0, 8, 16, 17, 18, 10, 2, 3, 4, 5, 6, 7, 15, 23, 31, 39, 47, 46, 45, 37, 29, 28, 27, 35, 34, 33, 32, 40, 48, 56, 57, 58, 50, 51, 52, 60, 61, 62, 63]. g_current=18, g_opposite=20, f_max=40, generated=918
[00:00:00:15:724] Path of length 38 found: [0, 8, 16, 17, 18, 10, 2, 3, 4, 5, 6, 7, 15, 23, 31, 39, 47, 46, 45, 37, 29, 28, 27, 35, 34, 33, 32, 40, 48, 56, 57, 58, 50, 51, 52, 60, 61, 62, 63]
[00:00:00:16:224] ! Bidirectional. expansions: 2,990, time: 15,724 [ms], path length: 38 [edges], g_F: 20, g_B: 18, generated: 5,096, MM: 2, MMPER: 4.128205128205129%
[00:00:00:16:224] 
---------- SM_Grids/8x8_grid_with_random_blocks_8per_4 ----------
[00:00:00:06:906] Path of length 36 found: [0, 8, 16, 24, 25, 33, 41, 40, 48, 56, 57, 58, 59, 60, 52, 44, 43, 35, 27, 19, 18, 10, 2, 3, 4, 12, 13, 14, 22, 30, 31, 39, 47, 46, 54, 62, 63]
[00:00:00:06:907] ! Unidirectional s-t. expansions: 1,156, time: 6,906 [ms], path length: 36 [edges], generated: 2,061
[00:00:00:05:398] Path of length 36 found: [63, 62, 54, 46, 47, 39, 31, 30, 22, 14, 13, 12, 4, 3, 2, 10, 18, 19, 27, 28, 36, 44, 52, 51, 59, 58, 57, 56, 48, 40, 41, 33, 25, 24, 16, 8, 0]
[00:00:00:05:400] ! Unidirectional t-s. expansions: 911, time: 5,398 [ms], path length: 36 [edges], generated: 1,696
[00:00:00:00:262] Expansion 41: New longest path found with length 18: [0, 1, 9, 17, 16, 24, 32, 40, 48, 56, 57, 58, 59, 60, 52, 53, 54, 55, 63]. g_current=6, g_opposite=12, f_max=41, generated=67
[00:00:00:00:621] Expansion 90: New longest path found with length 20: [0, 8, 16, 17, 25, 26, 34, 42, 41, 40, 48, 56, 57, 58, 59, 60, 52, 53, 54, 55, 63]. g_current=14, g_opposite=6, f_max=40, generated=156
[00:00:00:01:210] Expansion 206: New longest path found with length 22: [0, 8, 16, 17, 25, 26, 27, 35, 43, 42, 41, 40, 48, 56, 57, 58, 59, 60, 52, 53, 54, 55, 63]. g_current=6, g_opposite=16, f_max=40, generated=353
[00:00:00:02:242] Expansion 387: New longest path found with length 26: [0, 1, 9, 17, 16, 24, 32, 40, 48, 56, 57, 58, 59, 60, 52, 44, 36, 37, 29, 30, 31, 39, 47, 46, 54, 62, 63]. g_current=15, g_opposite=11, f_max=39, generated=678
[00:00:00:03:016] Expansion 504: New longest path found with length 34: [0, 8, 16, 24, 25, 26, 18, 10, 2, 3, 4, 12, 13, 14, 22, 30, 38, 37, 36, 35, 43, 42, 41, 40, 48, 56, 57, 58, 59, 60, 52, 53, 54, 55, 63]. g_current=18, g_opposite=16, f_max=38, generated=901
[00:00:00:04:682] Expansion 814: New longest path found with length 36: [0, 8, 16, 24, 25, 33, 41, 40, 48, 56, 57, 58, 59, 60, 52, 44, 43, 35, 27, 19, 18, 10, 2, 3, 4, 12, 13, 21, 22, 30, 31, 39, 47, 46, 54, 62, 63]. g_current=17, g_opposite=19, f_max=39, generated=1,492
[00:00:00:10:863] Path of length 36 found: [0, 8, 16, 24, 25, 33, 41, 40, 48, 56, 57, 58, 59, 60, 52, 44, 43, 35, 27, 19, 18, 10, 2, 3, 4, 12, 13, 21, 22, 30, 31, 39, 47, 46, 54, 62, 63]
[00:00:00:11:373] ! Bidirectional. expansions: 1,847, time: 10,863 [ms], path length: 36 [edges], g_F: 17, g_B: 19, generated: 3,392, MM: 2, MMPER: 4.405405405405405%
[00:00:00:11:373] 
---------- SM_Grids/8x8_grid_with_random_blocks_8per_5 ----------
[00:00:00:08:239] Path of length 38 found: [0, 1, 2, 3, 11, 12, 13, 5, 6, 7, 15, 23, 31, 39, 38, 37, 29, 28, 27, 26, 18, 17, 16, 24, 32, 40, 48, 56, 57, 58, 50, 42, 43, 44, 52, 53, 54, 55, 63]
[00:00:00:08:240] ! Unidirectional s-t. expansions: 1,504, time: 8,239 [ms], path length: 38 [edges], generated: 2,697
[00:00:00:06:400] Path of length 38 found: [63, 55, 54, 53, 61, 60, 59, 58, 57, 56, 48, 40, 32, 24, 16, 17, 18, 26, 34, 42, 43, 44, 36, 37, 38, 30, 31, 23, 15, 7, 6, 5, 13, 12, 11, 3, 2, 1, 0]
[00:00:00:06:400] ! Unidirectional t-s. expansions: 1,220, time: 6,400 [ms], path length: 38 [edges], generated: 2,112
[00:00:00:00:213] Expansion 27: New longest path found with length 16: [0, 1, 2, 3, 11, 12, 13, 5, 6, 7, 15, 23, 31, 39, 47, 55, 63]. g_current=11, g_opposite=5, f_max=45, generated=43
[00:00:00:00:220] Expansion 28: New longest path found with length 18: [0, 1, 2, 3, 11, 12, 13, 5, 6, 7, 15, 23, 22, 30, 38, 39, 47, 55, 63]. g_current=12, g_opposite=6, f_max=45, generated=45
[00:00:00:00:812] Expansion 124: New longest path found with length 20: [0, 1, 2, 3, 4, 5, 6, 7, 15, 23, 22, 21, 20, 28, 36, 37, 38, 39, 47, 55, 63]. g_current=12, g_opposite=8, f_max=44, generated=226
[00:00:00:01:232] Expansion 192: New longest path found with length 22: [0, 8, 16, 17, 18, 26, 27, 28, 20, 12, 13, 5, 6, 7, 15, 23, 22, 30, 38, 39, 47, 55, 63]. g_current=14, g_opposite=8, f_max=42, generated=343
[00:00:00:01:271] Expansion 200: New longest path found with length 32: [0, 1, 2, 3, 4, 5, 6, 7, 15, 23, 22, 21, 20, 28, 27, 26, 18, 17, 16, 24, 32, 40, 48, 56, 57, 58, 59, 60, 61, 53, 54, 55, 63]. g_current=17, g_opposite=15, f_max=42, generated=356
[00:00:00:01:567] Expansion 256: New longest path found with length 36: [0, 1, 2, 3, 11, 12, 13, 5, 6, 7, 15, 23, 22, 30, 38, 37, 36, 28, 27, 26, 18, 17, 16, 24, 32, 40, 48, 56, 57, 58, 59, 60, 61, 53, 54, 55, 63]. g_current=18, g_opposite=18, f_max=42, generated=459
[00:00:00:03:746] Expansion 682: New longest path found with length 38: [0, 1, 2, 3, 11, 12, 13, 5, 6, 7, 15, 23, 22, 30, 38, 37, 36, 44, 43, 42, 34, 26, 18, 17, 16, 24, 32, 40, 48, 56, 57, 58, 59, 60, 61, 53, 54, 55, 63]. g_current=21, g_opposite=17, f_max=41, generated=1,214
[00:00:00:12:153] Path of length 38 found: [0, 1, 2, 3, 11, 12, 13, 5, 6, 7, 15, 23, 22, 30, 38, 37, 36, 44, 43, 42, 34, 26, 18, 17, 16, 24, 32, 40, 48, 56, 57, 58, 59, 60, 61, 53, 54, 55, 63]
[00:00:00:12:629] ! Bidirectional. expansions: 2,229, time: 12,154 [ms], path length: 38 [edges], g_F: 17, g_B: 21, generated: 4,001, MM: 4, MMPER: 9.256410256410257%
[00:00:00:12:629] 
---------- SM_Grids/8x8_grid_with_random_blocks_8per_6 ----------
[00:00:00:40:238] Path of length 36 found: [0, 8, 9, 10, 2, 3, 4, 5, 6, 14, 15, 23, 31, 39, 38, 37, 29, 21, 20, 19, 27, 26, 25, 24, 32, 40, 48, 49, 50, 42, 43, 44, 52, 53, 61, 62, 63]
[00:00:00:40:239] ! Unidirectional s-t. expansions: 6,861, time: 40,238 [ms], path length: 36 [edges], generated: 12,965
[00:00:00:26:062] Path of length 36 found: [63, 62, 61, 53, 52, 44, 43, 42, 50, 49, 48, 40, 32, 24, 25, 26, 27, 19, 20, 21, 29, 37, 38, 39, 31, 23, 15, 14, 6, 5, 4, 3, 2, 10, 9, 8, 0]
[00:00:00:26:062] ! Unidirectional t-s. expansions: 4,609, time: 26,062 [ms], path length: 36 [edges], generated: 9,128
[00:00:00:00:420] Expansion 62: New longest path found with length 20: [0, 8, 9, 10, 2, 3, 4, 5, 6, 14, 15, 23, 31, 39, 47, 46, 45, 53, 61, 62, 63]. g_current=13, g_opposite=7, f_max=44, generated=115
[00:00:00:00:722] Expansion 111: New longest path found with length 22: [0, 8, 16, 17, 18, 10, 2, 3, 4, 5, 6, 14, 15, 23, 31, 39, 47, 46, 45, 53, 61, 62, 63]. g_current=7, g_opposite=15, f_max=45, generated=210
[00:00:00:01:924] Expansion 307: New longest path found with length 24: [0, 8, 16, 17, 25, 26, 27, 19, 11, 3, 4, 5, 6, 14, 15, 23, 31, 39, 47, 46, 45, 53, 61, 62, 63]. g_current=7, g_opposite=17, f_max=42, generated=567
[00:00:00:03:971] Expansion 658: New longest path found with length 26: [0, 8, 9, 10, 2, 3, 4, 12, 20, 19, 27, 26, 25, 24, 32, 40, 48, 49, 50, 42, 43, 44, 52, 53, 61, 62, 63]. g_current=11, g_opposite=15, f_max=41, generated=1,225
[00:00:00:05:416] Expansion 882: New longest path found with length 30: [0, 8, 16, 17, 25, 33, 32, 40, 48, 49, 50, 42, 43, 35, 36, 28, 29, 21, 13, 14, 15, 23, 31, 39, 47, 46, 45, 53, 61, 62, 63]. g_current=16, g_opposite=14, f_max=40, generated=1,654
[00:00:00:05:645] Expansion 930: New longest path found with length 32: [0, 8, 16, 17, 25, 33, 32, 40, 48, 49, 50, 42, 43, 35, 36, 37, 29, 21, 20, 12, 4, 5, 6, 14, 15, 23, 31, 39, 47, 46, 54, 62, 63]. g_current=18, g_opposite=14, f_max=40, generated=1,749
[00:00:00:07:265] Expansion 1,209: New longest path found with length 34: [0, 8, 9, 10, 2, 3, 4, 5, 6, 14, 15, 23, 31, 30, 29, 21, 20, 19, 27, 26, 25, 24, 32, 40, 48, 49, 50, 42, 43, 44, 52, 53, 61, 62, 63]. g_current=18, g_opposite=16, f_max=40, generated=2,275
[00:00:00:10:895] Expansion 1,879: New longest path found with length 36: [0, 8, 9, 10, 2, 3, 4, 5, 6, 14, 15, 23, 31, 39, 38, 37, 29, 21, 20, 19, 27, 26, 25, 24, 32, 40, 48, 49, 50, 42, 43, 44, 52, 53, 61, 62, 63]. g_current=16, g_opposite=20, f_max=39, generated=3,528
[00:00:00:53:927] Path of length 36 found: [0, 8, 9, 10, 2, 3, 4, 5, 6, 14, 15, 23, 31, 39, 38, 37, 29, 21, 20, 19, 27, 26, 25, 24, 32, 40, 48, 49, 50, 42, 43, 44, 52, 53, 61, 62, 63]
[00:00:00:54:398] ! Bidirectional. expansions: 9,395, time: 53,927 [ms], path length: 36 [edges], g_F: 20, g_B: 16, generated: 18,345, MM: 4, MMPER: 9.81081081081081%
[00:00:00:54:399] 
---------- SM_Grids/8x8_grid_with_random_blocks_8per_7 ----------
[00:00:00:10:202] Path of length 38 found: [0, 8, 16, 17, 18, 10, 2, 3, 4, 5, 6, 14, 22, 23, 31, 39, 47, 46, 45, 37, 29, 28, 27, 35, 34, 33, 32, 40, 48, 56, 57, 58, 50, 51, 52, 60, 61, 62, 63]
[00:00:00:10:203] ! Unidirectional s-t. expansions: 1,917, time: 10,202 [ms], path length: 38 [edges], generated: 3,426
[00:00:00:09:889] Path of length 38 found: [63, 62, 61, 60, 52, 51, 50, 58, 57, 56, 48, 40, 41, 33, 34, 35, 27, 28, 29, 37, 45, 46, 47, 39, 31, 23, 22, 14, 6, 5, 4, 3, 2, 10, 18, 17, 16, 8, 0]
[00:00:00:09:891] ! Unidirectional t-s. expansions: 1,785, time: 9,889 [ms], path length: 38 [edges], generated: 3,021
[00:00:00:00:250] Expansion 37: New longest path found with length 16: [0, 1, 2, 3, 4, 5, 6, 14, 22, 23, 31, 39, 47, 46, 54, 62, 63]. g_current=8, g_opposite=8, f_max=44, generated=66
[00:00:00:00:344] Expansion 53: New longest path found with length 18: [0, 1, 2, 10, 11, 12, 4, 5, 6, 14, 22, 23, 31, 39, 47, 46, 54, 62, 63]. g_current=8, g_opposite=10, f_max=43, generated=93
[00:00:00:00:582] Expansion 100: New longest path found with length 20: [0, 8, 16, 17, 18, 10, 2, 3, 4, 5, 6, 14, 22, 23, 31, 39, 47, 46, 54, 62, 63]. g_current=8, g_opposite=12, f_max=43, generated=169
[00:00:00:01:039] Expansion 187: New longest path found with length 22: [0, 8, 16, 17, 18, 10, 2, 3, 4, 5, 6, 14, 22, 23, 31, 39, 38, 46, 45, 53, 61, 62, 63]. g_current=9, g_opposite=13, f_max=42, generated=310
[00:00:00:01:287] Expansion 240: New longest path found with length 24: [0, 8, 16, 24, 32, 33, 34, 26, 27, 28, 20, 12, 4, 5, 6, 14, 22, 23, 31, 39, 47, 46, 54, 62, 63]. g_current=9, g_opposite=15, f_max=42, generated=394
[00:00:00:02:447] Expansion 465: New longest path found with length 26: [0, 1, 2, 10, 11, 12, 4, 5, 6, 14, 22, 23, 31, 39, 38, 37, 36, 44, 43, 51, 59, 60, 61, 53, 54, 55, 63]. g_current=15, g_opposite=11, f_max=41, generated=783
[00:00:00:02:466] Expansion 469: New longest path found with length 34: [0, 1, 2, 10, 11, 12, 4, 5, 6, 14, 22, 23, 31, 39, 38, 37, 29, 28, 27, 26, 25, 33, 41, 40, 48, 56, 57, 58, 50, 51, 52, 60, 61, 62, 63]. g_current=19, g_opposite=15, f_max=41, generated=790
[00:00:00:03:518] Expansion 678: New longest path found with length 36: [0, 1, 2, 10, 11, 12, 4, 5, 6, 14, 22, 23, 31, 39, 47, 46, 45, 37, 29, 28, 27, 35, 34, 33, 41, 40, 48, 56, 57, 58, 50, 51, 52, 60, 61, 62, 63]. g_current=16, g_opposite=20, f_max=40, generated=1,172
[00:00:00:12:145] Expansion 2,510: New longest path found with length 38: [0, 8, 16, 17, 18, 10, 2, 3, 4, 5, 6, 14, 22, 23, 31, 39, 47, 46, 45, 37, 29, 28, 27, 35, 34, 33, 41, 40, 48, 56, 57, 58, 50, 51, 52, 60, 61, 62, 63]. g_current=18, g_opposite=20, f_max=39, generated=4,322
[00:00:00:16:731] Path of length 38 found: [0, 8, 16, 17, 18, 10, 2, 3, 4, 5, 6, 14, 22, 23, 31, 39, 47, 46, 45, 37, 29, 28, 27, 35, 34, 33, 41, 40, 48, 56, 57, 58, 50, 51, 52, 60, 61, 62, 63]
[00:00:00:17:197] ! Bidirectional. expansions: 3,293, time: 16,731 [ms], path length: 38 [edges], g_F: 18, g_B: 20, generated: 5,817, MM: 2, MMPER: 4.128205128205129%
[00:00:00:17:198] 
---------- SM_Grids/8x8_grid_with_random_blocks_8per_8 ----------
[00:00:00:05:147] Path of length 38 found: [0, 1, 2, 3, 11, 19, 18, 17, 16, 24, 32, 33, 41, 49, 57, 58, 59, 51, 43, 35, 36, 28, 29, 21, 13, 5, 6, 7, 15, 23, 31, 39, 38, 46, 45, 53, 61, 62, 63]
[00:00:00:05:148] ! Unidirectional s-t. expansions: 997, time: 5,147 [ms], path length: 38 [edges], generated: 1,867
[00:00:00:11:600] Path of length 38 found: [63, 62, 61, 53, 45, 46, 38, 39, 31, 23, 15, 7, 6, 5, 13, 21, 29, 28, 36, 35, 43, 51, 59, 58, 57, 49, 41, 33, 32, 24, 16, 17, 18, 19, 11, 3, 2, 1, 0]
[00:00:00:11:602] ! Unidirectional t-s. expansions: 2,310, time: 11,600 [ms], path length: 38 [edges], generated: 4,143
[00:00:00:00:399] Expansion 50: New longest path found with length 16: [0, 1, 2, 3, 4, 5, 6, 7, 15, 23, 31, 39, 47, 46, 54, 62, 63]. g_current=4, g_opposite=12, f_max=45, generated=85
[00:00:00:00:413] Expansion 52: New longest path found with length 18: [0, 1, 2, 10, 11, 12, 13, 5, 6, 7, 15, 23, 31, 39, 47, 46, 54, 62, 63]. g_current=13, g_opposite=5, f_max=44, generated=89
[00:00:00:00:678] Expansion 104: New longest path found with length 20: [0, 1, 2, 10, 11, 19, 20, 21, 13, 5, 6, 7, 15, 23, 31, 39, 47, 46, 54, 62, 63]. g_current=6, g_opposite=14, f_max=44, generated=177
[00:00:00:01:091] Expansion 178: New longest path found with length 22: [0, 1, 2, 10, 11, 19, 20, 21, 13, 5, 6, 7, 15, 23, 31, 39, 47, 46, 45, 53, 61, 62, 63]. g_current=15, g_opposite=7, f_max=43, generated=316
[00:00:00:01:306] Expansion 225: New longest path found with length 24: [0, 1, 2, 10, 11, 19, 27, 28, 29, 21, 13, 5, 6, 7, 15, 23, 31, 39, 47, 46, 45, 53, 61, 62, 63]. g_current=6, g_opposite=18, f_max=43, generated=392
[00:00:00:02:765] Expansion 525: New longest path found with length 30: [0, 1, 9, 17, 16, 24, 32, 33, 41, 42, 43, 35, 36, 28, 29, 21, 13, 5, 6, 7, 15, 23, 31, 39, 47, 46, 45, 53, 61, 62, 63]. g_current=20, g_opposite=10, f_max=41, generated=907
[00:00:00:02:799] Expansion 531: New longest path found with length 32: [0, 1, 9, 17, 16, 24, 32, 33, 41, 49, 57, 58, 59, 51, 43, 35, 36, 28, 20, 21, 13, 5, 6, 7, 15, 23, 31, 30, 38, 46, 47, 55, 63]. g_current=19, g_opposite=13, f_max=41, generated=921
[00:00:00:03:090] Expansion 595: New longest path found with length 34: [0, 1, 2, 3, 11, 19, 18, 17, 16, 24, 32, 33, 41, 49, 57, 58, 59, 60, 61, 53, 45, 37, 29, 21, 13, 5, 6, 7, 15, 23, 31, 39, 47, 55, 63]. g_current=20, g_opposite=14, f_max=41, generated=1,049
[00:00:00:04:677] Expansion 917: New longest path found with length 36: [0, 1, 2, 3, 11, 19, 18, 17, 16, 24, 32, 33, 41, 49, 57, 58, 59, 51, 52, 44, 36, 37, 29, 21, 13, 5, 6, 7, 15, 23, 31, 39, 47, 46, 54, 62, 63]. g_current=15, g_opposite=21, f_max=42, generated=1,646
[00:00:00:04:934] Expansion 964: New longest path found with length 38: [0, 1, 2, 3, 11, 19, 18, 17, 16, 24, 32, 33, 41, 49, 57, 58, 59, 51, 43, 35, 36, 28, 29, 21, 13, 5, 6, 7, 15, 23, 31, 39, 47, 46, 45, 53, 61, 62, 63]. g_current=21, g_opposite=17, f_max=41, generated=1,736
[00:00:00:13:290] Path of length 38 found: [0, 1, 2, 3, 11, 19, 18, 17, 16, 24, 32, 33, 41, 49, 57, 58, 59, 51, 43, 35, 36, 28, 29, 21, 13, 5, 6, 7, 15, 23, 31, 39, 47, 46, 45, 53, 61, 62, 63]
[00:00:00:13:758] ! Bidirectional. expansions: 2,578, time: 13,290 [ms], path length: 38 [edges], g_F: 17, g_B: 21, generated: 4,883, MM: 4, MMPER: 9.256410256410257%
[00:00:00:13:759] 
---------- SM_Grids/8x8_grid_with_random_blocks_8per_9 ----------
[00:00:00:17:646] Path of length 36 found: [0, 8, 16, 24, 32, 40, 48, 56, 57, 58, 50, 42, 34, 35, 36, 28, 20, 19, 18, 10, 2, 3, 4, 5, 6, 14, 22, 30, 31, 39, 47, 46, 45, 53, 61, 62, 63]
[00:00:00:17:647] ! Unidirectional s-t. expansions: 3,808, time: 17,647 [ms], path length: 36 [edges], generated: 6,744
[00:00:00:18:661] Path of length 36 found: [63, 62, 61, 53, 45, 46, 47, 39, 31, 30, 22, 14, 6, 5, 4, 3, 2, 10, 18, 19, 20, 28, 36, 35, 43, 42, 50, 58, 57, 56, 48, 40, 32, 24, 16, 8, 0]
[00:00:00:18:662] ! Unidirectional t-s. expansions: 3,773, time: 18,661 [ms], path length: 36 [edges], generated: 6,681
[00:00:00:00:300] Expansion 40: New longest path found with length 14: [0, 8, 16, 24, 32, 33, 34, 35, 43, 51, 52, 53, 61, 62, 63]. g_current=5, g_opposite=9, f_max=43, generated=69
[00:00:00:00:317] Expansion 42: New longest path found with length 16: [0, 8, 16, 24, 32, 40, 48, 56, 57, 58, 50, 51, 52, 60, 61, 62, 63]. g_current=6, g_opposite=10, f_max=43, generated=74
[00:00:00:00:578] Expansion 91: New longest path found with length 18: [0, 8, 16, 24, 32, 40, 48, 56, 57, 58, 59, 60, 52, 53, 45, 46, 47, 55, 63]. g_current=13, g_opposite=5, f_max=43, generated=156
[00:00:00:00:821] Expansion 133: New longest path found with length 20: [0, 1, 2, 10, 18, 26, 25, 24, 32, 40, 48, 56, 57, 58, 50, 51, 52, 60, 61, 62, 63]. g_current=15, g_opposite=5, f_max=42, generated=242
[00:00:00:00:854] Expansion 139: New longest path found with length 24: [0, 8, 16, 24, 32, 40, 48, 56, 57, 58, 50, 42, 34, 35, 36, 37, 29, 30, 31, 39, 47, 46, 54, 62, 63]. g_current=10, g_opposite=14, f_max=42, generated=253
[00:00:00:01:390] Expansion 239: New longest path found with length 26: [0, 8, 16, 24, 32, 40, 48, 56, 57, 58, 50, 42, 34, 35, 36, 28, 29, 30, 31, 39, 47, 46, 45, 53, 61, 62, 63]. g_current=15, g_opposite=11, f_max=42, generated=406
[00:00:00:02:605] Expansion 460: New longest path found with length 28: [0, 8, 16, 24, 32, 40, 48, 56, 57, 58, 59, 51, 43, 42, 34, 26, 27, 28, 29, 30, 31, 39, 47, 46, 45, 53, 61, 62, 63]. g_current=17, g_opposite=11, f_max=41, generated=813
[00:00:00:03:814] Expansion 716: New longest path found with length 30: [0, 1, 2, 10, 18, 26, 25, 24, 32, 40, 48, 56, 57, 58, 50, 42, 43, 35, 36, 28, 29, 30, 31, 39, 47, 46, 45, 53, 61, 62, 63]. g_current=11, g_opposite=19, f_max=40, generated=1,283
[00:00:00:03:831] Expansion 719: New longest path found with length 34: [0, 8, 16, 24, 32, 40, 48, 56, 57, 58, 50, 51, 43, 35, 34, 26, 18, 10, 2, 3, 4, 12, 20, 28, 29, 30, 31, 39, 47, 46, 45, 53, 61, 62, 63]. g_current=13, g_opposite=21, f_max=40, generated=1,289
[00:00:00:09:414] Expansion 1,858: New longest path found with length 36: [0, 1, 2, 10, 18, 19, 20, 12, 4, 5, 6, 14, 22, 30, 31, 39, 47, 46, 45, 37, 36, 35, 34, 33, 32, 40, 48, 56, 57, 58, 50, 51, 52, 60, 61, 62, 63]. g_current=16, g_opposite=20, f_max=40, generated=3,362
[00:00:00:39:277] Path of length 36 found: [0, 1, 2, 10, 18, 19, 20, 12, 4, 5, 6, 14, 22, 30, 31, 39, 47, 46, 45, 37, 36, 35, 34, 33, 32, 40, 48, 56, 57, 58, 50, 51, 52, 60, 61, 62, 63]
[00:00:00:39:802] ! Bidirectional. expansions: 7,939, time: 39,277 [ms], path length: 36 [edges], g_F: 16, g_B: 20, generated: 14,625, MM: 4, MMPER: 9.81081081081081%

[00:00:00:39:802] average expansions: (3,072, 3,104, 4,726, 0)
[00:00:00:39:802] average time: (16,126, 16,230, 25,465, 0)
[00:00:00:39:803] XA*: 3,072 , 16,126 (expansions , time[ms])
[00:00:00:39:803] XMM: 4,726 , 25,465 (expansions , time[ms])

