------------------------------------
Thu 01 Oct 2026 14:39:51 IDT
SLURM_JOBID:		21950280
SLURM_JOB_NODELIST:	ise-cpu256-01
SLURM_SCRATCH_DIR:	/scratch/shubit/21950280
Allocated Resouces:	cpu - 2 / mem - 61440 MB / gpu - 
SLURM_GPU_INDEX:	
Running as shubit from shimony account with normal QOS
------------------------------------
Thu 01 Oct 2026 14:39:51 IDT

SLURM_JOBID:		 21950280
SLURM_JOB_NODELIST:	 ise-cpu256-01 

--------------------------
date: SM_Grids
number_of_graphs: 10
graph_type: grid
size_of_graphs: [8, 9]
heuristic: bcc_heuristic
snake: True
run_uni: True
run_bi: True
run_multi: False
solution_vertices: []
algorithms: ['DFBnB']
lookahead: 2
bsd: False
cube_first_dims: 4
cube_buffer_dim: None
backward_sym_generation: False
sym_coil: False
prefix_set: None

---------- SM_Grids/8x9_grid_with_random_blocks_8per_0 ----------
[00:00:01:15:799] Path of length 43 found: [0, 1, 2, 11, 20, 19, 18, 27, 36, 45, 54, 63, 64, 65, 56, 47, 38, 39, 30, 31, 22, 13, 4, 5, 6, 7, 8, 17, 26, 25, 24, 33, 42, 41, 50, 49, 58, 67, 68, 69, 60, 61, 62, 71]
[00:00:01:15:799] ! Unidirectional s-t. expansions: 14,149, time: 75,799 [ms], path length: 43 [edges], generated: 52,344
[00:00:00:28:550] Path of length 43 found: [71, 62, 61, 60, 69, 68, 67, 58, 49, 50, 41, 42, 43, 34, 25, 26, 17, 8, 7, 6, 5, 14, 23, 22, 31, 30, 39, 38, 47, 56, 65, 64, 63, 54, 45, 36, 27, 18, 19, 20, 11, 2, 1, 0]
[00:00:00:28:551] ! Unidirectional t-s. expansions: 3,349, time: 28,550 [ms], path length: 43 [edges], generated: 16,517
[00:00:00:21:868] Path of length 43 found: [0, 9, 18, 27, 36, 45, 54, 63, 64, 65, 56, 47, 38, 39, 30, 21, 20, 11, 2, 3, 4, 13, 14, 15, 6, 7, 8, 17, 26, 25, 34, 43, 42, 41, 50, 49, 58, 67, 68, 69, 60, 61, 62, 71]
[00:00:00:22:428] ! Bidirectional. expansions: 2,642, time: 21,868 [ms], path length: 43 [edges], g_F: 22, g_B: 21, generated: 0, MM: 1, MMPER: 1.272727272727273%
[00:00:00:22:428] 
---------- SM_Grids/8x9_grid_with_random_blocks_8per_1 ----------
[00:00:01:05:197] Path of length 43 found: [0, 9, 18, 27, 36, 45, 54, 63, 64, 65, 56, 47, 38, 29, 20, 11, 2, 3, 4, 5, 6, 7, 16, 17, 26, 35, 44, 43, 42, 33, 24, 23, 22, 31, 40, 49, 58, 67, 68, 69, 60, 61, 62, 71]
[00:00:01:05:198] ! Unidirectional s-t. expansions: 12,387, time: 65,197 [ms], path length: 43 [edges], generated: 42,744
[00:00:01:16:861] Path of length 43 found: [71, 62, 61, 60, 69, 68, 67, 58, 49, 50, 41, 42, 43, 44, 35, 26, 17, 8, 7, 6, 15, 24, 23, 22, 13, 4, 3, 2, 11, 20, 29, 38, 47, 56, 65, 64, 63, 54, 45, 36, 27, 18, 9, 0]
[00:00:01:16:861] ! Unidirectional t-s. expansions: 9,114, time: 76,861 [ms], path length: 43 [edges], generated: 43,870
[00:00:00:53:728] Path of length 43 found: [0, 1, 2, 11, 20, 19, 18, 27, 36, 45, 54, 63, 64, 65, 56, 47, 38, 39, 30, 31, 22, 13, 4, 5, 6, 7, 8, 17, 26, 35, 44, 43, 42, 41, 50, 49, 58, 67, 68, 69, 60, 61, 62, 71]
[00:00:00:54:245] ! Bidirectional. expansions: 8,916, time: 53,728 [ms], path length: 43 [edges], g_F: 22, g_B: 21, generated: 0, MM: 1, MMPER: 1.272727272727273%
[00:00:00:54:246] 
---------- SM_Grids/8x9_grid_with_random_blocks_8per_2 ----------
[00:00:01:10:894] Path of length 37 found: [0, 9, 18, 19, 20, 11, 2, 3, 4, 13, 22, 31, 30, 39, 38, 47, 56, 57, 58, 49, 50, 41, 42, 33, 24, 15, 6, 7, 8, 17, 26, 35, 44, 53, 52, 61, 70, 71]
[00:00:01:10:895] ! Unidirectional s-t. expansions: 6,878, time: 70,895 [ms], path length: 37 [edges], generated: 40,843
[00:00:01:02:010] Path of length 37 found: [71, 70, 69, 60, 51, 52, 43, 44, 35, 26, 17, 8, 7, 6, 5, 4, 13, 22, 23, 32, 41, 40, 49, 58, 57, 56, 47, 38, 37, 36, 27, 18, 19, 20, 11, 2, 1, 0]
[00:00:01:02:011] ! Unidirectional t-s. expansions: 7,231, time: 62,010 [ms], path length: 37 [edges], generated: 35,351
[00:00:01:23:277] Path of length 37 found: [0, 9, 18, 19, 20, 11, 2, 3, 4, 13, 22, 31, 30, 39, 38, 47, 56, 57, 58, 49, 50, 41, 42, 33, 24, 15, 6, 7, 8, 17, 26, 35, 44, 53, 52, 61, 70, 71]
[00:00:01:23:823] ! Bidirectional. expansions: 10,759, time: 83,277 [ms], path length: 37 [edges], g_F: 19, g_B: 18, generated: 0, MM: 1, MMPER: 1.6315789473684212%
[00:00:01:23:823] 
---------- SM_Grids/8x9_grid_with_random_blocks_8per_3 ----------
[00:00:01:19:270] Path of length 41 found: [0, 1, 2, 3, 12, 13, 14, 5, 6, 7, 16, 25, 24, 33, 32, 31, 40, 49, 48, 47, 38, 29, 20, 19, 18, 27, 36, 45, 54, 63, 64, 65, 66, 67, 68, 59, 60, 51, 52, 53, 62, 71]
[00:00:01:19:271] ! Unidirectional s-t. expansions: 9,988, time: 79,271 [ms], path length: 41 [edges], generated: 46,969
[00:00:00:41:067] Path of length 41 found: [71, 62, 53, 52, 51, 60, 59, 68, 67, 66, 65, 64, 63, 54, 45, 36, 27, 18, 19, 20, 29, 38, 47, 48, 49, 40, 41, 32, 33, 24, 25, 16, 7, 6, 5, 14, 13, 12, 3, 2, 1, 0]
[00:00:00:41:068] ! Unidirectional t-s. expansions: 5,225, time: 41,067 [ms], path length: 41 [edges], generated: 23,986
[00:00:01:14:697] Path of length 41 found: [0, 1, 2, 3, 12, 13, 14, 5, 6, 7, 16, 25, 24, 33, 32, 41, 40, 49, 48, 47, 38, 29, 20, 19, 18, 27, 36, 45, 54, 55, 64, 65, 66, 67, 68, 59, 60, 51, 52, 53, 62, 71]
[00:00:01:15:232] ! Bidirectional. expansions: 10,564, time: 74,697 [ms], path length: 41 [edges], g_F: 21, g_B: 20, generated: 0, MM: 1, MMPER: 1.380952380952381%
[00:00:01:15:232] 
---------- SM_Grids/8x9_grid_with_random_blocks_8per_4 ----------
[00:00:02:03:306] Path of length 39 found: [0, 9, 18, 19, 28, 29, 38, 47, 46, 45, 54, 63, 64, 65, 66, 57, 58, 49, 50, 41, 32, 31, 22, 21, 12, 3, 4, 5, 14, 15, 16, 17, 26, 35, 34, 43, 52, 61, 70, 71]
[00:00:02:03:306] ! Unidirectional s-t. expansions: 14,907, time: 123,306 [ms], path length: 39 [edges], generated: 76,637
[00:00:01:41:217] Path of length 39 found: [71, 70, 69, 60, 51, 52, 43, 34, 35, 26, 17, 16, 15, 14, 5, 4, 3, 12, 21, 22, 31, 40, 49, 58, 67, 66, 65, 64, 63, 54, 45, 46, 47, 38, 29, 28, 19, 10, 1, 0]
[00:00:01:41:217] ! Unidirectional t-s. expansions: 12,633, time: 101,217 [ms], path length: 39 [edges], generated: 64,803
[00:00:01:38:392] Path of length 39 found: [0, 9, 18, 19, 28, 29, 38, 47, 46, 45, 54, 63, 64, 65, 66, 57, 58, 49, 40, 31, 22, 21, 12, 3, 4, 5, 14, 15, 16, 17, 26, 35, 34, 43, 52, 51, 60, 69, 70, 71]
[00:00:01:38:899] ! Bidirectional. expansions: 19,174, time: 98,392 [ms], path length: 39 [edges], g_F: 20, g_B: 19, generated: 0, MM: 1, MMPER: 1.5%
[00:00:01:38:899] 
---------- SM_Grids/8x9_grid_with_random_blocks_8per_5 ----------
[00:00:00:34:598] Path of length 43 found: [0, 9, 18, 19, 20, 11, 2, 3, 4, 5, 6, 7, 16, 17, 26, 35, 44, 43, 42, 33, 24, 23, 22, 31, 40, 49, 48, 47, 38, 37, 36, 45, 54, 63, 64, 65, 66, 67, 68, 59, 60, 61, 70, 71]
[00:00:00:34:599] ! Unidirectional s-t. expansions: 7,436, time: 34,598 [ms], path length: 43 [edges], generated: 22,217
[00:00:00:45:345] Path of length 43 found: [71, 70, 61, 60, 59, 68, 67, 66, 65, 64, 63, 54, 45, 36, 37, 38, 47, 48, 49, 40, 31, 22, 23, 24, 33, 42, 43, 44, 35, 26, 17, 8, 7, 6, 5, 4, 3, 2, 11, 20, 19, 18, 9, 0]
[00:00:00:45:346] ! Unidirectional t-s. expansions: 6,793, time: 45,346 [ms], path length: 43 [edges], generated: 28,246
[00:00:00:26:718] Path of length 43 found: [0, 9, 18, 19, 20, 11, 2, 3, 4, 13, 14, 15, 6, 7, 8, 17, 26, 35, 44, 43, 42, 33, 32, 31, 40, 49, 48, 47, 38, 37, 36, 45, 54, 55, 64, 65, 66, 67, 68, 59, 60, 61, 70, 71]
[00:00:00:27:224] ! Bidirectional. expansions: 3,750, time: 26,718 [ms], path length: 43 [edges], g_F: 22, g_B: 21, generated: 0, MM: 1, MMPER: 1.272727272727273%
[00:00:00:27:224] 
---------- SM_Grids/8x9_grid_with_random_blocks_8per_6 ----------
[00:00:01:32:150] Path of length 39 found: [0, 1, 2, 3, 12, 13, 14, 5, 6, 7, 16, 25, 24, 33, 32, 41, 40, 39, 30, 29, 20, 19, 18, 27, 36, 37, 46, 55, 64, 65, 66, 57, 58, 59, 60, 51, 52, 53, 62, 71]
[00:00:01:32:150] ! Unidirectional s-t. expansions: 11,069, time: 92,150 [ms], path length: 39 [edges], generated: 56,546
[00:00:01:06:854] Path of length 39 found: [71, 70, 69, 60, 51, 52, 53, 44, 35, 34, 25, 16, 7, 6, 5, 14, 23, 22, 31, 30, 39, 48, 49, 58, 67, 66, 65, 56, 55, 46, 37, 36, 27, 18, 19, 20, 11, 2, 1, 0]
[00:00:01:06:855] ! Unidirectional t-s. expansions: 7,441, time: 66,854 [ms], path length: 39 [edges], generated: 39,139
[00:00:02:07:577] Path of length 39 found: [0, 1, 2, 11, 20, 19, 18, 27, 36, 37, 46, 55, 64, 65, 66, 57, 58, 49, 40, 41, 32, 23, 22, 13, 4, 5, 6, 7, 16, 25, 34, 35, 44, 53, 52, 51, 60, 69, 70, 71]
[00:00:02:08:119] ! Bidirectional. expansions: 15,992, time: 127,577 [ms], path length: 39 [edges], g_F: 20, g_B: 19, generated: 0, MM: 1, MMPER: 1.5%
[00:00:02:08:120] 
---------- SM_Grids/8x9_grid_with_random_blocks_8per_7 ----------
[00:00:01:45:152] Path of length 39 found: [0, 9, 18, 27, 28, 29, 20, 11, 2, 3, 4, 5, 6, 7, 8, 17, 26, 25, 24, 23, 22, 31, 40, 39, 48, 47, 46, 45, 54, 63, 64, 65, 66, 67, 58, 59, 60, 69, 70, 71]
[00:00:01:45:152] ! Unidirectional s-t. expansions: 16,559, time: 105,152 [ms], path length: 39 [edges], generated: 71,889
[00:00:02:43:109] Path of length 39 found: [71, 62, 61, 52, 43, 44, 35, 26, 17, 8, 7, 6, 5, 4, 13, 22, 23, 32, 41, 50, 59, 68, 67, 66, 65, 64, 63, 54, 45, 46, 47, 48, 39, 30, 29, 28, 27, 18, 9, 0]
[00:00:02:43:109] ! Unidirectional t-s. expansions: 25,848, time: 163,109 [ms], path length: 39 [edges], generated: 116,051
[00:00:01:52:159] Path of length 39 found: [0, 9, 18, 27, 28, 29, 30, 39, 48, 47, 46, 45, 54, 63, 64, 65, 66, 67, 58, 59, 50, 41, 32, 23, 22, 13, 4, 5, 6, 7, 8, 17, 26, 35, 44, 43, 52, 61, 62, 71]
[00:00:01:52:701] ! Bidirectional. expansions: 17,549, time: 112,159 [ms], path length: 39 [edges], g_F: 20, g_B: 19, generated: 0, MM: 1, MMPER: 1.5%
[00:00:01:52:701] 
---------- SM_Grids/8x9_grid_with_random_blocks_8per_8 ----------
[00:00:00:33:419] Path of length 43 found: [0, 1, 2, 3, 4, 5, 6, 7, 16, 17, 26, 35, 34, 33, 24, 23, 22, 21, 20, 19, 18, 27, 36, 45, 54, 63, 64, 65, 56, 47, 38, 39, 40, 49, 58, 67, 68, 69, 60, 51, 52, 53, 62, 71]
[00:00:00:33:420] ! Unidirectional s-t. expansions: 4,204, time: 33,419 [ms], path length: 43 [edges], generated: 18,705
[00:00:00:38:184] Path of length 43 found: [71, 62, 53, 44, 43, 34, 25, 26, 17, 8, 7, 6, 15, 14, 13, 4, 3, 2, 11, 20, 21, 30, 31, 32, 41, 50, 51, 60, 69, 68, 67, 58, 57, 56, 65, 64, 63, 54, 45, 36, 27, 18, 9, 0]
[00:00:00:38:184] ! Unidirectional t-s. expansions: 4,457, time: 38,184 [ms], path length: 43 [edges], generated: 20,524
[00:00:00:40:266] Path of length 43 found: [0, 9, 18, 19, 20, 11, 2, 3, 4, 13, 14, 15, 6, 7, 8, 17, 26, 25, 34, 33, 32, 31, 30, 39, 38, 37, 36, 45, 54, 63, 64, 65, 56, 57, 58, 67, 68, 69, 60, 51, 52, 53, 62, 71]
[00:00:00:40:811] ! Bidirectional. expansions: 6,005, time: 40,267 [ms], path length: 43 [edges], g_F: 22, g_B: 21, generated: 0, MM: 1, MMPER: 1.272727272727273%
[00:00:00:40:812] 
---------- SM_Grids/8x9_grid_with_random_blocks_8per_9 ----------
[00:00:02:51:901] Path of length 39 found: [0, 1, 10, 11, 20, 21, 22, 13, 4, 5, 6, 7, 16, 25, 34, 33, 32, 41, 40, 49, 48, 47, 38, 37, 36, 45, 54, 63, 64, 65, 66, 67, 68, 59, 60, 51, 52, 53, 62, 71]
[00:00:02:51:901] ! Unidirectional s-t. expansions: 23,116, time: 171,901 [ms], path length: 39 [edges], generated: 108,084
[00:00:01:44:584] Path of length 39 found: [71, 70, 61, 52, 53, 44, 35, 34, 25, 16, 7, 6, 5, 14, 23, 32, 31, 40, 49, 50, 59, 68, 67, 66, 57, 56, 55, 54, 45, 36, 27, 18, 19, 20, 21, 12, 3, 2, 1, 0]
[00:00:01:44:585] ! Unidirectional t-s. expansions: 15,993, time: 104,584 [ms], path length: 39 [edges], generated: 73,539
[00:00:01:27:343] Path of length 39 found: [0, 9, 18, 27, 28, 37, 46, 45, 54, 63, 64, 65, 56, 57, 58, 59, 50, 41, 32, 23, 22, 21, 20, 11, 2, 3, 4, 5, 6, 7, 16, 25, 34, 35, 44, 53, 52, 61, 70, 71]
[00:00:01:27:856] ! Bidirectional. expansions: 14,012, time: 87,343 [ms], path length: 39 [edges], g_F: 20, g_B: 19, generated: 0, MM: 1, MMPER: 1.5%

[00:00:01:27:856] average expansions: (12,069, 9,808, 10,936, 0)
[00:00:01:27:856] average time: (85,169, 72,778, 72,603, 0)
[00:00:01:27:856] XDFBnB: 9,808 , 72,778 (expansions , time[ms])
[00:00:01:27:856] BiXDFBnB: 10,936 , 72,603 (expansions , time[ms])

