------------------------------------
Thu 01 Oct 2026 11:13:28 IDT
SLURM_JOBID:		21943025
SLURM_JOB_NODELIST:	ise-cpu256-29
SLURM_SCRATCH_DIR:	/scratch/shubit/21943025
Allocated Resouces:	cpu - 2 / mem - 61440 MB / gpu - 
SLURM_GPU_INDEX:	
Running as shubit from shimony account with normal QOS
------------------------------------
Thu 01 Oct 2026 11:13:28 IDT

SLURM_JOBID:		 21943025
SLURM_JOB_NODELIST:	 ise-cpu256-29 

--------------------------
date: SM_Grids
number_of_graphs: 10
graph_type: grid
size_of_graphs: [8, 8]
heuristic: bcc_heuristic
snake: True
run_uni: True
run_bi: True
run_multi: False
solution_vertices: []
algorithms: ['A']
lookahead: 1
bsd: False
cube_first_dims: 4
cube_buffer_dim: None
backward_sym_generation: False
sym_coil: False
prefix_set: None

---------- SM_Grids/8x8_grid_with_random_blocks_12per_0 ----------
[00:00:00:02:130] Path of length 36 found: [0, 8, 16, 24, 25, 33, 41, 40, 48, 56, 57, 58, 59, 60, 61, 53, 45, 44, 43, 35, 27, 19, 18, 10, 2, 3, 4, 12, 13, 21, 22, 30, 31, 39, 47, 55, 63]
[00:00:00:02:130] ! Unidirectional s-t. expansions: 440, time: 2,130 [ms], path length: 36 [edges], generated: 698
[00:00:00:01:234] Path of length 36 found: [63, 55, 47, 39, 31, 30, 22, 14, 13, 12, 4, 3, 2, 10, 18, 19, 27, 28, 36, 37, 45, 53, 61, 60, 59, 58, 57, 56, 48, 40, 41, 33, 25, 24, 16, 8, 0]
[00:00:00:01:235] ! Unidirectional t-s. expansions: 251, time: 1,234 [ms], path length: 36 [edges], generated: 406
[00:00:00:05:193] Path of length 36 found: [0, 8, 16, 24, 25, 33, 41, 40, 48, 56, 57, 58, 50, 51, 52, 53, 45, 37, 36, 35, 27, 19, 18, 10, 2, 3, 4, 12, 13, 14, 22, 30, 31, 39, 47, 55, 63]
[00:00:00:05:782] ! Bidirectional. expansions: 621, time: 5,193 [ms], path length: 36 [edges], g_F: 16, g_B: 20, generated: 0, MM: 4, MMPER: 9.81081081081081%
[00:00:00:05:782] 
---------- SM_Grids/8x8_grid_with_random_blocks_12per_1 ----------
[00:00:00:06:876] Path of length 32 found: [0, 8, 9, 10, 2, 3, 4, 5, 6, 14, 22, 21, 20, 19, 27, 26, 25, 33, 41, 49, 50, 58, 59, 60, 52, 44, 36, 37, 38, 39, 47, 55, 63]
[00:00:00:06:876] ! Unidirectional s-t. expansions: 1,314, time: 6,876 [ms], path length: 32 [edges], generated: 2,347
[00:00:00:12:288] Path of length 32 found: [63, 55, 47, 39, 38, 37, 45, 53, 61, 60, 59, 51, 50, 49, 41, 33, 34, 26, 27, 19, 20, 21, 22, 14, 6, 5, 4, 3, 2, 10, 9, 8, 0]
[00:00:00:12:289] ! Unidirectional t-s. expansions: 2,562, time: 12,289 [ms], path length: 32 [edges], generated: 4,399
[00:00:00:45:994] Path of length 32 found: [0, 8, 9, 10, 2, 3, 4, 5, 6, 14, 22, 21, 20, 19, 27, 26, 25, 33, 41, 42, 50, 58, 59, 60, 52, 44, 36, 37, 38, 46, 54, 62, 63]
[00:00:00:46:528] ! Bidirectional. expansions: 5,437, time: 45,994 [ms], path length: 32 [edges], g_F: 18, g_B: 14, generated: 0, MM: 4, MMPER: 11.121212121212121%
[00:00:00:46:528] 
---------- SM_Grids/8x8_grid_with_random_blocks_12per_2 ----------
[00:00:00:02:393] Path of length 34 found: [0, 1, 2, 3, 4, 5, 13, 14, 15, 23, 31, 30, 38, 46, 45, 44, 36, 28, 20, 19, 18, 17, 16, 24, 32, 33, 34, 42, 50, 58, 59, 60, 61, 62, 63]
[00:00:00:02:394] ! Unidirectional s-t. expansions: 439, time: 2,393 [ms], path length: 34 [edges], generated: 742
[00:00:00:03:335] Path of length 34 found: [63, 55, 47, 46, 38, 30, 31, 23, 15, 14, 13, 5, 4, 3, 2, 10, 18, 19, 27, 28, 36, 44, 52, 60, 59, 58, 50, 42, 34, 33, 25, 24, 16, 8, 0]
[00:00:00:03:336] ! Unidirectional t-s. expansions: 609, time: 3,335 [ms], path length: 34 [edges], generated: 1,056
[00:00:00:12:089] Path of length 34 found: [0, 1, 2, 3, 4, 12, 13, 14, 15, 23, 31, 30, 29, 28, 27, 19, 18, 17, 16, 24, 32, 33, 34, 42, 50, 58, 59, 60, 52, 44, 45, 46, 47, 55, 63]
[00:00:00:12:560] ! Bidirectional. expansions: 1,421, time: 12,089 [ms], path length: 34 [edges], g_F: 26, g_B: 8, generated: 0, MM: 18, MMPER: 50.42857142857143%
[00:00:00:12:560] 
---------- SM_Grids/8x8_grid_with_random_blocks_12per_3 ----------
[00:00:00:25:728] Path of length 34 found: [0, 8, 16, 24, 32, 33, 41, 49, 57, 58, 59, 60, 52, 44, 43, 35, 27, 19, 18, 10, 2, 3, 4, 5, 6, 7, 15, 23, 22, 30, 38, 39, 47, 55, 63]
[00:00:00:25:729] ! Unidirectional s-t. expansions: 6,800, time: 25,728 [ms], path length: 34 [edges], generated: 10,642
[00:00:00:32:704] Path of length 34 found: [63, 62, 54, 46, 47, 39, 31, 30, 22, 14, 6, 5, 4, 12, 20, 19, 27, 35, 36, 44, 52, 60, 59, 58, 57, 49, 41, 33, 32, 24, 16, 17, 9, 1, 0]
[00:00:00:32:705] ! Unidirectional t-s. expansions: 9,037, time: 32,705 [ms], path length: 34 [edges], generated: 13,947
[00:00:01:20:853] Path of length 34 found: [0, 8, 16, 24, 32, 33, 41, 49, 57, 58, 59, 60, 52, 44, 43, 35, 27, 19, 18, 10, 2, 3, 4, 5, 6, 7, 15, 23, 22, 30, 38, 46, 54, 62, 63]
[00:00:01:21:308] ! Bidirectional. expansions: 14,703, time: 80,853 [ms], path length: 34 [edges], g_F: 31, g_B: 3, generated: 0, MM: 28, MMPER: 79.0%
[00:00:01:21:308] 
---------- SM_Grids/8x8_grid_with_random_blocks_12per_4 ----------
[00:00:00:07:497] Path of length 34 found: [0, 8, 16, 17, 18, 10, 11, 12, 4, 5, 6, 14, 22, 23, 31, 39, 38, 37, 29, 28, 27, 35, 34, 33, 41, 49, 57, 58, 59, 51, 52, 53, 61, 62, 63]
[00:00:00:07:497] ! Unidirectional s-t. expansions: 1,405, time: 7,497 [ms], path length: 34 [edges], generated: 2,484
[00:00:00:09:435] Path of length 34 found: [63, 55, 54, 53, 61, 60, 59, 58, 57, 49, 41, 42, 34, 35, 27, 28, 29, 37, 38, 39, 31, 23, 22, 14, 6, 5, 4, 12, 11, 10, 18, 17, 16, 8, 0]
[00:00:00:09:436] ! Unidirectional t-s. expansions: 1,703, time: 9,435 [ms], path length: 34 [edges], generated: 3,251
[00:00:00:29:292] Path of length 34 found: [0, 8, 16, 17, 18, 10, 11, 12, 4, 5, 6, 14, 22, 23, 31, 39, 38, 37, 29, 28, 27, 35, 34, 33, 41, 49, 57, 58, 59, 60, 61, 53, 54, 55, 63]
[00:00:00:29:757] ! Bidirectional. expansions: 3,350, time: 29,293 [ms], path length: 34 [edges], g_F: 27, g_B: 7, generated: 0, MM: 20, MMPER: 56.142857142857146%
[00:00:00:29:757] 
---------- SM_Grids/8x8_grid_with_random_blocks_12per_5 ----------
[00:00:00:14:549] Path of length 34 found: [0, 1, 2, 3, 4, 5, 6, 14, 15, 23, 31, 39, 47, 46, 45, 37, 29, 21, 20, 19, 18, 17, 16, 24, 32, 33, 34, 35, 43, 51, 59, 60, 61, 62, 63]
[00:00:00:14:549] ! Unidirectional s-t. expansions: 3,034, time: 14,549 [ms], path length: 34 [edges], generated: 5,256
[00:00:00:14:690] Path of length 34 found: [63, 55, 47, 39, 31, 23, 15, 14, 6, 5, 4, 3, 11, 19, 20, 28, 29, 37, 45, 53, 61, 60, 59, 51, 43, 35, 34, 33, 32, 24, 16, 17, 9, 1, 0]
[00:00:00:14:691] ! Unidirectional t-s. expansions: 3,045, time: 14,690 [ms], path length: 34 [edges], generated: 5,094
[00:00:00:44:844] Path of length 34 found: [0, 1, 9, 17, 16, 24, 32, 40, 41, 42, 50, 51, 59, 60, 61, 53, 45, 37, 29, 28, 20, 19, 11, 3, 4, 5, 6, 14, 15, 23, 31, 39, 47, 55, 63]
[00:00:00:45:295] ! Bidirectional. expansions: 6,239, time: 44,844 [ms], path length: 34 [edges], g_F: 11, g_B: 23, generated: 0, MM: 12, MMPER: 33.285714285714285%
[00:00:00:45:295] 
---------- SM_Grids/8x8_grid_with_random_blocks_12per_6 ----------
[00:00:00:09:697] Path of length 34 found: [0, 8, 9, 10, 2, 3, 4, 5, 6, 7, 15, 23, 22, 21, 20, 19, 27, 26, 25, 24, 32, 40, 48, 49, 50, 51, 43, 44, 36, 37, 38, 46, 54, 62, 63]
[00:00:00:09:698] ! Unidirectional s-t. expansions: 2,091, time: 9,698 [ms], path length: 34 [edges], generated: 3,501
[00:00:00:04:886] Path of length 34 found: [63, 62, 54, 46, 38, 37, 36, 44, 43, 42, 50, 49, 48, 40, 32, 24, 25, 26, 27, 19, 20, 21, 22, 23, 15, 7, 6, 5, 4, 3, 2, 10, 9, 8, 0]
[00:00:00:04:887] ! Unidirectional t-s. expansions: 916, time: 4,886 [ms], path length: 34 [edges], generated: 1,628
[00:00:00:22:993] Path of length 34 found: [0, 8, 9, 10, 2, 3, 4, 5, 6, 7, 15, 23, 22, 21, 20, 19, 27, 26, 25, 24, 32, 40, 48, 49, 50, 42, 43, 44, 36, 37, 38, 46, 54, 62, 63]
[00:00:00:23:474] ! Bidirectional. expansions: 2,957, time: 22,993 [ms], path length: 34 [edges], g_F: 25, g_B: 9, generated: 0, MM: 16, MMPER: 44.714285714285715%
[00:00:00:23:474] 
---------- SM_Grids/8x8_grid_with_random_blocks_12per_7 ----------
[00:00:00:09:569] Path of length 36 found: [0, 8, 9, 10, 18, 19, 20, 12, 13, 5, 6, 7, 15, 23, 22, 30, 38, 37, 36, 44, 43, 42, 34, 33, 32, 40, 48, 56, 57, 58, 59, 60, 61, 53, 54, 55, 63]
[00:00:00:09:570] ! Unidirectional s-t. expansions: 1,702, time: 9,569 [ms], path length: 36 [edges], generated: 2,825
[00:00:00:12:191] Path of length 36 found: [63, 55, 47, 39, 38, 30, 22, 23, 15, 7, 6, 5, 13, 12, 20, 28, 27, 26, 34, 42, 43, 44, 45, 53, 61, 60, 59, 58, 57, 49, 48, 40, 32, 24, 16, 8, 0]
[00:00:00:12:193] ! Unidirectional t-s. expansions: 2,729, time: 12,191 [ms], path length: 36 [edges], generated: 4,336
[00:00:00:25:675] Path of length 36 found: [0, 8, 9, 17, 25, 24, 32, 40, 48, 56, 57, 58, 59, 60, 61, 53, 45, 44, 36, 35, 27, 19, 20, 12, 13, 5, 6, 7, 15, 23, 22, 30, 38, 39, 47, 55, 63]
[00:00:00:26:138] ! Bidirectional. expansions: 3,244, time: 25,676 [ms], path length: 36 [edges], g_F: 19, g_B: 17, generated: 0, MM: 2, MMPER: 4.405405405405405%
[00:00:00:26:139] 
---------- SM_Grids/8x8_grid_with_random_blocks_12per_8 ----------
[00:00:00:04:921] Path of length 36 found: [0, 8, 16, 24, 32, 33, 41, 49, 57, 58, 59, 60, 52, 44, 43, 35, 27, 26, 18, 10, 2, 3, 4, 5, 6, 7, 15, 23, 22, 21, 29, 37, 38, 46, 47, 55, 63]
[00:00:00:04:921] ! Unidirectional s-t. expansions: 934, time: 4,921 [ms], path length: 36 [edges], generated: 1,640
[00:00:00:06:324] Path of length 36 found: [63, 55, 47, 39, 38, 37, 29, 21, 22, 23, 15, 7, 6, 5, 4, 3, 2, 10, 18, 26, 27, 35, 43, 44, 52, 60, 59, 58, 57, 49, 41, 33, 32, 24, 16, 8, 0]
[00:00:00:06:325] ! Unidirectional t-s. expansions: 1,325, time: 6,324 [ms], path length: 36 [edges], generated: 2,215
[00:00:00:21:056] Path of length 36 found: [0, 1, 2, 10, 18, 17, 16, 24, 32, 33, 41, 49, 57, 58, 59, 60, 52, 44, 43, 35, 27, 28, 20, 12, 4, 5, 6, 7, 15, 23, 22, 30, 38, 39, 47, 55, 63]
[00:00:00:21:493] ! Bidirectional. expansions: 2,715, time: 21,056 [ms], path length: 36 [edges], g_F: 17, g_B: 19, generated: 0, MM: 2, MMPER: 4.405405405405405%
[00:00:00:21:493] 
---------- SM_Grids/8x8_grid_with_random_blocks_12per_9 ----------
[00:00:00:15:373] Path of length 36 found: [0, 8, 9, 10, 11, 19, 20, 21, 13, 5, 6, 7, 15, 23, 31, 30, 38, 37, 36, 35, 34, 26, 25, 24, 32, 40, 48, 56, 57, 58, 50, 51, 52, 60, 61, 62, 63]
[00:00:00:15:373] ! Unidirectional s-t. expansions: 3,751, time: 15,373 [ms], path length: 36 [edges], generated: 5,557
[00:00:00:15:192] Path of length 36 found: [63, 62, 61, 53, 45, 46, 38, 30, 31, 23, 15, 7, 6, 5, 13, 21, 20, 28, 36, 35, 43, 51, 50, 58, 57, 56, 48, 40, 41, 33, 25, 26, 18, 10, 2, 1, 0]
[00:00:00:15:194] ! Unidirectional t-s. expansions: 3,366, time: 15,192 [ms], path length: 36 [edges], generated: 5,347
[00:00:00:42:525] Path of length 36 found: [0, 8, 9, 10, 11, 19, 20, 21, 13, 5, 6, 7, 15, 23, 31, 30, 38, 37, 36, 35, 34, 26, 25, 24, 32, 40, 48, 56, 57, 58, 50, 51, 52, 60, 61, 62, 63]
[00:00:00:42:959] ! Bidirectional. expansions: 6,170, time: 42,525 [ms], path length: 36 [edges], g_F: 18, g_B: 18, generated: 0, MM: 0, MMPER: -1.0%

[00:00:00:42:959] average expansions: (2,191, 2,554, 4,686, 0)
[00:00:00:42:959] average time: (9,873, 11,228, 33,052, 0)
[00:00:00:42:960] XA*: 2,191 , 9,873 (expansions , time[ms])
[00:00:00:42:960] BiXA*: 4,686 , 33,052 (expansions , time[ms])

