------------------------------------
Thu 01 Oct 2026 14:39:20 IDT
SLURM_JOBID:		21950278
SLURM_JOB_NODELIST:	ise-cpu256-02
SLURM_SCRATCH_DIR:	/scratch/shubit/21950278
Allocated Resouces:	cpu - 2 / mem - 61440 MB / gpu - 
SLURM_GPU_INDEX:	
Running as shubit from shimony account with normal QOS
------------------------------------
Thu 01 Oct 2026 14:39:20 IDT

SLURM_JOBID:		 21950278
SLURM_JOB_NODELIST:	 ise-cpu256-02 

--------------------------
date: SM_Grids
number_of_graphs: 10
graph_type: grid
size_of_graphs: [8, 9]
heuristic: bcc_heuristic
snake: True
run_uni: True
run_bi: True
run_multi: False
solution_vertices: []
algorithms: ['DFBnB']
lookahead: -1
bsd: False
cube_first_dims: 4
cube_buffer_dim: None
backward_sym_generation: False
sym_coil: False
prefix_set: None

---------- SM_Grids/8x9_grid_with_random_blocks_8per_0 ----------
[00:00:00:29:433] Path of length 43 found: [0, 9, 18, 27, 36, 45, 54, 63, 64, 65, 56, 47, 38, 39, 30, 21, 20, 11, 2, 3, 4, 13, 14, 15, 6, 7, 8, 17, 26, 25, 34, 33, 32, 41, 50, 49, 58, 67, 68, 69, 60, 61, 62, 71]
[00:00:00:29:434] ! Unidirectional s-t. expansions: 5,621, time: 29,434 [ms], path length: 43 [edges], generated: 9,031
[00:00:00:34:156] Path of length 43 found: [71, 62, 61, 60, 69, 68, 67, 58, 49, 50, 41, 42, 43, 34, 25, 26, 17, 8, 7, 6, 5, 14, 23, 22, 31, 30, 39, 38, 47, 56, 65, 64, 63, 54, 45, 36, 27, 18, 19, 20, 11, 2, 1, 0]
[00:00:00:34:156] ! Unidirectional t-s. expansions: 6,145, time: 34,156 [ms], path length: 43 [edges], generated: 10,670
[00:00:00:34:097] Path of length 43 found: [0, 9, 18, 27, 36, 45, 54, 63, 64, 65, 56, 47, 38, 39, 30, 21, 20, 11, 2, 3, 4, 13, 14, 15, 6, 7, 8, 17, 26, 25, 34, 43, 42, 41, 50, 49, 58, 67, 68, 69, 60, 61, 62, 71]
[00:00:00:34:728] ! Bidirectional. expansions: 5,430, time: 34,097 [ms], path length: 43 [edges], g_F: 22, g_B: 21, generated: 0, MM: 1, MMPER: 1.272727272727273%
[00:00:00:34:728] 
---------- SM_Grids/8x9_grid_with_random_blocks_8per_1 ----------
[00:00:01:11:284] Path of length 43 found: [0, 9, 18, 27, 36, 45, 54, 63, 64, 65, 56, 47, 38, 29, 20, 11, 2, 3, 4, 13, 22, 23, 24, 15, 6, 7, 8, 17, 26, 35, 34, 43, 42, 41, 40, 49, 58, 67, 68, 69, 60, 61, 62, 71]
[00:00:01:11:285] ! Unidirectional s-t. expansions: 13,532, time: 71,285 [ms], path length: 43 [edges], generated: 22,267
[00:00:01:35:235] Path of length 43 found: [71, 62, 61, 60, 69, 68, 67, 58, 49, 48, 47, 56, 65, 64, 63, 54, 45, 36, 27, 18, 19, 20, 29, 30, 31, 22, 23, 24, 33, 42, 43, 44, 35, 26, 17, 8, 7, 6, 5, 4, 3, 2, 1, 0]
[00:00:01:35:236] ! Unidirectional t-s. expansions: 17,469, time: 95,236 [ms], path length: 43 [edges], generated: 30,641
[00:00:01:09:616] Path of length 43 found: [0, 9, 18, 27, 36, 45, 54, 63, 64, 65, 66, 67, 68, 59, 50, 49, 48, 39, 38, 29, 20, 11, 2, 3, 4, 13, 22, 31, 32, 33, 24, 15, 6, 7, 8, 17, 26, 35, 44, 43, 52, 61, 62, 71]
[00:00:01:10:203] ! Bidirectional. expansions: 12,735, time: 69,616 [ms], path length: 43 [edges], g_F: 22, g_B: 21, generated: 0, MM: 1, MMPER: 1.272727272727273%
[00:00:01:10:203] 
---------- SM_Grids/8x9_grid_with_random_blocks_8per_2 ----------
[00:00:01:27:367] Path of length 37 found: [0, 9, 18, 19, 20, 11, 2, 3, 4, 13, 22, 31, 30, 39, 38, 47, 56, 57, 58, 49, 50, 41, 42, 33, 24, 15, 6, 7, 8, 17, 26, 35, 44, 53, 52, 61, 70, 71]
[00:00:01:27:367] ! Unidirectional s-t. expansions: 15,505, time: 87,367 [ms], path length: 37 [edges], generated: 30,741
[00:00:01:11:504] Path of length 37 found: [71, 70, 69, 60, 51, 52, 43, 44, 35, 26, 17, 8, 7, 6, 5, 4, 13, 22, 23, 32, 41, 40, 49, 58, 57, 56, 47, 38, 37, 36, 27, 18, 19, 20, 11, 2, 1, 0]
[00:00:01:11:505] ! Unidirectional t-s. expansions: 14,445, time: 71,504 [ms], path length: 37 [edges], generated: 26,000
[00:00:01:30:393] Path of length 37 found: [0, 9, 18, 19, 20, 11, 2, 3, 4, 13, 22, 31, 30, 39, 38, 47, 56, 57, 58, 49, 50, 41, 42, 33, 24, 15, 6, 7, 8, 17, 26, 35, 44, 53, 52, 61, 70, 71]
[00:00:01:30:895] ! Bidirectional. expansions: 16,884, time: 90,393 [ms], path length: 37 [edges], g_F: 19, g_B: 18, generated: 0, MM: 1, MMPER: 1.6315789473684212%
[00:00:01:30:895] 
---------- SM_Grids/8x9_grid_with_random_blocks_8per_3 ----------
[00:00:01:49:830] Path of length 41 found: [0, 1, 2, 3, 12, 13, 14, 5, 6, 7, 16, 25, 24, 33, 32, 31, 40, 49, 48, 47, 38, 29, 20, 19, 18, 27, 36, 45, 54, 63, 64, 65, 66, 67, 68, 59, 60, 51, 52, 53, 62, 71]
[00:00:01:49:831] ! Unidirectional s-t. expansions: 23,043, time: 109,830 [ms], path length: 41 [edges], generated: 40,003
[00:00:00:52:287] Path of length 41 found: [71, 62, 53, 52, 51, 60, 59, 68, 67, 66, 65, 64, 63, 54, 45, 36, 27, 18, 19, 20, 29, 38, 47, 48, 49, 40, 41, 32, 33, 24, 25, 16, 7, 6, 5, 14, 13, 12, 3, 2, 1, 0]
[00:00:00:52:287] ! Unidirectional t-s. expansions: 9,328, time: 52,287 [ms], path length: 41 [edges], generated: 16,351
[00:00:01:58:686] Path of length 41 found: [0, 1, 2, 3, 12, 13, 14, 5, 6, 7, 16, 25, 24, 33, 32, 41, 40, 49, 48, 47, 38, 29, 20, 19, 18, 27, 36, 45, 54, 55, 64, 65, 66, 67, 68, 59, 60, 51, 52, 53, 62, 71]
[00:00:01:59:261] ! Bidirectional. expansions: 21,503, time: 118,686 [ms], path length: 41 [edges], g_F: 21, g_B: 20, generated: 0, MM: 1, MMPER: 1.380952380952381%
[00:00:01:59:261] 
---------- SM_Grids/8x9_grid_with_random_blocks_8per_4 ----------
[00:00:02:23:783] Path of length 39 found: [0, 9, 18, 19, 28, 29, 38, 47, 46, 45, 54, 63, 64, 65, 66, 57, 58, 59, 50, 41, 40, 31, 22, 21, 12, 3, 4, 5, 14, 15, 16, 17, 26, 35, 34, 43, 52, 61, 70, 71]
[00:00:02:23:783] ! Unidirectional s-t. expansions: 25,005, time: 143,783 [ms], path length: 39 [edges], generated: 47,014
[00:00:02:06:382] Path of length 39 found: [71, 70, 69, 60, 51, 52, 43, 34, 35, 26, 17, 16, 15, 14, 5, 4, 3, 12, 21, 22, 31, 40, 49, 58, 67, 66, 65, 64, 63, 54, 45, 46, 47, 38, 29, 28, 19, 10, 1, 0]
[00:00:02:06:383] ! Unidirectional t-s. expansions: 23,781, time: 126,382 [ms], path length: 39 [edges], generated: 43,962
[00:00:01:58:955] Path of length 39 found: [0, 9, 18, 19, 28, 29, 38, 47, 46, 45, 54, 63, 64, 65, 66, 57, 58, 49, 40, 31, 22, 21, 12, 3, 4, 5, 14, 15, 16, 17, 26, 35, 34, 43, 52, 51, 60, 69, 70, 71]
[00:00:01:59:527] ! Bidirectional. expansions: 19,687, time: 118,955 [ms], path length: 39 [edges], g_F: 20, g_B: 19, generated: 0, MM: 1, MMPER: 1.5%
[00:00:01:59:527] 
---------- SM_Grids/8x9_grid_with_random_blocks_8per_5 ----------
[00:00:00:47:365] Path of length 43 found: [0, 9, 18, 19, 20, 11, 2, 3, 4, 5, 6, 7, 16, 17, 26, 35, 44, 43, 42, 33, 24, 23, 22, 31, 40, 49, 48, 47, 38, 37, 36, 45, 54, 63, 64, 65, 66, 67, 68, 59, 60, 61, 70, 71]
[00:00:00:47:366] ! Unidirectional s-t. expansions: 13,089, time: 47,365 [ms], path length: 43 [edges], generated: 16,827
[00:00:00:47:316] Path of length 43 found: [71, 70, 61, 60, 59, 68, 67, 66, 65, 64, 63, 54, 45, 36, 37, 38, 47, 48, 49, 40, 31, 32, 33, 42, 43, 44, 35, 26, 17, 8, 7, 6, 15, 14, 13, 4, 3, 2, 11, 20, 19, 18, 9, 0]
[00:00:00:47:317] ! Unidirectional t-s. expansions: 8,328, time: 47,317 [ms], path length: 43 [edges], generated: 14,435
[00:00:00:42:206] Path of length 43 found: [0, 9, 18, 19, 20, 11, 2, 3, 4, 13, 14, 15, 6, 7, 8, 17, 26, 35, 44, 43, 42, 33, 32, 31, 40, 49, 48, 47, 38, 37, 36, 45, 54, 55, 64, 65, 66, 67, 68, 59, 60, 61, 70, 71]
[00:00:00:42:769] ! Bidirectional. expansions: 7,238, time: 42,206 [ms], path length: 43 [edges], g_F: 22, g_B: 21, generated: 0, MM: 1, MMPER: 1.272727272727273%
[00:00:00:42:769] 
---------- SM_Grids/8x9_grid_with_random_blocks_8per_6 ----------
[00:00:01:22:715] Path of length 39 found: [0, 1, 2, 11, 20, 19, 18, 27, 36, 37, 46, 55, 64, 65, 66, 57, 48, 39, 40, 41, 32, 23, 22, 13, 4, 5, 6, 7, 16, 25, 34, 35, 44, 53, 52, 51, 60, 69, 70, 71]
[00:00:01:22:716] ! Unidirectional s-t. expansions: 14,571, time: 82,715 [ms], path length: 39 [edges], generated: 26,838
[00:00:02:19:077] Path of length 39 found: [71, 62, 53, 52, 51, 60, 59, 58, 67, 66, 65, 64, 55, 46, 37, 36, 27, 18, 19, 20, 29, 30, 39, 40, 41, 32, 33, 34, 25, 16, 7, 6, 5, 14, 13, 12, 3, 2, 1, 0]
[00:00:02:19:078] ! Unidirectional t-s. expansions: 27,505, time: 139,077 [ms], path length: 39 [edges], generated: 49,874
[00:00:01:58:487] Path of length 39 found: [0, 1, 2, 11, 20, 19, 18, 27, 36, 37, 46, 55, 64, 65, 66, 57, 58, 49, 40, 41, 32, 23, 22, 13, 4, 5, 6, 7, 16, 25, 34, 35, 44, 53, 52, 51, 60, 69, 70, 71]
[00:00:01:59:049] ! Bidirectional. expansions: 17,353, time: 118,487 [ms], path length: 39 [edges], g_F: 20, g_B: 19, generated: 0, MM: 1, MMPER: 1.5%
[00:00:01:59:049] 
---------- SM_Grids/8x9_grid_with_random_blocks_8per_7 ----------
[00:00:02:32:724] Path of length 39 found: [0, 9, 18, 27, 28, 29, 20, 11, 2, 3, 4, 5, 6, 7, 8, 17, 26, 25, 24, 23, 22, 31, 40, 39, 48, 47, 46, 45, 54, 63, 64, 65, 66, 67, 58, 59, 60, 61, 70, 71]
[00:00:02:32:725] ! Unidirectional s-t. expansions: 34,000, time: 152,725 [ms], path length: 39 [edges], generated: 56,099
[00:00:03:44:311] Path of length 39 found: [71, 62, 61, 52, 43, 44, 35, 26, 17, 8, 7, 6, 5, 14, 13, 22, 31, 30, 39, 48, 49, 50, 59, 68, 67, 66, 65, 64, 63, 54, 45, 46, 37, 28, 19, 20, 11, 2, 1, 0]
[00:00:03:44:312] ! Unidirectional t-s. expansions: 49,936, time: 224,311 [ms], path length: 39 [edges], generated: 83,435
[00:00:03:00:352] Path of length 39 found: [0, 9, 18, 27, 28, 29, 30, 39, 48, 47, 46, 45, 54, 63, 64, 65, 66, 67, 58, 59, 50, 41, 32, 23, 22, 13, 4, 5, 6, 7, 8, 17, 26, 35, 44, 43, 52, 61, 62, 71]
[00:00:03:00:927] ! Bidirectional. expansions: 34,697, time: 180,352 [ms], path length: 39 [edges], g_F: 20, g_B: 19, generated: 0, MM: 1, MMPER: 1.5%
[00:00:03:00:927] 
---------- SM_Grids/8x9_grid_with_random_blocks_8per_8 ----------
[00:00:00:53:954] Path of length 43 found: [0, 9, 18, 19, 20, 11, 2, 3, 4, 5, 6, 7, 8, 17, 26, 35, 34, 33, 24, 23, 22, 31, 30, 39, 38, 37, 36, 45, 54, 63, 64, 65, 56, 57, 58, 67, 68, 69, 60, 51, 52, 53, 62, 71]
[00:00:00:53:954] ! Unidirectional s-t. expansions: 9,568, time: 53,954 [ms], path length: 43 [edges], generated: 15,452
[00:00:00:57:644] Path of length 43 found: [71, 62, 53, 44, 43, 34, 25, 26, 17, 8, 7, 6, 15, 14, 13, 4, 3, 2, 11, 20, 21, 30, 31, 32, 41, 50, 51, 60, 69, 68, 67, 58, 57, 56, 65, 64, 63, 54, 45, 36, 27, 18, 9, 0]
[00:00:00:57:644] ! Unidirectional t-s. expansions: 11,268, time: 57,644 [ms], path length: 43 [edges], generated: 17,074
[00:00:01:09:271] Path of length 43 found: [0, 9, 18, 19, 20, 11, 2, 3, 4, 13, 14, 15, 6, 7, 8, 17, 26, 25, 34, 33, 32, 31, 30, 39, 38, 37, 36, 45, 54, 63, 64, 65, 56, 57, 58, 67, 68, 69, 60, 51, 52, 53, 62, 71]
[00:00:01:09:822] ! Bidirectional. expansions: 11,746, time: 69,271 [ms], path length: 43 [edges], g_F: 22, g_B: 21, generated: 0, MM: 1, MMPER: 1.272727272727273%
[00:00:01:09:823] 
---------- SM_Grids/8x9_grid_with_random_blocks_8per_9 ----------
[00:00:04:01:473] Path of length 39 found: [0, 9, 10, 11, 20, 21, 22, 13, 4, 5, 6, 7, 16, 25, 34, 33, 32, 41, 40, 49, 48, 47, 38, 37, 36, 45, 54, 63, 64, 65, 66, 67, 68, 59, 60, 51, 52, 53, 62, 71]
[00:00:04:01:474] ! Unidirectional s-t. expansions: 47,017, time: 241,474 [ms], path length: 39 [edges], generated: 79,979
[00:00:02:49:876] Path of length 39 found: [71, 70, 61, 52, 53, 44, 35, 34, 25, 16, 7, 6, 5, 14, 23, 32, 31, 40, 49, 50, 59, 68, 67, 66, 57, 56, 55, 54, 45, 36, 27, 18, 19, 20, 21, 12, 3, 2, 1, 0]
[00:00:02:49:877] ! Unidirectional t-s. expansions: 34,965, time: 169,876 [ms], path length: 39 [edges], generated: 59,088
[00:00:02:26:032] Path of length 39 found: [0, 9, 18, 27, 28, 37, 46, 45, 54, 63, 64, 65, 56, 57, 58, 59, 50, 41, 32, 23, 22, 21, 20, 11, 2, 3, 4, 5, 6, 7, 16, 25, 34, 35, 44, 53, 52, 61, 70, 71]
[00:00:02:26:691] ! Bidirectional. expansions: 27,238, time: 146,032 [ms], path length: 39 [edges], g_F: 20, g_B: 19, generated: 0, MM: 1, MMPER: 1.5%

[00:00:02:26:691] average expansions: (20,095, 20,317, 17,451, 0)
[00:00:02:26:691] average time: (101,993, 101,779, 98,810, 0)
[00:00:02:26:691] XDFBnB: 20,095 , 101,779 (expansions , time[ms])
[00:00:02:26:691] BiXDFBnB: 17,451 , 98,810 (expansions , time[ms])

