------------------------------------
Thu 01 Oct 2026 17:41:51 IDT
SLURM_JOBID:		21953713
SLURM_JOB_NODELIST:	ise-cpu256-10
SLURM_SCRATCH_DIR:	/scratch/shubit/21953713
Allocated Resouces:	cpu - 2 / mem - 61440 MB / gpu - 
SLURM_GPU_INDEX:	
Running as shubit from shimony account with normal QOS
------------------------------------
Thu 01 Oct 2026 17:41:51 IDT

SLURM_JOBID:		 21953713
SLURM_JOB_NODELIST:	 ise-cpu256-10 

--------------------------
date: SM_Grids
number_of_graphs: 10
graph_type: grid
size_of_graphs: [8, 8]
heuristic: bcc_heuristic
snake: True
run_uni: True
run_bi: True
run_multi: False
solution_vertices: []
algorithms: ['XMM']
lookahead: 4
bsd: False
cube_first_dims: 4
cube_buffer_dim: None
backward_sym_generation: False
sym_coil: False
prefix_set: None

---------- SM_Grids/8x8_grid_with_random_blocks_20per_0 ----------
[00:00:00:01:038] Path of length 20 found: [0, 1, 2, 3, 4, 5, 6, 7, 15, 23, 31, 39, 38, 37, 36, 44, 52, 53, 61, 62, 63]
[00:00:00:01:039] ! Unidirectional s-t. expansions: 55, time: 1,039 [ms], path length: 20 [edges], generated: 901
[00:00:00:02:106] Path of length 20 found: [63, 62, 61, 53, 52, 44, 36, 37, 38, 30, 31, 23, 15, 7, 6, 5, 4, 3, 2, 1, 0]
[00:00:00:02:107] ! Unidirectional t-s. expansions: 623, time: 2,107 [ms], path length: 20 [edges], generated: 2,732
[00:00:00:00:097] Expansion 15: New longest path found with length 14: [0, 1, 2, 3, 4, 12, 20, 28, 36, 44, 52, 53, 61, 62, 63]. g_current=7, g_opposite=7, f_max=35, generated=26
[00:00:00:00:209] Expansion 24: New longest path found with length 20: [0, 1, 2, 3, 4, 5, 6, 14, 15, 23, 31, 39, 38, 37, 36, 44, 52, 53, 61, 62, 63]. g_current=13, g_opposite=7, f_max=35, generated=40
[00:00:00:01:081] Path of length 20 found: [0, 1, 2, 3, 4, 5, 6, 14, 15, 23, 31, 39, 38, 37, 36, 44, 52, 53, 61, 62, 63]
[00:00:00:01:707] ! Bidirectional. expansions: 219, time: 1,081 [ms], path length: 20 [edges], g_F: 13, g_B: 7, generated: 398, MM: 6, MMPER: 27.571428571428573%
[00:00:00:01:707] 
---------- SM_Grids/8x8_grid_with_random_blocks_20per_1 ----------
[00:00:00:00:780] Path of length 24 found: [0, 1, 2, 10, 18, 17, 25, 33, 41, 49, 50, 51, 43, 35, 27, 28, 29, 30, 31, 39, 47, 46, 54, 62, 63]
[00:00:00:00:780] ! Unidirectional s-t. expansions: 21, time: 780 [ms], path length: 24 [edges], generated: 514
[00:00:00:01:345] Path of length 24 found: [63, 62, 54, 46, 47, 39, 31, 30, 29, 21, 20, 19, 27, 35, 43, 51, 50, 49, 41, 33, 25, 17, 9, 1, 0]
[00:00:00:01:346] ! Unidirectional t-s. expansions: 58, time: 1,345 [ms], path length: 24 [edges], generated: 1,140
[00:00:00:00:293] Expansion 39: New longest path found with length 16: [0, 1, 2, 3, 11, 19, 20, 21, 29, 30, 31, 39, 47, 46, 54, 62, 63]. g_current=4, g_opposite=12, f_max=33, generated=59
[00:00:00:00:337] Expansion 46: New longest path found with length 18: [0, 8, 16, 24, 25, 26, 27, 19, 20, 21, 29, 30, 31, 39, 47, 46, 54, 62, 63]. g_current=12, g_opposite=6, f_max=31, generated=76
[00:00:00:00:721] Expansion 117: New longest path found with length 20: [0, 1, 2, 10, 18, 17, 25, 33, 34, 35, 27, 28, 29, 30, 31, 39, 47, 46, 54, 62, 63]. g_current=7, g_opposite=13, f_max=29, generated=228
[00:00:00:00:727] Expansion 118: New longest path found with length 22: [0, 1, 2, 10, 18, 17, 25, 33, 41, 42, 43, 35, 27, 28, 29, 30, 31, 39, 47, 46, 54, 62, 63]. g_current=8, g_opposite=14, f_max=29, generated=230
[00:00:00:00:796] Expansion 129: New longest path found with length 24: [0, 1, 2, 10, 18, 17, 25, 33, 41, 49, 50, 51, 43, 35, 27, 28, 29, 30, 31, 39, 47, 46, 54, 62, 63]. g_current=15, g_opposite=9, f_max=29, generated=255
[00:00:00:01:484] Path of length 24 found: [0, 1, 2, 10, 18, 17, 25, 33, 41, 49, 50, 51, 43, 35, 27, 28, 29, 30, 31, 39, 47, 46, 54, 62, 63]
[00:00:00:02:011] ! Bidirectional. expansions: 233, time: 1,484 [ms], path length: 24 [edges], g_F: 9, g_B: 15, generated: 482, MM: 6, MMPER: 23.0%
[00:00:00:02:011] 
---------- SM_Grids/8x8_grid_with_random_blocks_20per_2 ----------
[00:00:00:01:170] Path of length 34 found: [0, 8, 16, 17, 18, 19, 20, 12, 4, 5, 6, 14, 15, 23, 31, 39, 47, 46, 45, 37, 36, 35, 34, 33, 41, 40, 48, 56, 57, 58, 59, 60, 61, 62, 63]
[00:00:00:01:170] ! Unidirectional s-t. expansions: 74, time: 1,170 [ms], path length: 34 [edges], generated: 961
[00:00:00:00:666] Path of length 34 found: [63, 62, 61, 60, 59, 58, 57, 56, 48, 40, 41, 33, 34, 26, 18, 19, 20, 28, 36, 37, 45, 46, 47, 39, 31, 23, 15, 14, 6, 5, 4, 3, 2, 1, 0]
[00:00:00:00:667] ! Unidirectional t-s. expansions: 56, time: 666 [ms], path length: 34 [edges], generated: 609
[00:00:00:00:227] Expansion 28: New longest path found with length 18: [0, 8, 16, 17, 18, 26, 34, 33, 41, 40, 48, 56, 57, 58, 59, 60, 61, 62, 63]. g_current=3, g_opposite=15, f_max=39, generated=42
[00:00:00:00:404] Expansion 71: New longest path found with length 22: [0, 8, 16, 17, 18, 19, 20, 28, 36, 35, 34, 33, 41, 40, 48, 56, 57, 58, 59, 60, 61, 62, 63]. g_current=6, g_opposite=16, f_max=37, generated=104
[00:00:00:00:716] Expansion 147: New longest path found with length 30: [0, 1, 2, 3, 4, 5, 6, 14, 15, 23, 31, 39, 47, 46, 45, 37, 36, 35, 34, 33, 41, 40, 48, 56, 57, 58, 59, 60, 61, 62, 63]. g_current=11, g_opposite=19, f_max=36, generated=223
[00:00:00:00:796] Expansion 161: New longest path found with length 32: [0, 8, 16, 17, 18, 19, 20, 12, 4, 5, 6, 14, 15, 23, 31, 39, 38, 37, 36, 35, 34, 33, 41, 40, 48, 56, 57, 58, 59, 60, 61, 62, 63]. g_current=17, g_opposite=15, f_max=35, generated=255
[00:00:00:00:881] Expansion 180: New longest path found with length 34: [0, 8, 16, 17, 18, 19, 20, 12, 4, 5, 6, 14, 15, 23, 31, 39, 47, 46, 45, 37, 36, 35, 34, 33, 41, 40, 48, 56, 57, 58, 59, 60, 61, 62, 63]. g_current=15, g_opposite=19, f_max=35, generated=289
[00:00:00:01:478] Path of length 34 found: [0, 8, 16, 17, 18, 19, 20, 12, 4, 5, 6, 14, 15, 23, 31, 39, 47, 46, 45, 37, 36, 35, 34, 33, 41, 40, 48, 56, 57, 58, 59, 60, 61, 62, 63]
[00:00:00:01:992] ! Bidirectional. expansions: 295, time: 1,478 [ms], path length: 34 [edges], g_F: 15, g_B: 19, generated: 466, MM: 4, MMPER: 10.428571428571429%
[00:00:00:01:993] 
---------- SM_Grids/8x8_grid_with_random_blocks_20per_3 ----------
[00:00:00:00:447] Path of length 32 found: [0, 1, 9, 17, 16, 24, 32, 40, 41, 49, 50, 51, 43, 35, 27, 19, 11, 3, 4, 5, 6, 7, 15, 23, 22, 30, 29, 37, 45, 53, 61, 62, 63]
[00:00:00:00:448] ! Unidirectional s-t. expansions: 36, time: 447 [ms], path length: 32 [edges], generated: 373
[00:00:00:01:452] Path of length 32 found: [63, 62, 61, 53, 45, 37, 29, 30, 22, 23, 15, 7, 6, 5, 4, 12, 20, 19, 18, 26, 34, 35, 43, 51, 50, 49, 41, 40, 32, 24, 16, 8, 0]
[00:00:00:01:453] ! Unidirectional t-s. expansions: 203, time: 1,452 [ms], path length: 32 [edges], generated: 1,813
[00:00:00:00:179] Expansion 20: New longest path found with length 14: [0, 8, 16, 24, 32, 40, 41, 49, 50, 51, 52, 60, 61, 62, 63]. g_current=8, g_opposite=6, f_max=39, generated=33
[00:00:00:00:208] Expansion 28: New longest path found with length 16: [0, 1, 9, 17, 16, 24, 32, 40, 41, 49, 50, 51, 52, 60, 61, 62, 63]. g_current=6, g_opposite=10, f_max=38, generated=44
[00:00:00:00:559] Expansion 133: New longest path found with length 32: [0, 1, 9, 17, 16, 24, 32, 40, 41, 49, 50, 51, 43, 35, 27, 19, 20, 12, 4, 5, 6, 7, 15, 23, 22, 30, 29, 37, 45, 53, 61, 62, 63]. g_current=14, g_opposite=18, f_max=35, generated=205
[00:00:00:00:779] Path of length 32 found: [0, 1, 9, 17, 16, 24, 32, 40, 41, 49, 50, 51, 43, 35, 27, 19, 20, 12, 4, 5, 6, 7, 15, 23, 22, 30, 29, 37, 45, 53, 61, 62, 63]
[00:00:00:01:261] ! Bidirectional. expansions: 182, time: 779 [ms], path length: 32 [edges], g_F: 14, g_B: 18, generated: 307, MM: 4, MMPER: 11.121212121212121%
[00:00:00:01:262] 
---------- SM_Grids/8x8_grid_with_random_blocks_20per_4 ----------
[00:00:00:00:405] Path of length 36 found: [0, 8, 9, 10, 2, 3, 4, 5, 6, 7, 15, 23, 22, 21, 20, 19, 27, 26, 25, 24, 32, 40, 48, 49, 57, 58, 59, 51, 43, 44, 36, 37, 38, 46, 54, 62, 63]
[00:00:00:00:406] ! Unidirectional s-t. expansions: 19, time: 406 [ms], path length: 36 [edges], generated: 237
[00:00:00:00:979] Path of length 36 found: [63, 55, 54, 46, 38, 37, 36, 44, 43, 51, 59, 58, 57, 49, 48, 40, 32, 33, 34, 26, 27, 19, 20, 21, 22, 23, 15, 7, 6, 5, 4, 3, 2, 10, 9, 8, 0]
[00:00:00:00:979] ! Unidirectional t-s. expansions: 65, time: 979 [ms], path length: 36 [edges], generated: 865
[00:00:00:00:542] Expansion 111: New longest path found with length 22: [0, 8, 16, 17, 25, 33, 32, 40, 48, 49, 57, 58, 59, 51, 43, 44, 36, 37, 38, 46, 54, 55, 63]. g_current=4, g_opposite=18, f_max=38, generated=159
[00:00:00:00:942] Expansion 214: New longest path found with length 34: [0, 8, 9, 10, 2, 3, 4, 5, 6, 7, 15, 23, 22, 21, 20, 19, 27, 26, 34, 33, 32, 40, 48, 49, 57, 58, 59, 51, 43, 44, 45, 46, 54, 55, 63]. g_current=16, g_opposite=18, f_max=37, generated=327
[00:00:00:01:286] Expansion 297: New longest path found with length 36: [0, 8, 9, 10, 2, 3, 4, 5, 6, 7, 15, 23, 22, 21, 20, 19, 27, 26, 34, 33, 32, 40, 48, 49, 57, 58, 59, 51, 43, 44, 36, 37, 38, 46, 54, 55, 63]. g_current=17, g_opposite=19, f_max=36, generated=472
[00:00:00:01:358] Path of length 36 found: [0, 8, 9, 10, 2, 3, 4, 5, 6, 7, 15, 23, 22, 21, 20, 19, 27, 26, 34, 33, 32, 40, 48, 49, 57, 58, 59, 51, 43, 44, 36, 37, 38, 46, 54, 55, 63]
[00:00:00:01:943] ! Bidirectional. expansions: 297, time: 1,358 [ms], path length: 36 [edges], g_F: 17, g_B: 19, generated: 472, MM: 2, MMPER: 4.405405405405405%
[00:00:00:01:944] 
---------- SM_Grids/8x8_grid_with_random_blocks_20per_5 ----------
[00:00:00:01:798] Path of length 32 found: [0, 8, 9, 17, 25, 24, 32, 40, 48, 49, 57, 58, 59, 51, 43, 35, 36, 28, 20, 12, 13, 14, 22, 23, 31, 39, 38, 46, 45, 53, 61, 62, 63]
[00:00:00:01:798] ! Unidirectional s-t. expansions: 95, time: 1,798 [ms], path length: 32 [edges], generated: 1,421
[00:00:00:03:880] Path of length 32 found: [63, 62, 61, 53, 45, 46, 38, 39, 31, 23, 15, 14, 13, 12, 20, 28, 36, 35, 43, 51, 59, 58, 57, 49, 48, 40, 32, 33, 25, 17, 9, 1, 0]
[00:00:00:03:881] ! Unidirectional t-s. expansions: 207, time: 3,880 [ms], path length: 32 [edges], generated: 3,543
[00:00:00:00:916] Expansion 183: New longest path found with length 30: [0, 8, 9, 17, 25, 24, 32, 40, 48, 49, 57, 58, 59, 51, 52, 53, 45, 37, 29, 28, 20, 12, 13, 14, 15, 23, 31, 39, 47, 55, 63]. g_current=12, g_opposite=18, f_max=36, generated=295
[00:00:00:01:065] Expansion 211: New longest path found with length 32: [0, 8, 9, 17, 25, 24, 32, 40, 48, 49, 57, 58, 59, 51, 43, 35, 36, 28, 20, 12, 13, 14, 15, 23, 31, 39, 38, 46, 45, 53, 61, 62, 63]. g_current=18, g_opposite=14, f_max=35, generated=344
[00:00:00:02:809] Path of length 32 found: [0, 8, 9, 17, 25, 24, 32, 40, 48, 49, 57, 58, 59, 51, 43, 35, 36, 28, 20, 12, 13, 14, 15, 23, 31, 39, 38, 46, 45, 53, 61, 62, 63]
[00:00:00:03:328] ! Bidirectional. expansions: 527, time: 2,809 [ms], path length: 32 [edges], g_F: 14, g_B: 18, generated: 897, MM: 4, MMPER: 11.121212121212121%
[00:00:00:03:328] 
---------- SM_Grids/8x8_grid_with_random_blocks_20per_6 ----------
[00:00:00:04:297] Path of length 30 found: [0, 8, 16, 17, 18, 26, 27, 28, 20, 12, 4, 5, 6, 14, 15, 23, 31, 39, 38, 37, 45, 44, 43, 42, 50, 58, 59, 60, 61, 62, 63]
[00:00:00:04:298] ! Unidirectional s-t. expansions: 297, time: 4,297 [ms], path length: 30 [edges], generated: 4,281
[00:00:00:00:772] Path of length 30 found: [63, 55, 54, 53, 61, 60, 59, 58, 50, 42, 43, 44, 36, 37, 38, 39, 31, 23, 15, 14, 6, 5, 4, 12, 20, 19, 18, 10, 9, 1, 0]
[00:00:00:00:772] ! Unidirectional t-s. expansions: 45, time: 772 [ms], path length: 30 [edges], generated: 565
[00:00:00:00:331] Expansion 47: New longest path found with length 18: [0, 8, 16, 17, 18, 10, 11, 12, 4, 5, 6, 14, 15, 23, 31, 39, 47, 55, 63]. g_current=6, g_opposite=12, f_max=37, generated=84
[00:00:00:00:350] Expansion 51: New longest path found with length 20: [0, 8, 16, 17, 18, 26, 27, 28, 20, 12, 4, 5, 6, 14, 15, 23, 31, 39, 47, 55, 63]. g_current=7, g_opposite=13, f_max=36, generated=90
[00:00:00:00:912] Expansion 207: New longest path found with length 30: [0, 8, 16, 17, 18, 10, 11, 12, 4, 5, 6, 14, 15, 23, 31, 39, 38, 37, 36, 44, 43, 42, 50, 58, 59, 60, 61, 53, 54, 55, 63]. g_current=13, g_opposite=17, f_max=34, generated=309
[00:00:00:02:725] Path of length 30 found: [0, 8, 16, 17, 18, 10, 11, 12, 4, 5, 6, 14, 15, 23, 31, 39, 38, 37, 36, 44, 43, 42, 50, 58, 59, 60, 61, 53, 54, 55, 63]
[00:00:00:03:262] ! Bidirectional. expansions: 621, time: 2,725 [ms], path length: 30 [edges], g_F: 17, g_B: 13, generated: 931, MM: 4, MMPER: 11.903225806451612%
[00:00:00:03:262] 
---------- SM_Grids/8x8_grid_with_random_blocks_20per_7 ----------
[00:00:00:01:301] Path of length 28 found: [0, 1, 9, 17, 16, 24, 32, 40, 41, 42, 34, 35, 36, 28, 20, 19, 11, 3, 4, 5, 6, 14, 15, 23, 31, 39, 47, 55, 63]
[00:00:00:01:302] ! Unidirectional s-t. expansions: 67, time: 1,302 [ms], path length: 28 [edges], generated: 991
[00:00:00:00:542] Path of length 28 found: [63, 55, 47, 39, 31, 23, 15, 7, 6, 5, 4, 3, 11, 19, 20, 28, 36, 35, 34, 42, 41, 40, 32, 24, 16, 17, 9, 1, 0]
[00:00:00:00:542] ! Unidirectional t-s. expansions: 27, time: 542 [ms], path length: 28 [edges], generated: 403
[00:00:00:00:151] Expansion 25: New longest path found with length 14: [0, 1, 2, 3, 4, 5, 6, 7, 15, 23, 31, 39, 47, 55, 63]. g_current=9, g_opposite=5, f_max=34, generated=40
[00:00:00:00:397] Expansion 75: New longest path found with length 18: [0, 1, 9, 17, 18, 19, 11, 3, 4, 5, 6, 7, 15, 23, 31, 39, 47, 55, 63]. g_current=13, g_opposite=5, f_max=31, generated=125
[00:00:00:00:574] Expansion 91: New longest path found with length 26: [0, 1, 9, 17, 16, 24, 32, 40, 41, 42, 34, 35, 36, 28, 20, 12, 4, 5, 6, 7, 15, 23, 31, 39, 47, 55, 63]. g_current=11, g_opposite=15, f_max=31, generated=156
[00:00:00:00:579] Expansion 92: New longest path found with length 28: [0, 1, 9, 17, 16, 24, 32, 40, 41, 42, 34, 35, 36, 28, 20, 19, 11, 3, 4, 5, 6, 7, 15, 23, 31, 39, 47, 55, 63]. g_current=12, g_opposite=16, f_max=31, generated=158
[00:00:00:01:156] Path of length 28 found: [0, 1, 9, 17, 16, 24, 32, 40, 41, 42, 34, 35, 36, 28, 20, 19, 11, 3, 4, 5, 6, 7, 15, 23, 31, 39, 47, 55, 63]
[00:00:00:01:689] ! Bidirectional. expansions: 199, time: 1,157 [ms], path length: 28 [edges], g_F: 12, g_B: 16, generated: 360, MM: 4, MMPER: 12.793103448275861%
[00:00:00:01:689] 
---------- SM_Grids/8x8_grid_with_random_blocks_20per_8 ----------
[00:00:00:00:877] Path of length 24 found: [0, 8, 9, 10, 2, 3, 4, 5, 6, 7, 15, 23, 22, 21, 20, 19, 27, 35, 36, 44, 52, 60, 61, 62, 63]
[00:00:00:00:878] ! Unidirectional s-t. expansions: 67, time: 877 [ms], path length: 24 [edges], generated: 737
[00:00:00:02:430] Path of length 24 found: [63, 55, 47, 46, 45, 44, 36, 35, 27, 19, 20, 21, 22, 23, 15, 7, 6, 5, 4, 3, 2, 10, 9, 8, 0]
[00:00:00:02:431] ! Unidirectional t-s. expansions: 487, time: 2,430 [ms], path length: 24 [edges], generated: 2,414
[00:00:00:00:316] Expansion 48: New longest path found with length 22: [0, 8, 9, 10, 2, 3, 4, 5, 6, 7, 15, 23, 22, 21, 20, 28, 36, 44, 45, 46, 47, 55, 63]. g_current=16, g_opposite=6, f_max=32, generated=77
[00:00:00:00:484] Expansion 86: New longest path found with length 24: [0, 8, 9, 10, 2, 3, 4, 5, 6, 7, 15, 23, 22, 21, 20, 19, 27, 35, 36, 44, 45, 46, 47, 55, 63]. g_current=8, g_opposite=16, f_max=30, generated=138
[00:00:00:01:431] Path of length 24 found: [0, 8, 9, 10, 2, 3, 4, 5, 6, 7, 15, 23, 22, 21, 20, 19, 27, 35, 36, 44, 45, 46, 47, 55, 63]
[00:00:00:01:922] ! Bidirectional. expansions: 272, time: 1,431 [ms], path length: 24 [edges], g_F: 16, g_B: 8, generated: 477, MM: 8, MMPER: 31.0%
[00:00:00:01:923] 
---------- SM_Grids/8x8_grid_with_random_blocks_20per_9 ----------
[00:00:00:01:370] Path of length 22 found: [0, 8, 9, 17, 18, 26, 34, 35, 36, 28, 29, 21, 13, 5, 6, 7, 15, 23, 31, 39, 47, 55, 63]
[00:00:00:01:371] ! Unidirectional s-t. expansions: 116, time: 1,370 [ms], path length: 22 [edges], generated: 1,343
[00:00:00:00:359] Path of length 22 found: [63, 55, 47, 39, 31, 23, 15, 7, 6, 5, 13, 21, 29, 28, 36, 35, 34, 26, 18, 10, 2, 1, 0]
[00:00:00:00:359] ! Unidirectional t-s. expansions: 21, time: 359 [ms], path length: 22 [edges], generated: 282
[00:00:00:00:369] Expansion 61: New longest path found with length 14: [0, 8, 9, 17, 18, 26, 34, 35, 36, 37, 45, 53, 54, 55, 63]. g_current=8, g_opposite=6, f_max=26, generated=106
[00:00:00:00:380] Expansion 63: New longest path found with length 16: [0, 8, 9, 17, 18, 26, 34, 35, 36, 28, 29, 30, 31, 39, 47, 55, 63]. g_current=10, g_opposite=6, f_max=26, generated=110
[00:00:00:00:583] Expansion 102: New longest path found with length 22: [0, 8, 9, 17, 18, 26, 34, 35, 36, 28, 29, 21, 13, 5, 6, 7, 15, 23, 31, 39, 47, 55, 63]. g_current=11, g_opposite=11, f_max=26, generated=195
[00:00:00:01:166] Path of length 22 found: [0, 8, 9, 17, 18, 26, 34, 35, 36, 28, 29, 21, 13, 5, 6, 7, 15, 23, 31, 39, 47, 55, 63]
[00:00:00:01:745] ! Bidirectional. expansions: 196, time: 1,166 [ms], path length: 22 [edges], g_F: 11, g_B: 11, generated: 402, MM: 0, MMPER: -1.0%

[00:00:00:01:745] average expansions: (85, 179, 304, 0)
[00:00:00:01:745] average time: (1,349, 1,453, 1,547, 0)
[00:00:00:01:746] XA*: 85 , 1,349 (expansions , time[ms])
[00:00:00:01:746] XMM: 304 , 1,547 (expansions , time[ms])

