------------------------------------
Thu 01 Oct 2026 11:14:15 IDT
SLURM_JOBID:		21943042
SLURM_JOB_NODELIST:	ise-cpu256-27
SLURM_SCRATCH_DIR:	/scratch/shubit/21943042
Allocated Resouces:	cpu - 2 / mem - 61440 MB / gpu - 
SLURM_GPU_INDEX:	
Running as shubit from shimony account with normal QOS
------------------------------------
Thu 01 Oct 2026 11:14:15 IDT

SLURM_JOBID:		 21943042
SLURM_JOB_NODELIST:	 ise-cpu256-27 

--------------------------
date: SM_Grids
number_of_graphs: 10
graph_type: grid
size_of_graphs: [8, 9]
heuristic: bcc_heuristic
snake: True
run_uni: True
run_bi: True
run_multi: False
solution_vertices: []
algorithms: ['A']
lookahead: -1
bsd: False
cube_first_dims: 4
cube_buffer_dim: None
backward_sym_generation: False
sym_coil: False
prefix_set: None

---------- SM_Grids/8x9_grid_with_random_blocks_8per_0 ----------
[00:00:00:25:736] Path of length 43 found: [0, 1, 2, 11, 20, 19, 18, 27, 36, 45, 54, 63, 64, 65, 56, 47, 38, 39, 30, 31, 22, 13, 4, 5, 6, 7, 8, 17, 26, 25, 24, 33, 42, 41, 50, 49, 58, 67, 68, 69, 60, 61, 62, 71]
[00:00:00:25:736] ! Unidirectional s-t. expansions: 5,208, time: 25,736 [ms], path length: 43 [edges], generated: 8,385
[00:00:00:15:537] Path of length 43 found: [71, 62, 61, 60, 69, 68, 67, 58, 49, 50, 41, 42, 43, 34, 25, 26, 17, 8, 7, 6, 5, 14, 23, 22, 31, 30, 39, 38, 47, 56, 65, 64, 63, 54, 45, 36, 27, 18, 19, 20, 11, 2, 1, 0]
[00:00:00:15:537] ! Unidirectional t-s. expansions: 2,796, time: 15,537 [ms], path length: 43 [edges], generated: 4,797
[00:00:00:17:402] Path of length 43 found: [0, 1, 2, 11, 20, 19, 18, 27, 36, 45, 54, 63, 64, 65, 56, 47, 38, 39, 30, 31, 22, 13, 4, 5, 6, 7, 8, 17, 26, 25, 34, 43, 42, 41, 50, 49, 58, 67, 68, 69, 60, 61, 62, 71]
[00:00:00:17:896] ! Bidirectional. expansions: 3,172, time: 17,402 [ms], path length: 43 [edges], g_F: 22, g_B: 21, generated: 0, MM: 1, MMPER: 1.272727272727273%
[00:00:00:17:896] 
---------- SM_Grids/8x9_grid_with_random_blocks_8per_1 ----------
[00:00:00:48:270] Expansion 10,000: state None, f=44, g=20
[00:00:01:02:596] Path of length 43 found: [0, 1, 2, 11, 20, 19, 18, 27, 36, 45, 54, 63, 64, 65, 56, 47, 38, 39, 30, 31, 22, 13, 4, 5, 6, 7, 8, 17, 26, 25, 24, 33, 42, 41, 50, 49, 58, 67, 68, 69, 60, 61, 62, 71]
[00:00:01:02:596] ! Unidirectional s-t. expansions: 12,760, time: 62,596 [ms], path length: 43 [edges], generated: 21,075
[00:00:00:42:391] Path of length 43 found: [71, 62, 61, 60, 69, 68, 67, 58, 49, 50, 41, 42, 43, 44, 35, 26, 17, 8, 7, 6, 15, 24, 23, 22, 31, 30, 39, 38, 47, 56, 65, 64, 63, 54, 45, 36, 27, 18, 19, 20, 11, 2, 1, 0]
[00:00:00:42:391] ! Unidirectional t-s. expansions: 7,660, time: 42,391 [ms], path length: 43 [edges], generated: 13,643
[00:00:00:35:326] Path of length 43 found: [0, 9, 18, 27, 36, 45, 54, 63, 64, 65, 56, 47, 38, 39, 30, 21, 20, 11, 2, 3, 4, 13, 14, 15, 6, 7, 8, 17, 26, 35, 44, 43, 42, 41, 50, 49, 58, 67, 68, 69, 60, 61, 62, 71]
[00:00:00:35:799] ! Bidirectional. expansions: 7,922, time: 35,326 [ms], path length: 43 [edges], g_F: 22, g_B: 21, generated: 0, MM: 1, MMPER: 1.272727272727273%
[00:00:00:35:799] 
---------- SM_Grids/8x9_grid_with_random_blocks_8per_2 ----------
[00:00:00:45:782] Path of length 37 found: [0, 1, 2, 11, 20, 19, 18, 27, 36, 37, 38, 47, 56, 57, 58, 49, 40, 41, 42, 33, 24, 23, 22, 13, 4, 5, 6, 7, 16, 17, 26, 35, 44, 53, 52, 61, 70, 71]
[00:00:00:45:783] ! Unidirectional s-t. expansions: 7,627, time: 45,782 [ms], path length: 37 [edges], generated: 15,277
[00:00:00:55:217] Expansion 10,000: state None, f=38, g=11
[00:00:01:00:752] Path of length 37 found: [71, 70, 61, 52, 53, 44, 35, 26, 17, 8, 7, 6, 15, 24, 33, 42, 41, 50, 49, 58, 57, 56, 47, 38, 39, 30, 31, 22, 13, 4, 3, 2, 11, 20, 19, 18, 9, 0]
[00:00:01:00:752] ! Unidirectional t-s. expansions: 10,885, time: 60,752 [ms], path length: 37 [edges], generated: 20,139
[00:00:01:02:762] Path of length 37 found: [0, 1, 2, 11, 20, 19, 18, 27, 36, 37, 38, 47, 56, 57, 58, 49, 40, 41, 32, 23, 22, 13, 4, 5, 6, 7, 8, 17, 26, 35, 44, 53, 52, 51, 60, 69, 70, 71]
[00:00:01:03:231] ! Bidirectional. expansions: 11,944, time: 62,762 [ms], path length: 37 [edges], g_F: 19, g_B: 18, generated: 0, MM: 1, MMPER: 1.6315789473684212%
[00:00:01:03:231] 
---------- SM_Grids/8x9_grid_with_random_blocks_8per_3 ----------
[00:00:00:36:125] Path of length 41 found: [0, 1, 2, 3, 12, 13, 14, 5, 6, 7, 16, 25, 24, 33, 32, 31, 40, 49, 48, 47, 38, 29, 20, 19, 18, 27, 36, 45, 54, 63, 64, 65, 66, 67, 68, 59, 60, 51, 52, 53, 62, 71]
[00:00:00:36:126] ! Unidirectional s-t. expansions: 6,865, time: 36,125 [ms], path length: 41 [edges], generated: 11,862
[00:00:00:35:986] Path of length 41 found: [71, 62, 53, 52, 51, 60, 59, 68, 67, 66, 65, 64, 63, 54, 45, 36, 27, 18, 19, 20, 29, 38, 47, 48, 49, 40, 41, 32, 33, 24, 25, 16, 7, 6, 5, 14, 13, 12, 3, 2, 1, 0]
[00:00:00:35:986] ! Unidirectional t-s. expansions: 6,472, time: 35,986 [ms], path length: 41 [edges], generated: 11,614
[00:00:00:30:964] Path of length 41 found: [0, 1, 2, 3, 12, 13, 14, 5, 6, 7, 16, 25, 24, 33, 32, 41, 40, 49, 48, 47, 38, 29, 20, 19, 18, 27, 36, 45, 54, 55, 64, 65, 66, 67, 68, 59, 60, 51, 52, 53, 62, 71]
[00:00:00:31:417] ! Bidirectional. expansions: 5,720, time: 30,964 [ms], path length: 41 [edges], g_F: 21, g_B: 20, generated: 0, MM: 1, MMPER: 1.380952380952381%
[00:00:00:31:417] 
---------- SM_Grids/8x9_grid_with_random_blocks_8per_4 ----------
[00:00:00:55:773] Expansion 10,000: state None, f=41, g=21
[00:00:01:42:897] Expansion 20,000: state None, f=40, g=26
[00:00:02:09:185] Path of length 39 found: [0, 9, 18, 19, 28, 29, 38, 47, 46, 45, 54, 63, 64, 65, 66, 57, 58, 49, 50, 41, 32, 31, 22, 21, 12, 3, 4, 5, 14, 15, 16, 17, 26, 35, 34, 43, 52, 61, 70, 71]
[00:00:02:09:186] ! Unidirectional s-t. expansions: 24,928, time: 129,185 [ms], path length: 39 [edges], generated: 46,869
[00:00:00:53:725] Expansion 10,000: state None, f=41, g=20
[00:00:01:38:218] Expansion 20,000: state None, f=40, g=29
[00:00:01:50:733] Path of length 39 found: [71, 70, 69, 60, 59, 58, 49, 48, 47, 56, 65, 64, 63, 54, 45, 36, 37, 28, 29, 20, 21, 22, 31, 32, 41, 42, 43, 34, 35, 26, 17, 16, 15, 14, 5, 4, 3, 2, 1, 0]
[00:00:01:50:733] ! Unidirectional t-s. expansions: 22,172, time: 110,733 [ms], path length: 39 [edges], generated: 41,379
[00:00:01:27:139] Path of length 39 found: [0, 9, 18, 19, 28, 29, 38, 47, 46, 45, 54, 63, 64, 65, 66, 57, 58, 49, 40, 31, 22, 21, 12, 3, 4, 5, 14, 15, 16, 17, 26, 35, 34, 43, 52, 51, 60, 69, 70, 71]
[00:00:01:27:581] ! Bidirectional. expansions: 19,323, time: 87,139 [ms], path length: 39 [edges], g_F: 20, g_B: 19, generated: 0, MM: 1, MMPER: 1.5%
[00:00:01:27:581] 
---------- SM_Grids/8x9_grid_with_random_blocks_8per_5 ----------
[00:00:00:26:205] Path of length 43 found: [0, 9, 18, 19, 20, 11, 2, 3, 4, 5, 6, 7, 16, 17, 26, 35, 44, 43, 42, 33, 24, 23, 22, 31, 40, 49, 48, 47, 38, 37, 36, 45, 54, 63, 64, 65, 66, 67, 68, 59, 60, 61, 70, 71]
[00:00:00:26:205] ! Unidirectional s-t. expansions: 4,994, time: 26,205 [ms], path length: 43 [edges], generated: 8,555
[00:00:00:25:600] Path of length 43 found: [71, 70, 61, 60, 59, 68, 67, 66, 65, 64, 55, 54, 45, 36, 37, 38, 47, 48, 49, 40, 31, 22, 23, 24, 33, 42, 43, 44, 35, 26, 17, 8, 7, 6, 5, 4, 3, 2, 11, 20, 19, 18, 9, 0]
[00:00:00:25:600] ! Unidirectional t-s. expansions: 5,516, time: 25,600 [ms], path length: 43 [edges], generated: 9,384
[00:00:00:17:861] Path of length 43 found: [0, 9, 18, 19, 20, 11, 2, 3, 4, 5, 6, 7, 16, 17, 26, 35, 44, 43, 42, 33, 24, 23, 22, 31, 40, 49, 48, 47, 38, 37, 36, 45, 54, 55, 64, 65, 66, 67, 68, 59, 60, 61, 70, 71]
[00:00:00:18:298] ! Bidirectional. expansions: 3,711, time: 17,861 [ms], path length: 43 [edges], g_F: 22, g_B: 21, generated: 0, MM: 1, MMPER: 1.272727272727273%
[00:00:00:18:298] 
---------- SM_Grids/8x9_grid_with_random_blocks_8per_6 ----------
[00:00:00:52:236] Expansion 10,000: state None, f=40, g=19
[00:00:01:05:829] Path of length 39 found: [0, 1, 2, 3, 12, 13, 14, 5, 6, 7, 16, 25, 24, 33, 32, 41, 40, 39, 30, 29, 20, 19, 18, 27, 36, 37, 46, 55, 64, 65, 66, 57, 58, 59, 60, 51, 52, 53, 62, 71]
[00:00:01:05:829] ! Unidirectional s-t. expansions: 12,548, time: 65,829 [ms], path length: 39 [edges], generated: 23,545
[00:00:00:52:024] Expansion 10,000: state None, f=40, g=23
[00:00:01:11:452] Path of length 39 found: [71, 70, 69, 60, 51, 52, 53, 44, 35, 34, 25, 16, 7, 6, 5, 14, 23, 22, 31, 30, 39, 48, 49, 58, 67, 66, 65, 64, 55, 46, 37, 36, 27, 18, 19, 20, 11, 2, 1, 0]
[00:00:01:11:452] ! Unidirectional t-s. expansions: 13,688, time: 71,452 [ms], path length: 39 [edges], generated: 25,986
[00:00:01:25:674] Path of length 39 found: [0, 1, 2, 11, 20, 19, 18, 27, 36, 37, 46, 55, 64, 65, 66, 57, 58, 49, 40, 41, 32, 23, 22, 13, 4, 5, 6, 7, 16, 25, 34, 35, 44, 53, 52, 51, 60, 69, 70, 71]
[00:00:01:26:135] ! Bidirectional. expansions: 17,354, time: 85,675 [ms], path length: 39 [edges], g_F: 20, g_B: 19, generated: 0, MM: 1, MMPER: 1.5%
[00:00:01:26:135] 
---------- SM_Grids/8x9_grid_with_random_blocks_8per_7 ----------
[00:00:00:47:159] Expansion 10,000: state None, f=42, g=16
[00:00:01:25:521] Expansion 20,000: state None, f=40, g=34
[00:00:02:01:224] Expansion 30,000: state None, f=40, g=24
[00:00:02:10:734] Path of length 39 found: [0, 9, 18, 27, 28, 29, 20, 11, 2, 3, 4, 5, 6, 7, 8, 17, 26, 25, 24, 23, 22, 31, 40, 39, 48, 47, 46, 45, 54, 63, 64, 65, 66, 67, 58, 59, 60, 61, 70, 71]
[00:00:02:10:735] ! Unidirectional s-t. expansions: 31,802, time: 130,734 [ms], path length: 39 [edges], generated: 53,640
[00:00:00:46:979] Expansion 10,000: state None, f=42, g=24
[00:00:01:25:797] Expansion 20,000: state None, f=41, g=28
[00:00:02:03:215] Expansion 30,000: state None, f=40, g=34
[00:00:02:41:295] Expansion 40,000: state None, f=40, g=18
[00:00:02:53:260] Path of length 39 found: [71, 62, 61, 52, 43, 44, 35, 26, 17, 8, 7, 6, 5, 4, 13, 22, 23, 32, 41, 50, 59, 58, 67, 66, 65, 64, 63, 54, 45, 46, 47, 48, 39, 30, 29, 28, 27, 18, 9, 0]
[00:00:02:53:261] ! Unidirectional t-s. expansions: 42,330, time: 173,260 [ms], path length: 39 [edges], generated: 71,014
[00:00:02:00:679] Path of length 39 found: [0, 9, 18, 27, 28, 29, 20, 11, 2, 3, 4, 5, 6, 7, 8, 17, 26, 25, 24, 23, 32, 41, 50, 49, 48, 47, 46, 45, 54, 63, 64, 65, 66, 67, 68, 69, 60, 61, 62, 71]
[00:00:02:01:124] ! Bidirectional. expansions: 31,767, time: 120,679 [ms], path length: 39 [edges], g_F: 20, g_B: 19, generated: 0, MM: 1, MMPER: 1.5%
[00:00:02:01:125] 
---------- SM_Grids/8x9_grid_with_random_blocks_8per_8 ----------
[00:00:00:39:802] Path of length 43 found: [0, 9, 18, 27, 36, 45, 54, 63, 64, 65, 56, 47, 38, 39, 30, 21, 20, 11, 2, 3, 4, 13, 14, 15, 6, 7, 8, 17, 26, 25, 34, 33, 32, 41, 50, 49, 58, 67, 68, 69, 60, 61, 62, 71]
[00:00:00:39:803] ! Unidirectional s-t. expansions: 8,285, time: 39,802 [ms], path length: 43 [edges], generated: 13,617
[00:00:00:42:163] Path of length 43 found: [71, 62, 53, 44, 35, 26, 17, 8, 7, 6, 15, 24, 33, 32, 41, 50, 51, 60, 69, 68, 67, 58, 57, 56, 65, 64, 63, 54, 45, 36, 37, 38, 29, 30, 21, 22, 13, 4, 3, 2, 11, 10, 9, 0]
[00:00:00:42:164] ! Unidirectional t-s. expansions: 8,598, time: 42,163 [ms], path length: 43 [edges], generated: 14,405
[00:00:00:46:470] Path of length 43 found: [0, 9, 18, 27, 36, 45, 54, 63, 64, 65, 56, 57, 58, 67, 68, 69, 60, 51, 50, 41, 32, 31, 30, 29, 20, 11, 2, 3, 4, 13, 14, 15, 6, 7, 8, 17, 26, 25, 34, 43, 44, 53, 62, 71]
[00:00:00:46:902] ! Bidirectional. expansions: 11,401, time: 46,470 [ms], path length: 43 [edges], g_F: 22, g_B: 21, generated: 0, MM: 1, MMPER: 1.272727272727273%
[00:00:00:46:902] 
---------- SM_Grids/8x9_grid_with_random_blocks_8per_9 ----------
[00:00:00:51:433] Expansion 10,000: state None, f=42, g=17
[00:00:01:35:184] Expansion 20,000: state None, f=41, g=23
[00:00:02:17:554] Expansion 30,000: state None, f=40, g=23
[00:00:02:55:859] Expansion 40,000: state None, f=40, g=26
[00:00:03:15:273] Path of length 39 found: [0, 9, 18, 27, 28, 37, 46, 45, 54, 63, 64, 65, 56, 57, 48, 49, 40, 41, 32, 23, 22, 21, 20, 11, 2, 3, 4, 5, 6, 7, 16, 25, 34, 35, 44, 53, 52, 61, 70, 71]
[00:00:03:15:274] ! Unidirectional s-t. expansions: 44,176, time: 195,273 [ms], path length: 39 [edges], generated: 76,856
[00:00:00:47:793] Expansion 10,000: state None, f=41, g=25
[00:00:01:30:595] Expansion 20,000: state None, f=41, g=10
[00:00:02:11:555] Path of length 39 found: [71, 62, 53, 52, 51, 60, 59, 68, 67, 66, 65, 64, 55, 54, 45, 36, 37, 38, 47, 48, 49, 40, 41, 32, 33, 34, 25, 16, 7, 6, 5, 14, 13, 22, 21, 20, 11, 2, 1, 0]
[00:00:02:11:555] ! Unidirectional t-s. expansions: 29,883, time: 131,555 [ms], path length: 39 [edges], generated: 53,536
[00:00:01:19:191] Path of length 39 found: [0, 9, 18, 27, 28, 37, 46, 45, 54, 63, 64, 65, 66, 67, 68, 59, 50, 49, 40, 31, 30, 21, 20, 11, 2, 3, 4, 5, 6, 7, 16, 25, 34, 35, 44, 53, 52, 61, 70, 71]
[00:00:01:19:617] ! Bidirectional. expansions: 20,355, time: 79,191 [ms], path length: 39 [edges], g_F: 20, g_B: 19, generated: 0, MM: 1, MMPER: 1.5%

[00:00:01:19:617] average expansions: (15,919, 15,000, 13,267, 0)
[00:00:01:19:617] average time: (75,727, 70,943, 58,347, 0)
[00:00:01:19:618] XA*: 15,000 , 70,943 (expansions , time[ms])
[00:00:01:19:618] BiXA*: 13,267 , 58,347 (expansions , time[ms])

