------------------------------------
Thu 01 Oct 2026 14:40:07 IDT
SLURM_JOBID:		21950282
SLURM_JOB_NODELIST:	ise-cpu256-31
SLURM_SCRATCH_DIR:	/scratch/shubit/21950282
Allocated Resouces:	cpu - 2 / mem - 61440 MB / gpu - 
SLURM_GPU_INDEX:	
Running as shubit from shimony account with normal QOS
------------------------------------
Thu 01 Oct 2026 14:40:07 IDT

SLURM_JOBID:		 21950282
SLURM_JOB_NODELIST:	 ise-cpu256-31 

--------------------------
date: SM_Grids
number_of_graphs: 10
graph_type: grid
size_of_graphs: [8, 9]
heuristic: bcc_heuristic
snake: True
run_uni: True
run_bi: True
run_multi: False
solution_vertices: []
algorithms: ['DFBnB']
lookahead: 4
bsd: False
cube_first_dims: 4
cube_buffer_dim: None
backward_sym_generation: False
sym_coil: False
prefix_set: None

---------- SM_Grids/8x9_grid_with_random_blocks_8per_0 ----------
[00:00:00:35:989] Path of length 43 found: [0, 9, 18, 27, 36, 45, 54, 63, 64, 65, 56, 47, 38, 39, 30, 21, 20, 11, 2, 3, 4, 13, 14, 15, 6, 7, 8, 17, 26, 25, 34, 33, 32, 41, 50, 49, 58, 67, 68, 69, 60, 61, 62, 71]
[00:00:00:35:990] ! Unidirectional s-t. expansions: 2,425, time: 35,989 [ms], path length: 43 [edges], generated: 32,897
[00:00:00:34:935] Path of length 43 found: [71, 62, 61, 60, 69, 68, 67, 58, 49, 50, 41, 42, 43, 34, 25, 26, 17, 8, 7, 6, 5, 14, 23, 22, 31, 30, 39, 38, 47, 56, 65, 64, 63, 54, 45, 36, 27, 18, 19, 20, 11, 2, 1, 0]
[00:00:00:34:935] ! Unidirectional t-s. expansions: 1,546, time: 34,935 [ms], path length: 43 [edges], generated: 30,840
[00:00:01:00:111] Path of length 43 found: [0, 1, 2, 11, 20, 19, 18, 27, 36, 45, 54, 63, 64, 65, 56, 47, 38, 39, 30, 31, 22, 13, 4, 5, 6, 7, 8, 17, 26, 25, 34, 43, 42, 41, 50, 49, 58, 67, 68, 69, 60, 61, 62, 71]
[00:00:01:00:664] ! Bidirectional. expansions: 4,366, time: 60,111 [ms], path length: 43 [edges], g_F: 22, g_B: 21, generated: 0, MM: 1, MMPER: 1.272727272727273%
[00:00:01:00:665] 
---------- SM_Grids/8x9_grid_with_random_blocks_8per_1 ----------
[00:00:01:24:823] Path of length 43 found: [0, 9, 18, 27, 36, 45, 54, 63, 64, 65, 56, 47, 38, 29, 20, 11, 2, 3, 4, 5, 6, 7, 16, 17, 26, 35, 44, 43, 42, 33, 24, 23, 22, 31, 40, 49, 58, 67, 68, 69, 60, 61, 62, 71]
[00:00:01:24:823] ! Unidirectional s-t. expansions: 6,221, time: 84,823 [ms], path length: 43 [edges], generated: 76,465
[00:00:01:36:594] Path of length 43 found: [71, 62, 61, 60, 69, 68, 67, 58, 49, 50, 41, 42, 43, 34, 35, 26, 17, 8, 7, 6, 15, 14, 13, 4, 3, 2, 11, 20, 21, 30, 39, 38, 47, 56, 65, 64, 63, 54, 45, 36, 27, 18, 9, 0]
[00:00:01:36:595] ! Unidirectional t-s. expansions: 4,061, time: 96,594 [ms], path length: 43 [edges], generated: 80,061
[00:00:01:07:888] Path of length 43 found: [0, 1, 2, 3, 4, 13, 14, 15, 6, 7, 8, 17, 26, 35, 44, 43, 42, 33, 32, 31, 40, 39, 38, 29, 20, 19, 18, 27, 36, 45, 54, 63, 64, 65, 56, 57, 58, 67, 68, 69, 60, 61, 62, 71]
[00:00:01:08:381] ! Bidirectional. expansions: 5,279, time: 67,888 [ms], path length: 43 [edges], g_F: 22, g_B: 21, generated: 0, MM: 1, MMPER: 1.272727272727273%
[00:00:01:08:381] 
---------- SM_Grids/8x9_grid_with_random_blocks_8per_2 ----------
[00:00:01:40:765] Path of length 37 found: [0, 1, 2, 11, 20, 19, 18, 27, 36, 37, 38, 47, 56, 57, 58, 49, 40, 41, 32, 23, 22, 13, 4, 5, 6, 15, 16, 25, 26, 35, 44, 43, 52, 51, 60, 69, 70, 71]
[00:00:01:40:765] ! Unidirectional s-t. expansions: 3,527, time: 100,765 [ms], path length: 37 [edges], generated: 85,550
[00:00:02:03:072] Path of length 37 found: [71, 70, 61, 52, 53, 44, 35, 26, 17, 8, 7, 6, 5, 4, 13, 22, 23, 24, 33, 42, 41, 50, 49, 58, 57, 56, 47, 38, 37, 36, 27, 18, 19, 20, 11, 2, 1, 0]
[00:00:02:03:073] ! Unidirectional t-s. expansions: 6,534, time: 123,072 [ms], path length: 37 [edges], generated: 108,351
[00:00:02:22:968] Path of length 37 found: [0, 9, 18, 19, 20, 11, 2, 3, 4, 13, 22, 31, 30, 39, 38, 47, 56, 57, 58, 49, 50, 41, 42, 33, 24, 15, 6, 7, 8, 17, 26, 35, 44, 53, 52, 61, 70, 71]
[00:00:02:23:530] ! Bidirectional. expansions: 6,179, time: 142,968 [ms], path length: 37 [edges], g_F: 19, g_B: 18, generated: 0, MM: 1, MMPER: 1.6315789473684212%
[00:00:02:23:530] 
---------- SM_Grids/8x9_grid_with_random_blocks_8per_3 ----------
[00:00:00:58:036] Path of length 41 found: [0, 1, 2, 3, 12, 13, 14, 5, 6, 7, 16, 25, 24, 33, 32, 31, 40, 49, 48, 47, 38, 29, 20, 19, 18, 27, 36, 45, 54, 63, 64, 65, 66, 67, 68, 59, 60, 51, 52, 53, 62, 71]
[00:00:00:58:036] ! Unidirectional s-t. expansions: 1,528, time: 58,036 [ms], path length: 41 [edges], generated: 35,424
[00:00:01:38:404] Path of length 41 found: [71, 62, 53, 52, 51, 60, 59, 68, 67, 66, 65, 64, 63, 54, 45, 36, 27, 18, 19, 20, 29, 38, 47, 48, 49, 40, 31, 32, 33, 24, 25, 16, 7, 6, 5, 14, 13, 12, 3, 2, 1, 0]
[00:00:01:38:406] ! Unidirectional t-s. expansions: 3,030, time: 98,405 [ms], path length: 41 [edges], generated: 66,784
[00:00:01:50:734] Path of length 41 found: [0, 1, 2, 3, 12, 13, 14, 5, 6, 7, 16, 25, 24, 33, 32, 31, 40, 49, 48, 47, 38, 29, 20, 19, 18, 27, 36, 45, 54, 55, 64, 65, 66, 67, 68, 59, 60, 51, 52, 53, 62, 71]
[00:00:01:51:358] ! Bidirectional. expansions: 4,587, time: 110,734 [ms], path length: 41 [edges], g_F: 21, g_B: 20, generated: 0, MM: 1, MMPER: 1.380952380952381%
[00:00:01:51:358] 
---------- SM_Grids/8x9_grid_with_random_blocks_8per_4 ----------
[00:00:04:06:316] Path of length 39 found: [0, 9, 18, 19, 28, 29, 38, 47, 46, 45, 54, 63, 64, 65, 66, 57, 58, 49, 50, 41, 32, 31, 22, 21, 12, 3, 4, 5, 14, 15, 16, 17, 26, 35, 34, 43, 52, 61, 70, 71]
[00:00:04:06:317] ! Unidirectional s-t. expansions: 8,426, time: 246,316 [ms], path length: 39 [edges], generated: 183,644
[00:00:03:09:111] Path of length 39 found: [71, 70, 61, 52, 43, 34, 35, 26, 17, 16, 15, 14, 5, 4, 3, 12, 21, 22, 31, 32, 41, 50, 59, 58, 67, 66, 65, 64, 63, 54, 45, 46, 47, 38, 29, 28, 19, 10, 1, 0]
[00:00:03:09:112] ! Unidirectional t-s. expansions: 10,077, time: 189,111 [ms], path length: 39 [edges], generated: 154,585
[00:00:02:31:152] Path of length 39 found: [0, 9, 18, 19, 28, 29, 38, 47, 46, 45, 54, 63, 64, 65, 66, 57, 58, 49, 40, 31, 22, 21, 12, 3, 4, 5, 14, 15, 16, 17, 26, 35, 34, 43, 52, 51, 60, 69, 70, 71]
[00:00:02:31:759] ! Bidirectional. expansions: 5,719, time: 151,152 [ms], path length: 39 [edges], g_F: 20, g_B: 19, generated: 0, MM: 1, MMPER: 1.5%
[00:00:02:31:759] 
---------- SM_Grids/8x9_grid_with_random_blocks_8per_5 ----------
[00:00:00:58:281] Path of length 43 found: [0, 9, 18, 19, 20, 11, 2, 3, 4, 5, 6, 7, 16, 17, 26, 35, 44, 43, 42, 33, 24, 23, 22, 31, 40, 49, 48, 47, 38, 37, 36, 45, 54, 63, 64, 65, 66, 67, 68, 59, 60, 61, 70, 71]
[00:00:00:58:282] ! Unidirectional s-t. expansions: 2,326, time: 58,281 [ms], path length: 43 [edges], generated: 40,434
[00:00:01:22:357] Path of length 43 found: [71, 70, 61, 60, 59, 68, 67, 66, 65, 64, 55, 54, 45, 36, 37, 38, 47, 48, 49, 40, 31, 22, 23, 24, 33, 42, 43, 44, 35, 26, 17, 8, 7, 6, 5, 4, 3, 2, 11, 20, 19, 18, 9, 0]
[00:00:01:22:358] ! Unidirectional t-s. expansions: 2,707, time: 82,357 [ms], path length: 43 [edges], generated: 54,836
[00:00:00:33:526] Path of length 43 found: [0, 9, 18, 19, 20, 11, 2, 3, 4, 13, 14, 15, 6, 7, 8, 17, 26, 35, 44, 43, 42, 33, 32, 31, 40, 49, 48, 47, 38, 37, 36, 45, 54, 55, 64, 65, 66, 67, 68, 59, 60, 61, 70, 71]
[00:00:00:34:072] ! Bidirectional. expansions: 1,281, time: 33,526 [ms], path length: 43 [edges], g_F: 22, g_B: 21, generated: 0, MM: 1, MMPER: 1.272727272727273%
[00:00:00:34:072] 
---------- SM_Grids/8x9_grid_with_random_blocks_8per_6 ----------
[00:00:01:52:592] Path of length 39 found: [0, 1, 2, 3, 12, 13, 14, 5, 6, 7, 16, 25, 24, 33, 32, 41, 40, 39, 30, 29, 20, 19, 18, 27, 36, 37, 46, 55, 64, 65, 66, 57, 58, 59, 60, 51, 52, 53, 62, 71]
[00:00:01:52:593] ! Unidirectional s-t. expansions: 4,426, time: 112,592 [ms], path length: 39 [edges], generated: 86,417
[00:00:02:18:352] Path of length 39 found: [71, 70, 69, 60, 51, 52, 53, 44, 35, 34, 25, 16, 7, 6, 5, 14, 23, 22, 31, 30, 39, 48, 49, 58, 67, 66, 65, 56, 55, 46, 37, 36, 27, 18, 19, 20, 11, 2, 1, 0]
[00:00:02:18:353] ! Unidirectional t-s. expansions: 5,322, time: 138,352 [ms], path length: 39 [edges], generated: 108,774
[00:00:03:17:829] Path of length 39 found: [0, 1, 2, 11, 20, 19, 18, 27, 36, 37, 46, 55, 64, 65, 66, 57, 58, 49, 40, 41, 32, 23, 22, 13, 4, 5, 6, 7, 16, 25, 34, 35, 44, 53, 52, 51, 60, 69, 70, 71]
[00:00:03:18:425] ! Bidirectional. expansions: 7,353, time: 197,829 [ms], path length: 39 [edges], g_F: 20, g_B: 19, generated: 0, MM: 1, MMPER: 1.5%
[00:00:03:18:426] 
---------- SM_Grids/8x9_grid_with_random_blocks_8per_7 ----------
[00:00:02:46:402] Path of length 39 found: [0, 9, 18, 27, 28, 29, 20, 11, 2, 3, 4, 5, 6, 7, 8, 17, 26, 25, 24, 23, 22, 31, 40, 39, 48, 47, 46, 45, 54, 63, 64, 65, 66, 67, 58, 59, 60, 69, 70, 71]
[00:00:02:46:403] ! Unidirectional s-t. expansions: 8,315, time: 166,403 [ms], path length: 39 [edges], generated: 129,079
[00:00:03:34:844] Valid states checked so far: 200,000, Expansions: 12,215, Global best: 40
[00:00:03:54:852] Path of length 39 found: [71, 62, 61, 52, 43, 44, 35, 26, 17, 8, 7, 6, 5, 4, 13, 22, 23, 32, 41, 50, 59, 58, 67, 66, 65, 64, 63, 54, 45, 46, 47, 48, 39, 30, 29, 28, 27, 18, 9, 0]
[00:00:03:54:853] ! Unidirectional t-s. expansions: 12,975, time: 234,853 [ms], path length: 39 [edges], generated: 212,902
[00:00:02:39:684] Path of length 39 found: [0, 1, 10, 19, 28, 29, 30, 39, 48, 47, 46, 45, 54, 63, 64, 65, 66, 67, 58, 59, 50, 41, 32, 23, 22, 13, 4, 5, 6, 7, 8, 17, 26, 35, 44, 43, 52, 61, 70, 71]
[00:00:02:40:251] ! Bidirectional. expansions: 8,014, time: 159,684 [ms], path length: 39 [edges], g_F: 20, g_B: 19, generated: 0, MM: 1, MMPER: 1.5%
[00:00:02:40:252] 
---------- SM_Grids/8x9_grid_with_random_blocks_8per_8 ----------
[00:00:00:55:445] Path of length 43 found: [0, 9, 10, 11, 2, 3, 4, 13, 22, 21, 30, 29, 28, 27, 36, 45, 54, 63, 64, 65, 56, 57, 58, 67, 68, 69, 60, 51, 50, 41, 32, 33, 24, 15, 6, 7, 8, 17, 26, 35, 44, 53, 62, 71]
[00:00:00:55:446] ! Unidirectional s-t. expansions: 2,236, time: 55,445 [ms], path length: 43 [edges], generated: 38,071
[00:00:01:09:449] Path of length 43 found: [71, 62, 53, 44, 43, 34, 25, 26, 17, 8, 7, 6, 15, 14, 13, 4, 3, 2, 11, 20, 21, 30, 31, 32, 41, 50, 51, 60, 69, 68, 67, 58, 57, 56, 65, 64, 63, 54, 45, 36, 27, 18, 9, 0]
[00:00:01:09:450] ! Unidirectional t-s. expansions: 2,301, time: 69,449 [ms], path length: 43 [edges], generated: 43,417
[00:00:01:01:569] Path of length 43 found: [0, 1, 2, 3, 4, 13, 14, 15, 6, 7, 8, 17, 26, 25, 34, 33, 32, 31, 30, 21, 20, 19, 18, 27, 36, 45, 54, 63, 64, 65, 56, 47, 48, 49, 58, 67, 68, 69, 60, 51, 52, 53, 62, 71]
[00:00:01:02:115] ! Bidirectional. expansions: 3,299, time: 61,569 [ms], path length: 43 [edges], g_F: 22, g_B: 21, generated: 0, MM: 1, MMPER: 1.272727272727273%
[00:00:01:02:115] 
---------- SM_Grids/8x9_grid_with_random_blocks_8per_9 ----------
[00:00:04:37:520] Valid states checked so far: 200,000, Expansions: 10,807, Global best: 40
[00:00:04:52:874] Path of length 39 found: [0, 9, 18, 19, 28, 37, 36, 45, 54, 63, 64, 65, 56, 47, 48, 49, 58, 59, 60, 51, 42, 41, 32, 31, 30, 21, 12, 3, 4, 5, 14, 15, 24, 25, 34, 35, 44, 53, 62, 71]
[00:00:04:52:875] ! Unidirectional s-t. expansions: 11,412, time: 292,874 [ms], path length: 39 [edges], generated: 210,799
[00:00:02:37:639] Path of length 39 found: [71, 62, 53, 44, 35, 34, 33, 42, 51, 60, 59, 68, 67, 66, 65, 64, 55, 54, 45, 36, 37, 38, 47, 48, 49, 40, 31, 22, 23, 14, 5, 4, 3, 2, 11, 20, 19, 18, 9, 0]
[00:00:02:37:640] ! Unidirectional t-s. expansions: 6,729, time: 157,639 [ms], path length: 39 [edges], generated: 122,101
[00:00:01:54:117] Path of length 39 found: [0, 1, 2, 3, 12, 21, 20, 19, 18, 27, 36, 37, 38, 47, 56, 65, 66, 67, 68, 59, 50, 49, 40, 31, 32, 23, 14, 5, 6, 7, 16, 25, 34, 35, 44, 53, 52, 61, 70, 71]
[00:00:01:54:662] ! Bidirectional. expansions: 5,361, time: 114,117 [ms], path length: 39 [edges], g_F: 20, g_B: 19, generated: 0, MM: 1, MMPER: 1.5%

[00:00:01:54:663] average expansions: (5,084, 5,528, 5,144, 0)
[00:00:01:54:663] average time: (121,152, 122,477, 109,958, 0)
[00:00:01:54:663] XDFBnB: 5,084 , 121,152 (expansions , time[ms])
[00:00:01:54:663] BiXDFBnB: 5,144 , 109,958 (expansions , time[ms])

