------------------------------------
Thu 01 Oct 2026 12:58:49 IDT
SLURM_JOBID:		21944805
SLURM_JOB_NODELIST:	ise-cpu256-08
SLURM_SCRATCH_DIR:	/scratch/shubit/21944805
Allocated Resouces:	cpu - 2 / mem - 61440 MB / gpu - 
SLURM_GPU_INDEX:	
Running as shubit from shimony account with normal QOS
------------------------------------
Thu 01 Oct 2026 12:58:50 IDT

SLURM_JOBID:		 21944805
SLURM_JOB_NODELIST:	 ise-cpu256-08 

--------------------------
date: SM_Grids
number_of_graphs: 10
graph_type: grid
size_of_graphs: [9, 9]
heuristic: bcc_heuristic
snake: True
run_uni: True
run_bi: True
run_multi: False
solution_vertices: []
algorithms: ['IDA']
lookahead: 3
bsd: False
cube_first_dims: 4
cube_buffer_dim: None
backward_sym_generation: False
sym_coil: False
prefix_set: None

---------- SM_Grids/9x9_grid_with_random_blocks_16per_0 ----------
[00:00:01:00:254] Path of length 40 found: [0, 1, 10, 19, 20, 21, 12, 3, 4, 5, 14, 23, 24, 25, 26, 35, 44, 43, 42, 41, 40, 39, 38, 37, 46, 45, 54, 63, 72, 73, 74, 65, 56, 57, 58, 59, 60, 61, 70, 79, 80]
[00:00:01:00:254] ! Unidirectional s-t. expansions: 3,689, time: 60,254 [ms], path length: 40 [edges], generated: 35,088
[00:00:03:04:539] Path of length 40 found: [80, 71, 62, 61, 60, 59, 58, 67, 66, 75, 74, 73, 72, 63, 54, 45, 46, 47, 48, 39, 40, 41, 42, 43, 44, 35, 26, 25, 24, 23, 14, 5, 4, 3, 12, 21, 20, 19, 10, 1, 0]
[00:00:03:04:539] ! Unidirectional t-s. expansions: 13,652, time: 184,539 [ms], path length: 40 [edges], generated: 120,647
[00:00:03:25:183] Path of length 40 found: [0, 1, 10, 19, 28, 37, 46, 45, 54, 63, 72, 73, 74, 65, 56, 57, 58, 59, 50, 41, 40, 39, 30, 21, 12, 3, 4, 5, 14, 23, 24, 25, 26, 35, 44, 53, 62, 61, 70, 79, 80]
[00:00:03:25:846] ! Bidirectional. expansions: 8,082, time: 205,183 [ms], path length: 40 [edges], g_F: 20, g_B: 20, generated: 0, MM: 0, MMPER: -1.0%
[00:00:03:25:846] 
---------- SM_Grids/9x9_grid_with_random_blocks_16per_1 ----------
[00:00:03:35:690] Path of length 34 found: [0, 1, 2, 11, 20, 19, 18, 27, 36, 45, 54, 55, 56, 47, 38, 39, 30, 31, 22, 13, 4, 5, 6, 15, 24, 33, 42, 41, 50, 59, 68, 69, 70, 71, 80]
[00:00:03:35:691] ! Unidirectional s-t. expansions: 18,549, time: 215,690 [ms], path length: 34 [edges], generated: 159,909
[00:00:00:26:546] Path of length 34 found: [80, 71, 62, 53, 44, 43, 42, 51, 50, 49, 48, 47, 56, 55, 54, 45, 36, 37, 28, 29, 30, 31, 32, 23, 24, 15, 6, 5, 4, 13, 12, 11, 2, 1, 0]
[00:00:00:26:546] ! Unidirectional t-s. expansions: 1,340, time: 26,546 [ms], path length: 34 [edges], generated: 15,136
[00:00:04:50:336] Path of length 34 found: [0, 1, 2, 11, 12, 13, 4, 5, 6, 15, 24, 23, 32, 31, 30, 29, 28, 27, 36, 45, 54, 55, 56, 47, 48, 49, 50, 51, 42, 43, 44, 53, 62, 71, 80]
[00:00:04:50:992] ! Bidirectional. expansions: 7,014, time: 290,336 [ms], path length: 34 [edges], g_F: 19, g_B: 15, generated: 0, MM: 4, MMPER: 10.428571428571429%
[00:00:04:50:992] 
---------- SM_Grids/9x9_grid_with_random_blocks_16per_2 ----------
[00:00:01:01:415] Path of length 44 found: [0, 9, 18, 19, 20, 11, 12, 13, 22, 31, 32, 33, 24, 15, 6, 7, 8, 17, 26, 35, 44, 43, 52, 51, 60, 59, 58, 49, 48, 39, 38, 37, 36, 45, 54, 63, 72, 73, 74, 75, 76, 77, 78, 79, 80]
[00:00:01:01:416] ! Unidirectional s-t. expansions: 3,706, time: 61,415 [ms], path length: 44 [edges], generated: 34,747
[00:00:01:08:908] Path of length 44 found: [80, 79, 78, 77, 76, 75, 66, 65, 56, 55, 54, 45, 36, 37, 38, 39, 48, 49, 58, 59, 60, 61, 52, 43, 44, 35, 26, 17, 8, 7, 6, 15, 24, 33, 32, 31, 22, 13, 12, 11, 20, 19, 18, 9, 0]
[00:00:01:08:908] ! Unidirectional t-s. expansions: 4,149, time: 68,908 [ms], path length: 44 [edges], generated: 34,951
[00:00:02:25:727] Path of length 44 found: [0, 9, 18, 19, 20, 11, 12, 13, 22, 31, 32, 33, 24, 15, 6, 7, 8, 17, 26, 35, 44, 43, 52, 51, 60, 59, 58, 49, 48, 39, 38, 37, 36, 45, 54, 55, 56, 65, 66, 75, 76, 77, 78, 79, 80]
[00:00:02:26:417] ! Bidirectional. expansions: 4,754, time: 145,727 [ms], path length: 44 [edges], g_F: 22, g_B: 22, generated: 0, MM: 0, MMPER: -1.0%
[00:00:02:26:417] 
---------- SM_Grids/9x9_grid_with_random_blocks_16per_3 ----------
[00:00:00:17:380] Path of length 42 found: [0, 9, 10, 11, 20, 21, 30, 39, 38, 37, 46, 55, 56, 65, 74, 75, 76, 67, 58, 49, 50, 41, 42, 33, 24, 23, 14, 5, 6, 7, 16, 17, 26, 35, 44, 53, 52, 61, 60, 69, 78, 79, 80]
[00:00:00:17:380] ! Unidirectional s-t. expansions: 768, time: 17,380 [ms], path length: 42 [edges], generated: 9,055
[00:00:00:46:378] Path of length 42 found: [80, 79, 78, 69, 60, 61, 62, 53, 44, 35, 26, 17, 16, 7, 6, 5, 14, 23, 24, 33, 42, 41, 50, 49, 58, 67, 76, 75, 74, 65, 56, 55, 46, 37, 38, 39, 30, 21, 20, 11, 10, 1, 0]
[00:00:00:46:379] ! Unidirectional t-s. expansions: 2,208, time: 46,379 [ms], path length: 42 [edges], generated: 21,790
[00:00:01:44:347] Path of length 42 found: [0, 9, 10, 11, 20, 21, 30, 39, 38, 37, 46, 55, 56, 65, 74, 75, 76, 67, 58, 49, 50, 41, 42, 33, 24, 23, 14, 5, 6, 7, 16, 17, 26, 35, 44, 53, 62, 61, 60, 69, 78, 79, 80]
[00:00:01:45:010] ! Bidirectional. expansions: 3,533, time: 104,347 [ms], path length: 42 [edges], g_F: 25, g_B: 17, generated: 0, MM: 8, MMPER: 17.6046511627907%
[00:00:01:45:010] 
---------- SM_Grids/9x9_grid_with_random_blocks_16per_4 ----------
[00:00:01:23:635] Path of length 44 found: [0, 9, 18, 19, 20, 11, 2, 3, 4, 13, 14, 15, 6, 7, 8, 17, 26, 35, 44, 43, 42, 41, 40, 49, 48, 47, 38, 37, 36, 45, 54, 55, 64, 65, 74, 75, 76, 67, 68, 59, 60, 61, 70, 71, 80]
[00:00:01:23:636] ! Unidirectional s-t. expansions: 5,178, time: 83,635 [ms], path length: 44 [edges], generated: 45,713
[00:00:01:18:179] Path of length 44 found: [80, 71, 62, 61, 60, 69, 78, 77, 76, 67, 66, 65, 56, 55, 46, 45, 36, 27, 18, 19, 20, 29, 38, 39, 48, 49, 50, 41, 42, 43, 44, 35, 26, 17, 8, 7, 6, 15, 14, 13, 4, 3, 2, 1, 0]
[00:00:01:18:179] ! Unidirectional t-s. expansions: 5,092, time: 78,179 [ms], path length: 44 [edges], generated: 44,623
[00:00:02:53:611] Path of length 44 found: [0, 9, 18, 19, 20, 11, 2, 3, 4, 13, 14, 15, 6, 7, 8, 17, 26, 35, 44, 43, 42, 41, 40, 49, 48, 47, 38, 37, 36, 45, 54, 55, 64, 65, 66, 67, 76, 77, 78, 69, 60, 61, 62, 71, 80]
[00:00:02:54:275] ! Bidirectional. expansions: 5,546, time: 173,611 [ms], path length: 44 [edges], g_F: 23, g_B: 21, generated: 0, MM: 2, MMPER: 3.4444444444444446%
[00:00:02:54:276] 
---------- SM_Grids/9x9_grid_with_random_blocks_16per_5 ----------
[00:00:03:40:838] Path of length 40 found: [0, 1, 2, 3, 12, 13, 22, 23, 24, 25, 34, 35, 44, 53, 52, 51, 50, 41, 40, 39, 30, 29, 20, 19, 18, 27, 36, 45, 54, 63, 72, 73, 74, 65, 66, 67, 68, 69, 70, 71, 80]
[00:00:03:40:839] ! Unidirectional s-t. expansions: 13,974, time: 220,838 [ms], path length: 40 [edges], generated: 136,351
[00:00:00:56:972] Path of length 40 found: [80, 71, 70, 69, 68, 67, 66, 65, 74, 73, 72, 63, 54, 45, 36, 27, 18, 19, 20, 29, 38, 47, 48, 49, 50, 51, 52, 53, 44, 35, 26, 25, 24, 23, 22, 13, 4, 3, 2, 1, 0]
[00:00:00:56:973] ! Unidirectional t-s. expansions: 3,661, time: 56,972 [ms], path length: 40 [edges], generated: 32,339
[00:00:01:40:078] Path of length 40 found: [0, 1, 2, 3, 12, 13, 22, 23, 24, 25, 26, 35, 44, 43, 52, 51, 50, 41, 40, 39, 30, 29, 20, 19, 18, 27, 36, 45, 54, 63, 72, 73, 74, 65, 66, 67, 68, 69, 70, 71, 80]
[00:00:01:40:801] ! Bidirectional. expansions: 3,491, time: 100,078 [ms], path length: 40 [edges], g_F: 21, g_B: 19, generated: 0, MM: 2, MMPER: 3.8780487804878048%
[00:00:01:40:802] 
---------- SM_Grids/9x9_grid_with_random_blocks_16per_6 ----------
[00:00:00:20:136] Path of length 46 found: [0, 1, 2, 3, 4, 13, 14, 15, 6, 7, 8, 17, 26, 35, 44, 53, 52, 51, 42, 33, 32, 31, 30, 21, 20, 19, 18, 27, 36, 45, 54, 63, 64, 65, 56, 47, 48, 49, 58, 67, 76, 77, 78, 69, 70, 71, 80]
[00:00:00:20:137] ! Unidirectional s-t. expansions: 1,325, time: 20,137 [ms], path length: 46 [edges], generated: 10,194
[00:00:00:29:497] Path of length 46 found: [80, 71, 70, 69, 78, 77, 76, 67, 58, 49, 48, 47, 56, 65, 64, 63, 54, 45, 36, 27, 18, 19, 20, 21, 30, 31, 32, 41, 42, 51, 52, 53, 44, 35, 26, 17, 8, 7, 6, 15, 14, 13, 4, 3, 2, 1, 0]
[00:00:00:29:498] ! Unidirectional t-s. expansions: 1,844, time: 29,497 [ms], path length: 46 [edges], generated: 15,283
[00:00:01:09:846] Path of length 46 found: [0, 1, 2, 3, 4, 13, 14, 15, 6, 7, 8, 17, 26, 35, 44, 53, 52, 51, 42, 33, 32, 31, 30, 21, 20, 19, 18, 27, 36, 45, 54, 63, 64, 65, 56, 47, 48, 49, 58, 67, 76, 77, 78, 69, 70, 71, 80]
[00:00:01:10:526] ! Bidirectional. expansions: 2,039, time: 69,847 [ms], path length: 46 [edges], g_F: 29, g_B: 17, generated: 0, MM: 12, MMPER: 24.53191489361702%
[00:00:01:10:526] 
---------- SM_Grids/9x9_grid_with_random_blocks_16per_7 ----------
[00:00:01:13:542] Path of length 42 found: [0, 9, 10, 19, 28, 27, 36, 45, 54, 63, 72, 73, 74, 65, 56, 47, 38, 39, 40, 41, 32, 23, 22, 21, 12, 3, 4, 5, 6, 15, 16, 25, 34, 43, 52, 51, 60, 59, 68, 77, 78, 79, 80]
[00:00:01:13:543] ! Unidirectional s-t. expansions: 3,350, time: 73,542 [ms], path length: 42 [edges], generated: 37,793
[00:00:01:36:155] Path of length 42 found: [80, 79, 78, 77, 68, 59, 60, 51, 52, 43, 34, 25, 16, 15, 6, 5, 4, 3, 12, 21, 22, 23, 32, 41, 40, 49, 48, 57, 56, 65, 74, 73, 72, 63, 54, 45, 36, 27, 28, 19, 10, 9, 0]
[00:00:01:36:156] ! Unidirectional t-s. expansions: 4,975, time: 96,156 [ms], path length: 42 [edges], generated: 51,593
[00:00:02:33:135] Path of length 42 found: [0, 9, 10, 11, 2, 3, 4, 5, 6, 15, 16, 25, 34, 43, 52, 51, 50, 41, 32, 23, 22, 21, 30, 29, 28, 27, 36, 45, 54, 63, 72, 73, 74, 65, 56, 57, 58, 67, 68, 77, 78, 79, 80]
[00:00:02:33:819] ! Bidirectional. expansions: 4,096, time: 153,135 [ms], path length: 42 [edges], g_F: 23, g_B: 19, generated: 0, MM: 4, MMPER: 8.30232558139535%
[00:00:02:33:820] 
---------- SM_Grids/9x9_grid_with_random_blocks_16per_8 ----------
[00:00:01:20:273] Path of length 44 found: [0, 9, 10, 19, 28, 27, 36, 45, 54, 63, 72, 73, 74, 65, 56, 47, 38, 39, 40, 41, 32, 23, 22, 13, 4, 5, 6, 7, 8, 17, 26, 35, 44, 53, 52, 61, 60, 59, 58, 67, 76, 77, 78, 79, 80]
[00:00:01:20:274] ! Unidirectional s-t. expansions: 4,682, time: 80,273 [ms], path length: 44 [edges], generated: 39,993
[00:00:00:18:663] Path of length 44 found: [80, 79, 78, 69, 60, 61, 52, 53, 44, 35, 34, 25, 16, 7, 6, 5, 4, 13, 22, 23, 32, 41, 40, 39, 48, 57, 58, 67, 76, 75, 74, 73, 72, 63, 54, 55, 46, 37, 36, 27, 18, 19, 10, 1, 0]
[00:00:00:18:664] ! Unidirectional t-s. expansions: 1,015, time: 18,663 [ms], path length: 44 [edges], generated: 8,665
[00:00:03:19:625] Path of length 44 found: [0, 9, 10, 19, 28, 27, 36, 45, 54, 63, 64, 73, 74, 75, 76, 67, 58, 57, 56, 47, 38, 39, 40, 41, 32, 23, 22, 13, 4, 5, 6, 7, 16, 25, 34, 35, 44, 53, 52, 61, 60, 69, 78, 79, 80]
[00:00:03:20:354] ! Bidirectional. expansions: 7,514, time: 199,625 [ms], path length: 44 [edges], g_F: 26, g_B: 18, generated: 0, MM: 8, MMPER: 16.77777777777778%
[00:00:03:20:354] 
---------- SM_Grids/9x9_grid_with_random_blocks_16per_9 ----------
[00:00:01:20:379] Path of length 40 found: [0, 9, 18, 27, 28, 29, 20, 11, 12, 13, 4, 5, 6, 7, 8, 17, 26, 25, 24, 23, 32, 31, 40, 39, 48, 47, 46, 45, 54, 63, 64, 65, 66, 67, 76, 77, 78, 69, 70, 71, 80]
[00:00:01:20:380] ! Unidirectional s-t. expansions: 6,797, time: 80,379 [ms], path length: 40 [edges], generated: 49,632
[00:00:01:53:866] Path of length 40 found: [80, 71, 70, 61, 60, 59, 68, 67, 66, 65, 64, 63, 54, 45, 46, 47, 48, 49, 40, 41, 32, 33, 34, 25, 26, 17, 8, 7, 6, 5, 4, 13, 22, 21, 30, 29, 28, 19, 10, 1, 0]
[00:00:01:53:867] ! Unidirectional t-s. expansions: 6,653, time: 113,866 [ms], path length: 40 [edges], generated: 63,847
[00:00:02:55:119] Path of length 40 found: [0, 9, 18, 27, 28, 29, 20, 11, 12, 13, 4, 5, 6, 7, 8, 17, 26, 25, 24, 23, 32, 31, 40, 39, 48, 47, 46, 45, 54, 63, 64, 65, 66, 67, 68, 59, 60, 61, 70, 71, 80]
[00:00:02:55:795] ! Bidirectional. expansions: 4,063, time: 175,119 [ms], path length: 40 [edges], g_F: 22, g_B: 18, generated: 0, MM: 4, MMPER: 8.75609756097561%

[00:00:02:55:795] average expansions: (6,202, 4,459, 5,013, 0)
[00:00:02:55:795] average time: (91,354, 71,970, 161,701, 0)
[00:00:02:55:795] XIDA: 4,459 , 71,970 (expansions , time[ms])
[00:00:02:55:795] BiXIDA: 5,013 , 161,701 (expansions , time[ms])

