------------------------------------
Thu 01 Oct 2026 14:51:50 IDT
SLURM_JOBID:		21950305
SLURM_JOB_NODELIST:	ise-cpu256-01
SLURM_SCRATCH_DIR:	/scratch/shubit/21950305
Allocated Resouces:	cpu - 2 / mem - 61440 MB / gpu - 
SLURM_GPU_INDEX:	
Running as shubit from shimony account with normal QOS
------------------------------------
Thu 01 Oct 2026 14:51:50 IDT

SLURM_JOBID:		 21950305
SLURM_JOB_NODELIST:	 ise-cpu256-01 

--------------------------
date: SM_Grids
number_of_graphs: 10
graph_type: grid
size_of_graphs: [9, 9]
heuristic: bcc_heuristic
snake: True
run_uni: True
run_bi: True
run_multi: False
solution_vertices: []
algorithms: ['DFBnB']
lookahead: 3
bsd: False
cube_first_dims: 4
cube_buffer_dim: None
backward_sym_generation: False
sym_coil: False
prefix_set: None

---------- SM_Grids/9x9_grid_with_random_blocks_8per_0 ----------
[00:00:02:15:063] Path of length 48 found: [0, 9, 18, 27, 36, 45, 54, 63, 72, 73, 74, 75, 66, 57, 56, 47, 38, 29, 20, 11, 2, 3, 4, 5, 6, 7, 8, 17, 26, 25, 24, 23, 22, 31, 40, 41, 42, 43, 44, 53, 62, 61, 60, 59, 68, 77, 78, 79, 80]
[00:00:02:15:063] ! Unidirectional s-t. expansions: 8,419, time: 135,063 [ms], path length: 48 [edges], generated: 85,314
[00:00:03:14:358] Path of length 48 found: [80, 71, 62, 53, 44, 35, 26, 17, 8, 7, 6, 5, 4, 13, 22, 23, 24, 33, 42, 41, 50, 59, 60, 69, 78, 77, 76, 75, 74, 73, 72, 63, 54, 55, 56, 57, 48, 39, 38, 37, 36, 27, 18, 19, 20, 11, 2, 1, 0]
[00:00:03:14:359] ! Unidirectional t-s. expansions: 13,471, time: 194,358 [ms], path length: 48 [edges], generated: 130,524
[00:00:10:16:929] Path of length 48 found: [0, 9, 18, 27, 36, 37, 38, 29, 20, 11, 2, 3, 4, 5, 6, 7, 8, 17, 26, 25, 24, 23, 22, 31, 40, 49, 48, 57, 56, 55, 54, 63, 72, 73, 74, 75, 76, 77, 68, 59, 60, 51, 42, 43, 44, 53, 62, 71, 80]
[00:00:10:17:562] ! Bidirectional. expansions: 26,202, time: 616,929 [ms], path length: 48 [edges], g_F: 27, g_B: 21, generated: 0, MM: 6, MMPER: 11.244897959183673%
[00:00:10:17:562] 
---------- SM_Grids/9x9_grid_with_random_blocks_8per_1 ----------
[00:00:02:17:974] Path of length 44 found: [0, 9, 18, 27, 36, 45, 46, 47, 48, 57, 66, 75, 76, 77, 78, 69, 60, 59, 50, 41, 40, 31, 30, 29, 20, 11, 2, 3, 4, 13, 14, 15, 6, 7, 8, 17, 26, 25, 34, 43, 52, 53, 62, 71, 80]
[00:00:02:17:975] ! Unidirectional s-t. expansions: 10,002, time: 137,974 [ms], path length: 44 [edges], generated: 98,851
[00:00:04:17:096] Path of length 44 found: [80, 71, 62, 53, 44, 35, 26, 17, 8, 7, 6, 5, 4, 3, 2, 11, 20, 29, 30, 31, 22, 23, 24, 33, 42, 41, 50, 59, 60, 69, 78, 77, 76, 75, 66, 57, 48, 47, 46, 37, 36, 27, 18, 9, 0]
[00:00:04:17:096] ! Unidirectional t-s. expansions: 18,543, time: 257,096 [ms], path length: 44 [edges], generated: 176,883
[00:00:05:02:052] Path of length 44 found: [0, 9, 18, 27, 36, 45, 46, 47, 48, 57, 66, 75, 76, 77, 68, 69, 60, 51, 50, 41, 32, 31, 30, 29, 20, 11, 2, 3, 4, 13, 14, 15, 6, 7, 8, 17, 26, 25, 34, 43, 44, 53, 62, 71, 80]
[00:00:05:02:597] ! Bidirectional. expansions: 10,728, time: 302,052 [ms], path length: 44 [edges], g_F: 24, g_B: 20, generated: 0, MM: 4, MMPER: 7.888888888888889%
[00:00:05:02:597] 
---------- SM_Grids/9x9_grid_with_random_blocks_8per_2 ----------
[00:00:02:43:284] Path of length 48 found: [0, 9, 18, 27, 36, 37, 38, 39, 48, 57, 56, 55, 54, 63, 72, 73, 74, 75, 76, 67, 68, 59, 50, 51, 42, 33, 32, 31, 22, 21, 20, 11, 2, 3, 4, 5, 6, 7, 16, 25, 26, 35, 44, 53, 62, 61, 70, 79, 80]
[00:00:02:43:284] ! Unidirectional s-t. expansions: 13,498, time: 163,284 [ms], path length: 48 [edges], generated: 116,123
[00:00:02:53:978] Path of length 48 found: [80, 71, 70, 69, 78, 77, 76, 67, 58, 49, 48, 47, 56, 65, 74, 73, 72, 63, 54, 45, 36, 37, 28, 29, 30, 21, 22, 23, 32, 41, 42, 51, 52, 53, 44, 35, 26, 25, 16, 7, 6, 5, 4, 3, 2, 11, 10, 9, 0]
[00:00:02:53:979] ! Unidirectional t-s. expansions: 9,182, time: 173,978 [ms], path length: 48 [edges], generated: 108,503
[00:00:07:23:343] Path of length 48 found: [0, 9, 10, 11, 2, 3, 4, 5, 6, 7, 16, 25, 34, 35, 44, 53, 52, 51, 42, 41, 32, 23, 22, 21, 30, 29, 28, 27, 36, 45, 54, 63, 72, 73, 74, 65, 56, 47, 48, 49, 58, 67, 76, 77, 78, 69, 70, 71, 80]
[00:00:07:23:923] ! Bidirectional. expansions: 16,905, time: 443,343 [ms], path length: 48 [edges], g_F: 24, g_B: 24, generated: 0, MM: 0, MMPER: -1.0%
[00:00:07:23:923] 
---------- SM_Grids/9x9_grid_with_random_blocks_8per_3 ----------
[00:00:04:47:936] Valid states checked so far: 200,000, Expansions: 24,003, Global best: 47
[00:00:08:11:083] Path of length 46 found: [0, 9, 18, 27, 28, 37, 46, 45, 54, 63, 72, 73, 74, 65, 56, 57, 58, 67, 76, 77, 78, 69, 60, 51, 50, 41, 40, 31, 30, 21, 20, 11, 2, 3, 4, 13, 14, 15, 24, 33, 34, 43, 44, 53, 62, 71, 80]
[00:00:08:11:083] ! Unidirectional s-t. expansions: 36,503, time: 491,083 [ms], path length: 46 [edges], generated: 322,547
[00:00:04:54:565] Valid states checked so far: 200,000, Expansions: 20,357, Global best: 47
[00:00:05:45:992] Path of length 46 found: [80, 71, 62, 53, 44, 35, 34, 33, 24, 15, 6, 5, 4, 3, 2, 11, 20, 21, 30, 31, 40, 41, 50, 51, 60, 69, 78, 77, 76, 67, 58, 57, 56, 65, 74, 73, 72, 63, 54, 45, 46, 37, 28, 27, 18, 9, 0]
[00:00:05:45:992] ! Unidirectional t-s. expansions: 23,474, time: 345,992 [ms], path length: 46 [edges], generated: 231,624
[00:00:17:18:495] Path of length 46 found: [0, 9, 18, 27, 28, 37, 46, 45, 54, 63, 72, 73, 74, 65, 56, 57, 58, 67, 76, 77, 78, 69, 60, 51, 50, 41, 40, 39, 30, 21, 20, 11, 2, 3, 4, 5, 6, 15, 24, 33, 34, 35, 44, 53, 62, 71, 80]
[00:00:17:19:096] ! Bidirectional. expansions: 43,606, time: 1,038,496 [ms], path length: 46 [edges], g_F: 26, g_B: 20, generated: 0, MM: 6, MMPER: 11.76595744680851%
[00:00:17:19:096] 
---------- SM_Grids/9x9_grid_with_random_blocks_8per_4 ----------
[00:00:02:21:805] Path of length 48 found: [0, 1, 2, 3, 12, 21, 20, 19, 18, 27, 36, 37, 38, 47, 56, 55, 54, 63, 72, 73, 74, 75, 76, 77, 78, 69, 60, 59, 58, 49, 40, 41, 32, 23, 14, 5, 6, 7, 8, 17, 26, 25, 34, 43, 44, 53, 62, 71, 80]
[00:00:02:21:806] ! Unidirectional s-t. expansions: 7,318, time: 141,805 [ms], path length: 48 [edges], generated: 77,741
[00:00:02:08:032] Path of length 48 found: [80, 71, 62, 53, 44, 43, 34, 25, 26, 17, 8, 7, 6, 5, 14, 23, 32, 41, 50, 51, 60, 69, 78, 77, 76, 75, 74, 73, 72, 63, 54, 55, 56, 57, 48, 39, 38, 37, 36, 27, 18, 19, 20, 21, 12, 3, 2, 1, 0]
[00:00:02:08:033] ! Unidirectional t-s. expansions: 15,859, time: 128,033 [ms], path length: 48 [edges], generated: 88,268
[00:00:03:44:035] Path of length 48 found: [0, 1, 2, 3, 12, 21, 20, 19, 28, 27, 36, 45, 54, 63, 64, 73, 74, 75, 76, 77, 78, 69, 60, 59, 58, 57, 56, 47, 38, 39, 40, 41, 42, 33, 24, 23, 14, 5, 6, 7, 8, 17, 26, 35, 44, 53, 62, 71, 80]
[00:00:03:44:621] ! Bidirectional. expansions: 7,048, time: 224,036 [ms], path length: 48 [edges], g_F: 28, g_B: 20, generated: 0, MM: 8, MMPER: 15.326530612244898%
[00:00:03:44:621] 
---------- SM_Grids/9x9_grid_with_random_blocks_8per_5 ----------
[00:00:01:41:137] Path of length 48 found: [0, 9, 18, 27, 28, 37, 46, 45, 54, 63, 64, 65, 74, 75, 76, 77, 68, 59, 58, 57, 48, 39, 40, 41, 42, 33, 24, 23, 22, 21, 20, 11, 2, 3, 4, 5, 6, 7, 16, 17, 26, 35, 44, 53, 52, 61, 70, 79, 80]
[00:00:01:41:137] ! Unidirectional s-t. expansions: 12,474, time: 101,137 [ms], path length: 48 [edges], generated: 66,448
[00:00:01:52:800] Path of length 48 found: [80, 71, 70, 61, 52, 53, 44, 35, 26, 17, 8, 7, 6, 5, 4, 3, 2, 11, 20, 21, 22, 23, 24, 33, 42, 41, 40, 39, 48, 57, 58, 59, 68, 77, 76, 75, 74, 65, 64, 63, 54, 45, 46, 37, 28, 27, 18, 9, 0]
[00:00:01:52:801] ! Unidirectional t-s. expansions: 5,140, time: 112,801 [ms], path length: 48 [edges], generated: 59,444
[00:00:05:21:152] Path of length 48 found: [0, 9, 18, 27, 28, 37, 46, 45, 54, 63, 64, 65, 74, 75, 76, 77, 68, 59, 58, 57, 48, 39, 40, 41, 42, 33, 24, 23, 22, 21, 20, 11, 2, 3, 4, 5, 6, 7, 8, 17, 26, 35, 44, 53, 52, 61, 70, 71, 80]
[00:00:05:21:731] ! Bidirectional. expansions: 9,883, time: 321,152 [ms], path length: 48 [edges], g_F: 26, g_B: 22, generated: 0, MM: 4, MMPER: 7.163265306122449%
[00:00:05:21:731] 
---------- SM_Grids/9x9_grid_with_random_blocks_8per_6 ----------
[00:00:01:49:770] Path of length 48 found: [0, 1, 2, 3, 12, 13, 22, 23, 24, 15, 6, 7, 8, 17, 26, 35, 34, 43, 42, 41, 50, 49, 48, 39, 30, 29, 20, 19, 18, 27, 36, 37, 46, 55, 54, 63, 72, 73, 74, 75, 66, 67, 68, 69, 60, 61, 62, 71, 80]
[00:00:01:49:771] ! Unidirectional s-t. expansions: 6,360, time: 109,770 [ms], path length: 48 [edges], generated: 63,798
[00:00:02:07:548] Path of length 48 found: [80, 79, 78, 69, 60, 61, 52, 43, 34, 35, 26, 17, 8, 7, 6, 15, 14, 13, 4, 3, 2, 11, 20, 21, 30, 31, 32, 41, 50, 49, 58, 67, 66, 75, 74, 73, 72, 63, 54, 55, 56, 47, 38, 37, 28, 27, 18, 9, 0]
[00:00:02:07:549] ! Unidirectional t-s. expansions: 6,141, time: 127,548 [ms], path length: 48 [edges], generated: 70,957
[00:00:07:36:207] Path of length 48 found: [0, 9, 18, 27, 36, 37, 38, 29, 20, 11, 2, 3, 4, 13, 22, 23, 24, 15, 6, 7, 8, 17, 26, 35, 34, 43, 42, 41, 40, 49, 48, 57, 56, 55, 54, 63, 72, 73, 74, 75, 76, 67, 68, 69, 60, 61, 62, 71, 80]
[00:00:07:36:845] ! Bidirectional. expansions: 16,936, time: 456,207 [ms], path length: 48 [edges], g_F: 27, g_B: 21, generated: 0, MM: 6, MMPER: 11.244897959183673%
[00:00:07:36:845] 
---------- SM_Grids/9x9_grid_with_random_blocks_8per_7 ----------
[00:00:03:58:552] Path of length 48 found: [0, 9, 10, 11, 2, 3, 4, 13, 14, 15, 6, 7, 8, 17, 26, 25, 34, 43, 44, 53, 62, 61, 60, 51, 50, 41, 32, 31, 30, 39, 38, 37, 36, 45, 54, 63, 72, 73, 74, 65, 56, 57, 58, 67, 76, 77, 78, 79, 80]
[00:00:03:58:553] ! Unidirectional s-t. expansions: 11,812, time: 238,552 [ms], path length: 48 [edges], generated: 137,222
[00:00:04:10:144] Valid states checked so far: 200,000, Expansions: 32,042, Global best: 47
[00:00:05:16:538] Path of length 48 found: [80, 79, 78, 77, 68, 67, 58, 57, 56, 65, 74, 73, 72, 63, 54, 45, 36, 37, 38, 29, 30, 31, 40, 41, 50, 51, 60, 61, 62, 53, 44, 43, 34, 25, 26, 17, 8, 7, 6, 15, 14, 13, 4, 3, 2, 11, 10, 9, 0]
[00:00:05:16:539] ! Unidirectional t-s. expansions: 37,015, time: 316,539 [ms], path length: 48 [edges], generated: 241,503
[00:00:10:43:555] Path of length 48 found: [0, 9, 10, 11, 2, 3, 4, 13, 14, 15, 6, 7, 8, 17, 26, 25, 34, 43, 44, 53, 62, 61, 60, 51, 50, 41, 32, 31, 30, 29, 28, 27, 36, 45, 54, 63, 72, 73, 74, 65, 56, 57, 58, 67, 68, 77, 78, 79, 80]
[00:00:10:44:151] ! Bidirectional. expansions: 21,933, time: 643,555 [ms], path length: 48 [edges], g_F: 28, g_B: 20, generated: 0, MM: 8, MMPER: 15.326530612244898%
[00:00:10:44:152] 
---------- SM_Grids/9x9_grid_with_random_blocks_8per_8 ----------
[00:00:00:29:370] Path of length 50 found: [0, 1, 2, 11, 20, 19, 18, 27, 36, 37, 46, 55, 54, 63, 72, 73, 74, 65, 66, 67, 76, 77, 78, 69, 60, 59, 50, 49, 48, 39, 30, 31, 22, 13, 4, 5, 6, 7, 8, 17, 26, 25, 24, 33, 42, 43, 52, 53, 62, 71, 80]
[00:00:00:29:370] ! Unidirectional s-t. expansions: 1,525, time: 29,370 [ms], path length: 50 [edges], generated: 14,457
[00:00:00:36:248] Path of length 50 found: [80, 71, 62, 53, 44, 43, 42, 33, 24, 25, 26, 17, 8, 7, 6, 5, 4, 13, 22, 31, 30, 39, 48, 49, 50, 59, 60, 69, 78, 77, 76, 67, 66, 65, 74, 73, 72, 63, 54, 55, 46, 37, 36, 27, 18, 19, 20, 11, 2, 1, 0]
[00:00:00:36:249] ! Unidirectional t-s. expansions: 2,015, time: 36,248 [ms], path length: 50 [edges], generated: 18,545
[00:00:02:16:804] Path of length 50 found: [0, 9, 18, 27, 36, 37, 46, 55, 54, 63, 72, 73, 74, 65, 66, 67, 76, 77, 78, 69, 60, 59, 50, 49, 48, 39, 30, 29, 20, 11, 2, 3, 4, 13, 22, 23, 24, 15, 6, 7, 8, 17, 26, 35, 34, 43, 52, 53, 62, 71, 80]
[00:00:02:17:452] ! Bidirectional. expansions: 3,584, time: 136,804 [ms], path length: 50 [edges], g_F: 29, g_B: 21, generated: 0, MM: 8, MMPER: 14.686274509803921%
[00:00:02:17:452] 
---------- SM_Grids/9x9_grid_with_random_blocks_8per_9 ----------
[00:00:04:13:021] Path of length 46 found: [0, 9, 18, 27, 36, 45, 54, 55, 64, 73, 74, 75, 66, 67, 68, 59, 60, 51, 42, 33, 24, 23, 22, 31, 40, 49, 48, 47, 38, 29, 20, 11, 2, 3, 4, 5, 6, 7, 16, 17, 26, 35, 44, 53, 62, 71, 80]
[00:00:04:13:021] ! Unidirectional s-t. expansions: 13,939, time: 253,021 [ms], path length: 46 [edges], generated: 147,270
[00:00:01:46:995] Path of length 46 found: [80, 79, 78, 77, 68, 59, 58, 57, 66, 75, 74, 73, 64, 55, 46, 45, 36, 27, 18, 19, 20, 29, 38, 39, 40, 31, 22, 23, 24, 33, 42, 51, 52, 53, 44, 35, 26, 17, 8, 7, 6, 5, 4, 3, 2, 1, 0]
[00:00:01:46:996] ! Unidirectional t-s. expansions: 6,242, time: 106,995 [ms], path length: 46 [edges], generated: 68,911
[00:00:03:56:828] Path of length 46 found: [0, 9, 18, 19, 20, 11, 2, 3, 4, 5, 6, 7, 16, 17, 26, 35, 44, 53, 52, 51, 42, 33, 24, 23, 22, 31, 30, 39, 38, 37, 36, 45, 54, 55, 64, 73, 74, 75, 66, 57, 58, 59, 68, 77, 78, 79, 80]
[00:00:03:57:442] ! Bidirectional. expansions: 7,661, time: 236,828 [ms], path length: 46 [edges], g_F: 27, g_B: 19, generated: 0, MM: 8, MMPER: 16.02127659574468%

[00:00:03:57:443] average expansions: (12,185, 13,708, 16,449, 0)
[00:00:03:57:443] average time: (180,106, 179,959, 441,940, 0)
[00:00:03:57:443] XDFBnB: 12,185 , 179,959 (expansions , time[ms])
[00:00:03:57:443] BiXDFBnB: 16,449 , 441,940 (expansions , time[ms])

