------------------------------------
Thu 01 Oct 2026 17:56:39 IDT
SLURM_JOBID:		21953743
SLURM_JOB_NODELIST:	ise-cpu256-02
SLURM_SCRATCH_DIR:	/scratch/shubit/21953743
Allocated Resouces:	cpu - 2 / mem - 61440 MB / gpu - 
SLURM_GPU_INDEX:	
Running as shubit from shimony account with normal QOS
------------------------------------
Thu 01 Oct 2026 17:56:39 IDT

SLURM_JOBID:		 21953743
SLURM_JOB_NODELIST:	 ise-cpu256-02 

--------------------------
date: SM_Grids
number_of_graphs: 10
graph_type: grid
size_of_graphs: [9, 9]
heuristic: bcc_heuristic
snake: True
run_uni: True
run_bi: True
run_multi: False
solution_vertices: []
algorithms: ['XMM']
lookahead: 4
bsd: False
cube_first_dims: 4
cube_buffer_dim: None
backward_sym_generation: False
sym_coil: False
prefix_set: None

---------- SM_Grids/9x9_grid_with_random_blocks_8per_0 ----------
[00:00:03:18:300] Path of length 48 found: [0, 1, 2, 3, 4, 5, 6, 7, 8, 17, 26, 25, 24, 23, 22, 31, 30, 29, 20, 19, 18, 27, 36, 37, 46, 55, 54, 63, 72, 73, 74, 75, 66, 57, 48, 49, 50, 41, 42, 43, 44, 53, 62, 61, 60, 69, 78, 79, 80]
[00:00:03:18:300] ! Unidirectional s-t. expansions: 5,884, time: 198,300 [ms], path length: 48 [edges], generated: 117,757
[00:00:04:22:616] Path of length 48 found: [80, 79, 78, 77, 76, 75, 74, 73, 72, 63, 54, 55, 56, 57, 48, 49, 50, 59, 60, 61, 62, 53, 44, 43, 42, 33, 24, 25, 26, 17, 8, 7, 6, 5, 4, 13, 22, 31, 30, 29, 38, 37, 36, 27, 18, 19, 10, 1, 0]
[00:00:04:22:617] ! Unidirectional t-s. expansions: 8,568, time: 262,616 [ms], path length: 48 [edges], generated: 156,401
[00:00:00:00:494] Expansion 52: New longest path found with length 18: [0, 9, 18, 27, 36, 45, 54, 63, 72, 73, 74, 75, 66, 67, 68, 77, 78, 79, 80]. g_current=5, g_opposite=13, f_max=57, generated=92
[00:00:00:00:537] Expansion 57: New longest path found with length 20: [0, 1, 10, 19, 18, 27, 36, 45, 54, 63, 72, 73, 74, 75, 66, 67, 68, 77, 78, 79, 80]. g_current=7, g_opposite=13, f_max=57, generated=100
[00:00:00:00:611] Expansion 65: New longest path found with length 22: [0, 1, 10, 19, 18, 27, 36, 37, 46, 55, 54, 63, 72, 73, 74, 75, 66, 67, 68, 77, 78, 79, 80]. g_current=14, g_opposite=8, f_max=56, generated=114
[00:00:00:01:279] Expansion 151: New longest path found with length 24: [0, 1, 10, 19, 18, 27, 36, 37, 38, 47, 56, 55, 54, 63, 72, 73, 74, 75, 66, 67, 68, 77, 78, 79, 80]. g_current=8, g_opposite=16, f_max=56, generated=256
[00:00:00:01:587] Expansion 189: New longest path found with length 26: [0, 1, 2, 11, 20, 19, 18, 27, 36, 37, 38, 47, 56, 55, 54, 63, 72, 73, 74, 75, 66, 67, 68, 77, 78, 79, 80]. g_current=10, g_opposite=16, f_max=56, generated=315
[00:00:00:03:596] Expansion 449: New longest path found with length 28: [0, 1, 2, 3, 12, 13, 14, 5, 6, 7, 8, 17, 26, 25, 24, 33, 42, 43, 44, 53, 62, 61, 60, 59, 68, 77, 78, 79, 80]. g_current=15, g_opposite=13, f_max=55, generated=751
[00:00:00:04:423] Expansion 545: New longest path found with length 32: [0, 1, 2, 3, 4, 5, 14, 23, 22, 31, 30, 29, 20, 19, 18, 27, 36, 37, 46, 55, 54, 63, 72, 73, 74, 75, 66, 67, 68, 77, 78, 79, 80]. g_current=21, g_opposite=11, f_max=54, generated=915
[00:00:00:07:853] Expansion 1,021: New longest path found with length 38: [0, 1, 10, 19, 18, 27, 36, 45, 54, 63, 72, 73, 74, 75, 66, 57, 56, 47, 38, 29, 30, 31, 22, 23, 14, 5, 6, 7, 8, 17, 26, 25, 34, 43, 44, 53, 62, 71, 80]. g_current=20, g_opposite=18, f_max=55, generated=1,736
[00:00:00:07:943] Expansion 1,033: New longest path found with length 40: [0, 1, 2, 3, 12, 13, 14, 5, 6, 7, 8, 17, 26, 25, 24, 33, 32, 31, 30, 29, 20, 19, 18, 27, 36, 37, 46, 55, 54, 63, 72, 73, 74, 75, 66, 67, 68, 77, 78, 79, 80]. g_current=17, g_opposite=23, f_max=54, generated=1,758
[00:00:00:09:886] Expansion 1,282: New longest path found with length 42: [0, 9, 18, 27, 36, 45, 54, 63, 72, 73, 74, 75, 66, 57, 56, 47, 38, 29, 20, 11, 2, 3, 4, 5, 6, 7, 8, 17, 26, 25, 34, 43, 44, 53, 62, 61, 60, 59, 68, 77, 78, 79, 80]. g_current=23, g_opposite=19, f_max=53, generated=2,186
[00:00:00:16:547] Expansion 2,229: New longest path found with length 44: [0, 9, 18, 27, 36, 45, 54, 63, 72, 73, 74, 75, 66, 57, 56, 47, 38, 29, 20, 11, 2, 3, 4, 5, 6, 7, 8, 17, 26, 25, 24, 33, 42, 43, 44, 53, 62, 61, 60, 59, 68, 77, 78, 79, 80]. g_current=21, g_opposite=23, f_max=54, generated=3,801
[00:00:00:21:357] Expansion 2,898: New longest path found with length 46: [0, 1, 10, 19, 18, 27, 36, 45, 54, 63, 72, 73, 74, 75, 66, 57, 56, 47, 38, 29, 30, 31, 22, 13, 14, 5, 6, 7, 8, 17, 26, 25, 24, 33, 42, 43, 44, 53, 62, 61, 60, 59, 68, 77, 78, 79, 80]. g_current=24, g_opposite=22, f_max=52, generated=4,950
[00:00:00:21:512] Expansion 2,932: New longest path found with length 48: [0, 1, 2, 11, 20, 19, 18, 27, 36, 45, 54, 63, 72, 73, 74, 75, 66, 57, 56, 47, 38, 39, 40, 41, 32, 23, 22, 13, 4, 5, 6, 7, 8, 17, 26, 25, 34, 43, 44, 53, 62, 61, 60, 59, 68, 77, 78, 79, 80]. g_current=26, g_opposite=22, f_max=52, generated=5,002
[00:00:02:12:925] Expansion 20,000: f=50, g=19
[00:00:04:13:728] Path of length 48 found: [0, 1, 2, 11, 20, 19, 18, 27, 36, 45, 54, 63, 72, 73, 74, 75, 66, 57, 56, 47, 38, 39, 40, 41, 32, 23, 22, 13, 4, 5, 6, 7, 8, 17, 26, 25, 34, 43, 44, 53, 62, 61, 60, 59, 68, 77, 78, 79, 80]
[00:00:04:14:388] ! Bidirectional. expansions: 36,319, time: 253,728 [ms], path length: 48 [edges], g_F: 22, g_B: 26, generated: 64,084, MM: 4, MMPER: 7.163265306122449%
[00:00:04:14:388] 
---------- SM_Grids/9x9_grid_with_random_blocks_8per_1 ----------
[00:00:03:22:141] Path of length 44 found: [0, 1, 2, 3, 12, 13, 14, 5, 6, 7, 8, 17, 26, 25, 34, 43, 44, 53, 62, 61, 60, 51, 50, 41, 32, 31, 30, 29, 20, 19, 18, 27, 36, 45, 46, 47, 48, 57, 66, 75, 76, 77, 78, 79, 80]
[00:00:03:22:143] ! Unidirectional s-t. expansions: 6,962, time: 202,141 [ms], path length: 44 [edges], generated: 133,771
[00:00:04:40:508] Path of length 44 found: [80, 79, 70, 61, 62, 53, 44, 43, 42, 51, 50, 59, 68, 77, 76, 75, 66, 57, 48, 47, 46, 37, 36, 27, 18, 19, 20, 29, 30, 31, 32, 23, 24, 25, 26, 17, 8, 7, 6, 5, 4, 3, 2, 1, 0]
[00:00:04:40:509] ! Unidirectional t-s. expansions: 9,542, time: 280,508 [ms], path length: 44 [edges], generated: 171,217
[00:00:00:00:753] Expansion 78: New longest path found with length 20: [0, 1, 2, 3, 12, 13, 14, 5, 6, 7, 8, 17, 26, 35, 44, 53, 62, 61, 70, 79, 80]. g_current=8, g_opposite=12, f_max=54, generated=142
[00:00:00:01:334] Expansion 142: New longest path found with length 22: [0, 1, 2, 3, 12, 13, 14, 5, 6, 7, 8, 17, 26, 25, 34, 43, 44, 53, 62, 61, 70, 79, 80]. g_current=8, g_opposite=14, f_max=53, generated=263
[00:00:00:02:335] Expansion 245: New longest path found with length 24: [0, 1, 2, 3, 12, 13, 14, 5, 6, 7, 8, 17, 26, 25, 24, 33, 42, 43, 44, 53, 62, 61, 70, 79, 80]. g_current=15, g_opposite=9, f_max=53, generated=455
[00:00:00:02:973] Expansion 337: New longest path found with length 28: [0, 9, 18, 27, 36, 45, 46, 47, 48, 39, 30, 31, 32, 23, 24, 15, 6, 7, 8, 17, 26, 35, 34, 43, 52, 53, 62, 71, 80]. g_current=17, g_opposite=11, f_max=52, generated=616
[00:00:00:05:072] Expansion 596: New longest path found with length 32: [0, 1, 2, 11, 20, 19, 18, 27, 36, 45, 46, 47, 48, 39, 30, 31, 32, 23, 24, 15, 6, 7, 8, 17, 26, 35, 34, 43, 52, 53, 62, 71, 80]. g_current=14, g_opposite=18, f_max=52, generated=1,108
[00:00:00:05:841] Expansion 682: New longest path found with length 34: [0, 9, 18, 27, 36, 45, 46, 47, 48, 39, 30, 29, 20, 11, 2, 3, 4, 13, 22, 23, 24, 15, 6, 7, 8, 17, 26, 35, 34, 43, 52, 53, 62, 71, 80]. g_current=21, g_opposite=13, f_max=51, generated=1,265
[00:00:00:10:023] Expansion 1,232: New longest path found with length 36: [0, 1, 2, 3, 12, 13, 14, 5, 6, 7, 8, 17, 26, 25, 24, 33, 32, 31, 30, 29, 20, 19, 18, 27, 36, 45, 46, 47, 48, 57, 66, 75, 76, 77, 78, 79, 80]. g_current=25, g_opposite=11, f_max=51, generated=2,276
[00:00:00:13:707] Expansion 1,755: New longest path found with length 38: [0, 1, 2, 3, 4, 5, 14, 23, 22, 31, 30, 29, 20, 19, 18, 27, 36, 45, 46, 47, 48, 57, 66, 75, 76, 77, 68, 59, 50, 51, 42, 43, 44, 53, 62, 61, 70, 79, 80]. g_current=18, g_opposite=20, f_max=50, generated=3,230
[00:00:00:27:407] Expansion 3,697: New longest path found with length 40: [0, 1, 2, 3, 12, 13, 22, 31, 30, 29, 20, 19, 18, 27, 36, 45, 46, 47, 48, 49, 50, 41, 42, 33, 24, 15, 6, 7, 8, 17, 26, 35, 44, 53, 62, 61, 60, 69, 78, 79, 80]. g_current=21, g_opposite=19, f_max=49, generated=6,759
[00:00:00:41:898] Expansion 5,855: New longest path found with length 44: [0, 1, 2, 3, 4, 5, 6, 7, 8, 17, 26, 25, 24, 23, 22, 31, 30, 29, 20, 19, 18, 27, 36, 45, 46, 47, 48, 57, 66, 75, 76, 77, 68, 59, 50, 51, 42, 43, 44, 53, 62, 61, 70, 79, 80]. g_current=24, g_opposite=20, f_max=49, generated=10,640
[00:00:02:11:240] Expansion 20,000: f=47, g=22
[00:00:04:12:837] Expansion 40,000: f=44, g=21
[00:00:06:39:268] Path of length 44 found: [0, 1, 2, 3, 4, 5, 6, 7, 8, 17, 26, 25, 24, 23, 22, 31, 30, 29, 20, 19, 18, 27, 36, 45, 46, 47, 48, 57, 66, 75, 76, 77, 68, 59, 50, 51, 42, 43, 44, 53, 62, 61, 70, 79, 80]
[00:00:06:39:884] ! Bidirectional. expansions: 59,896, time: 399,268 [ms], path length: 44 [edges], g_F: 24, g_B: 20, generated: 110,661, MM: 4, MMPER: 7.888888888888889%
[00:00:06:39:884] 
---------- SM_Grids/9x9_grid_with_random_blocks_8per_2 ----------
[00:00:02:13:410] Path of length 48 found: [0, 9, 10, 11, 2, 3, 4, 5, 6, 7, 16, 25, 26, 35, 44, 53, 52, 51, 42, 33, 32, 23, 22, 21, 30, 29, 28, 27, 36, 45, 54, 63, 72, 73, 74, 65, 56, 47, 48, 49, 58, 67, 76, 77, 78, 69, 70, 71, 80]
[00:00:02:13:411] ! Unidirectional s-t. expansions: 3,759, time: 133,410 [ms], path length: 48 [edges], generated: 74,960
[00:00:03:17:194] Path of length 48 found: [80, 79, 70, 61, 62, 53, 44, 35, 26, 25, 16, 7, 6, 5, 4, 3, 2, 11, 20, 21, 22, 31, 32, 33, 42, 51, 50, 59, 68, 67, 76, 75, 74, 73, 72, 63, 54, 55, 56, 57, 48, 39, 38, 37, 28, 27, 18, 9, 0]
[00:00:03:17:194] ! Unidirectional t-s. expansions: 4,801, time: 197,194 [ms], path length: 48 [edges], generated: 110,882
[00:00:00:00:751] Expansion 97: New longest path found with length 20: [0, 9, 10, 11, 2, 3, 4, 5, 6, 7, 16, 25, 26, 35, 44, 53, 62, 61, 70, 79, 80]. g_current=5, g_opposite=15, f_max=58, generated=170
[00:00:00:00:783] Expansion 102: New longest path found with length 22: [0, 9, 18, 19, 20, 11, 2, 3, 4, 5, 6, 7, 16, 25, 26, 35, 44, 53, 62, 61, 70, 79, 80]. g_current=17, g_opposite=5, f_max=55, generated=178
[00:00:00:02:105] Expansion 288: New longest path found with length 28: [0, 9, 10, 11, 2, 3, 4, 5, 6, 7, 16, 25, 26, 35, 44, 53, 52, 51, 50, 59, 58, 67, 76, 77, 78, 69, 70, 71, 80]. g_current=17, g_opposite=11, f_max=54, generated=513
[00:00:00:04:187] Expansion 585: New longest path found with length 30: [0, 9, 18, 19, 28, 29, 38, 39, 48, 49, 50, 51, 42, 33, 32, 23, 14, 5, 6, 7, 16, 25, 26, 35, 44, 53, 62, 61, 70, 79, 80]. g_current=9, g_opposite=21, f_max=54, generated=1,062
[00:00:00:04:878] Expansion 691: New longest path found with length 36: [0, 9, 10, 11, 12, 3, 4, 5, 6, 7, 16, 25, 26, 35, 44, 53, 52, 51, 50, 49, 48, 57, 56, 55, 54, 63, 72, 73, 74, 75, 76, 67, 68, 69, 78, 79, 80]. g_current=16, g_opposite=20, f_max=54, generated=1,242
[00:00:00:04:956] Expansion 705: New longest path found with length 38: [0, 9, 18, 19, 28, 37, 36, 45, 54, 63, 72, 73, 74, 75, 76, 77, 68, 59, 50, 51, 42, 33, 32, 23, 14, 5, 6, 7, 16, 25, 26, 35, 44, 53, 62, 61, 70, 79, 80]. g_current=24, g_opposite=14, f_max=53, generated=1,268
[00:00:00:10:068] Expansion 1,485: New longest path found with length 40: [0, 9, 18, 19, 28, 29, 38, 47, 46, 45, 54, 63, 72, 73, 74, 75, 76, 77, 68, 59, 50, 51, 42, 33, 32, 23, 14, 5, 6, 7, 16, 25, 26, 35, 44, 53, 62, 61, 70, 79, 80]. g_current=14, g_opposite=26, f_max=53, generated=2,689
[00:00:00:11:629] Expansion 1,702: New longest path found with length 42: [0, 9, 18, 27, 28, 37, 46, 45, 54, 63, 72, 73, 74, 65, 56, 57, 48, 49, 50, 51, 42, 33, 32, 31, 22, 21, 12, 3, 4, 5, 6, 7, 16, 25, 26, 35, 44, 53, 62, 61, 70, 79, 80]. g_current=24, g_opposite=18, f_max=52, generated=3,072
[00:00:00:19:803] Expansion 2,966: New longest path found with length 44: [0, 9, 10, 11, 2, 3, 4, 5, 6, 7, 16, 25, 26, 35, 44, 53, 52, 51, 42, 33, 32, 23, 22, 21, 30, 39, 38, 47, 46, 55, 54, 63, 72, 73, 74, 65, 66, 57, 58, 59, 68, 69, 78, 79, 80]. g_current=23, g_opposite=21, f_max=54, generated=5,407
[00:00:00:19:813] Expansion 2,968: New longest path found with length 46: [0, 9, 10, 11, 2, 3, 4, 5, 6, 7, 16, 25, 26, 35, 44, 53, 52, 51, 42, 33, 32, 23, 22, 21, 30, 39, 38, 37, 46, 45, 54, 63, 72, 73, 74, 65, 56, 57, 58, 67, 76, 77, 78, 69, 70, 71, 80]. g_current=25, g_opposite=21, f_max=52, generated=5,410
[00:00:00:24:439] Expansion 3,663: New longest path found with length 48: [0, 9, 10, 11, 2, 3, 4, 5, 6, 7, 16, 25, 26, 35, 44, 53, 52, 51, 42, 33, 32, 23, 22, 21, 30, 29, 28, 37, 36, 45, 54, 63, 72, 73, 74, 65, 56, 47, 48, 49, 58, 67, 76, 77, 78, 69, 70, 71, 80]. g_current=23, g_opposite=25, f_max=51, generated=6,666
[00:00:01:57:166] Expansion 20,000: f=49, g=18
[00:00:02:41:449] Path of length 48 found: [0, 9, 10, 11, 2, 3, 4, 5, 6, 7, 16, 25, 26, 35, 44, 53, 52, 51, 42, 33, 32, 23, 22, 21, 30, 29, 28, 37, 36, 45, 54, 63, 72, 73, 74, 65, 56, 47, 48, 49, 58, 67, 76, 77, 78, 69, 70, 71, 80]
[00:00:02:42:008] ! Bidirectional. expansions: 26,899, time: 161,449 [ms], path length: 48 [edges], g_F: 25, g_B: 23, generated: 48,517, MM: 2, MMPER: 3.0816326530612246%
[00:00:02:42:008] 
---------- SM_Grids/9x9_grid_with_random_blocks_8per_3 ----------
[00:00:04:21:442] Expansion 10,000: state None, f=47, g=28
[00:00:06:58:160] Path of length 46 found: [0, 1, 10, 19, 18, 27, 36, 37, 38, 29, 30, 21, 12, 3, 4, 5, 6, 7, 16, 25, 24, 33, 32, 41, 40, 49, 48, 57, 56, 55, 54, 63, 72, 73, 74, 75, 76, 67, 68, 59, 60, 51, 52, 53, 62, 71, 80]
[00:00:06:58:161] ! Unidirectional s-t. expansions: 16,170, time: 418,160 [ms], path length: 46 [edges], generated: 284,168
[00:00:04:40:564] Expansion 10,000: state None, f=47, g=36
[00:00:07:41:478] Path of length 46 found: [80, 71, 70, 69, 78, 77, 76, 67, 58, 57, 56, 65, 74, 73, 72, 63, 54, 45, 36, 37, 38, 39, 30, 31, 32, 41, 50, 51, 52, 53, 44, 35, 34, 25, 16, 7, 6, 5, 4, 13, 12, 11, 20, 19, 18, 9, 0]
[00:00:07:41:479] ! Unidirectional t-s. expansions: 17,424, time: 461,479 [ms], path length: 46 [edges], generated: 324,087
[00:00:00:00:470] Expansion 51: New longest path found with length 18: [0, 9, 18, 27, 36, 45, 54, 63, 72, 73, 74, 75, 76, 77, 78, 69, 70, 71, 80]. g_current=14, g_opposite=4, f_max=56, generated=91
[00:00:00:01:187] Expansion 136: New longest path found with length 20: [0, 1, 10, 19, 18, 27, 36, 45, 54, 63, 72, 73, 74, 75, 76, 77, 78, 69, 70, 71, 80]. g_current=5, g_opposite=15, f_max=57, generated=241
[00:00:00:01:227] Expansion 141: New longest path found with length 26: [0, 1, 2, 3, 4, 13, 14, 15, 24, 33, 34, 35, 44, 53, 52, 51, 50, 59, 58, 67, 76, 77, 78, 69, 70, 71, 80]. g_current=18, g_opposite=8, f_max=55, generated=250
[00:00:00:02:383] Expansion 298: New longest path found with length 28: [0, 9, 10, 11, 2, 3, 4, 13, 14, 15, 24, 33, 34, 35, 44, 53, 52, 51, 50, 59, 58, 67, 76, 77, 78, 69, 70, 71, 80]. g_current=9, g_opposite=19, f_max=55, generated=513
[00:00:00:02:923] Expansion 356: New longest path found with length 30: [0, 9, 18, 27, 36, 45, 46, 47, 48, 39, 40, 31, 32, 33, 34, 35, 44, 53, 52, 51, 50, 59, 58, 67, 76, 77, 78, 69, 70, 71, 80]. g_current=22, g_opposite=8, f_max=54, generated=627
[00:00:00:04:885] Expansion 625: New longest path found with length 34: [0, 9, 18, 19, 28, 37, 36, 45, 54, 63, 72, 73, 74, 65, 56, 57, 58, 67, 76, 77, 78, 69, 60, 51, 50, 41, 32, 33, 34, 35, 44, 53, 62, 71, 80]. g_current=14, g_opposite=20, f_max=54, generated=1,100
[00:00:00:04:894] Expansion 626: New longest path found with length 38: [0, 9, 18, 19, 28, 37, 36, 45, 54, 63, 72, 73, 74, 65, 56, 47, 48, 39, 40, 31, 32, 33, 34, 35, 44, 53, 52, 51, 50, 59, 58, 67, 76, 77, 78, 69, 70, 71, 80]. g_current=15, g_opposite=23, f_max=54, generated=1,102
[00:00:00:12:072] Expansion 1,626: New longest path found with length 40: [0, 9, 18, 27, 28, 29, 20, 11, 2, 3, 4, 13, 14, 15, 24, 33, 34, 35, 44, 53, 52, 51, 50, 59, 58, 57, 56, 55, 54, 63, 72, 73, 74, 75, 76, 77, 78, 69, 70, 71, 80]. g_current=13, g_opposite=27, f_max=53, generated=2,863
[00:00:00:23:930] Expansion 3,380: New longest path found with length 44: [0, 1, 10, 19, 18, 27, 36, 45, 54, 63, 72, 73, 74, 65, 56, 47, 38, 29, 30, 21, 12, 3, 4, 5, 6, 7, 16, 25, 34, 35, 44, 53, 52, 51, 50, 59, 58, 67, 76, 77, 78, 69, 70, 71, 80]. g_current=22, g_opposite=22, f_max=52, generated=5,963
[00:00:00:33:435] Expansion 4,783: New longest path found with length 46: [0, 1, 10, 19, 18, 27, 36, 45, 54, 63, 72, 73, 74, 65, 56, 47, 38, 29, 30, 21, 12, 3, 4, 5, 6, 7, 16, 25, 34, 33, 32, 41, 40, 49, 58, 67, 76, 77, 78, 69, 60, 51, 52, 53, 62, 71, 80]. g_current=22, g_opposite=24, f_max=51, generated=8,455
[00:00:02:08:530] Expansion 20,000: f=49, g=21
[00:00:04:09:922] Expansion 40,000: f=50, g=23
[00:00:06:13:498] Expansion 60,000: f=47, g=17
[00:00:08:14:504] Expansion 80,000: f=46, g=19
[00:00:10:29:988] Expansion 100,000: f=46, g=16
[00:00:12:21:844] Expansion 120,000: f=45, g=21
[00:00:14:06:789] Path of length 46 found: [0, 1, 10, 19, 18, 27, 36, 45, 54, 63, 72, 73, 74, 65, 56, 47, 38, 29, 30, 21, 12, 3, 4, 5, 6, 7, 16, 25, 34, 33, 32, 41, 40, 49, 58, 67, 76, 77, 78, 69, 60, 51, 52, 53, 62, 71, 80]
[00:00:14:07:457] ! Bidirectional. expansions: 130,353, time: 846,789 [ms], path length: 46 [edges], g_F: 24, g_B: 22, generated: 238,754, MM: 2, MMPER: 3.25531914893617%
[00:00:14:07:458] 
---------- SM_Grids/9x9_grid_with_random_blocks_8per_4 ----------
[00:00:02:20:383] Path of length 48 found: [0, 1, 2, 3, 12, 21, 20, 19, 18, 27, 36, 45, 54, 63, 72, 73, 74, 65, 56, 47, 38, 39, 40, 49, 58, 67, 76, 77, 78, 69, 60, 51, 42, 33, 24, 23, 14, 5, 6, 7, 16, 17, 26, 35, 44, 53, 62, 71, 80]
[00:00:02:20:385] ! Unidirectional s-t. expansions: 4,041, time: 140,383 [ms], path length: 48 [edges], generated: 83,365
[00:00:02:11:435] Path of length 48 found: [80, 71, 62, 53, 44, 43, 34, 25, 26, 17, 8, 7, 6, 5, 14, 23, 32, 41, 40, 49, 58, 59, 60, 69, 78, 77, 76, 75, 74, 73, 72, 63, 54, 55, 56, 47, 38, 37, 36, 27, 18, 19, 20, 21, 12, 3, 2, 1, 0]
[00:00:02:11:436] ! Unidirectional t-s. expansions: 3,547, time: 131,435 [ms], path length: 48 [edges], generated: 79,424
[00:00:00:00:279] Expansion 31: New longest path found with length 20: [0, 1, 2, 3, 12, 13, 14, 5, 6, 7, 8, 17, 26, 25, 34, 43, 44, 53, 62, 71, 80]. g_current=14, g_opposite=6, f_max=56, generated=55
[00:00:00:00:630] Expansion 78: New longest path found with length 22: [0, 1, 2, 3, 12, 21, 22, 23, 14, 5, 6, 7, 8, 17, 26, 25, 34, 43, 44, 53, 62, 71, 80]. g_current=15, g_opposite=7, f_max=55, generated=132
[00:00:00:01:408] Expansion 185: New longest path found with length 24: [0, 9, 10, 11, 20, 21, 22, 13, 14, 5, 6, 7, 8, 17, 26, 25, 24, 33, 42, 43, 44, 53, 62, 71, 80]. g_current=19, g_opposite=5, f_max=54, generated=309
[00:00:00:01:417] Expansion 186: New longest path found with length 26: [0, 9, 18, 27, 28, 29, 30, 21, 22, 13, 14, 5, 6, 7, 8, 17, 26, 25, 24, 33, 42, 43, 44, 53, 62, 71, 80]. g_current=20, g_opposite=6, f_max=54, generated=311
[00:00:00:02:761] Expansion 375: New longest path found with length 28: [0, 9, 18, 27, 28, 37, 38, 39, 30, 21, 22, 13, 14, 5, 6, 7, 8, 17, 26, 25, 24, 33, 42, 43, 44, 53, 62, 71, 80]. g_current=7, g_opposite=21, f_max=54, generated=634
[00:00:00:03:453] Expansion 475: New longest path found with length 38: [0, 9, 18, 27, 28, 37, 46, 45, 54, 63, 72, 73, 74, 75, 76, 77, 78, 69, 60, 51, 50, 41, 32, 23, 14, 5, 6, 7, 8, 17, 26, 25, 34, 43, 44, 53, 62, 71, 80]. g_current=24, g_opposite=14, f_max=53, generated=791
[00:00:00:03:464] Expansion 477: New longest path found with length 42: [0, 9, 18, 27, 28, 37, 46, 45, 54, 63, 72, 73, 74, 65, 56, 57, 58, 67, 76, 77, 78, 69, 60, 51, 50, 41, 32, 23, 14, 5, 6, 7, 8, 17, 26, 25, 34, 43, 44, 53, 62, 71, 80]. g_current=26, g_opposite=16, f_max=53, generated=794
[00:00:00:11:697] Expansion 1,717: New longest path found with length 44: [0, 1, 2, 3, 12, 21, 20, 19, 18, 27, 36, 45, 54, 63, 72, 73, 74, 75, 76, 77, 78, 69, 60, 59, 58, 49, 40, 41, 32, 23, 14, 5, 6, 7, 8, 17, 26, 25, 34, 43, 44, 53, 62, 71, 80]. g_current=18, g_opposite=26, f_max=52, generated=2,966
[00:00:00:12:020] Expansion 1,772: New longest path found with length 46: [0, 1, 2, 3, 12, 21, 20, 19, 18, 27, 36, 37, 38, 47, 56, 55, 54, 63, 72, 73, 74, 75, 76, 77, 78, 69, 60, 51, 50, 41, 32, 23, 14, 5, 6, 7, 8, 17, 26, 25, 34, 43, 44, 53, 62, 71, 80]. g_current=20, g_opposite=26, f_max=52, generated=3,061
[00:00:00:12:027] Expansion 1,774: New longest path found with length 48: [0, 1, 2, 3, 12, 21, 20, 19, 18, 27, 36, 37, 38, 47, 56, 55, 54, 63, 72, 73, 74, 75, 76, 77, 78, 69, 60, 59, 58, 49, 40, 41, 32, 23, 14, 5, 6, 7, 8, 17, 26, 25, 34, 43, 44, 53, 62, 71, 80]. g_current=22, g_opposite=26, f_max=52, generated=3,063
[00:00:02:07:341] Expansion 20,000: f=50, g=20
[00:00:02:23:600] Path of length 48 found: [0, 1, 2, 3, 12, 21, 20, 19, 18, 27, 36, 37, 38, 47, 56, 55, 54, 63, 72, 73, 74, 75, 76, 77, 78, 69, 60, 59, 58, 49, 40, 41, 32, 23, 14, 5, 6, 7, 8, 17, 26, 25, 34, 43, 44, 53, 62, 71, 80]
[00:00:02:24:214] ! Bidirectional. expansions: 21,241, time: 143,600 [ms], path length: 48 [edges], g_F: 22, g_B: 26, generated: 37,695, MM: 4, MMPER: 7.163265306122449%
[00:00:02:24:214] 
---------- SM_Grids/9x9_grid_with_random_blocks_8per_5 ----------
[00:00:01:44:430] Path of length 48 found: [0, 9, 18, 27, 28, 37, 46, 45, 54, 63, 64, 65, 74, 75, 76, 77, 68, 59, 58, 57, 48, 39, 40, 41, 42, 33, 24, 23, 22, 21, 20, 11, 2, 3, 4, 5, 6, 7, 16, 17, 26, 35, 44, 53, 52, 61, 70, 79, 80]
[00:00:01:44:431] ! Unidirectional s-t. expansions: 3,080, time: 104,430 [ms], path length: 48 [edges], generated: 63,579
[00:00:01:59:091] Path of length 48 found: [80, 79, 70, 61, 62, 53, 44, 35, 26, 17, 8, 7, 6, 5, 4, 3, 2, 11, 20, 21, 22, 23, 24, 33, 42, 41, 40, 39, 48, 57, 58, 59, 68, 77, 76, 75, 74, 65, 64, 63, 54, 45, 46, 37, 28, 27, 18, 9, 0]
[00:00:01:59:092] ! Unidirectional t-s. expansions: 2,801, time: 119,091 [ms], path length: 48 [edges], generated: 65,897
[00:00:00:00:449] Expansion 56: New longest path found with length 20: [0, 9, 10, 11, 2, 3, 4, 5, 6, 7, 8, 17, 26, 35, 44, 43, 52, 61, 62, 71, 80]. g_current=7, g_opposite=13, f_max=56, generated=94
[00:00:00:01:108] Expansion 150: New longest path found with length 24: [0, 9, 18, 27, 28, 29, 20, 11, 2, 3, 4, 5, 6, 7, 8, 17, 26, 35, 44, 43, 52, 61, 62, 71, 80]. g_current=8, g_opposite=16, f_max=55, generated=247
[00:00:00:01:194] Expansion 161: New longest path found with length 26: [0, 9, 18, 27, 36, 37, 38, 29, 20, 11, 2, 3, 4, 5, 6, 7, 8, 17, 26, 35, 44, 43, 52, 61, 62, 71, 80]. g_current=18, g_opposite=8, f_max=54, generated=267
[00:00:00:02:625] Expansion 366: New longest path found with length 28: [0, 9, 18, 27, 28, 37, 38, 39, 30, 21, 20, 11, 2, 3, 4, 5, 6, 7, 8, 17, 26, 35, 44, 43, 52, 61, 62, 71, 80]. g_current=8, g_opposite=20, f_max=54, generated=618
[00:00:00:05:497] Expansion 787: New longest path found with length 30: [0, 9, 18, 27, 28, 37, 46, 45, 54, 63, 64, 65, 74, 75, 76, 67, 58, 59, 50, 51, 42, 33, 34, 35, 44, 53, 62, 61, 70, 79, 80]. g_current=16, g_opposite=14, f_max=53, generated=1,349
[00:00:00:05:539] Expansion 794: New longest path found with length 38: [0, 9, 10, 11, 2, 3, 4, 5, 6, 7, 16, 17, 26, 35, 44, 43, 42, 51, 50, 59, 58, 57, 48, 47, 46, 45, 54, 63, 64, 65, 74, 75, 76, 77, 78, 69, 70, 71, 80]. g_current=17, g_opposite=21, f_max=53, generated=1,363
[00:00:00:10:616] Expansion 1,479: New longest path found with length 42: [0, 9, 18, 27, 28, 29, 20, 11, 2, 3, 4, 5, 6, 7, 16, 17, 26, 35, 44, 43, 52, 51, 50, 59, 58, 57, 48, 47, 46, 45, 54, 63, 64, 65, 74, 75, 76, 77, 78, 69, 70, 71, 80]. g_current=21, g_opposite=21, f_max=52, generated=2,653
[00:00:00:14:541] Expansion 2,059: New longest path found with length 46: [0, 9, 18, 27, 28, 37, 46, 45, 54, 63, 64, 65, 74, 75, 76, 67, 58, 57, 48, 39, 40, 41, 42, 33, 24, 23, 22, 21, 20, 11, 2, 3, 4, 5, 6, 7, 8, 17, 26, 35, 44, 53, 62, 61, 70, 79, 80]. g_current=25, g_opposite=21, f_max=51, generated=3,665
[00:00:00:23:154] Expansion 3,328: New longest path found with length 48: [0, 9, 18, 27, 28, 37, 46, 45, 54, 63, 64, 65, 74, 75, 76, 77, 68, 59, 58, 57, 48, 39, 40, 41, 42, 33, 24, 23, 22, 21, 20, 11, 2, 3, 4, 5, 6, 7, 8, 17, 26, 35, 44, 53, 62, 61, 70, 79, 80]. g_current=22, g_opposite=26, f_max=51, generated=5,973
[00:00:01:41:924] Path of length 48 found: [0, 9, 18, 27, 28, 37, 46, 45, 54, 63, 64, 65, 74, 75, 76, 77, 68, 59, 58, 57, 48, 39, 40, 41, 42, 33, 24, 23, 22, 21, 20, 11, 2, 3, 4, 5, 6, 7, 8, 17, 26, 35, 44, 53, 62, 61, 70, 79, 80]
[00:00:01:42:528] ! Bidirectional. expansions: 15,431, time: 101,924 [ms], path length: 48 [edges], g_F: 22, g_B: 26, generated: 27,870, MM: 4, MMPER: 7.163265306122449%
[00:00:01:42:528] 
---------- SM_Grids/9x9_grid_with_random_blocks_8per_6 ----------
[00:00:02:33:400] Path of length 48 found: [0, 9, 18, 27, 36, 37, 38, 29, 20, 11, 2, 3, 4, 13, 22, 23, 24, 15, 6, 7, 8, 17, 26, 35, 34, 43, 42, 41, 40, 49, 48, 57, 56, 55, 54, 63, 72, 73, 74, 75, 76, 67, 68, 59, 60, 61, 70, 79, 80]
[00:00:02:33:406] ! Unidirectional s-t. expansions: 4,594, time: 153,405 [ms], path length: 48 [edges], generated: 90,091
[00:00:03:14:571] Path of length 48 found: [80, 71, 70, 61, 60, 59, 68, 67, 76, 75, 74, 73, 72, 63, 54, 55, 56, 57, 48, 49, 40, 41, 42, 43, 34, 35, 26, 17, 8, 7, 6, 15, 24, 23, 22, 13, 4, 3, 2, 11, 20, 29, 38, 37, 36, 27, 18, 9, 0]
[00:00:03:14:572] ! Unidirectional t-s. expansions: 4,602, time: 194,571 [ms], path length: 48 [edges], generated: 107,069
[00:00:00:00:439] Expansion 51: New longest path found with length 18: [0, 9, 18, 27, 36, 45, 54, 63, 64, 73, 74, 75, 76, 67, 68, 69, 78, 79, 80]. g_current=13, g_opposite=5, f_max=56, generated=90
[00:00:00:00:781] Expansion 94: New longest path found with length 20: [0, 9, 18, 27, 36, 37, 46, 55, 54, 63, 72, 73, 74, 75, 76, 67, 68, 69, 78, 79, 80]. g_current=6, g_opposite=14, f_max=56, generated=165
[00:00:00:00:969] Expansion 114: New longest path found with length 22: [0, 9, 18, 19, 28, 29, 38, 47, 56, 55, 54, 63, 72, 73, 74, 75, 76, 67, 68, 69, 78, 79, 80]. g_current=15, g_opposite=7, f_max=55, generated=206
[00:00:00:01:547] Expansion 200: New longest path found with length 24: [0, 1, 2, 3, 4, 13, 22, 23, 24, 15, 6, 7, 8, 17, 26, 35, 44, 53, 62, 61, 60, 69, 78, 79, 80]. g_current=9, g_opposite=15, f_max=55, generated=341
[00:00:00:02:043] Expansion 276: New longest path found with length 26: [0, 1, 2, 11, 20, 19, 18, 27, 36, 37, 38, 47, 56, 55, 54, 63, 72, 73, 74, 75, 76, 67, 68, 69, 78, 79, 80]. g_current=10, g_opposite=16, f_max=55, generated=458
[00:00:00:04:427] Expansion 607: New longest path found with length 38: [0, 1, 2, 3, 4, 13, 22, 23, 24, 15, 6, 7, 8, 17, 26, 35, 34, 43, 42, 41, 40, 49, 48, 57, 56, 55, 54, 63, 72, 73, 74, 75, 76, 67, 68, 69, 78, 79, 80]. g_current=19, g_opposite=19, f_max=54, generated=996
[00:00:00:10:533] Expansion 1,446: New longest path found with length 42: [0, 9, 18, 19, 20, 11, 2, 3, 4, 13, 22, 23, 24, 15, 6, 7, 8, 17, 26, 35, 34, 43, 42, 41, 40, 49, 48, 57, 56, 55, 54, 63, 72, 73, 74, 75, 76, 67, 68, 69, 78, 79, 80]. g_current=21, g_opposite=21, f_max=53, generated=2,477
[00:00:00:14:560] Expansion 2,065: New longest path found with length 44: [0, 9, 18, 19, 20, 11, 2, 3, 4, 13, 22, 23, 24, 15, 6, 7, 8, 17, 26, 35, 34, 43, 42, 41, 40, 49, 48, 57, 56, 55, 54, 63, 72, 73, 74, 75, 76, 67, 68, 69, 60, 61, 62, 71, 80]. g_current=21, g_opposite=23, f_max=52, generated=3,469
[00:00:00:22:949] Expansion 3,288: New longest path found with length 46: [0, 9, 18, 27, 36, 37, 38, 47, 56, 55, 54, 63, 72, 73, 74, 75, 66, 67, 58, 59, 50, 41, 40, 31, 30, 21, 20, 11, 2, 3, 4, 13, 14, 15, 6, 7, 8, 17, 26, 35, 34, 43, 52, 53, 62, 71, 80]. g_current=24, g_opposite=22, f_max=52, generated=5,652
[00:00:00:25:835] Expansion 3,694: New longest path found with length 48: [0, 9, 18, 27, 36, 37, 38, 29, 20, 11, 2, 3, 4, 13, 22, 23, 24, 15, 6, 7, 8, 17, 26, 35, 34, 43, 42, 41, 40, 49, 48, 57, 56, 55, 54, 63, 72, 73, 74, 75, 76, 67, 68, 69, 60, 61, 62, 71, 80]. g_current=25, g_opposite=23, f_max=52, generated=6,377
[00:00:02:16:187] Expansion 20,000: f=49, g=20
[00:00:03:10:154] Path of length 48 found: [0, 9, 18, 27, 36, 37, 38, 29, 20, 11, 2, 3, 4, 13, 22, 23, 24, 15, 6, 7, 8, 17, 26, 35, 34, 43, 42, 41, 40, 49, 48, 57, 56, 55, 54, 63, 72, 73, 74, 75, 76, 67, 68, 69, 60, 61, 62, 71, 80]
[00:00:03:10:766] ! Bidirectional. expansions: 26,834, time: 190,154 [ms], path length: 48 [edges], g_F: 25, g_B: 23, generated: 49,294, MM: 2, MMPER: 3.0816326530612246%
[00:00:03:10:766] 
---------- SM_Grids/9x9_grid_with_random_blocks_8per_7 ----------
[00:00:04:24:573] Path of length 48 found: [0, 9, 10, 11, 2, 3, 4, 13, 14, 15, 6, 7, 8, 17, 26, 25, 34, 43, 44, 53, 62, 61, 60, 51, 50, 41, 32, 31, 30, 29, 28, 27, 36, 45, 54, 63, 72, 73, 74, 65, 56, 57, 58, 67, 76, 77, 78, 79, 80]
[00:00:04:24:574] ! Unidirectional s-t. expansions: 6,494, time: 264,573 [ms], path length: 48 [edges], generated: 152,636
[00:00:02:38:016] Path of length 48 found: [80, 79, 78, 77, 68, 67, 58, 57, 56, 65, 74, 73, 72, 63, 54, 45, 46, 37, 38, 29, 30, 31, 40, 41, 50, 51, 60, 61, 62, 53, 44, 43, 34, 25, 26, 17, 8, 7, 6, 15, 14, 13, 4, 3, 2, 11, 10, 9, 0]
[00:00:02:38:017] ! Unidirectional t-s. expansions: 5,751, time: 158,016 [ms], path length: 48 [edges], generated: 95,390
[00:00:00:00:687] Expansion 76: New longest path found with length 24: [0, 1, 2, 11, 12, 13, 4, 5, 6, 7, 8, 17, 26, 25, 34, 43, 44, 53, 62, 61, 60, 69, 78, 79, 80]. g_current=10, g_opposite=14, f_max=56, generated=127
[00:00:00:00:928] Expansion 106: New longest path found with length 26: [0, 9, 10, 11, 2, 3, 4, 13, 14, 15, 6, 7, 8, 17, 26, 25, 34, 43, 44, 53, 62, 61, 60, 69, 78, 79, 80]. g_current=15, g_opposite=11, f_max=56, generated=178
[00:00:00:01:887] Expansion 221: New longest path found with length 28: [0, 1, 2, 11, 12, 13, 4, 5, 6, 7, 8, 17, 26, 25, 24, 23, 32, 41, 42, 43, 44, 53, 62, 61, 60, 69, 78, 79, 80]. g_current=11, g_opposite=17, f_max=55, generated=359
[00:00:00:02:343] Expansion 274: New longest path found with length 30: [0, 1, 2, 11, 12, 13, 4, 5, 6, 7, 8, 17, 26, 25, 24, 23, 32, 31, 40, 49, 50, 51, 42, 43, 44, 53, 62, 61, 70, 79, 80]. g_current=19, g_opposite=11, f_max=55, generated=460
[00:00:00:02:697] Expansion 323: New longest path found with length 32: [0, 1, 10, 19, 18, 27, 36, 37, 38, 29, 30, 31, 32, 23, 14, 15, 6, 7, 8, 17, 26, 25, 34, 43, 44, 53, 62, 61, 60, 69, 78, 79, 80]. g_current=14, g_opposite=18, f_max=55, generated=548
[00:00:00:04:261] Expansion 529: New longest path found with length 36: [0, 1, 2, 11, 12, 13, 4, 5, 6, 7, 8, 17, 26, 25, 24, 23, 32, 31, 40, 39, 48, 47, 56, 55, 54, 63, 72, 73, 74, 75, 66, 67, 68, 77, 78, 79, 80]. g_current=16, g_opposite=20, f_max=54, generated=895
[00:00:00:07:887] Expansion 1,019: New longest path found with length 42: [0, 9, 10, 11, 2, 3, 4, 13, 14, 15, 6, 7, 8, 17, 26, 25, 34, 43, 44, 53, 62, 61, 60, 51, 50, 49, 48, 47, 56, 55, 54, 63, 72, 73, 74, 75, 66, 67, 68, 77, 78, 79, 80]. g_current=17, g_opposite=25, f_max=53, generated=1,754
[00:00:00:11:040] Expansion 1,445: New longest path found with length 44: [0, 9, 10, 11, 2, 3, 4, 13, 14, 15, 6, 7, 8, 17, 26, 25, 34, 43, 44, 53, 62, 61, 60, 51, 50, 41, 40, 39, 48, 47, 56, 55, 54, 63, 72, 73, 74, 75, 66, 67, 68, 77, 78, 79, 80]. g_current=26, g_opposite=18, f_max=53, generated=2,526
[00:00:00:17:318] Expansion 2,278: New longest path found with length 46: [0, 1, 2, 11, 12, 13, 4, 5, 6, 7, 8, 17, 26, 25, 24, 23, 32, 31, 40, 39, 38, 29, 28, 27, 36, 45, 54, 63, 72, 73, 74, 75, 76, 77, 68, 59, 50, 51, 42, 43, 44, 53, 62, 61, 70, 79, 80]. g_current=21, g_opposite=25, f_max=52, generated=4,055
[00:00:00:17:894] Expansion 2,379: New longest path found with length 48: [0, 9, 10, 11, 2, 3, 4, 13, 14, 15, 6, 7, 8, 17, 26, 25, 34, 43, 44, 53, 62, 61, 60, 51, 50, 41, 40, 31, 30, 29, 38, 37, 46, 45, 54, 63, 72, 73, 74, 65, 56, 57, 58, 67, 68, 77, 78, 79, 80]. g_current=22, g_opposite=26, f_max=52, generated=4,229
[00:00:02:14:303] Expansion 20,000: f=49, g=20
[00:00:04:19:655] Expansion 40,000: f=48, g=16
[00:00:06:31:465] Expansion 60,000: f=47, g=22
[00:00:07:49:059] Path of length 48 found: [0, 9, 10, 11, 2, 3, 4, 13, 14, 15, 6, 7, 8, 17, 26, 25, 34, 43, 44, 53, 62, 61, 60, 51, 50, 41, 40, 31, 30, 29, 38, 37, 46, 45, 54, 63, 72, 73, 74, 65, 56, 57, 58, 67, 68, 77, 78, 79, 80]
[00:00:07:49:740] ! Bidirectional. expansions: 68,122, time: 469,059 [ms], path length: 48 [edges], g_F: 26, g_B: 22, generated: 125,750, MM: 4, MMPER: 7.163265306122449%
[00:00:07:49:741] 
---------- SM_Grids/9x9_grid_with_random_blocks_8per_8 ----------
[00:00:00:44:250] Path of length 50 found: [0, 9, 18, 27, 36, 37, 46, 55, 54, 63, 72, 73, 74, 65, 66, 67, 76, 77, 78, 69, 60, 59, 50, 49, 48, 39, 30, 29, 20, 11, 2, 3, 4, 13, 22, 23, 24, 15, 6, 7, 8, 17, 26, 35, 34, 43, 52, 53, 62, 71, 80]
[00:00:00:44:252] ! Unidirectional s-t. expansions: 1,134, time: 44,250 [ms], path length: 50 [edges], generated: 22,556
[00:00:00:44:637] Path of length 50 found: [80, 71, 62, 61, 60, 69, 78, 77, 76, 67, 66, 65, 74, 73, 72, 63, 54, 55, 46, 37, 36, 27, 18, 19, 20, 29, 30, 39, 48, 49, 50, 41, 42, 43, 34, 35, 26, 17, 8, 7, 6, 15, 24, 23, 22, 13, 4, 3, 2, 1, 0]
[00:00:00:44:642] ! Unidirectional t-s. expansions: 1,356, time: 44,641 [ms], path length: 50 [edges], generated: 24,408
[00:00:00:00:828] Expansion 109: New longest path found with length 16: [0, 1, 2, 3, 4, 5, 6, 7, 8, 17, 26, 35, 44, 53, 62, 71, 80]. g_current=5, g_opposite=11, f_max=56, generated=190
[00:00:00:00:903] Expansion 120: New longest path found with length 20: [0, 9, 18, 27, 28, 37, 46, 55, 54, 63, 72, 73, 74, 75, 76, 77, 78, 69, 70, 71, 80]. g_current=12, g_opposite=8, f_max=56, generated=207
[00:00:00:00:916] Expansion 122: New longest path found with length 22: [0, 9, 18, 27, 28, 37, 46, 55, 54, 63, 72, 73, 74, 75, 76, 77, 78, 69, 60, 61, 62, 71, 80]. g_current=13, g_opposite=9, f_max=56, generated=210
[00:00:00:01:167] Expansion 164: New longest path found with length 30: [0, 9, 18, 27, 28, 37, 46, 55, 54, 63, 72, 73, 74, 75, 76, 77, 78, 69, 60, 59, 50, 41, 42, 33, 34, 35, 44, 53, 62, 71, 80]. g_current=16, g_opposite=14, f_max=55, generated=273
[00:00:00:02:508] Expansion 391: New longest path found with length 32: [0, 9, 18, 27, 28, 37, 46, 55, 54, 63, 72, 73, 74, 65, 66, 67, 76, 77, 78, 69, 60, 59, 50, 41, 42, 33, 34, 35, 44, 53, 62, 71, 80]. g_current=14, g_opposite=18, f_max=55, generated=602
[00:00:00:02:848] Expansion 438: New longest path found with length 34: [0, 1, 2, 11, 20, 19, 18, 27, 36, 37, 46, 55, 54, 63, 72, 73, 74, 75, 76, 77, 78, 69, 60, 59, 50, 41, 42, 33, 34, 35, 44, 53, 62, 71, 80]. g_current=17, g_opposite=17, f_max=55, generated=684
[00:00:00:02:995] Expansion 455: New longest path found with length 36: [0, 1, 2, 11, 20, 19, 18, 27, 36, 37, 46, 55, 54, 63, 72, 73, 74, 65, 66, 67, 76, 77, 78, 69, 60, 59, 50, 41, 42, 33, 34, 35, 44, 53, 62, 71, 80]. g_current=18, g_opposite=18, f_max=54, generated=720
[00:00:00:07:145] Expansion 1,158: New longest path found with length 38: [0, 9, 18, 27, 28, 37, 46, 55, 54, 63, 72, 73, 74, 65, 66, 67, 76, 77, 78, 69, 60, 59, 50, 41, 42, 33, 24, 15, 6, 7, 8, 17, 26, 35, 44, 53, 62, 71, 80]. g_current=16, g_opposite=22, f_max=53, generated=1,863
[00:00:00:07:163] Expansion 1,160: New longest path found with length 40: [0, 1, 10, 19, 18, 27, 36, 37, 46, 55, 54, 63, 72, 73, 74, 65, 66, 67, 76, 77, 78, 69, 60, 59, 50, 41, 42, 33, 24, 15, 6, 7, 8, 17, 26, 35, 44, 53, 62, 71, 80]. g_current=18, g_opposite=22, f_max=53, generated=1,868
[00:00:00:07:184] Expansion 1,165: New longest path found with length 42: [0, 1, 2, 11, 20, 19, 18, 27, 36, 37, 46, 55, 54, 63, 72, 73, 74, 65, 66, 67, 76, 77, 78, 69, 60, 59, 50, 41, 42, 33, 24, 15, 6, 7, 8, 17, 26, 35, 44, 53, 62, 71, 80]. g_current=23, g_opposite=19, f_max=53, generated=1,874
[00:00:00:11:615] Expansion 1,905: New longest path found with length 44: [0, 1, 2, 3, 4, 5, 14, 23, 22, 31, 30, 29, 20, 19, 18, 27, 36, 37, 46, 55, 54, 63, 72, 73, 74, 65, 66, 67, 76, 77, 78, 69, 60, 59, 50, 41, 42, 33, 34, 35, 44, 53, 62, 71, 80]. g_current=17, g_opposite=27, f_max=53, generated=3,128
[00:00:00:12:215] Expansion 2,013: New longest path found with length 48: [0, 1, 2, 3, 4, 13, 22, 31, 30, 29, 20, 19, 18, 27, 36, 37, 46, 55, 54, 63, 72, 73, 74, 65, 66, 67, 76, 77, 78, 69, 60, 59, 50, 41, 42, 33, 24, 15, 6, 7, 8, 17, 26, 35, 44, 53, 62, 71, 80]. g_current=24, g_opposite=24, f_max=53, generated=3,296
[00:00:00:25:061] Expansion 4,241: New longest path found with length 50: [0, 9, 18, 27, 36, 37, 46, 55, 54, 63, 72, 73, 74, 65, 66, 67, 76, 77, 78, 69, 60, 59, 50, 49, 48, 39, 30, 29, 20, 11, 2, 3, 4, 13, 22, 23, 24, 15, 6, 7, 8, 17, 26, 35, 34, 43, 52, 53, 62, 71, 80]. g_current=24, g_opposite=26, f_max=51, generated=7,053
[00:00:00:49:334] Path of length 50 found: [0, 9, 18, 27, 36, 37, 46, 55, 54, 63, 72, 73, 74, 65, 66, 67, 76, 77, 78, 69, 60, 59, 50, 49, 48, 39, 30, 29, 20, 11, 2, 3, 4, 13, 22, 23, 24, 15, 6, 7, 8, 17, 26, 35, 34, 43, 52, 53, 62, 71, 80]
[00:00:00:49:937] ! Bidirectional. expansions: 8,359, time: 49,334 [ms], path length: 50 [edges], g_F: 26, g_B: 24, generated: 13,845, MM: 2, MMPER: 2.9215686274509802%
[00:00:00:49:938] 
---------- SM_Grids/9x9_grid_with_random_blocks_8per_9 ----------
[00:00:05:41:675] Expansion 10,000: state None, f=47, g=20
[00:00:06:30:735] Path of length 46 found: [0, 9, 18, 19, 20, 11, 2, 3, 4, 5, 6, 7, 16, 17, 26, 35, 34, 33, 24, 23, 22, 31, 40, 49, 48, 47, 38, 37, 36, 45, 54, 55, 64, 73, 74, 75, 66, 67, 68, 59, 60, 51, 52, 53, 62, 71, 80]
[00:00:06:30:736] ! Unidirectional s-t. expansions: 11,279, time: 390,735 [ms], path length: 46 [edges], generated: 239,467
[00:00:01:55:075] Path of length 46 found: [80, 71, 62, 53, 52, 51, 60, 59, 68, 67, 66, 75, 74, 73, 64, 55, 54, 45, 36, 27, 18, 19, 20, 29, 38, 47, 48, 49, 40, 31, 22, 23, 24, 33, 34, 35, 26, 17, 8, 7, 6, 5, 4, 3, 2, 1, 0]
[00:00:01:55:076] ! Unidirectional t-s. expansions: 3,222, time: 115,075 [ms], path length: 46 [edges], generated: 74,323
[00:00:00:00:437] Expansion 44: New longest path found with length 24: [0, 1, 2, 11, 12, 13, 4, 5, 6, 7, 8, 17, 26, 35, 44, 53, 52, 51, 60, 59, 68, 77, 78, 79, 80]. g_current=12, g_opposite=12, f_max=55, generated=78
[00:00:00:01:827] Expansion 230: New longest path found with length 26: [0, 9, 18, 19, 20, 11, 2, 3, 4, 5, 6, 7, 8, 17, 26, 35, 44, 53, 52, 51, 60, 59, 68, 77, 78, 79, 80]. g_current=7, g_opposite=19, f_max=54, generated=390
[00:00:00:04:182] Expansion 566: New longest path found with length 28: [0, 9, 18, 27, 28, 29, 20, 11, 2, 3, 4, 5, 6, 7, 8, 17, 26, 35, 44, 53, 52, 51, 60, 59, 68, 77, 78, 79, 80]. g_current=6, g_opposite=22, f_max=53, generated=997
[00:00:00:05:808] Expansion 765: New longest path found with length 30: [0, 1, 2, 11, 12, 13, 4, 5, 6, 7, 8, 17, 26, 35, 44, 53, 52, 51, 42, 33, 32, 31, 40, 49, 58, 59, 68, 77, 78, 79, 80]. g_current=19, g_opposite=11, f_max=52, generated=1,365
[00:00:00:05:955] Expansion 786: New longest path found with length 36: [0, 1, 2, 3, 4, 5, 6, 7, 8, 17, 26, 35, 34, 33, 24, 23, 22, 21, 20, 19, 18, 27, 36, 45, 54, 55, 64, 73, 74, 75, 66, 67, 68, 77, 78, 79, 80]. g_current=18, g_opposite=18, f_max=52, generated=1,408
[00:00:00:11:618] Expansion 1,590: New longest path found with length 42: [0, 1, 10, 19, 18, 27, 36, 45, 54, 55, 64, 73, 74, 75, 66, 57, 48, 47, 38, 29, 30, 21, 12, 3, 4, 5, 6, 7, 8, 17, 26, 35, 44, 53, 52, 51, 60, 59, 68, 77, 78, 79, 80]. g_current=21, g_opposite=21, f_max=51, generated=2,816
[00:00:00:22:984] Expansion 3,136: New longest path found with length 44: [0, 9, 18, 19, 20, 11, 2, 3, 4, 5, 6, 7, 16, 17, 26, 35, 34, 33, 24, 23, 22, 31, 30, 39, 38, 37, 36, 45, 54, 55, 64, 73, 74, 75, 66, 67, 68, 59, 60, 51, 52, 53, 62, 71, 80]. g_current=20, g_opposite=24, f_max=50, generated=5,693
[00:00:00:23:004] Expansion 3,140: New longest path found with length 46: [0, 9, 18, 19, 20, 11, 2, 3, 4, 5, 6, 7, 16, 17, 26, 35, 34, 33, 24, 23, 22, 31, 40, 49, 48, 47, 38, 37, 36, 45, 54, 55, 64, 73, 74, 75, 66, 67, 68, 59, 60, 51, 52, 53, 62, 71, 80]. g_current=24, g_opposite=22, f_max=50, generated=5,699
[00:00:02:13:190] Expansion 20,000: f=47, g=22
[00:00:03:38:483] Path of length 46 found: [0, 9, 18, 19, 20, 11, 2, 3, 4, 5, 6, 7, 16, 17, 26, 35, 34, 33, 24, 23, 22, 31, 40, 49, 48, 47, 38, 37, 36, 45, 54, 55, 64, 73, 74, 75, 66, 67, 68, 59, 60, 51, 52, 53, 62, 71, 80]
[00:00:03:39:147] ! Bidirectional. expansions: 31,684, time: 218,483 [ms], path length: 46 [edges], g_F: 22, g_B: 24, generated: 59,149, MM: 2, MMPER: 3.25531914893617%

[00:00:03:39:147] average expansions: (6,340, 6,161, 42,514, 0)
[00:00:03:39:147] average time: (204,979, 196,463, 283,379, 0)
[00:00:03:39:147] XA*: 6,161 , 196,463 (expansions , time[ms])
[00:00:03:39:147] XMM: 42,514 , 283,379 (expansions , time[ms])

