------------------------------------
Thu 01 Oct 2026 15:01:41 IDT
SLURM_JOBID:		21950321
SLURM_JOB_NODELIST:	ise-cpu256-01
SLURM_SCRATCH_DIR:	/scratch/shubit/21950321
Allocated Resouces:	cpu - 2 / mem - 61440 MB / gpu - 
SLURM_GPU_INDEX:	
Running as shubit from shimony account with normal QOS
------------------------------------
Thu 01 Oct 2026 15:01:41 IDT

SLURM_JOBID:		 21950321
SLURM_JOB_NODELIST:	 ise-cpu256-01 

--------------------------
date: SM_Grids
number_of_graphs: 10
graph_type: grid
size_of_graphs: [9, 9]
heuristic: bcc_heuristic
snake: True
run_uni: True
run_bi: True
run_multi: False
solution_vertices: []
algorithms: ['DFBnB']
lookahead: 1
bsd: False
cube_first_dims: 4
cube_buffer_dim: None
backward_sym_generation: False
sym_coil: False
prefix_set: None

---------- SM_Grids/9x9_grid_with_random_blocks_20per_0 ----------
[00:00:00:11:733] Path of length 34 found: [0, 9, 18, 27, 28, 37, 46, 45, 54, 63, 64, 65, 56, 57, 48, 49, 40, 31, 30, 21, 12, 13, 14, 15, 16, 25, 34, 33, 42, 51, 60, 69, 70, 71, 80]
[00:00:00:11:733] ! Unidirectional s-t. expansions: 2,846, time: 11,733 [ms], path length: 34 [edges], generated: 5,205
[00:00:00:21:880] Path of length 34 found: [80, 71, 62, 53, 52, 51, 42, 33, 34, 25, 16, 15, 14, 13, 12, 21, 30, 31, 40, 49, 58, 57, 56, 65, 64, 63, 54, 45, 46, 37, 28, 19, 10, 9, 0]
[00:00:00:21:881] ! Unidirectional t-s. expansions: 4,905, time: 21,880 [ms], path length: 34 [edges], generated: 8,881
[00:00:01:43:308] Path of length 34 found: [0, 9, 18, 27, 28, 37, 46, 45, 54, 63, 64, 65, 56, 57, 48, 49, 40, 31, 30, 21, 12, 13, 14, 15, 16, 25, 34, 33, 42, 51, 52, 53, 62, 71, 80]
[00:00:01:43:913] ! Bidirectional. expansions: 13,204, time: 103,308 [ms], path length: 34 [edges], g_F: 24, g_B: 10, generated: 0, MM: 14, MMPER: 39.0%
[00:00:01:43:914] 
---------- SM_Grids/9x9_grid_with_random_blocks_20per_1 ----------
[00:00:00:05:791] Path of length 30 found: [0, 9, 18, 27, 28, 37, 38, 39, 40, 31, 22, 21, 12, 3, 4, 5, 14, 15, 16, 25, 26, 35, 44, 43, 42, 51, 60, 61, 62, 71, 80]
[00:00:00:05:791] ! Unidirectional s-t. expansions: 1,527, time: 5,791 [ms], path length: 30 [edges], generated: 2,212
[00:00:00:07:043] Path of length 30 found: [80, 71, 62, 61, 60, 51, 42, 43, 44, 35, 26, 25, 16, 7, 6, 5, 4, 3, 12, 21, 22, 31, 40, 39, 38, 29, 28, 27, 18, 9, 0]
[00:00:00:07:043] ! Unidirectional t-s. expansions: 1,569, time: 7,043 [ms], path length: 30 [edges], generated: 2,716
[00:00:00:30:053] Path of length 30 found: [0, 9, 18, 27, 28, 37, 38, 39, 40, 31, 22, 21, 12, 3, 4, 5, 6, 7, 16, 25, 26, 35, 44, 43, 42, 51, 60, 61, 62, 71, 80]
[00:00:00:30:642] ! Bidirectional. expansions: 5,452, time: 30,054 [ms], path length: 30 [edges], g_F: 9, g_B: 21, generated: 0, MM: 12, MMPER: 37.70967741935484%
[00:00:00:30:642] 
---------- SM_Grids/9x9_grid_with_random_blocks_20per_2 ----------
[00:00:00:04:112] Path of length 34 found: [0, 9, 10, 19, 20, 21, 30, 31, 32, 23, 14, 5, 6, 7, 16, 25, 26, 35, 44, 43, 42, 51, 60, 59, 58, 57, 56, 65, 74, 75, 76, 77, 78, 79, 80]
[00:00:00:04:112] ! Unidirectional s-t. expansions: 803, time: 4,112 [ms], path length: 34 [edges], generated: 1,502
[00:00:00:03:797] Path of length 34 found: [80, 79, 78, 77, 76, 75, 74, 65, 56, 57, 58, 59, 60, 51, 42, 43, 44, 35, 26, 25, 16, 7, 6, 5, 14, 23, 32, 31, 30, 21, 20, 19, 10, 9, 0]
[00:00:00:03:798] ! Unidirectional t-s. expansions: 693, time: 3,797 [ms], path length: 34 [edges], generated: 1,231
[00:00:00:19:372] Path of length 34 found: [0, 9, 10, 19, 20, 21, 30, 31, 32, 23, 14, 5, 6, 7, 16, 25, 26, 35, 44, 43, 42, 51, 60, 59, 58, 57, 56, 65, 74, 75, 76, 77, 78, 79, 80]
[00:00:00:19:942] ! Bidirectional. expansions: 2,496, time: 19,372 [ms], path length: 34 [edges], g_F: 12, g_B: 22, generated: 0, MM: 10, MMPER: 27.571428571428573%
[00:00:00:19:942] 
---------- SM_Grids/9x9_grid_with_random_blocks_20per_3 ----------
[00:00:00:07:743] Path of length 38 found: [0, 9, 10, 11, 2, 3, 4, 13, 14, 15, 16, 17, 26, 35, 34, 33, 32, 41, 40, 39, 30, 29, 28, 27, 36, 45, 54, 55, 56, 57, 66, 67, 68, 59, 60, 61, 70, 79, 80]
[00:00:00:07:743] ! Unidirectional s-t. expansions: 2,658, time: 7,743 [ms], path length: 38 [edges], generated: 3,695
[00:00:00:05:242] Path of length 38 found: [80, 79, 70, 61, 60, 59, 68, 67, 66, 57, 56, 55, 46, 45, 36, 27, 28, 29, 38, 39, 40, 41, 32, 33, 34, 35, 26, 17, 16, 15, 14, 5, 4, 3, 2, 11, 10, 9, 0]
[00:00:00:05:243] ! Unidirectional t-s. expansions: 1,366, time: 5,242 [ms], path length: 38 [edges], generated: 2,150
[00:00:00:16:913] Path of length 38 found: [0, 9, 10, 11, 2, 3, 4, 13, 14, 15, 16, 17, 26, 35, 34, 33, 32, 41, 40, 39, 30, 29, 28, 27, 36, 45, 54, 55, 56, 57, 66, 67, 68, 59, 60, 61, 70, 79, 80]
[00:00:00:17:475] ! Bidirectional. expansions: 2,051, time: 16,913 [ms], path length: 38 [edges], g_F: 32, g_B: 6, generated: 0, MM: 26, MMPER: 65.66666666666667%
[00:00:00:17:476] 
---------- SM_Grids/9x9_grid_with_random_blocks_20per_4 ----------
[00:00:00:02:797] Path of length 36 found: [0, 9, 10, 19, 28, 37, 36, 45, 54, 63, 64, 65, 56, 47, 48, 49, 40, 31, 30, 21, 12, 3, 4, 5, 14, 15, 16, 25, 34, 43, 42, 51, 60, 69, 70, 79, 80]
[00:00:00:02:798] ! Unidirectional s-t. expansions: 695, time: 2,797 [ms], path length: 36 [edges], generated: 1,070
[00:00:00:03:235] Path of length 36 found: [80, 71, 62, 61, 60, 51, 42, 43, 34, 25, 16, 15, 6, 5, 4, 3, 12, 21, 30, 31, 40, 49, 48, 47, 56, 65, 64, 63, 54, 45, 36, 37, 28, 19, 10, 1, 0]
[00:00:00:03:236] ! Unidirectional t-s. expansions: 801, time: 3,235 [ms], path length: 36 [edges], generated: 1,257
[00:00:00:26:697] Path of length 36 found: [0, 9, 10, 19, 28, 37, 36, 45, 54, 63, 64, 65, 56, 47, 48, 49, 40, 31, 30, 21, 12, 3, 4, 5, 6, 15, 16, 25, 34, 43, 42, 51, 60, 61, 62, 71, 80]
[00:00:00:27:262] ! Bidirectional. expansions: 3,792, time: 26,697 [ms], path length: 36 [edges], g_F: 11, g_B: 25, generated: 0, MM: 14, MMPER: 36.83783783783784%
[00:00:00:27:262] 
---------- SM_Grids/9x9_grid_with_random_blocks_20per_5 ----------
[00:00:00:13:972] Path of length 34 found: [0, 1, 10, 19, 28, 29, 38, 47, 56, 65, 66, 67, 58, 59, 50, 41, 32, 31, 22, 13, 14, 15, 6, 7, 8, 17, 26, 25, 34, 43, 52, 61, 70, 79, 80]
[00:00:00:13:973] ! Unidirectional s-t. expansions: 3,240, time: 13,972 [ms], path length: 34 [edges], generated: 5,308
[00:00:00:11:840] Path of length 34 found: [80, 71, 62, 61, 52, 43, 44, 35, 26, 17, 8, 7, 6, 15, 24, 33, 32, 41, 50, 59, 58, 67, 66, 65, 56, 47, 48, 39, 30, 21, 20, 19, 10, 1, 0]
[00:00:00:11:840] ! Unidirectional t-s. expansions: 2,854, time: 11,840 [ms], path length: 34 [edges], generated: 4,728
[00:00:01:20:744] Path of length 34 found: [0, 1, 10, 19, 28, 29, 30, 39, 48, 47, 56, 65, 66, 67, 68, 59, 50, 41, 32, 33, 24, 15, 6, 7, 8, 17, 26, 35, 44, 43, 52, 61, 62, 71, 80]
[00:00:01:21:333] ! Bidirectional. expansions: 11,219, time: 80,744 [ms], path length: 34 [edges], g_F: 5, g_B: 29, generated: 0, MM: 24, MMPER: 67.57142857142857%
[00:00:01:21:333] 
---------- SM_Grids/9x9_grid_with_random_blocks_20per_6 ----------
[00:00:00:01:705] Path of length 18 found: [0, 9, 18, 27, 28, 29, 38, 39, 40, 41, 50, 59, 58, 67, 76, 77, 78, 79, 80]
[00:00:00:01:706] ! Unidirectional s-t. expansions: 355, time: 1,705 [ms], path length: 18 [edges], generated: 587
[00:00:00:03:082] Path of length 18 found: [80, 79, 78, 77, 76, 67, 58, 59, 50, 41, 40, 39, 30, 29, 28, 27, 18, 9, 0]
[00:00:00:03:083] ! Unidirectional t-s. expansions: 805, time: 3,082 [ms], path length: 18 [edges], generated: 1,171
[00:00:02:16:255] Expansions: 50,000. F states: 16,980, B states: 44,155. Checks: 93,163)
[00:00:04:04:279] Path of length 18 found: [0, 9, 18, 27, 28, 29, 38, 39, 40, 41, 50, 59, 58, 67, 76, 77, 78, 79, 80]
[00:00:04:04:875] ! Bidirectional. expansions: 89,050, time: 244,279 [ms], path length: 18 [edges], g_F: 10, g_B: 8, generated: 0, MM: 2, MMPER: 9.526315789473685%
[00:00:04:04:875] 
---------- SM_Grids/9x9_grid_with_random_blocks_20per_7 ----------
[00:00:00:25:151] Path of length 28 found: [0, 9, 10, 11, 20, 21, 30, 31, 40, 49, 48, 47, 38, 37, 36, 45, 54, 63, 64, 65, 66, 67, 68, 59, 60, 61, 70, 79, 80]
[00:00:00:25:151] ! Unidirectional s-t. expansions: 6,540, time: 25,151 [ms], path length: 28 [edges], generated: 10,323
[00:00:00:04:059] Path of length 28 found: [80, 71, 62, 61, 60, 59, 68, 67, 66, 65, 64, 63, 54, 45, 36, 37, 38, 47, 48, 49, 40, 31, 22, 21, 20, 11, 10, 1, 0]
[00:00:00:04:059] ! Unidirectional t-s. expansions: 838, time: 4,059 [ms], path length: 28 [edges], generated: 1,503
[00:00:00:56:161] Path of length 28 found: [0, 9, 10, 11, 20, 21, 30, 31, 40, 49, 48, 47, 38, 37, 36, 45, 54, 63, 64, 65, 66, 67, 68, 59, 60, 61, 62, 71, 80]
[00:00:00:56:726] ! Bidirectional. expansions: 6,265, time: 56,161 [ms], path length: 28 [edges], g_F: 26, g_B: 2, generated: 0, MM: 24, MMPER: 81.75862068965517%
[00:00:00:56:726] 
---------- SM_Grids/9x9_grid_with_random_blocks_20per_8 ----------
[00:00:00:11:664] Path of length 38 found: [0, 9, 18, 27, 28, 29, 20, 21, 12, 3, 4, 5, 14, 15, 16, 17, 26, 35, 34, 43, 52, 61, 60, 59, 50, 49, 48, 47, 46, 55, 64, 65, 66, 75, 76, 77, 78, 79, 80]
[00:00:00:11:664] ! Unidirectional s-t. expansions: 2,782, time: 11,664 [ms], path length: 38 [edges], generated: 4,716
[00:00:00:08:537] Path of length 38 found: [80, 79, 78, 77, 76, 75, 66, 65, 64, 55, 46, 47, 48, 49, 58, 59, 60, 51, 52, 53, 44, 35, 26, 17, 16, 15, 14, 5, 4, 3, 12, 21, 20, 29, 28, 27, 18, 9, 0]
[00:00:00:08:538] ! Unidirectional t-s. expansions: 2,356, time: 8,537 [ms], path length: 38 [edges], generated: 3,796
[00:00:00:44:940] Path of length 38 found: [0, 9, 18, 27, 28, 29, 20, 21, 12, 3, 4, 5, 14, 15, 16, 17, 26, 35, 34, 43, 52, 61, 60, 59, 50, 49, 48, 47, 46, 55, 64, 65, 66, 75, 76, 77, 78, 79, 80]
[00:00:00:45:503] ! Bidirectional. expansions: 5,912, time: 44,940 [ms], path length: 38 [edges], g_F: 24, g_B: 14, generated: 0, MM: 10, MMPER: 24.641025641025642%
[00:00:00:45:503] 
---------- SM_Grids/9x9_grid_with_random_blocks_20per_9 ----------
[00:00:00:05:573] Path of length 34 found: [0, 9, 18, 27, 36, 37, 46, 55, 54, 63, 72, 73, 74, 75, 76, 67, 58, 49, 48, 39, 30, 21, 22, 23, 24, 25, 34, 43, 42, 51, 60, 69, 70, 71, 80]
[00:00:00:05:574] ! Unidirectional s-t. expansions: 1,314, time: 5,573 [ms], path length: 34 [edges], generated: 2,266
[00:00:00:04:206] Path of length 34 found: [80, 71, 70, 69, 60, 51, 52, 43, 34, 25, 24, 23, 22, 21, 30, 39, 40, 49, 58, 67, 76, 75, 74, 73, 72, 63, 54, 55, 46, 37, 36, 27, 18, 9, 0]
[00:00:00:04:207] ! Unidirectional t-s. expansions: 1,377, time: 4,206 [ms], path length: 34 [edges], generated: 2,008
[00:00:00:45:073] Path of length 34 found: [0, 9, 18, 27, 36, 37, 46, 55, 54, 63, 72, 73, 74, 75, 76, 67, 58, 57, 48, 39, 30, 21, 22, 23, 24, 25, 34, 43, 52, 51, 60, 69, 70, 71, 80]
[00:00:00:45:628] ! Bidirectional. expansions: 11,262, time: 45,073 [ms], path length: 34 [edges], g_F: 25, g_B: 9, generated: 0, MM: 16, MMPER: 44.714285714285715%

[00:00:00:45:628] average expansions: (2,276, 1,756, 15,070, 0)
[00:00:00:45:628] average time: (9,024, 7,292, 66,754, 0)
[00:00:00:45:628] XDFBnB: 1,756 , 7,292 (expansions , time[ms])
[00:00:00:45:628] BiXDFBnB: 15,070 , 66,754 (expansions , time[ms])

