------------------------------------
Thu 01 Oct 2026 13:00:24 IDT
SLURM_JOBID:		21944811
SLURM_JOB_NODELIST:	ise-cpu256-12
SLURM_SCRATCH_DIR:	/scratch/shubit/21944811
Allocated Resouces:	cpu - 2 / mem - 61440 MB / gpu - 
SLURM_GPU_INDEX:	
Running as shubit from shimony account with normal QOS
------------------------------------
Thu 01 Oct 2026 13:00:24 IDT

SLURM_JOBID:		 21944811
SLURM_JOB_NODELIST:	 ise-cpu256-12 

--------------------------
date: SM_Grids
number_of_graphs: 10
graph_type: grid
size_of_graphs: [9, 9]
heuristic: bcc_heuristic
snake: True
run_uni: True
run_bi: True
run_multi: False
solution_vertices: []
algorithms: ['IDA']
lookahead: 3
bsd: False
cube_first_dims: 4
cube_buffer_dim: None
backward_sym_generation: False
sym_coil: False
prefix_set: None

---------- SM_Grids/9x9_grid_with_random_blocks_20per_0 ----------
[00:00:00:57:974] Path of length 34 found: [0, 9, 18, 27, 28, 37, 46, 45, 54, 63, 64, 65, 56, 57, 48, 49, 50, 41, 32, 31, 30, 21, 12, 13, 14, 15, 24, 25, 34, 43, 52, 61, 70, 71, 80]
[00:00:00:57:975] ! Unidirectional s-t. expansions: 3,924, time: 57,975 [ms], path length: 34 [edges], generated: 41,943
[00:00:01:24:781] Path of length 34 found: [80, 71, 62, 53, 52, 43, 34, 25, 16, 15, 14, 13, 12, 21, 30, 31, 40, 41, 50, 59, 58, 57, 56, 65, 64, 63, 54, 45, 46, 37, 28, 19, 10, 9, 0]
[00:00:01:24:781] ! Unidirectional t-s. expansions: 6,469, time: 84,781 [ms], path length: 34 [edges], generated: 64,069
[00:00:02:56:088] Path of length 34 found: [0, 9, 18, 19, 20, 29, 38, 37, 46, 45, 54, 63, 64, 65, 56, 57, 48, 49, 40, 31, 22, 13, 14, 15, 16, 25, 34, 43, 52, 51, 60, 69, 70, 71, 80]
[00:00:02:56:714] ! Bidirectional. expansions: 5,193, time: 176,088 [ms], path length: 34 [edges], g_F: 19, g_B: 15, generated: 0, MM: 4, MMPER: 10.428571428571429%
[00:00:02:56:714] 
---------- SM_Grids/9x9_grid_with_random_blocks_20per_1 ----------
[00:00:00:14:261] Path of length 30 found: [0, 9, 18, 27, 28, 37, 38, 39, 40, 31, 22, 21, 12, 3, 4, 5, 6, 7, 16, 25, 26, 35, 44, 43, 42, 51, 60, 61, 62, 71, 80]
[00:00:00:14:261] ! Unidirectional s-t. expansions: 868, time: 14,261 [ms], path length: 30 [edges], generated: 8,966
[00:00:00:15:983] Path of length 30 found: [80, 71, 62, 61, 60, 51, 42, 43, 44, 35, 26, 25, 16, 7, 6, 5, 4, 3, 12, 21, 22, 31, 40, 39, 38, 29, 28, 27, 18, 9, 0]
[00:00:00:15:983] ! Unidirectional t-s. expansions: 1,013, time: 15,983 [ms], path length: 30 [edges], generated: 10,958
[00:00:00:22:944] Path of length 30 found: [0, 9, 18, 27, 28, 37, 38, 39, 40, 31, 22, 21, 12, 3, 4, 5, 14, 15, 16, 25, 26, 35, 44, 43, 42, 51, 60, 61, 62, 71, 80]
[00:00:00:23:512] ! Bidirectional. expansions: 755, time: 22,944 [ms], path length: 30 [edges], g_F: 17, g_B: 13, generated: 0, MM: 4, MMPER: 11.903225806451612%
[00:00:00:23:512] 
---------- SM_Grids/9x9_grid_with_random_blocks_20per_2 ----------
[00:00:00:21:336] Path of length 34 found: [0, 9, 10, 19, 20, 21, 30, 31, 32, 23, 14, 5, 6, 7, 16, 25, 26, 35, 44, 43, 42, 51, 60, 59, 58, 57, 56, 65, 74, 75, 76, 77, 78, 79, 80]
[00:00:00:21:337] ! Unidirectional s-t. expansions: 1,564, time: 21,336 [ms], path length: 34 [edges], generated: 15,846
[00:00:00:18:615] Path of length 34 found: [80, 79, 78, 77, 76, 75, 74, 65, 56, 57, 58, 59, 60, 51, 42, 43, 44, 35, 26, 25, 16, 7, 6, 5, 14, 23, 32, 31, 30, 21, 20, 19, 10, 9, 0]
[00:00:00:18:615] ! Unidirectional t-s. expansions: 1,162, time: 18,615 [ms], path length: 34 [edges], generated: 10,935
[00:00:00:23:918] Path of length 34 found: [0, 9, 10, 19, 20, 21, 30, 31, 32, 23, 14, 5, 6, 7, 16, 25, 26, 35, 44, 43, 42, 51, 60, 59, 58, 57, 56, 65, 74, 75, 76, 77, 78, 79, 80]
[00:00:00:24:488] ! Bidirectional. expansions: 663, time: 23,918 [ms], path length: 34 [edges], g_F: 18, g_B: 16, generated: 0, MM: 2, MMPER: 4.714285714285714%
[00:00:00:24:498] 
---------- SM_Grids/9x9_grid_with_random_blocks_20per_3 ----------
[00:00:00:17:293] Path of length 38 found: [0, 9, 10, 11, 2, 3, 4, 13, 14, 15, 16, 17, 26, 35, 34, 33, 32, 41, 40, 39, 30, 29, 28, 27, 36, 45, 54, 55, 56, 57, 66, 67, 68, 59, 60, 61, 70, 79, 80]
[00:00:00:17:293] ! Unidirectional s-t. expansions: 1,632, time: 17,293 [ms], path length: 38 [edges], generated: 13,338
[00:00:00:09:301] Path of length 38 found: [80, 79, 70, 61, 60, 59, 68, 67, 66, 57, 56, 47, 46, 45, 36, 27, 28, 29, 30, 39, 40, 41, 32, 33, 34, 35, 26, 17, 16, 15, 14, 5, 4, 3, 2, 11, 10, 9, 0]
[00:00:00:09:302] ! Unidirectional t-s. expansions: 642, time: 9,301 [ms], path length: 38 [edges], generated: 5,664
[00:00:00:31:712] Path of length 38 found: [0, 9, 10, 11, 2, 3, 4, 13, 14, 15, 16, 17, 26, 35, 34, 33, 32, 41, 40, 39, 30, 29, 28, 27, 36, 45, 46, 55, 56, 57, 66, 67, 68, 59, 60, 61, 70, 79, 80]
[00:00:00:32:295] ! Bidirectional. expansions: 1,013, time: 31,712 [ms], path length: 38 [edges], g_F: 23, g_B: 15, generated: 0, MM: 8, MMPER: 19.512820512820515%
[00:00:00:32:295] 
---------- SM_Grids/9x9_grid_with_random_blocks_20per_4 ----------
[00:00:00:06:625] Path of length 36 found: [0, 9, 18, 19, 28, 37, 36, 45, 54, 63, 64, 65, 56, 47, 48, 49, 40, 31, 30, 21, 12, 3, 4, 5, 14, 15, 16, 25, 34, 43, 42, 51, 60, 69, 70, 79, 80]
[00:00:00:06:625] ! Unidirectional s-t. expansions: 612, time: 6,625 [ms], path length: 36 [edges], generated: 4,385
[00:00:00:05:117] Path of length 36 found: [80, 71, 62, 61, 60, 51, 42, 43, 34, 25, 16, 15, 6, 5, 4, 3, 12, 21, 30, 31, 40, 49, 48, 57, 56, 65, 64, 63, 54, 45, 36, 37, 28, 19, 10, 1, 0]
[00:00:00:05:117] ! Unidirectional t-s. expansions: 392, time: 5,117 [ms], path length: 36 [edges], generated: 3,478
[00:00:00:40:028] Path of length 36 found: [0, 9, 18, 19, 28, 37, 36, 45, 54, 63, 64, 65, 56, 47, 48, 49, 40, 31, 30, 21, 12, 3, 4, 5, 6, 15, 16, 25, 34, 43, 42, 51, 60, 61, 62, 71, 80]
[00:00:00:40:580] ! Bidirectional. expansions: 1,478, time: 40,028 [ms], path length: 36 [edges], g_F: 21, g_B: 15, generated: 0, MM: 6, MMPER: 15.216216216216218%
[00:00:00:40:580] 
---------- SM_Grids/9x9_grid_with_random_blocks_20per_5 ----------
[00:00:00:28:587] Path of length 34 found: [0, 1, 10, 19, 28, 29, 38, 47, 56, 65, 66, 67, 58, 59, 50, 41, 32, 31, 22, 13, 14, 15, 6, 7, 8, 17, 26, 25, 34, 43, 52, 61, 70, 79, 80]
[00:00:00:28:588] ! Unidirectional s-t. expansions: 2,301, time: 28,587 [ms], path length: 34 [edges], generated: 20,356
[00:00:00:35:060] Path of length 34 found: [80, 71, 62, 61, 52, 43, 44, 35, 26, 17, 8, 7, 6, 15, 24, 33, 32, 41, 50, 59, 58, 67, 66, 65, 56, 47, 48, 39, 30, 21, 20, 19, 10, 1, 0]
[00:00:00:35:060] ! Unidirectional t-s. expansions: 2,959, time: 35,060 [ms], path length: 34 [edges], generated: 25,180
[00:00:01:18:947] Path of length 34 found: [0, 1, 10, 19, 28, 29, 38, 47, 56, 65, 66, 67, 58, 59, 50, 41, 32, 31, 22, 13, 14, 15, 6, 7, 8, 17, 26, 35, 44, 43, 52, 61, 62, 71, 80]
[00:00:01:19:499] ! Bidirectional. expansions: 3,912, time: 78,947 [ms], path length: 34 [edges], g_F: 19, g_B: 15, generated: 0, MM: 4, MMPER: 10.428571428571429%
[00:00:01:19:499] 
---------- SM_Grids/9x9_grid_with_random_blocks_20per_6 ----------
[00:00:00:04:614] Path of length 18 found: [0, 9, 18, 27, 28, 37, 38, 39, 40, 41, 50, 59, 58, 67, 76, 77, 78, 79, 80]
[00:00:00:04:614] ! Unidirectional s-t. expansions: 290, time: 4,614 [ms], path length: 18 [edges], generated: 2,706
[00:00:00:05:978] Path of length 18 found: [80, 79, 78, 77, 76, 67, 58, 59, 50, 41, 40, 39, 30, 29, 28, 27, 18, 9, 0]
[00:00:00:05:978] ! Unidirectional t-s. expansions: 485, time: 5,978 [ms], path length: 18 [edges], generated: 3,800
[00:00:00:27:255] Path of length 18 found: [0, 9, 18, 27, 28, 29, 38, 39, 40, 41, 50, 59, 58, 67, 76, 77, 78, 79, 80]
[00:00:00:27:814] ! Bidirectional. expansions: 937, time: 27,255 [ms], path length: 18 [edges], g_F: 9, g_B: 9, generated: 0, MM: 0, MMPER: -1.0%
[00:00:00:27:815] 
---------- SM_Grids/9x9_grid_with_random_blocks_20per_7 ----------
[00:00:01:44:667] Path of length 28 found: [0, 9, 10, 11, 20, 21, 30, 31, 40, 49, 48, 47, 38, 37, 36, 45, 54, 63, 64, 65, 66, 67, 68, 59, 60, 61, 70, 79, 80]
[00:00:01:44:667] ! Unidirectional s-t. expansions: 10,031, time: 104,667 [ms], path length: 28 [edges], generated: 81,773
[00:00:00:09:774] Path of length 28 found: [80, 71, 62, 61, 60, 59, 68, 67, 66, 65, 64, 63, 54, 45, 36, 37, 38, 47, 48, 49, 40, 31, 22, 21, 20, 11, 10, 1, 0]
[00:00:00:09:774] ! Unidirectional t-s. expansions: 617, time: 9,774 [ms], path length: 28 [edges], generated: 6,626
[00:00:01:15:958] Path of length 28 found: [0, 9, 10, 11, 20, 21, 30, 31, 40, 49, 48, 47, 38, 37, 36, 45, 54, 63, 64, 65, 66, 67, 68, 59, 60, 61, 62, 71, 80]
[00:00:01:16:515] ! Bidirectional. expansions: 2,854, time: 75,959 [ms], path length: 28 [edges], g_F: 18, g_B: 10, generated: 0, MM: 8, MMPER: 26.586206896551722%
[00:00:01:16:515] 
---------- SM_Grids/9x9_grid_with_random_blocks_20per_8 ----------
[00:00:00:22:621] Path of length 38 found: [0, 9, 18, 27, 28, 29, 20, 21, 12, 3, 4, 5, 14, 15, 16, 17, 26, 35, 34, 43, 52, 61, 60, 59, 50, 49, 48, 47, 46, 55, 64, 65, 66, 75, 76, 77, 78, 79, 80]
[00:00:00:22:621] ! Unidirectional s-t. expansions: 1,776, time: 22,621 [ms], path length: 38 [edges], generated: 16,396
[00:00:00:28:732] Path of length 38 found: [80, 79, 78, 77, 76, 75, 66, 65, 64, 55, 46, 47, 48, 49, 58, 59, 60, 51, 52, 43, 44, 35, 26, 17, 16, 15, 14, 5, 4, 3, 12, 21, 30, 29, 28, 19, 10, 9, 0]
[00:00:00:28:733] ! Unidirectional t-s. expansions: 2,890, time: 28,733 [ms], path length: 38 [edges], generated: 23,354
[00:00:01:17:440] Path of length 38 found: [0, 9, 18, 27, 28, 29, 20, 21, 12, 3, 4, 5, 14, 15, 16, 17, 26, 35, 34, 43, 52, 51, 60, 59, 58, 49, 48, 47, 46, 55, 64, 65, 66, 75, 76, 77, 78, 79, 80]
[00:00:01:18:006] ! Bidirectional. expansions: 2,946, time: 77,440 [ms], path length: 38 [edges], g_F: 21, g_B: 17, generated: 0, MM: 4, MMPER: 9.256410256410257%
[00:00:01:18:007] 
---------- SM_Grids/9x9_grid_with_random_blocks_20per_9 ----------
[00:00:00:27:695] Path of length 34 found: [0, 9, 18, 27, 36, 37, 46, 55, 54, 63, 72, 73, 74, 75, 76, 67, 58, 49, 48, 39, 30, 21, 22, 23, 24, 25, 34, 43, 42, 51, 60, 69, 70, 71, 80]
[00:00:00:27:695] ! Unidirectional s-t. expansions: 2,456, time: 27,695 [ms], path length: 34 [edges], generated: 21,044
[00:00:00:07:505] Path of length 34 found: [80, 71, 70, 69, 60, 51, 52, 43, 34, 25, 24, 23, 22, 21, 30, 39, 40, 49, 58, 67, 76, 75, 74, 73, 72, 63, 54, 55, 46, 37, 36, 27, 18, 9, 0]
[00:00:00:07:506] ! Unidirectional t-s. expansions: 891, time: 7,505 [ms], path length: 34 [edges], generated: 5,927
[00:00:00:25:100] Path of length 34 found: [0, 9, 18, 27, 36, 37, 46, 55, 54, 63, 72, 73, 74, 75, 76, 67, 58, 49, 40, 39, 30, 21, 22, 23, 24, 25, 34, 43, 42, 51, 60, 61, 70, 71, 80]
[00:00:00:25:657] ! Bidirectional. expansions: 934, time: 25,100 [ms], path length: 34 [edges], g_F: 19, g_B: 15, generated: 0, MM: 4, MMPER: 10.428571428571429%

[00:00:00:25:658] average expansions: (2,545, 1,752, 2,068, 0)
[00:00:00:25:658] average time: (30,567, 22,085, 57,939, 0)
[00:00:00:25:658] XIDA: 1,752 , 22,085 (expansions , time[ms])
[00:00:00:25:658] BiXIDA: 2,068 , 57,939 (expansions , time[ms])

