------------------------------------
Thu 01 Oct 2026 11:15:01 IDT
SLURM_JOBID:		21943065
SLURM_JOB_NODELIST:	ise-cpu256-01
SLURM_SCRATCH_DIR:	/scratch/shubit/21943065
Allocated Resouces:	cpu - 2 / mem - 61440 MB / gpu - 
SLURM_GPU_INDEX:	
Running as shubit from shimony account with normal QOS
------------------------------------
Thu 01 Oct 2026 11:15:02 IDT

SLURM_JOBID:		 21943065
SLURM_JOB_NODELIST:	 ise-cpu256-01 

--------------------------
date: SM_Grids
number_of_graphs: 10
graph_type: grid
size_of_graphs: [9, 9]
heuristic: bcc_heuristic
snake: True
run_uni: True
run_bi: True
run_multi: False
solution_vertices: []
algorithms: ['A']
lookahead: -2
bsd: False
cube_first_dims: 4
cube_buffer_dim: None
backward_sym_generation: False
sym_coil: False
prefix_set: None

---------- SM_Grids/9x9_grid_with_random_blocks_8per_0 ----------
[00:00:01:03:650] Expansion 10,000: state None, f=50, g=24
[00:00:01:57:878] Expansion 20,000: state None, f=49, g=17
[00:00:02:12:006] Path of length 48 found: [0, 1, 2, 3, 4, 5, 6, 7, 8, 17, 26, 25, 24, 23, 22, 31, 30, 29, 20, 19, 18, 27, 36, 37, 46, 55, 54, 63, 72, 73, 74, 75, 66, 57, 48, 49, 50, 41, 42, 43, 44, 53, 62, 61, 60, 69, 78, 79, 80]
[00:00:02:12:008] ! Unidirectional s-t. expansions: 22,168, time: 132,006 [ms], path length: 48 [edges], generated: 38,386
[00:00:01:01:850] Expansion 10,000: state None, f=50, g=29
[00:00:01:55:992] Expansion 20,000: state None, f=49, g=29
[00:00:02:50:304] Expansion 30,000: state None, f=49, g=15
[00:00:03:00:916] Path of length 48 found: [80, 79, 78, 77, 76, 75, 74, 73, 72, 63, 54, 55, 56, 57, 48, 49, 50, 59, 60, 61, 62, 53, 44, 43, 42, 33, 24, 25, 26, 17, 8, 7, 6, 5, 14, 13, 22, 31, 30, 29, 38, 37, 36, 27, 18, 19, 10, 1, 0]
[00:00:03:00:917] ! Unidirectional t-s. expansions: 31,589, time: 180,916 [ms], path length: 48 [edges], generated: 52,962
[00:00:03:03:068] Path of length 48 found: [0, 9, 18, 27, 36, 37, 38, 29, 20, 11, 2, 3, 4, 5, 6, 7, 16, 17, 26, 35, 34, 33, 24, 23, 22, 31, 40, 49, 48, 57, 56, 55, 54, 63, 72, 73, 74, 75, 76, 67, 68, 59, 60, 51, 52, 53, 62, 71, 80]
[00:00:03:03:647] ! Bidirectional. expansions: 39,257, time: 183,068 [ms], path length: 48 [edges], g_F: 43, g_B: 5, generated: 0, MM: 38, MMPER: 76.55102040816327%
[00:00:03:03:647] 
---------- SM_Grids/9x9_grid_with_random_blocks_8per_1 ----------
[00:00:00:58:318] Expansion 10,000: state None, f=46, g=25
[00:00:01:46:641] Expansion 20,000: state None, f=45, g=26
[00:00:02:20:016] Path of length 44 found: [0, 1, 2, 3, 12, 13, 14, 5, 6, 7, 8, 17, 26, 25, 34, 43, 44, 53, 62, 61, 60, 51, 50, 41, 32, 31, 30, 29, 20, 19, 18, 27, 36, 45, 46, 47, 48, 57, 66, 75, 76, 77, 78, 79, 80]
[00:00:02:20:018] ! Unidirectional s-t. expansions: 26,136, time: 140,016 [ms], path length: 44 [edges], generated: 44,737
[00:00:01:06:149] Expansion 10,000: state None, f=47, g=23
[00:00:02:03:371] Expansion 20,000: state None, f=46, g=21
[00:00:02:59:809] Expansion 30,000: state None, f=45, g=21
[00:00:03:51:762] Path of length 44 found: [80, 79, 70, 61, 62, 53, 44, 43, 42, 51, 50, 59, 68, 77, 76, 75, 66, 57, 48, 47, 46, 37, 36, 27, 18, 19, 20, 29, 30, 31, 32, 23, 24, 25, 26, 17, 8, 7, 6, 5, 4, 3, 2, 1, 0]
[00:00:03:51:762] ! Unidirectional t-s. expansions: 38,506, time: 231,762 [ms], path length: 44 [edges], generated: 68,342
[00:00:02:04:685] Path of length 44 found: [0, 1, 2, 3, 4, 5, 6, 7, 8, 17, 26, 35, 44, 53, 52, 61, 60, 59, 50, 41, 42, 33, 24, 23, 22, 31, 30, 29, 20, 19, 18, 27, 36, 45, 46, 47, 48, 57, 66, 75, 76, 77, 78, 79, 80]
[00:00:02:05:245] ! Bidirectional. expansions: 26,565, time: 124,685 [ms], path length: 44 [edges], g_F: 36, g_B: 8, generated: 0, MM: 28, MMPER: 61.22222222222222%
[00:00:02:05:245] 
---------- SM_Grids/9x9_grid_with_random_blocks_8per_2 ----------
[00:00:01:03:793] Expansion 10,000: state None, f=49, g=19
[00:00:01:28:246] Path of length 48 found: [0, 9, 10, 11, 2, 3, 4, 5, 6, 7, 16, 25, 26, 35, 44, 53, 52, 51, 42, 33, 32, 23, 22, 21, 30, 29, 28, 27, 36, 45, 54, 63, 72, 73, 74, 65, 56, 47, 48, 49, 58, 67, 76, 77, 78, 69, 70, 71, 80]
[00:00:01:28:247] ! Unidirectional s-t. expansions: 13,871, time: 88,246 [ms], path length: 48 [edges], generated: 24,133
[00:00:01:08:848] Expansion 10,000: state None, f=49, g=35
[00:00:01:56:034] Path of length 48 found: [80, 79, 70, 61, 62, 53, 44, 35, 26, 25, 16, 7, 6, 5, 4, 3, 2, 11, 20, 21, 22, 31, 32, 33, 42, 51, 50, 59, 68, 67, 76, 75, 74, 73, 72, 63, 54, 55, 56, 57, 48, 39, 38, 37, 28, 27, 18, 9, 0]
[00:00:01:56:035] ! Unidirectional t-s. expansions: 17,249, time: 116,035 [ms], path length: 48 [edges], generated: 31,216
[00:00:01:23:547] Path of length 48 found: [0, 9, 18, 27, 36, 37, 38, 39, 48, 57, 56, 55, 54, 63, 72, 73, 74, 75, 76, 67, 68, 59, 50, 51, 42, 33, 32, 23, 22, 21, 20, 11, 2, 3, 4, 5, 6, 7, 16, 25, 26, 35, 44, 53, 62, 61, 70, 79, 80]
[00:00:01:24:112] ! Bidirectional. expansions: 15,175, time: 83,547 [ms], path length: 48 [edges], g_F: 30, g_B: 18, generated: 0, MM: 12, MMPER: 23.489795918367346%
[00:00:01:24:112] 
---------- SM_Grids/9x9_grid_with_random_blocks_8per_3 ----------
[00:00:01:06:899] Expansion 10,000: state None, f=49, g=27
[00:00:02:05:971] Expansion 20,000: state None, f=48, g=34
[00:00:03:01:882] Expansion 30,000: state None, f=48, g=19
[00:00:03:55:439] Expansion 40,000: state None, f=47, g=25
[00:00:04:45:526] Expansion 50,000: state None, f=47, g=20
[00:00:05:45:639] Expansion 60,000: state None, f=47, g=15
[00:00:05:54:913] Path of length 46 found: [0, 1, 10, 19, 18, 27, 36, 37, 38, 29, 30, 21, 12, 3, 4, 5, 6, 7, 16, 25, 24, 33, 32, 41, 40, 49, 48, 57, 56, 55, 54, 63, 72, 73, 74, 75, 76, 67, 68, 59, 60, 51, 52, 53, 62, 71, 80]
[00:00:05:54:914] ! Unidirectional s-t. expansions: 61,181, time: 354,913 [ms], path length: 46 [edges], generated: 104,704
[00:00:01:07:772] Expansion 10,000: state None, f=50, g=14
[00:00:02:05:135] Expansion 20,000: state None, f=49, g=11
[00:00:02:52:135] Expansion 30,000: state None, f=48, g=24
[00:00:03:50:607] Expansion 40,000: state None, f=47, g=33
[00:00:04:35:560] Expansion 50,000: state None, f=47, g=26
[00:00:05:28:990] Expansion 60,000: state None, f=47, g=29
[00:00:06:14:485] Path of length 46 found: [80, 71, 70, 69, 78, 77, 76, 67, 58, 57, 56, 65, 74, 73, 72, 63, 54, 45, 46, 37, 38, 39, 30, 31, 32, 41, 50, 51, 52, 53, 44, 35, 34, 25, 16, 7, 6, 5, 4, 13, 12, 11, 20, 19, 18, 9, 0]
[00:00:06:14:485] ! Unidirectional t-s. expansions: 67,429, time: 374,485 [ms], path length: 46 [edges], generated: 116,574
[00:00:04:01:321] Expansions: 50,000. F states: 67,524, B states: 19,632. Checks: 87,157)
[00:00:06:08:659] Path of length 46 found: [0, 9, 18, 27, 28, 37, 46, 45, 54, 63, 72, 73, 74, 65, 56, 57, 58, 67, 76, 77, 78, 69, 60, 51, 50, 41, 40, 31, 30, 21, 20, 11, 2, 3, 4, 5, 14, 15, 24, 33, 34, 35, 44, 53, 62, 71, 80]
[00:00:06:09:248] ! Bidirectional. expansions: 74,787, time: 368,660 [ms], path length: 46 [edges], g_F: 37, g_B: 9, generated: 0, MM: 28, MMPER: 58.57446808510638%
[00:00:06:09:248] 
---------- SM_Grids/9x9_grid_with_random_blocks_8per_4 ----------
[00:00:01:07:773] Expansion 10,000: state None, f=49, g=18
[00:00:01:33:136] Path of length 48 found: [0, 1, 2, 3, 12, 21, 20, 19, 18, 27, 36, 37, 38, 39, 40, 49, 58, 57, 56, 55, 54, 63, 72, 73, 74, 75, 76, 77, 68, 69, 60, 51, 42, 33, 24, 23, 14, 5, 6, 7, 16, 17, 26, 35, 44, 53, 62, 71, 80]
[00:00:01:33:137] ! Unidirectional s-t. expansions: 13,548, time: 93,136 [ms], path length: 48 [edges], generated: 23,471
[00:00:01:05:492] Expansion 10,000: state None, f=49, g=19
[00:00:01:27:233] Path of length 48 found: [80, 71, 62, 53, 44, 35, 26, 17, 8, 7, 6, 5, 14, 23, 32, 33, 42, 51, 60, 69, 78, 77, 76, 67, 58, 49, 40, 39, 38, 47, 56, 65, 74, 73, 72, 63, 54, 45, 36, 27, 18, 19, 20, 21, 12, 3, 2, 1, 0]
[00:00:01:27:234] ! Unidirectional t-s. expansions: 13,018, time: 87,233 [ms], path length: 48 [edges], generated: 23,258
[00:00:01:10:851] Path of length 48 found: [0, 1, 2, 3, 12, 21, 20, 19, 18, 27, 36, 45, 54, 63, 72, 73, 74, 65, 56, 47, 38, 39, 40, 49, 58, 67, 76, 77, 78, 69, 60, 51, 42, 33, 32, 23, 14, 5, 6, 7, 16, 25, 26, 35, 44, 53, 62, 71, 80]
[00:00:01:11:420] ! Bidirectional. expansions: 12,657, time: 70,851 [ms], path length: 48 [edges], g_F: 20, g_B: 28, generated: 0, MM: 8, MMPER: 15.326530612244898%
[00:00:01:11:421] 
---------- SM_Grids/9x9_grid_with_random_blocks_8per_5 ----------
[00:00:01:04:823] Expansion 10,000: state None, f=48, g=29
[00:00:01:08:668] Path of length 48 found: [0, 9, 18, 27, 28, 37, 46, 45, 54, 63, 64, 65, 74, 75, 76, 77, 68, 59, 58, 57, 48, 39, 40, 41, 42, 33, 24, 23, 22, 21, 20, 11, 2, 3, 4, 5, 6, 7, 16, 17, 26, 35, 44, 53, 52, 61, 70, 79, 80]
[00:00:01:08:669] ! Unidirectional s-t. expansions: 10,740, time: 68,669 [ms], path length: 48 [edges], generated: 18,768
[00:00:01:11:856] Path of length 48 found: [80, 79, 70, 61, 62, 53, 44, 35, 26, 17, 8, 7, 6, 5, 4, 3, 2, 11, 20, 21, 22, 23, 24, 33, 42, 41, 40, 39, 48, 57, 58, 59, 68, 77, 76, 75, 74, 65, 64, 63, 54, 45, 46, 37, 28, 27, 18, 9, 0]
[00:00:01:11:857] ! Unidirectional t-s. expansions: 9,978, time: 71,856 [ms], path length: 48 [edges], generated: 18,080
[00:00:00:57:828] Path of length 48 found: [0, 9, 18, 27, 28, 37, 46, 45, 54, 63, 64, 65, 74, 75, 76, 77, 68, 59, 58, 57, 48, 39, 40, 41, 42, 33, 24, 23, 22, 21, 20, 11, 2, 3, 4, 5, 6, 7, 8, 17, 26, 35, 44, 53, 62, 61, 70, 79, 80]
[00:00:00:58:498] ! Bidirectional. expansions: 10,136, time: 57,828 [ms], path length: 48 [edges], g_F: 19, g_B: 29, generated: 0, MM: 10, MMPER: 19.408163265306122%
[00:00:00:58:499] 
---------- SM_Grids/9x9_grid_with_random_blocks_8per_6 ----------
[00:00:01:07:338] Expansion 10,000: state None, f=49, g=26
[00:00:01:45:243] Path of length 48 found: [0, 9, 18, 27, 36, 37, 38, 29, 20, 11, 2, 3, 4, 13, 22, 23, 24, 15, 6, 7, 8, 17, 26, 35, 34, 43, 42, 41, 40, 49, 48, 57, 56, 55, 54, 63, 72, 73, 74, 75, 76, 67, 68, 59, 60, 61, 70, 79, 80]
[00:00:01:45:244] ! Unidirectional s-t. expansions: 15,923, time: 105,243 [ms], path length: 48 [edges], generated: 27,700
[00:00:01:11:096] Expansion 10,000: state None, f=49, g=30
[00:00:01:58:461] Path of length 48 found: [80, 71, 70, 61, 60, 59, 68, 67, 76, 75, 74, 73, 72, 63, 54, 55, 56, 57, 48, 49, 40, 41, 42, 43, 34, 35, 26, 17, 8, 7, 6, 15, 24, 23, 22, 13, 4, 3, 2, 11, 20, 29, 38, 37, 36, 27, 18, 9, 0]
[00:00:01:58:461] ! Unidirectional t-s. expansions: 17,023, time: 118,461 [ms], path length: 48 [edges], generated: 31,150
[00:00:01:41:896] Path of length 48 found: [0, 9, 18, 27, 28, 37, 38, 47, 56, 55, 54, 63, 72, 73, 74, 75, 66, 67, 58, 49, 50, 41, 32, 31, 30, 21, 20, 11, 2, 3, 4, 13, 14, 15, 6, 7, 8, 17, 26, 35, 44, 53, 62, 61, 60, 69, 78, 79, 80]
[00:00:01:42:483] ! Bidirectional. expansions: 18,520, time: 101,896 [ms], path length: 48 [edges], g_F: 34, g_B: 14, generated: 0, MM: 20, MMPER: 39.816326530612244%
[00:00:01:42:483] 
---------- SM_Grids/9x9_grid_with_random_blocks_8per_7 ----------
[00:00:01:11:005] Expansion 10,000: state None, f=50, g=21
[00:00:02:11:717] Expansion 20,000: state None, f=49, g=20
[00:00:02:35:839] Path of length 48 found: [0, 9, 10, 11, 2, 3, 4, 13, 14, 15, 6, 7, 8, 17, 26, 25, 34, 43, 44, 53, 62, 61, 60, 51, 50, 41, 32, 31, 30, 29, 28, 27, 36, 45, 54, 63, 72, 73, 74, 65, 56, 57, 58, 67, 76, 77, 78, 79, 80]
[00:00:02:35:839] ! Unidirectional s-t. expansions: 23,330, time: 155,839 [ms], path length: 48 [edges], generated: 43,466
[00:00:01:01:329] Expansion 10,000: state None, f=50, g=14
[00:00:01:58:109] Expansion 20,000: state None, f=49, g=14
[00:00:02:02:070] Path of length 48 found: [80, 79, 78, 77, 68, 67, 58, 57, 56, 65, 74, 73, 72, 63, 54, 45, 46, 37, 38, 29, 30, 31, 40, 41, 50, 51, 60, 61, 62, 53, 44, 43, 34, 25, 26, 17, 8, 7, 6, 15, 14, 13, 4, 3, 2, 11, 10, 9, 0]
[00:00:02:02:071] ! Unidirectional t-s. expansions: 20,451, time: 122,070 [ms], path length: 48 [edges], generated: 33,682
[00:00:02:13:118] Path of length 48 found: [0, 9, 10, 11, 2, 3, 4, 13, 14, 15, 6, 7, 8, 17, 26, 25, 34, 43, 44, 53, 62, 61, 60, 51, 50, 41, 32, 31, 30, 29, 28, 27, 36, 45, 54, 63, 72, 73, 74, 65, 56, 57, 58, 67, 76, 77, 78, 79, 80]
[00:00:02:13:690] ! Bidirectional. expansions: 23,587, time: 133,119 [ms], path length: 48 [edges], g_F: 42, g_B: 6, generated: 0, MM: 36, MMPER: 72.46938775510205%
[00:00:02:13:691] 
---------- SM_Grids/9x9_grid_with_random_blocks_8per_8 ----------
[00:00:00:30:118] Path of length 50 found: [0, 1, 2, 11, 20, 19, 18, 27, 36, 37, 46, 55, 54, 63, 72, 73, 74, 65, 66, 67, 76, 77, 78, 69, 60, 59, 50, 49, 48, 39, 30, 31, 22, 13, 4, 5, 6, 7, 8, 17, 26, 25, 24, 33, 42, 43, 52, 53, 62, 71, 80]
[00:00:00:30:119] ! Unidirectional s-t. expansions: 4,191, time: 30,118 [ms], path length: 50 [edges], generated: 7,038
[00:00:00:34:466] Path of length 50 found: [80, 71, 62, 61, 60, 69, 78, 77, 76, 67, 66, 65, 74, 73, 72, 63, 54, 55, 46, 37, 36, 27, 18, 19, 20, 29, 30, 39, 48, 49, 50, 41, 42, 43, 44, 35, 26, 17, 8, 7, 6, 15, 24, 23, 22, 13, 4, 3, 2, 1, 0]
[00:00:00:34:467] ! Unidirectional t-s. expansions: 4,950, time: 34,466 [ms], path length: 50 [edges], generated: 7,928
[00:00:00:37:197] Path of length 50 found: [0, 9, 18, 27, 36, 37, 46, 55, 54, 63, 72, 73, 74, 65, 66, 67, 76, 77, 78, 69, 60, 59, 50, 49, 48, 39, 30, 29, 20, 11, 2, 3, 4, 13, 22, 23, 24, 15, 6, 7, 8, 17, 26, 35, 34, 43, 52, 53, 62, 71, 80]
[00:00:00:37:756] ! Bidirectional. expansions: 5,724, time: 37,197 [ms], path length: 50 [edges], g_F: 44, g_B: 6, generated: 0, MM: 38, MMPER: 73.50980392156863%
[00:00:00:37:756] 
---------- SM_Grids/9x9_grid_with_random_blocks_8per_9 ----------
[00:00:01:09:183] Expansion 10,000: state None, f=49, g=10
[00:00:02:09:563] Expansion 20,000: state None, f=48, g=11
[00:00:02:58:201] Expansion 30,000: state None, f=47, g=22
[00:00:03:54:960] Path of length 46 found: [0, 9, 18, 19, 20, 11, 2, 3, 4, 5, 6, 7, 16, 17, 26, 35, 34, 33, 24, 23, 22, 31, 40, 49, 48, 47, 38, 37, 36, 45, 54, 55, 64, 73, 74, 75, 66, 67, 68, 59, 60, 51, 52, 53, 62, 71, 80]
[00:00:03:54:961] ! Unidirectional s-t. expansions: 39,329, time: 234,960 [ms], path length: 46 [edges], generated: 70,104
[00:00:01:01:591] Expansion 10,000: state None, f=47, g=13
[00:00:01:08:821] Path of length 46 found: [80, 71, 62, 53, 52, 51, 60, 59, 68, 67, 66, 75, 74, 73, 64, 55, 54, 45, 36, 27, 18, 19, 20, 29, 38, 47, 48, 49, 40, 41, 32, 33, 24, 25, 26, 17, 8, 7, 6, 5, 14, 13, 12, 3, 2, 1, 0]
[00:00:01:08:822] ! Unidirectional t-s. expansions: 11,281, time: 68,821 [ms], path length: 46 [edges], generated: 20,415
[00:00:01:20:580] Path of length 46 found: [0, 9, 18, 19, 20, 11, 2, 3, 4, 5, 6, 7, 8, 17, 26, 35, 44, 53, 52, 51, 42, 33, 24, 23, 22, 31, 30, 39, 38, 37, 36, 45, 54, 55, 64, 73, 74, 75, 66, 57, 58, 59, 68, 77, 78, 79, 80]
[00:00:01:21:149] ! Bidirectional. expansions: 15,317, time: 80,580 [ms], path length: 46 [edges], g_F: 41, g_B: 5, generated: 0, MM: 36, MMPER: 75.59574468085107%

[00:00:01:21:149] average expansions: (23,042, 23,147, 24,172, 0)
[00:00:01:21:149] average time: (140,315, 140,610, 124,143, 0)
[00:00:01:21:149] XA*: 23,042 , 140,315 (expansions , time[ms])
[00:00:01:21:149] BiXA*: 24,172 , 124,143 (expansions , time[ms])

