------------------------------------
Thu 01 Oct 2026 11:15:44 IDT
SLURM_JOBID:		21943085
SLURM_JOB_NODELIST:	ise-cpu256-01
SLURM_SCRATCH_DIR:	/scratch/shubit/21943085
Allocated Resouces:	cpu - 2 / mem - 61440 MB / gpu - 
SLURM_GPU_INDEX:	
Running as shubit from shimony account with normal QOS
------------------------------------
Thu 01 Oct 2026 11:15:44 IDT

SLURM_JOBID:		 21943085
SLURM_JOB_NODELIST:	 ise-cpu256-01 

--------------------------
date: SM_Grids
number_of_graphs: 10
graph_type: grid
size_of_graphs: [9, 9]
heuristic: bcc_heuristic
snake: True
run_uni: True
run_bi: True
run_multi: False
solution_vertices: []
algorithms: ['A']
lookahead: 1
bsd: False
cube_first_dims: 4
cube_buffer_dim: None
backward_sym_generation: False
sym_coil: False
prefix_set: None

---------- SM_Grids/9x9_grid_with_random_blocks_20per_0 ----------
[00:00:00:12:908] Path of length 34 found: [0, 9, 18, 19, 20, 29, 38, 37, 46, 45, 54, 63, 64, 65, 56, 57, 48, 49, 50, 41, 32, 31, 22, 13, 14, 15, 24, 25, 34, 43, 52, 61, 70, 71, 80]
[00:00:00:12:909] ! Unidirectional s-t. expansions: 2,809, time: 12,909 [ms], path length: 34 [edges], generated: 5,143
[00:00:00:23:846] Path of length 34 found: [80, 71, 62, 53, 52, 43, 34, 25, 16, 15, 14, 13, 12, 21, 30, 31, 40, 41, 50, 59, 58, 57, 56, 65, 64, 63, 54, 45, 46, 37, 28, 19, 10, 9, 0]
[00:00:00:23:846] ! Unidirectional t-s. expansions: 4,886, time: 23,846 [ms], path length: 34 [edges], generated: 8,840
[00:00:01:32:598] Path of length 34 found: [0, 9, 18, 19, 20, 29, 38, 37, 46, 45, 54, 63, 64, 65, 56, 57, 48, 49, 40, 31, 22, 13, 14, 15, 16, 25, 34, 43, 52, 51, 60, 69, 70, 71, 80]
[00:00:01:33:186] ! Bidirectional. expansions: 13,205, time: 92,598 [ms], path length: 34 [edges], g_F: 24, g_B: 10, generated: 0, MM: 14, MMPER: 39.0%
[00:00:01:33:187] 
---------- SM_Grids/9x9_grid_with_random_blocks_20per_1 ----------
[00:00:00:04:928] Path of length 30 found: [0, 9, 18, 27, 28, 37, 38, 39, 40, 31, 22, 21, 12, 3, 4, 5, 6, 7, 16, 25, 26, 35, 44, 43, 42, 51, 60, 61, 62, 71, 80]
[00:00:00:04:929] ! Unidirectional s-t. expansions: 917, time: 4,929 [ms], path length: 30 [edges], generated: 1,596
[00:00:00:05:665] Path of length 30 found: [80, 71, 62, 61, 60, 51, 42, 43, 44, 35, 26, 25, 16, 7, 6, 5, 4, 3, 12, 21, 22, 31, 40, 39, 38, 29, 28, 27, 18, 9, 0]
[00:00:00:05:665] ! Unidirectional t-s. expansions: 1,104, time: 5,665 [ms], path length: 30 [edges], generated: 1,949
[00:00:00:15:977] Path of length 30 found: [0, 9, 18, 27, 28, 37, 38, 39, 40, 31, 22, 21, 12, 3, 4, 5, 6, 7, 16, 25, 26, 35, 44, 43, 42, 51, 60, 61, 62, 71, 80]
[00:00:00:16:544] ! Bidirectional. expansions: 2,404, time: 15,977 [ms], path length: 30 [edges], g_F: 9, g_B: 21, generated: 0, MM: 12, MMPER: 37.70967741935484%
[00:00:00:16:544] 
---------- SM_Grids/9x9_grid_with_random_blocks_20per_2 ----------
[00:00:00:04:345] Path of length 34 found: [0, 9, 10, 19, 20, 21, 30, 31, 32, 23, 14, 5, 6, 7, 16, 25, 26, 35, 44, 43, 42, 51, 60, 59, 58, 57, 56, 65, 74, 75, 76, 77, 78, 79, 80]
[00:00:00:04:346] ! Unidirectional s-t. expansions: 803, time: 4,345 [ms], path length: 34 [edges], generated: 1,502
[00:00:00:02:878] Path of length 34 found: [80, 79, 78, 77, 76, 75, 74, 65, 56, 57, 58, 59, 60, 51, 42, 43, 44, 35, 26, 25, 16, 7, 6, 5, 14, 23, 32, 31, 30, 21, 20, 19, 10, 9, 0]
[00:00:00:02:879] ! Unidirectional t-s. expansions: 486, time: 2,879 [ms], path length: 34 [edges], generated: 864
[00:00:00:13:102] Path of length 34 found: [0, 9, 10, 19, 20, 21, 30, 31, 32, 23, 14, 5, 6, 7, 16, 25, 26, 35, 44, 43, 42, 51, 60, 59, 58, 57, 56, 65, 74, 75, 76, 77, 78, 79, 80]
[00:00:00:13:667] ! Bidirectional. expansions: 1,723, time: 13,102 [ms], path length: 34 [edges], g_F: 12, g_B: 22, generated: 0, MM: 10, MMPER: 27.571428571428573%
[00:00:00:13:667] 
---------- SM_Grids/9x9_grid_with_random_blocks_20per_3 ----------
[00:00:00:06:859] Path of length 38 found: [0, 9, 10, 11, 2, 3, 4, 13, 14, 15, 16, 17, 26, 35, 34, 33, 32, 41, 40, 39, 30, 29, 28, 27, 36, 45, 54, 55, 56, 57, 66, 67, 68, 59, 60, 61, 70, 79, 80]
[00:00:00:06:860] ! Unidirectional s-t. expansions: 1,827, time: 6,859 [ms], path length: 38 [edges], generated: 2,714
[00:00:00:03:097] Path of length 38 found: [80, 79, 70, 61, 60, 59, 68, 67, 66, 57, 56, 55, 46, 45, 36, 27, 28, 29, 38, 39, 40, 41, 32, 33, 34, 35, 26, 17, 16, 15, 14, 5, 4, 3, 2, 11, 10, 9, 0]
[00:00:00:03:097] ! Unidirectional t-s. expansions: 633, time: 3,097 [ms], path length: 38 [edges], generated: 1,044
[00:00:00:14:204] Path of length 38 found: [0, 9, 10, 11, 2, 3, 4, 13, 14, 15, 16, 17, 26, 35, 34, 33, 32, 41, 40, 39, 30, 29, 28, 27, 36, 45, 46, 55, 56, 57, 66, 67, 68, 59, 60, 61, 70, 79, 80]
[00:00:00:14:751] ! Bidirectional. expansions: 1,853, time: 14,204 [ms], path length: 38 [edges], g_F: 33, g_B: 5, generated: 0, MM: 28, MMPER: 70.7948717948718%
[00:00:00:14:752] 
---------- SM_Grids/9x9_grid_with_random_blocks_20per_4 ----------
[00:00:00:03:061] Path of length 36 found: [0, 9, 18, 19, 28, 37, 36, 45, 54, 63, 64, 65, 56, 47, 48, 49, 40, 31, 30, 21, 12, 3, 4, 5, 14, 15, 16, 25, 34, 43, 42, 51, 60, 69, 70, 79, 80]
[00:00:00:03:062] ! Unidirectional s-t. expansions: 695, time: 3,061 [ms], path length: 36 [edges], generated: 1,070
[00:00:00:02:650] Path of length 36 found: [80, 71, 62, 61, 60, 51, 42, 43, 34, 25, 16, 15, 6, 5, 4, 13, 12, 21, 30, 31, 40, 49, 48, 57, 56, 65, 64, 63, 54, 45, 36, 37, 28, 19, 10, 1, 0]
[00:00:00:02:650] ! Unidirectional t-s. expansions: 556, time: 2,650 [ms], path length: 36 [edges], generated: 932
[00:00:00:21:714] Path of length 36 found: [0, 9, 18, 19, 28, 37, 36, 45, 54, 63, 64, 65, 56, 47, 48, 49, 40, 31, 30, 21, 12, 3, 4, 5, 6, 15, 16, 25, 34, 43, 42, 51, 60, 61, 62, 71, 80]
[00:00:00:22:291] ! Bidirectional. expansions: 3,078, time: 21,714 [ms], path length: 36 [edges], g_F: 22, g_B: 14, generated: 0, MM: 8, MMPER: 20.62162162162162%
[00:00:00:22:291] 
---------- SM_Grids/9x9_grid_with_random_blocks_20per_5 ----------
[00:00:00:14:476] Path of length 34 found: [0, 9, 18, 27, 28, 29, 38, 39, 48, 57, 66, 67, 68, 59, 50, 41, 32, 31, 22, 13, 14, 15, 6, 7, 8, 17, 26, 25, 34, 43, 52, 61, 70, 79, 80]
[00:00:00:14:477] ! Unidirectional s-t. expansions: 3,013, time: 14,477 [ms], path length: 34 [edges], generated: 5,079
[00:00:00:12:608] Path of length 34 found: [80, 71, 62, 61, 52, 43, 44, 35, 26, 17, 8, 7, 6, 15, 24, 33, 32, 41, 50, 59, 58, 67, 66, 65, 56, 47, 48, 39, 30, 21, 20, 19, 10, 1, 0]
[00:00:00:12:608] ! Unidirectional t-s. expansions: 2,824, time: 12,608 [ms], path length: 34 [edges], generated: 4,686
[00:00:01:10:917] Path of length 34 found: [0, 9, 10, 19, 28, 29, 38, 47, 56, 65, 66, 67, 58, 59, 50, 41, 32, 31, 22, 13, 14, 15, 6, 7, 8, 17, 26, 35, 44, 43, 52, 61, 62, 71, 80]
[00:00:01:11:473] ! Bidirectional. expansions: 10,575, time: 70,917 [ms], path length: 34 [edges], g_F: 20, g_B: 14, generated: 0, MM: 6, MMPER: 16.142857142857142%
[00:00:01:11:474] 
---------- SM_Grids/9x9_grid_with_random_blocks_20per_6 ----------
[00:00:00:01:692] Path of length 18 found: [0, 9, 10, 11, 20, 21, 30, 39, 40, 41, 50, 59, 58, 67, 76, 77, 78, 79, 80]
[00:00:00:01:693] ! Unidirectional s-t. expansions: 306, time: 1,693 [ms], path length: 18 [edges], generated: 525
[00:00:00:03:203] Path of length 18 found: [80, 79, 78, 77, 76, 67, 58, 59, 50, 41, 40, 39, 30, 29, 28, 27, 18, 9, 0]
[00:00:00:03:203] ! Unidirectional t-s. expansions: 722, time: 3,203 [ms], path length: 18 [edges], generated: 1,059
[00:00:00:35:387] Path of length 18 found: [0, 9, 18, 27, 28, 29, 38, 39, 40, 41, 50, 59, 58, 67, 76, 77, 78, 79, 80]
[00:00:00:35:943] ! Bidirectional. expansions: 14,569, time: 35,387 [ms], path length: 18 [edges], g_F: 10, g_B: 8, generated: 0, MM: 2, MMPER: 9.526315789473685%
[00:00:00:35:944] 
---------- SM_Grids/9x9_grid_with_random_blocks_20per_7 ----------
[00:00:00:28:015] Path of length 28 found: [0, 9, 18, 27, 28, 29, 20, 21, 22, 31, 40, 39, 48, 47, 46, 45, 54, 63, 64, 65, 66, 67, 68, 59, 60, 61, 70, 79, 80]
[00:00:00:28:015] ! Unidirectional s-t. expansions: 6,540, time: 28,015 [ms], path length: 28 [edges], generated: 10,323
[00:00:00:04:370] Path of length 28 found: [80, 71, 62, 61, 60, 59, 68, 67, 66, 65, 64, 63, 54, 45, 46, 47, 48, 39, 40, 31, 22, 21, 20, 29, 28, 27, 18, 9, 0]
[00:00:00:04:371] ! Unidirectional t-s. expansions: 831, time: 4,370 [ms], path length: 28 [edges], generated: 1,493
[00:00:00:50:954] Path of length 28 found: [0, 9, 18, 27, 28, 29, 20, 21, 22, 31, 40, 39, 48, 47, 46, 45, 54, 63, 64, 65, 66, 67, 58, 59, 60, 61, 62, 71, 80]
[00:00:00:51:572] ! Bidirectional. expansions: 6,266, time: 50,955 [ms], path length: 28 [edges], g_F: 26, g_B: 2, generated: 0, MM: 24, MMPER: 81.75862068965517%
[00:00:00:51:572] 
---------- SM_Grids/9x9_grid_with_random_blocks_20per_8 ----------
[00:00:00:12:620] Path of length 38 found: [0, 9, 18, 27, 28, 29, 20, 21, 12, 3, 4, 5, 14, 15, 16, 17, 26, 35, 34, 43, 52, 61, 60, 59, 50, 49, 48, 47, 46, 55, 64, 65, 66, 75, 76, 77, 78, 79, 80]
[00:00:00:12:621] ! Unidirectional s-t. expansions: 2,769, time: 12,620 [ms], path length: 38 [edges], generated: 4,696
[00:00:00:08:715] Path of length 38 found: [80, 79, 78, 77, 76, 75, 66, 65, 64, 55, 46, 47, 48, 49, 58, 59, 60, 51, 52, 53, 44, 35, 26, 17, 16, 15, 14, 5, 4, 3, 12, 21, 30, 29, 28, 19, 10, 9, 0]
[00:00:00:08:716] ! Unidirectional t-s. expansions: 2,102, time: 8,715 [ms], path length: 38 [edges], generated: 3,393
[00:00:00:33:353] Path of length 38 found: [0, 9, 18, 27, 28, 29, 20, 21, 12, 3, 4, 5, 14, 15, 16, 25, 26, 35, 44, 43, 52, 51, 60, 59, 58, 49, 48, 47, 46, 55, 64, 65, 66, 75, 76, 77, 78, 79, 80]
[00:00:00:33:900] ! Bidirectional. expansions: 4,717, time: 33,353 [ms], path length: 38 [edges], g_F: 30, g_B: 8, generated: 0, MM: 22, MMPER: 55.41025641025641%
[00:00:00:33:901] 
---------- SM_Grids/9x9_grid_with_random_blocks_20per_9 ----------
[00:00:00:06:125] Path of length 34 found: [0, 9, 18, 27, 36, 37, 46, 55, 54, 63, 72, 73, 74, 75, 76, 67, 58, 49, 48, 39, 30, 21, 22, 23, 24, 25, 34, 43, 42, 51, 60, 69, 70, 71, 80]
[00:00:00:06:126] ! Unidirectional s-t. expansions: 1,295, time: 6,126 [ms], path length: 34 [edges], generated: 2,234
[00:00:00:04:504] Path of length 34 found: [80, 71, 70, 69, 60, 51, 52, 43, 34, 25, 24, 23, 22, 21, 30, 39, 40, 49, 58, 67, 76, 75, 74, 73, 72, 63, 54, 55, 46, 37, 36, 27, 18, 9, 0]
[00:00:00:04:505] ! Unidirectional t-s. expansions: 1,214, time: 4,504 [ms], path length: 34 [edges], generated: 1,809
[00:00:00:23:154] Path of length 34 found: [0, 9, 18, 27, 36, 37, 46, 55, 54, 63, 72, 73, 74, 75, 76, 67, 58, 49, 48, 39, 30, 21, 22, 23, 24, 25, 34, 43, 52, 51, 60, 69, 70, 71, 80]
[00:00:00:23:731] ! Bidirectional. expansions: 3,749, time: 23,154 [ms], path length: 34 [edges], g_F: 26, g_B: 8, generated: 0, MM: 18, MMPER: 50.42857142857143%

[00:00:00:23:731] average expansions: (2,097, 1,536, 6,214, 0)
[00:00:00:23:731] average time: (9,503, 7,154, 37,136, 0)
[00:00:00:23:731] XA*: 1,536 , 7,154 (expansions , time[ms])
[00:00:00:23:731] BiXA*: 6,214 , 37,136 (expansions , time[ms])

