------------------------------------
Thu 01 Oct 2026 14:59:36 IDT
SLURM_JOBID:		21950319
SLURM_JOB_NODELIST:	ise-cpu256-03
SLURM_SCRATCH_DIR:	/scratch/shubit/21950319
Allocated Resouces:	cpu - 2 / mem - 61440 MB / gpu - 
SLURM_GPU_INDEX:	
Running as shubit from shimony account with normal QOS
------------------------------------
Thu 01 Oct 2026 14:59:36 IDT

SLURM_JOBID:		 21950319
SLURM_JOB_NODELIST:	 ise-cpu256-03 

--------------------------
date: SM_Grids
number_of_graphs: 10
graph_type: grid
size_of_graphs: [9, 9]
heuristic: bcc_heuristic
snake: True
run_uni: True
run_bi: True
run_multi: False
solution_vertices: []
algorithms: ['DFBnB']
lookahead: -2
bsd: False
cube_first_dims: 4
cube_buffer_dim: None
backward_sym_generation: False
sym_coil: False
prefix_set: None

---------- SM_Grids/9x9_grid_with_random_blocks_20per_0 ----------
[00:00:00:12:809] Path of length 34 found: [0, 9, 18, 27, 28, 37, 46, 45, 54, 63, 64, 65, 56, 57, 48, 49, 40, 31, 30, 21, 12, 13, 14, 15, 16, 25, 34, 33, 42, 51, 60, 69, 70, 71, 80]
[00:00:00:12:810] ! Unidirectional s-t. expansions: 2,846, time: 12,810 [ms], path length: 34 [edges], generated: 5,205
[00:00:00:23:227] Path of length 34 found: [80, 71, 62, 53, 52, 51, 42, 33, 34, 25, 16, 15, 14, 13, 12, 21, 30, 31, 40, 49, 58, 57, 56, 65, 64, 63, 54, 45, 46, 37, 28, 19, 10, 9, 0]
[00:00:00:23:227] ! Unidirectional t-s. expansions: 4,905, time: 23,227 [ms], path length: 34 [edges], generated: 8,881
[00:00:00:23:281] Path of length 34 found: [0, 9, 18, 27, 28, 37, 46, 45, 54, 63, 64, 65, 56, 57, 48, 49, 40, 31, 30, 21, 12, 13, 14, 15, 16, 25, 34, 33, 42, 51, 52, 53, 62, 71, 80]
[00:00:00:23:957] ! Bidirectional. expansions: 4,938, time: 23,281 [ms], path length: 34 [edges], g_F: 29, g_B: 5, generated: 0, MM: 24, MMPER: 67.57142857142857%
[00:00:00:23:957] 
---------- SM_Grids/9x9_grid_with_random_blocks_20per_1 ----------
[00:00:00:06:059] Path of length 30 found: [0, 9, 18, 27, 28, 37, 38, 39, 40, 31, 22, 21, 12, 3, 4, 5, 14, 15, 16, 25, 26, 35, 44, 43, 42, 51, 60, 61, 62, 71, 80]
[00:00:00:06:060] ! Unidirectional s-t. expansions: 1,527, time: 6,059 [ms], path length: 30 [edges], generated: 2,212
[00:00:00:07:726] Path of length 30 found: [80, 71, 62, 61, 60, 51, 42, 43, 44, 35, 26, 25, 16, 7, 6, 5, 4, 3, 12, 21, 22, 31, 40, 39, 38, 29, 28, 27, 18, 9, 0]
[00:00:00:07:726] ! Unidirectional t-s. expansions: 1,569, time: 7,726 [ms], path length: 30 [edges], generated: 2,716
[00:00:00:05:635] Path of length 30 found: [0, 9, 18, 27, 28, 37, 38, 39, 40, 31, 22, 21, 12, 3, 4, 5, 6, 7, 16, 25, 26, 35, 44, 43, 42, 51, 60, 61, 62, 71, 80]
[00:00:00:06:264] ! Bidirectional. expansions: 1,518, time: 5,635 [ms], path length: 30 [edges], g_F: 8, g_B: 22, generated: 0, MM: 14, MMPER: 44.16129032258065%
[00:00:00:06:265] 
---------- SM_Grids/9x9_grid_with_random_blocks_20per_2 ----------
[00:00:00:04:442] Path of length 34 found: [0, 9, 10, 19, 20, 21, 30, 31, 32, 23, 14, 5, 6, 7, 16, 25, 26, 35, 44, 43, 42, 51, 60, 59, 58, 57, 56, 65, 74, 75, 76, 77, 78, 79, 80]
[00:00:00:04:443] ! Unidirectional s-t. expansions: 803, time: 4,442 [ms], path length: 34 [edges], generated: 1,502
[00:00:00:04:246] Path of length 34 found: [80, 79, 78, 77, 76, 75, 74, 65, 56, 57, 58, 59, 60, 51, 42, 43, 44, 35, 26, 25, 16, 7, 6, 5, 14, 23, 32, 31, 30, 21, 20, 19, 10, 9, 0]
[00:00:00:04:247] ! Unidirectional t-s. expansions: 693, time: 4,247 [ms], path length: 34 [edges], generated: 1,231
[00:00:00:02:176] Path of length 34 found: [0, 9, 10, 19, 20, 21, 30, 31, 32, 23, 14, 5, 6, 7, 16, 25, 26, 35, 44, 43, 42, 51, 60, 59, 58, 57, 56, 65, 74, 75, 76, 77, 78, 79, 80]
[00:00:00:02:771] ! Bidirectional. expansions: 365, time: 2,177 [ms], path length: 34 [edges], g_F: 20, g_B: 14, generated: 0, MM: 6, MMPER: 16.142857142857142%
[00:00:00:02:771] 
---------- SM_Grids/9x9_grid_with_random_blocks_20per_3 ----------
[00:00:00:08:605] Path of length 38 found: [0, 9, 10, 11, 2, 3, 4, 13, 14, 15, 16, 17, 26, 35, 34, 33, 32, 41, 40, 39, 30, 29, 28, 27, 36, 45, 54, 55, 56, 57, 66, 67, 68, 59, 60, 61, 70, 79, 80]
[00:00:00:08:605] ! Unidirectional s-t. expansions: 2,658, time: 8,605 [ms], path length: 38 [edges], generated: 3,695
[00:00:00:05:617] Path of length 38 found: [80, 79, 70, 61, 60, 59, 68, 67, 66, 57, 56, 55, 46, 45, 36, 27, 28, 29, 38, 39, 40, 41, 32, 33, 34, 35, 26, 17, 16, 15, 14, 5, 4, 3, 2, 11, 10, 9, 0]
[00:00:00:05:617] ! Unidirectional t-s. expansions: 1,366, time: 5,617 [ms], path length: 38 [edges], generated: 2,150
[00:00:00:06:682] Path of length 38 found: [0, 9, 10, 11, 2, 3, 4, 13, 14, 15, 16, 17, 26, 35, 34, 33, 32, 41, 40, 39, 30, 29, 28, 27, 36, 45, 54, 55, 56, 57, 66, 67, 68, 59, 60, 61, 70, 79, 80]
[00:00:00:07:283] ! Bidirectional. expansions: 1,499, time: 6,682 [ms], path length: 38 [edges], g_F: 35, g_B: 3, generated: 0, MM: 32, MMPER: 81.05128205128206%
[00:00:00:07:283] 
---------- SM_Grids/9x9_grid_with_random_blocks_20per_4 ----------
[00:00:00:03:176] Path of length 36 found: [0, 9, 10, 19, 28, 37, 36, 45, 54, 63, 64, 65, 56, 47, 48, 49, 40, 31, 30, 21, 12, 3, 4, 5, 14, 15, 16, 25, 34, 43, 42, 51, 60, 69, 70, 79, 80]
[00:00:00:03:177] ! Unidirectional s-t. expansions: 695, time: 3,177 [ms], path length: 36 [edges], generated: 1,070
[00:00:00:03:597] Path of length 36 found: [80, 71, 62, 61, 60, 51, 42, 43, 34, 25, 16, 15, 6, 5, 4, 3, 12, 21, 30, 31, 40, 49, 48, 47, 56, 65, 64, 63, 54, 45, 36, 37, 28, 19, 10, 1, 0]
[00:00:00:03:598] ! Unidirectional t-s. expansions: 801, time: 3,597 [ms], path length: 36 [edges], generated: 1,257
[00:00:00:06:974] Path of length 36 found: [0, 9, 10, 19, 28, 37, 36, 45, 54, 63, 64, 65, 56, 47, 48, 49, 40, 31, 30, 21, 12, 3, 4, 5, 14, 15, 16, 25, 34, 43, 42, 51, 60, 61, 70, 71, 80]
[00:00:00:07:619] ! Bidirectional. expansions: 1,553, time: 6,974 [ms], path length: 36 [edges], g_F: 33, g_B: 3, generated: 0, MM: 30, MMPER: 80.08108108108108%
[00:00:00:07:619] 
---------- SM_Grids/9x9_grid_with_random_blocks_20per_5 ----------
[00:00:00:15:476] Path of length 34 found: [0, 1, 10, 19, 28, 29, 38, 47, 56, 65, 66, 67, 58, 59, 50, 41, 32, 31, 22, 13, 14, 15, 6, 7, 8, 17, 26, 25, 34, 43, 52, 61, 70, 79, 80]
[00:00:00:15:477] ! Unidirectional s-t. expansions: 3,240, time: 15,476 [ms], path length: 34 [edges], generated: 5,308
[00:00:00:13:254] Path of length 34 found: [80, 71, 62, 61, 52, 43, 44, 35, 26, 17, 8, 7, 6, 15, 24, 33, 32, 41, 50, 59, 58, 67, 66, 65, 56, 47, 48, 39, 30, 21, 20, 19, 10, 1, 0]
[00:00:00:13:254] ! Unidirectional t-s. expansions: 2,854, time: 13,254 [ms], path length: 34 [edges], generated: 4,728
[00:00:00:19:024] Path of length 34 found: [0, 1, 10, 19, 28, 29, 38, 39, 48, 57, 66, 67, 68, 59, 50, 41, 32, 31, 22, 13, 14, 15, 6, 7, 8, 17, 26, 25, 34, 43, 52, 61, 62, 71, 80]
[00:00:00:19:621] ! Bidirectional. expansions: 3,743, time: 19,024 [ms], path length: 34 [edges], g_F: 29, g_B: 5, generated: 0, MM: 24, MMPER: 67.57142857142857%
[00:00:00:19:621] 
---------- SM_Grids/9x9_grid_with_random_blocks_20per_6 ----------
[00:00:00:01:935] Path of length 18 found: [0, 9, 18, 27, 28, 29, 38, 39, 40, 41, 50, 59, 58, 67, 76, 77, 78, 79, 80]
[00:00:00:01:935] ! Unidirectional s-t. expansions: 355, time: 1,935 [ms], path length: 18 [edges], generated: 587
[00:00:00:03:309] Path of length 18 found: [80, 79, 78, 77, 76, 67, 58, 59, 50, 41, 40, 39, 30, 29, 28, 27, 18, 9, 0]
[00:00:00:03:309] ! Unidirectional t-s. expansions: 805, time: 3,309 [ms], path length: 18 [edges], generated: 1,171
[00:00:00:23:345] Path of length 18 found: [0, 9, 18, 27, 28, 29, 38, 39, 40, 41, 50, 59, 58, 67, 76, 77, 78, 79, 80]
[00:00:00:23:983] ! Bidirectional. expansions: 8,745, time: 23,346 [ms], path length: 18 [edges], g_F: 12, g_B: 6, generated: 0, MM: 6, MMPER: 30.57894736842105%
[00:00:00:23:983] 
---------- SM_Grids/9x9_grid_with_random_blocks_20per_7 ----------
[00:00:00:29:003] Path of length 28 found: [0, 9, 10, 11, 20, 21, 30, 31, 40, 49, 48, 47, 38, 37, 36, 45, 54, 63, 64, 65, 66, 67, 68, 59, 60, 61, 70, 79, 80]
[00:00:00:29:004] ! Unidirectional s-t. expansions: 6,540, time: 29,003 [ms], path length: 28 [edges], generated: 10,323
[00:00:00:04:670] Path of length 28 found: [80, 71, 62, 61, 60, 59, 68, 67, 66, 65, 64, 63, 54, 45, 36, 37, 38, 47, 48, 49, 40, 31, 22, 21, 20, 11, 10, 1, 0]
[00:00:00:04:671] ! Unidirectional t-s. expansions: 838, time: 4,671 [ms], path length: 28 [edges], generated: 1,503
[00:00:00:17:653] Path of length 28 found: [0, 9, 10, 11, 20, 21, 30, 31, 40, 49, 48, 47, 38, 37, 36, 45, 54, 63, 64, 65, 66, 67, 68, 59, 60, 61, 62, 71, 80]
[00:00:00:18:243] ! Bidirectional. expansions: 3,368, time: 17,653 [ms], path length: 28 [edges], g_F: 23, g_B: 5, generated: 0, MM: 18, MMPER: 61.06896551724138%
[00:00:00:18:243] 
---------- SM_Grids/9x9_grid_with_random_blocks_20per_8 ----------
[00:00:00:13:622] Path of length 38 found: [0, 9, 18, 27, 28, 29, 20, 21, 12, 3, 4, 5, 14, 15, 16, 17, 26, 35, 34, 43, 52, 61, 60, 59, 50, 49, 48, 47, 46, 55, 64, 65, 66, 75, 76, 77, 78, 79, 80]
[00:00:00:13:622] ! Unidirectional s-t. expansions: 2,782, time: 13,622 [ms], path length: 38 [edges], generated: 4,716
[00:00:00:09:952] Path of length 38 found: [80, 79, 78, 77, 76, 75, 66, 65, 64, 55, 46, 47, 48, 49, 58, 59, 60, 51, 52, 53, 44, 35, 26, 17, 16, 15, 14, 5, 4, 3, 12, 21, 20, 29, 28, 27, 18, 9, 0]
[00:00:00:09:952] ! Unidirectional t-s. expansions: 2,356, time: 9,952 [ms], path length: 38 [edges], generated: 3,796
[00:00:00:15:025] Path of length 38 found: [0, 9, 18, 27, 28, 29, 30, 21, 12, 3, 4, 5, 14, 15, 16, 17, 26, 35, 34, 43, 52, 51, 60, 59, 58, 49, 48, 47, 46, 55, 64, 65, 66, 75, 76, 77, 78, 79, 80]
[00:00:00:15:627] ! Bidirectional. expansions: 3,582, time: 15,025 [ms], path length: 38 [edges], g_F: 30, g_B: 8, generated: 0, MM: 22, MMPER: 55.41025641025641%
[00:00:00:15:627] 
---------- SM_Grids/9x9_grid_with_random_blocks_20per_9 ----------
[00:00:00:06:680] Path of length 34 found: [0, 9, 18, 27, 36, 37, 46, 55, 54, 63, 72, 73, 74, 75, 76, 67, 58, 49, 48, 39, 30, 21, 22, 23, 24, 25, 34, 43, 42, 51, 60, 69, 70, 71, 80]
[00:00:00:06:680] ! Unidirectional s-t. expansions: 1,314, time: 6,680 [ms], path length: 34 [edges], generated: 2,266
[00:00:00:04:749] Path of length 34 found: [80, 71, 70, 69, 60, 51, 52, 43, 34, 25, 24, 23, 22, 21, 30, 39, 40, 49, 58, 67, 76, 75, 74, 73, 72, 63, 54, 55, 46, 37, 36, 27, 18, 9, 0]
[00:00:00:04:750] ! Unidirectional t-s. expansions: 1,377, time: 4,750 [ms], path length: 34 [edges], generated: 2,008
[00:00:00:12:226] Path of length 34 found: [0, 9, 18, 27, 36, 37, 46, 55, 54, 63, 72, 73, 74, 75, 76, 67, 58, 57, 48, 39, 30, 21, 22, 23, 24, 25, 34, 43, 52, 51, 60, 69, 70, 71, 80]
[00:00:00:12:824] ! Bidirectional. expansions: 3,165, time: 12,227 [ms], path length: 34 [edges], g_F: 25, g_B: 9, generated: 0, MM: 16, MMPER: 44.714285714285715%

[00:00:00:12:824] average expansions: (2,276, 1,756, 3,248, 0)
[00:00:00:12:824] average time: (10,181, 8,035, 13,202, 0)
[00:00:00:12:825] XDFBnB: 1,756 , 8,035 (expansions , time[ms])
[00:00:00:12:825] BiXDFBnB: 3,248 , 13,202 (expansions , time[ms])

