------------------------------------
Thu 01 Oct 2026 11:15:17 IDT
SLURM_JOBID:		21943076
SLURM_JOB_NODELIST:	ise-cpu256-06
SLURM_SCRATCH_DIR:	/scratch/shubit/21943076
Allocated Resouces:	cpu - 2 / mem - 61440 MB / gpu - 
SLURM_GPU_INDEX:	
Running as shubit from shimony account with normal QOS
------------------------------------
Thu 01 Oct 2026 11:15:17 IDT

SLURM_JOBID:		 21943076
SLURM_JOB_NODELIST:	 ise-cpu256-06 

--------------------------
date: SM_Grids
number_of_graphs: 10
graph_type: grid
size_of_graphs: [9, 9]
heuristic: bcc_heuristic
snake: True
run_uni: True
run_bi: True
run_multi: False
solution_vertices: []
algorithms: ['A']
lookahead: 4
bsd: False
cube_first_dims: 4
cube_buffer_dim: None
backward_sym_generation: False
sym_coil: False
prefix_set: None

---------- SM_Grids/9x9_grid_with_random_blocks_12per_0 ----------
[00:00:00:51:924] Path of length 46 found: [0, 1, 2, 3, 4, 5, 6, 7, 16, 17, 26, 35, 44, 53, 52, 51, 42, 33, 24, 23, 22, 21, 20, 19, 18, 27, 36, 45, 54, 63, 72, 73, 74, 65, 56, 47, 48, 49, 58, 67, 76, 77, 78, 69, 70, 71, 80]
[00:00:00:51:925] ! Unidirectional s-t. expansions: 1,357, time: 51,925 [ms], path length: 46 [edges], generated: 32,212
[00:00:00:33:360] Path of length 46 found: [80, 71, 70, 69, 78, 77, 76, 67, 58, 49, 48, 47, 56, 65, 74, 73, 72, 63, 54, 45, 36, 27, 28, 29, 20, 21, 22, 23, 24, 33, 42, 51, 52, 53, 44, 35, 26, 17, 8, 7, 6, 5, 4, 3, 2, 1, 0]
[00:00:00:33:360] ! Unidirectional t-s. expansions: 1,373, time: 33,360 [ms], path length: 46 [edges], generated: 21,832
[00:00:00:11:384] Path of length 46 found: [0, 1, 2, 3, 4, 5, 6, 7, 16, 17, 26, 35, 44, 53, 52, 51, 42, 33, 24, 23, 22, 21, 20, 19, 18, 27, 36, 45, 54, 63, 72, 73, 74, 65, 56, 47, 48, 49, 58, 67, 76, 77, 78, 69, 70, 71, 80]
[00:00:00:12:014] ! Bidirectional. expansions: 562, time: 11,384 [ms], path length: 46 [edges], g_F: 23, g_B: 23, generated: 0, MM: 0, MMPER: -1.0%
[00:00:00:12:014] 
---------- SM_Grids/9x9_grid_with_random_blocks_12per_1 ----------
[00:00:01:10:068] Path of length 46 found: [0, 9, 10, 11, 2, 3, 4, 5, 6, 15, 16, 25, 26, 35, 44, 53, 62, 61, 60, 51, 42, 33, 32, 23, 22, 21, 30, 29, 38, 37, 46, 45, 54, 63, 72, 73, 74, 65, 56, 57, 58, 67, 76, 77, 78, 79, 80]
[00:00:01:10:068] ! Unidirectional s-t. expansions: 2,449, time: 70,068 [ms], path length: 46 [edges], generated: 48,321
[00:00:00:45:553] Path of length 46 found: [80, 71, 62, 53, 44, 35, 26, 17, 8, 7, 6, 5, 4, 13, 22, 23, 32, 33, 42, 51, 60, 69, 68, 77, 76, 75, 74, 73, 72, 63, 54, 45, 46, 47, 56, 57, 58, 49, 40, 39, 30, 29, 20, 11, 2, 1, 0]
[00:00:00:45:554] ! Unidirectional t-s. expansions: 1,618, time: 45,553 [ms], path length: 46 [edges], generated: 31,408
[00:00:00:57:819] Path of length 46 found: [0, 9, 10, 11, 2, 3, 4, 5, 6, 15, 16, 25, 26, 35, 44, 43, 42, 33, 32, 23, 22, 21, 30, 29, 38, 37, 46, 45, 54, 63, 72, 73, 74, 65, 56, 57, 58, 67, 76, 77, 78, 69, 60, 61, 62, 71, 80]
[00:00:00:58:410] ! Bidirectional. expansions: 3,940, time: 57,820 [ms], path length: 46 [edges], g_F: 23, g_B: 23, generated: 0, MM: 0, MMPER: -1.0%
[00:00:00:58:410] 
---------- SM_Grids/9x9_grid_with_random_blocks_12per_2 ----------
[00:00:01:22:407] Path of length 44 found: [0, 9, 18, 27, 28, 29, 20, 11, 12, 13, 22, 31, 40, 39, 48, 47, 46, 55, 64, 73, 74, 75, 66, 67, 58, 59, 50, 51, 42, 33, 24, 15, 6, 7, 8, 17, 26, 35, 44, 53, 62, 61, 70, 79, 80]
[00:00:01:22:408] ! Unidirectional s-t. expansions: 2,668, time: 82,407 [ms], path length: 44 [edges], generated: 55,282
[00:00:01:08:047] Path of length 44 found: [80, 79, 78, 69, 60, 61, 62, 53, 44, 43, 42, 33, 24, 25, 26, 17, 8, 7, 6, 5, 14, 13, 22, 31, 40, 39, 48, 57, 58, 67, 76, 75, 74, 65, 64, 55, 46, 37, 28, 29, 20, 11, 2, 1, 0]
[00:00:01:08:048] ! Unidirectional t-s. expansions: 2,748, time: 68,047 [ms], path length: 44 [edges], generated: 48,626
[00:00:00:58:919] Path of length 44 found: [0, 9, 18, 27, 28, 29, 20, 11, 12, 13, 22, 31, 40, 39, 48, 47, 46, 55, 64, 73, 74, 75, 66, 67, 58, 59, 50, 51, 42, 33, 24, 15, 6, 7, 8, 17, 26, 35, 44, 53, 62, 61, 70, 79, 80]
[00:00:00:59:501] ! Bidirectional. expansions: 1,802, time: 58,920 [ms], path length: 44 [edges], g_F: 22, g_B: 22, generated: 0, MM: 0, MMPER: -1.0%
[00:00:00:59:501] 
---------- SM_Grids/9x9_grid_with_random_blocks_12per_3 ----------
[00:00:00:43:083] Path of length 46 found: [0, 1, 2, 3, 12, 21, 20, 19, 28, 37, 46, 45, 54, 63, 72, 73, 74, 75, 76, 67, 58, 57, 48, 39, 40, 31, 32, 23, 14, 5, 6, 7, 8, 17, 26, 25, 34, 43, 44, 53, 62, 61, 60, 69, 78, 79, 80]
[00:00:00:43:084] ! Unidirectional s-t. expansions: 1,586, time: 43,083 [ms], path length: 46 [edges], generated: 29,341
[00:00:01:23:149] Path of length 46 found: [80, 71, 62, 53, 44, 43, 42, 51, 60, 69, 68, 77, 76, 75, 74, 73, 72, 63, 54, 45, 46, 47, 56, 57, 58, 49, 40, 31, 32, 23, 24, 25, 26, 17, 8, 7, 6, 5, 4, 3, 12, 21, 20, 19, 10, 1, 0]
[00:00:01:23:150] ! Unidirectional t-s. expansions: 2,903, time: 83,149 [ms], path length: 46 [edges], generated: 52,647
[00:00:00:48:692] Path of length 46 found: [0, 1, 2, 3, 12, 21, 20, 19, 28, 37, 46, 45, 54, 63, 72, 73, 74, 75, 76, 67, 58, 57, 48, 39, 40, 41, 42, 33, 24, 23, 14, 5, 6, 7, 8, 17, 26, 35, 44, 53, 62, 61, 60, 69, 78, 79, 80]
[00:00:00:49:273] ! Bidirectional. expansions: 2,827, time: 48,692 [ms], path length: 46 [edges], g_F: 23, g_B: 23, generated: 0, MM: 0, MMPER: -1.0%
[00:00:00:49:273] 
---------- SM_Grids/9x9_grid_with_random_blocks_12per_4 ----------
[00:00:00:26:987] Path of length 46 found: [0, 9, 18, 27, 28, 37, 46, 45, 54, 63, 72, 73, 74, 65, 56, 57, 48, 39, 40, 41, 32, 23, 22, 21, 20, 11, 2, 3, 4, 5, 6, 15, 16, 25, 26, 35, 44, 43, 52, 51, 60, 59, 68, 77, 78, 79, 80]
[00:00:00:26:987] ! Unidirectional s-t. expansions: 754, time: 26,987 [ms], path length: 46 [edges], generated: 16,358
[00:00:00:16:333] Path of length 46 found: [80, 79, 78, 77, 68, 59, 60, 61, 62, 53, 44, 35, 26, 17, 16, 15, 6, 5, 4, 3, 2, 11, 20, 21, 22, 23, 32, 41, 40, 39, 48, 57, 56, 65, 74, 73, 72, 63, 54, 45, 46, 37, 28, 27, 18, 9, 0]
[00:00:00:16:333] ! Unidirectional t-s. expansions: 530, time: 16,333 [ms], path length: 46 [edges], generated: 10,145
[00:00:00:18:855] Path of length 46 found: [0, 9, 18, 27, 28, 37, 46, 45, 54, 63, 72, 73, 74, 65, 56, 57, 48, 39, 40, 41, 32, 23, 22, 21, 20, 11, 2, 3, 4, 5, 6, 15, 16, 17, 26, 35, 44, 53, 52, 61, 60, 59, 68, 77, 78, 79, 80]
[00:00:00:19:424] ! Bidirectional. expansions: 756, time: 18,855 [ms], path length: 46 [edges], g_F: 23, g_B: 23, generated: 0, MM: 0, MMPER: -1.0%
[00:00:00:19:425] 
---------- SM_Grids/9x9_grid_with_random_blocks_12per_5 ----------
[00:00:00:15:576] Path of length 40 found: [0, 9, 18, 27, 36, 45, 46, 47, 56, 65, 66, 67, 76, 77, 78, 69, 60, 59, 50, 49, 40, 39, 30, 29, 20, 11, 2, 3, 4, 13, 22, 23, 32, 33, 42, 43, 52, 53, 62, 71, 80]
[00:00:00:15:576] ! Unidirectional s-t. expansions: 380, time: 15,576 [ms], path length: 40 [edges], generated: 8,673
[00:00:00:14:252] Path of length 40 found: [80, 79, 78, 77, 76, 67, 66, 57, 56, 47, 46, 37, 36, 27, 18, 19, 20, 29, 30, 39, 40, 49, 50, 59, 60, 61, 62, 53, 44, 43, 42, 33, 24, 23, 14, 13, 4, 3, 2, 1, 0]
[00:00:00:14:253] ! Unidirectional t-s. expansions: 360, time: 14,252 [ms], path length: 40 [edges], generated: 8,213
[00:00:00:15:597] Path of length 40 found: [0, 1, 2, 3, 4, 13, 14, 23, 24, 33, 42, 43, 44, 53, 62, 61, 60, 59, 50, 49, 40, 39, 30, 29, 20, 19, 18, 27, 36, 45, 46, 47, 56, 57, 66, 67, 76, 77, 78, 79, 80]
[00:00:00:16:178] ! Bidirectional. expansions: 405, time: 15,597 [ms], path length: 40 [edges], g_F: 20, g_B: 20, generated: 0, MM: 0, MMPER: -1.0%
[00:00:00:16:179] 
---------- SM_Grids/9x9_grid_with_random_blocks_12per_6 ----------
[00:00:00:50:237] Path of length 48 found: [0, 1, 10, 19, 18, 27, 36, 37, 38, 39, 48, 57, 56, 55, 54, 63, 72, 73, 74, 75, 76, 67, 68, 59, 50, 51, 42, 33, 32, 23, 22, 21, 12, 3, 4, 5, 6, 15, 16, 25, 26, 35, 44, 53, 62, 61, 70, 79, 80]
[00:00:00:50:238] ! Unidirectional s-t. expansions: 1,493, time: 50,237 [ms], path length: 48 [edges], generated: 31,547
[00:00:00:28:656] Path of length 48 found: [80, 71, 62, 53, 44, 35, 26, 17, 16, 7, 6, 5, 4, 3, 12, 21, 22, 23, 24, 33, 42, 41, 50, 59, 60, 69, 78, 77, 76, 75, 74, 73, 72, 63, 54, 55, 56, 57, 48, 39, 38, 37, 36, 27, 18, 19, 10, 1, 0]
[00:00:00:28:657] ! Unidirectional t-s. expansions: 1,124, time: 28,656 [ms], path length: 48 [edges], generated: 17,629
[00:00:00:27:999] Path of length 48 found: [0, 1, 10, 19, 18, 27, 36, 37, 38, 39, 48, 57, 56, 55, 54, 63, 72, 73, 74, 75, 76, 67, 68, 59, 50, 51, 42, 33, 32, 23, 22, 21, 12, 3, 4, 5, 6, 7, 8, 17, 26, 35, 44, 53, 62, 61, 70, 79, 80]
[00:00:00:28:617] ! Bidirectional. expansions: 1,074, time: 27,999 [ms], path length: 48 [edges], g_F: 24, g_B: 24, generated: 0, MM: 0, MMPER: -1.0%
[00:00:00:28:617] 
---------- SM_Grids/9x9_grid_with_random_blocks_12per_7 ----------
[00:00:01:33:575] Path of length 44 found: [0, 9, 18, 27, 28, 37, 46, 45, 54, 63, 64, 73, 74, 75, 76, 77, 68, 59, 58, 57, 48, 39, 40, 31, 22, 21, 20, 11, 2, 3, 4, 5, 6, 15, 16, 25, 34, 33, 42, 51, 52, 61, 70, 79, 80]
[00:00:01:33:575] ! Unidirectional s-t. expansions: 2,988, time: 93,575 [ms], path length: 44 [edges], generated: 60,876
[00:00:02:06:881] Path of length 44 found: [80, 71, 62, 53, 52, 51, 42, 41, 40, 31, 22, 23, 24, 25, 16, 7, 6, 5, 4, 3, 2, 11, 20, 29, 38, 47, 56, 57, 58, 59, 68, 77, 76, 75, 74, 73, 64, 63, 54, 45, 36, 27, 18, 9, 0]
[00:00:02:06:882] ! Unidirectional t-s. expansions: 4,355, time: 126,881 [ms], path length: 44 [edges], generated: 84,518
[00:00:01:14:713] Path of length 44 found: [0, 9, 18, 27, 36, 45, 54, 63, 64, 73, 74, 75, 76, 77, 68, 59, 58, 57, 56, 47, 38, 39, 40, 31, 22, 21, 20, 11, 2, 3, 4, 5, 6, 7, 16, 25, 34, 33, 42, 51, 52, 53, 62, 71, 80]
[00:00:01:15:277] ! Bidirectional. expansions: 2,812, time: 74,714 [ms], path length: 44 [edges], g_F: 22, g_B: 22, generated: 0, MM: 0, MMPER: -1.0%
[00:00:01:15:277] 
---------- SM_Grids/9x9_grid_with_random_blocks_12per_8 ----------
[00:00:00:14:600] Path of length 48 found: [0, 9, 18, 19, 20, 11, 2, 3, 4, 13, 22, 31, 32, 33, 24, 15, 6, 7, 8, 17, 26, 35, 44, 53, 62, 61, 60, 51, 50, 49, 48, 47, 38, 37, 36, 45, 54, 63, 72, 73, 74, 75, 66, 67, 68, 77, 78, 79, 80]
[00:00:00:14:601] ! Unidirectional s-t. expansions: 461, time: 14,600 [ms], path length: 48 [edges], generated: 8,135
[00:00:00:25:572] Path of length 48 found: [80, 79, 78, 77, 68, 67, 66, 75, 74, 73, 72, 63, 54, 45, 36, 37, 38, 47, 48, 49, 50, 51, 60, 61, 62, 53, 44, 35, 26, 17, 8, 7, 6, 15, 24, 33, 32, 31, 22, 13, 4, 3, 2, 11, 20, 19, 18, 9, 0]
[00:00:00:25:572] ! Unidirectional t-s. expansions: 945, time: 25,572 [ms], path length: 48 [edges], generated: 14,909
[00:00:00:21:089] Path of length 48 found: [0, 9, 18, 19, 20, 11, 2, 3, 4, 13, 14, 15, 6, 7, 8, 17, 26, 35, 44, 53, 62, 61, 60, 51, 42, 33, 32, 31, 40, 49, 48, 47, 38, 37, 36, 45, 54, 63, 72, 73, 74, 75, 66, 67, 68, 77, 78, 79, 80]
[00:00:00:21:713] ! Bidirectional. expansions: 853, time: 21,090 [ms], path length: 48 [edges], g_F: 24, g_B: 24, generated: 0, MM: 0, MMPER: -1.0%
[00:00:00:21:713] 
---------- SM_Grids/9x9_grid_with_random_blocks_12per_9 ----------
[00:00:01:37:118] Path of length 44 found: [0, 1, 2, 11, 20, 19, 18, 27, 36, 37, 38, 47, 56, 55, 54, 63, 72, 73, 74, 75, 76, 77, 78, 69, 60, 59, 50, 41, 40, 31, 22, 13, 14, 15, 16, 17, 26, 35, 34, 43, 52, 53, 62, 71, 80]
[00:00:01:37:119] ! Unidirectional s-t. expansions: 3,147, time: 97,119 [ms], path length: 44 [edges], generated: 64,624
[00:00:02:04:911] Path of length 44 found: [80, 71, 62, 53, 52, 43, 34, 35, 26, 17, 16, 15, 14, 23, 22, 31, 40, 41, 50, 59, 60, 69, 78, 77, 76, 75, 74, 73, 72, 63, 54, 55, 56, 47, 38, 37, 36, 27, 18, 19, 20, 11, 2, 1, 0]
[00:00:02:04:912] ! Unidirectional t-s. expansions: 6,028, time: 124,911 [ms], path length: 44 [edges], generated: 90,750
[00:00:01:49:915] Path of length 44 found: [0, 1, 2, 11, 20, 19, 18, 27, 36, 37, 38, 39, 40, 31, 22, 13, 14, 15, 16, 17, 26, 35, 34, 43, 52, 51, 50, 59, 58, 57, 56, 55, 54, 63, 72, 73, 74, 75, 76, 77, 78, 69, 70, 71, 80]
[00:00:01:50:513] ! Bidirectional. expansions: 6,235, time: 109,915 [ms], path length: 44 [edges], g_F: 22, g_B: 22, generated: 0, MM: 0, MMPER: -1.0%

[00:00:01:50:513] average expansions: (1,728, 2,198, 2,127, 0)
[00:00:01:50:514] average time: (54,558, 56,671, 44,499, 0)
[00:00:01:50:514] XA*: 1,728 , 54,558 (expansions , time[ms])
[00:00:01:50:514] BiXA*: 2,127 , 44,499 (expansions , time[ms])

